--------- beginning of main
09-01 14:32:21.239 V/bt_stack( 8588): [VERBOSE1:btm_ble_gap.cc(1923)] btm_ble_process_ext_adv_pkt: bda=d5:fe:ca:e3:d1:ce
09-01 14:32:21.239 V/bt_stack( 8588): [VERBOSE1:btm_ble_gap.cc(1847)] btm_ble_process_adv_addr: bda=d5:fe:ca:e3:d1:ce
09-01 14:32:21.239 V/bt_stack( 8588): [VERBOSE1:btm_ble_gap.cc(2052)]  Waiting for scan response d5:fe:ca:e3:d1:ce
09-01 14:32:21.239 V/bt_stack( 8588): [VERBOSE1:btm_ble_gap.cc(1923)] btm_ble_process_ext_adv_pkt: bda=07:e4:7f:b4:5f:d9
09-01 14:32:21.239 V/bt_stack( 8588): [VERBOSE1:btm_ble_gap.cc(1847)] btm_ble_process_adv_addr: bda=07:e4:7f:b4:5f:d9
09-01 14:32:21.241 D/BluetoothUtils( 8588): blockedByLocationOff callingUid=1002
09-01 14:32:21.242 I/BluetoothUtils( 8588): packagename is android.uid.bluetooth:1002 ,and its permission is false
09-01 14:32:21.242 D/BluetoothUtils( 8588): blockedByLocationOff callingUid=1002
09-01 14:32:21.243 I/BluetoothUtils( 8588): packagename is android.uid.bluetooth:1002 ,and its permission is false
09-01 14:32:21.243 D/BluetoothUtils( 8588): blockedByLocationOff callingUid=1002
09-01 14:32:21.243 I/BluetoothUtils( 8588): packagename is android.uid.bluetooth:1002 ,and its permission is false
09-01 14:32:21.246 V/bt_stack( 8588): [VERBOSE1:btm_ble_gap.cc(1923)] btm_ble_process_ext_adv_pkt: bda=6a:1a:31:28:a4:f8
09-01 14:32:21.246 V/bt_stack( 8588): [VERBOSE1:btm_ble_gap.cc(1847)] btm_ble_process_adv_addr: bda=6a:1a:31:28:a4:f8
09-01 14:32:21.246 D/BluetoothUtils( 8588): blockedByLocationOff callingUid=1002
09-01 14:32:21.247 I/BluetoothUtils( 8588): packagename is android.uid.bluetooth:1002 ,and its permission is false
09-01 14:32:21.247 D/BluetoothUtils( 8588): blockedByLocationOff callingUid=1002
09-01 14:32:21.247 I/BluetoothUtils( 8588): packagename is android.uid.bluetooth:1002 ,and its permission is false
09-01 14:32:21.247 D/BluetoothUtils( 8588): blockedByLocationOff callingUid=1002
09-01 14:32:21.247 I/BluetoothUtils( 8588): packagename is android.uid.bluetooth:1002 ,and its permission is false
09-01 14:32:21.249 V/bt_stack( 8588): [VERBOSE1:btm_ble_gap.cc(1923)] btm_ble_process_ext_adv_pkt: bda=56:e4:da:79:d5:88
09-01 14:32:21.249 V/bt_stack( 8588): [VERBOSE1:btm_ble_gap.cc(1847)] btm_ble_process_adv_addr: bda=56:e4:da:79:d5:88
09-01 14:32:21.249 V/bt_stack( 8588): [VERBOSE1:btm_ble_gap.cc(2052)]  Waiting for scan response 56:e4:da:79:d5:88
09-01 14:32:21.249 V/bt_stack( 8588): [VERBOSE1:btm_ble_gap.cc(1923)] btm_ble_process_ext_adv_pkt: bda=56:e4:da:79:d5:88
09-01 14:32:21.249 V/bt_stack( 8588): [VERBOSE1:btm_ble_gap.cc(1847)] btm_ble_process_adv_addr: bda=56:e4:da:79:d5:88
09-01 14:32:21.250 D/BluetoothUtils( 8588): blockedByLocationOff callingUid=1002
09-01 14:32:21.250 I/BluetoothUtils( 8588): packagename is android.uid.bluetooth:1002 ,and its permission is false
09-01 14:32:21.251 D/BluetoothUtils( 8588): blockedByLocationOff callingUid=1002
09-01 14:32:21.251 I/BluetoothUtils( 8588): packagename is android.uid.bluetooth:1002 ,and its permission is false
09-01 14:32:21.251 D/BluetoothUtils( 8588): blockedByLocationOff callingUid=1002
09-01 14:32:21.252 I/BluetoothUtils( 8588): packagename is android.uid.bluetooth:1002 ,and its permission is false
09-01 14:32:21.260 V/bt_stack( 8588): [VERBOSE1:btm_ble_gap.cc(1923)] btm_ble_process_ext_adv_pkt: bda=17:be:83:99:5a:17
09-01 14:32:21.260 V/bt_stack( 8588): [VERBOSE1:btm_ble_gap.cc(1847)] btm_ble_process_adv_addr: bda=17:be:83:99:5a:17
09-01 14:32:21.261 D/BluetoothUtils( 8588): blockedByLocationOff callingUid=1002
09-01 14:32:21.262 I/BluetoothUtils( 8588): packagename is android.uid.bluetooth:1002 ,and its permission is false
09-01 14:32:21.262 D/BluetoothUtils( 8588): blockedByLocationOff callingUid=1002
09-01 14:32:21.262 I/BluetoothUtils( 8588): packagename is android.uid.bluetooth:1002 ,and its permission is false
09-01 14:32:21.262 D/BluetoothUtils( 8588): blockedByLocationOff callingUid=1002
09-01 14:32:21.262 I/BluetoothUtils( 8588): packagename is android.uid.bluetooth:1002 ,and its permission is false
09-01 14:32:21.269 V/bt_stack( 8588): [VERBOSE1:btm_ble_gap.cc(1923)] btm_ble_process_ext_adv_pkt: bda=17:7e:29:ab:4e:d0
09-01 14:32:21.269 V/bt_stack( 8588): [VERBOSE1:btm_ble_gap.cc(1847)] btm_ble_process_adv_addr: bda=17:7e:29:ab:4e:d0
09-01 14:32:21.270 D/BluetoothUtils( 8588): blockedByLocationOff callingUid=1002
09-01 14:32:21.271 I/BluetoothUtils( 8588): packagename is android.uid.bluetooth:1002 ,and its permission is false
09-01 14:32:21.271 D/BluetoothUtils( 8588): blockedByLocationOff callingUid=1002
09-01 14:32:21.271 I/BluetoothUtils( 8588): packagename is android.uid.bluetooth:1002 ,and its permission is false
09-01 14:32:21.271 D/BluetoothUtils( 8588): blockedByLocationOff callingUid=1002
09-01 14:32:21.271 I/BluetoothUtils( 8588): packagename is android.uid.bluetooth:1002 ,and its permission is false
09-01 14:32:21.277 V/bt_stack( 8588): [VERBOSE1:btm_ble_gap.cc(1923)] btm_ble_process_ext_adv_pkt: bda=67:ec:83:7e:42:50
09-01 14:32:21.277 V/bt_stack( 8588): [VERBOSE1:btm_ble_gap.cc(1847)] btm_ble_process_adv_addr: bda=67:ec:83:7e:42:50
09-01 14:32:21.277 V/bt_stack( 8588): [VERBOSE1:btm_ble_gap.cc(2052)]  Waiting for scan response 67:ec:83:7e:42:50
09-01 14:32:21.277 V/bt_stack( 8588): [VERBOSE1:btm_ble_gap.cc(1923)] btm_ble_process_ext_adv_pkt: bda=0c:1a:06:0e:96:57
09-01 14:32:21.277 V/bt_stack( 8588): [VERBOSE1:btm_ble_gap.cc(1847)] btm_ble_process_adv_addr: bda=0c:1a:06:0e:96:57
09-01 14:32:21.278 D/BluetoothUtils( 8588): blockedByLocationOff callingUid=1002
09-01 14:32:21.278 V/bt_stack( 8588): [VERBOSE1:btm_ble_gap.cc(1923)] btm_ble_process_ext_adv_pkt: bda=66:3e:07:e0:2b:d4
09-01 14:32:21.278 V/bt_stack( 8588): [VERBOSE1:btm_ble_gap.cc(1847)] btm_ble_process_adv_addr: bda=66:3e:07:e0:2b:d4
09-01 14:32:21.278 V/bt_stack( 8588): [VERBOSE1:btm_ble_gap.cc(2052)]  Waiting for scan response 66:3e:07:e0:2b:d4
09-01 14:32:21.278 V/bt_stack( 8588): [VERBOSE1:btm_ble_gap.cc(1923)] btm_ble_process_ext_adv_pkt: bda=66:3e:07:e0:2b:d4
09-01 14:32:21.278 V/bt_stack( 8588): [VERBOSE1:btm_ble_gap.cc(1847)] btm_ble_process_adv_addr: bda=66:3e:07:e0:2b:d4
09-01 14:32:21.279 I/BluetoothUtils( 8588): packagename is android.uid.bluetooth:1002 ,and its permission is false
09-01 14:32:21.279 D/BluetoothUtils( 8588): blockedByLocationOff callingUid=1002
09-01 14:32:21.279 I/BluetoothUtils( 8588): packagename is android.uid.bluetooth:1002 ,and its permission is false
09-01 14:32:21.279 D/BluetoothUtils( 8588): blockedByLocationOff callingUid=1002
09-01 14:32:21.279 I/BluetoothUtils( 8588): packagename is android.uid.bluetooth:1002 ,and its permission is false
09-01 14:32:21.280 D/BluetoothUtils( 8588): blockedByLocationOff callingUid=1002
09-01 14:32:21.280 I/BluetoothUtils( 8588): packagename is android.uid.bluetooth:1002 ,and its permission is false
09-01 14:32:21.280 D/BluetoothUtils( 8588): blockedByLocationOff callingUid=1002
09-01 14:32:21.280 I/BluetoothUtils( 8588): packagename is android.uid.bluetooth:1002 ,and its permission is false
09-01 14:32:21.280 D/BluetoothUtils( 8588): blockedByLocationOff callingUid=1002
09-01 14:32:21.281 I/BluetoothUtils( 8588): packagename is android.uid.bluetooth:1002 ,and its permission is false
09-01 14:32:21.318 I/vendor.qti.bluetooth@1.0-ibs_handler(19843): ProcessIbsCmd: Received IBS_SLEEP_IND: 0xFE
09-01 14:32:21.318 D/vendor.qti.bluetooth@1.0-ibs_handler(19843): SerialClockVote: vote for UART CLK OFF
09-01 14:32:21.322 I/vendor.qti.bluetooth@1.0-ibs_handler(19843): ProcessIbsCmd: Received IBS_WAKE_IND: 0xFD
09-01 14:32:21.323 D/vendor.qti.bluetooth@1.0-ibs_handler(19843): SerialClockVote: vote for UART CLK ON
09-01 14:32:21.323 I/vendor.qti.bluetooth@1.0-ibs_handler(19843): ProcessIbsCmd: Writing IBS_WAKE_ACK
09-01 14:32:21.324 V/bt_stack( 8588): [VERBOSE1:btm_ble_gap.cc(1923)] btm_ble_process_ext_adv_pkt: bda=36:c9:49:a0:b6:9d
09-01 14:32:21.324 V/bt_stack( 8588): [VERBOSE1:btm_ble_gap.cc(1847)] btm_ble_process_adv_addr: bda=36:c9:49:a0:b6:9d
09-01 14:32:21.326 D/BluetoothUtils( 8588): blockedByLocationOff callingUid=1002
09-01 14:32:21.327 I/BluetoothUtils( 8588): packagename is android.uid.bluetooth:1002 ,and its permission is false
09-01 14:32:21.327 D/BluetoothUtils( 8588): blockedByLocationOff callingUid=1002
09-01 14:32:21.327 I/BluetoothUtils( 8588): packagename is android.uid.bluetooth:1002 ,and its permission is false
09-01 14:32:21.327 D/BluetoothUtils( 8588): blockedByLocationOff callingUid=1002
09-01 14:32:21.328 I/BluetoothUtils( 8588): packagename is android.uid.bluetooth:1002 ,and its permission is false
09-01 14:32:21.337 V/bt_stack( 8588): [VERBOSE1:btm_ble_gap.cc(1923)] btm_ble_process_ext_adv_pkt: bda=0a:29:89:b7:c8:4a
09-01 14:32:21.337 V/bt_stack( 8588): [VERBOSE1:btm_ble_gap.cc(1847)] btm_ble_process_adv_addr: bda=0a:29:89:b7:c8:4a
09-01 14:32:21.338 D/BluetoothUtils( 8588): blockedByLocationOff callingUid=1002
09-01 14:32:21.339 I/BluetoothUtils( 8588): packagename is android.uid.bluetooth:1002 ,and its permission is false
09-01 14:32:21.339 D/BluetoothUtils( 8588): blockedByLocationOff callingUid=1002
09-01 14:32:21.339 V/bt_stack( 8588): [VERBOSE1:btm_ble_gap.cc(1923)] btm_ble_process_ext_adv_pkt: bda=07:e4:7f:b4:5f:d9
09-01 14:32:21.339 V/bt_stack( 8588): [VERBOSE1:btm_ble_gap.cc(1847)] btm_ble_process_adv_addr: bda=07:e4:7f:b4:5f:d9
09-01 14:32:21.339 I/BluetoothUtils( 8588): packagename is android.uid.bluetooth:1002 ,and its permission is false
09-01 14:32:21.339 D/BluetoothUtils( 8588): blockedByLocationOff callingUid=1002
09-01 14:32:21.340 I/BluetoothUtils( 8588): packagename is android.uid.bluetooth:1002 ,and its permission is false
09-01 14:32:21.340 D/BluetoothUtils( 8588): blockedByLocationOff callingUid=1002
09-01 14:32:21.341 I/BluetoothUtils( 8588): packagename is android.uid.bluetooth:1002 ,and its permission is false
09-01 14:32:21.341 D/BluetoothUtils( 8588): blockedByLocationOff callingUid=1002
09-01 14:32:21.341 I/BluetoothUtils( 8588): packagename is android.uid.bluetooth:1002 ,and its permission is false
09-01 14:32:21.341 D/BluetoothUtils( 8588): blockedByLocationOff callingUid=1002
09-01 14:32:21.341 I/BluetoothUtils( 8588): packagename is android.uid.bluetooth:1002 ,and its permission is false
09-01 14:32:21.348 V/bt_stack( 8588): [VERBOSE1:btm_ble_gap.cc(1923)] btm_ble_process_ext_adv_pkt: bda=6a:1a:31:28:a4:f8
09-01 14:32:21.348 V/bt_stack( 8588): [VERBOSE1:btm_ble_gap.cc(1847)] btm_ble_process_adv_addr: bda=6a:1a:31:28:a4:f8
09-01 14:32:21.349 D/BluetoothUtils( 8588): blockedByLocationOff callingUid=1002
09-01 14:32:21.350 I/BluetoothUtils( 8588): packagename is android.uid.bluetooth:1002 ,and its permission is false
09-01 14:32:21.350 D/BluetoothUtils( 8588): blockedByLocationOff callingUid=1002
09-01 14:32:21.351 I/BluetoothUtils( 8588): packagename is android.uid.bluetooth:1002 ,and its permission is false
09-01 14:32:21.351 D/BluetoothUtils( 8588): blockedByLocationOff callingUid=1002
09-01 14:32:21.351 I/BluetoothUtils( 8588): packagename is android.uid.bluetooth:1002 ,and its permission is false
09-01 14:32:21.370 V/bt_stack( 8588): [VERBOSE1:btm_ble_gap.cc(1923)] btm_ble_process_ext_adv_pkt: bda=18:81:0e:e0:a8:6d
09-01 14:32:21.370 V/bt_stack( 8588): [VERBOSE1:btm_ble_gap.cc(1847)] btm_ble_process_adv_addr: bda=18:81:0e:e0:a8:6d
09-01 14:32:21.370 V/bt_stack( 8588): [VERBOSE1:btm_ble_gap.cc(2052)]  Waiting for scan response 18:81:0e:e0:a8:6d
09-01 14:32:21.373 V/bt_stack( 8588): [VERBOSE1:btm_ble_gap.cc(1923)] btm_ble_process_ext_adv_pkt: bda=17:7e:29:ab:4e:d0
09-01 14:32:21.373 V/bt_stack( 8588): [VERBOSE1:btm_ble_gap.cc(1847)] btm_ble_process_adv_addr: bda=17:7e:29:ab:4e:d0
09-01 14:32:21.374 V/bt_stack( 8588): [VERBOSE1:btm_ble_gap.cc(1923)] btm_ble_process_ext_adv_pkt: bda=38:f9:d3:45:87:1e
09-01 14:32:21.374 V/bt_stack( 8588): [VERBOSE1:btm_ble_gap.cc(1847)] btm_ble_process_adv_addr: bda=38:f9:d3:45:87:1e
09-01 14:32:21.374 V/bt_stack( 8588): [VERBOSE1:btm_ble_gap.cc(2052)]  Waiting for scan response 38:f9:d3:45:87:1e
09-01 14:32:21.374 V/bt_stack( 8588): [VERBOSE1:btm_ble_gap.cc(1923)] btm_ble_process_ext_adv_pkt: bda=38:f9:d3:45:87:1e
09-01 14:32:21.374 V/bt_stack( 8588): [VERBOSE1:btm_ble_gap.cc(1847)] btm_ble_process_adv_addr: bda=38:f9:d3:45:87:1e
09-01 14:32:21.375 D/BluetoothUtils( 8588): blockedByLocationOff callingUid=1002
09-01 14:32:21.375 I/BluetoothUtils( 8588): packagename is android.uid.bluetooth:1002 ,and its permission is false
09-01 14:32:21.376 D/BluetoothUtils( 8588): blockedByLocationOff callingUid=1002
09-01 14:32:21.376 I/BluetoothUtils( 8588): packagename is android.uid.bluetooth:1002 ,and its permission is false
09-01 14:32:21.376 D/BluetoothUtils( 8588): blockedByLocationOff callingUid=1002
09-01 14:32:21.376 I/BluetoothUtils( 8588): packagename is android.uid.bluetooth:1002 ,and its permission is false
09-01 14:32:21.377 D/BluetoothUtils( 8588): blockedByLocationOff callingUid=1002
09-01 14:32:21.377 I/BluetoothUtils( 8588): packagename is android.uid.bluetooth:1002 ,and its permission is false
09-01 14:32:21.377 V/bt_stack( 8588): [VERBOSE1:btm_ble_gap.cc(1923)] btm_ble_process_ext_adv_pkt: bda=04:b0:56:de:30:bf
09-01 14:32:21.377 D/BluetoothUtils( 8588): blockedByLocationOff callingUid=1002
09-01 14:32:21.377 V/bt_stack( 8588): [VERBOSE1:btm_ble_gap.cc(1847)] btm_ble_process_adv_addr: bda=04:b0:56:de:30:bf
09-01 14:32:21.377 I/BluetoothUtils( 8588): packagename is android.uid.bluetooth:1002 ,and its permission is false
09-01 14:32:21.377 D/BluetoothUtils( 8588): blockedByLocationOff callingUid=1002
09-01 14:32:21.378 I/BluetoothUtils( 8588): packagename is android.uid.bluetooth:1002 ,and its permission is false
09-01 14:32:21.378 D/BluetoothUtils( 8588): blockedByLocationOff callingUid=1002
09-01 14:32:21.379 I/BluetoothUtils( 8588): packagename is android.uid.bluetooth:1002 ,and its permission is false
09-01 14:32:21.379 D/BluetoothUtils( 8588): blockedByLocationOff callingUid=1002
09-01 14:32:21.379 I/BluetoothUtils( 8588): packagename is android.uid.bluetooth:1002 ,and its permission is false
09-01 14:32:21.379 D/BluetoothUtils( 8588): blockedByLocationOff callingUid=1002
09-01 14:32:21.379 I/BluetoothUtils( 8588): packagename is android.uid.bluetooth:1002 ,and its permission is false
09-01 14:32:21.382 V/bt_stack( 8588): [VERBOSE1:btm_ble_gap.cc(1923)] btm_ble_process_ext_adv_pkt: bda=0c:1a:06:0e:96:57
09-01 14:32:21.382 V/bt_stack( 8588): [VERBOSE1:btm_ble_gap.cc(1847)] btm_ble_process_adv_addr: bda=0c:1a:06:0e:96:57
09-01 14:32:21.384 D/BluetoothUtils( 8588): blockedByLocationOff callingUid=1002
09-01 14:32:21.384 I/BluetoothUtils( 8588): packagename is android.uid.bluetooth:1002 ,and its permission is false
09-01 14:32:21.384 D/BluetoothUtils( 8588): blockedByLocationOff callingUid=1002
09-01 14:32:21.385 I/BluetoothUtils( 8588): packagename is android.uid.bluetooth:1002 ,and its permission is false
09-01 14:32:21.385 D/BluetoothUtils( 8588): blockedByLocationOff callingUid=1002
09-01 14:32:21.385 I/BluetoothUtils( 8588): packagename is android.uid.bluetooth:1002 ,and its permission is false
09-01 14:32:21.398 V/bt_stack( 8588): [VERBOSE1:btm_ble_gap.cc(1923)] btm_ble_process_ext_adv_pkt: bda=7c:7c:58:d5:aa:e1
09-01 14:32:21.398 V/bt_stack( 8588): [VERBOSE1:btm_ble_gap.cc(1847)] btm_ble_process_adv_addr: bda=7c:7c:58:d5:aa:e1
09-01 14:32:21.398 V/bt_stack( 8588): [VERBOSE1:btm_ble_gap.cc(2052)]  Waiting for scan response 7c:7c:58:d5:aa:e1
09-01 14:32:21.398 V/bt_stack( 8588): [VERBOSE1:btm_ble_gap.cc(1923)] btm_ble_process_ext_adv_pkt: bda=0b:95:8c:38:8d:43
09-01 14:32:21.398 V/bt_stack( 8588): [VERBOSE1:btm_ble_gap.cc(1847)] btm_ble_process_adv_addr: bda=0b:95:8c:38:8d:43
09-01 14:32:21.399 D/BluetoothUtils( 8588): blockedByLocationOff callingUid=1002
09-01 14:32:21.400 I/BluetoothUtils( 8588): packagename is android.uid.bluetooth:1002 ,and its permission is false
09-01 14:32:21.400 D/BluetoothUtils( 8588): blockedByLocationOff callingUid=1002
09-01 14:32:21.400 I/BluetoothUtils( 8588): packagename is android.uid.bluetooth:1002 ,and its permission is false
09-01 14:32:21.400 D/BluetoothUtils( 8588): blockedByLocationOff callingUid=1002
09-01 14:32:21.401 I/BluetoothUtils( 8588): packagename is android.uid.bluetooth:1002 ,and its permission is false
09-01 14:32:21.425 V/bt_stack( 8588): [VERBOSE1:btm_ble_gap.cc(1923)] btm_ble_process_ext_adv_pkt: bda=55:a7:aa:ab:14:9f
09-01 14:32:21.425 V/bt_stack( 8588): [VERBOSE1:btm_ble_gap.cc(1847)] btm_ble_process_adv_addr: bda=55:a7:aa:ab:14:9f
09-01 14:32:21.425 V/bt_stack( 8588): [VERBOSE1:btm_ble_gap.cc(2052)]  Waiting for scan response 55:a7:aa:ab:14:9f
09-01 14:32:21.425 V/bt_stack( 8588): [VERBOSE1:btm_ble_gap.cc(1923)] btm_ble_process_ext_adv_pkt: bda=2a:1b:52:ac:62:5d
09-01 14:32:21.425 V/bt_stack( 8588): [VERBOSE1:btm_ble_gap.cc(1847)] btm_ble_process_adv_addr: bda=2a:1b:52:ac:62:5d
09-01 14:32:21.427 D/BluetoothUtils( 8588): blockedByLocationOff callingUid=1002
09-01 14:32:21.428 I/BluetoothUtils( 8588): packagename is android.uid.bluetooth:1002 ,and its permission is false
09-01 14:32:21.428 D/BluetoothUtils( 8588): blockedByLocationOff callingUid=1002
09-01 14:32:21.428 I/BluetoothUtils( 8588): packagename is android.uid.bluetooth:1002 ,and its permission is false
09-01 14:32:21.428 D/BluetoothUtils( 8588): blockedByLocationOff callingUid=1002
09-01 14:32:21.429 I/BluetoothUtils( 8588): packagename is android.uid.bluetooth:1002 ,and its permission is false
09-01 14:32:21.431 V/bt_stack( 8588): [VERBOSE1:btm_ble_gap.cc(1923)] btm_ble_process_ext_adv_pkt: bda=36:c9:49:a0:b6:9d
09-01 14:32:21.431 V/bt_stack( 8588): [VERBOSE1:btm_ble_gap.cc(1847)] btm_ble_process_adv_addr: bda=36:c9:49:a0:b6:9d
09-01 14:32:21.434 D/BluetoothUtils( 8588): blockedByLocationOff callingUid=1002
09-01 14:32:21.434 I/BluetoothUtils( 8588): packagename is android.uid.bluetooth:1002 ,and its permission is false
09-01 14:32:21.434 D/BluetoothUtils( 8588): blockedByLocationOff callingUid=1002
09-01 14:32:21.434 I/BluetoothUtils( 8588): packagename is android.uid.bluetooth:1002 ,and its permission is false
09-01 14:32:21.435 D/BluetoothUtils( 8588): blockedByLocationOff callingUid=1002
09-01 14:32:21.435 I/BluetoothUtils( 8588): packagename is android.uid.bluetooth:1002 ,and its permission is false
09-01 14:32:21.438 V/bt_stack( 8588): [VERBOSE1:btm_ble_gap.cc(1923)] btm_ble_process_ext_adv_pkt: bda=56:e4:da:79:d5:88
09-01 14:32:21.438 V/bt_stack( 8588): [VERBOSE1:btm_ble_gap.cc(1847)] btm_ble_process_adv_addr: bda=56:e4:da:79:d5:88
09-01 14:32:21.438 V/bt_stack( 8588): [VERBOSE1:btm_ble_gap.cc(2052)]  Waiting for scan response 56:e4:da:79:d5:88
09-01 14:32:21.439 V/bt_stack( 8588): [VERBOSE1:btm_ble_gap.cc(1923)] btm_ble_process_ext_adv_pkt: bda=56:e4:da:79:d5:88
09-01 14:32:21.439 V/bt_stack( 8588): [VERBOSE1:btm_ble_gap.cc(1847)] btm_ble_process_adv_addr: bda=56:e4:da:79:d5:88
09-01 14:32:21.441 D/BluetoothUtils( 8588): blockedByLocationOff callingUid=1002
09-01 14:32:21.441 I/BluetoothUtils( 8588): packagename is android.uid.bluetooth:1002 ,and its permission is false
09-01 14:32:21.441 D/BluetoothUtils( 8588): blockedByLocationOff callingUid=1002
09-01 14:32:21.441 I/BluetoothUtils( 8588): packagename is android.uid.bluetooth:1002 ,and its permission is false
09-01 14:32:21.442 D/BluetoothUtils( 8588): blockedByLocationOff callingUid=1002
09-01 14:32:21.442 I/BluetoothUtils( 8588): packagename is android.uid.bluetooth:1002 ,and its permission is false
09-01 14:32:21.442 V/bt_stack( 8588): [VERBOSE1:btm_ble_gap.cc(1923)] btm_ble_process_ext_adv_pkt: bda=07:e4:7f:b4:5f:d9
09-01 14:32:21.443 V/bt_stack( 8588): [VERBOSE1:btm_ble_gap.cc(1847)] btm_ble_process_adv_addr: bda=07:e4:7f:b4:5f:d9
09-01 14:32:21.444 D/BluetoothUtils( 8588): blockedByLocationOff callingUid=1002
09-01 14:32:21.444 I/BluetoothUtils( 8588): packagename is android.uid.bluetooth:1002 ,and its permission is false
09-01 14:32:21.445 D/BluetoothUtils( 8588): blockedByLocationOff callingUid=1002
09-01 14:32:21.445 I/BluetoothUtils( 8588): packagename is android.uid.bluetooth:1002 ,and its permission is false
09-01 14:32:21.445 D/BluetoothUtils( 8588): blockedByLocationOff callingUid=1002
09-01 14:32:21.445 I/BluetoothUtils( 8588): packagename is android.uid.bluetooth:1002 ,and its permission is false
09-01 14:32:21.448 V/bt_stack( 8588): [VERBOSE1:btm_ble_gap.cc(1923)] btm_ble_process_ext_adv_pkt: bda=f2:58:f4:89:d0:4a
09-01 14:32:21.448 V/bt_stack( 8588): [VERBOSE1:btm_ble_gap.cc(1847)] btm_ble_process_adv_addr: bda=f2:58:f4:89:d0:4a
09-01 14:32:21.448 V/bt_stack( 8588): [VERBOSE1:btm_ble_gap.cc(2052)]  Waiting for scan response f2:58:f4:89:d0:4a
09-01 14:32:21.448 V/bt_stack( 8588): [VERBOSE1:btm_ble_gap.cc(1923)] btm_ble_process_ext_adv_pkt: bda=f2:58:f4:89:d0:4a
09-01 14:32:21.448 V/bt_stack( 8588): [VERBOSE1:btm_ble_gap.cc(1847)] btm_ble_process_adv_addr: bda=f2:58:f4:89:d0:4a
09-01 14:32:21.449 D/BluetoothUtils( 8588): blockedByLocationOff callingUid=1002
09-01 14:32:21.449 I/BluetoothUtils( 8588): packagename is android.uid.bluetooth:1002 ,and its permission is false
09-01 14:32:21.450 D/BluetoothUtils( 8588): blockedByLocationOff callingUid=1002
09-01 14:32:21.450 I/BluetoothUtils( 8588): packagename is android.uid.bluetooth:1002 ,and its permission is false
09-01 14:32:21.450 D/BluetoothUtils( 8588): blockedByLocationOff callingUid=1002
09-01 14:32:21.450 I/BluetoothUtils( 8588): packagename is android.uid.bluetooth:1002 ,and its permission is false
09-01 14:32:21.453 V/bt_stack( 8588): [VERBOSE1:btm_ble_gap.cc(1923)] btm_ble_process_ext_adv_pkt: bda=44:ca:73:cc:df:42
09-01 14:32:21.453 V/bt_stack( 8588): [VERBOSE1:btm_ble_gap.cc(1847)] btm_ble_process_adv_addr: bda=44:ca:73:cc:df:42
09-01 14:32:21.453 V/bt_stack( 8588): [VERBOSE1:btm_ble_gap.cc(2052)]  Waiting for scan response 44:ca:73:cc:df:42
09-01 14:32:21.453 V/bt_stack( 8588): [VERBOSE1:btm_ble_gap.cc(1923)] btm_ble_process_ext_adv_pkt: bda=44:ca:73:cc:df:42
09-01 14:32:21.453 V/bt_stack( 8588): [VERBOSE1:btm_ble_gap.cc(1847)] btm_ble_process_adv_addr: bda=44:ca:73:cc:df:42
09-01 14:32:21.454 D/BluetoothUtils( 8588): blockedByLocationOff callingUid=1002
09-01 14:32:21.455 I/BluetoothUtils( 8588): packagename is android.uid.bluetooth:1002 ,and its permission is false
09-01 14:32:21.455 D/BluetoothUtils( 8588): blockedByLocationOff callingUid=1002
09-01 14:32:21.455 I/BluetoothUtils( 8588): packagename is android.uid.bluetooth:1002 ,and its permission is false
09-01 14:32:21.455 D/BluetoothUtils( 8588): blockedByLocationOff callingUid=1002
09-01 14:32:21.455 I/BluetoothUtils( 8588): packagename is android.uid.bluetooth:1002 ,and its permission is false
09-01 14:32:21.456 V/bt_stack( 8588): [VERBOSE1:btm_ble_gap.cc(1923)] btm_ble_process_ext_adv_pkt: bda=2e:17:70:f9:0b:48
09-01 14:32:21.456 V/bt_stack( 8588): [VERBOSE1:btm_ble_gap.cc(1847)] btm_ble_process_adv_addr: bda=2e:17:70:f9:0b:48
09-01 14:32:21.457 D/BluetoothUtils( 8588): blockedByLocationOff callingUid=1002
09-01 14:32:21.457 I/BluetoothUtils( 8588): packagename is android.uid.bluetooth:1002 ,and its permission is false
09-01 14:32:21.458 D/BluetoothUtils( 8588): blockedByLocationOff callingUid=1002
09-01 14:32:21.458 I/BluetoothUtils( 8588): packagename is android.uid.bluetooth:1002 ,and its permission is false
09-01 14:32:21.458 D/BluetoothUtils( 8588): blockedByLocationOff callingUid=1002
09-01 14:32:21.458 I/BluetoothUtils( 8588): packagename is android.uid.bluetooth:1002 ,and its permission is false
09-01 14:32:21.460 V/bt_stack( 8588): [VERBOSE1:btm_ble_gap.cc(1923)] btm_ble_process_ext_adv_pkt: bda=66:3e:07:e0:2b:d4
09-01 14:32:21.460 V/bt_stack( 8588): [VERBOSE1:btm_ble_gap.cc(1847)] btm_ble_process_adv_addr: bda=66:3e:07:e0:2b:d4
09-01 14:32:21.460 V/bt_stack( 8588): [VERBOSE1:btm_ble_gap.cc(2052)]  Waiting for scan response 66:3e:07:e0:2b:d4
09-01 14:32:21.460 V/bt_stack( 8588): [VERBOSE1:btm_ble_gap.cc(1923)] btm_ble_process_ext_adv_pkt: bda=66:3e:07:e0:2b:d4
09-01 14:32:21.460 V/bt_stack( 8588): [VERBOSE1:btm_ble_gap.cc(1847)] btm_ble_process_adv_addr: bda=66:3e:07:e0:2b:d4
09-01 14:32:21.461 D/BluetoothUtils( 8588): blockedByLocationOff callingUid=1002
09-01 14:32:21.461 I/BluetoothUtils( 8588): packagename is android.uid.bluetooth:1002 ,and its permission is false
09-01 14:32:21.461 D/BluetoothUtils( 8588): blockedByLocationOff callingUid=1002
09-01 14:32:21.462 I/BluetoothUtils( 8588): packagename is android.uid.bluetooth:1002 ,and its permission is false
09-01 14:32:21.462 D/BluetoothUtils( 8588): blockedByLocationOff callingUid=1002
09-01 14:32:21.462 I/BluetoothUtils( 8588): packagename is android.uid.bluetooth:1002 ,and its permission is false
09-01 14:32:21.466 V/bt_stack( 8588): [VERBOSE1:btm_ble_gap.cc(1923)] btm_ble_process_ext_adv_pkt: bda=17:be:83:99:5a:17
09-01 14:32:21.466 V/bt_stack( 8588): [VERBOSE1:btm_ble_gap.cc(1847)] btm_ble_process_adv_addr: bda=17:be:83:99:5a:17
09-01 14:32:21.467 D/BluetoothUtils( 8588): blockedByLocationOff callingUid=1002
09-01 14:32:21.468 I/BluetoothUtils( 8588): packagename is android.uid.bluetooth:1002 ,and its permission is false
09-01 14:32:21.468 D/BluetoothUtils( 8588): blockedByLocationOff callingUid=1002
09-01 14:32:21.468 I/BluetoothUtils( 8588): packagename is android.uid.bluetooth:1002 ,and its permission is false
09-01 14:32:21.469 D/BluetoothUtils( 8588): blockedByLocationOff callingUid=1002
09-01 14:32:21.469 I/BluetoothUtils( 8588): packagename is android.uid.bluetooth:1002 ,and its permission is false
09-01 14:32:21.474 V/bt_stack( 8588): [VERBOSE1:btm_ble_gap.cc(1923)] btm_ble_process_ext_adv_pkt: bda=17:7e:29:ab:4e:d0
09-01 14:32:21.474 V/bt_stack( 8588): [VERBOSE1:btm_ble_gap.cc(1847)] btm_ble_process_adv_addr: bda=17:7e:29:ab:4e:d0
09-01 14:32:21.475 D/BluetoothUtils( 8588): blockedByLocationOff callingUid=1002
09-01 14:32:21.475 I/BluetoothUtils( 8588): packagename is android.uid.bluetooth:1002 ,and its permission is false
09-01 14:32:21.475 D/BluetoothUtils( 8588): blockedByLocationOff callingUid=1002
09-01 14:32:21.476 I/BluetoothUtils( 8588): packagename is android.uid.bluetooth:1002 ,and its permission is false
09-01 14:32:21.476 D/BluetoothUtils( 8588): blockedByLocationOff callingUid=1002
09-01 14:32:21.476 I/BluetoothUtils( 8588): packagename is android.uid.bluetooth:1002 ,and its permission is false
09-01 14:32:21.479 V/bt_stack( 8588): [VERBOSE1:btm_ble_gap.cc(1923)] btm_ble_process_ext_adv_pkt: bda=45:55:7e:66:6f:d0
09-01 14:32:21.479 V/bt_stack( 8588): [VERBOSE1:btm_ble_gap.cc(1847)] btm_ble_process_adv_addr: bda=45:55:7e:66:6f:d0
09-01 14:32:21.479 V/bt_stack( 8588): [VERBOSE1:btm_ble_gap.cc(2052)]  Waiting for scan response 45:55:7e:66:6f:d0
09-01 14:32:21.479 V/bt_stack( 8588): [VERBOSE1:btm_ble_gap.cc(1923)] btm_ble_process_ext_adv_pkt: bda=45:55:7e:66:6f:d0
09-01 14:32:21.479 V/bt_stack( 8588): [VERBOSE1:btm_ble_gap.cc(1847)] btm_ble_process_adv_addr: bda=45:55:7e:66:6f:d0
09-01 14:32:21.480 D/BluetoothUtils( 8588): blockedByLocationOff callingUid=1002
09-01 14:32:21.481 I/BluetoothUtils( 8588): packagename is android.uid.bluetooth:1002 ,and its permission is false
09-01 14:32:21.481 D/BluetoothUtils( 8588): blockedByLocationOff callingUid=1002
09-01 14:32:21.481 V/bt_stack( 8588): [VERBOSE1:btm_ble_gap.cc(1923)] btm_ble_process_ext_adv_pkt: bda=0c:1a:06:0e:96:57
09-01 14:32:21.481 I/BluetoothUtils( 8588): packagename is android.uid.bluetooth:1002 ,and its permission is false
09-01 14:32:21.481 V/bt_stack( 8588): [VERBOSE1:btm_ble_gap.cc(1847)] btm_ble_process_adv_addr: bda=0c:1a:06:0e:96:57
09-01 14:32:21.482 D/BluetoothUtils( 8588): blockedByLocationOff callingUid=1002
09-01 14:32:21.482 I/BluetoothUtils( 8588): packagename is android.uid.bluetooth:1002 ,and its permission is false
09-01 14:32:21.482 D/BluetoothUtils( 8588): blockedByLocationOff callingUid=1002
09-01 14:32:21.483 I/BluetoothUtils( 8588): packagename is android.uid.bluetooth:1002 ,and its permission is false
09-01 14:32:21.483 D/BluetoothUtils( 8588): blockedByLocationOff callingUid=1002
09-01 14:32:21.483 I/BluetoothUtils( 8588): packagename is android.uid.bluetooth:1002 ,and its permission is false
09-01 14:32:21.483 D/BluetoothUtils( 8588): blockedByLocationOff callingUid=1002
09-01 14:32:21.484 I/BluetoothUtils( 8588): packagename is android.uid.bluetooth:1002 ,and its permission is false
09-01 14:32:21.485 V/bt_stack( 8588): [VERBOSE1:btm_ble_gap.cc(1923)] btm_ble_process_ext_adv_pkt: bda=63:e7:6b:57:ac:90
09-01 14:32:21.485 V/bt_stack( 8588): [VERBOSE1:btm_ble_gap.cc(1847)] btm_ble_process_adv_addr: bda=63:e7:6b:57:ac:90
09-01 14:32:21.485 V/bt_stack( 8588): [VERBOSE1:btm_ble_gap.cc(2052)]  Waiting for scan response 63:e7:6b:57:ac:90
09-01 14:32:21.485 V/bt_stack( 8588): [VERBOSE1:btm_ble_gap.cc(1923)] btm_ble_process_ext_adv_pkt: bda=63:e7:6b:57:ac:90
09-01 14:32:21.485 V/bt_stack( 8588): [VERBOSE1:btm_ble_gap.cc(1847)] btm_ble_process_adv_addr: bda=63:e7:6b:57:ac:90
09-01 14:32:21.487 D/BluetoothUtils( 8588): blockedByLocationOff callingUid=1002
09-01 14:32:21.487 I/BluetoothUtils( 8588): packagename is android.uid.bluetooth:1002 ,and its permission is false
09-01 14:32:21.487 D/BluetoothUtils( 8588): blockedByLocationOff callingUid=1002
09-01 14:32:21.488 I/BluetoothUtils( 8588): packagename is android.uid.bluetooth:1002 ,and its permission is false
09-01 14:32:21.488 D/BluetoothUtils( 8588): blockedByLocationOff callingUid=1002
09-01 14:32:21.488 I/BluetoothUtils( 8588): packagename is android.uid.bluetooth:1002 ,and its permission is false
09-01 14:32:21.506 V/bt_stack( 8588): [VERBOSE1:btm_ble_gap.cc(1923)] btm_ble_process_ext_adv_pkt: bda=0b:95:8c:38:8d:43
09-01 14:32:21.506 V/bt_stack( 8588): [VERBOSE1:btm_ble_gap.cc(1847)] btm_ble_process_adv_addr: bda=0b:95:8c:38:8d:43
09-01 14:32:21.508 D/BluetoothUtils( 8588): blockedByLocationOff callingUid=1002
09-01 14:32:21.509 I/BluetoothUtils( 8588): packagename is android.uid.bluetooth:1002 ,and its permission is false
09-01 14:32:21.509 D/BluetoothUtils( 8588): blockedByLocationOff callingUid=1002
09-01 14:32:21.509 I/BluetoothUtils( 8588): packagename is android.uid.bluetooth:1002 ,and its permission is false
09-01 14:32:21.510 D/BluetoothUtils( 8588): blockedByLocationOff callingUid=1002
09-01 14:32:21.510 I/BluetoothUtils( 8588): packagename is android.uid.bluetooth:1002 ,and its permission is false
09-01 14:32:21.511 I/appium  ( 9696): AppiumResponse: {"sessionId":"f134a94f-7c6f-46ba-965f-e61e75cb9df7","value":null}
09-01 14:32:21.514 V/bt_stack( 8588): [VERBOSE1:btm_ble_gap.cc(1923)] btm_ble_process_ext_adv_pkt: bda=24:65:c8:81:ba:6f
09-01 14:32:21.514 V/bt_stack( 8588): [VERBOSE1:btm_ble_gap.cc(1847)] btm_ble_process_adv_addr: bda=24:65:c8:81:ba:6f
09-01 14:32:21.515 D/BluetoothUtils( 8588): blockedByLocationOff callingUid=1002
09-01 14:32:21.516 I/BluetoothUtils( 8588): packagename is android.uid.bluetooth:1002 ,and its permission is false
09-01 14:32:21.516 D/BluetoothUtils( 8588): blockedByLocationOff callingUid=1002
09-01 14:32:21.516 I/BluetoothUtils( 8588): packagename is android.uid.bluetooth:1002 ,and its permission is false
09-01 14:32:21.516 D/BluetoothUtils( 8588): blockedByLocationOff callingUid=1002
09-01 14:32:21.517 I/BluetoothUtils( 8588): packagename is android.uid.bluetooth:1002 ,and its permission is false
09-01 14:32:21.518 V/bt_stack( 8588): [VERBOSE1:btm_ble_gap.cc(1923)] btm_ble_process_ext_adv_pkt: bda=19:30:6d:c4:b5:5b
09-01 14:32:21.518 V/bt_stack( 8588): [VERBOSE1:btm_ble_gap.cc(1847)] btm_ble_process_adv_addr: bda=19:30:6d:c4:b5:5b
09-01 14:32:21.519 D/BluetoothUtils( 8588): blockedByLocationOff callingUid=1002
09-01 14:32:21.520 I/BluetoothUtils( 8588): packagename is android.uid.bluetooth:1002 ,and its permission is false
09-01 14:32:21.520 D/BluetoothUtils( 8588): blockedByLocationOff callingUid=1002
09-01 14:32:21.520 I/BluetoothUtils( 8588): packagename is android.uid.bluetooth:1002 ,and its permission is false
09-01 14:32:21.520 D/BluetoothUtils( 8588): blockedByLocationOff callingUid=1002
09-01 14:32:21.520 I/BluetoothUtils( 8588): packagename is android.uid.bluetooth:1002 ,and its permission is false
09-01 14:32:21.526 V/bt_stack( 8588): [VERBOSE1:btm_ble_gap.cc(1923)] btm_ble_process_ext_adv_pkt: bda=2a:1b:52:ac:62:5d
09-01 14:32:21.526 V/bt_stack( 8588): [VERBOSE1:btm_ble_gap.cc(1847)] btm_ble_process_adv_addr: bda=2a:1b:52:ac:62:5d
09-01 14:32:21.527 D/BluetoothUtils( 8588): blockedByLocationOff callingUid=1002
09-01 14:32:21.527 I/BluetoothUtils( 8588): packagename is android.uid.bluetooth:1002 ,and its permission is false
09-01 14:32:21.528 D/BluetoothUtils( 8588): blockedByLocationOff callingUid=1002
09-01 14:32:21.528 I/BluetoothUtils( 8588): packagename is android.uid.bluetooth:1002 ,and its permission is false
09-01 14:32:21.528 D/BluetoothUtils( 8588): blockedByLocationOff callingUid=1002
09-01 14:32:21.528 I/BluetoothUtils( 8588): packagename is android.uid.bluetooth:1002 ,and its permission is false
09-01 14:32:21.540 V/bt_stack( 8588): [VERBOSE1:btm_ble_gap.cc(1923)] btm_ble_process_ext_adv_pkt: bda=d3:ce:19:45:b1:77
09-01 14:32:21.540 V/bt_stack( 8588): [VERBOSE1:btm_ble_gap.cc(1847)] btm_ble_process_adv_addr: bda=d3:ce:19:45:b1:77
09-01 14:32:21.540 V/bt_stack( 8588): [VERBOSE1:btm_ble_gap.cc(2052)]  Waiting for scan response d3:ce:19:45:b1:77
09-01 14:32:21.540 V/bt_stack( 8588): [VERBOSE1:btm_ble_gap.cc(1923)] btm_ble_process_ext_adv_pkt: bda=d3:ce:19:45:b1:77
09-01 14:32:21.541 V/bt_stack( 8588): [VERBOSE1:btm_ble_gap.cc(1847)] btm_ble_process_adv_addr: bda=d3:ce:19:45:b1:77
09-01 14:32:21.542 D/BluetoothUtils( 8588): blockedByLocationOff callingUid=1002
09-01 14:32:21.542 I/appium  ( 9696): channel read invoked!
09-01 14:32:21.543 I/appium  ( 9696): channel read: POST /wd/hub/session/f134a94f-7c6f-46ba-965f-e61e75cb9df7/element
09-01 14:32:21.543 I/BluetoothUtils( 8588): packagename is android.uid.bluetooth:1002 ,and its permission is false
09-01 14:32:21.543 D/BluetoothUtils( 8588): blockedByLocationOff callingUid=1002
09-01 14:32:21.544 I/BluetoothUtils( 8588): packagename is android.uid.bluetooth:1002 ,and its permission is false
09-01 14:32:21.544 D/BluetoothUtils( 8588): blockedByLocationOff callingUid=1002
09-01 14:32:21.544 I/appium  ( 9696): Find element command using 'id' with selector 'info_nick_name'.
09-01 14:32:21.544 I/BluetoothUtils( 8588): packagename is android.uid.bluetooth:1002 ,and its permission is false
09-01 14:32:21.544 I/appium  ( 9696): Waiting up to 10000ms for device to be idle
09-01 14:32:21.545 V/bt_stack( 8588): [VERBOSE1:btm_ble_gap.cc(1923)] btm_ble_process_ext_adv_pkt: bda=6c:37:b5:6b:a1:b8
09-01 14:32:21.545 V/bt_stack( 8588): [VERBOSE1:btm_ble_gap.cc(1847)] btm_ble_process_adv_addr: bda=6c:37:b5:6b:a1:b8
09-01 14:32:21.545 V/bt_stack( 8588): [VERBOSE1:btm_ble_gap.cc(2052)]  Waiting for scan response 6c:37:b5:6b:a1:b8
09-01 14:32:21.546 V/bt_stack( 8588): [VERBOSE1:btm_ble_gap.cc(1923)] btm_ble_process_ext_adv_pkt: bda=56:23:e7:94:9e:a9
09-01 14:32:21.546 V/bt_stack( 8588): [VERBOSE1:btm_ble_gap.cc(1847)] btm_ble_process_adv_addr: bda=56:23:e7:94:9e:a9
09-01 14:32:21.546 V/bt_stack( 8588): [VERBOSE1:btm_ble_gap.cc(2052)]  Waiting for scan response 56:23:e7:94:9e:a9
09-01 14:32:21.546 V/bt_stack( 8588): [VERBOSE1:btm_ble_gap.cc(1923)] btm_ble_process_ext_adv_pkt: bda=56:23:e7:94:9e:a9
09-01 14:32:21.546 V/bt_stack( 8588): [VERBOSE1:btm_ble_gap.cc(1847)] btm_ble_process_adv_addr: bda=56:23:e7:94:9e:a9
09-01 14:32:21.546 V/bt_stack( 8588): [VERBOSE1:btm_ble_gap.cc(1923)] btm_ble_process_ext_adv_pkt: bda=07:e4:7f:b4:5f:d9
09-01 14:32:21.546 V/bt_stack( 8588): [VERBOSE1:btm_ble_gap.cc(1847)] btm_ble_process_adv_addr: bda=07:e4:7f:b4:5f:d9
09-01 14:32:21.547 D/BluetoothUtils( 8588): blockedByLocationOff callingUid=1002
09-01 14:32:21.547 I/BluetoothUtils( 8588): packagename is android.uid.bluetooth:1002 ,and its permission is false
09-01 14:32:21.547 D/BluetoothUtils( 8588): blockedByLocationOff callingUid=1002
09-01 14:32:21.548 I/BluetoothUtils( 8588): packagename is android.uid.bluetooth:1002 ,and its permission is false
09-01 14:32:21.548 D/BluetoothUtils( 8588): blockedByLocationOff callingUid=1002
09-01 14:32:21.548 I/BluetoothUtils( 8588): packagename is android.uid.bluetooth:1002 ,and its permission is false
09-01 14:32:21.549 V/bt_stack( 8588): [VERBOSE1:btm_ble_gap.cc(1923)] btm_ble_process_ext_adv_pkt: bda=6a:1a:31:28:a4:f8
09-01 14:32:21.549 V/bt_stack( 8588): [VERBOSE1:btm_ble_gap.cc(1847)] btm_ble_process_adv_addr: bda=6a:1a:31:28:a4:f8
09-01 14:32:21.549 D/BluetoothUtils( 8588): blockedByLocationOff callingUid=1002
09-01 14:32:21.549 I/BluetoothUtils( 8588): packagename is android.uid.bluetooth:1002 ,and its permission is false
09-01 14:32:21.550 D/BluetoothUtils( 8588): blockedByLocationOff callingUid=1002
09-01 14:32:21.550 I/BluetoothUtils( 8588): packagename is android.uid.bluetooth:1002 ,and its permission is false
09-01 14:32:21.550 V/bt_stack( 8588): [VERBOSE1:btm_ble_gap.cc(1923)] btm_ble_process_ext_adv_pkt: bda=3a:23:cb:4a:85:2d
09-01 14:32:21.550 V/bt_stack( 8588): [VERBOSE1:btm_ble_gap.cc(1847)] btm_ble_process_adv_addr: bda=3a:23:cb:4a:85:2d
09-01 14:32:21.550 D/BluetoothUtils( 8588): blockedByLocationOff callingUid=1002
09-01 14:32:21.550 I/BluetoothUtils( 8588): packagename is android.uid.bluetooth:1002 ,and its permission is false
09-01 14:32:21.551 D/BluetoothUtils( 8588): blockedByLocationOff callingUid=1002
09-01 14:32:21.551 I/BluetoothUtils( 8588): packagename is android.uid.bluetooth:1002 ,and its permission is false
09-01 14:32:21.552 D/BluetoothUtils( 8588): blockedByLocationOff callingUid=1002
09-01 14:32:21.552 I/BluetoothUtils( 8588): packagename is android.uid.bluetooth:1002 ,and its permission is false
09-01 14:32:21.552 D/BluetoothUtils( 8588): blockedByLocationOff callingUid=1002
09-01 14:32:21.552 I/BluetoothUtils( 8588): packagename is android.uid.bluetooth:1002 ,and its permission is false
09-01 14:32:21.553 D/BluetoothUtils( 8588): blockedByLocationOff callingUid=1002
09-01 14:32:21.553 I/BluetoothUtils( 8588): packagename is android.uid.bluetooth:1002 ,and its permission is false
09-01 14:32:21.554 D/BluetoothUtils( 8588): blockedByLocationOff callingUid=1002
09-01 14:32:21.554 I/BluetoothUtils( 8588): packagename is android.uid.bluetooth:1002 ,and its permission is false
09-01 14:32:21.554 D/BluetoothUtils( 8588): blockedByLocationOff callingUid=1002
09-01 14:32:21.554 I/BluetoothUtils( 8588): packagename is android.uid.bluetooth:1002 ,and its permission is false
09-01 14:32:21.555 I/appium  ( 9696): AppiumResponse: {"sessionId":"f134a94f-7c6f-46ba-965f-e61e75cb9df7","value":{"ELEMENT":"6eb78380-5e04-40fa-9f14-5ece00400976","element-6066-11e4-a52e-4f735466cecf":"6eb78380-5e04-40fa-9f14-5ece00400976"}}
09-01 14:32:21.559 V/bt_stack( 8588): [VERBOSE1:btm_ble_gap.cc(1923)] btm_ble_process_ext_adv_pkt: bda=fd:32:0c:ad:56:d5
09-01 14:32:21.560 V/bt_stack( 8588): [VERBOSE1:btm_ble_gap.cc(1847)] btm_ble_process_adv_addr: bda=fd:32:0c:ad:56:d5
09-01 14:32:21.560 V/bt_stack( 8588): [VERBOSE1:btm_ble_gap.cc(2052)]  Waiting for scan response fd:32:0c:ad:56:d5
09-01 14:32:21.560 V/bt_stack( 8588): [VERBOSE1:btm_ble_gap.cc(1923)] btm_ble_process_ext_adv_pkt: bda=fd:32:0c:ad:56:d5
09-01 14:32:21.560 V/bt_stack( 8588): [VERBOSE1:btm_ble_gap.cc(1847)] btm_ble_process_adv_addr: bda=fd:32:0c:ad:56:d5
09-01 14:32:21.561 D/BluetoothUtils( 8588): blockedByLocationOff callingUid=1002
09-01 14:32:21.561 I/BluetoothUtils( 8588): packagename is android.uid.bluetooth:1002 ,and its permission is false
09-01 14:32:21.561 D/BluetoothUtils( 8588): blockedByLocationOff callingUid=1002
09-01 14:32:21.562 I/BluetoothUtils( 8588): packagename is android.uid.bluetooth:1002 ,and its permission is false
09-01 14:32:21.562 D/BluetoothUtils( 8588): blockedByLocationOff callingUid=1002
09-01 14:32:21.562 I/BluetoothUtils( 8588): packagename is android.uid.bluetooth:1002 ,and its permission is false
09-01 14:32:21.568 V/bt_stack( 8588): [VERBOSE1:btm_ble_gap.cc(1923)] btm_ble_process_ext_adv_pkt: bda=56:e4:da:79:d5:88
09-01 14:32:21.568 V/bt_stack( 8588): [VERBOSE1:btm_ble_gap.cc(1847)] btm_ble_process_adv_addr: bda=56:e4:da:79:d5:88
09-01 14:32:21.568 V/bt_stack( 8588): [VERBOSE1:btm_ble_gap.cc(2052)]  Waiting for scan response 56:e4:da:79:d5:88
09-01 14:32:21.568 V/bt_stack( 8588): [VERBOSE1:btm_ble_gap.cc(1923)] btm_ble_process_ext_adv_pkt: bda=56:e4:da:79:d5:88
09-01 14:32:21.568 V/bt_stack( 8588): [VERBOSE1:btm_ble_gap.cc(1847)] btm_ble_process_adv_addr: bda=56:e4:da:79:d5:88
09-01 14:32:21.569 D/BluetoothUtils( 8588): blockedByLocationOff callingUid=1002
09-01 14:32:21.570 I/BluetoothUtils( 8588): packagename is android.uid.bluetooth:1002 ,and its permission is false
09-01 14:32:21.570 D/BluetoothUtils( 8588): blockedByLocationOff callingUid=1002
09-01 14:32:21.570 V/bt_stack( 8588): [VERBOSE1:btm_ble_gap.cc(1923)] btm_ble_process_ext_adv_pkt: bda=38:f9:d3:45:87:1e
09-01 14:32:21.570 V/bt_stack( 8588): [VERBOSE1:btm_ble_gap.cc(1847)] btm_ble_process_adv_addr: bda=38:f9:d3:45:87:1e
09-01 14:32:21.570 V/bt_stack( 8588): [VERBOSE1:btm_ble_gap.cc(2052)]  Waiting for scan response 38:f9:d3:45:87:1e
09-01 14:32:21.570 V/bt_stack( 8588): [VERBOSE1:btm_ble_gap.cc(1923)] btm_ble_process_ext_adv_pkt: bda=38:f9:d3:45:87:1e
09-01 14:32:21.570 V/bt_stack( 8588): [VERBOSE1:btm_ble_gap.cc(1847)] btm_ble_process_adv_addr: bda=38:f9:d3:45:87:1e
09-01 14:32:21.571 I/BluetoothUtils( 8588): packagename is android.uid.bluetooth:1002 ,and its permission is false
09-01 14:32:21.571 D/BluetoothUtils( 8588): blockedByLocationOff callingUid=1002
09-01 14:32:21.571 I/BluetoothUtils( 8588): packagename is android.uid.bluetooth:1002 ,and its permission is false
09-01 14:32:21.571 D/BluetoothUtils( 8588): blockedByLocationOff callingUid=1002
09-01 14:32:21.572 I/BluetoothUtils( 8588): packagename is android.uid.bluetooth:1002 ,and its permission is false
09-01 14:32:21.572 D/BluetoothUtils( 8588): blockedByLocationOff callingUid=1002
09-01 14:32:21.572 I/BluetoothUtils( 8588): packagename is android.uid.bluetooth:1002 ,and its permission is false
09-01 14:32:21.572 D/BluetoothUtils( 8588): blockedByLocationOff callingUid=1002
09-01 14:32:21.572 I/BluetoothUtils( 8588): packagename is android.uid.bluetooth:1002 ,and its permission is false
09-01 14:32:21.579 V/bt_stack( 8588): [VERBOSE1:btm_ble_gap.cc(1923)] btm_ble_process_ext_adv_pkt: bda=04:b0:56:de:30:bf
09-01 14:32:21.579 V/bt_stack( 8588): [VERBOSE1:btm_ble_gap.cc(1847)] btm_ble_process_adv_addr: bda=04:b0:56:de:30:bf
09-01 14:32:21.580 D/BluetoothUtils( 8588): blockedByLocationOff callingUid=1002
09-01 14:32:21.580 I/BluetoothUtils( 8588): packagename is android.uid.bluetooth:1002 ,and its permission is false
09-01 14:32:21.580 D/BluetoothUtils( 8588): blockedByLocationOff callingUid=1002
09-01 14:32:21.581 I/BluetoothUtils( 8588): packagename is android.uid.bluetooth:1002 ,and its permission is false
09-01 14:32:21.581 D/BluetoothUtils( 8588): blockedByLocationOff callingUid=1002
09-01 14:32:21.581 I/BluetoothUtils( 8588): packagename is android.uid.bluetooth:1002 ,and its permission is false
09-01 14:32:21.586 V/bt_stack( 8588): [VERBOSE1:btm_ble_gap.cc(1923)] btm_ble_process_ext_adv_pkt: bda=0c:1a:06:0e:96:57
09-01 14:32:21.586 V/bt_stack( 8588): [VERBOSE1:btm_ble_gap.cc(1847)] btm_ble_process_adv_addr: bda=0c:1a:06:0e:96:57
09-01 14:32:21.587 D/BluetoothUtils( 8588): blockedByLocationOff callingUid=1002
09-01 14:32:21.587 I/BluetoothUtils( 8588): packagename is android.uid.bluetooth:1002 ,and its permission is false
09-01 14:32:21.588 D/BluetoothUtils( 8588): blockedByLocationOff callingUid=1002
09-01 14:32:21.588 I/BluetoothUtils( 8588): packagename is android.uid.bluetooth:1002 ,and its permission is false
09-01 14:32:21.588 D/BluetoothUtils( 8588): blockedByLocationOff callingUid=1002
09-01 14:32:21.588 I/BluetoothUtils( 8588): packagename is android.uid.bluetooth:1002 ,and its permission is false
09-01 14:32:21.592 I/appium  ( 9696): channel read invoked!
09-01 14:32:21.592 I/appium  ( 9696): channel read: POST /wd/hub/session/f134a94f-7c6f-46ba-965f-e61e75cb9df7/element/6eb78380-5e04-40fa-9f14-5ece00400976/value
09-01 14:32:21.592 I/appium  ( 9696): send keys to element command
09-01 14:32:21.604 V/bt_stack( 8588): [VERBOSE1:btm_ble_gap.cc(1923)] btm_ble_process_ext_adv_pkt: bda=6e:84:42:34:50:51
09-01 14:32:21.604 V/bt_stack( 8588): [VERBOSE1:btm_ble_gap.cc(1847)] btm_ble_process_adv_addr: bda=6e:84:42:34:50:51
09-01 14:32:21.604 V/bt_stack( 8588): [VERBOSE1:btm_ble_gap.cc(2052)]  Waiting for scan response 6e:84:42:34:50:51
09-01 14:32:21.607 V/bt_stack( 8588): [VERBOSE1:btm_ble_gap.cc(1923)] btm_ble_process_ext_adv_pkt: bda=53:20:ff:cd:6c:a4
09-01 14:32:21.607 V/bt_stack( 8588): [VERBOSE1:btm_ble_gap.cc(1847)] btm_ble_process_adv_addr: bda=53:20:ff:cd:6c:a4
09-01 14:32:21.607 V/bt_stack( 8588): [VERBOSE1:btm_ble_gap.cc(2052)]  Waiting for scan response 53:20:ff:cd:6c:a4
09-01 14:32:21.608 V/bt_stack( 8588): [VERBOSE1:btm_ble_gap.cc(1923)] btm_ble_process_ext_adv_pkt: bda=56:e4:da:79:d5:88
09-01 14:32:21.608 V/bt_stack( 8588): [VERBOSE1:btm_ble_gap.cc(1847)] btm_ble_process_adv_addr: bda=56:e4:da:79:d5:88
09-01 14:32:21.608 V/bt_stack( 8588): [VERBOSE1:btm_ble_gap.cc(2052)]  Waiting for scan response 56:e4:da:79:d5:88
09-01 14:32:21.608 V/bt_stack( 8588): [VERBOSE1:btm_ble_gap.cc(1923)] btm_ble_process_ext_adv_pkt: bda=56:e4:da:79:d5:88
09-01 14:32:21.608 V/bt_stack( 8588): [VERBOSE1:btm_ble_gap.cc(1847)] btm_ble_process_adv_addr: bda=56:e4:da:79:d5:88
09-01 14:32:21.609 D/BluetoothUtils( 8588): blockedByLocationOff callingUid=1002
09-01 14:32:21.609 I/BluetoothUtils( 8588): packagename is android.uid.bluetooth:1002 ,and its permission is false
09-01 14:32:21.610 D/BluetoothUtils( 8588): blockedByLocationOff callingUid=1002
09-01 14:32:21.610 I/BluetoothUtils( 8588): packagename is android.uid.bluetooth:1002 ,and its permission is false
09-01 14:32:21.610 D/BluetoothUtils( 8588): blockedByLocationOff callingUid=1002
09-01 14:32:21.610 I/BluetoothUtils( 8588): packagename is android.uid.bluetooth:1002 ,and its permission is false
09-01 14:32:21.623 V/bt_stack( 8588): [VERBOSE1:btm_ble_gap.cc(1923)] btm_ble_process_ext_adv_pkt: bda=24:65:c8:81:ba:6f
09-01 14:32:21.623 V/bt_stack( 8588): [VERBOSE1:btm_ble_gap.cc(1847)] btm_ble_process_adv_addr: bda=24:65:c8:81:ba:6f
09-01 14:32:21.624 D/BluetoothUtils( 8588): blockedByLocationOff callingUid=1002
09-01 14:32:21.625 I/BluetoothUtils( 8588): packagename is android.uid.bluetooth:1002 ,and its permission is false
09-01 14:32:21.625 D/BluetoothUtils( 8588): blockedByLocationOff callingUid=1002
09-01 14:32:21.625 I/BluetoothUtils( 8588): packagename is android.uid.bluetooth:1002 ,and its permission is false
09-01 14:32:21.625 D/BluetoothUtils( 8588): blockedByLocationOff callingUid=1002
09-01 14:32:21.626 I/BluetoothUtils( 8588): packagename is android.uid.bluetooth:1002 ,and its permission is false
09-01 14:32:21.627 V/bt_stack( 8588): [VERBOSE1:btm_ble_gap.cc(1923)] btm_ble_process_ext_adv_pkt: bda=5a:fd:6c:e2:fe:ca
09-01 14:32:21.627 V/bt_stack( 8588): [VERBOSE1:btm_ble_gap.cc(1847)] btm_ble_process_adv_addr: bda=5a:fd:6c:e2:fe:ca
09-01 14:32:21.627 V/bt_stack( 8588): [VERBOSE1:btm_ble_gap.cc(2052)]  Waiting for scan response 5a:fd:6c:e2:fe:ca
09-01 14:32:21.628 V/bt_stack( 8588): [VERBOSE1:btm_ble_gap.cc(1923)] btm_ble_process_ext_adv_pkt: bda=5d:4a:e1:72:21:47
09-01 14:32:21.628 V/bt_stack( 8588): [VERBOSE1:btm_ble_gap.cc(1847)] btm_ble_process_adv_addr: bda=5d:4a:e1:72:21:47
09-01 14:32:21.628 V/bt_stack( 8588): [VERBOSE1:btm_ble_gap.cc(2052)]  Waiting for scan response 5d:4a:e1:72:21:47
09-01 14:32:21.628 V/bt_stack( 8588): [VERBOSE1:btm_ble_gap.cc(1923)] btm_ble_process_ext_adv_pkt: bda=5d:4a:e1:72:21:47
09-01 14:32:21.628 V/bt_stack( 8588): [VERBOSE1:btm_ble_gap.cc(1847)] btm_ble_process_adv_addr: bda=5d:4a:e1:72:21:47
09-01 14:32:21.629 D/BluetoothUtils( 8588): blockedByLocationOff callingUid=1002
09-01 14:32:21.629 I/BluetoothUtils( 8588): packagename is android.uid.bluetooth:1002 ,and its permission is false
09-01 14:32:21.630 D/BluetoothUtils( 8588): blockedByLocationOff callingUid=1002
09-01 14:32:21.630 I/BluetoothUtils( 8588): packagename is android.uid.bluetooth:1002 ,and its permission is false
09-01 14:32:21.630 D/BluetoothUtils( 8588): blockedByLocationOff callingUid=1002
09-01 14:32:21.630 I/BluetoothUtils( 8588): packagename is android.uid.bluetooth:1002 ,and its permission is false
09-01 14:32:21.638 V/bt_stack( 8588): [VERBOSE1:btm_ble_gap.cc(1923)] btm_ble_process_ext_adv_pkt: bda=38:f9:d3:45:87:1e
09-01 14:32:21.638 V/bt_stack( 8588): [VERBOSE1:btm_ble_gap.cc(1847)] btm_ble_process_adv_addr: bda=38:f9:d3:45:87:1e
09-01 14:32:21.638 V/bt_stack( 8588): [VERBOSE1:btm_ble_gap.cc(2052)]  Waiting for scan response 38:f9:d3:45:87:1e
09-01 14:32:21.638 V/bt_stack( 8588): [VERBOSE1:btm_ble_gap.cc(1923)] btm_ble_process_ext_adv_pkt: bda=38:f9:d3:45:87:1e
09-01 14:32:21.638 V/bt_stack( 8588): [VERBOSE1:btm_ble_gap.cc(1847)] btm_ble_process_adv_addr: bda=38:f9:d3:45:87:1e
09-01 14:32:21.639 D/BluetoothUtils( 8588): blockedByLocationOff callingUid=1002
09-01 14:32:21.640 I/BluetoothUtils( 8588): packagename is android.uid.bluetooth:1002 ,and its permission is false
09-01 14:32:21.640 D/BluetoothUtils( 8588): blockedByLocationOff callingUid=1002
09-01 14:32:21.640 I/BluetoothUtils( 8588): packagename is android.uid.bluetooth:1002 ,and its permission is false
09-01 14:32:21.640 D/BluetoothUtils( 8588): blockedByLocationOff callingUid=1002
09-01 14:32:21.641 I/BluetoothUtils( 8588): packagename is android.uid.bluetooth:1002 ,and its permission is false
09-01 14:32:21.642 V/bt_stack( 8588): [VERBOSE1:btm_ble_gap.cc(1923)] btm_ble_process_ext_adv_pkt: bda=66:3e:07:e0:2b:d4
09-01 14:32:21.642 V/bt_stack( 8588): [VERBOSE1:btm_ble_gap.cc(1847)] btm_ble_process_adv_addr: bda=66:3e:07:e0:2b:d4
09-01 14:32:21.642 V/bt_stack( 8588): [VERBOSE1:btm_ble_gap.cc(2052)]  Waiting for scan response 66:3e:07:e0:2b:d4
