09-01 14:32:22.383 I/BluetoothUtils( 8588): packagename is android.uid.bluetooth:1002 ,and its permission is false
09-01 14:32:22.390 V/bt_stack( 8588): [VERBOSE1:btm_ble_gap.cc(1923)] btm_ble_process_ext_adv_pkt: bda=38:f9:d3:45:87:1e
09-01 14:32:22.390 V/bt_stack( 8588): [VERBOSE1:btm_ble_gap.cc(1847)] btm_ble_process_adv_addr: bda=38:f9:d3:45:87:1e
09-01 14:32:22.390 V/bt_stack( 8588): [VERBOSE1:btm_ble_gap.cc(2052)]  Waiting for scan response 38:f9:d3:45:87:1e
09-01 14:32:22.390 V/bt_stack( 8588): [VERBOSE1:btm_ble_gap.cc(1923)] btm_ble_process_ext_adv_pkt: bda=38:f9:d3:45:87:1e
09-01 14:32:22.390 V/bt_stack( 8588): [VERBOSE1:btm_ble_gap.cc(1847)] btm_ble_process_adv_addr: bda=38:f9:d3:45:87:1e
09-01 14:32:22.392 D/BluetoothUtils( 8588): blockedByLocationOff callingUid=1002
09-01 14:32:22.393 I/BluetoothUtils( 8588): packagename is android.uid.bluetooth:1002 ,and its permission is false
09-01 14:32:22.393 D/BluetoothUtils( 8588): blockedByLocationOff callingUid=1002
09-01 14:32:22.393 I/BluetoothUtils( 8588): packagename is android.uid.bluetooth:1002 ,and its permission is false
09-01 14:32:22.393 D/BluetoothUtils( 8588): blockedByLocationOff callingUid=1002
09-01 14:32:22.394 I/BluetoothUtils( 8588): packagename is android.uid.bluetooth:1002 ,and its permission is false
09-01 14:32:22.399 V/bt_stack( 8588): [VERBOSE1:gatt_main.cc(1079)] gatt_get_ch_state: ch_state=4
09-01 14:32:22.399 I/bt_stack( 8588): [INFO:gatt_main.cc(912)] gatt_data_process op_code = 19, msg_len = 0
09-01 14:32:22.399 V/bt_stack( 8588): [VERBOSE1:gatt_cl.cc(1094)] gatt_client_handle_server_rsp op_code: 19, len = 0rsp_code: 19
09-01 14:32:22.399 V/bt_stack( 8588): [VERBOSE1:gatt_utils.cc(1191)] gatt_end_operation status=0 op=3 subtype=2
09-01 14:32:22.400 V/bt_stack( 8588): [VERBOSE1:bta_gattc_act.cc(1309)] bta_gattc_cmpl_cback: conn_id:8 op:3 status:0
09-01 14:32:22.400 V/bt_stack( 8588): [VERBOSE1:bta_gattc_main.cc(361)] bta_gattc_hdl_event: Event:BTA_GATTC_OP_CMPL_EVT
09-01 14:32:22.400 V/bt_stack( 8588): [VERBOSE1:bta_gattc_main.cc(305)] bta_gattc_sm_execute: State 0x02 [GATTC_CONN_ST], Event 0x1f0f[BTA_GATTC_OP_CMPL_EVT]
09-01 14:32:22.400 V/bt_stack( 8588): [VERBOSE1:bta_gattc_act.cc(936)] bta_gattc_op_cmpl: op:3
09-01 14:32:22.400 V/bt_stack( 8588): [VERBOSE1:bta_gattc_main.cc(341)] bta_gattc_sm_execute: GATTC State Change: 0x02 -> 0x02 after Event 0x1f0f
09-01 14:32:22.401 V/bt_stack( 8588): [VERBOSE1:btm_ble_gap.cc(1923)] btm_ble_process_ext_adv_pkt: bda=d3:ce:19:45:b1:77
09-01 14:32:22.401 V/bt_stack( 8588): [VERBOSE1:btm_ble_gap.cc(1847)] btm_ble_process_adv_addr: bda=d3:ce:19:45:b1:77
09-01 14:32:22.401 V/bt_stack( 8588): [VERBOSE1:btm_ble_gap.cc(2052)]  Waiting for scan response d3:ce:19:45:b1:77
09-01 14:32:22.401 V/bt_stack( 8588): [VERBOSE1:btm_ble_gap.cc(1923)] btm_ble_process_ext_adv_pkt: bda=1b:39:55:3e:e3:6c
09-01 14:32:22.401 V/bt_stack( 8588): [VERBOSE1:btm_ble_gap.cc(1847)] btm_ble_process_adv_addr: bda=1b:39:55:3e:e3:6c
09-01 14:32:22.402 D/BluetoothUtils( 8588): blockedByLocationOff callingUid=1002
09-01 14:32:22.403 I/BluetoothUtils( 8588): packagename is android.uid.bluetooth:1002 ,and its permission is false
09-01 14:32:22.404 V/bt_stack( 8588): [VERBOSE1:btm_ble_gap.cc(1923)] btm_ble_process_ext_adv_pkt: bda=56:e4:da:79:d5:88
09-01 14:32:22.404 V/bt_stack( 8588): [VERBOSE1:btm_ble_gap.cc(1847)] btm_ble_process_adv_addr: bda=56:e4:da:79:d5:88
09-01 14:32:22.404 V/bt_stack( 8588): [VERBOSE1:btm_ble_gap.cc(2052)]  Waiting for scan response 56:e4:da:79:d5:88
09-01 14:32:22.404 V/bt_stack( 8588): [VERBOSE1:btm_ble_gap.cc(1923)] btm_ble_process_ext_adv_pkt: bda=56:e4:da:79:d5:88
09-01 14:32:22.404 V/bt_stack( 8588): [VERBOSE1:btm_ble_gap.cc(1847)] btm_ble_process_adv_addr: bda=56:e4:da:79:d5:88
09-01 14:32:22.404 D/BluetoothUtils( 8588): blockedByLocationOff callingUid=1002
09-01 14:32:22.404 I/BluetoothUtils( 8588): packagename is android.uid.bluetooth:1002 ,and its permission is false
09-01 14:32:22.404 D/BluetoothUtils( 8588): blockedByLocationOff callingUid=1002
09-01 14:32:22.405 I/BluetoothUtils( 8588): packagename is android.uid.bluetooth:1002 ,and its permission is false
09-01 14:32:22.405 V/bt_stack( 8588): [VERBOSE1:bta_gattc_main.cc(361)] bta_gattc_hdl_event: Event:BTA_GATTC_API_WRITE_EVT
09-01 14:32:22.405 V/bt_stack( 8588): [VERBOSE1:bta_gattc_main.cc(305)] bta_gattc_sm_execute: State 0x02 [GATTC_CONN_ST], Event 0x1f05[BTA_GATTC_API_WRITE_EVT]
09-01 14:32:22.405 V/bt_stack( 8588): [VERBOSE1:gatt_utils.cc(1191)] gatt_end_operation status=0 op=3 subtype=1
09-01 14:32:22.405 V/bt_stack( 8588): [VERBOSE1:bta_gattc_act.cc(1309)] bta_gattc_cmpl_cback: conn_id:8 op:3 status:0
09-01 14:32:22.405 V/bt_stack( 8588): [VERBOSE1:bta_gattc_main.cc(341)] bta_gattc_sm_execute: GATTC State Change: 0x02 -> 0x02 after Event 0x1f05
09-01 14:32:22.405 V/bt_stack( 8588): [VERBOSE1:bta_gattc_main.cc(361)] bta_gattc_hdl_event: Event:BTA_GATTC_OP_CMPL_EVT
09-01 14:32:22.405 V/bt_stack( 8588): [VERBOSE1:bta_gattc_main.cc(305)] bta_gattc_sm_execute: State 0x02 [GATTC_CONN_ST], Event 0x1f0f[BTA_GATTC_OP_CMPL_EVT]
09-01 14:32:22.405 V/bt_stack( 8588): [VERBOSE1:bta_gattc_act.cc(936)] bta_gattc_op_cmpl: op:3
09-01 14:32:22.405 D/BluetoothUtils( 8588): blockedByLocationOff callingUid=1002
09-01 14:32:22.405 V/bt_stack( 8588): [VERBOSE1:bta_gattc_main.cc(341)] bta_gattc_sm_execute: GATTC State Change: 0x02 -> 0x02 after Event 0x1f0f
09-01 14:32:22.406 I/BluetoothUtils( 8588): packagename is android.uid.bluetooth:1002 ,and its permission is false
09-01 14:32:22.406 D/BluetoothUtils( 8588): blockedByLocationOff callingUid=1002
09-01 14:32:22.406 I/BluetoothUtils( 8588): packagename is android.uid.bluetooth:1002 ,and its permission is false
09-01 14:32:22.406 D/BluetoothUtils( 8588): blockedByLocationOff callingUid=1002
09-01 14:32:22.406 I/BluetoothUtils( 8588): packagename is android.uid.bluetooth:1002 ,and its permission is false
09-01 14:32:22.412 V/bt_stack( 8588): [VERBOSE1:btm_ble_gap.cc(1923)] btm_ble_process_ext_adv_pkt: bda=2a:99:8c:12:d1:b1
09-01 14:32:22.412 V/bt_stack( 8588): [VERBOSE1:btm_ble_gap.cc(1847)] btm_ble_process_adv_addr: bda=2a:99:8c:12:d1:b1
09-01 14:32:22.414 D/BluetoothUtils( 8588): blockedByLocationOff callingUid=1002
09-01 14:32:22.414 I/BluetoothUtils( 8588): packagename is android.uid.bluetooth:1002 ,and its permission is false
09-01 14:32:22.414 D/BluetoothUtils( 8588): blockedByLocationOff callingUid=1002
09-01 14:32:22.415 I/BluetoothUtils( 8588): packagename is android.uid.bluetooth:1002 ,and its permission is false
09-01 14:32:22.415 D/BluetoothUtils( 8588): blockedByLocationOff callingUid=1002
09-01 14:32:22.415 I/BluetoothUtils( 8588): packagename is android.uid.bluetooth:1002 ,and its permission is false
09-01 14:32:22.417 V/bt_stack( 8588): [VERBOSE1:btm_ble_gap.cc(1923)] btm_ble_process_ext_adv_pkt: bda=17:7e:29:ab:4e:d0
09-01 14:32:22.417 V/bt_stack( 8588): [VERBOSE1:btm_ble_gap.cc(1847)] btm_ble_process_adv_addr: bda=17:7e:29:ab:4e:d0
09-01 14:32:22.418 D/BluetoothUtils( 8588): blockedByLocationOff callingUid=1002
09-01 14:32:22.418 I/BluetoothUtils( 8588): packagename is android.uid.bluetooth:1002 ,and its permission is false
09-01 14:32:22.418 D/BluetoothUtils( 8588): blockedByLocationOff callingUid=1002
09-01 14:32:22.419 V/bt_stack( 8588): [VERBOSE1:btm_ble_gap.cc(1923)] btm_ble_process_ext_adv_pkt: bda=04:b0:56:de:30:bf
09-01 14:32:22.419 I/BluetoothUtils( 8588): packagename is android.uid.bluetooth:1002 ,and its permission is false
09-01 14:32:22.419 V/bt_stack( 8588): [VERBOSE1:btm_ble_gap.cc(1847)] btm_ble_process_adv_addr: bda=04:b0:56:de:30:bf
09-01 14:32:22.419 D/BluetoothUtils( 8588): blockedByLocationOff callingUid=1002
09-01 14:32:22.419 I/BluetoothUtils( 8588): packagename is android.uid.bluetooth:1002 ,and its permission is false
09-01 14:32:22.420 D/BluetoothUtils( 8588): blockedByLocationOff callingUid=1002
09-01 14:32:22.421 I/BluetoothUtils( 8588): packagename is android.uid.bluetooth:1002 ,and its permission is false
09-01 14:32:22.421 D/BluetoothUtils( 8588): blockedByLocationOff callingUid=1002
09-01 14:32:22.421 I/BluetoothUtils( 8588): packagename is android.uid.bluetooth:1002 ,and its permission is false
09-01 14:32:22.421 D/BluetoothUtils( 8588): blockedByLocationOff callingUid=1002
09-01 14:32:22.421 I/BluetoothUtils( 8588): packagename is android.uid.bluetooth:1002 ,and its permission is false
09-01 14:32:22.434 V/bt_stack( 8588): [VERBOSE1:btm_ble_gap.cc(1923)] btm_ble_process_ext_adv_pkt: bda=c1:e5:1e:69:fb:26
09-01 14:32:22.434 V/bt_stack( 8588): [VERBOSE1:btm_ble_gap.cc(1847)] btm_ble_process_adv_addr: bda=c1:e5:1e:69:fb:26
09-01 14:32:22.435 V/bt_stack( 8588): [VERBOSE1:btm_ble_gap.cc(2052)]  Waiting for scan response c1:e5:1e:69:fb:26
09-01 14:32:22.435 V/bt_stack( 8588): [VERBOSE1:btm_ble_gap.cc(1923)] btm_ble_process_ext_adv_pkt: bda=0c:1a:06:0e:96:57
09-01 14:32:22.435 V/bt_stack( 8588): [VERBOSE1:btm_ble_gap.cc(1847)] btm_ble_process_adv_addr: bda=0c:1a:06:0e:96:57
09-01 14:32:22.436 V/bt_stack( 8588): [VERBOSE1:btm_ble_gap.cc(1923)] btm_ble_process_ext_adv_pkt: bda=56:e4:da:79:d5:88
09-01 14:32:22.436 V/bt_stack( 8588): [VERBOSE1:btm_ble_gap.cc(1847)] btm_ble_process_adv_addr: bda=56:e4:da:79:d5:88
09-01 14:32:22.436 V/bt_stack( 8588): [VERBOSE1:btm_ble_gap.cc(2052)]  Waiting for scan response 56:e4:da:79:d5:88
09-01 14:32:22.436 V/bt_stack( 8588): [VERBOSE1:btm_ble_gap.cc(1923)] btm_ble_process_ext_adv_pkt: bda=56:e4:da:79:d5:88
09-01 14:32:22.436 V/bt_stack( 8588): [VERBOSE1:btm_ble_gap.cc(1847)] btm_ble_process_adv_addr: bda=56:e4:da:79:d5:88
09-01 14:32:22.437 D/BluetoothUtils( 8588): blockedByLocationOff callingUid=1002
09-01 14:32:22.438 I/BluetoothUtils( 8588): packagename is android.uid.bluetooth:1002 ,and its permission is false
09-01 14:32:22.438 D/BluetoothUtils( 8588): blockedByLocationOff callingUid=1002
09-01 14:32:22.439 I/BluetoothUtils( 8588): packagename is android.uid.bluetooth:1002 ,and its permission is false
09-01 14:32:22.439 D/BluetoothUtils( 8588): blockedByLocationOff callingUid=1002
09-01 14:32:22.439 I/BluetoothUtils( 8588): packagename is android.uid.bluetooth:1002 ,and its permission is false
09-01 14:32:22.440 V/bt_stack( 8588): [VERBOSE1:btm_ble_gap.cc(1923)] btm_ble_process_ext_adv_pkt: bda=65:4b:eb:fb:21:09
09-01 14:32:22.440 V/bt_stack( 8588): [VERBOSE1:btm_ble_gap.cc(1847)] btm_ble_process_adv_addr: bda=65:4b:eb:fb:21:09
09-01 14:32:22.441 D/BluetoothUtils( 8588): blockedByLocationOff callingUid=1002
09-01 14:32:22.441 I/BluetoothUtils( 8588): packagename is android.uid.bluetooth:1002 ,and its permission is false
09-01 14:32:22.442 D/BluetoothUtils( 8588): blockedByLocationOff callingUid=1002
09-01 14:32:22.442 I/BluetoothUtils( 8588): packagename is android.uid.bluetooth:1002 ,and its permission is false
09-01 14:32:22.442 D/BluetoothUtils( 8588): blockedByLocationOff callingUid=1002
09-01 14:32:22.443 I/BluetoothUtils( 8588): packagename is android.uid.bluetooth:1002 ,and its permission is false
09-01 14:32:22.444 D/BluetoothUtils( 8588): blockedByLocationOff callingUid=1002
09-01 14:32:22.445 I/BluetoothUtils( 8588): packagename is android.uid.bluetooth:1002 ,and its permission is false
09-01 14:32:22.445 D/BluetoothUtils( 8588): blockedByLocationOff callingUid=1002
09-01 14:32:22.445 I/BluetoothUtils( 8588): packagename is android.uid.bluetooth:1002 ,and its permission is false
09-01 14:32:22.445 D/BluetoothUtils( 8588): blockedByLocationOff callingUid=1002
09-01 14:32:22.446 I/BluetoothUtils( 8588): packagename is android.uid.bluetooth:1002 ,and its permission is false
09-01 14:32:22.451 V/bt_stack( 8588): [VERBOSE1:btm_ble_gap.cc(1923)] btm_ble_process_ext_adv_pkt: bda=38:f9:d3:45:87:1e
09-01 14:32:22.451 V/bt_stack( 8588): [VERBOSE1:btm_ble_gap.cc(1847)] btm_ble_process_adv_addr: bda=38:f9:d3:45:87:1e
09-01 14:32:22.451 V/bt_stack( 8588): [VERBOSE1:btm_ble_gap.cc(2052)]  Waiting for scan response 38:f9:d3:45:87:1e
09-01 14:32:22.451 V/bt_stack( 8588): [VERBOSE1:btm_ble_gap.cc(1923)] btm_ble_process_ext_adv_pkt: bda=38:f9:d3:45:87:1e
09-01 14:32:22.451 V/bt_stack( 8588): [VERBOSE1:btm_ble_gap.cc(1847)] btm_ble_process_adv_addr: bda=38:f9:d3:45:87:1e
09-01 14:32:22.452 D/BluetoothUtils( 8588): blockedByLocationOff callingUid=1002
09-01 14:32:22.452 I/BluetoothUtils( 8588): packagename is android.uid.bluetooth:1002 ,and its permission is false
09-01 14:32:22.452 D/BluetoothUtils( 8588): blockedByLocationOff callingUid=1002
09-01 14:32:22.453 I/BluetoothUtils( 8588): packagename is android.uid.bluetooth:1002 ,and its permission is false
09-01 14:32:22.453 D/BluetoothUtils( 8588): blockedByLocationOff callingUid=1002
09-01 14:32:22.453 I/BluetoothUtils( 8588): packagename is android.uid.bluetooth:1002 ,and its permission is false
09-01 14:32:22.460 V/bt_stack( 8588): [VERBOSE1:btm_ble_gap.cc(1923)] btm_ble_process_ext_adv_pkt: bda=3a:22:34:61:3f:f3
09-01 14:32:22.460 V/bt_stack( 8588): [VERBOSE1:btm_ble_gap.cc(1847)] btm_ble_process_adv_addr: bda=3a:22:34:61:3f:f3
09-01 14:32:22.462 D/BluetoothUtils( 8588): blockedByLocationOff callingUid=1002
09-01 14:32:22.462 I/BluetoothUtils( 8588): packagename is android.uid.bluetooth:1002 ,and its permission is false
09-01 14:32:22.462 D/BluetoothUtils( 8588): blockedByLocationOff callingUid=1002
09-01 14:32:22.463 I/BluetoothUtils( 8588): packagename is android.uid.bluetooth:1002 ,and its permission is false
09-01 14:32:22.463 D/BluetoothUtils( 8588): blockedByLocationOff callingUid=1002
09-01 14:32:22.463 V/bt_stack( 8588): [VERBOSE1:btm_ble_gap.cc(1923)] btm_ble_process_ext_adv_pkt: bda=36:c9:49:a0:b6:9d
09-01 14:32:22.463 I/BluetoothUtils( 8588): packagename is android.uid.bluetooth:1002 ,and its permission is false
09-01 14:32:22.463 V/bt_stack( 8588): [VERBOSE1:btm_ble_gap.cc(1847)] btm_ble_process_adv_addr: bda=36:c9:49:a0:b6:9d
09-01 14:32:22.464 D/BluetoothUtils( 8588): blockedByLocationOff callingUid=1002
09-01 14:32:22.465 I/BluetoothUtils( 8588): packagename is android.uid.bluetooth:1002 ,and its permission is false
09-01 14:32:22.465 D/BluetoothUtils( 8588): blockedByLocationOff callingUid=1002
09-01 14:32:22.466 I/BluetoothUtils( 8588): packagename is android.uid.bluetooth:1002 ,and its permission is false
09-01 14:32:22.466 D/BluetoothUtils( 8588): blockedByLocationOff callingUid=1002
09-01 14:32:22.466 I/BluetoothUtils( 8588): packagename is android.uid.bluetooth:1002 ,and its permission is false
09-01 14:32:22.474 V/bt_stack( 8588): [VERBOSE1:btm_ble_gap.cc(1923)] btm_ble_process_ext_adv_pkt: bda=77:60:99:3a:74:d9
09-01 14:32:22.474 V/bt_stack( 8588): [VERBOSE1:btm_ble_gap.cc(1847)] btm_ble_process_adv_addr: bda=77:60:99:3a:74:d9
09-01 14:32:22.474 V/bt_stack( 8588): [VERBOSE1:btm_ble_gap.cc(2052)]  Waiting for scan response 77:60:99:3a:74:d9
09-01 14:32:22.475 V/bt_stack( 8588): [VERBOSE1:btm_ble_gap.cc(1923)] btm_ble_process_ext_adv_pkt: bda=56:e4:da:79:d5:88
09-01 14:32:22.475 V/bt_stack( 8588): [VERBOSE1:btm_ble_gap.cc(1847)] btm_ble_process_adv_addr: bda=56:e4:da:79:d5:88
09-01 14:32:22.475 V/bt_stack( 8588): [VERBOSE1:btm_ble_gap.cc(2052)]  Waiting for scan response 56:e4:da:79:d5:88
09-01 14:32:22.475 V/bt_stack( 8588): [VERBOSE1:btm_ble_gap.cc(1923)] btm_ble_process_ext_adv_pkt: bda=56:e4:da:79:d5:88
09-01 14:32:22.475 V/bt_stack( 8588): [VERBOSE1:btm_ble_gap.cc(1847)] btm_ble_process_adv_addr: bda=56:e4:da:79:d5:88
09-01 14:32:22.476 D/BluetoothUtils( 8588): blockedByLocationOff callingUid=1002
09-01 14:32:22.477 I/BluetoothUtils( 8588): packagename is android.uid.bluetooth:1002 ,and its permission is false
09-01 14:32:22.477 D/BluetoothUtils( 8588): blockedByLocationOff callingUid=1002
09-01 14:32:22.477 I/BluetoothUtils( 8588): packagename is android.uid.bluetooth:1002 ,and its permission is false
09-01 14:32:22.478 D/BluetoothUtils( 8588): blockedByLocationOff callingUid=1002
09-01 14:32:22.478 I/BluetoothUtils( 8588): packagename is android.uid.bluetooth:1002 ,and its permission is false
09-01 14:32:22.486 V/bt_stack( 8588): [VERBOSE1:btm_ble_gap.cc(1923)] btm_ble_process_ext_adv_pkt: bda=0a:29:89:b7:c8:4a
09-01 14:32:22.486 V/bt_stack( 8588): [VERBOSE1:btm_ble_gap.cc(1847)] btm_ble_process_adv_addr: bda=0a:29:89:b7:c8:4a
09-01 14:32:22.487 V/bt_stack( 8588): [VERBOSE1:btm_ble_gap.cc(1923)] btm_ble_process_ext_adv_pkt: bda=06:fa:50:9b:39:c0
09-01 14:32:22.487 V/bt_stack( 8588): [VERBOSE1:btm_ble_gap.cc(1847)] btm_ble_process_adv_addr: bda=06:fa:50:9b:39:c0
09-01 14:32:22.488 D/BluetoothUtils( 8588): blockedByLocationOff callingUid=1002
09-01 14:32:22.489 I/BluetoothUtils( 8588): packagename is android.uid.bluetooth:1002 ,and its permission is false
09-01 14:32:22.489 D/BluetoothUtils( 8588): blockedByLocationOff callingUid=1002
09-01 14:32:22.489 V/bt_stack( 8588): [VERBOSE1:gatt_main.cc(1079)] gatt_get_ch_state: ch_state=4
09-01 14:32:22.489 I/bt_stack( 8588): [INFO:gatt_main.cc(912)] gatt_data_process op_code = 27, msg_len = 7
09-01 14:32:22.489 V/bt_stack( 8588): [VERBOSE1:gatt_cl.cc(620)] gatt_process_notification
09-01 14:32:22.489 V/bt_stack( 8588): [VERBOSE1:gatt_auth.cc(364)] gatt_get_link_encrypt_status status=0x8e
09-01 14:32:22.489 V/bt_stack( 8588): [VERBOSE1:bta_gattc_act.cc(1309)] bta_gattc_cmpl_cback: conn_id:3 op:6 status:142
09-01 14:32:22.489 V/bt_stack( 8588): [VERBOSE1:gatt_api.cc(1276)] GATT_GetConnectionInfor conn_id=0x0003
09-01 14:32:22.489 I/BluetoothUtils( 8588): packagename is android.uid.bluetooth:1002 ,and its permission is false
09-01 14:32:22.489 V/bt_stack( 8588): [VERBOSE1:bta_gattc_act.cc(1309)] bta_gattc_cmpl_cback: conn_id:4 op:6 status:142
09-01 14:32:22.489 V/bt_stack( 8588): [VERBOSE1:gatt_api.cc(1276)] GATT_GetConnectionInfor conn_id=0x0004
09-01 14:32:22.489 D/BluetoothUtils( 8588): blockedByLocationOff callingUid=1002
09-01 14:32:22.489 E/bt_btif ( 8588): bta_gattc_process_indicate, ignore HID ind/notificiation
09-01 14:32:22.489 V/bt_stack( 8588): [VERBOSE1:bta_gattc_act.cc(1309)] bta_gattc_cmpl_cback: conn_id:5 op:6 status:142
09-01 14:32:22.489 V/bt_stack( 8588): [VERBOSE1:gatt_api.cc(1276)] GATT_GetConnectionInfor conn_id=0x0005
09-01 14:32:22.489 V/bt_stack( 8588): [VERBOSE1:bta_gattc_act.cc(1309)] bta_gattc_cmpl_cback: conn_id:6 op:6 status:142
09-01 14:32:22.489 V/bt_stack( 8588): [VERBOSE1:gatt_api.cc(1276)] GATT_GetConnectionInfor conn_id=0x0006
09-01 14:32:22.489 V/bt_stack( 8588): [VERBOSE1:bta_gattc_act.cc(1309)] bta_gattc_cmpl_cback: conn_id:7 op:6 status:142
09-01 14:32:22.489 V/bt_stack( 8588): [VERBOSE1:gatt_api.cc(1276)] GATT_GetConnectionInfor conn_id=0x0007
09-01 14:32:22.489 I/BluetoothUtils( 8588): packagename is android.uid.bluetooth:1002 ,and its permission is false
09-01 14:32:22.489 V/bt_stack( 8588): [VERBOSE1:bta_gattc_act.cc(1309)] bta_gattc_cmpl_cback: conn_id:8 op:6 status:142
09-01 14:32:22.489 V/bt_stack( 8588): [VERBOSE1:gatt_api.cc(1276)] GATT_GetConnectionInfor conn_id=0x0008
09-01 14:32:22.489 V/bt_stack( 8588): [VERBOSE1:bta_gattc_utils.cc(346)] Notification registered!
09-01 14:32:22.489 V/bt_stack( 8588): [VERBOSE1:bta_gattc_act.cc(1212)] bta_gattc_proc_other_indication: check p_data->att_value.handle=56 p_data->handle=0
09-01 14:32:22.490 V/bt_stack( 8588): [VERBOSE1:bta_gattc_act.cc(1216)] is_notify0
09-01 14:32:22.490 V/bt_stack( 8588): [VERBOSE1:bta_gattc_act.cc(1309)] bta_gattc_cmpl_cback: conn_id:9 op:6 status:142
09-01 14:32:22.490 V/bt_stack( 8588): [VERBOSE1:gatt_api.cc(1276)] GATT_GetConnectionInfor conn_id=0x0009
09-01 14:32:22.490 V/bt_stack( 8588): [VERBOSE1:bta_gattc_act.cc(1309)] bta_gattc_cmpl_cback: conn_id:10 op:6 status:142
09-01 14:32:22.490 V/bt_stack( 8588): [VERBOSE1:gatt_api.cc(1276)] GATT_GetConnectionInfor conn_id=0x000a
09-01 14:32:22.490 V/bt_stack( 8588): [VERBOSE1:bta_gattc_act.cc(1309)] bta_gattc_cmpl_cback: conn_id:11 op:6 status:142
09-01 14:32:22.490 V/bt_stack( 8588): [VERBOSE1:gatt_api.cc(1276)] GATT_GetConnectionInfor conn_id=0x000b
09-01 14:32:22.490 V/bt_stack( 8588): [VERBOSE1:bta_gattc_act.cc(1309)] bta_gattc_cmpl_cback: conn_id:12 op:6 status:142
09-01 14:32:22.490 V/bt_stack( 8588): [VERBOSE1:gatt_api.cc(1276)] GATT_GetConnectionInfor conn_id=0x000c
09-01 14:32:22.490 V/bt_stack( 8588): [VERBOSE1:bta_gattc_act.cc(1309)] bta_gattc_cmpl_cback: conn_id:13 op:6 status:142
09-01 14:32:22.490 V/bt_stack( 8588): [VERBOSE1:gatt_api.cc(1276)] GATT_GetConnectionInfor conn_id=0x000d
09-01 14:32:22.490 V/bt_stack( 8588): [VERBOSE1:bta_gattc_act.cc(1309)] bta_gattc_cmpl_cback: conn_id:14 op:6 status:142
09-01 14:32:22.490 V/bt_stack( 8588): [VERBOSE1:gatt_api.cc(1276)] GATT_GetConnectionInfor conn_id=0x000e
09-01 14:32:22.490 V/bt_stack( 8588): [VERBOSE1:bta_gattc_act.cc(1309)] bta_gattc_cmpl_cback: conn_id:15 op:6 status:142
09-01 14:32:22.490 V/bt_stack( 8588): [VERBOSE1:gatt_api.cc(1276)] GATT_GetConnectionInfor conn_id=0x000f
09-01 14:32:22.490 V/bt_stack( 8588): [VERBOSE1:bta_gattc_act.cc(1309)] bta_gattc_cmpl_cback: conn_id:16 op:6 status:142
09-01 14:32:22.490 D/BluetoothUtils( 8588): blockedByLocationOff callingUid=1002
09-01 14:32:22.490 V/bt_stack( 8588): [VERBOSE1:gatt_api.cc(1276)] GATT_GetConnectionInfor conn_id=0x0010
09-01 14:32:22.490 V/bt_stack( 8588): [VERBOSE1:bta_gattc_act.cc(1309)] bta_gattc_cmpl_cback: conn_id:17 op:6 status:142
09-01 14:32:22.490 V/bt_stack( 8588): [VERBOSE1:gatt_api.cc(1276)] GATT_GetConnectionInfor conn_id=0x0011
09-01 14:32:22.490 V/bt_stack( 8588): [VERBOSE1:bta_gattc_act.cc(1309)] bta_gattc_cmpl_cback: conn_id:18 op:6 status:142
09-01 14:32:22.490 V/bt_stack( 8588): [VERBOSE1:gatt_api.cc(1276)] GATT_GetConnectionInfor conn_id=0x0012
09-01 14:32:22.490 I/BluetoothUtils( 8588): packagename is android.uid.bluetooth:1002 ,and its permission is false
09-01 14:32:22.491 D/BluetoothUtils( 8588): blockedByLocationOff callingUid=1002
09-01 14:32:22.491 I/BluetoothUtils( 8588): packagename is android.uid.bluetooth:1002 ,and its permission is false
09-01 14:32:22.491 D/BluetoothUtils( 8588): blockedByLocationOff callingUid=1002
09-01 14:32:22.491 I/BluetoothUtils( 8588): packagename is android.uid.bluetooth:1002 ,and its permission is false
09-01 14:32:22.492 D/BluetoothGatt( 9745): setCharacteristicNotification() - uuid: 00000003-0000-3512-2118-0009af100700 enable: false
09-01 14:32:22.493 D/BtGatt.GattService( 8588): registerForNotification() - address=C3:D4:F4:E3:11:EC enable: false
09-01 14:32:22.494 V/bt_stack( 8588): [VERBOSE1:bta_gattc_api.cc(715)] BTA_GATTC_DeregisterForNotifications deregistered bd_addr=c3:d4:f4:e3:11:ec
09-01 14:32:22.494 D/BtGatt.GattService( 8588): onRegisterForNotifications() - address=null, status=0, registered=0, handle=56
09-01 14:32:22.495 V/bt_stack( 8588): [VERBOSE1:bta_gattc_main.cc(361)] bta_gattc_hdl_event: Event:BTA_GATTC_API_WRITE_EVT
09-01 14:32:22.495 V/bt_stack( 8588): [VERBOSE1:bta_gattc_main.cc(305)] bta_gattc_sm_execute: State 0x02 [GATTC_CONN_ST], Event 0x1f05[BTA_GATTC_API_WRITE_EVT]
09-01 14:32:22.495 V/bt_stack( 8588): [VERBOSE1:bta_gattc_main.cc(341)] bta_gattc_sm_execute: GATTC State Change: 0x02 -> 0x02 after Event 0x1f05
09-01 14:32:22.504 V/bt_stack( 8588): [VERBOSE1:btm_ble_gap.cc(1923)] btm_ble_process_ext_adv_pkt: bda=c2:b5:5e:9d:d6:9e
09-01 14:32:22.504 V/bt_stack( 8588): [VERBOSE1:btm_ble_gap.cc(1847)] btm_ble_process_adv_addr: bda=c2:b5:5e:9d:d6:9e
09-01 14:32:22.504 V/bt_stack( 8588): [VERBOSE1:btm_ble_gap.cc(2052)]  Waiting for scan response c2:b5:5e:9d:d6:9e
09-01 14:32:22.504 V/bt_stack( 8588): [VERBOSE1:btm_ble_gap.cc(1923)] btm_ble_process_ext_adv_pkt: bda=c2:b5:5e:9d:d6:9e
09-01 14:32:22.504 V/bt_stack( 8588): [VERBOSE1:btm_ble_gap.cc(1847)] btm_ble_process_adv_addr: bda=c2:b5:5e:9d:d6:9e
09-01 14:32:22.505 D/BluetoothUtils( 8588): blockedByLocationOff callingUid=1002
09-01 14:32:22.506 V/bt_stack( 8588): [VERBOSE1:btm_ble_gap.cc(1923)] btm_ble_process_ext_adv_pkt: bda=56:e4:da:79:d5:88
09-01 14:32:22.506 V/bt_stack( 8588): [VERBOSE1:btm_ble_gap.cc(1847)] btm_ble_process_adv_addr: bda=56:e4:da:79:d5:88
09-01 14:32:22.506 V/bt_stack( 8588): [VERBOSE1:btm_ble_gap.cc(2052)]  Waiting for scan response 56:e4:da:79:d5:88
09-01 14:32:22.506 V/bt_stack( 8588): [VERBOSE1:btm_ble_gap.cc(1923)] btm_ble_process_ext_adv_pkt: bda=56:e4:da:79:d5:88
09-01 14:32:22.506 V/bt_stack( 8588): [VERBOSE1:btm_ble_gap.cc(1847)] btm_ble_process_adv_addr: bda=56:e4:da:79:d5:88
09-01 14:32:22.506 I/BluetoothUtils( 8588): packagename is android.uid.bluetooth:1002 ,and its permission is false
09-01 14:32:22.506 D/BluetoothUtils( 8588): blockedByLocationOff callingUid=1002
09-01 14:32:22.507 I/BluetoothUtils( 8588): packagename is android.uid.bluetooth:1002 ,and its permission is false
09-01 14:32:22.507 D/BluetoothUtils( 8588): blockedByLocationOff callingUid=1002
09-01 14:32:22.508 I/BluetoothUtils( 8588): packagename is android.uid.bluetooth:1002 ,and its permission is false
09-01 14:32:22.509 D/BluetoothUtils( 8588): blockedByLocationOff callingUid=1002
09-01 14:32:22.509 V/bt_stack( 8588): [VERBOSE1:btm_ble_gap.cc(1923)] btm_ble_process_ext_adv_pkt: bda=17:be:83:99:5a:17
09-01 14:32:22.509 V/bt_stack( 8588): [VERBOSE1:btm_ble_gap.cc(1847)] btm_ble_process_adv_addr: bda=17:be:83:99:5a:17
09-01 14:32:22.509 I/BluetoothUtils( 8588): packagename is android.uid.bluetooth:1002 ,and its permission is false
09-01 14:32:22.509 D/BluetoothUtils( 8588): blockedByLocationOff callingUid=1002
09-01 14:32:22.510 I/BluetoothUtils( 8588): packagename is android.uid.bluetooth:1002 ,and its permission is false
09-01 14:32:22.510 D/BluetoothUtils( 8588): blockedByLocationOff callingUid=1002
09-01 14:32:22.510 I/BluetoothUtils( 8588): packagename is android.uid.bluetooth:1002 ,and its permission is false
09-01 14:32:22.511 D/BluetoothUtils( 8588): blockedByLocationOff callingUid=1002
09-01 14:32:22.512 I/BluetoothUtils( 8588): packagename is android.uid.bluetooth:1002 ,and its permission is false
09-01 14:32:22.512 D/BluetoothUtils( 8588): blockedByLocationOff callingUid=1002
09-01 14:32:22.512 I/BluetoothUtils( 8588): packagename is android.uid.bluetooth:1002 ,and its permission is false
09-01 14:32:22.512 D/BluetoothUtils( 8588): blockedByLocationOff callingUid=1002
09-01 14:32:22.512 I/BluetoothUtils( 8588): packagename is android.uid.bluetooth:1002 ,and its permission is false
09-01 14:32:22.519 I/appium  ( 9696): AppiumResponse: {"sessionId":"f134a94f-7c6f-46ba-965f-e61e75cb9df7","value":null}
09-01 14:32:22.521 V/bt_stack( 8588): [VERBOSE1:btm_ble_gap.cc(1923)] btm_ble_process_ext_adv_pkt: bda=17:7e:29:ab:4e:d0
09-01 14:32:22.521 V/bt_stack( 8588): [VERBOSE1:btm_ble_gap.cc(1847)] btm_ble_process_adv_addr: bda=17:7e:29:ab:4e:d0
09-01 14:32:22.522 D/BluetoothUtils( 8588): blockedByLocationOff callingUid=1002
09-01 14:32:22.523 I/BluetoothUtils( 8588): packagename is android.uid.bluetooth:1002 ,and its permission is false
09-01 14:32:22.523 D/BluetoothUtils( 8588): blockedByLocationOff callingUid=1002
09-01 14:32:22.523 I/BluetoothUtils( 8588): packagename is android.uid.bluetooth:1002 ,and its permission is false
09-01 14:32:22.523 D/BluetoothUtils( 8588): blockedByLocationOff callingUid=1002
09-01 14:32:22.524 I/BluetoothUtils( 8588): packagename is android.uid.bluetooth:1002 ,and its permission is false
09-01 14:32:22.524 V/bt_stack( 8588): [VERBOSE1:btm_ble_gap.cc(1923)] btm_ble_process_ext_adv_pkt: bda=04:b0:56:de:30:bf
09-01 14:32:22.524 V/bt_stack( 8588): [VERBOSE1:btm_ble_gap.cc(1847)] btm_ble_process_adv_addr: bda=04:b0:56:de:30:bf
09-01 14:32:22.526 D/BluetoothUtils( 8588): blockedByLocationOff callingUid=1002
09-01 14:32:22.526 I/BluetoothUtils( 8588): packagename is android.uid.bluetooth:1002 ,and its permission is false
09-01 14:32:22.526 D/BluetoothUtils( 8588): blockedByLocationOff callingUid=1002
09-01 14:32:22.527 I/BluetoothUtils( 8588): packagename is android.uid.bluetooth:1002 ,and its permission is false
09-01 14:32:22.527 D/BluetoothUtils( 8588): blockedByLocationOff callingUid=1002
09-01 14:32:22.527 I/BluetoothUtils( 8588): packagename is android.uid.bluetooth:1002 ,and its permission is false
09-01 14:32:22.537 V/bt_stack( 8588): [VERBOSE1:btm_ble_gap.cc(1923)] btm_ble_process_ext_adv_pkt: bda=6e:84:42:34:50:51
09-01 14:32:22.537 V/bt_stack( 8588): [VERBOSE1:btm_ble_gap.cc(1847)] btm_ble_process_adv_addr: bda=6e:84:42:34:50:51
09-01 14:32:22.537 V/bt_stack( 8588): [VERBOSE1:btm_ble_gap.cc(2052)]  Waiting for scan response 6e:84:42:34:50:51
09-01 14:32:22.537 V/bt_stack( 8588): [VERBOSE1:btm_ble_gap.cc(1923)] btm_ble_process_ext_adv_pkt: bda=0c:1a:06:0e:96:57
09-01 14:32:22.537 V/bt_stack( 8588): [VERBOSE1:btm_ble_gap.cc(1847)] btm_ble_process_adv_addr: bda=0c:1a:06:0e:96:57
09-01 14:32:22.539 D/BluetoothUtils( 8588): blockedByLocationOff callingUid=1002
09-01 14:32:22.539 I/BluetoothUtils( 8588): packagename is android.uid.bluetooth:1002 ,and its permission is false
09-01 14:32:22.539 D/BluetoothUtils( 8588): blockedByLocationOff callingUid=1002
09-01 14:32:22.540 I/BluetoothUtils( 8588): packagename is android.uid.bluetooth:1002 ,and its permission is false
09-01 14:32:22.540 D/BluetoothUtils( 8588): blockedByLocationOff callingUid=1002
09-01 14:32:22.540 I/BluetoothUtils( 8588): packagename is android.uid.bluetooth:1002 ,and its permission is false
09-01 14:32:22.541 V/bt_stack( 8588): [VERBOSE1:btm_ble_gap.cc(1923)] btm_ble_process_ext_adv_pkt: bda=56:e4:da:79:d5:88
09-01 14:32:22.541 V/bt_stack( 8588): [VERBOSE1:btm_ble_gap.cc(1847)] btm_ble_process_adv_addr: bda=56:e4:da:79:d5:88
09-01 14:32:22.541 V/bt_stack( 8588): [VERBOSE1:btm_ble_gap.cc(2052)]  Waiting for scan response 56:e4:da:79:d5:88
09-01 14:32:22.541 V/bt_stack( 8588): [VERBOSE1:btm_ble_gap.cc(1923)] btm_ble_process_ext_adv_pkt: bda=56:e4:da:79:d5:88
09-01 14:32:22.541 V/bt_stack( 8588): [VERBOSE1:btm_ble_gap.cc(1847)] btm_ble_process_adv_addr: bda=56:e4:da:79:d5:88
09-01 14:32:22.542 D/BluetoothUtils( 8588): blockedByLocationOff callingUid=1002
09-01 14:32:22.543 I/BluetoothUtils( 8588): packagename is android.uid.bluetooth:1002 ,and its permission is false
09-01 14:32:22.543 D/BluetoothUtils( 8588): blockedByLocationOff callingUid=1002
09-01 14:32:22.544 I/BluetoothUtils( 8588): packagename is android.uid.bluetooth:1002 ,and its permission is false
09-01 14:32:22.544 D/BluetoothUtils( 8588): blockedByLocationOff callingUid=1002
09-01 14:32:22.544 I/BluetoothUtils( 8588): packagename is android.uid.bluetooth:1002 ,and its permission is false
09-01 14:32:22.546 V/bt_stack( 8588): [VERBOSE1:btm_ble_gap.cc(1923)] btm_ble_process_ext_adv_pkt: bda=65:4b:eb:fb:21:09
09-01 14:32:22.546 V/bt_stack( 8588): [VERBOSE1:btm_ble_gap.cc(1847)] btm_ble_process_adv_addr: bda=65:4b:eb:fb:21:09
09-01 14:32:22.548 D/BluetoothUtils( 8588): blockedByLocationOff callingUid=1002
09-01 14:32:22.548 I/BluetoothUtils( 8588): packagename is android.uid.bluetooth:1002 ,and its permission is false
09-01 14:32:22.549 D/BluetoothUtils( 8588): blockedByLocationOff callingUid=1002
09-01 14:32:22.549 I/BluetoothUtils( 8588): packagename is android.uid.bluetooth:1002 ,and its permission is false
09-01 14:32:22.549 D/BluetoothUtils( 8588): blockedByLocationOff callingUid=1002
09-01 14:32:22.549 I/BluetoothUtils( 8588): packagename is android.uid.bluetooth:1002 ,and its permission is false
09-01 14:32:22.556 V/bt_stack( 8588): [VERBOSE1:btm_ble_gap.cc(1923)] btm_ble_process_ext_adv_pkt: bda=66:3e:07:e0:2b:d4
09-01 14:32:22.556 V/bt_stack( 8588): [VERBOSE1:btm_ble_gap.cc(1847)] btm_ble_process_adv_addr: bda=66:3e:07:e0:2b:d4
09-01 14:32:22.556 V/bt_stack( 8588): [VERBOSE1:btm_ble_gap.cc(2052)]  Waiting for scan response 66:3e:07:e0:2b:d4
09-01 14:32:22.556 V/bt_stack( 8588): [VERBOSE1:btm_ble_gap.cc(1923)] btm_ble_process_ext_adv_pkt: bda=66:3e:07:e0:2b:d4
09-01 14:32:22.556 V/bt_stack( 8588): [VERBOSE1:btm_ble_gap.cc(1847)] btm_ble_process_adv_addr: bda=66:3e:07:e0:2b:d4
09-01 14:32:22.557 V/bt_stack( 8588): [VERBOSE1:btm_ble_gap.cc(1923)] btm_ble_process_ext_adv_pkt: bda=38:f9:d3:45:87:1e
09-01 14:32:22.557 V/bt_stack( 8588): [VERBOSE1:btm_ble_gap.cc(1847)] btm_ble_process_adv_addr: bda=38:f9:d3:45:87:1e
09-01 14:32:22.557 V/bt_stack( 8588): [VERBOSE1:btm_ble_gap.cc(2052)]  Waiting for scan response 38:f9:d3:45:87:1e
09-01 14:32:22.557 V/bt_stack( 8588): [VERBOSE1:btm_ble_gap.cc(1923)] btm_ble_process_ext_adv_pkt: bda=38:f9:d3:45:87:1e
09-01 14:32:22.557 V/bt_stack( 8588): [VERBOSE1:btm_ble_gap.cc(1847)] btm_ble_process_adv_addr: bda=38:f9:d3:45:87:1e
09-01 14:32:22.557 D/BluetoothUtils( 8588): blockedByLocationOff callingUid=1002
09-01 14:32:22.558 I/BluetoothUtils( 8588): packagename is android.uid.bluetooth:1002 ,and its permission is false
09-01 14:32:22.558 D/BluetoothUtils( 8588): blockedByLocationOff callingUid=1002
09-01 14:32:22.558 I/BluetoothUtils( 8588): packagename is android.uid.bluetooth:1002 ,and its permission is false
09-01 14:32:22.558 D/BluetoothUtils( 8588): blockedByLocationOff callingUid=1002
09-01 14:32:22.558 I/BluetoothUtils( 8588): packagename is android.uid.bluetooth:1002 ,and its permission is false
09-01 14:32:22.559 I/appium  ( 9696): channel read invoked!
09-01 14:32:22.559 D/BluetoothUtils( 8588): blockedByLocationOff callingUid=1002
09-01 14:32:22.559 I/appium  ( 9696): channel read: POST /wd/hub/session/f134a94f-7c6f-46ba-965f-e61e75cb9df7/element
09-01 14:32:22.559 I/BluetoothUtils( 8588): packagename is android.uid.bluetooth:1002 ,and its permission is false
09-01 14:32:22.559 D/BluetoothUtils( 8588): blockedByLocationOff callingUid=1002
09-01 14:32:22.560 I/BluetoothUtils( 8588): packagename is android.uid.bluetooth:1002 ,and its permission is false
09-01 14:32:22.560 D/BluetoothUtils( 8588): blockedByLocationOff callingUid=1002
09-01 14:32:22.560 I/BluetoothUtils( 8588): packagename is android.uid.bluetooth:1002 ,and its permission is false
09-01 14:32:22.562 I/appium  ( 9696): Find element command using 'id' with selector 'nick_name_btn_save'.
09-01 14:32:22.562 I/appium  ( 9696): Waiting up to 10000ms for device to be idle
09-01 14:32:22.579 V/bt_stack( 8588): [VERBOSE1:gatt_main.cc(1079)] gatt_get_ch_state: ch_state=4
09-01 14:32:22.580 I/bt_stack( 8588): [INFO:gatt_main.cc(912)] gatt_data_process op_code = 19, msg_len = 0
09-01 14:32:22.580 V/bt_stack( 8588): [VERBOSE1:gatt_cl.cc(1094)] gatt_client_handle_server_rsp op_code: 19, len = 0rsp_code: 19
09-01 14:32:22.580 V/bt_stack( 8588): [VERBOSE1:gatt_utils.cc(1191)] gatt_end_operation status=0 op=3 subtype=2
09-01 14:32:22.580 V/bt_stack( 8588): [VERBOSE1:bta_gattc_act.cc(1309)] bta_gattc_cmpl_cback: conn_id:8 op:3 status:0
09-01 14:32:22.580 V/bt_stack( 8588): [VERBOSE1:bta_gattc_main.cc(361)] bta_gattc_hdl_event: Event:BTA_GATTC_OP_CMPL_EVT
09-01 14:32:22.580 V/bt_stack( 8588): [VERBOSE1:bta_gattc_main.cc(305)] bta_gattc_sm_execute: State 0x02 [GATTC_CONN_ST], Event 0x1f0f[BTA_GATTC_OP_CMPL_EVT]
09-01 14:32:22.580 V/bt_stack( 8588): [VERBOSE1:bta_gattc_act.cc(936)] bta_gattc_op_cmpl: op:3
09-01 14:32:22.580 V/bt_stack( 8588): [VERBOSE1:bta_gattc_main.cc(341)] bta_gattc_sm_execute: GATTC State Change: 0x02 -> 0x02 after Event 0x1f0f
09-01 14:32:22.582 V/bt_stack( 8588): [VERBOSE1:btm_ble_gap.cc(1923)] btm_ble_process_ext_adv_pkt: bda=d0:24:10:d7:5b:bc
09-01 14:32:22.583 V/bt_stack( 8588): [VERBOSE1:btm_ble_gap.cc(1847)] btm_ble_process_adv_addr: bda=d0:24:10:d7:5b:bc
09-01 14:32:22.583 V/bt_stack( 8588): [VERBOSE1:btm_ble_gap.cc(2052)]  Waiting for scan response d0:24:10:d7:5b:bc
09-01 14:32:22.585 D/BluetoothGatt( 9745): setCharacteristicNotification() - uuid: 00000003-0000-3512-2118-0009af100700 enable: true
09-01 14:32:22.586 D/BtGatt.GattService( 8588): registerForNotification() - address=C3:D4:F4:E3:11:EC enable: true
09-01 14:32:22.587 D/BtGatt.GattService( 8588): onRegisterForNotifications() - address=null, status=0, registered=1, handle=56
09-01 14:32:22.588 V/bt_stack( 8588): [VERBOSE1:bta_gattc_main.cc(361)] bta_gattc_hdl_event: Event:BTA_GATTC_API_WRITE_EVT
09-01 14:32:22.588 V/bt_stack( 8588): [VERBOSE1:bta_gattc_main.cc(305)] bta_gattc_sm_execute: State 0x02 [GATTC_CONN_ST], Event 0x1f05[BTA_GATTC_API_WRITE_EVT]
09-01 14:32:22.588 V/bt_stack( 8588): [VERBOSE1:bta_gattc_main.cc(341)] bta_gattc_sm_execute: GATTC State Change: 0x02 -> 0x02 after Event 0x1f05
09-01 14:32:22.589 V/bt_stack( 8588): [VERBOSE1:btm_ble_gap.cc(1923)] btm_ble_process_ext_adv_pkt: bda=58:d0:f0:96:be:49
09-01 14:32:22.589 V/bt_stack( 8588): [VERBOSE1:btm_ble_gap.cc(1847)] btm_ble_process_adv_addr: bda=58:d0:f0:96:be:49
09-01 14:32:22.589 V/bt_stack( 8588): [VERBOSE1:btm_ble_gap.cc(2052)]  Waiting for scan response 58:d0:f0:96:be:49
09-01 14:32:22.589 V/bt_stack( 8588): [VERBOSE1:btm_ble_gap.cc(1923)] btm_ble_process_ext_adv_pkt: bda=38:f9:d3:45:87:1e
09-01 14:32:22.589 V/bt_stack( 8588): [VERBOSE1:btm_ble_gap.cc(1847)] btm_ble_process_adv_addr: bda=38:f9:d3:45:87:1e
09-01 14:32:22.589 V/bt_stack( 8588): [VERBOSE1:btm_ble_gap.cc(2052)]  Waiting for scan response 38:f9:d3:45:87:1e
09-01 14:32:22.589 V/bt_stack( 8588): [VERBOSE1:btm_ble_gap.cc(1923)] btm_ble_process_ext_adv_pkt: bda=38:f9:d3:45:87:1e
09-01 14:32:22.590 V/bt_stack( 8588): [VERBOSE1:btm_ble_gap.cc(1847)] btm_ble_process_adv_addr: bda=38:f9:d3:45:87:1e
09-01 14:32:22.590 V/bt_stack( 8588): [VERBOSE1:btm_ble_gap.cc(1923)] btm_ble_process_ext_adv_pkt: bda=2d:8f:df:c2:a9:d4
09-01 14:32:22.590 V/bt_stack( 8588): [VERBOSE1:btm_ble_gap.cc(1847)] btm_ble_process_adv_addr: bda=2d:8f:df:c2:a9:d4
09-01 14:32:22.590 D/BluetoothUtils( 8588): blockedByLocationOff callingUid=1002
09-01 14:32:22.591 I/BluetoothUtils( 8588): packagename is android.uid.bluetooth:1002 ,and its permission is false
09-01 14:32:22.591 D/BluetoothUtils( 8588): blockedByLocationOff callingUid=1002
09-01 14:32:22.592 I/BluetoothUtils( 8588): packagename is android.uid.bluetooth:1002 ,and its permission is false
09-01 14:32:22.592 D/BluetoothUtils( 8588): blockedByLocationOff callingUid=1002
09-01 14:32:22.592 I/BluetoothUtils( 8588): packagename is android.uid.bluetooth:1002 ,and its permission is false
09-01 14:32:22.593 D/BluetoothUtils( 8588): blockedByLocationOff callingUid=1002
09-01 14:32:22.593 I/BluetoothUtils( 8588): packagename is android.uid.bluetooth:1002 ,and its permission is false
09-01 14:32:22.594 D/BluetoothUtils( 8588): blockedByLocationOff callingUid=1002
09-01 14:32:22.594 I/BluetoothUtils( 8588): packagename is android.uid.bluetooth:1002 ,and its permission is false
09-01 14:32:22.594 D/BluetoothUtils( 8588): blockedByLocationOff callingUid=1002
09-01 14:32:22.594 I/BluetoothUtils( 8588): packagename is android.uid.bluetooth:1002 ,and its permission is false
09-01 14:32:22.595 V/bt_stack( 8588): [VERBOSE1:btm_ble_gap.cc(1923)] btm_ble_process_ext_adv_pkt: bda=0a:29:89:b7:c8:4a
09-01 14:32:22.595 V/bt_stack( 8588): [VERBOSE1:btm_ble_gap.cc(1847)] btm_ble_process_adv_addr: bda=0a:29:89:b7:c8:4a
09-01 14:32:22.596 D/BluetoothUtils( 8588): blockedByLocationOff callingUid=1002
09-01 14:32:22.596 I/BluetoothUtils( 8588): packagename is android.uid.bluetooth:1002 ,and its permission is false
09-01 14:32:22.596 D/BluetoothUtils( 8588): blockedByLocationOff callingUid=1002
09-01 14:32:22.597 I/BluetoothUtils( 8588): packagename is android.uid.bluetooth:1002 ,and its permission is false
09-01 14:32:22.597 D/BluetoothUtils( 8588): blockedByLocationOff callingUid=1002
09-01 14:32:22.597 I/BluetoothUtils( 8588): packagename is android.uid.bluetooth:1002 ,and its permission is false
09-01 14:32:22.598 V/bt_stack( 8588): [VERBOSE1:btm_ble_gap.cc(1923)] btm_ble_process_ext_adv_pkt: bda=2e:17:70:f9:0b:48
09-01 14:32:22.598 V/bt_stack( 8588): [VERBOSE1:btm_ble_gap.cc(1847)] btm_ble_process_adv_addr: bda=2e:17:70:f9:0b:48
09-01 14:32:22.599 D/BluetoothUtils( 8588): blockedByLocationOff callingUid=1002
09-01 14:32:22.600 I/BluetoothUtils( 8588): packagename is android.uid.bluetooth:1002 ,and its permission is false
09-01 14:32:22.600 D/BluetoothUtils( 8588): blockedByLocationOff callingUid=1002
09-01 14:32:22.600 I/BluetoothUtils( 8588): packagename is android.uid.bluetooth:1002 ,and its permission is false
09-01 14:32:22.600 D/BluetoothUtils( 8588): blockedByLocationOff callingUid=1002
09-01 14:32:22.601 I/BluetoothUtils( 8588): packagename is android.uid.bluetooth:1002 ,and its permission is false
09-01 14:32:22.612 V/bt_stack( 8588): [VERBOSE1:btm_ble_gap.cc(1923)] btm_ble_process_ext_adv_pkt: bda=17:be:83:99:5a:17
09-01 14:32:22.612 V/bt_stack( 8588): [VERBOSE1:btm_ble_gap.cc(1847)] btm_ble_process_adv_addr: bda=17:be:83:99:5a:17
09-01 14:32:22.613 D/BluetoothUtils( 8588): blockedByLocationOff callingUid=1002
09-01 14:32:22.613 V/bt_stack( 8588): [VERBOSE1:btm_ble_gap.cc(1923)] btm_ble_process_ext_adv_pkt: bda=6a:1a:31:28:a4:f8
09-01 14:32:22.613 V/bt_stack( 8588): [VERBOSE1:btm_ble_gap.cc(1847)] btm_ble_process_adv_addr: bda=6a:1a:31:28:a4:f8
09-01 14:32:22.613 I/BluetoothUtils( 8588): packagename is android.uid.bluetooth:1002 ,and its permission is false
09-01 14:32:22.614 D/BluetoothUtils( 8588): blockedByLocationOff callingUid=1002
09-01 14:32:22.614 I/BluetoothUtils( 8588): packagename is android.uid.bluetooth:1002 ,and its permission is false
09-01 14:32:22.614 D/BluetoothUtils( 8588): blockedByLocationOff callingUid=1002
09-01 14:32:22.614 V/bt_stack( 8588): [VERBOSE1:btm_ble_gap.cc(1923)] btm_ble_process_ext_adv_pkt: bda=07:e4:7f:b4:5f:d9
09-01 14:32:22.614 V/bt_stack( 8588): [VERBOSE1:btm_ble_gap.cc(1847)] btm_ble_process_adv_addr: bda=07:e4:7f:b4:5f:d9
09-01 14:32:22.614 I/BluetoothUtils( 8588): packagename is android.uid.bluetooth:1002 ,and its permission is false
09-01 14:32:22.615 D/BluetoothUtils( 8588): blockedByLocationOff callingUid=1002
09-01 14:32:22.615 I/BluetoothUtils( 8588): packagename is android.uid.bluetooth:1002 ,and its permission is false
09-01 14:32:22.616 D/BluetoothUtils( 8588): blockedByLocationOff callingUid=1002
09-01 14:32:22.616 I/BluetoothUtils( 8588): packagename is android.uid.bluetooth:1002 ,and its permission is false
09-01 14:32:22.616 D/BluetoothUtils( 8588): blockedByLocationOff callingUid=1002
09-01 14:32:22.616 I/BluetoothUtils( 8588): packagename is android.uid.bluetooth:1002 ,and its permission is false
09-01 14:32:22.617 D/BluetoothUtils( 8588): blockedByLocationOff callingUid=1002
09-01 14:32:22.617 I/BluetoothUtils( 8588): packagename is android.uid.bluetooth:1002 ,and its permission is false
09-01 14:32:22.617 D/BluetoothUtils( 8588): blockedByLocationOff callingUid=1002
09-01 14:32:22.618 I/BluetoothUtils( 8588): packagename is android.uid.bluetooth:1002 ,and its permission is false
09-01 14:32:22.618 D/BluetoothUtils( 8588): blockedByLocationOff callingUid=1002
09-01 14:32:22.618 I/BluetoothUtils( 8588): packagename is android.uid.bluetooth:1002 ,and its permission is false
09-01 14:32:22.623 V/bt_stack( 8588): [VERBOSE1:btm_ble_gap.cc(1923)] btm_ble_process_ext_adv_pkt: bda=17:7e:29:ab:4e:d0
09-01 14:32:22.623 V/bt_stack( 8588): [VERBOSE1:btm_ble_gap.cc(1847)] btm_ble_process_adv_addr: bda=17:7e:29:ab:4e:d0
09-01 14:32:22.624 D/BluetoothUtils( 8588): blockedByLocationOff callingUid=1002
09-01 14:32:22.625 I/BluetoothUtils( 8588): packagename is android.uid.bluetooth:1002 ,and its permission is false
09-01 14:32:22.625 D/BluetoothUtils( 8588): blockedByLocationOff callingUid=1002
09-01 14:32:22.625 I/BluetoothUtils( 8588): packagename is android.uid.bluetooth:1002 ,and its permission is false
09-01 14:32:22.625 D/BluetoothUtils( 8588): blockedByLocationOff callingUid=1002
09-01 14:32:22.626 I/BluetoothUtils( 8588): packagename is android.uid.bluetooth:1002 ,and its permission is false
09-01 14:32:22.640 V/bt_stack( 8588): [VERBOSE1:btm_ble_gap.cc(1923)] btm_ble_process_ext_adv_pkt: bda=12:f7:c7:df:cb:b1
09-01 14:32:22.640 V/bt_stack( 8588): [VERBOSE1:btm_ble_gap.cc(1847)] btm_ble_process_adv_addr: bda=12:f7:c7:df:cb:b1
09-01 14:32:22.642 D/BluetoothUtils( 8588): blockedByLocationOff callingUid=1002
09-01 14:32:22.642 I/BluetoothUtils( 8588): packagename is android.uid.bluetooth:1002 ,and its permission is false
09-01 14:32:22.642 D/BluetoothUtils( 8588): blockedByLocationOff callingUid=1002
09-01 14:32:22.642 V/bt_stack( 8588): [VERBOSE1:btm_ble_gap.cc(1923)] btm_ble_process_ext_adv_pkt: bda=11:f0:0b:88:34:0c
09-01 14:32:22.642 I/BluetoothUtils( 8588): packagename is android.uid.bluetooth:1002 ,and its permission is false
09-01 14:32:22.643 V/bt_stack( 8588): [VERBOSE1:btm_ble_gap.cc(1847)] btm_ble_process_adv_addr: bda=11:f0:0b:88:34:0c
09-01 14:32:22.643 D/BluetoothUtils( 8588): blockedByLocationOff callingUid=1002
09-01 14:32:22.643 I/BluetoothUtils( 8588): packagename is android.uid.bluetooth:1002 ,and its permission is false
09-01 14:32:22.644 D/BluetoothUtils( 8588): blockedByLocationOff callingUid=1002
09-01 14:32:22.644 I/BluetoothUtils( 8588): packagename is android.uid.bluetooth:1002 ,and its permission is false
09-01 14:32:22.644 D/BluetoothUtils( 8588): blockedByLocationOff callingUid=1002
09-01 14:32:22.644 I/BluetoothUtils( 8588): packagename is android.uid.bluetooth:1002 ,and its permission is false
09-01 14:32:22.644 D/BluetoothUtils( 8588): blockedByLocationOff callingUid=1002
09-01 14:32:22.645 I/BluetoothUtils( 8588): packagename is android.uid.bluetooth:1002 ,and its permission is false
09-01 14:32:22.649 V/bt_stack( 8588): [VERBOSE1:btm_ble_gap.cc(1923)] btm_ble_process_ext_adv_pkt: bda=76:43:75:32:34:8f
09-01 14:32:22.649 V/bt_stack( 8588): [VERBOSE1:btm_ble_gap.cc(1847)] btm_ble_process_adv_addr: bda=76:43:75:32:34:8f
09-01 14:32:22.649 V/bt_stack( 8588): [VERBOSE1:btm_ble_gap.cc(2052)]  Waiting for scan response 76:43:75:32:34:8f
09-01 14:32:22.649 V/bt_stack( 8588): [VERBOSE1:btm_ble_gap.cc(1923)] btm_ble_process_ext_adv_pkt: bda=56:e4:da:79:d5:88
09-01 14:32:22.649 V/bt_stack( 8588): [VERBOSE1:btm_ble_gap.cc(1847)] btm_ble_process_adv_addr: bda=56:e4:da:79:d5:88
09-01 14:32:22.649 V/bt_stack( 8588): [VERBOSE1:btm_ble_gap.cc(2052)]  Waiting for scan response 56:e4:da:79:d5:88
09-01 14:32:22.649 V/bt_stack( 8588): [VERBOSE1:btm_ble_gap.cc(1923)] btm_ble_process_ext_adv_pkt: bda=56:e4:da:79:d5:88
09-01 14:32:22.649 V/bt_stack( 8588): [VERBOSE1:btm_ble_gap.cc(1847)] btm_ble_process_adv_addr: bda=56:e4:da:79:d5:88
09-01 14:32:22.650 D/BluetoothUtils( 8588): blockedByLocationOff callingUid=1002
09-01 14:32:22.651 I/BluetoothUtils( 8588): packagename is android.uid.bluetooth:1002 ,and its permission is false
09-01 14:32:22.651 D/BluetoothUtils( 8588): blockedByLocationOff callingUid=1002
09-01 14:32:22.651 I/BluetoothUtils( 8588): packagename is android.uid.bluetooth:1002 ,and its permission is false
09-01 14:32:22.651 D/BluetoothUtils( 8588): blockedByLocationOff callingUid=1002
09-01 14:32:22.652 I/BluetoothUtils( 8588): packagename is android.uid.bluetooth:1002 ,and its permission is false
09-01 14:32:22.667 V/bt_stack( 8588): [VERBOSE1:btm_ble_gap.cc(1923)] btm_ble_process_ext_adv_pkt: bda=48:14:81:f8:b8:84
09-01 14:32:22.667 V/bt_stack( 8588): [VERBOSE1:btm_ble_gap.cc(1847)] btm_ble_process_adv_addr: bda=48:14:81:f8:b8:84
09-01 14:32:22.667 V/bt_stack( 8588): [VERBOSE1:btm_ble_gap.cc(2052)]  Waiting for scan response 48:14:81:f8:b8:84
09-01 14:32:22.667 V/bt_stack( 8588): [VERBOSE1:btm_ble_gap.cc(1923)] btm_ble_process_ext_adv_pkt: bda=2a:1b:52:ac:62:5d
09-01 14:32:22.668 V/bt_stack( 8588): [VERBOSE1:btm_ble_gap.cc(1847)] btm_ble_process_adv_addr: bda=2a:1b:52:ac:62:5d
09-01 14:32:22.668 V/bt_stack( 8588): [VERBOSE1:gatt_main.cc(1079)] gatt_get_ch_state: ch_state=4
09-01 14:32:22.668 I/bt_stack( 8588): [INFO:gatt_main.cc(912)] gatt_data_process op_code = 19, msg_len = 0
09-01 14:32:22.668 V/bt_stack( 8588): [VERBOSE1:gatt_cl.cc(1094)] gatt_client_handle_server_rsp op_code: 19, len = 0rsp_code: 19
09-01 14:32:22.668 V/bt_stack( 8588): [VERBOSE1:gatt_utils.cc(1191)] gatt_end_operation status=0 op=3 subtype=2
09-01 14:32:22.668 V/bt_stack( 8588): [VERBOSE1:bta_gattc_act.cc(1309)] bta_gattc_cmpl_cback: conn_id:8 op:3 status:0
09-01 14:32:22.669 V/bt_stack( 8588): [VERBOSE1:bta_gattc_main.cc(361)] bta_gattc_hdl_event: Event:BTA_GATTC_OP_CMPL_EVT
09-01 14:32:22.669 V/bt_stack( 8588): [VERBOSE1:bta_gattc_main.cc(305)] bta_gattc_sm_execute: State 0x02 [GATTC_CONN_ST], Event 0x1f0f[BTA_GATTC_OP_CMPL_EVT]
09-01 14:32:22.669 V/bt_stack( 8588): [VERBOSE1:bta_gattc_act.cc(936)] bta_gattc_op_cmpl: op:3
09-01 14:32:22.669 V/bt_stack( 8588): [VERBOSE1:bta_gattc_main.cc(341)] bta_gattc_sm_execute: GATTC State Change: 0x02 -> 0x02 after Event 0x1f0f
09-01 14:32:22.669 D/BluetoothUtils( 8588): blockedByLocationOff callingUid=1002
09-01 14:32:22.669 I/BluetoothUtils( 8588): packagename is android.uid.bluetooth:1002 ,and its permission is false
09-01 14:32:22.670 D/BluetoothUtils( 8588): blockedByLocationOff callingUid=1002
09-01 14:32:22.670 I/BluetoothUtils( 8588): packagename is android.uid.bluetooth:1002 ,and its permission is false
09-01 14:32:22.670 D/BluetoothUtils( 8588): blockedByLocationOff callingUid=1002
09-01 14:32:22.670 I/BluetoothUtils( 8588): packagename is android.uid.bluetooth:1002 ,and its permission is false
09-01 14:32:22.674 V/bt_stack( 8588): [VERBOSE1:bta_gattc_main.cc(361)] bta_gattc_hdl_event: Event:BTA_GATTC_API_WRITE_EVT
09-01 14:32:22.674 V/bt_stack( 8588): [VERBOSE1:bta_gattc_main.cc(305)] bta_gattc_sm_execute: State 0x02 [GATTC_CONN_ST], Event 0x1f05[BTA_GATTC_API_WRITE_EVT]
09-01 14:32:22.675 V/bt_stack( 8588): [VERBOSE1:gatt_utils.cc(1191)] gatt_end_operation status=0 op=3 subtype=1
09-01 14:32:22.675 V/bt_stack( 8588): [VERBOSE1:bta_gattc_act.cc(1309)] bta_gattc_cmpl_cback: conn_id:8 op:3 status:0
09-01 14:32:22.675 V/bt_stack( 8588): [VERBOSE1:bta_gattc_main.cc(341)] bta_gattc_sm_execute: GATTC State Change: 0x02 -> 0x02 after Event 0x1f05
09-01 14:32:22.675 V/bt_stack( 8588): [VERBOSE1:bta_gattc_main.cc(361)] bta_gattc_hdl_event: Event:BTA_GATTC_OP_CMPL_EVT
09-01 14:32:22.675 V/bt_stack( 8588): [VERBOSE1:bta_gattc_main.cc(305)] bta_gattc_sm_execute: State 0x02 [GATTC_CONN_ST], Event 0x1f0f[BTA_GATTC_OP_CMPL_EVT]
09-01 14:32:22.675 V/bt_stack( 8588): [VERBOSE1:bta_gattc_act.cc(936)] bta_gattc_op_cmpl: op:3
