09-01 14:31:30.644 I/BluetoothUtils( 8588): packagename is android.uid.bluetooth:1002 ,and its permission is false
09-01 14:31:30.644 D/BluetoothUtils( 8588): blockedByLocationOff callingUid=1002
09-01 14:31:30.644 V/bt_stack( 8588): [VERBOSE1:btm_ble_gap.cc(1923)] btm_ble_process_ext_adv_pkt: bda=17:7e:29:ab:4e:d0
09-01 14:31:30.644 V/bt_stack( 8588): [VERBOSE1:btm_ble_gap.cc(1847)] btm_ble_process_adv_addr: bda=17:7e:29:ab:4e:d0
09-01 14:31:30.644 I/BluetoothUtils( 8588): packagename is android.uid.bluetooth:1002 ,and its permission is false
09-01 14:31:30.645 D/BluetoothUtils( 8588): blockedByLocationOff callingUid=1002
09-01 14:31:30.645 I/BluetoothUtils( 8588): packagename is android.uid.bluetooth:1002 ,and its permission is false
09-01 14:31:30.645 D/BluetoothUtils( 8588): blockedByLocationOff callingUid=1002
09-01 14:31:30.645 I/BluetoothUtils( 8588): packagename is android.uid.bluetooth:1002 ,and its permission is false
09-01 14:31:30.645 D/BluetoothUtils( 8588): blockedByLocationOff callingUid=1002
09-01 14:31:30.646 I/BluetoothUtils( 8588): packagename is android.uid.bluetooth:1002 ,and its permission is false
09-01 14:31:30.654 V/bt_stack( 8588): [VERBOSE1:btm_ble_gap.cc(1923)] btm_ble_process_ext_adv_pkt: bda=7c:7c:58:d5:aa:e1
09-01 14:31:30.654 V/bt_stack( 8588): [VERBOSE1:btm_ble_gap.cc(1847)] btm_ble_process_adv_addr: bda=7c:7c:58:d5:aa:e1
09-01 14:31:30.654 V/bt_stack( 8588): [VERBOSE1:btm_ble_gap.cc(2052)]  Waiting for scan response 7c:7c:58:d5:aa:e1
09-01 14:31:30.654 V/bt_stack( 8588): [VERBOSE1:btm_ble_gap.cc(1923)] btm_ble_process_ext_adv_pkt: bda=7c:7c:58:d5:aa:e1
09-01 14:31:30.654 V/bt_stack( 8588): [VERBOSE1:btm_ble_gap.cc(1847)] btm_ble_process_adv_addr: bda=7c:7c:58:d5:aa:e1
09-01 14:31:30.655 D/BluetoothUtils( 8588): blockedByLocationOff callingUid=1002
09-01 14:31:30.655 I/BluetoothUtils( 8588): packagename is android.uid.bluetooth:1002 ,and its permission is false
09-01 14:31:30.655 D/BluetoothUtils( 8588): blockedByLocationOff callingUid=1002
09-01 14:31:30.655 I/BluetoothUtils( 8588): packagename is android.uid.bluetooth:1002 ,and its permission is false
09-01 14:31:30.655 D/BluetoothUtils( 8588): blockedByLocationOff callingUid=1002
09-01 14:31:30.656 I/BluetoothUtils( 8588): packagename is android.uid.bluetooth:1002 ,and its permission is false
09-01 14:31:30.682 V/bt_stack( 8588): [VERBOSE1:btm_ble_gap.cc(1923)] btm_ble_process_ext_adv_pkt: bda=18:81:0e:e0:a8:6d
09-01 14:31:30.682 V/bt_stack( 8588): [VERBOSE1:btm_ble_gap.cc(1847)] btm_ble_process_adv_addr: bda=18:81:0e:e0:a8:6d
09-01 14:31:30.682 V/bt_stack( 8588): [VERBOSE1:btm_ble_gap.cc(2052)]  Waiting for scan response 18:81:0e:e0:a8:6d
09-01 14:31:30.682 V/bt_stack( 8588): [VERBOSE1:btm_ble_gap.cc(1923)] btm_ble_process_ext_adv_pkt: bda=18:81:0e:e0:a8:6d
09-01 14:31:30.682 V/bt_stack( 8588): [VERBOSE1:btm_ble_gap.cc(1847)] btm_ble_process_adv_addr: bda=18:81:0e:e0:a8:6d
09-01 14:31:30.683 D/BluetoothUtils( 8588): blockedByLocationOff callingUid=1002
09-01 14:31:30.683 I/BluetoothUtils( 8588): packagename is android.uid.bluetooth:1002 ,and its permission is false
09-01 14:31:30.683 D/BluetoothUtils( 8588): blockedByLocationOff callingUid=1002
09-01 14:31:30.683 I/BluetoothUtils( 8588): packagename is android.uid.bluetooth:1002 ,and its permission is false
09-01 14:31:30.684 D/BluetoothUtils( 8588): blockedByLocationOff callingUid=1002
09-01 14:31:30.684 I/BluetoothUtils( 8588): packagename is android.uid.bluetooth:1002 ,and its permission is false
09-01 14:31:30.684 V/bt_stack( 8588): [VERBOSE1:btm_ble_gap.cc(1923)] btm_ble_process_ext_adv_pkt: bda=38:f9:d3:45:87:1e
09-01 14:31:30.684 V/bt_stack( 8588): [VERBOSE1:btm_ble_gap.cc(1847)] btm_ble_process_adv_addr: bda=38:f9:d3:45:87:1e
09-01 14:31:30.684 V/bt_stack( 8588): [VERBOSE1:btm_ble_gap.cc(2052)]  Waiting for scan response 38:f9:d3:45:87:1e
09-01 14:31:30.684 V/bt_stack( 8588): [VERBOSE1:btm_ble_gap.cc(1923)] btm_ble_process_ext_adv_pkt: bda=38:f9:d3:45:87:1e
09-01 14:31:30.684 V/bt_stack( 8588): [VERBOSE1:btm_ble_gap.cc(1847)] btm_ble_process_adv_addr: bda=38:f9:d3:45:87:1e
09-01 14:31:30.685 D/BluetoothUtils( 8588): blockedByLocationOff callingUid=1002
09-01 14:31:30.685 I/BluetoothUtils( 8588): packagename is android.uid.bluetooth:1002 ,and its permission is false
09-01 14:31:30.685 D/BluetoothUtils( 8588): blockedByLocationOff callingUid=1002
09-01 14:31:30.686 I/BluetoothUtils( 8588): packagename is android.uid.bluetooth:1002 ,and its permission is false
09-01 14:31:30.686 D/BluetoothUtils( 8588): blockedByLocationOff callingUid=1002
09-01 14:31:30.686 V/bt_stack( 8588): [VERBOSE1:btm_ble_gap.cc(1923)] btm_ble_process_ext_adv_pkt: bda=07:e4:7f:b4:5f:d9
09-01 14:31:30.686 V/bt_stack( 8588): [VERBOSE1:btm_ble_gap.cc(1847)] btm_ble_process_adv_addr: bda=07:e4:7f:b4:5f:d9
09-01 14:31:30.686 I/BluetoothUtils( 8588): packagename is android.uid.bluetooth:1002 ,and its permission is false
09-01 14:31:30.686 D/BluetoothUtils( 8588): blockedByLocationOff callingUid=1002
09-01 14:31:30.687 I/BluetoothUtils( 8588): packagename is android.uid.bluetooth:1002 ,and its permission is false
09-01 14:31:30.687 D/BluetoothUtils( 8588): blockedByLocationOff callingUid=1002
09-01 14:31:30.687 I/BluetoothUtils( 8588): packagename is android.uid.bluetooth:1002 ,and its permission is false
09-01 14:31:30.687 D/BluetoothUtils( 8588): blockedByLocationOff callingUid=1002
09-01 14:31:30.687 I/BluetoothUtils( 8588): packagename is android.uid.bluetooth:1002 ,and its permission is false
09-01 14:31:30.705 V/bt_stack( 8588): [VERBOSE1:btm_ble_gap.cc(1923)] btm_ble_process_ext_adv_pkt: bda=3c:22:fb:4b:f2:e1
09-01 14:31:30.705 V/bt_stack( 8588): [VERBOSE1:btm_ble_gap.cc(1847)] btm_ble_process_adv_addr: bda=3c:22:fb:4b:f2:e1
09-01 14:31:30.705 V/bt_stack( 8588): [VERBOSE1:btm_ble_gap.cc(2052)]  Waiting for scan response 3c:22:fb:4b:f2:e1
09-01 14:31:30.714 V/bt_stack( 8588): [VERBOSE1:btm_ble_gap.cc(1923)] btm_ble_process_ext_adv_pkt: bda=6c:37:b5:6b:a1:b8
09-01 14:31:30.714 V/bt_stack( 8588): [VERBOSE1:btm_ble_gap.cc(1847)] btm_ble_process_adv_addr: bda=6c:37:b5:6b:a1:b8
09-01 14:31:30.714 V/bt_stack( 8588): [VERBOSE1:btm_ble_gap.cc(2052)]  Waiting for scan response 6c:37:b5:6b:a1:b8
09-01 14:31:30.715 V/bt_stack( 8588): [VERBOSE1:btm_ble_gap.cc(1923)] btm_ble_process_ext_adv_pkt: bda=36:c9:49:a0:b6:9d
09-01 14:31:30.715 V/bt_stack( 8588): [VERBOSE1:btm_ble_gap.cc(1847)] btm_ble_process_adv_addr: bda=36:c9:49:a0:b6:9d
09-01 14:31:30.715 D/BluetoothUtils( 8588): blockedByLocationOff callingUid=1002
09-01 14:31:30.716 I/BluetoothUtils( 8588): packagename is android.uid.bluetooth:1002 ,and its permission is false
09-01 14:31:30.716 V/bt_stack( 8588): [VERBOSE1:btm_ble_gap.cc(1923)] btm_ble_process_ext_adv_pkt: bda=04:b0:56:de:30:bf
09-01 14:31:30.716 V/bt_stack( 8588): [VERBOSE1:btm_ble_gap.cc(1847)] btm_ble_process_adv_addr: bda=04:b0:56:de:30:bf
09-01 14:31:30.716 D/BluetoothUtils( 8588): blockedByLocationOff callingUid=1002
09-01 14:31:30.716 I/BluetoothUtils( 8588): packagename is android.uid.bluetooth:1002 ,and its permission is false
09-01 14:31:30.716 D/BluetoothUtils( 8588): blockedByLocationOff callingUid=1002
09-01 14:31:30.716 I/BluetoothUtils( 8588): packagename is android.uid.bluetooth:1002 ,and its permission is false
09-01 14:31:30.717 D/BluetoothUtils( 8588): blockedByLocationOff callingUid=1002
09-01 14:31:30.717 I/BluetoothUtils( 8588): packagename is android.uid.bluetooth:1002 ,and its permission is false
09-01 14:31:30.717 D/BluetoothUtils( 8588): blockedByLocationOff callingUid=1002
09-01 14:31:30.718 I/BluetoothUtils( 8588): packagename is android.uid.bluetooth:1002 ,and its permission is false
09-01 14:31:30.718 D/BluetoothUtils( 8588): blockedByLocationOff callingUid=1002
09-01 14:31:30.718 I/BluetoothUtils( 8588): packagename is android.uid.bluetooth:1002 ,and its permission is false
09-01 14:31:30.719 V/bt_stack( 8588): [VERBOSE1:btm_ble_gap.cc(1923)] btm_ble_process_ext_adv_pkt: bda=2e:17:70:f9:0b:48
09-01 14:31:30.719 V/bt_stack( 8588): [VERBOSE1:btm_ble_gap.cc(1847)] btm_ble_process_adv_addr: bda=2e:17:70:f9:0b:48
09-01 14:31:30.720 D/BluetoothUtils( 8588): blockedByLocationOff callingUid=1002
09-01 14:31:30.721 I/BluetoothUtils( 8588): packagename is android.uid.bluetooth:1002 ,and its permission is false
09-01 14:31:30.721 D/BluetoothUtils( 8588): blockedByLocationOff callingUid=1002
09-01 14:31:30.721 I/BluetoothUtils( 8588): packagename is android.uid.bluetooth:1002 ,and its permission is false
09-01 14:31:30.721 D/BluetoothUtils( 8588): blockedByLocationOff callingUid=1002
09-01 14:31:30.721 I/BluetoothUtils( 8588): packagename is android.uid.bluetooth:1002 ,and its permission is false
09-01 14:31:30.727 V/bt_stack( 8588): [VERBOSE1:btm_ble_gap.cc(1923)] btm_ble_process_ext_adv_pkt: bda=3b:30:35:17:9e:fe
09-01 14:31:30.727 V/bt_stack( 8588): [VERBOSE1:btm_ble_gap.cc(1847)] btm_ble_process_adv_addr: bda=3b:30:35:17:9e:fe
09-01 14:31:30.728 D/BluetoothUtils( 8588): blockedByLocationOff callingUid=1002
09-01 14:31:30.729 I/BluetoothUtils( 8588): packagename is android.uid.bluetooth:1002 ,and its permission is false
09-01 14:31:30.729 D/BluetoothUtils( 8588): blockedByLocationOff callingUid=1002
09-01 14:31:30.729 I/BluetoothUtils( 8588): packagename is android.uid.bluetooth:1002 ,and its permission is false
09-01 14:31:30.729 D/BluetoothUtils( 8588): blockedByLocationOff callingUid=1002
09-01 14:31:30.730 I/BluetoothUtils( 8588): packagename is android.uid.bluetooth:1002 ,and its permission is false
09-01 14:31:30.736 V/bt_stack( 8588): [VERBOSE1:btm_ble_gap.cc(1923)] btm_ble_process_ext_adv_pkt: bda=55:a7:aa:ab:14:9f
09-01 14:31:30.737 V/bt_stack( 8588): [VERBOSE1:btm_ble_gap.cc(1847)] btm_ble_process_adv_addr: bda=55:a7:aa:ab:14:9f
09-01 14:31:30.737 V/bt_stack( 8588): [VERBOSE1:btm_ble_gap.cc(2052)]  Waiting for scan response 55:a7:aa:ab:14:9f
09-01 14:31:30.737 V/bt_stack( 8588): [VERBOSE1:btm_ble_gap.cc(1923)] btm_ble_process_ext_adv_pkt: bda=6a:1a:31:28:a4:f8
09-01 14:31:30.737 V/bt_stack( 8588): [VERBOSE1:btm_ble_gap.cc(1847)] btm_ble_process_adv_addr: bda=6a:1a:31:28:a4:f8
09-01 14:31:30.739 D/BluetoothUtils( 8588): blockedByLocationOff callingUid=1002
09-01 14:31:30.739 I/BluetoothUtils( 8588): packagename is android.uid.bluetooth:1002 ,and its permission is false
09-01 14:31:30.739 D/BluetoothUtils( 8588): blockedByLocationOff callingUid=1002
09-01 14:31:30.740 I/BluetoothUtils( 8588): packagename is android.uid.bluetooth:1002 ,and its permission is false
09-01 14:31:30.740 D/BluetoothUtils( 8588): blockedByLocationOff callingUid=1002
09-01 14:31:30.740 I/BluetoothUtils( 8588): packagename is android.uid.bluetooth:1002 ,and its permission is false
09-01 14:31:30.746 V/bt_stack( 8588): [VERBOSE1:btm_ble_gap.cc(1923)] btm_ble_process_ext_adv_pkt: bda=48:14:81:f8:b8:84
09-01 14:31:30.746 V/bt_stack( 8588): [VERBOSE1:btm_ble_gap.cc(1847)] btm_ble_process_adv_addr: bda=48:14:81:f8:b8:84
09-01 14:31:30.746 V/bt_stack( 8588): [VERBOSE1:btm_ble_gap.cc(2052)]  Waiting for scan response 48:14:81:f8:b8:84
09-01 14:31:30.746 V/bt_stack( 8588): [VERBOSE1:btm_ble_gap.cc(1923)] btm_ble_process_ext_adv_pkt: bda=17:7e:29:ab:4e:d0
09-01 14:31:30.746 V/bt_stack( 8588): [VERBOSE1:btm_ble_gap.cc(1847)] btm_ble_process_adv_addr: bda=17:7e:29:ab:4e:d0
09-01 14:31:30.748 D/BluetoothUtils( 8588): blockedByLocationOff callingUid=1002
09-01 14:31:30.748 I/BluetoothUtils( 8588): packagename is android.uid.bluetooth:1002 ,and its permission is false
09-01 14:31:30.748 D/BluetoothUtils( 8588): blockedByLocationOff callingUid=1002
09-01 14:31:30.748 I/BluetoothUtils( 8588): packagename is android.uid.bluetooth:1002 ,and its permission is false
09-01 14:31:30.748 D/BluetoothUtils( 8588): blockedByLocationOff callingUid=1002
09-01 14:31:30.749 V/bt_stack( 8588): [VERBOSE1:btm_ble_gap.cc(1923)] btm_ble_process_ext_adv_pkt: bda=56:e4:da:79:d5:88
09-01 14:31:30.749 V/bt_stack( 8588): [VERBOSE1:btm_ble_gap.cc(1847)] btm_ble_process_adv_addr: bda=56:e4:da:79:d5:88
09-01 14:31:30.749 V/bt_stack( 8588): [VERBOSE1:btm_ble_gap.cc(2052)]  Waiting for scan response 56:e4:da:79:d5:88
09-01 14:31:30.749 I/BluetoothUtils( 8588): packagename is android.uid.bluetooth:1002 ,and its permission is false
09-01 14:31:30.751 V/bt_stack( 8588): [VERBOSE1:btm_ble_gap.cc(1923)] btm_ble_process_ext_adv_pkt: bda=56:e4:da:79:d5:88
09-01 14:31:30.751 V/bt_stack( 8588): [VERBOSE1:btm_ble_gap.cc(1847)] btm_ble_process_adv_addr: bda=56:e4:da:79:d5:88
09-01 14:31:30.752 D/BluetoothUtils( 8588): blockedByLocationOff callingUid=1002
09-01 14:31:30.752 I/BluetoothUtils( 8588): packagename is android.uid.bluetooth:1002 ,and its permission is false
09-01 14:31:30.753 D/BluetoothUtils( 8588): blockedByLocationOff callingUid=1002
09-01 14:31:30.753 I/BluetoothUtils( 8588): packagename is android.uid.bluetooth:1002 ,and its permission is false
09-01 14:31:30.753 D/BluetoothUtils( 8588): blockedByLocationOff callingUid=1002
09-01 14:31:30.753 I/BluetoothUtils( 8588): packagename is android.uid.bluetooth:1002 ,and its permission is false
09-01 14:31:30.779 V/bt_stack( 8588): [VERBOSE1:btm_ble_gap.cc(1923)] btm_ble_process_ext_adv_pkt: bda=53:f2:a2:69:23:e6
09-01 14:31:30.779 V/bt_stack( 8588): [VERBOSE1:btm_ble_gap.cc(1847)] btm_ble_process_adv_addr: bda=53:f2:a2:69:23:e6
09-01 14:31:30.781 D/BluetoothUtils( 8588): blockedByLocationOff callingUid=1002
09-01 14:31:30.781 I/BluetoothUtils( 8588): packagename is android.uid.bluetooth:1002 ,and its permission is false
09-01 14:31:30.781 D/BluetoothUtils( 8588): blockedByLocationOff callingUid=1002
09-01 14:31:30.782 I/BluetoothUtils( 8588): packagename is android.uid.bluetooth:1002 ,and its permission is false
09-01 14:31:30.782 D/BluetoothUtils( 8588): blockedByLocationOff callingUid=1002
09-01 14:31:30.782 I/BluetoothUtils( 8588): packagename is android.uid.bluetooth:1002 ,and its permission is false
09-01 14:31:30.793 V/bt_stack( 8588): [VERBOSE1:btm_ble_gap.cc(1923)] btm_ble_process_ext_adv_pkt: bda=63:4f:86:72:1e:da
09-01 14:31:30.793 V/bt_stack( 8588): [VERBOSE1:btm_ble_gap.cc(1847)] btm_ble_process_adv_addr: bda=63:4f:86:72:1e:da
09-01 14:31:30.793 V/bt_stack( 8588): [VERBOSE1:btm_ble_gap.cc(2052)]  Waiting for scan response 63:4f:86:72:1e:da
09-01 14:31:30.793 V/bt_stack( 8588): [VERBOSE1:btm_ble_gap.cc(1923)] btm_ble_process_ext_adv_pkt: bda=07:e4:7f:b4:5f:d9
09-01 14:31:30.794 V/bt_stack( 8588): [VERBOSE1:btm_ble_gap.cc(1847)] btm_ble_process_adv_addr: bda=07:e4:7f:b4:5f:d9
09-01 14:31:30.795 D/BluetoothUtils( 8588): blockedByLocationOff callingUid=1002
09-01 14:31:30.796 I/BluetoothUtils( 8588): packagename is android.uid.bluetooth:1002 ,and its permission is false
09-01 14:31:30.796 D/BluetoothUtils( 8588): blockedByLocationOff callingUid=1002
09-01 14:31:30.796 I/BluetoothUtils( 8588): packagename is android.uid.bluetooth:1002 ,and its permission is false
09-01 14:31:30.796 D/BluetoothUtils( 8588): blockedByLocationOff callingUid=1002
09-01 14:31:30.797 I/BluetoothUtils( 8588): packagename is android.uid.bluetooth:1002 ,and its permission is false
09-01 14:31:30.811 V/bt_stack( 8588): [VERBOSE1:btm_ble_gap.cc(1923)] btm_ble_process_ext_adv_pkt: bda=0a:29:89:b7:c8:4a
09-01 14:31:30.811 V/bt_stack( 8588): [VERBOSE1:btm_ble_gap.cc(1847)] btm_ble_process_adv_addr: bda=0a:29:89:b7:c8:4a
09-01 14:31:30.813 D/BluetoothUtils( 8588): blockedByLocationOff callingUid=1002
09-01 14:31:30.813 I/BluetoothUtils( 8588): packagename is android.uid.bluetooth:1002 ,and its permission is false
09-01 14:31:30.814 D/BluetoothUtils( 8588): blockedByLocationOff callingUid=1002
09-01 14:31:30.814 I/BluetoothUtils( 8588): packagename is android.uid.bluetooth:1002 ,and its permission is false
09-01 14:31:30.814 D/BluetoothUtils( 8588): blockedByLocationOff callingUid=1002
09-01 14:31:30.815 I/BluetoothUtils( 8588): packagename is android.uid.bluetooth:1002 ,and its permission is false
09-01 14:31:30.816 V/bt_stack( 8588): [VERBOSE1:btm_ble_gap.cc(1923)] btm_ble_process_ext_adv_pkt: bda=36:c9:49:a0:b6:9d
09-01 14:31:30.817 V/bt_stack( 8588): [VERBOSE1:btm_ble_gap.cc(1847)] btm_ble_process_adv_addr: bda=36:c9:49:a0:b6:9d
09-01 14:31:30.818 D/BluetoothUtils( 8588): blockedByLocationOff callingUid=1002
09-01 14:31:30.819 I/BluetoothUtils( 8588): packagename is android.uid.bluetooth:1002 ,and its permission is false
09-01 14:31:30.819 D/BluetoothUtils( 8588): blockedByLocationOff callingUid=1002
09-01 14:31:30.819 I/BluetoothUtils( 8588): packagename is android.uid.bluetooth:1002 ,and its permission is false
09-01 14:31:30.820 D/BluetoothUtils( 8588): blockedByLocationOff callingUid=1002
09-01 14:31:30.820 I/BluetoothUtils( 8588): packagename is android.uid.bluetooth:1002 ,and its permission is false
09-01 14:31:30.821 V/bt_stack( 8588): [VERBOSE1:btm_ble_gap.cc(1923)] btm_ble_process_ext_adv_pkt: bda=04:b0:56:de:30:bf
09-01 14:31:30.822 V/bt_stack( 8588): [VERBOSE1:btm_ble_gap.cc(1847)] btm_ble_process_adv_addr: bda=04:b0:56:de:30:bf
09-01 14:31:30.822 V/bt_stack( 8588): [VERBOSE1:btm_ble_gap.cc(1923)] btm_ble_process_ext_adv_pkt: bda=2e:17:70:f9:0b:48
09-01 14:31:30.822 V/bt_stack( 8588): [VERBOSE1:btm_ble_gap.cc(1847)] btm_ble_process_adv_addr: bda=2e:17:70:f9:0b:48
09-01 14:31:30.824 D/BluetoothUtils( 8588): blockedByLocationOff callingUid=1002
09-01 14:31:30.824 V/bt_stack( 8588): [VERBOSE1:btm_ble_gap.cc(1923)] btm_ble_process_ext_adv_pkt: bda=17:be:83:99:5a:17
09-01 14:31:30.824 V/bt_stack( 8588): [VERBOSE1:btm_ble_gap.cc(1847)] btm_ble_process_adv_addr: bda=17:be:83:99:5a:17
09-01 14:31:30.824 I/BluetoothUtils( 8588): packagename is android.uid.bluetooth:1002 ,and its permission is false
09-01 14:31:30.824 D/BluetoothUtils( 8588): blockedByLocationOff callingUid=1002
09-01 14:31:30.825 I/BluetoothUtils( 8588): packagename is android.uid.bluetooth:1002 ,and its permission is false
09-01 14:31:30.825 D/BluetoothUtils( 8588): blockedByLocationOff callingUid=1002
09-01 14:31:30.825 I/BluetoothUtils( 8588): packagename is android.uid.bluetooth:1002 ,and its permission is false
09-01 14:31:30.826 D/BluetoothUtils( 8588): blockedByLocationOff callingUid=1002
09-01 14:31:30.826 I/BluetoothUtils( 8588): packagename is android.uid.bluetooth:1002 ,and its permission is false
09-01 14:31:30.826 D/BluetoothUtils( 8588): blockedByLocationOff callingUid=1002
09-01 14:31:30.826 I/BluetoothUtils( 8588): packagename is android.uid.bluetooth:1002 ,and its permission is false
09-01 14:31:30.826 D/BluetoothUtils( 8588): blockedByLocationOff callingUid=1002
09-01 14:31:30.826 I/BluetoothUtils( 8588): packagename is android.uid.bluetooth:1002 ,and its permission is false
09-01 14:31:30.827 D/BluetoothUtils( 8588): blockedByLocationOff callingUid=1002
09-01 14:31:30.827 I/BluetoothUtils( 8588): packagename is android.uid.bluetooth:1002 ,and its permission is false
09-01 14:31:30.828 D/BluetoothUtils( 8588): blockedByLocationOff callingUid=1002
09-01 14:31:30.828 I/BluetoothUtils( 8588): packagename is android.uid.bluetooth:1002 ,and its permission is false
09-01 14:31:30.828 D/BluetoothUtils( 8588): blockedByLocationOff callingUid=1002
09-01 14:31:30.828 I/BluetoothUtils( 8588): packagename is android.uid.bluetooth:1002 ,and its permission is false
09-01 14:31:30.839 V/bt_stack( 8588): [VERBOSE1:btm_ble_gap.cc(1923)] btm_ble_process_ext_adv_pkt: bda=64:62:50:0c:82:d1
09-01 14:31:30.839 V/bt_stack( 8588): [VERBOSE1:btm_ble_gap.cc(1847)] btm_ble_process_adv_addr: bda=64:62:50:0c:82:d1
09-01 14:31:30.839 V/bt_stack( 8588): [VERBOSE1:btm_ble_gap.cc(2052)]  Waiting for scan response 64:62:50:0c:82:d1
09-01 14:31:30.839 V/bt_stack( 8588): [VERBOSE1:btm_ble_gap.cc(1923)] btm_ble_process_ext_adv_pkt: bda=6a:1a:31:28:a4:f8
09-01 14:31:30.839 V/bt_stack( 8588): [VERBOSE1:btm_ble_gap.cc(1847)] btm_ble_process_adv_addr: bda=6a:1a:31:28:a4:f8
09-01 14:31:30.841 D/BluetoothUtils( 8588): blockedByLocationOff callingUid=1002
09-01 14:31:30.841 I/BluetoothUtils( 8588): packagename is android.uid.bluetooth:1002 ,and its permission is false
09-01 14:31:30.841 D/BluetoothUtils( 8588): blockedByLocationOff callingUid=1002
09-01 14:31:30.842 I/BluetoothUtils( 8588): packagename is android.uid.bluetooth:1002 ,and its permission is false
09-01 14:31:30.842 D/BluetoothUtils( 8588): blockedByLocationOff callingUid=1002
09-01 14:31:30.842 I/BluetoothUtils( 8588): packagename is android.uid.bluetooth:1002 ,and its permission is false
09-01 14:31:30.846 V/bt_stack( 8588): [VERBOSE1:btm_ble_gap.cc(1923)] btm_ble_process_ext_adv_pkt: bda=2a:1b:52:ac:62:5d
09-01 14:31:30.846 V/bt_stack( 8588): [VERBOSE1:btm_ble_gap.cc(1847)] btm_ble_process_adv_addr: bda=2a:1b:52:ac:62:5d
09-01 14:31:30.849 D/BluetoothUtils( 8588): blockedByLocationOff callingUid=1002
09-01 14:31:30.849 I/BluetoothUtils( 8588): packagename is android.uid.bluetooth:1002 ,and its permission is false
09-01 14:31:30.849 D/BluetoothUtils( 8588): blockedByLocationOff callingUid=1002
09-01 14:31:30.850 I/BluetoothUtils( 8588): packagename is android.uid.bluetooth:1002 ,and its permission is false
09-01 14:31:30.850 D/BluetoothUtils( 8588): blockedByLocationOff callingUid=1002
09-01 14:31:30.850 I/BluetoothUtils( 8588): packagename is android.uid.bluetooth:1002 ,and its permission is false
09-01 14:31:30.850 V/bt_stack( 8588): [VERBOSE1:btm_ble_gap.cc(1923)] btm_ble_process_ext_adv_pkt: bda=17:7e:29:ab:4e:d0
09-01 14:31:30.850 V/bt_stack( 8588): [VERBOSE1:btm_ble_gap.cc(1847)] btm_ble_process_adv_addr: bda=17:7e:29:ab:4e:d0
09-01 14:31:30.851 D/BluetoothUtils( 8588): blockedByLocationOff callingUid=1002
09-01 14:31:30.852 I/BluetoothUtils( 8588): packagename is android.uid.bluetooth:1002 ,and its permission is false
09-01 14:31:30.852 D/BluetoothUtils( 8588): blockedByLocationOff callingUid=1002
09-01 14:31:30.852 V/bt_stack( 8588): [VERBOSE1:btm_ble_gap.cc(1923)] btm_ble_process_ext_adv_pkt: bda=06:fa:50:9b:39:c0
09-01 14:31:30.852 V/bt_stack( 8588): [VERBOSE1:btm_ble_gap.cc(1847)] btm_ble_process_adv_addr: bda=06:fa:50:9b:39:c0
09-01 14:31:30.852 I/BluetoothUtils( 8588): packagename is android.uid.bluetooth:1002 ,and its permission is false
09-01 14:31:30.852 D/BluetoothUtils( 8588): blockedByLocationOff callingUid=1002
09-01 14:31:30.853 I/BluetoothUtils( 8588): packagename is android.uid.bluetooth:1002 ,and its permission is false
09-01 14:31:30.854 D/BluetoothUtils( 8588): blockedByLocationOff callingUid=1002
09-01 14:31:30.854 I/BluetoothUtils( 8588): packagename is android.uid.bluetooth:1002 ,and its permission is false
09-01 14:31:30.854 D/BluetoothUtils( 8588): blockedByLocationOff callingUid=1002
09-01 14:31:30.854 I/BluetoothUtils( 8588): packagename is android.uid.bluetooth:1002 ,and its permission is false
09-01 14:31:30.854 D/BluetoothUtils( 8588): blockedByLocationOff callingUid=1002
09-01 14:31:30.855 I/BluetoothUtils( 8588): packagename is android.uid.bluetooth:1002 ,and its permission is false
09-01 14:31:30.866 V/bt_stack( 8588): [VERBOSE1:btm_ble_gap.cc(1923)] btm_ble_process_ext_adv_pkt: bda=6e:9f:2d:a1:ea:cd
09-01 14:31:30.866 V/bt_stack( 8588): [VERBOSE1:btm_ble_gap.cc(1847)] btm_ble_process_adv_addr: bda=6e:9f:2d:a1:ea:cd
09-01 14:31:30.866 V/bt_stack( 8588): [VERBOSE1:btm_ble_gap.cc(2052)]  Waiting for scan response 6e:9f:2d:a1:ea:cd
09-01 14:31:30.892 V/bt_stack( 8588): [VERBOSE1:btm_ble_gap.cc(1923)] btm_ble_process_ext_adv_pkt: bda=18:81:0e:e0:a8:6d
09-01 14:31:30.892 V/bt_stack( 8588): [VERBOSE1:btm_ble_gap.cc(1847)] btm_ble_process_adv_addr: bda=18:81:0e:e0:a8:6d
09-01 14:31:30.892 V/bt_stack( 8588): [VERBOSE1:btm_ble_gap.cc(2052)]  Waiting for scan response 18:81:0e:e0:a8:6d
09-01 14:31:30.892 V/bt_stack( 8588): [VERBOSE1:btm_ble_gap.cc(1923)] btm_ble_process_ext_adv_pkt: bda=0c:1a:06:0e:96:57
09-01 14:31:30.892 V/bt_stack( 8588): [VERBOSE1:btm_ble_gap.cc(1847)] btm_ble_process_adv_addr: bda=0c:1a:06:0e:96:57
09-01 14:31:30.894 D/BluetoothUtils( 8588): blockedByLocationOff callingUid=1002
09-01 14:31:30.895 I/BluetoothUtils( 8588): packagename is android.uid.bluetooth:1002 ,and its permission is false
09-01 14:31:30.895 D/BluetoothUtils( 8588): blockedByLocationOff callingUid=1002
09-01 14:31:30.896 I/BluetoothUtils( 8588): packagename is android.uid.bluetooth:1002 ,and its permission is false
09-01 14:31:30.896 D/BluetoothUtils( 8588): blockedByLocationOff callingUid=1002
09-01 14:31:30.896 I/BluetoothUtils( 8588): packagename is android.uid.bluetooth:1002 ,and its permission is false
09-01 14:31:30.897 V/bt_stack( 8588): [VERBOSE1:btm_ble_gap.cc(1923)] btm_ble_process_ext_adv_pkt: bda=07:e4:7f:b4:5f:d9
09-01 14:31:30.897 V/bt_stack( 8588): [VERBOSE1:btm_ble_gap.cc(1847)] btm_ble_process_adv_addr: bda=07:e4:7f:b4:5f:d9
09-01 14:31:30.899 D/BluetoothUtils( 8588): blockedByLocationOff callingUid=1002
09-01 14:31:30.899 I/BluetoothUtils( 8588): packagename is android.uid.bluetooth:1002 ,and its permission is false
09-01 14:31:30.900 D/BluetoothUtils( 8588): blockedByLocationOff callingUid=1002
09-01 14:31:30.900 I/BluetoothUtils( 8588): packagename is android.uid.bluetooth:1002 ,and its permission is false
09-01 14:31:30.900 D/BluetoothUtils( 8588): blockedByLocationOff callingUid=1002
09-01 14:31:30.901 I/BluetoothUtils( 8588): packagename is android.uid.bluetooth:1002 ,and its permission is false
09-01 14:31:30.901 I//system/vendor/bin/mi_thermald( 1070): thermal_cpu_set_level: set cpu freq of cpu7 to 2016000
09-01 14:31:30.901 I//system/vendor/bin/mi_thermald( 1070): thermal_cpu_set_level: set cpu freq of cpu4 to 2016000
09-01 14:31:30.910 V/bt_stack( 8588): [VERBOSE1:btm_ble_gap.cc(1923)] btm_ble_process_ext_adv_pkt: bda=14:c3:61:25:db:42
09-01 14:31:30.910 V/bt_stack( 8588): [VERBOSE1:btm_ble_gap.cc(1847)] btm_ble_process_adv_addr: bda=14:c3:61:25:db:42
09-01 14:31:30.911 D/BluetoothUtils( 8588): blockedByLocationOff callingUid=1002
09-01 14:31:30.912 I/BluetoothUtils( 8588): packagename is android.uid.bluetooth:1002 ,and its permission is false
09-01 14:31:30.912 D/BluetoothUtils( 8588): blockedByLocationOff callingUid=1002
09-01 14:31:30.912 I/BluetoothUtils( 8588): packagename is android.uid.bluetooth:1002 ,and its permission is false
09-01 14:31:30.912 D/BluetoothUtils( 8588): blockedByLocationOff callingUid=1002
09-01 14:31:30.912 I/BluetoothUtils( 8588): packagename is android.uid.bluetooth:1002 ,and its permission is false
09-01 14:31:30.914 I/Timeline( 1639): Timeline: Activity_windows_visible id: ActivityRecord{406b409 u0 com.xiaomi.hm.health/.training.ui.order.OrderListActivity t484} time:211456931
09-01 14:31:30.914 D/EventBus(29730): [29730, u0] send(AppTransitionFinishedEvent)
09-01 14:31:30.915 D/EventBus(29730): [29730, u0]  -> ForcedResizableInfoActivityController [0xc4c1163, P1] onBusEvent(AppTransitionFinishedEvent)
09-01 14:31:30.915 D/EventBus(29730): [29730, u0] onBusEvent(AppTransitionFinishedEvent) duration: 25 microseconds, avg: 35
09-01 14:31:30.915 I/Timeline( 1639): Timeline: App_transition_stopped time:211456932
09-01 14:31:30.915 V/bt_stack( 8588): [VERBOSE1:btm_ble_gap.cc(1923)] btm_ble_process_ext_adv_pkt: bda=0a:29:89:b7:c8:4a
09-01 14:31:30.915 V/bt_stack( 8588): [VERBOSE1:btm_ble_gap.cc(1847)] btm_ble_process_adv_addr: bda=0a:29:89:b7:c8:4a
09-01 14:31:30.917 D/EventBus(29730): [29730, u0] send(AppTransitionFinishedEvent)
09-01 14:31:30.917 D/EventBus(29730): [29730, u0]  -> ForcedResizableInfoActivityController [0xc4c1163, P1] onBusEvent(AppTransitionFinishedEvent)
09-01 14:31:30.917 D/EventBus(29730): [29730, u0] onBusEvent(AppTransitionFinishedEvent) duration: 44 microseconds, avg: 35
09-01 14:31:30.920 V/bt_stack( 8588): [VERBOSE1:btm_ble_gap.cc(1923)] btm_ble_process_ext_adv_pkt: bda=36:c9:49:a0:b6:9d
09-01 14:31:30.921 V/bt_stack( 8588): [VERBOSE1:btm_ble_gap.cc(1847)] btm_ble_process_adv_addr: bda=36:c9:49:a0:b6:9d
09-01 14:31:30.921 D/ActivityTrigger( 1639): ActivityTrigger activityStopTrigger 
09-01 14:31:30.924 D/BluetoothUtils( 8588): blockedByLocationOff callingUid=1002
09-01 14:31:30.924 I/BluetoothUtils( 8588): packagename is android.uid.bluetooth:1002 ,and its permission is false
09-01 14:31:30.925 D/BluetoothUtils( 8588): blockedByLocationOff callingUid=1002
09-01 14:31:30.925 I/BluetoothUtils( 8588): packagename is android.uid.bluetooth:1002 ,and its permission is false
09-01 14:31:30.925 D/BluetoothUtils( 8588): blockedByLocationOff callingUid=1002
09-01 14:31:30.925 I/BluetoothUtils( 8588): packagename is android.uid.bluetooth:1002 ,and its permission is false
09-01 14:31:30.926 D/BluetoothUtils( 8588): blockedByLocationOff callingUid=1002
09-01 14:31:30.926 I/BluetoothUtils( 8588): packagename is android.uid.bluetooth:1002 ,and its permission is false
09-01 14:31:30.926 D/BluetoothUtils( 8588): blockedByLocationOff callingUid=1002
09-01 14:31:30.926 I/BluetoothUtils( 8588): packagename is android.uid.bluetooth:1002 ,and its permission is false
09-01 14:31:30.926 D/BluetoothUtils( 8588): blockedByLocationOff callingUid=1002
09-01 14:31:30.927 I/BluetoothUtils( 8588): packagename is android.uid.bluetooth:1002 ,and its permission is false
09-01 14:31:30.937 V/bt_stack( 8588): [VERBOSE1:btm_ble_gap.cc(1923)] btm_ble_process_ext_adv_pkt: bda=56:e4:da:79:d5:88
09-01 14:31:30.937 V/bt_stack( 8588): [VERBOSE1:btm_ble_gap.cc(1847)] btm_ble_process_adv_addr: bda=56:e4:da:79:d5:88
09-01 14:31:30.937 V/bt_stack( 8588): [VERBOSE1:btm_ble_gap.cc(2052)]  Waiting for scan response 56:e4:da:79:d5:88
09-01 14:31:30.938 V/bt_stack( 8588): [VERBOSE1:btm_ble_gap.cc(1923)] btm_ble_process_ext_adv_pkt: bda=56:e4:da:79:d5:88
09-01 14:31:30.938 V/bt_stack( 8588): [VERBOSE1:btm_ble_gap.cc(1847)] btm_ble_process_adv_addr: bda=56:e4:da:79:d5:88
09-01 14:31:30.939 D/BluetoothUtils( 8588): blockedByLocationOff callingUid=1002
09-01 14:31:30.939 I/BluetoothUtils( 8588): packagename is android.uid.bluetooth:1002 ,and its permission is false
09-01 14:31:30.939 D/BluetoothUtils( 8588): blockedByLocationOff callingUid=1002
09-01 14:31:30.939 I/BluetoothUtils( 8588): packagename is android.uid.bluetooth:1002 ,and its permission is false
09-01 14:31:30.940 D/BluetoothUtils( 8588): blockedByLocationOff callingUid=1002
09-01 14:31:30.940 I/BluetoothUtils( 8588): packagename is android.uid.bluetooth:1002 ,and its permission is false
09-01 14:31:30.940 V/bt_stack( 8588): [VERBOSE1:btm_ble_gap.cc(1923)] btm_ble_process_ext_adv_pkt: bda=2c:e0:b3:78:83:e3
09-01 14:31:30.940 V/bt_stack( 8588): [VERBOSE1:btm_ble_gap.cc(1847)] btm_ble_process_adv_addr: bda=2c:e0:b3:78:83:e3
09-01 14:31:30.942 D/BluetoothUtils( 8588): blockedByLocationOff callingUid=1002
09-01 14:31:30.942 I/BluetoothUtils( 8588): packagename is android.uid.bluetooth:1002 ,and its permission is false
09-01 14:31:30.942 D/BluetoothUtils( 8588): blockedByLocationOff callingUid=1002
09-01 14:31:30.942 I/BluetoothUtils( 8588): packagename is android.uid.bluetooth:1002 ,and its permission is false
09-01 14:31:30.943 D/BluetoothUtils( 8588): blockedByLocationOff callingUid=1002
09-01 14:31:30.943 I/BluetoothUtils( 8588): packagename is android.uid.bluetooth:1002 ,and its permission is false
09-01 14:31:30.957 V/bt_stack( 8588): [VERBOSE1:btm_ble_gap.cc(1923)] btm_ble_process_ext_adv_pkt: bda=63:e7:6b:57:ac:90
09-01 14:31:30.957 V/bt_stack( 8588): [VERBOSE1:btm_ble_gap.cc(1847)] btm_ble_process_adv_addr: bda=63:e7:6b:57:ac:90
09-01 14:31:30.957 V/bt_stack( 8588): [VERBOSE1:btm_ble_gap.cc(2052)]  Waiting for scan response 63:e7:6b:57:ac:90
09-01 14:31:30.958 V/bt_stack( 8588): [VERBOSE1:btm_ble_gap.cc(1923)] btm_ble_process_ext_adv_pkt: bda=63:e7:6b:57:ac:90
09-01 14:31:30.958 V/bt_stack( 8588): [VERBOSE1:btm_ble_gap.cc(1847)] btm_ble_process_adv_addr: bda=63:e7:6b:57:ac:90
09-01 14:31:30.958 V/bt_stack( 8588): [VERBOSE1:btm_ble_gap.cc(1923)] btm_ble_process_ext_adv_pkt: bda=17:7e:29:ab:4e:d0
09-01 14:31:30.958 V/bt_stack( 8588): [VERBOSE1:btm_ble_gap.cc(1847)] btm_ble_process_adv_addr: bda=17:7e:29:ab:4e:d0
09-01 14:31:30.959 D/BluetoothUtils( 8588): blockedByLocationOff callingUid=1002
09-01 14:31:30.959 I/BluetoothUtils( 8588): packagename is android.uid.bluetooth:1002 ,and its permission is false
09-01 14:31:30.959 D/BluetoothUtils( 8588): blockedByLocationOff callingUid=1002
09-01 14:31:30.960 I/BluetoothUtils( 8588): packagename is android.uid.bluetooth:1002 ,and its permission is false
09-01 14:31:30.960 D/BluetoothUtils( 8588): blockedByLocationOff callingUid=1002
09-01 14:31:30.960 I/BluetoothUtils( 8588): packagename is android.uid.bluetooth:1002 ,and its permission is false
09-01 14:31:30.961 D/BluetoothUtils( 8588): blockedByLocationOff callingUid=1002
09-01 14:31:30.961 I/BluetoothUtils( 8588): packagename is android.uid.bluetooth:1002 ,and its permission is false
09-01 14:31:30.961 D/BluetoothUtils( 8588): blockedByLocationOff callingUid=1002
09-01 14:31:30.961 I/BluetoothUtils( 8588): packagename is android.uid.bluetooth:1002 ,and its permission is false
09-01 14:31:30.961 D/BluetoothUtils( 8588): blockedByLocationOff callingUid=1002
09-01 14:31:30.962 I/BluetoothUtils( 8588): packagename is android.uid.bluetooth:1002 ,and its permission is false
09-01 14:31:30.987 V/bt_stack( 8588): [VERBOSE1:btm_ble_gap.cc(1923)] btm_ble_process_ext_adv_pkt: bda=53:f2:a2:69:23:e6
09-01 14:31:30.988 V/bt_stack( 8588): [VERBOSE1:btm_ble_gap.cc(1847)] btm_ble_process_adv_addr: bda=53:f2:a2:69:23:e6
09-01 14:31:30.989 D/BluetoothUtils( 8588): blockedByLocationOff callingUid=1002
09-01 14:31:30.989 I/BluetoothUtils( 8588): packagename is android.uid.bluetooth:1002 ,and its permission is false
09-01 14:31:30.990 D/BluetoothUtils( 8588): blockedByLocationOff callingUid=1002
09-01 14:31:30.990 I/BluetoothUtils( 8588): packagename is android.uid.bluetooth:1002 ,and its permission is false
09-01 14:31:30.990 D/BluetoothUtils( 8588): blockedByLocationOff callingUid=1002
09-01 14:31:30.990 I/BluetoothUtils( 8588): packagename is android.uid.bluetooth:1002 ,and its permission is false
09-01 14:31:30.992 V/bt_stack( 8588): [VERBOSE1:btm_ble_gap.cc(1923)] btm_ble_process_ext_adv_pkt: bda=d3:e3:41:80:f1:8d
09-01 14:31:30.992 V/bt_stack( 8588): [VERBOSE1:btm_ble_gap.cc(1847)] btm_ble_process_adv_addr: bda=d3:e3:41:80:f1:8d
09-01 14:31:30.992 V/bt_stack( 8588): [VERBOSE1:btm_ble_gap.cc(2052)]  Waiting for scan response d3:e3:41:80:f1:8d
09-01 14:31:30.992 V/bt_stack( 8588): [VERBOSE1:btm_ble_gap.cc(1923)] btm_ble_process_ext_adv_pkt: bda=d3:e3:41:80:f1:8d
09-01 14:31:30.992 V/bt_stack( 8588): [VERBOSE1:btm_ble_gap.cc(1847)] btm_ble_process_adv_addr: bda=d3:e3:41:80:f1:8d
09-01 14:31:30.994 D/BluetoothUtils( 8588): blockedByLocationOff callingUid=1002
09-01 14:31:30.995 I/BluetoothUtils( 8588): packagename is android.uid.bluetooth:1002 ,and its permission is false
09-01 14:31:30.995 D/BluetoothUtils( 8588): blockedByLocationOff callingUid=1002
09-01 14:31:30.995 I/BluetoothUtils( 8588): packagename is android.uid.bluetooth:1002 ,and its permission is false
09-01 14:31:30.995 D/BluetoothUtils( 8588): blockedByLocationOff callingUid=1002
09-01 14:31:30.996 I/BluetoothUtils( 8588): packagename is android.uid.bluetooth:1002 ,and its permission is false
09-01 14:31:30.996 V/bt_stack( 8588): [VERBOSE1:btm_ble_gap.cc(1923)] btm_ble_process_ext_adv_pkt: bda=0c:1a:06:0e:96:57
09-01 14:31:30.997 V/bt_stack( 8588): [VERBOSE1:btm_ble_gap.cc(1847)] btm_ble_process_adv_addr: bda=0c:1a:06:0e:96:57
09-01 14:31:30.998 D/BluetoothUtils( 8588): blockedByLocationOff callingUid=1002
09-01 14:31:30.998 I/BluetoothUtils( 8588): packagename is android.uid.bluetooth:1002 ,and its permission is false
09-01 14:31:30.998 D/BluetoothUtils( 8588): blockedByLocationOff callingUid=1002
09-01 14:31:30.999 I/BluetoothUtils( 8588): packagename is android.uid.bluetooth:1002 ,and its permission is false
09-01 14:31:30.999 D/BluetoothUtils( 8588): blockedByLocationOff callingUid=1002
09-01 14:31:30.999 V/bt_stack( 8588): [VERBOSE1:btm_ble_gap.cc(1923)] btm_ble_process_ext_adv_pkt: bda=ef:78:8a:8d:25:f2
09-01 14:31:30.999 V/bt_stack( 8588): [VERBOSE1:btm_ble_gap.cc(1847)] btm_ble_process_adv_addr: bda=ef:78:8a:8d:25:f2
09-01 14:31:30.999 V/bt_stack( 8588): [VERBOSE1:btm_ble_gap.cc(2052)]  Waiting for scan response ef:78:8a:8d:25:f2
09-01 14:31:30.999 I/BluetoothUtils( 8588): packagename is android.uid.bluetooth:1002 ,and its permission is false
09-01 14:31:30.999 V/bt_stack( 8588): [VERBOSE1:btm_ble_gap.cc(1923)] btm_ble_process_ext_adv_pkt: bda=ef:78:8a:8d:25:f2
09-01 14:31:30.999 V/bt_stack( 8588): [VERBOSE1:btm_ble_gap.cc(1847)] btm_ble_process_adv_addr: bda=ef:78:8a:8d:25:f2
09-01 14:31:31.000 D/BluetoothUtils( 8588): blockedByLocationOff callingUid=1002
09-01 14:31:31.000 I/BluetoothUtils( 8588): packagename is android.uid.bluetooth:1002 ,and its permission is false
09-01 14:31:31.000 D/BluetoothUtils( 8588): blockedByLocationOff callingUid=1002
09-01 14:31:31.001 I/BluetoothUtils( 8588): packagename is android.uid.bluetooth:1002 ,and its permission is false
09-01 14:31:31.001 D/BluetoothUtils( 8588): blockedByLocationOff callingUid=1002
09-01 14:31:31.001 I/BluetoothUtils( 8588): packagename is android.uid.bluetooth:1002 ,and its permission is false
09-01 14:31:31.015 V/bt_stack( 8588): [VERBOSE1:btm_ble_gap.cc(1923)] btm_ble_process_ext_adv_pkt: bda=48:14:81:f8:b8:84
09-01 14:31:31.015 V/bt_stack( 8588): [VERBOSE1:btm_ble_gap.cc(1847)] btm_ble_process_adv_addr: bda=48:14:81:f8:b8:84
09-01 14:31:31.015 V/bt_stack( 8588): [VERBOSE1:btm_ble_gap.cc(2052)]  Waiting for scan response 48:14:81:f8:b8:84
09-01 14:31:31.015 V/bt_stack( 8588): [VERBOSE1:btm_ble_gap.cc(1923)] btm_ble_process_ext_adv_pkt: bda=48:14:81:f8:b8:84
09-01 14:31:31.015 V/bt_stack( 8588): [VERBOSE1:btm_ble_gap.cc(1847)] btm_ble_process_adv_addr: bda=48:14:81:f8:b8:84
09-01 14:31:31.015 V/bt_stack( 8588): [VERBOSE1:btm_ble_gap.cc(1923)] btm_ble_process_ext_adv_pkt: bda=67:ec:83:7e:42:50
09-01 14:31:31.015 V/bt_stack( 8588): [VERBOSE1:btm_ble_gap.cc(1847)] btm_ble_process_adv_addr: bda=67:ec:83:7e:42:50
09-01 14:31:31.015 V/bt_stack( 8588): [VERBOSE1:btm_ble_gap.cc(2052)]  Waiting for scan response 67:ec:83:7e:42:50
09-01 14:31:31.016 V/bt_stack( 8588): [VERBOSE1:btm_ble_gap.cc(1923)] btm_ble_process_ext_adv_pkt: bda=67:ec:83:7e:42:50
09-01 14:31:31.016 V/bt_stack( 8588): [VERBOSE1:btm_ble_gap.cc(1847)] btm_ble_process_adv_addr: bda=67:ec:83:7e:42:50
09-01 14:31:31.017 D/BluetoothUtils( 8588): blockedByLocationOff callingUid=1002
09-01 14:31:31.017 I/BluetoothUtils( 8588): packagename is android.uid.bluetooth:1002 ,and its permission is false
09-01 14:31:31.017 D/BluetoothUtils( 8588): blockedByLocationOff callingUid=1002
09-01 14:31:31.017 I/BluetoothUtils( 8588): packagename is android.uid.bluetooth:1002 ,and its permission is false
09-01 14:31:31.018 D/BluetoothUtils( 8588): blockedByLocationOff callingUid=1002
09-01 14:31:31.018 I/BluetoothUtils( 8588): packagename is android.uid.bluetooth:1002 ,and its permission is false
09-01 14:31:31.019 D/BluetoothUtils( 8588): blockedByLocationOff callingUid=1002
09-01 14:31:31.019 I/BluetoothUtils( 8588): packagename is android.uid.bluetooth:1002 ,and its permission is false
09-01 14:31:31.019 D/BluetoothUtils( 8588): blockedByLocationOff callingUid=1002
09-01 14:31:31.019 I/BluetoothUtils( 8588): packagename is android.uid.bluetooth:1002 ,and its permission is false
09-01 14:31:31.019 D/BluetoothUtils( 8588): blockedByLocationOff callingUid=1002
09-01 14:31:31.020 I/BluetoothUtils( 8588): packagename is android.uid.bluetooth:1002 ,and its permission is false
09-01 14:31:31.055 I/vendor.qti.bluetooth@1.0-ibs_handler(19843): ProcessIbsCmd: Received IBS_SLEEP_IND: 0xFE
09-01 14:31:31.055 D/vendor.qti.bluetooth@1.0-ibs_handler(19843): SerialClockVote: vote for UART CLK OFF
09-01 14:31:31.067 I/vendor.qti.bluetooth@1.0-ibs_handler(19843): ProcessIbsCmd: Received IBS_WAKE_IND: 0xFD
09-01 14:31:31.067 D/vendor.qti.bluetooth@1.0-ibs_handler(19843): SerialClockVote: vote for UART CLK ON
09-01 14:31:31.067 I/vendor.qti.bluetooth@1.0-ibs_handler(19843): ProcessIbsCmd: Writing IBS_WAKE_ACK
09-01 14:31:31.068 V/bt_stack( 8588): [VERBOSE1:btm_ble_gap.cc(1923)] btm_ble_process_ext_adv_pkt: bda=17:7e:29:ab:4e:d0
09-01 14:31:31.068 V/bt_stack( 8588): [VERBOSE1:btm_ble_gap.cc(1847)] btm_ble_process_adv_addr: bda=17:7e:29:ab:4e:d0
09-01 14:31:31.070 D/BluetoothUtils( 8588): blockedByLocationOff callingUid=1002
09-01 14:31:31.071 I/BluetoothUtils( 8588): packagename is android.uid.bluetooth:1002 ,and its permission is false
09-01 14:31:31.071 D/BluetoothUtils( 8588): blockedByLocationOff callingUid=1002
09-01 14:31:31.072 I/BluetoothUtils( 8588): packagename is android.uid.bluetooth:1002 ,and its permission is false
09-01 14:31:31.072 D/BluetoothUtils( 8588): blockedByLocationOff callingUid=1002
09-01 14:31:31.072 I/BluetoothUtils( 8588): packagename is android.uid.bluetooth:1002 ,and its permission is false
09-01 14:31:31.097 V/bt_stack( 8588): [VERBOSE1:btm_ble_gap.cc(1923)] btm_ble_process_ext_adv_pkt: bda=6c:37:b5:6b:a1:b8
09-01 14:31:31.098 V/bt_stack( 8588): [VERBOSE1:btm_ble_gap.cc(1847)] btm_ble_process_adv_addr: bda=6c:37:b5:6b:a1:b8
09-01 14:31:31.098 V/bt_stack( 8588): [VERBOSE1:btm_ble_gap.cc(2052)]  Waiting for scan response 6c:37:b5:6b:a1:b8
09-01 14:31:31.098 V/bt_stack( 8588): [VERBOSE1:btm_ble_gap.cc(1923)] btm_ble_process_ext_adv_pkt: bda=53:f2:a2:69:23:e6
09-01 14:31:31.098 V/bt_stack( 8588): [VERBOSE1:btm_ble_gap.cc(1847)] btm_ble_process_adv_addr: bda=53:f2:a2:69:23:e6
09-01 14:31:31.101 D/BluetoothUtils( 8588): blockedByLocationOff callingUid=1002
09-01 14:31:31.101 I/BluetoothUtils( 8588): packagename is android.uid.bluetooth:1002 ,and its permission is false
09-01 14:31:31.102 D/BluetoothUtils( 8588): blockedByLocationOff callingUid=1002
09-01 14:31:31.102 I/BluetoothUtils( 8588): packagename is android.uid.bluetooth:1002 ,and its permission is false
09-01 14:31:31.102 D/BluetoothUtils( 8588): blockedByLocationOff callingUid=1002
09-01 14:31:31.103 I/BluetoothUtils( 8588): packagename is android.uid.bluetooth:1002 ,and its permission is false
09-01 14:31:31.105 V/bt_stack( 8588): [VERBOSE1:btm_ble_gap.cc(1923)] btm_ble_process_ext_adv_pkt: bda=0c:1a:06:0e:96:57
09-01 14:31:31.105 V/bt_stack( 8588): [VERBOSE1:btm_ble_gap.cc(1847)] btm_ble_process_adv_addr: bda=0c:1a:06:0e:96:57
09-01 14:31:31.106 D/BluetoothUtils( 8588): blockedByLocationOff callingUid=1002
09-01 14:31:31.107 I/BluetoothUtils( 8588): packagename is android.uid.bluetooth:1002 ,and its permission is false
09-01 14:31:31.107 D/BluetoothUtils( 8588): blockedByLocationOff callingUid=1002
09-01 14:31:31.107 I/BluetoothUtils( 8588): packagename is android.uid.bluetooth:1002 ,and its permission is false
09-01 14:31:31.107 D/BluetoothUtils( 8588): blockedByLocationOff callingUid=1002
09-01 14:31:31.107 I/BluetoothUtils( 8588): packagename is android.uid.bluetooth:1002 ,and its permission is false
09-01 14:31:31.123 V/bt_stack( 8588): [VERBOSE1:btm_ble_gap.cc(1923)] btm_ble_process_ext_adv_pkt: bda=56:e4:da:79:d5:88
09-01 14:31:31.123 V/bt_stack( 8588): [VERBOSE1:btm_ble_gap.cc(1847)] btm_ble_process_adv_addr: bda=56:e4:da:79:d5:88
09-01 14:31:31.123 V/bt_stack( 8588): [VERBOSE1:btm_ble_gap.cc(2052)]  Waiting for scan response 56:e4:da:79:d5:88
09-01 14:31:31.123 V/bt_stack( 8588): [VERBOSE1:btm_ble_gap.cc(1923)] btm_ble_process_ext_adv_pkt: bda=56:e4:da:79:d5:88
09-01 14:31:31.123 V/bt_stack( 8588): [VERBOSE1:btm_ble_gap.cc(1847)] btm_ble_process_adv_addr: bda=56:e4:da:79:d5:88
09-01 14:31:31.124 V/bt_stack( 8588): [VERBOSE1:btm_ble_gap.cc(1923)] btm_ble_process_ext_adv_pkt: bda=0a:29:89:b7:c8:4a
09-01 14:31:31.124 V/bt_stack( 8588): [VERBOSE1:btm_ble_gap.cc(1847)] btm_ble_process_adv_addr: bda=0a:29:89:b7:c8:4a
09-01 14:31:31.125 D/BluetoothUtils( 8588): blockedByLocationOff callingUid=1002
09-01 14:31:31.126 I/BluetoothUtils( 8588): packagename is android.uid.bluetooth:1002 ,and its permission is false
09-01 14:31:31.126 D/BluetoothUtils( 8588): blockedByLocationOff callingUid=1002
09-01 14:31:31.127 I/BluetoothUtils( 8588): packagename is android.uid.bluetooth:1002 ,and its permission is false
09-01 14:31:31.127 D/BluetoothUtils( 8588): blockedByLocationOff callingUid=1002
09-01 14:31:31.127 I/BluetoothUtils( 8588): packagename is android.uid.bluetooth:1002 ,and its permission is false
09-01 14:31:31.129 D/BluetoothUtils( 8588): blockedByLocationOff callingUid=1002
09-01 14:31:31.129 I/BluetoothUtils( 8588): packagename is android.uid.bluetooth:1002 ,and its permission is false
09-01 14:31:31.129 D/BluetoothUtils( 8588): blockedByLocationOff callingUid=1002
09-01 14:31:31.130 I/BluetoothUtils( 8588): packagename is android.uid.bluetooth:1002 ,and its permission is false
09-01 14:31:31.130 D/BluetoothUtils( 8588): blockedByLocationOff callingUid=1002
09-01 14:31:31.130 I/BluetoothUtils( 8588): packagename is android.uid.bluetooth:1002 ,and its permission is false
09-01 14:31:31.131 V/bt_stack( 8588): [VERBOSE1:btm_ble_gap.cc(1923)] btm_ble_process_ext_adv_pkt: bda=36:c9:49:a0:b6:9d
09-01 14:31:31.131 V/bt_stack( 8588): [VERBOSE1:btm_ble_gap.cc(1847)] btm_ble_process_adv_addr: bda=36:c9:49:a0:b6:9d
09-01 14:31:31.133 D/BluetoothAdapter( 8957): stopLeScan()
09-01 14:31:31.133 D/BluetoothUtils( 8588): blockedByLocationOff callingUid=1002
09-01 14:31:31.134 I/BluetoothUtils( 8588): packagename is android.uid.bluetooth:1002 ,and its permission is false
09-01 14:31:31.134 D/BluetoothUtils( 8588): blockedByLocationOff callingUid=1002
09-01 14:31:31.134 I/BluetoothUtils( 8588): packagename is android.uid.bluetooth:1002 ,and its permission is false
09-01 14:31:31.134 D/BluetoothUtils( 8588): blockedByLocationOff callingUid=1002
09-01 14:31:31.134 I/BluetoothUtils( 8588): packagename is android.uid.bluetooth:1002 ,and its permission is false
09-01 14:31:31.135 D/BluetoothAdapter( 8957): isLeEnabled(): ON
09-01 14:31:31.135 D/BtGatt.GattService( 8588): stopScan() - queue size =3
09-01 14:31:31.136 D/BtGatt.GattService( 8588): unregisterScanner() - scannerId=18
09-01 14:31:31.136 I/BtGatt.ScanManager( 8588): msg.what = 1
09-01 14:31:31.136 V/bt_stack( 8588): [VERBOSE1:btm_ble_gap.cc(1923)] btm_ble_process_ext_adv_pkt: bda=17:be:83:99:5a:17
09-01 14:31:31.136 V/bt_stack( 8588): [VERBOSE1:btm_ble_gap.cc(1847)] btm_ble_process_adv_addr: bda=17:be:83:99:5a:17
09-01 14:31:31.136 V/bt_stack( 8588): [VERBOSE1:gatt_api.cc(1000)] GATT_Deregister gatt_if=18
09-01 14:31:31.136 V/bt_stack( 8588): [VERBOSE1:gatt_main.cc(1079)] gatt_get_ch_state: ch_state=4
09-01 14:31:31.136 V/bt_stack( 8588): [VERBOSE1:gatt_main.cc(307)] gatt_is_app_holding_linkgatt_if= 18not found;
09-01 14:31:31.136 V/bt_stack( 8588): [VERBOSE1:gatt_main.cc(359)] gatt_update_app_use_link_flag: is_add=0 chk_link=1
09-01 14:31:31.136 V/bt_stack( 8588): [VERBOSE1:gatt_main.cc(325)] gatt_update_app_hold_link_status
09-01 14:31:31.136 V/bt_stack( 8588): [VERBOSE1:gatt_main.cc(338)] attempt to remove nonexisting gatt_if=18
09-01 14:31:31.136 V/bt_stack( 8588): [VERBOSE1:connection_manager.cc(161)] on_app_deregistered : app_id 0x12
09-01 14:31:31.137 I/vendor.qti.bluetooth@1.0-ibs_handler(19843): DeviceWakeUp: Writing IBS_WAKE_IND
09-01 14:31:31.137 D/BluetoothUtils( 8588): blockedByLocationOff callingUid=1002
09-01 14:31:31.137 I/BluetoothUtils( 8588): packagename is android.uid.bluetooth:1002 ,and its permission is false
09-01 14:31:31.137 I/vendor.qti.bluetooth@1.0-ibs_handler(19843): ProcessIbsCmd: Received IBS_WAKE_ACK: 0xFC
09-01 14:31:31.137 D/BluetoothUtils( 8588): blockedByLocationOff callingUid=1002
09-01 14:31:31.137 D/PowerKeeperPolicy( 1639): stopLeScan: BleScanWrapper[mClientIf = 18 mPendingIntent=null] uid=10241BleScanWrapper[mClientIf = 18 mPendingIntent=null]
09-01 14:31:31.137 I/BluetoothUtils( 8588): packagename is android.uid.bluetooth:1002 ,and its permission is false
09-01 14:31:31.138 D/BluetoothAdapter( 8957): startLeScan(): null
09-01 14:31:31.138 D/BtGatt.GattService( 8588): onScanFilterParamsConfigured() - clientIf=18, status=0, action=1, availableSpace=11
09-01 14:31:31.139 D/BtGatt.ScanManager( 8588): callback done for scannerId - 18 status - 0
09-01 14:31:31.139 D/BtGatt.ScanManager( 8588): configureRegularScanParams() - queue=2
09-01 14:31:31.139 D/BtGatt.ScanManager( 8588): configureRegularScanParams() - ScanSetting LE 1M Scan mode=0ScanSetting LE Coded Scan mode=0 mLastConfiguredScanSettingLE1M=2 mLastConfiguredScanSettingLECoded=2scanPhy=255
09-01 14:31:31.139 D/BluetoothAdapter( 8957): isLeEnabled(): ON
09-01 14:31:31.139 D/BtGatt.ScanManager( 8588): configureRegularScanParams - scanInterval LE 1M = 1500configureRegularScanParams - scanWindow LE 1M= 150configureRegularScanParams - scanInterval LE Coded= 1500configureRegularScanParams - scanWindow LE Coded= 150
09-01 14:31:31.139 D/BtGatt.GattService( 8588): onScanParamSetupCompleted : 0
09-01 14:31:31.140 D/BtGatt.GattService( 8588): registerScanner() - UUID=6fb30a7c-4abd-49ab-98d6-3ef43ee2bca6
09-01 14:31:31.140 V/bt_stack( 8588): [VERBOSE1:bta_gattc_act.cc(175)] bta_gattc_register: state:2
09-01 14:31:31.140 I/bt_stack( 8588): [INFO:gatt_api.cc(957)] GATT_Register 972c8ccb-cf85-9a90-659c-5f27d313c6a8
09-01 14:31:31.140 I/bt_stack( 8588): [INFO:gatt_api.cc(977)] allocated gatt_if=18
09-01 14:31:31.140 V/bt_stack( 8588): [VERBOSE1:gatt_api.cc(1087)] GATT_StartIf gatt_if=18
09-01 14:31:31.140 V/bt_stack( 8588): [VERBOSE1:gatt_utils.cc(254)] gatt_find_the_connected_bda start_idx=0
09-01 14:31:31.140 V/bt_stack( 8588): [VERBOSE1:gatt_utils.cc(262)]  bda :c3:d4:f4:e3:11:ec
09-01 14:31:31.140 V/bt_stack( 8588): [VERBOSE1:gatt_utils.cc(266)]  found=1 found_idx=0
09-01 14:31:31.140 V/bt_stack( 8588): [VERBOSE1:gatt_utils.cc(254)] gatt_find_the_connected_bda start_idx=1
09-01 14:31:31.140 V/bt_stack( 8588): [VERBOSE1:gatt_utils.cc(266)]  found=0 found_idx=10
09-01 14:31:31.140 V/bt_stack( 8588): [VERBOSE1:bta_gattc_main.cc(361)] bta_gattc_hdl_event: Event:BTA_GATTC_INT_CONN_EVT
09-01 14:31:31.140 V/bt_stack( 8588): [VERBOSE1:bta_gattc_main.cc(385)] Ignore unknown conn ID: 18
