09-01 14:31:32.862 I/BluetoothUtils( 8588): packagename is android.uid.bluetooth:1002 ,and its permission is false
09-01 14:31:32.862 D/BluetoothUtils( 8588): blockedByLocationOff callingUid=1002
09-01 14:31:32.865 V/bt_stack( 8588): [VERBOSE1:btm_ble_gap.cc(1923)] btm_ble_process_ext_adv_pkt: bda=6e:9f:2d:a1:ea:cd
09-01 14:31:32.865 V/bt_stack( 8588): [VERBOSE1:btm_ble_gap.cc(1847)] btm_ble_process_adv_addr: bda=6e:9f:2d:a1:ea:cd
09-01 14:31:32.865 V/bt_stack( 8588): [VERBOSE1:btm_ble_gap.cc(2052)]  Waiting for scan response 6e:9f:2d:a1:ea:cd
09-01 14:31:32.865 I/BluetoothUtils( 8588): packagename is android.uid.bluetooth:1002 ,and its permission is false
09-01 14:31:32.865 V/bt_stack( 8588): [VERBOSE1:btm_ble_gap.cc(1923)] btm_ble_process_ext_adv_pkt: bda=07:e4:7f:b4:5f:d9
09-01 14:31:32.865 V/bt_stack( 8588): [VERBOSE1:btm_ble_gap.cc(1847)] btm_ble_process_adv_addr: bda=07:e4:7f:b4:5f:d9
09-01 14:31:32.866 D/BluetoothUtils( 8588): blockedByLocationOff callingUid=1002
09-01 14:31:32.867 I/BluetoothUtils( 8588): packagename is android.uid.bluetooth:1002 ,and its permission is false
09-01 14:31:32.867 D/BluetoothUtils( 8588): blockedByLocationOff callingUid=1002
09-01 14:31:32.868 I/BluetoothUtils( 8588): packagename is android.uid.bluetooth:1002 ,and its permission is false
09-01 14:31:32.869 D/BluetoothUtils( 8588): blockedByLocationOff callingUid=1002
09-01 14:31:32.869 I/BluetoothUtils( 8588): packagename is android.uid.bluetooth:1002 ,and its permission is false
09-01 14:31:32.870 D/BluetoothUtils( 8588): blockedByLocationOff callingUid=1002
09-01 14:31:32.870 I/BluetoothUtils( 8588): packagename is android.uid.bluetooth:1002 ,and its permission is false
09-01 14:31:32.871 D/BluetoothUtils( 8588): blockedByLocationOff callingUid=1002
09-01 14:31:32.871 I/BluetoothUtils( 8588): packagename is android.uid.bluetooth:1002 ,and its permission is false
09-01 14:31:32.871 D/BluetoothUtils( 8588): blockedByLocationOff callingUid=1002
09-01 14:31:32.871 I/BluetoothUtils( 8588): packagename is android.uid.bluetooth:1002 ,and its permission is false
09-01 14:31:32.874 V/bt_stack( 8588): [VERBOSE1:btm_ble_gap.cc(1923)] btm_ble_process_ext_adv_pkt: bda=66:3e:07:e0:2b:d4
09-01 14:31:32.874 V/bt_stack( 8588): [VERBOSE1:btm_ble_gap.cc(1847)] btm_ble_process_adv_addr: bda=66:3e:07:e0:2b:d4
09-01 14:31:32.874 V/bt_stack( 8588): [VERBOSE1:btm_ble_gap.cc(2052)]  Waiting for scan response 66:3e:07:e0:2b:d4
09-01 14:31:32.874 V/bt_stack( 8588): [VERBOSE1:btm_ble_gap.cc(1923)] btm_ble_process_ext_adv_pkt: bda=d0:24:10:d7:5b:bc
09-01 14:31:32.874 V/bt_stack( 8588): [VERBOSE1:btm_ble_gap.cc(1847)] btm_ble_process_adv_addr: bda=d0:24:10:d7:5b:bc
09-01 14:31:32.874 V/bt_stack( 8588): [VERBOSE1:btm_ble_gap.cc(2052)]  Waiting for scan response d0:24:10:d7:5b:bc
09-01 14:31:32.874 V/bt_stack( 8588): [VERBOSE1:btm_ble_gap.cc(1923)] btm_ble_process_ext_adv_pkt: bda=d0:24:10:d7:5b:bc
09-01 14:31:32.874 V/bt_stack( 8588): [VERBOSE1:btm_ble_gap.cc(1847)] btm_ble_process_adv_addr: bda=d0:24:10:d7:5b:bc
09-01 14:31:32.876 D/BluetoothUtils( 8588): blockedByLocationOff callingUid=1002
09-01 14:31:32.877 I/BluetoothUtils( 8588): packagename is android.uid.bluetooth:1002 ,and its permission is false
09-01 14:31:32.877 D/BluetoothUtils( 8588): blockedByLocationOff callingUid=1002
09-01 14:31:32.877 I/BluetoothUtils( 8588): packagename is android.uid.bluetooth:1002 ,and its permission is false
09-01 14:31:32.877 D/BluetoothUtils( 8588): blockedByLocationOff callingUid=1002
09-01 14:31:32.878 I/BluetoothUtils( 8588): packagename is android.uid.bluetooth:1002 ,and its permission is false
09-01 14:31:32.895 I/hwservicemanager(  573): getTransport: Cannot find entry android.hardware.graphics.mapper@3.0::IMapper/default in either framework or device manifest.
09-01 14:31:32.896 V/bt_stack( 8588): [VERBOSE1:btm_ble_gap.cc(1923)] btm_ble_process_ext_adv_pkt: bda=0c:1a:06:0e:96:57
09-01 14:31:32.896 V/bt_stack( 8588): [VERBOSE1:btm_ble_gap.cc(1847)] btm_ble_process_adv_addr: bda=0c:1a:06:0e:96:57
09-01 14:31:32.896 W/Gralloc3( 9440): mapper 3.x is not supported
09-01 14:31:32.897 D/BluetoothUtils( 8588): blockedByLocationOff callingUid=1002
09-01 14:31:32.898 I/BluetoothUtils( 8588): packagename is android.uid.bluetooth:1002 ,and its permission is false
09-01 14:31:32.898 D/BluetoothUtils( 8588): blockedByLocationOff callingUid=1002
09-01 14:31:32.898 I/BluetoothUtils( 8588): packagename is android.uid.bluetooth:1002 ,and its permission is false
09-01 14:31:32.898 D/BluetoothUtils( 8588): blockedByLocationOff callingUid=1002
09-01 14:31:32.899 I/BluetoothUtils( 8588): packagename is android.uid.bluetooth:1002 ,and its permission is false
09-01 14:31:32.901 V/bt_stack( 8588): [VERBOSE1:btm_ble_gap.cc(1923)] btm_ble_process_ext_adv_pkt: bda=36:c9:49:a0:b6:9d
09-01 14:31:32.901 V/bt_stack( 8588): [VERBOSE1:btm_ble_gap.cc(1847)] btm_ble_process_adv_addr: bda=36:c9:49:a0:b6:9d
09-01 14:31:32.902 D/BluetoothUtils( 8588): blockedByLocationOff callingUid=1002
09-01 14:31:32.902 I/BluetoothUtils( 8588): packagename is android.uid.bluetooth:1002 ,and its permission is false
09-01 14:31:32.903 D/BluetoothUtils( 8588): blockedByLocationOff callingUid=1002
09-01 14:31:32.903 I/BluetoothUtils( 8588): packagename is android.uid.bluetooth:1002 ,and its permission is false
09-01 14:31:32.903 D/BluetoothUtils( 8588): blockedByLocationOff callingUid=1002
09-01 14:31:32.903 I/BluetoothUtils( 8588): packagename is android.uid.bluetooth:1002 ,and its permission is false
09-01 14:31:32.904 V/bt_stack( 8588): [VERBOSE1:btm_ble_gap.cc(1923)] btm_ble_process_ext_adv_pkt: bda=0a:29:89:b7:c8:4a
09-01 14:31:32.904 V/bt_stack( 8588): [VERBOSE1:btm_ble_gap.cc(1847)] btm_ble_process_adv_addr: bda=0a:29:89:b7:c8:4a
09-01 14:31:32.905 D/BluetoothUtils( 8588): blockedByLocationOff callingUid=1002
09-01 14:31:32.906 I/BluetoothUtils( 8588): packagename is android.uid.bluetooth:1002 ,and its permission is false
09-01 14:31:32.906 D/BluetoothUtils( 8588): blockedByLocationOff callingUid=1002
09-01 14:31:32.907 I/BluetoothUtils( 8588): packagename is android.uid.bluetooth:1002 ,and its permission is false
09-01 14:31:32.907 D/BluetoothUtils( 8588): blockedByLocationOff callingUid=1002
09-01 14:31:32.907 I/BluetoothUtils( 8588): packagename is android.uid.bluetooth:1002 ,and its permission is false
09-01 14:31:32.907 W/AdrenoUtils( 9440): <ReadGpuID_from_sysfs:194>: Failed to open /sys/class/kgsl/kgsl-3d0/gpu_model
09-01 14:31:32.900 W/screencap( 9440): type=1400 audit(0.0:63866): avc: denied { search } for name="kgsl" dev="sysfs" ino=55624 scontext=u:r:shell:s0 tcontext=u:object_r:sysfs_kgsl:s0 tclass=dir permissive=0
09-01 14:31:32.907 W/AdrenoUtils( 9440): <ReadGpuID:218>: Failed to read chip ID from gpu_model. Fallback to use the GSL path
09-01 14:31:32.917 V/bt_stack( 8588): [VERBOSE1:btm_ble_gap.cc(1923)] btm_ble_process_ext_adv_pkt: bda=38:f9:d3:45:87:1e
09-01 14:31:32.917 V/bt_stack( 8588): [VERBOSE1:btm_ble_gap.cc(1847)] btm_ble_process_adv_addr: bda=38:f9:d3:45:87:1e
09-01 14:31:32.917 V/bt_stack( 8588): [VERBOSE1:btm_ble_gap.cc(2052)]  Waiting for scan response 38:f9:d3:45:87:1e
09-01 14:31:32.917 V/bt_stack( 8588): [VERBOSE1:btm_ble_gap.cc(1923)] btm_ble_process_ext_adv_pkt: bda=38:f9:d3:45:87:1e
09-01 14:31:32.917 V/bt_stack( 8588): [VERBOSE1:btm_ble_gap.cc(1847)] btm_ble_process_adv_addr: bda=38:f9:d3:45:87:1e
09-01 14:31:32.918 D/BluetoothUtils( 8588): blockedByLocationOff callingUid=1002
09-01 14:31:32.918 I/BluetoothUtils( 8588): packagename is android.uid.bluetooth:1002 ,and its permission is false
09-01 14:31:32.918 D/BluetoothUtils( 8588): blockedByLocationOff callingUid=1002
09-01 14:31:32.919 I/BluetoothUtils( 8588): packagename is android.uid.bluetooth:1002 ,and its permission is false
09-01 14:31:32.919 D/BluetoothUtils( 8588): blockedByLocationOff callingUid=1002
09-01 14:31:32.919 I/BluetoothUtils( 8588): packagename is android.uid.bluetooth:1002 ,and its permission is false
09-01 14:31:32.923 V/bt_stack( 8588): [VERBOSE1:btm_ble_gap.cc(1923)] btm_ble_process_ext_adv_pkt: bda=48:14:81:f8:b8:84
09-01 14:31:32.923 V/bt_stack( 8588): [VERBOSE1:btm_ble_gap.cc(1847)] btm_ble_process_adv_addr: bda=48:14:81:f8:b8:84
09-01 14:31:32.923 V/bt_stack( 8588): [VERBOSE1:btm_ble_gap.cc(2052)]  Waiting for scan response 48:14:81:f8:b8:84
09-01 14:31:32.923 V/bt_stack( 8588): [VERBOSE1:btm_ble_gap.cc(1923)] btm_ble_process_ext_adv_pkt: bda=65:4b:eb:fb:21:09
09-01 14:31:32.923 V/bt_stack( 8588): [VERBOSE1:btm_ble_gap.cc(1847)] btm_ble_process_adv_addr: bda=65:4b:eb:fb:21:09
09-01 14:31:32.924 D/BluetoothUtils( 8588): blockedByLocationOff callingUid=1002
09-01 14:31:32.925 I/BluetoothUtils( 8588): packagename is android.uid.bluetooth:1002 ,and its permission is false
09-01 14:31:32.925 D/BluetoothUtils( 8588): blockedByLocationOff callingUid=1002
09-01 14:31:32.925 I/BluetoothUtils( 8588): packagename is android.uid.bluetooth:1002 ,and its permission is false
09-01 14:31:32.926 D/BluetoothUtils( 8588): blockedByLocationOff callingUid=1002
09-01 14:31:32.926 I/BluetoothUtils( 8588): packagename is android.uid.bluetooth:1002 ,and its permission is false
09-01 14:31:32.926 V/bt_stack( 8588): [VERBOSE1:btm_ble_gap.cc(1923)] btm_ble_process_ext_adv_pkt: bda=76:43:75:32:34:8f
09-01 14:31:32.926 V/bt_stack( 8588): [VERBOSE1:btm_ble_gap.cc(1847)] btm_ble_process_adv_addr: bda=76:43:75:32:34:8f
09-01 14:31:32.926 V/bt_stack( 8588): [VERBOSE1:btm_ble_gap.cc(2052)]  Waiting for scan response 76:43:75:32:34:8f
09-01 14:31:32.927 V/bt_stack( 8588): [VERBOSE1:btm_ble_gap.cc(1923)] btm_ble_process_ext_adv_pkt: bda=76:43:75:32:34:8f
09-01 14:31:32.927 V/bt_stack( 8588): [VERBOSE1:btm_ble_gap.cc(1847)] btm_ble_process_adv_addr: bda=76:43:75:32:34:8f
09-01 14:31:32.928 D/BluetoothUtils( 8588): blockedByLocationOff callingUid=1002
09-01 14:31:32.928 I/BluetoothUtils( 8588): packagename is android.uid.bluetooth:1002 ,and its permission is false
09-01 14:31:32.929 D/BluetoothUtils( 8588): blockedByLocationOff callingUid=1002
09-01 14:31:32.929 I/BluetoothUtils( 8588): packagename is android.uid.bluetooth:1002 ,and its permission is false
09-01 14:31:32.929 D/BluetoothUtils( 8588): blockedByLocationOff callingUid=1002
09-01 14:31:32.929 I/BluetoothUtils( 8588): packagename is android.uid.bluetooth:1002 ,and its permission is false
09-01 14:31:32.938 V/bt_stack( 8588): [VERBOSE1:btm_ble_gap.cc(1923)] btm_ble_process_ext_adv_pkt: bda=72:1f:5b:cb:e4:06
09-01 14:31:32.938 V/bt_stack( 8588): [VERBOSE1:btm_ble_gap.cc(1847)] btm_ble_process_adv_addr: bda=72:1f:5b:cb:e4:06
09-01 14:31:32.938 V/bt_stack( 8588): [VERBOSE1:btm_ble_gap.cc(2052)]  Waiting for scan response 72:1f:5b:cb:e4:06
09-01 14:31:32.938 V/bt_stack( 8588): [VERBOSE1:btm_ble_gap.cc(1923)] btm_ble_process_ext_adv_pkt: bda=2a:1b:52:ac:62:5d
09-01 14:31:32.938 V/bt_stack( 8588): [VERBOSE1:btm_ble_gap.cc(1847)] btm_ble_process_adv_addr: bda=2a:1b:52:ac:62:5d
09-01 14:31:32.939 D/BluetoothUtils( 8588): blockedByLocationOff callingUid=1002
09-01 14:31:32.939 I/BluetoothUtils( 8588): packagename is android.uid.bluetooth:1002 ,and its permission is false
09-01 14:31:32.939 D/BluetoothUtils( 8588): blockedByLocationOff callingUid=1002
09-01 14:31:32.940 I/BluetoothUtils( 8588): packagename is android.uid.bluetooth:1002 ,and its permission is false
09-01 14:31:32.940 D/BluetoothUtils( 8588): blockedByLocationOff callingUid=1002
09-01 14:31:32.941 I/BluetoothUtils( 8588): packagename is android.uid.bluetooth:1002 ,and its permission is false
09-01 14:31:32.943 V/bt_stack( 8588): [VERBOSE1:btm_ble_gap.cc(1923)] btm_ble_process_ext_adv_pkt: bda=06:fa:50:9b:39:c0
09-01 14:31:32.943 V/bt_stack( 8588): [VERBOSE1:btm_ble_gap.cc(1847)] btm_ble_process_adv_addr: bda=06:fa:50:9b:39:c0
09-01 14:31:32.944 D/BluetoothUtils( 8588): blockedByLocationOff callingUid=1002
09-01 14:31:32.944 I/BluetoothUtils( 8588): packagename is android.uid.bluetooth:1002 ,and its permission is false
09-01 14:31:32.945 D/BluetoothUtils( 8588): blockedByLocationOff callingUid=1002
09-01 14:31:32.945 I/BluetoothUtils( 8588): packagename is android.uid.bluetooth:1002 ,and its permission is false
09-01 14:31:32.945 D/BluetoothUtils( 8588): blockedByLocationOff callingUid=1002
09-01 14:31:32.946 I/BluetoothUtils( 8588): packagename is android.uid.bluetooth:1002 ,and its permission is false
09-01 14:31:32.951 V/bt_stack( 8588): [VERBOSE1:btm_ble_gap.cc(1923)] btm_ble_process_ext_adv_pkt: bda=17:7e:29:ab:4e:d0
09-01 14:31:32.951 V/bt_stack( 8588): [VERBOSE1:btm_ble_gap.cc(1847)] btm_ble_process_adv_addr: bda=17:7e:29:ab:4e:d0
09-01 14:31:32.952 D/BluetoothUtils( 8588): blockedByLocationOff callingUid=1002
09-01 14:31:32.953 I/BluetoothUtils( 8588): packagename is android.uid.bluetooth:1002 ,and its permission is false
09-01 14:31:32.953 D/BluetoothUtils( 8588): blockedByLocationOff callingUid=1002
09-01 14:31:32.953 I/BluetoothUtils( 8588): packagename is android.uid.bluetooth:1002 ,and its permission is false
09-01 14:31:32.954 D/BluetoothUtils( 8588): blockedByLocationOff callingUid=1002
09-01 14:31:32.954 I/BluetoothUtils( 8588): packagename is android.uid.bluetooth:1002 ,and its permission is false
09-01 14:31:32.957 V/bt_stack( 8588): [VERBOSE1:btm_ble_gap.cc(1923)] btm_ble_process_ext_adv_pkt: bda=5d:4a:e1:72:21:47
09-01 14:31:32.957 V/bt_stack( 8588): [VERBOSE1:btm_ble_gap.cc(1847)] btm_ble_process_adv_addr: bda=5d:4a:e1:72:21:47
09-01 14:31:32.957 V/bt_stack( 8588): [VERBOSE1:btm_ble_gap.cc(2052)]  Waiting for scan response 5d:4a:e1:72:21:47
09-01 14:31:32.957 V/bt_stack( 8588): [VERBOSE1:btm_ble_gap.cc(1923)] btm_ble_process_ext_adv_pkt: bda=5d:4a:e1:72:21:47
09-01 14:31:32.957 V/bt_stack( 8588): [VERBOSE1:btm_ble_gap.cc(1847)] btm_ble_process_adv_addr: bda=5d:4a:e1:72:21:47
09-01 14:31:32.959 D/BluetoothUtils( 8588): blockedByLocationOff callingUid=1002
09-01 14:31:32.959 I/BluetoothUtils( 8588): packagename is android.uid.bluetooth:1002 ,and its permission is false
09-01 14:31:32.959 D/BluetoothUtils( 8588): blockedByLocationOff callingUid=1002
09-01 14:31:32.959 I/BluetoothUtils( 8588): packagename is android.uid.bluetooth:1002 ,and its permission is false
09-01 14:31:32.959 D/BluetoothUtils( 8588): blockedByLocationOff callingUid=1002
09-01 14:31:32.960 I/BluetoothUtils( 8588): packagename is android.uid.bluetooth:1002 ,and its permission is false
09-01 14:31:32.981 V/bt_stack( 8588): [VERBOSE1:btm_ble_gap.cc(1923)] btm_ble_process_ext_adv_pkt: bda=56:e4:da:79:d5:88
09-01 14:31:32.982 V/bt_stack( 8588): [VERBOSE1:btm_ble_gap.cc(1847)] btm_ble_process_adv_addr: bda=56:e4:da:79:d5:88
09-01 14:31:32.982 V/bt_stack( 8588): [VERBOSE1:btm_ble_gap.cc(2052)]  Waiting for scan response 56:e4:da:79:d5:88
09-01 14:31:32.982 V/bt_stack( 8588): [VERBOSE1:btm_ble_gap.cc(1923)] btm_ble_process_ext_adv_pkt: bda=56:e4:da:79:d5:88
09-01 14:31:32.982 V/bt_stack( 8588): [VERBOSE1:btm_ble_gap.cc(1847)] btm_ble_process_adv_addr: bda=56:e4:da:79:d5:88
09-01 14:31:32.983 D/BluetoothUtils( 8588): blockedByLocationOff callingUid=1002
09-01 14:31:32.983 I/BluetoothUtils( 8588): packagename is android.uid.bluetooth:1002 ,and its permission is false
09-01 14:31:32.983 D/BluetoothUtils( 8588): blockedByLocationOff callingUid=1002
09-01 14:31:32.984 I/BluetoothUtils( 8588): packagename is android.uid.bluetooth:1002 ,and its permission is false
09-01 14:31:32.984 D/BluetoothUtils( 8588): blockedByLocationOff callingUid=1002
09-01 14:31:32.984 I/BluetoothUtils( 8588): packagename is android.uid.bluetooth:1002 ,and its permission is false
09-01 14:31:32.998 V/bt_stack( 8588): [VERBOSE1:btm_ble_gap.cc(1923)] btm_ble_process_ext_adv_pkt: bda=0c:1a:06:0e:96:57
09-01 14:31:32.999 V/bt_stack( 8588): [VERBOSE1:btm_ble_gap.cc(1847)] btm_ble_process_adv_addr: bda=0c:1a:06:0e:96:57
09-01 14:31:33.000 D/BluetoothUtils( 8588): blockedByLocationOff callingUid=1002
09-01 14:31:33.000 I/BluetoothUtils( 8588): packagename is android.uid.bluetooth:1002 ,and its permission is false
09-01 14:31:33.000 D/BluetoothUtils( 8588): blockedByLocationOff callingUid=1002
09-01 14:31:33.001 I/BluetoothUtils( 8588): packagename is android.uid.bluetooth:1002 ,and its permission is false
09-01 14:31:33.001 D/BluetoothUtils( 8588): blockedByLocationOff callingUid=1002
09-01 14:31:33.001 I/BluetoothUtils( 8588): packagename is android.uid.bluetooth:1002 ,and its permission is false
09-01 14:31:33.013 V/bt_stack( 8588): [VERBOSE1:btm_ble_gap.cc(1923)] btm_ble_process_ext_adv_pkt: bda=75:55:30:69:5d:bf
09-01 14:31:33.014 V/bt_stack( 8588): [VERBOSE1:btm_ble_gap.cc(1847)] btm_ble_process_adv_addr: bda=75:55:30:69:5d:bf
09-01 14:31:33.014 V/bt_stack( 8588): [VERBOSE1:btm_ble_gap.cc(2052)]  Waiting for scan response 75:55:30:69:5d:bf
09-01 14:31:33.014 V/bt_stack( 8588): [VERBOSE1:btm_ble_gap.cc(1923)] btm_ble_process_ext_adv_pkt: bda=0a:29:89:b7:c8:4a
09-01 14:31:33.014 V/bt_stack( 8588): [VERBOSE1:btm_ble_gap.cc(1847)] btm_ble_process_adv_addr: bda=0a:29:89:b7:c8:4a
09-01 14:31:33.015 D/BluetoothUtils( 8588): blockedByLocationOff callingUid=1002
09-01 14:31:33.016 I/BluetoothUtils( 8588): packagename is android.uid.bluetooth:1002 ,and its permission is false
09-01 14:31:33.016 D/BluetoothUtils( 8588): blockedByLocationOff callingUid=1002
09-01 14:31:33.017 I/BluetoothUtils( 8588): packagename is android.uid.bluetooth:1002 ,and its permission is false
09-01 14:31:33.017 D/BluetoothUtils( 8588): blockedByLocationOff callingUid=1002
09-01 14:31:33.017 V/bt_stack( 8588): [VERBOSE1:btm_ble_gap.cc(1923)] btm_ble_process_ext_adv_pkt: bda=11:f0:0b:88:34:0c
09-01 14:31:33.017 I/BluetoothUtils( 8588): packagename is android.uid.bluetooth:1002 ,and its permission is false
09-01 14:31:33.017 V/bt_stack( 8588): [VERBOSE1:btm_ble_gap.cc(1847)] btm_ble_process_adv_addr: bda=11:f0:0b:88:34:0c
09-01 14:31:33.019 D/BluetoothUtils( 8588): blockedByLocationOff callingUid=1002
09-01 14:31:33.019 I/BluetoothUtils( 8588): packagename is android.uid.bluetooth:1002 ,and its permission is false
09-01 14:31:33.020 D/BluetoothUtils( 8588): blockedByLocationOff callingUid=1002
09-01 14:31:33.020 I/BluetoothUtils( 8588): packagename is android.uid.bluetooth:1002 ,and its permission is false
09-01 14:31:33.020 D/BluetoothUtils( 8588): blockedByLocationOff callingUid=1002
09-01 14:31:33.021 I/BluetoothUtils( 8588): packagename is android.uid.bluetooth:1002 ,and its permission is false
09-01 14:31:33.021 V/bt_stack( 8588): [VERBOSE1:btm_ble_gap.cc(1923)] btm_ble_process_ext_adv_pkt: bda=17:be:83:99:5a:17
09-01 14:31:33.021 V/bt_stack( 8588): [VERBOSE1:btm_ble_gap.cc(1847)] btm_ble_process_adv_addr: bda=17:be:83:99:5a:17
09-01 14:31:33.023 D/BluetoothUtils( 8588): blockedByLocationOff callingUid=1002
09-01 14:31:33.024 I/BluetoothUtils( 8588): packagename is android.uid.bluetooth:1002 ,and its permission is false
09-01 14:31:33.024 D/BluetoothUtils( 8588): blockedByLocationOff callingUid=1002
09-01 14:31:33.024 I/BluetoothUtils( 8588): packagename is android.uid.bluetooth:1002 ,and its permission is false
09-01 14:31:33.024 D/BluetoothUtils( 8588): blockedByLocationOff callingUid=1002
09-01 14:31:33.025 I/BluetoothUtils( 8588): packagename is android.uid.bluetooth:1002 ,and its permission is false
09-01 14:31:33.036 V/bt_stack( 8588): [VERBOSE1:btm_ble_gap.cc(1923)] btm_ble_process_ext_adv_pkt: bda=2e:17:70:f9:0b:48
09-01 14:31:33.037 V/bt_stack( 8588): [VERBOSE1:btm_ble_gap.cc(1847)] btm_ble_process_adv_addr: bda=2e:17:70:f9:0b:48
09-01 14:31:33.038 D/BluetoothUtils( 8588): blockedByLocationOff callingUid=1002
09-01 14:31:33.038 I/BluetoothUtils( 8588): packagename is android.uid.bluetooth:1002 ,and its permission is false
09-01 14:31:33.038 D/BluetoothUtils( 8588): blockedByLocationOff callingUid=1002
09-01 14:31:33.038 I/BluetoothUtils( 8588): packagename is android.uid.bluetooth:1002 ,and its permission is false
09-01 14:31:33.039 D/BluetoothUtils( 8588): blockedByLocationOff callingUid=1002
09-01 14:31:33.039 I/BluetoothUtils( 8588): packagename is android.uid.bluetooth:1002 ,and its permission is false
09-01 14:31:33.040 V/bt_stack( 8588): [VERBOSE1:btm_ble_gap.cc(1923)] btm_ble_process_ext_adv_pkt: bda=24:65:c8:81:ba:6f
09-01 14:31:33.041 V/bt_stack( 8588): [VERBOSE1:btm_ble_gap.cc(1847)] btm_ble_process_adv_addr: bda=24:65:c8:81:ba:6f
09-01 14:31:33.042 D/BluetoothUtils( 8588): blockedByLocationOff callingUid=1002
09-01 14:31:33.042 I/BluetoothUtils( 8588): packagename is android.uid.bluetooth:1002 ,and its permission is false
09-01 14:31:33.042 D/BluetoothUtils( 8588): blockedByLocationOff callingUid=1002
09-01 14:31:33.042 I/BluetoothUtils( 8588): packagename is android.uid.bluetooth:1002 ,and its permission is false
09-01 14:31:33.043 D/BluetoothUtils( 8588): blockedByLocationOff callingUid=1002
09-01 14:31:33.043 I/BluetoothUtils( 8588): packagename is android.uid.bluetooth:1002 ,and its permission is false
09-01 14:31:33.044 V/bt_stack( 8588): [VERBOSE1:btm_ble_gap.cc(1923)] btm_ble_process_ext_adv_pkt: bda=06:fa:50:9b:39:c0
09-01 14:31:33.044 V/bt_stack( 8588): [VERBOSE1:btm_ble_gap.cc(1847)] btm_ble_process_adv_addr: bda=06:fa:50:9b:39:c0
09-01 14:31:33.045 D/BluetoothUtils( 8588): blockedByLocationOff callingUid=1002
09-01 14:31:33.045 V/bt_stack( 8588): [VERBOSE1:btm_ble_gap.cc(1923)] btm_ble_process_ext_adv_pkt: bda=2a:1b:52:ac:62:5d
09-01 14:31:33.045 I/BluetoothUtils( 8588): packagename is android.uid.bluetooth:1002 ,and its permission is false
09-01 14:31:33.045 V/bt_stack( 8588): [VERBOSE1:btm_ble_gap.cc(1847)] btm_ble_process_adv_addr: bda=2a:1b:52:ac:62:5d
09-01 14:31:33.046 D/BluetoothUtils( 8588): blockedByLocationOff callingUid=1002
09-01 14:31:33.046 I/BluetoothUtils( 8588): packagename is android.uid.bluetooth:1002 ,and its permission is false
09-01 14:31:33.046 D/BluetoothUtils( 8588): blockedByLocationOff callingUid=1002
09-01 14:31:33.046 I/BluetoothUtils( 8588): packagename is android.uid.bluetooth:1002 ,and its permission is false
09-01 14:31:33.047 D/BluetoothUtils( 8588): blockedByLocationOff callingUid=1002
09-01 14:31:33.047 I/BluetoothUtils( 8588): packagename is android.uid.bluetooth:1002 ,and its permission is false
09-01 14:31:33.048 D/BluetoothUtils( 8588): blockedByLocationOff callingUid=1002
09-01 14:31:33.048 I/BluetoothUtils( 8588): packagename is android.uid.bluetooth:1002 ,and its permission is false
09-01 14:31:33.048 D/BluetoothUtils( 8588): blockedByLocationOff callingUid=1002
09-01 14:31:33.048 I/BluetoothUtils( 8588): packagename is android.uid.bluetooth:1002 ,and its permission is false
09-01 14:31:33.052 V/bt_stack( 8588): [VERBOSE1:btm_ble_gap.cc(1923)] btm_ble_process_ext_adv_pkt: bda=66:db:a5:b4:54:91
09-01 14:31:33.052 V/bt_stack( 8588): [VERBOSE1:btm_ble_gap.cc(1847)] btm_ble_process_adv_addr: bda=66:db:a5:b4:54:91
09-01 14:31:33.053 V/bt_stack( 8588): [VERBOSE1:btm_ble_gap.cc(2052)]  Waiting for scan response 66:db:a5:b4:54:91
09-01 14:31:33.053 V/bt_stack( 8588): [VERBOSE1:btm_ble_gap.cc(1923)] btm_ble_process_ext_adv_pkt: bda=66:3e:07:e0:2b:d4
09-01 14:31:33.053 V/bt_stack( 8588): [VERBOSE1:btm_ble_gap.cc(1847)] btm_ble_process_adv_addr: bda=66:3e:07:e0:2b:d4
09-01 14:31:33.053 V/bt_stack( 8588): [VERBOSE1:btm_ble_gap.cc(2052)]  Waiting for scan response 66:3e:07:e0:2b:d4
09-01 14:31:33.053 V/bt_stack( 8588): [VERBOSE1:btm_ble_gap.cc(1923)] btm_ble_process_ext_adv_pkt: bda=66:3e:07:e0:2b:d4
09-01 14:31:33.053 V/bt_stack( 8588): [VERBOSE1:btm_ble_gap.cc(1847)] btm_ble_process_adv_addr: bda=66:3e:07:e0:2b:d4
09-01 14:31:33.054 D/BluetoothUtils( 8588): blockedByLocationOff callingUid=1002
09-01 14:31:33.054 I/BluetoothUtils( 8588): packagename is android.uid.bluetooth:1002 ,and its permission is false
09-01 14:31:33.054 D/BluetoothUtils( 8588): blockedByLocationOff callingUid=1002
09-01 14:31:33.055 I/BluetoothUtils( 8588): packagename is android.uid.bluetooth:1002 ,and its permission is false
09-01 14:31:33.055 D/BluetoothUtils( 8588): blockedByLocationOff callingUid=1002
09-01 14:31:33.055 I/BluetoothUtils( 8588): packagename is android.uid.bluetooth:1002 ,and its permission is false
09-01 14:31:33.060 V/bt_stack( 8588): [VERBOSE1:btm_ble_gap.cc(1923)] btm_ble_process_ext_adv_pkt: bda=17:7e:29:ab:4e:d0
09-01 14:31:33.060 V/bt_stack( 8588): [VERBOSE1:btm_ble_gap.cc(1847)] btm_ble_process_adv_addr: bda=17:7e:29:ab:4e:d0
09-01 14:31:33.060 V/bt_stack( 8588): [VERBOSE1:btm_ble_gap.cc(1923)] btm_ble_process_ext_adv_pkt: bda=12:72:eb:81:32:03
09-01 14:31:33.060 V/bt_stack( 8588): [VERBOSE1:btm_ble_gap.cc(1847)] btm_ble_process_adv_addr: bda=12:72:eb:81:32:03
09-01 14:31:33.061 D/BluetoothUtils( 8588): blockedByLocationOff callingUid=1002
09-01 14:31:33.062 I/BluetoothUtils( 8588): packagename is android.uid.bluetooth:1002 ,and its permission is false
09-01 14:31:33.062 D/BluetoothUtils( 8588): blockedByLocationOff callingUid=1002
09-01 14:31:33.062 I/BluetoothUtils( 8588): packagename is android.uid.bluetooth:1002 ,and its permission is false
09-01 14:31:33.062 D/BluetoothUtils( 8588): blockedByLocationOff callingUid=1002
09-01 14:31:33.062 I/BluetoothUtils( 8588): packagename is android.uid.bluetooth:1002 ,and its permission is false
09-01 14:31:33.063 D/BluetoothUtils( 8588): blockedByLocationOff callingUid=1002
09-01 14:31:33.064 I/BluetoothUtils( 8588): packagename is android.uid.bluetooth:1002 ,and its permission is false
09-01 14:31:33.064 D/BluetoothUtils( 8588): blockedByLocationOff callingUid=1002
09-01 14:31:33.064 I/BluetoothUtils( 8588): packagename is android.uid.bluetooth:1002 ,and its permission is false
09-01 14:31:33.064 D/BluetoothUtils( 8588): blockedByLocationOff callingUid=1002
09-01 14:31:33.065 I/BluetoothUtils( 8588): packagename is android.uid.bluetooth:1002 ,and its permission is false
09-01 14:31:33.097 V/bt_stack( 8588): [VERBOSE1:btm_ble_gap.cc(1923)] btm_ble_process_ext_adv_pkt: bda=44:ca:73:cc:df:42
09-01 14:31:33.097 V/bt_stack( 8588): [VERBOSE1:btm_ble_gap.cc(1847)] btm_ble_process_adv_addr: bda=44:ca:73:cc:df:42
09-01 14:31:33.097 V/bt_stack( 8588): [VERBOSE1:btm_ble_gap.cc(2052)]  Waiting for scan response 44:ca:73:cc:df:42
09-01 14:31:33.104 V/bt_stack( 8588): [VERBOSE1:btm_ble_gap.cc(1923)] btm_ble_process_ext_adv_pkt: bda=6e:9f:2d:a1:ea:cd
09-01 14:31:33.104 V/bt_stack( 8588): [VERBOSE1:btm_ble_gap.cc(1847)] btm_ble_process_adv_addr: bda=6e:9f:2d:a1:ea:cd
09-01 14:31:33.104 V/bt_stack( 8588): [VERBOSE1:btm_ble_gap.cc(2052)]  Waiting for scan response 6e:9f:2d:a1:ea:cd
09-01 14:31:33.104 V/bt_stack( 8588): [VERBOSE1:btm_ble_gap.cc(1923)] btm_ble_process_ext_adv_pkt: bda=38:f9:d3:45:87:1e
09-01 14:31:33.104 V/bt_stack( 8588): [VERBOSE1:btm_ble_gap.cc(1847)] btm_ble_process_adv_addr: bda=38:f9:d3:45:87:1e
09-01 14:31:33.104 V/bt_stack( 8588): [VERBOSE1:btm_ble_gap.cc(2052)]  Waiting for scan response 38:f9:d3:45:87:1e
09-01 14:31:33.104 V/bt_stack( 8588): [VERBOSE1:btm_ble_gap.cc(1923)] btm_ble_process_ext_adv_pkt: bda=38:f9:d3:45:87:1e
09-01 14:31:33.104 V/bt_stack( 8588): [VERBOSE1:btm_ble_gap.cc(1847)] btm_ble_process_adv_addr: bda=38:f9:d3:45:87:1e
09-01 14:31:33.105 D/BluetoothUtils( 8588): blockedByLocationOff callingUid=1002
09-01 14:31:33.106 I/BluetoothUtils( 8588): packagename is android.uid.bluetooth:1002 ,and its permission is false
09-01 14:31:33.106 D/BluetoothUtils( 8588): blockedByLocationOff callingUid=1002
09-01 14:31:33.106 I/BluetoothUtils( 8588): packagename is android.uid.bluetooth:1002 ,and its permission is false
09-01 14:31:33.106 D/BluetoothUtils( 8588): blockedByLocationOff callingUid=1002
09-01 14:31:33.106 I/BluetoothUtils( 8588): packagename is android.uid.bluetooth:1002 ,and its permission is false
09-01 14:31:33.107 V/bt_stack( 8588): [VERBOSE1:btm_ble_gap.cc(1923)] btm_ble_process_ext_adv_pkt: bda=0c:1a:06:0e:96:57
09-01 14:31:33.108 V/bt_stack( 8588): [VERBOSE1:btm_ble_gap.cc(1847)] btm_ble_process_adv_addr: bda=0c:1a:06:0e:96:57
09-01 14:31:33.109 D/BluetoothUtils( 8588): blockedByLocationOff callingUid=1002
09-01 14:31:33.109 I/BluetoothUtils( 8588): packagename is android.uid.bluetooth:1002 ,and its permission is false
09-01 14:31:33.109 D/BluetoothUtils( 8588): blockedByLocationOff callingUid=1002
09-01 14:31:33.110 I/BluetoothUtils( 8588): packagename is android.uid.bluetooth:1002 ,and its permission is false
09-01 14:31:33.110 D/BluetoothUtils( 8588): blockedByLocationOff callingUid=1002
09-01 14:31:33.110 I/BluetoothUtils( 8588): packagename is android.uid.bluetooth:1002 ,and its permission is false
09-01 14:31:33.120 V/bt_stack( 8588): [VERBOSE1:btm_ble_gap.cc(1923)] btm_ble_process_ext_adv_pkt: bda=45:55:7e:66:6f:d0
09-01 14:31:33.120 V/bt_stack( 8588): [VERBOSE1:btm_ble_gap.cc(1847)] btm_ble_process_adv_addr: bda=45:55:7e:66:6f:d0
09-01 14:31:33.120 V/bt_stack( 8588): [VERBOSE1:btm_ble_gap.cc(2052)]  Waiting for scan response 45:55:7e:66:6f:d0
09-01 14:31:33.120 V/bt_stack( 8588): [VERBOSE1:btm_ble_gap.cc(1923)] btm_ble_process_ext_adv_pkt: bda=0a:29:89:b7:c8:4a
09-01 14:31:33.120 V/bt_stack( 8588): [VERBOSE1:btm_ble_gap.cc(1847)] btm_ble_process_adv_addr: bda=0a:29:89:b7:c8:4a
09-01 14:31:33.121 D/BluetoothUtils( 8588): blockedByLocationOff callingUid=1002
09-01 14:31:33.121 I/BluetoothUtils( 8588): packagename is android.uid.bluetooth:1002 ,and its permission is false
09-01 14:31:33.122 D/BluetoothUtils( 8588): blockedByLocationOff callingUid=1002
09-01 14:31:33.122 I/BluetoothUtils( 8588): packagename is android.uid.bluetooth:1002 ,and its permission is false
09-01 14:31:33.122 D/BluetoothUtils( 8588): blockedByLocationOff callingUid=1002
09-01 14:31:33.122 I/BluetoothUtils( 8588): packagename is android.uid.bluetooth:1002 ,and its permission is false
09-01 14:31:33.126 V/bt_stack( 8588): [VERBOSE1:btm_ble_gap.cc(1923)] btm_ble_process_ext_adv_pkt: bda=17:be:83:99:5a:17
09-01 14:31:33.126 V/bt_stack( 8588): [VERBOSE1:btm_ble_gap.cc(1847)] btm_ble_process_adv_addr: bda=17:be:83:99:5a:17
09-01 14:31:33.127 D/BluetoothUtils( 8588): blockedByLocationOff callingUid=1002
09-01 14:31:33.128 I/BluetoothUtils( 8588): packagename is android.uid.bluetooth:1002 ,and its permission is false
09-01 14:31:33.128 D/BluetoothUtils( 8588): blockedByLocationOff callingUid=1002
09-01 14:31:33.128 I/BluetoothUtils( 8588): packagename is android.uid.bluetooth:1002 ,and its permission is false
09-01 14:31:33.128 D/BluetoothUtils( 8588): blockedByLocationOff callingUid=1002
09-01 14:31:33.129 I/BluetoothUtils( 8588): packagename is android.uid.bluetooth:1002 ,and its permission is false
09-01 14:31:33.130 V/bt_stack( 8588): [VERBOSE1:btm_ble_gap.cc(1923)] btm_ble_process_ext_adv_pkt: bda=65:4b:eb:fb:21:09
09-01 14:31:33.130 V/bt_stack( 8588): [VERBOSE1:btm_ble_gap.cc(1847)] btm_ble_process_adv_addr: bda=65:4b:eb:fb:21:09
09-01 14:31:33.131 D/BluetoothUtils( 8588): blockedByLocationOff callingUid=1002
09-01 14:31:33.131 I/BluetoothUtils( 8588): packagename is android.uid.bluetooth:1002 ,and its permission is false
09-01 14:31:33.131 D/BluetoothUtils( 8588): blockedByLocationOff callingUid=1002
09-01 14:31:33.131 I/BluetoothUtils( 8588): packagename is android.uid.bluetooth:1002 ,and its permission is false
09-01 14:31:33.132 D/BluetoothUtils( 8588): blockedByLocationOff callingUid=1002
09-01 14:31:33.132 I/BluetoothUtils( 8588): packagename is android.uid.bluetooth:1002 ,and its permission is false
09-01 14:31:33.135 I/appium  ( 8902): AppiumResponse: {"sessionId":"ad6d0c78-5f6e-4b34-a966-5b7ce44708b4","value":"iVBORw0KGgoAAAANSUhEUgAABDgAAAkkCAYAAAD508+vAAAAAXNSR0IArs4c6QAAAARzQklUCAgI\nCHwIZIgAACAASURBVHic7N13fFP1\/j\/w10mTLqAtdEHLKAUEQRSQ7UXgguBleEEEByDgQKHwZSir\nKLKkLFnSIo4fG1kiAooKIggObhmyp+wWuiilLW3TJuf3R3JOT5qkTZukbcrr+Xgoycn5nPM5pbQ5\n...
09-01 14:31:33.147 V/bt_stack( 8588): [VERBOSE1:btm_ble_gap.cc(1923)] btm_ble_process_ext_adv_pkt: bda=c3:d4:f4:e3:11:ec
09-01 14:31:33.148 V/bt_stack( 8588): [VERBOSE1:btm_ble_gap.cc(1847)] btm_ble_process_adv_addr: bda=c3:d4:f4:e3:11:ec
09-01 14:31:33.148 V/bt_stack( 8588): [VERBOSE1:btm_ble_gap.cc(2052)]  Waiting for scan response c3:d4:f4:e3:11:ec
09-01 14:31:33.148 V/bt_stack( 8588): [VERBOSE1:btm_ble_gap.cc(1923)] btm_ble_process_ext_adv_pkt: bda=c3:d4:f4:e3:11:ec
09-01 14:31:33.148 V/bt_stack( 8588): [VERBOSE1:btm_ble_gap.cc(1847)] btm_ble_process_adv_addr: bda=c3:d4:f4:e3:11:ec
09-01 14:31:33.148 V/bt_stack( 8588): [VERBOSE1:btm_ble_gap.cc(1923)] btm_ble_process_ext_adv_pkt: bda=06:fa:50:9b:39:c0
09-01 14:31:33.148 V/bt_stack( 8588): [VERBOSE1:btm_ble_gap.cc(1847)] btm_ble_process_adv_addr: bda=06:fa:50:9b:39:c0
09-01 14:31:33.150 D/BluetoothUtils( 8588): blockedByLocationOff callingUid=1002
09-01 14:31:33.150 I/BluetoothUtils( 8588): packagename is android.uid.bluetooth:1002 ,and its permission is false
09-01 14:31:33.150 D/BluetoothUtils( 8588): blockedByLocationOff callingUid=1002
09-01 14:31:33.151 I/BluetoothUtils( 8588): packagename is android.uid.bluetooth:1002 ,and its permission is false
09-01 14:31:33.151 D/BluetoothUtils( 8588): blockedByLocationOff callingUid=1002
09-01 14:31:33.151 I/BluetoothUtils( 8588): packagename is android.uid.bluetooth:1002 ,and its permission is false
09-01 14:31:33.151 V/bt_stack( 8588): [VERBOSE1:btm_ble_gap.cc(1923)] btm_ble_process_ext_adv_pkt: bda=24:65:c8:81:ba:6f
09-01 14:31:33.152 V/bt_stack( 8588): [VERBOSE1:btm_ble_gap.cc(1847)] btm_ble_process_adv_addr: bda=24:65:c8:81:ba:6f
09-01 14:31:33.152 D/BluetoothUtils( 8588): blockedByLocationOff callingUid=1002
09-01 14:31:33.153 I/BluetoothUtils( 8588): packagename is android.uid.bluetooth:1002 ,and its permission is false
09-01 14:31:33.153 D/BluetoothUtils( 8588): blockedByLocationOff callingUid=1002
09-01 14:31:33.153 I/BluetoothUtils( 8588): packagename is android.uid.bluetooth:1002 ,and its permission is false
09-01 14:31:33.154 D/BluetoothUtils( 8588): blockedByLocationOff callingUid=1002
09-01 14:31:33.154 I/BluetoothUtils( 8588): packagename is android.uid.bluetooth:1002 ,and its permission is false
09-01 14:31:33.155 D/BluetoothUtils( 8588): blockedByLocationOff callingUid=1002
09-01 14:31:33.155 I/BluetoothUtils( 8588): packagename is android.uid.bluetooth:1002 ,and its permission is false
09-01 14:31:33.155 D/BluetoothUtils( 8588): blockedByLocationOff callingUid=1002
09-01 14:31:33.156 I/BluetoothUtils( 8588): packagename is android.uid.bluetooth:1002 ,and its permission is false
09-01 14:31:33.156 D/BluetoothUtils( 8588): blockedByLocationOff callingUid=1002
09-01 14:31:33.156 I/BluetoothUtils( 8588): packagename is android.uid.bluetooth:1002 ,and its permission is false
09-01 14:31:33.165 V/bt_stack( 8588): [VERBOSE1:btm_ble_gap.cc(1923)] btm_ble_process_ext_adv_pkt: bda=3c:22:fb:4b:f2:e1
09-01 14:31:33.165 V/bt_stack( 8588): [VERBOSE1:btm_ble_gap.cc(1847)] btm_ble_process_adv_addr: bda=3c:22:fb:4b:f2:e1
09-01 14:31:33.165 V/bt_stack( 8588): [VERBOSE1:btm_ble_gap.cc(2052)]  Waiting for scan response 3c:22:fb:4b:f2:e1
09-01 14:31:33.175 V/bt_stack( 8588): [VERBOSE1:btm_ble_gap.cc(1923)] btm_ble_process_ext_adv_pkt: bda=56:e4:da:79:d5:88
09-01 14:31:33.175 V/bt_stack( 8588): [VERBOSE1:btm_ble_gap.cc(1847)] btm_ble_process_adv_addr: bda=56:e4:da:79:d5:88
09-01 14:31:33.175 V/bt_stack( 8588): [VERBOSE1:btm_ble_gap.cc(2052)]  Waiting for scan response 56:e4:da:79:d5:88
09-01 14:31:33.175 V/bt_stack( 8588): [VERBOSE1:btm_ble_gap.cc(1923)] btm_ble_process_ext_adv_pkt: bda=07:e4:7f:b4:5f:d9
09-01 14:31:33.175 V/bt_stack( 8588): [VERBOSE1:btm_ble_gap.cc(1847)] btm_ble_process_adv_addr: bda=07:e4:7f:b4:5f:d9
09-01 14:31:33.177 D/BluetoothUtils( 8588): blockedByLocationOff callingUid=1002
09-01 14:31:33.178 I/BluetoothUtils( 8588): packagename is android.uid.bluetooth:1002 ,and its permission is false
09-01 14:31:33.178 D/BluetoothUtils( 8588): blockedByLocationOff callingUid=1002
09-01 14:31:33.179 I/BluetoothUtils( 8588): packagename is android.uid.bluetooth:1002 ,and its permission is false
09-01 14:31:33.179 D/BluetoothUtils( 8588): blockedByLocationOff callingUid=1002
09-01 14:31:33.179 I/BluetoothUtils( 8588): packagename is android.uid.bluetooth:1002 ,and its permission is false
09-01 14:31:33.188 V/bt_stack( 8588): [VERBOSE1:btm_ble_gap.cc(1923)] btm_ble_process_ext_adv_pkt: bda=7c:ed:2d:b6:cf:30
09-01 14:31:33.189 V/bt_stack( 8588): [VERBOSE1:btm_ble_gap.cc(1847)] btm_ble_process_adv_addr: bda=7c:ed:2d:b6:cf:30
09-01 14:31:33.189 V/bt_stack( 8588): [VERBOSE1:btm_ble_gap.cc(2052)]  Waiting for scan response 7c:ed:2d:b6:cf:30
09-01 14:31:33.189 V/bt_stack( 8588): [VERBOSE1:btm_ble_gap.cc(1923)] btm_ble_process_ext_adv_pkt: bda=0d:a0:9b:d0:d9:48
09-01 14:31:33.189 V/bt_stack( 8588): [VERBOSE1:btm_ble_gap.cc(1847)] btm_ble_process_adv_addr: bda=0d:a0:9b:d0:d9:48
09-01 14:31:33.191 D/BluetoothUtils( 8588): blockedByLocationOff callingUid=1002
09-01 14:31:33.191 I/BluetoothUtils( 8588): packagename is android.uid.bluetooth:1002 ,and its permission is false
09-01 14:31:33.192 D/BluetoothUtils( 8588): blockedByLocationOff callingUid=1002
09-01 14:31:33.192 I/BluetoothUtils( 8588): packagename is android.uid.bluetooth:1002 ,and its permission is false
09-01 14:31:33.192 D/BluetoothUtils( 8588): blockedByLocationOff callingUid=1002
09-01 14:31:33.192 I/BluetoothUtils( 8588): packagename is android.uid.bluetooth:1002 ,and its permission is false
09-01 14:31:33.217 V/bt_stack( 8588): [VERBOSE1:btm_ble_gap.cc(1923)] btm_ble_process_ext_adv_pkt: bda=48:14:81:f8:b8:84
09-01 14:31:33.217 V/bt_stack( 8588): [VERBOSE1:btm_ble_gap.cc(1847)] btm_ble_process_adv_addr: bda=48:14:81:f8:b8:84
09-01 14:31:33.217 V/bt_stack( 8588): [VERBOSE1:btm_ble_gap.cc(2052)]  Waiting for scan response 48:14:81:f8:b8:84
09-01 14:31:33.217 V/bt_stack( 8588): [VERBOSE1:btm_ble_gap.cc(1923)] btm_ble_process_ext_adv_pkt: bda=70:33:97:a2:2a:78
09-01 14:31:33.217 V/bt_stack( 8588): [VERBOSE1:btm_ble_gap.cc(1847)] btm_ble_process_adv_addr: bda=70:33:97:a2:2a:78
09-01 14:31:33.217 V/bt_stack( 8588): [VERBOSE1:btm_ble_gap.cc(2052)]  Waiting for scan response 70:33:97:a2:2a:78
09-01 14:31:33.218 V/bt_stack( 8588): [VERBOSE1:btm_ble_gap.cc(1923)] btm_ble_process_ext_adv_pkt: bda=36:c9:49:a0:b6:9d
09-01 14:31:33.218 V/bt_stack( 8588): [VERBOSE1:btm_ble_gap.cc(1847)] btm_ble_process_adv_addr: bda=36:c9:49:a0:b6:9d
09-01 14:31:33.220 D/BluetoothUtils( 8588): blockedByLocationOff callingUid=1002
09-01 14:31:33.221 I/BluetoothUtils( 8588): packagename is android.uid.bluetooth:1002 ,and its permission is false
09-01 14:31:33.221 D/BluetoothUtils( 8588): blockedByLocationOff callingUid=1002
09-01 14:31:33.221 I/BluetoothUtils( 8588): packagename is android.uid.bluetooth:1002 ,and its permission is false
09-01 14:31:33.221 D/BluetoothUtils( 8588): blockedByLocationOff callingUid=1002
09-01 14:31:33.222 I/BluetoothUtils( 8588): packagename is android.uid.bluetooth:1002 ,and its permission is false
09-01 14:31:33.223 V/bt_stack( 8588): [VERBOSE1:btm_ble_gap.cc(1923)] btm_ble_process_ext_adv_pkt: bda=19:30:6d:c4:b5:5b
09-01 14:31:33.224 V/bt_stack( 8588): [VERBOSE1:btm_ble_gap.cc(1847)] btm_ble_process_adv_addr: bda=19:30:6d:c4:b5:5b
09-01 14:31:33.224 V/bt_stack( 8588): [VERBOSE1:btm_ble_gap.cc(1923)] btm_ble_process_ext_adv_pkt: bda=0a:29:89:b7:c8:4a
09-01 14:31:33.224 V/bt_stack( 8588): [VERBOSE1:btm_ble_gap.cc(1847)] btm_ble_process_adv_addr: bda=0a:29:89:b7:c8:4a
09-01 14:31:33.225 D/BluetoothUtils( 8588): blockedByLocationOff callingUid=1002
09-01 14:31:33.226 I/BluetoothUtils( 8588): packagename is android.uid.bluetooth:1002 ,and its permission is false
09-01 14:31:33.226 D/BluetoothUtils( 8588): blockedByLocationOff callingUid=1002
09-01 14:31:33.226 I/BluetoothUtils( 8588): packagename is android.uid.bluetooth:1002 ,and its permission is false
09-01 14:31:33.226 D/BluetoothUtils( 8588): blockedByLocationOff callingUid=1002
09-01 14:31:33.226 I/BluetoothUtils( 8588): packagename is android.uid.bluetooth:1002 ,and its permission is false
09-01 14:31:33.227 D/BluetoothUtils( 8588): blockedByLocationOff callingUid=1002
09-01 14:31:33.227 I/BluetoothUtils( 8588): packagename is android.uid.bluetooth:1002 ,and its permission is false
09-01 14:31:33.227 D/BluetoothUtils( 8588): blockedByLocationOff callingUid=1002
09-01 14:31:33.228 I/BluetoothUtils( 8588): packagename is android.uid.bluetooth:1002 ,and its permission is false
09-01 14:31:33.228 D/BluetoothUtils( 8588): blockedByLocationOff callingUid=1002
09-01 14:31:33.228 I/BluetoothUtils( 8588): packagename is android.uid.bluetooth:1002 ,and its permission is false
09-01 14:31:33.234 V/bt_stack( 8588): [VERBOSE1:btm_ble_gap.cc(1923)] btm_ble_process_ext_adv_pkt: bda=5d:4a:e1:72:21:47
09-01 14:31:33.234 V/bt_stack( 8588): [VERBOSE1:btm_ble_gap.cc(1847)] btm_ble_process_adv_addr: bda=5d:4a:e1:72:21:47
09-01 14:31:33.234 V/bt_stack( 8588): [VERBOSE1:btm_ble_gap.cc(2052)]  Waiting for scan response 5d:4a:e1:72:21:47
09-01 14:31:33.234 V/bt_stack( 8588): [VERBOSE1:btm_ble_gap.cc(1923)] btm_ble_process_ext_adv_pkt: bda=17:be:83:99:5a:17
09-01 14:31:33.234 V/bt_stack( 8588): [VERBOSE1:btm_ble_gap.cc(1847)] btm_ble_process_adv_addr: bda=17:be:83:99:5a:17
09-01 14:31:33.235 V/bt_stack( 8588): [VERBOSE1:btm_ble_gap.cc(1923)] btm_ble_process_ext_adv_pkt: bda=66:3e:07:e0:2b:d4
09-01 14:31:33.235 V/bt_stack( 8588): [VERBOSE1:btm_ble_gap.cc(1847)] btm_ble_process_adv_addr: bda=66:3e:07:e0:2b:d4
09-01 14:31:33.235 V/bt_stack( 8588): [VERBOSE1:btm_ble_gap.cc(2052)]  Waiting for scan response 66:3e:07:e0:2b:d4
09-01 14:31:33.235 V/bt_stack( 8588): [VERBOSE1:btm_ble_gap.cc(1923)] btm_ble_process_ext_adv_pkt: bda=66:3e:07:e0:2b:d4
09-01 14:31:33.235 V/bt_stack( 8588): [VERBOSE1:btm_ble_gap.cc(1847)] btm_ble_process_adv_addr: bda=66:3e:07:e0:2b:d4
09-01 14:31:33.236 D/BluetoothUtils( 8588): blockedByLocationOff callingUid=1002
09-01 14:31:33.236 V/bt_stack( 8588): [VERBOSE1:btm_ble_gap.cc(1923)] btm_ble_process_ext_adv_pkt: bda=65:4b:eb:fb:21:09
09-01 14:31:33.236 V/bt_stack( 8588): [VERBOSE1:btm_ble_gap.cc(1847)] btm_ble_process_adv_addr: bda=65:4b:eb:fb:21:09
09-01 14:31:33.236 I/BluetoothUtils( 8588): packagename is android.uid.bluetooth:1002 ,and its permission is false
09-01 14:31:33.237 D/BluetoothUtils( 8588): blockedByLocationOff callingUid=1002
09-01 14:31:33.237 I/BluetoothUtils( 8588): packagename is android.uid.bluetooth:1002 ,and its permission is false
09-01 14:31:33.237 D/BluetoothUtils( 8588): blockedByLocationOff callingUid=1002
09-01 14:31:33.237 I/BluetoothUtils( 8588): packagename is android.uid.bluetooth:1002 ,and its permission is false
09-01 14:31:33.237 D/BluetoothUtils( 8588): blockedByLocationOff callingUid=1002
09-01 14:31:33.238 I/BluetoothUtils( 8588): packagename is android.uid.bluetooth:1002 ,and its permission is false
09-01 14:31:33.238 D/BluetoothUtils( 8588): blockedByLocationOff callingUid=1002
09-01 14:31:33.238 I/BluetoothUtils( 8588): packagename is android.uid.bluetooth:1002 ,and its permission is false
09-01 14:31:33.238 D/BluetoothUtils( 8588): blockedByLocationOff callingUid=1002
09-01 14:31:33.238 I/BluetoothUtils( 8588): packagename is android.uid.bluetooth:1002 ,and its permission is false
09-01 14:31:33.239 D/BluetoothUtils( 8588): blockedByLocationOff callingUid=1002
09-01 14:31:33.239 I/BluetoothUtils( 8588): packagename is android.uid.bluetooth:1002 ,and its permission is false
09-01 14:31:33.239 D/BluetoothUtils( 8588): blockedByLocationOff callingUid=1002
09-01 14:31:33.240 I/BluetoothUtils( 8588): packagename is android.uid.bluetooth:1002 ,and its permission is false
09-01 14:31:33.240 D/BluetoothUtils( 8588): blockedByLocationOff callingUid=1002
09-01 14:31:33.240 I/BluetoothUtils( 8588): packagename is android.uid.bluetooth:1002 ,and its permission is false
09-01 14:31:33.242 V/bt_stack( 8588): [VERBOSE1:btm_ble_gap.cc(1923)] btm_ble_process_ext_adv_pkt: bda=2e:17:70:f9:0b:48
09-01 14:31:33.242 V/bt_stack( 8588): [VERBOSE1:btm_ble_gap.cc(1847)] btm_ble_process_adv_addr: bda=2e:17:70:f9:0b:48
09-01 14:31:33.243 D/BluetoothUtils( 8588): blockedByLocationOff callingUid=1002
09-01 14:31:33.244 I/BluetoothUtils( 8588): packagename is android.uid.bluetooth:1002 ,and its permission is false
09-01 14:31:33.244 D/BluetoothUtils( 8588): blockedByLocationOff callingUid=1002
09-01 14:31:33.244 I/BluetoothUtils( 8588): packagename is android.uid.bluetooth:1002 ,and its permission is false
09-01 14:31:33.244 D/BluetoothUtils( 8588): blockedByLocationOff callingUid=1002
09-01 14:31:33.245 I/BluetoothUtils( 8588): packagename is android.uid.bluetooth:1002 ,and its permission is false
09-01 14:31:33.249 V/bt_stack( 8588): [VERBOSE1:btm_ble_gap.cc(1923)] btm_ble_process_ext_adv_pkt: bda=06:fa:50:9b:39:c0
09-01 14:31:33.249 V/bt_stack( 8588): [VERBOSE1:btm_ble_gap.cc(1847)] btm_ble_process_adv_addr: bda=06:fa:50:9b:39:c0
09-01 14:31:33.250 D/BluetoothUtils( 8588): blockedByLocationOff callingUid=1002
09-01 14:31:33.251 V/bt_stack( 8588): [VERBOSE1:btm_ble_gap.cc(1923)] btm_ble_process_ext_adv_pkt: bda=2a:1b:52:ac:62:5d
09-01 14:31:33.251 V/bt_stack( 8588): [VERBOSE1:btm_ble_gap.cc(1847)] btm_ble_process_adv_addr: bda=2a:1b:52:ac:62:5d
09-01 14:31:33.251 I/BluetoothUtils( 8588): packagename is android.uid.bluetooth:1002 ,and its permission is false
09-01 14:31:33.251 D/BluetoothUtils( 8588): blockedByLocationOff callingUid=1002
09-01 14:31:33.251 I/BluetoothUtils( 8588): packagename is android.uid.bluetooth:1002 ,and its permission is false
09-01 14:31:33.251 D/BluetoothUtils( 8588): blockedByLocationOff callingUid=1002
09-01 14:31:33.252 I/BluetoothUtils( 8588): packagename is android.uid.bluetooth:1002 ,and its permission is false
09-01 14:31:33.252 D/BluetoothUtils( 8588): blockedByLocationOff callingUid=1002
09-01 14:31:33.253 I/BluetoothUtils( 8588): packagename is android.uid.bluetooth:1002 ,and its permission is false
09-01 14:31:33.253 D/BluetoothUtils( 8588): blockedByLocationOff callingUid=1002
09-01 14:31:33.253 V/bt_stack( 8588): [VERBOSE1:btm_ble_gap.cc(1923)] btm_ble_process_ext_adv_pkt: bda=6a:1a:31:28:a4:f8
09-01 14:31:33.253 V/bt_stack( 8588): [VERBOSE1:btm_ble_gap.cc(1847)] btm_ble_process_adv_addr: bda=6a:1a:31:28:a4:f8
09-01 14:31:33.253 I/BluetoothUtils( 8588): packagename is android.uid.bluetooth:1002 ,and its permission is false
09-01 14:31:33.253 D/BluetoothUtils( 8588): blockedByLocationOff callingUid=1002
09-01 14:31:33.253 I/BluetoothUtils( 8588): packagename is android.uid.bluetooth:1002 ,and its permission is false
09-01 14:31:33.254 D/BluetoothUtils( 8588): blockedByLocationOff callingUid=1002
09-01 14:31:33.254 I/BluetoothUtils( 8588): packagename is android.uid.bluetooth:1002 ,and its permission is false
09-01 14:31:33.255 D/BluetoothUtils( 8588): blockedByLocationOff callingUid=1002
09-01 14:31:33.255 I/BluetoothUtils( 8588): packagename is android.uid.bluetooth:1002 ,and its permission is false
09-01 14:31:33.255 D/BluetoothUtils( 8588): blockedByLocationOff callingUid=1002
09-01 14:31:33.255 I/BluetoothUtils( 8588): packagename is android.uid.bluetooth:1002 ,and its permission is false
09-01 14:31:33.269 V/bt_stack( 8588): [VERBOSE1:btm_ble_gap.cc(1923)] btm_ble_process_ext_adv_pkt: bda=12:72:eb:81:32:03
09-01 14:31:33.269 V/bt_stack( 8588): [VERBOSE1:btm_ble_gap.cc(1847)] btm_ble_process_adv_addr: bda=12:72:eb:81:32:03
09-01 14:31:33.271 D/BluetoothUtils( 8588): blockedByLocationOff callingUid=1002
09-01 14:31:33.271 I/BluetoothUtils( 8588): packagename is android.uid.bluetooth:1002 ,and its permission is false
09-01 14:31:33.271 D/BluetoothUtils( 8588): blockedByLocationOff callingUid=1002
09-01 14:31:33.271 I/appium  ( 8902): channel read invoked!
09-01 14:31:33.271 I/BluetoothUtils( 8588): packagename is android.uid.bluetooth:1002 ,and its permission is false
09-01 14:31:33.272 D/BluetoothUtils( 8588): blockedByLocationOff callingUid=1002
09-01 14:31:33.272 I/appium  ( 8902): channel read: POST /wd/hub/session/ad6d0c78-5f6e-4b34-a966-5b7ce44708b4/element
09-01 14:31:33.272 I/BluetoothUtils( 8588): packagename is android.uid.bluetooth:1002 ,and its permission is false
09-01 14:31:33.274 I/appium  ( 8902): Find element command using 'id' with selector 'com.xiaomi.hm.health:id/common_title_left_image'.
09-01 14:31:33.274 I/appium  ( 8902): Waiting up to 10000ms for device to be idle
09-01 14:31:33.275 V/bt_stack( 8588): [VERBOSE1:btm_ble_gap.cc(1923)] btm_ble_process_ext_adv_pkt: bda=07:e4:7f:b4:5f:d9
09-01 14:31:33.275 V/bt_stack( 8588): [VERBOSE1:btm_ble_gap.cc(1847)] btm_ble_process_adv_addr: bda=07:e4:7f:b4:5f:d9
09-01 14:31:33.276 D/BluetoothUtils( 8588): blockedByLocationOff callingUid=1002
09-01 14:31:33.277 I/BluetoothUtils( 8588): packagename is android.uid.bluetooth:1002 ,and its permission is false
09-01 14:31:33.277 D/BluetoothUtils( 8588): blockedByLocationOff callingUid=1002
09-01 14:31:33.277 I/BluetoothUtils( 8588): packagename is android.uid.bluetooth:1002 ,and its permission is false
09-01 14:31:33.277 D/BluetoothUtils( 8588): blockedByLocationOff callingUid=1002
09-01 14:31:33.278 I/BluetoothUtils( 8588): packagename is android.uid.bluetooth:1002 ,and its permission is false
09-01 14:31:33.281 V/bt_stack( 8588): [VERBOSE1:btm_ble_gap.cc(1923)] btm_ble_process_ext_adv_pkt: bda=c7:9e:cc:49:b0:5d
09-01 14:31:33.281 V/bt_stack( 8588): [VERBOSE1:btm_ble_gap.cc(1847)] btm_ble_process_adv_addr: bda=c7:9e:cc:49:b0:5d
09-01 14:31:33.281 V/bt_stack( 8588): [VERBOSE1:btm_ble_gap.cc(2052)]  Waiting for scan response c7:9e:cc:49:b0:5d
09-01 14:31:33.281 V/bt_stack( 8588): [VERBOSE1:btm_ble_gap.cc(1923)] btm_ble_process_ext_adv_pkt: bda=c7:9e:cc:49:b0:5d
09-01 14:31:33.281 V/bt_stack( 8588): [VERBOSE1:btm_ble_gap.cc(1847)] btm_ble_process_adv_addr: bda=c7:9e:cc:49:b0:5d
09-01 14:31:33.283 D/BluetoothUtils( 8588): blockedByLocationOff callingUid=1002
09-01 14:31:33.283 I/BluetoothUtils( 8588): packagename is android.uid.bluetooth:1002 ,and its permission is false
09-01 14:31:33.284 D/BluetoothUtils( 8588): blockedByLocationOff callingUid=1002
09-01 14:31:33.284 I/BluetoothUtils( 8588): packagename is android.uid.bluetooth:1002 ,and its permission is false
09-01 14:31:33.284 D/BluetoothUtils( 8588): blockedByLocationOff callingUid=1002
