09-01 14:31:33.284 I/BluetoothUtils( 8588): packagename is android.uid.bluetooth:1002 ,and its permission is false
09-01 14:31:33.290 I/appium  ( 8902): AppiumResponse: {"sessionId":"ad6d0c78-5f6e-4b34-a966-5b7ce44708b4","value":{"ELEMENT":"b6088950-f2d6-4997-ab14-a0e2c89fbcff","element-6066-11e4-a52e-4f735466cecf":"b6088950-f2d6-4997-ab14-a0e2c89fbcff"}}
09-01 14:31:33.291 V/bt_stack( 8588): [VERBOSE1:btm_ble_gap.cc(1923)] btm_ble_process_ext_adv_pkt: bda=c2:b5:5e:9d:d6:9e
09-01 14:31:33.291 V/bt_stack( 8588): [VERBOSE1:btm_ble_gap.cc(1847)] btm_ble_process_adv_addr: bda=c2:b5:5e:9d:d6:9e
09-01 14:31:33.291 V/bt_stack( 8588): [VERBOSE1:btm_ble_gap.cc(2052)]  Waiting for scan response c2:b5:5e:9d:d6:9e
09-01 14:31:33.291 V/bt_stack( 8588): [VERBOSE1:btm_ble_gap.cc(1923)] btm_ble_process_ext_adv_pkt: bda=38:f9:d3:45:87:1e
09-01 14:31:33.291 V/bt_stack( 8588): [VERBOSE1:btm_ble_gap.cc(1847)] btm_ble_process_adv_addr: bda=38:f9:d3:45:87:1e
09-01 14:31:33.291 V/bt_stack( 8588): [VERBOSE1:btm_ble_gap.cc(2052)]  Waiting for scan response 38:f9:d3:45:87:1e
09-01 14:31:33.292 V/bt_stack( 8588): [VERBOSE1:btm_ble_gap.cc(1923)] btm_ble_process_ext_adv_pkt: bda=38:f9:d3:45:87:1e
09-01 14:31:33.292 V/bt_stack( 8588): [VERBOSE1:btm_ble_gap.cc(1847)] btm_ble_process_adv_addr: bda=38:f9:d3:45:87:1e
09-01 14:31:33.293 D/BluetoothUtils( 8588): blockedByLocationOff callingUid=1002
09-01 14:31:33.294 I/BluetoothUtils( 8588): packagename is android.uid.bluetooth:1002 ,and its permission is false
09-01 14:31:33.294 D/BluetoothUtils( 8588): blockedByLocationOff callingUid=1002
09-01 14:31:33.294 I/BluetoothUtils( 8588): packagename is android.uid.bluetooth:1002 ,and its permission is false
09-01 14:31:33.294 D/BluetoothUtils( 8588): blockedByLocationOff callingUid=1002
09-01 14:31:33.294 I/BluetoothUtils( 8588): packagename is android.uid.bluetooth:1002 ,and its permission is false
09-01 14:31:33.307 V/bt_stack( 8588): [VERBOSE1:btm_ble_gap.cc(1923)] btm_ble_process_ext_adv_pkt: bda=3c:22:fb:4b:f2:e1
09-01 14:31:33.307 V/bt_stack( 8588): [VERBOSE1:btm_ble_gap.cc(1847)] btm_ble_process_adv_addr: bda=3c:22:fb:4b:f2:e1
09-01 14:31:33.307 V/bt_stack( 8588): [VERBOSE1:btm_ble_gap.cc(2052)]  Waiting for scan response 3c:22:fb:4b:f2:e1
09-01 14:31:33.307 V/bt_stack( 8588): [VERBOSE1:btm_ble_gap.cc(1923)] btm_ble_process_ext_adv_pkt: bda=04:b0:56:de:30:bf
09-01 14:31:33.307 V/bt_stack( 8588): [VERBOSE1:btm_ble_gap.cc(1847)] btm_ble_process_adv_addr: bda=04:b0:56:de:30:bf
09-01 14:31:33.309 D/BluetoothUtils( 8588): blockedByLocationOff callingUid=1002
09-01 14:31:33.310 I/BluetoothUtils( 8588): packagename is android.uid.bluetooth:1002 ,and its permission is false
09-01 14:31:33.310 D/BluetoothUtils( 8588): blockedByLocationOff callingUid=1002
09-01 14:31:33.310 I/BluetoothUtils( 8588): packagename is android.uid.bluetooth:1002 ,and its permission is false
09-01 14:31:33.311 D/BluetoothUtils( 8588): blockedByLocationOff callingUid=1002
09-01 14:31:33.311 I/BluetoothUtils( 8588): packagename is android.uid.bluetooth:1002 ,and its permission is false
09-01 14:31:33.317 V/bt_stack( 8588): [VERBOSE1:btm_ble_gap.cc(1923)] btm_ble_process_ext_adv_pkt: bda=0c:1a:06:0e:96:57
09-01 14:31:33.317 V/bt_stack( 8588): [VERBOSE1:btm_ble_gap.cc(1847)] btm_ble_process_adv_addr: bda=0c:1a:06:0e:96:57
09-01 14:31:33.319 D/BluetoothUtils( 8588): blockedByLocationOff callingUid=1002
09-01 14:31:33.319 I/BluetoothUtils( 8588): packagename is android.uid.bluetooth:1002 ,and its permission is false
09-01 14:31:33.320 D/BluetoothUtils( 8588): blockedByLocationOff callingUid=1002
09-01 14:31:33.320 I/BluetoothUtils( 8588): packagename is android.uid.bluetooth:1002 ,and its permission is false
09-01 14:31:33.320 D/BluetoothUtils( 8588): blockedByLocationOff callingUid=1002
09-01 14:31:33.320 I/BluetoothUtils( 8588): packagename is android.uid.bluetooth:1002 ,and its permission is false
09-01 14:31:33.326 V/bt_stack( 8588): [VERBOSE1:btm_ble_gap.cc(1923)] btm_ble_process_ext_adv_pkt: bda=3a:23:cb:4a:85:2d
09-01 14:31:33.326 V/bt_stack( 8588): [VERBOSE1:btm_ble_gap.cc(1847)] btm_ble_process_adv_addr: bda=3a:23:cb:4a:85:2d
09-01 14:31:33.328 D/BluetoothUtils( 8588): blockedByLocationOff callingUid=1002
09-01 14:31:33.329 I/BluetoothUtils( 8588): packagename is android.uid.bluetooth:1002 ,and its permission is false
09-01 14:31:33.329 D/BluetoothUtils( 8588): blockedByLocationOff callingUid=1002
09-01 14:31:33.329 I/BluetoothUtils( 8588): packagename is android.uid.bluetooth:1002 ,and its permission is false
09-01 14:31:33.329 D/BluetoothUtils( 8588): blockedByLocationOff callingUid=1002
09-01 14:31:33.330 I/BluetoothUtils( 8588): packagename is android.uid.bluetooth:1002 ,and its permission is false
09-01 14:31:33.337 I/appium  ( 8902): channel read invoked!
09-01 14:31:33.337 I/appium  ( 8902): channel read: POST /wd/hub/session/ad6d0c78-5f6e-4b34-a966-5b7ce44708b4/element/b6088950-f2d6-4997-ab14-a0e2c89fbcff/click
09-01 14:31:33.338 I/appium  ( 8902): Click element command
09-01 14:31:33.339 V/bt_stack( 8588): [VERBOSE1:btm_ble_gap.cc(1923)] btm_ble_process_ext_adv_pkt: bda=3c:22:fb:4b:f2:e1
09-01 14:31:33.339 V/bt_stack( 8588): [VERBOSE1:btm_ble_gap.cc(1847)] btm_ble_process_adv_addr: bda=3c:22:fb:4b:f2:e1
09-01 14:31:33.339 V/bt_stack( 8588): [VERBOSE1:btm_ble_gap.cc(2052)]  Waiting for scan response 3c:22:fb:4b:f2:e1
09-01 14:31:33.339 V/bt_stack( 8588): [VERBOSE1:btm_ble_gap.cc(1923)] btm_ble_process_ext_adv_pkt: bda=17:be:83:99:5a:17
09-01 14:31:33.339 V/bt_stack( 8588): [VERBOSE1:btm_ble_gap.cc(1847)] btm_ble_process_adv_addr: bda=17:be:83:99:5a:17
09-01 14:31:33.339 V/bt_stack( 8588): [VERBOSE1:btm_ble_gap.cc(1923)] btm_ble_process_ext_adv_pkt: bda=14:c3:61:25:db:42
09-01 14:31:33.339 V/bt_stack( 8588): [VERBOSE1:btm_ble_gap.cc(1847)] btm_ble_process_adv_addr: bda=14:c3:61:25:db:42
09-01 14:31:33.341 D/BluetoothUtils( 8588): blockedByLocationOff callingUid=1002
09-01 14:31:33.341 I/BluetoothUtils( 8588): packagename is android.uid.bluetooth:1002 ,and its permission is false
09-01 14:31:33.342 D/BluetoothUtils( 8588): blockedByLocationOff callingUid=1002
09-01 14:31:33.342 I/BluetoothUtils( 8588): packagename is android.uid.bluetooth:1002 ,and its permission is false
09-01 14:31:33.342 D/BluetoothUtils( 8588): blockedByLocationOff callingUid=1002
09-01 14:31:33.342 I/BluetoothUtils( 8588): packagename is android.uid.bluetooth:1002 ,and its permission is false
09-01 14:31:33.343 V/bt_stack( 8588): [VERBOSE1:btm_ble_gap.cc(1923)] btm_ble_process_ext_adv_pkt: bda=65:4b:eb:fb:21:09
09-01 14:31:33.343 V/bt_stack( 8588): [VERBOSE1:btm_ble_gap.cc(1847)] btm_ble_process_adv_addr: bda=65:4b:eb:fb:21:09
09-01 14:31:33.343 D/BluetoothUtils( 8588): blockedByLocationOff callingUid=1002
09-01 14:31:33.344 I/BluetoothUtils( 8588): packagename is android.uid.bluetooth:1002 ,and its permission is false
09-01 14:31:33.344 D/BluetoothUtils( 8588): blockedByLocationOff callingUid=1002
09-01 14:31:33.344 I/BluetoothUtils( 8588): packagename is android.uid.bluetooth:1002 ,and its permission is false
09-01 14:31:33.344 D/BluetoothUtils( 8588): blockedByLocationOff callingUid=1002
09-01 14:31:33.345 I/BluetoothUtils( 8588): packagename is android.uid.bluetooth:1002 ,and its permission is false
09-01 14:31:33.345 D/BluetoothUtils( 8588): blockedByLocationOff callingUid=1002
09-01 14:31:33.346 I/BluetoothUtils( 8588): packagename is android.uid.bluetooth:1002 ,and its permission is false
09-01 14:31:33.346 D/BluetoothUtils( 8588): blockedByLocationOff callingUid=1002
09-01 14:31:33.346 I/BluetoothUtils( 8588): packagename is android.uid.bluetooth:1002 ,and its permission is false
09-01 14:31:33.346 D/BluetoothUtils( 8588): blockedByLocationOff callingUid=1002
09-01 14:31:33.347 I/BluetoothUtils( 8588): packagename is android.uid.bluetooth:1002 ,and its permission is false
09-01 14:31:33.350 V/bt_stack( 8588): [VERBOSE1:btm_ble_gap.cc(1923)] btm_ble_process_ext_adv_pkt: bda=63:4f:86:72:1e:da
09-01 14:31:33.350 V/bt_stack( 8588): [VERBOSE1:btm_ble_gap.cc(1847)] btm_ble_process_adv_addr: bda=63:4f:86:72:1e:da
09-01 14:31:33.350 V/bt_stack( 8588): [VERBOSE1:btm_ble_gap.cc(2052)]  Waiting for scan response 63:4f:86:72:1e:da
09-01 14:31:33.350 V/bt_stack( 8588): [VERBOSE1:btm_ble_gap.cc(1923)] btm_ble_process_ext_adv_pkt: bda=56:e4:da:79:d5:88
09-01 14:31:33.350 V/bt_stack( 8588): [VERBOSE1:btm_ble_gap.cc(1847)] btm_ble_process_adv_addr: bda=56:e4:da:79:d5:88
09-01 14:31:33.350 V/bt_stack( 8588): [VERBOSE1:btm_ble_gap.cc(2052)]  Waiting for scan response 56:e4:da:79:d5:88
09-01 14:31:33.350 V/bt_stack( 8588): [VERBOSE1:btm_ble_gap.cc(1923)] btm_ble_process_ext_adv_pkt: bda=56:e4:da:79:d5:88
09-01 14:31:33.351 V/bt_stack( 8588): [VERBOSE1:btm_ble_gap.cc(1847)] btm_ble_process_adv_addr: bda=56:e4:da:79:d5:88
09-01 14:31:33.352 D/BluetoothUtils( 8588): blockedByLocationOff callingUid=1002
09-01 14:31:33.353 I/BluetoothUtils( 8588): packagename is android.uid.bluetooth:1002 ,and its permission is false
09-01 14:31:33.353 D/BluetoothUtils( 8588): blockedByLocationOff callingUid=1002
09-01 14:31:33.353 I/BluetoothUtils( 8588): packagename is android.uid.bluetooth:1002 ,and its permission is false
09-01 14:31:33.353 D/BluetoothUtils( 8588): blockedByLocationOff callingUid=1002
09-01 14:31:33.353 I/BluetoothUtils( 8588): packagename is android.uid.bluetooth:1002 ,and its permission is false
09-01 14:31:33.357 V/bt_stack( 8588): [VERBOSE1:btm_ble_gap.cc(1923)] btm_ble_process_ext_adv_pkt: bda=06:fa:50:9b:39:c0
09-01 14:31:33.357 V/bt_stack( 8588): [VERBOSE1:btm_ble_gap.cc(1847)] btm_ble_process_adv_addr: bda=06:fa:50:9b:39:c0
09-01 14:31:33.359 D/BluetoothUtils( 8588): blockedByLocationOff callingUid=1002
09-01 14:31:33.359 I/BluetoothUtils( 8588): packagename is android.uid.bluetooth:1002 ,and its permission is false
09-01 14:31:33.359 V/bt_stack( 8588): [VERBOSE1:btm_ble_gap.cc(1923)] btm_ble_process_ext_adv_pkt: bda=2a:1b:52:ac:62:5d
09-01 14:31:33.360 V/bt_stack( 8588): [VERBOSE1:btm_ble_gap.cc(1847)] btm_ble_process_adv_addr: bda=2a:1b:52:ac:62:5d
09-01 14:31:33.360 D/BluetoothUtils( 8588): blockedByLocationOff callingUid=1002
09-01 14:31:33.360 I/BluetoothUtils( 8588): packagename is android.uid.bluetooth:1002 ,and its permission is false
09-01 14:31:33.360 D/BluetoothUtils( 8588): blockedByLocationOff callingUid=1002
09-01 14:31:33.360 I/BluetoothUtils( 8588): packagename is android.uid.bluetooth:1002 ,and its permission is false
09-01 14:31:33.361 D/BluetoothUtils( 8588): blockedByLocationOff callingUid=1002
09-01 14:31:33.361 I/BluetoothUtils( 8588): packagename is android.uid.bluetooth:1002 ,and its permission is false
09-01 14:31:33.362 D/BluetoothUtils( 8588): blockedByLocationOff callingUid=1002
09-01 14:31:33.362 I/BluetoothUtils( 8588): packagename is android.uid.bluetooth:1002 ,and its permission is false
09-01 14:31:33.362 D/BluetoothUtils( 8588): blockedByLocationOff callingUid=1002
09-01 14:31:33.362 I/BluetoothUtils( 8588): packagename is android.uid.bluetooth:1002 ,and its permission is false
09-01 14:31:33.373 D/ActivityTrigger( 1639): ActivityTrigger activityPauseTrigger 
09-01 14:31:33.377 V/bt_stack( 8588): [VERBOSE1:btm_ble_gap.cc(1923)] btm_ble_process_ext_adv_pkt: bda=28:f0:76:67:1f:c7
09-01 14:31:33.377 V/bt_stack( 8588): [VERBOSE1:btm_ble_gap.cc(1847)] btm_ble_process_adv_addr: bda=28:f0:76:67:1f:c7
09-01 14:31:33.377 V/bt_stack( 8588): [VERBOSE1:btm_ble_gap.cc(2052)]  Waiting for scan response 28:f0:76:67:1f:c7
09-01 14:31:33.377 V/bt_stack( 8588): [VERBOSE1:btm_ble_gap.cc(1923)] btm_ble_process_ext_adv_pkt: bda=12:72:eb:81:32:03
09-01 14:31:33.377 V/bt_stack( 8588): [VERBOSE1:btm_ble_gap.cc(1847)] btm_ble_process_adv_addr: bda=12:72:eb:81:32:03
09-01 14:31:33.379 D/BluetoothUtils( 8588): blockedByLocationOff callingUid=1002
09-01 14:31:33.379 I/BluetoothUtils( 8588): packagename is android.uid.bluetooth:1002 ,and its permission is false
09-01 14:31:33.380 D/BluetoothUtils( 8588): blockedByLocationOff callingUid=1002
09-01 14:31:33.380 I/BluetoothUtils( 8588): packagename is android.uid.bluetooth:1002 ,and its permission is false
09-01 14:31:33.380 D/BluetoothUtils( 8588): blockedByLocationOff callingUid=1002
09-01 14:31:33.380 I/BluetoothUtils( 8588): packagename is android.uid.bluetooth:1002 ,and its permission is false
09-01 14:31:33.381 V/bt_stack( 8588): [VERBOSE1:btm_ble_gap.cc(1923)] btm_ble_process_ext_adv_pkt: bda=17:7e:29:ab:4e:d0
09-01 14:31:33.382 V/bt_stack( 8588): [VERBOSE1:btm_ble_gap.cc(1847)] btm_ble_process_adv_addr: bda=17:7e:29:ab:4e:d0
09-01 14:31:33.382 D/WindowManager( 1639): Input focus has changed to null
09-01 14:31:33.382 D/BluetoothUtils( 8588): blockedByLocationOff callingUid=1002
09-01 14:31:33.383 I/BluetoothUtils( 8588): packagename is android.uid.bluetooth:1002 ,and its permission is false
09-01 14:31:33.383 D/BluetoothUtils( 8588): blockedByLocationOff callingUid=1002
09-01 14:31:33.383 I/BluetoothUtils( 8588): packagename is android.uid.bluetooth:1002 ,and its permission is false
09-01 14:31:33.384 D/BluetoothUtils( 8588): blockedByLocationOff callingUid=1002
09-01 14:31:33.384 I/BluetoothUtils( 8588): packagename is android.uid.bluetooth:1002 ,and its permission is false
09-01 14:31:33.384 I/appium  ( 8902): Waiting up to 10000ms for device to be idle
09-01 14:31:33.385 I/appium  ( 8902): AppiumResponse: {"sessionId":"ad6d0c78-5f6e-4b34-a966-5b7ce44708b4","value":null}
09-01 14:31:33.388 I/Timeline( 1639): Timeline: App_transition_ready time:211459404
09-01 14:31:33.392 V/bt_stack( 8588): [VERBOSE1:btm_ble_gap.cc(1923)] btm_ble_process_ext_adv_pkt: bda=fd:32:0c:ad:56:d5
09-01 14:31:33.392 V/bt_stack( 8588): [VERBOSE1:btm_ble_gap.cc(1847)] btm_ble_process_adv_addr: bda=fd:32:0c:ad:56:d5
09-01 14:31:33.392 V/bt_stack( 8588): [VERBOSE1:btm_ble_gap.cc(2052)]  Waiting for scan response fd:32:0c:ad:56:d5
09-01 14:31:33.392 V/bt_stack( 8588): [VERBOSE1:btm_ble_gap.cc(1923)] btm_ble_process_ext_adv_pkt: bda=fd:32:0c:ad:56:d5
09-01 14:31:33.392 V/bt_stack( 8588): [VERBOSE1:btm_ble_gap.cc(1847)] btm_ble_process_adv_addr: bda=fd:32:0c:ad:56:d5
09-01 14:31:33.394 D/Event   ( 8957): No subscribers registered for event class com.xiaomi.hm.health.O0000o00.O000OOo0
09-01 14:31:33.394 D/Event   ( 8957): No subscribers registered for event class O00000Oo.O000000o.O000000o.O0000Oo0
09-01 14:31:33.399 V/bt_stack( 8588): [VERBOSE1:btm_ble_gap.cc(1923)] btm_ble_process_ext_adv_pkt: bda=63:e7:6b:57:ac:90
09-01 14:31:33.399 V/bt_stack( 8588): [VERBOSE1:btm_ble_gap.cc(1847)] btm_ble_process_adv_addr: bda=63:e7:6b:57:ac:90
09-01 14:31:33.399 V/bt_stack( 8588): [VERBOSE1:btm_ble_gap.cc(2052)]  Waiting for scan response 63:e7:6b:57:ac:90
09-01 14:31:33.399 V/bt_stack( 8588): [VERBOSE1:btm_ble_gap.cc(1923)] btm_ble_process_ext_adv_pkt: bda=63:e7:6b:57:ac:90
09-01 14:31:33.399 V/bt_stack( 8588): [VERBOSE1:btm_ble_gap.cc(1847)] btm_ble_process_adv_addr: bda=63:e7:6b:57:ac:90
09-01 14:31:33.404 W/AsyncHttpResponse( 8957): Current thread has not called Looper.prepare().Forcing synchronous mode
09-01 14:31:33.406 D/BluetoothUtils( 8588): blockedByLocationOff callingUid=1002
09-01 14:31:33.406 I/BluetoothUtils( 8588): packagename is android.uid.bluetooth:1002 ,and its permission is false
09-01 14:31:33.406 D/BluetoothUtils( 8588): blockedByLocationOff callingUid=1002
09-01 14:31:33.406 I/BluetoothUtils( 8588): packagename is android.uid.bluetooth:1002 ,and its permission is false
09-01 14:31:33.407 D/BluetoothUtils( 8588): blockedByLocationOff callingUid=1002
09-01 14:31:33.407 I/BluetoothUtils( 8588): packagename is android.uid.bluetooth:1002 ,and its permission is false
09-01 14:31:33.408 D/BluetoothUtils( 8588): blockedByLocationOff callingUid=1002
09-01 14:31:33.408 I/BluetoothUtils( 8588): packagename is android.uid.bluetooth:1002 ,and its permission is false
09-01 14:31:33.408 D/BluetoothUtils( 8588): blockedByLocationOff callingUid=1002
09-01 14:31:33.408 I/BluetoothUtils( 8588): packagename is android.uid.bluetooth:1002 ,and its permission is false
09-01 14:31:33.408 D/BluetoothUtils( 8588): blockedByLocationOff callingUid=1002
09-01 14:31:33.409 I/BluetoothUtils( 8588): packagename is android.uid.bluetooth:1002 ,and its permission is false
09-01 14:31:33.411 I/appium  ( 8902): channel read invoked!
09-01 14:31:33.411 I/appium  ( 8902): channel read: POST /wd/hub/session/ad6d0c78-5f6e-4b34-a966-5b7ce44708b4/element
09-01 14:31:33.411 V/bt_stack( 8588): [VERBOSE1:btm_ble_gap.cc(1923)] btm_ble_process_ext_adv_pkt: bda=2a:99:8c:12:d1:b1
09-01 14:31:33.411 V/bt_stack( 8588): [VERBOSE1:btm_ble_gap.cc(1847)] btm_ble_process_adv_addr: bda=2a:99:8c:12:d1:b1
09-01 14:31:33.412 I/appium  ( 8902): Find element command using 'id' with selector 'mine_add_device_bound'.
09-01 14:31:33.412 I/appium  ( 8902): Waiting up to 10000ms for device to be idle
09-01 14:31:33.412 D/BluetoothUtils( 8588): blockedByLocationOff callingUid=1002
09-01 14:31:33.414 I/BluetoothUtils( 8588): packagename is android.uid.bluetooth:1002 ,and its permission is false
09-01 14:31:33.414 D/BluetoothUtils( 8588): blockedByLocationOff callingUid=1002
09-01 14:31:33.414 I/BluetoothUtils( 8588): packagename is android.uid.bluetooth:1002 ,and its permission is false
09-01 14:31:33.415 D/BluetoothUtils( 8588): blockedByLocationOff callingUid=1002
09-01 14:31:33.415 I/BluetoothUtils( 8588): packagename is android.uid.bluetooth:1002 ,and its permission is false
09-01 14:31:33.416 W/AsyncHttpResponse( 8957): Current thread has not called Looper.prepare().Forcing synchronous mode
09-01 14:31:33.422 V/bt_stack( 8588): [VERBOSE1:btm_ble_gap.cc(1923)] btm_ble_process_ext_adv_pkt: bda=36:c9:49:a0:b6:9d
09-01 14:31:33.422 V/bt_stack( 8588): [VERBOSE1:btm_ble_gap.cc(1847)] btm_ble_process_adv_addr: bda=36:c9:49:a0:b6:9d
09-01 14:31:33.423 D/BluetoothUtils( 8588): blockedByLocationOff callingUid=1002
09-01 14:31:33.423 I/BluetoothUtils( 8588): packagename is android.uid.bluetooth:1002 ,and its permission is false
09-01 14:31:33.423 D/BluetoothUtils( 8588): blockedByLocationOff callingUid=1002
09-01 14:31:33.423 I/BluetoothUtils( 8588): packagename is android.uid.bluetooth:1002 ,and its permission is false
09-01 14:31:33.424 D/BluetoothUtils( 8588): blockedByLocationOff callingUid=1002
09-01 14:31:33.424 I/BluetoothUtils( 8588): packagename is android.uid.bluetooth:1002 ,and its permission is false
09-01 14:31:33.426 V/bt_stack( 8588): [VERBOSE1:btm_ble_gap.cc(1923)] btm_ble_process_ext_adv_pkt: bda=f2:58:f4:89:d0:4a
09-01 14:31:33.426 V/bt_stack( 8588): [VERBOSE1:btm_ble_gap.cc(1847)] btm_ble_process_adv_addr: bda=f2:58:f4:89:d0:4a
09-01 14:31:33.426 V/bt_stack( 8588): [VERBOSE1:btm_ble_gap.cc(2052)]  Waiting for scan response f2:58:f4:89:d0:4a
09-01 14:31:33.426 V/bt_stack( 8588): [VERBOSE1:btm_ble_gap.cc(1923)] btm_ble_process_ext_adv_pkt: bda=f2:58:f4:89:d0:4a
09-01 14:31:33.426 V/bt_stack( 8588): [VERBOSE1:btm_ble_gap.cc(1847)] btm_ble_process_adv_addr: bda=f2:58:f4:89:d0:4a
09-01 14:31:33.427 D/BluetoothUtils( 8588): blockedByLocationOff callingUid=1002
09-01 14:31:33.427 I/BluetoothUtils( 8588): packagename is android.uid.bluetooth:1002 ,and its permission is false
09-01 14:31:33.427 D/BluetoothUtils( 8588): blockedByLocationOff callingUid=1002
09-01 14:31:33.428 I/BluetoothUtils( 8588): packagename is android.uid.bluetooth:1002 ,and its permission is false
09-01 14:31:33.428 D/BluetoothUtils( 8588): blockedByLocationOff callingUid=1002
09-01 14:31:33.428 I/BluetoothUtils( 8588): packagename is android.uid.bluetooth:1002 ,and its permission is false
09-01 14:31:33.435 D/RecentsImpl( 7676): mActivityStateObserver com.xiaomi.hm.health.activity.MainTabActivity
09-01 14:31:33.435 D/[Koin]  ( 8957): +- get 'com.huami.femalehealth.uilib.O00000o0.O0000Oo'
09-01 14:31:33.435 D/[Koin]  ( 8957): | create instance for [type:Factory,primary_type:'com.huami.femalehealth.uilib.O00000o0.O0000Oo']
09-01 14:31:33.435 D/[Koin]  ( 8957): +- get 'com.huami.femalehealth.logiclib.O00000oO.O00oOooO'
09-01 14:31:33.435 D/[Koin]  ( 8957): +- got 'com.huami.femalehealth.logiclib.O00000oO.O00oOooO' in 0.025469 ms
09-01 14:31:33.435 D/[Koin]  ( 8957): +- get 'com.huami.femalehealth.logiclib.O0000O0o.O00000o'
09-01 14:31:33.436 D/[Koin]  ( 8957): | create instance for [type:Factory,primary_type:'com.huami.femalehealth.logiclib.O0000O0o.O00000o']
09-01 14:31:33.436 D/[Koin]  ( 8957): +- get 'com.huami.femalehealth.logiclib.O00000oO.O0000O0o'
09-01 14:31:33.436 D/[Koin]  ( 8957): +- got 'com.huami.femalehealth.logiclib.O00000oO.O0000O0o' in 0.007448 ms
09-01 14:31:33.436 D/[Koin]  ( 8957): +- get 'com.huami.femalehealth.logiclib.O000000o.O00000Oo'
09-01 14:31:33.436 D/[Koin]  ( 8957): +- got 'com.huami.femalehealth.logiclib.O000000o.O00000Oo' in 0.006979 ms
09-01 14:31:33.436 D/[Koin]  ( 8957): +- get 'com.huami.femalehealth.logiclib.db.FemaleHealthDb'
09-01 14:31:33.436 D/[Koin]  ( 8957): +- got 'com.huami.femalehealth.logiclib.db.FemaleHealthDb' in 0.006458 ms
09-01 14:31:33.436 D/[Koin]  ( 8957): +- get 'com.huami.femalehealth.logiclib.O00000Oo.O00000o'
09-01 14:31:33.436 D/[Koin]  ( 8957): | create instance for [type:Factory,primary_type:'com.huami.femalehealth.logiclib.O00000Oo.O00000o']
09-01 14:31:33.436 D/[Koin]  ( 8957): +- get 'com.huami.femalehealth.logiclib.O00000oO.O0000O0o'
09-01 14:31:33.436 D/[Koin]  ( 8957): +- got 'com.huami.femalehealth.logiclib.O00000oO.O0000O0o' in 0.005417 ms
09-01 14:31:33.436 D/[Koin]  ( 8957): +- get 'com.huami.femalehealth.logiclib.O000000o.O00000Oo'
09-01 14:31:33.436 D/[Koin]  ( 8957): +- got 'com.huami.femalehealth.logiclib.O000000o.O00000Oo' in 0.004948 ms
09-01 14:31:33.436 D/[Koin]  ( 8957): +- get 'com.huami.femalehealth.logiclib.db.FemaleHealthDb'
09-01 14:31:33.436 D/[Koin]  ( 8957): +- got 'com.huami.femalehealth.logiclib.db.FemaleHealthDb' in 0.005312 ms
09-01 14:31:33.436 D/[Koin]  ( 8957): +- get 'com.huami.femalehealth.logiclib.O00000Oo.O00000Oo'
09-01 14:31:33.436 D/[Koin]  ( 8957): +- got 'com.huami.femalehealth.logiclib.O00000Oo.O00000Oo' in 0.013334 ms
09-01 14:31:33.436 D/[Koin]  ( 8957): +- get 'com.huami.femalehealth.logiclib.O00000oO.O00oOooO'
09-01 14:31:33.436 D/[Koin]  ( 8957): +- got 'com.huami.femalehealth.logiclib.O00000oO.O00oOooO' in 0.004531 ms
09-01 14:31:33.436 D/[Koin]  ( 8957): +- got 'com.huami.femalehealth.logiclib.O00000Oo.O00000o' in 0.209739 ms
09-01 14:31:33.436 D/[Koin]  ( 8957): +- get 'com.huami.femalehealth.logiclib.O00000Oo.O00000o0'
09-01 14:31:33.436 D/[Koin]  ( 8957): | create instance for [type:Factory,primary_type:'com.huami.femalehealth.logiclib.O00000Oo.O00000o0']
09-01 14:31:33.436 D/[Koin]  ( 8957): +- got 'com.huami.femalehealth.logiclib.O00000Oo.O00000o0' in 0.029271 ms
09-01 14:31:33.436 D/[Koin]  ( 8957): +- got 'com.huami.femalehealth.logiclib.O0000O0o.O00000o' in 0.493698 ms
09-01 14:31:33.436 D/[Koin]  ( 8957): +- got 'com.huami.femalehealth.uilib.O00000o0.O0000Oo' in 0.878958 ms
09-01 14:31:33.442 V/bt_stack( 8588): [VERBOSE1:btm_ble_gap.cc(1923)] btm_ble_process_ext_adv_pkt: bda=6e:9f:2d:a1:ea:cd
09-01 14:31:33.442 V/bt_stack( 8588): [VERBOSE1:btm_ble_gap.cc(1847)] btm_ble_process_adv_addr: bda=6e:9f:2d:a1:ea:cd
09-01 14:31:33.442 V/bt_stack( 8588): [VERBOSE1:btm_ble_gap.cc(2052)]  Waiting for scan response 6e:9f:2d:a1:ea:cd
09-01 14:31:33.443 V/bt_stack( 8588): [VERBOSE1:btm_ble_gap.cc(1923)] btm_ble_process_ext_adv_pkt: bda=e5:71:12:cc:be:d8
09-01 14:31:33.443 V/bt_stack( 8588): [VERBOSE1:btm_ble_gap.cc(1847)] btm_ble_process_adv_addr: bda=e5:71:12:cc:be:d8
09-01 14:31:33.443 V/bt_stack( 8588): [VERBOSE1:btm_ble_gap.cc(2052)]  Waiting for scan response e5:71:12:cc:be:d8
09-01 14:31:33.443 V/bt_stack( 8588): [VERBOSE1:btm_ble_gap.cc(1923)] btm_ble_process_ext_adv_pkt: bda=e5:71:12:cc:be:d8
09-01 14:31:33.443 V/bt_stack( 8588): [VERBOSE1:btm_ble_gap.cc(1847)] btm_ble_process_adv_addr: bda=e5:71:12:cc:be:d8
09-01 14:31:33.444 D/BluetoothUtils( 8588): blockedByLocationOff callingUid=1002
09-01 14:31:33.445 I/BluetoothUtils( 8588): packagename is android.uid.bluetooth:1002 ,and its permission is false
09-01 14:31:33.445 D/BluetoothUtils( 8588): blockedByLocationOff callingUid=1002
09-01 14:31:33.445 I/BluetoothUtils( 8588): packagename is android.uid.bluetooth:1002 ,and its permission is false
09-01 14:31:33.445 D/BluetoothUtils( 8588): blockedByLocationOff callingUid=1002
09-01 14:31:33.446 I/BluetoothUtils( 8588): packagename is android.uid.bluetooth:1002 ,and its permission is false
09-01 14:31:33.449 V/bt_stack( 8588): [VERBOSE1:btm_ble_gap.cc(1923)] btm_ble_process_ext_adv_pkt: bda=14:c3:61:25:db:42
09-01 14:31:33.449 V/bt_stack( 8588): [VERBOSE1:btm_ble_gap.cc(1847)] btm_ble_process_adv_addr: bda=14:c3:61:25:db:42
09-01 14:31:33.450 D/BluetoothUtils( 8588): blockedByLocationOff callingUid=1002
09-01 14:31:33.450 I/BluetoothUtils( 8588): packagename is android.uid.bluetooth:1002 ,and its permission is false
09-01 14:31:33.450 D/BluetoothUtils( 8588): blockedByLocationOff callingUid=1002
09-01 14:31:33.450 I/BluetoothUtils( 8588): packagename is android.uid.bluetooth:1002 ,and its permission is false
09-01 14:31:33.450 D/BluetoothUtils( 8588): blockedByLocationOff callingUid=1002
09-01 14:31:33.451 I/BluetoothUtils( 8588): packagename is android.uid.bluetooth:1002 ,and its permission is false
09-01 14:31:33.451 V/bt_stack( 8588): [VERBOSE1:btm_ble_gap.cc(1923)] btm_ble_process_ext_adv_pkt: bda=65:4b:eb:fb:21:09
09-01 14:31:33.452 V/bt_stack( 8588): [VERBOSE1:btm_ble_gap.cc(1847)] btm_ble_process_adv_addr: bda=65:4b:eb:fb:21:09
09-01 14:31:33.452 D/BluetoothUtils( 8588): blockedByLocationOff callingUid=1002
09-01 14:31:33.453 I/BluetoothUtils( 8588): packagename is android.uid.bluetooth:1002 ,and its permission is false
09-01 14:31:33.453 D/BluetoothUtils( 8588): blockedByLocationOff callingUid=1002
09-01 14:31:33.453 I/Timeline( 1639): Timeline: App_transition_ready time:211459470
09-01 14:31:33.453 D/WindowManager( 1639): Input focus has changed to Window{ba42959 u0 com.xiaomi.hm.health/com.xiaomi.hm.health.activity.MainTabActivity}
09-01 14:31:33.453 I/BluetoothUtils( 8588): packagename is android.uid.bluetooth:1002 ,and its permission is false
09-01 14:31:33.453 D/BluetoothUtils( 8588): blockedByLocationOff callingUid=1002
09-01 14:31:33.454 I/BluetoothUtils( 8588): packagename is android.uid.bluetooth:1002 ,and its permission is false
09-01 14:31:33.462 V/bt_stack( 8588): [VERBOSE1:btm_ble_gap.cc(1923)] btm_ble_process_ext_adv_pkt: bda=2e:17:70:f9:0b:48
09-01 14:31:33.462 V/bt_stack( 8588): [VERBOSE1:btm_ble_gap.cc(1847)] btm_ble_process_adv_addr: bda=2e:17:70:f9:0b:48
09-01 14:31:33.462 V/bt_stack( 8588): [VERBOSE1:btm_ble_gap.cc(1923)] btm_ble_process_ext_adv_pkt: bda=6a:1a:31:28:a4:f8
09-01 14:31:33.462 V/bt_stack( 8588): [VERBOSE1:btm_ble_gap.cc(1847)] btm_ble_process_adv_addr: bda=6a:1a:31:28:a4:f8
09-01 14:31:33.462 V/AsyncHttpResponse( 8957): Progress 315 from 315 (100%)
09-01 14:31:33.463 D/BluetoothUtils( 8588): blockedByLocationOff callingUid=1002
09-01 14:31:33.463 I/BluetoothUtils( 8588): packagename is android.uid.bluetooth:1002 ,and its permission is false
09-01 14:31:33.463 D/BluetoothUtils( 8588): blockedByLocationOff callingUid=1002
09-01 14:31:33.463 I/BluetoothUtils( 8588): packagename is android.uid.bluetooth:1002 ,and its permission is false
09-01 14:31:33.463 D/BluetoothUtils( 8588): blockedByLocationOff callingUid=1002
09-01 14:31:33.464 I/BluetoothUtils( 8588): packagename is android.uid.bluetooth:1002 ,and its permission is false
09-01 14:31:33.464 D/BluetoothUtils( 8588): blockedByLocationOff callingUid=1002
09-01 14:31:33.465 I/BluetoothUtils( 8588): packagename is android.uid.bluetooth:1002 ,and its permission is false
09-01 14:31:33.465 D/BluetoothUtils( 8588): blockedByLocationOff callingUid=1002
09-01 14:31:33.465 I/BluetoothUtils( 8588): packagename is android.uid.bluetooth:1002 ,and its permission is false
09-01 14:31:33.465 D/BluetoothUtils( 8588): blockedByLocationOff callingUid=1002
09-01 14:31:33.465 W/Glide   ( 8957): Load failed for  with size [-2147483648x-2147483648]
09-01 14:31:33.465 W/Glide   ( 8957): class com.O00000o0.O000000o.O00000o.O00000Oo.O000O0o: Failed to load resource
09-01 14:31:33.465 I/BluetoothUtils( 8588): packagename is android.uid.bluetooth:1002 ,and its permission is false
09-01 14:31:33.466 W/Glide   ( 8957): Load failed for  with size [-2147483648x-2147483648]
09-01 14:31:33.466 W/Glide   ( 8957): class com.O00000o0.O000000o.O00000o.O00000Oo.O000O0o: Failed to load resource
09-01 14:31:33.466 V/bt_stack( 8588): [VERBOSE1:btm_ble_gap.cc(1923)] btm_ble_process_ext_adv_pkt: bda=3b:30:35:17:9e:fe
09-01 14:31:33.466 V/bt_stack( 8588): [VERBOSE1:btm_ble_gap.cc(1847)] btm_ble_process_adv_addr: bda=3b:30:35:17:9e:fe
09-01 14:31:33.467 W/Glide   ( 8957): Load failed for  with size [-2147483648x-2147483648]
09-01 14:31:33.467 W/Glide   ( 8957): class com.O00000o0.O000000o.O00000o.O00000Oo.O000O0o: Failed to load resource
09-01 14:31:33.467 V/AsyncHttpResponse( 8957): Progress 117 from 117 (100%)
09-01 14:31:33.467 D/BluetoothUtils( 8588): blockedByLocationOff callingUid=1002
09-01 14:31:33.467 V/bt_stack( 8588): [VERBOSE1:btm_ble_gap.cc(1923)] btm_ble_process_ext_adv_pkt: bda=2a:1b:52:ac:62:5d
09-01 14:31:33.467 V/bt_stack( 8588): [VERBOSE1:btm_ble_gap.cc(1847)] btm_ble_process_adv_addr: bda=2a:1b:52:ac:62:5d
09-01 14:31:33.468 I/BluetoothUtils( 8588): packagename is android.uid.bluetooth:1002 ,and its permission is false
09-01 14:31:33.468 D/BluetoothUtils( 8588): blockedByLocationOff callingUid=1002
09-01 14:31:33.468 W/Glide   ( 8957): Load failed for  with size [-2147483648x-2147483648]
09-01 14:31:33.468 W/Glide   ( 8957): class com.O00000o0.O000000o.O00000o.O00000Oo.O000O0o: Failed to load resource
09-01 14:31:33.468 I/BluetoothUtils( 8588): packagename is android.uid.bluetooth:1002 ,and its permission is false
09-01 14:31:33.468 D/BluetoothUtils( 8588): blockedByLocationOff callingUid=1002
09-01 14:31:33.468 I/BluetoothUtils( 8588): packagename is android.uid.bluetooth:1002 ,and its permission is false
09-01 14:31:33.469 W/Glide   ( 8957): Load failed for  with size [-2147483648x-2147483648]
09-01 14:31:33.469 W/Glide   ( 8957): class com.O00000o0.O000000o.O00000o.O00000Oo.O000O0o: Failed to load resource
09-01 14:31:33.469 W/Glide   ( 8957): Load failed for  with size [-2147483648x-2147483648]
09-01 14:31:33.469 W/Glide   ( 8957): class com.O00000o0.O000000o.O00000o.O00000Oo.O000O0o: Failed to load resource
09-01 14:31:33.469 D/BluetoothUtils( 8588): blockedByLocationOff callingUid=1002
09-01 14:31:33.469 I/BluetoothUtils( 8588): packagename is android.uid.bluetooth:1002 ,and its permission is false
09-01 14:31:33.470 D/BluetoothUtils( 8588): blockedByLocationOff callingUid=1002
09-01 14:31:33.470 I/BluetoothUtils( 8588): packagename is android.uid.bluetooth:1002 ,and its permission is false
09-01 14:31:33.470 D/BluetoothUtils( 8588): blockedByLocationOff callingUid=1002
09-01 14:31:33.470 I/BluetoothUtils( 8588): packagename is android.uid.bluetooth:1002 ,and its permission is false
09-01 14:31:33.472 I/Timeline( 1639): Timeline: App_transition_ready time:211459489
09-01 14:31:33.476 D/[Koin]  ( 8957): +- get 'com.huami.femalehealth.uilib.O00000o0.O0000Oo'
09-01 14:31:33.476 D/[Koin]  ( 8957): | create instance for [type:Factory,primary_type:'com.huami.femalehealth.uilib.O00000o0.O0000Oo']
09-01 14:31:33.476 D/[Koin]  ( 8957): +- get 'com.huami.femalehealth.logiclib.O00000oO.O00oOooO'
09-01 14:31:33.476 D/[Koin]  ( 8957): +- got 'com.huami.femalehealth.logiclib.O00000oO.O00oOooO' in 0.016615 ms
09-01 14:31:33.476 D/[Koin]  ( 8957): +- get 'com.huami.femalehealth.logiclib.O0000O0o.O00000o'
09-01 14:31:33.476 D/[Koin]  ( 8957): | create instance for [type:Factory,primary_type:'com.huami.femalehealth.logiclib.O0000O0o.O00000o']
09-01 14:31:33.476 D/[Koin]  ( 8957): +- get 'com.huami.femalehealth.logiclib.O00000oO.O0000O0o'
09-01 14:31:33.476 V/bt_stack( 8588): [VERBOSE1:btm_ble_gap.cc(1923)] btm_ble_process_ext_adv_pkt: bda=38:f9:d3:45:87:1e
09-01 14:31:33.476 D/[Koin]  ( 8957): +- got 'com.huami.femalehealth.logiclib.O00000oO.O0000O0o' in 0.005416 ms
09-01 14:31:33.476 D/[Koin]  ( 8957): +- get 'com.huami.femalehealth.logiclib.O000000o.O00000Oo'
09-01 14:31:33.476 D/[Koin]  ( 8957): +- got 'com.huami.femalehealth.logiclib.O000000o.O00000Oo' in 0.005469 ms
09-01 14:31:33.476 V/bt_stack( 8588): [VERBOSE1:btm_ble_gap.cc(1847)] btm_ble_process_adv_addr: bda=38:f9:d3:45:87:1e
09-01 14:31:33.476 D/[Koin]  ( 8957): +- get 'com.huami.femalehealth.logiclib.db.FemaleHealthDb'
09-01 14:31:33.476 D/[Koin]  ( 8957): +- got 'com.huami.femalehealth.logiclib.db.FemaleHealthDb' in 0.005781 ms
09-01 14:31:33.476 V/bt_stack( 8588): [VERBOSE1:btm_ble_gap.cc(2052)]  Waiting for scan response 38:f9:d3:45:87:1e
09-01 14:31:33.476 D/[Koin]  ( 8957): +- get 'com.huami.femalehealth.logiclib.O00000Oo.O00000o'
09-01 14:31:33.476 D/[Koin]  ( 8957): | create instance for [type:Factory,primary_type:'com.huami.femalehealth.logiclib.O00000Oo.O00000o']
09-01 14:31:33.476 D/[Koin]  ( 8957): +- get 'com.huami.femalehealth.logiclib.O00000oO.O0000O0o'
09-01 14:31:33.476 W/AsyncHttpResponse( 8957): Current thread has not called Looper.prepare().Forcing synchronous mode
09-01 14:31:33.476 V/bt_stack( 8588): [VERBOSE1:btm_ble_gap.cc(1923)] btm_ble_process_ext_adv_pkt: bda=38:f9:d3:45:87:1e
09-01 14:31:33.477 V/bt_stack( 8588): [VERBOSE1:btm_ble_gap.cc(1847)] btm_ble_process_adv_addr: bda=38:f9:d3:45:87:1e
09-01 14:31:33.477 D/[Koin]  ( 8957): +- got 'com.huami.femalehealth.logiclib.O00000oO.O0000O0o' in 0.023906 ms
09-01 14:31:33.477 D/[Koin]  ( 8957): +- get 'com.huami.femalehealth.logiclib.O000000o.O00000Oo'
09-01 14:31:33.477 D/[Koin]  ( 8957): +- got 'com.huami.femalehealth.logiclib.O000000o.O00000Oo' in 0.004219 ms
09-01 14:31:33.477 D/[Koin]  ( 8957): +- get 'com.huami.femalehealth.logiclib.db.FemaleHealthDb'
09-01 14:31:33.477 D/[Koin]  ( 8957): +- got 'com.huami.femalehealth.logiclib.db.FemaleHealthDb' in 0.004219 ms
09-01 14:31:33.477 D/[Koin]  ( 8957): +- get 'com.huami.femalehealth.logiclib.O00000Oo.O00000Oo'
09-01 14:31:33.477 D/[Koin]  ( 8957): +- got 'com.huami.femalehealth.logiclib.O00000Oo.O00000Oo' in 0.009427 ms
09-01 14:31:33.477 D/[Koin]  ( 8957): +- get 'com.huami.femalehealth.logiclib.O00000oO.O00oOooO'
09-01 14:31:33.477 D/[Koin]  ( 8957): +- got 'com.huami.femalehealth.logiclib.O00000oO.O00oOooO' in 0.004322 ms
09-01 14:31:33.477 D/[Koin]  ( 8957): +- got 'com.huami.femalehealth.logiclib.O00000Oo.O00000o' in 0.21724 ms
09-01 14:31:33.477 D/[Koin]  ( 8957): +- get 'com.huami.femalehealth.logiclib.O00000Oo.O00000o0'
09-01 14:31:33.477 D/[Koin]  ( 8957): | create instance for [type:Factory,primary_type:'com.huami.femalehealth.logiclib.O00000Oo.O00000o0']
09-01 14:31:33.477 D/[Koin]  ( 8957): +- got 'com.huami.femalehealth.logiclib.O00000Oo.O00000o0' in 0.030833 ms
09-01 14:31:33.477 D/[Koin]  ( 8957): +- got 'com.huami.femalehealth.logiclib.O0000O0o.O00000o' in 0.479896 ms
09-01 14:31:33.477 D/BluetoothUtils( 8588): blockedByLocationOff callingUid=1002
09-01 14:31:33.477 D/[Koin]  ( 8957): +- got 'com.huami.femalehealth.uilib.O00000o0.O0000Oo' in 0.987761 ms
09-01 14:31:33.478 I/BluetoothUtils( 8588): packagename is android.uid.bluetooth:1002 ,and its permission is false
09-01 14:31:33.478 D/BluetoothUtils( 8588): blockedByLocationOff callingUid=1002
09-01 14:31:33.478 I/BluetoothUtils( 8588): packagename is android.uid.bluetooth:1002 ,and its permission is false
09-01 14:31:33.478 D/BluetoothUtils( 8588): blockedByLocationOff callingUid=1002
09-01 14:31:33.478 I/BluetoothUtils( 8588): packagename is android.uid.bluetooth:1002 ,and its permission is false
09-01 14:31:33.482 V/bt_stack( 8588): [VERBOSE1:btm_ble_gap.cc(1923)] btm_ble_process_ext_adv_pkt: bda=72:1f:5b:cb:e4:06
09-01 14:31:33.482 V/bt_stack( 8588): [VERBOSE1:btm_ble_gap.cc(1847)] btm_ble_process_adv_addr: bda=72:1f:5b:cb:e4:06
09-01 14:31:33.482 V/bt_stack( 8588): [VERBOSE1:btm_ble_gap.cc(2052)]  Waiting for scan response 72:1f:5b:cb:e4:06
09-01 14:31:33.482 V/bt_stack( 8588): [VERBOSE1:btm_ble_gap.cc(1923)] btm_ble_process_ext_adv_pkt: bda=17:7e:29:ab:4e:d0
09-01 14:31:33.482 V/bt_stack( 8588): [VERBOSE1:btm_ble_gap.cc(1847)] btm_ble_process_adv_addr: bda=17:7e:29:ab:4e:d0
09-01 14:31:33.483 D/BluetoothUtils( 8588): blockedByLocationOff callingUid=1002
09-01 14:31:33.484 I/BluetoothUtils( 8588): packagename is android.uid.bluetooth:1002 ,and its permission is false
09-01 14:31:33.484 D/BluetoothUtils( 8588): blockedByLocationOff callingUid=1002
09-01 14:31:33.484 I/BluetoothUtils( 8588): packagename is android.uid.bluetooth:1002 ,and its permission is false
09-01 14:31:33.484 D/BluetoothUtils( 8588): blockedByLocationOff callingUid=1002
09-01 14:31:33.485 I/BluetoothUtils( 8588): packagename is android.uid.bluetooth:1002 ,and its permission is false
09-01 14:31:33.490 V/bt_stack( 8588): [VERBOSE1:btm_ble_gap.cc(1923)] btm_ble_process_ext_adv_pkt: bda=53:f2:a2:69:23:e6
09-01 14:31:33.491 V/bt_stack( 8588): [VERBOSE1:btm_ble_gap.cc(1847)] btm_ble_process_adv_addr: bda=53:f2:a2:69:23:e6
09-01 14:31:33.491 D/BluetoothUtils( 8588): blockedByLocationOff callingUid=1002
09-01 14:31:33.492 I/BluetoothUtils( 8588): packagename is android.uid.bluetooth:1002 ,and its permission is false
09-01 14:31:33.492 W/RecentsModel( 7676): onTaskStackChangedBackground: start loading
09-01 14:31:33.492 D/BluetoothUtils( 8588): blockedByLocationOff callingUid=1002
09-01 14:31:33.492 I/BluetoothUtils( 8588): packagename is android.uid.bluetooth:1002 ,and its permission is false
09-01 14:31:33.492 W/RecentsModel( 7676): getTaskInfoIgnoreHomeAndSplit   taskInfo=ComponentInfo{com.xiaomi.hm.health/com.xiaomi.hm.health.activity.MainTabActivity}
09-01 14:31:33.492 D/BluetoothUtils( 8588): blockedByLocationOff callingUid=1002
09-01 14:31:33.492 W/RecentsModel( 7676): getTaskInfoIgnoreHomeAndFreeform   taskInfo=ComponentInfo{com.xiaomi.hm.health/com.xiaomi.hm.health.activity.MainTabActivity}
09-01 14:31:33.492 I/BluetoothUtils( 8588): packagename is android.uid.bluetooth:1002 ,and its permission is false
09-01 14:31:33.493 W/RecentsModel( 7676): getTaskInfoIgnoreFreeform   taskInfo=ComponentInfo{com.xiaomi.hm.health/com.xiaomi.hm.health.activity.MainTabActivity}
09-01 14:31:33.493 W/RecentsModel( 7676): onTaskStackChangedBackground: finishLoading loading
09-01 14:31:33.515 D/QCNEJ/WlanStaInfoRelay( 2635): Received action: android.net.wifi.RSSI_CHANGED
09-01 14:31:33.517 V/bt_stack( 8588): [VERBOSE1:btm_ble_gap.cc(1923)] btm_ble_process_ext_adv_pkt: bda=2d:8f:df:c2:a9:d4
09-01 14:31:33.517 V/bt_stack( 8588): [VERBOSE1:btm_ble_gap.cc(1847)] btm_ble_process_adv_addr: bda=2d:8f:df:c2:a9:d4
09-01 14:31:33.517 D/NetworkStateReceiver(22367): sWifiStrengthLevel = 4
09-01 14:31:33.518 D/BluetoothUtils( 8588): blockedByLocationOff callingUid=1002
09-01 14:31:33.518 I/BluetoothUtils( 8588): packagename is android.uid.bluetooth:1002 ,and its permission is false
09-01 14:31:33.518 D/BluetoothUtils( 8588): blockedByLocationOff callingUid=1002
09-01 14:31:33.518 I/BluetoothUtils( 8588): packagename is android.uid.bluetooth:1002 ,and its permission is false
09-01 14:31:33.518 D/BluetoothUtils( 8588): blockedByLocationOff callingUid=1002
09-01 14:31:33.519 I/BluetoothUtils( 8588): packagename is android.uid.bluetooth:1002 ,and its permission is false
09-01 14:31:33.519 D/StackScroller(29730): applyCurrentState
09-01 14:31:33.521 V/bt_stack( 8588): [VERBOSE1:btm_ble_gap.cc(1923)] btm_ble_process_ext_adv_pkt: bda=04:b0:56:de:30:bf
09-01 14:31:33.521 V/bt_stack( 8588): [VERBOSE1:btm_ble_gap.cc(1847)] btm_ble_process_adv_addr: bda=04:b0:56:de:30:bf
09-01 14:31:33.522 D/BluetoothUtils( 8588): blockedByLocationOff callingUid=1002
09-01 14:31:33.522 I/BluetoothUtils( 8588): packagename is android.uid.bluetooth:1002 ,and its permission is false
09-01 14:31:33.522 D/BluetoothUtils( 8588): blockedByLocationOff callingUid=1002
09-01 14:31:33.523 I/BluetoothUtils( 8588): packagename is android.uid.bluetooth:1002 ,and its permission is false
09-01 14:31:33.523 D/BluetoothUtils( 8588): blockedByLocationOff callingUid=1002
09-01 14:31:33.523 I/BluetoothUtils( 8588): packagename is android.uid.bluetooth:1002 ,and its permission is false
09-01 14:31:33.524 V/bt_stack( 8588): [VERBOSE1:btm_ble_gap.cc(1923)] btm_ble_process_ext_adv_pkt: bda=36:c9:49:a0:b6:9d
09-01 14:31:33.524 V/bt_stack( 8588): [VERBOSE1:btm_ble_gap.cc(1847)] btm_ble_process_adv_addr: bda=36:c9:49:a0:b6:9d
09-01 14:31:33.525 D/BluetoothUtils( 8588): blockedByLocationOff callingUid=1002
09-01 14:31:33.525 I/BluetoothUtils( 8588): packagename is android.uid.bluetooth:1002 ,and its permission is false
09-01 14:31:33.525 V/bt_stack( 8588): [VERBOSE1:btm_ble_gap.cc(1923)] btm_ble_process_ext_adv_pkt: bda=0c:1a:06:0e:96:57
09-01 14:31:33.525 V/bt_stack( 8588): [VERBOSE1:btm_ble_gap.cc(1847)] btm_ble_process_adv_addr: bda=0c:1a:06:0e:96:57
09-01 14:31:33.526 D/BluetoothUtils( 8588): blockedByLocationOff callingUid=1002
09-01 14:31:33.526 I/BluetoothUtils( 8588): packagename is android.uid.bluetooth:1002 ,and its permission is false
09-01 14:31:33.526 D/BluetoothUtils( 8588): blockedByLocationOff callingUid=1002
09-01 14:31:33.526 I/BluetoothUtils( 8588): packagename is android.uid.bluetooth:1002 ,and its permission is false
09-01 14:31:33.527 D/BluetoothUtils( 8588): blockedByLocationOff callingUid=1002
09-01 14:31:33.527 I/BluetoothUtils( 8588): packagename is android.uid.bluetooth:1002 ,and its permission is false
09-01 14:31:33.527 D/BluetoothUtils( 8588): blockedByLocationOff callingUid=1002
09-01 14:31:33.527 I/BluetoothUtils( 8588): packagename is android.uid.bluetooth:1002 ,and its permission is false
09-01 14:31:33.527 D/BluetoothUtils( 8588): blockedByLocationOff callingUid=1002
09-01 14:31:33.528 I/BluetoothUtils( 8588): packagename is android.uid.bluetooth:1002 ,and its permission is false
09-01 14:31:33.533 V/bt_stack( 8588): [VERBOSE1:btm_ble_gap.cc(1923)] btm_ble_process_ext_adv_pkt: bda=2c:e0:b3:78:83:e3
09-01 14:31:33.533 V/bt_stack( 8588): [VERBOSE1:btm_ble_gap.cc(1847)] btm_ble_process_adv_addr: bda=2c:e0:b3:78:83:e3
09-01 14:31:33.534 D/BluetoothUtils( 8588): blockedByLocationOff callingUid=1002
09-01 14:31:33.534 I/BluetoothUtils( 8588): packagename is android.uid.bluetooth:1002 ,and its permission is false
09-01 14:31:33.535 D/BluetoothUtils( 8588): blockedByLocationOff callingUid=1002
09-01 14:31:33.535 I/BluetoothUtils( 8588): packagename is android.uid.bluetooth:1002 ,and its permission is false
09-01 14:31:33.535 D/BluetoothUtils( 8588): blockedByLocationOff callingUid=1002
09-01 14:31:33.535 V/bt_stack( 8588): [VERBOSE1:btm_ble_gap.cc(1923)] btm_ble_process_ext_adv_pkt: bda=56:e4:da:79:d5:88
09-01 14:31:33.535 V/bt_stack( 8588): [VERBOSE1:btm_ble_gap.cc(1847)] btm_ble_process_adv_addr: bda=56:e4:da:79:d5:88
09-01 14:31:33.535 V/bt_stack( 8588): [VERBOSE1:btm_ble_gap.cc(2052)]  Waiting for scan response 56:e4:da:79:d5:88
09-01 14:31:33.535 I/BluetoothUtils( 8588): packagename is android.uid.bluetooth:1002 ,and its permission is false
09-01 14:31:33.535 V/bt_stack( 8588): [VERBOSE1:btm_ble_gap.cc(1923)] btm_ble_process_ext_adv_pkt: bda=56:e4:da:79:d5:88
09-01 14:31:33.535 V/bt_stack( 8588): [VERBOSE1:btm_ble_gap.cc(1847)] btm_ble_process_adv_addr: bda=56:e4:da:79:d5:88
09-01 14:31:33.536 D/BluetoothUtils( 8588): blockedByLocationOff callingUid=1002
09-01 14:31:33.537 I/BluetoothUtils( 8588): packagename is android.uid.bluetooth:1002 ,and its permission is false
09-01 14:31:33.537 D/BluetoothUtils( 8588): blockedByLocationOff callingUid=1002
09-01 14:31:33.537 I/BluetoothUtils( 8588): packagename is android.uid.bluetooth:1002 ,and its permission is false
09-01 14:31:33.537 D/BluetoothUtils( 8588): blockedByLocationOff callingUid=1002
09-01 14:31:33.537 I/BluetoothUtils( 8588): packagename is android.uid.bluetooth:1002 ,and its permission is false
09-01 14:31:33.539 V/AsyncHttpResponse( 8957): Progress 1211 from 1 (121100%)
09-01 14:31:33.539 V/AsyncHttpResponse( 8957): Progress 4338 from 1 (433800%)
09-01 14:31:33.542 V/bt_stack( 8588): [VERBOSE1:btm_ble_gap.cc(1923)] btm_ble_process_ext_adv_pkt: bda=0a:29:89:b7:c8:4a
09-01 14:31:33.542 V/bt_stack( 8588): [VERBOSE1:btm_ble_gap.cc(1847)] btm_ble_process_adv_addr: bda=0a:29:89:b7:c8:4a
09-01 14:31:33.543 D/BluetoothUtils( 8588): blockedByLocationOff callingUid=1002
09-01 14:31:33.543 I/BluetoothUtils( 8588): packagename is android.uid.bluetooth:1002 ,and its permission is false
09-01 14:31:33.543 D/BluetoothUtils( 8588): blockedByLocationOff callingUid=1002
09-01 14:31:33.544 I/BluetoothUtils( 8588): packagename is android.uid.bluetooth:1002 ,and its permission is false
09-01 14:31:33.544 D/BluetoothUtils( 8588): blockedByLocationOff callingUid=1002
09-01 14:31:33.544 I/BluetoothUtils( 8588): packagename is android.uid.bluetooth:1002 ,and its permission is false
09-01 14:31:33.546 V/bt_stack( 8588): [VERBOSE1:btm_ble_gap.cc(1923)] btm_ble_process_ext_adv_pkt: bda=7a:5d:64:2b:34:77
09-01 14:31:33.546 V/bt_stack( 8588): [VERBOSE1:btm_ble_gap.cc(1847)] btm_ble_process_adv_addr: bda=7a:5d:64:2b:34:77
09-01 14:31:33.547 V/bt_stack( 8588): [VERBOSE1:btm_ble_gap.cc(2052)]  Waiting for scan response 7a:5d:64:2b:34:77
09-01 14:31:33.554 W/Glide   ( 8957): Load failed for  with size [-2147483648x-2147483648]
09-01 14:31:33.554 W/Glide   ( 8957): class com.O00000o0.O000000o.O00000o.O00000Oo.O000O0o: Failed to load resource
09-01 14:31:33.554 I/chatty  ( 8957): uid=10241(com.xiaomi.hm.health) identical 1 line
09-01 14:31:33.555 W/Glide   ( 8957): Load failed for  with size [-2147483648x-2147483648]
09-01 14:31:33.555 W/Glide   ( 8957): class com.O00000o0.O000000o.O00000o.O00000Oo.O000O0o: Failed to load resource
09-01 14:31:33.555 V/bt_stack( 8588): [VERBOSE1:btm_ble_gap.cc(1923)] btm_ble_process_ext_adv_pkt: bda=77:60:99:3a:74:d9
09-01 14:31:33.555 V/bt_stack( 8588): [VERBOSE1:btm_ble_gap.cc(1847)] btm_ble_process_adv_addr: bda=77:60:99:3a:74:d9
09-01 14:31:33.555 V/bt_stack( 8588): [VERBOSE1:btm_ble_gap.cc(2052)]  Waiting for scan response 77:60:99:3a:74:d9
09-01 14:31:33.555 V/bt_stack( 8588): [VERBOSE1:btm_ble_gap.cc(1923)] btm_ble_process_ext_adv_pkt: bda=14:c3:61:25:db:42
09-01 14:31:33.555 V/bt_stack( 8588): [VERBOSE1:btm_ble_gap.cc(1847)] btm_ble_process_adv_addr: bda=14:c3:61:25:db:42
09-01 14:31:33.555 W/Glide   ( 8957): Load failed for  with size [-2147483648x-2147483648]
09-01 14:31:33.555 W/Glide   ( 8957): class com.O00000o0.O000000o.O00000o.O00000Oo.O000O0o: Failed to load resource
09-01 14:31:33.556 D/BluetoothUtils( 8588): blockedByLocationOff callingUid=1002
09-01 14:31:33.556 I/BluetoothUtils( 8588): packagename is android.uid.bluetooth:1002 ,and its permission is false
09-01 14:31:33.556 D/BluetoothUtils( 8588): blockedByLocationOff callingUid=1002
09-01 14:31:33.557 I/BluetoothUtils( 8588): packagename is android.uid.bluetooth:1002 ,and its permission is false
09-01 14:31:33.557 D/BluetoothUtils( 8588): blockedByLocationOff callingUid=1002
09-01 14:31:33.557 I/BluetoothUtils( 8588): packagename is android.uid.bluetooth:1002 ,and its permission is false
09-01 14:31:33.561 D/MSF.D.QLog(25307): QLog clear logs
09-01 14:31:33.564 V/bt_stack( 8588): [VERBOSE1:btm_ble_gap.cc(1923)] btm_ble_process_ext_adv_pkt: bda=6a:1a:31:28:a4:f8
09-01 14:31:33.564 V/bt_stack( 8588): [VERBOSE1:btm_ble_gap.cc(1847)] btm_ble_process_adv_addr: bda=6a:1a:31:28:a4:f8
09-01 14:31:33.564 D/BluetoothUtils( 8588): blockedByLocationOff callingUid=1002
09-01 14:31:33.565 I/BluetoothUtils( 8588): packagename is android.uid.bluetooth:1002 ,and its permission is false
09-01 14:31:33.565 V/bt_stack( 8588): [VERBOSE1:btm_ble_gap.cc(1923)] btm_ble_process_ext_adv_pkt: bda=2e:17:70:f9:0b:48
09-01 14:31:33.565 V/bt_stack( 8588): [VERBOSE1:btm_ble_gap.cc(1847)] btm_ble_process_adv_addr: bda=2e:17:70:f9:0b:48
09-01 14:31:33.565 D/BluetoothUtils( 8588): blockedByLocationOff callingUid=1002
09-01 14:31:33.565 I/BluetoothUtils( 8588): packagename is android.uid.bluetooth:1002 ,and its permission is false
09-01 14:31:33.565 D/BluetoothUtils( 8588): blockedByLocationOff callingUid=1002
09-01 14:31:33.565 I/BluetoothUtils( 8588): packagename is android.uid.bluetooth:1002 ,and its permission is false
09-01 14:31:33.566 D/BluetoothUtils( 8588): blockedByLocationOff callingUid=1002
09-01 14:31:33.566 I/BluetoothUtils( 8588): packagename is android.uid.bluetooth:1002 ,and its permission is false
09-01 14:31:33.566 D/BluetoothUtils( 8588): blockedByLocationOff callingUid=1002
09-01 14:31:33.566 V/bt_stack( 8588): [VERBOSE1:btm_ble_gap.cc(1923)] btm_ble_process_ext_adv_pkt: bda=06:fa:50:9b:39:c0
09-01 14:31:33.567 V/bt_stack( 8588): [VERBOSE1:btm_ble_gap.cc(1847)] btm_ble_process_adv_addr: bda=06:fa:50:9b:39:c0
09-01 14:31:33.567 I/BluetoothUtils( 8588): packagename is android.uid.bluetooth:1002 ,and its permission is false
09-01 14:31:33.567 D/BluetoothUtils( 8588): blockedByLocationOff callingUid=1002
09-01 14:31:33.567 I/BluetoothUtils( 8588): packagename is android.uid.bluetooth:1002 ,and its permission is false
09-01 14:31:33.567 V/bt_stack( 8588): [VERBOSE1:btm_ble_gap.cc(1923)] btm_ble_process_ext_adv_pkt: bda=24:65:c8:81:ba:6f
09-01 14:31:33.567 V/bt_stack( 8588): [VERBOSE1:btm_ble_gap.cc(1847)] btm_ble_process_adv_addr: bda=24:65:c8:81:ba:6f
09-01 14:31:33.568 D/BluetoothUtils( 8588): blockedByLocationOff callingUid=1002
09-01 14:31:33.568 I/BluetoothUtils( 8588): packagename is android.uid.bluetooth:1002 ,and its permission is false
09-01 14:31:33.568 D/BluetoothUtils( 8588): blockedByLocationOff callingUid=1002
09-01 14:31:33.568 I/BluetoothUtils( 8588): packagename is android.uid.bluetooth:1002 ,and its permission is false
09-01 14:31:33.568 D/BluetoothUtils( 8588): blockedByLocationOff callingUid=1002
09-01 14:31:33.568 I/BluetoothUtils( 8588): packagename is android.uid.bluetooth:1002 ,and its permission is false
09-01 14:31:33.569 D/BluetoothUtils( 8588): blockedByLocationOff callingUid=1002
