09-01 14:33:20.646 I/BluetoothUtils( 8588): packagename is android.uid.bluetooth:1002 ,and its permission is false
09-01 14:33:20.646 D/BluetoothUtils( 8588): blockedByLocationOff callingUid=1002
09-01 14:33:20.646 I/BluetoothUtils( 8588): packagename is android.uid.bluetooth:1002 ,and its permission is false
09-01 14:33:20.646 D/BluetoothUtils( 8588): blockedByLocationOff callingUid=1002
09-01 14:33:20.647 I/BluetoothUtils( 8588): packagename is android.uid.bluetooth:1002 ,and its permission is false
09-01 14:33:20.647 D/BluetoothUtils( 8588): blockedByLocationOff callingUid=1002
09-01 14:33:20.648 I/BluetoothUtils( 8588): packagename is android.uid.bluetooth:1002 ,and its permission is false
09-01 14:33:20.648 D/BluetoothUtils( 8588): blockedByLocationOff callingUid=1002
09-01 14:33:20.648 I/BluetoothUtils( 8588): packagename is android.uid.bluetooth:1002 ,and its permission is false
09-01 14:33:20.648 D/BluetoothUtils( 8588): blockedByLocationOff callingUid=1002
09-01 14:33:20.648 I/BluetoothUtils( 8588): packagename is android.uid.bluetooth:1002 ,and its permission is false
09-01 14:33:20.653 V/bt_stack( 8588): [VERBOSE1:btm_ble_gap.cc(1923)] btm_ble_process_ext_adv_pkt: bda=4b:30:3e:da:20:3a
09-01 14:33:20.653 V/bt_stack( 8588): [VERBOSE1:btm_ble_gap.cc(1847)] btm_ble_process_adv_addr: bda=4b:30:3e:da:20:3a
09-01 14:33:20.653 V/bt_stack( 8588): [VERBOSE1:btm_ble_gap.cc(2052)]  Waiting for scan response 4b:30:3e:da:20:3a
09-01 14:33:20.653 V/bt_stack( 8588): [VERBOSE1:btm_ble_gap.cc(1923)] btm_ble_process_ext_adv_pkt: bda=32:d2:03:03:d2:bd
09-01 14:33:20.653 V/bt_stack( 8588): [VERBOSE1:btm_ble_gap.cc(1847)] btm_ble_process_adv_addr: bda=32:d2:03:03:d2:bd
09-01 14:33:20.654 D/BluetoothUtils( 8588): blockedByLocationOff callingUid=1002
09-01 14:33:20.655 I/BluetoothUtils( 8588): packagename is android.uid.bluetooth:1002 ,and its permission is false
09-01 14:33:20.655 D/BluetoothUtils( 8588): blockedByLocationOff callingUid=1002
09-01 14:33:20.655 I/BluetoothUtils( 8588): packagename is android.uid.bluetooth:1002 ,and its permission is false
09-01 14:33:20.655 D/BluetoothUtils( 8588): blockedByLocationOff callingUid=1002
09-01 14:33:20.656 I/BluetoothUtils( 8588): packagename is android.uid.bluetooth:1002 ,and its permission is false
09-01 14:33:20.666 V/bt_stack( 8588): [VERBOSE1:btm_ble_gap.cc(1923)] btm_ble_process_ext_adv_pkt: bda=6e:3b:40:73:ff:b3
09-01 14:33:20.666 V/bt_stack( 8588): [VERBOSE1:btm_ble_gap.cc(1847)] btm_ble_process_adv_addr: bda=6e:3b:40:73:ff:b3
09-01 14:33:20.666 V/bt_stack( 8588): [VERBOSE1:btm_ble_gap.cc(2052)]  Waiting for scan response 6e:3b:40:73:ff:b3
09-01 14:33:20.666 V/bt_stack( 8588): [VERBOSE1:btm_ble_gap.cc(1923)] btm_ble_process_ext_adv_pkt: bda=38:f9:d3:45:87:1e
09-01 14:33:20.666 V/bt_stack( 8588): [VERBOSE1:btm_ble_gap.cc(1847)] btm_ble_process_adv_addr: bda=38:f9:d3:45:87:1e
09-01 14:33:20.666 V/bt_stack( 8588): [VERBOSE1:btm_ble_gap.cc(2052)]  Waiting for scan response 38:f9:d3:45:87:1e
09-01 14:33:20.666 V/bt_stack( 8588): [VERBOSE1:btm_ble_gap.cc(1923)] btm_ble_process_ext_adv_pkt: bda=38:f9:d3:45:87:1e
09-01 14:33:20.666 V/bt_stack( 8588): [VERBOSE1:btm_ble_gap.cc(1847)] btm_ble_process_adv_addr: bda=38:f9:d3:45:87:1e
09-01 14:33:20.666 V/bt_stack( 8588): [VERBOSE1:btm_ble_gap.cc(1923)] btm_ble_process_ext_adv_pkt: bda=53:f2:a2:69:23:e6
09-01 14:33:20.667 V/bt_stack( 8588): [VERBOSE1:btm_ble_gap.cc(1847)] btm_ble_process_adv_addr: bda=53:f2:a2:69:23:e6
09-01 14:33:20.668 D/BluetoothUtils( 8588): blockedByLocationOff callingUid=1002
09-01 14:33:20.669 I/BluetoothUtils( 8588): packagename is android.uid.bluetooth:1002 ,and its permission is false
09-01 14:33:20.669 D/BluetoothUtils( 8588): blockedByLocationOff callingUid=1002
09-01 14:33:20.669 I/BluetoothUtils( 8588): packagename is android.uid.bluetooth:1002 ,and its permission is false
09-01 14:33:20.670 D/BluetoothUtils( 8588): blockedByLocationOff callingUid=1002
09-01 14:33:20.670 I/BluetoothUtils( 8588): packagename is android.uid.bluetooth:1002 ,and its permission is false
09-01 14:33:20.672 D/BluetoothUtils( 8588): blockedByLocationOff callingUid=1002
09-01 14:33:20.672 I/BluetoothUtils( 8588): packagename is android.uid.bluetooth:1002 ,and its permission is false
09-01 14:33:20.672 D/BluetoothUtils( 8588): blockedByLocationOff callingUid=1002
09-01 14:33:20.673 I/BluetoothUtils( 8588): packagename is android.uid.bluetooth:1002 ,and its permission is false
09-01 14:33:20.673 D/BluetoothUtils( 8588): blockedByLocationOff callingUid=1002
09-01 14:33:20.674 I/BluetoothUtils( 8588): packagename is android.uid.bluetooth:1002 ,and its permission is false
09-01 14:33:20.678 V/bt_stack( 8588): [VERBOSE1:btm_ble_gap.cc(1923)] btm_ble_process_ext_adv_pkt: bda=56:e4:da:79:d5:88
09-01 14:33:20.678 V/bt_stack( 8588): [VERBOSE1:btm_ble_gap.cc(1847)] btm_ble_process_adv_addr: bda=56:e4:da:79:d5:88
09-01 14:33:20.678 V/bt_stack( 8588): [VERBOSE1:btm_ble_gap.cc(2052)]  Waiting for scan response 56:e4:da:79:d5:88
09-01 14:33:20.678 V/bt_stack( 8588): [VERBOSE1:btm_ble_gap.cc(1923)] btm_ble_process_ext_adv_pkt: bda=56:e4:da:79:d5:88
09-01 14:33:20.678 V/bt_stack( 8588): [VERBOSE1:btm_ble_gap.cc(1847)] btm_ble_process_adv_addr: bda=56:e4:da:79:d5:88
09-01 14:33:20.679 D/BluetoothUtils( 8588): blockedByLocationOff callingUid=1002
09-01 14:33:20.679 I/BluetoothUtils( 8588): packagename is android.uid.bluetooth:1002 ,and its permission is false
09-01 14:33:20.680 D/BluetoothUtils( 8588): blockedByLocationOff callingUid=1002
09-01 14:33:20.680 I/BluetoothUtils( 8588): packagename is android.uid.bluetooth:1002 ,and its permission is false
09-01 14:33:20.680 D/BluetoothUtils( 8588): blockedByLocationOff callingUid=1002
09-01 14:33:20.680 I/BluetoothUtils( 8588): packagename is android.uid.bluetooth:1002 ,and its permission is false
09-01 14:33:20.684 I/appium  (10226): channel read invoked!
09-01 14:33:20.684 I/appium  (10226): channel read: POST /wd/hub/session/3b8c72a3-7a5f-4eee-8121-946476795ec0/element
09-01 14:33:20.686 I/appium  (10226): Find element command using 'xpath' with selector '//*[contains(@text, "")]'.
09-01 14:33:20.686 I/appium  (10226): Waiting up to 10000ms for device to be idle
09-01 14:33:20.688 V/bt_stack( 8588): [VERBOSE1:btm_ble_gap.cc(1923)] btm_ble_process_ext_adv_pkt: bda=66:3e:07:e0:2b:d4
09-01 14:33:20.688 V/bt_stack( 8588): [VERBOSE1:btm_ble_gap.cc(1847)] btm_ble_process_adv_addr: bda=66:3e:07:e0:2b:d4
09-01 14:33:20.688 V/bt_stack( 8588): [VERBOSE1:btm_ble_gap.cc(2052)]  Waiting for scan response 66:3e:07:e0:2b:d4
09-01 14:33:20.688 V/bt_stack( 8588): [VERBOSE1:btm_ble_gap.cc(1923)] btm_ble_process_ext_adv_pkt: bda=66:3e:07:e0:2b:d4
09-01 14:33:20.688 V/bt_stack( 8588): [VERBOSE1:btm_ble_gap.cc(1847)] btm_ble_process_adv_addr: bda=66:3e:07:e0:2b:d4
09-01 14:33:20.690 D/BluetoothUtils( 8588): blockedByLocationOff callingUid=1002
09-01 14:33:20.690 I/BluetoothUtils( 8588): packagename is android.uid.bluetooth:1002 ,and its permission is false
09-01 14:33:20.690 D/BluetoothUtils( 8588): blockedByLocationOff callingUid=1002
09-01 14:33:20.690 I/BluetoothUtils( 8588): packagename is android.uid.bluetooth:1002 ,and its permission is false
09-01 14:33:20.690 D/BluetoothUtils( 8588): blockedByLocationOff callingUid=1002
09-01 14:33:20.691 I/BluetoothUtils( 8588): packagename is android.uid.bluetooth:1002 ,and its permission is false
09-01 14:33:20.699 V/bt_stack( 8588): [VERBOSE1:btm_ble_gap.cc(1923)] btm_ble_process_ext_adv_pkt: bda=6e:84:42:34:50:51
09-01 14:33:20.699 V/bt_stack( 8588): [VERBOSE1:btm_ble_gap.cc(1847)] btm_ble_process_adv_addr: bda=6e:84:42:34:50:51
09-01 14:33:20.699 V/bt_stack( 8588): [VERBOSE1:btm_ble_gap.cc(2052)]  Waiting for scan response 6e:84:42:34:50:51
09-01 14:33:20.699 V/bt_stack( 8588): [VERBOSE1:btm_ble_gap.cc(1923)] btm_ble_process_ext_adv_pkt: bda=2c:e0:b3:78:83:e3
09-01 14:33:20.699 V/bt_stack( 8588): [VERBOSE1:btm_ble_gap.cc(1847)] btm_ble_process_adv_addr: bda=2c:e0:b3:78:83:e3
09-01 14:33:20.700 V/bt_stack( 8588): [VERBOSE1:btm_ble_gap.cc(1923)] btm_ble_process_ext_adv_pkt: bda=17:7e:29:ab:4e:d0
09-01 14:33:20.701 V/bt_stack( 8588): [VERBOSE1:btm_ble_gap.cc(1847)] btm_ble_process_adv_addr: bda=17:7e:29:ab:4e:d0
09-01 14:33:20.701 D/BluetoothUtils( 8588): blockedByLocationOff callingUid=1002
09-01 14:33:20.701 I/BluetoothUtils( 8588): packagename is android.uid.bluetooth:1002 ,and its permission is false
09-01 14:33:20.702 D/BluetoothUtils( 8588): blockedByLocationOff callingUid=1002
09-01 14:33:20.702 I/BluetoothUtils( 8588): packagename is android.uid.bluetooth:1002 ,and its permission is false
09-01 14:33:20.702 D/BluetoothUtils( 8588): blockedByLocationOff callingUid=1002
09-01 14:33:20.702 I/BluetoothUtils( 8588): packagename is android.uid.bluetooth:1002 ,and its permission is false
09-01 14:33:20.704 D/BluetoothUtils( 8588): blockedByLocationOff callingUid=1002
09-01 14:33:20.704 I/BluetoothUtils( 8588): packagename is android.uid.bluetooth:1002 ,and its permission is false
09-01 14:33:20.704 D/BluetoothUtils( 8588): blockedByLocationOff callingUid=1002
09-01 14:33:20.705 I/BluetoothUtils( 8588): packagename is android.uid.bluetooth:1002 ,and its permission is false
09-01 14:33:20.705 D/BluetoothUtils( 8588): blockedByLocationOff callingUid=1002
09-01 14:33:20.705 I/BluetoothUtils( 8588): packagename is android.uid.bluetooth:1002 ,and its permission is false
09-01 14:33:20.706 V/bt_stack( 8588): [VERBOSE1:btm_ble_gap.cc(1923)] btm_ble_process_ext_adv_pkt: bda=0a:29:89:b7:c8:4a
09-01 14:33:20.706 V/bt_stack( 8588): [VERBOSE1:btm_ble_gap.cc(1847)] btm_ble_process_adv_addr: bda=0a:29:89:b7:c8:4a
09-01 14:33:20.707 D/BluetoothUtils( 8588): blockedByLocationOff callingUid=1002
09-01 14:33:20.708 I/BluetoothUtils( 8588): packagename is android.uid.bluetooth:1002 ,and its permission is false
09-01 14:33:20.708 D/BluetoothUtils( 8588): blockedByLocationOff callingUid=1002
09-01 14:33:20.708 I/BluetoothUtils( 8588): packagename is android.uid.bluetooth:1002 ,and its permission is false
09-01 14:33:20.708 D/BluetoothUtils( 8588): blockedByLocationOff callingUid=1002
09-01 14:33:20.709 I/BluetoothUtils( 8588): packagename is android.uid.bluetooth:1002 ,and its permission is false
09-01 14:33:20.715 V/bt_stack( 8588): [VERBOSE1:btm_ble_gap.cc(1923)] btm_ble_process_ext_adv_pkt: bda=56:e4:da:79:d5:88
09-01 14:33:20.715 V/bt_stack( 8588): [VERBOSE1:btm_ble_gap.cc(1847)] btm_ble_process_adv_addr: bda=56:e4:da:79:d5:88
09-01 14:33:20.715 V/bt_stack( 8588): [VERBOSE1:btm_ble_gap.cc(2052)]  Waiting for scan response 56:e4:da:79:d5:88
09-01 14:33:20.715 V/bt_stack( 8588): [VERBOSE1:btm_ble_gap.cc(1923)] btm_ble_process_ext_adv_pkt: bda=56:e4:da:79:d5:88
09-01 14:33:20.715 V/bt_stack( 8588): [VERBOSE1:btm_ble_gap.cc(1847)] btm_ble_process_adv_addr: bda=56:e4:da:79:d5:88
09-01 14:33:20.716 D/BluetoothUtils( 8588): blockedByLocationOff callingUid=1002
09-01 14:33:20.716 I/BluetoothUtils( 8588): packagename is android.uid.bluetooth:1002 ,and its permission is false
09-01 14:33:20.717 D/BluetoothUtils( 8588): blockedByLocationOff callingUid=1002
09-01 14:33:20.717 I/BluetoothUtils( 8588): packagename is android.uid.bluetooth:1002 ,and its permission is false
09-01 14:33:20.717 D/BluetoothUtils( 8588): blockedByLocationOff callingUid=1002
09-01 14:33:20.717 I/BluetoothUtils( 8588): packagename is android.uid.bluetooth:1002 ,and its permission is false
09-01 14:33:20.737 V/bt_stack( 8588): [VERBOSE1:btm_ble_gap.cc(1923)] btm_ble_process_ext_adv_pkt: bda=55:a7:aa:ab:14:9f
09-01 14:33:20.737 V/bt_stack( 8588): [VERBOSE1:btm_ble_gap.cc(1847)] btm_ble_process_adv_addr: bda=55:a7:aa:ab:14:9f
09-01 14:33:20.737 V/bt_stack( 8588): [VERBOSE1:btm_ble_gap.cc(2052)]  Waiting for scan response 55:a7:aa:ab:14:9f
09-01 14:33:20.739 V/bt_stack( 8588): [VERBOSE1:btm_ble_gap.cc(1923)] btm_ble_process_ext_adv_pkt: bda=70:33:97:a2:2a:78
09-01 14:33:20.739 V/bt_stack( 8588): [VERBOSE1:btm_ble_gap.cc(1847)] btm_ble_process_adv_addr: bda=70:33:97:a2:2a:78
09-01 14:33:20.739 V/bt_stack( 8588): [VERBOSE1:btm_ble_gap.cc(2052)]  Waiting for scan response 70:33:97:a2:2a:78
09-01 14:33:20.740 V/bt_stack( 8588): [VERBOSE1:btm_ble_gap.cc(1923)] btm_ble_process_ext_adv_pkt: bda=63:e7:6b:57:ac:90
09-01 14:33:20.740 V/bt_stack( 8588): [VERBOSE1:btm_ble_gap.cc(1847)] btm_ble_process_adv_addr: bda=63:e7:6b:57:ac:90
09-01 14:33:20.740 V/bt_stack( 8588): [VERBOSE1:btm_ble_gap.cc(2052)]  Waiting for scan response 63:e7:6b:57:ac:90
09-01 14:33:20.740 V/bt_stack( 8588): [VERBOSE1:btm_ble_gap.cc(1923)] btm_ble_process_ext_adv_pkt: bda=63:e7:6b:57:ac:90
09-01 14:33:20.740 V/bt_stack( 8588): [VERBOSE1:btm_ble_gap.cc(1847)] btm_ble_process_adv_addr: bda=63:e7:6b:57:ac:90
09-01 14:33:20.741 D/BluetoothUtils( 8588): blockedByLocationOff callingUid=1002
09-01 14:33:20.742 I/BluetoothUtils( 8588): packagename is android.uid.bluetooth:1002 ,and its permission is false
09-01 14:33:20.742 D/BluetoothUtils( 8588): blockedByLocationOff callingUid=1002
09-01 14:33:20.742 I/BluetoothUtils( 8588): packagename is android.uid.bluetooth:1002 ,and its permission is false
09-01 14:33:20.742 D/BluetoothUtils( 8588): blockedByLocationOff callingUid=1002
09-01 14:33:20.743 I/BluetoothUtils( 8588): packagename is android.uid.bluetooth:1002 ,and its permission is false
09-01 14:33:20.744 V/bt_stack( 8588): [VERBOSE1:btm_ble_gap.cc(1923)] btm_ble_process_ext_adv_pkt: bda=38:f9:d3:45:87:1e
09-01 14:33:20.744 V/bt_stack( 8588): [VERBOSE1:btm_ble_gap.cc(1847)] btm_ble_process_adv_addr: bda=38:f9:d3:45:87:1e
09-01 14:33:20.744 V/bt_stack( 8588): [VERBOSE1:btm_ble_gap.cc(2052)]  Waiting for scan response 38:f9:d3:45:87:1e
09-01 14:33:20.744 V/bt_stack( 8588): [VERBOSE1:btm_ble_gap.cc(1923)] btm_ble_process_ext_adv_pkt: bda=38:f9:d3:45:87:1e
09-01 14:33:20.744 V/bt_stack( 8588): [VERBOSE1:btm_ble_gap.cc(1847)] btm_ble_process_adv_addr: bda=38:f9:d3:45:87:1e
09-01 14:33:20.744 D/BluetoothUtils( 8588): blockedByLocationOff callingUid=1002
09-01 14:33:20.745 I/BluetoothUtils( 8588): packagename is android.uid.bluetooth:1002 ,and its permission is false
09-01 14:33:20.745 D/BluetoothUtils( 8588): blockedByLocationOff callingUid=1002
09-01 14:33:20.745 I/BluetoothUtils( 8588): packagename is android.uid.bluetooth:1002 ,and its permission is false
09-01 14:33:20.745 D/BluetoothUtils( 8588): blockedByLocationOff callingUid=1002
09-01 14:33:20.746 I/BluetoothUtils( 8588): packagename is android.uid.bluetooth:1002 ,and its permission is false
09-01 14:33:20.750 V/bt_stack( 8588): [VERBOSE1:btm_ble_gap.cc(1923)] btm_ble_process_ext_adv_pkt: bda=36:c9:49:a0:b6:9d
09-01 14:33:20.750 V/bt_stack( 8588): [VERBOSE1:btm_ble_gap.cc(1847)] btm_ble_process_adv_addr: bda=36:c9:49:a0:b6:9d
09-01 14:33:20.751 D/BluetoothUtils( 8588): blockedByLocationOff callingUid=1002
09-01 14:33:20.751 I/BluetoothUtils( 8588): packagename is android.uid.bluetooth:1002 ,and its permission is false
09-01 14:33:20.752 D/BluetoothUtils( 8588): blockedByLocationOff callingUid=1002
09-01 14:33:20.752 I/BluetoothUtils( 8588): packagename is android.uid.bluetooth:1002 ,and its permission is false
09-01 14:33:20.752 D/BluetoothUtils( 8588): blockedByLocationOff callingUid=1002
09-01 14:33:20.752 I/BluetoothUtils( 8588): packagename is android.uid.bluetooth:1002 ,and its permission is false
09-01 14:33:20.757 V/bt_stack( 8588): [VERBOSE1:btm_ble_gap.cc(1923)] btm_ble_process_ext_adv_pkt: bda=1c:91:72:ba:f7:2e
09-01 14:33:20.757 V/bt_stack( 8588): [VERBOSE1:btm_ble_gap.cc(1847)] btm_ble_process_adv_addr: bda=1c:91:72:ba:f7:2e
09-01 14:33:20.758 D/BluetoothUtils( 8588): blockedByLocationOff callingUid=1002
09-01 14:33:20.758 I/BluetoothUtils( 8588): packagename is android.uid.bluetooth:1002 ,and its permission is false
09-01 14:33:20.758 D/BluetoothUtils( 8588): blockedByLocationOff callingUid=1002
09-01 14:33:20.759 I/BluetoothUtils( 8588): packagename is android.uid.bluetooth:1002 ,and its permission is false
09-01 14:33:20.759 D/BluetoothUtils( 8588): blockedByLocationOff callingUid=1002
09-01 14:33:20.759 I/BluetoothUtils( 8588): packagename is android.uid.bluetooth:1002 ,and its permission is false
09-01 14:33:20.761 V/bt_stack( 8588): [VERBOSE1:btm_ble_gap.cc(1923)] btm_ble_process_ext_adv_pkt: bda=32:d2:03:03:d2:bd
09-01 14:33:20.761 V/bt_stack( 8588): [VERBOSE1:btm_ble_gap.cc(1847)] btm_ble_process_adv_addr: bda=32:d2:03:03:d2:bd
09-01 14:33:20.762 D/BluetoothUtils( 8588): blockedByLocationOff callingUid=1002
09-01 14:33:20.762 I/BluetoothUtils( 8588): packagename is android.uid.bluetooth:1002 ,and its permission is false
09-01 14:33:20.763 D/BluetoothUtils( 8588): blockedByLocationOff callingUid=1002
09-01 14:33:20.765 I/BluetoothUtils( 8588): packagename is android.uid.bluetooth:1002 ,and its permission is false
09-01 14:33:20.765 D/BluetoothUtils( 8588): blockedByLocationOff callingUid=1002
09-01 14:33:20.765 I/BluetoothUtils( 8588): packagename is android.uid.bluetooth:1002 ,and its permission is false
09-01 14:33:20.768 V/bt_stack( 8588): [VERBOSE1:btm_ble_gap.cc(1923)] btm_ble_process_ext_adv_pkt: bda=53:f2:a2:69:23:e6
09-01 14:33:20.768 V/bt_stack( 8588): [VERBOSE1:btm_ble_gap.cc(1847)] btm_ble_process_adv_addr: bda=53:f2:a2:69:23:e6
09-01 14:33:20.769 D/BluetoothUtils( 8588): blockedByLocationOff callingUid=1002
09-01 14:33:20.769 I/BluetoothUtils( 8588): packagename is android.uid.bluetooth:1002 ,and its permission is false
09-01 14:33:20.769 D/BluetoothUtils( 8588): blockedByLocationOff callingUid=1002
09-01 14:33:20.770 I/BluetoothUtils( 8588): packagename is android.uid.bluetooth:1002 ,and its permission is false
09-01 14:33:20.770 D/BluetoothUtils( 8588): blockedByLocationOff callingUid=1002
09-01 14:33:20.770 I/BluetoothUtils( 8588): packagename is android.uid.bluetooth:1002 ,and its permission is false
09-01 14:33:20.773 V/bt_stack( 8588): [VERBOSE1:btm_ble_gap.cc(1923)] btm_ble_process_ext_adv_pkt: bda=38:f9:d3:45:87:1e
09-01 14:33:20.773 V/bt_stack( 8588): [VERBOSE1:btm_ble_gap.cc(1847)] btm_ble_process_adv_addr: bda=38:f9:d3:45:87:1e
09-01 14:33:20.774 V/bt_stack( 8588): [VERBOSE1:btm_ble_gap.cc(2052)]  Waiting for scan response 38:f9:d3:45:87:1e
09-01 14:33:20.774 V/bt_stack( 8588): [VERBOSE1:btm_ble_gap.cc(1923)] btm_ble_process_ext_adv_pkt: bda=38:f9:d3:45:87:1e
09-01 14:33:20.774 V/bt_stack( 8588): [VERBOSE1:btm_ble_gap.cc(1847)] btm_ble_process_adv_addr: bda=38:f9:d3:45:87:1e
09-01 14:33:20.775 D/BluetoothUtils( 8588): blockedByLocationOff callingUid=1002
09-01 14:33:20.775 I/BluetoothUtils( 8588): packagename is android.uid.bluetooth:1002 ,and its permission is false
09-01 14:33:20.776 D/BluetoothUtils( 8588): blockedByLocationOff callingUid=1002
09-01 14:33:20.776 I/BluetoothUtils( 8588): packagename is android.uid.bluetooth:1002 ,and its permission is false
09-01 14:33:20.776 D/BluetoothUtils( 8588): blockedByLocationOff callingUid=1002
09-01 14:33:20.777 I/BluetoothUtils( 8588): packagename is android.uid.bluetooth:1002 ,and its permission is false
09-01 14:33:20.786 V/bt_stack( 8588): [VERBOSE1:btm_ble_gap.cc(1923)] btm_ble_process_ext_adv_pkt: bda=70:33:97:a2:2a:78
09-01 14:33:20.786 V/bt_stack( 8588): [VERBOSE1:btm_ble_gap.cc(1847)] btm_ble_process_adv_addr: bda=70:33:97:a2:2a:78
09-01 14:33:20.786 V/bt_stack( 8588): [VERBOSE1:btm_ble_gap.cc(2052)]  Waiting for scan response 70:33:97:a2:2a:78
09-01 14:33:20.786 V/bt_stack( 8588): [VERBOSE1:btm_ble_gap.cc(1923)] btm_ble_process_ext_adv_pkt: bda=2d:8f:df:c2:a9:d4
09-01 14:33:20.786 V/bt_stack( 8588): [VERBOSE1:btm_ble_gap.cc(1847)] btm_ble_process_adv_addr: bda=2d:8f:df:c2:a9:d4
09-01 14:33:20.787 D/BluetoothUtils( 8588): blockedByLocationOff callingUid=1002
09-01 14:33:20.788 I/BluetoothUtils( 8588): packagename is android.uid.bluetooth:1002 ,and its permission is false
09-01 14:33:20.788 D/BluetoothUtils( 8588): blockedByLocationOff callingUid=1002
09-01 14:33:20.788 I/BluetoothUtils( 8588): packagename is android.uid.bluetooth:1002 ,and its permission is false
09-01 14:33:20.788 D/BluetoothUtils( 8588): blockedByLocationOff callingUid=1002
09-01 14:33:20.789 I/BluetoothUtils( 8588): packagename is android.uid.bluetooth:1002 ,and its permission is false
09-01 14:33:20.802 V/bt_stack( 8588): [VERBOSE1:btm_ble_gap.cc(1923)] btm_ble_process_ext_adv_pkt: bda=44:ca:73:cc:df:42
09-01 14:33:20.803 V/bt_stack( 8588): [VERBOSE1:btm_ble_gap.cc(1847)] btm_ble_process_adv_addr: bda=44:ca:73:cc:df:42
09-01 14:33:20.803 V/bt_stack( 8588): [VERBOSE1:btm_ble_gap.cc(2052)]  Waiting for scan response 44:ca:73:cc:df:42
09-01 14:33:20.805 V/bt_stack( 8588): [VERBOSE1:btm_ble_gap.cc(1923)] btm_ble_process_ext_adv_pkt: bda=38:f9:d3:45:87:1e
09-01 14:33:20.805 V/bt_stack( 8588): [VERBOSE1:btm_ble_gap.cc(1847)] btm_ble_process_adv_addr: bda=38:f9:d3:45:87:1e
09-01 14:33:20.805 V/bt_stack( 8588): [VERBOSE1:btm_ble_gap.cc(2052)]  Waiting for scan response 38:f9:d3:45:87:1e
09-01 14:33:20.805 V/bt_stack( 8588): [VERBOSE1:btm_ble_gap.cc(1923)] btm_ble_process_ext_adv_pkt: bda=38:f9:d3:45:87:1e
09-01 14:33:20.805 V/bt_stack( 8588): [VERBOSE1:btm_ble_gap.cc(1847)] btm_ble_process_adv_addr: bda=38:f9:d3:45:87:1e
09-01 14:33:20.806 D/BluetoothUtils( 8588): blockedByLocationOff callingUid=1002
09-01 14:33:20.806 I/BluetoothUtils( 8588): packagename is android.uid.bluetooth:1002 ,and its permission is false
09-01 14:33:20.807 D/BluetoothUtils( 8588): blockedByLocationOff callingUid=1002
09-01 14:33:20.807 I/BluetoothUtils( 8588): packagename is android.uid.bluetooth:1002 ,and its permission is false
09-01 14:33:20.807 D/BluetoothUtils( 8588): blockedByLocationOff callingUid=1002
09-01 14:33:20.807 I/BluetoothUtils( 8588): packagename is android.uid.bluetooth:1002 ,and its permission is false
09-01 14:33:20.815 V/bt_stack( 8588): [VERBOSE1:btm_ble_gap.cc(1923)] btm_ble_process_ext_adv_pkt: bda=0a:29:89:b7:c8:4a
09-01 14:33:20.815 V/bt_stack( 8588): [VERBOSE1:btm_ble_gap.cc(1847)] btm_ble_process_adv_addr: bda=0a:29:89:b7:c8:4a
09-01 14:33:20.816 D/BluetoothUtils( 8588): blockedByLocationOff callingUid=1002
09-01 14:33:20.816 I/BluetoothUtils( 8588): packagename is android.uid.bluetooth:1002 ,and its permission is false
09-01 14:33:20.817 D/BluetoothUtils( 8588): blockedByLocationOff callingUid=1002
09-01 14:33:20.817 I/BluetoothUtils( 8588): packagename is android.uid.bluetooth:1002 ,and its permission is false
09-01 14:33:20.817 D/BluetoothUtils( 8588): blockedByLocationOff callingUid=1002
09-01 14:33:20.817 I/BluetoothUtils( 8588): packagename is android.uid.bluetooth:1002 ,and its permission is false
09-01 14:33:20.820 V/bt_stack( 8588): [VERBOSE1:btm_ble_gap.cc(1923)] btm_ble_process_ext_adv_pkt: bda=1b:39:55:3e:e3:6c
09-01 14:33:20.820 V/bt_stack( 8588): [VERBOSE1:btm_ble_gap.cc(1847)] btm_ble_process_adv_addr: bda=1b:39:55:3e:e3:6c
09-01 14:33:20.821 D/BluetoothUtils( 8588): blockedByLocationOff callingUid=1002
09-01 14:33:20.821 I/BluetoothUtils( 8588): packagename is android.uid.bluetooth:1002 ,and its permission is false
09-01 14:33:20.821 D/BluetoothUtils( 8588): blockedByLocationOff callingUid=1002
09-01 14:33:20.822 I/BluetoothUtils( 8588): packagename is android.uid.bluetooth:1002 ,and its permission is false
09-01 14:33:20.822 D/BluetoothUtils( 8588): blockedByLocationOff callingUid=1002
09-01 14:33:20.822 I/BluetoothUtils( 8588): packagename is android.uid.bluetooth:1002 ,and its permission is false
09-01 14:33:20.837 V/bt_stack( 8588): [VERBOSE1:btm_ble_gap.cc(1923)] btm_ble_process_ext_adv_pkt: bda=48:14:81:f8:b8:84
09-01 14:33:20.837 V/bt_stack( 8588): [VERBOSE1:btm_ble_gap.cc(1847)] btm_ble_process_adv_addr: bda=48:14:81:f8:b8:84
09-01 14:33:20.837 V/bt_stack( 8588): [VERBOSE1:btm_ble_gap.cc(2052)]  Waiting for scan response 48:14:81:f8:b8:84
09-01 14:33:20.837 V/bt_stack( 8588): [VERBOSE1:btm_ble_gap.cc(1923)] btm_ble_process_ext_adv_pkt: bda=0c:39:e9:d5:de:20
09-01 14:33:20.837 V/bt_stack( 8588): [VERBOSE1:btm_ble_gap.cc(1847)] btm_ble_process_adv_addr: bda=0c:39:e9:d5:de:20
09-01 14:33:20.838 D/BluetoothUtils( 8588): blockedByLocationOff callingUid=1002
09-01 14:33:20.839 I/BluetoothUtils( 8588): packagename is android.uid.bluetooth:1002 ,and its permission is false
09-01 14:33:20.839 D/BluetoothUtils( 8588): blockedByLocationOff callingUid=1002
09-01 14:33:20.839 I/BluetoothUtils( 8588): packagename is android.uid.bluetooth:1002 ,and its permission is false
09-01 14:33:20.839 D/BluetoothUtils( 8588): blockedByLocationOff callingUid=1002
09-01 14:33:20.841 I/BluetoothUtils( 8588): packagename is android.uid.bluetooth:1002 ,and its permission is false
09-01 14:33:20.841 V/bt_stack( 8588): [VERBOSE1:btm_ble_gap.cc(1923)] btm_ble_process_ext_adv_pkt: bda=38:f9:d3:45:87:1e
09-01 14:33:20.841 V/bt_stack( 8588): [VERBOSE1:btm_ble_gap.cc(1847)] btm_ble_process_adv_addr: bda=38:f9:d3:45:87:1e
09-01 14:33:20.841 V/bt_stack( 8588): [VERBOSE1:btm_ble_gap.cc(2052)]  Waiting for scan response 38:f9:d3:45:87:1e
09-01 14:33:20.841 V/bt_stack( 8588): [VERBOSE1:btm_ble_gap.cc(1923)] btm_ble_process_ext_adv_pkt: bda=38:f9:d3:45:87:1e
09-01 14:33:20.841 V/bt_stack( 8588): [VERBOSE1:btm_ble_gap.cc(1847)] btm_ble_process_adv_addr: bda=38:f9:d3:45:87:1e
09-01 14:33:20.842 D/BluetoothUtils( 8588): blockedByLocationOff callingUid=1002
09-01 14:33:20.842 I/MiuiNetworkPolicy( 1639): bandwidth: 1 KB/s, Max bandwidth: 3727 KB/s
09-01 14:33:20.842 I/BluetoothUtils( 8588): packagename is android.uid.bluetooth:1002 ,and its permission is false
09-01 14:33:20.842 D/BluetoothUtils( 8588): blockedByLocationOff callingUid=1002
09-01 14:33:20.843 I/BluetoothUtils( 8588): packagename is android.uid.bluetooth:1002 ,and its permission is false
09-01 14:33:20.843 D/BluetoothUtils( 8588): blockedByLocationOff callingUid=1002
09-01 14:33:20.843 I/BluetoothUtils( 8588): packagename is android.uid.bluetooth:1002 ,and its permission is false
09-01 14:33:20.849 V/bt_stack( 8588): [VERBOSE1:btm_ble_gap.cc(1923)] btm_ble_process_ext_adv_pkt: bda=56:e4:da:79:d5:88
09-01 14:33:20.849 V/bt_stack( 8588): [VERBOSE1:btm_ble_gap.cc(1847)] btm_ble_process_adv_addr: bda=56:e4:da:79:d5:88
09-01 14:33:20.849 V/bt_stack( 8588): [VERBOSE1:btm_ble_gap.cc(2052)]  Waiting for scan response 56:e4:da:79:d5:88
09-01 14:33:20.849 V/bt_stack( 8588): [VERBOSE1:btm_ble_gap.cc(1923)] btm_ble_process_ext_adv_pkt: bda=56:e4:da:79:d5:88
09-01 14:33:20.849 V/bt_stack( 8588): [VERBOSE1:btm_ble_gap.cc(1847)] btm_ble_process_adv_addr: bda=56:e4:da:79:d5:88
09-01 14:33:20.850 D/BluetoothUtils( 8588): blockedByLocationOff callingUid=1002
09-01 14:33:20.850 I/BluetoothUtils( 8588): packagename is android.uid.bluetooth:1002 ,and its permission is false
09-01 14:33:20.851 D/BluetoothUtils( 8588): blockedByLocationOff callingUid=1002
09-01 14:33:20.851 I/BluetoothUtils( 8588): packagename is android.uid.bluetooth:1002 ,and its permission is false
09-01 14:33:20.851 D/BluetoothUtils( 8588): blockedByLocationOff callingUid=1002
09-01 14:33:20.851 I/BluetoothUtils( 8588): packagename is android.uid.bluetooth:1002 ,and its permission is false
09-01 14:33:20.852 V/bt_stack( 8588): [VERBOSE1:btm_ble_gap.cc(1923)] btm_ble_process_ext_adv_pkt: bda=36:c9:49:a0:b6:9d
09-01 14:33:20.852 V/bt_stack( 8588): [VERBOSE1:btm_ble_gap.cc(1847)] btm_ble_process_adv_addr: bda=36:c9:49:a0:b6:9d
09-01 14:33:20.853 D/BluetoothUtils( 8588): blockedByLocationOff callingUid=1002
09-01 14:33:20.853 I/BluetoothUtils( 8588): packagename is android.uid.bluetooth:1002 ,and its permission is false
09-01 14:33:20.853 D/BluetoothUtils( 8588): blockedByLocationOff callingUid=1002
09-01 14:33:20.854 I/BluetoothUtils( 8588): packagename is android.uid.bluetooth:1002 ,and its permission is false
09-01 14:33:20.854 D/BluetoothUtils( 8588): blockedByLocationOff callingUid=1002
09-01 14:33:20.854 I/BluetoothUtils( 8588): packagename is android.uid.bluetooth:1002 ,and its permission is false
09-01 14:33:20.858 V/bt_stack( 8588): [VERBOSE1:btm_ble_gap.cc(1923)] btm_ble_process_ext_adv_pkt: bda=6a:1a:31:28:a4:f8
09-01 14:33:20.858 V/bt_stack( 8588): [VERBOSE1:btm_ble_gap.cc(1847)] btm_ble_process_adv_addr: bda=6a:1a:31:28:a4:f8
09-01 14:33:20.859 D/BluetoothUtils( 8588): blockedByLocationOff callingUid=1002
09-01 14:33:20.859 I/BluetoothUtils( 8588): packagename is android.uid.bluetooth:1002 ,and its permission is false
09-01 14:33:20.859 V/bt_stack( 8588): [VERBOSE1:btm_ble_gap.cc(1923)] btm_ble_process_ext_adv_pkt: bda=1c:91:72:ba:f7:2e
09-01 14:33:20.859 V/bt_stack( 8588): [VERBOSE1:btm_ble_gap.cc(1847)] btm_ble_process_adv_addr: bda=1c:91:72:ba:f7:2e
09-01 14:33:20.859 D/BluetoothUtils( 8588): blockedByLocationOff callingUid=1002
09-01 14:33:20.860 I/BluetoothUtils( 8588): packagename is android.uid.bluetooth:1002 ,and its permission is false
09-01 14:33:20.860 D/BluetoothUtils( 8588): blockedByLocationOff callingUid=1002
09-01 14:33:20.860 I/BluetoothUtils( 8588): packagename is android.uid.bluetooth:1002 ,and its permission is false
09-01 14:33:20.860 V/bt_stack( 8588): [VERBOSE1:btm_ble_gap.cc(1923)] btm_ble_process_ext_adv_pkt: bda=17:be:83:99:5a:17
09-01 14:33:20.860 V/bt_stack( 8588): [VERBOSE1:btm_ble_gap.cc(1847)] btm_ble_process_adv_addr: bda=17:be:83:99:5a:17
09-01 14:33:20.861 D/BluetoothUtils( 8588): blockedByLocationOff callingUid=1002
09-01 14:33:20.861 I/BluetoothUtils( 8588): packagename is android.uid.bluetooth:1002 ,and its permission is false
09-01 14:33:20.861 D/BluetoothUtils( 8588): blockedByLocationOff callingUid=1002
09-01 14:33:20.861 I/BluetoothUtils( 8588): packagename is android.uid.bluetooth:1002 ,and its permission is false
09-01 14:33:20.861 D/BluetoothUtils( 8588): blockedByLocationOff callingUid=1002
09-01 14:33:20.862 I/BluetoothUtils( 8588): packagename is android.uid.bluetooth:1002 ,and its permission is false
09-01 14:33:20.862 D/BluetoothUtils( 8588): blockedByLocationOff callingUid=1002
09-01 14:33:20.863 I/BluetoothUtils( 8588): packagename is android.uid.bluetooth:1002 ,and its permission is false
09-01 14:33:20.863 D/BluetoothUtils( 8588): blockedByLocationOff callingUid=1002
09-01 14:33:20.863 I/BluetoothUtils( 8588): packagename is android.uid.bluetooth:1002 ,and its permission is false
09-01 14:33:20.864 D/BluetoothUtils( 8588): blockedByLocationOff callingUid=1002
09-01 14:33:20.864 I/BluetoothUtils( 8588): packagename is android.uid.bluetooth:1002 ,and its permission is false
09-01 14:33:20.865 V/bt_stack( 8588): [VERBOSE1:btm_ble_gap.cc(1923)] btm_ble_process_ext_adv_pkt: bda=d0:24:10:d7:5b:bc
09-01 14:33:20.866 V/bt_stack( 8588): [VERBOSE1:btm_ble_gap.cc(1847)] btm_ble_process_adv_addr: bda=d0:24:10:d7:5b:bc
09-01 14:33:20.866 V/bt_stack( 8588): [VERBOSE1:btm_ble_gap.cc(2052)]  Waiting for scan response d0:24:10:d7:5b:bc
09-01 14:33:20.866 V/bt_stack( 8588): [VERBOSE1:btm_ble_gap.cc(1923)] btm_ble_process_ext_adv_pkt: bda=d0:24:10:d7:5b:bc
09-01 14:33:20.866 V/bt_stack( 8588): [VERBOSE1:btm_ble_gap.cc(1847)] btm_ble_process_adv_addr: bda=d0:24:10:d7:5b:bc
09-01 14:33:20.868 D/BluetoothUtils( 8588): blockedByLocationOff callingUid=1002
09-01 14:33:20.868 I/BluetoothUtils( 8588): packagename is android.uid.bluetooth:1002 ,and its permission is false
09-01 14:33:20.868 D/BluetoothUtils( 8588): blockedByLocationOff callingUid=1002
09-01 14:33:20.869 I/BluetoothUtils( 8588): packagename is android.uid.bluetooth:1002 ,and its permission is false
09-01 14:33:20.869 D/BluetoothUtils( 8588): blockedByLocationOff callingUid=1002
09-01 14:33:20.869 I/BluetoothUtils( 8588): packagename is android.uid.bluetooth:1002 ,and its permission is false
09-01 14:33:20.870 V/bt_stack( 8588): [VERBOSE1:btm_ble_gap.cc(1923)] btm_ble_process_ext_adv_pkt: bda=01:f5:30:c0:9b:7a
09-01 14:33:20.870 V/bt_stack( 8588): [VERBOSE1:btm_ble_gap.cc(1847)] btm_ble_process_adv_addr: bda=01:f5:30:c0:9b:7a
09-01 14:33:20.871 D/BluetoothUtils( 8588): blockedByLocationOff callingUid=1002
09-01 14:33:20.871 I/BluetoothUtils( 8588): packagename is android.uid.bluetooth:1002 ,and its permission is false
09-01 14:33:20.871 D/BluetoothUtils( 8588): blockedByLocationOff callingUid=1002
09-01 14:33:20.872 I/BluetoothUtils( 8588): packagename is android.uid.bluetooth:1002 ,and its permission is false
09-01 14:33:20.872 D/BluetoothUtils( 8588): blockedByLocationOff callingUid=1002
09-01 14:33:20.872 I/BluetoothUtils( 8588): packagename is android.uid.bluetooth:1002 ,and its permission is false
09-01 14:33:20.879 I/appium  (10226): AppiumResponse: {"sessionId":"3b8c72a3-7a5f-4eee-8121-946476795ec0","value":{"ELEMENT":"a178e181-75a4-40b9-bf88-3206eedf1761","element-6066-11e4-a52e-4f735466cecf":"a178e181-75a4-40b9-bf88-3206eedf1761"}}
09-01 14:33:20.880 V/bt_stack( 8588): [VERBOSE1:btm_ble_gap.cc(1923)] btm_ble_process_ext_adv_pkt: bda=fd:32:0c:ad:56:d5
09-01 14:33:20.880 V/bt_stack( 8588): [VERBOSE1:btm_ble_gap.cc(1847)] btm_ble_process_adv_addr: bda=fd:32:0c:ad:56:d5
09-01 14:33:20.880 V/bt_stack( 8588): [VERBOSE1:btm_ble_gap.cc(2052)]  Waiting for scan response fd:32:0c:ad:56:d5
09-01 14:33:20.880 V/bt_stack( 8588): [VERBOSE1:btm_ble_gap.cc(1923)] btm_ble_process_ext_adv_pkt: bda=fd:32:0c:ad:56:d5
09-01 14:33:20.880 V/bt_stack( 8588): [VERBOSE1:btm_ble_gap.cc(1847)] btm_ble_process_adv_addr: bda=fd:32:0c:ad:56:d5
09-01 14:33:20.881 V/bt_stack( 8588): [VERBOSE1:btm_ble_gap.cc(1923)] btm_ble_process_ext_adv_pkt: bda=38:f9:d3:45:87:1e
09-01 14:33:20.881 V/bt_stack( 8588): [VERBOSE1:btm_ble_gap.cc(1847)] btm_ble_process_adv_addr: bda=38:f9:d3:45:87:1e
09-01 14:33:20.881 V/bt_stack( 8588): [VERBOSE1:btm_ble_gap.cc(2052)]  Waiting for scan response 38:f9:d3:45:87:1e
09-01 14:33:20.881 V/bt_stack( 8588): [VERBOSE1:btm_ble_gap.cc(1923)] btm_ble_process_ext_adv_pkt: bda=38:f9:d3:45:87:1e
09-01 14:33:20.881 V/bt_stack( 8588): [VERBOSE1:btm_ble_gap.cc(1847)] btm_ble_process_adv_addr: bda=38:f9:d3:45:87:1e
09-01 14:33:20.882 D/BluetoothUtils( 8588): blockedByLocationOff callingUid=1002
09-01 14:33:20.882 I/BluetoothUtils( 8588): packagename is android.uid.bluetooth:1002 ,and its permission is false
09-01 14:33:20.882 D/BluetoothUtils( 8588): blockedByLocationOff callingUid=1002
09-01 14:33:20.883 I/BluetoothUtils( 8588): packagename is android.uid.bluetooth:1002 ,and its permission is false
09-01 14:33:20.883 D/BluetoothUtils( 8588): blockedByLocationOff callingUid=1002
09-01 14:33:20.883 I/BluetoothUtils( 8588): packagename is android.uid.bluetooth:1002 ,and its permission is false
09-01 14:33:20.884 D/BluetoothUtils( 8588): blockedByLocationOff callingUid=1002
09-01 14:33:20.884 I/BluetoothUtils( 8588): packagename is android.uid.bluetooth:1002 ,and its permission is false
09-01 14:33:20.884 D/BluetoothUtils( 8588): blockedByLocationOff callingUid=1002
09-01 14:33:20.884 I/BluetoothUtils( 8588): packagename is android.uid.bluetooth:1002 ,and its permission is false
09-01 14:33:20.885 D/BluetoothUtils( 8588): blockedByLocationOff callingUid=1002
09-01 14:33:20.885 I/BluetoothUtils( 8588): packagename is android.uid.bluetooth:1002 ,and its permission is false
09-01 14:33:20.892 I/appium  (10226): channel read invoked!
09-01 14:33:20.892 I/appium  (10226): channel read: POST /wd/hub/session/3b8c72a3-7a5f-4eee-8121-946476795ec0/element/a178e181-75a4-40b9-bf88-3206eedf1761/click
09-01 14:33:20.893 I/appium  (10226): Click element command
09-01 14:33:20.909 V/bt_stack( 8588): [VERBOSE1:btm_ble_gap.cc(1923)] btm_ble_process_ext_adv_pkt: bda=75:55:30:69:5d:bf
09-01 14:33:20.909 V/bt_stack( 8588): [VERBOSE1:btm_ble_gap.cc(1847)] btm_ble_process_adv_addr: bda=75:55:30:69:5d:bf
09-01 14:33:20.909 V/bt_stack( 8588): [VERBOSE1:btm_ble_gap.cc(2052)]  Waiting for scan response 75:55:30:69:5d:bf
09-01 14:33:20.909 V/bt_stack( 8588): [VERBOSE1:btm_ble_gap.cc(1923)] btm_ble_process_ext_adv_pkt: bda=17:7e:29:ab:4e:d0
09-01 14:33:20.909 V/bt_stack( 8588): [VERBOSE1:btm_ble_gap.cc(1847)] btm_ble_process_adv_addr: bda=17:7e:29:ab:4e:d0
09-01 14:33:20.913 D/BluetoothUtils( 8588): blockedByLocationOff callingUid=1002
09-01 14:33:20.913 I/appium  (10226): Waiting up to 10000ms for device to be idle
09-01 14:33:20.914 I/appium  (10226): AppiumResponse: {"sessionId":"3b8c72a3-7a5f-4eee-8121-946476795ec0","value":null}
09-01 14:33:20.915 I/BluetoothUtils( 8588): packagename is android.uid.bluetooth:1002 ,and its permission is false
09-01 14:33:20.916 D/BluetoothUtils( 8588): blockedByLocationOff callingUid=1002
09-01 14:33:20.916 I/BluetoothUtils( 8588): packagename is android.uid.bluetooth:1002 ,and its permission is false
09-01 14:33:20.916 D/BluetoothUtils( 8588): blockedByLocationOff callingUid=1002
09-01 14:33:20.916 I/BluetoothUtils( 8588): packagename is android.uid.bluetooth:1002 ,and its permission is false
09-01 14:33:20.920 V/bt_stack( 8588): [VERBOSE1:btm_ble_gap.cc(1923)] btm_ble_process_ext_adv_pkt: bda=0a:29:89:b7:c8:4a
09-01 14:33:20.920 V/bt_stack( 8588): [VERBOSE1:btm_ble_gap.cc(1847)] btm_ble_process_adv_addr: bda=0a:29:89:b7:c8:4a
09-01 14:33:20.921 D/BluetoothUtils( 8588): blockedByLocationOff callingUid=1002
09-01 14:33:20.922 D/[Koin]  (10274): !- ViewModelProvider getting instance
09-01 14:33:20.922 D/[Koin]  (10274): +- get 'com.xiaomi.hm.health.healthdata.viewmodel.StatisticsMonthAndWeekViewModel'
09-01 14:33:20.922 D/[Koin]  (10274): | create instance for [type:Factory,primary_type:'com.xiaomi.hm.health.healthdata.viewmodel.StatisticsMonthAndWeekViewModel']
09-01 14:33:20.922 D/[Koin]  (10274): +- get 'com.xiaomi.hm.health.healthdata.repository.NapAndSleepStatisticsRepo'
09-01 14:33:20.922 D/[Koin]  (10274): | create instance for [type:Factory,scope:'health_data', primary_type:'com.xiaomi.hm.health.healthdata.repository.NapAndSleepStatisticsRepo']
09-01 14:33:20.922 D/[Koin]  (10274): +- get 'com.xiaomi.hm.health.healthdata.helper.AppExecutors'
09-01 14:33:20.922 D/[Koin]  (10274): | create instance for [type:Factory,scope:'health_data', primary_type:'com.xiaomi.hm.health.healthdata.helper.AppExecutors']
09-01 14:33:20.922 I/BluetoothUtils( 8588): packagename is android.uid.bluetooth:1002 ,and its permission is false
09-01 14:33:20.922 D/[Koin]  (10274): +- got 'com.xiaomi.hm.health.healthdata.helper.AppExecutors' in 0.114687 ms
09-01 14:33:20.922 D/[Koin]  (10274): +- get 'com.xiaomi.hm.health.healthdata.db.NapSleepDataDb'
09-01 14:33:20.922 D/[Koin]  (10274): | create instance for [type:Factory,scope:'health_data', primary_type:'com.xiaomi.hm.health.healthdata.db.NapSleepDataDb']
09-01 14:33:20.922 D/[Koin]  (10274): +- get 'android.content.Context'
09-01 14:33:20.922 D/BluetoothUtils( 8588): blockedByLocationOff callingUid=1002
09-01 14:33:20.922 D/[Koin]  (10274): +- got 'android.content.Context' in 0.018021 ms
09-01 14:33:20.923 I/BluetoothUtils( 8588): packagename is android.uid.bluetooth:1002 ,and its permission is false
09-01 14:33:20.923 D/[Koin]  (10274): +- got 'com.xiaomi.hm.health.healthdata.db.NapSleepDataDb' in 0.587864 ms
09-01 14:33:20.923 D/[Koin]  (10274): +- get 'com.xiaomi.hm.health.healthdata.api.NapSleepWebApi'
09-01 14:33:20.923 D/BluetoothUtils( 8588): blockedByLocationOff callingUid=1002
09-01 14:33:20.923 D/[Koin]  (10274): +- got 'com.xiaomi.hm.health.healthdata.api.NapSleepWebApi' in 0.035104 ms
09-01 14:33:20.923 D/[Koin]  (10274): +- got 'com.xiaomi.hm.health.healthdata.repository.NapAndSleepStatisticsRepo' in 0.976823 ms
09-01 14:33:20.923 D/[Koin]  (10274): +- got 'com.xiaomi.hm.health.healthdata.viewmodel.StatisticsMonthAndWeekViewModel' in 1.192657 ms
09-01 14:33:20.923 D/[Koin]  (10274): !- ViewModelProvider got instance in 1.313125
09-01 14:33:20.923 I/BluetoothUtils( 8588): packagename is android.uid.bluetooth:1002 ,and its permission is false
09-01 14:33:20.924 V/bt_stack( 8588): [VERBOSE1:btm_ble_gap.cc(1923)] btm_ble_process_ext_adv_pkt: bda=19:30:6d:c4:b5:5b
09-01 14:33:20.924 V/bt_stack( 8588): [VERBOSE1:btm_ble_gap.cc(1847)] btm_ble_process_adv_addr: bda=19:30:6d:c4:b5:5b
09-01 14:33:20.925 D/BluetoothUtils( 8588): blockedByLocationOff callingUid=1002
09-01 14:33:20.925 I/BluetoothUtils( 8588): packagename is android.uid.bluetooth:1002 ,and its permission is false
09-01 14:33:20.925 D/BluetoothUtils( 8588): blockedByLocationOff callingUid=1002
09-01 14:33:20.926 I/BluetoothUtils( 8588): packagename is android.uid.bluetooth:1002 ,and its permission is false
09-01 14:33:20.926 D/BluetoothUtils( 8588): blockedByLocationOff callingUid=1002
09-01 14:33:20.926 I/BluetoothUtils( 8588): packagename is android.uid.bluetooth:1002 ,and its permission is false
09-01 14:33:20.927 V/bt_stack( 8588): [VERBOSE1:btm_ble_gap.cc(1923)] btm_ble_process_ext_adv_pkt: bda=1b:39:55:3e:e3:6c
09-01 14:33:20.927 V/bt_stack( 8588): [VERBOSE1:btm_ble_gap.cc(1847)] btm_ble_process_adv_addr: bda=1b:39:55:3e:e3:6c
09-01 14:33:20.928 D/BluetoothUtils( 8588): blockedByLocationOff callingUid=1002
09-01 14:33:20.929 I/BluetoothUtils( 8588): packagename is android.uid.bluetooth:1002 ,and its permission is false
09-01 14:33:20.929 D/BluetoothUtils( 8588): blockedByLocationOff callingUid=1002
09-01 14:33:20.929 I/BluetoothUtils( 8588): packagename is android.uid.bluetooth:1002 ,and its permission is false
09-01 14:33:20.929 D/BluetoothUtils( 8588): blockedByLocationOff callingUid=1002
09-01 14:33:20.929 I/BluetoothUtils( 8588): packagename is android.uid.bluetooth:1002 ,and its permission is false
09-01 14:33:20.935 D/[Koin]  (10274): !- ViewModelProvider getting instance
09-01 14:33:20.935 D/[Koin]  (10274): +- get 'com.xiaomi.hm.health.healthdata.viewmodel.NapSleepYearViewModel'
09-01 14:33:20.935 D/[Koin]  (10274): | create instance for [type:Factory,primary_type:'com.xiaomi.hm.health.healthdata.viewmodel.NapSleepYearViewModel']
09-01 14:33:20.936 D/[Koin]  (10274): +- get 'com.xiaomi.hm.health.healthdata.repository.NapSleepStatisticsRepo'
09-01 14:33:20.936 D/[Koin]  (10274): | create instance for [type:Factory,scope:'health_data', primary_type:'com.xiaomi.hm.health.healthdata.repository.NapSleepStatisticsRepo']
09-01 14:33:20.936 D/[Koin]  (10274): +- get 'com.xiaomi.hm.health.healthdata.helper.AppExecutors'
09-01 14:33:20.936 D/[Koin]  (10274): | create instance for [type:Factory,scope:'health_data', primary_type:'com.xiaomi.hm.health.healthdata.helper.AppExecutors']
09-01 14:33:20.936 D/[Koin]  (10274): +- got 'com.xiaomi.hm.health.healthdata.helper.AppExecutors' in 0.078542 ms
09-01 14:33:20.936 D/[Koin]  (10274): +- get 'com.xiaomi.hm.health.healthdata.db.NapSleepDataDb'
09-01 14:33:20.936 D/[Koin]  (10274): | create instance for [type:Factory,scope:'health_data', primary_type:'com.xiaomi.hm.health.healthdata.db.NapSleepDataDb']
09-01 14:33:20.936 D/[Koin]  (10274): +- get 'android.content.Context'
09-01 14:33:20.936 D/[Koin]  (10274): +- got 'android.content.Context' in 0.012292 ms
09-01 14:33:20.936 D/[Koin]  (10274): +- got 'com.xiaomi.hm.health.healthdata.db.NapSleepDataDb' in 0.36224 ms
09-01 14:33:20.936 D/[Koin]  (10274): +- get 'com.xiaomi.hm.health.healthdata.api.NapSleepWebApi'
09-01 14:33:20.936 D/[Koin]  (10274): +- got 'com.xiaomi.hm.health.healthdata.api.NapSleepWebApi' in 0.016771 ms
09-01 14:33:20.936 D/[Koin]  (10274): +- got 'com.xiaomi.hm.health.healthdata.repository.NapSleepStatisticsRepo' in 0.621927 ms
09-01 14:33:20.936 D/[Koin]  (10274): +- got 'com.xiaomi.hm.health.healthdata.viewmodel.NapSleepYearViewModel' in 0.839947 ms
09-01 14:33:20.936 D/[Koin]  (10274): !- ViewModelProvider got instance in 0.952448
09-01 14:33:20.937 I/appium  (10226): channel read invoked!
09-01 14:33:20.937 I/appium  (10226): channel read: POST /wd/hub/session/3b8c72a3-7a5f-4eee-8121-946476795ec0/element
09-01 14:33:20.938 I/appium  (10226): Find element command using 'xpath' with selector '//*[@resource-id='com.xiaomi.hm.health:id/container']/android.widget.FrameLayout/android.widget.LinearLayout/android.widget.TextView'.
09-01 14:33:20.938 I/appium  (10226): Waiting up to 10000ms for device to be idle
09-01 14:33:20.951 V/bt_stack( 8588): [VERBOSE1:btm_ble_gap.cc(1923)] btm_ble_process_ext_adv_pkt: bda=56:e4:da:79:d5:88
09-01 14:33:20.951 V/bt_stack( 8588): [VERBOSE1:btm_ble_gap.cc(1847)] btm_ble_process_adv_addr: bda=56:e4:da:79:d5:88
09-01 14:33:20.951 W/AsyncHttpResponse(10274): Current thread has not called Looper.prepare().Forcing synchronous mode
09-01 14:33:20.951 V/bt_stack( 8588): [VERBOSE1:btm_ble_gap.cc(2052)]  Waiting for scan response 56:e4:da:79:d5:88
09-01 14:33:20.951 V/bt_stack( 8588): [VERBOSE1:btm_ble_gap.cc(1923)] btm_ble_process_ext_adv_pkt: bda=56:e4:da:79:d5:88
09-01 14:33:20.951 V/bt_stack( 8588): [VERBOSE1:btm_ble_gap.cc(1847)] btm_ble_process_adv_addr: bda=56:e4:da:79:d5:88
09-01 14:33:20.952 D/BluetoothUtils( 8588): blockedByLocationOff callingUid=1002
09-01 14:33:20.953 I/BluetoothUtils( 8588): packagename is android.uid.bluetooth:1002 ,and its permission is false
09-01 14:33:20.953 D/BluetoothUtils( 8588): blockedByLocationOff callingUid=1002
09-01 14:33:20.953 I/BluetoothUtils( 8588): packagename is android.uid.bluetooth:1002 ,and its permission is false
09-01 14:33:20.953 D/BluetoothUtils( 8588): blockedByLocationOff callingUid=1002
09-01 14:33:20.954 I/BluetoothUtils( 8588): packagename is android.uid.bluetooth:1002 ,and its permission is false
09-01 14:33:20.955 V/bt_stack( 8588): [VERBOSE1:btm_ble_gap.cc(1923)] btm_ble_process_ext_adv_pkt: bda=38:f9:d3:45:87:1e
09-01 14:33:20.955 V/bt_stack( 8588): [VERBOSE1:btm_ble_gap.cc(1847)] btm_ble_process_adv_addr: bda=38:f9:d3:45:87:1e
09-01 14:33:20.955 V/bt_stack( 8588): [VERBOSE1:btm_ble_gap.cc(2052)]  Waiting for scan response 38:f9:d3:45:87:1e
09-01 14:33:20.955 V/bt_stack( 8588): [VERBOSE1:btm_ble_gap.cc(1923)] btm_ble_process_ext_adv_pkt: bda=38:f9:d3:45:87:1e
09-01 14:33:20.955 V/bt_stack( 8588): [VERBOSE1:btm_ble_gap.cc(1847)] btm_ble_process_adv_addr: bda=38:f9:d3:45:87:1e
09-01 14:33:20.955 D/BluetoothUtils( 8588): blockedByLocationOff callingUid=1002
09-01 14:33:20.956 I/BluetoothUtils( 8588): packagename is android.uid.bluetooth:1002 ,and its permission is false
09-01 14:33:20.956 D/BluetoothUtils( 8588): blockedByLocationOff callingUid=1002
09-01 14:33:20.956 I/BluetoothUtils( 8588): packagename is android.uid.bluetooth:1002 ,and its permission is false
09-01 14:33:20.956 D/BluetoothUtils( 8588): blockedByLocationOff callingUid=1002
09-01 14:33:20.957 I/BluetoothUtils( 8588): packagename is android.uid.bluetooth:1002 ,and its permission is false
09-01 14:33:20.964 V/bt_stack( 8588): [VERBOSE1:btm_ble_gap.cc(1923)] btm_ble_process_ext_adv_pkt: bda=1c:91:72:ba:f7:2e
09-01 14:33:20.964 V/bt_stack( 8588): [VERBOSE1:btm_ble_gap.cc(1847)] btm_ble_process_adv_addr: bda=1c:91:72:ba:f7:2e
09-01 14:33:20.965 D/BluetoothUtils( 8588): blockedByLocationOff callingUid=1002
09-01 14:33:20.965 I/BluetoothUtils( 8588): packagename is android.uid.bluetooth:1002 ,and its permission is false
09-01 14:33:20.965 D/BluetoothUtils( 8588): blockedByLocationOff callingUid=1002
09-01 14:33:20.966 I/BluetoothUtils( 8588): packagename is android.uid.bluetooth:1002 ,and its permission is false
09-01 14:33:20.966 D/BluetoothUtils( 8588): blockedByLocationOff callingUid=1002
09-01 14:33:20.966 I/BluetoothUtils( 8588): packagename is android.uid.bluetooth:1002 ,and its permission is false
09-01 14:33:20.968 V/bt_stack( 8588): [VERBOSE1:btm_ble_gap.cc(1923)] btm_ble_process_ext_adv_pkt: bda=32:d2:03:03:d2:bd
09-01 14:33:20.968 V/bt_stack( 8588): [VERBOSE1:btm_ble_gap.cc(1847)] btm_ble_process_adv_addr: bda=32:d2:03:03:d2:bd
09-01 14:33:20.969 D/BluetoothUtils( 8588): blockedByLocationOff callingUid=1002
09-01 14:33:20.969 I/BluetoothUtils( 8588): packagename is android.uid.bluetooth:1002 ,and its permission is false
09-01 14:33:20.970 D/BluetoothUtils( 8588): blockedByLocationOff callingUid=1002
09-01 14:33:20.970 I/BluetoothUtils( 8588): packagename is android.uid.bluetooth:1002 ,and its permission is false
09-01 14:33:20.970 D/BluetoothUtils( 8588): blockedByLocationOff callingUid=1002
09-01 14:33:20.970 I/BluetoothUtils( 8588): packagename is android.uid.bluetooth:1002 ,and its permission is false
09-01 14:33:20.976 V/bt_stack( 8588): [VERBOSE1:btm_ble_gap.cc(1923)] btm_ble_process_ext_adv_pkt: bda=01:f5:30:c0:9b:7a
09-01 14:33:20.976 V/bt_stack( 8588): [VERBOSE1:btm_ble_gap.cc(1847)] btm_ble_process_adv_addr: bda=01:f5:30:c0:9b:7a
09-01 14:33:20.977 D/BluetoothUtils( 8588): blockedByLocationOff callingUid=1002
09-01 14:33:20.978 I/BluetoothUtils( 8588): packagename is android.uid.bluetooth:1002 ,and its permission is false
09-01 14:33:20.978 D/BluetoothUtils( 8588): blockedByLocationOff callingUid=1002
09-01 14:33:20.978 I/BluetoothUtils( 8588): packagename is android.uid.bluetooth:1002 ,and its permission is false
09-01 14:33:20.978 D/BluetoothUtils( 8588): blockedByLocationOff callingUid=1002
09-01 14:33:20.979 I/BluetoothUtils( 8588): packagename is android.uid.bluetooth:1002 ,and its permission is false
09-01 14:33:20.982 V/bt_stack( 8588): [VERBOSE1:btm_ble_gap.cc(1923)] btm_ble_process_ext_adv_pkt: bda=53:f2:a2:69:23:e6
09-01 14:33:20.983 V/bt_stack( 8588): [VERBOSE1:btm_ble_gap.cc(1847)] btm_ble_process_adv_addr: bda=53:f2:a2:69:23:e6
09-01 14:33:20.984 D/BluetoothUtils( 8588): blockedByLocationOff callingUid=1002
09-01 14:33:20.984 I/BluetoothUtils( 8588): packagename is android.uid.bluetooth:1002 ,and its permission is false
09-01 14:33:20.984 D/BluetoothUtils( 8588): blockedByLocationOff callingUid=1002
09-01 14:33:20.984 I/BluetoothUtils( 8588): packagename is android.uid.bluetooth:1002 ,and its permission is false
09-01 14:33:20.984 D/BluetoothUtils( 8588): blockedByLocationOff callingUid=1002
09-01 14:33:20.985 I/BluetoothUtils( 8588): packagename is android.uid.bluetooth:1002 ,and its permission is false
09-01 14:33:20.985 V/bt_stack( 8588): [VERBOSE1:btm_ble_gap.cc(1923)] btm_ble_process_ext_adv_pkt: bda=12:72:eb:81:32:03
09-01 14:33:20.985 V/bt_stack( 8588): [VERBOSE1:btm_ble_gap.cc(1847)] btm_ble_process_adv_addr: bda=12:72:eb:81:32:03
09-01 14:33:20.986 D/BluetoothUtils( 8588): blockedByLocationOff callingUid=1002
09-01 14:33:20.986 I/BluetoothUtils( 8588): packagename is android.uid.bluetooth:1002 ,and its permission is false
