09-01 14:33:21.923 I/BluetoothUtils( 8588): packagename is android.uid.bluetooth:1002 ,and its permission is false
09-01 14:33:21.924 D/BluetoothUtils( 8588): blockedByLocationOff callingUid=1002
09-01 14:33:21.925 I/BluetoothUtils( 8588): packagename is android.uid.bluetooth:1002 ,and its permission is false
09-01 14:33:21.925 D/BluetoothUtils( 8588): blockedByLocationOff callingUid=1002
09-01 14:33:21.925 I/BluetoothUtils( 8588): packagename is android.uid.bluetooth:1002 ,and its permission is false
09-01 14:33:21.926 D/BluetoothUtils( 8588): blockedByLocationOff callingUid=1002
09-01 14:33:21.926 I/BluetoothUtils( 8588): packagename is android.uid.bluetooth:1002 ,and its permission is false
09-01 14:33:21.927 D/BluetoothUtils( 8588): blockedByLocationOff callingUid=1002
09-01 14:33:21.927 I/BluetoothUtils( 8588): packagename is android.uid.bluetooth:1002 ,and its permission is false
09-01 14:33:21.927 D/BluetoothUtils( 8588): blockedByLocationOff callingUid=1002
09-01 14:33:21.928 I/BluetoothUtils( 8588): packagename is android.uid.bluetooth:1002 ,and its permission is false
09-01 14:33:21.934 I/appium  (10226): AppiumResponse: {"sessionId":"3b8c72a3-7a5f-4eee-8121-946476795ec0","value":{"ELEMENT":"797b71cd-f051-453f-b5cb-3191fa28dba2","element-6066-11e4-a52e-4f735466cecf":"797b71cd-f051-453f-b5cb-3191fa28dba2"}}
09-01 14:33:21.942 V/bt_stack( 8588): [VERBOSE1:btm_ble_gap.cc(1923)] btm_ble_process_ext_adv_pkt: bda=0b:95:8c:38:8d:43
09-01 14:33:21.942 V/bt_stack( 8588): [VERBOSE1:btm_ble_gap.cc(1847)] btm_ble_process_adv_addr: bda=0b:95:8c:38:8d:43
09-01 14:33:21.942 V/bt_stack( 8588): [VERBOSE1:btm_ble_gap.cc(1923)] btm_ble_process_ext_adv_pkt: bda=12:72:eb:81:32:03
09-01 14:33:21.942 V/bt_stack( 8588): [VERBOSE1:btm_ble_gap.cc(1847)] btm_ble_process_adv_addr: bda=12:72:eb:81:32:03
09-01 14:33:21.944 D/BluetoothUtils( 8588): blockedByLocationOff callingUid=1002
09-01 14:33:21.944 I/appium  (10226): channel read invoked!
09-01 14:33:21.944 I/appium  (10226): channel read: GET /wd/hub/session/3b8c72a3-7a5f-4eee-8121-946476795ec0/element/797b71cd-f051-453f-b5cb-3191fa28dba2/attribute/text
09-01 14:33:21.944 I/BluetoothUtils( 8588): packagename is android.uid.bluetooth:1002 ,and its permission is false
09-01 14:33:21.944 I/appium  (10226): get attribute of element command
09-01 14:33:21.945 D/BluetoothUtils( 8588): blockedByLocationOff callingUid=1002
09-01 14:33:21.946 I/BluetoothUtils( 8588): packagename is android.uid.bluetooth:1002 ,and its permission is false
09-01 14:33:21.946 D/BluetoothUtils( 8588): blockedByLocationOff callingUid=1002
09-01 14:33:21.946 I/BluetoothUtils( 8588): packagename is android.uid.bluetooth:1002 ,and its permission is false
09-01 14:33:21.948 D/BluetoothUtils( 8588): blockedByLocationOff callingUid=1002
09-01 14:33:21.948 I/BluetoothUtils( 8588): packagename is android.uid.bluetooth:1002 ,and its permission is false
09-01 14:33:21.948 D/BluetoothUtils( 8588): blockedByLocationOff callingUid=1002
09-01 14:33:21.948 I/BluetoothUtils( 8588): packagename is android.uid.bluetooth:1002 ,and its permission is false
09-01 14:33:21.949 D/BluetoothUtils( 8588): blockedByLocationOff callingUid=1002
09-01 14:33:21.949 I/appium  (10226): AppiumResponse: {"sessionId":"3b8c72a3-7a5f-4eee-8121-946476795ec0","value":""}
09-01 14:33:21.950 I/BluetoothUtils( 8588): packagename is android.uid.bluetooth:1002 ,and its permission is false
09-01 14:33:21.960 I/appium  (10226): channel read invoked!
09-01 14:33:21.960 I/appium  (10226): channel read: GET /wd/hub/session/3b8c72a3-7a5f-4eee-8121-946476795ec0/screenshot
09-01 14:33:21.961 I/appium  (10226): Capture screenshot command
09-01 14:33:21.972 V/bt_stack( 8588): [VERBOSE1:btm_ble_gap.cc(1923)] btm_ble_process_ext_adv_pkt: bda=66:3e:07:e0:2b:d4
09-01 14:33:21.972 V/bt_stack( 8588): [VERBOSE1:btm_ble_gap.cc(1847)] btm_ble_process_adv_addr: bda=66:3e:07:e0:2b:d4
09-01 14:33:21.972 V/bt_stack( 8588): [VERBOSE1:btm_ble_gap.cc(2052)]  Waiting for scan response 66:3e:07:e0:2b:d4
09-01 14:33:21.972 V/bt_stack( 8588): [VERBOSE1:btm_ble_gap.cc(1923)] btm_ble_process_ext_adv_pkt: bda=1b:39:55:3e:e3:6c
09-01 14:33:21.972 V/bt_stack( 8588): [VERBOSE1:btm_ble_gap.cc(1847)] btm_ble_process_adv_addr: bda=1b:39:55:3e:e3:6c
09-01 14:33:21.973 V/bt_stack( 8588): [VERBOSE1:btm_ble_gap.cc(1923)] btm_ble_process_ext_adv_pkt: bda=0a:29:89:b7:c8:4a
09-01 14:33:21.973 V/bt_stack( 8588): [VERBOSE1:btm_ble_gap.cc(1847)] btm_ble_process_adv_addr: bda=0a:29:89:b7:c8:4a
09-01 14:33:21.974 D/BluetoothUtils( 8588): blockedByLocationOff callingUid=1002
09-01 14:33:21.974 I/BluetoothUtils( 8588): packagename is android.uid.bluetooth:1002 ,and its permission is false
09-01 14:33:21.974 D/BluetoothUtils( 8588): blockedByLocationOff callingUid=1002
09-01 14:33:21.975 I/BluetoothUtils( 8588): packagename is android.uid.bluetooth:1002 ,and its permission is false
09-01 14:33:21.975 D/BluetoothUtils( 8588): blockedByLocationOff callingUid=1002
09-01 14:33:21.975 I/BluetoothUtils( 8588): packagename is android.uid.bluetooth:1002 ,and its permission is false
09-01 14:33:21.976 D/BluetoothUtils( 8588): blockedByLocationOff callingUid=1002
09-01 14:33:21.976 I/BluetoothUtils( 8588): packagename is android.uid.bluetooth:1002 ,and its permission is false
09-01 14:33:21.977 D/BluetoothUtils( 8588): blockedByLocationOff callingUid=1002
09-01 14:33:21.977 I/BluetoothUtils( 8588): packagename is android.uid.bluetooth:1002 ,and its permission is false
09-01 14:33:21.977 D/BluetoothUtils( 8588): blockedByLocationOff callingUid=1002
09-01 14:33:21.978 I/BluetoothUtils( 8588): packagename is android.uid.bluetooth:1002 ,and its permission is false
09-01 14:33:21.990 V/bt_stack( 8588): [VERBOSE1:btm_ble_gap.cc(1923)] btm_ble_process_ext_adv_pkt: bda=36:c9:49:a0:b6:9d
09-01 14:33:21.990 V/bt_stack( 8588): [VERBOSE1:btm_ble_gap.cc(1847)] btm_ble_process_adv_addr: bda=36:c9:49:a0:b6:9d
09-01 14:33:21.991 D/BluetoothUtils( 8588): blockedByLocationOff callingUid=1002
09-01 14:33:21.992 I/BluetoothUtils( 8588): packagename is android.uid.bluetooth:1002 ,and its permission is false
09-01 14:33:21.992 D/BluetoothUtils( 8588): blockedByLocationOff callingUid=1002
09-01 14:33:21.993 I/BluetoothUtils( 8588): packagename is android.uid.bluetooth:1002 ,and its permission is false
09-01 14:33:21.993 D/BluetoothUtils( 8588): blockedByLocationOff callingUid=1002
09-01 14:33:21.994 I/BluetoothUtils( 8588): packagename is android.uid.bluetooth:1002 ,and its permission is false
09-01 14:33:21.996 V/bt_stack( 8588): [VERBOSE1:btm_ble_gap.cc(1923)] btm_ble_process_ext_adv_pkt: bda=21:49:00:85:03:0b
09-01 14:33:21.996 V/bt_stack( 8588): [VERBOSE1:btm_ble_gap.cc(1847)] btm_ble_process_adv_addr: bda=21:49:00:85:03:0b
09-01 14:33:21.997 D/BluetoothUtils( 8588): blockedByLocationOff callingUid=1002
09-01 14:33:21.998 I/BluetoothUtils( 8588): packagename is android.uid.bluetooth:1002 ,and its permission is false
09-01 14:33:21.998 D/BluetoothUtils( 8588): blockedByLocationOff callingUid=1002
09-01 14:33:21.999 I/BluetoothUtils( 8588): packagename is android.uid.bluetooth:1002 ,and its permission is false
09-01 14:33:21.999 D/BluetoothUtils( 8588): blockedByLocationOff callingUid=1002
09-01 14:33:21.999 I/BluetoothUtils( 8588): packagename is android.uid.bluetooth:1002 ,and its permission is false
09-01 14:33:22.005 V/bt_stack( 8588): [VERBOSE1:btm_ble_gap.cc(1923)] btm_ble_process_ext_adv_pkt: bda=6a:1a:31:28:a4:f8
09-01 14:33:22.005 V/bt_stack( 8588): [VERBOSE1:btm_ble_gap.cc(1847)] btm_ble_process_adv_addr: bda=6a:1a:31:28:a4:f8
09-01 14:33:22.006 D/BluetoothUtils( 8588): blockedByLocationOff callingUid=1002
09-01 14:33:22.007 I/BluetoothUtils( 8588): packagename is android.uid.bluetooth:1002 ,and its permission is false
09-01 14:33:22.007 D/BluetoothUtils( 8588): blockedByLocationOff callingUid=1002
09-01 14:33:22.007 I/BluetoothUtils( 8588): packagename is android.uid.bluetooth:1002 ,and its permission is false
09-01 14:33:22.008 D/BluetoothUtils( 8588): blockedByLocationOff callingUid=1002
09-01 14:33:22.008 I/BluetoothUtils( 8588): packagename is android.uid.bluetooth:1002 ,and its permission is false
09-01 14:33:22.011 V/bt_stack( 8588): [VERBOSE1:btm_ble_gap.cc(1923)] btm_ble_process_ext_adv_pkt: bda=17:be:83:99:5a:17
09-01 14:33:22.011 V/bt_stack( 8588): [VERBOSE1:btm_ble_gap.cc(1847)] btm_ble_process_adv_addr: bda=17:be:83:99:5a:17
09-01 14:33:22.012 D/BluetoothUtils( 8588): blockedByLocationOff callingUid=1002
09-01 14:33:22.012 I/BluetoothUtils( 8588): packagename is android.uid.bluetooth:1002 ,and its permission is false
09-01 14:33:22.013 D/BluetoothUtils( 8588): blockedByLocationOff callingUid=1002
09-01 14:33:22.013 I/BluetoothUtils( 8588): packagename is android.uid.bluetooth:1002 ,and its permission is false
09-01 14:33:22.013 D/BluetoothUtils( 8588): blockedByLocationOff callingUid=1002
09-01 14:33:22.013 I/BluetoothUtils( 8588): packagename is android.uid.bluetooth:1002 ,and its permission is false
09-01 14:33:22.028 V/bt_stack( 8588): [VERBOSE1:btm_ble_gap.cc(1923)] btm_ble_process_ext_adv_pkt: bda=32:d2:03:03:d2:bd
09-01 14:33:22.028 V/bt_stack( 8588): [VERBOSE1:btm_ble_gap.cc(1847)] btm_ble_process_adv_addr: bda=32:d2:03:03:d2:bd
09-01 14:33:22.030 D/BluetoothUtils( 8588): blockedByLocationOff callingUid=1002
09-01 14:33:22.030 I/BluetoothUtils( 8588): packagename is android.uid.bluetooth:1002 ,and its permission is false
09-01 14:33:22.030 D/BluetoothUtils( 8588): blockedByLocationOff callingUid=1002
09-01 14:33:22.031 I/BluetoothUtils( 8588): packagename is android.uid.bluetooth:1002 ,and its permission is false
09-01 14:33:22.031 D/BluetoothUtils( 8588): blockedByLocationOff callingUid=1002
09-01 14:33:22.031 V/bt_stack( 8588): [VERBOSE1:btm_ble_gap.cc(1923)] btm_ble_process_ext_adv_pkt: bda=01:f5:30:c0:9b:7a
09-01 14:33:22.031 V/bt_stack( 8588): [VERBOSE1:btm_ble_gap.cc(1847)] btm_ble_process_adv_addr: bda=01:f5:30:c0:9b:7a
09-01 14:33:22.031 I/BluetoothUtils( 8588): packagename is android.uid.bluetooth:1002 ,and its permission is false
09-01 14:33:22.032 D/BluetoothUtils( 8588): blockedByLocationOff callingUid=1002
09-01 14:33:22.033 I/BluetoothUtils( 8588): packagename is android.uid.bluetooth:1002 ,and its permission is false
09-01 14:33:22.033 D/BluetoothUtils( 8588): blockedByLocationOff callingUid=1002
09-01 14:33:22.033 I/BluetoothUtils( 8588): packagename is android.uid.bluetooth:1002 ,and its permission is false
09-01 14:33:22.033 D/BluetoothUtils( 8588): blockedByLocationOff callingUid=1002
09-01 14:33:22.034 I/BluetoothUtils( 8588): packagename is android.uid.bluetooth:1002 ,and its permission is false
09-01 14:33:22.047 V/bt_stack( 8588): [VERBOSE1:btm_ble_gap.cc(1923)] btm_ble_process_ext_adv_pkt: bda=12:72:eb:81:32:03
09-01 14:33:22.048 V/bt_stack( 8588): [VERBOSE1:btm_ble_gap.cc(1847)] btm_ble_process_adv_addr: bda=12:72:eb:81:32:03
09-01 14:33:22.049 D/BluetoothUtils( 8588): blockedByLocationOff callingUid=1002
09-01 14:33:22.049 I/BluetoothUtils( 8588): packagename is android.uid.bluetooth:1002 ,and its permission is false
09-01 14:33:22.049 D/BluetoothUtils( 8588): blockedByLocationOff callingUid=1002
09-01 14:33:22.049 I/BluetoothUtils( 8588): packagename is android.uid.bluetooth:1002 ,and its permission is false
09-01 14:33:22.050 D/BluetoothUtils( 8588): blockedByLocationOff callingUid=1002
09-01 14:33:22.050 I/BluetoothUtils( 8588): packagename is android.uid.bluetooth:1002 ,and its permission is false
09-01 14:33:22.057 V/bt_stack( 8588): [VERBOSE1:btm_ble_gap.cc(1923)] btm_ble_process_ext_adv_pkt: bda=2d:8f:df:c2:a9:d4
09-01 14:33:22.057 V/bt_stack( 8588): [VERBOSE1:btm_ble_gap.cc(1847)] btm_ble_process_adv_addr: bda=2d:8f:df:c2:a9:d4
09-01 14:33:22.058 D/BluetoothUtils( 8588): blockedByLocationOff callingUid=1002
09-01 14:33:22.059 I/BluetoothUtils( 8588): packagename is android.uid.bluetooth:1002 ,and its permission is false
09-01 14:33:22.059 D/BluetoothUtils( 8588): blockedByLocationOff callingUid=1002
09-01 14:33:22.059 I/BluetoothUtils( 8588): packagename is android.uid.bluetooth:1002 ,and its permission is false
09-01 14:33:22.059 D/BluetoothUtils( 8588): blockedByLocationOff callingUid=1002
09-01 14:33:22.060 I/BluetoothUtils( 8588): packagename is android.uid.bluetooth:1002 ,and its permission is false
09-01 14:33:22.060 V/bt_stack( 8588): [VERBOSE1:btm_ble_gap.cc(1923)] btm_ble_process_ext_adv_pkt: bda=17:7e:29:ab:4e:d0
09-01 14:33:22.060 V/bt_stack( 8588): [VERBOSE1:btm_ble_gap.cc(1847)] btm_ble_process_adv_addr: bda=17:7e:29:ab:4e:d0
09-01 14:33:22.061 D/BluetoothUtils( 8588): blockedByLocationOff callingUid=1002
09-01 14:33:22.062 I/BluetoothUtils( 8588): packagename is android.uid.bluetooth:1002 ,and its permission is false
09-01 14:33:22.062 D/BluetoothUtils( 8588): blockedByLocationOff callingUid=1002
09-01 14:33:22.062 I/BluetoothUtils( 8588): packagename is android.uid.bluetooth:1002 ,and its permission is false
09-01 14:33:22.062 D/BluetoothUtils( 8588): blockedByLocationOff callingUid=1002
09-01 14:33:22.062 I/BluetoothUtils( 8588): packagename is android.uid.bluetooth:1002 ,and its permission is false
09-01 14:33:22.076 V/bt_stack( 8588): [VERBOSE1:btm_ble_gap.cc(1923)] btm_ble_process_ext_adv_pkt: bda=4b:2f:6d:75:86:77
09-01 14:33:22.076 V/bt_stack( 8588): [VERBOSE1:btm_ble_gap.cc(1847)] btm_ble_process_adv_addr: bda=4b:2f:6d:75:86:77
09-01 14:33:22.076 V/bt_stack( 8588): [VERBOSE1:btm_ble_gap.cc(2052)]  Waiting for scan response 4b:2f:6d:75:86:77
09-01 14:33:22.076 V/bt_stack( 8588): [VERBOSE1:btm_ble_gap.cc(1923)] btm_ble_process_ext_adv_pkt: bda=0a:29:89:b7:c8:4a
09-01 14:33:22.076 V/bt_stack( 8588): [VERBOSE1:btm_ble_gap.cc(1847)] btm_ble_process_adv_addr: bda=0a:29:89:b7:c8:4a
09-01 14:33:22.078 D/BluetoothUtils( 8588): blockedByLocationOff callingUid=1002
09-01 14:33:22.079 I/BluetoothUtils( 8588): packagename is android.uid.bluetooth:1002 ,and its permission is false
09-01 14:33:22.079 D/BluetoothUtils( 8588): blockedByLocationOff callingUid=1002
09-01 14:33:22.079 I/BluetoothUtils( 8588): packagename is android.uid.bluetooth:1002 ,and its permission is false
09-01 14:33:22.079 D/BluetoothUtils( 8588): blockedByLocationOff callingUid=1002
09-01 14:33:22.079 I/BluetoothUtils( 8588): packagename is android.uid.bluetooth:1002 ,and its permission is false
09-01 14:33:22.090 V/bt_stack( 8588): [VERBOSE1:btm_ble_gap.cc(1923)] btm_ble_process_ext_adv_pkt: bda=36:c9:49:a0:b6:9d
09-01 14:33:22.090 V/bt_stack( 8588): [VERBOSE1:btm_ble_gap.cc(1847)] btm_ble_process_adv_addr: bda=36:c9:49:a0:b6:9d
09-01 14:33:22.092 D/BluetoothUtils( 8588): blockedByLocationOff callingUid=1002
09-01 14:33:22.093 I/BluetoothUtils( 8588): packagename is android.uid.bluetooth:1002 ,and its permission is false
09-01 14:33:22.093 D/BluetoothUtils( 8588): blockedByLocationOff callingUid=1002
09-01 14:33:22.093 I/BluetoothUtils( 8588): packagename is android.uid.bluetooth:1002 ,and its permission is false
09-01 14:33:22.093 D/BluetoothUtils( 8588): blockedByLocationOff callingUid=1002
09-01 14:33:22.093 I/BluetoothUtils( 8588): packagename is android.uid.bluetooth:1002 ,and its permission is false
09-01 14:33:22.096 I/hwservicemanager(  573): getTransport: Cannot find entry android.hardware.graphics.mapper@3.0::IMapper/default in either framework or device manifest.
09-01 14:33:22.097 W/Gralloc3(10638): mapper 3.x is not supported
09-01 14:33:22.107 V/bt_stack( 8588): [VERBOSE1:btm_ble_gap.cc(1923)] btm_ble_process_ext_adv_pkt: bda=58:d0:f0:96:be:49
09-01 14:33:22.107 V/bt_stack( 8588): [VERBOSE1:btm_ble_gap.cc(1847)] btm_ble_process_adv_addr: bda=58:d0:f0:96:be:49
09-01 14:33:22.107 V/bt_stack( 8588): [VERBOSE1:btm_ble_gap.cc(2052)]  Waiting for scan response 58:d0:f0:96:be:49
09-01 14:33:22.107 V/bt_stack( 8588): [VERBOSE1:btm_ble_gap.cc(1923)] btm_ble_process_ext_adv_pkt: bda=6a:1a:31:28:a4:f8
09-01 14:33:22.107 V/bt_stack( 8588): [VERBOSE1:btm_ble_gap.cc(1847)] btm_ble_process_adv_addr: bda=6a:1a:31:28:a4:f8
09-01 14:33:22.100 W/screencap(10638): type=1400 audit(0.0:63939): avc: denied { search } for name="kgsl" dev="sysfs" ino=55624 scontext=u:r:shell:s0 tcontext=u:object_r:sysfs_kgsl:s0 tclass=dir permissive=0
09-01 14:33:22.107 V/bt_stack( 8588): [VERBOSE1:btm_ble_gap.cc(1923)] btm_ble_process_ext_adv_pkt: bda=1c:91:72:ba:f7:2e
09-01 14:33:22.108 V/bt_stack( 8588): [VERBOSE1:btm_ble_gap.cc(1847)] btm_ble_process_adv_addr: bda=1c:91:72:ba:f7:2e
09-01 14:33:22.108 W/AdrenoUtils(10638): <ReadGpuID_from_sysfs:194>: Failed to open /sys/class/kgsl/kgsl-3d0/gpu_model
09-01 14:33:22.108 W/AdrenoUtils(10638): <ReadGpuID:218>: Failed to read chip ID from gpu_model. Fallback to use the GSL path
09-01 14:33:22.108 D/BluetoothUtils( 8588): blockedByLocationOff callingUid=1002
09-01 14:33:22.110 I/BluetoothUtils( 8588): packagename is android.uid.bluetooth:1002 ,and its permission is false
09-01 14:33:22.110 D/BluetoothUtils( 8588): blockedByLocationOff callingUid=1002
09-01 14:33:22.110 I/BluetoothUtils( 8588): packagename is android.uid.bluetooth:1002 ,and its permission is false
09-01 14:33:22.110 D/BluetoothUtils( 8588): blockedByLocationOff callingUid=1002
09-01 14:33:22.111 I/BluetoothUtils( 8588): packagename is android.uid.bluetooth:1002 ,and its permission is false
09-01 14:33:22.112 D/BluetoothUtils( 8588): blockedByLocationOff callingUid=1002
09-01 14:33:22.112 I/BluetoothUtils( 8588): packagename is android.uid.bluetooth:1002 ,and its permission is false
09-01 14:33:22.112 D/BluetoothUtils( 8588): blockedByLocationOff callingUid=1002
09-01 14:33:22.113 I/BluetoothUtils( 8588): packagename is android.uid.bluetooth:1002 ,and its permission is false
09-01 14:33:22.113 D/BluetoothUtils( 8588): blockedByLocationOff callingUid=1002
09-01 14:33:22.113 I/BluetoothUtils( 8588): packagename is android.uid.bluetooth:1002 ,and its permission is false
09-01 14:33:22.116 V/bt_stack( 8588): [VERBOSE1:btm_ble_gap.cc(1923)] btm_ble_process_ext_adv_pkt: bda=06:fa:50:9b:39:c0
09-01 14:33:22.116 V/bt_stack( 8588): [VERBOSE1:btm_ble_gap.cc(1847)] btm_ble_process_adv_addr: bda=06:fa:50:9b:39:c0
09-01 14:33:22.117 D/BluetoothUtils( 8588): blockedByLocationOff callingUid=1002
09-01 14:33:22.117 I/BluetoothUtils( 8588): packagename is android.uid.bluetooth:1002 ,and its permission is false
09-01 14:33:22.118 D/BluetoothUtils( 8588): blockedByLocationOff callingUid=1002
09-01 14:33:22.118 I/BluetoothUtils( 8588): packagename is android.uid.bluetooth:1002 ,and its permission is false
09-01 14:33:22.118 D/BluetoothUtils( 8588): blockedByLocationOff callingUid=1002
09-01 14:33:22.118 I/BluetoothUtils( 8588): packagename is android.uid.bluetooth:1002 ,and its permission is false
09-01 14:33:22.121 V/bt_stack( 8588): [VERBOSE1:btm_ble_gap.cc(1923)] btm_ble_process_ext_adv_pkt: bda=24:65:c8:81:ba:6f
09-01 14:33:22.121 V/bt_stack( 8588): [VERBOSE1:btm_ble_gap.cc(1847)] btm_ble_process_adv_addr: bda=24:65:c8:81:ba:6f
09-01 14:33:22.122 D/BluetoothUtils( 8588): blockedByLocationOff callingUid=1002
09-01 14:33:22.122 I/BluetoothUtils( 8588): packagename is android.uid.bluetooth:1002 ,and its permission is false
09-01 14:33:22.122 D/BluetoothUtils( 8588): blockedByLocationOff callingUid=1002
09-01 14:33:22.122 I/BluetoothUtils( 8588): packagename is android.uid.bluetooth:1002 ,and its permission is false
09-01 14:33:22.123 D/BluetoothUtils( 8588): blockedByLocationOff callingUid=1002
09-01 14:33:22.123 I/BluetoothUtils( 8588): packagename is android.uid.bluetooth:1002 ,and its permission is false
09-01 14:33:22.127 V/bt_stack( 8588): [VERBOSE1:btm_ble_gap.cc(1923)] btm_ble_process_ext_adv_pkt: bda=53:f2:a2:69:23:e6
09-01 14:33:22.127 V/bt_stack( 8588): [VERBOSE1:btm_ble_gap.cc(1847)] btm_ble_process_adv_addr: bda=53:f2:a2:69:23:e6
09-01 14:33:22.128 D/BluetoothUtils( 8588): blockedByLocationOff callingUid=1002
09-01 14:33:22.129 I/BluetoothUtils( 8588): packagename is android.uid.bluetooth:1002 ,and its permission is false
09-01 14:33:22.129 D/BluetoothUtils( 8588): blockedByLocationOff callingUid=1002
09-01 14:33:22.129 I/BluetoothUtils( 8588): packagename is android.uid.bluetooth:1002 ,and its permission is false
09-01 14:33:22.129 D/BluetoothUtils( 8588): blockedByLocationOff callingUid=1002
09-01 14:33:22.129 I/BluetoothUtils( 8588): packagename is android.uid.bluetooth:1002 ,and its permission is false
09-01 14:33:22.133 V/bt_stack( 8588): [VERBOSE1:btm_ble_gap.cc(1923)] btm_ble_process_ext_adv_pkt: bda=65:4b:eb:fb:21:09
09-01 14:33:22.133 V/bt_stack( 8588): [VERBOSE1:btm_ble_gap.cc(1847)] btm_ble_process_adv_addr: bda=65:4b:eb:fb:21:09
09-01 14:33:22.134 D/BluetoothUtils( 8588): blockedByLocationOff callingUid=1002
09-01 14:33:22.134 I/BluetoothUtils( 8588): packagename is android.uid.bluetooth:1002 ,and its permission is false
09-01 14:33:22.135 D/BluetoothUtils( 8588): blockedByLocationOff callingUid=1002
09-01 14:33:22.135 I/BluetoothUtils( 8588): packagename is android.uid.bluetooth:1002 ,and its permission is false
09-01 14:33:22.135 D/BluetoothUtils( 8588): blockedByLocationOff callingUid=1002
09-01 14:33:22.135 I/BluetoothUtils( 8588): packagename is android.uid.bluetooth:1002 ,and its permission is false
09-01 14:33:22.154 V/bt_stack( 8588): [VERBOSE1:btm_ble_gap.cc(1923)] btm_ble_process_ext_adv_pkt: bda=a4:83:e7:b7:8d:a9
09-01 14:33:22.154 V/bt_stack( 8588): [VERBOSE1:btm_ble_gap.cc(1847)] btm_ble_process_adv_addr: bda=a4:83:e7:b7:8d:a9
09-01 14:33:22.154 V/bt_stack( 8588): [VERBOSE1:btm_ble_gap.cc(2052)]  Waiting for scan response a4:83:e7:b7:8d:a9
09-01 14:33:22.154 V/bt_stack( 8588): [VERBOSE1:btm_ble_gap.cc(1923)] btm_ble_process_ext_adv_pkt: bda=66:3e:07:e0:2b:d4
09-01 14:33:22.154 V/bt_stack( 8588): [VERBOSE1:btm_ble_gap.cc(1847)] btm_ble_process_adv_addr: bda=66:3e:07:e0:2b:d4
09-01 14:33:22.154 V/bt_stack( 8588): [VERBOSE1:btm_ble_gap.cc(2052)]  Waiting for scan response 66:3e:07:e0:2b:d4
09-01 14:33:22.154 V/bt_stack( 8588): [VERBOSE1:btm_ble_gap.cc(1923)] btm_ble_process_ext_adv_pkt: bda=66:3e:07:e0:2b:d4
09-01 14:33:22.154 V/bt_stack( 8588): [VERBOSE1:btm_ble_gap.cc(1847)] btm_ble_process_adv_addr: bda=66:3e:07:e0:2b:d4
09-01 14:33:22.155 D/BluetoothUtils( 8588): blockedByLocationOff callingUid=1002
09-01 14:33:22.155 I/BluetoothUtils( 8588): packagename is android.uid.bluetooth:1002 ,and its permission is false
09-01 14:33:22.155 D/BluetoothUtils( 8588): blockedByLocationOff callingUid=1002
09-01 14:33:22.156 I/BluetoothUtils( 8588): packagename is android.uid.bluetooth:1002 ,and its permission is false
09-01 14:33:22.156 D/BluetoothUtils( 8588): blockedByLocationOff callingUid=1002
09-01 14:33:22.156 I/BluetoothUtils( 8588): packagename is android.uid.bluetooth:1002 ,and its permission is false
09-01 14:33:22.167 V/bt_stack( 8588): [VERBOSE1:btm_ble_gap.cc(1923)] btm_ble_process_ext_adv_pkt: bda=44:ca:73:cc:df:42
09-01 14:33:22.167 V/bt_stack( 8588): [VERBOSE1:btm_ble_gap.cc(1847)] btm_ble_process_adv_addr: bda=44:ca:73:cc:df:42
09-01 14:33:22.167 V/bt_stack( 8588): [VERBOSE1:btm_ble_gap.cc(2052)]  Waiting for scan response 44:ca:73:cc:df:42
09-01 14:33:22.167 V/bt_stack( 8588): [VERBOSE1:btm_ble_gap.cc(1923)] btm_ble_process_ext_adv_pkt: bda=44:ca:73:cc:df:42
09-01 14:33:22.167 V/bt_stack( 8588): [VERBOSE1:btm_ble_gap.cc(1847)] btm_ble_process_adv_addr: bda=44:ca:73:cc:df:42
09-01 14:33:22.168 D/BluetoothUtils( 8588): blockedByLocationOff callingUid=1002
09-01 14:33:22.169 I/BluetoothUtils( 8588): packagename is android.uid.bluetooth:1002 ,and its permission is false
09-01 14:33:22.169 D/BluetoothUtils( 8588): blockedByLocationOff callingUid=1002
09-01 14:33:22.169 I/BluetoothUtils( 8588): packagename is android.uid.bluetooth:1002 ,and its permission is false
09-01 14:33:22.169 D/BluetoothUtils( 8588): blockedByLocationOff callingUid=1002
09-01 14:33:22.169 I/BluetoothUtils( 8588): packagename is android.uid.bluetooth:1002 ,and its permission is false
09-01 14:33:22.175 V/bt_stack( 8588): [VERBOSE1:btm_ble_gap.cc(1923)] btm_ble_process_ext_adv_pkt: bda=07:e4:7f:b4:5f:d9
09-01 14:33:22.176 V/bt_stack( 8588): [VERBOSE1:btm_ble_gap.cc(1847)] btm_ble_process_adv_addr: bda=07:e4:7f:b4:5f:d9
09-01 14:33:22.177 V/bt_stack( 8588): [VERBOSE1:btm_ble_gap.cc(1923)] btm_ble_process_ext_adv_pkt: bda=2a:1b:52:ac:62:5d
09-01 14:33:22.177 V/bt_stack( 8588): [VERBOSE1:btm_ble_gap.cc(1847)] btm_ble_process_adv_addr: bda=2a:1b:52:ac:62:5d
09-01 14:33:22.177 D/BluetoothUtils( 8588): blockedByLocationOff callingUid=1002
09-01 14:33:22.177 I/BluetoothUtils( 8588): packagename is android.uid.bluetooth:1002 ,and its permission is false
09-01 14:33:22.178 D/BluetoothUtils( 8588): blockedByLocationOff callingUid=1002
09-01 14:33:22.178 I/BluetoothUtils( 8588): packagename is android.uid.bluetooth:1002 ,and its permission is false
09-01 14:33:22.178 D/BluetoothUtils( 8588): blockedByLocationOff callingUid=1002
09-01 14:33:22.178 I/BluetoothUtils( 8588): packagename is android.uid.bluetooth:1002 ,and its permission is false
09-01 14:33:22.179 D/BluetoothUtils( 8588): blockedByLocationOff callingUid=1002
09-01 14:33:22.180 I/BluetoothUtils( 8588): packagename is android.uid.bluetooth:1002 ,and its permission is false
09-01 14:33:22.180 D/BluetoothUtils( 8588): blockedByLocationOff callingUid=1002
09-01 14:33:22.180 I/BluetoothUtils( 8588): packagename is android.uid.bluetooth:1002 ,and its permission is false
09-01 14:33:22.180 D/BluetoothUtils( 8588): blockedByLocationOff callingUid=1002
09-01 14:33:22.181 I/BluetoothUtils( 8588): packagename is android.uid.bluetooth:1002 ,and its permission is false
09-01 14:33:22.186 V/bt_stack( 8588): [VERBOSE1:btm_ble_gap.cc(1923)] btm_ble_process_ext_adv_pkt: bda=c7:9e:cc:49:b0:5d
09-01 14:33:22.186 V/bt_stack( 8588): [VERBOSE1:btm_ble_gap.cc(1847)] btm_ble_process_adv_addr: bda=c7:9e:cc:49:b0:5d
09-01 14:33:22.187 V/bt_stack( 8588): [VERBOSE1:btm_ble_gap.cc(2052)]  Waiting for scan response c7:9e:cc:49:b0:5d
09-01 14:33:22.187 V/bt_stack( 8588): [VERBOSE1:btm_ble_gap.cc(1923)] btm_ble_process_ext_adv_pkt: bda=c7:9e:cc:49:b0:5d
09-01 14:33:22.187 V/bt_stack( 8588): [VERBOSE1:btm_ble_gap.cc(1847)] btm_ble_process_adv_addr: bda=c7:9e:cc:49:b0:5d
09-01 14:33:22.188 D/BluetoothUtils( 8588): blockedByLocationOff callingUid=1002
09-01 14:33:22.188 I/BluetoothUtils( 8588): packagename is android.uid.bluetooth:1002 ,and its permission is false
09-01 14:33:22.188 D/BluetoothUtils( 8588): blockedByLocationOff callingUid=1002
09-01 14:33:22.189 I/BluetoothUtils( 8588): packagename is android.uid.bluetooth:1002 ,and its permission is false
09-01 14:33:22.189 D/BluetoothUtils( 8588): blockedByLocationOff callingUid=1002
09-01 14:33:22.189 I/BluetoothUtils( 8588): packagename is android.uid.bluetooth:1002 ,and its permission is false
09-01 14:33:22.190 V/bt_stack( 8588): [VERBOSE1:btm_ble_gap.cc(1923)] btm_ble_process_ext_adv_pkt: bda=36:c9:49:a0:b6:9d
09-01 14:33:22.190 V/bt_stack( 8588): [VERBOSE1:btm_ble_gap.cc(1847)] btm_ble_process_adv_addr: bda=36:c9:49:a0:b6:9d
09-01 14:33:22.192 D/BluetoothUtils( 8588): blockedByLocationOff callingUid=1002
09-01 14:33:22.192 I/BluetoothUtils( 8588): packagename is android.uid.bluetooth:1002 ,and its permission is false
09-01 14:33:22.192 D/BluetoothUtils( 8588): blockedByLocationOff callingUid=1002
09-01 14:33:22.193 I/BluetoothUtils( 8588): packagename is android.uid.bluetooth:1002 ,and its permission is false
09-01 14:33:22.193 D/BluetoothUtils( 8588): blockedByLocationOff callingUid=1002
09-01 14:33:22.193 I/BluetoothUtils( 8588): packagename is android.uid.bluetooth:1002 ,and its permission is false
09-01 14:33:22.201 V/bt_stack( 8588): [VERBOSE1:btm_ble_gap.cc(1923)] btm_ble_process_ext_adv_pkt: bda=0c:39:e9:d5:de:20
09-01 14:33:22.201 V/bt_stack( 8588): [VERBOSE1:btm_ble_gap.cc(1847)] btm_ble_process_adv_addr: bda=0c:39:e9:d5:de:20
09-01 14:33:22.202 D/BluetoothUtils( 8588): blockedByLocationOff callingUid=1002
09-01 14:33:22.203 I/BluetoothUtils( 8588): packagename is android.uid.bluetooth:1002 ,and its permission is false
09-01 14:33:22.203 D/BluetoothUtils( 8588): blockedByLocationOff callingUid=1002
09-01 14:33:22.203 I/BluetoothUtils( 8588): packagename is android.uid.bluetooth:1002 ,and its permission is false
09-01 14:33:22.203 D/BluetoothUtils( 8588): blockedByLocationOff callingUid=1002
09-01 14:33:22.203 I/BluetoothUtils( 8588): packagename is android.uid.bluetooth:1002 ,and its permission is false
09-01 14:33:22.210 V/bt_stack( 8588): [VERBOSE1:btm_ble_gap.cc(1923)] btm_ble_process_ext_adv_pkt: bda=1c:91:72:ba:f7:2e
09-01 14:33:22.210 V/bt_stack( 8588): [VERBOSE1:btm_ble_gap.cc(1847)] btm_ble_process_adv_addr: bda=1c:91:72:ba:f7:2e
09-01 14:33:22.211 D/BluetoothUtils( 8588): blockedByLocationOff callingUid=1002
09-01 14:33:22.211 V/bt_stack( 8588): [VERBOSE1:btm_ble_gap.cc(1923)] btm_ble_process_ext_adv_pkt: bda=38:f9:d3:45:87:1e
09-01 14:33:22.211 V/bt_stack( 8588): [VERBOSE1:btm_ble_gap.cc(1847)] btm_ble_process_adv_addr: bda=38:f9:d3:45:87:1e
09-01 14:33:22.211 V/bt_stack( 8588): [VERBOSE1:btm_ble_gap.cc(2052)]  Waiting for scan response 38:f9:d3:45:87:1e
09-01 14:33:22.211 V/bt_stack( 8588): [VERBOSE1:btm_ble_gap.cc(1923)] btm_ble_process_ext_adv_pkt: bda=38:f9:d3:45:87:1e
09-01 14:33:22.211 V/bt_stack( 8588): [VERBOSE1:btm_ble_gap.cc(1847)] btm_ble_process_adv_addr: bda=38:f9:d3:45:87:1e
09-01 14:33:22.211 I/BluetoothUtils( 8588): packagename is android.uid.bluetooth:1002 ,and its permission is false
09-01 14:33:22.211 D/BluetoothUtils( 8588): blockedByLocationOff callingUid=1002
09-01 14:33:22.212 I/BluetoothUtils( 8588): packagename is android.uid.bluetooth:1002 ,and its permission is false
09-01 14:33:22.212 D/BluetoothUtils( 8588): blockedByLocationOff callingUid=1002
09-01 14:33:22.212 I/BluetoothUtils( 8588): packagename is android.uid.bluetooth:1002 ,and its permission is false
09-01 14:33:22.213 D/BluetoothUtils( 8588): blockedByLocationOff callingUid=1002
09-01 14:33:22.213 I/BluetoothUtils( 8588): packagename is android.uid.bluetooth:1002 ,and its permission is false
09-01 14:33:22.213 D/BluetoothUtils( 8588): blockedByLocationOff callingUid=1002
09-01 14:33:22.213 I/BluetoothUtils( 8588): packagename is android.uid.bluetooth:1002 ,and its permission is false
09-01 14:33:22.213 D/BluetoothUtils( 8588): blockedByLocationOff callingUid=1002
09-01 14:33:22.214 I/BluetoothUtils( 8588): packagename is android.uid.bluetooth:1002 ,and its permission is false
09-01 14:33:22.214 V/bt_stack( 8588): [VERBOSE1:btm_ble_gap.cc(1923)] btm_ble_process_ext_adv_pkt: bda=56:e4:da:79:d5:88
09-01 14:33:22.214 V/bt_stack( 8588): [VERBOSE1:btm_ble_gap.cc(1847)] btm_ble_process_adv_addr: bda=56:e4:da:79:d5:88
09-01 14:33:22.214 V/bt_stack( 8588): [VERBOSE1:btm_ble_gap.cc(2052)]  Waiting for scan response 56:e4:da:79:d5:88
09-01 14:33:22.214 V/bt_stack( 8588): [VERBOSE1:btm_ble_gap.cc(1923)] btm_ble_process_ext_adv_pkt: bda=56:e4:da:79:d5:88
09-01 14:33:22.214 V/bt_stack( 8588): [VERBOSE1:btm_ble_gap.cc(1847)] btm_ble_process_adv_addr: bda=56:e4:da:79:d5:88
09-01 14:33:22.215 D/BluetoothUtils( 8588): blockedByLocationOff callingUid=1002
09-01 14:33:22.216 I/BluetoothUtils( 8588): packagename is android.uid.bluetooth:1002 ,and its permission is false
09-01 14:33:22.216 D/BluetoothUtils( 8588): blockedByLocationOff callingUid=1002
09-01 14:33:22.216 I/BluetoothUtils( 8588): packagename is android.uid.bluetooth:1002 ,and its permission is false
09-01 14:33:22.216 D/BluetoothUtils( 8588): blockedByLocationOff callingUid=1002
09-01 14:33:22.216 I/BluetoothUtils( 8588): packagename is android.uid.bluetooth:1002 ,and its permission is false
09-01 14:33:22.228 V/bt_stack( 8588): [VERBOSE1:btm_ble_gap.cc(1923)] btm_ble_process_ext_adv_pkt: bda=53:f2:a2:69:23:e6
09-01 14:33:22.228 V/bt_stack( 8588): [VERBOSE1:btm_ble_gap.cc(1847)] btm_ble_process_adv_addr: bda=53:f2:a2:69:23:e6
09-01 14:33:22.229 D/BluetoothUtils( 8588): blockedByLocationOff callingUid=1002
09-01 14:33:22.229 I/BluetoothUtils( 8588): packagename is android.uid.bluetooth:1002 ,and its permission is false
09-01 14:33:22.230 D/BluetoothUtils( 8588): blockedByLocationOff callingUid=1002
09-01 14:33:22.230 I/BluetoothUtils( 8588): packagename is android.uid.bluetooth:1002 ,and its permission is false
09-01 14:33:22.230 D/BluetoothUtils( 8588): blockedByLocationOff callingUid=1002
09-01 14:33:22.230 I/BluetoothUtils( 8588): packagename is android.uid.bluetooth:1002 ,and its permission is false
09-01 14:33:22.247 V/bt_stack( 8588): [VERBOSE1:btm_ble_gap.cc(1923)] btm_ble_process_ext_adv_pkt: bda=66:db:a5:b4:54:91
09-01 14:33:22.247 V/bt_stack( 8588): [VERBOSE1:btm_ble_gap.cc(1847)] btm_ble_process_adv_addr: bda=66:db:a5:b4:54:91
09-01 14:33:22.247 V/bt_stack( 8588): [VERBOSE1:btm_ble_gap.cc(2052)]  Waiting for scan response 66:db:a5:b4:54:91
09-01 14:33:22.247 V/bt_stack( 8588): [VERBOSE1:btm_ble_gap.cc(1923)] btm_ble_process_ext_adv_pkt: bda=01:f5:30:c0:9b:7a
09-01 14:33:22.247 V/bt_stack( 8588): [VERBOSE1:btm_ble_gap.cc(1847)] btm_ble_process_adv_addr: bda=01:f5:30:c0:9b:7a
09-01 14:33:22.249 D/BluetoothUtils( 8588): blockedByLocationOff callingUid=1002
09-01 14:33:22.249 I/BluetoothUtils( 8588): packagename is android.uid.bluetooth:1002 ,and its permission is false
09-01 14:33:22.249 D/BluetoothUtils( 8588): blockedByLocationOff callingUid=1002
09-01 14:33:22.250 I/BluetoothUtils( 8588): packagename is android.uid.bluetooth:1002 ,and its permission is false
09-01 14:33:22.250 D/BluetoothUtils( 8588): blockedByLocationOff callingUid=1002
09-01 14:33:22.250 V/bt_stack( 8588): [VERBOSE1:btm_ble_gap.cc(1923)] btm_ble_process_ext_adv_pkt: bda=04:71:24:a7:6f:1c
09-01 14:33:22.250 V/bt_stack( 8588): [VERBOSE1:btm_ble_gap.cc(1847)] btm_ble_process_adv_addr: bda=04:71:24:a7:6f:1c
09-01 14:33:22.250 I/BluetoothUtils( 8588): packagename is android.uid.bluetooth:1002 ,and its permission is false
09-01 14:33:22.251 D/BluetoothUtils( 8588): blockedByLocationOff callingUid=1002
09-01 14:33:22.251 I/BluetoothUtils( 8588): packagename is android.uid.bluetooth:1002 ,and its permission is false
09-01 14:33:22.251 D/BluetoothUtils( 8588): blockedByLocationOff callingUid=1002
09-01 14:33:22.252 I/BluetoothUtils( 8588): packagename is android.uid.bluetooth:1002 ,and its permission is false
09-01 14:33:22.252 D/BluetoothUtils( 8588): blockedByLocationOff callingUid=1002
09-01 14:33:22.252 I/BluetoothUtils( 8588): packagename is android.uid.bluetooth:1002 ,and its permission is false
09-01 14:33:22.255 V/bt_stack( 8588): [VERBOSE1:btm_ble_gap.cc(1923)] btm_ble_process_ext_adv_pkt: bda=0b:95:8c:38:8d:43
09-01 14:33:22.255 V/bt_stack( 8588): [VERBOSE1:btm_ble_gap.cc(1847)] btm_ble_process_adv_addr: bda=0b:95:8c:38:8d:43
09-01 14:33:22.256 D/BluetoothUtils( 8588): blockedByLocationOff callingUid=1002
09-01 14:33:22.256 I/BluetoothUtils( 8588): packagename is android.uid.bluetooth:1002 ,and its permission is false
09-01 14:33:22.257 D/BluetoothUtils( 8588): blockedByLocationOff callingUid=1002
09-01 14:33:22.257 I/BluetoothUtils( 8588): packagename is android.uid.bluetooth:1002 ,and its permission is false
09-01 14:33:22.257 D/BluetoothUtils( 8588): blockedByLocationOff callingUid=1002
09-01 14:33:22.257 I/BluetoothUtils( 8588): packagename is android.uid.bluetooth:1002 ,and its permission is false
09-01 14:33:22.261 V/bt_stack( 8588): [VERBOSE1:btm_ble_gap.cc(1923)] btm_ble_process_ext_adv_pkt: bda=17:7e:29:ab:4e:d0
09-01 14:33:22.261 V/bt_stack( 8588): [VERBOSE1:btm_ble_gap.cc(1847)] btm_ble_process_adv_addr: bda=17:7e:29:ab:4e:d0
09-01 14:33:22.262 D/BluetoothUtils( 8588): blockedByLocationOff callingUid=1002
09-01 14:33:22.263 I/BluetoothUtils( 8588): packagename is android.uid.bluetooth:1002 ,and its permission is false
09-01 14:33:22.263 D/BluetoothUtils( 8588): blockedByLocationOff callingUid=1002
09-01 14:33:22.263 I/BluetoothUtils( 8588): packagename is android.uid.bluetooth:1002 ,and its permission is false
09-01 14:33:22.263 D/BluetoothUtils( 8588): blockedByLocationOff callingUid=1002
09-01 14:33:22.263 I/BluetoothUtils( 8588): packagename is android.uid.bluetooth:1002 ,and its permission is false
09-01 14:33:22.271 V/bt_stack( 8588): [VERBOSE1:btm_ble_gap.cc(1923)] btm_ble_process_ext_adv_pkt: bda=2d:8f:df:c2:a9:d4
09-01 14:33:22.271 V/bt_stack( 8588): [VERBOSE1:btm_ble_gap.cc(1847)] btm_ble_process_adv_addr: bda=2d:8f:df:c2:a9:d4
09-01 14:33:22.272 D/BluetoothUtils( 8588): blockedByLocationOff callingUid=1002
09-01 14:33:22.273 I/BluetoothUtils( 8588): packagename is android.uid.bluetooth:1002 ,and its permission is false
09-01 14:33:22.273 D/BluetoothUtils( 8588): blockedByLocationOff callingUid=1002
09-01 14:33:22.273 I/BluetoothUtils( 8588): packagename is android.uid.bluetooth:1002 ,and its permission is false
09-01 14:33:22.273 D/BluetoothUtils( 8588): blockedByLocationOff callingUid=1002
09-01 14:33:22.274 I/BluetoothUtils( 8588): packagename is android.uid.bluetooth:1002 ,and its permission is false
09-01 14:33:22.287 V/bt_stack( 8588): [VERBOSE1:btm_ble_gap.cc(1923)] btm_ble_process_ext_adv_pkt: bda=77:60:99:3a:74:d9
09-01 14:33:22.287 V/bt_stack( 8588): [VERBOSE1:btm_ble_gap.cc(1847)] btm_ble_process_adv_addr: bda=77:60:99:3a:74:d9
09-01 14:33:22.288 V/bt_stack( 8588): [VERBOSE1:btm_ble_gap.cc(2052)]  Waiting for scan response 77:60:99:3a:74:d9
09-01 14:33:22.288 V/bt_stack( 8588): [VERBOSE1:btm_ble_gap.cc(1923)] btm_ble_process_ext_adv_pkt: bda=1b:39:55:3e:e3:6c
09-01 14:33:22.288 V/bt_stack( 8588): [VERBOSE1:btm_ble_gap.cc(1847)] btm_ble_process_adv_addr: bda=1b:39:55:3e:e3:6c
09-01 14:33:22.289 D/BluetoothUtils( 8588): blockedByLocationOff callingUid=1002
09-01 14:33:22.289 V/bt_stack( 8588): [VERBOSE1:btm_ble_gap.cc(1923)] btm_ble_process_ext_adv_pkt: bda=0a:29:89:b7:c8:4a
09-01 14:33:22.289 I/BluetoothUtils( 8588): packagename is android.uid.bluetooth:1002 ,and its permission is false
09-01 14:33:22.289 V/bt_stack( 8588): [VERBOSE1:btm_ble_gap.cc(1847)] btm_ble_process_adv_addr: bda=0a:29:89:b7:c8:4a
09-01 14:33:22.290 D/BluetoothUtils( 8588): blockedByLocationOff callingUid=1002
09-01 14:33:22.290 I/BluetoothUtils( 8588): packagename is android.uid.bluetooth:1002 ,and its permission is false
09-01 14:33:22.290 D/BluetoothUtils( 8588): blockedByLocationOff callingUid=1002
09-01 14:33:22.290 I/BluetoothUtils( 8588): packagename is android.uid.bluetooth:1002 ,and its permission is false
09-01 14:33:22.291 D/BluetoothUtils( 8588): blockedByLocationOff callingUid=1002
09-01 14:33:22.291 I/BluetoothUtils( 8588): packagename is android.uid.bluetooth:1002 ,and its permission is false
09-01 14:33:22.291 D/BluetoothUtils( 8588): blockedByLocationOff callingUid=1002
09-01 14:33:22.292 I/BluetoothUtils( 8588): packagename is android.uid.bluetooth:1002 ,and its permission is false
09-01 14:33:22.292 V/bt_stack( 8588): [VERBOSE1:btm_ble_gap.cc(1923)] btm_ble_process_ext_adv_pkt: bda=36:c9:49:a0:b6:9d
09-01 14:33:22.292 V/bt_stack( 8588): [VERBOSE1:btm_ble_gap.cc(1847)] btm_ble_process_adv_addr: bda=36:c9:49:a0:b6:9d
09-01 14:33:22.292 D/BluetoothUtils( 8588): blockedByLocationOff callingUid=1002
09-01 14:33:22.292 I/BluetoothUtils( 8588): packagename is android.uid.bluetooth:1002 ,and its permission is false
09-01 14:33:22.293 D/BluetoothUtils( 8588): blockedByLocationOff callingUid=1002
09-01 14:33:22.293 I/BluetoothUtils( 8588): packagename is android.uid.bluetooth:1002 ,and its permission is false
09-01 14:33:22.293 D/BluetoothUtils( 8588): blockedByLocationOff callingUid=1002
09-01 14:33:22.293 I/BluetoothUtils( 8588): packagename is android.uid.bluetooth:1002 ,and its permission is false
09-01 14:33:22.294 D/BluetoothUtils( 8588): blockedByLocationOff callingUid=1002
09-01 14:33:22.294 I/BluetoothUtils( 8588): packagename is android.uid.bluetooth:1002 ,and its permission is false
09-01 14:33:22.312 V/bt_stack( 8588): [VERBOSE1:btm_ble_gap.cc(1923)] btm_ble_process_ext_adv_pkt: bda=7b:37:7f:df:22:35
09-01 14:33:22.312 V/bt_stack( 8588): [VERBOSE1:btm_ble_gap.cc(1847)] btm_ble_process_adv_addr: bda=7b:37:7f:df:22:35
09-01 14:33:22.312 V/bt_stack( 8588): [VERBOSE1:btm_ble_gap.cc(2052)]  Waiting for scan response 7b:37:7f:df:22:35
09-01 14:33:22.312 V/bt_stack( 8588): [VERBOSE1:btm_ble_gap.cc(1923)] btm_ble_process_ext_adv_pkt: bda=1c:91:72:ba:f7:2e
09-01 14:33:22.312 V/bt_stack( 8588): [VERBOSE1:btm_ble_gap.cc(1847)] btm_ble_process_adv_addr: bda=1c:91:72:ba:f7:2e
09-01 14:33:22.313 D/BluetoothUtils( 8588): blockedByLocationOff callingUid=1002
09-01 14:33:22.314 I/BluetoothUtils( 8588): packagename is android.uid.bluetooth:1002 ,and its permission is false
09-01 14:33:22.314 D/BluetoothUtils( 8588): blockedByLocationOff callingUid=1002
09-01 14:33:22.314 I/BluetoothUtils( 8588): packagename is android.uid.bluetooth:1002 ,and its permission is false
09-01 14:33:22.315 D/BluetoothUtils( 8588): blockedByLocationOff callingUid=1002
09-01 14:33:22.315 I/BluetoothUtils( 8588): packagename is android.uid.bluetooth:1002 ,and its permission is false
09-01 14:33:22.315 V/bt_stack( 8588): [VERBOSE1:btm_ble_gap.cc(1923)] btm_ble_process_ext_adv_pkt: bda=17:be:83:99:5a:17
09-01 14:33:22.315 V/bt_stack( 8588): [VERBOSE1:btm_ble_gap.cc(1847)] btm_ble_process_adv_addr: bda=17:be:83:99:5a:17
09-01 14:33:22.316 D/BluetoothUtils( 8588): blockedByLocationOff callingUid=1002
09-01 14:33:22.316 I/BluetoothUtils( 8588): packagename is android.uid.bluetooth:1002 ,and its permission is false
09-01 14:33:22.317 D/BluetoothUtils( 8588): blockedByLocationOff callingUid=1002
09-01 14:33:22.317 I/BluetoothUtils( 8588): packagename is android.uid.bluetooth:1002 ,and its permission is false
09-01 14:33:22.317 D/BluetoothUtils( 8588): blockedByLocationOff callingUid=1002
09-01 14:33:22.317 I/BluetoothUtils( 8588): packagename is android.uid.bluetooth:1002 ,and its permission is false
09-01 14:33:22.319 V/bt_stack( 8588): [VERBOSE1:btm_ble_gap.cc(1923)] btm_ble_process_ext_adv_pkt: bda=5b:ac:e3:62:1e:4e
09-01 14:33:22.319 V/bt_stack( 8588): [VERBOSE1:btm_ble_gap.cc(1847)] btm_ble_process_adv_addr: bda=5b:ac:e3:62:1e:4e
09-01 14:33:22.321 D/BluetoothUtils( 8588): blockedByLocationOff callingUid=1002
09-01 14:33:22.321 I/BluetoothUtils( 8588): packagename is android.uid.bluetooth:1002 ,and its permission is false
09-01 14:33:22.321 D/BluetoothUtils( 8588): blockedByLocationOff callingUid=1002
09-01 14:33:22.321 I/BluetoothUtils( 8588): packagename is android.uid.bluetooth:1002 ,and its permission is false
09-01 14:33:22.321 D/BluetoothUtils( 8588): blockedByLocationOff callingUid=1002
09-01 14:33:22.322 I/BluetoothUtils( 8588): packagename is android.uid.bluetooth:1002 ,and its permission is false
09-01 14:33:22.333 V/bt_stack( 8588): [VERBOSE1:btm_ble_gap.cc(1923)] btm_ble_process_ext_adv_pkt: bda=3b:30:35:17:9e:fe
09-01 14:33:22.333 V/bt_stack( 8588): [VERBOSE1:btm_ble_gap.cc(1847)] btm_ble_process_adv_addr: bda=3b:30:35:17:9e:fe
09-01 14:33:22.334 D/BluetoothUtils( 8588): blockedByLocationOff callingUid=1002
09-01 14:33:22.335 I/BluetoothUtils( 8588): packagename is android.uid.bluetooth:1002 ,and its permission is false
09-01 14:33:22.335 D/BluetoothUtils( 8588): blockedByLocationOff callingUid=1002
09-01 14:33:22.335 V/bt_stack( 8588): [VERBOSE1:btm_ble_gap.cc(1923)] btm_ble_process_ext_adv_pkt: bda=53:f2:a2:69:23:e6
09-01 14:33:22.335 V/bt_stack( 8588): [VERBOSE1:btm_ble_gap.cc(1847)] btm_ble_process_adv_addr: bda=53:f2:a2:69:23:e6
09-01 14:33:22.335 I/BluetoothUtils( 8588): packagename is android.uid.bluetooth:1002 ,and its permission is false
09-01 14:33:22.335 D/BluetoothUtils( 8588): blockedByLocationOff callingUid=1002
09-01 14:33:22.336 I/BluetoothUtils( 8588): packagename is android.uid.bluetooth:1002 ,and its permission is false
09-01 14:33:22.336 D/BluetoothUtils( 8588): blockedByLocationOff callingUid=1002
09-01 14:33:22.337 I/BluetoothUtils( 8588): packagename is android.uid.bluetooth:1002 ,and its permission is false
09-01 14:33:22.337 D/BluetoothUtils( 8588): blockedByLocationOff callingUid=1002
09-01 14:33:22.337 I/BluetoothUtils( 8588): packagename is android.uid.bluetooth:1002 ,and its permission is false
09-01 14:33:22.337 D/BluetoothUtils( 8588): blockedByLocationOff callingUid=1002
09-01 14:33:22.337 I/BluetoothUtils( 8588): packagename is android.uid.bluetooth:1002 ,and its permission is false
09-01 14:33:22.338 V/bt_stack( 8588): [VERBOSE1:btm_ble_gap.cc(1923)] btm_ble_process_ext_adv_pkt: bda=66:3e:07:e0:2b:d4
09-01 14:33:22.338 V/bt_stack( 8588): [VERBOSE1:btm_ble_gap.cc(1847)] btm_ble_process_adv_addr: bda=66:3e:07:e0:2b:d4
09-01 14:33:22.338 V/bt_stack( 8588): [VERBOSE1:btm_ble_gap.cc(2052)]  Waiting for scan response 66:3e:07:e0:2b:d4
09-01 14:33:22.338 V/bt_stack( 8588): [VERBOSE1:btm_ble_gap.cc(1923)] btm_ble_process_ext_adv_pkt: bda=66:3e:07:e0:2b:d4
09-01 14:33:22.338 V/bt_stack( 8588): [VERBOSE1:btm_ble_gap.cc(1847)] btm_ble_process_adv_addr: bda=66:3e:07:e0:2b:d4
09-01 14:33:22.339 D/BluetoothUtils( 8588): blockedByLocationOff callingUid=1002
09-01 14:33:22.340 I/BluetoothUtils( 8588): packagename is android.uid.bluetooth:1002 ,and its permission is false
09-01 14:33:22.340 D/BluetoothUtils( 8588): blockedByLocationOff callingUid=1002
09-01 14:33:22.340 I/BluetoothUtils( 8588): packagename is android.uid.bluetooth:1002 ,and its permission is false
09-01 14:33:22.340 D/BluetoothUtils( 8588): blockedByLocationOff callingUid=1002
09-01 14:33:22.341 I/BluetoothUtils( 8588): packagename is android.uid.bluetooth:1002 ,and its permission is false
09-01 14:33:22.362 I/appium  (10226): AppiumResponse: {"sessionId":"3b8c72a3-7a5f-4eee-8121-946476795ec0","value":"iVBORw0KGgoAAAANSUhEUgAABDgAAAkkCAYAAAD508+vAAAAAXNSR0IArs4c6QAAAARzQklUCAgI\nCHwIZIgAACAASURBVHic7N13fFv1vT\/+1zk6WpY1bHnF2QlZZJKQCQGSEEICCSNQVhktbWmB3ksp\nLbftve3v3q7b2w2lFFq+QFtmGSFhhZlABmQnZA9Ctrcty5YsSzrn98fRkXQs2ZYteUh5PR8PiH2k\nc...
09-01 14:33:22.364 V/bt_stack( 8588): [VERBOSE1:btm_ble_gap.cc(1923)] btm_ble_process_ext_adv_pkt: bda=a4:83:e7:b7:8d:a9
09-01 14:33:22.364 V/bt_stack( 8588): [VERBOSE1:btm_ble_gap.cc(1847)] btm_ble_process_adv_addr: bda=a4:83:e7:b7:8d:a9
09-01 14:33:22.364 V/bt_stack( 8588): [VERBOSE1:btm_ble_gap.cc(2052)]  Waiting for scan response a4:83:e7:b7:8d:a9
09-01 14:33:22.364 V/bt_stack( 8588): [VERBOSE1:btm_ble_gap.cc(1923)] btm_ble_process_ext_adv_pkt: bda=12:72:eb:81:32:03
09-01 14:33:22.364 V/bt_stack( 8588): [VERBOSE1:btm_ble_gap.cc(1847)] btm_ble_process_adv_addr: bda=12:72:eb:81:32:03
09-01 14:33:22.365 D/BluetoothUtils( 8588): blockedByLocationOff callingUid=1002
09-01 14:33:22.366 I/BluetoothUtils( 8588): packagename is android.uid.bluetooth:1002 ,and its permission is false
09-01 14:33:22.366 D/BluetoothUtils( 8588): blockedByLocationOff callingUid=1002
09-01 14:33:22.366 V/bt_stack( 8588): [VERBOSE1:btm_ble_gap.cc(1923)] btm_ble_process_ext_adv_pkt: bda=5d:59:4a:0e:04:eb
09-01 14:33:22.366 V/bt_stack( 8588): [VERBOSE1:btm_ble_gap.cc(1847)] btm_ble_process_adv_addr: bda=5d:59:4a:0e:04:eb
09-01 14:33:22.366 V/bt_stack( 8588): [VERBOSE1:btm_ble_gap.cc(2052)]  Waiting for scan response 5d:59:4a:0e:04:eb
09-01 14:33:22.366 V/bt_stack( 8588): [VERBOSE1:btm_ble_gap.cc(1923)] btm_ble_process_ext_adv_pkt: bda=17:7e:29:ab:4e:d0
09-01 14:33:22.367 I/BluetoothUtils( 8588): packagename is android.uid.bluetooth:1002 ,and its permission is false
09-01 14:33:22.367 V/bt_stack( 8588): [VERBOSE1:btm_ble_gap.cc(1847)] btm_ble_process_adv_addr: bda=17:7e:29:ab:4e:d0
09-01 14:33:22.367 D/BluetoothUtils( 8588): blockedByLocationOff callingUid=1002
09-01 14:33:22.367 I/BluetoothUtils( 8588): packagename is android.uid.bluetooth:1002 ,and its permission is false
09-01 14:33:22.368 D/BluetoothUtils( 8588): blockedByLocationOff callingUid=1002
09-01 14:33:22.368 I/BluetoothUtils( 8588): packagename is android.uid.bluetooth:1002 ,and its permission is false
09-01 14:33:22.368 D/BluetoothUtils( 8588): blockedByLocationOff callingUid=1002
09-01 14:33:22.369 I/BluetoothUtils( 8588): packagename is android.uid.bluetooth:1002 ,and its permission is false
09-01 14:33:22.369 D/BluetoothUtils( 8588): blockedByLocationOff callingUid=1002
09-01 14:33:22.369 I/BluetoothUtils( 8588): packagename is android.uid.bluetooth:1002 ,and its permission is false
09-01 14:33:22.378 V/bt_stack( 8588): [VERBOSE1:btm_ble_gap.cc(1923)] btm_ble_process_ext_adv_pkt: bda=63:e7:6b:57:ac:90
09-01 14:33:22.378 V/bt_stack( 8588): [VERBOSE1:btm_ble_gap.cc(1847)] btm_ble_process_adv_addr: bda=63:e7:6b:57:ac:90
09-01 14:33:22.378 V/bt_stack( 8588): [VERBOSE1:btm_ble_gap.cc(2052)]  Waiting for scan response 63:e7:6b:57:ac:90
09-01 14:33:22.378 V/bt_stack( 8588): [VERBOSE1:btm_ble_gap.cc(1923)] btm_ble_process_ext_adv_pkt: bda=2d:8f:df:c2:a9:d4
09-01 14:33:22.378 V/bt_stack( 8588): [VERBOSE1:btm_ble_gap.cc(1847)] btm_ble_process_adv_addr: bda=2d:8f:df:c2:a9:d4
09-01 14:33:22.379 D/BluetoothUtils( 8588): blockedByLocationOff callingUid=1002
09-01 14:33:22.380 I/BluetoothUtils( 8588): packagename is android.uid.bluetooth:1002 ,and its permission is false
09-01 14:33:22.380 D/BluetoothUtils( 8588): blockedByLocationOff callingUid=1002
09-01 14:33:22.380 I/BluetoothUtils( 8588): packagename is android.uid.bluetooth:1002 ,and its permission is false
09-01 14:33:22.380 D/BluetoothUtils( 8588): blockedByLocationOff callingUid=1002
09-01 14:33:22.380 I/BluetoothUtils( 8588): packagename is android.uid.bluetooth:1002 ,and its permission is false
09-01 14:33:22.383 D/NetworkController.MobileSignalController(1)(29730): 4G level = 5
