--------- beginning of main
09-01 14:34:03.026 V/bt_stack( 8588): [VERBOSE1:btm_ble_gap.cc(1847)] btm_ble_process_adv_addr: bda=11:ae:fa:db:9a:55
09-01 14:34:03.026 I/BluetoothUtils( 8588): packagename is android.uid.bluetooth:1002 ,and its permission is false
09-01 14:34:03.027 D/BluetoothUtils( 8588): blockedByLocationOff callingUid=1002
09-01 14:34:03.027 I/BluetoothUtils( 8588): packagename is android.uid.bluetooth:1002 ,and its permission is false
09-01 14:34:03.027 D/BluetoothUtils( 8588): blockedByLocationOff callingUid=1002
09-01 14:34:03.027 I/BluetoothUtils( 8588): packagename is android.uid.bluetooth:1002 ,and its permission is false
09-01 14:34:03.029 D/BluetoothUtils( 8588): blockedByLocationOff callingUid=1002
09-01 14:34:03.029 I/BluetoothUtils( 8588): packagename is android.uid.bluetooth:1002 ,and its permission is false
09-01 14:34:03.029 D/BluetoothUtils( 8588): blockedByLocationOff callingUid=1002
09-01 14:34:03.029 I/BluetoothUtils( 8588): packagename is android.uid.bluetooth:1002 ,and its permission is false
09-01 14:34:03.030 D/BluetoothUtils( 8588): blockedByLocationOff callingUid=1002
09-01 14:34:03.030 I/BluetoothUtils( 8588): packagename is android.uid.bluetooth:1002 ,and its permission is false
09-01 14:34:03.037 V/bt_stack( 8588): [VERBOSE1:btm_ble_gap.cc(1923)] btm_ble_process_ext_adv_pkt: bda=44:73:b6:51:63:17
09-01 14:34:03.037 V/bt_stack( 8588): [VERBOSE1:btm_ble_gap.cc(1847)] btm_ble_process_adv_addr: bda=44:73:b6:51:63:17
09-01 14:34:03.037 V/bt_stack( 8588): [VERBOSE1:btm_ble_gap.cc(2052)]  Waiting for scan response 44:73:b6:51:63:17
09-01 14:34:03.037 V/bt_stack( 8588): [VERBOSE1:btm_ble_gap.cc(1923)] btm_ble_process_ext_adv_pkt: bda=35:38:49:78:be:f0
09-01 14:34:03.038 V/bt_stack( 8588): [VERBOSE1:btm_ble_gap.cc(1847)] btm_ble_process_adv_addr: bda=35:38:49:78:be:f0
09-01 14:34:03.039 D/BluetoothUtils( 8588): blockedByLocationOff callingUid=1002
09-01 14:34:03.039 I/BluetoothUtils( 8588): packagename is android.uid.bluetooth:1002 ,and its permission is false
09-01 14:34:03.040 D/BluetoothUtils( 8588): blockedByLocationOff callingUid=1002
09-01 14:34:03.040 I/BluetoothUtils( 8588): packagename is android.uid.bluetooth:1002 ,and its permission is false
09-01 14:34:03.040 D/BluetoothUtils( 8588): blockedByLocationOff callingUid=1002
09-01 14:34:03.040 I/BluetoothUtils( 8588): packagename is android.uid.bluetooth:1002 ,and its permission is false
09-01 14:34:03.042 V/bt_stack( 8588): [VERBOSE1:btm_ble_gap.cc(1923)] btm_ble_process_ext_adv_pkt: bda=0a:29:89:b7:c8:4a
09-01 14:34:03.043 V/bt_stack( 8588): [VERBOSE1:btm_ble_gap.cc(1847)] btm_ble_process_adv_addr: bda=0a:29:89:b7:c8:4a
09-01 14:34:03.044 D/BluetoothUtils( 8588): blockedByLocationOff callingUid=1002
09-01 14:34:03.044 I/BluetoothUtils( 8588): packagename is android.uid.bluetooth:1002 ,and its permission is false
09-01 14:34:03.045 D/BluetoothUtils( 8588): blockedByLocationOff callingUid=1002
09-01 14:34:03.045 I/BluetoothUtils( 8588): packagename is android.uid.bluetooth:1002 ,and its permission is false
09-01 14:34:03.045 D/BluetoothUtils( 8588): blockedByLocationOff callingUid=1002
09-01 14:34:03.046 I/BluetoothUtils( 8588): packagename is android.uid.bluetooth:1002 ,and its permission is false
09-01 14:34:03.046 V/bt_stack( 8588): [VERBOSE1:btm_ble_gap.cc(1923)] btm_ble_process_ext_adv_pkt: bda=2a:1b:52:ac:62:5d
09-01 14:34:03.046 V/bt_stack( 8588): [VERBOSE1:btm_ble_gap.cc(1847)] btm_ble_process_adv_addr: bda=2a:1b:52:ac:62:5d
09-01 14:34:03.047 D/BluetoothUtils( 8588): blockedByLocationOff callingUid=1002
09-01 14:34:03.047 I/BluetoothUtils( 8588): packagename is android.uid.bluetooth:1002 ,and its permission is false
09-01 14:34:03.047 D/BluetoothUtils( 8588): blockedByLocationOff callingUid=1002
09-01 14:34:03.048 I/BluetoothUtils( 8588): packagename is android.uid.bluetooth:1002 ,and its permission is false
09-01 14:34:03.048 D/BluetoothUtils( 8588): blockedByLocationOff callingUid=1002
09-01 14:34:03.048 I/BluetoothUtils( 8588): packagename is android.uid.bluetooth:1002 ,and its permission is false
09-01 14:34:03.050 V/bt_stack( 8588): [VERBOSE1:btm_ble_gap.cc(1923)] btm_ble_process_ext_adv_pkt: bda=6e:3b:40:73:ff:b3
09-01 14:34:03.051 V/bt_stack( 8588): [VERBOSE1:btm_ble_gap.cc(1847)] btm_ble_process_adv_addr: bda=6e:3b:40:73:ff:b3
09-01 14:34:03.051 V/bt_stack( 8588): [VERBOSE1:btm_ble_gap.cc(2052)]  Waiting for scan response 6e:3b:40:73:ff:b3
09-01 14:34:03.051 V/bt_stack( 8588): [VERBOSE1:btm_ble_gap.cc(1923)] btm_ble_process_ext_adv_pkt: bda=01:f5:30:c0:9b:7a
09-01 14:34:03.051 V/bt_stack( 8588): [VERBOSE1:btm_ble_gap.cc(1847)] btm_ble_process_adv_addr: bda=01:f5:30:c0:9b:7a
09-01 14:34:03.052 D/BluetoothUtils( 8588): blockedByLocationOff callingUid=1002
09-01 14:34:03.052 I/appium  (10741): Rewrote class name 'androidx.appcompat.app.ActionBar$O0000O0o' to XML node name 'androidx.appcompat.app.ActionBar.O0000O0o'
09-01 14:34:03.052 I/BluetoothUtils( 8588): packagename is android.uid.bluetooth:1002 ,and its permission is false
09-01 14:34:03.052 D/BluetoothUtils( 8588): blockedByLocationOff callingUid=1002
09-01 14:34:03.053 I/BluetoothUtils( 8588): packagename is android.uid.bluetooth:1002 ,and its permission is false
09-01 14:34:03.053 D/BluetoothUtils( 8588): blockedByLocationOff callingUid=1002
09-01 14:34:03.053 I/appium  (10741): Rewrote class name 'androidx.appcompat.app.ActionBar$O0000O0o' to XML node name 'androidx.appcompat.app.ActionBar.O0000O0o'
09-01 14:34:03.053 I/BluetoothUtils( 8588): packagename is android.uid.bluetooth:1002 ,and its permission is false
09-01 14:34:03.056 V/bt_stack( 8588): [VERBOSE1:btm_ble_gap.cc(1923)] btm_ble_process_ext_adv_pkt: bda=17:7e:29:ab:4e:d0
09-01 14:34:03.056 V/bt_stack( 8588): [VERBOSE1:btm_ble_gap.cc(1847)] btm_ble_process_adv_addr: bda=17:7e:29:ab:4e:d0
09-01 14:34:03.057 D/BluetoothUtils( 8588): blockedByLocationOff callingUid=1002
09-01 14:34:03.057 I/BluetoothUtils( 8588): packagename is android.uid.bluetooth:1002 ,and its permission is false
09-01 14:34:03.057 D/BluetoothUtils( 8588): blockedByLocationOff callingUid=1002
09-01 14:34:03.057 I/BluetoothUtils( 8588): packagename is android.uid.bluetooth:1002 ,and its permission is false
09-01 14:34:03.058 D/BluetoothUtils( 8588): blockedByLocationOff callingUid=1002
09-01 14:34:03.058 I/BluetoothUtils( 8588): packagename is android.uid.bluetooth:1002 ,and its permission is false
09-01 14:34:03.073 V/bt_stack( 8588): [VERBOSE1:btm_ble_gap.cc(1923)] btm_ble_process_ext_adv_pkt: bda=e5:71:12:cc:be:d8
09-01 14:34:03.073 V/bt_stack( 8588): [VERBOSE1:btm_ble_gap.cc(1847)] btm_ble_process_adv_addr: bda=e5:71:12:cc:be:d8
09-01 14:34:03.073 V/bt_stack( 8588): [VERBOSE1:btm_ble_gap.cc(2052)]  Waiting for scan response e5:71:12:cc:be:d8
09-01 14:34:03.073 V/bt_stack( 8588): [VERBOSE1:btm_ble_gap.cc(1923)] btm_ble_process_ext_adv_pkt: bda=e5:71:12:cc:be:d8
09-01 14:34:03.073 V/bt_stack( 8588): [VERBOSE1:btm_ble_gap.cc(1847)] btm_ble_process_adv_addr: bda=e5:71:12:cc:be:d8
09-01 14:34:03.074 I/appium  (10741): AppiumResponse: {"sessionId":"a4d7b541-3cc2-4590-a0d7-423994c151e3","value":{"ELEMENT":"3f1b7f01-608b-40fd-9e3d-e875062613c7","element-6066-11e4-a52e-4f735466cecf":"3f1b7f01-608b-40fd-9e3d-e875062613c7"}}
09-01 14:34:03.075 D/BluetoothUtils( 8588): blockedByLocationOff callingUid=1002
09-01 14:34:03.075 I/BluetoothUtils( 8588): packagename is android.uid.bluetooth:1002 ,and its permission is false
09-01 14:34:03.075 D/BluetoothUtils( 8588): blockedByLocationOff callingUid=1002
09-01 14:34:03.076 I/BluetoothUtils( 8588): packagename is android.uid.bluetooth:1002 ,and its permission is false
09-01 14:34:03.076 D/BluetoothUtils( 8588): blockedByLocationOff callingUid=1002
09-01 14:34:03.076 I/BluetoothUtils( 8588): packagename is android.uid.bluetooth:1002 ,and its permission is false
09-01 14:34:03.081 V/bt_stack( 8588): [VERBOSE1:btm_ble_gap.cc(1923)] btm_ble_process_ext_adv_pkt: bda=0c:39:e9:d5:de:20
09-01 14:34:03.081 V/bt_stack( 8588): [VERBOSE1:btm_ble_gap.cc(1847)] btm_ble_process_adv_addr: bda=0c:39:e9:d5:de:20
09-01 14:34:03.083 D/BluetoothUtils( 8588): blockedByLocationOff callingUid=1002
09-01 14:34:03.083 I/BluetoothUtils( 8588): packagename is android.uid.bluetooth:1002 ,and its permission is false
09-01 14:34:03.084 D/BluetoothUtils( 8588): blockedByLocationOff callingUid=1002
09-01 14:34:03.084 I/BluetoothUtils( 8588): packagename is android.uid.bluetooth:1002 ,and its permission is false
09-01 14:34:03.084 D/BluetoothUtils( 8588): blockedByLocationOff callingUid=1002
09-01 14:34:03.084 I/BluetoothUtils( 8588): packagename is android.uid.bluetooth:1002 ,and its permission is false
09-01 14:34:03.085 V/bt_stack( 8588): [VERBOSE1:btm_ble_gap.cc(1923)] btm_ble_process_ext_adv_pkt: bda=6a:1a:31:28:a4:f8
09-01 14:34:03.085 V/bt_stack( 8588): [VERBOSE1:btm_ble_gap.cc(1847)] btm_ble_process_adv_addr: bda=6a:1a:31:28:a4:f8
09-01 14:34:03.086 V/bt_stack( 8588): [VERBOSE1:btm_ble_gap.cc(1923)] btm_ble_process_ext_adv_pkt: bda=36:c9:49:a0:b6:9d
09-01 14:34:03.087 V/bt_stack( 8588): [VERBOSE1:btm_ble_gap.cc(1847)] btm_ble_process_adv_addr: bda=36:c9:49:a0:b6:9d
09-01 14:34:03.087 D/BluetoothUtils( 8588): blockedByLocationOff callingUid=1002
09-01 14:34:03.087 I/BluetoothUtils( 8588): packagename is android.uid.bluetooth:1002 ,and its permission is false
09-01 14:34:03.088 D/BluetoothUtils( 8588): blockedByLocationOff callingUid=1002
09-01 14:34:03.088 I/BluetoothUtils( 8588): packagename is android.uid.bluetooth:1002 ,and its permission is false
09-01 14:34:03.088 D/BluetoothUtils( 8588): blockedByLocationOff callingUid=1002
09-01 14:34:03.088 I/BluetoothUtils( 8588): packagename is android.uid.bluetooth:1002 ,and its permission is false
09-01 14:34:03.089 D/BluetoothUtils( 8588): blockedByLocationOff callingUid=1002
09-01 14:34:03.089 I/BluetoothUtils( 8588): packagename is android.uid.bluetooth:1002 ,and its permission is false
09-01 14:34:03.089 D/BluetoothUtils( 8588): blockedByLocationOff callingUid=1002
09-01 14:34:03.089 I/BluetoothUtils( 8588): packagename is android.uid.bluetooth:1002 ,and its permission is false
09-01 14:34:03.090 D/BluetoothUtils( 8588): blockedByLocationOff callingUid=1002
09-01 14:34:03.090 I/BluetoothUtils( 8588): packagename is android.uid.bluetooth:1002 ,and its permission is false
09-01 14:34:03.091 I/appium  (10741): channel read invoked!
09-01 14:34:03.091 I/appium  (10741): channel read: GET /wd/hub/session/a4d7b541-3cc2-4590-a0d7-423994c151e3/element/3f1b7f01-608b-40fd-9e3d-e875062613c7/attribute/text
09-01 14:34:03.091 I/appium  (10741): get attribute of element command
09-01 14:34:03.098 I/appium  (10741): AppiumResponse: {"sessionId":"a4d7b541-3cc2-4590-a0d7-423994c151e3","value":"我的运动"}
09-01 14:34:03.106 V/bt_stack( 8588): [VERBOSE1:btm_ble_gap.cc(1923)] btm_ble_process_ext_adv_pkt: bda=1c:91:72:ba:f7:2e
09-01 14:34:03.106 V/bt_stack( 8588): [VERBOSE1:btm_ble_gap.cc(1847)] btm_ble_process_adv_addr: bda=1c:91:72:ba:f7:2e
09-01 14:34:03.108 D/BluetoothUtils( 8588): blockedByLocationOff callingUid=1002
09-01 14:34:03.109 I/BluetoothUtils( 8588): packagename is android.uid.bluetooth:1002 ,and its permission is false
09-01 14:34:03.109 D/BluetoothUtils( 8588): blockedByLocationOff callingUid=1002
09-01 14:34:03.110 I/BluetoothUtils( 8588): packagename is android.uid.bluetooth:1002 ,and its permission is false
09-01 14:34:03.110 D/BluetoothUtils( 8588): blockedByLocationOff callingUid=1002
09-01 14:34:03.110 I/BluetoothUtils( 8588): packagename is android.uid.bluetooth:1002 ,and its permission is false
09-01 14:34:03.129 V/bt_stack( 8588): [VERBOSE1:btm_ble_gap.cc(1923)] btm_ble_process_ext_adv_pkt: bda=58:d0:f0:96:be:49
09-01 14:34:03.129 V/bt_stack( 8588): [VERBOSE1:btm_ble_gap.cc(1847)] btm_ble_process_adv_addr: bda=58:d0:f0:96:be:49
09-01 14:34:03.129 V/bt_stack( 8588): [VERBOSE1:btm_ble_gap.cc(2052)]  Waiting for scan response 58:d0:f0:96:be:49
09-01 14:34:03.129 V/bt_stack( 8588): [VERBOSE1:btm_ble_gap.cc(1923)] btm_ble_process_ext_adv_pkt: bda=44:ca:73:cc:df:42
09-01 14:34:03.129 V/bt_stack( 8588): [VERBOSE1:btm_ble_gap.cc(1847)] btm_ble_process_adv_addr: bda=44:ca:73:cc:df:42
09-01 14:34:03.129 V/bt_stack( 8588): [VERBOSE1:btm_ble_gap.cc(2052)]  Waiting for scan response 44:ca:73:cc:df:42
09-01 14:34:03.129 V/bt_stack( 8588): [VERBOSE1:btm_ble_gap.cc(1923)] btm_ble_process_ext_adv_pkt: bda=44:ca:73:cc:df:42
09-01 14:34:03.129 V/bt_stack( 8588): [VERBOSE1:btm_ble_gap.cc(1847)] btm_ble_process_adv_addr: bda=44:ca:73:cc:df:42
09-01 14:34:03.131 D/BluetoothUtils( 8588): blockedByLocationOff callingUid=1002
09-01 14:34:03.132 I/BluetoothUtils( 8588): packagename is android.uid.bluetooth:1002 ,and its permission is false
09-01 14:34:03.132 D/BluetoothUtils( 8588): blockedByLocationOff callingUid=1002
09-01 14:34:03.132 I/BluetoothUtils( 8588): packagename is android.uid.bluetooth:1002 ,and its permission is false
09-01 14:34:03.132 D/BluetoothUtils( 8588): blockedByLocationOff callingUid=1002
09-01 14:34:03.133 I/BluetoothUtils( 8588): packagename is android.uid.bluetooth:1002 ,and its permission is false
09-01 14:34:03.141 I/appium  (10741): channel read invoked!
09-01 14:34:03.141 I/appium  (10741): channel read: POST /wd/hub/session/a4d7b541-3cc2-4590-a0d7-423994c151e3/element
09-01 14:34:03.141 V/bt_stack( 8588): [VERBOSE1:btm_ble_gap.cc(1923)] btm_ble_process_ext_adv_pkt: bda=45:55:7e:66:6f:d0
09-01 14:34:03.141 V/bt_stack( 8588): [VERBOSE1:btm_ble_gap.cc(1847)] btm_ble_process_adv_addr: bda=45:55:7e:66:6f:d0
09-01 14:34:03.141 V/bt_stack( 8588): [VERBOSE1:btm_ble_gap.cc(2052)]  Waiting for scan response 45:55:7e:66:6f:d0
09-01 14:34:03.142 I/appium  (10741): Find element command using 'xpath' with selector '//*[contains(@text, "今日运动")]'.
09-01 14:34:03.142 I/appium  (10741): Waiting up to 10000ms for device to be idle
09-01 14:34:03.155 V/bt_stack( 8588): [VERBOSE1:btm_ble_gap.cc(1923)] btm_ble_process_ext_adv_pkt: bda=4b:2f:6d:75:86:77
09-01 14:34:03.155 V/bt_stack( 8588): [VERBOSE1:btm_ble_gap.cc(1847)] btm_ble_process_adv_addr: bda=4b:2f:6d:75:86:77
09-01 14:34:03.155 V/bt_stack( 8588): [VERBOSE1:btm_ble_gap.cc(2052)]  Waiting for scan response 4b:2f:6d:75:86:77
09-01 14:34:03.156 V/bt_stack( 8588): [VERBOSE1:btm_ble_gap.cc(1923)] btm_ble_process_ext_adv_pkt: bda=2a:1b:52:ac:62:5d
09-01 14:34:03.156 V/bt_stack( 8588): [VERBOSE1:btm_ble_gap.cc(1847)] btm_ble_process_adv_addr: bda=2a:1b:52:ac:62:5d
09-01 14:34:03.157 D/BluetoothUtils( 8588): blockedByLocationOff callingUid=1002
09-01 14:34:03.157 I/BluetoothUtils( 8588): packagename is android.uid.bluetooth:1002 ,and its permission is false
09-01 14:34:03.158 D/BluetoothUtils( 8588): blockedByLocationOff callingUid=1002
09-01 14:34:03.158 I/BluetoothUtils( 8588): packagename is android.uid.bluetooth:1002 ,and its permission is false
09-01 14:34:03.158 D/BluetoothUtils( 8588): blockedByLocationOff callingUid=1002
09-01 14:34:03.158 I/BluetoothUtils( 8588): packagename is android.uid.bluetooth:1002 ,and its permission is false
09-01 14:34:03.160 V/bt_stack( 8588): [VERBOSE1:btm_ble_gap.cc(1923)] btm_ble_process_ext_adv_pkt: bda=63:e7:6b:57:ac:90
09-01 14:34:03.160 V/bt_stack( 8588): [VERBOSE1:btm_ble_gap.cc(1847)] btm_ble_process_adv_addr: bda=63:e7:6b:57:ac:90
09-01 14:34:03.160 V/bt_stack( 8588): [VERBOSE1:btm_ble_gap.cc(2052)]  Waiting for scan response 63:e7:6b:57:ac:90
09-01 14:34:03.161 V/bt_stack( 8588): [VERBOSE1:btm_ble_gap.cc(1923)] btm_ble_process_ext_adv_pkt: bda=63:e7:6b:57:ac:90
09-01 14:34:03.161 V/bt_stack( 8588): [VERBOSE1:btm_ble_gap.cc(1847)] btm_ble_process_adv_addr: bda=63:e7:6b:57:ac:90
09-01 14:34:03.162 D/BluetoothUtils( 8588): blockedByLocationOff callingUid=1002
09-01 14:34:03.162 I/BluetoothUtils( 8588): packagename is android.uid.bluetooth:1002 ,and its permission is false
09-01 14:34:03.163 D/BluetoothUtils( 8588): blockedByLocationOff callingUid=1002
09-01 14:34:03.163 I/BluetoothUtils( 8588): packagename is android.uid.bluetooth:1002 ,and its permission is false
09-01 14:34:03.163 D/BluetoothUtils( 8588): blockedByLocationOff callingUid=1002
09-01 14:34:03.163 I/BluetoothUtils( 8588): packagename is android.uid.bluetooth:1002 ,and its permission is false
09-01 14:34:03.171 V/bt_stack( 8588): [VERBOSE1:btm_ble_gap.cc(1923)] btm_ble_process_ext_adv_pkt: bda=38:f9:d3:45:87:1e
09-01 14:34:03.171 V/bt_stack( 8588): [VERBOSE1:btm_ble_gap.cc(1847)] btm_ble_process_adv_addr: bda=38:f9:d3:45:87:1e
09-01 14:34:03.172 V/bt_stack( 8588): [VERBOSE1:btm_ble_gap.cc(2052)]  Waiting for scan response 38:f9:d3:45:87:1e
09-01 14:34:03.172 V/bt_stack( 8588): [VERBOSE1:btm_ble_gap.cc(1923)] btm_ble_process_ext_adv_pkt: bda=38:f9:d3:45:87:1e
09-01 14:34:03.172 V/bt_stack( 8588): [VERBOSE1:btm_ble_gap.cc(1847)] btm_ble_process_adv_addr: bda=38:f9:d3:45:87:1e
09-01 14:34:03.172 D/BluetoothUtils( 8588): blockedByLocationOff callingUid=1002
09-01 14:34:03.173 I/BluetoothUtils( 8588): packagename is android.uid.bluetooth:1002 ,and its permission is false
09-01 14:34:03.173 D/BluetoothUtils( 8588): blockedByLocationOff callingUid=1002
09-01 14:34:03.174 I/BluetoothUtils( 8588): packagename is android.uid.bluetooth:1002 ,and its permission is false
09-01 14:34:03.174 D/BluetoothUtils( 8588): blockedByLocationOff callingUid=1002
09-01 14:34:03.174 I/BluetoothUtils( 8588): packagename is android.uid.bluetooth:1002 ,and its permission is false
09-01 14:34:03.181 V/bt_stack( 8588): [VERBOSE1:btm_ble_gap.cc(1923)] btm_ble_process_ext_adv_pkt: bda=c1:e5:1e:69:fb:26
09-01 14:34:03.181 V/bt_stack( 8588): [VERBOSE1:btm_ble_gap.cc(1847)] btm_ble_process_adv_addr: bda=c1:e5:1e:69:fb:26
09-01 14:34:03.182 V/bt_stack( 8588): [VERBOSE1:btm_ble_gap.cc(2052)]  Waiting for scan response c1:e5:1e:69:fb:26
09-01 14:34:03.182 V/bt_stack( 8588): [VERBOSE1:btm_ble_gap.cc(1923)] btm_ble_process_ext_adv_pkt: bda=c1:e5:1e:69:fb:26
09-01 14:34:03.182 V/bt_stack( 8588): [VERBOSE1:btm_ble_gap.cc(1847)] btm_ble_process_adv_addr: bda=c1:e5:1e:69:fb:26
09-01 14:34:03.183 D/BluetoothUtils( 8588): blockedByLocationOff callingUid=1002
09-01 14:34:03.183 I/BluetoothUtils( 8588): packagename is android.uid.bluetooth:1002 ,and its permission is false
09-01 14:34:03.183 D/BluetoothUtils( 8588): blockedByLocationOff callingUid=1002
09-01 14:34:03.184 I/BluetoothUtils( 8588): packagename is android.uid.bluetooth:1002 ,and its permission is false
09-01 14:34:03.184 D/BluetoothUtils( 8588): blockedByLocationOff callingUid=1002
09-01 14:34:03.184 I/BluetoothUtils( 8588): packagename is android.uid.bluetooth:1002 ,and its permission is false
09-01 14:34:03.191 V/bt_stack( 8588): [VERBOSE1:btm_ble_gap.cc(1923)] btm_ble_process_ext_adv_pkt: bda=6a:1a:31:28:a4:f8
09-01 14:34:03.191 V/bt_stack( 8588): [VERBOSE1:btm_ble_gap.cc(1847)] btm_ble_process_adv_addr: bda=6a:1a:31:28:a4:f8
09-01 14:34:03.192 D/BluetoothUtils( 8588): blockedByLocationOff callingUid=1002
09-01 14:34:03.193 I/BluetoothUtils( 8588): packagename is android.uid.bluetooth:1002 ,and its permission is false
09-01 14:34:03.194 D/BluetoothUtils( 8588): blockedByLocationOff callingUid=1002
09-01 14:34:03.194 I/BluetoothUtils( 8588): packagename is android.uid.bluetooth:1002 ,and its permission is false
09-01 14:34:03.194 D/BluetoothUtils( 8588): blockedByLocationOff callingUid=1002
09-01 14:34:03.194 I/BluetoothUtils( 8588): packagename is android.uid.bluetooth:1002 ,and its permission is false
09-01 14:34:03.196 V/bt_stack( 8588): [VERBOSE1:btm_ble_gap.cc(1923)] btm_ble_process_ext_adv_pkt: bda=36:c9:49:a0:b6:9d
09-01 14:34:03.196 V/bt_stack( 8588): [VERBOSE1:btm_ble_gap.cc(1847)] btm_ble_process_adv_addr: bda=36:c9:49:a0:b6:9d
09-01 14:34:03.198 D/BluetoothUtils( 8588): blockedByLocationOff callingUid=1002
09-01 14:34:03.198 I/BluetoothUtils( 8588): packagename is android.uid.bluetooth:1002 ,and its permission is false
09-01 14:34:03.199 D/BluetoothUtils( 8588): blockedByLocationOff callingUid=1002
09-01 14:34:03.199 I/BluetoothUtils( 8588): packagename is android.uid.bluetooth:1002 ,and its permission is false
09-01 14:34:03.199 D/BluetoothUtils( 8588): blockedByLocationOff callingUid=1002
09-01 14:34:03.199 I/BluetoothUtils( 8588): packagename is android.uid.bluetooth:1002 ,and its permission is false
09-01 14:34:03.201 V/bt_stack( 8588): [VERBOSE1:btm_ble_gap.cc(1923)] btm_ble_process_ext_adv_pkt: bda=d3:ce:19:45:b1:77
09-01 14:34:03.201 V/bt_stack( 8588): [VERBOSE1:btm_ble_gap.cc(1847)] btm_ble_process_adv_addr: bda=d3:ce:19:45:b1:77
09-01 14:34:03.201 V/bt_stack( 8588): [VERBOSE1:btm_ble_gap.cc(2052)]  Waiting for scan response d3:ce:19:45:b1:77
09-01 14:34:03.202 V/bt_stack( 8588): [VERBOSE1:btm_ble_gap.cc(1923)] btm_ble_process_ext_adv_pkt: bda=d3:ce:19:45:b1:77
09-01 14:34:03.202 V/bt_stack( 8588): [VERBOSE1:btm_ble_gap.cc(1847)] btm_ble_process_adv_addr: bda=d3:ce:19:45:b1:77
09-01 14:34:03.202 D/BluetoothUtils( 8588): blockedByLocationOff callingUid=1002
09-01 14:34:03.203 I/BluetoothUtils( 8588): packagename is android.uid.bluetooth:1002 ,and its permission is false
09-01 14:34:03.204 D/BluetoothUtils( 8588): blockedByLocationOff callingUid=1002
09-01 14:34:03.204 I/BluetoothUtils( 8588): packagename is android.uid.bluetooth:1002 ,and its permission is false
09-01 14:34:03.205 D/BluetoothUtils( 8588): blockedByLocationOff callingUid=1002
09-01 14:34:03.205 I/BluetoothUtils( 8588): packagename is android.uid.bluetooth:1002 ,and its permission is false
09-01 14:34:03.213 V/bt_stack( 8588): [VERBOSE1:btm_ble_gap.cc(1923)] btm_ble_process_ext_adv_pkt: bda=1c:91:72:ba:f7:2e
09-01 14:34:03.213 V/bt_stack( 8588): [VERBOSE1:btm_ble_gap.cc(1847)] btm_ble_process_adv_addr: bda=1c:91:72:ba:f7:2e
09-01 14:34:03.214 D/BluetoothUtils( 8588): blockedByLocationOff callingUid=1002
09-01 14:34:03.214 I/BluetoothUtils( 8588): packagename is android.uid.bluetooth:1002 ,and its permission is false
09-01 14:34:03.215 D/BluetoothUtils( 8588): blockedByLocationOff callingUid=1002
09-01 14:34:03.215 I/BluetoothUtils( 8588): packagename is android.uid.bluetooth:1002 ,and its permission is false
09-01 14:34:03.215 D/BluetoothUtils( 8588): blockedByLocationOff callingUid=1002
09-01 14:34:03.215 I/BluetoothUtils( 8588): packagename is android.uid.bluetooth:1002 ,and its permission is false
09-01 14:34:03.219 V/bt_stack( 8588): [VERBOSE1:btm_ble_gap.cc(1923)] btm_ble_process_ext_adv_pkt: bda=5d:4a:e1:72:21:47
09-01 14:34:03.219 V/bt_stack( 8588): [VERBOSE1:btm_ble_gap.cc(1847)] btm_ble_process_adv_addr: bda=5d:4a:e1:72:21:47
09-01 14:34:03.219 V/bt_stack( 8588): [VERBOSE1:btm_ble_gap.cc(2052)]  Waiting for scan response 5d:4a:e1:72:21:47
09-01 14:34:03.219 V/bt_stack( 8588): [VERBOSE1:btm_ble_gap.cc(1923)] btm_ble_process_ext_adv_pkt: bda=5d:4a:e1:72:21:47
09-01 14:34:03.219 V/bt_stack( 8588): [VERBOSE1:btm_ble_gap.cc(1847)] btm_ble_process_adv_addr: bda=5d:4a:e1:72:21:47
09-01 14:34:03.220 D/BluetoothUtils( 8588): blockedByLocationOff callingUid=1002
09-01 14:34:03.221 I/BluetoothUtils( 8588): packagename is android.uid.bluetooth:1002 ,and its permission is false
09-01 14:34:03.221 D/BluetoothUtils( 8588): blockedByLocationOff callingUid=1002
09-01 14:34:03.221 V/bt_stack( 8588): [VERBOSE1:btm_ble_gap.cc(1923)] btm_ble_process_ext_adv_pkt: bda=fd:32:0c:ad:56:d5
09-01 14:34:03.221 V/bt_stack( 8588): [VERBOSE1:btm_ble_gap.cc(1847)] btm_ble_process_adv_addr: bda=fd:32:0c:ad:56:d5
09-01 14:34:03.221 I/BluetoothUtils( 8588): packagename is android.uid.bluetooth:1002 ,and its permission is false
09-01 14:34:03.221 V/bt_stack( 8588): [VERBOSE1:btm_ble_gap.cc(2052)]  Waiting for scan response fd:32:0c:ad:56:d5
09-01 14:34:03.221 V/bt_stack( 8588): [VERBOSE1:btm_ble_gap.cc(1923)] btm_ble_process_ext_adv_pkt: bda=fd:32:0c:ad:56:d5
09-01 14:34:03.221 D/BluetoothUtils( 8588): blockedByLocationOff callingUid=1002
09-01 14:34:03.221 V/bt_stack( 8588): [VERBOSE1:btm_ble_gap.cc(1847)] btm_ble_process_adv_addr: bda=fd:32:0c:ad:56:d5
09-01 14:34:03.221 I/BluetoothUtils( 8588): packagename is android.uid.bluetooth:1002 ,and its permission is false
09-01 14:34:03.222 D/BluetoothUtils( 8588): blockedByLocationOff callingUid=1002
09-01 14:34:03.223 I/BluetoothUtils( 8588): packagename is android.uid.bluetooth:1002 ,and its permission is false
09-01 14:34:03.223 D/BluetoothUtils( 8588): blockedByLocationOff callingUid=1002
09-01 14:34:03.223 I/BluetoothUtils( 8588): packagename is android.uid.bluetooth:1002 ,and its permission is false
09-01 14:34:03.223 D/BluetoothUtils( 8588): blockedByLocationOff callingUid=1002
09-01 14:34:03.223 I/BluetoothUtils( 8588): packagename is android.uid.bluetooth:1002 ,and its permission is false
09-01 14:34:03.232 V/bt_stack( 8588): [VERBOSE1:btm_ble_gap.cc(1923)] btm_ble_process_ext_adv_pkt: bda=12:f7:c7:df:cb:b1
09-01 14:34:03.232 V/bt_stack( 8588): [VERBOSE1:btm_ble_gap.cc(1847)] btm_ble_process_adv_addr: bda=12:f7:c7:df:cb:b1
09-01 14:34:03.233 D/BluetoothUtils( 8588): blockedByLocationOff callingUid=1002
09-01 14:34:03.233 I/BluetoothUtils( 8588): packagename is android.uid.bluetooth:1002 ,and its permission is false
09-01 14:34:03.234 D/BluetoothUtils( 8588): blockedByLocationOff callingUid=1002
09-01 14:34:03.234 I/BluetoothUtils( 8588): packagename is android.uid.bluetooth:1002 ,and its permission is false
09-01 14:34:03.234 D/BluetoothUtils( 8588): blockedByLocationOff callingUid=1002
09-01 14:34:03.234 I/BluetoothUtils( 8588): packagename is android.uid.bluetooth:1002 ,and its permission is false
09-01 14:34:03.239 V/bt_stack( 8588): [VERBOSE1:btm_ble_gap.cc(1923)] btm_ble_process_ext_adv_pkt: bda=19:30:6d:c4:b5:5b
09-01 14:34:03.239 V/bt_stack( 8588): [VERBOSE1:btm_ble_gap.cc(1847)] btm_ble_process_adv_addr: bda=19:30:6d:c4:b5:5b
09-01 14:34:03.240 D/BluetoothUtils( 8588): blockedByLocationOff callingUid=1002
09-01 14:34:03.240 I/BluetoothUtils( 8588): packagename is android.uid.bluetooth:1002 ,and its permission is false
09-01 14:34:03.240 D/BluetoothUtils( 8588): blockedByLocationOff callingUid=1002
09-01 14:34:03.241 I/BluetoothUtils( 8588): packagename is android.uid.bluetooth:1002 ,and its permission is false
09-01 14:34:03.241 D/BluetoothUtils( 8588): blockedByLocationOff callingUid=1002
09-01 14:34:03.241 V/bt_stack( 8588): [VERBOSE1:btm_ble_gap.cc(1923)] btm_ble_process_ext_adv_pkt: bda=25:4e:aa:3f:5d:41
09-01 14:34:03.241 V/bt_stack( 8588): [VERBOSE1:btm_ble_gap.cc(1847)] btm_ble_process_adv_addr: bda=25:4e:aa:3f:5d:41
09-01 14:34:03.241 I/BluetoothUtils( 8588): packagename is android.uid.bluetooth:1002 ,and its permission is false
09-01 14:34:03.242 D/BluetoothUtils( 8588): blockedByLocationOff callingUid=1002
09-01 14:34:03.244 I/BluetoothUtils( 8588): packagename is android.uid.bluetooth:1002 ,and its permission is false
09-01 14:34:03.245 D/BluetoothUtils( 8588): blockedByLocationOff callingUid=1002
09-01 14:34:03.245 I/BluetoothUtils( 8588): packagename is android.uid.bluetooth:1002 ,and its permission is false
09-01 14:34:03.245 D/BluetoothUtils( 8588): blockedByLocationOff callingUid=1002
09-01 14:34:03.246 I/BluetoothUtils( 8588): packagename is android.uid.bluetooth:1002 ,and its permission is false
09-01 14:34:03.249 V/bt_stack( 8588): [VERBOSE1:btm_ble_gap.cc(1923)] btm_ble_process_ext_adv_pkt: bda=35:38:49:78:be:f0
09-01 14:34:03.249 V/bt_stack( 8588): [VERBOSE1:btm_ble_gap.cc(1847)] btm_ble_process_adv_addr: bda=35:38:49:78:be:f0
09-01 14:34:03.250 D/BluetoothUtils( 8588): blockedByLocationOff callingUid=1002
09-01 14:34:03.251 I/BluetoothUtils( 8588): packagename is android.uid.bluetooth:1002 ,and its permission is false
09-01 14:34:03.252 D/BluetoothUtils( 8588): blockedByLocationOff callingUid=1002
09-01 14:34:03.252 I/BluetoothUtils( 8588): packagename is android.uid.bluetooth:1002 ,and its permission is false
09-01 14:34:03.252 D/BluetoothUtils( 8588): blockedByLocationOff callingUid=1002
09-01 14:34:03.252 I/BluetoothUtils( 8588): packagename is android.uid.bluetooth:1002 ,and its permission is false
09-01 14:34:03.261 V/bt_stack( 8588): [VERBOSE1:btm_ble_gap.cc(1923)] btm_ble_process_ext_adv_pkt: bda=7a:57:24:41:08:b2
09-01 14:34:03.261 V/bt_stack( 8588): [VERBOSE1:btm_ble_gap.cc(1847)] btm_ble_process_adv_addr: bda=7a:57:24:41:08:b2
09-01 14:34:03.261 V/bt_stack( 8588): [VERBOSE1:btm_ble_gap.cc(2052)]  Waiting for scan response 7a:57:24:41:08:b2
09-01 14:34:03.261 V/bt_stack( 8588): [VERBOSE1:btm_ble_gap.cc(1923)] btm_ble_process_ext_adv_pkt: bda=32:d2:03:03:d2:bd
09-01 14:34:03.261 V/bt_stack( 8588): [VERBOSE1:btm_ble_gap.cc(1847)] btm_ble_process_adv_addr: bda=32:d2:03:03:d2:bd
09-01 14:34:03.262 D/BluetoothUtils( 8588): blockedByLocationOff callingUid=1002
09-01 14:34:03.262 I/BluetoothUtils( 8588): packagename is android.uid.bluetooth:1002 ,and its permission is false
09-01 14:34:03.263 D/BluetoothUtils( 8588): blockedByLocationOff callingUid=1002
09-01 14:34:03.264 I/BluetoothUtils( 8588): packagename is android.uid.bluetooth:1002 ,and its permission is false
09-01 14:34:03.264 D/BluetoothUtils( 8588): blockedByLocationOff callingUid=1002
09-01 14:34:03.264 I/BluetoothUtils( 8588): packagename is android.uid.bluetooth:1002 ,and its permission is false
09-01 14:34:03.278 I/appium  (10741): Rewrote class name 'androidx.appcompat.app.ActionBar$O0000O0o' to XML node name 'androidx.appcompat.app.ActionBar.O0000O0o'
09-01 14:34:03.278 I/appium  (10741): Rewrote class name 'androidx.appcompat.app.ActionBar$O0000O0o' to XML node name 'androidx.appcompat.app.ActionBar.O0000O0o'
09-01 14:34:03.285 V/bt_stack( 8588): [VERBOSE1:btm_ble_gap.cc(1923)] btm_ble_process_ext_adv_pkt: bda=66:db:a5:b4:54:91
09-01 14:34:03.285 V/bt_stack( 8588): [VERBOSE1:btm_ble_gap.cc(1847)] btm_ble_process_adv_addr: bda=66:db:a5:b4:54:91
09-01 14:34:03.285 V/bt_stack( 8588): [VERBOSE1:btm_ble_gap.cc(2052)]  Waiting for scan response 66:db:a5:b4:54:91
09-01 14:34:03.297 V/bt_stack( 8588): [VERBOSE1:btm_ble_gap.cc(1923)] btm_ble_process_ext_adv_pkt: bda=cb:be:69:31:81:71
09-01 14:34:03.297 V/bt_stack( 8588): [VERBOSE1:btm_ble_gap.cc(1847)] btm_ble_process_adv_addr: bda=cb:be:69:31:81:71
09-01 14:34:03.297 V/bt_stack( 8588): [VERBOSE1:btm_ble_gap.cc(2052)]  Waiting for scan response cb:be:69:31:81:71
09-01 14:34:03.297 V/bt_stack( 8588): [VERBOSE1:btm_ble_gap.cc(1923)] btm_ble_process_ext_adv_pkt: bda=6a:1a:31:28:a4:f8
09-01 14:34:03.297 V/bt_stack( 8588): [VERBOSE1:btm_ble_gap.cc(1847)] btm_ble_process_adv_addr: bda=6a:1a:31:28:a4:f8
09-01 14:34:03.298 D/BluetoothUtils( 8588): blockedByLocationOff callingUid=1002
09-01 14:34:03.299 I/BluetoothUtils( 8588): packagename is android.uid.bluetooth:1002 ,and its permission is false
09-01 14:34:03.299 D/BluetoothUtils( 8588): blockedByLocationOff callingUid=1002
09-01 14:34:03.300 I/BluetoothUtils( 8588): packagename is android.uid.bluetooth:1002 ,and its permission is false
09-01 14:34:03.300 D/BluetoothUtils( 8588): blockedByLocationOff callingUid=1002
09-01 14:34:03.300 I/BluetoothUtils( 8588): packagename is android.uid.bluetooth:1002 ,and its permission is false
09-01 14:34:03.300 I/appium  (10741): AppiumResponse: {"sessionId":"a4d7b541-3cc2-4590-a0d7-423994c151e3","value":{"ELEMENT":"c16008cf-5cb3-405b-8312-9dd1b0e10f12","element-6066-11e4-a52e-4f735466cecf":"c16008cf-5cb3-405b-8312-9dd1b0e10f12"}}
09-01 14:34:03.301 V/bt_stack( 8588): [VERBOSE1:btm_ble_gap.cc(1923)] btm_ble_process_ext_adv_pkt: bda=24:65:c8:81:ba:6f
09-01 14:34:03.301 V/bt_stack( 8588): [VERBOSE1:btm_ble_gap.cc(1847)] btm_ble_process_adv_addr: bda=24:65:c8:81:ba:6f
09-01 14:34:03.302 D/BluetoothUtils( 8588): blockedByLocationOff callingUid=1002
09-01 14:34:03.303 I/BluetoothUtils( 8588): packagename is android.uid.bluetooth:1002 ,and its permission is false
09-01 14:34:03.303 D/BluetoothUtils( 8588): blockedByLocationOff callingUid=1002
09-01 14:34:03.303 I/BluetoothUtils( 8588): packagename is android.uid.bluetooth:1002 ,and its permission is false
09-01 14:34:03.304 D/BluetoothUtils( 8588): blockedByLocationOff callingUid=1002
09-01 14:34:03.304 I/BluetoothUtils( 8588): packagename is android.uid.bluetooth:1002 ,and its permission is false
09-01 14:34:03.314 V/bt_stack( 8588): [VERBOSE1:btm_ble_gap.cc(1923)] btm_ble_process_ext_adv_pkt: bda=fb:6c:b6:2d:47:ad
09-01 14:34:03.314 V/bt_stack( 8588): [VERBOSE1:btm_ble_gap.cc(1847)] btm_ble_process_adv_addr: bda=fb:6c:b6:2d:47:ad
09-01 14:34:03.314 V/bt_stack( 8588): [VERBOSE1:btm_ble_gap.cc(2052)]  Waiting for scan response fb:6c:b6:2d:47:ad
09-01 14:34:03.314 V/bt_stack( 8588): [VERBOSE1:btm_ble_gap.cc(1923)] btm_ble_process_ext_adv_pkt: bda=1c:91:72:ba:f7:2e
09-01 14:34:03.314 V/bt_stack( 8588): [VERBOSE1:btm_ble_gap.cc(1847)] btm_ble_process_adv_addr: bda=1c:91:72:ba:f7:2e
09-01 14:34:03.315 D/BluetoothUtils( 8588): blockedByLocationOff callingUid=1002
09-01 14:34:03.316 I/BluetoothUtils( 8588): packagename is android.uid.bluetooth:1002 ,and its permission is false
09-01 14:34:03.316 D/BluetoothUtils( 8588): blockedByLocationOff callingUid=1002
09-01 14:34:03.316 I/BluetoothUtils( 8588): packagename is android.uid.bluetooth:1002 ,and its permission is false
09-01 14:34:03.316 D/BluetoothUtils( 8588): blockedByLocationOff callingUid=1002
09-01 14:34:03.316 I/BluetoothUtils( 8588): packagename is android.uid.bluetooth:1002 ,and its permission is false
09-01 14:34:03.330 V/bt_stack( 8588): [VERBOSE1:btm_ble_gap.cc(1923)] btm_ble_process_ext_adv_pkt: bda=56:e4:da:79:d5:88
09-01 14:34:03.330 V/bt_stack( 8588): [VERBOSE1:btm_ble_gap.cc(1847)] btm_ble_process_adv_addr: bda=56:e4:da:79:d5:88
09-01 14:34:03.330 V/bt_stack( 8588): [VERBOSE1:btm_ble_gap.cc(2052)]  Waiting for scan response 56:e4:da:79:d5:88
09-01 14:34:03.330 V/bt_stack( 8588): [VERBOSE1:btm_ble_gap.cc(1923)] btm_ble_process_ext_adv_pkt: bda=56:e4:da:79:d5:88
09-01 14:34:03.330 V/bt_stack( 8588): [VERBOSE1:btm_ble_gap.cc(1847)] btm_ble_process_adv_addr: bda=56:e4:da:79:d5:88
09-01 14:34:03.331 D/BluetoothUtils( 8588): blockedByLocationOff callingUid=1002
09-01 14:34:03.332 I/BluetoothUtils( 8588): packagename is android.uid.bluetooth:1002 ,and its permission is false
09-01 14:34:03.332 D/BluetoothUtils( 8588): blockedByLocationOff callingUid=1002
09-01 14:34:03.332 V/bt_stack( 8588): [VERBOSE1:btm_ble_gap.cc(1923)] btm_ble_process_ext_adv_pkt: bda=66:3e:07:e0:2b:d4
09-01 14:34:03.332 V/bt_stack( 8588): [VERBOSE1:btm_ble_gap.cc(1847)] btm_ble_process_adv_addr: bda=66:3e:07:e0:2b:d4
09-01 14:34:03.332 V/bt_stack( 8588): [VERBOSE1:btm_ble_gap.cc(2052)]  Waiting for scan response 66:3e:07:e0:2b:d4
09-01 14:34:03.332 V/bt_stack( 8588): [VERBOSE1:btm_ble_gap.cc(1923)] btm_ble_process_ext_adv_pkt: bda=66:3e:07:e0:2b:d4
09-01 14:34:03.332 V/bt_stack( 8588): [VERBOSE1:btm_ble_gap.cc(1847)] btm_ble_process_adv_addr: bda=66:3e:07:e0:2b:d4
09-01 14:34:03.333 I/BluetoothUtils( 8588): packagename is android.uid.bluetooth:1002 ,and its permission is false
09-01 14:34:03.333 D/BluetoothUtils( 8588): blockedByLocationOff callingUid=1002
09-01 14:34:03.333 I/BluetoothUtils( 8588): packagename is android.uid.bluetooth:1002 ,and its permission is false
09-01 14:34:03.334 D/BluetoothUtils( 8588): blockedByLocationOff callingUid=1002
09-01 14:34:03.334 I/BluetoothUtils( 8588): packagename is android.uid.bluetooth:1002 ,and its permission is false
09-01 14:34:03.334 D/BluetoothUtils( 8588): blockedByLocationOff callingUid=1002
09-01 14:34:03.334 I/BluetoothUtils( 8588): packagename is android.uid.bluetooth:1002 ,and its permission is false
09-01 14:34:03.335 D/BluetoothUtils( 8588): blockedByLocationOff callingUid=1002
09-01 14:34:03.335 I/BluetoothUtils( 8588): packagename is android.uid.bluetooth:1002 ,and its permission is false
09-01 14:34:03.372 I/vendor.qti.bluetooth@1.0-ibs_handler(19843): ProcessIbsCmd: Received IBS_SLEEP_IND: 0xFE
09-01 14:34:03.372 D/vendor.qti.bluetooth@1.0-ibs_handler(19843): SerialClockVote: vote for UART CLK OFF
09-01 14:34:03.389 I/appium  (10741): channel read invoked!
09-01 14:34:03.389 I/appium  (10741): channel read: GET /wd/hub/session/a4d7b541-3cc2-4590-a0d7-423994c151e3/element/c16008cf-5cb3-405b-8312-9dd1b0e10f12/attribute/text
09-01 14:34:03.389 I/appium  (10741): get attribute of element command
09-01 14:34:03.399 I/appium  (10741): AppiumResponse: {"sessionId":"a4d7b541-3cc2-4590-a0d7-423994c151e3","value":"今日运动 0分,0.00公里"}
09-01 14:34:03.399 I/vendor.qti.bluetooth@1.0-ibs_handler(19843): ProcessIbsCmd: Received IBS_WAKE_IND: 0xFD
09-01 14:34:03.399 D/vendor.qti.bluetooth@1.0-ibs_handler(19843): SerialClockVote: vote for UART CLK ON
09-01 14:34:03.399 I/vendor.qti.bluetooth@1.0-ibs_handler(19843): ProcessIbsCmd: Writing IBS_WAKE_ACK
09-01 14:34:03.401 V/bt_stack( 8588): [VERBOSE1:btm_ble_gap.cc(1923)] btm_ble_process_ext_adv_pkt: bda=44:73:b6:51:63:17
09-01 14:34:03.401 V/bt_stack( 8588): [VERBOSE1:btm_ble_gap.cc(1847)] btm_ble_process_adv_addr: bda=44:73:b6:51:63:17
09-01 14:34:03.401 V/bt_stack( 8588): [VERBOSE1:btm_ble_gap.cc(2052)]  Waiting for scan response 44:73:b6:51:63:17
09-01 14:34:03.401 V/bt_stack( 8588): [VERBOSE1:btm_ble_gap.cc(1923)] btm_ble_process_ext_adv_pkt: bda=6a:1a:31:28:a4:f8
09-01 14:34:03.401 V/bt_stack( 8588): [VERBOSE1:btm_ble_gap.cc(1847)] btm_ble_process_adv_addr: bda=6a:1a:31:28:a4:f8
09-01 14:34:03.401 V/bt_stack( 8588): [VERBOSE1:btm_ble_gap.cc(1923)] btm_ble_process_ext_adv_pkt: bda=24:65:c8:81:ba:6f
09-01 14:34:03.401 V/bt_stack( 8588): [VERBOSE1:btm_ble_gap.cc(1847)] btm_ble_process_adv_addr: bda=24:65:c8:81:ba:6f
09-01 14:34:03.403 D/BluetoothUtils( 8588): blockedByLocationOff callingUid=1002
09-01 14:34:03.403 I/BluetoothUtils( 8588): packagename is android.uid.bluetooth:1002 ,and its permission is false
09-01 14:34:03.404 D/BluetoothUtils( 8588): blockedByLocationOff callingUid=1002
09-01 14:34:03.404 I/BluetoothUtils( 8588): packagename is android.uid.bluetooth:1002 ,and its permission is false
09-01 14:34:03.404 D/BluetoothUtils( 8588): blockedByLocationOff callingUid=1002
09-01 14:34:03.405 I/BluetoothUtils( 8588): packagename is android.uid.bluetooth:1002 ,and its permission is false
09-01 14:34:03.406 V/bt_stack( 8588): [VERBOSE1:btm_ble_gap.cc(1923)] btm_ble_process_ext_adv_pkt: bda=45:55:7e:66:6f:d0
09-01 14:34:03.406 V/bt_stack( 8588): [VERBOSE1:btm_ble_gap.cc(1847)] btm_ble_process_adv_addr: bda=45:55:7e:66:6f:d0
09-01 14:34:03.406 V/bt_stack( 8588): [VERBOSE1:btm_ble_gap.cc(2052)]  Waiting for scan response 45:55:7e:66:6f:d0
09-01 14:34:03.406 D/BluetoothUtils( 8588): blockedByLocationOff callingUid=1002
09-01 14:34:03.406 V/bt_stack( 8588): [VERBOSE1:btm_ble_gap.cc(1923)] btm_ble_process_ext_adv_pkt: bda=44:ca:73:cc:df:42
09-01 14:34:03.406 V/bt_stack( 8588): [VERBOSE1:btm_ble_gap.cc(1847)] btm_ble_process_adv_addr: bda=44:ca:73:cc:df:42
09-01 14:34:03.407 V/bt_stack( 8588): [VERBOSE1:btm_ble_gap.cc(2052)]  Waiting for scan response 44:ca:73:cc:df:42
09-01 14:34:03.407 I/BluetoothUtils( 8588): packagename is android.uid.bluetooth:1002 ,and its permission is false
09-01 14:34:03.407 D/BluetoothUtils( 8588): blockedByLocationOff callingUid=1002
09-01 14:34:03.407 V/bt_stack( 8588): [VERBOSE1:btm_ble_gap.cc(1923)] btm_ble_process_ext_adv_pkt: bda=44:ca:73:cc:df:42
09-01 14:34:03.407 V/bt_stack( 8588): [VERBOSE1:btm_ble_gap.cc(1847)] btm_ble_process_adv_addr: bda=44:ca:73:cc:df:42
09-01 14:34:03.407 I/BluetoothUtils( 8588): packagename is android.uid.bluetooth:1002 ,and its permission is false
09-01 14:34:03.407 D/BluetoothUtils( 8588): blockedByLocationOff callingUid=1002
09-01 14:34:03.408 I/BluetoothUtils( 8588): packagename is android.uid.bluetooth:1002 ,and its permission is false
09-01 14:34:03.408 D/BluetoothUtils( 8588): blockedByLocationOff callingUid=1002
09-01 14:34:03.409 I/BluetoothUtils( 8588): packagename is android.uid.bluetooth:1002 ,and its permission is false
09-01 14:34:03.409 D/BluetoothUtils( 8588): blockedByLocationOff callingUid=1002
09-01 14:34:03.409 I/BluetoothUtils( 8588): packagename is android.uid.bluetooth:1002 ,and its permission is false
09-01 14:34:03.409 D/BluetoothUtils( 8588): blockedByLocationOff callingUid=1002
09-01 14:34:03.410 I/BluetoothUtils( 8588): packagename is android.uid.bluetooth:1002 ,and its permission is false
09-01 14:34:03.423 V/bt_stack( 8588): [VERBOSE1:btm_ble_gap.cc(1923)] btm_ble_process_ext_adv_pkt: bda=df:ec:9c:aa:d3:3f
09-01 14:34:03.423 V/bt_stack( 8588): [VERBOSE1:btm_ble_gap.cc(1847)] btm_ble_process_adv_addr: bda=df:ec:9c:aa:d3:3f
09-01 14:34:03.423 V/bt_stack( 8588): [VERBOSE1:btm_ble_gap.cc(2052)]  Waiting for scan response df:ec:9c:aa:d3:3f
09-01 14:34:03.427 V/bt_stack( 8588): [VERBOSE1:btm_ble_gap.cc(1923)] btm_ble_process_ext_adv_pkt: bda=55:5a:ee:6f:40:db
09-01 14:34:03.427 V/bt_stack( 8588): [VERBOSE1:btm_ble_gap.cc(1847)] btm_ble_process_adv_addr: bda=55:5a:ee:6f:40:db
09-01 14:34:03.427 V/bt_stack( 8588): [VERBOSE1:btm_ble_gap.cc(2052)]  Waiting for scan response 55:5a:ee:6f:40:db
09-01 14:34:03.429 V/bt_stack( 8588): [VERBOSE1:btm_ble_gap.cc(1923)] btm_ble_process_ext_adv_pkt: bda=78:4f:43:58:80:7a
09-01 14:34:03.429 V/bt_stack( 8588): [VERBOSE1:btm_ble_gap.cc(1847)] btm_ble_process_adv_addr: bda=78:4f:43:58:80:7a
09-01 14:34:03.429 V/bt_stack( 8588): [VERBOSE1:btm_ble_gap.cc(2052)]  Waiting for scan response 78:4f:43:58:80:7a
09-01 14:34:03.430 V/bt_stack( 8588): [VERBOSE1:btm_ble_gap.cc(1923)] btm_ble_process_ext_adv_pkt: bda=63:e7:6b:57:ac:90
09-01 14:34:03.430 V/bt_stack( 8588): [VERBOSE1:btm_ble_gap.cc(1847)] btm_ble_process_adv_addr: bda=63:e7:6b:57:ac:90
09-01 14:34:03.430 V/bt_stack( 8588): [VERBOSE1:btm_ble_gap.cc(2052)]  Waiting for scan response 63:e7:6b:57:ac:90
09-01 14:34:03.430 V/bt_stack( 8588): [VERBOSE1:btm_ble_gap.cc(1923)] btm_ble_process_ext_adv_pkt: bda=63:e7:6b:57:ac:90
09-01 14:34:03.430 V/bt_stack( 8588): [VERBOSE1:btm_ble_gap.cc(1847)] btm_ble_process_adv_addr: bda=63:e7:6b:57:ac:90
09-01 14:34:03.431 D/BluetoothUtils( 8588): blockedByLocationOff callingUid=1002
09-01 14:34:03.432 I/BluetoothUtils( 8588): packagename is android.uid.bluetooth:1002 ,and its permission is false
09-01 14:34:03.433 D/BluetoothUtils( 8588): blockedByLocationOff callingUid=1002
09-01 14:34:03.433 I/BluetoothUtils( 8588): packagename is android.uid.bluetooth:1002 ,and its permission is false
09-01 14:34:03.434 D/BluetoothUtils( 8588): blockedByLocationOff callingUid=1002
09-01 14:34:03.434 I/BluetoothUtils( 8588): packagename is android.uid.bluetooth:1002 ,and its permission is false
09-01 14:34:03.438 I/appium  (10741): channel read invoked!
09-01 14:34:03.438 I/appium  (10741): channel read: POST /wd/hub/session/a4d7b541-3cc2-4590-a0d7-423994c151e3/element
09-01 14:34:03.439 I/appium  (10741): Find element command using 'xpath' with selector '//*[contains(@text, "今日运动")]'.
09-01 14:34:03.440 I/appium  (10741): Waiting up to 10000ms for device to be idle
09-01 14:34:03.458 V/bt_stack( 8588): [VERBOSE1:btm_ble_gap.cc(1923)] btm_ble_process_ext_adv_pkt: bda=7c:7c:58:d5:aa:e1
09-01 14:34:03.458 V/bt_stack( 8588): [VERBOSE1:btm_ble_gap.cc(1847)] btm_ble_process_adv_addr: bda=7c:7c:58:d5:aa:e1
09-01 14:34:03.458 V/bt_stack( 8588): [VERBOSE1:btm_ble_gap.cc(2052)]  Waiting for scan response 7c:7c:58:d5:aa:e1
09-01 14:34:03.458 V/bt_stack( 8588): [VERBOSE1:btm_ble_gap.cc(1923)] btm_ble_process_ext_adv_pkt: bda=3b:30:35:17:9e:fe
09-01 14:34:03.458 V/bt_stack( 8588): [VERBOSE1:btm_ble_gap.cc(1847)] btm_ble_process_adv_addr: bda=3b:30:35:17:9e:fe
09-01 14:34:03.460 D/BluetoothUtils( 8588): blockedByLocationOff callingUid=1002
09-01 14:34:03.460 I/BluetoothUtils( 8588): packagename is android.uid.bluetooth:1002 ,and its permission is false
09-01 14:34:03.461 D/BluetoothUtils( 8588): blockedByLocationOff callingUid=1002
09-01 14:34:03.461 I/BluetoothUtils( 8588): packagename is android.uid.bluetooth:1002 ,and its permission is false
09-01 14:34:03.461 D/BluetoothUtils( 8588): blockedByLocationOff callingUid=1002
09-01 14:34:03.461 V/bt_stack( 8588): [VERBOSE1:btm_ble_gap.cc(1923)] btm_ble_process_ext_adv_pkt: bda=65:4b:eb:fb:21:09
09-01 14:34:03.461 V/bt_stack( 8588): [VERBOSE1:btm_ble_gap.cc(1847)] btm_ble_process_adv_addr: bda=65:4b:eb:fb:21:09
09-01 14:34:03.461 I/BluetoothUtils( 8588): packagename is android.uid.bluetooth:1002 ,and its permission is false
09-01 14:34:03.462 V/bt_stack( 8588): [VERBOSE1:btm_ble_gap.cc(1923)] btm_ble_process_ext_adv_pkt: bda=35:38:49:78:be:f0
09-01 14:34:03.462 V/bt_stack( 8588): [VERBOSE1:btm_ble_gap.cc(1847)] btm_ble_process_adv_addr: bda=35:38:49:78:be:f0
09-01 14:34:03.463 D/BluetoothUtils( 8588): blockedByLocationOff callingUid=1002
09-01 14:34:03.464 V/bt_stack( 8588): [VERBOSE1:btm_ble_gap.cc(1923)] btm_ble_process_ext_adv_pkt: bda=17:7e:29:ab:4e:d0
09-01 14:34:03.464 V/bt_stack( 8588): [VERBOSE1:btm_ble_gap.cc(1847)] btm_ble_process_adv_addr: bda=17:7e:29:ab:4e:d0
09-01 14:34:03.464 I/BluetoothUtils( 8588): packagename is android.uid.bluetooth:1002 ,and its permission is false
09-01 14:34:03.464 D/BluetoothUtils( 8588): blockedByLocationOff callingUid=1002
09-01 14:34:03.465 I/BluetoothUtils( 8588): packagename is android.uid.bluetooth:1002 ,and its permission is false
09-01 14:34:03.465 D/BluetoothUtils( 8588): blockedByLocationOff callingUid=1002
09-01 14:34:03.465 V/bt_stack( 8588): [VERBOSE1:btm_ble_gap.cc(1923)] btm_ble_process_ext_adv_pkt: bda=0a:29:89:b7:c8:4a
09-01 14:34:03.465 V/bt_stack( 8588): [VERBOSE1:btm_ble_gap.cc(1847)] btm_ble_process_adv_addr: bda=0a:29:89:b7:c8:4a
09-01 14:34:03.465 I/BluetoothUtils( 8588): packagename is android.uid.bluetooth:1002 ,and its permission is false
09-01 14:34:03.466 D/BluetoothUtils( 8588): blockedByLocationOff callingUid=1002
09-01 14:34:03.466 I/BluetoothUtils( 8588): packagename is android.uid.bluetooth:1002 ,and its permission is false
09-01 14:34:03.466 D/BluetoothUtils( 8588): blockedByLocationOff callingUid=1002
09-01 14:34:03.467 I/BluetoothUtils( 8588): packagename is android.uid.bluetooth:1002 ,and its permission is false
09-01 14:34:03.467 D/BluetoothUtils( 8588): blockedByLocationOff callingUid=1002
09-01 14:34:03.467 I/BluetoothUtils( 8588): packagename is android.uid.bluetooth:1002 ,and its permission is false
09-01 14:34:03.468 D/BluetoothUtils( 8588): blockedByLocationOff callingUid=1002
09-01 14:34:03.469 I/BluetoothUtils( 8588): packagename is android.uid.bluetooth:1002 ,and its permission is false
09-01 14:34:03.469 D/BluetoothUtils( 8588): blockedByLocationOff callingUid=1002
09-01 14:34:03.469 I/BluetoothUtils( 8588): packagename is android.uid.bluetooth:1002 ,and its permission is false
09-01 14:34:03.470 D/BluetoothUtils( 8588): blockedByLocationOff callingUid=1002
09-01 14:34:03.470 I/BluetoothUtils( 8588): packagename is android.uid.bluetooth:1002 ,and its permission is false
09-01 14:34:03.471 D/BluetoothUtils( 8588): blockedByLocationOff callingUid=1002
09-01 14:34:03.471 I/BluetoothUtils( 8588): packagename is android.uid.bluetooth:1002 ,and its permission is false
09-01 14:34:03.471 D/BluetoothUtils( 8588): blockedByLocationOff callingUid=1002
09-01 14:34:03.471 I/BluetoothUtils( 8588): packagename is android.uid.bluetooth:1002 ,and its permission is false
09-01 14:34:03.472 D/BluetoothUtils( 8588): blockedByLocationOff callingUid=1002
09-01 14:34:03.472 I/BluetoothUtils( 8588): packagename is android.uid.bluetooth:1002 ,and its permission is false
09-01 14:34:03.487 V/bt_stack( 8588): [VERBOSE1:btm_ble_gap.cc(1923)] btm_ble_process_ext_adv_pkt: bda=d3:e3:41:80:f1:8d
09-01 14:34:03.487 V/bt_stack( 8588): [VERBOSE1:btm_ble_gap.cc(1847)] btm_ble_process_adv_addr: bda=d3:e3:41:80:f1:8d
09-01 14:34:03.487 V/bt_stack( 8588): [VERBOSE1:btm_ble_gap.cc(2052)]  Waiting for scan response d3:e3:41:80:f1:8d
09-01 14:34:03.487 V/bt_stack( 8588): [VERBOSE1:btm_ble_gap.cc(1923)] btm_ble_process_ext_adv_pkt: bda=d3:e3:41:80:f1:8d
09-01 14:34:03.487 V/bt_stack( 8588): [VERBOSE1:btm_ble_gap.cc(1847)] btm_ble_process_adv_addr: bda=d3:e3:41:80:f1:8d
09-01 14:34:03.488 D/BluetoothUtils( 8588): blockedByLocationOff callingUid=1002
09-01 14:34:03.489 I/BluetoothUtils( 8588): packagename is android.uid.bluetooth:1002 ,and its permission is false
09-01 14:34:03.489 D/BluetoothUtils( 8588): blockedByLocationOff callingUid=1002
09-01 14:34:03.489 I/BluetoothUtils( 8588): packagename is android.uid.bluetooth:1002 ,and its permission is false
09-01 14:34:03.490 D/BluetoothUtils( 8588): blockedByLocationOff callingUid=1002
09-01 14:34:03.490 I/BluetoothUtils( 8588): packagename is android.uid.bluetooth:1002 ,and its permission is false
09-01 14:34:03.494 V/bt_stack( 8588): [VERBOSE1:btm_ble_gap.cc(1923)] btm_ble_process_ext_adv_pkt: bda=0c:39:e9:d5:de:20
09-01 14:34:03.494 V/bt_stack( 8588): [VERBOSE1:btm_ble_gap.cc(1847)] btm_ble_process_adv_addr: bda=0c:39:e9:d5:de:20
09-01 14:34:03.495 D/BluetoothUtils( 8588): blockedByLocationOff callingUid=1002
09-01 14:34:03.496 I/BluetoothUtils( 8588): packagename is android.uid.bluetooth:1002 ,and its permission is false
09-01 14:34:03.496 D/BluetoothUtils( 8588): blockedByLocationOff callingUid=1002
09-01 14:34:03.496 I/BluetoothUtils( 8588): packagename is android.uid.bluetooth:1002 ,and its permission is false
09-01 14:34:03.497 D/BluetoothUtils( 8588): blockedByLocationOff callingUid=1002
09-01 14:34:03.497 I/BluetoothUtils( 8588): packagename is android.uid.bluetooth:1002 ,and its permission is false
09-01 14:34:03.502 V/bt_stack( 8588): [VERBOSE1:btm_ble_gap.cc(1923)] btm_ble_process_ext_adv_pkt: bda=07:e4:7f:b4:5f:d9
09-01 14:34:03.502 V/bt_stack( 8588): [VERBOSE1:btm_ble_gap.cc(1847)] btm_ble_process_adv_addr: bda=07:e4:7f:b4:5f:d9
09-01 14:34:03.503 D/BluetoothUtils( 8588): blockedByLocationOff callingUid=1002
09-01 14:34:03.503 I/BluetoothUtils( 8588): packagename is android.uid.bluetooth:1002 ,and its permission is false
09-01 14:34:03.503 D/BluetoothUtils( 8588): blockedByLocationOff callingUid=1002
09-01 14:34:03.504 I/BluetoothUtils( 8588): packagename is android.uid.bluetooth:1002 ,and its permission is false
09-01 14:34:03.504 D/BluetoothUtils( 8588): blockedByLocationOff callingUid=1002
09-01 14:34:03.504 I/BluetoothUtils( 8588): packagename is android.uid.bluetooth:1002 ,and its permission is false
