09-01 14:34:03.883 V/bt_stack( 8588): [VERBOSE1:btm_ble_gap.cc(1847)] btm_ble_process_adv_addr: bda=2a:1b:52:ac:62:5d
09-01 14:34:03.884 V/bt_stack( 8588): [VERBOSE1:btm_ble_gap.cc(1923)] btm_ble_process_ext_adv_pkt: bda=3b:30:35:17:9e:fe
09-01 14:34:03.884 V/bt_stack( 8588): [VERBOSE1:btm_ble_gap.cc(1847)] btm_ble_process_adv_addr: bda=3b:30:35:17:9e:fe
09-01 14:34:03.884 D/BluetoothUtils( 8588): blockedByLocationOff callingUid=1002
09-01 14:34:03.884 I/BluetoothUtils( 8588): packagename is android.uid.bluetooth:1002 ,and its permission is false
09-01 14:34:03.884 D/BluetoothUtils( 8588): blockedByLocationOff callingUid=1002
09-01 14:34:03.885 I/BluetoothUtils( 8588): packagename is android.uid.bluetooth:1002 ,and its permission is false
09-01 14:34:03.885 D/BluetoothUtils( 8588): blockedByLocationOff callingUid=1002
09-01 14:34:03.885 I/BluetoothUtils( 8588): packagename is android.uid.bluetooth:1002 ,and its permission is false
09-01 14:34:03.886 D/BluetoothUtils( 8588): blockedByLocationOff callingUid=1002
09-01 14:34:03.886 I/BluetoothUtils( 8588): packagename is android.uid.bluetooth:1002 ,and its permission is false
09-01 14:34:03.886 D/BluetoothUtils( 8588): blockedByLocationOff callingUid=1002
09-01 14:34:03.886 I/BluetoothUtils( 8588): packagename is android.uid.bluetooth:1002 ,and its permission is false
09-01 14:34:03.887 D/BluetoothUtils( 8588): blockedByLocationOff callingUid=1002
09-01 14:34:03.887 I/BluetoothUtils( 8588): packagename is android.uid.bluetooth:1002 ,and its permission is false
09-01 14:34:03.887 V/bt_stack( 8588): [VERBOSE1:btm_ble_gap.cc(1923)] btm_ble_process_ext_adv_pkt: bda=01:f5:30:c0:9b:7a
09-01 14:34:03.887 V/bt_stack( 8588): [VERBOSE1:btm_ble_gap.cc(1847)] btm_ble_process_adv_addr: bda=01:f5:30:c0:9b:7a
09-01 14:34:03.888 D/BluetoothUtils( 8588): blockedByLocationOff callingUid=1002
09-01 14:34:03.888 I/BluetoothUtils( 8588): packagename is android.uid.bluetooth:1002 ,and its permission is false
09-01 14:34:03.888 D/BluetoothUtils( 8588): blockedByLocationOff callingUid=1002
09-01 14:34:03.889 I/BluetoothUtils( 8588): packagename is android.uid.bluetooth:1002 ,and its permission is false
09-01 14:34:03.889 D/BluetoothUtils( 8588): blockedByLocationOff callingUid=1002
09-01 14:34:03.889 I/BluetoothUtils( 8588): packagename is android.uid.bluetooth:1002 ,and its permission is false
09-01 14:34:03.901 V/bt_stack( 8588): [VERBOSE1:btm_ble_gap.cc(1923)] btm_ble_process_ext_adv_pkt: bda=56:e4:da:79:d5:88
09-01 14:34:03.901 V/bt_stack( 8588): [VERBOSE1:btm_ble_gap.cc(1847)] btm_ble_process_adv_addr: bda=56:e4:da:79:d5:88
09-01 14:34:03.901 V/bt_stack( 8588): [VERBOSE1:btm_ble_gap.cc(2052)]  Waiting for scan response 56:e4:da:79:d5:88
09-01 14:34:03.901 V/bt_stack( 8588): [VERBOSE1:btm_ble_gap.cc(1923)] btm_ble_process_ext_adv_pkt: bda=53:f2:a2:69:23:e6
09-01 14:34:03.901 V/bt_stack( 8588): [VERBOSE1:btm_ble_gap.cc(1847)] btm_ble_process_adv_addr: bda=53:f2:a2:69:23:e6
09-01 14:34:03.902 D/BluetoothUtils( 8588): blockedByLocationOff callingUid=1002
09-01 14:34:03.902 I/BluetoothUtils( 8588): packagename is android.uid.bluetooth:1002 ,and its permission is false
09-01 14:34:03.902 I/SplashScreenServiceDelegate( 1639): None for com.xiaomi.hm.health
09-01 14:34:03.902 D/BluetoothUtils( 8588): blockedByLocationOff callingUid=1002
09-01 14:34:03.902 I/BluetoothUtils( 8588): packagename is android.uid.bluetooth:1002 ,and its permission is false
09-01 14:34:03.902 D/BluetoothUtils( 8588): blockedByLocationOff callingUid=1002
09-01 14:34:03.903 I/BluetoothUtils( 8588): packagename is android.uid.bluetooth:1002 ,and its permission is false
09-01 14:34:03.905 V/bt_stack( 8588): [VERBOSE1:btm_ble_gap.cc(1923)] btm_ble_process_ext_adv_pkt: bda=38:f9:d3:45:87:1e
09-01 14:34:03.905 V/bt_stack( 8588): [VERBOSE1:btm_ble_gap.cc(1847)] btm_ble_process_adv_addr: bda=38:f9:d3:45:87:1e
09-01 14:34:03.905 V/bt_stack( 8588): [VERBOSE1:btm_ble_gap.cc(2052)]  Waiting for scan response 38:f9:d3:45:87:1e
09-01 14:34:03.905 V/bt_stack( 8588): [VERBOSE1:btm_ble_gap.cc(1923)] btm_ble_process_ext_adv_pkt: bda=38:f9:d3:45:87:1e
09-01 14:34:03.906 V/bt_stack( 8588): [VERBOSE1:btm_ble_gap.cc(1847)] btm_ble_process_adv_addr: bda=38:f9:d3:45:87:1e
09-01 14:34:03.906 D/BluetoothUtils( 8588): blockedByLocationOff callingUid=1002
09-01 14:34:03.906 I/BluetoothUtils( 8588): packagename is android.uid.bluetooth:1002 ,and its permission is false
09-01 14:34:03.907 D/BluetoothUtils( 8588): blockedByLocationOff callingUid=1002
09-01 14:34:03.907 I/BluetoothUtils( 8588): packagename is android.uid.bluetooth:1002 ,and its permission is false
09-01 14:34:03.907 D/BluetoothUtils( 8588): blockedByLocationOff callingUid=1002
09-01 14:34:03.907 I/BluetoothUtils( 8588): packagename is android.uid.bluetooth:1002 ,and its permission is false
09-01 14:34:03.913 V/AsyncHttpResponse(10791): Progress 3637 from 4914 (74%)
09-01 14:34:03.913 V/bt_stack( 8588): [VERBOSE1:btm_ble_gap.cc(1923)] btm_ble_process_ext_adv_pkt: bda=0c:39:e9:d5:de:20
09-01 14:34:03.913 V/bt_stack( 8588): [VERBOSE1:btm_ble_gap.cc(1847)] btm_ble_process_adv_addr: bda=0c:39:e9:d5:de:20
09-01 14:34:03.913 V/AsyncHttpResponse(10791): Progress 4914 from 4914 (100%)
09-01 14:34:03.914 D/BluetoothUtils( 8588): blockedByLocationOff callingUid=1002
09-01 14:34:03.914 I/BluetoothUtils( 8588): packagename is android.uid.bluetooth:1002 ,and its permission is false
09-01 14:34:03.914 D/BluetoothUtils( 8588): blockedByLocationOff callingUid=1002
09-01 14:34:03.915 I/BluetoothUtils( 8588): packagename is android.uid.bluetooth:1002 ,and its permission is false
09-01 14:34:03.915 D/BluetoothUtils( 8588): blockedByLocationOff callingUid=1002
09-01 14:34:03.915 I/BluetoothUtils( 8588): packagename is android.uid.bluetooth:1002 ,and its permission is false
09-01 14:34:03.916 V/bt_stack( 8588): [VERBOSE1:btm_ble_gap.cc(1923)] btm_ble_process_ext_adv_pkt: bda=0b:95:8c:38:8d:43
09-01 14:34:03.916 V/bt_stack( 8588): [VERBOSE1:btm_ble_gap.cc(1847)] btm_ble_process_adv_addr: bda=0b:95:8c:38:8d:43
09-01 14:34:03.917 V/AsyncHttpResponse(10791): Progress 1421 from 1421 (100%)
09-01 14:34:03.917 D/BluetoothUtils( 8588): blockedByLocationOff callingUid=1002
09-01 14:34:03.917 I/BluetoothUtils( 8588): packagename is android.uid.bluetooth:1002 ,and its permission is false
09-01 14:34:03.917 D/BluetoothUtils( 8588): blockedByLocationOff callingUid=1002
09-01 14:34:03.918 I/BluetoothUtils( 8588): packagename is android.uid.bluetooth:1002 ,and its permission is false
09-01 14:34:03.918 D/BluetoothUtils( 8588): blockedByLocationOff callingUid=1002
09-01 14:34:03.918 I/BluetoothUtils( 8588): packagename is android.uid.bluetooth:1002 ,and its permission is false
09-01 14:34:03.924 V/bt_stack( 8588): [VERBOSE1:btm_ble_gap.cc(1923)] btm_ble_process_ext_adv_pkt: bda=07:e4:7f:b4:5f:d9
09-01 14:34:03.924 V/bt_stack( 8588): [VERBOSE1:btm_ble_gap.cc(1847)] btm_ble_process_adv_addr: bda=07:e4:7f:b4:5f:d9
09-01 14:34:03.925 D/BluetoothUtils( 8588): blockedByLocationOff callingUid=1002
09-01 14:34:03.925 I/BluetoothUtils( 8588): packagename is android.uid.bluetooth:1002 ,and its permission is false
09-01 14:34:03.926 D/BluetoothUtils( 8588): blockedByLocationOff callingUid=1002
09-01 14:34:03.926 I/BluetoothUtils( 8588): packagename is android.uid.bluetooth:1002 ,and its permission is false
09-01 14:34:03.926 D/BluetoothUtils( 8588): blockedByLocationOff callingUid=1002
09-01 14:34:03.926 I/BluetoothUtils( 8588): packagename is android.uid.bluetooth:1002 ,and its permission is false
09-01 14:34:03.930 V/bt_stack( 8588): [VERBOSE1:btm_ble_gap.cc(1923)] btm_ble_process_ext_adv_pkt: bda=6a:1a:31:28:a4:f8
09-01 14:34:03.930 V/bt_stack( 8588): [VERBOSE1:btm_ble_gap.cc(1847)] btm_ble_process_adv_addr: bda=6a:1a:31:28:a4:f8
09-01 14:34:03.931 D/BluetoothUtils( 8588): blockedByLocationOff callingUid=1002
09-01 14:34:03.931 I/BluetoothUtils( 8588): packagename is android.uid.bluetooth:1002 ,and its permission is false
09-01 14:34:03.932 D/BluetoothUtils( 8588): blockedByLocationOff callingUid=1002
09-01 14:34:03.932 I/BluetoothUtils( 8588): packagename is android.uid.bluetooth:1002 ,and its permission is false
09-01 14:34:03.932 D/BluetoothUtils( 8588): blockedByLocationOff callingUid=1002
09-01 14:34:03.932 I/BluetoothUtils( 8588): packagename is android.uid.bluetooth:1002 ,and its permission is false
09-01 14:34:03.936 V/bt_stack( 8588): [VERBOSE1:btm_ble_gap.cc(1923)] btm_ble_process_ext_adv_pkt: bda=1c:91:72:ba:f7:2e
09-01 14:34:03.936 V/bt_stack( 8588): [VERBOSE1:btm_ble_gap.cc(1847)] btm_ble_process_adv_addr: bda=1c:91:72:ba:f7:2e
09-01 14:34:03.937 D/BluetoothUtils( 8588): blockedByLocationOff callingUid=1002
09-01 14:34:03.937 V/bt_stack( 8588): [VERBOSE1:btm_ble_gap.cc(1923)] btm_ble_process_ext_adv_pkt: bda=1b:39:55:3e:e3:6c
09-01 14:34:03.937 V/bt_stack( 8588): [VERBOSE1:btm_ble_gap.cc(1847)] btm_ble_process_adv_addr: bda=1b:39:55:3e:e3:6c
09-01 14:34:03.937 I/BluetoothUtils( 8588): packagename is android.uid.bluetooth:1002 ,and its permission is false
09-01 14:34:03.937 D/BluetoothUtils( 8588): blockedByLocationOff callingUid=1002
09-01 14:34:03.937 I/BluetoothUtils( 8588): packagename is android.uid.bluetooth:1002 ,and its permission is false
09-01 14:34:03.937 D/BluetoothUtils( 8588): blockedByLocationOff callingUid=1002
09-01 14:34:03.938 I/BluetoothUtils( 8588): packagename is android.uid.bluetooth:1002 ,and its permission is false
09-01 14:34:03.938 D/BluetoothUtils( 8588): blockedByLocationOff callingUid=1002
09-01 14:34:03.939 I/BluetoothUtils( 8588): packagename is android.uid.bluetooth:1002 ,and its permission is false
09-01 14:34:03.939 D/BluetoothUtils( 8588): blockedByLocationOff callingUid=1002
09-01 14:34:03.939 I/BluetoothUtils( 8588): packagename is android.uid.bluetooth:1002 ,and its permission is false
09-01 14:34:03.939 D/BluetoothUtils( 8588): blockedByLocationOff callingUid=1002
09-01 14:34:03.939 I/BluetoothUtils( 8588): packagename is android.uid.bluetooth:1002 ,and its permission is false
09-01 14:34:03.940 W/System.err(10791): java.lang.IllegalStateException: 从网络请求运动、训练历史记录数据无变化，无需更新UI
09-01 14:34:03.940 W/System.err(10791): 	at com.xiaomi.hm.health.ui.sportfitness.O000000o.O000000o(ExerciseHistoryFragment.java:636)
09-01 14:34:03.940 W/System.err(10791): 	at com.xiaomi.hm.health.ui.sportfitness.O000000o.lambda$p30pktQxlFyB6v2jb0Y10IdF1Rs(Unknown Source:0)
09-01 14:34:03.940 W/System.err(10791): 	at com.xiaomi.hm.health.ui.sportfitness.-$$Lambda$O000000o$p30pktQxlFyB6v2jb0Y10IdF1Rs.call(Unknown Source:4)
09-01 14:34:03.940 W/System.err(10791): 	at rx.internal.O00000Oo.O00Oo0OO$O000000o.O000000o(OnSubscribeMap.java:69)
09-01 14:34:03.940 W/System.err(10791): 	at rx.internal.O00000Oo.OO0000$O000000o.call(OperatorObserveOn.java:224)
09-01 14:34:03.940 W/System.err(10791): 	at rx.internal.O00000o.O000000o$O00000Oo$1.call(CachedThreadScheduler.java:230)
09-01 14:34:03.940 W/System.err(10791): 	at rx.internal.O00000o.O0000o0.run(ScheduledAction.java:55)
09-01 14:34:03.940 W/System.err(10791): 	at java.util.concurrent.Executors$RunnableAdapter.call(Executors.java:462)
09-01 14:34:03.940 W/System.err(10791): 	at java.util.concurrent.FutureTask.run(FutureTask.java:266)
09-01 14:34:03.940 W/System.err(10791): 	at java.util.concurrent.ScheduledThreadPoolExecutor$ScheduledFutureTask.run(ScheduledThreadPoolExecutor.java:301)
09-01 14:34:03.940 W/System.err(10791): 	at java.util.concurrent.ThreadPoolExecutor.runWorker(ThreadPoolExecutor.java:1167)
09-01 14:34:03.940 W/System.err(10791): 	at java.util.concurrent.ThreadPoolExecutor$Worker.run(ThreadPoolExecutor.java:641)
09-01 14:34:03.940 W/System.err(10791): 	at java.lang.Thread.run(Thread.java:919)
09-01 14:34:03.940 W/System.err(10791): Caused by: rx.O00000o0.O0000Oo$O000000o: OnError while emitting onNext value: null
09-01 14:34:03.940 W/System.err(10791): 	at rx.internal.O00000Oo.O00Oo0OO$O000000o.O000000o(OnSubscribeMap.java:73)
09-01 14:34:03.940 W/System.err(10791): 	... 9 more
09-01 14:34:03.945 V/bt_stack( 8588): [VERBOSE1:btm_ble_gap.cc(1923)] btm_ble_process_ext_adv_pkt: bda=36:c9:49:a0:b6:9d
09-01 14:34:03.945 V/bt_stack( 8588): [VERBOSE1:btm_ble_gap.cc(1847)] btm_ble_process_adv_addr: bda=36:c9:49:a0:b6:9d
09-01 14:34:03.946 D/BluetoothUtils( 8588): blockedByLocationOff callingUid=1002
09-01 14:34:03.946 I/BluetoothUtils( 8588): packagename is android.uid.bluetooth:1002 ,and its permission is false
09-01 14:34:03.946 D/BluetoothUtils( 8588): blockedByLocationOff callingUid=1002
09-01 14:34:03.946 I/BluetoothUtils( 8588): packagename is android.uid.bluetooth:1002 ,and its permission is false
09-01 14:34:03.947 D/BluetoothUtils( 8588): blockedByLocationOff callingUid=1002
09-01 14:34:03.947 I/BluetoothUtils( 8588): packagename is android.uid.bluetooth:1002 ,and its permission is false
09-01 14:34:03.951 V/bt_stack( 8588): [VERBOSE1:btm_ble_gap.cc(1923)] btm_ble_process_ext_adv_pkt: bda=45:55:7e:66:6f:d0
09-01 14:34:03.951 V/bt_stack( 8588): [VERBOSE1:btm_ble_gap.cc(1847)] btm_ble_process_adv_addr: bda=45:55:7e:66:6f:d0
09-01 14:34:03.951 V/bt_stack( 8588): [VERBOSE1:btm_ble_gap.cc(2052)]  Waiting for scan response 45:55:7e:66:6f:d0
09-01 14:34:03.951 V/bt_stack( 8588): [VERBOSE1:btm_ble_gap.cc(1923)] btm_ble_process_ext_adv_pkt: bda=45:55:7e:66:6f:d0
09-01 14:34:03.951 V/bt_stack( 8588): [VERBOSE1:btm_ble_gap.cc(1847)] btm_ble_process_adv_addr: bda=45:55:7e:66:6f:d0
09-01 14:34:03.952 D/BluetoothUtils( 8588): blockedByLocationOff callingUid=1002
09-01 14:34:03.952 I/BluetoothUtils( 8588): packagename is android.uid.bluetooth:1002 ,and its permission is false
09-01 14:34:03.952 D/BluetoothUtils( 8588): blockedByLocationOff callingUid=1002
09-01 14:34:03.953 I/BluetoothUtils( 8588): packagename is android.uid.bluetooth:1002 ,and its permission is false
09-01 14:34:03.953 D/BluetoothUtils( 8588): blockedByLocationOff callingUid=1002
09-01 14:34:03.953 I/BluetoothUtils( 8588): packagename is android.uid.bluetooth:1002 ,and its permission is false
09-01 14:34:03.954 V/bt_stack( 8588): [VERBOSE1:btm_ble_gap.cc(1923)] btm_ble_process_ext_adv_pkt: bda=44:ca:73:cc:df:42
09-01 14:34:03.955 V/bt_stack( 8588): [VERBOSE1:btm_ble_gap.cc(1847)] btm_ble_process_adv_addr: bda=44:ca:73:cc:df:42
09-01 14:34:03.955 V/bt_stack( 8588): [VERBOSE1:btm_ble_gap.cc(2052)]  Waiting for scan response 44:ca:73:cc:df:42
09-01 14:34:03.955 V/bt_stack( 8588): [VERBOSE1:btm_ble_gap.cc(1923)] btm_ble_process_ext_adv_pkt: bda=44:ca:73:cc:df:42
09-01 14:34:03.955 V/bt_stack( 8588): [VERBOSE1:btm_ble_gap.cc(1847)] btm_ble_process_adv_addr: bda=44:ca:73:cc:df:42
09-01 14:34:03.955 D/BluetoothUtils( 8588): blockedByLocationOff callingUid=1002
09-01 14:34:03.956 I/BluetoothUtils( 8588): packagename is android.uid.bluetooth:1002 ,and its permission is false
09-01 14:34:03.956 D/BluetoothUtils( 8588): blockedByLocationOff callingUid=1002
09-01 14:34:03.956 I/BluetoothUtils( 8588): packagename is android.uid.bluetooth:1002 ,and its permission is false
09-01 14:34:03.956 D/BluetoothUtils( 8588): blockedByLocationOff callingUid=1002
09-01 14:34:03.956 I/BluetoothUtils( 8588): packagename is android.uid.bluetooth:1002 ,and its permission is false
09-01 14:34:03.966 V/AsyncHttpResponse(10791): Progress 205 from 205 (100%)
09-01 14:34:03.967 V/AsyncHttpResponse(10791): Progress 100 from 100 (100%)
09-01 14:34:03.981 V/bt_stack( 8588): [VERBOSE1:btm_ble_gap.cc(1923)] btm_ble_process_ext_adv_pkt: bda=4b:2f:6d:75:86:77
09-01 14:34:03.982 V/bt_stack( 8588): [VERBOSE1:btm_ble_gap.cc(1847)] btm_ble_process_adv_addr: bda=4b:2f:6d:75:86:77
09-01 14:34:03.982 V/bt_stack( 8588): [VERBOSE1:btm_ble_gap.cc(2052)]  Waiting for scan response 4b:2f:6d:75:86:77
09-01 14:34:03.982 V/bt_stack( 8588): [VERBOSE1:btm_ble_gap.cc(1923)] btm_ble_process_ext_adv_pkt: bda=19:30:6d:c4:b5:5b
09-01 14:34:03.982 V/bt_stack( 8588): [VERBOSE1:btm_ble_gap.cc(1847)] btm_ble_process_adv_addr: bda=19:30:6d:c4:b5:5b
09-01 14:34:03.983 D/BluetoothUtils( 8588): blockedByLocationOff callingUid=1002
09-01 14:34:03.984 I/BluetoothUtils( 8588): packagename is android.uid.bluetooth:1002 ,and its permission is false
09-01 14:34:03.984 D/BluetoothUtils( 8588): blockedByLocationOff callingUid=1002
09-01 14:34:03.984 I/BluetoothUtils( 8588): packagename is android.uid.bluetooth:1002 ,and its permission is false
09-01 14:34:03.984 D/BluetoothUtils( 8588): blockedByLocationOff callingUid=1002
09-01 14:34:03.985 I/BluetoothUtils( 8588): packagename is android.uid.bluetooth:1002 ,and its permission is false
09-01 14:34:03.986 V/bt_stack( 8588): [VERBOSE1:btm_ble_gap.cc(1923)] btm_ble_process_ext_adv_pkt: bda=17:7e:29:ab:4e:d0
09-01 14:34:03.986 V/bt_stack( 8588): [VERBOSE1:btm_ble_gap.cc(1847)] btm_ble_process_adv_addr: bda=17:7e:29:ab:4e:d0
09-01 14:34:03.987 D/BluetoothUtils( 8588): blockedByLocationOff callingUid=1002
09-01 14:34:03.987 I/BluetoothUtils( 8588): packagename is android.uid.bluetooth:1002 ,and its permission is false
09-01 14:34:03.987 D/BluetoothUtils( 8588): blockedByLocationOff callingUid=1002
09-01 14:34:03.987 I/BluetoothUtils( 8588): packagename is android.uid.bluetooth:1002 ,and its permission is false
09-01 14:34:03.987 V/bt_stack( 8588): [VERBOSE1:btm_ble_gap.cc(1923)] btm_ble_process_ext_adv_pkt: bda=3b:30:35:17:9e:fe
09-01 14:34:03.987 D/BluetoothUtils( 8588): blockedByLocationOff callingUid=1002
09-01 14:34:03.988 V/bt_stack( 8588): [VERBOSE1:btm_ble_gap.cc(1847)] btm_ble_process_adv_addr: bda=3b:30:35:17:9e:fe
09-01 14:34:03.988 I/BluetoothUtils( 8588): packagename is android.uid.bluetooth:1002 ,and its permission is false
09-01 14:34:03.988 D/BluetoothUtils( 8588): blockedByLocationOff callingUid=1002
09-01 14:34:03.989 I/BluetoothUtils( 8588): packagename is android.uid.bluetooth:1002 ,and its permission is false
09-01 14:34:03.989 D/BluetoothUtils( 8588): blockedByLocationOff callingUid=1002
09-01 14:34:03.989 I/BluetoothUtils( 8588): packagename is android.uid.bluetooth:1002 ,and its permission is false
09-01 14:34:03.989 D/BluetoothUtils( 8588): blockedByLocationOff callingUid=1002
09-01 14:34:03.989 I/BluetoothUtils( 8588): packagename is android.uid.bluetooth:1002 ,and its permission is false
09-01 14:34:03.990 V/bt_stack( 8588): [VERBOSE1:btm_ble_gap.cc(1923)] btm_ble_process_ext_adv_pkt: bda=7c:7c:58:d5:aa:e1
09-01 14:34:03.990 V/bt_stack( 8588): [VERBOSE1:btm_ble_gap.cc(1847)] btm_ble_process_adv_addr: bda=7c:7c:58:d5:aa:e1
09-01 14:34:03.990 V/bt_stack( 8588): [VERBOSE1:btm_ble_gap.cc(2052)]  Waiting for scan response 7c:7c:58:d5:aa:e1
09-01 14:34:04.006 V/bt_stack( 8588): [VERBOSE1:btm_ble_gap.cc(1923)] btm_ble_process_ext_adv_pkt: bda=7c:ed:2d:b6:cf:30
09-01 14:34:04.006 V/bt_stack( 8588): [VERBOSE1:btm_ble_gap.cc(1847)] btm_ble_process_adv_addr: bda=7c:ed:2d:b6:cf:30
09-01 14:34:04.006 V/bt_stack( 8588): [VERBOSE1:btm_ble_gap.cc(2052)]  Waiting for scan response 7c:ed:2d:b6:cf:30
09-01 14:34:04.006 V/bt_stack( 8588): [VERBOSE1:btm_ble_gap.cc(1923)] btm_ble_process_ext_adv_pkt: bda=2c:e0:b3:78:83:e3
09-01 14:34:04.006 V/bt_stack( 8588): [VERBOSE1:btm_ble_gap.cc(1847)] btm_ble_process_adv_addr: bda=2c:e0:b3:78:83:e3
09-01 14:34:04.007 D/BluetoothUtils( 8588): blockedByLocationOff callingUid=1002
09-01 14:34:04.007 I/BluetoothUtils( 8588): packagename is android.uid.bluetooth:1002 ,and its permission is false
09-01 14:34:04.007 D/BluetoothUtils( 8588): blockedByLocationOff callingUid=1002
09-01 14:34:04.007 I/BluetoothUtils( 8588): packagename is android.uid.bluetooth:1002 ,and its permission is false
09-01 14:34:04.007 D/BluetoothUtils( 8588): blockedByLocationOff callingUid=1002
09-01 14:34:04.008 I/BluetoothUtils( 8588): packagename is android.uid.bluetooth:1002 ,and its permission is false
09-01 14:34:04.021 V/bt_stack( 8588): [VERBOSE1:btm_ble_gap.cc(1923)] btm_ble_process_ext_adv_pkt: bda=0b:95:8c:38:8d:43
09-01 14:34:04.021 V/bt_stack( 8588): [VERBOSE1:btm_ble_gap.cc(1847)] btm_ble_process_adv_addr: bda=0b:95:8c:38:8d:43
09-01 14:34:04.022 D/BluetoothUtils( 8588): blockedByLocationOff callingUid=1002
09-01 14:34:04.022 I/BluetoothUtils( 8588): packagename is android.uid.bluetooth:1002 ,and its permission is false
09-01 14:34:04.022 D/BluetoothUtils( 8588): blockedByLocationOff callingUid=1002
09-01 14:34:04.022 I/BluetoothUtils( 8588): packagename is android.uid.bluetooth:1002 ,and its permission is false
09-01 14:34:04.022 D/BluetoothUtils( 8588): blockedByLocationOff callingUid=1002
09-01 14:34:04.023 I/BluetoothUtils( 8588): packagename is android.uid.bluetooth:1002 ,and its permission is false
09-01 14:34:04.032 V/bt_stack( 8588): [VERBOSE1:btm_ble_gap.cc(1923)] btm_ble_process_ext_adv_pkt: bda=58:d0:f0:96:be:49
09-01 14:34:04.033 V/bt_stack( 8588): [VERBOSE1:btm_ble_gap.cc(1847)] btm_ble_process_adv_addr: bda=58:d0:f0:96:be:49
09-01 14:34:04.033 V/bt_stack( 8588): [VERBOSE1:btm_ble_gap.cc(2052)]  Waiting for scan response 58:d0:f0:96:be:49
09-01 14:34:04.033 V/bt_stack( 8588): [VERBOSE1:btm_ble_gap.cc(1923)] btm_ble_process_ext_adv_pkt: bda=07:e4:7f:b4:5f:d9
09-01 14:34:04.033 V/bt_stack( 8588): [VERBOSE1:btm_ble_gap.cc(1847)] btm_ble_process_adv_addr: bda=07:e4:7f:b4:5f:d9
09-01 14:34:04.033 D/BluetoothUtils( 8588): blockedByLocationOff callingUid=1002
09-01 14:34:04.034 I/BluetoothUtils( 8588): packagename is android.uid.bluetooth:1002 ,and its permission is false
09-01 14:34:04.034 D/BluetoothUtils( 8588): blockedByLocationOff callingUid=1002
09-01 14:34:04.034 I/BluetoothUtils( 8588): packagename is android.uid.bluetooth:1002 ,and its permission is false
09-01 14:34:04.034 D/BluetoothUtils( 8588): blockedByLocationOff callingUid=1002
09-01 14:34:04.034 I/BluetoothUtils( 8588): packagename is android.uid.bluetooth:1002 ,and its permission is false
09-01 14:34:04.036 V/bt_stack( 8588): [VERBOSE1:btm_ble_gap.cc(1923)] btm_ble_process_ext_adv_pkt: bda=5d:4a:e1:72:21:47
09-01 14:34:04.036 V/bt_stack( 8588): [VERBOSE1:btm_ble_gap.cc(1847)] btm_ble_process_adv_addr: bda=5d:4a:e1:72:21:47
09-01 14:34:04.036 V/bt_stack( 8588): [VERBOSE1:btm_ble_gap.cc(2052)]  Waiting for scan response 5d:4a:e1:72:21:47
09-01 14:34:04.036 V/bt_stack( 8588): [VERBOSE1:btm_ble_gap.cc(1923)] btm_ble_process_ext_adv_pkt: bda=5d:4a:e1:72:21:47
09-01 14:34:04.036 V/bt_stack( 8588): [VERBOSE1:btm_ble_gap.cc(1847)] btm_ble_process_adv_addr: bda=5d:4a:e1:72:21:47
09-01 14:34:04.036 D/BluetoothUtils( 8588): blockedByLocationOff callingUid=1002
09-01 14:34:04.037 I/BluetoothUtils( 8588): packagename is android.uid.bluetooth:1002 ,and its permission is false
09-01 14:34:04.037 D/BluetoothUtils( 8588): blockedByLocationOff callingUid=1002
09-01 14:34:04.037 I/BluetoothUtils( 8588): packagename is android.uid.bluetooth:1002 ,and its permission is false
09-01 14:34:04.037 D/BluetoothUtils( 8588): blockedByLocationOff callingUid=1002
09-01 14:34:04.037 I/BluetoothUtils( 8588): packagename is android.uid.bluetooth:1002 ,and its permission is false
09-01 14:34:04.044 V/bt_stack( 8588): [VERBOSE1:btm_ble_gap.cc(1923)] btm_ble_process_ext_adv_pkt: bda=1c:91:72:ba:f7:2e
09-01 14:34:04.044 V/bt_stack( 8588): [VERBOSE1:btm_ble_gap.cc(1847)] btm_ble_process_adv_addr: bda=1c:91:72:ba:f7:2e
09-01 14:34:04.045 D/BluetoothUtils( 8588): blockedByLocationOff callingUid=1002
09-01 14:34:04.045 I/BluetoothUtils( 8588): packagename is android.uid.bluetooth:1002 ,and its permission is false
09-01 14:34:04.045 D/BluetoothUtils( 8588): blockedByLocationOff callingUid=1002
09-01 14:34:04.046 I/BluetoothUtils( 8588): packagename is android.uid.bluetooth:1002 ,and its permission is false
09-01 14:34:04.046 D/BluetoothUtils( 8588): blockedByLocationOff callingUid=1002
09-01 14:34:04.046 I/BluetoothUtils( 8588): packagename is android.uid.bluetooth:1002 ,and its permission is false
09-01 14:34:04.056 V/bt_stack( 8588): [VERBOSE1:btm_ble_gap.cc(1923)] btm_ble_process_ext_adv_pkt: bda=64:96:5f:7b:d8:cd
09-01 14:34:04.056 V/bt_stack( 8588): [VERBOSE1:btm_ble_gap.cc(1847)] btm_ble_process_adv_addr: bda=64:96:5f:7b:d8:cd
09-01 14:34:04.056 V/bt_stack( 8588): [VERBOSE1:btm_ble_gap.cc(2052)]  Waiting for scan response 64:96:5f:7b:d8:cd
09-01 14:34:04.057 V/bt_stack( 8588): [VERBOSE1:btm_ble_gap.cc(1923)] btm_ble_process_ext_adv_pkt: bda=66:3e:07:e0:2b:d4
09-01 14:34:04.057 V/bt_stack( 8588): [VERBOSE1:btm_ble_gap.cc(1847)] btm_ble_process_adv_addr: bda=66:3e:07:e0:2b:d4
09-01 14:34:04.057 V/bt_stack( 8588): [VERBOSE1:btm_ble_gap.cc(2052)]  Waiting for scan response 66:3e:07:e0:2b:d4
09-01 14:34:04.057 V/bt_stack( 8588): [VERBOSE1:btm_ble_gap.cc(1923)] btm_ble_process_ext_adv_pkt: bda=66:3e:07:e0:2b:d4
09-01 14:34:04.057 V/bt_stack( 8588): [VERBOSE1:btm_ble_gap.cc(1847)] btm_ble_process_adv_addr: bda=66:3e:07:e0:2b:d4
09-01 14:34:04.057 D/BluetoothUtils( 8588): blockedByLocationOff callingUid=1002
09-01 14:34:04.057 I/BluetoothUtils( 8588): packagename is android.uid.bluetooth:1002 ,and its permission is false
09-01 14:34:04.058 D/BluetoothUtils( 8588): blockedByLocationOff callingUid=1002
09-01 14:34:04.058 I/BluetoothUtils( 8588): packagename is android.uid.bluetooth:1002 ,and its permission is false
09-01 14:34:04.058 D/BluetoothUtils( 8588): blockedByLocationOff callingUid=1002
09-01 14:34:04.058 I/BluetoothUtils( 8588): packagename is android.uid.bluetooth:1002 ,and its permission is false
09-01 14:34:04.061 V/bt_stack( 8588): [VERBOSE1:btm_ble_gap.cc(1923)] btm_ble_process_ext_adv_pkt: bda=d3:ce:19:45:b1:77
09-01 14:34:04.061 V/bt_stack( 8588): [VERBOSE1:btm_ble_gap.cc(1847)] btm_ble_process_adv_addr: bda=d3:ce:19:45:b1:77
09-01 14:34:04.061 V/bt_stack( 8588): [VERBOSE1:btm_ble_gap.cc(2052)]  Waiting for scan response d3:ce:19:45:b1:77
09-01 14:34:04.061 V/bt_stack( 8588): [VERBOSE1:btm_ble_gap.cc(1923)] btm_ble_process_ext_adv_pkt: bda=d3:ce:19:45:b1:77
09-01 14:34:04.062 V/bt_stack( 8588): [VERBOSE1:btm_ble_gap.cc(1847)] btm_ble_process_adv_addr: bda=d3:ce:19:45:b1:77
09-01 14:34:04.062 D/BluetoothUtils( 8588): blockedByLocationOff callingUid=1002
09-01 14:34:04.062 I/BluetoothUtils( 8588): packagename is android.uid.bluetooth:1002 ,and its permission is false
09-01 14:34:04.063 D/BluetoothUtils( 8588): blockedByLocationOff callingUid=1002
09-01 14:34:04.063 I/BluetoothUtils( 8588): packagename is android.uid.bluetooth:1002 ,and its permission is false
09-01 14:34:04.063 D/BluetoothUtils( 8588): blockedByLocationOff callingUid=1002
09-01 14:34:04.063 I/BluetoothUtils( 8588): packagename is android.uid.bluetooth:1002 ,and its permission is false
09-01 14:34:04.072 V/bt_stack( 8588): [VERBOSE1:btm_ble_gap.cc(1923)] btm_ble_process_ext_adv_pkt: bda=56:e4:da:79:d5:88
09-01 14:34:04.072 V/bt_stack( 8588): [VERBOSE1:btm_ble_gap.cc(1847)] btm_ble_process_adv_addr: bda=56:e4:da:79:d5:88
09-01 14:34:04.072 V/bt_stack( 8588): [VERBOSE1:btm_ble_gap.cc(2052)]  Waiting for scan response 56:e4:da:79:d5:88
09-01 14:34:04.072 V/bt_stack( 8588): [VERBOSE1:btm_ble_gap.cc(1923)] btm_ble_process_ext_adv_pkt: bda=56:e4:da:79:d5:88
09-01 14:34:04.072 V/bt_stack( 8588): [VERBOSE1:btm_ble_gap.cc(1847)] btm_ble_process_adv_addr: bda=56:e4:da:79:d5:88
09-01 14:34:04.073 D/BluetoothUtils( 8588): blockedByLocationOff callingUid=1002
09-01 14:34:04.073 I/BluetoothUtils( 8588): packagename is android.uid.bluetooth:1002 ,and its permission is false
09-01 14:34:04.073 D/BluetoothUtils( 8588): blockedByLocationOff callingUid=1002
09-01 14:34:04.073 I/BluetoothUtils( 8588): packagename is android.uid.bluetooth:1002 ,and its permission is false
09-01 14:34:04.073 D/BluetoothUtils( 8588): blockedByLocationOff callingUid=1002
09-01 14:34:04.074 I/BluetoothUtils( 8588): packagename is android.uid.bluetooth:1002 ,and its permission is false
09-01 14:34:04.075 V/bt_stack( 8588): [VERBOSE1:btm_ble_gap.cc(1923)] btm_ble_process_ext_adv_pkt: bda=35:38:49:78:be:f0
09-01 14:34:04.075 V/bt_stack( 8588): [VERBOSE1:btm_ble_gap.cc(1847)] btm_ble_process_adv_addr: bda=35:38:49:78:be:f0
09-01 14:34:04.075 D/BluetoothUtils( 8588): blockedByLocationOff callingUid=1002
09-01 14:34:04.076 I/BluetoothUtils( 8588): packagename is android.uid.bluetooth:1002 ,and its permission is false
09-01 14:34:04.076 D/BluetoothUtils( 8588): blockedByLocationOff callingUid=1002
09-01 14:34:04.076 I/BluetoothUtils( 8588): packagename is android.uid.bluetooth:1002 ,and its permission is false
09-01 14:34:04.076 D/BluetoothUtils( 8588): blockedByLocationOff callingUid=1002
09-01 14:34:04.076 I/BluetoothUtils( 8588): packagename is android.uid.bluetooth:1002 ,and its permission is false
09-01 14:34:04.080 V/bt_stack( 8588): [VERBOSE1:btm_ble_gap.cc(1923)] btm_ble_process_ext_adv_pkt: bda=fd:32:0c:ad:56:d5
09-01 14:34:04.080 V/bt_stack( 8588): [VERBOSE1:btm_ble_gap.cc(1847)] btm_ble_process_adv_addr: bda=fd:32:0c:ad:56:d5
09-01 14:34:04.080 V/bt_stack( 8588): [VERBOSE1:btm_ble_gap.cc(2052)]  Waiting for scan response fd:32:0c:ad:56:d5
09-01 14:34:04.080 V/bt_stack( 8588): [VERBOSE1:btm_ble_gap.cc(1923)] btm_ble_process_ext_adv_pkt: bda=fd:32:0c:ad:56:d5
09-01 14:34:04.080 V/bt_stack( 8588): [VERBOSE1:btm_ble_gap.cc(1847)] btm_ble_process_adv_addr: bda=fd:32:0c:ad:56:d5
09-01 14:34:04.081 D/BluetoothUtils( 8588): blockedByLocationOff callingUid=1002
09-01 14:34:04.081 I/BluetoothUtils( 8588): packagename is android.uid.bluetooth:1002 ,and its permission is false
09-01 14:34:04.081 D/BluetoothUtils( 8588): blockedByLocationOff callingUid=1002
09-01 14:34:04.081 I/BluetoothUtils( 8588): packagename is android.uid.bluetooth:1002 ,and its permission is false
09-01 14:34:04.081 D/BluetoothUtils( 8588): blockedByLocationOff callingUid=1002
09-01 14:34:04.082 I/BluetoothUtils( 8588): packagename is android.uid.bluetooth:1002 ,and its permission is false
09-01 14:34:04.083 V/bt_stack( 8588): [VERBOSE1:btm_ble_gap.cc(1923)] btm_ble_process_ext_adv_pkt: bda=0a:29:89:b7:c8:4a
09-01 14:34:04.083 V/bt_stack( 8588): [VERBOSE1:btm_ble_gap.cc(1847)] btm_ble_process_adv_addr: bda=0a:29:89:b7:c8:4a
09-01 14:34:04.083 D/BluetoothUtils( 8588): blockedByLocationOff callingUid=1002
09-01 14:34:04.084 I/BluetoothUtils( 8588): packagename is android.uid.bluetooth:1002 ,and its permission is false
09-01 14:34:04.084 D/BluetoothUtils( 8588): blockedByLocationOff callingUid=1002
09-01 14:34:04.084 I/BluetoothUtils( 8588): packagename is android.uid.bluetooth:1002 ,and its permission is false
09-01 14:34:04.084 D/BluetoothUtils( 8588): blockedByLocationOff callingUid=1002
09-01 14:34:04.084 I/BluetoothUtils( 8588): packagename is android.uid.bluetooth:1002 ,and its permission is false
09-01 14:34:04.088 V/bt_stack( 8588): [VERBOSE1:btm_ble_gap.cc(1923)] btm_ble_process_ext_adv_pkt: bda=2a:1b:52:ac:62:5d
09-01 14:34:04.088 V/bt_stack( 8588): [VERBOSE1:btm_ble_gap.cc(1847)] btm_ble_process_adv_addr: bda=2a:1b:52:ac:62:5d
09-01 14:34:04.089 D/BluetoothUtils( 8588): blockedByLocationOff callingUid=1002
09-01 14:34:04.089 I/BluetoothUtils( 8588): packagename is android.uid.bluetooth:1002 ,and its permission is false
09-01 14:34:04.089 D/BluetoothUtils( 8588): blockedByLocationOff callingUid=1002
09-01 14:34:04.090 I/BluetoothUtils( 8588): packagename is android.uid.bluetooth:1002 ,and its permission is false
09-01 14:34:04.090 D/BluetoothUtils( 8588): blockedByLocationOff callingUid=1002
09-01 14:34:04.090 I/BluetoothUtils( 8588): packagename is android.uid.bluetooth:1002 ,and its permission is false
09-01 14:34:04.091 V/bt_stack( 8588): [VERBOSE1:btm_ble_gap.cc(1923)] btm_ble_process_ext_adv_pkt: bda=17:7e:29:ab:4e:d0
09-01 14:34:04.091 V/bt_stack( 8588): [VERBOSE1:btm_ble_gap.cc(1847)] btm_ble_process_adv_addr: bda=17:7e:29:ab:4e:d0
09-01 14:34:04.092 D/BluetoothUtils( 8588): blockedByLocationOff callingUid=1002
09-01 14:34:04.092 I/BluetoothUtils( 8588): packagename is android.uid.bluetooth:1002 ,and its permission is false
09-01 14:34:04.092 D/BluetoothUtils( 8588): blockedByLocationOff callingUid=1002
09-01 14:34:04.092 I/BluetoothUtils( 8588): packagename is android.uid.bluetooth:1002 ,and its permission is false
09-01 14:34:04.092 D/BluetoothUtils( 8588): blockedByLocationOff callingUid=1002
09-01 14:34:04.093 I/BluetoothUtils( 8588): packagename is android.uid.bluetooth:1002 ,and its permission is false
09-01 14:34:04.101 V/bt_stack( 8588): [VERBOSE1:btm_ble_gap.cc(1923)] btm_ble_process_ext_adv_pkt: bda=18:81:0e:e0:a8:6d
09-01 14:34:04.101 V/bt_stack( 8588): [VERBOSE1:btm_ble_gap.cc(1847)] btm_ble_process_adv_addr: bda=18:81:0e:e0:a8:6d
09-01 14:34:04.101 V/bt_stack( 8588): [VERBOSE1:btm_ble_gap.cc(2052)]  Waiting for scan response 18:81:0e:e0:a8:6d
09-01 14:34:04.102 V/bt_stack( 8588): [VERBOSE1:btm_ble_gap.cc(1923)] btm_ble_process_ext_adv_pkt: bda=19:30:6d:c4:b5:5b
09-01 14:34:04.102 V/bt_stack( 8588): [VERBOSE1:btm_ble_gap.cc(1847)] btm_ble_process_adv_addr: bda=19:30:6d:c4:b5:5b
09-01 14:34:04.103 D/BluetoothUtils( 8588): blockedByLocationOff callingUid=1002
09-01 14:34:04.103 I/BluetoothUtils( 8588): packagename is android.uid.bluetooth:1002 ,and its permission is false
09-01 14:34:04.103 D/BluetoothUtils( 8588): blockedByLocationOff callingUid=1002
09-01 14:34:04.104 I/BluetoothUtils( 8588): packagename is android.uid.bluetooth:1002 ,and its permission is false
09-01 14:34:04.104 D/BluetoothUtils( 8588): blockedByLocationOff callingUid=1002
09-01 14:34:04.104 I/BluetoothUtils( 8588): packagename is android.uid.bluetooth:1002 ,and its permission is false
09-01 14:34:04.104 V/bt_stack( 8588): [VERBOSE1:btm_ble_gap.cc(1923)] btm_ble_process_ext_adv_pkt: bda=53:f2:a2:69:23:e6
09-01 14:34:04.105 V/bt_stack( 8588): [VERBOSE1:btm_ble_gap.cc(1847)] btm_ble_process_adv_addr: bda=53:f2:a2:69:23:e6
09-01 14:34:04.105 D/BluetoothUtils( 8588): blockedByLocationOff callingUid=1002
09-01 14:34:04.106 I/BluetoothUtils( 8588): packagename is android.uid.bluetooth:1002 ,and its permission is false
09-01 14:34:04.106 D/BluetoothUtils( 8588): blockedByLocationOff callingUid=1002
09-01 14:34:04.106 I/BluetoothUtils( 8588): packagename is android.uid.bluetooth:1002 ,and its permission is false
09-01 14:34:04.106 D/BluetoothUtils( 8588): blockedByLocationOff callingUid=1002
09-01 14:34:04.106 I/BluetoothUtils( 8588): packagename is android.uid.bluetooth:1002 ,and its permission is false
09-01 14:34:04.115 V/bt_stack( 8588): [VERBOSE1:btm_ble_gap.cc(1923)] btm_ble_process_ext_adv_pkt: bda=2c:e0:b3:78:83:e3
09-01 14:34:04.115 V/bt_stack( 8588): [VERBOSE1:btm_ble_gap.cc(1847)] btm_ble_process_adv_addr: bda=2c:e0:b3:78:83:e3
09-01 14:34:04.116 D/BluetoothUtils( 8588): blockedByLocationOff callingUid=1002
09-01 14:34:04.116 I/BluetoothUtils( 8588): packagename is android.uid.bluetooth:1002 ,and its permission is false
09-01 14:34:04.116 D/BluetoothUtils( 8588): blockedByLocationOff callingUid=1002
09-01 14:34:04.117 I/BluetoothUtils( 8588): packagename is android.uid.bluetooth:1002 ,and its permission is false
09-01 14:34:04.117 D/BluetoothUtils( 8588): blockedByLocationOff callingUid=1002
09-01 14:34:04.118 I/BluetoothUtils( 8588): packagename is android.uid.bluetooth:1002 ,and its permission is false
09-01 14:34:04.122 D/NetworkController.MobileSignalController(1)(29730): 4G level = 5
09-01 14:34:04.127 V/bt_stack( 8588): [VERBOSE1:btm_ble_gap.cc(1923)] btm_ble_process_ext_adv_pkt: bda=0c:39:e9:d5:de:20
09-01 14:34:04.127 V/bt_stack( 8588): [VERBOSE1:btm_ble_gap.cc(1847)] btm_ble_process_adv_addr: bda=0c:39:e9:d5:de:20
09-01 14:34:04.128 D/BluetoothUtils( 8588): blockedByLocationOff callingUid=1002
09-01 14:34:04.128 I/BluetoothUtils( 8588): packagename is android.uid.bluetooth:1002 ,and its permission is false
09-01 14:34:04.128 D/BluetoothUtils( 8588): blockedByLocationOff callingUid=1002
09-01 14:34:04.128 I/BluetoothUtils( 8588): packagename is android.uid.bluetooth:1002 ,and its permission is false
09-01 14:34:04.128 D/BluetoothUtils( 8588): blockedByLocationOff callingUid=1002
09-01 14:34:04.129 I/BluetoothUtils( 8588): packagename is android.uid.bluetooth:1002 ,and its permission is false
09-01 14:34:04.131 V/bt_stack( 8588): [VERBOSE1:btm_ble_gap.cc(1923)] btm_ble_process_ext_adv_pkt: bda=6a:1a:31:28:a4:f8
09-01 14:34:04.131 V/bt_stack( 8588): [VERBOSE1:btm_ble_gap.cc(1847)] btm_ble_process_adv_addr: bda=6a:1a:31:28:a4:f8
09-01 14:34:04.132 V/bt_stack( 8588): [VERBOSE1:btm_ble_gap.cc(1923)] btm_ble_process_ext_adv_pkt: bda=07:e4:7f:b4:5f:d9
09-01 14:34:04.132 V/bt_stack( 8588): [VERBOSE1:btm_ble_gap.cc(1847)] btm_ble_process_adv_addr: bda=07:e4:7f:b4:5f:d9
09-01 14:34:04.133 D/BluetoothUtils( 8588): blockedByLocationOff callingUid=1002
09-01 14:34:04.133 I/BluetoothUtils( 8588): packagename is android.uid.bluetooth:1002 ,and its permission is false
09-01 14:34:04.133 D/BluetoothUtils( 8588): blockedByLocationOff callingUid=1002
09-01 14:34:04.134 I/BluetoothUtils( 8588): packagename is android.uid.bluetooth:1002 ,and its permission is false
09-01 14:34:04.134 D/BluetoothUtils( 8588): blockedByLocationOff callingUid=1002
09-01 14:34:04.135 I/BluetoothUtils( 8588): packagename is android.uid.bluetooth:1002 ,and its permission is false
09-01 14:34:04.135 D/BluetoothUtils( 8588): blockedByLocationOff callingUid=1002
09-01 14:34:04.136 I/BluetoothUtils( 8588): packagename is android.uid.bluetooth:1002 ,and its permission is false
09-01 14:34:04.136 D/BluetoothUtils( 8588): blockedByLocationOff callingUid=1002
09-01 14:34:04.136 I/BluetoothUtils( 8588): packagename is android.uid.bluetooth:1002 ,and its permission is false
09-01 14:34:04.136 D/BluetoothUtils( 8588): blockedByLocationOff callingUid=1002
09-01 14:34:04.136 I/BluetoothUtils( 8588): packagename is android.uid.bluetooth:1002 ,and its permission is false
09-01 14:34:04.143 V/bt_stack( 8588): [VERBOSE1:btm_ble_gap.cc(1923)] btm_ble_process_ext_adv_pkt: bda=6c:37:b5:6b:a1:b8
09-01 14:34:04.143 V/bt_stack( 8588): [VERBOSE1:btm_ble_gap.cc(1847)] btm_ble_process_adv_addr: bda=6c:37:b5:6b:a1:b8
09-01 14:34:04.143 V/bt_stack( 8588): [VERBOSE1:btm_ble_gap.cc(2052)]  Waiting for scan response 6c:37:b5:6b:a1:b8
09-01 14:34:04.143 V/bt_stack( 8588): [VERBOSE1:btm_ble_gap.cc(1923)] btm_ble_process_ext_adv_pkt: bda=24:65:c8:81:ba:6f
09-01 14:34:04.143 V/bt_stack( 8588): [VERBOSE1:btm_ble_gap.cc(1847)] btm_ble_process_adv_addr: bda=24:65:c8:81:ba:6f
09-01 14:34:04.144 D/BluetoothUtils( 8588): blockedByLocationOff callingUid=1002
09-01 14:34:04.144 I/BluetoothUtils( 8588): packagename is android.uid.bluetooth:1002 ,and its permission is false
09-01 14:34:04.144 D/BluetoothUtils( 8588): blockedByLocationOff callingUid=1002
09-01 14:34:04.144 I/BluetoothUtils( 8588): packagename is android.uid.bluetooth:1002 ,and its permission is false
09-01 14:34:04.145 D/BluetoothUtils( 8588): blockedByLocationOff callingUid=1002
09-01 14:34:04.145 I/BluetoothUtils( 8588): packagename is android.uid.bluetooth:1002 ,and its permission is false
09-01 14:34:04.154 V/bt_stack( 8588): [VERBOSE1:btm_ble_gap.cc(1923)] btm_ble_process_ext_adv_pkt: bda=04:b0:56:de:30:bf
09-01 14:34:04.154 V/bt_stack( 8588): [VERBOSE1:btm_ble_gap.cc(1847)] btm_ble_process_adv_addr: bda=04:b0:56:de:30:bf
09-01 14:34:04.155 D/BluetoothUtils( 8588): blockedByLocationOff callingUid=1002
09-01 14:34:04.156 I/BluetoothUtils( 8588): packagename is android.uid.bluetooth:1002 ,and its permission is false
09-01 14:34:04.156 D/BluetoothUtils( 8588): blockedByLocationOff callingUid=1002
09-01 14:34:04.156 I/BluetoothUtils( 8588): packagename is android.uid.bluetooth:1002 ,and its permission is false
09-01 14:34:04.156 D/BluetoothUtils( 8588): blockedByLocationOff callingUid=1002
09-01 14:34:04.157 I/BluetoothUtils( 8588): packagename is android.uid.bluetooth:1002 ,and its permission is false
09-01 14:34:04.162 V/bt_stack( 8588): [VERBOSE1:btm_ble_gap.cc(1923)] btm_ble_process_ext_adv_pkt: bda=c7:9e:cc:49:b0:5d
09-01 14:34:04.162 V/bt_stack( 8588): [VERBOSE1:btm_ble_gap.cc(1847)] btm_ble_process_adv_addr: bda=c7:9e:cc:49:b0:5d
09-01 14:34:04.162 V/bt_stack( 8588): [VERBOSE1:btm_ble_gap.cc(2052)]  Waiting for scan response c7:9e:cc:49:b0:5d
09-01 14:34:04.162 V/bt_stack( 8588): [VERBOSE1:btm_ble_gap.cc(1923)] btm_ble_process_ext_adv_pkt: bda=c7:9e:cc:49:b0:5d
09-01 14:34:04.163 V/bt_stack( 8588): [VERBOSE1:btm_ble_gap.cc(1847)] btm_ble_process_adv_addr: bda=c7:9e:cc:49:b0:5d
09-01 14:34:04.164 D/BluetoothUtils( 8588): blockedByLocationOff callingUid=1002
09-01 14:34:04.164 I/BluetoothUtils( 8588): packagename is android.uid.bluetooth:1002 ,and its permission is false
09-01 14:34:04.164 D/BluetoothUtils( 8588): blockedByLocationOff callingUid=1002
09-01 14:34:04.164 I/BluetoothUtils( 8588): packagename is android.uid.bluetooth:1002 ,and its permission is false
09-01 14:34:04.165 D/BluetoothUtils( 8588): blockedByLocationOff callingUid=1002
09-01 14:34:04.165 I/BluetoothUtils( 8588): packagename is android.uid.bluetooth:1002 ,and its permission is false
09-01 14:34:04.183 V/bt_stack( 8588): [VERBOSE1:btm_ble_gap.cc(1923)] btm_ble_process_ext_adv_pkt: bda=35:38:49:78:be:f0
09-01 14:34:04.183 V/bt_stack( 8588): [VERBOSE1:btm_ble_gap.cc(1847)] btm_ble_process_adv_addr: bda=35:38:49:78:be:f0
09-01 14:34:04.185 V/bt_stack( 8588): [VERBOSE1:btm_ble_gap.cc(1923)] btm_ble_process_ext_adv_pkt: bda=0a:29:89:b7:c8:4a
09-01 14:34:04.185 V/bt_stack( 8588): [VERBOSE1:btm_ble_gap.cc(1847)] btm_ble_process_adv_addr: bda=0a:29:89:b7:c8:4a
09-01 14:34:04.185 D/BluetoothUtils( 8588): blockedByLocationOff callingUid=1002
09-01 14:34:04.186 I/BluetoothUtils( 8588): packagename is android.uid.bluetooth:1002 ,and its permission is false
09-01 14:34:04.186 D/BluetoothUtils( 8588): blockedByLocationOff callingUid=1002
09-01 14:34:04.186 I/BluetoothUtils( 8588): packagename is android.uid.bluetooth:1002 ,and its permission is false
09-01 14:34:04.186 D/BluetoothUtils( 8588): blockedByLocationOff callingUid=1002
09-01 14:34:04.186 I/BluetoothUtils( 8588): packagename is android.uid.bluetooth:1002 ,and its permission is false
09-01 14:34:04.187 D/BluetoothUtils( 8588): blockedByLocationOff callingUid=1002
09-01 14:34:04.188 I/BluetoothUtils( 8588): packagename is android.uid.bluetooth:1002 ,and its permission is false
09-01 14:34:04.188 D/BluetoothUtils( 8588): blockedByLocationOff callingUid=1002
09-01 14:34:04.188 I/BluetoothUtils( 8588): packagename is android.uid.bluetooth:1002 ,and its permission is false
09-01 14:34:04.188 D/BluetoothUtils( 8588): blockedByLocationOff callingUid=1002
09-01 14:34:04.188 I/BluetoothUtils( 8588): packagename is android.uid.bluetooth:1002 ,and its permission is false
09-01 14:34:04.192 V/bt_stack( 8588): [VERBOSE1:btm_ble_gap.cc(1923)] btm_ble_process_ext_adv_pkt: bda=2a:1b:52:ac:62:5d
09-01 14:34:04.192 V/bt_stack( 8588): [VERBOSE1:btm_ble_gap.cc(1847)] btm_ble_process_adv_addr: bda=2a:1b:52:ac:62:5d
09-01 14:34:04.193 D/BluetoothUtils( 8588): blockedByLocationOff callingUid=1002
09-01 14:34:04.194 I/BluetoothUtils( 8588): packagename is android.uid.bluetooth:1002 ,and its permission is false
09-01 14:34:04.194 D/BluetoothUtils( 8588): blockedByLocationOff callingUid=1002
09-01 14:34:04.194 V/bt_stack( 8588): [VERBOSE1:btm_ble_gap.cc(1923)] btm_ble_process_ext_adv_pkt: bda=17:7e:29:ab:4e:d0
09-01 14:34:04.194 I/BluetoothUtils( 8588): packagename is android.uid.bluetooth:1002 ,and its permission is false
09-01 14:34:04.194 V/bt_stack( 8588): [VERBOSE1:btm_ble_gap.cc(1847)] btm_ble_process_adv_addr: bda=17:7e:29:ab:4e:d0
09-01 14:34:04.194 D/BluetoothUtils( 8588): blockedByLocationOff callingUid=1002
09-01 14:34:04.195 I/BluetoothUtils( 8588): packagename is android.uid.bluetooth:1002 ,and its permission is false
09-01 14:34:04.195 D/BluetoothUtils( 8588): blockedByLocationOff callingUid=1002
09-01 14:34:04.196 I/BluetoothUtils( 8588): packagename is android.uid.bluetooth:1002 ,and its permission is false
09-01 14:34:04.196 D/BluetoothUtils( 8588): blockedByLocationOff callingUid=1002
09-01 14:34:04.197 I/BluetoothUtils( 8588): packagename is android.uid.bluetooth:1002 ,and its permission is false
09-01 14:34:04.197 D/BluetoothUtils( 8588): blockedByLocationOff callingUid=1002
09-01 14:34:04.197 I/BluetoothUtils( 8588): packagename is android.uid.bluetooth:1002 ,and its permission is false
09-01 14:34:04.204 V/bt_stack( 8588): [VERBOSE1:btm_ble_gap.cc(1923)] btm_ble_process_ext_adv_pkt: bda=01:f5:30:c0:9b:7a
09-01 14:34:04.204 V/bt_stack( 8588): [VERBOSE1:btm_ble_gap.cc(1847)] btm_ble_process_adv_addr: bda=01:f5:30:c0:9b:7a
09-01 14:34:04.205 D/BluetoothUtils( 8588): blockedByLocationOff callingUid=1002
09-01 14:34:04.206 I/BluetoothUtils( 8588): packagename is android.uid.bluetooth:1002 ,and its permission is false
09-01 14:34:04.206 D/BluetoothUtils( 8588): blockedByLocationOff callingUid=1002
09-01 14:34:04.206 I/BluetoothUtils( 8588): packagename is android.uid.bluetooth:1002 ,and its permission is false
09-01 14:34:04.206 D/BluetoothUtils( 8588): blockedByLocationOff callingUid=1002
09-01 14:34:04.207 I/BluetoothUtils( 8588): packagename is android.uid.bluetooth:1002 ,and its permission is false
09-01 14:34:04.210 V/bt_stack( 8588): [VERBOSE1:btm_ble_gap.cc(1923)] btm_ble_process_ext_adv_pkt: bda=53:f2:a2:69:23:e6
09-01 14:34:04.210 V/bt_stack( 8588): [VERBOSE1:btm_ble_gap.cc(1847)] btm_ble_process_adv_addr: bda=53:f2:a2:69:23:e6
09-01 14:34:04.212 D/BluetoothUtils( 8588): blockedByLocationOff callingUid=1002
09-01 14:34:04.212 I/BluetoothUtils( 8588): packagename is android.uid.bluetooth:1002 ,and its permission is false
09-01 14:34:04.212 D/BluetoothUtils( 8588): blockedByLocationOff callingUid=1002
09-01 14:34:04.212 I/BluetoothUtils( 8588): packagename is android.uid.bluetooth:1002 ,and its permission is false
09-01 14:34:04.213 D/BluetoothUtils( 8588): blockedByLocationOff callingUid=1002
09-01 14:34:04.213 I/BluetoothUtils( 8588): packagename is android.uid.bluetooth:1002 ,and its permission is false
09-01 14:34:04.216 V/bt_stack( 8588): [VERBOSE1:btm_ble_gap.cc(1923)] btm_ble_process_ext_adv_pkt: bda=14:c3:61:25:db:42
09-01 14:34:04.217 V/bt_stack( 8588): [VERBOSE1:btm_ble_gap.cc(1847)] btm_ble_process_adv_addr: bda=14:c3:61:25:db:42
09-01 14:34:04.218 D/BluetoothUtils( 8588): blockedByLocationOff callingUid=1002
09-01 14:34:04.218 I/BluetoothUtils( 8588): packagename is android.uid.bluetooth:1002 ,and its permission is false
09-01 14:34:04.218 D/BluetoothUtils( 8588): blockedByLocationOff callingUid=1002
09-01 14:34:04.219 I/BluetoothUtils( 8588): packagename is android.uid.bluetooth:1002 ,and its permission is false
09-01 14:34:04.219 D/BluetoothUtils( 8588): blockedByLocationOff callingUid=1002
09-01 14:34:04.219 I/BluetoothUtils( 8588): packagename is android.uid.bluetooth:1002 ,and its permission is false
09-01 14:34:04.226 V/bt_stack( 8588): [VERBOSE1:btm_ble_gap.cc(1923)] btm_ble_process_ext_adv_pkt: bda=0b:95:8c:38:8d:43
09-01 14:34:04.226 V/bt_stack( 8588): [VERBOSE1:btm_ble_gap.cc(1847)] btm_ble_process_adv_addr: bda=0b:95:8c:38:8d:43
09-01 14:34:04.227 D/BluetoothUtils( 8588): blockedByLocationOff callingUid=1002
09-01 14:34:04.228 I/BluetoothUtils( 8588): packagename is android.uid.bluetooth:1002 ,and its permission is false
09-01 14:34:04.228 D/BluetoothUtils( 8588): blockedByLocationOff callingUid=1002
09-01 14:34:04.228 I/BluetoothUtils( 8588): packagename is android.uid.bluetooth:1002 ,and its permission is false
09-01 14:34:04.228 D/BluetoothUtils( 8588): blockedByLocationOff callingUid=1002
09-01 14:34:04.228 I/BluetoothUtils( 8588): packagename is android.uid.bluetooth:1002 ,and its permission is false
09-01 14:34:04.239 V/bt_stack( 8588): [VERBOSE1:btm_ble_gap.cc(1923)] btm_ble_process_ext_adv_pkt: bda=6a:1a:31:28:a4:f8
09-01 14:34:04.239 V/bt_stack( 8588): [VERBOSE1:btm_ble_gap.cc(1847)] btm_ble_process_adv_addr: bda=6a:1a:31:28:a4:f8
09-01 14:34:04.241 D/BluetoothUtils( 8588): blockedByLocationOff callingUid=1002
09-01 14:34:04.241 I/BluetoothUtils( 8588): packagename is android.uid.bluetooth:1002 ,and its permission is false
09-01 14:34:04.241 D/BluetoothUtils( 8588): blockedByLocationOff callingUid=1002
09-01 14:34:04.242 I/BluetoothUtils( 8588): packagename is android.uid.bluetooth:1002 ,and its permission is false
09-01 14:34:04.242 D/BluetoothUtils( 8588): blockedByLocationOff callingUid=1002
09-01 14:34:04.242 I/BluetoothUtils( 8588): packagename is android.uid.bluetooth:1002 ,and its permission is false
09-01 14:34:04.245 V/bt_stack( 8588): [VERBOSE1:btm_ble_gap.cc(1923)] btm_ble_process_ext_adv_pkt: bda=63:e7:6b:57:ac:90
09-01 14:34:04.245 V/bt_stack( 8588): [VERBOSE1:btm_ble_gap.cc(1847)] btm_ble_process_adv_addr: bda=63:e7:6b:57:ac:90
09-01 14:34:04.245 V/bt_stack( 8588): [VERBOSE1:btm_ble_gap.cc(2052)]  Waiting for scan response 63:e7:6b:57:ac:90
09-01 14:34:04.245 V/bt_stack( 8588): [VERBOSE1:btm_ble_gap.cc(1923)] btm_ble_process_ext_adv_pkt: bda=63:e7:6b:57:ac:90
09-01 14:34:04.245 V/bt_stack( 8588): [VERBOSE1:btm_ble_gap.cc(1847)] btm_ble_process_adv_addr: bda=63:e7:6b:57:ac:90
09-01 14:34:04.245 V/bt_stack( 8588): [VERBOSE1:btm_ble_gap.cc(1923)] btm_ble_process_ext_adv_pkt: bda=24:65:c8:81:ba:6f
09-01 14:34:04.245 V/bt_stack( 8588): [VERBOSE1:btm_ble_gap.cc(1847)] btm_ble_process_adv_addr: bda=24:65:c8:81:ba:6f
09-01 14:34:04.247 D/BluetoothUtils( 8588): blockedByLocationOff callingUid=1002
09-01 14:34:04.247 I/BluetoothUtils( 8588): packagename is android.uid.bluetooth:1002 ,and its permission is false
09-01 14:34:04.247 D/BluetoothUtils( 8588): blockedByLocationOff callingUid=1002
09-01 14:34:04.247 I/BluetoothUtils( 8588): packagename is android.uid.bluetooth:1002 ,and its permission is false
09-01 14:34:04.248 D/BluetoothUtils( 8588): blockedByLocationOff callingUid=1002
09-01 14:34:04.248 I/BluetoothUtils( 8588): packagename is android.uid.bluetooth:1002 ,and its permission is false
09-01 14:34:04.249 V/bt_stack( 8588): [VERBOSE1:btm_ble_gap.cc(1923)] btm_ble_process_ext_adv_pkt: bda=1b:39:55:3e:e3:6c
09-01 14:34:04.249 D/BluetoothUtils( 8588): blockedByLocationOff callingUid=1002
09-01 14:34:04.249 V/bt_stack( 8588): [VERBOSE1:btm_ble_gap.cc(1847)] btm_ble_process_adv_addr: bda=1b:39:55:3e:e3:6c
09-01 14:34:04.249 I/BluetoothUtils( 8588): packagename is android.uid.bluetooth:1002 ,and its permission is false
