09-01 14:30:19.824 V/bt_stack( 8588): [VERBOSE1:btm_ble_gap.cc(1847)] btm_ble_process_adv_addr: bda=38:f9:d3:45:87:1e
09-01 14:30:19.825 D/BluetoothUtils( 8588): blockedByLocationOff callingUid=1002
09-01 14:30:19.825 I/BluetoothUtils( 8588): packagename is android.uid.bluetooth:1002 ,and its permission is false
09-01 14:30:19.825 D/BluetoothUtils( 8588): blockedByLocationOff callingUid=1002
09-01 14:30:19.825 I/BluetoothUtils( 8588): packagename is android.uid.bluetooth:1002 ,and its permission is false
09-01 14:30:19.825 D/BluetoothUtils( 8588): blockedByLocationOff callingUid=1002
09-01 14:30:19.826 I/BluetoothUtils( 8588): packagename is android.uid.bluetooth:1002 ,and its permission is false
09-01 14:30:19.834 V/bt_stack( 8588): [VERBOSE1:btm_ble_gap.cc(1923)] btm_ble_process_ext_adv_pkt: bda=66:3e:07:e0:2b:d4
09-01 14:30:19.834 V/bt_stack( 8588): [VERBOSE1:btm_ble_gap.cc(1847)] btm_ble_process_adv_addr: bda=66:3e:07:e0:2b:d4
09-01 14:30:19.834 V/bt_stack( 8588): [VERBOSE1:btm_ble_gap.cc(2052)]  Waiting for scan response 66:3e:07:e0:2b:d4
09-01 14:30:19.834 V/bt_stack( 8588): [VERBOSE1:btm_ble_gap.cc(1923)] btm_ble_process_ext_adv_pkt: bda=66:3e:07:e0:2b:d4
09-01 14:30:19.834 V/bt_stack( 8588): [VERBOSE1:btm_ble_gap.cc(1847)] btm_ble_process_adv_addr: bda=66:3e:07:e0:2b:d4
09-01 14:30:19.835 V/bt_stack( 8588): [VERBOSE1:btm_ble_gap.cc(1923)] btm_ble_process_ext_adv_pkt: bda=07:e4:7f:b4:5f:d9
09-01 14:30:19.835 V/bt_stack( 8588): [VERBOSE1:btm_ble_gap.cc(1847)] btm_ble_process_adv_addr: bda=07:e4:7f:b4:5f:d9
09-01 14:30:19.835 D/BluetoothUtils( 8588): blockedByLocationOff callingUid=1002
09-01 14:30:19.836 I/BluetoothUtils( 8588): packagename is android.uid.bluetooth:1002 ,and its permission is false
09-01 14:30:19.836 D/BluetoothUtils( 8588): blockedByLocationOff callingUid=1002
09-01 14:30:19.837 I/BluetoothUtils( 8588): packagename is android.uid.bluetooth:1002 ,and its permission is false
09-01 14:30:19.837 D/BluetoothUtils( 8588): blockedByLocationOff callingUid=1002
09-01 14:30:19.837 I/BluetoothUtils( 8588): packagename is android.uid.bluetooth:1002 ,and its permission is false
09-01 14:30:19.837 V/bt_stack( 8588): [VERBOSE1:btm_ble_gap.cc(1923)] btm_ble_process_ext_adv_pkt: bda=65:4b:eb:fb:21:09
09-01 14:30:19.837 V/bt_stack( 8588): [VERBOSE1:btm_ble_gap.cc(1847)] btm_ble_process_adv_addr: bda=65:4b:eb:fb:21:09
09-01 14:30:19.838 D/BluetoothUtils( 8588): blockedByLocationOff callingUid=1002
09-01 14:30:19.838 I/BluetoothUtils( 8588): packagename is android.uid.bluetooth:1002 ,and its permission is false
09-01 14:30:19.838 D/BluetoothUtils( 8588): blockedByLocationOff callingUid=1002
09-01 14:30:19.839 I/BluetoothUtils( 8588): packagename is android.uid.bluetooth:1002 ,and its permission is false
09-01 14:30:19.839 D/BluetoothUtils( 8588): blockedByLocationOff callingUid=1002
09-01 14:30:19.839 I/BluetoothUtils( 8588): packagename is android.uid.bluetooth:1002 ,and its permission is false
09-01 14:30:19.840 D/BluetoothUtils( 8588): blockedByLocationOff callingUid=1002
09-01 14:30:19.840 I/BluetoothUtils( 8588): packagename is android.uid.bluetooth:1002 ,and its permission is false
09-01 14:30:19.840 D/BluetoothUtils( 8588): blockedByLocationOff callingUid=1002
09-01 14:30:19.840 I/BluetoothUtils( 8588): packagename is android.uid.bluetooth:1002 ,and its permission is false
09-01 14:30:19.840 D/BluetoothUtils( 8588): blockedByLocationOff callingUid=1002
09-01 14:30:19.841 I/BluetoothUtils( 8588): packagename is android.uid.bluetooth:1002 ,and its permission is false
09-01 14:30:19.853 V/bt_stack( 8588): [VERBOSE1:btm_ble_gap.cc(1923)] btm_ble_process_ext_adv_pkt: bda=72:1f:5b:cb:e4:06
09-01 14:30:19.853 V/bt_stack( 8588): [VERBOSE1:btm_ble_gap.cc(1847)] btm_ble_process_adv_addr: bda=72:1f:5b:cb:e4:06
09-01 14:30:19.853 V/bt_stack( 8588): [VERBOSE1:btm_ble_gap.cc(2052)]  Waiting for scan response 72:1f:5b:cb:e4:06
--------- beginning of system
09-01 14:30:19.855 I/Timeline( 1639): Timeline: Activity_windows_visible id: ActivityRecord{1deb657 u0 com.xiaomi.hm.health/com.huami.fittime.ui.profile.ProfileActivity t483} time:211385872
09-01 14:30:19.855 V/bt_stack( 8588): [VERBOSE1:btm_ble_gap.cc(1923)] btm_ble_process_ext_adv_pkt: bda=56:e4:da:79:d5:88
09-01 14:30:19.855 V/bt_stack( 8588): [VERBOSE1:btm_ble_gap.cc(1847)] btm_ble_process_adv_addr: bda=56:e4:da:79:d5:88
09-01 14:30:19.855 V/bt_stack( 8588): [VERBOSE1:btm_ble_gap.cc(2052)]  Waiting for scan response 56:e4:da:79:d5:88
09-01 14:30:19.855 V/bt_stack( 8588): [VERBOSE1:btm_ble_gap.cc(1923)] btm_ble_process_ext_adv_pkt: bda=56:e4:da:79:d5:88
09-01 14:30:19.855 V/bt_stack( 8588): [VERBOSE1:btm_ble_gap.cc(1847)] btm_ble_process_adv_addr: bda=56:e4:da:79:d5:88
09-01 14:30:19.856 D/EventBus(29730): [29730, u0] send(AppTransitionFinishedEvent)
09-01 14:30:19.857 D/BluetoothUtils( 8588): blockedByLocationOff callingUid=1002
09-01 14:30:19.857 D/EventBus(29730): [29730, u0]  -> ForcedResizableInfoActivityController [0xc4c1163, P1] onBusEvent(AppTransitionFinishedEvent)
09-01 14:30:19.857 D/EventBus(29730): [29730, u0] onBusEvent(AppTransitionFinishedEvent) duration: 14 microseconds, avg: 36
09-01 14:30:19.857 D/EventBus(29730): [29730, u0] send(AppTransitionFinishedEvent)
09-01 14:30:19.857 D/EventBus(29730): [29730, u0]  -> ForcedResizableInfoActivityController [0xc4c1163, P1] onBusEvent(AppTransitionFinishedEvent)
09-01 14:30:19.857 D/EventBus(29730): [29730, u0] onBusEvent(AppTransitionFinishedEvent) duration: 9 microseconds, avg: 36
09-01 14:30:19.857 I/BluetoothUtils( 8588): packagename is android.uid.bluetooth:1002 ,and its permission is false
09-01 14:30:19.857 D/BluetoothUtils( 8588): blockedByLocationOff callingUid=1002
09-01 14:30:19.857 I/Timeline( 1639): Timeline: App_transition_stopped time:211385874
09-01 14:30:19.857 I/BluetoothUtils( 8588): packagename is android.uid.bluetooth:1002 ,and its permission is false
09-01 14:30:19.858 D/BluetoothUtils( 8588): blockedByLocationOff callingUid=1002
09-01 14:30:19.858 I/BluetoothUtils( 8588): packagename is android.uid.bluetooth:1002 ,and its permission is false
09-01 14:30:19.860 V/bt_stack( 8588): [VERBOSE1:btm_ble_gap.cc(1923)] btm_ble_process_ext_adv_pkt: bda=0b:95:8c:38:8d:43
09-01 14:30:19.860 V/bt_stack( 8588): [VERBOSE1:btm_ble_gap.cc(1847)] btm_ble_process_adv_addr: bda=0b:95:8c:38:8d:43
09-01 14:30:19.860 I/SplashScreenServiceDelegate( 1639): None for com.xiaomi.hm.health
09-01 14:30:19.861 D/BluetoothUtils( 8588): blockedByLocationOff callingUid=1002
09-01 14:30:19.861 I/BluetoothUtils( 8588): packagename is android.uid.bluetooth:1002 ,and its permission is false
09-01 14:30:19.862 D/BluetoothUtils( 8588): blockedByLocationOff callingUid=1002
09-01 14:30:19.862 I//system/vendor/bin/mi_thermald( 1070): thermal_cpu_set_level: set cpu freq of cpu7 to 2016000
09-01 14:30:19.862 I/BluetoothUtils( 8588): packagename is android.uid.bluetooth:1002 ,and its permission is false
09-01 14:30:19.862 D/BluetoothUtils( 8588): blockedByLocationOff callingUid=1002
09-01 14:30:19.862 I//system/vendor/bin/mi_thermald( 1070): thermal_cpu_set_level: set cpu freq of cpu4 to 2016000
09-01 14:30:19.862 I/BluetoothUtils( 8588): packagename is android.uid.bluetooth:1002 ,and its permission is false
09-01 14:30:19.865 V/bt_stack( 8588): [VERBOSE1:btm_ble_gap.cc(1923)] btm_ble_process_ext_adv_pkt: bda=25:4e:aa:3f:5d:41
09-01 14:30:19.865 V/bt_stack( 8588): [VERBOSE1:btm_ble_gap.cc(1847)] btm_ble_process_adv_addr: bda=25:4e:aa:3f:5d:41
09-01 14:30:19.866 D/BluetoothUtils( 8588): blockedByLocationOff callingUid=1002
09-01 14:30:19.866 I/BluetoothUtils( 8588): packagename is android.uid.bluetooth:1002 ,and its permission is false
09-01 14:30:19.866 D/BluetoothUtils( 8588): blockedByLocationOff callingUid=1002
09-01 14:30:19.867 I/BluetoothUtils( 8588): packagename is android.uid.bluetooth:1002 ,and its permission is false
09-01 14:30:19.867 D/BluetoothUtils( 8588): blockedByLocationOff callingUid=1002
09-01 14:30:19.867 I/BluetoothUtils( 8588): packagename is android.uid.bluetooth:1002 ,and its permission is false
09-01 14:30:19.873 V/bt_stack( 8588): [VERBOSE1:btm_ble_gap.cc(1923)] btm_ble_process_ext_adv_pkt: bda=12:f7:c7:df:cb:b1
09-01 14:30:19.874 V/bt_stack( 8588): [VERBOSE1:btm_ble_gap.cc(1847)] btm_ble_process_adv_addr: bda=12:f7:c7:df:cb:b1
09-01 14:30:19.874 W/BpBinder( 8101): Slow Binder: BpBinder transact took 546ms, interface=android.view.IWindowManager, code=104 oneway=false
09-01 14:30:19.874 W/BpBinder( 8119): Slow Binder: BpBinder transact took 549ms, interface=android.app.IUiAutomationConnection, code=3 oneway=false
09-01 14:30:19.874 D/BluetoothUtils( 8588): blockedByLocationOff callingUid=1002
09-01 14:30:19.875 I/BluetoothUtils( 8588): packagename is android.uid.bluetooth:1002 ,and its permission is false
09-01 14:30:19.875 D/BluetoothUtils( 8588): blockedByLocationOff callingUid=1002
09-01 14:30:19.875 I/appium  ( 8119): Waiting up to 10000ms for device to be idle
09-01 14:30:19.875 I/BluetoothUtils( 8588): packagename is android.uid.bluetooth:1002 ,and its permission is false
09-01 14:30:19.875 D/BluetoothUtils( 8588): blockedByLocationOff callingUid=1002
09-01 14:30:19.876 I/BluetoothUtils( 8588): packagename is android.uid.bluetooth:1002 ,and its permission is false
09-01 14:30:19.877 V/bt_stack( 8588): [VERBOSE1:btm_ble_gap.cc(1923)] btm_ble_process_ext_adv_pkt: bda=24:65:c8:81:ba:6f
09-01 14:30:19.877 V/bt_stack( 8588): [VERBOSE1:btm_ble_gap.cc(1847)] btm_ble_process_adv_addr: bda=24:65:c8:81:ba:6f
09-01 14:30:19.878 D/BluetoothUtils( 8588): blockedByLocationOff callingUid=1002
09-01 14:30:19.878 I/BluetoothUtils( 8588): packagename is android.uid.bluetooth:1002 ,and its permission is false
09-01 14:30:19.878 D/BluetoothUtils( 8588): blockedByLocationOff callingUid=1002
09-01 14:30:19.879 I/BluetoothUtils( 8588): packagename is android.uid.bluetooth:1002 ,and its permission is false
09-01 14:30:19.879 D/BluetoothUtils( 8588): blockedByLocationOff callingUid=1002
09-01 14:30:19.880 I/BluetoothUtils( 8588): packagename is android.uid.bluetooth:1002 ,and its permission is false
09-01 14:30:19.888 D/EventBus(29730): [29730, u0] send(AppTransitionFinishedEvent)
09-01 14:30:19.888 D/EventBus(29730): [29730, u0]  -> ForcedResizableInfoActivityController [0xc4c1163, P1] onBusEvent(AppTransitionFinishedEvent)
09-01 14:30:19.888 D/EventBus(29730): [29730, u0] onBusEvent(AppTransitionFinishedEvent) duration: 21 microseconds, avg: 36
09-01 14:30:19.889 V/bt_stack( 8588): [VERBOSE1:btm_ble_gap.cc(1923)] btm_ble_process_ext_adv_pkt: bda=7a:57:24:41:08:b2
09-01 14:30:19.889 V/bt_stack( 8588): [VERBOSE1:btm_ble_gap.cc(1847)] btm_ble_process_adv_addr: bda=7a:57:24:41:08:b2
09-01 14:30:19.889 V/bt_stack( 8588): [VERBOSE1:btm_ble_gap.cc(2052)]  Waiting for scan response 7a:57:24:41:08:b2
09-01 14:30:19.889 V/bt_stack( 8588): [VERBOSE1:btm_ble_gap.cc(1923)] btm_ble_process_ext_adv_pkt: bda=2a:1b:52:ac:62:5d
09-01 14:30:19.889 V/bt_stack( 8588): [VERBOSE1:btm_ble_gap.cc(1847)] btm_ble_process_adv_addr: bda=2a:1b:52:ac:62:5d
09-01 14:30:19.890 D/BluetoothUtils( 8588): blockedByLocationOff callingUid=1002
09-01 14:30:19.891 I/BluetoothUtils( 8588): packagename is android.uid.bluetooth:1002 ,and its permission is false
09-01 14:30:19.891 D/BluetoothUtils( 8588): blockedByLocationOff callingUid=1002
09-01 14:30:19.891 I/BluetoothUtils( 8588): packagename is android.uid.bluetooth:1002 ,and its permission is false
09-01 14:30:19.891 D/BluetoothUtils( 8588): blockedByLocationOff callingUid=1002
09-01 14:30:19.891 V/bt_stack( 8588): [VERBOSE1:btm_ble_gap.cc(1923)] btm_ble_process_ext_adv_pkt: bda=56:e4:da:79:d5:88
09-01 14:30:19.891 V/bt_stack( 8588): [VERBOSE1:btm_ble_gap.cc(1847)] btm_ble_process_adv_addr: bda=56:e4:da:79:d5:88
09-01 14:30:19.891 V/bt_stack( 8588): [VERBOSE1:btm_ble_gap.cc(2052)]  Waiting for scan response 56:e4:da:79:d5:88
09-01 14:30:19.891 I/BluetoothUtils( 8588): packagename is android.uid.bluetooth:1002 ,and its permission is false
09-01 14:30:19.892 V/bt_stack( 8588): [VERBOSE1:btm_ble_gap.cc(1923)] btm_ble_process_ext_adv_pkt: bda=56:e4:da:79:d5:88
09-01 14:30:19.892 V/bt_stack( 8588): [VERBOSE1:btm_ble_gap.cc(1847)] btm_ble_process_adv_addr: bda=56:e4:da:79:d5:88
09-01 14:30:19.893 V/bt_stack( 8588): [VERBOSE1:btm_ble_gap.cc(1923)] btm_ble_process_ext_adv_pkt: bda=75:55:30:69:5d:bf
09-01 14:30:19.893 D/BluetoothUtils( 8588): blockedByLocationOff callingUid=1002
09-01 14:30:19.893 V/bt_stack( 8588): [VERBOSE1:btm_ble_gap.cc(1847)] btm_ble_process_adv_addr: bda=75:55:30:69:5d:bf
09-01 14:30:19.893 V/bt_stack( 8588): [VERBOSE1:btm_ble_gap.cc(2052)]  Waiting for scan response 75:55:30:69:5d:bf
09-01 14:30:19.893 V/bt_stack( 8588): [VERBOSE1:btm_ble_gap.cc(1923)] btm_ble_process_ext_adv_pkt: bda=75:55:30:69:5d:bf
09-01 14:30:19.893 V/bt_stack( 8588): [VERBOSE1:btm_ble_gap.cc(1847)] btm_ble_process_adv_addr: bda=75:55:30:69:5d:bf
09-01 14:30:19.893 I/BluetoothUtils( 8588): packagename is android.uid.bluetooth:1002 ,and its permission is false
09-01 14:30:19.893 D/BluetoothUtils( 8588): blockedByLocationOff callingUid=1002
09-01 14:30:19.893 I/BluetoothUtils( 8588): packagename is android.uid.bluetooth:1002 ,and its permission is false
09-01 14:30:19.893 D/BluetoothUtils( 8588): blockedByLocationOff callingUid=1002
09-01 14:30:19.894 I/BluetoothUtils( 8588): packagename is android.uid.bluetooth:1002 ,and its permission is false
09-01 14:30:19.894 V/bt_stack( 8588): [VERBOSE1:btm_ble_gap.cc(1923)] btm_ble_process_ext_adv_pkt: bda=2a:99:8c:12:d1:b1
09-01 14:30:19.894 V/bt_stack( 8588): [VERBOSE1:btm_ble_gap.cc(1847)] btm_ble_process_adv_addr: bda=2a:99:8c:12:d1:b1
09-01 14:30:19.894 D/BluetoothUtils( 8588): blockedByLocationOff callingUid=1002
09-01 14:30:19.895 I/BluetoothUtils( 8588): packagename is android.uid.bluetooth:1002 ,and its permission is false
09-01 14:30:19.895 D/BluetoothUtils( 8588): blockedByLocationOff callingUid=1002
09-01 14:30:19.895 I/BluetoothUtils( 8588): packagename is android.uid.bluetooth:1002 ,and its permission is false
09-01 14:30:19.895 D/BluetoothUtils( 8588): blockedByLocationOff callingUid=1002
09-01 14:30:19.896 I/BluetoothUtils( 8588): packagename is android.uid.bluetooth:1002 ,and its permission is false
09-01 14:30:19.896 D/BluetoothUtils( 8588): blockedByLocationOff callingUid=1002
09-01 14:30:19.896 I/BluetoothUtils( 8588): packagename is android.uid.bluetooth:1002 ,and its permission is false
09-01 14:30:19.897 D/BluetoothUtils( 8588): blockedByLocationOff callingUid=1002
09-01 14:30:19.897 I/BluetoothUtils( 8588): packagename is android.uid.bluetooth:1002 ,and its permission is false
09-01 14:30:19.897 D/BluetoothUtils( 8588): blockedByLocationOff callingUid=1002
09-01 14:30:19.897 I/BluetoothUtils( 8588): packagename is android.uid.bluetooth:1002 ,and its permission is false
09-01 14:30:19.903 V/bt_stack( 8588): [VERBOSE1:btm_ble_gap.cc(1923)] btm_ble_process_ext_adv_pkt: bda=38:f9:d3:45:87:1e
09-01 14:30:19.903 V/bt_stack( 8588): [VERBOSE1:btm_ble_gap.cc(1847)] btm_ble_process_adv_addr: bda=38:f9:d3:45:87:1e
09-01 14:30:19.903 V/bt_stack( 8588): [VERBOSE1:btm_ble_gap.cc(2052)]  Waiting for scan response 38:f9:d3:45:87:1e
09-01 14:30:19.904 V/bt_stack( 8588): [VERBOSE1:btm_ble_gap.cc(1923)] btm_ble_process_ext_adv_pkt: bda=67:ec:83:7e:42:50
09-01 14:30:19.904 V/bt_stack( 8588): [VERBOSE1:btm_ble_gap.cc(1847)] btm_ble_process_adv_addr: bda=67:ec:83:7e:42:50
09-01 14:30:19.904 V/bt_stack( 8588): [VERBOSE1:btm_ble_gap.cc(2052)]  Waiting for scan response 67:ec:83:7e:42:50
09-01 14:30:19.904 V/bt_stack( 8588): [VERBOSE1:btm_ble_gap.cc(1923)] btm_ble_process_ext_adv_pkt: bda=67:ec:83:7e:42:50
09-01 14:30:19.904 V/bt_stack( 8588): [VERBOSE1:btm_ble_gap.cc(1847)] btm_ble_process_adv_addr: bda=67:ec:83:7e:42:50
09-01 14:30:19.905 D/BluetoothUtils( 8588): blockedByLocationOff callingUid=1002
09-01 14:30:19.905 I/BluetoothUtils( 8588): packagename is android.uid.bluetooth:1002 ,and its permission is false
09-01 14:30:19.905 D/BluetoothUtils( 8588): blockedByLocationOff callingUid=1002
09-01 14:30:19.906 I/BluetoothUtils( 8588): packagename is android.uid.bluetooth:1002 ,and its permission is false
09-01 14:30:19.906 D/BluetoothUtils( 8588): blockedByLocationOff callingUid=1002
09-01 14:30:19.906 I/BluetoothUtils( 8588): packagename is android.uid.bluetooth:1002 ,and its permission is false
09-01 14:30:19.908 V/bt_stack( 8588): [VERBOSE1:gatt_main.cc(1079)] gatt_get_ch_state: ch_state=4
09-01 14:30:19.908 I/bt_stack( 8588): [INFO:gatt_main.cc(912)] gatt_data_process op_code = 19, msg_len = 0
09-01 14:30:19.909 V/bt_stack( 8588): [VERBOSE1:gatt_cl.cc(1094)] gatt_client_handle_server_rsp op_code: 19, len = 0rsp_code: 19
09-01 14:30:19.909 V/bt_stack( 8588): [VERBOSE1:gatt_utils.cc(1191)] gatt_end_operation status=0 op=3 subtype=2
09-01 14:30:19.909 V/bt_stack( 8588): [VERBOSE1:bta_gattc_act.cc(1309)] bta_gattc_cmpl_cback: conn_id:8 op:3 status:0
09-01 14:30:19.909 V/bt_stack( 8588): [VERBOSE1:bta_gattc_main.cc(361)] bta_gattc_hdl_event: Event:BTA_GATTC_OP_CMPL_EVT
09-01 14:30:19.909 V/bt_stack( 8588): [VERBOSE1:bta_gattc_main.cc(305)] bta_gattc_sm_execute: State 0x02 [GATTC_CONN_ST], Event 0x1f0f[BTA_GATTC_OP_CMPL_EVT]
09-01 14:30:19.909 V/bt_stack( 8588): [VERBOSE1:bta_gattc_act.cc(936)] bta_gattc_op_cmpl: op:3
09-01 14:30:19.909 V/bt_stack( 8588): [VERBOSE1:bta_gattc_main.cc(341)] bta_gattc_sm_execute: GATTC State Change: 0x02 -> 0x02 after Event 0x1f0f
09-01 14:30:19.911 V/bt_stack( 8588): [VERBOSE1:bta_gattc_main.cc(361)] bta_gattc_hdl_event: Event:BTA_GATTC_API_WRITE_EVT
09-01 14:30:19.911 V/bt_stack( 8588): [VERBOSE1:bta_gattc_main.cc(305)] bta_gattc_sm_execute: State 0x02 [GATTC_CONN_ST], Event 0x1f05[BTA_GATTC_API_WRITE_EVT]
09-01 14:30:19.911 V/bt_stack( 8588): [VERBOSE1:bta_gattc_main.cc(341)] bta_gattc_sm_execute: GATTC State Change: 0x02 -> 0x02 after Event 0x1f05
09-01 14:30:19.915 V/bt_stack( 8588): [VERBOSE1:btm_ble_gap.cc(1923)] btm_ble_process_ext_adv_pkt: bda=2c:e0:b3:78:83:e3
09-01 14:30:19.915 V/bt_stack( 8588): [VERBOSE1:btm_ble_gap.cc(1847)] btm_ble_process_adv_addr: bda=2c:e0:b3:78:83:e3
09-01 14:30:19.916 D/BluetoothUtils( 8588): blockedByLocationOff callingUid=1002
09-01 14:30:19.917 I/BluetoothUtils( 8588): packagename is android.uid.bluetooth:1002 ,and its permission is false
09-01 14:30:19.917 D/BluetoothUtils( 8588): blockedByLocationOff callingUid=1002
09-01 14:30:19.917 I/BluetoothUtils( 8588): packagename is android.uid.bluetooth:1002 ,and its permission is false
09-01 14:30:19.917 D/BluetoothUtils( 8588): blockedByLocationOff callingUid=1002
09-01 14:30:19.917 I/BluetoothUtils( 8588): packagename is android.uid.bluetooth:1002 ,and its permission is false
09-01 14:30:19.924 V/bt_stack( 8588): [VERBOSE1:btm_ble_gap.cc(1923)] btm_ble_process_ext_adv_pkt: bda=56:e4:da:79:d5:88
09-01 14:30:19.924 V/bt_stack( 8588): [VERBOSE1:btm_ble_gap.cc(1847)] btm_ble_process_adv_addr: bda=56:e4:da:79:d5:88
09-01 14:30:19.924 V/bt_stack( 8588): [VERBOSE1:btm_ble_gap.cc(2052)]  Waiting for scan response 56:e4:da:79:d5:88
09-01 14:30:19.924 V/bt_stack( 8588): [VERBOSE1:btm_ble_gap.cc(1923)] btm_ble_process_ext_adv_pkt: bda=56:e4:da:79:d5:88
09-01 14:30:19.924 V/bt_stack( 8588): [VERBOSE1:btm_ble_gap.cc(1847)] btm_ble_process_adv_addr: bda=56:e4:da:79:d5:88
09-01 14:30:19.926 D/BluetoothUtils( 8588): blockedByLocationOff callingUid=1002
09-01 14:30:19.926 V/bt_stack( 8588): [VERBOSE1:btm_ble_gap.cc(1923)] btm_ble_process_ext_adv_pkt: bda=0c:1a:06:0e:96:57
09-01 14:30:19.926 V/bt_stack( 8588): [VERBOSE1:btm_ble_gap.cc(1847)] btm_ble_process_adv_addr: bda=0c:1a:06:0e:96:57
09-01 14:30:19.926 I/BluetoothUtils( 8588): packagename is android.uid.bluetooth:1002 ,and its permission is false
09-01 14:30:19.927 D/BluetoothUtils( 8588): blockedByLocationOff callingUid=1002
09-01 14:30:19.927 I/BluetoothUtils( 8588): packagename is android.uid.bluetooth:1002 ,and its permission is false
09-01 14:30:19.927 D/BluetoothUtils( 8588): blockedByLocationOff callingUid=1002
09-01 14:30:19.927 I/BluetoothUtils( 8588): packagename is android.uid.bluetooth:1002 ,and its permission is false
09-01 14:30:19.927 V/bt_stack( 8588): [VERBOSE1:btm_ble_gap.cc(1923)] btm_ble_process_ext_adv_pkt: bda=17:7e:29:ab:4e:d0
09-01 14:30:19.927 V/bt_stack( 8588): [VERBOSE1:btm_ble_gap.cc(1847)] btm_ble_process_adv_addr: bda=17:7e:29:ab:4e:d0
09-01 14:30:19.928 D/BluetoothUtils( 8588): blockedByLocationOff callingUid=1002
09-01 14:30:19.928 I/BluetoothUtils( 8588): packagename is android.uid.bluetooth:1002 ,and its permission is false
09-01 14:30:19.928 D/BluetoothUtils( 8588): blockedByLocationOff callingUid=1002
09-01 14:30:19.929 I/BluetoothUtils( 8588): packagename is android.uid.bluetooth:1002 ,and its permission is false
09-01 14:30:19.929 D/BluetoothUtils( 8588): blockedByLocationOff callingUid=1002
09-01 14:30:19.929 I/BluetoothUtils( 8588): packagename is android.uid.bluetooth:1002 ,and its permission is false
09-01 14:30:19.930 D/BluetoothUtils( 8588): blockedByLocationOff callingUid=1002
09-01 14:30:19.930 V/bt_stack( 8588): [VERBOSE1:btm_ble_gap.cc(1923)] btm_ble_process_ext_adv_pkt: bda=67:ec:83:7e:42:50
09-01 14:30:19.930 V/bt_stack( 8588): [VERBOSE1:btm_ble_gap.cc(1847)] btm_ble_process_adv_addr: bda=67:ec:83:7e:42:50
09-01 14:30:19.930 V/bt_stack( 8588): [VERBOSE1:btm_ble_gap.cc(2052)]  Waiting for scan response 67:ec:83:7e:42:50
09-01 14:30:19.930 V/bt_stack( 8588): [VERBOSE1:btm_ble_gap.cc(1923)] btm_ble_process_ext_adv_pkt: bda=67:ec:83:7e:42:50
09-01 14:30:19.930 I/BluetoothUtils( 8588): packagename is android.uid.bluetooth:1002 ,and its permission is false
09-01 14:30:19.930 V/bt_stack( 8588): [VERBOSE1:btm_ble_gap.cc(1847)] btm_ble_process_adv_addr: bda=67:ec:83:7e:42:50
09-01 14:30:19.930 D/BluetoothUtils( 8588): blockedByLocationOff callingUid=1002
09-01 14:30:19.931 I/BluetoothUtils( 8588): packagename is android.uid.bluetooth:1002 ,and its permission is false
09-01 14:30:19.931 D/BluetoothUtils( 8588): blockedByLocationOff callingUid=1002
09-01 14:30:19.931 I/BluetoothUtils( 8588): packagename is android.uid.bluetooth:1002 ,and its permission is false
09-01 14:30:19.932 D/BluetoothUtils( 8588): blockedByLocationOff callingUid=1002
09-01 14:30:19.932 I/BluetoothUtils( 8588): packagename is android.uid.bluetooth:1002 ,and its permission is false
09-01 14:30:19.932 D/BluetoothUtils( 8588): blockedByLocationOff callingUid=1002
09-01 14:30:19.933 I/BluetoothUtils( 8588): packagename is android.uid.bluetooth:1002 ,and its permission is false
09-01 14:30:19.933 D/BluetoothUtils( 8588): blockedByLocationOff callingUid=1002
09-01 14:30:19.933 I/BluetoothUtils( 8588): packagename is android.uid.bluetooth:1002 ,and its permission is false
09-01 14:30:19.945 V/bt_stack( 8588): [VERBOSE1:btm_ble_gap.cc(1923)] btm_ble_process_ext_adv_pkt: bda=6c:37:b5:6b:a1:b8
09-01 14:30:19.945 V/bt_stack( 8588): [VERBOSE1:btm_ble_gap.cc(1847)] btm_ble_process_adv_addr: bda=6c:37:b5:6b:a1:b8
09-01 14:30:19.945 V/bt_stack( 8588): [VERBOSE1:btm_ble_gap.cc(2052)]  Waiting for scan response 6c:37:b5:6b:a1:b8
09-01 14:30:19.945 V/bt_stack( 8588): [VERBOSE1:btm_ble_gap.cc(1923)] btm_ble_process_ext_adv_pkt: bda=07:e4:7f:b4:5f:d9
09-01 14:30:19.945 V/bt_stack( 8588): [VERBOSE1:btm_ble_gap.cc(1847)] btm_ble_process_adv_addr: bda=07:e4:7f:b4:5f:d9
09-01 14:30:19.947 D/BluetoothUtils( 8588): blockedByLocationOff callingUid=1002
09-01 14:30:19.948 I/BluetoothUtils( 8588): packagename is android.uid.bluetooth:1002 ,and its permission is false
09-01 14:30:19.948 D/BluetoothUtils( 8588): blockedByLocationOff callingUid=1002
09-01 14:30:19.948 I/BluetoothUtils( 8588): packagename is android.uid.bluetooth:1002 ,and its permission is false
09-01 14:30:19.948 D/BluetoothUtils( 8588): blockedByLocationOff callingUid=1002
09-01 14:30:19.949 I/appium  ( 8119): AppiumResponse: {"sessionId":"6bc493e8-63d1-4d52-9347-11257968596d","value":null}
09-01 14:30:19.949 I/BluetoothUtils( 8588): packagename is android.uid.bluetooth:1002 ,and its permission is false
09-01 14:30:19.951 V/bt_stack( 8588): [VERBOSE1:btm_ble_gap.cc(1923)] btm_ble_process_ext_adv_pkt: bda=36:c9:49:a0:b6:9d
09-01 14:30:19.951 V/bt_stack( 8588): [VERBOSE1:btm_ble_gap.cc(1847)] btm_ble_process_adv_addr: bda=36:c9:49:a0:b6:9d
09-01 14:30:19.952 D/BluetoothUtils( 8588): blockedByLocationOff callingUid=1002
09-01 14:30:19.953 I/BluetoothUtils( 8588): packagename is android.uid.bluetooth:1002 ,and its permission is false
09-01 14:30:19.953 D/BluetoothUtils( 8588): blockedByLocationOff callingUid=1002
09-01 14:30:19.953 I/BluetoothUtils( 8588): packagename is android.uid.bluetooth:1002 ,and its permission is false
09-01 14:30:19.953 D/BluetoothUtils( 8588): blockedByLocationOff callingUid=1002
09-01 14:30:19.954 I/BluetoothUtils( 8588): packagename is android.uid.bluetooth:1002 ,and its permission is false
09-01 14:30:19.962 V/bt_stack( 8588): [VERBOSE1:btm_ble_gap.cc(1923)] btm_ble_process_ext_adv_pkt: bda=38:f9:d3:45:87:1e
09-01 14:30:19.963 V/bt_stack( 8588): [VERBOSE1:btm_ble_gap.cc(1847)] btm_ble_process_adv_addr: bda=38:f9:d3:45:87:1e
09-01 14:30:19.963 V/bt_stack( 8588): [VERBOSE1:btm_ble_gap.cc(2052)]  Waiting for scan response 38:f9:d3:45:87:1e
09-01 14:30:19.963 V/bt_stack( 8588): [VERBOSE1:btm_ble_gap.cc(1923)] btm_ble_process_ext_adv_pkt: bda=38:f9:d3:45:87:1e
09-01 14:30:19.963 V/bt_stack( 8588): [VERBOSE1:btm_ble_gap.cc(1847)] btm_ble_process_adv_addr: bda=38:f9:d3:45:87:1e
09-01 14:30:19.964 D/BluetoothUtils( 8588): blockedByLocationOff callingUid=1002
09-01 14:30:19.965 V/bt_stack( 8588): [VERBOSE1:btm_ble_gap.cc(1923)] btm_ble_process_ext_adv_pkt: bda=11:82:f5:89:45:91
09-01 14:30:19.965 V/bt_stack( 8588): [VERBOSE1:btm_ble_gap.cc(1847)] btm_ble_process_adv_addr: bda=11:82:f5:89:45:91
09-01 14:30:19.965 I/BluetoothUtils( 8588): packagename is android.uid.bluetooth:1002 ,and its permission is false
09-01 14:30:19.965 D/BluetoothUtils( 8588): blockedByLocationOff callingUid=1002
09-01 14:30:19.966 I/BluetoothUtils( 8588): packagename is android.uid.bluetooth:1002 ,and its permission is false
09-01 14:30:19.966 D/BluetoothUtils( 8588): blockedByLocationOff callingUid=1002
09-01 14:30:19.966 I/BluetoothUtils( 8588): packagename is android.uid.bluetooth:1002 ,and its permission is false
09-01 14:30:19.967 D/BluetoothUtils( 8588): blockedByLocationOff callingUid=1002
09-01 14:30:19.967 I/BluetoothUtils( 8588): packagename is android.uid.bluetooth:1002 ,and its permission is false
09-01 14:30:19.968 D/BluetoothUtils( 8588): blockedByLocationOff callingUid=1002
09-01 14:30:19.968 I/BluetoothUtils( 8588): packagename is android.uid.bluetooth:1002 ,and its permission is false
09-01 14:30:19.968 D/BluetoothUtils( 8588): blockedByLocationOff callingUid=1002
09-01 14:30:19.969 I/BluetoothUtils( 8588): packagename is android.uid.bluetooth:1002 ,and its permission is false
09-01 14:30:19.980 V/bt_stack( 8588): [VERBOSE1:btm_ble_gap.cc(1923)] btm_ble_process_ext_adv_pkt: bda=6a:1a:31:28:a4:f8
09-01 14:30:19.980 V/bt_stack( 8588): [VERBOSE1:btm_ble_gap.cc(1847)] btm_ble_process_adv_addr: bda=6a:1a:31:28:a4:f8
09-01 14:30:19.982 D/BluetoothUtils( 8588): blockedByLocationOff callingUid=1002
09-01 14:30:19.982 I/BluetoothUtils( 8588): packagename is android.uid.bluetooth:1002 ,and its permission is false
09-01 14:30:19.982 D/BluetoothUtils( 8588): blockedByLocationOff callingUid=1002
09-01 14:30:19.982 I/BluetoothUtils( 8588): packagename is android.uid.bluetooth:1002 ,and its permission is false
09-01 14:30:19.982 D/BluetoothUtils( 8588): blockedByLocationOff callingUid=1002
09-01 14:30:19.983 I/BluetoothUtils( 8588): packagename is android.uid.bluetooth:1002 ,and its permission is false
09-01 14:30:19.988 I/appium  ( 8119): channel read invoked!
09-01 14:30:19.988 I/appium  ( 8119): channel read: POST /wd/hub/session/6bc493e8-63d1-4d52-9347-11257968596d/element
09-01 14:30:19.990 V/bt_stack( 8588): [VERBOSE1:btm_ble_gap.cc(1923)] btm_ble_process_ext_adv_pkt: bda=56:e4:da:79:d5:88
09-01 14:30:19.990 V/bt_stack( 8588): [VERBOSE1:btm_ble_gap.cc(1847)] btm_ble_process_adv_addr: bda=56:e4:da:79:d5:88
09-01 14:30:19.990 V/bt_stack( 8588): [VERBOSE1:btm_ble_gap.cc(2052)]  Waiting for scan response 56:e4:da:79:d5:88
09-01 14:30:19.990 V/bt_stack( 8588): [VERBOSE1:btm_ble_gap.cc(1923)] btm_ble_process_ext_adv_pkt: bda=56:e4:da:79:d5:88
09-01 14:30:19.990 V/bt_stack( 8588): [VERBOSE1:btm_ble_gap.cc(1847)] btm_ble_process_adv_addr: bda=56:e4:da:79:d5:88
09-01 14:30:19.990 V/bt_stack( 8588): [VERBOSE1:btm_ble_gap.cc(1923)] btm_ble_process_ext_adv_pkt: bda=17:be:83:99:5a:17
09-01 14:30:19.990 I/appium  ( 8119): Find element command using 'id' with selector 'ft_profile_msg_tv'.
09-01 14:30:19.990 V/bt_stack( 8588): [VERBOSE1:btm_ble_gap.cc(1847)] btm_ble_process_adv_addr: bda=17:be:83:99:5a:17
09-01 14:30:19.990 I/appium  ( 8119): Waiting up to 10000ms for device to be idle
09-01 14:30:19.992 D/BluetoothUtils( 8588): blockedByLocationOff callingUid=1002
09-01 14:30:19.992 I/BluetoothUtils( 8588): packagename is android.uid.bluetooth:1002 ,and its permission is false
09-01 14:30:19.993 D/BluetoothUtils( 8588): blockedByLocationOff callingUid=1002
09-01 14:30:19.993 I/BluetoothUtils( 8588): packagename is android.uid.bluetooth:1002 ,and its permission is false
09-01 14:30:19.993 D/BluetoothUtils( 8588): blockedByLocationOff callingUid=1002
09-01 14:30:19.993 I/BluetoothUtils( 8588): packagename is android.uid.bluetooth:1002 ,and its permission is false
09-01 14:30:19.994 D/BluetoothUtils( 8588): blockedByLocationOff callingUid=1002
09-01 14:30:19.995 I/BluetoothUtils( 8588): packagename is android.uid.bluetooth:1002 ,and its permission is false
09-01 14:30:19.995 D/BluetoothUtils( 8588): blockedByLocationOff callingUid=1002
09-01 14:30:19.995 V/bt_stack( 8588): [VERBOSE1:btm_ble_gap.cc(1923)] btm_ble_process_ext_adv_pkt: bda=38:f9:d3:45:87:1e
09-01 14:30:19.995 I/BluetoothUtils( 8588): packagename is android.uid.bluetooth:1002 ,and its permission is false
09-01 14:30:19.995 V/bt_stack( 8588): [VERBOSE1:btm_ble_gap.cc(1847)] btm_ble_process_adv_addr: bda=38:f9:d3:45:87:1e
09-01 14:30:19.995 V/bt_stack( 8588): [VERBOSE1:btm_ble_gap.cc(2052)]  Waiting for scan response 38:f9:d3:45:87:1e
09-01 14:30:19.995 D/BluetoothUtils( 8588): blockedByLocationOff callingUid=1002
09-01 14:30:19.995 I/BluetoothUtils( 8588): packagename is android.uid.bluetooth:1002 ,and its permission is false
09-01 14:30:19.996 V/bt_stack( 8588): [VERBOSE1:btm_ble_gap.cc(1923)] btm_ble_process_ext_adv_pkt: bda=38:f9:d3:45:87:1e
09-01 14:30:19.996 V/bt_stack( 8588): [VERBOSE1:btm_ble_gap.cc(1847)] btm_ble_process_adv_addr: bda=38:f9:d3:45:87:1e
09-01 14:30:19.997 D/BluetoothUtils( 8588): blockedByLocationOff callingUid=1002
09-01 14:30:19.997 V/bt_stack( 8588): [VERBOSE1:btm_ble_gap.cc(1923)] btm_ble_process_ext_adv_pkt: bda=d0:24:10:d7:5b:bc
09-01 14:30:19.997 V/bt_stack( 8588): [VERBOSE1:btm_ble_gap.cc(1847)] btm_ble_process_adv_addr: bda=d0:24:10:d7:5b:bc
09-01 14:30:19.997 V/bt_stack( 8588): [VERBOSE1:btm_ble_gap.cc(2052)]  Waiting for scan response d0:24:10:d7:5b:bc
09-01 14:30:19.997 I/BluetoothUtils( 8588): packagename is android.uid.bluetooth:1002 ,and its permission is false
09-01 14:30:19.997 V/bt_stack( 8588): [VERBOSE1:btm_ble_gap.cc(1923)] btm_ble_process_ext_adv_pkt: bda=d0:24:10:d7:5b:bc
09-01 14:30:19.997 V/bt_stack( 8588): [VERBOSE1:btm_ble_gap.cc(1847)] btm_ble_process_adv_addr: bda=d0:24:10:d7:5b:bc
09-01 14:30:19.998 D/BluetoothUtils( 8588): blockedByLocationOff callingUid=1002
09-01 14:30:19.998 I/BluetoothUtils( 8588): packagename is android.uid.bluetooth:1002 ,and its permission is false
09-01 14:30:19.998 D/BluetoothUtils( 8588): blockedByLocationOff callingUid=1002
09-01 14:30:19.998 I/BluetoothUtils( 8588): packagename is android.uid.bluetooth:1002 ,and its permission is false
09-01 14:30:19.998 V/bt_stack( 8588): [VERBOSE1:gatt_main.cc(1079)] gatt_get_ch_state: ch_state=4
09-01 14:30:19.998 I/bt_stack( 8588): [INFO:gatt_main.cc(912)] gatt_data_process op_code = 19, msg_len = 0
09-01 14:30:19.998 V/bt_stack( 8588): [VERBOSE1:gatt_cl.cc(1094)] gatt_client_handle_server_rsp op_code: 19, len = 0rsp_code: 19
09-01 14:30:19.998 V/bt_stack( 8588): [VERBOSE1:gatt_utils.cc(1191)] gatt_end_operation status=0 op=3 subtype=2
09-01 14:30:19.999 V/bt_stack( 8588): [VERBOSE1:bta_gattc_act.cc(1309)] bta_gattc_cmpl_cback: conn_id:8 op:3 status:0
09-01 14:30:19.999 V/bt_stack( 8588): [VERBOSE1:bta_gattc_main.cc(361)] bta_gattc_hdl_event: Event:BTA_GATTC_OP_CMPL_EVT
09-01 14:30:19.999 V/bt_stack( 8588): [VERBOSE1:bta_gattc_main.cc(305)] bta_gattc_sm_execute: State 0x02 [GATTC_CONN_ST], Event 0x1f0f[BTA_GATTC_OP_CMPL_EVT]
09-01 14:30:19.999 V/bt_stack( 8588): [VERBOSE1:bta_gattc_act.cc(936)] bta_gattc_op_cmpl: op:3
09-01 14:30:19.999 V/bt_stack( 8588): [VERBOSE1:bta_gattc_main.cc(341)] bta_gattc_sm_execute: GATTC State Change: 0x02 -> 0x02 after Event 0x1f0f
09-01 14:30:19.999 D/BluetoothUtils( 8588): blockedByLocationOff callingUid=1002
09-01 14:30:19.999 I/BluetoothUtils( 8588): packagename is android.uid.bluetooth:1002 ,and its permission is false
09-01 14:30:19.999 D/BluetoothUtils( 8588): blockedByLocationOff callingUid=1002
09-01 14:30:20.000 I/BluetoothUtils( 8588): packagename is android.uid.bluetooth:1002 ,and its permission is false
09-01 14:30:20.000 D/BluetoothUtils( 8588): blockedByLocationOff callingUid=1002
09-01 14:30:20.000 I/BluetoothUtils( 8588): packagename is android.uid.bluetooth:1002 ,and its permission is false
09-01 14:30:20.002 V/bt_stack( 8588): [VERBOSE1:btm_ble_gap.cc(1923)] btm_ble_process_ext_adv_pkt: bda=2a:99:8c:12:d1:b1
09-01 14:30:20.002 V/bt_stack( 8588): [VERBOSE1:btm_ble_gap.cc(1847)] btm_ble_process_adv_addr: bda=2a:99:8c:12:d1:b1
09-01 14:30:20.003 D/BluetoothUtils( 8588): blockedByLocationOff callingUid=1002
09-01 14:30:20.003 I/BluetoothUtils( 8588): packagename is android.uid.bluetooth:1002 ,and its permission is false
09-01 14:30:20.004 D/BluetoothUtils( 8588): blockedByLocationOff callingUid=1002
09-01 14:30:20.004 I/BluetoothUtils( 8588): packagename is android.uid.bluetooth:1002 ,and its permission is false
09-01 14:30:20.004 D/BluetoothUtils( 8588): blockedByLocationOff callingUid=1002
09-01 14:30:20.005 I/BluetoothUtils( 8588): packagename is android.uid.bluetooth:1002 ,and its permission is false
09-01 14:30:20.005 V/bt_stack( 8588): [VERBOSE1:bta_gattc_main.cc(361)] bta_gattc_hdl_event: Event:BTA_GATTC_API_WRITE_EVT
09-01 14:30:20.005 V/bt_stack( 8588): [VERBOSE1:bta_gattc_main.cc(305)] bta_gattc_sm_execute: State 0x02 [GATTC_CONN_ST], Event 0x1f05[BTA_GATTC_API_WRITE_EVT]
09-01 14:30:20.005 V/bt_stack( 8588): [VERBOSE1:gatt_utils.cc(1191)] gatt_end_operation status=0 op=3 subtype=1
09-01 14:30:20.005 V/bt_stack( 8588): [VERBOSE1:bta_gattc_act.cc(1309)] bta_gattc_cmpl_cback: conn_id:8 op:3 status:0
09-01 14:30:20.005 V/bt_stack( 8588): [VERBOSE1:bta_gattc_main.cc(341)] bta_gattc_sm_execute: GATTC State Change: 0x02 -> 0x02 after Event 0x1f05
09-01 14:30:20.005 V/bt_stack( 8588): [VERBOSE1:bta_gattc_main.cc(361)] bta_gattc_hdl_event: Event:BTA_GATTC_OP_CMPL_EVT
09-01 14:30:20.005 V/bt_stack( 8588): [VERBOSE1:bta_gattc_main.cc(305)] bta_gattc_sm_execute: State 0x02 [GATTC_CONN_ST], Event 0x1f0f[BTA_GATTC_OP_CMPL_EVT]
09-01 14:30:20.005 V/bt_stack( 8588): [VERBOSE1:bta_gattc_act.cc(936)] bta_gattc_op_cmpl: op:3
09-01 14:30:20.005 V/bt_stack( 8588): [VERBOSE1:bta_gattc_main.cc(341)] bta_gattc_sm_execute: GATTC State Change: 0x02 -> 0x02 after Event 0x1f0f
09-01 14:30:20.007 V/bt_stack( 8588): [VERBOSE1:bta_gattc_main.cc(361)] bta_gattc_hdl_event: Event:BTA_GATTC_API_WRITE_EVT
09-01 14:30:20.007 V/bt_stack( 8588): [VERBOSE1:bta_gattc_main.cc(305)] bta_gattc_sm_execute: State 0x02 [GATTC_CONN_ST], Event 0x1f05[BTA_GATTC_API_WRITE_EVT]
09-01 14:30:20.007 V/bt_stack( 8588): [VERBOSE1:gatt_utils.cc(1191)] gatt_end_operation status=0 op=3 subtype=1
09-01 14:30:20.007 V/bt_stack( 8588): [VERBOSE1:bta_gattc_act.cc(1309)] bta_gattc_cmpl_cback: conn_id:8 op:3 status:0
09-01 14:30:20.007 V/bt_stack( 8588): [VERBOSE1:bta_gattc_main.cc(341)] bta_gattc_sm_execute: GATTC State Change: 0x02 -> 0x02 after Event 0x1f05
09-01 14:30:20.007 V/bt_stack( 8588): [VERBOSE1:bta_gattc_main.cc(361)] bta_gattc_hdl_event: Event:BTA_GATTC_OP_CMPL_EVT
09-01 14:30:20.007 V/bt_stack( 8588): [VERBOSE1:bta_gattc_main.cc(305)] bta_gattc_sm_execute: State 0x02 [GATTC_CONN_ST], Event 0x1f0f[BTA_GATTC_OP_CMPL_EVT]
09-01 14:30:20.007 V/bt_stack( 8588): [VERBOSE1:bta_gattc_act.cc(936)] bta_gattc_op_cmpl: op:3
09-01 14:30:20.007 V/bt_stack( 8588): [VERBOSE1:bta_gattc_main.cc(341)] bta_gattc_sm_execute: GATTC State Change: 0x02 -> 0x02 after Event 0x1f0f
09-01 14:30:20.008 V/bt_stack( 8588): [VERBOSE1:btm_ble_gap.cc(1923)] btm_ble_process_ext_adv_pkt: bda=c2:3b:1c:22:11:66
09-01 14:30:20.008 V/bt_stack( 8588): [VERBOSE1:btm_ble_gap.cc(1847)] btm_ble_process_adv_addr: bda=c2:3b:1c:22:11:66
09-01 14:30:20.008 V/bt_stack( 8588): [VERBOSE1:btm_ble_gap.cc(2052)]  Waiting for scan response c2:3b:1c:22:11:66
09-01 14:30:20.008 V/bt_stack( 8588): [VERBOSE1:btm_ble_gap.cc(1923)] btm_ble_process_ext_adv_pkt: bda=c2:3b:1c:22:11:66
09-01 14:30:20.008 V/bt_stack( 8588): [VERBOSE1:btm_ble_gap.cc(1847)] btm_ble_process_adv_addr: bda=c2:3b:1c:22:11:66
09-01 14:30:20.010 D/BluetoothUtils( 8588): blockedByLocationOff callingUid=1002
09-01 14:30:20.011 I/BluetoothUtils( 8588): packagename is android.uid.bluetooth:1002 ,and its permission is false
09-01 14:30:20.011 D/BluetoothUtils( 8588): blockedByLocationOff callingUid=1002
09-01 14:30:20.011 I/BluetoothUtils( 8588): packagename is android.uid.bluetooth:1002 ,and its permission is false
09-01 14:30:20.011 D/BluetoothUtils( 8588): blockedByLocationOff callingUid=1002
09-01 14:30:20.012 I/BluetoothUtils( 8588): packagename is android.uid.bluetooth:1002 ,and its permission is false
09-01 14:30:20.016 V/bt_stack( 8588): [VERBOSE1:btm_ble_gap.cc(1923)] btm_ble_process_ext_adv_pkt: bda=3a:23:cb:4a:85:2d
09-01 14:30:20.016 V/bt_stack( 8588): [VERBOSE1:btm_ble_gap.cc(1847)] btm_ble_process_adv_addr: bda=3a:23:cb:4a:85:2d
09-01 14:30:20.017 V/bt_stack( 8588): [VERBOSE1:btm_ble_gap.cc(1923)] btm_ble_process_ext_adv_pkt: bda=2c:e0:b3:78:83:e3
09-01 14:30:20.017 V/bt_stack( 8588): [VERBOSE1:btm_ble_gap.cc(1847)] btm_ble_process_adv_addr: bda=2c:e0:b3:78:83:e3
09-01 14:30:20.017 D/BluetoothUtils( 8588): blockedByLocationOff callingUid=1002
09-01 14:30:20.018 I/BluetoothUtils( 8588): packagename is android.uid.bluetooth:1002 ,and its permission is false
09-01 14:30:20.018 D/BluetoothUtils( 8588): blockedByLocationOff callingUid=1002
09-01 14:30:20.018 I/BluetoothUtils( 8588): packagename is android.uid.bluetooth:1002 ,and its permission is false
09-01 14:30:20.018 D/BluetoothUtils( 8588): blockedByLocationOff callingUid=1002
09-01 14:30:20.019 I/BluetoothUtils( 8588): packagename is android.uid.bluetooth:1002 ,and its permission is false
09-01 14:30:20.019 D/BluetoothUtils( 8588): blockedByLocationOff callingUid=1002
09-01 14:30:20.020 I/BluetoothUtils( 8588): packagename is android.uid.bluetooth:1002 ,and its permission is false
09-01 14:30:20.020 V/bt_stack( 8588): [VERBOSE1:btm_ble_gap.cc(1923)] btm_ble_process_ext_adv_pkt: bda=66:3e:07:e0:2b:d4
09-01 14:30:20.020 V/bt_stack( 8588): [VERBOSE1:btm_ble_gap.cc(1847)] btm_ble_process_adv_addr: bda=66:3e:07:e0:2b:d4
09-01 14:30:20.020 V/bt_stack( 8588): [VERBOSE1:btm_ble_gap.cc(2052)]  Waiting for scan response 66:3e:07:e0:2b:d4
09-01 14:30:20.020 D/BluetoothUtils( 8588): blockedByLocationOff callingUid=1002
09-01 14:30:20.020 V/bt_stack( 8588): [VERBOSE1:btm_ble_gap.cc(1923)] btm_ble_process_ext_adv_pkt: bda=66:3e:07:e0:2b:d4
09-01 14:30:20.020 V/bt_stack( 8588): [VERBOSE1:btm_ble_gap.cc(1847)] btm_ble_process_adv_addr: bda=66:3e:07:e0:2b:d4
09-01 14:30:20.021 I/BluetoothUtils( 8588): packagename is android.uid.bluetooth:1002 ,and its permission is false
09-01 14:30:20.021 D/BluetoothUtils( 8588): blockedByLocationOff callingUid=1002
09-01 14:30:20.021 I/BluetoothUtils( 8588): packagename is android.uid.bluetooth:1002 ,and its permission is false
09-01 14:30:20.021 D/BluetoothUtils( 8588): blockedByLocationOff callingUid=1002
09-01 14:30:20.022 I/BluetoothUtils( 8588): packagename is android.uid.bluetooth:1002 ,and its permission is false
09-01 14:30:20.022 D/BluetoothUtils( 8588): blockedByLocationOff callingUid=1002
09-01 14:30:20.022 I/BluetoothUtils( 8588): packagename is android.uid.bluetooth:1002 ,and its permission is false
09-01 14:30:20.022 D/BluetoothUtils( 8588): blockedByLocationOff callingUid=1002
09-01 14:30:20.022 I/BluetoothUtils( 8588): packagename is android.uid.bluetooth:1002 ,and its permission is false
09-01 14:30:20.027 V/bt_stack( 8588): [VERBOSE1:btm_ble_gap.cc(1923)] btm_ble_process_ext_adv_pkt: bda=17:7e:29:ab:4e:d0
09-01 14:30:20.028 V/bt_stack( 8588): [VERBOSE1:btm_ble_gap.cc(1847)] btm_ble_process_adv_addr: bda=17:7e:29:ab:4e:d0
09-01 14:30:20.029 D/BluetoothUtils( 8588): blockedByLocationOff callingUid=1002
09-01 14:30:20.029 V/bt_stack( 8588): [VERBOSE1:btm_ble_gap.cc(1923)] btm_ble_process_ext_adv_pkt: bda=0c:1a:06:0e:96:57
09-01 14:30:20.029 V/bt_stack( 8588): [VERBOSE1:btm_ble_gap.cc(1847)] btm_ble_process_adv_addr: bda=0c:1a:06:0e:96:57
09-01 14:30:20.029 I/BluetoothUtils( 8588): packagename is android.uid.bluetooth:1002 ,and its permission is false
09-01 14:30:20.029 D/BluetoothUtils( 8588): blockedByLocationOff callingUid=1002
09-01 14:30:20.030 I/BluetoothUtils( 8588): packagename is android.uid.bluetooth:1002 ,and its permission is false
09-01 14:30:20.030 D/BluetoothUtils( 8588): blockedByLocationOff callingUid=1002
09-01 14:30:20.030 I/BluetoothUtils( 8588): packagename is android.uid.bluetooth:1002 ,and its permission is false
09-01 14:30:20.031 D/BluetoothUtils( 8588): blockedByLocationOff callingUid=1002
09-01 14:30:20.031 I/BluetoothUtils( 8588): packagename is android.uid.bluetooth:1002 ,and its permission is false
09-01 14:30:20.032 D/BluetoothUtils( 8588): blockedByLocationOff callingUid=1002
09-01 14:30:20.032 I/BluetoothUtils( 8588): packagename is android.uid.bluetooth:1002 ,and its permission is false
09-01 14:30:20.032 D/BluetoothUtils( 8588): blockedByLocationOff callingUid=1002
09-01 14:30:20.032 I/BluetoothUtils( 8588): packagename is android.uid.bluetooth:1002 ,and its permission is false
09-01 14:30:20.036 V/bt_stack( 8588): [VERBOSE1:btm_ble_gap.cc(1923)] btm_ble_process_ext_adv_pkt: bda=66:db:a5:b4:54:91
09-01 14:30:20.036 V/bt_stack( 8588): [VERBOSE1:btm_ble_gap.cc(1847)] btm_ble_process_adv_addr: bda=66:db:a5:b4:54:91
09-01 14:30:20.036 V/bt_stack( 8588): [VERBOSE1:btm_ble_gap.cc(2052)]  Waiting for scan response 66:db:a5:b4:54:91
09-01 14:30:20.036 V/bt_stack( 8588): [VERBOSE1:btm_ble_gap.cc(1923)] btm_ble_process_ext_adv_pkt: bda=66:db:a5:b4:54:91
09-01 14:30:20.036 V/bt_stack( 8588): [VERBOSE1:btm_ble_gap.cc(1847)] btm_ble_process_adv_addr: bda=66:db:a5:b4:54:91
09-01 14:30:20.037 D/BluetoothUtils( 8588): blockedByLocationOff callingUid=1002
09-01 14:30:20.037 I/BluetoothUtils( 8588): packagename is android.uid.bluetooth:1002 ,and its permission is false
09-01 14:30:20.038 D/BluetoothUtils( 8588): blockedByLocationOff callingUid=1002
09-01 14:30:20.038 I/BluetoothUtils( 8588): packagename is android.uid.bluetooth:1002 ,and its permission is false
09-01 14:30:20.038 D/BluetoothUtils( 8588): blockedByLocationOff callingUid=1002
09-01 14:30:20.038 I/BluetoothUtils( 8588): packagename is android.uid.bluetooth:1002 ,and its permission is false
09-01 14:30:20.051 V/bt_stack( 8588): [VERBOSE1:btm_ble_gap.cc(1923)] btm_ble_process_ext_adv_pkt: bda=36:c9:49:a0:b6:9d
09-01 14:30:20.051 V/bt_stack( 8588): [VERBOSE1:btm_ble_gap.cc(1847)] btm_ble_process_adv_addr: bda=36:c9:49:a0:b6:9d
09-01 14:30:20.053 D/BluetoothUtils( 8588): blockedByLocationOff callingUid=1002
09-01 14:30:20.054 I/BluetoothUtils( 8588): packagename is android.uid.bluetooth:1002 ,and its permission is false
09-01 14:30:20.054 D/BluetoothUtils( 8588): blockedByLocationOff callingUid=1002
09-01 14:30:20.055 I/BluetoothUtils( 8588): packagename is android.uid.bluetooth:1002 ,and its permission is false
09-01 14:30:20.055 D/BluetoothUtils( 8588): blockedByLocationOff callingUid=1002
09-01 14:30:20.055 I/BluetoothUtils( 8588): packagename is android.uid.bluetooth:1002 ,and its permission is false
09-01 14:30:20.057 V/bt_stack( 8588): [VERBOSE1:btm_ble_gap.cc(1923)] btm_ble_process_ext_adv_pkt: bda=56:e4:da:79:d5:88
09-01 14:30:20.057 V/bt_stack( 8588): [VERBOSE1:btm_ble_gap.cc(1847)] btm_ble_process_adv_addr: bda=56:e4:da:79:d5:88
09-01 14:30:20.057 V/bt_stack( 8588): [VERBOSE1:btm_ble_gap.cc(2052)]  Waiting for scan response 56:e4:da:79:d5:88
09-01 14:30:20.057 V/bt_stack( 8588): [VERBOSE1:btm_ble_gap.cc(1923)] btm_ble_process_ext_adv_pkt: bda=56:e4:da:79:d5:88
09-01 14:30:20.057 V/bt_stack( 8588): [VERBOSE1:btm_ble_gap.cc(1847)] btm_ble_process_adv_addr: bda=56:e4:da:79:d5:88
09-01 14:30:20.059 D/BluetoothUtils( 8588): blockedByLocationOff callingUid=1002
09-01 14:30:20.060 V/bt_stack( 8588): [VERBOSE1:btm_ble_gap.cc(1923)] btm_ble_process_ext_adv_pkt: bda=19:30:6d:c4:b5:5b
09-01 14:30:20.060 V/bt_stack( 8588): [VERBOSE1:btm_ble_gap.cc(1847)] btm_ble_process_adv_addr: bda=19:30:6d:c4:b5:5b
09-01 14:30:20.060 I/BluetoothUtils( 8588): packagename is android.uid.bluetooth:1002 ,and its permission is false
09-01 14:30:20.060 D/BluetoothUtils( 8588): blockedByLocationOff callingUid=1002
09-01 14:30:20.060 I/BluetoothUtils( 8588): packagename is android.uid.bluetooth:1002 ,and its permission is false
09-01 14:30:20.061 D/BluetoothUtils( 8588): blockedByLocationOff callingUid=1002
09-01 14:30:20.062 I/BluetoothUtils( 8588): packagename is android.uid.bluetooth:1002 ,and its permission is false
09-01 14:30:20.063 D/BluetoothUtils( 8588): blockedByLocationOff callingUid=1002
09-01 14:30:20.064 I/BluetoothUtils( 8588): packagename is android.uid.bluetooth:1002 ,and its permission is false
09-01 14:30:20.064 D/BluetoothUtils( 8588): blockedByLocationOff callingUid=1002
09-01 14:30:20.064 I/BluetoothUtils( 8588): packagename is android.uid.bluetooth:1002 ,and its permission is false
09-01 14:30:20.064 D/BluetoothUtils( 8588): blockedByLocationOff callingUid=1002
09-01 14:30:20.064 I/BluetoothUtils( 8588): packagename is android.uid.bluetooth:1002 ,and its permission is false
09-01 14:30:20.067 V/bt_stack( 8588): [VERBOSE1:btm_ble_gap.cc(1923)] btm_ble_process_ext_adv_pkt: bda=38:f9:d3:45:87:1e
09-01 14:30:20.068 V/bt_stack( 8588): [VERBOSE1:btm_ble_gap.cc(1847)] btm_ble_process_adv_addr: bda=38:f9:d3:45:87:1e
09-01 14:30:20.068 V/bt_stack( 8588): [VERBOSE1:btm_ble_gap.cc(2052)]  Waiting for scan response 38:f9:d3:45:87:1e
09-01 14:30:20.068 V/bt_stack( 8588): [VERBOSE1:btm_ble_gap.cc(1923)] btm_ble_process_ext_adv_pkt: bda=38:f9:d3:45:87:1e
09-01 14:30:20.068 V/bt_stack( 8588): [VERBOSE1:btm_ble_gap.cc(1847)] btm_ble_process_adv_addr: bda=38:f9:d3:45:87:1e
09-01 14:30:20.068 D/BluetoothUtils( 8588): blockedByLocationOff callingUid=1002
09-01 14:30:20.069 I/BluetoothUtils( 8588): packagename is android.uid.bluetooth:1002 ,and its permission is false
09-01 14:30:20.069 D/BluetoothUtils( 8588): blockedByLocationOff callingUid=1002
09-01 14:30:20.069 I/BluetoothUtils( 8588): packagename is android.uid.bluetooth:1002 ,and its permission is false
09-01 14:30:20.069 D/BluetoothUtils( 8588): blockedByLocationOff callingUid=1002
09-01 14:30:20.069 I/BluetoothUtils( 8588): packagename is android.uid.bluetooth:1002 ,and its permission is false
09-01 14:30:20.071 V/bt_stack( 8588): [VERBOSE1:btm_ble_gap.cc(1923)] btm_ble_process_ext_adv_pkt: bda=11:82:f5:89:45:91
09-01 14:30:20.071 V/bt_stack( 8588): [VERBOSE1:btm_ble_gap.cc(1847)] btm_ble_process_adv_addr: bda=11:82:f5:89:45:91
09-01 14:30:20.071 D/BluetoothUtils( 8588): blockedByLocationOff callingUid=1002
09-01 14:30:20.072 I/BluetoothUtils( 8588): packagename is android.uid.bluetooth:1002 ,and its permission is false
09-01 14:30:20.072 D/BluetoothUtils( 8588): blockedByLocationOff callingUid=1002
09-01 14:30:20.072 I/BluetoothUtils( 8588): packagename is android.uid.bluetooth:1002 ,and its permission is false
09-01 14:30:20.072 D/BluetoothUtils( 8588): blockedByLocationOff callingUid=1002
09-01 14:30:20.073 I/BluetoothUtils( 8588): packagename is android.uid.bluetooth:1002 ,and its permission is false
09-01 14:30:20.083 V/bt_stack( 8588): [VERBOSE1:btm_ble_gap.cc(1923)] btm_ble_process_ext_adv_pkt: bda=dd:ea:7d:df:1e:c3
09-01 14:30:20.084 V/bt_stack( 8588): [VERBOSE1:btm_ble_gap.cc(1847)] btm_ble_process_adv_addr: bda=dd:ea:7d:df:1e:c3
09-01 14:30:20.084 V/bt_stack( 8588): [VERBOSE1:btm_ble_gap.cc(2052)]  Waiting for scan response dd:ea:7d:df:1e:c3
09-01 14:30:20.084 V/bt_stack( 8588): [VERBOSE1:btm_ble_gap.cc(1923)] btm_ble_process_ext_adv_pkt: bda=24:65:c8:81:ba:6f
09-01 14:30:20.084 V/bt_stack( 8588): [VERBOSE1:btm_ble_gap.cc(1847)] btm_ble_process_adv_addr: bda=24:65:c8:81:ba:6f
09-01 14:30:20.086 D/BluetoothUtils( 8588): blockedByLocationOff callingUid=1002
09-01 14:30:20.086 I/BluetoothUtils( 8588): packagename is android.uid.bluetooth:1002 ,and its permission is false
09-01 14:30:20.087 D/BluetoothUtils( 8588): blockedByLocationOff callingUid=1002
09-01 14:30:20.087 I/BluetoothUtils( 8588): packagename is android.uid.bluetooth:1002 ,and its permission is false
09-01 14:30:20.087 D/BluetoothUtils( 8588): blockedByLocationOff callingUid=1002
09-01 14:30:20.087 I/BluetoothUtils( 8588): packagename is android.uid.bluetooth:1002 ,and its permission is false
09-01 14:30:20.089 V/bt_stack( 8588): [VERBOSE1:gatt_main.cc(1079)] gatt_get_ch_state: ch_state=4
09-01 14:30:20.089 I/bt_stack( 8588): [INFO:gatt_main.cc(912)] gatt_data_process op_code = 27, msg_len = 6
09-01 14:30:20.089 V/bt_stack( 8588): [VERBOSE1:gatt_cl.cc(620)] gatt_process_notification
09-01 14:30:20.089 V/bt_stack( 8588): [VERBOSE1:gatt_auth.cc(364)] gatt_get_link_encrypt_status status=0x8e
