09-01 14:33:54.187 V/bt_stack( 8588): [VERBOSE1:btm_ble_gap.cc(1923)] btm_ble_process_ext_adv_pkt: bda=66:3e:07:e0:2b:d4
09-01 14:33:54.188 V/bt_stack( 8588): [VERBOSE1:btm_ble_gap.cc(1847)] btm_ble_process_adv_addr: bda=66:3e:07:e0:2b:d4
09-01 14:33:54.188 V/bt_stack( 8588): [VERBOSE1:btm_ble_gap.cc(2052)]  Waiting for scan response 66:3e:07:e0:2b:d4
09-01 14:33:54.188 V/bt_stack( 8588): [VERBOSE1:btm_ble_gap.cc(1923)] btm_ble_process_ext_adv_pkt: bda=66:3e:07:e0:2b:d4
09-01 14:33:54.188 V/bt_stack( 8588): [VERBOSE1:btm_ble_gap.cc(1847)] btm_ble_process_adv_addr: bda=66:3e:07:e0:2b:d4
09-01 14:33:54.188 D/BluetoothUtils( 8588): blockedByLocationOff callingUid=1002
09-01 14:33:54.189 I/BluetoothUtils( 8588): packagename is android.uid.bluetooth:1002 ,and its permission is false
09-01 14:33:54.189 V/bt_stack( 8588): [VERBOSE1:btm_ble_gap.cc(1923)] btm_ble_process_ext_adv_pkt: bda=32:d2:03:03:d2:bd
09-01 14:33:54.189 V/bt_stack( 8588): [VERBOSE1:btm_ble_gap.cc(1847)] btm_ble_process_adv_addr: bda=32:d2:03:03:d2:bd
09-01 14:33:54.189 D/BluetoothUtils( 8588): blockedByLocationOff callingUid=1002
09-01 14:33:54.189 I/BluetoothUtils( 8588): packagename is android.uid.bluetooth:1002 ,and its permission is false
09-01 14:33:54.189 D/BluetoothUtils( 8588): blockedByLocationOff callingUid=1002
09-01 14:33:54.189 I/BluetoothUtils( 8588): packagename is android.uid.bluetooth:1002 ,and its permission is false
09-01 14:33:54.190 D/BluetoothUtils( 8588): blockedByLocationOff callingUid=1002
09-01 14:33:54.190 I/appium  (10741): channel read invoked!
09-01 14:33:54.190 I/appium  (10741): channel read: GET /wd/hub/session/a4d7b541-3cc2-4590-a0d7-423994c151e3/element/e337576b-04bd-4c7f-a7a3-32959e0c6b6d/attribute/text
09-01 14:33:54.190 I/BluetoothUtils( 8588): packagename is android.uid.bluetooth:1002 ,and its permission is false
09-01 14:33:54.191 I/appium  (10741): get attribute of element command
09-01 14:33:54.191 D/BluetoothUtils( 8588): blockedByLocationOff callingUid=1002
09-01 14:33:54.191 I/BluetoothUtils( 8588): packagename is android.uid.bluetooth:1002 ,and its permission is false
09-01 14:33:54.191 D/BluetoothUtils( 8588): blockedByLocationOff callingUid=1002
09-01 14:33:54.191 I/BluetoothUtils( 8588): packagename is android.uid.bluetooth:1002 ,and its permission is false
09-01 14:33:54.195 V/bt_stack( 8588): [VERBOSE1:btm_ble_gap.cc(1923)] btm_ble_process_ext_adv_pkt: bda=2d:8f:df:c2:a9:d4
09-01 14:33:54.195 V/bt_stack( 8588): [VERBOSE1:btm_ble_gap.cc(1847)] btm_ble_process_adv_addr: bda=2d:8f:df:c2:a9:d4
09-01 14:33:54.196 D/BluetoothUtils( 8588): blockedByLocationOff callingUid=1002
09-01 14:33:54.197 I/BluetoothUtils( 8588): packagename is android.uid.bluetooth:1002 ,and its permission is false
09-01 14:33:54.197 D/BluetoothUtils( 8588): blockedByLocationOff callingUid=1002
09-01 14:33:54.197 I/BluetoothUtils( 8588): packagename is android.uid.bluetooth:1002 ,and its permission is false
09-01 14:33:54.197 D/BluetoothUtils( 8588): blockedByLocationOff callingUid=1002
09-01 14:33:54.197 I/BluetoothUtils( 8588): packagename is android.uid.bluetooth:1002 ,and its permission is false
09-01 14:33:54.197 I/appium  (10741): AppiumResponse: {"sessionId":"a4d7b541-3cc2-4590-a0d7-423994c151e3","value":"今日步数 3311"}
09-01 14:33:54.206 V/bt_stack( 8588): [VERBOSE1:btm_ble_gap.cc(1923)] btm_ble_process_ext_adv_pkt: bda=24:65:c8:81:ba:6f
09-01 14:33:54.206 V/bt_stack( 8588): [VERBOSE1:btm_ble_gap.cc(1847)] btm_ble_process_adv_addr: bda=24:65:c8:81:ba:6f
09-01 14:33:54.208 D/BluetoothUtils( 8588): blockedByLocationOff callingUid=1002
09-01 14:33:54.209 I/BluetoothUtils( 8588): packagename is android.uid.bluetooth:1002 ,and its permission is false
09-01 14:33:54.209 D/BluetoothUtils( 8588): blockedByLocationOff callingUid=1002
09-01 14:33:54.209 I/BluetoothUtils( 8588): packagename is android.uid.bluetooth:1002 ,and its permission is false
09-01 14:33:54.209 D/BluetoothUtils( 8588): blockedByLocationOff callingUid=1002
09-01 14:33:54.209 I/BluetoothUtils( 8588): packagename is android.uid.bluetooth:1002 ,and its permission is false
09-01 14:33:54.218 V/bt_stack( 8588): [VERBOSE1:btm_ble_gap.cc(1923)] btm_ble_process_ext_adv_pkt: bda=12:f7:c7:df:cb:b1
09-01 14:33:54.218 V/bt_stack( 8588): [VERBOSE1:btm_ble_gap.cc(1847)] btm_ble_process_adv_addr: bda=12:f7:c7:df:cb:b1
09-01 14:33:54.220 D/BluetoothUtils( 8588): blockedByLocationOff callingUid=1002
09-01 14:33:54.220 I/BluetoothUtils( 8588): packagename is android.uid.bluetooth:1002 ,and its permission is false
09-01 14:33:54.221 D/BluetoothUtils( 8588): blockedByLocationOff callingUid=1002
09-01 14:33:54.221 I/BluetoothUtils( 8588): packagename is android.uid.bluetooth:1002 ,and its permission is false
09-01 14:33:54.221 D/BluetoothUtils( 8588): blockedByLocationOff callingUid=1002
09-01 14:33:54.222 I/BluetoothUtils( 8588): packagename is android.uid.bluetooth:1002 ,and its permission is false
09-01 14:33:54.230 V/bt_stack( 8588): [VERBOSE1:btm_ble_gap.cc(1923)] btm_ble_process_ext_adv_pkt: bda=7c:ed:2d:b6:cf:30
09-01 14:33:54.230 V/bt_stack( 8588): [VERBOSE1:btm_ble_gap.cc(1847)] btm_ble_process_adv_addr: bda=7c:ed:2d:b6:cf:30
09-01 14:33:54.231 V/bt_stack( 8588): [VERBOSE1:btm_ble_gap.cc(2052)]  Waiting for scan response 7c:ed:2d:b6:cf:30
09-01 14:33:54.239 I/appium  (10741): channel read invoked!
09-01 14:33:54.239 I/appium  (10741): channel read: POST /wd/hub/session/a4d7b541-3cc2-4590-a0d7-423994c151e3/element
09-01 14:33:54.240 I/appium  (10741): Find element command using 'xpath' with selector '//*[contains(@text, "步数运动距离")]'.
09-01 14:33:54.241 I/appium  (10741): Waiting up to 10000ms for device to be idle
09-01 14:33:54.241 V/bt_stack( 8588): [VERBOSE1:btm_ble_gap.cc(1923)] btm_ble_process_ext_adv_pkt: bda=46:25:ff:ec:21:0b
09-01 14:33:54.241 V/bt_stack( 8588): [VERBOSE1:btm_ble_gap.cc(1847)] btm_ble_process_adv_addr: bda=46:25:ff:ec:21:0b
09-01 14:33:54.241 V/bt_stack( 8588): [VERBOSE1:btm_ble_gap.cc(2052)]  Waiting for scan response 46:25:ff:ec:21:0b
09-01 14:33:54.241 V/bt_stack( 8588): [VERBOSE1:btm_ble_gap.cc(1923)] btm_ble_process_ext_adv_pkt: bda=17:7e:29:ab:4e:d0
09-01 14:33:54.241 V/bt_stack( 8588): [VERBOSE1:btm_ble_gap.cc(1847)] btm_ble_process_adv_addr: bda=17:7e:29:ab:4e:d0
09-01 14:33:54.242 V/bt_stack( 8588): [VERBOSE1:btm_ble_gap.cc(1923)] btm_ble_process_ext_adv_pkt: bda=01:f5:30:c0:9b:7a
09-01 14:33:54.242 V/bt_stack( 8588): [VERBOSE1:btm_ble_gap.cc(1847)] btm_ble_process_adv_addr: bda=01:f5:30:c0:9b:7a
09-01 14:33:54.242 D/BluetoothUtils( 8588): blockedByLocationOff callingUid=1002
09-01 14:33:54.243 I/BluetoothUtils( 8588): packagename is android.uid.bluetooth:1002 ,and its permission is false
09-01 14:33:54.243 D/BluetoothUtils( 8588): blockedByLocationOff callingUid=1002
09-01 14:33:54.243 I/BluetoothUtils( 8588): packagename is android.uid.bluetooth:1002 ,and its permission is false
09-01 14:33:54.244 D/BluetoothUtils( 8588): blockedByLocationOff callingUid=1002
09-01 14:33:54.244 I/BluetoothUtils( 8588): packagename is android.uid.bluetooth:1002 ,and its permission is false
09-01 14:33:54.245 D/BluetoothUtils( 8588): blockedByLocationOff callingUid=1002
09-01 14:33:54.245 I/BluetoothUtils( 8588): packagename is android.uid.bluetooth:1002 ,and its permission is false
09-01 14:33:54.245 D/BluetoothUtils( 8588): blockedByLocationOff callingUid=1002
09-01 14:33:54.246 I/BluetoothUtils( 8588): packagename is android.uid.bluetooth:1002 ,and its permission is false
09-01 14:33:54.245 V/bt_stack( 8588): [VERBOSE1:btm_ble_gap.cc(1923)] btm_ble_process_ext_adv_pkt: bda=0d:a0:9b:d0:d9:48
09-01 14:33:54.246 V/bt_stack( 8588): [VERBOSE1:btm_ble_gap.cc(1847)] btm_ble_process_adv_addr: bda=0d:a0:9b:d0:d9:48
09-01 14:33:54.246 D/BluetoothUtils( 8588): blockedByLocationOff callingUid=1002
09-01 14:33:54.246 I/BluetoothUtils( 8588): packagename is android.uid.bluetooth:1002 ,and its permission is false
09-01 14:33:54.247 D/BluetoothUtils( 8588): blockedByLocationOff callingUid=1002
09-01 14:33:54.247 I/BluetoothUtils( 8588): packagename is android.uid.bluetooth:1002 ,and its permission is false
09-01 14:33:54.247 D/BluetoothUtils( 8588): blockedByLocationOff callingUid=1002
09-01 14:33:54.248 I/BluetoothUtils( 8588): packagename is android.uid.bluetooth:1002 ,and its permission is false
09-01 14:33:54.248 D/BluetoothUtils( 8588): blockedByLocationOff callingUid=1002
09-01 14:33:54.248 I/BluetoothUtils( 8588): packagename is android.uid.bluetooth:1002 ,and its permission is false
09-01 14:33:54.254 V/bt_stack( 8588): [VERBOSE1:btm_ble_gap.cc(1923)] btm_ble_process_ext_adv_pkt: bda=1b:39:55:3e:e3:6c
09-01 14:33:54.254 V/bt_stack( 8588): [VERBOSE1:btm_ble_gap.cc(1847)] btm_ble_process_adv_addr: bda=1b:39:55:3e:e3:6c
09-01 14:33:54.255 V/bt_stack( 8588): [VERBOSE1:btm_ble_gap.cc(1923)] btm_ble_process_ext_adv_pkt: bda=33:5c:08:c6:ed:02
09-01 14:33:54.255 V/bt_stack( 8588): [VERBOSE1:btm_ble_gap.cc(1847)] btm_ble_process_adv_addr: bda=33:5c:08:c6:ed:02
09-01 14:33:54.255 D/BluetoothUtils( 8588): blockedByLocationOff callingUid=1002
09-01 14:33:54.255 I/BluetoothUtils( 8588): packagename is android.uid.bluetooth:1002 ,and its permission is false
09-01 14:33:54.255 D/BluetoothUtils( 8588): blockedByLocationOff callingUid=1002
09-01 14:33:54.256 I/BluetoothUtils( 8588): packagename is android.uid.bluetooth:1002 ,and its permission is false
09-01 14:33:54.256 D/BluetoothUtils( 8588): blockedByLocationOff callingUid=1002
09-01 14:33:54.256 I/BluetoothUtils( 8588): packagename is android.uid.bluetooth:1002 ,and its permission is false
09-01 14:33:54.257 D/BluetoothUtils( 8588): blockedByLocationOff callingUid=1002
09-01 14:33:54.257 I/BluetoothUtils( 8588): packagename is android.uid.bluetooth:1002 ,and its permission is false
09-01 14:33:54.257 D/BluetoothUtils( 8588): blockedByLocationOff callingUid=1002
09-01 14:33:54.257 I/BluetoothUtils( 8588): packagename is android.uid.bluetooth:1002 ,and its permission is false
09-01 14:33:54.258 D/BluetoothUtils( 8588): blockedByLocationOff callingUid=1002
09-01 14:33:54.258 I/BluetoothUtils( 8588): packagename is android.uid.bluetooth:1002 ,and its permission is false
09-01 14:33:54.268 V/bt_stack( 8588): [VERBOSE1:btm_ble_gap.cc(1923)] btm_ble_process_ext_adv_pkt: bda=67:ec:83:7e:42:50
09-01 14:33:54.268 V/bt_stack( 8588): [VERBOSE1:btm_ble_gap.cc(1847)] btm_ble_process_adv_addr: bda=67:ec:83:7e:42:50
09-01 14:33:54.268 V/bt_stack( 8588): [VERBOSE1:btm_ble_gap.cc(2052)]  Waiting for scan response 67:ec:83:7e:42:50
09-01 14:33:54.277 V/bt_stack( 8588): [VERBOSE1:btm_ble_gap.cc(1923)] btm_ble_process_ext_adv_pkt: bda=c1:e5:1e:69:fb:26
09-01 14:33:54.277 V/bt_stack( 8588): [VERBOSE1:btm_ble_gap.cc(1847)] btm_ble_process_adv_addr: bda=c1:e5:1e:69:fb:26
09-01 14:33:54.277 V/bt_stack( 8588): [VERBOSE1:btm_ble_gap.cc(2052)]  Waiting for scan response c1:e5:1e:69:fb:26
09-01 14:33:54.279 V/bt_stack( 8588): [VERBOSE1:btm_ble_gap.cc(1923)] btm_ble_process_ext_adv_pkt: bda=72:1f:5b:cb:e4:06
09-01 14:33:54.279 V/bt_stack( 8588): [VERBOSE1:btm_ble_gap.cc(1847)] btm_ble_process_adv_addr: bda=72:1f:5b:cb:e4:06
09-01 14:33:54.279 V/bt_stack( 8588): [VERBOSE1:btm_ble_gap.cc(2052)]  Waiting for scan response 72:1f:5b:cb:e4:06
09-01 14:33:54.279 V/bt_stack( 8588): [VERBOSE1:btm_ble_gap.cc(1923)] btm_ble_process_ext_adv_pkt: bda=36:c9:49:a0:b6:9d
09-01 14:33:54.279 V/bt_stack( 8588): [VERBOSE1:btm_ble_gap.cc(1847)] btm_ble_process_adv_addr: bda=36:c9:49:a0:b6:9d
09-01 14:33:54.280 D/BluetoothUtils( 8588): blockedByLocationOff callingUid=1002
09-01 14:33:54.280 V/bt_stack( 8588): [VERBOSE1:btm_ble_gap.cc(1923)] btm_ble_process_ext_adv_pkt: bda=0a:29:89:b7:c8:4a
09-01 14:33:54.280 V/bt_stack( 8588): [VERBOSE1:btm_ble_gap.cc(1847)] btm_ble_process_adv_addr: bda=0a:29:89:b7:c8:4a
09-01 14:33:54.281 I/BluetoothUtils( 8588): packagename is android.uid.bluetooth:1002 ,and its permission is false
09-01 14:33:54.281 D/BluetoothUtils( 8588): blockedByLocationOff callingUid=1002
09-01 14:33:54.282 I/BluetoothUtils( 8588): packagename is android.uid.bluetooth:1002 ,and its permission is false
09-01 14:33:54.282 D/BluetoothUtils( 8588): blockedByLocationOff callingUid=1002
09-01 14:33:54.282 I/BluetoothUtils( 8588): packagename is android.uid.bluetooth:1002 ,and its permission is false
09-01 14:33:54.283 D/BluetoothUtils( 8588): blockedByLocationOff callingUid=1002
09-01 14:33:54.283 I/BluetoothUtils( 8588): packagename is android.uid.bluetooth:1002 ,and its permission is false
09-01 14:33:54.284 D/BluetoothUtils( 8588): blockedByLocationOff callingUid=1002
09-01 14:33:54.284 I/BluetoothUtils( 8588): packagename is android.uid.bluetooth:1002 ,and its permission is false
09-01 14:33:54.284 D/BluetoothUtils( 8588): blockedByLocationOff callingUid=1002
09-01 14:33:54.284 I/BluetoothUtils( 8588): packagename is android.uid.bluetooth:1002 ,and its permission is false
09-01 14:33:54.290 V/bt_stack( 8588): [VERBOSE1:btm_ble_gap.cc(1923)] btm_ble_process_ext_adv_pkt: bda=24:c2:07:5f:ee:ac
09-01 14:33:54.291 V/bt_stack( 8588): [VERBOSE1:btm_ble_gap.cc(1847)] btm_ble_process_adv_addr: bda=24:c2:07:5f:ee:ac
09-01 14:33:54.292 D/BluetoothUtils( 8588): blockedByLocationOff callingUid=1002
09-01 14:33:54.292 I/BluetoothUtils( 8588): packagename is android.uid.bluetooth:1002 ,and its permission is false
09-01 14:33:54.292 D/BluetoothUtils( 8588): blockedByLocationOff callingUid=1002
09-01 14:33:54.293 I/BluetoothUtils( 8588): packagename is android.uid.bluetooth:1002 ,and its permission is false
09-01 14:33:54.293 D/BluetoothUtils( 8588): blockedByLocationOff callingUid=1002
09-01 14:33:54.293 I/BluetoothUtils( 8588): packagename is android.uid.bluetooth:1002 ,and its permission is false
09-01 14:33:54.300 V/bt_stack( 8588): [VERBOSE1:btm_ble_gap.cc(1923)] btm_ble_process_ext_adv_pkt: bda=2d:8f:df:c2:a9:d4
09-01 14:33:54.300 V/bt_stack( 8588): [VERBOSE1:btm_ble_gap.cc(1847)] btm_ble_process_adv_addr: bda=2d:8f:df:c2:a9:d4
09-01 14:33:54.301 D/BluetoothUtils( 8588): blockedByLocationOff callingUid=1002
09-01 14:33:54.302 I/BluetoothUtils( 8588): packagename is android.uid.bluetooth:1002 ,and its permission is false
09-01 14:33:54.302 D/BluetoothUtils( 8588): blockedByLocationOff callingUid=1002
09-01 14:33:54.302 I/BluetoothUtils( 8588): packagename is android.uid.bluetooth:1002 ,and its permission is false
09-01 14:33:54.303 D/BluetoothUtils( 8588): blockedByLocationOff callingUid=1002
09-01 14:33:54.303 I/BluetoothUtils( 8588): packagename is android.uid.bluetooth:1002 ,and its permission is false
09-01 14:33:54.316 V/bt_stack( 8588): [VERBOSE1:btm_ble_gap.cc(1923)] btm_ble_process_ext_adv_pkt: bda=0c:39:e9:d5:de:20
09-01 14:33:54.316 V/bt_stack( 8588): [VERBOSE1:btm_ble_gap.cc(1847)] btm_ble_process_adv_addr: bda=0c:39:e9:d5:de:20
09-01 14:33:54.317 V/bt_stack( 8588): [VERBOSE1:btm_ble_gap.cc(1923)] btm_ble_process_ext_adv_pkt: bda=19:30:6d:c4:b5:5b
09-01 14:33:54.317 D/BluetoothUtils( 8588): blockedByLocationOff callingUid=1002
09-01 14:33:54.317 V/bt_stack( 8588): [VERBOSE1:btm_ble_gap.cc(1847)] btm_ble_process_adv_addr: bda=19:30:6d:c4:b5:5b
09-01 14:33:54.318 I/BluetoothUtils( 8588): packagename is android.uid.bluetooth:1002 ,and its permission is false
09-01 14:33:54.318 D/BluetoothUtils( 8588): blockedByLocationOff callingUid=1002
09-01 14:33:54.318 I/BluetoothUtils( 8588): packagename is android.uid.bluetooth:1002 ,and its permission is false
09-01 14:33:54.318 D/BluetoothUtils( 8588): blockedByLocationOff callingUid=1002
09-01 14:33:54.319 I/BluetoothUtils( 8588): packagename is android.uid.bluetooth:1002 ,and its permission is false
09-01 14:33:54.320 D/BluetoothUtils( 8588): blockedByLocationOff callingUid=1002
09-01 14:33:54.320 I/BluetoothUtils( 8588): packagename is android.uid.bluetooth:1002 ,and its permission is false
09-01 14:33:54.320 D/BluetoothUtils( 8588): blockedByLocationOff callingUid=1002
09-01 14:33:54.320 I/BluetoothUtils( 8588): packagename is android.uid.bluetooth:1002 ,and its permission is false
09-01 14:33:54.320 D/BluetoothUtils( 8588): blockedByLocationOff callingUid=1002
09-01 14:33:54.321 I/BluetoothUtils( 8588): packagename is android.uid.bluetooth:1002 ,and its permission is false
09-01 14:33:54.323 V/bt_stack( 8588): [VERBOSE1:btm_ble_gap.cc(1923)] btm_ble_process_ext_adv_pkt: bda=d0:24:10:d7:5b:bc
09-01 14:33:54.323 V/bt_stack( 8588): [VERBOSE1:btm_ble_gap.cc(1847)] btm_ble_process_adv_addr: bda=d0:24:10:d7:5b:bc
09-01 14:33:54.323 V/bt_stack( 8588): [VERBOSE1:btm_ble_gap.cc(2052)]  Waiting for scan response d0:24:10:d7:5b:bc
09-01 14:33:54.323 V/bt_stack( 8588): [VERBOSE1:btm_ble_gap.cc(1923)] btm_ble_process_ext_adv_pkt: bda=d0:24:10:d7:5b:bc
09-01 14:33:54.323 V/bt_stack( 8588): [VERBOSE1:btm_ble_gap.cc(1847)] btm_ble_process_adv_addr: bda=d0:24:10:d7:5b:bc
09-01 14:33:54.325 D/BluetoothUtils( 8588): blockedByLocationOff callingUid=1002
09-01 14:33:54.325 I/BluetoothUtils( 8588): packagename is android.uid.bluetooth:1002 ,and its permission is false
09-01 14:33:54.325 D/BluetoothUtils( 8588): blockedByLocationOff callingUid=1002
09-01 14:33:54.326 I/BluetoothUtils( 8588): packagename is android.uid.bluetooth:1002 ,and its permission is false
09-01 14:33:54.326 D/BluetoothUtils( 8588): blockedByLocationOff callingUid=1002
09-01 14:33:54.326 I/BluetoothUtils( 8588): packagename is android.uid.bluetooth:1002 ,and its permission is false
09-01 14:33:54.335 V/bt_stack( 8588): [VERBOSE1:btm_ble_gap.cc(1923)] btm_ble_process_ext_adv_pkt: bda=3b:30:35:17:9e:fe
09-01 14:33:54.335 V/bt_stack( 8588): [VERBOSE1:btm_ble_gap.cc(1847)] btm_ble_process_adv_addr: bda=3b:30:35:17:9e:fe
09-01 14:33:54.336 D/BluetoothUtils( 8588): blockedByLocationOff callingUid=1002
09-01 14:33:54.336 I/BluetoothUtils( 8588): packagename is android.uid.bluetooth:1002 ,and its permission is false
09-01 14:33:54.337 D/BluetoothUtils( 8588): blockedByLocationOff callingUid=1002
09-01 14:33:54.337 I/BluetoothUtils( 8588): packagename is android.uid.bluetooth:1002 ,and its permission is false
09-01 14:33:54.337 D/BluetoothUtils( 8588): blockedByLocationOff callingUid=1002
09-01 14:33:54.337 I/BluetoothUtils( 8588): packagename is android.uid.bluetooth:1002 ,and its permission is false
09-01 14:33:54.345 V/bt_stack( 8588): [VERBOSE1:btm_ble_gap.cc(1923)] btm_ble_process_ext_adv_pkt: bda=17:7e:29:ab:4e:d0
09-01 14:33:54.346 V/bt_stack( 8588): [VERBOSE1:btm_ble_gap.cc(1847)] btm_ble_process_adv_addr: bda=17:7e:29:ab:4e:d0
09-01 14:33:54.347 D/BluetoothUtils( 8588): blockedByLocationOff callingUid=1002
09-01 14:33:54.347 V/bt_stack( 8588): [VERBOSE1:btm_ble_gap.cc(1923)] btm_ble_process_ext_adv_pkt: bda=07:e4:7f:b4:5f:d9
09-01 14:33:54.347 V/bt_stack( 8588): [VERBOSE1:btm_ble_gap.cc(1847)] btm_ble_process_adv_addr: bda=07:e4:7f:b4:5f:d9
09-01 14:33:54.347 I/BluetoothUtils( 8588): packagename is android.uid.bluetooth:1002 ,and its permission is false
09-01 14:33:54.347 D/BluetoothUtils( 8588): blockedByLocationOff callingUid=1002
09-01 14:33:54.348 I/BluetoothUtils( 8588): packagename is android.uid.bluetooth:1002 ,and its permission is false
09-01 14:33:54.348 D/BluetoothUtils( 8588): blockedByLocationOff callingUid=1002
09-01 14:33:54.348 I/BluetoothUtils( 8588): packagename is android.uid.bluetooth:1002 ,and its permission is false
09-01 14:33:54.349 D/BluetoothUtils( 8588): blockedByLocationOff callingUid=1002
09-01 14:33:54.349 I/BluetoothUtils( 8588): packagename is android.uid.bluetooth:1002 ,and its permission is false
09-01 14:33:54.349 D/BluetoothUtils( 8588): blockedByLocationOff callingUid=1002
09-01 14:33:54.349 I/BluetoothUtils( 8588): packagename is android.uid.bluetooth:1002 ,and its permission is false
09-01 14:33:54.350 D/BluetoothUtils( 8588): blockedByLocationOff callingUid=1002
09-01 14:33:54.350 I/BluetoothUtils( 8588): packagename is android.uid.bluetooth:1002 ,and its permission is false
09-01 14:33:54.355 V/bt_stack( 8588): [VERBOSE1:btm_ble_gap.cc(1923)] btm_ble_process_ext_adv_pkt: bda=56:e4:da:79:d5:88
09-01 14:33:54.355 V/bt_stack( 8588): [VERBOSE1:btm_ble_gap.cc(1847)] btm_ble_process_adv_addr: bda=56:e4:da:79:d5:88
09-01 14:33:54.355 V/bt_stack( 8588): [VERBOSE1:btm_ble_gap.cc(2052)]  Waiting for scan response 56:e4:da:79:d5:88
09-01 14:33:54.355 V/bt_stack( 8588): [VERBOSE1:btm_ble_gap.cc(1923)] btm_ble_process_ext_adv_pkt: bda=56:e4:da:79:d5:88
09-01 14:33:54.355 V/bt_stack( 8588): [VERBOSE1:btm_ble_gap.cc(1847)] btm_ble_process_adv_addr: bda=56:e4:da:79:d5:88
09-01 14:33:54.356 D/BluetoothUtils( 8588): blockedByLocationOff callingUid=1002
09-01 14:33:54.357 I/BluetoothUtils( 8588): packagename is android.uid.bluetooth:1002 ,and its permission is false
09-01 14:33:54.357 D/BluetoothUtils( 8588): blockedByLocationOff callingUid=1002
09-01 14:33:54.357 I/BluetoothUtils( 8588): packagename is android.uid.bluetooth:1002 ,and its permission is false
09-01 14:33:54.358 D/BluetoothUtils( 8588): blockedByLocationOff callingUid=1002
09-01 14:33:54.358 I/BluetoothUtils( 8588): packagename is android.uid.bluetooth:1002 ,and its permission is false
09-01 14:33:54.360 V/bt_stack( 8588): [VERBOSE1:btm_ble_gap.cc(1923)] btm_ble_process_ext_adv_pkt: bda=04:b0:56:de:30:bf
09-01 14:33:54.360 V/bt_stack( 8588): [VERBOSE1:btm_ble_gap.cc(1847)] btm_ble_process_adv_addr: bda=04:b0:56:de:30:bf
09-01 14:33:54.361 V/bt_stack( 8588): [VERBOSE1:btm_ble_gap.cc(1923)] btm_ble_process_ext_adv_pkt: bda=25:4e:aa:3f:5d:41
09-01 14:33:54.361 V/bt_stack( 8588): [VERBOSE1:btm_ble_gap.cc(1847)] btm_ble_process_adv_addr: bda=25:4e:aa:3f:5d:41
09-01 14:33:54.361 D/BluetoothUtils( 8588): blockedByLocationOff callingUid=1002
09-01 14:33:54.362 I/BluetoothUtils( 8588): packagename is android.uid.bluetooth:1002 ,and its permission is false
09-01 14:33:54.362 D/BluetoothUtils( 8588): blockedByLocationOff callingUid=1002
09-01 14:33:54.362 I/BluetoothUtils( 8588): packagename is android.uid.bluetooth:1002 ,and its permission is false
09-01 14:33:54.362 D/BluetoothUtils( 8588): blockedByLocationOff callingUid=1002
09-01 14:33:54.363 I/BluetoothUtils( 8588): packagename is android.uid.bluetooth:1002 ,and its permission is false
09-01 14:33:54.363 D/BluetoothUtils( 8588): blockedByLocationOff callingUid=1002
09-01 14:33:54.364 I/BluetoothUtils( 8588): packagename is android.uid.bluetooth:1002 ,and its permission is false
09-01 14:33:54.364 D/BluetoothUtils( 8588): blockedByLocationOff callingUid=1002
09-01 14:33:54.364 I/BluetoothUtils( 8588): packagename is android.uid.bluetooth:1002 ,and its permission is false
09-01 14:33:54.364 D/BluetoothUtils( 8588): blockedByLocationOff callingUid=1002
09-01 14:33:54.364 I/BluetoothUtils( 8588): packagename is android.uid.bluetooth:1002 ,and its permission is false
09-01 14:33:54.372 V/bt_stack( 8588): [VERBOSE1:btm_ble_gap.cc(1923)] btm_ble_process_ext_adv_pkt: bda=e2:84:58:a7:5a:70
09-01 14:33:54.372 V/bt_stack( 8588): [VERBOSE1:btm_ble_gap.cc(1847)] btm_ble_process_adv_addr: bda=e2:84:58:a7:5a:70
09-01 14:33:54.372 V/bt_stack( 8588): [VERBOSE1:btm_ble_gap.cc(2052)]  Waiting for scan response e2:84:58:a7:5a:70
09-01 14:33:54.372 V/bt_stack( 8588): [VERBOSE1:btm_ble_gap.cc(1923)] btm_ble_process_ext_adv_pkt: bda=66:3e:07:e0:2b:d4
09-01 14:33:54.372 V/bt_stack( 8588): [VERBOSE1:btm_ble_gap.cc(1847)] btm_ble_process_adv_addr: bda=66:3e:07:e0:2b:d4
09-01 14:33:54.372 V/bt_stack( 8588): [VERBOSE1:btm_ble_gap.cc(2052)]  Waiting for scan response 66:3e:07:e0:2b:d4
09-01 14:33:54.372 V/bt_stack( 8588): [VERBOSE1:btm_ble_gap.cc(1923)] btm_ble_process_ext_adv_pkt: bda=66:3e:07:e0:2b:d4
09-01 14:33:54.372 V/bt_stack( 8588): [VERBOSE1:btm_ble_gap.cc(1847)] btm_ble_process_adv_addr: bda=66:3e:07:e0:2b:d4
09-01 14:33:54.373 D/BluetoothUtils( 8588): blockedByLocationOff callingUid=1002
09-01 14:33:54.373 I/BluetoothUtils( 8588): packagename is android.uid.bluetooth:1002 ,and its permission is false
09-01 14:33:54.373 D/BluetoothUtils( 8588): blockedByLocationOff callingUid=1002
09-01 14:33:54.374 I/BluetoothUtils( 8588): packagename is android.uid.bluetooth:1002 ,and its permission is false
09-01 14:33:54.374 D/BluetoothUtils( 8588): blockedByLocationOff callingUid=1002
09-01 14:33:54.374 I/BluetoothUtils( 8588): packagename is android.uid.bluetooth:1002 ,and its permission is false
09-01 14:33:54.391 I/appium  (10741): Rewrote class name 'androidx.appcompat.app.ActionBar$O0000O0o' to XML node name 'androidx.appcompat.app.ActionBar.O0000O0o'
09-01 14:33:54.392 I/appium  (10741): Rewrote class name 'androidx.appcompat.app.ActionBar$O0000O0o' to XML node name 'androidx.appcompat.app.ActionBar.O0000O0o'
09-01 14:33:54.401 I/vendor.qti.bluetooth@1.0-ibs_handler(19843): DeviceSleep: TX Awake, Sending SLEEP_IND
09-01 14:33:54.412 I/vendor.qti.bluetooth@1.0-ibs_handler(19843): ProcessIbsCmd: Received IBS_SLEEP_IND: 0xFE
09-01 14:33:54.412 D/vendor.qti.bluetooth@1.0-ibs_handler(19843): SerialClockVote: vote for UART CLK OFF
09-01 14:33:54.416 I/appium  (10741): AppiumResponse: {"sessionId":"a4d7b541-3cc2-4590-a0d7-423994c151e3","value":{"ELEMENT":"703c0e4b-d538-462e-a2a0-9a163f58b025","element-6066-11e4-a52e-4f735466cecf":"703c0e4b-d538-462e-a2a0-9a163f58b025"}}
09-01 14:33:54.437 I/vendor.qti.bluetooth@1.0-ibs_handler(19843): ProcessIbsCmd: Received IBS_WAKE_IND: 0xFD
09-01 14:33:54.437 D/vendor.qti.bluetooth@1.0-ibs_handler(19843): SerialClockVote: vote for UART CLK ON
09-01 14:33:54.438 I/vendor.qti.bluetooth@1.0-ibs_handler(19843): ProcessIbsCmd: Writing IBS_WAKE_ACK
09-01 14:33:54.440 V/bt_stack( 8588): [VERBOSE1:btm_ble_gap.cc(1923)] btm_ble_process_ext_adv_pkt: bda=4e:54:53:9d:6e:30
09-01 14:33:54.440 I/appium  (10741): channel read invoked!
09-01 14:33:54.440 V/bt_stack( 8588): [VERBOSE1:btm_ble_gap.cc(1847)] btm_ble_process_adv_addr: bda=4e:54:53:9d:6e:30
09-01 14:33:54.440 I/appium  (10741): channel read: GET /wd/hub/session/a4d7b541-3cc2-4590-a0d7-423994c151e3/element/703c0e4b-d538-462e-a2a0-9a163f58b025/attribute/text
09-01 14:33:54.440 V/bt_stack( 8588): [VERBOSE1:btm_ble_gap.cc(2052)]  Waiting for scan response 4e:54:53:9d:6e:30
09-01 14:33:54.440 I/appium  (10741): get attribute of element command
09-01 14:33:54.447 V/bt_stack( 8588): [VERBOSE1:btm_ble_gap.cc(1923)] btm_ble_process_ext_adv_pkt: bda=45:55:7e:66:6f:d0
09-01 14:33:54.447 V/bt_stack( 8588): [VERBOSE1:btm_ble_gap.cc(1847)] btm_ble_process_adv_addr: bda=45:55:7e:66:6f:d0
09-01 14:33:54.447 V/bt_stack( 8588): [VERBOSE1:btm_ble_gap.cc(2052)]  Waiting for scan response 45:55:7e:66:6f:d0
09-01 14:33:54.447 V/bt_stack( 8588): [VERBOSE1:btm_ble_gap.cc(1923)] btm_ble_process_ext_adv_pkt: bda=17:7e:29:ab:4e:d0
09-01 14:33:54.447 V/bt_stack( 8588): [VERBOSE1:btm_ble_gap.cc(1847)] btm_ble_process_adv_addr: bda=17:7e:29:ab:4e:d0
09-01 14:33:54.449 D/BluetoothUtils( 8588): blockedByLocationOff callingUid=1002
09-01 14:33:54.449 I/appium  (10741): AppiumResponse: {"sessionId":"a4d7b541-3cc2-4590-a0d7-423994c151e3","value":"步数运动距离3.31 公里"}
09-01 14:33:54.449 I/BluetoothUtils( 8588): packagename is android.uid.bluetooth:1002 ,and its permission is false
09-01 14:33:54.449 D/BluetoothUtils( 8588): blockedByLocationOff callingUid=1002
09-01 14:33:54.449 V/bt_stack( 8588): [VERBOSE1:btm_ble_gap.cc(1923)] btm_ble_process_ext_adv_pkt: bda=01:f5:30:c0:9b:7a
09-01 14:33:54.449 V/bt_stack( 8588): [VERBOSE1:btm_ble_gap.cc(1847)] btm_ble_process_adv_addr: bda=01:f5:30:c0:9b:7a
09-01 14:33:54.450 I/BluetoothUtils( 8588): packagename is android.uid.bluetooth:1002 ,and its permission is false
09-01 14:33:54.450 D/BluetoothUtils( 8588): blockedByLocationOff callingUid=1002
09-01 14:33:54.450 I/BluetoothUtils( 8588): packagename is android.uid.bluetooth:1002 ,and its permission is false
09-01 14:33:54.450 V/bt_stack( 8588): [VERBOSE1:btm_ble_gap.cc(1923)] btm_ble_process_ext_adv_pkt: bda=07:e4:7f:b4:5f:d9
09-01 14:33:54.450 V/bt_stack( 8588): [VERBOSE1:btm_ble_gap.cc(1847)] btm_ble_process_adv_addr: bda=07:e4:7f:b4:5f:d9
09-01 14:33:54.451 D/BluetoothUtils( 8588): blockedByLocationOff callingUid=1002
09-01 14:33:54.451 I/BluetoothUtils( 8588): packagename is android.uid.bluetooth:1002 ,and its permission is false
09-01 14:33:54.451 D/BluetoothUtils( 8588): blockedByLocationOff callingUid=1002
09-01 14:33:54.452 I/BluetoothUtils( 8588): packagename is android.uid.bluetooth:1002 ,and its permission is false
09-01 14:33:54.452 D/BluetoothUtils( 8588): blockedByLocationOff callingUid=1002
09-01 14:33:54.452 I/BluetoothUtils( 8588): packagename is android.uid.bluetooth:1002 ,and its permission is false
09-01 14:33:54.453 D/BluetoothUtils( 8588): blockedByLocationOff callingUid=1002
09-01 14:33:54.453 I/BluetoothUtils( 8588): packagename is android.uid.bluetooth:1002 ,and its permission is false
09-01 14:33:54.453 D/BluetoothUtils( 8588): blockedByLocationOff callingUid=1002
09-01 14:33:54.454 I/BluetoothUtils( 8588): packagename is android.uid.bluetooth:1002 ,and its permission is false
09-01 14:33:54.454 D/BluetoothUtils( 8588): blockedByLocationOff callingUid=1002
09-01 14:33:54.454 I/BluetoothUtils( 8588): packagename is android.uid.bluetooth:1002 ,and its permission is false
09-01 14:33:54.481 V/bt_stack( 8588): [VERBOSE1:btm_ble_gap.cc(1923)] btm_ble_process_ext_adv_pkt: bda=2c:e0:b3:78:83:e3
09-01 14:33:54.481 V/bt_stack( 8588): [VERBOSE1:btm_ble_gap.cc(1847)] btm_ble_process_adv_addr: bda=2c:e0:b3:78:83:e3
09-01 14:33:54.482 V/bt_stack( 8588): [VERBOSE1:btm_ble_gap.cc(1923)] btm_ble_process_ext_adv_pkt: bda=0a:29:89:b7:c8:4a
09-01 14:33:54.483 V/bt_stack( 8588): [VERBOSE1:btm_ble_gap.cc(1847)] btm_ble_process_adv_addr: bda=0a:29:89:b7:c8:4a
09-01 14:33:54.484 D/BluetoothUtils( 8588): blockedByLocationOff callingUid=1002
09-01 14:33:54.484 I/BluetoothUtils( 8588): packagename is android.uid.bluetooth:1002 ,and its permission is false
09-01 14:33:54.485 D/BluetoothUtils( 8588): blockedByLocationOff callingUid=1002
09-01 14:33:54.485 I/BluetoothUtils( 8588): packagename is android.uid.bluetooth:1002 ,and its permission is false
09-01 14:33:54.485 D/BluetoothUtils( 8588): blockedByLocationOff callingUid=1002
09-01 14:33:54.486 I/BluetoothUtils( 8588): packagename is android.uid.bluetooth:1002 ,and its permission is false
09-01 14:33:54.486 D/BluetoothUtils( 8588): blockedByLocationOff callingUid=1002
09-01 14:33:54.487 I/BluetoothUtils( 8588): packagename is android.uid.bluetooth:1002 ,and its permission is false
09-01 14:33:54.487 D/BluetoothUtils( 8588): blockedByLocationOff callingUid=1002
09-01 14:33:54.487 I/BluetoothUtils( 8588): packagename is android.uid.bluetooth:1002 ,and its permission is false
09-01 14:33:54.488 D/BluetoothUtils( 8588): blockedByLocationOff callingUid=1002
09-01 14:33:54.488 I/BluetoothUtils( 8588): packagename is android.uid.bluetooth:1002 ,and its permission is false
09-01 14:33:54.489 V/bt_stack( 8588): [VERBOSE1:btm_ble_gap.cc(1923)] btm_ble_process_ext_adv_pkt: bda=6a:1a:31:28:a4:f8
09-01 14:33:54.489 I/appium  (10741): channel read invoked!
09-01 14:33:54.489 V/bt_stack( 8588): [VERBOSE1:btm_ble_gap.cc(1847)] btm_ble_process_adv_addr: bda=6a:1a:31:28:a4:f8
09-01 14:33:54.489 I/appium  (10741): channel read: POST /wd/hub/session/a4d7b541-3cc2-4590-a0d7-423994c151e3/element
09-01 14:33:54.490 I/appium  (10741): Find element command using 'xpath' with selector '//*[contains(@text, "今日步数")]'.
09-01 14:33:54.490 I/appium  (10741): Waiting up to 10000ms for device to be idle
09-01 14:33:54.490 D/BluetoothUtils( 8588): blockedByLocationOff callingUid=1002
09-01 14:33:54.491 I/BluetoothUtils( 8588): packagename is android.uid.bluetooth:1002 ,and its permission is false
09-01 14:33:54.491 D/BluetoothUtils( 8588): blockedByLocationOff callingUid=1002
09-01 14:33:54.491 I/BluetoothUtils( 8588): packagename is android.uid.bluetooth:1002 ,and its permission is false
09-01 14:33:54.492 D/BluetoothUtils( 8588): blockedByLocationOff callingUid=1002
09-01 14:33:54.492 I/BluetoothUtils( 8588): packagename is android.uid.bluetooth:1002 ,and its permission is false
09-01 14:33:54.501 V/bt_stack( 8588): [VERBOSE1:btm_ble_gap.cc(1923)] btm_ble_process_ext_adv_pkt: bda=7c:ed:2d:b6:cf:30
09-01 14:33:54.501 V/bt_stack( 8588): [VERBOSE1:btm_ble_gap.cc(1847)] btm_ble_process_adv_addr: bda=7c:ed:2d:b6:cf:30
09-01 14:33:54.501 V/bt_stack( 8588): [VERBOSE1:btm_ble_gap.cc(2052)]  Waiting for scan response 7c:ed:2d:b6:cf:30
09-01 14:33:54.502 V/bt_stack( 8588): [VERBOSE1:btm_ble_gap.cc(1923)] btm_ble_process_ext_adv_pkt: bda=2d:8f:df:c2:a9:d4
09-01 14:33:54.502 V/bt_stack( 8588): [VERBOSE1:btm_ble_gap.cc(1847)] btm_ble_process_adv_addr: bda=2d:8f:df:c2:a9:d4
09-01 14:33:54.503 D/BluetoothUtils( 8588): blockedByLocationOff callingUid=1002
09-01 14:33:54.503 I/BluetoothUtils( 8588): packagename is android.uid.bluetooth:1002 ,and its permission is false
09-01 14:33:54.503 D/BluetoothUtils( 8588): blockedByLocationOff callingUid=1002
09-01 14:33:54.504 I/BluetoothUtils( 8588): packagename is android.uid.bluetooth:1002 ,and its permission is false
09-01 14:33:54.504 D/BluetoothUtils( 8588): blockedByLocationOff callingUid=1002
09-01 14:33:54.504 I/BluetoothUtils( 8588): packagename is android.uid.bluetooth:1002 ,and its permission is false
09-01 14:33:54.523 V/bt_stack( 8588): [VERBOSE1:btm_ble_gap.cc(1923)] btm_ble_process_ext_adv_pkt: bda=46:25:ff:ec:21:0b
09-01 14:33:54.524 V/bt_stack( 8588): [VERBOSE1:btm_ble_gap.cc(1847)] btm_ble_process_adv_addr: bda=46:25:ff:ec:21:0b
09-01 14:33:54.524 V/bt_stack( 8588): [VERBOSE1:btm_ble_gap.cc(2052)]  Waiting for scan response 46:25:ff:ec:21:0b
09-01 14:33:54.524 V/bt_stack( 8588): [VERBOSE1:btm_ble_gap.cc(1923)] btm_ble_process_ext_adv_pkt: bda=19:30:6d:c4:b5:5b
09-01 14:33:54.524 V/bt_stack( 8588): [VERBOSE1:btm_ble_gap.cc(1847)] btm_ble_process_adv_addr: bda=19:30:6d:c4:b5:5b
09-01 14:33:54.524 V/bt_stack( 8588): [VERBOSE1:btm_ble_gap.cc(1923)] btm_ble_process_ext_adv_pkt: bda=24:65:c8:81:ba:6f
09-01 14:33:54.524 V/bt_stack( 8588): [VERBOSE1:btm_ble_gap.cc(1847)] btm_ble_process_adv_addr: bda=24:65:c8:81:ba:6f
09-01 14:33:54.525 D/BluetoothUtils( 8588): blockedByLocationOff callingUid=1002
09-01 14:33:54.526 I/BluetoothUtils( 8588): packagename is android.uid.bluetooth:1002 ,and its permission is false
09-01 14:33:54.526 D/BluetoothUtils( 8588): blockedByLocationOff callingUid=1002
09-01 14:33:54.527 I/BluetoothUtils( 8588): packagename is android.uid.bluetooth:1002 ,and its permission is false
09-01 14:33:54.527 D/BluetoothUtils( 8588): blockedByLocationOff callingUid=1002
09-01 14:33:54.527 V/bt_stack( 8588): [VERBOSE1:btm_ble_gap.cc(1923)] btm_ble_process_ext_adv_pkt: bda=00:b8:42:bc:b8:71
09-01 14:33:54.527 V/bt_stack( 8588): [VERBOSE1:btm_ble_gap.cc(1847)] btm_ble_process_adv_addr: bda=00:b8:42:bc:b8:71
09-01 14:33:54.527 I/BluetoothUtils( 8588): packagename is android.uid.bluetooth:1002 ,and its permission is false
09-01 14:33:54.530 D/BluetoothUtils( 8588): blockedByLocationOff callingUid=1002
09-01 14:33:54.530 I/BluetoothUtils( 8588): packagename is android.uid.bluetooth:1002 ,and its permission is false
09-01 14:33:54.531 D/BluetoothUtils( 8588): blockedByLocationOff callingUid=1002
09-01 14:33:54.531 I/BluetoothUtils( 8588): packagename is android.uid.bluetooth:1002 ,and its permission is false
09-01 14:33:54.531 D/BluetoothUtils( 8588): blockedByLocationOff callingUid=1002
09-01 14:33:54.532 I/BluetoothUtils( 8588): packagename is android.uid.bluetooth:1002 ,and its permission is false
09-01 14:33:54.532 D/BluetoothUtils( 8588): blockedByLocationOff callingUid=1002
09-01 14:33:54.533 I/BluetoothUtils( 8588): packagename is android.uid.bluetooth:1002 ,and its permission is false
09-01 14:33:54.533 D/BluetoothUtils( 8588): blockedByLocationOff callingUid=1002
09-01 14:33:54.534 I/BluetoothUtils( 8588): packagename is android.uid.bluetooth:1002 ,and its permission is false
09-01 14:33:54.534 D/BluetoothUtils( 8588): blockedByLocationOff callingUid=1002
09-01 14:33:54.534 I/BluetoothUtils( 8588): packagename is android.uid.bluetooth:1002 ,and its permission is false
09-01 14:33:54.537 V/bt_stack( 8588): [VERBOSE1:btm_ble_gap.cc(1923)] btm_ble_process_ext_adv_pkt: bda=5d:4a:e1:72:21:47
09-01 14:33:54.537 V/bt_stack( 8588): [VERBOSE1:btm_ble_gap.cc(1847)] btm_ble_process_adv_addr: bda=5d:4a:e1:72:21:47
09-01 14:33:54.537 V/bt_stack( 8588): [VERBOSE1:btm_ble_gap.cc(2052)]  Waiting for scan response 5d:4a:e1:72:21:47
09-01 14:33:54.537 V/bt_stack( 8588): [VERBOSE1:btm_ble_gap.cc(1923)] btm_ble_process_ext_adv_pkt: bda=56:e4:da:79:d5:88
09-01 14:33:54.537 V/bt_stack( 8588): [VERBOSE1:btm_ble_gap.cc(1847)] btm_ble_process_adv_addr: bda=56:e4:da:79:d5:88
09-01 14:33:54.537 V/bt_stack( 8588): [VERBOSE1:btm_ble_gap.cc(2052)]  Waiting for scan response 56:e4:da:79:d5:88
09-01 14:33:54.537 V/bt_stack( 8588): [VERBOSE1:btm_ble_gap.cc(1923)] btm_ble_process_ext_adv_pkt: bda=56:e4:da:79:d5:88
09-01 14:33:54.537 V/bt_stack( 8588): [VERBOSE1:btm_ble_gap.cc(1847)] btm_ble_process_adv_addr: bda=56:e4:da:79:d5:88
09-01 14:33:54.539 D/BluetoothUtils( 8588): blockedByLocationOff callingUid=1002
09-01 14:33:54.539 I/BluetoothUtils( 8588): packagename is android.uid.bluetooth:1002 ,and its permission is false
09-01 14:33:54.539 D/BluetoothUtils( 8588): blockedByLocationOff callingUid=1002
09-01 14:33:54.540 I/BluetoothUtils( 8588): packagename is android.uid.bluetooth:1002 ,and its permission is false
09-01 14:33:54.540 D/BluetoothUtils( 8588): blockedByLocationOff callingUid=1002
09-01 14:33:54.540 I/BluetoothUtils( 8588): packagename is android.uid.bluetooth:1002 ,and its permission is false
09-01 14:33:54.547 V/bt_stack( 8588): [VERBOSE1:btm_ble_gap.cc(1923)] btm_ble_process_ext_adv_pkt: bda=72:1f:5b:cb:e4:06
09-01 14:33:54.547 V/bt_stack( 8588): [VERBOSE1:btm_ble_gap.cc(1847)] btm_ble_process_adv_addr: bda=72:1f:5b:cb:e4:06
09-01 14:33:54.547 V/bt_stack( 8588): [VERBOSE1:btm_ble_gap.cc(2052)]  Waiting for scan response 72:1f:5b:cb:e4:06
09-01 14:33:54.547 V/bt_stack( 8588): [VERBOSE1:btm_ble_gap.cc(1923)] btm_ble_process_ext_adv_pkt: bda=72:1f:5b:cb:e4:06
09-01 14:33:54.548 V/bt_stack( 8588): [VERBOSE1:btm_ble_gap.cc(1847)] btm_ble_process_adv_addr: bda=72:1f:5b:cb:e4:06
09-01 14:33:54.548 D/BluetoothUtils( 8588): blockedByLocationOff callingUid=1002
09-01 14:33:54.549 I/BluetoothUtils( 8588): packagename is android.uid.bluetooth:1002 ,and its permission is false
09-01 14:33:54.549 D/BluetoothUtils( 8588): blockedByLocationOff callingUid=1002
09-01 14:33:54.549 I/BluetoothUtils( 8588): packagename is android.uid.bluetooth:1002 ,and its permission is false
09-01 14:33:54.549 D/BluetoothUtils( 8588): blockedByLocationOff callingUid=1002
09-01 14:33:54.550 I/BluetoothUtils( 8588): packagename is android.uid.bluetooth:1002 ,and its permission is false
09-01 14:33:54.550 V/bt_stack( 8588): [VERBOSE1:btm_ble_gap.cc(1923)] btm_ble_process_ext_adv_pkt: bda=0b:95:8c:38:8d:43
09-01 14:33:54.550 V/bt_stack( 8588): [VERBOSE1:btm_ble_gap.cc(1847)] btm_ble_process_adv_addr: bda=0b:95:8c:38:8d:43
09-01 14:33:54.552 D/BluetoothUtils( 8588): blockedByLocationOff callingUid=1002
09-01 14:33:54.552 I/BluetoothUtils( 8588): packagename is android.uid.bluetooth:1002 ,and its permission is false
09-01 14:33:54.552 D/BluetoothUtils( 8588): blockedByLocationOff callingUid=1002
09-01 14:33:54.552 V/bt_stack( 8588): [VERBOSE1:btm_ble_gap.cc(1923)] btm_ble_process_ext_adv_pkt: bda=17:7e:29:ab:4e:d0
09-01 14:33:54.552 V/bt_stack( 8588): [VERBOSE1:btm_ble_gap.cc(1847)] btm_ble_process_adv_addr: bda=17:7e:29:ab:4e:d0
09-01 14:33:54.553 I/BluetoothUtils( 8588): packagename is android.uid.bluetooth:1002 ,and its permission is false
09-01 14:33:54.553 D/BluetoothUtils( 8588): blockedByLocationOff callingUid=1002
09-01 14:33:54.553 I/BluetoothUtils( 8588): packagename is android.uid.bluetooth:1002 ,and its permission is false
09-01 14:33:54.553 V/bt_stack( 8588): [VERBOSE1:btm_ble_gap.cc(1923)] btm_ble_process_ext_adv_pkt: bda=07:e4:7f:b4:5f:d9
09-01 14:33:54.553 V/bt_stack( 8588): [VERBOSE1:btm_ble_gap.cc(1847)] btm_ble_process_adv_addr: bda=07:e4:7f:b4:5f:d9
09-01 14:33:54.554 D/BluetoothUtils( 8588): blockedByLocationOff callingUid=1002
09-01 14:33:54.554 I/BluetoothUtils( 8588): packagename is android.uid.bluetooth:1002 ,and its permission is false
09-01 14:33:54.554 D/BluetoothUtils( 8588): blockedByLocationOff callingUid=1002
09-01 14:33:54.555 I/BluetoothUtils( 8588): packagename is android.uid.bluetooth:1002 ,and its permission is false
09-01 14:33:54.555 D/BluetoothUtils( 8588): blockedByLocationOff callingUid=1002
09-01 14:33:54.555 I/BluetoothUtils( 8588): packagename is android.uid.bluetooth:1002 ,and its permission is false
09-01 14:33:54.556 D/BluetoothUtils( 8588): blockedByLocationOff callingUid=1002
09-01 14:33:54.556 I/BluetoothUtils( 8588): packagename is android.uid.bluetooth:1002 ,and its permission is false
09-01 14:33:54.557 D/BluetoothUtils( 8588): blockedByLocationOff callingUid=1002
09-01 14:33:54.557 I/BluetoothUtils( 8588): packagename is android.uid.bluetooth:1002 ,and its permission is false
09-01 14:33:54.557 D/BluetoothUtils( 8588): blockedByLocationOff callingUid=1002
09-01 14:33:54.557 I/BluetoothUtils( 8588): packagename is android.uid.bluetooth:1002 ,and its permission is false
09-01 14:33:54.561 V/bt_stack( 8588): [VERBOSE1:btm_ble_gap.cc(1923)] btm_ble_process_ext_adv_pkt: bda=45:1b:6a:69:d0:4a
09-01 14:33:54.561 V/bt_stack( 8588): [VERBOSE1:btm_ble_gap.cc(1847)] btm_ble_process_adv_addr: bda=45:1b:6a:69:d0:4a
09-01 14:33:54.562 D/BluetoothUtils( 8588): blockedByLocationOff callingUid=1002
09-01 14:33:54.562 I/BluetoothUtils( 8588): packagename is android.uid.bluetooth:1002 ,and its permission is false
09-01 14:33:54.562 D/BluetoothUtils( 8588): blockedByLocationOff callingUid=1002
09-01 14:33:54.563 I/BluetoothUtils( 8588): packagename is android.uid.bluetooth:1002 ,and its permission is false
09-01 14:33:54.563 D/BluetoothUtils( 8588): blockedByLocationOff callingUid=1002
09-01 14:33:54.563 I/BluetoothUtils( 8588): packagename is android.uid.bluetooth:1002 ,and its permission is false
09-01 14:33:54.563 V/bt_stack( 8588): [VERBOSE1:btm_ble_gap.cc(1923)] btm_ble_process_ext_adv_pkt: bda=1b:39:55:3e:e3:6c
09-01 14:33:54.563 V/bt_stack( 8588): [VERBOSE1:btm_ble_gap.cc(1847)] btm_ble_process_adv_addr: bda=1b:39:55:3e:e3:6c
09-01 14:33:54.564 D/BluetoothUtils( 8588): blockedByLocationOff callingUid=1002
09-01 14:33:54.565 I/BluetoothUtils( 8588): packagename is android.uid.bluetooth:1002 ,and its permission is false
09-01 14:33:54.565 D/BluetoothUtils( 8588): blockedByLocationOff callingUid=1002
09-01 14:33:54.565 I/BluetoothUtils( 8588): packagename is android.uid.bluetooth:1002 ,and its permission is false
09-01 14:33:54.565 D/BluetoothUtils( 8588): blockedByLocationOff callingUid=1002
09-01 14:33:54.566 I/BluetoothUtils( 8588): packagename is android.uid.bluetooth:1002 ,and its permission is false
09-01 14:33:54.569 V/bt_stack( 8588): [VERBOSE1:btm_ble_gap.cc(1923)] btm_ble_process_ext_adv_pkt: bda=0d:a0:9b:d0:d9:48
09-01 14:33:54.569 V/bt_stack( 8588): [VERBOSE1:btm_ble_gap.cc(1847)] btm_ble_process_adv_addr: bda=0d:a0:9b:d0:d9:48
09-01 14:33:54.570 D/BluetoothUtils( 8588): blockedByLocationOff callingUid=1002
09-01 14:33:54.570 I/BluetoothUtils( 8588): packagename is android.uid.bluetooth:1002 ,and its permission is false
09-01 14:33:54.570 D/BluetoothUtils( 8588): blockedByLocationOff callingUid=1002
09-01 14:33:54.571 I/BluetoothUtils( 8588): packagename is android.uid.bluetooth:1002 ,and its permission is false
09-01 14:33:54.571 D/BluetoothUtils( 8588): blockedByLocationOff callingUid=1002
09-01 14:33:54.571 I/BluetoothUtils( 8588): packagename is android.uid.bluetooth:1002 ,and its permission is false
09-01 14:33:54.575 V/bt_stack( 8588): [VERBOSE1:btm_ble_gap.cc(1923)] btm_ble_process_ext_adv_pkt: bda=33:5c:08:c6:ed:02
09-01 14:33:54.575 V/bt_stack( 8588): [VERBOSE1:btm_ble_gap.cc(1847)] btm_ble_process_adv_addr: bda=33:5c:08:c6:ed:02
09-01 14:33:54.576 D/BluetoothUtils( 8588): blockedByLocationOff callingUid=1002
09-01 14:33:54.576 I/BluetoothUtils( 8588): packagename is android.uid.bluetooth:1002 ,and its permission is false
09-01 14:33:54.577 D/BluetoothUtils( 8588): blockedByLocationOff callingUid=1002
09-01 14:33:54.577 I/BluetoothUtils( 8588): packagename is android.uid.bluetooth:1002 ,and its permission is false
09-01 14:33:54.577 D/BluetoothUtils( 8588): blockedByLocationOff callingUid=1002
09-01 14:33:54.577 I/BluetoothUtils( 8588): packagename is android.uid.bluetooth:1002 ,and its permission is false
09-01 14:33:54.586 V/bt_stack( 8588): [VERBOSE1:btm_ble_gap.cc(1923)] btm_ble_process_ext_adv_pkt: bda=06:fa:50:9b:39:c0
09-01 14:33:54.586 V/bt_stack( 8588): [VERBOSE1:btm_ble_gap.cc(1847)] btm_ble_process_adv_addr: bda=06:fa:50:9b:39:c0
09-01 14:33:54.587 V/bt_stack( 8588): [VERBOSE1:btm_ble_gap.cc(1923)] btm_ble_process_ext_adv_pkt: bda=0a:29:89:b7:c8:4a
09-01 14:33:54.587 D/BluetoothUtils( 8588): blockedByLocationOff callingUid=1002
09-01 14:33:54.587 V/bt_stack( 8588): [VERBOSE1:btm_ble_gap.cc(1847)] btm_ble_process_adv_addr: bda=0a:29:89:b7:c8:4a
09-01 14:33:54.587 I/BluetoothUtils( 8588): packagename is android.uid.bluetooth:1002 ,and its permission is false
09-01 14:33:54.587 D/BluetoothUtils( 8588): blockedByLocationOff callingUid=1002
09-01 14:33:54.588 I/BluetoothUtils( 8588): packagename is android.uid.bluetooth:1002 ,and its permission is false
09-01 14:33:54.588 D/BluetoothUtils( 8588): blockedByLocationOff callingUid=1002
09-01 14:33:54.588 I/BluetoothUtils( 8588): packagename is android.uid.bluetooth:1002 ,and its permission is false
09-01 14:33:54.589 D/BluetoothUtils( 8588): blockedByLocationOff callingUid=1002
09-01 14:33:54.589 I/BluetoothUtils( 8588): packagename is android.uid.bluetooth:1002 ,and its permission is false
09-01 14:33:54.590 D/BluetoothUtils( 8588): blockedByLocationOff callingUid=1002
09-01 14:33:54.590 I/BluetoothUtils( 8588): packagename is android.uid.bluetooth:1002 ,and its permission is false
09-01 14:33:54.591 D/BluetoothUtils( 8588): blockedByLocationOff callingUid=1002
09-01 14:33:54.591 I/BluetoothUtils( 8588): packagename is android.uid.bluetooth:1002 ,and its permission is false
09-01 14:33:54.597 V/bt_stack( 8588): [VERBOSE1:btm_ble_gap.cc(1923)] btm_ble_process_ext_adv_pkt: bda=7a:5d:64:2b:34:77
09-01 14:33:54.597 V/bt_stack( 8588): [VERBOSE1:btm_ble_gap.cc(1847)] btm_ble_process_adv_addr: bda=7a:5d:64:2b:34:77
09-01 14:33:54.597 V/bt_stack( 8588): [VERBOSE1:btm_ble_gap.cc(2052)]  Waiting for scan response 7a:5d:64:2b:34:77
09-01 14:33:54.597 V/bt_stack( 8588): [VERBOSE1:btm_ble_gap.cc(1923)] btm_ble_process_ext_adv_pkt: bda=53:f2:a2:69:23:e6
09-01 14:33:54.597 V/bt_stack( 8588): [VERBOSE1:btm_ble_gap.cc(1847)] btm_ble_process_adv_addr: bda=53:f2:a2:69:23:e6
09-01 14:33:54.598 D/BluetoothUtils( 8588): blockedByLocationOff callingUid=1002
09-01 14:33:54.598 I/BluetoothUtils( 8588): packagename is android.uid.bluetooth:1002 ,and its permission is false
09-01 14:33:54.599 D/BluetoothUtils( 8588): blockedByLocationOff callingUid=1002
09-01 14:33:54.599 I/BluetoothUtils( 8588): packagename is android.uid.bluetooth:1002 ,and its permission is false
09-01 14:33:54.599 D/BluetoothUtils( 8588): blockedByLocationOff callingUid=1002
09-01 14:33:54.599 I/BluetoothUtils( 8588): packagename is android.uid.bluetooth:1002 ,and its permission is false
09-01 14:33:54.602 V/bt_stack( 8588): [VERBOSE1:btm_ble_gap.cc(1923)] btm_ble_process_ext_adv_pkt: bda=2d:8f:df:c2:a9:d4
09-01 14:33:54.603 V/bt_stack( 8588): [VERBOSE1:btm_ble_gap.cc(1847)] btm_ble_process_adv_addr: bda=2d:8f:df:c2:a9:d4
09-01 14:33:54.604 D/BluetoothUtils( 8588): blockedByLocationOff callingUid=1002
09-01 14:33:54.604 I/BluetoothUtils( 8588): packagename is android.uid.bluetooth:1002 ,and its permission is false
09-01 14:33:54.604 D/BluetoothUtils( 8588): blockedByLocationOff callingUid=1002
09-01 14:33:54.605 I/BluetoothUtils( 8588): packagename is android.uid.bluetooth:1002 ,and its permission is false
09-01 14:33:54.605 D/BluetoothUtils( 8588): blockedByLocationOff callingUid=1002
09-01 14:33:54.605 I/BluetoothUtils( 8588): packagename is android.uid.bluetooth:1002 ,and its permission is false
09-01 14:33:54.607 V/bt_stack( 8588): [VERBOSE1:btm_ble_gap.cc(1923)] btm_ble_process_ext_adv_pkt: bda=1c:91:72:ba:f7:2e
09-01 14:33:54.607 V/bt_stack( 8588): [VERBOSE1:btm_ble_gap.cc(1847)] btm_ble_process_adv_addr: bda=1c:91:72:ba:f7:2e
09-01 14:33:54.608 D/BluetoothUtils( 8588): blockedByLocationOff callingUid=1002
09-01 14:33:54.608 I/BluetoothUtils( 8588): packagename is android.uid.bluetooth:1002 ,and its permission is false
09-01 14:33:54.609 D/BluetoothUtils( 8588): blockedByLocationOff callingUid=1002
09-01 14:33:54.609 I/BluetoothUtils( 8588): packagename is android.uid.bluetooth:1002 ,and its permission is false
09-01 14:33:54.609 D/BluetoothUtils( 8588): blockedByLocationOff callingUid=1002
09-01 14:33:54.609 I/BluetoothUtils( 8588): packagename is android.uid.bluetooth:1002 ,and its permission is false
09-01 14:33:54.624 V/bt_stack( 8588): [VERBOSE1:btm_ble_gap.cc(1923)] btm_ble_process_ext_adv_pkt: bda=44:ca:73:cc:df:42
09-01 14:33:54.624 V/bt_stack( 8588): [VERBOSE1:btm_ble_gap.cc(1847)] btm_ble_process_adv_addr: bda=44:ca:73:cc:df:42
09-01 14:33:54.624 V/bt_stack( 8588): [VERBOSE1:btm_ble_gap.cc(2052)]  Waiting for scan response 44:ca:73:cc:df:42
09-01 14:33:54.624 V/bt_stack( 8588): [VERBOSE1:btm_ble_gap.cc(1923)] btm_ble_process_ext_adv_pkt: bda=44:ca:73:cc:df:42
09-01 14:33:54.624 V/bt_stack( 8588): [VERBOSE1:btm_ble_gap.cc(1847)] btm_ble_process_adv_addr: bda=44:ca:73:cc:df:42
09-01 14:33:54.626 D/BluetoothUtils( 8588): blockedByLocationOff callingUid=1002
09-01 14:33:54.626 I/BluetoothUtils( 8588): packagename is android.uid.bluetooth:1002 ,and its permission is false
09-01 14:33:54.626 D/BluetoothUtils( 8588): blockedByLocationOff callingUid=1002
09-01 14:33:54.627 V/bt_stack( 8588): [VERBOSE1:btm_ble_gap.cc(1923)] btm_ble_process_ext_adv_pkt: bda=19:30:6d:c4:b5:5b
09-01 14:33:54.627 V/bt_stack( 8588): [VERBOSE1:btm_ble_gap.cc(1847)] btm_ble_process_adv_addr: bda=19:30:6d:c4:b5:5b
