09-01 14:33:54.627 I/BluetoothUtils( 8588): packagename is android.uid.bluetooth:1002 ,and its permission is false
09-01 14:33:54.627 D/BluetoothUtils( 8588): blockedByLocationOff callingUid=1002
09-01 14:33:54.627 I/BluetoothUtils( 8588): packagename is android.uid.bluetooth:1002 ,and its permission is false
09-01 14:33:54.628 D/BluetoothUtils( 8588): blockedByLocationOff callingUid=1002
09-01 14:33:54.628 I/BluetoothUtils( 8588): packagename is android.uid.bluetooth:1002 ,and its permission is false
09-01 14:33:54.629 D/BluetoothUtils( 8588): blockedByLocationOff callingUid=1002
09-01 14:33:54.629 I/BluetoothUtils( 8588): packagename is android.uid.bluetooth:1002 ,and its permission is false
09-01 14:33:54.629 D/BluetoothUtils( 8588): blockedByLocationOff callingUid=1002
09-01 14:33:54.629 I/BluetoothUtils( 8588): packagename is android.uid.bluetooth:1002 ,and its permission is false
09-01 14:33:54.639 I/appium  (10741): Rewrote class name 'androidx.appcompat.app.ActionBar$O0000O0o' to XML node name 'androidx.appcompat.app.ActionBar.O0000O0o'
09-01 14:33:54.640 I/appium  (10741): Rewrote class name 'androidx.appcompat.app.ActionBar$O0000O0o' to XML node name 'androidx.appcompat.app.ActionBar.O0000O0o'
09-01 14:33:54.662 V/bt_stack( 8588): [VERBOSE1:btm_ble_gap.cc(1923)] btm_ble_process_ext_adv_pkt: bda=55:a7:aa:ab:14:9f
09-01 14:33:54.663 V/bt_stack( 8588): [VERBOSE1:btm_ble_gap.cc(1847)] btm_ble_process_adv_addr: bda=55:a7:aa:ab:14:9f
09-01 14:33:54.663 V/bt_stack( 8588): [VERBOSE1:btm_ble_gap.cc(2052)]  Waiting for scan response 55:a7:aa:ab:14:9f
09-01 14:33:54.663 V/bt_stack( 8588): [VERBOSE1:btm_ble_gap.cc(1923)] btm_ble_process_ext_adv_pkt: bda=07:e4:7f:b4:5f:d9
09-01 14:33:54.663 V/bt_stack( 8588): [VERBOSE1:btm_ble_gap.cc(1847)] btm_ble_process_adv_addr: bda=07:e4:7f:b4:5f:d9
09-01 14:33:54.664 D/BluetoothUtils( 8588): blockedByLocationOff callingUid=1002
09-01 14:33:54.664 I/appium  (10741): AppiumResponse: {"sessionId":"a4d7b541-3cc2-4590-a0d7-423994c151e3","value":{"ELEMENT":"d9737ec7-4ac1-4f7d-9626-ced32edffd77","element-6066-11e4-a52e-4f735466cecf":"d9737ec7-4ac1-4f7d-9626-ced32edffd77"}}
09-01 14:33:54.664 I/BluetoothUtils( 8588): packagename is android.uid.bluetooth:1002 ,and its permission is false
09-01 14:33:54.665 D/BluetoothUtils( 8588): blockedByLocationOff callingUid=1002
09-01 14:33:54.665 I/BluetoothUtils( 8588): packagename is android.uid.bluetooth:1002 ,and its permission is false
09-01 14:33:54.665 D/BluetoothUtils( 8588): blockedByLocationOff callingUid=1002
09-01 14:33:54.665 I/BluetoothUtils( 8588): packagename is android.uid.bluetooth:1002 ,and its permission is false
09-01 14:33:54.667 V/bt_stack( 8588): [VERBOSE1:btm_ble_gap.cc(1923)] btm_ble_process_ext_adv_pkt: bda=01:f5:30:c0:9b:7a
09-01 14:33:54.667 V/bt_stack( 8588): [VERBOSE1:btm_ble_gap.cc(1847)] btm_ble_process_adv_addr: bda=01:f5:30:c0:9b:7a
09-01 14:33:54.669 D/BluetoothUtils( 8588): blockedByLocationOff callingUid=1002
09-01 14:33:54.669 I/BluetoothUtils( 8588): packagename is android.uid.bluetooth:1002 ,and its permission is false
09-01 14:33:54.669 D/BluetoothUtils( 8588): blockedByLocationOff callingUid=1002
09-01 14:33:54.669 I/BluetoothUtils( 8588): packagename is android.uid.bluetooth:1002 ,and its permission is false
09-01 14:33:54.669 D/BluetoothUtils( 8588): blockedByLocationOff callingUid=1002
09-01 14:33:54.670 I/BluetoothUtils( 8588): packagename is android.uid.bluetooth:1002 ,and its permission is false
09-01 14:33:54.670 V/bt_stack( 8588): [VERBOSE1:btm_ble_gap.cc(1923)] btm_ble_process_ext_adv_pkt: bda=1b:39:55:3e:e3:6c
09-01 14:33:54.671 V/bt_stack( 8588): [VERBOSE1:btm_ble_gap.cc(1847)] btm_ble_process_adv_addr: bda=1b:39:55:3e:e3:6c
09-01 14:33:54.672 D/BluetoothUtils( 8588): blockedByLocationOff callingUid=1002
09-01 14:33:54.673 I/BluetoothUtils( 8588): packagename is android.uid.bluetooth:1002 ,and its permission is false
09-01 14:33:54.673 D/BluetoothUtils( 8588): blockedByLocationOff callingUid=1002
09-01 14:33:54.673 I/BluetoothUtils( 8588): packagename is android.uid.bluetooth:1002 ,and its permission is false
09-01 14:33:54.673 D/BluetoothUtils( 8588): blockedByLocationOff callingUid=1002
09-01 14:33:54.673 I/BluetoothUtils( 8588): packagename is android.uid.bluetooth:1002 ,and its permission is false
09-01 14:33:54.686 I/appium  (10741): channel read invoked!
09-01 14:33:54.686 I/appium  (10741): channel read: POST /wd/hub/session/a4d7b541-3cc2-4590-a0d7-423994c151e3/element/d9737ec7-4ac1-4f7d-9626-ced32edffd77/click
09-01 14:33:54.687 I/appium  (10741): Click element command
09-01 14:33:54.688 V/bt_stack( 8588): [VERBOSE1:btm_ble_gap.cc(1923)] btm_ble_process_ext_adv_pkt: bda=7b:37:7f:df:22:35
09-01 14:33:54.688 V/bt_stack( 8588): [VERBOSE1:btm_ble_gap.cc(1847)] btm_ble_process_adv_addr: bda=7b:37:7f:df:22:35
09-01 14:33:54.688 V/bt_stack( 8588): [VERBOSE1:btm_ble_gap.cc(2052)]  Waiting for scan response 7b:37:7f:df:22:35
09-01 14:33:54.690 V/bt_stack( 8588): [VERBOSE1:btm_ble_gap.cc(1923)] btm_ble_process_ext_adv_pkt: bda=d5:fe:ca:e3:d1:ce
09-01 14:33:54.690 V/bt_stack( 8588): [VERBOSE1:btm_ble_gap.cc(1847)] btm_ble_process_adv_addr: bda=d5:fe:ca:e3:d1:ce
09-01 14:33:54.690 V/bt_stack( 8588): [VERBOSE1:btm_ble_gap.cc(2052)]  Waiting for scan response d5:fe:ca:e3:d1:ce
09-01 14:33:54.690 V/bt_stack( 8588): [VERBOSE1:btm_ble_gap.cc(1923)] btm_ble_process_ext_adv_pkt: bda=0a:29:89:b7:c8:4a
09-01 14:33:54.690 V/bt_stack( 8588): [VERBOSE1:btm_ble_gap.cc(1847)] btm_ble_process_adv_addr: bda=0a:29:89:b7:c8:4a
09-01 14:33:54.691 D/BluetoothUtils( 8588): blockedByLocationOff callingUid=1002
09-01 14:33:54.692 I/BluetoothUtils( 8588): packagename is android.uid.bluetooth:1002 ,and its permission is false
09-01 14:33:54.692 D/BluetoothUtils( 8588): blockedByLocationOff callingUid=1002
09-01 14:33:54.693 I/BluetoothUtils( 8588): packagename is android.uid.bluetooth:1002 ,and its permission is false
09-01 14:33:54.693 V/bt_stack( 8588): [VERBOSE1:btm_ble_gap.cc(1923)] btm_ble_process_ext_adv_pkt: bda=35:30:8d:fa:af:e0
09-01 14:33:54.693 V/bt_stack( 8588): [VERBOSE1:btm_ble_gap.cc(1847)] btm_ble_process_adv_addr: bda=35:30:8d:fa:af:e0
09-01 14:33:54.693 D/BluetoothUtils( 8588): blockedByLocationOff callingUid=1002
09-01 14:33:54.693 I/BluetoothUtils( 8588): packagename is android.uid.bluetooth:1002 ,and its permission is false
09-01 14:33:54.694 D/BluetoothUtils( 8588): blockedByLocationOff callingUid=1002
09-01 14:33:54.695 I/BluetoothUtils( 8588): packagename is android.uid.bluetooth:1002 ,and its permission is false
09-01 14:33:54.695 D/BluetoothUtils( 8588): blockedByLocationOff callingUid=1002
09-01 14:33:54.695 I/BluetoothUtils( 8588): packagename is android.uid.bluetooth:1002 ,and its permission is false
09-01 14:33:54.695 D/BluetoothUtils( 8588): blockedByLocationOff callingUid=1002
09-01 14:33:54.695 I/BluetoothUtils( 8588): packagename is android.uid.bluetooth:1002 ,and its permission is false
09-01 14:33:54.697 V/bt_stack( 8588): [VERBOSE1:btm_ble_gap.cc(1923)] btm_ble_process_ext_adv_pkt: bda=2a:1b:52:ac:62:5d
09-01 14:33:54.697 V/bt_stack( 8588): [VERBOSE1:btm_ble_gap.cc(1847)] btm_ble_process_adv_addr: bda=2a:1b:52:ac:62:5d
09-01 14:33:54.698 D/BluetoothUtils( 8588): blockedByLocationOff callingUid=1002
09-01 14:33:54.699 I/BluetoothUtils( 8588): packagename is android.uid.bluetooth:1002 ,and its permission is false
09-01 14:33:54.699 D/BluetoothUtils( 8588): blockedByLocationOff callingUid=1002
09-01 14:33:54.699 I/BluetoothUtils( 8588): packagename is android.uid.bluetooth:1002 ,and its permission is false
09-01 14:33:54.699 D/BluetoothUtils( 8588): blockedByLocationOff callingUid=1002
09-01 14:33:54.700 I/BluetoothUtils( 8588): packagename is android.uid.bluetooth:1002 ,and its permission is false
09-01 14:33:54.701 V/bt_stack( 8588): [VERBOSE1:btm_ble_gap.cc(1923)] btm_ble_process_ext_adv_pkt: bda=53:f2:a2:69:23:e6
09-01 14:33:54.701 V/bt_stack( 8588): [VERBOSE1:btm_ble_gap.cc(1847)] btm_ble_process_adv_addr: bda=53:f2:a2:69:23:e6
09-01 14:33:54.702 D/BluetoothUtils( 8588): blockedByLocationOff callingUid=1002
09-01 14:33:54.702 V/bt_stack( 8588): [VERBOSE1:btm_ble_gap.cc(1923)] btm_ble_process_ext_adv_pkt: bda=32:d2:03:03:d2:bd
09-01 14:33:54.702 V/bt_stack( 8588): [VERBOSE1:btm_ble_gap.cc(1847)] btm_ble_process_adv_addr: bda=32:d2:03:03:d2:bd
09-01 14:33:54.703 I/BluetoothUtils( 8588): packagename is android.uid.bluetooth:1002 ,and its permission is false
09-01 14:33:54.703 D/BluetoothUtils( 8588): blockedByLocationOff callingUid=1002
09-01 14:33:54.704 I/BluetoothUtils( 8588): packagename is android.uid.bluetooth:1002 ,and its permission is false
09-01 14:33:54.704 D/BluetoothUtils( 8588): blockedByLocationOff callingUid=1002
09-01 14:33:54.704 I/BluetoothUtils( 8588): packagename is android.uid.bluetooth:1002 ,and its permission is false
09-01 14:33:54.705 D/BluetoothUtils( 8588): blockedByLocationOff callingUid=1002
09-01 14:33:54.705 I/BluetoothUtils( 8588): packagename is android.uid.bluetooth:1002 ,and its permission is false
09-01 14:33:54.705 D/BluetoothUtils( 8588): blockedByLocationOff callingUid=1002
09-01 14:33:54.706 I/BluetoothUtils( 8588): packagename is android.uid.bluetooth:1002 ,and its permission is false
09-01 14:33:54.706 D/BluetoothUtils( 8588): blockedByLocationOff callingUid=1002
09-01 14:33:54.706 I/BluetoothUtils( 8588): packagename is android.uid.bluetooth:1002 ,and its permission is false
09-01 14:33:54.706 V/bt_stack( 8588): [VERBOSE1:btm_ble_gap.cc(1923)] btm_ble_process_ext_adv_pkt: bda=36:c9:49:a0:b6:9d
09-01 14:33:54.706 V/bt_stack( 8588): [VERBOSE1:btm_ble_gap.cc(1847)] btm_ble_process_adv_addr: bda=36:c9:49:a0:b6:9d
09-01 14:33:54.708 D/BluetoothUtils( 8588): blockedByLocationOff callingUid=1002
09-01 14:33:54.709 I/BluetoothUtils( 8588): packagename is android.uid.bluetooth:1002 ,and its permission is false
09-01 14:33:54.709 D/BluetoothUtils( 8588): blockedByLocationOff callingUid=1002
09-01 14:33:54.709 I/BluetoothUtils( 8588): packagename is android.uid.bluetooth:1002 ,and its permission is false
09-01 14:33:54.710 D/BluetoothUtils( 8588): blockedByLocationOff callingUid=1002
09-01 14:33:54.710 I/BluetoothUtils( 8588): packagename is android.uid.bluetooth:1002 ,and its permission is false
09-01 14:33:54.711 V/bt_stack( 8588): [VERBOSE1:btm_ble_gap.cc(1923)] btm_ble_process_ext_adv_pkt: bda=24:c2:07:5f:ee:ac
09-01 14:33:54.712 V/bt_stack( 8588): [VERBOSE1:btm_ble_gap.cc(1847)] btm_ble_process_adv_addr: bda=24:c2:07:5f:ee:ac
09-01 14:33:54.712 D/BluetoothUtils( 8588): blockedByLocationOff callingUid=1002
09-01 14:33:54.713 I/BluetoothUtils( 8588): packagename is android.uid.bluetooth:1002 ,and its permission is false
09-01 14:33:54.713 D/BluetoothUtils( 8588): blockedByLocationOff callingUid=1002
09-01 14:33:54.713 I/BluetoothUtils( 8588): packagename is android.uid.bluetooth:1002 ,and its permission is false
09-01 14:33:54.713 D/BluetoothUtils( 8588): blockedByLocationOff callingUid=1002
09-01 14:33:54.714 I/BluetoothUtils( 8588): packagename is android.uid.bluetooth:1002 ,and its permission is false
09-01 14:33:54.723 V/bt_stack( 8588): [VERBOSE1:btm_ble_gap.cc(1923)] btm_ble_process_ext_adv_pkt: bda=14:07:18:00:04:52
09-01 14:33:54.723 V/bt_stack( 8588): [VERBOSE1:btm_ble_gap.cc(1847)] btm_ble_process_adv_addr: bda=14:07:18:00:04:52
09-01 14:33:54.723 V/bt_stack( 8588): [VERBOSE1:btm_ble_gap.cc(2052)]  Waiting for scan response 14:07:18:00:04:52
09-01 14:33:54.723 V/bt_stack( 8588): [VERBOSE1:btm_ble_gap.cc(1923)] btm_ble_process_ext_adv_pkt: bda=14:07:18:00:04:52
09-01 14:33:54.723 V/bt_stack( 8588): [VERBOSE1:btm_ble_gap.cc(1847)] btm_ble_process_adv_addr: bda=14:07:18:00:04:52
09-01 14:33:54.725 D/BluetoothUtils( 8588): blockedByLocationOff callingUid=1002
09-01 14:33:54.726 I/BluetoothUtils( 8588): packagename is android.uid.bluetooth:1002 ,and its permission is false
09-01 14:33:54.726 D/BluetoothUtils( 8588): blockedByLocationOff callingUid=1002
09-01 14:33:54.727 I/BluetoothUtils( 8588): packagename is android.uid.bluetooth:1002 ,and its permission is false
09-01 14:33:54.727 D/BluetoothUtils( 8588): blockedByLocationOff callingUid=1002
09-01 14:33:54.727 I/BluetoothUtils( 8588): packagename is android.uid.bluetooth:1002 ,and its permission is false
09-01 14:33:54.727 V/bt_stack( 8588): [VERBOSE1:btm_ble_gap.cc(1923)] btm_ble_process_ext_adv_pkt: bda=56:e4:da:79:d5:88
09-01 14:33:54.728 V/bt_stack( 8588): [VERBOSE1:btm_ble_gap.cc(1847)] btm_ble_process_adv_addr: bda=56:e4:da:79:d5:88
09-01 14:33:54.728 V/bt_stack( 8588): [VERBOSE1:btm_ble_gap.cc(2052)]  Waiting for scan response 56:e4:da:79:d5:88
09-01 14:33:54.728 V/bt_stack( 8588): [VERBOSE1:btm_ble_gap.cc(1923)] btm_ble_process_ext_adv_pkt: bda=56:e4:da:79:d5:88
09-01 14:33:54.728 V/bt_stack( 8588): [VERBOSE1:btm_ble_gap.cc(1847)] btm_ble_process_adv_addr: bda=56:e4:da:79:d5:88
09-01 14:33:54.728 I/appium  (10741): Waiting up to 10000ms for device to be idle
09-01 14:33:54.728 I/appium  (10741): AppiumResponse: {"sessionId":"a4d7b541-3cc2-4590-a0d7-423994c151e3","value":null}
09-01 14:33:54.729 D/BluetoothUtils( 8588): blockedByLocationOff callingUid=1002
09-01 14:33:54.729 I/BluetoothUtils( 8588): packagename is android.uid.bluetooth:1002 ,and its permission is false
09-01 14:33:54.730 D/BluetoothUtils( 8588): blockedByLocationOff callingUid=1002
09-01 14:33:54.730 I/BluetoothUtils( 8588): packagename is android.uid.bluetooth:1002 ,and its permission is false
09-01 14:33:54.730 D/BluetoothUtils( 8588): blockedByLocationOff callingUid=1002
09-01 14:33:54.730 I/BluetoothUtils( 8588): packagename is android.uid.bluetooth:1002 ,and its permission is false
09-01 14:33:54.731 V/bt_stack( 8588): [VERBOSE1:btm_ble_gap.cc(1923)] btm_ble_process_ext_adv_pkt: bda=38:f9:d3:45:87:1e
09-01 14:33:54.731 V/bt_stack( 8588): [VERBOSE1:btm_ble_gap.cc(1847)] btm_ble_process_adv_addr: bda=38:f9:d3:45:87:1e
09-01 14:33:54.731 V/bt_stack( 8588): [VERBOSE1:btm_ble_gap.cc(2052)]  Waiting for scan response 38:f9:d3:45:87:1e
09-01 14:33:54.731 V/bt_stack( 8588): [VERBOSE1:btm_ble_gap.cc(1923)] btm_ble_process_ext_adv_pkt: bda=38:f9:d3:45:87:1e
09-01 14:33:54.731 V/bt_stack( 8588): [VERBOSE1:btm_ble_gap.cc(1847)] btm_ble_process_adv_addr: bda=38:f9:d3:45:87:1e
09-01 14:33:54.732 D/BluetoothUtils( 8588): blockedByLocationOff callingUid=1002
09-01 14:33:54.733 I/BluetoothUtils( 8588): packagename is android.uid.bluetooth:1002 ,and its permission is false
09-01 14:33:54.733 D/BluetoothUtils( 8588): blockedByLocationOff callingUid=1002
09-01 14:33:54.733 I/BluetoothUtils( 8588): packagename is android.uid.bluetooth:1002 ,and its permission is false
09-01 14:33:54.733 D/BluetoothUtils( 8588): blockedByLocationOff callingUid=1002
09-01 14:33:54.734 I/BluetoothUtils( 8588): packagename is android.uid.bluetooth:1002 ,and its permission is false
--------- beginning of system
09-01 14:33:54.734 I/Timeline(10791): Timeline: Activity_launch_request time:211600751
09-01 14:33:54.735 I/SplashScreenServiceDelegate( 1639): None for com.xiaomi.hm.health
09-01 14:33:54.735 I/ActivityTaskManager( 1639): START u0 {flg=0x10000000 cmp=com.xiaomi.hm.health/.ui.information.DetailInfoActivity (has extras)} from uid 10241
09-01 14:33:54.740 D/CompatibilityInfo( 1639): mCompatibilityFlags - 0
09-01 14:33:54.740 D/CompatibilityInfo( 1639): applicationDensity - 440
09-01 14:33:54.740 D/CompatibilityInfo( 1639): applicationScale - 1.0
09-01 14:33:54.741 D/ActivityTrigger( 1639): ActivityTrigger activityPauseTrigger 
09-01 14:33:54.742 V/bt_stack( 8588): [VERBOSE1:btm_ble_gap.cc(1923)] btm_ble_process_ext_adv_pkt: bda=12:72:eb:81:32:03
09-01 14:33:54.743 V/bt_stack( 8588): [VERBOSE1:btm_ble_gap.cc(1847)] btm_ble_process_adv_addr: bda=12:72:eb:81:32:03
09-01 14:33:54.744 D/BluetoothUtils( 8588): blockedByLocationOff callingUid=1002
09-01 14:33:54.744 I/BluetoothUtils( 8588): packagename is android.uid.bluetooth:1002 ,and its permission is false
09-01 14:33:54.744 D/BluetoothUtils( 8588): blockedByLocationOff callingUid=1002
09-01 14:33:54.744 I/BluetoothUtils( 8588): packagename is android.uid.bluetooth:1002 ,and its permission is false
09-01 14:33:54.745 D/BluetoothUtils( 8588): blockedByLocationOff callingUid=1002
09-01 14:33:54.745 I/BluetoothUtils( 8588): packagename is android.uid.bluetooth:1002 ,and its permission is false
09-01 14:33:54.747 I/ActivityTaskManager( 1639): The Process com.xiaomi.hm.health Already Exists in BG. So sending its PID: 10791
09-01 14:33:54.748 D/CompatibilityInfo( 1639): mCompatibilityFlags - 0
09-01 14:33:54.748 D/CompatibilityInfo( 1639): applicationDensity - 440
09-01 14:33:54.748 D/CompatibilityInfo( 1639): applicationScale - 1.0
09-01 14:33:54.749 D/WindowManager( 1639): Input focus has changed to null
09-01 14:33:54.750 I/Timeline( 1639): Timeline: App_transition_ready time:211600767
09-01 14:33:54.751 W/ActivityThread(10791): handleWindowVisibility: no activity for token android.os.BinderProxy@ac474f3
09-01 14:33:54.756 D/ViewContentFactory(10791): initViewContentFetcherClass
09-01 14:33:54.756 I/ContentCatcher(10791): ViewContentFetcher : ViewContentFetcher
09-01 14:33:54.756 D/ViewContentFactory(10791): createInterceptor took 0ms
09-01 14:33:54.756 V/bt_stack( 8588): [VERBOSE1:btm_ble_gap.cc(1923)] btm_ble_process_ext_adv_pkt: bda=ce:e6:81:1e:31:88
09-01 14:33:54.756 V/bt_stack( 8588): [VERBOSE1:btm_ble_gap.cc(1847)] btm_ble_process_adv_addr: bda=ce:e6:81:1e:31:88
09-01 14:33:54.756 V/bt_stack( 8588): [VERBOSE1:btm_ble_gap.cc(2052)]  Waiting for scan response ce:e6:81:1e:31:88
09-01 14:33:54.756 V/bt_stack( 8588): [VERBOSE1:btm_ble_gap.cc(1923)] btm_ble_process_ext_adv_pkt: bda=17:7e:29:ab:4e:d0
09-01 14:33:54.756 V/bt_stack( 8588): [VERBOSE1:btm_ble_gap.cc(1847)] btm_ble_process_adv_addr: bda=17:7e:29:ab:4e:d0
09-01 14:33:54.758 D/BluetoothUtils( 8588): blockedByLocationOff callingUid=1002
09-01 14:33:54.759 I/appium  (10741): channel read invoked!
09-01 14:33:54.759 I/appium  (10741): channel read: POST /wd/hub/session/a4d7b541-3cc2-4590-a0d7-423994c151e3/element
09-01 14:33:54.759 I/BluetoothUtils( 8588): packagename is android.uid.bluetooth:1002 ,and its permission is false
09-01 14:33:54.759 D/BluetoothUtils( 8588): blockedByLocationOff callingUid=1002
09-01 14:33:54.760 I/BluetoothUtils( 8588): packagename is android.uid.bluetooth:1002 ,and its permission is false
09-01 14:33:54.760 D/BluetoothUtils( 8588): blockedByLocationOff callingUid=1002
09-01 14:33:54.760 I/BluetoothUtils( 8588): packagename is android.uid.bluetooth:1002 ,and its permission is false
09-01 14:33:54.761 I/appium  (10741): Find element command using 'id' with selector 'chart_up_title'.
09-01 14:33:54.761 I/appium  (10741): Waiting up to 10000ms for device to be idle
09-01 14:33:54.774 V/bt_stack( 8588): [VERBOSE1:btm_ble_gap.cc(1923)] btm_ble_process_ext_adv_pkt: bda=7c:ed:2d:b6:cf:30
09-01 14:33:54.774 V/bt_stack( 8588): [VERBOSE1:btm_ble_gap.cc(1847)] btm_ble_process_adv_addr: bda=7c:ed:2d:b6:cf:30
09-01 14:33:54.774 V/bt_stack( 8588): [VERBOSE1:btm_ble_gap.cc(2052)]  Waiting for scan response 7c:ed:2d:b6:cf:30
09-01 14:33:54.774 V/bt_stack( 8588): [VERBOSE1:btm_ble_gap.cc(1923)] btm_ble_process_ext_adv_pkt: bda=25:4e:aa:3f:5d:41
09-01 14:33:54.774 V/bt_stack( 8588): [VERBOSE1:btm_ble_gap.cc(1847)] btm_ble_process_adv_addr: bda=25:4e:aa:3f:5d:41
09-01 14:33:54.775 D/BluetoothUtils( 8588): blockedByLocationOff callingUid=1002
09-01 14:33:54.775 I/BluetoothUtils( 8588): packagename is android.uid.bluetooth:1002 ,and its permission is false
09-01 14:33:54.775 D/BluetoothUtils( 8588): blockedByLocationOff callingUid=1002
09-01 14:33:54.775 I/BluetoothUtils( 8588): packagename is android.uid.bluetooth:1002 ,and its permission is false
09-01 14:33:54.775 D/BluetoothUtils( 8588): blockedByLocationOff callingUid=1002
09-01 14:33:54.776 I/BluetoothUtils( 8588): packagename is android.uid.bluetooth:1002 ,and its permission is false
09-01 14:33:54.777 V/bt_stack( 8588): [VERBOSE1:btm_ble_gap.cc(1923)] btm_ble_process_ext_adv_pkt: bda=65:4b:eb:fb:21:09
09-01 14:33:54.777 V/bt_stack( 8588): [VERBOSE1:btm_ble_gap.cc(1847)] btm_ble_process_adv_addr: bda=65:4b:eb:fb:21:09
09-01 14:33:54.778 D/BluetoothUtils( 8588): blockedByLocationOff callingUid=1002
09-01 14:33:54.778 I/BluetoothUtils( 8588): packagename is android.uid.bluetooth:1002 ,and its permission is false
09-01 14:33:54.779 D/BluetoothUtils( 8588): blockedByLocationOff callingUid=1002
09-01 14:33:54.779 I/BluetoothUtils( 8588): packagename is android.uid.bluetooth:1002 ,and its permission is false
09-01 14:33:54.779 D/BluetoothUtils( 8588): blockedByLocationOff callingUid=1002
09-01 14:33:54.779 I/BluetoothUtils( 8588): packagename is android.uid.bluetooth:1002 ,and its permission is false
09-01 14:33:54.787 D/BaseTitleActivity(10791): setStyle BACK_DOUBLE_TITLE_SHARE title title darkMode false color -16739623
09-01 14:33:54.789 D/BaseTitleActivity(10791): setTintColor -16739623
09-01 14:33:54.790 V/bt_stack( 8588): [VERBOSE1:btm_ble_gap.cc(1923)] btm_ble_process_ext_adv_pkt: bda=06:fa:50:9b:39:c0
09-01 14:33:54.790 V/bt_stack( 8588): [VERBOSE1:btm_ble_gap.cc(1847)] btm_ble_process_adv_addr: bda=06:fa:50:9b:39:c0
09-01 14:33:54.791 D/BluetoothUtils( 8588): blockedByLocationOff callingUid=1002
09-01 14:33:54.791 I/BluetoothUtils( 8588): packagename is android.uid.bluetooth:1002 ,and its permission is false
09-01 14:33:54.791 D/BluetoothUtils( 8588): blockedByLocationOff callingUid=1002
09-01 14:33:54.791 I/BluetoothUtils( 8588): packagename is android.uid.bluetooth:1002 ,and its permission is false
09-01 14:33:54.791 D/BluetoothUtils( 8588): blockedByLocationOff callingUid=1002
09-01 14:33:54.792 I/BluetoothUtils( 8588): packagename is android.uid.bluetooth:1002 ,and its permission is false
09-01 14:33:54.792 V/bt_stack( 8588): [VERBOSE1:btm_ble_gap.cc(1923)] btm_ble_process_ext_adv_pkt: bda=2c:e0:b3:78:83:e3
09-01 14:33:54.792 V/bt_stack( 8588): [VERBOSE1:btm_ble_gap.cc(1847)] btm_ble_process_adv_addr: bda=2c:e0:b3:78:83:e3
09-01 14:33:54.793 D/BluetoothUtils( 8588): blockedByLocationOff callingUid=1002
09-01 14:33:54.793 I/BluetoothUtils( 8588): packagename is android.uid.bluetooth:1002 ,and its permission is false
09-01 14:33:54.794 D/BluetoothUtils( 8588): blockedByLocationOff callingUid=1002
09-01 14:33:54.794 I/BluetoothUtils( 8588): packagename is android.uid.bluetooth:1002 ,and its permission is false
09-01 14:33:54.794 D/BluetoothUtils( 8588): blockedByLocationOff callingUid=1002
09-01 14:33:54.794 I/BluetoothUtils( 8588): packagename is android.uid.bluetooth:1002 ,and its permission is false
09-01 14:33:54.796 V/bt_stack( 8588): [VERBOSE1:btm_ble_gap.cc(1923)] btm_ble_process_ext_adv_pkt: bda=d3:e3:41:80:f1:8d
09-01 14:33:54.796 V/bt_stack( 8588): [VERBOSE1:btm_ble_gap.cc(1847)] btm_ble_process_adv_addr: bda=d3:e3:41:80:f1:8d
09-01 14:33:54.796 V/bt_stack( 8588): [VERBOSE1:btm_ble_gap.cc(2052)]  Waiting for scan response d3:e3:41:80:f1:8d
09-01 14:33:54.796 V/bt_stack( 8588): [VERBOSE1:btm_ble_gap.cc(1923)] btm_ble_process_ext_adv_pkt: bda=0a:29:89:b7:c8:4a
09-01 14:33:54.796 V/bt_stack( 8588): [VERBOSE1:btm_ble_gap.cc(1847)] btm_ble_process_adv_addr: bda=0a:29:89:b7:c8:4a
09-01 14:33:54.797 D/BluetoothUtils( 8588): blockedByLocationOff callingUid=1002
09-01 14:33:54.798 I/BluetoothUtils( 8588): packagename is android.uid.bluetooth:1002 ,and its permission is false
09-01 14:33:54.798 D/BluetoothUtils( 8588): blockedByLocationOff callingUid=1002
09-01 14:33:54.798 I/BluetoothUtils( 8588): packagename is android.uid.bluetooth:1002 ,and its permission is false
09-01 14:33:54.798 D/BluetoothUtils( 8588): blockedByLocationOff callingUid=1002
09-01 14:33:54.798 I/BluetoothUtils( 8588): packagename is android.uid.bluetooth:1002 ,and its permission is false
09-01 14:33:54.806 V/bt_stack( 8588): [VERBOSE1:btm_ble_gap.cc(1923)] btm_ble_process_ext_adv_pkt: bda=5d:4a:e1:72:21:47
09-01 14:33:54.806 V/bt_stack( 8588): [VERBOSE1:btm_ble_gap.cc(1847)] btm_ble_process_adv_addr: bda=5d:4a:e1:72:21:47
09-01 14:33:54.806 V/bt_stack( 8588): [VERBOSE1:btm_ble_gap.cc(2052)]  Waiting for scan response 5d:4a:e1:72:21:47
09-01 14:33:54.807 V/bt_stack( 8588): [VERBOSE1:btm_ble_gap.cc(1923)] btm_ble_process_ext_adv_pkt: bda=67:ec:83:7e:42:50
09-01 14:33:54.807 V/bt_stack( 8588): [VERBOSE1:btm_ble_gap.cc(1847)] btm_ble_process_adv_addr: bda=67:ec:83:7e:42:50
09-01 14:33:54.807 V/bt_stack( 8588): [VERBOSE1:btm_ble_gap.cc(2052)]  Waiting for scan response 67:ec:83:7e:42:50
09-01 14:33:54.807 V/bt_stack( 8588): [VERBOSE1:btm_ble_gap.cc(1923)] btm_ble_process_ext_adv_pkt: bda=67:ec:83:7e:42:50
09-01 14:33:54.807 V/bt_stack( 8588): [VERBOSE1:btm_ble_gap.cc(1847)] btm_ble_process_adv_addr: bda=67:ec:83:7e:42:50
09-01 14:33:54.808 D/BluetoothUtils( 8588): blockedByLocationOff callingUid=1002
09-01 14:33:54.808 I/BluetoothUtils( 8588): packagename is android.uid.bluetooth:1002 ,and its permission is false
09-01 14:33:54.808 D/BluetoothUtils( 8588): blockedByLocationOff callingUid=1002
09-01 14:33:54.808 I/BluetoothUtils( 8588): packagename is android.uid.bluetooth:1002 ,and its permission is false
09-01 14:33:54.808 D/BluetoothUtils( 8588): blockedByLocationOff callingUid=1002
09-01 14:33:54.809 I/BluetoothUtils( 8588): packagename is android.uid.bluetooth:1002 ,and its permission is false
09-01 14:33:54.810 D/RecentsImpl( 7676): mActivityStateObserver com.xiaomi.hm.health.ui.information.DetailInfoActivity
09-01 14:33:54.813 V/bt_stack( 8588): [VERBOSE1:btm_ble_gap.cc(1923)] btm_ble_process_ext_adv_pkt: bda=36:c9:49:a0:b6:9d
09-01 14:33:54.813 V/bt_stack( 8588): [VERBOSE1:btm_ble_gap.cc(1847)] btm_ble_process_adv_addr: bda=36:c9:49:a0:b6:9d
09-01 14:33:54.814 D/BluetoothUtils( 8588): blockedByLocationOff callingUid=1002
09-01 14:33:54.814 I/BluetoothUtils( 8588): packagename is android.uid.bluetooth:1002 ,and its permission is false
09-01 14:33:54.814 D/BluetoothUtils( 8588): blockedByLocationOff callingUid=1002
09-01 14:33:54.815 I/BluetoothUtils( 8588): packagename is android.uid.bluetooth:1002 ,and its permission is false
09-01 14:33:54.815 D/BluetoothUtils( 8588): blockedByLocationOff callingUid=1002
09-01 14:33:54.815 I/BluetoothUtils( 8588): packagename is android.uid.bluetooth:1002 ,and its permission is false
09-01 14:33:54.819 V/bt_stack( 8588): [VERBOSE1:btm_ble_gap.cc(1923)] btm_ble_process_ext_adv_pkt: bda=72:1f:5b:cb:e4:06
09-01 14:33:54.819 V/bt_stack( 8588): [VERBOSE1:btm_ble_gap.cc(1847)] btm_ble_process_adv_addr: bda=72:1f:5b:cb:e4:06
09-01 14:33:54.819 V/bt_stack( 8588): [VERBOSE1:btm_ble_gap.cc(2052)]  Waiting for scan response 72:1f:5b:cb:e4:06
09-01 14:33:54.819 V/bt_stack( 8588): [VERBOSE1:btm_ble_gap.cc(1923)] btm_ble_process_ext_adv_pkt: bda=1c:91:72:ba:f7:2e
09-01 14:33:54.819 V/bt_stack( 8588): [VERBOSE1:btm_ble_gap.cc(1847)] btm_ble_process_adv_addr: bda=1c:91:72:ba:f7:2e
09-01 14:33:54.820 D/BluetoothUtils( 8588): blockedByLocationOff callingUid=1002
09-01 14:33:54.820 I/BluetoothUtils( 8588): packagename is android.uid.bluetooth:1002 ,and its permission is false
09-01 14:33:54.820 D/BluetoothUtils( 8588): blockedByLocationOff callingUid=1002
09-01 14:33:54.820 I/BluetoothUtils( 8588): packagename is android.uid.bluetooth:1002 ,and its permission is false
09-01 14:33:54.820 D/BluetoothUtils( 8588): blockedByLocationOff callingUid=1002
09-01 14:33:54.821 I/BluetoothUtils( 8588): packagename is android.uid.bluetooth:1002 ,and its permission is false
09-01 14:33:54.824 V/bt_stack( 8588): [VERBOSE1:btm_ble_gap.cc(1923)] btm_ble_process_ext_adv_pkt: bda=d0:07:00:36:00:1a
09-01 14:33:54.824 V/bt_stack( 8588): [VERBOSE1:btm_ble_gap.cc(1847)] btm_ble_process_adv_addr: bda=d0:07:00:36:00:1a
09-01 14:33:54.824 V/bt_stack( 8588): [VERBOSE1:btm_ble_gap.cc(2052)]  Waiting for scan response d0:07:00:36:00:1a
09-01 14:33:54.824 V/bt_stack( 8588): [VERBOSE1:btm_ble_gap.cc(1923)] btm_ble_process_ext_adv_pkt: bda=d0:07:00:36:00:1a
09-01 14:33:54.824 V/bt_stack( 8588): [VERBOSE1:btm_ble_gap.cc(1847)] btm_ble_process_adv_addr: bda=d0:07:00:36:00:1a
09-01 14:33:54.825 D/BluetoothUtils( 8588): blockedByLocationOff callingUid=1002
09-01 14:33:54.825 I/BluetoothUtils( 8588): packagename is android.uid.bluetooth:1002 ,and its permission is false
09-01 14:33:54.826 D/BluetoothUtils( 8588): blockedByLocationOff callingUid=1002
09-01 14:33:54.826 I/BluetoothUtils( 8588): packagename is android.uid.bluetooth:1002 ,and its permission is false
09-01 14:33:54.826 D/BluetoothUtils( 8588): blockedByLocationOff callingUid=1002
09-01 14:33:54.826 I/BluetoothUtils( 8588): packagename is android.uid.bluetooth:1002 ,and its permission is false
09-01 14:33:54.846 V/bt_stack( 8588): [VERBOSE1:btm_ble_gap.cc(1923)] btm_ble_process_ext_adv_pkt: bda=12:f7:c7:df:cb:b1
09-01 14:33:54.846 V/bt_stack( 8588): [VERBOSE1:btm_ble_gap.cc(1847)] btm_ble_process_adv_addr: bda=12:f7:c7:df:cb:b1
09-01 14:33:54.846 D/BluetoothUtils( 8588): blockedByLocationOff callingUid=1002
09-01 14:33:54.847 I/BluetoothUtils( 8588): packagename is android.uid.bluetooth:1002 ,and its permission is false
09-01 14:33:54.847 D/BluetoothUtils( 8588): blockedByLocationOff callingUid=1002
09-01 14:33:54.847 I/BluetoothUtils( 8588): packagename is android.uid.bluetooth:1002 ,and its permission is false
09-01 14:33:54.847 D/BluetoothUtils( 8588): blockedByLocationOff callingUid=1002
09-01 14:33:54.848 I/BluetoothUtils( 8588): packagename is android.uid.bluetooth:1002 ,and its permission is false
09-01 14:33:54.854 W/RecentsModel( 7676): onTaskStackChangedBackground: start loading
09-01 14:33:54.854 W/RecentsModel( 7676): getTaskInfoIgnoreHomeAndSplit   taskInfo=ComponentInfo{com.xiaomi.hm.health/com.xiaomi.hm.health.activity.MainTabActivity}
09-01 14:33:54.854 W/RecentsModel( 7676): getTaskInfoIgnoreHomeAndFreeform   taskInfo=ComponentInfo{com.xiaomi.hm.health/com.xiaomi.hm.health.activity.MainTabActivity}
09-01 14:33:54.855 W/RecentsModel( 7676): getTaskInfoIgnoreFreeform   taskInfo=ComponentInfo{com.xiaomi.hm.health/com.xiaomi.hm.health.activity.MainTabActivity}
09-01 14:33:54.855 W/RecentsModel( 7676): onTaskStackChangedBackground: finishLoading loading
09-01 14:33:54.857 V/bt_stack( 8588): [VERBOSE1:btm_ble_gap.cc(1923)] btm_ble_process_ext_adv_pkt: bda=17:7e:29:ab:4e:d0
09-01 14:33:54.857 V/bt_stack( 8588): [VERBOSE1:btm_ble_gap.cc(1847)] btm_ble_process_adv_addr: bda=17:7e:29:ab:4e:d0
09-01 14:33:54.858 D/BluetoothUtils( 8588): blockedByLocationOff callingUid=1002
09-01 14:33:54.858 I/BluetoothUtils( 8588): packagename is android.uid.bluetooth:1002 ,and its permission is false
09-01 14:33:54.859 D/BluetoothUtils( 8588): blockedByLocationOff callingUid=1002
09-01 14:33:54.859 I/BluetoothUtils( 8588): packagename is android.uid.bluetooth:1002 ,and its permission is false
09-01 14:33:54.859 D/BluetoothUtils( 8588): blockedByLocationOff callingUid=1002
09-01 14:33:54.859 I/BluetoothUtils( 8588): packagename is android.uid.bluetooth:1002 ,and its permission is false
09-01 14:33:54.876 V/bt_stack( 8588): [VERBOSE1:btm_ble_gap.cc(1923)] btm_ble_process_ext_adv_pkt: bda=45:1b:6a:69:d0:4a
09-01 14:33:54.876 V/bt_stack( 8588): [VERBOSE1:btm_ble_gap.cc(1847)] btm_ble_process_adv_addr: bda=45:1b:6a:69:d0:4a
09-01 14:33:54.877 D/BluetoothUtils( 8588): blockedByLocationOff callingUid=1002
09-01 14:33:54.877 I/BluetoothUtils( 8588): packagename is android.uid.bluetooth:1002 ,and its permission is false
09-01 14:33:54.877 D/BluetoothUtils( 8588): blockedByLocationOff callingUid=1002
09-01 14:33:54.877 I/BluetoothUtils( 8588): packagename is android.uid.bluetooth:1002 ,and its permission is false
09-01 14:33:54.877 D/BluetoothUtils( 8588): blockedByLocationOff callingUid=1002
09-01 14:33:54.878 I/BluetoothUtils( 8588): packagename is android.uid.bluetooth:1002 ,and its permission is false
09-01 14:33:54.880 V/bt_stack( 8588): [VERBOSE1:btm_ble_gap.cc(1923)] btm_ble_process_ext_adv_pkt: bda=ef:78:8a:8d:25:f2
09-01 14:33:54.880 V/bt_stack( 8588): [VERBOSE1:btm_ble_gap.cc(1847)] btm_ble_process_adv_addr: bda=ef:78:8a:8d:25:f2
09-01 14:33:54.880 V/bt_stack( 8588): [VERBOSE1:btm_ble_gap.cc(2052)]  Waiting for scan response ef:78:8a:8d:25:f2
09-01 14:33:54.880 V/bt_stack( 8588): [VERBOSE1:btm_ble_gap.cc(1923)] btm_ble_process_ext_adv_pkt: bda=ef:78:8a:8d:25:f2
09-01 14:33:54.880 V/bt_stack( 8588): [VERBOSE1:btm_ble_gap.cc(1847)] btm_ble_process_adv_addr: bda=ef:78:8a:8d:25:f2
09-01 14:33:54.881 D/BluetoothUtils( 8588): blockedByLocationOff callingUid=1002
09-01 14:33:54.881 I/BluetoothUtils( 8588): packagename is android.uid.bluetooth:1002 ,and its permission is false
09-01 14:33:54.881 D/BluetoothUtils( 8588): blockedByLocationOff callingUid=1002
09-01 14:33:54.882 I/BluetoothUtils( 8588): packagename is android.uid.bluetooth:1002 ,and its permission is false
09-01 14:33:54.882 D/BluetoothUtils( 8588): blockedByLocationOff callingUid=1002
09-01 14:33:54.882 I/BluetoothUtils( 8588): packagename is android.uid.bluetooth:1002 ,and its permission is false
09-01 14:33:54.884 V/bt_stack( 8588): [VERBOSE1:btm_ble_gap.cc(1923)] btm_ble_process_ext_adv_pkt: bda=14:c3:61:25:db:42
09-01 14:33:54.885 V/bt_stack( 8588): [VERBOSE1:btm_ble_gap.cc(1847)] btm_ble_process_adv_addr: bda=14:c3:61:25:db:42
09-01 14:33:54.885 D/BluetoothUtils( 8588): blockedByLocationOff callingUid=1002
09-01 14:33:54.886 I/BluetoothUtils( 8588): packagename is android.uid.bluetooth:1002 ,and its permission is false
09-01 14:33:54.886 D/BluetoothUtils( 8588): blockedByLocationOff callingUid=1002
09-01 14:33:54.886 I/BluetoothUtils( 8588): packagename is android.uid.bluetooth:1002 ,and its permission is false
09-01 14:33:54.886 D/BluetoothUtils( 8588): blockedByLocationOff callingUid=1002
09-01 14:33:54.886 I/BluetoothUtils( 8588): packagename is android.uid.bluetooth:1002 ,and its permission is false
09-01 14:33:54.887 V/bt_stack( 8588): [VERBOSE1:btm_ble_gap.cc(1923)] btm_ble_process_ext_adv_pkt: bda=1b:39:55:3e:e3:6c
09-01 14:33:54.887 V/bt_stack( 8588): [VERBOSE1:btm_ble_gap.cc(1847)] btm_ble_process_adv_addr: bda=1b:39:55:3e:e3:6c
09-01 14:33:54.888 D/BluetoothUtils( 8588): blockedByLocationOff callingUid=1002
09-01 14:33:54.888 I/BluetoothUtils( 8588): packagename is android.uid.bluetooth:1002 ,and its permission is false
09-01 14:33:54.888 D/BluetoothUtils( 8588): blockedByLocationOff callingUid=1002
09-01 14:33:54.889 I/BluetoothUtils( 8588): packagename is android.uid.bluetooth:1002 ,and its permission is false
09-01 14:33:54.889 D/BluetoothUtils( 8588): blockedByLocationOff callingUid=1002
09-01 14:33:54.889 I/BluetoothUtils( 8588): packagename is android.uid.bluetooth:1002 ,and its permission is false
09-01 14:33:54.893 V/bt_stack( 8588): [VERBOSE1:btm_ble_gap.cc(1923)] btm_ble_process_ext_adv_pkt: bda=33:5c:08:c6:ed:02
09-01 14:33:54.893 V/bt_stack( 8588): [VERBOSE1:btm_ble_gap.cc(1847)] btm_ble_process_adv_addr: bda=33:5c:08:c6:ed:02
09-01 14:33:54.894 D/BluetoothUtils( 8588): blockedByLocationOff callingUid=1002
09-01 14:33:54.894 I/BluetoothUtils( 8588): packagename is android.uid.bluetooth:1002 ,and its permission is false
09-01 14:33:54.894 D/BluetoothUtils( 8588): blockedByLocationOff callingUid=1002
09-01 14:33:54.894 I/BluetoothUtils( 8588): packagename is android.uid.bluetooth:1002 ,and its permission is false
09-01 14:33:54.894 D/BluetoothUtils( 8588): blockedByLocationOff callingUid=1002
09-01 14:33:54.895 I/BluetoothUtils( 8588): packagename is android.uid.bluetooth:1002 ,and its permission is false
09-01 14:33:54.895 I/Timeline( 1639): Timeline: App_transition_ready time:211600912
09-01 14:33:54.896 I/Timeline( 1639): Timeline: App_transition_ready time:211600913
09-01 14:33:54.896 D/WindowManager( 1639): Input focus has changed to Window{f0ae03c u0 com.xiaomi.hm.health/com.xiaomi.hm.health.ui.information.DetailInfoActivity}
09-01 14:33:54.896 V/bt_stack( 8588): [VERBOSE1:btm_ble_gap.cc(1923)] btm_ble_process_ext_adv_pkt: bda=06:fa:50:9b:39:c0
09-01 14:33:54.896 V/bt_stack( 8588): [VERBOSE1:btm_ble_gap.cc(1847)] btm_ble_process_adv_addr: bda=06:fa:50:9b:39:c0
09-01 14:33:54.897 D/BluetoothUtils( 8588): blockedByLocationOff callingUid=1002
09-01 14:33:54.899 I/BluetoothUtils( 8588): packagename is android.uid.bluetooth:1002 ,and its permission is false
09-01 14:33:54.899 D/BluetoothUtils( 8588): blockedByLocationOff callingUid=1002
09-01 14:33:54.899 V/bt_stack( 8588): [VERBOSE1:btm_ble_gap.cc(1923)] btm_ble_process_ext_adv_pkt: bda=2c:e0:b3:78:83:e3
09-01 14:33:54.899 V/bt_stack( 8588): [VERBOSE1:btm_ble_gap.cc(1847)] btm_ble_process_adv_addr: bda=2c:e0:b3:78:83:e3
09-01 14:33:54.899 I/BluetoothUtils( 8588): packagename is android.uid.bluetooth:1002 ,and its permission is false
09-01 14:33:54.899 D/BluetoothUtils( 8588): blockedByLocationOff callingUid=1002
09-01 14:33:54.899 I/BluetoothUtils( 8588): packagename is android.uid.bluetooth:1002 ,and its permission is false
09-01 14:33:54.900 D/BluetoothUtils( 8588): blockedByLocationOff callingUid=1002
09-01 14:33:54.900 V/bt_stack( 8588): [VERBOSE1:btm_ble_gap.cc(1923)] btm_ble_process_ext_adv_pkt: bda=44:ca:73:cc:df:42
09-01 14:33:54.900 V/bt_stack( 8588): [VERBOSE1:btm_ble_gap.cc(1847)] btm_ble_process_adv_addr: bda=44:ca:73:cc:df:42
09-01 14:33:54.900 V/bt_stack( 8588): [VERBOSE1:btm_ble_gap.cc(2052)]  Waiting for scan response 44:ca:73:cc:df:42
09-01 14:33:54.900 V/bt_stack( 8588): [VERBOSE1:btm_ble_gap.cc(1923)] btm_ble_process_ext_adv_pkt: bda=44:ca:73:cc:df:42
09-01 14:33:54.900 V/bt_stack( 8588): [VERBOSE1:btm_ble_gap.cc(1847)] btm_ble_process_adv_addr: bda=44:ca:73:cc:df:42
09-01 14:33:54.901 I/BluetoothUtils( 8588): packagename is android.uid.bluetooth:1002 ,and its permission is false
09-01 14:33:54.901 D/BluetoothUtils( 8588): blockedByLocationOff callingUid=1002
09-01 14:33:54.902 I/BluetoothUtils( 8588): packagename is android.uid.bluetooth:1002 ,and its permission is false
09-01 14:33:54.902 D/BluetoothUtils( 8588): blockedByLocationOff callingUid=1002
09-01 14:33:54.903 I/BluetoothUtils( 8588): packagename is android.uid.bluetooth:1002 ,and its permission is false
09-01 14:33:54.903 D/BluetoothUtils( 8588): blockedByLocationOff callingUid=1002
09-01 14:33:54.903 I/BluetoothUtils( 8588): packagename is android.uid.bluetooth:1002 ,and its permission is false
09-01 14:33:54.904 D/BluetoothUtils( 8588): blockedByLocationOff callingUid=1002
09-01 14:33:54.904 I/BluetoothUtils( 8588): packagename is android.uid.bluetooth:1002 ,and its permission is false
09-01 14:33:54.904 D/BluetoothUtils( 8588): blockedByLocationOff callingUid=1002
09-01 14:33:54.904 I/BluetoothUtils( 8588): packagename is android.uid.bluetooth:1002 ,and its permission is false
09-01 14:33:54.907 V/bt_stack( 8588): [VERBOSE1:btm_ble_gap.cc(1923)] btm_ble_process_ext_adv_pkt: bda=53:f2:a2:69:23:e6
09-01 14:33:54.907 V/bt_stack( 8588): [VERBOSE1:btm_ble_gap.cc(1847)] btm_ble_process_adv_addr: bda=53:f2:a2:69:23:e6
09-01 14:33:54.908 D/BluetoothUtils( 8588): blockedByLocationOff callingUid=1002
09-01 14:33:54.908 V/bt_stack( 8588): [VERBOSE1:btm_ble_gap.cc(1923)] btm_ble_process_ext_adv_pkt: bda=56:e4:da:79:d5:88
09-01 14:33:54.909 I/BluetoothUtils( 8588): packagename is android.uid.bluetooth:1002 ,and its permission is false
09-01 14:33:54.909 V/bt_stack( 8588): [VERBOSE1:btm_ble_gap.cc(1847)] btm_ble_process_adv_addr: bda=56:e4:da:79:d5:88
09-01 14:33:54.909 V/bt_stack( 8588): [VERBOSE1:btm_ble_gap.cc(2052)]  Waiting for scan response 56:e4:da:79:d5:88
09-01 14:33:54.909 V/bt_stack( 8588): [VERBOSE1:btm_ble_gap.cc(1923)] btm_ble_process_ext_adv_pkt: bda=56:e4:da:79:d5:88
09-01 14:33:54.909 V/bt_stack( 8588): [VERBOSE1:btm_ble_gap.cc(1847)] btm_ble_process_adv_addr: bda=56:e4:da:79:d5:88
09-01 14:33:54.909 D/BluetoothUtils( 8588): blockedByLocationOff callingUid=1002
09-01 14:33:54.909 I/BluetoothUtils( 8588): packagename is android.uid.bluetooth:1002 ,and its permission is false
09-01 14:33:54.909 D/BluetoothUtils( 8588): blockedByLocationOff callingUid=1002
09-01 14:33:54.909 I/BluetoothUtils( 8588): packagename is android.uid.bluetooth:1002 ,and its permission is false
09-01 14:33:54.910 D/BluetoothUtils( 8588): blockedByLocationOff callingUid=1002
09-01 14:33:54.910 I/BluetoothUtils( 8588): packagename is android.uid.bluetooth:1002 ,and its permission is false
09-01 14:33:54.910 D/BluetoothUtils( 8588): blockedByLocationOff callingUid=1002
09-01 14:33:54.911 I/BluetoothUtils( 8588): packagename is android.uid.bluetooth:1002 ,and its permission is false
09-01 14:33:54.911 D/BluetoothUtils( 8588): blockedByLocationOff callingUid=1002
09-01 14:33:54.911 I/BluetoothUtils( 8588): packagename is android.uid.bluetooth:1002 ,and its permission is false
09-01 14:33:54.915 V/bt_stack( 8588): [VERBOSE1:btm_ble_gap.cc(1923)] btm_ble_process_ext_adv_pkt: bda=38:f9:d3:45:87:1e
09-01 14:33:54.915 V/bt_stack( 8588): [VERBOSE1:btm_ble_gap.cc(1847)] btm_ble_process_adv_addr: bda=38:f9:d3:45:87:1e
09-01 14:33:54.915 V/bt_stack( 8588): [VERBOSE1:btm_ble_gap.cc(2052)]  Waiting for scan response 38:f9:d3:45:87:1e
09-01 14:33:54.915 V/bt_stack( 8588): [VERBOSE1:btm_ble_gap.cc(1923)] btm_ble_process_ext_adv_pkt: bda=38:f9:d3:45:87:1e
09-01 14:33:54.915 V/bt_stack( 8588): [VERBOSE1:btm_ble_gap.cc(1847)] btm_ble_process_adv_addr: bda=38:f9:d3:45:87:1e
09-01 14:33:54.916 D/BluetoothUtils( 8588): blockedByLocationOff callingUid=1002
09-01 14:33:54.916 I/BluetoothUtils( 8588): packagename is android.uid.bluetooth:1002 ,and its permission is false
09-01 14:33:54.916 D/BluetoothUtils( 8588): blockedByLocationOff callingUid=1002
09-01 14:33:54.916 I/BluetoothUtils( 8588): packagename is android.uid.bluetooth:1002 ,and its permission is false
09-01 14:33:54.916 D/BluetoothUtils( 8588): blockedByLocationOff callingUid=1002
09-01 14:33:54.917 I/BluetoothUtils( 8588): packagename is android.uid.bluetooth:1002 ,and its permission is false
09-01 14:33:54.917 V/bt_stack( 8588): [VERBOSE1:btm_ble_gap.cc(1923)] btm_ble_process_ext_adv_pkt: bda=36:c9:49:a0:b6:9d
09-01 14:33:54.917 V/bt_stack( 8588): [VERBOSE1:btm_ble_gap.cc(1847)] btm_ble_process_adv_addr: bda=36:c9:49:a0:b6:9d
09-01 14:33:54.918 D/BluetoothUtils( 8588): blockedByLocationOff callingUid=1002
09-01 14:33:54.918 I/BluetoothUtils( 8588): packagename is android.uid.bluetooth:1002 ,and its permission is false
09-01 14:33:54.919 D/BluetoothUtils( 8588): blockedByLocationOff callingUid=1002
09-01 14:33:54.919 I/BluetoothUtils( 8588): packagename is android.uid.bluetooth:1002 ,and its permission is false
09-01 14:33:54.919 D/BluetoothUtils( 8588): blockedByLocationOff callingUid=1002
09-01 14:33:54.919 I/BluetoothUtils( 8588): packagename is android.uid.bluetooth:1002 ,and its permission is false
09-01 14:33:54.923 V/bt_stack( 8588): [VERBOSE1:btm_ble_gap.cc(1923)] btm_ble_process_ext_adv_pkt: bda=1c:91:72:ba:f7:2e
09-01 14:33:54.923 V/bt_stack( 8588): [VERBOSE1:btm_ble_gap.cc(1847)] btm_ble_process_adv_addr: bda=1c:91:72:ba:f7:2e
09-01 14:33:54.924 D/BluetoothUtils( 8588): blockedByLocationOff callingUid=1002
09-01 14:33:54.924 I/BluetoothUtils( 8588): packagename is android.uid.bluetooth:1002 ,and its permission is false
09-01 14:33:54.924 D/BluetoothUtils( 8588): blockedByLocationOff callingUid=1002
09-01 14:33:54.925 I/BluetoothUtils( 8588): packagename is android.uid.bluetooth:1002 ,and its permission is false
09-01 14:33:54.925 D/BluetoothUtils( 8588): blockedByLocationOff callingUid=1002
09-01 14:33:54.925 I/BluetoothUtils( 8588): packagename is android.uid.bluetooth:1002 ,and its permission is false
09-01 14:33:54.926 V/bt_stack( 8588): [VERBOSE1:btm_ble_gap.cc(1923)] btm_ble_process_ext_adv_pkt: bda=66:3e:07:e0:2b:d4
09-01 14:33:54.926 V/bt_stack( 8588): [VERBOSE1:btm_ble_gap.cc(1847)] btm_ble_process_adv_addr: bda=66:3e:07:e0:2b:d4
09-01 14:33:54.926 V/bt_stack( 8588): [VERBOSE1:btm_ble_gap.cc(2052)]  Waiting for scan response 66:3e:07:e0:2b:d4
09-01 14:33:54.926 V/bt_stack( 8588): [VERBOSE1:btm_ble_gap.cc(1923)] btm_ble_process_ext_adv_pkt: bda=66:3e:07:e0:2b:d4
09-01 14:33:54.926 V/bt_stack( 8588): [VERBOSE1:btm_ble_gap.cc(1847)] btm_ble_process_adv_addr: bda=66:3e:07:e0:2b:d4
09-01 14:33:54.927 D/BluetoothUtils( 8588): blockedByLocationOff callingUid=1002
09-01 14:33:54.927 I/BluetoothUtils( 8588): packagename is android.uid.bluetooth:1002 ,and its permission is false
09-01 14:33:54.927 D/BluetoothUtils( 8588): blockedByLocationOff callingUid=1002
09-01 14:33:54.933 I/Timeline( 1639): Timeline: App_transition_ready time:211600950
09-01 14:33:54.934 I/BluetoothUtils( 8588): packagename is android.uid.bluetooth:1002 ,and its permission is false
09-01 14:33:54.934 D/BluetoothUtils( 8588): blockedByLocationOff callingUid=1002
09-01 14:33:54.934 I/BluetoothUtils( 8588): packagename is android.uid.bluetooth:1002 ,and its permission is false
09-01 14:33:54.939 I/ActivityTaskManager( 1639): Displayed com.xiaomi.hm.health/.ui.information.DetailInfoActivity: +198ms
09-01 14:33:54.940 W/ByMatcher(10741): Node returned null child: android.view.accessibility.AccessibilityNodeInfo@12075e; boundsInParent: Rect(0, 0 - 804, 106); boundsInScreen: Rect(138, 96 - 942, 202); packageName: com.xiaomi.hm.health; className: android.widget.HorizontalScrollView; text: null; error: null; maxTextLength: -1; contentDescription: null; tooltipText: null; viewIdResName: com.xiaomi.hm.health:id/status_detail_indicator; checkable: false; checked: false; focusable: true; focused: false; selected: false; clickable: false; longClickable: false; contextClickable: false; enabled: true; password: false; scrollable: false; importantForAccessibility: true; visible: true; actions: [AccessibilityAction: ACTION_FOCUS - null, AccessibilityAction: ACTION_SELECT - null, AccessibilityAction: ACTION_CLEAR_SELECTION - null, AccessibilityAction: ACTION_ACCESSIBILITY_FOCUS - null, AccessibilityAction: ACTION_SHOW_ON_SCREEN - null]
09-01 14:33:54.940 W/ByMatcher(10741): Skipping null child (0 of 1)
09-01 14:33:54.941 W/ByMatcher(10741): Node returned null child: android.view.accessibility.AccessibilityNodeInfo@1427af; boundsInParent: Rect(0, 0 - 1080, 2007); boundsInScreen: Rect(0, 203 - 1080, 2210); packageName: com.xiaomi.hm.health; className: android.widget.FrameLayout; text: null; error: null; maxTextLength: -1; contentDescription: null; tooltipText: null; viewIdResName: null; checkable: false; checked: false; focusable: false; focused: false; selected: false; clickable: false; longClickable: false; contextClickable: false; enabled: true; password: false; scrollable: false; importantForAccessibility: false; visible: true; actions: [AccessibilityAction: ACTION_SELECT - null, AccessibilityAction: ACTION_CLEAR_SELECTION - null, AccessibilityAction: ACTION_ACCESSIBILITY_FOCUS - null, AccessibilityAction: ACTION_SHOW_ON_SCREEN - null]
09-01 14:33:54.941 W/ByMatcher(10741): Skipping null child (0 of 1)
09-01 14:33:54.942 W/ByMatcher(10741): Node returned null child: android.view.accessibility.AccessibilityNodeInfo@12075e; boundsInParent: Rect(0, 0 - 804, 106); boundsInScreen: Rect(138, 96 - 942, 202); packageName: com.xiaomi.hm.health; className: android.widget.HorizontalScrollView; text: null; error: null; maxTextLength: -1; contentDescription: null; tooltipText: null; viewIdResName: com.xiaomi.hm.health:id/status_detail_indicator; checkable: false; checked: false; focusable: true; focused: false; selected: false; clickable: false; longClickable: false; contextClickable: false; enabled: true; password: false; scrollable: false; importantForAccessibility: true; visible: true; actions: [AccessibilityAction: ACTION_FOCUS - null, AccessibilityAction: ACTION_SELECT - null, AccessibilityAction: ACTION_CLEAR_SELECTION - null, AccessibilityAction: ACTION_ACCESSIBILITY_FOCUS - null, AccessibilityAction: ACTION_SHOW_ON_SCREEN - null]
09-01 14:33:54.942 W/ByMatcher(10741): Skipping null child (0 of 1)
09-01 14:33:54.945 W/ByMatcher(10741): Node returned null child: android.view.accessibility.AccessibilityNodeInfo@1427af; boundsInParent: Rect(0, 0 - 1080, 2007); boundsInScreen: Rect(0, 203 - 1080, 2210); packageName: com.xiaomi.hm.health; className: android.widget.FrameLayout; text: null; error: null; maxTextLength: -1; contentDescription: null; tooltipText: null; viewIdResName: null; checkable: false; checked: false; focusable: false; focused: false; selected: false; clickable: false; longClickable: false; contextClickable: false; enabled: true; password: false; scrollable: false; importantForAccessibility: false; visible: true; actions: [AccessibilityAction: ACTION_SELECT - null, AccessibilityAction: ACTION_CLEAR_SELECTION - null, AccessibilityAction: ACTION_ACCESSIBILITY_FOCUS - null, AccessibilityAction: ACTION_SHOW_ON_SCREEN - null]
09-01 14:33:54.945 W/ByMatcher(10741): Skipping null child (0 of 1)
09-01 14:33:54.946 V/bt_stack( 8588): [VERBOSE1:btm_ble_gap.cc(1923)] btm_ble_process_ext_adv_pkt: bda=64:96:5f:7b:d8:cd
09-01 14:33:54.946 V/bt_stack( 8588): [VERBOSE1:btm_ble_gap.cc(1847)] btm_ble_process_adv_addr: bda=64:96:5f:7b:d8:cd
09-01 14:33:54.946 V/bt_stack( 8588): [VERBOSE1:btm_ble_gap.cc(2052)]  Waiting for scan response 64:96:5f:7b:d8:cd
09-01 14:33:54.946 I/appium  (10741): AppiumResponse: {"sessionId":"a4d7b541-3cc2-4590-a0d7-423994c151e3","value":{"error":"no such element","message":"An element could not be located on the page using the given search parameters","stacktrace":"io.appium.uiautomator2.common.exceptions.ElementNotFoundException: An element could not be located on the ...
09-01 14:33:54.947 V/bt_stack( 8588): [VERBOSE1:btm_ble_gap.cc(1923)] btm_ble_process_ext_adv_pkt: bda=04:71:24:a7:6f:1c
09-01 14:33:54.947 V/bt_stack( 8588): [VERBOSE1:btm_ble_gap.cc(1847)] btm_ble_process_adv_addr: bda=04:71:24:a7:6f:1c
09-01 14:33:54.948 D/BluetoothUtils( 8588): blockedByLocationOff callingUid=1002
09-01 14:33:54.948 I/BluetoothUtils( 8588): packagename is android.uid.bluetooth:1002 ,and its permission is false
09-01 14:33:54.949 D/BluetoothUtils( 8588): blockedByLocationOff callingUid=1002
