09-01 14:43:56.520 D/BluetoothUtils( 8588): blockedByLocationOff callingUid=1002
09-01 14:43:56.520 I/BluetoothUtils( 8588): packagename is android.uid.bluetooth:1002 ,and its permission is false
09-01 14:43:56.520 D/BluetoothUtils( 8588): blockedByLocationOff callingUid=1002
09-01 14:43:56.520 D/ActivityTrigger( 1639): ActivityTrigger activityPauseTrigger 
09-01 14:43:56.520 I/BluetoothUtils( 8588): packagename is android.uid.bluetooth:1002 ,and its permission is false
09-01 14:43:56.521 D/BluetoothUtils( 8588): blockedByLocationOff callingUid=1002
09-01 14:43:56.521 I/BluetoothUtils( 8588): packagename is android.uid.bluetooth:1002 ,and its permission is false
09-01 14:43:56.530 V/bt_stack( 8588): [VERBOSE1:btm_ble_gap.cc(1923)] btm_ble_process_ext_adv_pkt: bda=ac:29:3a:9a:aa:42
09-01 14:43:56.530 V/bt_stack( 8588): [VERBOSE1:btm_ble_gap.cc(1847)] btm_ble_process_adv_addr: bda=ac:29:3a:9a:aa:42
09-01 14:43:56.530 V/bt_stack( 8588): [VERBOSE1:btm_ble_gap.cc(2052)]  Waiting for scan response ac:29:3a:9a:aa:42
09-01 14:43:56.530 V/bt_stack( 8588): [VERBOSE1:btm_ble_gap.cc(1923)] btm_ble_process_ext_adv_pkt: bda=3c:44:7b:e3:4e:f5
09-01 14:43:56.530 V/bt_stack( 8588): [VERBOSE1:btm_ble_gap.cc(1847)] btm_ble_process_adv_addr: bda=3c:44:7b:e3:4e:f5
09-01 14:43:56.532 D/BluetoothUtils( 8588): blockedByLocationOff callingUid=1002
09-01 14:43:56.532 I/BluetoothUtils( 8588): packagename is android.uid.bluetooth:1002 ,and its permission is false
09-01 14:43:56.532 D/BluetoothUtils( 8588): blockedByLocationOff callingUid=1002
09-01 14:43:56.533 I/BluetoothUtils( 8588): packagename is android.uid.bluetooth:1002 ,and its permission is false
09-01 14:43:56.533 D/BluetoothUtils( 8588): blockedByLocationOff callingUid=1002
09-01 14:43:56.533 I/BluetoothUtils( 8588): packagename is android.uid.bluetooth:1002 ,and its permission is false
09-01 14:43:56.538 D/WindowManager( 1639): Input focus has changed to null
09-01 14:43:56.542 I/Timeline( 1639): Timeline: App_transition_ready time:212202559
09-01 14:43:56.545 V/bt_stack( 8588): [VERBOSE1:btm_ble_gap.cc(1923)] btm_ble_process_ext_adv_pkt: bda=03:d8:93:20:a7:46
09-01 14:43:56.545 V/bt_stack( 8588): [VERBOSE1:btm_ble_gap.cc(1847)] btm_ble_process_adv_addr: bda=03:d8:93:20:a7:46
09-01 14:43:56.546 D/BluetoothUtils( 8588): blockedByLocationOff callingUid=1002
09-01 14:43:56.547 I/BluetoothUtils( 8588): packagename is android.uid.bluetooth:1002 ,and its permission is false
09-01 14:43:56.547 D/BluetoothUtils( 8588): blockedByLocationOff callingUid=1002
09-01 14:43:56.547 I/BluetoothUtils( 8588): packagename is android.uid.bluetooth:1002 ,and its permission is false
09-01 14:43:56.547 D/BluetoothUtils( 8588): blockedByLocationOff callingUid=1002
09-01 14:43:56.548 I/BluetoothUtils( 8588): packagename is android.uid.bluetooth:1002 ,and its permission is false
09-01 14:43:56.549 V/bt_stack( 8588): [VERBOSE1:btm_ble_gap.cc(1923)] btm_ble_process_ext_adv_pkt: bda=66:3e:07:e0:2b:d4
09-01 14:43:56.549 V/bt_stack( 8588): [VERBOSE1:btm_ble_gap.cc(1847)] btm_ble_process_adv_addr: bda=66:3e:07:e0:2b:d4
09-01 14:43:56.549 V/bt_stack( 8588): [VERBOSE1:btm_ble_gap.cc(2052)]  Waiting for scan response 66:3e:07:e0:2b:d4
09-01 14:43:56.550 V/bt_stack( 8588): [VERBOSE1:btm_ble_gap.cc(1923)] btm_ble_process_ext_adv_pkt: bda=46:25:ff:ec:21:0b
09-01 14:43:56.550 V/bt_stack( 8588): [VERBOSE1:btm_ble_gap.cc(1847)] btm_ble_process_adv_addr: bda=46:25:ff:ec:21:0b
09-01 14:43:56.550 D/RecentsImpl( 7676): mActivityStateObserver com.xiaomi.hm.health.ui.information.StatisticsActivity
09-01 14:43:56.550 V/bt_stack( 8588): [VERBOSE1:btm_ble_gap.cc(2052)]  Waiting for scan response 46:25:ff:ec:21:0b
09-01 14:43:56.550 V/bt_stack( 8588): [VERBOSE1:btm_ble_gap.cc(1923)] btm_ble_process_ext_adv_pkt: bda=46:25:ff:ec:21:0b
09-01 14:43:56.550 V/bt_stack( 8588): [VERBOSE1:btm_ble_gap.cc(1847)] btm_ble_process_adv_addr: bda=46:25:ff:ec:21:0b
09-01 14:43:56.551 D/BluetoothUtils( 8588): blockedByLocationOff callingUid=1002
09-01 14:43:56.551 I/BluetoothUtils( 8588): packagename is android.uid.bluetooth:1002 ,and its permission is false
09-01 14:43:56.551 D/BluetoothUtils( 8588): blockedByLocationOff callingUid=1002
09-01 14:43:56.552 I/BluetoothUtils( 8588): packagename is android.uid.bluetooth:1002 ,and its permission is false
09-01 14:43:56.552 D/BluetoothUtils( 8588): blockedByLocationOff callingUid=1002
09-01 14:43:56.552 I/Timeline( 1639): Timeline: App_transition_ready time:212202569
09-01 14:43:56.552 I/BluetoothUtils( 8588): packagename is android.uid.bluetooth:1002 ,and its permission is false
09-01 14:43:56.552 D/WindowManager( 1639): Input focus has changed to Window{401fede u0 com.xiaomi.hm.health/com.xiaomi.hm.health.ui.information.StatisticsActivity}
09-01 14:43:56.555 V/bt_stack( 8588): [VERBOSE1:btm_ble_gap.cc(1923)] btm_ble_process_ext_adv_pkt: bda=6c:40:08:bb:80:d3
09-01 14:43:56.555 V/bt_stack( 8588): [VERBOSE1:btm_ble_gap.cc(1847)] btm_ble_process_adv_addr: bda=6c:40:08:bb:80:d3
09-01 14:43:56.555 V/bt_stack( 8588): [VERBOSE1:btm_ble_gap.cc(2052)]  Waiting for scan response 6c:40:08:bb:80:d3
09-01 14:43:56.556 V/bt_stack( 8588): [VERBOSE1:btm_ble_gap.cc(1923)] btm_ble_process_ext_adv_pkt: bda=6c:40:08:bb:80:d3
09-01 14:43:56.556 V/bt_stack( 8588): [VERBOSE1:btm_ble_gap.cc(1847)] btm_ble_process_adv_addr: bda=6c:40:08:bb:80:d3
09-01 14:43:56.559 D/BluetoothUtils( 8588): blockedByLocationOff callingUid=1002
09-01 14:43:56.559 I/BluetoothUtils( 8588): packagename is android.uid.bluetooth:1002 ,and its permission is false
09-01 14:43:56.559 D/BluetoothUtils( 8588): blockedByLocationOff callingUid=1002
09-01 14:43:56.560 I/BluetoothUtils( 8588): packagename is android.uid.bluetooth:1002 ,and its permission is false
09-01 14:43:56.560 D/BluetoothUtils( 8588): blockedByLocationOff callingUid=1002
09-01 14:43:56.560 I/BluetoothUtils( 8588): packagename is android.uid.bluetooth:1002 ,and its permission is false
09-01 14:43:56.563 I/Timeline( 1639): Timeline: App_transition_ready time:212202580
09-01 14:43:56.565 V/bt_stack( 8588): [VERBOSE1:btm_ble_gap.cc(1923)] btm_ble_process_ext_adv_pkt: bda=63:53:07:fa:3c:f1
09-01 14:43:56.565 V/bt_stack( 8588): [VERBOSE1:btm_ble_gap.cc(1847)] btm_ble_process_adv_addr: bda=63:53:07:fa:3c:f1
09-01 14:43:56.566 D/BluetoothUtils( 8588): blockedByLocationOff callingUid=1002
09-01 14:43:56.567 I/BluetoothUtils( 8588): packagename is android.uid.bluetooth:1002 ,and its permission is false
09-01 14:43:56.567 D/BluetoothUtils( 8588): blockedByLocationOff callingUid=1002
09-01 14:43:56.567 I/SplashScreenServiceDelegate( 1639): None for com.xiaomi.hm.health
09-01 14:43:56.567 I/BluetoothUtils( 8588): packagename is android.uid.bluetooth:1002 ,and its permission is false
09-01 14:43:56.567 V/bt_stack( 8588): [VERBOSE1:btm_ble_gap.cc(1923)] btm_ble_process_ext_adv_pkt: bda=2c:09:3e:94:80:f3
09-01 14:43:56.567 V/bt_stack( 8588): [VERBOSE1:btm_ble_gap.cc(1847)] btm_ble_process_adv_addr: bda=2c:09:3e:94:80:f3
09-01 14:43:56.569 D/BluetoothUtils( 8588): blockedByLocationOff callingUid=1002
09-01 14:43:56.570 I/BluetoothUtils( 8588): packagename is android.uid.bluetooth:1002 ,and its permission is false
09-01 14:43:56.570 D/BluetoothUtils( 8588): blockedByLocationOff callingUid=1002
09-01 14:43:56.570 I/BluetoothUtils( 8588): packagename is android.uid.bluetooth:1002 ,and its permission is false
09-01 14:43:56.571 D/BluetoothUtils( 8588): blockedByLocationOff callingUid=1002
09-01 14:43:56.571 I/BluetoothUtils( 8588): packagename is android.uid.bluetooth:1002 ,and its permission is false
09-01 14:43:56.571 D/BluetoothUtils( 8588): blockedByLocationOff callingUid=1002
09-01 14:43:56.571 I/BluetoothUtils( 8588): packagename is android.uid.bluetooth:1002 ,and its permission is false
09-01 14:43:56.581 V/bt_stack( 8588): [VERBOSE1:btm_ble_gap.cc(1923)] btm_ble_process_ext_adv_pkt: bda=66:3e:07:e0:2b:d4
09-01 14:43:56.581 V/bt_stack( 8588): [VERBOSE1:btm_ble_gap.cc(1847)] btm_ble_process_adv_addr: bda=66:3e:07:e0:2b:d4
09-01 14:43:56.581 V/bt_stack( 8588): [VERBOSE1:btm_ble_gap.cc(2052)]  Waiting for scan response 66:3e:07:e0:2b:d4
09-01 14:43:56.581 V/bt_stack( 8588): [VERBOSE1:btm_ble_gap.cc(1923)] btm_ble_process_ext_adv_pkt: bda=66:3e:07:e0:2b:d4
09-01 14:43:56.581 V/bt_stack( 8588): [VERBOSE1:btm_ble_gap.cc(1847)] btm_ble_process_adv_addr: bda=66:3e:07:e0:2b:d4
09-01 14:43:56.582 D/BluetoothUtils( 8588): blockedByLocationOff callingUid=1002
09-01 14:43:56.582 I/BluetoothUtils( 8588): packagename is android.uid.bluetooth:1002 ,and its permission is false
09-01 14:43:56.582 D/BluetoothUtils( 8588): blockedByLocationOff callingUid=1002
09-01 14:43:56.582 I/BluetoothUtils( 8588): packagename is android.uid.bluetooth:1002 ,and its permission is false
09-01 14:43:56.582 D/BluetoothUtils( 8588): blockedByLocationOff callingUid=1002
09-01 14:43:56.583 I/BluetoothUtils( 8588): packagename is android.uid.bluetooth:1002 ,and its permission is false
09-01 14:43:56.588 V/bt_stack( 8588): [VERBOSE1:btm_ble_gap.cc(1923)] btm_ble_process_ext_adv_pkt: bda=6c:40:08:bb:80:d3
09-01 14:43:56.588 V/bt_stack( 8588): [VERBOSE1:btm_ble_gap.cc(1847)] btm_ble_process_adv_addr: bda=6c:40:08:bb:80:d3
09-01 14:43:56.588 V/bt_stack( 8588): [VERBOSE1:btm_ble_gap.cc(2052)]  Waiting for scan response 6c:40:08:bb:80:d3
09-01 14:43:56.588 V/bt_stack( 8588): [VERBOSE1:btm_ble_gap.cc(1923)] btm_ble_process_ext_adv_pkt: bda=6c:40:08:bb:80:d3
09-01 14:43:56.588 V/bt_stack( 8588): [VERBOSE1:btm_ble_gap.cc(1847)] btm_ble_process_adv_addr: bda=6c:40:08:bb:80:d3
09-01 14:43:56.588 D/BluetoothUtils( 8588): blockedByLocationOff callingUid=1002
09-01 14:43:56.589 I/BluetoothUtils( 8588): packagename is android.uid.bluetooth:1002 ,and its permission is false
09-01 14:43:56.589 D/BluetoothUtils( 8588): blockedByLocationOff callingUid=1002
09-01 14:43:56.589 I/BluetoothUtils( 8588): packagename is android.uid.bluetooth:1002 ,and its permission is false
09-01 14:43:56.589 D/BluetoothUtils( 8588): blockedByLocationOff callingUid=1002
09-01 14:43:56.589 I/BluetoothUtils( 8588): packagename is android.uid.bluetooth:1002 ,and its permission is false
09-01 14:43:56.591 V/bt_stack( 8588): [VERBOSE1:btm_ble_gap.cc(1923)] btm_ble_process_ext_adv_pkt: bda=00:35:64:83:a4:98
09-01 14:43:56.591 V/bt_stack( 8588): [VERBOSE1:btm_ble_gap.cc(1847)] btm_ble_process_adv_addr: bda=00:35:64:83:a4:98
09-01 14:43:56.592 D/BluetoothUtils( 8588): blockedByLocationOff callingUid=1002
09-01 14:43:56.592 I/BluetoothUtils( 8588): packagename is android.uid.bluetooth:1002 ,and its permission is false
09-01 14:43:56.592 D/BluetoothUtils( 8588): blockedByLocationOff callingUid=1002
09-01 14:43:56.593 I/BluetoothUtils( 8588): packagename is android.uid.bluetooth:1002 ,and its permission is false
09-01 14:43:56.593 D/BluetoothUtils( 8588): blockedByLocationOff callingUid=1002
09-01 14:43:56.593 I/BluetoothUtils( 8588): packagename is android.uid.bluetooth:1002 ,and its permission is false
09-01 14:43:56.609 V/bt_stack( 8588): [VERBOSE1:btm_ble_gap.cc(1923)] btm_ble_process_ext_adv_pkt: bda=1b:ed:1f:be:0d:08
09-01 14:43:56.609 V/bt_stack( 8588): [VERBOSE1:btm_ble_gap.cc(1847)] btm_ble_process_adv_addr: bda=1b:ed:1f:be:0d:08
09-01 14:43:56.610 V/bt_stack( 8588): [VERBOSE1:btm_ble_gap.cc(1923)] btm_ble_process_ext_adv_pkt: bda=0e:10:bb:c2:00:89
09-01 14:43:56.610 V/bt_stack( 8588): [VERBOSE1:btm_ble_gap.cc(1847)] btm_ble_process_adv_addr: bda=0e:10:bb:c2:00:89
09-01 14:43:56.610 D/BluetoothUtils( 8588): blockedByLocationOff callingUid=1002
09-01 14:43:56.610 I/BluetoothUtils( 8588): packagename is android.uid.bluetooth:1002 ,and its permission is false
09-01 14:43:56.610 D/BluetoothUtils( 8588): blockedByLocationOff callingUid=1002
09-01 14:43:56.611 I/BluetoothUtils( 8588): packagename is android.uid.bluetooth:1002 ,and its permission is false
09-01 14:43:56.611 D/BluetoothUtils( 8588): blockedByLocationOff callingUid=1002
09-01 14:43:56.611 I/BluetoothUtils( 8588): packagename is android.uid.bluetooth:1002 ,and its permission is false
09-01 14:43:56.612 D/BluetoothUtils( 8588): blockedByLocationOff callingUid=1002
09-01 14:43:56.613 I/BluetoothUtils( 8588): packagename is android.uid.bluetooth:1002 ,and its permission is false
09-01 14:43:56.613 D/BluetoothUtils( 8588): blockedByLocationOff callingUid=1002
09-01 14:43:56.613 I/BluetoothUtils( 8588): packagename is android.uid.bluetooth:1002 ,and its permission is false
09-01 14:43:56.613 D/BluetoothUtils( 8588): blockedByLocationOff callingUid=1002
09-01 14:43:56.613 I/BluetoothUtils( 8588): packagename is android.uid.bluetooth:1002 ,and its permission is false
09-01 14:43:56.618 V/bt_stack( 8588): [VERBOSE1:btm_ble_gap.cc(1923)] btm_ble_process_ext_adv_pkt: bda=44:ca:73:cc:df:42
09-01 14:43:56.618 V/bt_stack( 8588): [VERBOSE1:btm_ble_gap.cc(1847)] btm_ble_process_adv_addr: bda=44:ca:73:cc:df:42
09-01 14:43:56.618 V/bt_stack( 8588): [VERBOSE1:btm_ble_gap.cc(2052)]  Waiting for scan response 44:ca:73:cc:df:42
09-01 14:43:56.618 V/bt_stack( 8588): [VERBOSE1:btm_ble_gap.cc(1923)] btm_ble_process_ext_adv_pkt: bda=6c:40:08:bb:80:d3
09-01 14:43:56.619 V/bt_stack( 8588): [VERBOSE1:btm_ble_gap.cc(1847)] btm_ble_process_adv_addr: bda=6c:40:08:bb:80:d3
09-01 14:43:56.619 V/bt_stack( 8588): [VERBOSE1:btm_ble_gap.cc(2052)]  Waiting for scan response 6c:40:08:bb:80:d3
09-01 14:43:56.619 V/bt_stack( 8588): [VERBOSE1:btm_ble_gap.cc(1923)] btm_ble_process_ext_adv_pkt: bda=6c:40:08:bb:80:d3
09-01 14:43:56.619 V/bt_stack( 8588): [VERBOSE1:btm_ble_gap.cc(1847)] btm_ble_process_adv_addr: bda=6c:40:08:bb:80:d3
09-01 14:43:56.619 D/BluetoothUtils( 8588): blockedByLocationOff callingUid=1002
09-01 14:43:56.619 I/BluetoothUtils( 8588): packagename is android.uid.bluetooth:1002 ,and its permission is false
09-01 14:43:56.620 D/BluetoothUtils( 8588): blockedByLocationOff callingUid=1002
09-01 14:43:56.620 I/BluetoothUtils( 8588): packagename is android.uid.bluetooth:1002 ,and its permission is false
09-01 14:43:56.620 D/BluetoothUtils( 8588): blockedByLocationOff callingUid=1002
09-01 14:43:56.620 V/bt_stack( 8588): [VERBOSE1:btm_ble_gap.cc(1923)] btm_ble_process_ext_adv_pkt: bda=33:91:15:08:2a:2b
09-01 14:43:56.620 V/bt_stack( 8588): [VERBOSE1:btm_ble_gap.cc(1847)] btm_ble_process_adv_addr: bda=33:91:15:08:2a:2b
09-01 14:43:56.620 I/BluetoothUtils( 8588): packagename is android.uid.bluetooth:1002 ,and its permission is false
09-01 14:43:56.621 D/BluetoothUtils( 8588): blockedByLocationOff callingUid=1002
09-01 14:43:56.621 V/bt_stack( 8588): [VERBOSE1:btm_ble_gap.cc(1923)] btm_ble_process_ext_adv_pkt: bda=35:45:bf:2c:e1:03
09-01 14:43:56.621 I/BluetoothUtils( 8588): packagename is android.uid.bluetooth:1002 ,and its permission is false
09-01 14:43:56.621 V/bt_stack( 8588): [VERBOSE1:btm_ble_gap.cc(1847)] btm_ble_process_adv_addr: bda=35:45:bf:2c:e1:03
09-01 14:43:56.621 D/BluetoothUtils( 8588): blockedByLocationOff callingUid=1002
09-01 14:43:56.622 I/BluetoothUtils( 8588): packagename is android.uid.bluetooth:1002 ,and its permission is false
09-01 14:43:56.622 D/BluetoothUtils( 8588): blockedByLocationOff callingUid=1002
09-01 14:43:56.622 I/BluetoothUtils( 8588): packagename is android.uid.bluetooth:1002 ,and its permission is false
09-01 14:43:56.623 D/BluetoothUtils( 8588): blockedByLocationOff callingUid=1002
09-01 14:43:56.623 I/BluetoothUtils( 8588): packagename is android.uid.bluetooth:1002 ,and its permission is false
09-01 14:43:56.623 D/BluetoothUtils( 8588): blockedByLocationOff callingUid=1002
09-01 14:43:56.623 I/BluetoothUtils( 8588): packagename is android.uid.bluetooth:1002 ,and its permission is false
09-01 14:43:56.623 D/BluetoothUtils( 8588): blockedByLocationOff callingUid=1002
09-01 14:43:56.624 I/BluetoothUtils( 8588): packagename is android.uid.bluetooth:1002 ,and its permission is false
09-01 14:43:56.627 V/bt_stack( 8588): [VERBOSE1:btm_ble_gap.cc(1923)] btm_ble_process_ext_adv_pkt: bda=1f:59:8a:95:53:d8
09-01 14:43:56.627 V/bt_stack( 8588): [VERBOSE1:btm_ble_gap.cc(1847)] btm_ble_process_adv_addr: bda=1f:59:8a:95:53:d8
09-01 14:43:56.628 D/BluetoothUtils( 8588): blockedByLocationOff callingUid=1002
09-01 14:43:56.628 I/BluetoothUtils( 8588): packagename is android.uid.bluetooth:1002 ,and its permission is false
09-01 14:43:56.628 D/BluetoothUtils( 8588): blockedByLocationOff callingUid=1002
09-01 14:43:56.628 I/BluetoothUtils( 8588): packagename is android.uid.bluetooth:1002 ,and its permission is false
09-01 14:43:56.628 D/BluetoothUtils( 8588): blockedByLocationOff callingUid=1002
09-01 14:43:56.628 I/BluetoothUtils( 8588): packagename is android.uid.bluetooth:1002 ,and its permission is false
09-01 14:43:56.638 V/bt_stack( 8588): [VERBOSE1:btm_ble_gap.cc(1923)] btm_ble_process_ext_adv_pkt: bda=3c:44:7b:e3:4e:f5
09-01 14:43:56.638 V/bt_stack( 8588): [VERBOSE1:btm_ble_gap.cc(1847)] btm_ble_process_adv_addr: bda=3c:44:7b:e3:4e:f5
09-01 14:43:56.639 D/BluetoothUtils( 8588): blockedByLocationOff callingUid=1002
09-01 14:43:56.639 I/BluetoothUtils( 8588): packagename is android.uid.bluetooth:1002 ,and its permission is false
09-01 14:43:56.639 D/BluetoothUtils( 8588): blockedByLocationOff callingUid=1002
09-01 14:43:56.639 I/BluetoothUtils( 8588): packagename is android.uid.bluetooth:1002 ,and its permission is false
09-01 14:43:56.640 D/BluetoothUtils( 8588): blockedByLocationOff callingUid=1002
09-01 14:43:56.640 I/BluetoothUtils( 8588): packagename is android.uid.bluetooth:1002 ,and its permission is false
09-01 14:43:56.640 V/bt_stack( 8588): [VERBOSE1:btm_ble_gap.cc(1923)] btm_ble_process_ext_adv_pkt: bda=66:3e:07:e0:2b:d4
09-01 14:43:56.640 V/bt_stack( 8588): [VERBOSE1:btm_ble_gap.cc(1847)] btm_ble_process_adv_addr: bda=66:3e:07:e0:2b:d4
09-01 14:43:56.640 V/bt_stack( 8588): [VERBOSE1:btm_ble_gap.cc(2052)]  Waiting for scan response 66:3e:07:e0:2b:d4
09-01 14:43:56.640 V/bt_stack( 8588): [VERBOSE1:btm_ble_gap.cc(1923)] btm_ble_process_ext_adv_pkt: bda=66:3e:07:e0:2b:d4
09-01 14:43:56.640 V/bt_stack( 8588): [VERBOSE1:btm_ble_gap.cc(1847)] btm_ble_process_adv_addr: bda=66:3e:07:e0:2b:d4
09-01 14:43:56.640 D/BluetoothUtils( 8588): blockedByLocationOff callingUid=1002
09-01 14:43:56.641 I/BluetoothUtils( 8588): packagename is android.uid.bluetooth:1002 ,and its permission is false
09-01 14:43:56.641 D/BluetoothUtils( 8588): blockedByLocationOff callingUid=1002
09-01 14:43:56.641 I/BluetoothUtils( 8588): packagename is android.uid.bluetooth:1002 ,and its permission is false
09-01 14:43:56.641 D/BluetoothUtils( 8588): blockedByLocationOff callingUid=1002
09-01 14:43:56.641 I/BluetoothUtils( 8588): packagename is android.uid.bluetooth:1002 ,and its permission is false
09-01 14:43:56.646 W/RecentsModel( 7676): onTaskStackChangedBackground: start loading
09-01 14:43:56.646 W/RecentsModel( 7676): getTaskInfoIgnoreHomeAndSplit   taskInfo=ComponentInfo{com.xiaomi.hm.health/com.xiaomi.hm.health.activity.MainTabActivity}
09-01 14:43:56.646 W/RecentsModel( 7676): getTaskInfoIgnoreHomeAndFreeform   taskInfo=ComponentInfo{com.xiaomi.hm.health/com.xiaomi.hm.health.activity.MainTabActivity}
09-01 14:43:56.647 W/RecentsModel( 7676): getTaskInfoIgnoreFreeform   taskInfo=ComponentInfo{com.xiaomi.hm.health/com.xiaomi.hm.health.activity.MainTabActivity}
09-01 14:43:56.647 W/RecentsModel( 7676): onTaskStackChangedBackground: finishLoading loading
09-01 14:43:56.650 V/bt_stack( 8588): [VERBOSE1:btm_ble_gap.cc(1923)] btm_ble_process_ext_adv_pkt: bda=6c:40:08:bb:80:d3
09-01 14:43:56.650 V/bt_stack( 8588): [VERBOSE1:btm_ble_gap.cc(1847)] btm_ble_process_adv_addr: bda=6c:40:08:bb:80:d3
09-01 14:43:56.650 V/bt_stack( 8588): [VERBOSE1:btm_ble_gap.cc(2052)]  Waiting for scan response 6c:40:08:bb:80:d3
09-01 14:43:56.650 V/bt_stack( 8588): [VERBOSE1:btm_ble_gap.cc(1923)] btm_ble_process_ext_adv_pkt: bda=6c:40:08:bb:80:d3
09-01 14:43:56.650 V/bt_stack( 8588): [VERBOSE1:btm_ble_gap.cc(1847)] btm_ble_process_adv_addr: bda=6c:40:08:bb:80:d3
09-01 14:43:56.650 D/BluetoothUtils( 8588): blockedByLocationOff callingUid=1002
09-01 14:43:56.651 I/BluetoothUtils( 8588): packagename is android.uid.bluetooth:1002 ,and its permission is false
09-01 14:43:56.651 D/BluetoothUtils( 8588): blockedByLocationOff callingUid=1002
09-01 14:43:56.651 I/BluetoothUtils( 8588): packagename is android.uid.bluetooth:1002 ,and its permission is false
09-01 14:43:56.651 D/BluetoothUtils( 8588): blockedByLocationOff callingUid=1002
09-01 14:43:56.652 I/BluetoothUtils( 8588): packagename is android.uid.bluetooth:1002 ,and its permission is false
09-01 14:43:56.652 V/bt_stack( 8588): [VERBOSE1:btm_ble_gap.cc(1923)] btm_ble_process_ext_adv_pkt: bda=03:d8:93:20:a7:46
09-01 14:43:56.652 V/bt_stack( 8588): [VERBOSE1:btm_ble_gap.cc(1847)] btm_ble_process_adv_addr: bda=03:d8:93:20:a7:46
09-01 14:43:56.653 D/BluetoothUtils( 8588): blockedByLocationOff callingUid=1002
09-01 14:43:56.653 I/BluetoothUtils( 8588): packagename is android.uid.bluetooth:1002 ,and its permission is false
09-01 14:43:56.653 D/BluetoothUtils( 8588): blockedByLocationOff callingUid=1002
09-01 14:43:56.653 I/BluetoothUtils( 8588): packagename is android.uid.bluetooth:1002 ,and its permission is false
09-01 14:43:56.654 D/BluetoothUtils( 8588): blockedByLocationOff callingUid=1002
09-01 14:43:56.654 I/BluetoothUtils( 8588): packagename is android.uid.bluetooth:1002 ,and its permission is false
09-01 14:43:56.655 V/bt_stack( 8588): [VERBOSE1:btm_ble_gap.cc(1923)] btm_ble_process_ext_adv_pkt: bda=14:dd:f1:7c:32:85
09-01 14:43:56.655 V/bt_stack( 8588): [VERBOSE1:btm_ble_gap.cc(1847)] btm_ble_process_adv_addr: bda=14:dd:f1:7c:32:85
09-01 14:43:56.656 D/BluetoothUtils( 8588): blockedByLocationOff callingUid=1002
09-01 14:43:56.656 I/BluetoothUtils( 8588): packagename is android.uid.bluetooth:1002 ,and its permission is false
09-01 14:43:56.657 D/BluetoothUtils( 8588): blockedByLocationOff callingUid=1002
09-01 14:43:56.657 I/BluetoothUtils( 8588): packagename is android.uid.bluetooth:1002 ,and its permission is false
09-01 14:43:56.657 D/BluetoothUtils( 8588): blockedByLocationOff callingUid=1002
09-01 14:43:56.657 I/BluetoothUtils( 8588): packagename is android.uid.bluetooth:1002 ,and its permission is false
09-01 14:43:56.675 V/bt_stack( 8588): [VERBOSE1:btm_ble_gap.cc(1923)] btm_ble_process_ext_adv_pkt: bda=fd:32:0c:ad:56:d5
09-01 14:43:56.675 V/bt_stack( 8588): [VERBOSE1:btm_ble_gap.cc(1847)] btm_ble_process_adv_addr: bda=fd:32:0c:ad:56:d5
09-01 14:43:56.675 V/bt_stack( 8588): [VERBOSE1:btm_ble_gap.cc(2052)]  Waiting for scan response fd:32:0c:ad:56:d5
09-01 14:43:56.675 V/bt_stack( 8588): [VERBOSE1:btm_ble_gap.cc(1923)] btm_ble_process_ext_adv_pkt: bda=63:53:07:fa:3c:f1
09-01 14:43:56.675 V/bt_stack( 8588): [VERBOSE1:btm_ble_gap.cc(1847)] btm_ble_process_adv_addr: bda=63:53:07:fa:3c:f1
09-01 14:43:56.676 D/BluetoothUtils( 8588): blockedByLocationOff callingUid=1002
09-01 14:43:56.676 I/BluetoothUtils( 8588): packagename is android.uid.bluetooth:1002 ,and its permission is false
09-01 14:43:56.676 D/BluetoothUtils( 8588): blockedByLocationOff callingUid=1002
09-01 14:43:56.677 I/BluetoothUtils( 8588): packagename is android.uid.bluetooth:1002 ,and its permission is false
09-01 14:43:56.677 D/BluetoothUtils( 8588): blockedByLocationOff callingUid=1002
09-01 14:43:56.677 I/BluetoothUtils( 8588): packagename is android.uid.bluetooth:1002 ,and its permission is false
09-01 14:43:56.682 V/bt_stack( 8588): [VERBOSE1:btm_ble_gap.cc(1923)] btm_ble_process_ext_adv_pkt: bda=04:1e:5d:a8:7c:db
09-01 14:43:56.682 V/bt_stack( 8588): [VERBOSE1:btm_ble_gap.cc(1847)] btm_ble_process_adv_addr: bda=04:1e:5d:a8:7c:db
09-01 14:43:56.683 D/BluetoothUtils( 8588): blockedByLocationOff callingUid=1002
09-01 14:43:56.684 I/BluetoothUtils( 8588): packagename is android.uid.bluetooth:1002 ,and its permission is false
09-01 14:43:56.684 D/BluetoothUtils( 8588): blockedByLocationOff callingUid=1002
09-01 14:43:56.684 I/BluetoothUtils( 8588): packagename is android.uid.bluetooth:1002 ,and its permission is false
09-01 14:43:56.684 D/BluetoothUtils( 8588): blockedByLocationOff callingUid=1002
09-01 14:43:56.684 I/BluetoothUtils( 8588): packagename is android.uid.bluetooth:1002 ,and its permission is false
09-01 14:43:56.697 V/bt_stack( 8588): [VERBOSE1:btm_ble_gap.cc(1923)] btm_ble_process_ext_adv_pkt: bda=c3:b2:c9:2f:be:ec
09-01 14:43:56.697 V/bt_stack( 8588): [VERBOSE1:btm_ble_gap.cc(1847)] btm_ble_process_adv_addr: bda=c3:b2:c9:2f:be:ec
09-01 14:43:56.697 V/bt_stack( 8588): [VERBOSE1:btm_ble_gap.cc(2052)]  Waiting for scan response c3:b2:c9:2f:be:ec
09-01 14:43:56.697 V/bt_stack( 8588): [VERBOSE1:btm_ble_gap.cc(1923)] btm_ble_process_ext_adv_pkt: bda=75:55:30:69:5d:bf
09-01 14:43:56.697 V/bt_stack( 8588): [VERBOSE1:btm_ble_gap.cc(1847)] btm_ble_process_adv_addr: bda=75:55:30:69:5d:bf
09-01 14:43:56.697 V/bt_stack( 8588): [VERBOSE1:btm_ble_gap.cc(2052)]  Waiting for scan response 75:55:30:69:5d:bf
09-01 14:43:56.697 V/bt_stack( 8588): [VERBOSE1:btm_ble_gap.cc(1923)] btm_ble_process_ext_adv_pkt: bda=75:55:30:69:5d:bf
09-01 14:43:56.697 V/bt_stack( 8588): [VERBOSE1:btm_ble_gap.cc(1847)] btm_ble_process_adv_addr: bda=75:55:30:69:5d:bf
09-01 14:43:56.698 D/BluetoothUtils( 8588): blockedByLocationOff callingUid=1002
09-01 14:43:56.698 I/BluetoothUtils( 8588): packagename is android.uid.bluetooth:1002 ,and its permission is false
09-01 14:43:56.699 D/BluetoothUtils( 8588): blockedByLocationOff callingUid=1002
09-01 14:43:56.699 I/BluetoothUtils( 8588): packagename is android.uid.bluetooth:1002 ,and its permission is false
09-01 14:43:56.699 D/BluetoothUtils( 8588): blockedByLocationOff callingUid=1002
09-01 14:43:56.699 I/BluetoothUtils( 8588): packagename is android.uid.bluetooth:1002 ,and its permission is false
09-01 14:43:56.702 V/bt_stack( 8588): [VERBOSE1:btm_ble_gap.cc(1923)] btm_ble_process_ext_adv_pkt: bda=c2:3b:1c:22:11:66
09-01 14:43:56.702 V/bt_stack( 8588): [VERBOSE1:btm_ble_gap.cc(1847)] btm_ble_process_adv_addr: bda=c2:3b:1c:22:11:66
09-01 14:43:56.702 V/bt_stack( 8588): [VERBOSE1:btm_ble_gap.cc(2052)]  Waiting for scan response c2:3b:1c:22:11:66
09-01 14:43:56.702 V/bt_stack( 8588): [VERBOSE1:btm_ble_gap.cc(1923)] btm_ble_process_ext_adv_pkt: bda=c2:3b:1c:22:11:66
09-01 14:43:56.702 V/bt_stack( 8588): [VERBOSE1:btm_ble_gap.cc(1847)] btm_ble_process_adv_addr: bda=c2:3b:1c:22:11:66
09-01 14:43:56.704 D/BluetoothUtils( 8588): blockedByLocationOff callingUid=1002
09-01 14:43:56.704 I/BluetoothUtils( 8588): packagename is android.uid.bluetooth:1002 ,and its permission is false
09-01 14:43:56.704 D/BluetoothUtils( 8588): blockedByLocationOff callingUid=1002
09-01 14:43:56.704 I/BluetoothUtils( 8588): packagename is android.uid.bluetooth:1002 ,and its permission is false
09-01 14:43:56.704 D/BluetoothUtils( 8588): blockedByLocationOff callingUid=1002
09-01 14:43:56.705 I/BluetoothUtils( 8588): packagename is android.uid.bluetooth:1002 ,and its permission is false
09-01 14:43:56.707 V/bt_stack( 8588): [VERBOSE1:btm_ble_gap.cc(1923)] btm_ble_process_ext_adv_pkt: bda=66:3e:07:e0:2b:d4
09-01 14:43:56.708 V/bt_stack( 8588): [VERBOSE1:btm_ble_gap.cc(1847)] btm_ble_process_adv_addr: bda=66:3e:07:e0:2b:d4
09-01 14:43:56.708 V/bt_stack( 8588): [VERBOSE1:btm_ble_gap.cc(2052)]  Waiting for scan response 66:3e:07:e0:2b:d4
09-01 14:43:56.708 V/bt_stack( 8588): [VERBOSE1:btm_ble_gap.cc(1923)] btm_ble_process_ext_adv_pkt: bda=66:3e:07:e0:2b:d4
09-01 14:43:56.708 V/bt_stack( 8588): [VERBOSE1:btm_ble_gap.cc(1847)] btm_ble_process_adv_addr: bda=66:3e:07:e0:2b:d4
09-01 14:43:56.708 D/BluetoothUtils( 8588): blockedByLocationOff callingUid=1002
09-01 14:43:56.708 I/BluetoothUtils( 8588): packagename is android.uid.bluetooth:1002 ,and its permission is false
09-01 14:43:56.708 D/BluetoothUtils( 8588): blockedByLocationOff callingUid=1002
09-01 14:43:56.709 I/BluetoothUtils( 8588): packagename is android.uid.bluetooth:1002 ,and its permission is false
09-01 14:43:56.709 D/BluetoothUtils( 8588): blockedByLocationOff callingUid=1002
09-01 14:43:56.709 I/BluetoothUtils( 8588): packagename is android.uid.bluetooth:1002 ,and its permission is false
09-01 14:43:56.714 V/bt_stack( 8588): [VERBOSE1:btm_ble_gap.cc(1923)] btm_ble_process_ext_adv_pkt: bda=ce:e6:81:1e:31:88
09-01 14:43:56.714 V/bt_stack( 8588): [VERBOSE1:btm_ble_gap.cc(1847)] btm_ble_process_adv_addr: bda=ce:e6:81:1e:31:88
09-01 14:43:56.714 V/bt_stack( 8588): [VERBOSE1:btm_ble_gap.cc(2052)]  Waiting for scan response ce:e6:81:1e:31:88
09-01 14:43:56.715 V/bt_stack( 8588): [VERBOSE1:btm_ble_gap.cc(1923)] btm_ble_process_ext_adv_pkt: bda=6c:40:08:bb:80:d3
09-01 14:43:56.715 V/bt_stack( 8588): [VERBOSE1:btm_ble_gap.cc(1847)] btm_ble_process_adv_addr: bda=6c:40:08:bb:80:d3
09-01 14:43:56.715 V/bt_stack( 8588): [VERBOSE1:btm_ble_gap.cc(2052)]  Waiting for scan response 6c:40:08:bb:80:d3
09-01 14:43:56.715 V/bt_stack( 8588): [VERBOSE1:btm_ble_gap.cc(1923)] btm_ble_process_ext_adv_pkt: bda=6c:40:08:bb:80:d3
09-01 14:43:56.715 V/bt_stack( 8588): [VERBOSE1:btm_ble_gap.cc(1847)] btm_ble_process_adv_addr: bda=6c:40:08:bb:80:d3
09-01 14:43:56.715 D/BluetoothUtils( 8588): blockedByLocationOff callingUid=1002
09-01 14:43:56.716 I/BluetoothUtils( 8588): packagename is android.uid.bluetooth:1002 ,and its permission is false
09-01 14:43:56.716 D/BluetoothUtils( 8588): blockedByLocationOff callingUid=1002
09-01 14:43:56.716 I/BluetoothUtils( 8588): packagename is android.uid.bluetooth:1002 ,and its permission is false
09-01 14:43:56.716 D/BluetoothUtils( 8588): blockedByLocationOff callingUid=1002
09-01 14:43:56.716 I/BluetoothUtils( 8588): packagename is android.uid.bluetooth:1002 ,and its permission is false
09-01 14:43:56.721 V/bt_stack( 8588): [VERBOSE1:btm_ble_gap.cc(1923)] btm_ble_process_ext_adv_pkt: bda=35:45:bf:2c:e1:03
09-01 14:43:56.721 V/bt_stack( 8588): [VERBOSE1:btm_ble_gap.cc(1847)] btm_ble_process_adv_addr: bda=35:45:bf:2c:e1:03
09-01 14:43:56.722 D/BluetoothUtils( 8588): blockedByLocationOff callingUid=1002
09-01 14:43:56.723 I/BluetoothUtils( 8588): packagename is android.uid.bluetooth:1002 ,and its permission is false
09-01 14:43:56.723 D/BluetoothUtils( 8588): blockedByLocationOff callingUid=1002
09-01 14:43:56.723 V/bt_stack( 8588): [VERBOSE1:btm_ble_gap.cc(1923)] btm_ble_process_ext_adv_pkt: bda=59:ea:73:03:7b:dc
09-01 14:43:56.723 I/BluetoothUtils( 8588): packagename is android.uid.bluetooth:1002 ,and its permission is false
09-01 14:43:56.723 V/bt_stack( 8588): [VERBOSE1:btm_ble_gap.cc(1847)] btm_ble_process_adv_addr: bda=59:ea:73:03:7b:dc
09-01 14:43:56.723 D/BluetoothUtils( 8588): blockedByLocationOff callingUid=1002
09-01 14:43:56.724 I/BluetoothUtils( 8588): packagename is android.uid.bluetooth:1002 ,and its permission is false
09-01 14:43:56.725 D/BluetoothUtils( 8588): blockedByLocationOff callingUid=1002
09-01 14:43:56.725 I/BluetoothUtils( 8588): packagename is android.uid.bluetooth:1002 ,and its permission is false
09-01 14:43:56.725 D/BluetoothUtils( 8588): blockedByLocationOff callingUid=1002
09-01 14:43:56.725 I/BluetoothUtils( 8588): packagename is android.uid.bluetooth:1002 ,and its permission is false
09-01 14:43:56.725 V/bt_stack( 8588): [VERBOSE1:btm_ble_gap.cc(1923)] btm_ble_process_ext_adv_pkt: bda=dd:ea:7d:df:1e:c3
09-01 14:43:56.725 V/bt_stack( 8588): [VERBOSE1:btm_ble_gap.cc(1847)] btm_ble_process_adv_addr: bda=dd:ea:7d:df:1e:c3
09-01 14:43:56.725 V/bt_stack( 8588): [VERBOSE1:btm_ble_gap.cc(2052)]  Waiting for scan response dd:ea:7d:df:1e:c3
09-01 14:43:56.725 D/BluetoothUtils( 8588): blockedByLocationOff callingUid=1002
09-01 14:43:56.725 V/bt_stack( 8588): [VERBOSE1:btm_ble_gap.cc(1923)] btm_ble_process_ext_adv_pkt: bda=dd:ea:7d:df:1e:c3
09-01 14:43:56.725 V/bt_stack( 8588): [VERBOSE1:btm_ble_gap.cc(1847)] btm_ble_process_adv_addr: bda=dd:ea:7d:df:1e:c3
09-01 14:43:56.726 I/BluetoothUtils( 8588): packagename is android.uid.bluetooth:1002 ,and its permission is false
09-01 14:43:56.726 D/BluetoothUtils( 8588): blockedByLocationOff callingUid=1002
09-01 14:43:56.726 I/BluetoothUtils( 8588): packagename is android.uid.bluetooth:1002 ,and its permission is false
09-01 14:43:56.726 D/BluetoothUtils( 8588): blockedByLocationOff callingUid=1002
09-01 14:43:56.727 I/BluetoothUtils( 8588): packagename is android.uid.bluetooth:1002 ,and its permission is false
09-01 14:43:56.727 D/BluetoothUtils( 8588): blockedByLocationOff callingUid=1002
09-01 14:43:56.727 I/BluetoothUtils( 8588): packagename is android.uid.bluetooth:1002 ,and its permission is false
09-01 14:43:56.729 V/bt_stack( 8588): [VERBOSE1:btm_ble_gap.cc(1923)] btm_ble_process_ext_adv_pkt: bda=33:91:15:08:2a:2b
09-01 14:43:56.729 V/bt_stack( 8588): [VERBOSE1:btm_ble_gap.cc(1847)] btm_ble_process_adv_addr: bda=33:91:15:08:2a:2b
09-01 14:43:56.729 D/BluetoothUtils( 8588): blockedByLocationOff callingUid=1002
09-01 14:43:56.730 I/BluetoothUtils( 8588): packagename is android.uid.bluetooth:1002 ,and its permission is false
09-01 14:43:56.730 D/BluetoothUtils( 8588): blockedByLocationOff callingUid=1002
09-01 14:43:56.730 I/BluetoothUtils( 8588): packagename is android.uid.bluetooth:1002 ,and its permission is false
09-01 14:43:56.730 D/BluetoothUtils( 8588): blockedByLocationOff callingUid=1002
09-01 14:43:56.730 I/BluetoothUtils( 8588): packagename is android.uid.bluetooth:1002 ,and its permission is false
09-01 14:43:56.740 V/bt_stack( 8588): [VERBOSE1:btm_ble_gap.cc(1923)] btm_ble_process_ext_adv_pkt: bda=66:3e:07:e0:2b:d4
09-01 14:43:56.740 V/bt_stack( 8588): [VERBOSE1:btm_ble_gap.cc(1847)] btm_ble_process_adv_addr: bda=66:3e:07:e0:2b:d4
09-01 14:43:56.740 V/bt_stack( 8588): [VERBOSE1:btm_ble_gap.cc(2052)]  Waiting for scan response 66:3e:07:e0:2b:d4
09-01 14:43:56.740 V/bt_stack( 8588): [VERBOSE1:btm_ble_gap.cc(1923)] btm_ble_process_ext_adv_pkt: bda=3c:44:7b:e3:4e:f5
09-01 14:43:56.740 V/bt_stack( 8588): [VERBOSE1:btm_ble_gap.cc(1847)] btm_ble_process_adv_addr: bda=3c:44:7b:e3:4e:f5
09-01 14:43:56.741 D/BluetoothUtils( 8588): blockedByLocationOff callingUid=1002
09-01 14:43:56.742 I/BluetoothUtils( 8588): packagename is android.uid.bluetooth:1002 ,and its permission is false
09-01 14:43:56.742 D/BluetoothUtils( 8588): blockedByLocationOff callingUid=1002
09-01 14:43:56.742 I/BluetoothUtils( 8588): packagename is android.uid.bluetooth:1002 ,and its permission is false
09-01 14:43:56.742 D/BluetoothUtils( 8588): blockedByLocationOff callingUid=1002
09-01 14:43:56.742 I/BluetoothUtils( 8588): packagename is android.uid.bluetooth:1002 ,and its permission is false
09-01 14:43:56.744 V/bt_stack( 8588): [VERBOSE1:btm_ble_gap.cc(1923)] btm_ble_process_ext_adv_pkt: bda=30:31:51:23:9b:e3
09-01 14:43:56.744 V/bt_stack( 8588): [VERBOSE1:btm_ble_gap.cc(1847)] btm_ble_process_adv_addr: bda=30:31:51:23:9b:e3
09-01 14:43:56.745 D/BluetoothUtils( 8588): blockedByLocationOff callingUid=1002
09-01 14:43:56.745 V/bt_stack( 8588): [VERBOSE1:btm_ble_gap.cc(1923)] btm_ble_process_ext_adv_pkt: bda=05:d9:72:f7:0f:69
09-01 14:43:56.745 V/bt_stack( 8588): [VERBOSE1:btm_ble_gap.cc(1847)] btm_ble_process_adv_addr: bda=05:d9:72:f7:0f:69
09-01 14:43:56.745 I/BluetoothUtils( 8588): packagename is android.uid.bluetooth:1002 ,and its permission is false
09-01 14:43:56.745 D/BluetoothUtils( 8588): blockedByLocationOff callingUid=1002
09-01 14:43:56.746 I/BluetoothUtils( 8588): packagename is android.uid.bluetooth:1002 ,and its permission is false
09-01 14:43:56.746 D/BluetoothUtils( 8588): blockedByLocationOff callingUid=1002
09-01 14:43:56.746 I/BluetoothUtils( 8588): packagename is android.uid.bluetooth:1002 ,and its permission is false
09-01 14:43:56.747 D/BluetoothUtils( 8588): blockedByLocationOff callingUid=1002
09-01 14:43:56.747 I/BluetoothUtils( 8588): packagename is android.uid.bluetooth:1002 ,and its permission is false
09-01 14:43:56.747 D/BluetoothUtils( 8588): blockedByLocationOff callingUid=1002
09-01 14:43:56.747 I/BluetoothUtils( 8588): packagename is android.uid.bluetooth:1002 ,and its permission is false
09-01 14:43:56.748 D/BluetoothUtils( 8588): blockedByLocationOff callingUid=1002
09-01 14:43:56.748 I/BluetoothUtils( 8588): packagename is android.uid.bluetooth:1002 ,and its permission is false
09-01 14:43:56.756 V/bt_stack( 8588): [VERBOSE1:btm_ble_gap.cc(1923)] btm_ble_process_ext_adv_pkt: bda=03:d8:93:20:a7:46
09-01 14:43:56.756 V/bt_stack( 8588): [VERBOSE1:btm_ble_gap.cc(1847)] btm_ble_process_adv_addr: bda=03:d8:93:20:a7:46
09-01 14:43:56.757 D/BluetoothUtils( 8588): blockedByLocationOff callingUid=1002
09-01 14:43:56.757 I/BluetoothUtils( 8588): packagename is android.uid.bluetooth:1002 ,and its permission is false
09-01 14:43:56.757 V/bt_stack( 8588): [VERBOSE1:btm_ble_gap.cc(1923)] btm_ble_process_ext_adv_pkt: bda=14:dd:f1:7c:32:85
09-01 14:43:56.757 D/BluetoothUtils( 8588): blockedByLocationOff callingUid=1002
09-01 14:43:56.757 V/bt_stack( 8588): [VERBOSE1:btm_ble_gap.cc(1847)] btm_ble_process_adv_addr: bda=14:dd:f1:7c:32:85
09-01 14:43:56.758 I/BluetoothUtils( 8588): packagename is android.uid.bluetooth:1002 ,and its permission is false
09-01 14:43:56.758 D/BluetoothUtils( 8588): blockedByLocationOff callingUid=1002
09-01 14:43:56.758 I/BluetoothUtils( 8588): packagename is android.uid.bluetooth:1002 ,and its permission is false
09-01 14:43:56.759 D/BluetoothUtils( 8588): blockedByLocationOff callingUid=1002
09-01 14:43:56.759 I/BluetoothUtils( 8588): packagename is android.uid.bluetooth:1002 ,and its permission is false
09-01 14:43:56.759 D/BluetoothUtils( 8588): blockedByLocationOff callingUid=1002
09-01 14:43:56.760 I/BluetoothUtils( 8588): packagename is android.uid.bluetooth:1002 ,and its permission is false
09-01 14:43:56.760 D/BluetoothUtils( 8588): blockedByLocationOff callingUid=1002
09-01 14:43:56.760 I/BluetoothUtils( 8588): packagename is android.uid.bluetooth:1002 ,and its permission is false
09-01 14:43:56.771 V/bt_stack( 8588): [VERBOSE1:btm_ble_gap.cc(1923)] btm_ble_process_ext_adv_pkt: bda=2c:09:3e:94:80:f3
09-01 14:43:56.771 V/bt_stack( 8588): [VERBOSE1:btm_ble_gap.cc(1847)] btm_ble_process_adv_addr: bda=2c:09:3e:94:80:f3
09-01 14:43:56.772 D/BluetoothUtils( 8588): blockedByLocationOff callingUid=1002
09-01 14:43:56.772 I/BluetoothUtils( 8588): packagename is android.uid.bluetooth:1002 ,and its permission is false
09-01 14:43:56.772 D/BluetoothUtils( 8588): blockedByLocationOff callingUid=1002
09-01 14:43:56.772 I/BluetoothUtils( 8588): packagename is android.uid.bluetooth:1002 ,and its permission is false
09-01 14:43:56.773 D/BluetoothUtils( 8588): blockedByLocationOff callingUid=1002
09-01 14:43:56.773 I/BluetoothUtils( 8588): packagename is android.uid.bluetooth:1002 ,and its permission is false
09-01 14:43:56.776 V/bt_stack( 8588): [VERBOSE1:btm_ble_gap.cc(1923)] btm_ble_process_ext_adv_pkt: bda=ef:b7:d5:04:a7:8a
09-01 14:43:56.776 V/bt_stack( 8588): [VERBOSE1:btm_ble_gap.cc(1847)] btm_ble_process_adv_addr: bda=ef:b7:d5:04:a7:8a
09-01 14:43:56.776 V/bt_stack( 8588): [VERBOSE1:btm_ble_gap.cc(2052)]  Waiting for scan response ef:b7:d5:04:a7:8a
09-01 14:43:56.776 V/bt_stack( 8588): [VERBOSE1:btm_ble_gap.cc(1923)] btm_ble_process_ext_adv_pkt: bda=24:36:26:fc:bf:e5
09-01 14:43:56.776 V/bt_stack( 8588): [VERBOSE1:btm_ble_gap.cc(1847)] btm_ble_process_adv_addr: bda=24:36:26:fc:bf:e5
09-01 14:43:56.777 D/BluetoothUtils( 8588): blockedByLocationOff callingUid=1002
09-01 14:43:56.778 I/BluetoothUtils( 8588): packagename is android.uid.bluetooth:1002 ,and its permission is false
09-01 14:43:56.778 D/BluetoothUtils( 8588): blockedByLocationOff callingUid=1002
09-01 14:43:56.778 I/BluetoothUtils( 8588): packagename is android.uid.bluetooth:1002 ,and its permission is false
09-01 14:43:56.778 D/BluetoothUtils( 8588): blockedByLocationOff callingUid=1002
09-01 14:43:56.779 I/BluetoothUtils( 8588): packagename is android.uid.bluetooth:1002 ,and its permission is false
09-01 14:43:56.784 V/bt_stack( 8588): [VERBOSE1:btm_ble_gap.cc(1923)] btm_ble_process_ext_adv_pkt: bda=63:53:07:fa:3c:f1
09-01 14:43:56.785 V/bt_stack( 8588): [VERBOSE1:btm_ble_gap.cc(1847)] btm_ble_process_adv_addr: bda=63:53:07:fa:3c:f1
09-01 14:43:56.785 D/BluetoothUtils( 8588): blockedByLocationOff callingUid=1002
09-01 14:43:56.786 I/BluetoothUtils( 8588): packagename is android.uid.bluetooth:1002 ,and its permission is false
09-01 14:43:56.786 D/BluetoothUtils( 8588): blockedByLocationOff callingUid=1002
09-01 14:43:56.786 I/BluetoothUtils( 8588): packagename is android.uid.bluetooth:1002 ,and its permission is false
09-01 14:43:56.786 D/BluetoothUtils( 8588): blockedByLocationOff callingUid=1002
09-01 14:43:56.786 I/BluetoothUtils( 8588): packagename is android.uid.bluetooth:1002 ,and its permission is false
09-01 14:43:56.796 V/bt_stack( 8588): [VERBOSE1:btm_ble_gap.cc(1923)] btm_ble_process_ext_adv_pkt: bda=56:e4:da:79:d5:88
09-01 14:43:56.796 V/bt_stack( 8588): [VERBOSE1:btm_ble_gap.cc(1847)] btm_ble_process_adv_addr: bda=56:e4:da:79:d5:88
09-01 14:43:56.796 V/bt_stack( 8588): [VERBOSE1:btm_ble_gap.cc(2052)]  Waiting for scan response 56:e4:da:79:d5:88
09-01 14:43:56.801 V/bt_stack( 8588): [VERBOSE1:btm_ble_gap.cc(1923)] btm_ble_process_ext_adv_pkt: bda=77:60:99:3a:74:d9
09-01 14:43:56.801 V/bt_stack( 8588): [VERBOSE1:btm_ble_gap.cc(1847)] btm_ble_process_adv_addr: bda=77:60:99:3a:74:d9
09-01 14:43:56.801 V/bt_stack( 8588): [VERBOSE1:btm_ble_gap.cc(2052)]  Waiting for scan response 77:60:99:3a:74:d9
09-01 14:43:56.818 V/bt_stack( 8588): [VERBOSE1:btm_ble_gap.cc(1923)] btm_ble_process_ext_adv_pkt: bda=66:3e:07:e0:2b:d4
09-01 14:43:56.818 V/bt_stack( 8588): [VERBOSE1:btm_ble_gap.cc(1847)] btm_ble_process_adv_addr: bda=66:3e:07:e0:2b:d4
09-01 14:43:56.818 V/bt_stack( 8588): [VERBOSE1:btm_ble_gap.cc(2052)]  Waiting for scan response 66:3e:07:e0:2b:d4
09-01 14:43:56.819 V/bt_stack( 8588): [VERBOSE1:btm_ble_gap.cc(1923)] btm_ble_process_ext_adv_pkt: bda=df:ec:9c:aa:d3:3f
09-01 14:43:56.820 V/bt_stack( 8588): [VERBOSE1:btm_ble_gap.cc(1847)] btm_ble_process_adv_addr: bda=df:ec:9c:aa:d3:3f
09-01 14:43:56.820 V/bt_stack( 8588): [VERBOSE1:btm_ble_gap.cc(2052)]  Waiting for scan response df:ec:9c:aa:d3:3f
09-01 14:43:56.824 V/bt_stack( 8588): [VERBOSE1:btm_ble_gap.cc(1923)] btm_ble_process_ext_adv_pkt: bda=46:25:ff:ec:21:0b
09-01 14:43:56.824 V/bt_stack( 8588): [VERBOSE1:btm_ble_gap.cc(1847)] btm_ble_process_adv_addr: bda=46:25:ff:ec:21:0b
09-01 14:43:56.824 V/bt_stack( 8588): [VERBOSE1:btm_ble_gap.cc(2052)]  Waiting for scan response 46:25:ff:ec:21:0b
09-01 14:43:56.825 V/bt_stack( 8588): [VERBOSE1:btm_ble_gap.cc(1923)] btm_ble_process_ext_adv_pkt: bda=35:45:bf:2c:e1:03
09-01 14:43:56.825 V/bt_stack( 8588): [VERBOSE1:btm_ble_gap.cc(1847)] btm_ble_process_adv_addr: bda=35:45:bf:2c:e1:03
09-01 14:43:56.825 D/BluetoothUtils( 8588): blockedByLocationOff callingUid=1002
09-01 14:43:56.826 I/BluetoothUtils( 8588): packagename is android.uid.bluetooth:1002 ,and its permission is false
09-01 14:43:56.826 D/BluetoothUtils( 8588): blockedByLocationOff callingUid=1002
09-01 14:43:56.826 I/BluetoothUtils( 8588): packagename is android.uid.bluetooth:1002 ,and its permission is false
09-01 14:43:56.826 D/BluetoothUtils( 8588): blockedByLocationOff callingUid=1002
09-01 14:43:56.826 I/BluetoothUtils( 8588): packagename is android.uid.bluetooth:1002 ,and its permission is false
09-01 14:43:56.844 V/bt_stack( 8588): [VERBOSE1:btm_ble_gap.cc(1923)] btm_ble_process_ext_adv_pkt: bda=3c:44:7b:e3:4e:f5
09-01 14:43:56.844 V/bt_stack( 8588): [VERBOSE1:btm_ble_gap.cc(1847)] btm_ble_process_adv_addr: bda=3c:44:7b:e3:4e:f5
09-01 14:43:56.845 D/BluetoothUtils( 8588): blockedByLocationOff callingUid=1002
09-01 14:43:56.845 I/BluetoothUtils( 8588): packagename is android.uid.bluetooth:1002 ,and its permission is false
09-01 14:43:56.845 D/BluetoothUtils( 8588): blockedByLocationOff callingUid=1002
09-01 14:43:56.845 I/BluetoothUtils( 8588): packagename is android.uid.bluetooth:1002 ,and its permission is false
09-01 14:43:56.845 D/BluetoothUtils( 8588): blockedByLocationOff callingUid=1002
09-01 14:43:56.845 I/BluetoothUtils( 8588): packagename is android.uid.bluetooth:1002 ,and its permission is false
09-01 14:43:56.850 V/bt_stack( 8588): [VERBOSE1:btm_ble_gap.cc(1923)] btm_ble_process_ext_adv_pkt: bda=05:d9:72:f7:0f:69
09-01 14:43:56.850 V/bt_stack( 8588): [VERBOSE1:btm_ble_gap.cc(1847)] btm_ble_process_adv_addr: bda=05:d9:72:f7:0f:69
09-01 14:43:56.850 D/BluetoothUtils( 8588): blockedByLocationOff callingUid=1002
09-01 14:43:56.851 I/BluetoothUtils( 8588): packagename is android.uid.bluetooth:1002 ,and its permission is false
09-01 14:43:56.851 D/BluetoothUtils( 8588): blockedByLocationOff callingUid=1002
09-01 14:43:56.851 I/BluetoothUtils( 8588): packagename is android.uid.bluetooth:1002 ,and its permission is false
09-01 14:43:56.851 D/BluetoothUtils( 8588): blockedByLocationOff callingUid=1002
09-01 14:43:56.851 I/BluetoothUtils( 8588): packagename is android.uid.bluetooth:1002 ,and its permission is false
09-01 14:43:56.851 V/bt_stack( 8588): [VERBOSE1:btm_ble_gap.cc(1923)] btm_ble_process_ext_adv_pkt: bda=70:33:97:a2:2a:78
09-01 14:43:56.851 V/bt_stack( 8588): [VERBOSE1:btm_ble_gap.cc(1847)] btm_ble_process_adv_addr: bda=70:33:97:a2:2a:78
09-01 14:43:56.852 V/bt_stack( 8588): [VERBOSE1:btm_ble_gap.cc(2052)]  Waiting for scan response 70:33:97:a2:2a:78
09-01 14:43:56.852 V/bt_stack( 8588): [VERBOSE1:btm_ble_gap.cc(1923)] btm_ble_process_ext_adv_pkt: bda=70:33:97:a2:2a:78
09-01 14:43:56.852 V/bt_stack( 8588): [VERBOSE1:btm_ble_gap.cc(1847)] btm_ble_process_adv_addr: bda=70:33:97:a2:2a:78
09-01 14:43:56.852 D/BluetoothUtils( 8588): blockedByLocationOff callingUid=1002
09-01 14:43:56.852 I/BluetoothUtils( 8588): packagename is android.uid.bluetooth:1002 ,and its permission is false
09-01 14:43:56.852 D/BluetoothUtils( 8588): blockedByLocationOff callingUid=1002
09-01 14:43:56.853 I/BluetoothUtils( 8588): packagename is android.uid.bluetooth:1002 ,and its permission is false
09-01 14:43:56.853 D/BluetoothUtils( 8588): blockedByLocationOff callingUid=1002
09-01 14:43:56.853 I/BluetoothUtils( 8588): packagename is android.uid.bluetooth:1002 ,and its permission is false
09-01 14:43:56.866 V/bt_stack( 8588): [VERBOSE1:btm_ble_gap.cc(1923)] btm_ble_process_ext_adv_pkt: bda=14:dd:f1:7c:32:85
09-01 14:43:56.866 V/bt_stack( 8588): [VERBOSE1:btm_ble_gap.cc(1847)] btm_ble_process_adv_addr: bda=14:dd:f1:7c:32:85
09-01 14:43:56.867 D/BluetoothUtils( 8588): blockedByLocationOff callingUid=1002
09-01 14:43:56.867 I/BluetoothUtils( 8588): packagename is android.uid.bluetooth:1002 ,and its permission is false
09-01 14:43:56.867 D/BluetoothUtils( 8588): blockedByLocationOff callingUid=1002
09-01 14:43:56.867 I/BluetoothUtils( 8588): packagename is android.uid.bluetooth:1002 ,and its permission is false
09-01 14:43:56.867 D/BluetoothUtils( 8588): blockedByLocationOff callingUid=1002
09-01 14:43:56.868 I/BluetoothUtils( 8588): packagename is android.uid.bluetooth:1002 ,and its permission is false
09-01 14:43:56.873 V/bt_stack( 8588): [VERBOSE1:btm_ble_gap.cc(1923)] btm_ble_process_ext_adv_pkt: bda=2c:09:3e:94:80:f3
09-01 14:43:56.873 V/bt_stack( 8588): [VERBOSE1:btm_ble_gap.cc(1847)] btm_ble_process_adv_addr: bda=2c:09:3e:94:80:f3
09-01 14:43:56.873 D/BluetoothUtils( 8588): blockedByLocationOff callingUid=1002
09-01 14:43:56.874 I/BluetoothUtils( 8588): packagename is android.uid.bluetooth:1002 ,and its permission is false
09-01 14:43:56.874 D/BluetoothUtils( 8588): blockedByLocationOff callingUid=1002
09-01 14:43:56.874 I/BluetoothUtils( 8588): packagename is android.uid.bluetooth:1002 ,and its permission is false
09-01 14:43:56.874 D/BluetoothUtils( 8588): blockedByLocationOff callingUid=1002
09-01 14:43:56.874 I/BluetoothUtils( 8588): packagename is android.uid.bluetooth:1002 ,and its permission is false
09-01 14:43:56.891 V/bt_stack( 8588): [VERBOSE1:btm_ble_gap.cc(1923)] btm_ble_process_ext_adv_pkt: bda=d0:24:10:d7:5b:bc
09-01 14:43:56.891 V/bt_stack( 8588): [VERBOSE1:btm_ble_gap.cc(1847)] btm_ble_process_adv_addr: bda=d0:24:10:d7:5b:bc
09-01 14:43:56.892 V/bt_stack( 8588): [VERBOSE1:btm_ble_gap.cc(2052)]  Waiting for scan response d0:24:10:d7:5b:bc
09-01 14:43:56.892 V/bt_stack( 8588): [VERBOSE1:btm_ble_gap.cc(1923)] btm_ble_process_ext_adv_pkt: bda=44:ca:73:cc:df:42
09-01 14:43:56.892 V/bt_stack( 8588): [VERBOSE1:btm_ble_gap.cc(1847)] btm_ble_process_adv_addr: bda=44:ca:73:cc:df:42
09-01 14:43:56.892 V/bt_stack( 8588): [VERBOSE1:btm_ble_gap.cc(2052)]  Waiting for scan response 44:ca:73:cc:df:42
09-01 14:43:56.892 V/bt_stack( 8588): [VERBOSE1:btm_ble_gap.cc(1923)] btm_ble_process_ext_adv_pkt: bda=44:ca:73:cc:df:42
09-01 14:43:56.892 V/bt_stack( 8588): [VERBOSE1:btm_ble_gap.cc(1847)] btm_ble_process_adv_addr: bda=44:ca:73:cc:df:42
09-01 14:43:56.893 D/BluetoothUtils( 8588): blockedByLocationOff callingUid=1002
09-01 14:43:56.893 I/BluetoothUtils( 8588): packagename is android.uid.bluetooth:1002 ,and its permission is false
09-01 14:43:56.893 D/BluetoothUtils( 8588): blockedByLocationOff callingUid=1002
09-01 14:43:56.893 I/BluetoothUtils( 8588): packagename is android.uid.bluetooth:1002 ,and its permission is false
09-01 14:43:56.893 D/BluetoothUtils( 8588): blockedByLocationOff callingUid=1002
09-01 14:43:56.894 I/BluetoothUtils( 8588): packagename is android.uid.bluetooth:1002 ,and its permission is false
09-01 14:43:56.931 V/bt_stack( 8588): [VERBOSE1:btm_ble_gap.cc(1923)] btm_ble_process_ext_adv_pkt: bda=e3:b2:3e:c1:93:59
09-01 14:43:56.931 V/bt_stack( 8588): [VERBOSE1:btm_ble_gap.cc(1847)] btm_ble_process_adv_addr: bda=e3:b2:3e:c1:93:59
09-01 14:43:56.931 V/bt_stack( 8588): [VERBOSE1:btm_ble_gap.cc(2052)]  Waiting for scan response e3:b2:3e:c1:93:59
09-01 14:43:56.931 V/bt_stack( 8588): [VERBOSE1:btm_ble_gap.cc(1923)] btm_ble_process_ext_adv_pkt: bda=59:ea:73:03:7b:dc
09-01 14:43:56.931 V/bt_stack( 8588): [VERBOSE1:btm_ble_gap.cc(1847)] btm_ble_process_adv_addr: bda=59:ea:73:03:7b:dc
09-01 14:43:56.932 D/BluetoothUtils( 8588): blockedByLocationOff callingUid=1002
09-01 14:43:56.932 I/BluetoothUtils( 8588): packagename is android.uid.bluetooth:1002 ,and its permission is false
