09-01 14:43:57.397 V/bt_stack( 8588): [VERBOSE1:btm_ble_gap.cc(1847)] btm_ble_process_adv_addr: bda=2c:09:3e:94:80:f3
09-01 14:43:57.398 D/BluetoothUtils( 8588): blockedByLocationOff callingUid=1002
09-01 14:43:57.398 I/BluetoothUtils( 8588): packagename is android.uid.bluetooth:1002 ,and its permission is false
09-01 14:43:57.398 D/BluetoothUtils( 8588): blockedByLocationOff callingUid=1002
09-01 14:43:57.398 I/BluetoothUtils( 8588): packagename is android.uid.bluetooth:1002 ,and its permission is false
09-01 14:43:57.398 D/BluetoothUtils( 8588): blockedByLocationOff callingUid=1002
09-01 14:43:57.399 I/BluetoothUtils( 8588): packagename is android.uid.bluetooth:1002 ,and its permission is false
09-01 14:43:57.402 V/bt_stack( 8588): [VERBOSE1:btm_ble_gap.cc(1923)] btm_ble_process_ext_adv_pkt: bda=14:dd:f1:7c:32:85
09-01 14:43:57.402 V/bt_stack( 8588): [VERBOSE1:btm_ble_gap.cc(1847)] btm_ble_process_adv_addr: bda=14:dd:f1:7c:32:85
09-01 14:43:57.402 D/BluetoothUtils( 8588): blockedByLocationOff callingUid=1002
09-01 14:43:57.403 I/BluetoothUtils( 8588): packagename is android.uid.bluetooth:1002 ,and its permission is false
09-01 14:43:57.403 D/BluetoothUtils( 8588): blockedByLocationOff callingUid=1002
09-01 14:43:57.403 I/BluetoothUtils( 8588): packagename is android.uid.bluetooth:1002 ,and its permission is false
09-01 14:43:57.403 D/BluetoothUtils( 8588): blockedByLocationOff callingUid=1002
09-01 14:43:57.403 I/BluetoothUtils( 8588): packagename is android.uid.bluetooth:1002 ,and its permission is false
09-01 14:43:57.415 V/bt_stack( 8588): [VERBOSE1:btm_ble_gap.cc(1923)] btm_ble_process_ext_adv_pkt: bda=44:ca:73:cc:df:42
09-01 14:43:57.415 V/bt_stack( 8588): [VERBOSE1:btm_ble_gap.cc(1847)] btm_ble_process_adv_addr: bda=44:ca:73:cc:df:42
09-01 14:43:57.415 V/bt_stack( 8588): [VERBOSE1:btm_ble_gap.cc(2052)]  Waiting for scan response 44:ca:73:cc:df:42
09-01 14:43:57.415 V/bt_stack( 8588): [VERBOSE1:btm_ble_gap.cc(1923)] btm_ble_process_ext_adv_pkt: bda=44:ca:73:cc:df:42
09-01 14:43:57.416 V/bt_stack( 8588): [VERBOSE1:btm_ble_gap.cc(1847)] btm_ble_process_adv_addr: bda=44:ca:73:cc:df:42
09-01 14:43:57.416 D/BluetoothUtils( 8588): blockedByLocationOff callingUid=1002
09-01 14:43:57.416 I/BluetoothUtils( 8588): packagename is android.uid.bluetooth:1002 ,and its permission is false
09-01 14:43:57.417 D/BluetoothUtils( 8588): blockedByLocationOff callingUid=1002
09-01 14:43:57.417 I/BluetoothUtils( 8588): packagename is android.uid.bluetooth:1002 ,and its permission is false
09-01 14:43:57.417 D/BluetoothUtils( 8588): blockedByLocationOff callingUid=1002
09-01 14:43:57.417 V/bt_stack( 8588): [VERBOSE1:btm_ble_gap.cc(1923)] btm_ble_process_ext_adv_pkt: bda=d3:e3:41:80:f1:8d
09-01 14:43:57.417 V/bt_stack( 8588): [VERBOSE1:btm_ble_gap.cc(1847)] btm_ble_process_adv_addr: bda=d3:e3:41:80:f1:8d
09-01 14:43:57.417 V/bt_stack( 8588): [VERBOSE1:btm_ble_gap.cc(2052)]  Waiting for scan response d3:e3:41:80:f1:8d
09-01 14:43:57.417 I/BluetoothUtils( 8588): packagename is android.uid.bluetooth:1002 ,and its permission is false
09-01 14:43:57.418 V/bt_stack( 8588): [VERBOSE1:btm_ble_gap.cc(1923)] btm_ble_process_ext_adv_pkt: bda=d3:e3:41:80:f1:8d
09-01 14:43:57.418 V/bt_stack( 8588): [VERBOSE1:btm_ble_gap.cc(1847)] btm_ble_process_adv_addr: bda=d3:e3:41:80:f1:8d
09-01 14:43:57.419 D/BluetoothUtils( 8588): blockedByLocationOff callingUid=1002
09-01 14:43:57.419 I/BluetoothUtils( 8588): packagename is android.uid.bluetooth:1002 ,and its permission is false
09-01 14:43:57.419 D/BluetoothUtils( 8588): blockedByLocationOff callingUid=1002
09-01 14:43:57.420 I/BluetoothUtils( 8588): packagename is android.uid.bluetooth:1002 ,and its permission is false
09-01 14:43:57.420 D/BluetoothUtils( 8588): blockedByLocationOff callingUid=1002
09-01 14:43:57.420 V/bt_stack( 8588): [VERBOSE1:btm_ble_gap.cc(1923)] btm_ble_process_ext_adv_pkt: bda=ef:78:8a:8d:25:f2
09-01 14:43:57.420 V/bt_stack( 8588): [VERBOSE1:btm_ble_gap.cc(1847)] btm_ble_process_adv_addr: bda=ef:78:8a:8d:25:f2
09-01 14:43:57.420 V/bt_stack( 8588): [VERBOSE1:btm_ble_gap.cc(2052)]  Waiting for scan response ef:78:8a:8d:25:f2
09-01 14:43:57.420 I/BluetoothUtils( 8588): packagename is android.uid.bluetooth:1002 ,and its permission is false
09-01 14:43:57.420 V/bt_stack( 8588): [VERBOSE1:btm_ble_gap.cc(1923)] btm_ble_process_ext_adv_pkt: bda=ef:78:8a:8d:25:f2
09-01 14:43:57.420 V/bt_stack( 8588): [VERBOSE1:btm_ble_gap.cc(1847)] btm_ble_process_adv_addr: bda=ef:78:8a:8d:25:f2
09-01 14:43:57.421 D/BluetoothUtils( 8588): blockedByLocationOff callingUid=1002
09-01 14:43:57.421 I/BluetoothUtils( 8588): packagename is android.uid.bluetooth:1002 ,and its permission is false
09-01 14:43:57.421 D/BluetoothUtils( 8588): blockedByLocationOff callingUid=1002
09-01 14:43:57.422 I/BluetoothUtils( 8588): packagename is android.uid.bluetooth:1002 ,and its permission is false
09-01 14:43:57.422 D/BluetoothUtils( 8588): blockedByLocationOff callingUid=1002
09-01 14:43:57.422 I/BluetoothUtils( 8588): packagename is android.uid.bluetooth:1002 ,and its permission is false
09-01 14:43:57.428 V/bt_stack( 8588): [VERBOSE1:btm_ble_gap.cc(1923)] btm_ble_process_ext_adv_pkt: bda=ac:29:3a:9a:aa:42
09-01 14:43:57.428 V/bt_stack( 8588): [VERBOSE1:btm_ble_gap.cc(1847)] btm_ble_process_adv_addr: bda=ac:29:3a:9a:aa:42
09-01 14:43:57.428 V/bt_stack( 8588): [VERBOSE1:btm_ble_gap.cc(2052)]  Waiting for scan response ac:29:3a:9a:aa:42
09-01 14:43:57.428 V/bt_stack( 8588): [VERBOSE1:btm_ble_gap.cc(1923)] btm_ble_process_ext_adv_pkt: bda=45:55:7e:66:6f:d0
09-01 14:43:57.428 V/bt_stack( 8588): [VERBOSE1:btm_ble_gap.cc(1847)] btm_ble_process_adv_addr: bda=45:55:7e:66:6f:d0
09-01 14:43:57.429 V/bt_stack( 8588): [VERBOSE1:btm_ble_gap.cc(2052)]  Waiting for scan response 45:55:7e:66:6f:d0
09-01 14:43:57.429 V/bt_stack( 8588): [VERBOSE1:btm_ble_gap.cc(1923)] btm_ble_process_ext_adv_pkt: bda=45:55:7e:66:6f:d0
09-01 14:43:57.429 V/bt_stack( 8588): [VERBOSE1:btm_ble_gap.cc(1847)] btm_ble_process_adv_addr: bda=45:55:7e:66:6f:d0
09-01 14:43:57.429 D/BluetoothUtils( 8588): blockedByLocationOff callingUid=1002
09-01 14:43:57.430 I/BluetoothUtils( 8588): packagename is android.uid.bluetooth:1002 ,and its permission is false
09-01 14:43:57.430 D/BluetoothUtils( 8588): blockedByLocationOff callingUid=1002
09-01 14:43:57.430 I/BluetoothUtils( 8588): packagename is android.uid.bluetooth:1002 ,and its permission is false
09-01 14:43:57.430 D/BluetoothUtils( 8588): blockedByLocationOff callingUid=1002
09-01 14:43:57.430 I/BluetoothUtils( 8588): packagename is android.uid.bluetooth:1002 ,and its permission is false
09-01 14:43:57.434 V/bt_stack( 8588): [VERBOSE1:btm_ble_gap.cc(1923)] btm_ble_process_ext_adv_pkt: bda=c3:d4:f4:e3:11:ec
09-01 14:43:57.435 V/bt_stack( 8588): [VERBOSE1:btm_ble_gap.cc(1847)] btm_ble_process_adv_addr: bda=c3:d4:f4:e3:11:ec
09-01 14:43:57.435 V/bt_stack( 8588): [VERBOSE1:btm_ble_gap.cc(2052)]  Waiting for scan response c3:d4:f4:e3:11:ec
09-01 14:43:57.435 V/bt_stack( 8588): [VERBOSE1:btm_ble_gap.cc(1923)] btm_ble_process_ext_adv_pkt: bda=c3:d4:f4:e3:11:ec
09-01 14:43:57.435 V/bt_stack( 8588): [VERBOSE1:btm_ble_gap.cc(1847)] btm_ble_process_adv_addr: bda=c3:d4:f4:e3:11:ec
09-01 14:43:57.436 D/BluetoothUtils( 8588): blockedByLocationOff callingUid=1002
09-01 14:43:57.436 I/BluetoothUtils( 8588): packagename is android.uid.bluetooth:1002 ,and its permission is false
09-01 14:43:57.437 D/BluetoothUtils( 8588): blockedByLocationOff callingUid=1002
09-01 14:43:57.437 I/BluetoothUtils( 8588): packagename is android.uid.bluetooth:1002 ,and its permission is false
09-01 14:43:57.437 D/BluetoothUtils( 8588): blockedByLocationOff callingUid=1002
09-01 14:43:57.437 I/BluetoothUtils( 8588): packagename is android.uid.bluetooth:1002 ,and its permission is false
09-01 14:43:57.463 V/bt_stack( 8588): [VERBOSE1:btm_ble_gap.cc(1923)] btm_ble_process_ext_adv_pkt: bda=3c:44:7b:e3:4e:f5
09-01 14:43:57.463 V/bt_stack( 8588): [VERBOSE1:btm_ble_gap.cc(1847)] btm_ble_process_adv_addr: bda=3c:44:7b:e3:4e:f5
09-01 14:43:57.464 D/BluetoothUtils( 8588): blockedByLocationOff callingUid=1002
09-01 14:43:57.464 I/BluetoothUtils( 8588): packagename is android.uid.bluetooth:1002 ,and its permission is false
09-01 14:43:57.464 D/BluetoothUtils( 8588): blockedByLocationOff callingUid=1002
09-01 14:43:57.464 I/BluetoothUtils( 8588): packagename is android.uid.bluetooth:1002 ,and its permission is false
09-01 14:43:57.464 D/BluetoothUtils( 8588): blockedByLocationOff callingUid=1002
09-01 14:43:57.464 I/BluetoothUtils( 8588): packagename is android.uid.bluetooth:1002 ,and its permission is false
09-01 14:43:57.467 V/bt_stack( 8588): [VERBOSE1:btm_ble_gap.cc(1923)] btm_ble_process_ext_adv_pkt: bda=33:91:15:08:2a:2b
09-01 14:43:57.467 V/bt_stack( 8588): [VERBOSE1:btm_ble_gap.cc(1847)] btm_ble_process_adv_addr: bda=33:91:15:08:2a:2b
09-01 14:43:57.468 D/BluetoothUtils( 8588): blockedByLocationOff callingUid=1002
09-01 14:43:57.468 I/BluetoothUtils( 8588): packagename is android.uid.bluetooth:1002 ,and its permission is false
09-01 14:43:57.468 D/BluetoothUtils( 8588): blockedByLocationOff callingUid=1002
09-01 14:43:57.468 I/BluetoothUtils( 8588): packagename is android.uid.bluetooth:1002 ,and its permission is false
09-01 14:43:57.468 D/BluetoothUtils( 8588): blockedByLocationOff callingUid=1002
09-01 14:43:57.469 I/BluetoothUtils( 8588): packagename is android.uid.bluetooth:1002 ,and its permission is false
09-01 14:43:57.474 V/bt_stack( 8588): [VERBOSE1:btm_ble_gap.cc(1923)] btm_ble_process_ext_adv_pkt: bda=71:5a:59:d5:91:5c
09-01 14:43:57.474 V/bt_stack( 8588): [VERBOSE1:btm_ble_gap.cc(1847)] btm_ble_process_adv_addr: bda=71:5a:59:d5:91:5c
09-01 14:43:57.474 V/bt_stack( 8588): [VERBOSE1:btm_ble_gap.cc(2052)]  Waiting for scan response 71:5a:59:d5:91:5c
09-01 14:43:57.474 V/bt_stack( 8588): [VERBOSE1:btm_ble_gap.cc(1923)] btm_ble_process_ext_adv_pkt: bda=71:5a:59:d5:91:5c
09-01 14:43:57.474 V/bt_stack( 8588): [VERBOSE1:btm_ble_gap.cc(1847)] btm_ble_process_adv_addr: bda=71:5a:59:d5:91:5c
09-01 14:43:57.475 D/BluetoothUtils( 8588): blockedByLocationOff callingUid=1002
09-01 14:43:57.475 I/BluetoothUtils( 8588): packagename is android.uid.bluetooth:1002 ,and its permission is false
09-01 14:43:57.475 D/BluetoothUtils( 8588): blockedByLocationOff callingUid=1002
09-01 14:43:57.476 I/BluetoothUtils( 8588): packagename is android.uid.bluetooth:1002 ,and its permission is false
09-01 14:43:57.476 D/BluetoothUtils( 8588): blockedByLocationOff callingUid=1002
09-01 14:43:57.476 I/BluetoothUtils( 8588): packagename is android.uid.bluetooth:1002 ,and its permission is false
09-01 14:43:57.493 V/bt_stack( 8588): [VERBOSE1:btm_ble_gap.cc(1923)] btm_ble_process_ext_adv_pkt: bda=03:d8:93:20:a7:46
09-01 14:43:57.493 V/bt_stack( 8588): [VERBOSE1:btm_ble_gap.cc(1847)] btm_ble_process_adv_addr: bda=03:d8:93:20:a7:46
09-01 14:43:57.493 V/bt_stack( 8588): [VERBOSE1:btm_ble_gap.cc(1923)] btm_ble_process_ext_adv_pkt: bda=05:d9:72:f7:0f:69
09-01 14:43:57.493 V/bt_stack( 8588): [VERBOSE1:btm_ble_gap.cc(1847)] btm_ble_process_adv_addr: bda=05:d9:72:f7:0f:69
09-01 14:43:57.494 D/BluetoothUtils( 8588): blockedByLocationOff callingUid=1002
09-01 14:43:57.494 I/BluetoothUtils( 8588): packagename is android.uid.bluetooth:1002 ,and its permission is false
09-01 14:43:57.494 D/BluetoothUtils( 8588): blockedByLocationOff callingUid=1002
09-01 14:43:57.495 I/BluetoothUtils( 8588): packagename is android.uid.bluetooth:1002 ,and its permission is false
09-01 14:43:57.495 D/BluetoothUtils( 8588): blockedByLocationOff callingUid=1002
09-01 14:43:57.495 I/BluetoothUtils( 8588): packagename is android.uid.bluetooth:1002 ,and its permission is false
09-01 14:43:57.495 D/BluetoothUtils( 8588): blockedByLocationOff callingUid=1002
09-01 14:43:57.496 I/BluetoothUtils( 8588): packagename is android.uid.bluetooth:1002 ,and its permission is false
09-01 14:43:57.496 D/BluetoothUtils( 8588): blockedByLocationOff callingUid=1002
09-01 14:43:57.496 I/BluetoothUtils( 8588): packagename is android.uid.bluetooth:1002 ,and its permission is false
09-01 14:43:57.496 D/BluetoothUtils( 8588): blockedByLocationOff callingUid=1002
09-01 14:43:57.496 I/BluetoothUtils( 8588): packagename is android.uid.bluetooth:1002 ,and its permission is false
09-01 14:43:57.501 V/bt_stack( 8588): [VERBOSE1:btm_ble_gap.cc(1923)] btm_ble_process_ext_adv_pkt: bda=2c:09:3e:94:80:f3
09-01 14:43:57.501 V/bt_stack( 8588): [VERBOSE1:btm_ble_gap.cc(1847)] btm_ble_process_adv_addr: bda=2c:09:3e:94:80:f3
09-01 14:43:57.502 D/BluetoothUtils( 8588): blockedByLocationOff callingUid=1002
09-01 14:43:57.502 I/BluetoothUtils( 8588): packagename is android.uid.bluetooth:1002 ,and its permission is false
09-01 14:43:57.502 D/BluetoothUtils( 8588): blockedByLocationOff callingUid=1002
09-01 14:43:57.503 I/BluetoothUtils( 8588): packagename is android.uid.bluetooth:1002 ,and its permission is false
09-01 14:43:57.503 D/BluetoothUtils( 8588): blockedByLocationOff callingUid=1002
09-01 14:43:57.503 I/BluetoothUtils( 8588): packagename is android.uid.bluetooth:1002 ,and its permission is false
09-01 14:43:57.505 V/bt_stack( 8588): [VERBOSE1:btm_ble_gap.cc(1923)] btm_ble_process_ext_adv_pkt: bda=14:dd:f1:7c:32:85
09-01 14:43:57.505 V/bt_stack( 8588): [VERBOSE1:btm_ble_gap.cc(1847)] btm_ble_process_adv_addr: bda=14:dd:f1:7c:32:85
09-01 14:43:57.506 D/BluetoothUtils( 8588): blockedByLocationOff callingUid=1002
09-01 14:43:57.506 I/BluetoothUtils( 8588): packagename is android.uid.bluetooth:1002 ,and its permission is false
09-01 14:43:57.506 D/BluetoothUtils( 8588): blockedByLocationOff callingUid=1002
09-01 14:43:57.507 I/BluetoothUtils( 8588): packagename is android.uid.bluetooth:1002 ,and its permission is false
09-01 14:43:57.507 D/BluetoothUtils( 8588): blockedByLocationOff callingUid=1002
09-01 14:43:57.507 I/BluetoothUtils( 8588): packagename is android.uid.bluetooth:1002 ,and its permission is false
09-01 14:43:57.507 V/bt_stack( 8588): [VERBOSE1:btm_ble_gap.cc(1923)] btm_ble_process_ext_adv_pkt: bda=63:53:07:fa:3c:f1
09-01 14:43:57.507 V/bt_stack( 8588): [VERBOSE1:btm_ble_gap.cc(1847)] btm_ble_process_adv_addr: bda=63:53:07:fa:3c:f1
09-01 14:43:57.508 D/BluetoothUtils( 8588): blockedByLocationOff callingUid=1002
09-01 14:43:57.508 I/BluetoothUtils( 8588): packagename is android.uid.bluetooth:1002 ,and its permission is false
09-01 14:43:57.508 D/BluetoothUtils( 8588): blockedByLocationOff callingUid=1002
09-01 14:43:57.508 I/BluetoothUtils( 8588): packagename is android.uid.bluetooth:1002 ,and its permission is false
09-01 14:43:57.508 D/BluetoothUtils( 8588): blockedByLocationOff callingUid=1002
09-01 14:43:57.509 I/BluetoothUtils( 8588): packagename is android.uid.bluetooth:1002 ,and its permission is false
09-01 14:43:57.509 V/bt_stack( 8588): [VERBOSE1:btm_ble_gap.cc(1923)] btm_ble_process_ext_adv_pkt: bda=59:5f:ac:32:e1:b7
09-01 14:43:57.509 V/bt_stack( 8588): [VERBOSE1:btm_ble_gap.cc(1847)] btm_ble_process_adv_addr: bda=59:5f:ac:32:e1:b7
09-01 14:43:57.509 V/bt_stack( 8588): [VERBOSE1:btm_ble_gap.cc(2052)]  Waiting for scan response 59:5f:ac:32:e1:b7
09-01 14:43:57.510 V/bt_stack( 8588): [VERBOSE1:btm_ble_gap.cc(1923)] btm_ble_process_ext_adv_pkt: bda=59:5f:ac:32:e1:b7
09-01 14:43:57.510 V/bt_stack( 8588): [VERBOSE1:btm_ble_gap.cc(1847)] btm_ble_process_adv_addr: bda=59:5f:ac:32:e1:b7
09-01 14:43:57.510 D/BluetoothUtils( 8588): blockedByLocationOff callingUid=1002
09-01 14:43:57.511 I/BluetoothUtils( 8588): packagename is android.uid.bluetooth:1002 ,and its permission is false
09-01 14:43:57.511 D/BluetoothUtils( 8588): blockedByLocationOff callingUid=1002
09-01 14:43:57.511 I/BluetoothUtils( 8588): packagename is android.uid.bluetooth:1002 ,and its permission is false
09-01 14:43:57.511 D/BluetoothUtils( 8588): blockedByLocationOff callingUid=1002
09-01 14:43:57.511 I/BluetoothUtils( 8588): packagename is android.uid.bluetooth:1002 ,and its permission is false
09-01 14:43:57.540 V/bt_stack( 8588): [VERBOSE1:btm_ble_gap.cc(1923)] btm_ble_process_ext_adv_pkt: bda=66:3e:07:e0:2b:d4
09-01 14:43:57.541 V/bt_stack( 8588): [VERBOSE1:btm_ble_gap.cc(1847)] btm_ble_process_adv_addr: bda=66:3e:07:e0:2b:d4
09-01 14:43:57.541 V/bt_stack( 8588): [VERBOSE1:btm_ble_gap.cc(2052)]  Waiting for scan response 66:3e:07:e0:2b:d4
09-01 14:43:57.541 I/MiuiNetworkPolicy( 1639): bandwidth: 0 KB/s, Max bandwidth: 3727 KB/s
09-01 14:43:57.543 V/bt_stack( 8588): [VERBOSE1:btm_ble_gap.cc(1923)] btm_ble_process_ext_adv_pkt: bda=56:e4:da:79:d5:88
09-01 14:43:57.543 V/bt_stack( 8588): [VERBOSE1:btm_ble_gap.cc(1847)] btm_ble_process_adv_addr: bda=56:e4:da:79:d5:88
09-01 14:43:57.543 V/bt_stack( 8588): [VERBOSE1:btm_ble_gap.cc(2052)]  Waiting for scan response 56:e4:da:79:d5:88
09-01 14:43:57.543 V/bt_stack( 8588): [VERBOSE1:btm_ble_gap.cc(1923)] btm_ble_process_ext_adv_pkt: bda=56:e4:da:79:d5:88
09-01 14:43:57.543 V/bt_stack( 8588): [VERBOSE1:btm_ble_gap.cc(1847)] btm_ble_process_adv_addr: bda=56:e4:da:79:d5:88
09-01 14:43:57.544 D/BluetoothUtils( 8588): blockedByLocationOff callingUid=1002
09-01 14:43:57.544 I/BluetoothUtils( 8588): packagename is android.uid.bluetooth:1002 ,and its permission is false
09-01 14:43:57.544 D/BluetoothUtils( 8588): blockedByLocationOff callingUid=1002
09-01 14:43:57.544 V/bt_stack( 8588): [VERBOSE1:btm_ble_gap.cc(1923)] btm_ble_process_ext_adv_pkt: bda=35:bb:f1:f5:55:dd
09-01 14:43:57.544 V/bt_stack( 8588): [VERBOSE1:btm_ble_gap.cc(1847)] btm_ble_process_adv_addr: bda=35:bb:f1:f5:55:dd
09-01 14:43:57.544 I/BluetoothUtils( 8588): packagename is android.uid.bluetooth:1002 ,and its permission is false
09-01 14:43:57.545 D/BluetoothUtils( 8588): blockedByLocationOff callingUid=1002
09-01 14:43:57.545 I/BluetoothUtils( 8588): packagename is android.uid.bluetooth:1002 ,and its permission is false
09-01 14:43:57.545 D/BluetoothUtils( 8588): blockedByLocationOff callingUid=1002
09-01 14:43:57.546 I/BluetoothUtils( 8588): packagename is android.uid.bluetooth:1002 ,and its permission is false
09-01 14:43:57.546 D/BluetoothUtils( 8588): blockedByLocationOff callingUid=1002
09-01 14:43:57.546 I/BluetoothUtils( 8588): packagename is android.uid.bluetooth:1002 ,and its permission is false
09-01 14:43:57.546 D/BluetoothUtils( 8588): blockedByLocationOff callingUid=1002
09-01 14:43:57.546 I/BluetoothUtils( 8588): packagename is android.uid.bluetooth:1002 ,and its permission is false
09-01 14:43:57.552 V/bt_stack( 8588): [VERBOSE1:btm_ble_gap.cc(1923)] btm_ble_process_ext_adv_pkt: bda=0e:10:bb:c2:00:89
09-01 14:43:57.552 V/bt_stack( 8588): [VERBOSE1:btm_ble_gap.cc(1847)] btm_ble_process_adv_addr: bda=0e:10:bb:c2:00:89
09-01 14:43:57.552 D/BluetoothUtils( 8588): blockedByLocationOff callingUid=1002
09-01 14:43:57.553 I/BluetoothUtils( 8588): packagename is android.uid.bluetooth:1002 ,and its permission is false
09-01 14:43:57.553 D/BluetoothUtils( 8588): blockedByLocationOff callingUid=1002
09-01 14:43:57.553 I/BluetoothUtils( 8588): packagename is android.uid.bluetooth:1002 ,and its permission is false
09-01 14:43:57.553 D/BluetoothUtils( 8588): blockedByLocationOff callingUid=1002
09-01 14:43:57.553 I/BluetoothUtils( 8588): packagename is android.uid.bluetooth:1002 ,and its permission is false
09-01 14:43:57.568 V/bt_stack( 8588): [VERBOSE1:btm_ble_gap.cc(1923)] btm_ble_process_ext_adv_pkt: bda=3c:44:7b:e3:4e:f5
09-01 14:43:57.568 V/bt_stack( 8588): [VERBOSE1:btm_ble_gap.cc(1847)] btm_ble_process_adv_addr: bda=3c:44:7b:e3:4e:f5
09-01 14:43:57.569 D/BluetoothUtils( 8588): blockedByLocationOff callingUid=1002
09-01 14:43:57.569 I/BluetoothUtils( 8588): packagename is android.uid.bluetooth:1002 ,and its permission is false
09-01 14:43:57.570 D/BluetoothUtils( 8588): blockedByLocationOff callingUid=1002
09-01 14:43:57.570 I/BluetoothUtils( 8588): packagename is android.uid.bluetooth:1002 ,and its permission is false
09-01 14:43:57.570 D/BluetoothUtils( 8588): blockedByLocationOff callingUid=1002
09-01 14:43:57.570 I/BluetoothUtils( 8588): packagename is android.uid.bluetooth:1002 ,and its permission is false
09-01 14:43:57.575 V/bt_stack( 8588): [VERBOSE1:btm_ble_gap.cc(1923)] btm_ble_process_ext_adv_pkt: bda=33:91:15:08:2a:2b
09-01 14:43:57.575 V/bt_stack( 8588): [VERBOSE1:btm_ble_gap.cc(1847)] btm_ble_process_adv_addr: bda=33:91:15:08:2a:2b
09-01 14:43:57.576 D/BluetoothUtils( 8588): blockedByLocationOff callingUid=1002
09-01 14:43:57.576 I/BluetoothUtils( 8588): packagename is android.uid.bluetooth:1002 ,and its permission is false
09-01 14:43:57.576 D/BluetoothUtils( 8588): blockedByLocationOff callingUid=1002
09-01 14:43:57.577 I/BluetoothUtils( 8588): packagename is android.uid.bluetooth:1002 ,and its permission is false
09-01 14:43:57.577 D/BluetoothUtils( 8588): blockedByLocationOff callingUid=1002
09-01 14:43:57.577 I/BluetoothUtils( 8588): packagename is android.uid.bluetooth:1002 ,and its permission is false
09-01 14:43:57.596 V/bt_stack( 8588): [VERBOSE1:btm_ble_gap.cc(1923)] btm_ble_process_ext_adv_pkt: bda=dd:ea:7d:df:1e:c3
09-01 14:43:57.596 V/bt_stack( 8588): [VERBOSE1:btm_ble_gap.cc(1847)] btm_ble_process_adv_addr: bda=dd:ea:7d:df:1e:c3
09-01 14:43:57.596 V/bt_stack( 8588): [VERBOSE1:btm_ble_gap.cc(2052)]  Waiting for scan response dd:ea:7d:df:1e:c3
09-01 14:43:57.597 V/bt_stack( 8588): [VERBOSE1:btm_ble_gap.cc(1923)] btm_ble_process_ext_adv_pkt: bda=03:d8:93:20:a7:46
09-01 14:43:57.597 V/bt_stack( 8588): [VERBOSE1:btm_ble_gap.cc(1847)] btm_ble_process_adv_addr: bda=03:d8:93:20:a7:46
09-01 14:43:57.598 D/BluetoothUtils( 8588): blockedByLocationOff callingUid=1002
09-01 14:43:57.599 I/BluetoothUtils( 8588): packagename is android.uid.bluetooth:1002 ,and its permission is false
09-01 14:43:57.599 D/BluetoothUtils( 8588): blockedByLocationOff callingUid=1002
09-01 14:43:57.599 I/BluetoothUtils( 8588): packagename is android.uid.bluetooth:1002 ,and its permission is false
09-01 14:43:57.599 D/BluetoothUtils( 8588): blockedByLocationOff callingUid=1002
09-01 14:43:57.599 I/BluetoothUtils( 8588): packagename is android.uid.bluetooth:1002 ,and its permission is false
09-01 14:43:57.606 V/bt_stack( 8588): [VERBOSE1:btm_ble_gap.cc(1923)] btm_ble_process_ext_adv_pkt: bda=14:dd:f1:7c:32:85
09-01 14:43:57.606 V/bt_stack( 8588): [VERBOSE1:btm_ble_gap.cc(1847)] btm_ble_process_adv_addr: bda=14:dd:f1:7c:32:85
09-01 14:43:57.607 D/BluetoothUtils( 8588): blockedByLocationOff callingUid=1002
09-01 14:43:57.608 I/BluetoothUtils( 8588): packagename is android.uid.bluetooth:1002 ,and its permission is false
09-01 14:43:57.608 D/BluetoothUtils( 8588): blockedByLocationOff callingUid=1002
09-01 14:43:57.608 I/BluetoothUtils( 8588): packagename is android.uid.bluetooth:1002 ,and its permission is false
09-01 14:43:57.608 D/BluetoothUtils( 8588): blockedByLocationOff callingUid=1002
09-01 14:43:57.609 I/BluetoothUtils( 8588): packagename is android.uid.bluetooth:1002 ,and its permission is false
09-01 14:43:57.612 V/bt_stack( 8588): [VERBOSE1:btm_ble_gap.cc(1923)] btm_ble_process_ext_adv_pkt: bda=63:53:07:fa:3c:f1
09-01 14:43:57.612 V/bt_stack( 8588): [VERBOSE1:btm_ble_gap.cc(1847)] btm_ble_process_adv_addr: bda=63:53:07:fa:3c:f1
09-01 14:43:57.614 D/BluetoothUtils( 8588): blockedByLocationOff callingUid=1002
09-01 14:43:57.614 I/BluetoothUtils( 8588): packagename is android.uid.bluetooth:1002 ,and its permission is false
09-01 14:43:57.614 D/BluetoothUtils( 8588): blockedByLocationOff callingUid=1002
09-01 14:43:57.614 I/BluetoothUtils( 8588): packagename is android.uid.bluetooth:1002 ,and its permission is false
09-01 14:43:57.615 D/BluetoothUtils( 8588): blockedByLocationOff callingUid=1002
09-01 14:43:57.615 I/BluetoothUtils( 8588): packagename is android.uid.bluetooth:1002 ,and its permission is false
09-01 14:43:57.651 I/vendor.qti.bluetooth@1.0-ibs_handler(19843): ProcessIbsCmd: Received IBS_SLEEP_IND: 0xFE
09-01 14:43:57.651 D/vendor.qti.bluetooth@1.0-ibs_handler(19843): SerialClockVote: vote for UART CLK OFF
09-01 14:43:57.657 I/vendor.qti.bluetooth@1.0-ibs_handler(19843): ProcessIbsCmd: Received IBS_WAKE_IND: 0xFD
09-01 14:43:57.657 D/vendor.qti.bluetooth@1.0-ibs_handler(19843): SerialClockVote: vote for UART CLK ON
09-01 14:43:57.657 I/vendor.qti.bluetooth@1.0-ibs_handler(19843): ProcessIbsCmd: Writing IBS_WAKE_ACK
09-01 14:43:57.658 V/bt_stack( 8588): [VERBOSE1:btm_ble_gap.cc(1923)] btm_ble_process_ext_adv_pkt: bda=00:35:64:83:a4:98
09-01 14:43:57.658 V/bt_stack( 8588): [VERBOSE1:btm_ble_gap.cc(1847)] btm_ble_process_adv_addr: bda=00:35:64:83:a4:98
09-01 14:43:57.660 D/BluetoothUtils( 8588): blockedByLocationOff callingUid=1002
09-01 14:43:57.661 I/BluetoothUtils( 8588): packagename is android.uid.bluetooth:1002 ,and its permission is false
09-01 14:43:57.661 D/BluetoothUtils( 8588): blockedByLocationOff callingUid=1002
09-01 14:43:57.661 I/BluetoothUtils( 8588): packagename is android.uid.bluetooth:1002 ,and its permission is false
09-01 14:43:57.661 D/BluetoothUtils( 8588): blockedByLocationOff callingUid=1002
09-01 14:43:57.662 I/BluetoothUtils( 8588): packagename is android.uid.bluetooth:1002 ,and its permission is false
09-01 14:43:57.670 V/bt_stack( 8588): [VERBOSE1:btm_ble_gap.cc(1923)] btm_ble_process_ext_adv_pkt: bda=59:ea:73:03:7b:dc
09-01 14:43:57.670 V/bt_stack( 8588): [VERBOSE1:btm_ble_gap.cc(1847)] btm_ble_process_adv_addr: bda=59:ea:73:03:7b:dc
09-01 14:43:57.672 V/bt_stack( 8588): [VERBOSE1:btm_ble_gap.cc(1923)] btm_ble_process_ext_adv_pkt: bda=d6:ee:f4:b5:a7:9a
09-01 14:43:57.672 D/BluetoothUtils( 8588): blockedByLocationOff callingUid=1002
09-01 14:43:57.672 V/bt_stack( 8588): [VERBOSE1:btm_ble_gap.cc(1847)] btm_ble_process_adv_addr: bda=d6:ee:f4:b5:a7:9a
09-01 14:43:57.672 V/bt_stack( 8588): [VERBOSE1:btm_ble_gap.cc(2052)]  Waiting for scan response d6:ee:f4:b5:a7:9a
09-01 14:43:57.672 I/BluetoothUtils( 8588): packagename is android.uid.bluetooth:1002 ,and its permission is false
09-01 14:43:57.672 D/BluetoothUtils( 8588): blockedByLocationOff callingUid=1002
09-01 14:43:57.672 I/BluetoothUtils( 8588): packagename is android.uid.bluetooth:1002 ,and its permission is false
09-01 14:43:57.672 D/BluetoothUtils( 8588): blockedByLocationOff callingUid=1002
09-01 14:43:57.673 I/BluetoothUtils( 8588): packagename is android.uid.bluetooth:1002 ,and its permission is false
09-01 14:43:57.673 V/bt_stack( 8588): [VERBOSE1:btm_ble_gap.cc(1923)] btm_ble_process_ext_adv_pkt: bda=d6:ee:f4:b5:a7:9a
09-01 14:43:57.673 V/bt_stack( 8588): [VERBOSE1:btm_ble_gap.cc(1847)] btm_ble_process_adv_addr: bda=d6:ee:f4:b5:a7:9a
09-01 14:43:57.673 V/bt_stack( 8588): [VERBOSE1:btm_ble_gap.cc(1923)] btm_ble_process_ext_adv_pkt: bda=3c:44:7b:e3:4e:f5
09-01 14:43:57.673 V/bt_stack( 8588): [VERBOSE1:btm_ble_gap.cc(1847)] btm_ble_process_adv_addr: bda=3c:44:7b:e3:4e:f5
09-01 14:43:57.676 D/BluetoothUtils( 8588): blockedByLocationOff callingUid=1002
09-01 14:43:57.676 I/BluetoothUtils( 8588): packagename is android.uid.bluetooth:1002 ,and its permission is false
09-01 14:43:57.676 D/BluetoothUtils( 8588): blockedByLocationOff callingUid=1002
09-01 14:43:57.676 I/BluetoothUtils( 8588): packagename is android.uid.bluetooth:1002 ,and its permission is false
09-01 14:43:57.677 D/BluetoothUtils( 8588): blockedByLocationOff callingUid=1002
09-01 14:43:57.677 I/BluetoothUtils( 8588): packagename is android.uid.bluetooth:1002 ,and its permission is false
09-01 14:43:57.678 D/BluetoothUtils( 8588): blockedByLocationOff callingUid=1002
09-01 14:43:57.678 I/BluetoothUtils( 8588): packagename is android.uid.bluetooth:1002 ,and its permission is false
09-01 14:43:57.678 D/BluetoothUtils( 8588): blockedByLocationOff callingUid=1002
09-01 14:43:57.678 I/BluetoothUtils( 8588): packagename is android.uid.bluetooth:1002 ,and its permission is false
09-01 14:43:57.679 D/BluetoothUtils( 8588): blockedByLocationOff callingUid=1002
09-01 14:43:57.679 I/BluetoothUtils( 8588): packagename is android.uid.bluetooth:1002 ,and its permission is false
09-01 14:43:57.681 V/bt_stack( 8588): [VERBOSE1:btm_ble_gap.cc(1923)] btm_ble_process_ext_adv_pkt: bda=db:10:f5:c4:2c:b0
09-01 14:43:57.681 V/bt_stack( 8588): [VERBOSE1:btm_ble_gap.cc(1847)] btm_ble_process_adv_addr: bda=db:10:f5:c4:2c:b0
09-01 14:43:57.681 V/bt_stack( 8588): [VERBOSE1:btm_ble_gap.cc(2052)]  Waiting for scan response db:10:f5:c4:2c:b0
09-01 14:43:57.681 V/bt_stack( 8588): [VERBOSE1:btm_ble_gap.cc(1923)] btm_ble_process_ext_adv_pkt: bda=33:91:15:08:2a:2b
09-01 14:43:57.681 V/bt_stack( 8588): [VERBOSE1:btm_ble_gap.cc(1847)] btm_ble_process_adv_addr: bda=33:91:15:08:2a:2b
09-01 14:43:57.682 D/BluetoothUtils( 8588): blockedByLocationOff callingUid=1002
09-01 14:43:57.682 I/BluetoothUtils( 8588): packagename is android.uid.bluetooth:1002 ,and its permission is false
09-01 14:43:57.683 D/BluetoothUtils( 8588): blockedByLocationOff callingUid=1002
09-01 14:43:57.683 I/BluetoothUtils( 8588): packagename is android.uid.bluetooth:1002 ,and its permission is false
09-01 14:43:57.683 D/BluetoothUtils( 8588): blockedByLocationOff callingUid=1002
09-01 14:43:57.683 I/BluetoothUtils( 8588): packagename is android.uid.bluetooth:1002 ,and its permission is false
09-01 14:43:57.691 V/bt_stack( 8588): [VERBOSE1:btm_ble_gap.cc(1923)] btm_ble_process_ext_adv_pkt: bda=44:ca:73:cc:df:42
09-01 14:43:57.691 V/bt_stack( 8588): [VERBOSE1:btm_ble_gap.cc(1847)] btm_ble_process_adv_addr: bda=44:ca:73:cc:df:42
09-01 14:43:57.691 V/bt_stack( 8588): [VERBOSE1:btm_ble_gap.cc(2052)]  Waiting for scan response 44:ca:73:cc:df:42
09-01 14:43:57.691 V/bt_stack( 8588): [VERBOSE1:btm_ble_gap.cc(1923)] btm_ble_process_ext_adv_pkt: bda=44:ca:73:cc:df:42
09-01 14:43:57.691 V/bt_stack( 8588): [VERBOSE1:btm_ble_gap.cc(1847)] btm_ble_process_adv_addr: bda=44:ca:73:cc:df:42
09-01 14:43:57.693 D/BluetoothUtils( 8588): blockedByLocationOff callingUid=1002
09-01 14:43:57.693 I/BluetoothUtils( 8588): packagename is android.uid.bluetooth:1002 ,and its permission is false
09-01 14:43:57.693 D/BluetoothUtils( 8588): blockedByLocationOff callingUid=1002
09-01 14:43:57.694 I/BluetoothUtils( 8588): packagename is android.uid.bluetooth:1002 ,and its permission is false
09-01 14:43:57.694 D/BluetoothUtils( 8588): blockedByLocationOff callingUid=1002
09-01 14:43:57.694 I/BluetoothUtils( 8588): packagename is android.uid.bluetooth:1002 ,and its permission is false
09-01 14:43:57.697 V/bt_stack( 8588): [VERBOSE1:btm_ble_gap.cc(1923)] btm_ble_process_ext_adv_pkt: bda=ef:c7:41:c6:68:90
09-01 14:43:57.697 V/bt_stack( 8588): [VERBOSE1:btm_ble_gap.cc(1847)] btm_ble_process_adv_addr: bda=ef:c7:41:c6:68:90
09-01 14:43:57.697 V/bt_stack( 8588): [VERBOSE1:btm_ble_gap.cc(2052)]  Waiting for scan response ef:c7:41:c6:68:90
09-01 14:43:57.697 V/bt_stack( 8588): [VERBOSE1:btm_ble_gap.cc(1923)] btm_ble_process_ext_adv_pkt: bda=ef:c7:41:c6:68:90
09-01 14:43:57.697 V/bt_stack( 8588): [VERBOSE1:btm_ble_gap.cc(1847)] btm_ble_process_adv_addr: bda=ef:c7:41:c6:68:90
09-01 14:43:57.699 D/BluetoothUtils( 8588): blockedByLocationOff callingUid=1002
09-01 14:43:57.699 I/BluetoothUtils( 8588): packagename is android.uid.bluetooth:1002 ,and its permission is false
09-01 14:43:57.699 D/BluetoothUtils( 8588): blockedByLocationOff callingUid=1002
09-01 14:43:57.700 I/BluetoothUtils( 8588): packagename is android.uid.bluetooth:1002 ,and its permission is false
09-01 14:43:57.700 D/BluetoothUtils( 8588): blockedByLocationOff callingUid=1002
09-01 14:43:57.700 I/BluetoothUtils( 8588): packagename is android.uid.bluetooth:1002 ,and its permission is false
09-01 14:43:57.704 V/bt_stack( 8588): [VERBOSE1:btm_ble_gap.cc(1923)] btm_ble_process_ext_adv_pkt: bda=03:d8:93:20:a7:46
09-01 14:43:57.704 V/bt_stack( 8588): [VERBOSE1:btm_ble_gap.cc(1847)] btm_ble_process_adv_addr: bda=03:d8:93:20:a7:46
09-01 14:43:57.705 D/BluetoothUtils( 8588): blockedByLocationOff callingUid=1002
09-01 14:43:57.705 I/BluetoothUtils( 8588): packagename is android.uid.bluetooth:1002 ,and its permission is false
09-01 14:43:57.706 D/BluetoothUtils( 8588): blockedByLocationOff callingUid=1002
09-01 14:43:57.706 I/BluetoothUtils( 8588): packagename is android.uid.bluetooth:1002 ,and its permission is false
09-01 14:43:57.706 D/BluetoothUtils( 8588): blockedByLocationOff callingUid=1002
09-01 14:43:57.706 I/BluetoothUtils( 8588): packagename is android.uid.bluetooth:1002 ,and its permission is false
09-01 14:43:57.708 V/bt_stack( 8588): [VERBOSE1:btm_ble_gap.cc(1923)] btm_ble_process_ext_adv_pkt: bda=2c:09:3e:94:80:f3
09-01 14:43:57.708 V/bt_stack( 8588): [VERBOSE1:btm_ble_gap.cc(1847)] btm_ble_process_adv_addr: bda=2c:09:3e:94:80:f3
09-01 14:43:57.709 D/BluetoothUtils( 8588): blockedByLocationOff callingUid=1002
09-01 14:43:57.710 I/BluetoothUtils( 8588): packagename is android.uid.bluetooth:1002 ,and its permission is false
09-01 14:43:57.710 D/BluetoothUtils( 8588): blockedByLocationOff callingUid=1002
09-01 14:43:57.710 I/BluetoothUtils( 8588): packagename is android.uid.bluetooth:1002 ,and its permission is false
09-01 14:43:57.710 D/BluetoothUtils( 8588): blockedByLocationOff callingUid=1002
09-01 14:43:57.711 I/BluetoothUtils( 8588): packagename is android.uid.bluetooth:1002 ,and its permission is false
09-01 14:43:57.723 I/Timeline( 1639): Timeline: Activity_windows_visible id: ActivityRecord{4882ff2 u0 com.xiaomi.hm.health/.ui.information.DetailInfoActivity t491} time:212203740
09-01 14:43:57.724 I/Timeline( 1639): Timeline: App_transition_stopped time:212203741
09-01 14:43:57.725 D/EventBus(29730): [29730, u0] send(AppTransitionFinishedEvent)
09-01 14:43:57.725 D/EventBus(29730): [29730, u0]  -> ForcedResizableInfoActivityController [0xc4c1163, P1] onBusEvent(AppTransitionFinishedEvent)
09-01 14:43:57.725 D/EventBus(29730): [29730, u0] onBusEvent(AppTransitionFinishedEvent) duration: 26 microseconds, avg: 36
09-01 14:43:57.726 D/EventBus(29730): [29730, u0] send(AppTransitionFinishedEvent)
09-01 14:43:57.726 D/EventBus(29730): [29730, u0]  -> ForcedResizableInfoActivityController [0xc4c1163, P1] onBusEvent(AppTransitionFinishedEvent)
09-01 14:43:57.726 D/EventBus(29730): [29730, u0] onBusEvent(AppTransitionFinishedEvent) duration: 12 microseconds, avg: 36
09-01 14:43:57.726 I//system/vendor/bin/mi_thermald( 1070): thermal_cpu_set_level: set cpu freq of cpu7 to 2016000
09-01 14:43:57.726 I//system/vendor/bin/mi_thermald( 1070): thermal_cpu_set_level: set cpu freq of cpu4 to 2016000
09-01 14:43:57.727 I/SplashScreenServiceDelegate( 1639): None for com.xiaomi.hm.health
09-01 14:43:57.731 V/bt_stack( 8588): [VERBOSE1:btm_ble_gap.cc(1923)] btm_ble_process_ext_adv_pkt: bda=56:e4:da:79:d5:88
09-01 14:43:57.731 V/bt_stack( 8588): [VERBOSE1:btm_ble_gap.cc(1847)] btm_ble_process_adv_addr: bda=56:e4:da:79:d5:88
09-01 14:43:57.731 V/bt_stack( 8588): [VERBOSE1:btm_ble_gap.cc(2052)]  Waiting for scan response 56:e4:da:79:d5:88
09-01 14:43:57.731 V/bt_stack( 8588): [VERBOSE1:btm_ble_gap.cc(1923)] btm_ble_process_ext_adv_pkt: bda=56:e4:da:79:d5:88
09-01 14:43:57.731 V/bt_stack( 8588): [VERBOSE1:btm_ble_gap.cc(1847)] btm_ble_process_adv_addr: bda=56:e4:da:79:d5:88
09-01 14:43:57.733 D/BluetoothUtils( 8588): blockedByLocationOff callingUid=1002
09-01 14:43:57.733 I/BluetoothUtils( 8588): packagename is android.uid.bluetooth:1002 ,and its permission is false
09-01 14:43:57.733 D/BluetoothUtils( 8588): blockedByLocationOff callingUid=1002
09-01 14:43:57.734 I/BluetoothUtils( 8588): packagename is android.uid.bluetooth:1002 ,and its permission is false
09-01 14:43:57.734 D/BluetoothUtils( 8588): blockedByLocationOff callingUid=1002
09-01 14:43:57.734 I/BluetoothUtils( 8588): packagename is android.uid.bluetooth:1002 ,and its permission is false
09-01 14:43:57.750 D/EventBus(29730): [29730, u0] send(AppTransitionFinishedEvent)
09-01 14:43:57.750 D/EventBus(29730): [29730, u0]  -> ForcedResizableInfoActivityController [0xc4c1163, P1] onBusEvent(AppTransitionFinishedEvent)
09-01 14:43:57.751 D/EventBus(29730): [29730, u0] onBusEvent(AppTransitionFinishedEvent) duration: 23 microseconds, avg: 36
09-01 14:43:57.761 V/bt_stack( 8588): [VERBOSE1:btm_ble_gap.cc(1923)] btm_ble_process_ext_adv_pkt: bda=54:e8:6c:52:02:a9
09-01 14:43:57.761 V/bt_stack( 8588): [VERBOSE1:btm_ble_gap.cc(1847)] btm_ble_process_adv_addr: bda=54:e8:6c:52:02:a9
09-01 14:43:57.761 V/bt_stack( 8588): [VERBOSE1:btm_ble_gap.cc(2052)]  Waiting for scan response 54:e8:6c:52:02:a9
09-01 14:43:57.762 V/bt_stack( 8588): [VERBOSE1:btm_ble_gap.cc(1923)] btm_ble_process_ext_adv_pkt: bda=71:5a:59:d5:91:5c
09-01 14:43:57.762 V/bt_stack( 8588): [VERBOSE1:btm_ble_gap.cc(1847)] btm_ble_process_adv_addr: bda=71:5a:59:d5:91:5c
09-01 14:43:57.762 V/bt_stack( 8588): [VERBOSE1:btm_ble_gap.cc(2052)]  Waiting for scan response 71:5a:59:d5:91:5c
09-01 14:43:57.763 V/bt_stack( 8588): [VERBOSE1:btm_ble_gap.cc(1923)] btm_ble_process_ext_adv_pkt: bda=70:33:97:a2:2a:78
09-01 14:43:57.763 V/bt_stack( 8588): [VERBOSE1:btm_ble_gap.cc(1847)] btm_ble_process_adv_addr: bda=70:33:97:a2:2a:78
09-01 14:43:57.763 V/bt_stack( 8588): [VERBOSE1:btm_ble_gap.cc(2052)]  Waiting for scan response 70:33:97:a2:2a:78
09-01 14:43:57.763 V/bt_stack( 8588): [VERBOSE1:btm_ble_gap.cc(1923)] btm_ble_process_ext_adv_pkt: bda=70:33:97:a2:2a:78
09-01 14:43:57.763 V/bt_stack( 8588): [VERBOSE1:btm_ble_gap.cc(1847)] btm_ble_process_adv_addr: bda=70:33:97:a2:2a:78
09-01 14:43:57.764 V/bt_stack( 8588): [VERBOSE1:btm_ble_gap.cc(1923)] btm_ble_process_ext_adv_pkt: bda=35:45:bf:2c:e1:03
09-01 14:43:57.764 V/bt_stack( 8588): [VERBOSE1:btm_ble_gap.cc(1847)] btm_ble_process_adv_addr: bda=35:45:bf:2c:e1:03
09-01 14:43:57.764 D/BluetoothUtils( 8588): blockedByLocationOff callingUid=1002
09-01 14:43:57.765 I/BluetoothUtils( 8588): packagename is android.uid.bluetooth:1002 ,and its permission is false
09-01 14:43:57.765 D/BluetoothUtils( 8588): blockedByLocationOff callingUid=1002
09-01 14:43:57.766 I/BluetoothUtils( 8588): packagename is android.uid.bluetooth:1002 ,and its permission is false
09-01 14:43:57.766 D/BluetoothUtils( 8588): blockedByLocationOff callingUid=1002
09-01 14:43:57.766 I/BluetoothUtils( 8588): packagename is android.uid.bluetooth:1002 ,and its permission is false
09-01 14:43:57.767 D/BluetoothUtils( 8588): blockedByLocationOff callingUid=1002
09-01 14:43:57.767 I/BluetoothUtils( 8588): packagename is android.uid.bluetooth:1002 ,and its permission is false
09-01 14:43:57.767 D/BluetoothUtils( 8588): blockedByLocationOff callingUid=1002
09-01 14:43:57.767 I/BluetoothUtils( 8588): packagename is android.uid.bluetooth:1002 ,and its permission is false
09-01 14:43:57.768 D/BluetoothUtils( 8588): blockedByLocationOff callingUid=1002
09-01 14:43:57.768 I/BluetoothUtils( 8588): packagename is android.uid.bluetooth:1002 ,and its permission is false
09-01 14:43:57.779 V/bt_stack( 8588): [VERBOSE1:btm_ble_gap.cc(1923)] btm_ble_process_ext_adv_pkt: bda=5d:59:4a:0e:04:eb
09-01 14:43:57.779 V/bt_stack( 8588): [VERBOSE1:btm_ble_gap.cc(1847)] btm_ble_process_adv_addr: bda=5d:59:4a:0e:04:eb
09-01 14:43:57.780 V/bt_stack( 8588): [VERBOSE1:btm_ble_gap.cc(2052)]  Waiting for scan response 5d:59:4a:0e:04:eb
09-01 14:43:57.780 V/bt_stack( 8588): [VERBOSE1:btm_ble_gap.cc(1923)] btm_ble_process_ext_adv_pkt: bda=59:ea:73:03:7b:dc
09-01 14:43:57.780 V/bt_stack( 8588): [VERBOSE1:btm_ble_gap.cc(1847)] btm_ble_process_adv_addr: bda=59:ea:73:03:7b:dc
09-01 14:43:57.781 D/BluetoothUtils( 8588): blockedByLocationOff callingUid=1002
09-01 14:43:57.782 I/BluetoothUtils( 8588): packagename is android.uid.bluetooth:1002 ,and its permission is false
09-01 14:43:57.782 D/BluetoothUtils( 8588): blockedByLocationOff callingUid=1002
09-01 14:43:57.782 I/BluetoothUtils( 8588): packagename is android.uid.bluetooth:1002 ,and its permission is false
09-01 14:43:57.782 D/BluetoothUtils( 8588): blockedByLocationOff callingUid=1002
09-01 14:43:57.782 I/BluetoothUtils( 8588): packagename is android.uid.bluetooth:1002 ,and its permission is false
09-01 14:43:57.785 V/bt_stack( 8588): [VERBOSE1:btm_ble_gap.cc(1923)] btm_ble_process_ext_adv_pkt: bda=1f:59:8a:95:53:d8
09-01 14:43:57.785 V/bt_stack( 8588): [VERBOSE1:btm_ble_gap.cc(1847)] btm_ble_process_adv_addr: bda=1f:59:8a:95:53:d8
09-01 14:43:57.786 V/bt_stack( 8588): [VERBOSE1:btm_ble_gap.cc(1923)] btm_ble_process_ext_adv_pkt: bda=06:fa:50:9b:39:c0
09-01 14:43:57.786 V/bt_stack( 8588): [VERBOSE1:btm_ble_gap.cc(1847)] btm_ble_process_adv_addr: bda=06:fa:50:9b:39:c0
09-01 14:43:57.786 D/BluetoothUtils( 8588): blockedByLocationOff callingUid=1002
09-01 14:43:57.787 I/BluetoothUtils( 8588): packagename is android.uid.bluetooth:1002 ,and its permission is false
09-01 14:43:57.787 D/BluetoothUtils( 8588): blockedByLocationOff callingUid=1002
09-01 14:43:57.787 I/BluetoothUtils( 8588): packagename is android.uid.bluetooth:1002 ,and its permission is false
09-01 14:43:57.787 D/BluetoothUtils( 8588): blockedByLocationOff callingUid=1002
09-01 14:43:57.787 I/BluetoothUtils( 8588): packagename is android.uid.bluetooth:1002 ,and its permission is false
09-01 14:43:57.788 D/BluetoothUtils( 8588): blockedByLocationOff callingUid=1002
09-01 14:43:57.789 I/BluetoothUtils( 8588): packagename is android.uid.bluetooth:1002 ,and its permission is false
09-01 14:43:57.789 D/BluetoothUtils( 8588): blockedByLocationOff callingUid=1002
09-01 14:43:57.789 I/BluetoothUtils( 8588): packagename is android.uid.bluetooth:1002 ,and its permission is false
09-01 14:43:57.789 D/BluetoothUtils( 8588): blockedByLocationOff callingUid=1002
09-01 14:43:57.789 I/BluetoothUtils( 8588): packagename is android.uid.bluetooth:1002 ,and its permission is false
09-01 14:43:57.790 V/bt_stack( 8588): [VERBOSE1:btm_ble_gap.cc(1923)] btm_ble_process_ext_adv_pkt: bda=33:91:15:08:2a:2b
09-01 14:43:57.790 V/bt_stack( 8588): [VERBOSE1:btm_ble_gap.cc(1847)] btm_ble_process_adv_addr: bda=33:91:15:08:2a:2b
09-01 14:43:57.791 I/appium  (13898): AppiumResponse: {"sessionId":"94b2dfbc-5a87-4ff5-8430-a6752ec32c55","value":{"ELEMENT":"1d4b43f4-3d79-48e3-ad7c-4944a8431759","element-6066-11e4-a52e-4f735466cecf":"1d4b43f4-3d79-48e3-ad7c-4944a8431759"}}
09-01 14:43:57.791 D/BluetoothUtils( 8588): blockedByLocationOff callingUid=1002
09-01 14:43:57.792 I/BluetoothUtils( 8588): packagename is android.uid.bluetooth:1002 ,and its permission is false
09-01 14:43:57.792 D/BluetoothUtils( 8588): blockedByLocationOff callingUid=1002
09-01 14:43:57.792 I/BluetoothUtils( 8588): packagename is android.uid.bluetooth:1002 ,and its permission is false
09-01 14:43:57.792 D/BluetoothUtils( 8588): blockedByLocationOff callingUid=1002
09-01 14:43:57.793 I/BluetoothUtils( 8588): packagename is android.uid.bluetooth:1002 ,and its permission is false
09-01 14:43:57.794 V/bt_stack( 8588): [VERBOSE1:btm_ble_gap.cc(1923)] btm_ble_process_ext_adv_pkt: bda=71:5a:59:d5:91:5c
09-01 14:43:57.794 V/bt_stack( 8588): [VERBOSE1:btm_ble_gap.cc(1847)] btm_ble_process_adv_addr: bda=71:5a:59:d5:91:5c
09-01 14:43:57.794 V/bt_stack( 8588): [VERBOSE1:btm_ble_gap.cc(2052)]  Waiting for scan response 71:5a:59:d5:91:5c
09-01 14:43:57.794 V/bt_stack( 8588): [VERBOSE1:btm_ble_gap.cc(1923)] btm_ble_process_ext_adv_pkt: bda=71:5a:59:d5:91:5c
09-01 14:43:57.794 V/bt_stack( 8588): [VERBOSE1:btm_ble_gap.cc(1847)] btm_ble_process_adv_addr: bda=71:5a:59:d5:91:5c
09-01 14:43:57.795 D/BluetoothUtils( 8588): blockedByLocationOff callingUid=1002
09-01 14:43:57.796 I/BluetoothUtils( 8588): packagename is android.uid.bluetooth:1002 ,and its permission is false
09-01 14:43:57.796 D/BluetoothUtils( 8588): blockedByLocationOff callingUid=1002
09-01 14:43:57.796 I/BluetoothUtils( 8588): packagename is android.uid.bluetooth:1002 ,and its permission is false
09-01 14:43:57.796 D/BluetoothUtils( 8588): blockedByLocationOff callingUid=1002
09-01 14:43:57.796 I/BluetoothUtils( 8588): packagename is android.uid.bluetooth:1002 ,and its permission is false
09-01 14:43:57.806 V/bt_stack( 8588): [VERBOSE1:btm_ble_gap.cc(1923)] btm_ble_process_ext_adv_pkt: bda=ac:29:3a:9a:aa:42
09-01 14:43:57.806 V/bt_stack( 8588): [VERBOSE1:btm_ble_gap.cc(1847)] btm_ble_process_adv_addr: bda=ac:29:3a:9a:aa:42
09-01 14:43:57.806 V/bt_stack( 8588): [VERBOSE1:btm_ble_gap.cc(2052)]  Waiting for scan response ac:29:3a:9a:aa:42
09-01 14:43:57.807 V/bt_stack( 8588): [VERBOSE1:btm_ble_gap.cc(1923)] btm_ble_process_ext_adv_pkt: bda=66:3e:07:e0:2b:d4
09-01 14:43:57.807 V/bt_stack( 8588): [VERBOSE1:btm_ble_gap.cc(1847)] btm_ble_process_adv_addr: bda=66:3e:07:e0:2b:d4
09-01 14:43:57.807 V/bt_stack( 8588): [VERBOSE1:btm_ble_gap.cc(2052)]  Waiting for scan response 66:3e:07:e0:2b:d4
09-01 14:43:57.807 V/bt_stack( 8588): [VERBOSE1:btm_ble_gap.cc(1923)] btm_ble_process_ext_adv_pkt: bda=66:3e:07:e0:2b:d4
09-01 14:43:57.807 V/bt_stack( 8588): [VERBOSE1:btm_ble_gap.cc(1847)] btm_ble_process_adv_addr: bda=66:3e:07:e0:2b:d4
09-01 14:43:57.808 D/BluetoothUtils( 8588): blockedByLocationOff callingUid=1002
09-01 14:43:57.808 I/BluetoothUtils( 8588): packagename is android.uid.bluetooth:1002 ,and its permission is false
09-01 14:43:57.808 D/BluetoothUtils( 8588): blockedByLocationOff callingUid=1002
09-01 14:43:57.808 I/BluetoothUtils( 8588): packagename is android.uid.bluetooth:1002 ,and its permission is false
09-01 14:43:57.808 D/BluetoothUtils( 8588): blockedByLocationOff callingUid=1002
09-01 14:43:57.809 I/BluetoothUtils( 8588): packagename is android.uid.bluetooth:1002 ,and its permission is false
09-01 14:43:57.812 V/bt_stack( 8588): [VERBOSE1:btm_ble_gap.cc(1923)] btm_ble_process_ext_adv_pkt: bda=2c:09:3e:94:80:f3
09-01 14:43:57.812 V/bt_stack( 8588): [VERBOSE1:btm_ble_gap.cc(1847)] btm_ble_process_adv_addr: bda=2c:09:3e:94:80:f3
09-01 14:43:57.813 D/BluetoothUtils( 8588): blockedByLocationOff callingUid=1002
09-01 14:43:57.813 I/BluetoothUtils( 8588): packagename is android.uid.bluetooth:1002 ,and its permission is false
09-01 14:43:57.813 D/BluetoothUtils( 8588): blockedByLocationOff callingUid=1002
09-01 14:43:57.814 I/BluetoothUtils( 8588): packagename is android.uid.bluetooth:1002 ,and its permission is false
09-01 14:43:57.814 D/BluetoothUtils( 8588): blockedByLocationOff callingUid=1002
09-01 14:43:57.814 I/BluetoothUtils( 8588): packagename is android.uid.bluetooth:1002 ,and its permission is false
09-01 14:43:57.817 V/bt_stack( 8588): [VERBOSE1:btm_ble_gap.cc(1923)] btm_ble_process_ext_adv_pkt: bda=14:dd:f1:7c:32:85
09-01 14:43:57.817 V/bt_stack( 8588): [VERBOSE1:btm_ble_gap.cc(1847)] btm_ble_process_adv_addr: bda=14:dd:f1:7c:32:85
09-01 14:43:57.819 D/BluetoothUtils( 8588): blockedByLocationOff callingUid=1002
09-01 14:43:57.819 I/BluetoothUtils( 8588): packagename is android.uid.bluetooth:1002 ,and its permission is false
09-01 14:43:57.819 D/BluetoothUtils( 8588): blockedByLocationOff callingUid=1002
09-01 14:43:57.820 I/BluetoothUtils( 8588): packagename is android.uid.bluetooth:1002 ,and its permission is false
09-01 14:43:57.820 V/bt_stack( 8588): [VERBOSE1:btm_ble_gap.cc(1923)] btm_ble_process_ext_adv_pkt: bda=63:53:07:fa:3c:f1
09-01 14:43:57.820 V/bt_stack( 8588): [VERBOSE1:btm_ble_gap.cc(1847)] btm_ble_process_adv_addr: bda=63:53:07:fa:3c:f1
09-01 14:43:57.820 D/BluetoothUtils( 8588): blockedByLocationOff callingUid=1002
09-01 14:43:57.820 I/BluetoothUtils( 8588): packagename is android.uid.bluetooth:1002 ,and its permission is false
09-01 14:43:57.821 D/BluetoothUtils( 8588): blockedByLocationOff callingUid=1002
09-01 14:43:57.821 I/BluetoothUtils( 8588): packagename is android.uid.bluetooth:1002 ,and its permission is false
09-01 14:43:57.821 D/BluetoothUtils( 8588): blockedByLocationOff callingUid=1002
09-01 14:43:57.822 I/BluetoothUtils( 8588): packagename is android.uid.bluetooth:1002 ,and its permission is false
09-01 14:43:57.822 D/BluetoothUtils( 8588): blockedByLocationOff callingUid=1002
09-01 14:43:57.822 I/BluetoothUtils( 8588): packagename is android.uid.bluetooth:1002 ,and its permission is false
09-01 14:43:57.823 V/bt_stack( 8588): [VERBOSE1:btm_ble_gap.cc(1923)] btm_ble_process_ext_adv_pkt: bda=28:bc:17:6a:f4:4d
09-01 14:43:57.823 V/bt_stack( 8588): [VERBOSE1:btm_ble_gap.cc(1847)] btm_ble_process_adv_addr: bda=28:bc:17:6a:f4:4d
09-01 14:43:57.824 D/BluetoothUtils( 8588): blockedByLocationOff callingUid=1002
09-01 14:43:57.824 I/BluetoothUtils( 8588): packagename is android.uid.bluetooth:1002 ,and its permission is false
09-01 14:43:57.824 D/BluetoothUtils( 8588): blockedByLocationOff callingUid=1002
09-01 14:43:57.825 I/BluetoothUtils( 8588): packagename is android.uid.bluetooth:1002 ,and its permission is false
09-01 14:43:57.825 D/BluetoothUtils( 8588): blockedByLocationOff callingUid=1002
09-01 14:43:57.825 I/BluetoothUtils( 8588): packagename is android.uid.bluetooth:1002 ,and its permission is false
09-01 14:43:57.838 I/appium  (13898): channel read invoked!
09-01 14:43:57.838 I/appium  (13898): channel read: POST /wd/hub/session/94b2dfbc-5a87-4ff5-8430-a6752ec32c55/element
09-01 14:43:57.840 I/appium  (13898): Find element command using 'id' with selector 'statistics_button'.
09-01 14:43:57.840 I/appium  (13898): Waiting up to 10000ms for device to be idle
09-01 14:43:57.846 V/bt_stack( 8588): [VERBOSE1:btm_ble_gap.cc(1923)] btm_ble_process_ext_adv_pkt: bda=71:5a:59:d5:91:5c
09-01 14:43:57.846 V/bt_stack( 8588): [VERBOSE1:btm_ble_gap.cc(1847)] btm_ble_process_adv_addr: bda=71:5a:59:d5:91:5c
09-01 14:43:57.846 V/bt_stack( 8588): [VERBOSE1:btm_ble_gap.cc(2052)]  Waiting for scan response 71:5a:59:d5:91:5c
09-01 14:43:57.846 V/bt_stack( 8588): [VERBOSE1:btm_ble_gap.cc(1923)] btm_ble_process_ext_adv_pkt: bda=6c:40:08:bb:80:d3
09-01 14:43:57.846 V/bt_stack( 8588): [VERBOSE1:btm_ble_gap.cc(1847)] btm_ble_process_adv_addr: bda=6c:40:08:bb:80:d3
09-01 14:43:57.846 V/bt_stack( 8588): [VERBOSE1:btm_ble_gap.cc(2052)]  Waiting for scan response 6c:40:08:bb:80:d3
09-01 14:43:57.846 V/bt_stack( 8588): [VERBOSE1:btm_ble_gap.cc(1923)] btm_ble_process_ext_adv_pkt: bda=6c:40:08:bb:80:d3
09-01 14:43:57.846 V/bt_stack( 8588): [VERBOSE1:btm_ble_gap.cc(1847)] btm_ble_process_adv_addr: bda=6c:40:08:bb:80:d3
09-01 14:43:57.847 D/BluetoothUtils( 8588): blockedByLocationOff callingUid=1002
