09-01 14:32:34.007 V/bt_stack( 8588): [VERBOSE1:btm_ble_gap.cc(1847)] btm_ble_process_adv_addr: bda=2e:17:70:f9:0b:48
09-01 14:32:34.008 D/BluetoothUtils( 8588): blockedByLocationOff callingUid=1002
09-01 14:32:34.008 I/BluetoothUtils( 8588): packagename is android.uid.bluetooth:1002 ,and its permission is false
09-01 14:32:34.009 D/BluetoothUtils( 8588): blockedByLocationOff callingUid=1002
09-01 14:32:34.009 I/BluetoothUtils( 8588): packagename is android.uid.bluetooth:1002 ,and its permission is false
09-01 14:32:34.009 D/BluetoothUtils( 8588): blockedByLocationOff callingUid=1002
09-01 14:32:34.009 I/BluetoothUtils( 8588): packagename is android.uid.bluetooth:1002 ,and its permission is false
09-01 14:32:34.022 V/bt_stack( 8588): [VERBOSE1:btm_ble_gap.cc(1923)] btm_ble_process_ext_adv_pkt: bda=56:23:e7:94:9e:a9
09-01 14:32:34.022 V/bt_stack( 8588): [VERBOSE1:btm_ble_gap.cc(1847)] btm_ble_process_adv_addr: bda=56:23:e7:94:9e:a9
09-01 14:32:34.022 V/bt_stack( 8588): [VERBOSE1:btm_ble_gap.cc(2052)]  Waiting for scan response 56:23:e7:94:9e:a9
09-01 14:32:34.029 V/bt_stack( 8588): [VERBOSE1:btm_ble_gap.cc(1923)] btm_ble_process_ext_adv_pkt: bda=18:81:0e:e0:a8:6d
09-01 14:32:34.029 V/bt_stack( 8588): [VERBOSE1:btm_ble_gap.cc(1847)] btm_ble_process_adv_addr: bda=18:81:0e:e0:a8:6d
09-01 14:32:34.029 V/bt_stack( 8588): [VERBOSE1:btm_ble_gap.cc(2052)]  Waiting for scan response 18:81:0e:e0:a8:6d
09-01 14:32:34.030 V/bt_stack( 8588): [VERBOSE1:btm_ble_gap.cc(1923)] btm_ble_process_ext_adv_pkt: bda=07:e4:7f:b4:5f:d9
09-01 14:32:34.030 V/bt_stack( 8588): [VERBOSE1:btm_ble_gap.cc(1847)] btm_ble_process_adv_addr: bda=07:e4:7f:b4:5f:d9
09-01 14:32:34.031 D/BluetoothUtils( 8588): blockedByLocationOff callingUid=1002
09-01 14:32:34.031 I/BluetoothUtils( 8588): packagename is android.uid.bluetooth:1002 ,and its permission is false
09-01 14:32:34.032 D/BluetoothUtils( 8588): blockedByLocationOff callingUid=1002
09-01 14:32:34.032 I/BluetoothUtils( 8588): packagename is android.uid.bluetooth:1002 ,and its permission is false
09-01 14:32:34.032 D/BluetoothUtils( 8588): blockedByLocationOff callingUid=1002
09-01 14:32:34.032 I/BluetoothUtils( 8588): packagename is android.uid.bluetooth:1002 ,and its permission is false
09-01 14:32:34.038 V/bt_stack( 8588): [VERBOSE1:btm_ble_gap.cc(1923)] btm_ble_process_ext_adv_pkt: bda=19:30:6d:c4:b5:5b
09-01 14:32:34.038 V/bt_stack( 8588): [VERBOSE1:btm_ble_gap.cc(1847)] btm_ble_process_adv_addr: bda=19:30:6d:c4:b5:5b
09-01 14:32:34.038 D/StackScroller(29730): applyCurrentState
09-01 14:32:34.039 D/BluetoothUtils( 8588): blockedByLocationOff callingUid=1002
09-01 14:32:34.039 I/BluetoothUtils( 8588): packagename is android.uid.bluetooth:1002 ,and its permission is false
09-01 14:32:34.039 D/BluetoothUtils( 8588): blockedByLocationOff callingUid=1002
09-01 14:32:34.040 I/BluetoothUtils( 8588): packagename is android.uid.bluetooth:1002 ,and its permission is false
09-01 14:32:34.040 D/BluetoothUtils( 8588): blockedByLocationOff callingUid=1002
09-01 14:32:34.040 I/BluetoothUtils( 8588): packagename is android.uid.bluetooth:1002 ,and its permission is false
09-01 14:32:34.042 V/bt_stack( 8588): [VERBOSE1:btm_ble_gap.cc(1923)] btm_ble_process_ext_adv_pkt: bda=17:be:83:99:5a:17
09-01 14:32:34.042 V/bt_stack( 8588): [VERBOSE1:btm_ble_gap.cc(1847)] btm_ble_process_adv_addr: bda=17:be:83:99:5a:17
09-01 14:32:34.044 D/BluetoothUtils( 8588): blockedByLocationOff callingUid=1002
09-01 14:32:34.044 I/BluetoothUtils( 8588): packagename is android.uid.bluetooth:1002 ,and its permission is false
09-01 14:32:34.044 D/BluetoothUtils( 8588): blockedByLocationOff callingUid=1002
09-01 14:32:34.044 I/BluetoothUtils( 8588): packagename is android.uid.bluetooth:1002 ,and its permission is false
09-01 14:32:34.044 D/BluetoothUtils( 8588): blockedByLocationOff callingUid=1002
09-01 14:32:34.045 I/BluetoothUtils( 8588): packagename is android.uid.bluetooth:1002 ,and its permission is false
09-01 14:32:34.051 V/bt_stack( 8588): [VERBOSE1:btm_ble_gap.cc(1923)] btm_ble_process_ext_adv_pkt: bda=67:ec:83:7e:42:50
09-01 14:32:34.051 V/bt_stack( 8588): [VERBOSE1:btm_ble_gap.cc(1847)] btm_ble_process_adv_addr: bda=67:ec:83:7e:42:50
09-01 14:32:34.051 V/bt_stack( 8588): [VERBOSE1:btm_ble_gap.cc(2052)]  Waiting for scan response 67:ec:83:7e:42:50
09-01 14:32:34.051 V/bt_stack( 8588): [VERBOSE1:btm_ble_gap.cc(1923)] btm_ble_process_ext_adv_pkt: bda=6a:1a:31:28:a4:f8
09-01 14:32:34.051 V/bt_stack( 8588): [VERBOSE1:btm_ble_gap.cc(1847)] btm_ble_process_adv_addr: bda=6a:1a:31:28:a4:f8
09-01 14:32:34.052 D/BluetoothUtils( 8588): blockedByLocationOff callingUid=1002
09-01 14:32:34.053 I/BluetoothUtils( 8588): packagename is android.uid.bluetooth:1002 ,and its permission is false
09-01 14:32:34.053 D/BluetoothUtils( 8588): blockedByLocationOff callingUid=1002
09-01 14:32:34.053 I/BluetoothUtils( 8588): packagename is android.uid.bluetooth:1002 ,and its permission is false
09-01 14:32:34.053 D/BluetoothUtils( 8588): blockedByLocationOff callingUid=1002
09-01 14:32:34.054 I/BluetoothUtils( 8588): packagename is android.uid.bluetooth:1002 ,and its permission is false
09-01 14:32:34.058 V/bt_stack( 8588): [VERBOSE1:btm_ble_gap.cc(1923)] btm_ble_process_ext_adv_pkt: bda=0c:1a:06:0e:96:57
09-01 14:32:34.058 V/bt_stack( 8588): [VERBOSE1:btm_ble_gap.cc(1847)] btm_ble_process_adv_addr: bda=0c:1a:06:0e:96:57
09-01 14:32:34.059 D/BluetoothUtils( 8588): blockedByLocationOff callingUid=1002
09-01 14:32:34.060 I/BluetoothUtils( 8588): packagename is android.uid.bluetooth:1002 ,and its permission is false
09-01 14:32:34.060 D/BluetoothUtils( 8588): blockedByLocationOff callingUid=1002
09-01 14:32:34.060 I/BluetoothUtils( 8588): packagename is android.uid.bluetooth:1002 ,and its permission is false
09-01 14:32:34.060 D/BluetoothUtils( 8588): blockedByLocationOff callingUid=1002
09-01 14:32:34.061 I/BluetoothUtils( 8588): packagename is android.uid.bluetooth:1002 ,and its permission is false
09-01 14:32:34.063 V/bt_stack( 8588): [VERBOSE1:btm_ble_gap.cc(1923)] btm_ble_process_ext_adv_pkt: bda=53:f2:a2:69:23:e6
09-01 14:32:34.063 V/bt_stack( 8588): [VERBOSE1:btm_ble_gap.cc(1847)] btm_ble_process_adv_addr: bda=53:f2:a2:69:23:e6
09-01 14:32:34.064 D/BluetoothUtils( 8588): blockedByLocationOff callingUid=1002
09-01 14:32:34.065 I/BluetoothUtils( 8588): packagename is android.uid.bluetooth:1002 ,and its permission is false
09-01 14:32:34.065 D/BluetoothUtils( 8588): blockedByLocationOff callingUid=1002
09-01 14:32:34.065 I/BluetoothUtils( 8588): packagename is android.uid.bluetooth:1002 ,and its permission is false
09-01 14:32:34.065 D/BluetoothUtils( 8588): blockedByLocationOff callingUid=1002
09-01 14:32:34.065 I/BluetoothUtils( 8588): packagename is android.uid.bluetooth:1002 ,and its permission is false
09-01 14:32:34.079 V/bt_stack( 8588): [VERBOSE1:btm_ble_gap.cc(1923)] btm_ble_process_ext_adv_pkt: bda=54:ba:3b:ca:4a:72
09-01 14:32:34.079 V/bt_stack( 8588): [VERBOSE1:btm_ble_gap.cc(1847)] btm_ble_process_adv_addr: bda=54:ba:3b:ca:4a:72
09-01 14:32:34.079 V/bt_stack( 8588): [VERBOSE1:btm_ble_gap.cc(2052)]  Waiting for scan response 54:ba:3b:ca:4a:72
09-01 14:32:34.079 V/bt_stack( 8588): [VERBOSE1:btm_ble_gap.cc(1923)] btm_ble_process_ext_adv_pkt: bda=48:14:81:f8:b8:84
09-01 14:32:34.080 V/bt_stack( 8588): [VERBOSE1:btm_ble_gap.cc(1847)] btm_ble_process_adv_addr: bda=48:14:81:f8:b8:84
09-01 14:32:34.080 V/bt_stack( 8588): [VERBOSE1:btm_ble_gap.cc(2052)]  Waiting for scan response 48:14:81:f8:b8:84
09-01 14:32:34.080 V/bt_stack( 8588): [VERBOSE1:btm_ble_gap.cc(1923)] btm_ble_process_ext_adv_pkt: bda=48:14:81:f8:b8:84
09-01 14:32:34.080 V/bt_stack( 8588): [VERBOSE1:btm_ble_gap.cc(1847)] btm_ble_process_adv_addr: bda=48:14:81:f8:b8:84
09-01 14:32:34.081 D/BluetoothUtils( 8588): blockedByLocationOff callingUid=1002
09-01 14:32:34.081 I/BluetoothUtils( 8588): packagename is android.uid.bluetooth:1002 ,and its permission is false
09-01 14:32:34.082 D/BluetoothUtils( 8588): blockedByLocationOff callingUid=1002
09-01 14:32:34.082 I/BluetoothUtils( 8588): packagename is android.uid.bluetooth:1002 ,and its permission is false
09-01 14:32:34.082 D/BluetoothUtils( 8588): blockedByLocationOff callingUid=1002
09-01 14:32:34.082 I/BluetoothUtils( 8588): packagename is android.uid.bluetooth:1002 ,and its permission is false
09-01 14:32:34.087 V/bt_stack( 8588): [VERBOSE1:btm_ble_gap.cc(1923)] btm_ble_process_ext_adv_pkt: bda=66:3e:07:e0:2b:d4
09-01 14:32:34.087 V/bt_stack( 8588): [VERBOSE1:btm_ble_gap.cc(1847)] btm_ble_process_adv_addr: bda=66:3e:07:e0:2b:d4
09-01 14:32:34.087 V/bt_stack( 8588): [VERBOSE1:btm_ble_gap.cc(2052)]  Waiting for scan response 66:3e:07:e0:2b:d4
09-01 14:32:34.087 V/bt_stack( 8588): [VERBOSE1:btm_ble_gap.cc(1923)] btm_ble_process_ext_adv_pkt: bda=0a:29:89:b7:c8:4a
09-01 14:32:34.087 V/bt_stack( 8588): [VERBOSE1:btm_ble_gap.cc(1847)] btm_ble_process_adv_addr: bda=0a:29:89:b7:c8:4a
09-01 14:32:34.088 D/BluetoothUtils( 8588): blockedByLocationOff callingUid=1002
09-01 14:32:34.089 I/BluetoothUtils( 8588): packagename is android.uid.bluetooth:1002 ,and its permission is false
09-01 14:32:34.089 D/BluetoothUtils( 8588): blockedByLocationOff callingUid=1002
09-01 14:32:34.089 I/BluetoothUtils( 8588): packagename is android.uid.bluetooth:1002 ,and its permission is false
09-01 14:32:34.089 D/BluetoothUtils( 8588): blockedByLocationOff callingUid=1002
09-01 14:32:34.090 I/BluetoothUtils( 8588): packagename is android.uid.bluetooth:1002 ,and its permission is false
09-01 14:32:34.090 V/bt_stack( 8588): [VERBOSE1:btm_ble_gap.cc(1923)] btm_ble_process_ext_adv_pkt: bda=38:f9:d3:45:87:1e
09-01 14:32:34.090 V/bt_stack( 8588): [VERBOSE1:btm_ble_gap.cc(1847)] btm_ble_process_adv_addr: bda=38:f9:d3:45:87:1e
09-01 14:32:34.090 V/bt_stack( 8588): [VERBOSE1:btm_ble_gap.cc(2052)]  Waiting for scan response 38:f9:d3:45:87:1e
09-01 14:32:34.090 V/bt_stack( 8588): [VERBOSE1:btm_ble_gap.cc(1923)] btm_ble_process_ext_adv_pkt: bda=38:f9:d3:45:87:1e
09-01 14:32:34.090 V/bt_stack( 8588): [VERBOSE1:btm_ble_gap.cc(1847)] btm_ble_process_adv_addr: bda=38:f9:d3:45:87:1e
09-01 14:32:34.091 D/BluetoothUtils( 8588): blockedByLocationOff callingUid=1002
09-01 14:32:34.092 I/BluetoothUtils( 8588): packagename is android.uid.bluetooth:1002 ,and its permission is false
09-01 14:32:34.092 D/BluetoothUtils( 8588): blockedByLocationOff callingUid=1002
09-01 14:32:34.092 V/bt_stack( 8588): [VERBOSE1:btm_ble_gap.cc(1923)] btm_ble_process_ext_adv_pkt: bda=2a:1b:52:ac:62:5d
09-01 14:32:34.092 V/bt_stack( 8588): [VERBOSE1:btm_ble_gap.cc(1847)] btm_ble_process_adv_addr: bda=2a:1b:52:ac:62:5d
09-01 14:32:34.092 I/BluetoothUtils( 8588): packagename is android.uid.bluetooth:1002 ,and its permission is false
09-01 14:32:34.092 D/BluetoothUtils( 8588): blockedByLocationOff callingUid=1002
09-01 14:32:34.092 I/BluetoothUtils( 8588): packagename is android.uid.bluetooth:1002 ,and its permission is false
09-01 14:32:34.093 D/BluetoothUtils( 8588): blockedByLocationOff callingUid=1002
09-01 14:32:34.093 I/BluetoothUtils( 8588): packagename is android.uid.bluetooth:1002 ,and its permission is false
09-01 14:32:34.094 D/BluetoothUtils( 8588): blockedByLocationOff callingUid=1002
09-01 14:32:34.094 I/BluetoothUtils( 8588): packagename is android.uid.bluetooth:1002 ,and its permission is false
09-01 14:32:34.094 D/BluetoothUtils( 8588): blockedByLocationOff callingUid=1002
09-01 14:32:34.094 I/BluetoothUtils( 8588): packagename is android.uid.bluetooth:1002 ,and its permission is false
09-01 14:32:34.100 V/bt_stack( 8588): [VERBOSE1:btm_ble_gap.cc(1923)] btm_ble_process_ext_adv_pkt: bda=3b:30:35:17:9e:fe
09-01 14:32:34.100 V/bt_stack( 8588): [VERBOSE1:btm_ble_gap.cc(1847)] btm_ble_process_adv_addr: bda=3b:30:35:17:9e:fe
09-01 14:32:34.102 D/BluetoothUtils( 8588): blockedByLocationOff callingUid=1002
09-01 14:32:34.102 I/BluetoothUtils( 8588): packagename is android.uid.bluetooth:1002 ,and its permission is false
09-01 14:32:34.102 D/BluetoothUtils( 8588): blockedByLocationOff callingUid=1002
09-01 14:32:34.102 I/BluetoothUtils( 8588): packagename is android.uid.bluetooth:1002 ,and its permission is false
09-01 14:32:34.103 D/BluetoothUtils( 8588): blockedByLocationOff callingUid=1002
09-01 14:32:34.103 I/BluetoothUtils( 8588): packagename is android.uid.bluetooth:1002 ,and its permission is false
09-01 14:32:34.107 V/bt_stack( 8588): [VERBOSE1:btm_ble_gap.cc(1923)] btm_ble_process_ext_adv_pkt: bda=2e:17:70:f9:0b:48
09-01 14:32:34.107 V/bt_stack( 8588): [VERBOSE1:btm_ble_gap.cc(1847)] btm_ble_process_adv_addr: bda=2e:17:70:f9:0b:48
09-01 14:32:34.108 D/BluetoothUtils( 8588): blockedByLocationOff callingUid=1002
09-01 14:32:34.108 I/BluetoothUtils( 8588): packagename is android.uid.bluetooth:1002 ,and its permission is false
09-01 14:32:34.109 D/BluetoothUtils( 8588): blockedByLocationOff callingUid=1002
09-01 14:32:34.109 I/BluetoothUtils( 8588): packagename is android.uid.bluetooth:1002 ,and its permission is false
09-01 14:32:34.109 D/BluetoothUtils( 8588): blockedByLocationOff callingUid=1002
09-01 14:32:34.109 I/BluetoothUtils( 8588): packagename is android.uid.bluetooth:1002 ,and its permission is false
09-01 14:32:34.118 V/bt_stack( 8588): [VERBOSE1:btm_ble_gap.cc(1923)] btm_ble_process_ext_adv_pkt: bda=18:81:0e:e0:a8:6d
09-01 14:32:34.118 V/bt_stack( 8588): [VERBOSE1:btm_ble_gap.cc(1847)] btm_ble_process_adv_addr: bda=18:81:0e:e0:a8:6d
09-01 14:32:34.118 V/bt_stack( 8588): [VERBOSE1:btm_ble_gap.cc(2052)]  Waiting for scan response 18:81:0e:e0:a8:6d
09-01 14:32:34.121 V/bt_stack( 8588): [VERBOSE1:btm_ble_gap.cc(1923)] btm_ble_process_ext_adv_pkt: bda=44:ca:73:cc:df:42
09-01 14:32:34.121 V/bt_stack( 8588): [VERBOSE1:btm_ble_gap.cc(1847)] btm_ble_process_adv_addr: bda=44:ca:73:cc:df:42
09-01 14:32:34.121 V/bt_stack( 8588): [VERBOSE1:btm_ble_gap.cc(2052)]  Waiting for scan response 44:ca:73:cc:df:42
09-01 14:32:34.121 V/bt_stack( 8588): [VERBOSE1:btm_ble_gap.cc(1923)] btm_ble_process_ext_adv_pkt: bda=44:ca:73:cc:df:42
09-01 14:32:34.122 V/bt_stack( 8588): [VERBOSE1:btm_ble_gap.cc(1847)] btm_ble_process_adv_addr: bda=44:ca:73:cc:df:42
09-01 14:32:34.122 D/BluetoothUtils( 8588): blockedByLocationOff callingUid=1002
09-01 14:32:34.123 I/BluetoothUtils( 8588): packagename is android.uid.bluetooth:1002 ,and its permission is false
09-01 14:32:34.123 D/BluetoothUtils( 8588): blockedByLocationOff callingUid=1002
09-01 14:32:34.123 I/BluetoothUtils( 8588): packagename is android.uid.bluetooth:1002 ,and its permission is false
09-01 14:32:34.124 D/BluetoothUtils( 8588): blockedByLocationOff callingUid=1002
09-01 14:32:34.124 I/BluetoothUtils( 8588): packagename is android.uid.bluetooth:1002 ,and its permission is false
09-01 14:32:34.128 V/bt_stack( 8588): [VERBOSE1:btm_ble_gap.cc(1923)] btm_ble_process_ext_adv_pkt: bda=17:7e:29:ab:4e:d0
09-01 14:32:34.128 V/bt_stack( 8588): [VERBOSE1:btm_ble_gap.cc(1847)] btm_ble_process_adv_addr: bda=17:7e:29:ab:4e:d0
09-01 14:32:34.129 D/BluetoothUtils( 8588): blockedByLocationOff callingUid=1002
09-01 14:32:34.130 I/BluetoothUtils( 8588): packagename is android.uid.bluetooth:1002 ,and its permission is false
09-01 14:32:34.130 D/BluetoothUtils( 8588): blockedByLocationOff callingUid=1002
09-01 14:32:34.130 I/BluetoothUtils( 8588): packagename is android.uid.bluetooth:1002 ,and its permission is false
09-01 14:32:34.130 D/BluetoothUtils( 8588): blockedByLocationOff callingUid=1002
09-01 14:32:34.130 I/BluetoothUtils( 8588): packagename is android.uid.bluetooth:1002 ,and its permission is false
09-01 14:32:34.134 V/bt_stack( 8588): [VERBOSE1:btm_ble_gap.cc(1923)] btm_ble_process_ext_adv_pkt: bda=04:b0:56:de:30:bf
09-01 14:32:34.135 V/bt_stack( 8588): [VERBOSE1:btm_ble_gap.cc(1847)] btm_ble_process_adv_addr: bda=04:b0:56:de:30:bf
09-01 14:32:34.135 D/BluetoothUtils( 8588): blockedByLocationOff callingUid=1002
09-01 14:32:34.136 I/BluetoothUtils( 8588): packagename is android.uid.bluetooth:1002 ,and its permission is false
09-01 14:32:34.136 D/BluetoothUtils( 8588): blockedByLocationOff callingUid=1002
09-01 14:32:34.136 I/BluetoothUtils( 8588): packagename is android.uid.bluetooth:1002 ,and its permission is false
09-01 14:32:34.136 D/BluetoothUtils( 8588): blockedByLocationOff callingUid=1002
09-01 14:32:34.137 I/BluetoothUtils( 8588): packagename is android.uid.bluetooth:1002 ,and its permission is false
09-01 14:32:34.138 V/bt_stack( 8588): [VERBOSE1:btm_ble_gap.cc(1923)] btm_ble_process_ext_adv_pkt: bda=56:23:e7:94:9e:a9
09-01 14:32:34.138 V/bt_stack( 8588): [VERBOSE1:btm_ble_gap.cc(1847)] btm_ble_process_adv_addr: bda=56:23:e7:94:9e:a9
09-01 14:32:34.138 V/bt_stack( 8588): [VERBOSE1:btm_ble_gap.cc(2052)]  Waiting for scan response 56:23:e7:94:9e:a9
09-01 14:32:34.138 V/bt_stack( 8588): [VERBOSE1:btm_ble_gap.cc(1923)] btm_ble_process_ext_adv_pkt: bda=56:23:e7:94:9e:a9
09-01 14:32:34.138 V/bt_stack( 8588): [VERBOSE1:btm_ble_gap.cc(1847)] btm_ble_process_adv_addr: bda=56:23:e7:94:9e:a9
09-01 14:32:34.138 D/BluetoothUtils( 8588): blockedByLocationOff callingUid=1002
09-01 14:32:34.139 I/BluetoothUtils( 8588): packagename is android.uid.bluetooth:1002 ,and its permission is false
09-01 14:32:34.139 D/BluetoothUtils( 8588): blockedByLocationOff callingUid=1002
09-01 14:32:34.139 I/BluetoothUtils( 8588): packagename is android.uid.bluetooth:1002 ,and its permission is false
09-01 14:32:34.139 D/BluetoothUtils( 8588): blockedByLocationOff callingUid=1002
09-01 14:32:34.139 I/BluetoothUtils( 8588): packagename is android.uid.bluetooth:1002 ,and its permission is false
09-01 14:32:34.141 D/BluetoothAdapter( 9745): stopLeScan()
09-01 14:32:34.141 D/BluetoothAdapter( 9745): isLeEnabled(): ON
09-01 14:32:34.142 D/BtGatt.GattService( 8588): stopScan() - queue size =3
09-01 14:32:34.142 I/BtGatt.ScanManager( 8588): msg.what = 1
09-01 14:32:34.142 D/BtGatt.GattService( 8588): unregisterScanner() - scannerId=18
09-01 14:32:34.142 V/bt_stack( 8588): [VERBOSE1:gatt_api.cc(1000)] GATT_Deregister gatt_if=18
09-01 14:32:34.142 V/bt_stack( 8588): [VERBOSE1:gatt_main.cc(1079)] gatt_get_ch_state: ch_state=4
09-01 14:32:34.142 V/bt_stack( 8588): [VERBOSE1:gatt_main.cc(307)] gatt_is_app_holding_linkgatt_if= 18not found;
09-01 14:32:34.142 V/bt_stack( 8588): [VERBOSE1:gatt_main.cc(359)] gatt_update_app_use_link_flag: is_add=0 chk_link=1
09-01 14:32:34.142 I/vendor.qti.bluetooth@1.0-ibs_handler(19843): DeviceWakeUp: Writing IBS_WAKE_IND
09-01 14:32:34.143 V/bt_stack( 8588): [VERBOSE1:gatt_main.cc(325)] gatt_update_app_hold_link_status
09-01 14:32:34.143 V/bt_stack( 8588): [VERBOSE1:gatt_main.cc(338)] attempt to remove nonexisting gatt_if=18
09-01 14:32:34.143 V/bt_stack( 8588): [VERBOSE1:connection_manager.cc(161)] on_app_deregistered : app_id 0x12
09-01 14:32:34.143 I/vendor.qti.bluetooth@1.0-ibs_handler(19843): ProcessIbsCmd: Received IBS_WAKE_ACK: 0xFC
09-01 14:32:34.144 D/PowerKeeperPolicy( 1639): stopLeScan: BleScanWrapper[mClientIf = 18 mPendingIntent=null] uid=10241BleScanWrapper[mClientIf = 18 mPendingIntent=null]
09-01 14:32:34.144 D/BluetoothAdapter( 9745): startLeScan(): null
09-01 14:32:34.144 D/BtGatt.GattService( 8588): onScanFilterParamsConfigured() - clientIf=18, status=0, action=1, availableSpace=11
09-01 14:32:34.144 D/BtGatt.ScanManager( 8588): callback done for scannerId - 18 status - 0
09-01 14:32:34.144 D/BtGatt.ScanManager( 8588): configureRegularScanParams() - queue=2
09-01 14:32:34.144 D/BtGatt.ScanManager( 8588): configureRegularScanParams() - ScanSetting LE 1M Scan mode=0ScanSetting LE Coded Scan mode=0 mLastConfiguredScanSettingLE1M=2 mLastConfiguredScanSettingLECoded=2scanPhy=255
09-01 14:32:34.145 D/BluetoothAdapter( 9745): isLeEnabled(): ON
09-01 14:32:34.145 D/BtGatt.ScanManager( 8588): configureRegularScanParams - scanInterval LE 1M = 1500configureRegularScanParams - scanWindow LE 1M= 150configureRegularScanParams - scanInterval LE Coded= 1500configureRegularScanParams - scanWindow LE Coded= 150
09-01 14:32:34.146 D/BtGatt.GattService( 8588): onScanParamSetupCompleted : 0
09-01 14:32:34.146 D/BtGatt.GattService( 8588): registerScanner() - UUID=323a9cc6-9da0-44f7-a6f0-3b6cbcb2de9c
09-01 14:32:34.146 V/bt_stack( 8588): [VERBOSE1:bta_gattc_act.cc(175)] bta_gattc_register: state:2
09-01 14:32:34.146 I/bt_stack( 8588): [INFO:gatt_api.cc(957)] GATT_Register f216445f-5dfa-8ac6-57c1-2bbfc1fed95f
09-01 14:32:34.146 I/bt_stack( 8588): [INFO:gatt_api.cc(977)] allocated gatt_if=18
09-01 14:32:34.146 V/bt_stack( 8588): [VERBOSE1:gatt_api.cc(1087)] GATT_StartIf gatt_if=18
09-01 14:32:34.146 V/bt_stack( 8588): [VERBOSE1:gatt_utils.cc(254)] gatt_find_the_connected_bda start_idx=0
09-01 14:32:34.146 V/bt_stack( 8588): [VERBOSE1:gatt_utils.cc(262)]  bda :c3:d4:f4:e3:11:ec
09-01 14:32:34.146 V/bt_stack( 8588): [VERBOSE1:gatt_utils.cc(266)]  found=1 found_idx=0
09-01 14:32:34.146 V/bt_stack( 8588): [VERBOSE1:gatt_utils.cc(254)] gatt_find_the_connected_bda start_idx=1
09-01 14:32:34.146 V/bt_stack( 8588): [VERBOSE1:gatt_utils.cc(266)]  found=0 found_idx=10
09-01 14:32:34.146 V/bt_stack( 8588): [VERBOSE1:bta_gattc_main.cc(361)] bta_gattc_hdl_event: Event:BTA_GATTC_INT_CONN_EVT
09-01 14:32:34.146 D/BtGatt.GattService( 8588): onScannerRegistered() - UUID=323a9cc6-9da0-44f7-a6f0-3b6cbcb2de9c, scannerId=18, status=0
09-01 14:32:34.146 V/bt_stack( 8588): [VERBOSE1:bta_gattc_main.cc(385)] Ignore unknown conn ID: 18
09-01 14:32:34.147 D/BluetoothLeScanner( 9745): onScannerRegistered() - status=0 scannerId=18 mScannerId=0
09-01 14:32:34.148 D/PowerKeeperPolicy( 1639): isLeScanAllowed: uid = 10241, allow = true
09-01 14:32:34.148 D/BtGatt.GattService( 8588): start scan with filters. callingPackage: com.xiaomi.hm.health
09-01 14:32:34.150 D/BluetoothUtils( 8588): blockedByLocationOff callingUid=10241
09-01 14:32:34.150 I/BluetoothUtils( 8588): packagename is com.xiaomi.hm.health ,and its permission is false
09-01 14:32:34.151 I/BtGatt.ScanManager( 8588): msg.what = 0
09-01 14:32:34.151 D/BtGatt.ScanManager( 8588): handling starting scan
09-01 14:32:34.152 D/BtGatt.ScanManager( 8588): isAptXLowLatencyModeEnabled: false
09-01 14:32:34.154 D/PowerKeeperPolicy( 1639): startLeScan: BleScanWrapper[mClientIf = 18 mPendingIntent=null] uid=10241
09-01 14:32:34.154 D/PowerKeeperPolicy( 1639): uid = 10241 setAllowed, allowed = true
09-01 14:32:34.154 D/PowerKeeperPolicy( 1639): uid = 10241 setScanning, scanning = true
09-01 14:32:34.154 D/PowerKeeperPolicy( 1639): startLeScan, uid = 10241 is scanning
09-01 14:32:34.154 D/BtGatt.GattService( 8588): onScanFilterEnableDisabled() - clientIf=18, status=0, action=1
09-01 14:32:34.154 D/BtGatt.ScanManager( 8588): callback done for scannerId - 18 status - 0
09-01 14:32:34.154 D/BtGatt.ScanManager( 8588): configureFilterParamter 500 10000 1 0, deliveryMode=0
09-01 14:32:34.156 D/BtGatt.GattService( 8588): onScanFilterParamsConfigured() - clientIf=18, status=0, action=0, availableSpace=10
09-01 14:32:34.156 D/BtGatt.ScanManager( 8588): callback done for scannerId - 18 status - 0
09-01 14:32:34.156 D/BtGatt.ScanManager( 8588): configureRegularScanParams() - queue=3
09-01 14:32:34.156 D/BtGatt.ScanManager( 8588): configureRegularScanParams() - ScanSetting LE 1M Scan mode=2ScanSetting LE Coded Scan mode=2 mLastConfiguredScanSettingLE1M=0 mLastConfiguredScanSettingLECoded=0scanPhy=255
09-01 14:32:34.156 D/BtGatt.ScanManager( 8588): configureRegularScanParams - scanInterval LE 1M = 4096configureRegularScanParams - scanWindow LE 1M= 4096configureRegularScanParams - scanInterval LE Coded= 4096configureRegularScanParams - scanWindow LE Coded= 4096
09-01 14:32:34.156 D/BtGatt.GattService( 8588): onScanParamSetupCompleted : 0
09-01 14:32:34.166 V/bt_stack( 8588): [VERBOSE1:btm_ble_gap.cc(1923)] btm_ble_process_ext_adv_pkt: bda=0c:1a:06:0e:96:57
09-01 14:32:34.166 V/bt_stack( 8588): [VERBOSE1:btm_ble_gap.cc(1847)] btm_ble_process_adv_addr: bda=0c:1a:06:0e:96:57
09-01 14:32:34.167 D/BluetoothUtils( 8588): blockedByLocationOff callingUid=1002
09-01 14:32:34.167 I/BluetoothUtils( 8588): packagename is android.uid.bluetooth:1002 ,and its permission is false
09-01 14:32:34.168 D/BluetoothUtils( 8588): blockedByLocationOff callingUid=1002
09-01 14:32:34.168 I/BluetoothUtils( 8588): packagename is android.uid.bluetooth:1002 ,and its permission is false
09-01 14:32:34.168 D/BluetoothUtils( 8588): blockedByLocationOff callingUid=1002
09-01 14:32:34.169 I/BluetoothUtils( 8588): packagename is android.uid.bluetooth:1002 ,and its permission is false
09-01 14:32:34.179 V/bt_stack( 8588): [VERBOSE1:btm_ble_gap.cc(1923)] btm_ble_process_ext_adv_pkt: bda=24:65:c8:81:ba:6f
09-01 14:32:34.179 V/bt_stack( 8588): [VERBOSE1:btm_ble_gap.cc(1847)] btm_ble_process_adv_addr: bda=24:65:c8:81:ba:6f
09-01 14:32:34.180 D/BluetoothUtils( 8588): blockedByLocationOff callingUid=1002
09-01 14:32:34.180 I/BluetoothUtils( 8588): packagename is android.uid.bluetooth:1002 ,and its permission is false
09-01 14:32:34.180 D/BluetoothUtils( 8588): blockedByLocationOff callingUid=1002
09-01 14:32:34.181 I/BluetoothUtils( 8588): packagename is android.uid.bluetooth:1002 ,and its permission is false
09-01 14:32:34.181 D/BluetoothUtils( 8588): blockedByLocationOff callingUid=1002
09-01 14:32:34.181 I/BluetoothUtils( 8588): packagename is android.uid.bluetooth:1002 ,and its permission is false
09-01 14:32:34.185 I/appium  ( 9696): AppiumResponse: {"sessionId":"f134a94f-7c6f-46ba-965f-e61e75cb9df7","value":"iVBORw0KGgoAAAANSUhEUgAABDgAAAkkCAYAAAD508+vAAAAAXNSR0IArs4c6QAAAARzQklUCAgI\nCHwIZIgAACAASURBVHic7N15fFNV3j\/wz83SnW5YKJXSUqBAQSg7OEJFKZRVRMddHFFnGHEUGEd5\nfFx+Mi6PK8gMOvOMKKiDjyuiAgoItjCCQGlB1oItpaUt3fctyb2\/P5J7c9OkbdqkS8rn\/Xppk5u7\...
09-01 14:32:34.187 V/bt_stack( 8588): [VERBOSE1:btm_ble_gap.cc(1923)] btm_ble_process_ext_adv_pkt: bda=12:f7:c7:df:cb:b1
09-01 14:32:34.187 V/bt_stack( 8588): [VERBOSE1:btm_ble_gap.cc(1847)] btm_ble_process_adv_addr: bda=12:f7:c7:df:cb:b1
09-01 14:32:34.188 D/BluetoothUtils( 8588): blockedByLocationOff callingUid=1002
09-01 14:32:34.188 I/BluetoothUtils( 8588): packagename is android.uid.bluetooth:1002 ,and its permission is false
09-01 14:32:34.189 D/BluetoothUtils( 8588): blockedByLocationOff callingUid=1002
09-01 14:32:34.189 I/BluetoothUtils( 8588): packagename is android.uid.bluetooth:1002 ,and its permission is false
09-01 14:32:34.189 D/BluetoothUtils( 8588): blockedByLocationOff callingUid=1002
09-01 14:32:34.189 I/BluetoothUtils( 8588): packagename is android.uid.bluetooth:1002 ,and its permission is false
09-01 14:32:34.190 V/bt_stack( 8588): [VERBOSE1:btm_ble_gap.cc(1923)] btm_ble_process_ext_adv_pkt: bda=0a:29:89:b7:c8:4a
09-01 14:32:34.190 V/bt_stack( 8588): [VERBOSE1:btm_ble_gap.cc(1847)] btm_ble_process_adv_addr: bda=0a:29:89:b7:c8:4a
09-01 14:32:34.191 V/bt_stack( 8588): [VERBOSE1:btm_ble_gap.cc(1923)] btm_ble_process_ext_adv_pkt: bda=2a:1b:52:ac:62:5d
09-01 14:32:34.191 V/bt_stack( 8588): [VERBOSE1:btm_ble_gap.cc(1847)] btm_ble_process_adv_addr: bda=2a:1b:52:ac:62:5d
09-01 14:32:34.191 D/BluetoothUtils( 8588): blockedByLocationOff callingUid=1002
09-01 14:32:34.191 I/BluetoothUtils( 8588): packagename is android.uid.bluetooth:1002 ,and its permission is false
09-01 14:32:34.192 D/BluetoothUtils( 8588): blockedByLocationOff callingUid=1002
09-01 14:32:34.192 I/BluetoothUtils( 8588): packagename is android.uid.bluetooth:1002 ,and its permission is false
09-01 14:32:34.192 D/BluetoothUtils( 8588): blockedByLocationOff callingUid=1002
09-01 14:32:34.192 I/BluetoothUtils( 8588): packagename is android.uid.bluetooth:1002 ,and its permission is false
09-01 14:32:34.193 D/BluetoothUtils( 8588): blockedByLocationOff callingUid=1002
09-01 14:32:34.193 I/BluetoothUtils( 8588): packagename is android.uid.bluetooth:1002 ,and its permission is false
09-01 14:32:34.194 D/BluetoothUtils( 8588): blockedByLocationOff callingUid=1002
09-01 14:32:34.194 I/BluetoothUtils( 8588): packagename is android.uid.bluetooth:1002 ,and its permission is false
09-01 14:32:34.194 D/BluetoothUtils( 8588): blockedByLocationOff callingUid=1002
09-01 14:32:34.194 I/BluetoothUtils( 8588): packagename is android.uid.bluetooth:1002 ,and its permission is false
09-01 14:32:34.200 V/bt_stack( 8588): [VERBOSE1:btm_ble_gap.cc(1923)] btm_ble_process_ext_adv_pkt: bda=51:3d:ce:84:6a:38
09-01 14:32:34.200 V/bt_stack( 8588): [VERBOSE1:btm_ble_gap.cc(1847)] btm_ble_process_adv_addr: bda=51:3d:ce:84:6a:38
09-01 14:32:34.200 V/bt_stack( 8588): [VERBOSE1:btm_ble_gap.cc(2052)]  Waiting for scan response 51:3d:ce:84:6a:38
09-01 14:32:34.200 V/bt_stack( 8588): [VERBOSE1:btm_ble_gap.cc(1923)] btm_ble_process_ext_adv_pkt: bda=2a:99:8c:12:d1:b1
09-01 14:32:34.200 V/bt_stack( 8588): [VERBOSE1:btm_ble_gap.cc(1847)] btm_ble_process_adv_addr: bda=2a:99:8c:12:d1:b1
09-01 14:32:34.201 D/BluetoothUtils( 8588): blockedByLocationOff callingUid=1002
09-01 14:32:34.202 I/BluetoothUtils( 8588): packagename is android.uid.bluetooth:1002 ,and its permission is false
09-01 14:32:34.202 V/bt_stack( 8588): [VERBOSE1:btm_ble_gap.cc(1923)] btm_ble_process_ext_adv_pkt: bda=36:c9:49:a0:b6:9d
09-01 14:32:34.202 V/bt_stack( 8588): [VERBOSE1:btm_ble_gap.cc(1847)] btm_ble_process_adv_addr: bda=36:c9:49:a0:b6:9d
09-01 14:32:34.202 D/BluetoothUtils( 8588): blockedByLocationOff callingUid=1002
09-01 14:32:34.202 I/BluetoothUtils( 8588): packagename is android.uid.bluetooth:1002 ,and its permission is false
09-01 14:32:34.202 D/BluetoothUtils( 8588): blockedByLocationOff callingUid=1002
09-01 14:32:34.203 I/BluetoothUtils( 8588): packagename is android.uid.bluetooth:1002 ,and its permission is false
09-01 14:32:34.203 D/BluetoothUtils( 8588): blockedByLocationOff callingUid=1002
09-01 14:32:34.204 I/BluetoothUtils( 8588): packagename is android.uid.bluetooth:1002 ,and its permission is false
09-01 14:32:34.204 D/BluetoothUtils( 8588): blockedByLocationOff callingUid=1002
09-01 14:32:34.204 I/BluetoothUtils( 8588): packagename is android.uid.bluetooth:1002 ,and its permission is false
09-01 14:32:34.204 D/BluetoothUtils( 8588): blockedByLocationOff callingUid=1002
09-01 14:32:34.204 I/BluetoothUtils( 8588): packagename is android.uid.bluetooth:1002 ,and its permission is false
09-01 14:32:34.212 V/bt_stack( 8588): [VERBOSE1:btm_ble_gap.cc(1923)] btm_ble_process_ext_adv_pkt: bda=2e:17:70:f9:0b:48
09-01 14:32:34.212 V/bt_stack( 8588): [VERBOSE1:btm_ble_gap.cc(1847)] btm_ble_process_adv_addr: bda=2e:17:70:f9:0b:48
09-01 14:32:34.213 D/BluetoothUtils( 8588): blockedByLocationOff callingUid=1002
09-01 14:32:34.214 I/BluetoothUtils( 8588): packagename is android.uid.bluetooth:1002 ,and its permission is false
09-01 14:32:34.214 D/BluetoothUtils( 8588): blockedByLocationOff callingUid=1002
09-01 14:32:34.214 I/BluetoothUtils( 8588): packagename is android.uid.bluetooth:1002 ,and its permission is false
09-01 14:32:34.214 D/BluetoothUtils( 8588): blockedByLocationOff callingUid=1002
09-01 14:32:34.215 I/BluetoothUtils( 8588): packagename is android.uid.bluetooth:1002 ,and its permission is false
09-01 14:32:34.226 V/bt_stack( 8588): [VERBOSE1:btm_ble_gap.cc(1923)] btm_ble_process_ext_adv_pkt: bda=06:fa:50:9b:39:c0
09-01 14:32:34.226 V/bt_stack( 8588): [VERBOSE1:btm_ble_gap.cc(1847)] btm_ble_process_adv_addr: bda=06:fa:50:9b:39:c0
09-01 14:32:34.228 D/BluetoothUtils( 8588): blockedByLocationOff callingUid=1002
09-01 14:32:34.228 I/BluetoothUtils( 8588): packagename is android.uid.bluetooth:1002 ,and its permission is false
09-01 14:32:34.229 D/BluetoothUtils( 8588): blockedByLocationOff callingUid=1002
09-01 14:32:34.229 I/BluetoothUtils( 8588): packagename is android.uid.bluetooth:1002 ,and its permission is false
09-01 14:32:34.229 D/BluetoothUtils( 8588): blockedByLocationOff callingUid=1002
09-01 14:32:34.230 I/BluetoothUtils( 8588): packagename is android.uid.bluetooth:1002 ,and its permission is false
09-01 14:32:34.252 V/bt_stack( 8588): [VERBOSE1:btm_ble_gap.cc(1923)] btm_ble_process_ext_adv_pkt: bda=55:f3:e0:9e:46:e1
09-01 14:32:34.253 V/bt_stack( 8588): [VERBOSE1:btm_ble_gap.cc(1847)] btm_ble_process_adv_addr: bda=55:f3:e0:9e:46:e1
09-01 14:32:34.253 V/bt_stack( 8588): [VERBOSE1:btm_ble_gap.cc(2052)]  Waiting for scan response 55:f3:e0:9e:46:e1
09-01 14:32:34.253 V/bt_stack( 8588): [VERBOSE1:btm_ble_gap.cc(1923)] btm_ble_process_ext_adv_pkt: bda=17:be:83:99:5a:17
09-01 14:32:34.253 V/bt_stack( 8588): [VERBOSE1:btm_ble_gap.cc(1847)] btm_ble_process_adv_addr: bda=17:be:83:99:5a:17
09-01 14:32:34.255 D/BluetoothUtils( 8588): blockedByLocationOff callingUid=1002
09-01 14:32:34.255 I/BluetoothUtils( 8588): packagename is android.uid.bluetooth:1002 ,and its permission is false
09-01 14:32:34.256 D/BluetoothUtils( 8588): blockedByLocationOff callingUid=1002
09-01 14:32:34.256 I/BluetoothUtils( 8588): packagename is android.uid.bluetooth:1002 ,and its permission is false
09-01 14:32:34.256 D/BluetoothUtils( 8588): blockedByLocationOff callingUid=1002
09-01 14:32:34.256 I/BluetoothUtils( 8588): packagename is android.uid.bluetooth:1002 ,and its permission is false
09-01 14:32:34.270 V/bt_stack( 8588): [VERBOSE1:btm_ble_gap.cc(1923)] btm_ble_process_ext_adv_pkt: bda=0c:1a:06:0e:96:57
09-01 14:32:34.271 V/bt_stack( 8588): [VERBOSE1:btm_ble_gap.cc(1847)] btm_ble_process_adv_addr: bda=0c:1a:06:0e:96:57
09-01 14:32:34.272 V/bt_stack( 8588): [VERBOSE1:btm_ble_gap.cc(1923)] btm_ble_process_ext_adv_pkt: bda=12:72:eb:81:32:03
09-01 14:32:34.272 V/bt_stack( 8588): [VERBOSE1:btm_ble_gap.cc(1847)] btm_ble_process_adv_addr: bda=12:72:eb:81:32:03
09-01 14:32:34.273 V/bt_stack( 8588): [VERBOSE1:btm_ble_gap.cc(1923)] btm_ble_process_ext_adv_pkt: bda=19:ad:01:0d:ee:7c
09-01 14:32:34.273 D/BluetoothUtils( 8588): blockedByLocationOff callingUid=1002
09-01 14:32:34.273 V/bt_stack( 8588): [VERBOSE1:btm_ble_gap.cc(1847)] btm_ble_process_adv_addr: bda=19:ad:01:0d:ee:7c
09-01 14:32:34.274 I/BluetoothUtils( 8588): packagename is android.uid.bluetooth:1002 ,and its permission is false
09-01 14:32:34.274 D/BluetoothUtils( 8588): blockedByLocationOff callingUid=1002
09-01 14:32:34.274 I/BluetoothUtils( 8588): packagename is android.uid.bluetooth:1002 ,and its permission is false
09-01 14:32:34.274 V/bt_stack( 8588): [VERBOSE1:btm_ble_gap.cc(1923)] btm_ble_process_ext_adv_pkt: bda=38:f9:d3:45:87:1e
09-01 14:32:34.274 D/BluetoothUtils( 8588): blockedByLocationOff callingUid=1002
09-01 14:32:34.274 V/bt_stack( 8588): [VERBOSE1:btm_ble_gap.cc(1847)] btm_ble_process_adv_addr: bda=38:f9:d3:45:87:1e
09-01 14:32:34.274 V/bt_stack( 8588): [VERBOSE1:btm_ble_gap.cc(2052)]  Waiting for scan response 38:f9:d3:45:87:1e
09-01 14:32:34.274 V/bt_stack( 8588): [VERBOSE1:btm_ble_gap.cc(1923)] btm_ble_process_ext_adv_pkt: bda=38:f9:d3:45:87:1e
09-01 14:32:34.274 V/bt_stack( 8588): [VERBOSE1:btm_ble_gap.cc(1847)] btm_ble_process_adv_addr: bda=38:f9:d3:45:87:1e
09-01 14:32:34.274 I/BluetoothUtils( 8588): packagename is android.uid.bluetooth:1002 ,and its permission is false
09-01 14:32:34.275 D/BluetoothUtils( 8588): blockedByLocationOff callingUid=1002
09-01 14:32:34.276 I/BluetoothUtils( 8588): packagename is android.uid.bluetooth:1002 ,and its permission is false
09-01 14:32:34.276 D/BluetoothUtils( 8588): blockedByLocationOff callingUid=1002
09-01 14:32:34.276 I/BluetoothUtils( 8588): packagename is android.uid.bluetooth:1002 ,and its permission is false
09-01 14:32:34.276 D/BluetoothUtils( 8588): blockedByLocationOff callingUid=1002
09-01 14:32:34.276 I/BluetoothUtils( 8588): packagename is android.uid.bluetooth:1002 ,and its permission is false
09-01 14:32:34.277 D/BluetoothUtils( 8588): blockedByLocationOff callingUid=1002
09-01 14:32:34.277 I/BluetoothUtils( 8588): packagename is android.uid.bluetooth:1002 ,and its permission is false
09-01 14:32:34.277 D/BluetoothUtils( 8588): blockedByLocationOff callingUid=1002
09-01 14:32:34.278 I/BluetoothUtils( 8588): packagename is android.uid.bluetooth:1002 ,and its permission is false
09-01 14:32:34.278 D/BluetoothUtils( 8588): blockedByLocationOff callingUid=1002
09-01 14:32:34.278 I/BluetoothUtils( 8588): packagename is android.uid.bluetooth:1002 ,and its permission is false
09-01 14:32:34.279 D/BluetoothUtils( 8588): blockedByLocationOff callingUid=1002
09-01 14:32:34.279 I/BluetoothUtils( 8588): packagename is android.uid.bluetooth:1002 ,and its permission is false
09-01 14:32:34.279 D/BluetoothUtils( 8588): blockedByLocationOff callingUid=1002
09-01 14:32:34.279 I/BluetoothUtils( 8588): packagename is android.uid.bluetooth:1002 ,and its permission is false
09-01 14:32:34.279 D/BluetoothUtils( 8588): blockedByLocationOff callingUid=1002
09-01 14:32:34.280 I/BluetoothUtils( 8588): packagename is android.uid.bluetooth:1002 ,and its permission is false
09-01 14:32:34.284 V/bt_stack( 8588): [VERBOSE1:btm_ble_gap.cc(1923)] btm_ble_process_ext_adv_pkt: bda=24:65:c8:81:ba:6f
09-01 14:32:34.284 V/bt_stack( 8588): [VERBOSE1:btm_ble_gap.cc(1847)] btm_ble_process_adv_addr: bda=24:65:c8:81:ba:6f
09-01 14:32:34.285 D/BluetoothUtils( 8588): blockedByLocationOff callingUid=1002
09-01 14:32:34.286 I/BluetoothUtils( 8588): packagename is android.uid.bluetooth:1002 ,and its permission is false
09-01 14:32:34.286 D/BluetoothUtils( 8588): blockedByLocationOff callingUid=1002
09-01 14:32:34.286 I/BluetoothUtils( 8588): packagename is android.uid.bluetooth:1002 ,and its permission is false
09-01 14:32:34.286 D/BluetoothUtils( 8588): blockedByLocationOff callingUid=1002
09-01 14:32:34.287 I/BluetoothUtils( 8588): packagename is android.uid.bluetooth:1002 ,and its permission is false
09-01 14:32:34.290 V/bt_stack( 8588): [VERBOSE1:btm_ble_gap.cc(1923)] btm_ble_process_ext_adv_pkt: bda=0a:29:89:b7:c8:4a
09-01 14:32:34.290 V/bt_stack( 8588): [VERBOSE1:btm_ble_gap.cc(1847)] btm_ble_process_adv_addr: bda=0a:29:89:b7:c8:4a
09-01 14:32:34.291 D/BluetoothUtils( 8588): blockedByLocationOff callingUid=1002
09-01 14:32:34.291 I/BluetoothUtils( 8588): packagename is android.uid.bluetooth:1002 ,and its permission is false
09-01 14:32:34.292 D/BluetoothUtils( 8588): blockedByLocationOff callingUid=1002
09-01 14:32:34.292 I/BluetoothUtils( 8588): packagename is android.uid.bluetooth:1002 ,and its permission is false
09-01 14:32:34.292 D/BluetoothUtils( 8588): blockedByLocationOff callingUid=1002
09-01 14:32:34.292 I/BluetoothUtils( 8588): packagename is android.uid.bluetooth:1002 ,and its permission is false
09-01 14:32:34.298 V/bt_stack( 8588): [VERBOSE1:btm_ble_gap.cc(1923)] btm_ble_process_ext_adv_pkt: bda=2a:1b:52:ac:62:5d
09-01 14:32:34.298 V/bt_stack( 8588): [VERBOSE1:btm_ble_gap.cc(1847)] btm_ble_process_adv_addr: bda=2a:1b:52:ac:62:5d
09-01 14:32:34.300 D/BluetoothUtils( 8588): blockedByLocationOff callingUid=1002
09-01 14:32:34.300 I/BluetoothUtils( 8588): packagename is android.uid.bluetooth:1002 ,and its permission is false
09-01 14:32:34.300 D/BluetoothUtils( 8588): blockedByLocationOff callingUid=1002
09-01 14:32:34.301 I/BluetoothUtils( 8588): packagename is android.uid.bluetooth:1002 ,and its permission is false
09-01 14:32:34.301 D/BluetoothUtils( 8588): blockedByLocationOff callingUid=1002
09-01 14:32:34.301 I/BluetoothUtils( 8588): packagename is android.uid.bluetooth:1002 ,and its permission is false
09-01 14:32:34.307 V/bt_stack( 8588): [VERBOSE1:btm_ble_gap.cc(1923)] btm_ble_process_ext_adv_pkt: bda=f2:58:f4:89:d0:4a
09-01 14:32:34.307 V/bt_stack( 8588): [VERBOSE1:btm_ble_gap.cc(1847)] btm_ble_process_adv_addr: bda=f2:58:f4:89:d0:4a
09-01 14:32:34.307 V/bt_stack( 8588): [VERBOSE1:btm_ble_gap.cc(2052)]  Waiting for scan response f2:58:f4:89:d0:4a
09-01 14:32:34.307 V/bt_stack( 8588): [VERBOSE1:btm_ble_gap.cc(1923)] btm_ble_process_ext_adv_pkt: bda=2a:99:8c:12:d1:b1
09-01 14:32:34.307 V/bt_stack( 8588): [VERBOSE1:btm_ble_gap.cc(1847)] btm_ble_process_adv_addr: bda=2a:99:8c:12:d1:b1
09-01 14:32:34.309 D/BluetoothUtils( 8588): blockedByLocationOff callingUid=1002
09-01 14:32:34.309 I/BluetoothUtils( 8588): packagename is android.uid.bluetooth:1002 ,and its permission is false
09-01 14:32:34.309 D/BluetoothUtils( 8588): blockedByLocationOff callingUid=1002
09-01 14:32:34.309 I/BluetoothUtils( 8588): packagename is android.uid.bluetooth:1002 ,and its permission is false
09-01 14:32:34.309 D/BluetoothUtils( 8588): blockedByLocationOff callingUid=1002
09-01 14:32:34.310 I/BluetoothUtils( 8588): packagename is android.uid.bluetooth:1002 ,and its permission is false
09-01 14:32:34.317 V/bt_stack( 8588): [VERBOSE1:btm_ble_gap.cc(1923)] btm_ble_process_ext_adv_pkt: bda=2e:17:70:f9:0b:48
09-01 14:32:34.317 V/bt_stack( 8588): [VERBOSE1:btm_ble_gap.cc(1847)] btm_ble_process_adv_addr: bda=2e:17:70:f9:0b:48
09-01 14:32:34.318 D/BluetoothUtils( 8588): blockedByLocationOff callingUid=1002
09-01 14:32:34.319 I/BluetoothUtils( 8588): packagename is android.uid.bluetooth:1002 ,and its permission is false
09-01 14:32:34.319 D/BluetoothUtils( 8588): blockedByLocationOff callingUid=1002
09-01 14:32:34.319 I/BluetoothUtils( 8588): packagename is android.uid.bluetooth:1002 ,and its permission is false
09-01 14:32:34.320 D/BluetoothUtils( 8588): blockedByLocationOff callingUid=1002
09-01 14:32:34.320 I/BluetoothUtils( 8588): packagename is android.uid.bluetooth:1002 ,and its permission is false
09-01 14:32:34.357 I/vendor.qti.bluetooth@1.0-ibs_handler(19843): ProcessIbsCmd: Received IBS_SLEEP_IND: 0xFE
09-01 14:32:34.359 I/vendor.qti.bluetooth@1.0-ibs_handler(19843): ProcessIbsCmd: Received IBS_WAKE_IND: 0xFD
09-01 14:32:34.359 I/vendor.qti.bluetooth@1.0-ibs_handler(19843): ProcessIbsCmd: Writing IBS_WAKE_ACK
09-01 14:32:34.361 V/bt_stack( 8588): [VERBOSE1:btm_ble_gap.cc(1923)] btm_ble_process_ext_adv_pkt: bda=56:23:e7:94:9e:a9
09-01 14:32:34.361 V/bt_stack( 8588): [VERBOSE1:btm_ble_gap.cc(1847)] btm_ble_process_adv_addr: bda=56:23:e7:94:9e:a9
09-01 14:32:34.361 V/bt_stack( 8588): [VERBOSE1:btm_ble_gap.cc(2052)]  Waiting for scan response 56:23:e7:94:9e:a9
09-01 14:32:34.361 V/bt_stack( 8588): [VERBOSE1:btm_ble_gap.cc(1923)] btm_ble_process_ext_adv_pkt: bda=17:be:83:99:5a:17
09-01 14:32:34.361 I/appium  ( 9696): channel read invoked!
09-01 14:32:34.361 V/bt_stack( 8588): [VERBOSE1:btm_ble_gap.cc(1847)] btm_ble_process_adv_addr: bda=17:be:83:99:5a:17
09-01 14:32:34.361 I/appium  ( 9696): channel read: POST /wd/hub/session/f134a94f-7c6f-46ba-965f-e61e75cb9df7/elements
09-01 14:32:34.364 I/appium  ( 9696): Find elements command using 'id' with selector 'right_value'.
09-01 14:32:34.364 D/BluetoothUtils( 8588): blockedByLocationOff callingUid=1002
09-01 14:32:34.365 I/appium  ( 9696): Waiting up to 10000ms for device to be idle
09-01 14:32:34.365 I/BluetoothUtils( 8588): packagename is android.uid.bluetooth:1002 ,and its permission is false
09-01 14:32:34.365 D/BluetoothUtils( 8588): blockedByLocationOff callingUid=1002
09-01 14:32:34.365 I/BluetoothUtils( 8588): packagename is android.uid.bluetooth:1002 ,and its permission is false
09-01 14:32:34.365 D/BluetoothUtils( 8588): blockedByLocationOff callingUid=1002
09-01 14:32:34.366 I/BluetoothUtils( 8588): packagename is android.uid.bluetooth:1002 ,and its permission is false
09-01 14:32:34.373 V/bt_stack( 8588): [VERBOSE1:btm_ble_gap.cc(1923)] btm_ble_process_ext_adv_pkt: bda=53:20:ff:cd:6c:a4
09-01 14:32:34.373 V/bt_stack( 8588): [VERBOSE1:btm_ble_gap.cc(1847)] btm_ble_process_adv_addr: bda=53:20:ff:cd:6c:a4
09-01 14:32:34.373 V/bt_stack( 8588): [VERBOSE1:btm_ble_gap.cc(2052)]  Waiting for scan response 53:20:ff:cd:6c:a4
09-01 14:32:34.373 V/bt_stack( 8588): [VERBOSE1:btm_ble_gap.cc(1923)] btm_ble_process_ext_adv_pkt: bda=2d:8f:df:c2:a9:d4
09-01 14:32:34.373 V/bt_stack( 8588): [VERBOSE1:btm_ble_gap.cc(1847)] btm_ble_process_adv_addr: bda=2d:8f:df:c2:a9:d4
09-01 14:32:34.375 D/BluetoothUtils( 8588): blockedByLocationOff callingUid=1002
09-01 14:32:34.376 I/BluetoothUtils( 8588): packagename is android.uid.bluetooth:1002 ,and its permission is false
09-01 14:32:34.376 D/BluetoothUtils( 8588): blockedByLocationOff callingUid=1002
09-01 14:32:34.376 I/BluetoothUtils( 8588): packagename is android.uid.bluetooth:1002 ,and its permission is false
09-01 14:32:34.376 D/BluetoothUtils( 8588): blockedByLocationOff callingUid=1002
09-01 14:32:34.377 I/BluetoothUtils( 8588): packagename is android.uid.bluetooth:1002 ,and its permission is false
09-01 14:32:34.378 V/bt_stack( 8588): [VERBOSE1:btm_ble_gap.cc(1923)] btm_ble_process_ext_adv_pkt: bda=12:72:eb:81:32:03
09-01 14:32:34.378 V/bt_stack( 8588): [VERBOSE1:btm_ble_gap.cc(1847)] btm_ble_process_adv_addr: bda=12:72:eb:81:32:03
09-01 14:32:34.379 D/BluetoothUtils( 8588): blockedByLocationOff callingUid=1002
09-01 14:32:34.380 I/BluetoothUtils( 8588): packagename is android.uid.bluetooth:1002 ,and its permission is false
09-01 14:32:34.380 D/BluetoothUtils( 8588): blockedByLocationOff callingUid=1002
09-01 14:32:34.380 I/BluetoothUtils( 8588): packagename is android.uid.bluetooth:1002 ,and its permission is false
09-01 14:32:34.380 D/BluetoothUtils( 8588): blockedByLocationOff callingUid=1002
09-01 14:32:34.381 I/BluetoothUtils( 8588): packagename is android.uid.bluetooth:1002 ,and its permission is false
09-01 14:32:34.394 V/bt_stack( 8588): [VERBOSE1:btm_ble_gap.cc(1923)] btm_ble_process_ext_adv_pkt: bda=55:a7:aa:ab:14:9f
09-01 14:32:34.394 V/bt_stack( 8588): [VERBOSE1:btm_ble_gap.cc(1847)] btm_ble_process_adv_addr: bda=55:a7:aa:ab:14:9f
09-01 14:32:34.394 V/bt_stack( 8588): [VERBOSE1:btm_ble_gap.cc(2052)]  Waiting for scan response 55:a7:aa:ab:14:9f
09-01 14:32:34.394 V/bt_stack( 8588): [VERBOSE1:btm_ble_gap.cc(1923)] btm_ble_process_ext_adv_pkt: bda=24:65:c8:81:ba:6f
09-01 14:32:34.394 V/bt_stack( 8588): [VERBOSE1:btm_ble_gap.cc(1847)] btm_ble_process_adv_addr: bda=24:65:c8:81:ba:6f
09-01 14:32:34.397 V/bt_stack( 8588): [VERBOSE1:btm_ble_gap.cc(1923)] btm_ble_process_ext_adv_pkt: bda=2a:1b:52:ac:62:5d
09-01 14:32:34.397 D/BluetoothUtils( 8588): blockedByLocationOff callingUid=1002
09-01 14:32:34.397 V/bt_stack( 8588): [VERBOSE1:btm_ble_gap.cc(1847)] btm_ble_process_adv_addr: bda=2a:1b:52:ac:62:5d
09-01 14:32:34.398 I/BluetoothUtils( 8588): packagename is android.uid.bluetooth:1002 ,and its permission is false
09-01 14:32:34.398 D/BluetoothUtils( 8588): blockedByLocationOff callingUid=1002
09-01 14:32:34.399 I/BluetoothUtils( 8588): packagename is android.uid.bluetooth:1002 ,and its permission is false
09-01 14:32:34.399 D/BluetoothUtils( 8588): blockedByLocationOff callingUid=1002
09-01 14:32:34.400 I/BluetoothUtils( 8588): packagename is android.uid.bluetooth:1002 ,and its permission is false
09-01 14:32:34.401 D/BluetoothUtils( 8588): blockedByLocationOff callingUid=1002
09-01 14:32:34.402 I/BluetoothUtils( 8588): packagename is android.uid.bluetooth:1002 ,and its permission is false
09-01 14:32:34.403 D/BluetoothUtils( 8588): blockedByLocationOff callingUid=1002
09-01 14:32:34.403 I/BluetoothUtils( 8588): packagename is android.uid.bluetooth:1002 ,and its permission is false
09-01 14:32:34.404 D/BluetoothUtils( 8588): blockedByLocationOff callingUid=1002
09-01 14:32:34.404 I/BluetoothUtils( 8588): packagename is android.uid.bluetooth:1002 ,and its permission is false
09-01 14:32:34.424 V/bt_stack( 8588): [VERBOSE1:btm_ble_gap.cc(1923)] btm_ble_process_ext_adv_pkt: bda=54:fe:5c:4f:2d:8b
09-01 14:32:34.424 V/bt_stack( 8588): [VERBOSE1:btm_ble_gap.cc(1847)] btm_ble_process_adv_addr: bda=54:fe:5c:4f:2d:8b
09-01 14:32:34.424 V/bt_stack( 8588): [VERBOSE1:btm_ble_gap.cc(2052)]  Waiting for scan response 54:fe:5c:4f:2d:8b
09-01 14:32:34.424 V/bt_stack( 8588): [VERBOSE1:btm_ble_gap.cc(1923)] btm_ble_process_ext_adv_pkt: bda=2e:17:70:f9:0b:48
09-01 14:32:34.424 V/bt_stack( 8588): [VERBOSE1:btm_ble_gap.cc(1847)] btm_ble_process_adv_addr: bda=2e:17:70:f9:0b:48
09-01 14:32:34.427 D/BluetoothUtils( 8588): blockedByLocationOff callingUid=1002
09-01 14:32:34.427 I/BluetoothUtils( 8588): packagename is android.uid.bluetooth:1002 ,and its permission is false
09-01 14:32:34.428 D/BluetoothUtils( 8588): blockedByLocationOff callingUid=1002
09-01 14:32:34.428 I/BluetoothUtils( 8588): packagename is android.uid.bluetooth:1002 ,and its permission is false
09-01 14:32:34.429 D/BluetoothUtils( 8588): blockedByLocationOff callingUid=1002
09-01 14:32:34.429 I/BluetoothUtils( 8588): packagename is android.uid.bluetooth:1002 ,and its permission is false
09-01 14:32:34.448 V/bt_stack( 8588): [VERBOSE1:btm_ble_gap.cc(1923)] btm_ble_process_ext_adv_pkt: bda=66:db:a5:b4:54:91
09-01 14:32:34.448 V/bt_stack( 8588): [VERBOSE1:btm_ble_gap.cc(1847)] btm_ble_process_adv_addr: bda=66:db:a5:b4:54:91
09-01 14:32:34.448 V/bt_stack( 8588): [VERBOSE1:btm_ble_gap.cc(2052)]  Waiting for scan response 66:db:a5:b4:54:91
09-01 14:32:34.449 V/bt_stack( 8588): [VERBOSE1:btm_ble_gap.cc(1923)] btm_ble_process_ext_adv_pkt: bda=66:3e:07:e0:2b:d4
09-01 14:32:34.449 V/bt_stack( 8588): [VERBOSE1:btm_ble_gap.cc(1847)] btm_ble_process_adv_addr: bda=66:3e:07:e0:2b:d4
09-01 14:32:34.449 V/bt_stack( 8588): [VERBOSE1:btm_ble_gap.cc(2052)]  Waiting for scan response 66:3e:07:e0:2b:d4
09-01 14:32:34.449 V/bt_stack( 8588): [VERBOSE1:btm_ble_gap.cc(1923)] btm_ble_process_ext_adv_pkt: bda=66:3e:07:e0:2b:d4
09-01 14:32:34.449 V/bt_stack( 8588): [VERBOSE1:btm_ble_gap.cc(1847)] btm_ble_process_adv_addr: bda=66:3e:07:e0:2b:d4
09-01 14:32:34.450 D/BluetoothUtils( 8588): blockedByLocationOff callingUid=1002
09-01 14:32:34.451 I/BluetoothUtils( 8588): packagename is android.uid.bluetooth:1002 ,and its permission is false
09-01 14:32:34.451 D/BluetoothUtils( 8588): blockedByLocationOff callingUid=1002
09-01 14:32:34.452 I/BluetoothUtils( 8588): packagename is android.uid.bluetooth:1002 ,and its permission is false
09-01 14:32:34.452 D/BluetoothUtils( 8588): blockedByLocationOff callingUid=1002
09-01 14:32:34.453 I/BluetoothUtils( 8588): packagename is android.uid.bluetooth:1002 ,and its permission is false
09-01 14:32:34.453 V/bt_stack( 8588): [VERBOSE1:btm_ble_gap.cc(1923)] btm_ble_process_ext_adv_pkt: bda=56:e4:da:79:d5:88
09-01 14:32:34.453 V/bt_stack( 8588): [VERBOSE1:btm_ble_gap.cc(1847)] btm_ble_process_adv_addr: bda=56:e4:da:79:d5:88
