09-01 14:31:13.858 V/bt_stack( 8588): [VERBOSE1:btm_ble_gap.cc(1847)] btm_ble_process_adv_addr: bda=56:e4:da:79:d5:88
09-01 14:31:13.858 V/bt_stack( 8588): [VERBOSE1:btm_ble_gap.cc(2052)]  Waiting for scan response 56:e4:da:79:d5:88
09-01 14:31:13.858 V/bt_stack( 8588): [VERBOSE1:btm_ble_gap.cc(1923)] btm_ble_process_ext_adv_pkt: bda=56:e4:da:79:d5:88
09-01 14:31:13.858 V/bt_stack( 8588): [VERBOSE1:btm_ble_gap.cc(1847)] btm_ble_process_adv_addr: bda=56:e4:da:79:d5:88
09-01 14:31:13.859 D/BluetoothUtils( 8588): blockedByLocationOff callingUid=1002
09-01 14:31:13.859 I/BluetoothUtils( 8588): packagename is android.uid.bluetooth:1002 ,and its permission is false
09-01 14:31:13.859 D/BluetoothUtils( 8588): blockedByLocationOff callingUid=1002
09-01 14:31:13.860 I/BluetoothUtils( 8588): packagename is android.uid.bluetooth:1002 ,and its permission is false
09-01 14:31:13.860 D/BluetoothUtils( 8588): blockedByLocationOff callingUid=1002
09-01 14:31:13.860 I/BluetoothUtils( 8588): packagename is android.uid.bluetooth:1002 ,and its permission is false
09-01 14:31:13.870 V/bt_stack( 8588): [VERBOSE1:btm_ble_gap.cc(1923)] btm_ble_process_ext_adv_pkt: bda=ef:c7:41:c6:68:90
09-01 14:31:13.870 V/bt_stack( 8588): [VERBOSE1:btm_ble_gap.cc(1847)] btm_ble_process_adv_addr: bda=ef:c7:41:c6:68:90
09-01 14:31:13.870 V/bt_stack( 8588): [VERBOSE1:btm_ble_gap.cc(2052)]  Waiting for scan response ef:c7:41:c6:68:90
09-01 14:31:13.870 V/bt_stack( 8588): [VERBOSE1:btm_ble_gap.cc(1923)] btm_ble_process_ext_adv_pkt: bda=19:30:6d:c4:b5:5b
09-01 14:31:13.870 V/bt_stack( 8588): [VERBOSE1:btm_ble_gap.cc(1847)] btm_ble_process_adv_addr: bda=19:30:6d:c4:b5:5b
09-01 14:31:13.871 D/BluetoothUtils( 8588): blockedByLocationOff callingUid=1002
09-01 14:31:13.871 I/BluetoothUtils( 8588): packagename is android.uid.bluetooth:1002 ,and its permission is false
09-01 14:31:13.871 D/BluetoothUtils( 8588): blockedByLocationOff callingUid=1002
09-01 14:31:13.872 I/BluetoothUtils( 8588): packagename is android.uid.bluetooth:1002 ,and its permission is false
09-01 14:31:13.872 D/BluetoothUtils( 8588): blockedByLocationOff callingUid=1002
09-01 14:31:13.872 I/BluetoothUtils( 8588): packagename is android.uid.bluetooth:1002 ,and its permission is false
09-01 14:31:13.889 V/bt_stack( 8588): [VERBOSE1:btm_ble_gap.cc(1923)] btm_ble_process_ext_adv_pkt: bda=dd:ea:7d:df:1e:c3
09-01 14:31:13.889 V/bt_stack( 8588): [VERBOSE1:btm_ble_gap.cc(1847)] btm_ble_process_adv_addr: bda=dd:ea:7d:df:1e:c3
09-01 14:31:13.889 V/bt_stack( 8588): [VERBOSE1:btm_ble_gap.cc(2052)]  Waiting for scan response dd:ea:7d:df:1e:c3
09-01 14:31:13.889 V/bt_stack( 8588): [VERBOSE1:btm_ble_gap.cc(1923)] btm_ble_process_ext_adv_pkt: bda=2e:17:70:f9:0b:48
09-01 14:31:13.889 V/bt_stack( 8588): [VERBOSE1:btm_ble_gap.cc(1847)] btm_ble_process_adv_addr: bda=2e:17:70:f9:0b:48
09-01 14:31:13.891 V/bt_stack( 8588): [VERBOSE1:btm_ble_gap.cc(1923)] btm_ble_process_ext_adv_pkt: bda=24:65:c8:81:ba:6f
09-01 14:31:13.891 V/bt_stack( 8588): [VERBOSE1:btm_ble_gap.cc(1847)] btm_ble_process_adv_addr: bda=24:65:c8:81:ba:6f
09-01 14:31:13.891 D/BluetoothUtils( 8588): blockedByLocationOff callingUid=1002
09-01 14:31:13.892 I/BluetoothUtils( 8588): packagename is android.uid.bluetooth:1002 ,and its permission is false
09-01 14:31:13.892 D/BluetoothUtils( 8588): blockedByLocationOff callingUid=1002
09-01 14:31:13.892 V/bt_stack( 8588): [VERBOSE1:btm_ble_gap.cc(1923)] btm_ble_process_ext_adv_pkt: bda=66:db:a5:b4:54:91
09-01 14:31:13.892 V/bt_stack( 8588): [VERBOSE1:btm_ble_gap.cc(1847)] btm_ble_process_adv_addr: bda=66:db:a5:b4:54:91
09-01 14:31:13.892 V/bt_stack( 8588): [VERBOSE1:btm_ble_gap.cc(2052)]  Waiting for scan response 66:db:a5:b4:54:91
09-01 14:31:13.892 V/bt_stack( 8588): [VERBOSE1:btm_ble_gap.cc(1923)] btm_ble_process_ext_adv_pkt: bda=66:db:a5:b4:54:91
09-01 14:31:13.892 V/bt_stack( 8588): [VERBOSE1:btm_ble_gap.cc(1847)] btm_ble_process_adv_addr: bda=66:db:a5:b4:54:91
09-01 14:31:13.893 I/BluetoothUtils( 8588): packagename is android.uid.bluetooth:1002 ,and its permission is false
09-01 14:31:13.893 D/BluetoothUtils( 8588): blockedByLocationOff callingUid=1002
09-01 14:31:13.893 I/BluetoothUtils( 8588): packagename is android.uid.bluetooth:1002 ,and its permission is false
09-01 14:31:13.894 V/bt_stack( 8588): [VERBOSE1:btm_ble_gap.cc(1923)] btm_ble_process_ext_adv_pkt: bda=6a:1a:31:28:a4:f8
09-01 14:31:13.894 V/bt_stack( 8588): [VERBOSE1:btm_ble_gap.cc(1847)] btm_ble_process_adv_addr: bda=6a:1a:31:28:a4:f8
09-01 14:31:13.894 D/BluetoothUtils( 8588): blockedByLocationOff callingUid=1002
09-01 14:31:13.895 I/BluetoothUtils( 8588): packagename is android.uid.bluetooth:1002 ,and its permission is false
09-01 14:31:13.895 D/BluetoothUtils( 8588): blockedByLocationOff callingUid=1002
09-01 14:31:13.895 I/BluetoothUtils( 8588): packagename is android.uid.bluetooth:1002 ,and its permission is false
09-01 14:31:13.895 D/BluetoothUtils( 8588): blockedByLocationOff callingUid=1002
09-01 14:31:13.895 I/BluetoothUtils( 8588): packagename is android.uid.bluetooth:1002 ,and its permission is false
09-01 14:31:13.896 D/BluetoothUtils( 8588): blockedByLocationOff callingUid=1002
09-01 14:31:13.896 I/BluetoothUtils( 8588): packagename is android.uid.bluetooth:1002 ,and its permission is false
09-01 14:31:13.897 D/BluetoothUtils( 8588): blockedByLocationOff callingUid=1002
09-01 14:31:13.897 I/BluetoothUtils( 8588): packagename is android.uid.bluetooth:1002 ,and its permission is false
09-01 14:31:13.897 D/BluetoothUtils( 8588): blockedByLocationOff callingUid=1002
09-01 14:31:13.897 I/BluetoothUtils( 8588): packagename is android.uid.bluetooth:1002 ,and its permission is false
09-01 14:31:13.898 D/BluetoothUtils( 8588): blockedByLocationOff callingUid=1002
09-01 14:31:13.898 I/BluetoothUtils( 8588): packagename is android.uid.bluetooth:1002 ,and its permission is false
09-01 14:31:13.898 D/BluetoothUtils( 8588): blockedByLocationOff callingUid=1002
09-01 14:31:13.899 I/BluetoothUtils( 8588): packagename is android.uid.bluetooth:1002 ,and its permission is false
09-01 14:31:13.899 D/BluetoothUtils( 8588): blockedByLocationOff callingUid=1002
09-01 14:31:13.899 I/BluetoothUtils( 8588): packagename is android.uid.bluetooth:1002 ,and its permission is false
09-01 14:31:13.909 V/bt_stack( 8588): [VERBOSE1:gatt_main.cc(1079)] gatt_get_ch_state: ch_state=4
09-01 14:31:13.909 I/bt_stack( 8588): [INFO:gatt_main.cc(912)] gatt_data_process op_code = 27, msg_len = 7
09-01 14:31:13.909 V/bt_stack( 8588): [VERBOSE1:gatt_cl.cc(620)] gatt_process_notification
09-01 14:31:13.909 V/bt_stack( 8588): [VERBOSE1:gatt_auth.cc(364)] gatt_get_link_encrypt_status status=0x8e
09-01 14:31:13.909 V/bt_stack( 8588): [VERBOSE1:bta_gattc_act.cc(1309)] bta_gattc_cmpl_cback: conn_id:3 op:6 status:142
09-01 14:31:13.909 V/bt_stack( 8588): [VERBOSE1:gatt_api.cc(1276)] GATT_GetConnectionInfor conn_id=0x0003
09-01 14:31:13.909 V/bt_stack( 8588): [VERBOSE1:bta_gattc_act.cc(1309)] bta_gattc_cmpl_cback: conn_id:4 op:6 status:142
09-01 14:31:13.909 V/bt_stack( 8588): [VERBOSE1:gatt_api.cc(1276)] GATT_GetConnectionInfor conn_id=0x0004
09-01 14:31:13.909 E/bt_btif ( 8588): bta_gattc_process_indicate, ignore HID ind/notificiation
09-01 14:31:13.909 V/bt_stack( 8588): [VERBOSE1:bta_gattc_act.cc(1309)] bta_gattc_cmpl_cback: conn_id:5 op:6 status:142
09-01 14:31:13.909 V/bt_stack( 8588): [VERBOSE1:gatt_api.cc(1276)] GATT_GetConnectionInfor conn_id=0x0005
09-01 14:31:13.909 V/bt_stack( 8588): [VERBOSE1:bta_gattc_act.cc(1309)] bta_gattc_cmpl_cback: conn_id:6 op:6 status:142
09-01 14:31:13.909 V/bt_stack( 8588): [VERBOSE1:gatt_api.cc(1276)] GATT_GetConnectionInfor conn_id=0x0006
09-01 14:31:13.909 V/bt_stack( 8588): [VERBOSE1:bta_gattc_act.cc(1309)] bta_gattc_cmpl_cback: conn_id:7 op:6 status:142
09-01 14:31:13.910 V/bt_stack( 8588): [VERBOSE1:gatt_api.cc(1276)] GATT_GetConnectionInfor conn_id=0x0007
09-01 14:31:13.910 V/bt_stack( 8588): [VERBOSE1:bta_gattc_act.cc(1309)] bta_gattc_cmpl_cback: conn_id:8 op:6 status:142
09-01 14:31:13.910 V/bt_stack( 8588): [VERBOSE1:gatt_api.cc(1276)] GATT_GetConnectionInfor conn_id=0x0008
09-01 14:31:13.910 V/bt_stack( 8588): [VERBOSE1:bta_gattc_utils.cc(346)] Notification registered!
09-01 14:31:13.910 V/bt_stack( 8588): [VERBOSE1:bta_gattc_act.cc(1212)] bta_gattc_proc_other_indication: check p_data->att_value.handle=56 p_data->handle=0
09-01 14:31:13.910 V/bt_stack( 8588): [VERBOSE1:bta_gattc_act.cc(1216)] is_notify0
09-01 14:31:13.910 V/bt_stack( 8588): [VERBOSE1:bta_gattc_act.cc(1309)] bta_gattc_cmpl_cback: conn_id:9 op:6 status:142
09-01 14:31:13.910 V/bt_stack( 8588): [VERBOSE1:gatt_api.cc(1276)] GATT_GetConnectionInfor conn_id=0x0009
09-01 14:31:13.910 V/bt_stack( 8588): [VERBOSE1:bta_gattc_act.cc(1309)] bta_gattc_cmpl_cback: conn_id:10 op:6 status:142
09-01 14:31:13.910 V/bt_stack( 8588): [VERBOSE1:gatt_api.cc(1276)] GATT_GetConnectionInfor conn_id=0x000a
09-01 14:31:13.910 V/bt_stack( 8588): [VERBOSE1:bta_gattc_act.cc(1309)] bta_gattc_cmpl_cback: conn_id:11 op:6 status:142
09-01 14:31:13.910 V/bt_stack( 8588): [VERBOSE1:gatt_api.cc(1276)] GATT_GetConnectionInfor conn_id=0x000b
09-01 14:31:13.910 V/bt_stack( 8588): [VERBOSE1:bta_gattc_act.cc(1309)] bta_gattc_cmpl_cback: conn_id:12 op:6 status:142
09-01 14:31:13.910 V/bt_stack( 8588): [VERBOSE1:gatt_api.cc(1276)] GATT_GetConnectionInfor conn_id=0x000c
09-01 14:31:13.910 V/bt_stack( 8588): [VERBOSE1:bta_gattc_act.cc(1309)] bta_gattc_cmpl_cback: conn_id:13 op:6 status:142
09-01 14:31:13.910 V/bt_stack( 8588): [VERBOSE1:gatt_api.cc(1276)] GATT_GetConnectionInfor conn_id=0x000d
09-01 14:31:13.910 V/bt_stack( 8588): [VERBOSE1:bta_gattc_act.cc(1309)] bta_gattc_cmpl_cback: conn_id:14 op:6 status:142
09-01 14:31:13.910 V/bt_stack( 8588): [VERBOSE1:gatt_api.cc(1276)] GATT_GetConnectionInfor conn_id=0x000e
09-01 14:31:13.910 V/bt_stack( 8588): [VERBOSE1:bta_gattc_act.cc(1309)] bta_gattc_cmpl_cback: conn_id:15 op:6 status:142
09-01 14:31:13.910 V/bt_stack( 8588): [VERBOSE1:gatt_api.cc(1276)] GATT_GetConnectionInfor conn_id=0x000f
09-01 14:31:13.910 V/bt_stack( 8588): [VERBOSE1:bta_gattc_act.cc(1309)] bta_gattc_cmpl_cback: conn_id:16 op:6 status:142
09-01 14:31:13.910 V/bt_stack( 8588): [VERBOSE1:gatt_api.cc(1276)] GATT_GetConnectionInfor conn_id=0x0010
09-01 14:31:13.910 V/bt_stack( 8588): [VERBOSE1:bta_gattc_act.cc(1309)] bta_gattc_cmpl_cback: conn_id:17 op:6 status:142
09-01 14:31:13.910 V/bt_stack( 8588): [VERBOSE1:gatt_api.cc(1276)] GATT_GetConnectionInfor conn_id=0x0011
09-01 14:31:13.910 V/bt_stack( 8588): [VERBOSE1:bta_gattc_act.cc(1309)] bta_gattc_cmpl_cback: conn_id:18 op:6 status:142
09-01 14:31:13.910 V/bt_stack( 8588): [VERBOSE1:gatt_api.cc(1276)] GATT_GetConnectionInfor conn_id=0x0012
09-01 14:31:13.911 D/BluetoothGatt( 8957): setCharacteristicNotification() - uuid: 00000003-0000-3512-2118-0009af100700 enable: false
09-01 14:31:13.911 D/BtGatt.GattService( 8588): registerForNotification() - address=C3:D4:F4:E3:11:EC enable: false
09-01 14:31:13.912 V/bt_stack( 8588): [VERBOSE1:bta_gattc_api.cc(715)] BTA_GATTC_DeregisterForNotifications deregistered bd_addr=c3:d4:f4:e3:11:ec
09-01 14:31:13.912 D/BtGatt.GattService( 8588): onRegisterForNotifications() - address=null, status=0, registered=0, handle=56
09-01 14:31:13.912 V/bt_stack( 8588): [VERBOSE1:bta_gattc_main.cc(361)] bta_gattc_hdl_event: Event:BTA_GATTC_API_WRITE_EVT
09-01 14:31:13.912 V/bt_stack( 8588): [VERBOSE1:bta_gattc_main.cc(305)] bta_gattc_sm_execute: State 0x02 [GATTC_CONN_ST], Event 0x1f05[BTA_GATTC_API_WRITE_EVT]
09-01 14:31:13.913 V/bt_stack( 8588): [VERBOSE1:bta_gattc_main.cc(341)] bta_gattc_sm_execute: GATTC State Change: 0x02 -> 0x02 after Event 0x1f05
09-01 14:31:13.913 V/bt_stack( 8588): [VERBOSE1:btm_ble_gap.cc(1923)] btm_ble_process_ext_adv_pkt: bda=58:80:3c:72:3f:f0
09-01 14:31:13.913 V/bt_stack( 8588): [VERBOSE1:btm_ble_gap.cc(1847)] btm_ble_process_adv_addr: bda=58:80:3c:72:3f:f0
09-01 14:31:13.913 V/bt_stack( 8588): [VERBOSE1:btm_ble_gap.cc(2052)]  Waiting for scan response 58:80:3c:72:3f:f0
09-01 14:31:13.913 V/bt_stack( 8588): [VERBOSE1:btm_ble_gap.cc(1923)] btm_ble_process_ext_adv_pkt: bda=0c:1a:06:0e:96:57
09-01 14:31:13.914 V/bt_stack( 8588): [VERBOSE1:btm_ble_gap.cc(1847)] btm_ble_process_adv_addr: bda=0c:1a:06:0e:96:57
09-01 14:31:13.915 D/BluetoothUtils( 8588): blockedByLocationOff callingUid=1002
09-01 14:31:13.915 I/BluetoothUtils( 8588): packagename is android.uid.bluetooth:1002 ,and its permission is false
09-01 14:31:13.916 D/BluetoothUtils( 8588): blockedByLocationOff callingUid=1002
09-01 14:31:13.916 I/BluetoothUtils( 8588): packagename is android.uid.bluetooth:1002 ,and its permission is false
09-01 14:31:13.916 D/BluetoothUtils( 8588): blockedByLocationOff callingUid=1002
09-01 14:31:13.916 I/BluetoothUtils( 8588): packagename is android.uid.bluetooth:1002 ,and its permission is false
09-01 14:31:13.920 V/bt_stack( 8588): [VERBOSE1:btm_ble_gap.cc(1923)] btm_ble_process_ext_adv_pkt: bda=06:fa:50:9b:39:c0
09-01 14:31:13.920 V/bt_stack( 8588): [VERBOSE1:btm_ble_gap.cc(1847)] btm_ble_process_adv_addr: bda=06:fa:50:9b:39:c0
09-01 14:31:13.921 D/BluetoothUtils( 8588): blockedByLocationOff callingUid=1002
09-01 14:31:13.921 I/BluetoothUtils( 8588): packagename is android.uid.bluetooth:1002 ,and its permission is false
09-01 14:31:13.922 D/BluetoothUtils( 8588): blockedByLocationOff callingUid=1002
09-01 14:31:13.922 I/BluetoothUtils( 8588): packagename is android.uid.bluetooth:1002 ,and its permission is false
09-01 14:31:13.922 D/BluetoothUtils( 8588): blockedByLocationOff callingUid=1002
09-01 14:31:13.923 I/BluetoothUtils( 8588): packagename is android.uid.bluetooth:1002 ,and its permission is false
09-01 14:31:13.929 V/bt_stack( 8588): [VERBOSE1:btm_ble_gap.cc(1923)] btm_ble_process_ext_adv_pkt: bda=2a:1b:52:ac:62:5d
09-01 14:31:13.929 V/bt_stack( 8588): [VERBOSE1:btm_ble_gap.cc(1847)] btm_ble_process_adv_addr: bda=2a:1b:52:ac:62:5d
09-01 14:31:13.929 V/bt_stack( 8588): [VERBOSE1:btm_ble_gap.cc(1923)] btm_ble_process_ext_adv_pkt: bda=2a:99:8c:12:d1:b1
09-01 14:31:13.929 V/bt_stack( 8588): [VERBOSE1:btm_ble_gap.cc(1847)] btm_ble_process_adv_addr: bda=2a:99:8c:12:d1:b1
09-01 14:31:13.930 D/BluetoothUtils( 8588): blockedByLocationOff callingUid=1002
09-01 14:31:13.931 I/BluetoothUtils( 8588): packagename is android.uid.bluetooth:1002 ,and its permission is false
09-01 14:31:13.931 D/BluetoothUtils( 8588): blockedByLocationOff callingUid=1002
09-01 14:31:13.931 I/BluetoothUtils( 8588): packagename is android.uid.bluetooth:1002 ,and its permission is false
09-01 14:31:13.931 D/BluetoothUtils( 8588): blockedByLocationOff callingUid=1002
09-01 14:31:13.931 I/BluetoothUtils( 8588): packagename is android.uid.bluetooth:1002 ,and its permission is false
09-01 14:31:13.932 V/bt_stack( 8588): [VERBOSE1:btm_ble_gap.cc(1923)] btm_ble_process_ext_adv_pkt: bda=56:e4:da:79:d5:88
09-01 14:31:13.932 V/bt_stack( 8588): [VERBOSE1:btm_ble_gap.cc(1847)] btm_ble_process_adv_addr: bda=56:e4:da:79:d5:88
09-01 14:31:13.932 V/bt_stack( 8588): [VERBOSE1:btm_ble_gap.cc(2052)]  Waiting for scan response 56:e4:da:79:d5:88
09-01 14:31:13.932 V/bt_stack( 8588): [VERBOSE1:btm_ble_gap.cc(1923)] btm_ble_process_ext_adv_pkt: bda=56:e4:da:79:d5:88
09-01 14:31:13.932 V/bt_stack( 8588): [VERBOSE1:btm_ble_gap.cc(1847)] btm_ble_process_adv_addr: bda=56:e4:da:79:d5:88
09-01 14:31:13.932 D/BluetoothUtils( 8588): blockedByLocationOff callingUid=1002
09-01 14:31:13.932 I/BluetoothUtils( 8588): packagename is android.uid.bluetooth:1002 ,and its permission is false
09-01 14:31:13.932 D/BluetoothUtils( 8588): blockedByLocationOff callingUid=1002
09-01 14:31:13.933 I/BluetoothUtils( 8588): packagename is android.uid.bluetooth:1002 ,and its permission is false
09-01 14:31:13.933 D/BluetoothUtils( 8588): blockedByLocationOff callingUid=1002
09-01 14:31:13.933 I/BluetoothUtils( 8588): packagename is android.uid.bluetooth:1002 ,and its permission is false
09-01 14:31:13.934 D/BluetoothUtils( 8588): blockedByLocationOff callingUid=1002
09-01 14:31:13.934 V/bt_stack( 8588): [VERBOSE1:btm_ble_gap.cc(1923)] btm_ble_process_ext_adv_pkt: bda=38:f9:d3:45:87:1e
09-01 14:31:13.934 V/bt_stack( 8588): [VERBOSE1:btm_ble_gap.cc(1847)] btm_ble_process_adv_addr: bda=38:f9:d3:45:87:1e
09-01 14:31:13.934 V/bt_stack( 8588): [VERBOSE1:btm_ble_gap.cc(2052)]  Waiting for scan response 38:f9:d3:45:87:1e
09-01 14:31:13.934 I/BluetoothUtils( 8588): packagename is android.uid.bluetooth:1002 ,and its permission is false
09-01 14:31:13.934 V/bt_stack( 8588): [VERBOSE1:btm_ble_gap.cc(1923)] btm_ble_process_ext_adv_pkt: bda=38:f9:d3:45:87:1e
09-01 14:31:13.934 V/bt_stack( 8588): [VERBOSE1:btm_ble_gap.cc(1847)] btm_ble_process_adv_addr: bda=38:f9:d3:45:87:1e
09-01 14:31:13.934 D/BluetoothUtils( 8588): blockedByLocationOff callingUid=1002
09-01 14:31:13.935 I/BluetoothUtils( 8588): packagename is android.uid.bluetooth:1002 ,and its permission is false
09-01 14:31:13.935 D/BluetoothUtils( 8588): blockedByLocationOff callingUid=1002
09-01 14:31:13.935 I/BluetoothUtils( 8588): packagename is android.uid.bluetooth:1002 ,and its permission is false
09-01 14:31:13.935 D/BluetoothUtils( 8588): blockedByLocationOff callingUid=1002
09-01 14:31:13.936 I/BluetoothUtils( 8588): packagename is android.uid.bluetooth:1002 ,and its permission is false
09-01 14:31:13.936 D/BluetoothUtils( 8588): blockedByLocationOff callingUid=1002
09-01 14:31:13.936 I/BluetoothUtils( 8588): packagename is android.uid.bluetooth:1002 ,and its permission is false
09-01 14:31:13.936 D/BluetoothUtils( 8588): blockedByLocationOff callingUid=1002
09-01 14:31:13.936 I/BluetoothUtils( 8588): packagename is android.uid.bluetooth:1002 ,and its permission is false
09-01 14:31:13.940 I/appium  ( 8902): channel read invoked!
09-01 14:31:13.941 I/appium  ( 8902): channel read: POST /wd/hub/session/ad6d0c78-5f6e-4b34-a966-5b7ce44708b4/element
09-01 14:31:13.941 I/appium  ( 8902): Find element command using 'id' with selector 'com.xiaomi.hm.health:id/common_title_left_image'.
09-01 14:31:13.941 I/appium  ( 8902): Waiting up to 10000ms for device to be idle
09-01 14:31:13.955 I/appium  ( 8902): AppiumResponse: {"sessionId":"ad6d0c78-5f6e-4b34-a966-5b7ce44708b4","value":{"ELEMENT":"4c419e59-81b7-4866-ace7-9e1d851fc6da","element-6066-11e4-a52e-4f735466cecf":"4c419e59-81b7-4866-ace7-9e1d851fc6da"}}
09-01 14:31:13.957 V/bt_stack( 8588): [VERBOSE1:btm_ble_gap.cc(1923)] btm_ble_process_ext_adv_pkt: bda=75:55:30:69:5d:bf
09-01 14:31:13.957 V/bt_stack( 8588): [VERBOSE1:btm_ble_gap.cc(1847)] btm_ble_process_adv_addr: bda=75:55:30:69:5d:bf
09-01 14:31:13.958 V/bt_stack( 8588): [VERBOSE1:btm_ble_gap.cc(2052)]  Waiting for scan response 75:55:30:69:5d:bf
09-01 14:31:13.958 V/bt_stack( 8588): [VERBOSE1:btm_ble_gap.cc(1923)] btm_ble_process_ext_adv_pkt: bda=19:30:6d:c4:b5:5b
09-01 14:31:13.958 V/bt_stack( 8588): [VERBOSE1:btm_ble_gap.cc(1847)] btm_ble_process_adv_addr: bda=19:30:6d:c4:b5:5b
09-01 14:31:13.959 D/BluetoothUtils( 8588): blockedByLocationOff callingUid=1002
09-01 14:31:13.959 I/BluetoothUtils( 8588): packagename is android.uid.bluetooth:1002 ,and its permission is false
09-01 14:31:13.959 D/BluetoothUtils( 8588): blockedByLocationOff callingUid=1002
09-01 14:31:13.960 I/BluetoothUtils( 8588): packagename is android.uid.bluetooth:1002 ,and its permission is false
09-01 14:31:13.960 D/BluetoothUtils( 8588): blockedByLocationOff callingUid=1002
09-01 14:31:13.960 I/BluetoothUtils( 8588): packagename is android.uid.bluetooth:1002 ,and its permission is false
09-01 14:31:13.962 V/bt_stack( 8588): [VERBOSE1:btm_ble_gap.cc(1923)] btm_ble_process_ext_adv_pkt: bda=56:e4:da:79:d5:88
09-01 14:31:13.962 V/bt_stack( 8588): [VERBOSE1:btm_ble_gap.cc(1847)] btm_ble_process_adv_addr: bda=56:e4:da:79:d5:88
09-01 14:31:13.962 V/bt_stack( 8588): [VERBOSE1:btm_ble_gap.cc(2052)]  Waiting for scan response 56:e4:da:79:d5:88
09-01 14:31:13.962 V/bt_stack( 8588): [VERBOSE1:btm_ble_gap.cc(1923)] btm_ble_process_ext_adv_pkt: bda=56:e4:da:79:d5:88
09-01 14:31:13.962 V/bt_stack( 8588): [VERBOSE1:btm_ble_gap.cc(1847)] btm_ble_process_adv_addr: bda=56:e4:da:79:d5:88
09-01 14:31:13.963 V/bt_stack( 8588): [VERBOSE1:btm_ble_gap.cc(1923)] btm_ble_process_ext_adv_pkt: bda=0a:29:89:b7:c8:4a
09-01 14:31:13.963 V/bt_stack( 8588): [VERBOSE1:btm_ble_gap.cc(1847)] btm_ble_process_adv_addr: bda=0a:29:89:b7:c8:4a
09-01 14:31:13.964 D/BluetoothUtils( 8588): blockedByLocationOff callingUid=1002
09-01 14:31:13.965 I/BluetoothUtils( 8588): packagename is android.uid.bluetooth:1002 ,and its permission is false
09-01 14:31:13.965 D/BluetoothUtils( 8588): blockedByLocationOff callingUid=1002
09-01 14:31:13.965 I/BluetoothUtils( 8588): packagename is android.uid.bluetooth:1002 ,and its permission is false
09-01 14:31:13.965 D/BluetoothUtils( 8588): blockedByLocationOff callingUid=1002
09-01 14:31:13.966 I/BluetoothUtils( 8588): packagename is android.uid.bluetooth:1002 ,and its permission is false
09-01 14:31:13.966 D/BluetoothUtils( 8588): blockedByLocationOff callingUid=1002
09-01 14:31:13.967 I/BluetoothUtils( 8588): packagename is android.uid.bluetooth:1002 ,and its permission is false
09-01 14:31:13.967 D/BluetoothUtils( 8588): blockedByLocationOff callingUid=1002
09-01 14:31:13.967 I/BluetoothUtils( 8588): packagename is android.uid.bluetooth:1002 ,and its permission is false
09-01 14:31:13.967 D/BluetoothUtils( 8588): blockedByLocationOff callingUid=1002
09-01 14:31:13.967 I/BluetoothUtils( 8588): packagename is android.uid.bluetooth:1002 ,and its permission is false
09-01 14:31:13.972 V/bt_stack( 8588): [VERBOSE1:btm_ble_gap.cc(1923)] btm_ble_process_ext_adv_pkt: bda=38:f9:d3:45:87:1e
09-01 14:31:13.972 V/bt_stack( 8588): [VERBOSE1:btm_ble_gap.cc(1847)] btm_ble_process_adv_addr: bda=38:f9:d3:45:87:1e
09-01 14:31:13.972 V/bt_stack( 8588): [VERBOSE1:btm_ble_gap.cc(2052)]  Waiting for scan response 38:f9:d3:45:87:1e
09-01 14:31:13.972 V/bt_stack( 8588): [VERBOSE1:btm_ble_gap.cc(1923)] btm_ble_process_ext_adv_pkt: bda=38:f9:d3:45:87:1e
09-01 14:31:13.972 V/bt_stack( 8588): [VERBOSE1:btm_ble_gap.cc(1847)] btm_ble_process_adv_addr: bda=38:f9:d3:45:87:1e
09-01 14:31:13.973 D/BluetoothUtils( 8588): blockedByLocationOff callingUid=1002
09-01 14:31:13.973 I/BluetoothUtils( 8588): packagename is android.uid.bluetooth:1002 ,and its permission is false
09-01 14:31:13.974 D/BluetoothUtils( 8588): blockedByLocationOff callingUid=1002
09-01 14:31:13.974 I/BluetoothUtils( 8588): packagename is android.uid.bluetooth:1002 ,and its permission is false
09-01 14:31:13.974 D/BluetoothUtils( 8588): blockedByLocationOff callingUid=1002
09-01 14:31:13.974 I/BluetoothUtils( 8588): packagename is android.uid.bluetooth:1002 ,and its permission is false
09-01 14:31:13.985 V/bt_stack( 8588): [VERBOSE1:btm_ble_gap.cc(1923)] btm_ble_process_ext_adv_pkt: bda=12:72:eb:81:32:03
09-01 14:31:13.985 V/bt_stack( 8588): [VERBOSE1:btm_ble_gap.cc(1847)] btm_ble_process_adv_addr: bda=12:72:eb:81:32:03
09-01 14:31:13.985 I/appium  ( 8902): channel read invoked!
09-01 14:31:13.985 I/appium  ( 8902): channel read: POST /wd/hub/session/ad6d0c78-5f6e-4b34-a966-5b7ce44708b4/element/4c419e59-81b7-4866-ace7-9e1d851fc6da/click
09-01 14:31:13.986 D/BluetoothUtils( 8588): blockedByLocationOff callingUid=1002
09-01 14:31:13.986 I/appium  ( 8902): Click element command
09-01 14:31:13.986 I/BluetoothUtils( 8588): packagename is android.uid.bluetooth:1002 ,and its permission is false
09-01 14:31:13.987 D/BluetoothUtils( 8588): blockedByLocationOff callingUid=1002
09-01 14:31:13.987 I/BluetoothUtils( 8588): packagename is android.uid.bluetooth:1002 ,and its permission is false
09-01 14:31:13.987 D/BluetoothUtils( 8588): blockedByLocationOff callingUid=1002
09-01 14:31:13.988 I/BluetoothUtils( 8588): packagename is android.uid.bluetooth:1002 ,and its permission is false
09-01 14:31:13.999 V/bt_stack( 8588): [VERBOSE1:gatt_main.cc(1079)] gatt_get_ch_state: ch_state=4
09-01 14:31:13.999 I/bt_stack( 8588): [INFO:gatt_main.cc(912)] gatt_data_process op_code = 19, msg_len = 0
09-01 14:31:13.999 V/bt_stack( 8588): [VERBOSE1:gatt_cl.cc(1094)] gatt_client_handle_server_rsp op_code: 19, len = 0rsp_code: 19
09-01 14:31:13.999 V/bt_stack( 8588): [VERBOSE1:gatt_utils.cc(1191)] gatt_end_operation status=0 op=3 subtype=2
09-01 14:31:13.999 V/bt_stack( 8588): [VERBOSE1:bta_gattc_act.cc(1309)] bta_gattc_cmpl_cback: conn_id:8 op:3 status:0
09-01 14:31:13.999 V/bt_stack( 8588): [VERBOSE1:bta_gattc_main.cc(361)] bta_gattc_hdl_event: Event:BTA_GATTC_OP_CMPL_EVT
09-01 14:31:13.999 V/bt_stack( 8588): [VERBOSE1:bta_gattc_main.cc(305)] bta_gattc_sm_execute: State 0x02 [GATTC_CONN_ST], Event 0x1f0f[BTA_GATTC_OP_CMPL_EVT]
09-01 14:31:13.999 V/bt_stack( 8588): [VERBOSE1:bta_gattc_act.cc(936)] bta_gattc_op_cmpl: op:3
09-01 14:31:13.999 V/bt_stack( 8588): [VERBOSE1:bta_gattc_main.cc(341)] bta_gattc_sm_execute: GATTC State Change: 0x02 -> 0x02 after Event 0x1f0f
09-01 14:31:14.003 V/bt_stack( 8588): [VERBOSE1:btm_ble_gap.cc(1923)] btm_ble_process_ext_adv_pkt: bda=7b:37:7f:df:22:35
09-01 14:31:14.004 V/bt_stack( 8588): [VERBOSE1:btm_ble_gap.cc(1847)] btm_ble_process_adv_addr: bda=7b:37:7f:df:22:35
09-01 14:31:14.004 V/bt_stack( 8588): [VERBOSE1:btm_ble_gap.cc(2052)]  Waiting for scan response 7b:37:7f:df:22:35
09-01 14:31:14.004 V/bt_stack( 8588): [VERBOSE1:btm_ble_gap.cc(1923)] btm_ble_process_ext_adv_pkt: bda=38:f9:d3:45:87:1e
09-01 14:31:14.004 V/bt_stack( 8588): [VERBOSE1:btm_ble_gap.cc(1847)] btm_ble_process_adv_addr: bda=38:f9:d3:45:87:1e
09-01 14:31:14.004 V/bt_stack( 8588): [VERBOSE1:btm_ble_gap.cc(2052)]  Waiting for scan response 38:f9:d3:45:87:1e
09-01 14:31:14.004 V/bt_stack( 8588): [VERBOSE1:btm_ble_gap.cc(1923)] btm_ble_process_ext_adv_pkt: bda=38:f9:d3:45:87:1e
09-01 14:31:14.004 V/bt_stack( 8588): [VERBOSE1:btm_ble_gap.cc(1847)] btm_ble_process_adv_addr: bda=38:f9:d3:45:87:1e
09-01 14:31:14.005 D/BluetoothUtils( 8588): blockedByLocationOff callingUid=1002
09-01 14:31:14.005 I/BluetoothUtils( 8588): packagename is android.uid.bluetooth:1002 ,and its permission is false
09-01 14:31:14.006 D/BluetoothUtils( 8588): blockedByLocationOff callingUid=1002
09-01 14:31:14.006 I/BluetoothUtils( 8588): packagename is android.uid.bluetooth:1002 ,and its permission is false
09-01 14:31:14.006 D/[Koin]  ( 8957): +- get 'com.huami.femalehealth.logiclib.O00000Oo.O00000o'
09-01 14:31:14.006 D/[Koin]  ( 8957): | create instance for [type:Factory,primary_type:'com.huami.femalehealth.logiclib.O00000Oo.O00000o']
09-01 14:31:14.006 D/BluetoothUtils( 8588): blockedByLocationOff callingUid=1002
09-01 14:31:14.006 D/[Koin]  ( 8957): +- get 'com.huami.femalehealth.logiclib.O00000oO.O0000O0o'
09-01 14:31:14.006 D/[Koin]  ( 8957): +- got 'com.huami.femalehealth.logiclib.O00000oO.O0000O0o' in 0.025312 ms
09-01 14:31:14.006 D/[Koin]  ( 8957): +- get 'com.huami.femalehealth.logiclib.O000000o.O00000Oo'
09-01 14:31:14.006 D/[Koin]  ( 8957): +- got 'com.huami.femalehealth.logiclib.O000000o.O00000Oo' in 0.01099 ms
09-01 14:31:14.006 D/[Koin]  ( 8957): +- get 'com.huami.femalehealth.logiclib.db.FemaleHealthDb'
09-01 14:31:14.006 D/[Koin]  ( 8957): +- got 'com.huami.femalehealth.logiclib.db.FemaleHealthDb' in 0.007604 ms
09-01 14:31:14.006 D/[Koin]  ( 8957): +- get 'com.huami.femalehealth.logiclib.O00000Oo.O00000Oo'
09-01 14:31:14.006 D/[Koin]  ( 8957): +- got 'com.huami.femalehealth.logiclib.O00000Oo.O00000Oo' in 0.013385 ms
09-01 14:31:14.006 D/[Koin]  ( 8957): +- get 'com.huami.femalehealth.logiclib.O00000oO.O00oOooO'
09-01 14:31:14.006 D/[Koin]  ( 8957): +- got 'com.huami.femalehealth.logiclib.O00000oO.O00oOooO' in 0.006979 ms
09-01 14:31:14.006 I/BluetoothUtils( 8588): packagename is android.uid.bluetooth:1002 ,and its permission is false
09-01 14:31:14.006 D/[Koin]  ( 8957): +- got 'com.huami.femalehealth.logiclib.O00000Oo.O00000o' in 0.410886 ms
09-01 14:31:14.007 D/BluetoothGatt( 8957): setCharacteristicNotification() - uuid: 00000005-0000-3512-2118-0009af100700 enable: true
09-01 14:31:14.009 D/BtGatt.GattService( 8588): registerForNotification() - address=C3:D4:F4:E3:11:EC enable: true
09-01 14:31:14.009 D/BtGatt.GattService( 8588): onRegisterForNotifications() - address=null, status=0, registered=1, handle=65
09-01 14:31:14.010 V/bt_stack( 8588): [VERBOSE1:bta_gattc_main.cc(361)] bta_gattc_hdl_event: Event:BTA_GATTC_API_WRITE_EVT
09-01 14:31:14.010 V/bt_stack( 8588): [VERBOSE1:bta_gattc_main.cc(305)] bta_gattc_sm_execute: State 0x02 [GATTC_CONN_ST], Event 0x1f05[BTA_GATTC_API_WRITE_EVT]
09-01 14:31:14.010 V/bt_stack( 8588): [VERBOSE1:bta_gattc_main.cc(341)] bta_gattc_sm_execute: GATTC State Change: 0x02 -> 0x02 after Event 0x1f05
09-01 14:31:14.014 D/ActivityTrigger( 1639): ActivityTrigger activityPauseTrigger 
09-01 14:31:14.014 D/BluetoothGatt( 8957): setCharacteristicNotification() - uuid: 00000016-0000-3512-2118-0009af100700 enable: true
09-01 14:31:14.014 D/BtGatt.GattService( 8588): registerForNotification() - address=C3:D4:F4:E3:11:EC enable: true
09-01 14:31:14.015 D/BtGatt.GattService( 8588): onRegisterForNotifications() - address=null, status=0, registered=1, handle=98
09-01 14:31:14.016 D/[Koin]  ( 8957): +- get 'com.huami.stress.domain.O00000oO.O0000o0'
09-01 14:31:14.016 D/[Koin]  ( 8957): | create instance for [type:Factory,primary_type:'com.huami.stress.domain.O00000oO.O0000o0']
09-01 14:31:14.016 D/[Koin]  ( 8957): +- get 'com.huami.stress.domain.O00000Oo.O00000Oo'
09-01 14:31:14.016 D/[Koin]  ( 8957): +- got 'com.huami.stress.domain.O00000Oo.O00000Oo' in 0.016875 ms
09-01 14:31:14.016 D/[Koin]  ( 8957): +- get 'com.huami.stress.domain.O00000Oo.O000000o'
09-01 14:31:14.016 D/[Koin]  ( 8957): +- got 'com.huami.stress.domain.O00000Oo.O000000o' in 0.006718 ms
09-01 14:31:14.016 D/[Koin]  ( 8957): +- got 'com.huami.stress.domain.O00000oO.O0000o0' in 0.38073 ms
09-01 14:31:14.016 D/[Koin]  ( 8957): +- get 'com.xiaomi.hm.health.O000O00o'
09-01 14:31:14.016 D/[Koin]  ( 8957): +- got 'com.xiaomi.hm.health.O000O00o' in 0.011302 ms
09-01 14:31:14.019 I/appium  ( 8902): Waiting up to 10000ms for device to be idle
09-01 14:31:14.019 V/bt_stack( 8588): [VERBOSE1:btm_ble_gap.cc(1923)] btm_ble_process_ext_adv_pkt: bda=66:3e:07:e0:2b:d4
09-01 14:31:14.020 V/bt_stack( 8588): [VERBOSE1:btm_ble_gap.cc(1847)] btm_ble_process_adv_addr: bda=66:3e:07:e0:2b:d4
09-01 14:31:14.020 V/bt_stack( 8588): [VERBOSE1:btm_ble_gap.cc(2052)]  Waiting for scan response 66:3e:07:e0:2b:d4
09-01 14:31:14.020 I/appium  ( 8902): AppiumResponse: {"sessionId":"ad6d0c78-5f6e-4b34-a966-5b7ce44708b4","value":null}
09-01 14:31:14.021 V/bt_stack( 8588): [VERBOSE1:btm_ble_gap.cc(1923)] btm_ble_process_ext_adv_pkt: bda=d0:24:10:d7:5b:bc
09-01 14:31:14.021 V/bt_stack( 8588): [VERBOSE1:btm_ble_gap.cc(1847)] btm_ble_process_adv_addr: bda=d0:24:10:d7:5b:bc
09-01 14:31:14.021 V/bt_stack( 8588): [VERBOSE1:btm_ble_gap.cc(2052)]  Waiting for scan response d0:24:10:d7:5b:bc
09-01 14:31:14.021 V/bt_stack( 8588): [VERBOSE1:btm_ble_gap.cc(1923)] btm_ble_process_ext_adv_pkt: bda=d0:24:10:d7:5b:bc
09-01 14:31:14.021 V/bt_stack( 8588): [VERBOSE1:btm_ble_gap.cc(1847)] btm_ble_process_adv_addr: bda=d0:24:10:d7:5b:bc
09-01 14:31:14.023 D/BluetoothUtils( 8588): blockedByLocationOff callingUid=1002
09-01 14:31:14.023 I/BluetoothUtils( 8588): packagename is android.uid.bluetooth:1002 ,and its permission is false
09-01 14:31:14.023 D/BluetoothUtils( 8588): blockedByLocationOff callingUid=1002
09-01 14:31:14.024 I/BluetoothUtils( 8588): packagename is android.uid.bluetooth:1002 ,and its permission is false
09-01 14:31:14.024 D/BluetoothUtils( 8588): blockedByLocationOff callingUid=1002
09-01 14:31:14.024 I/BluetoothUtils( 8588): packagename is android.uid.bluetooth:1002 ,and its permission is false
09-01 14:31:14.025 D/WindowManager( 1639): Input focus has changed to null
09-01 14:31:14.027 V/bt_stack( 8588): [VERBOSE1:btm_ble_gap.cc(1923)] btm_ble_process_ext_adv_pkt: bda=06:fa:50:9b:39:c0
09-01 14:31:14.027 V/bt_stack( 8588): [VERBOSE1:btm_ble_gap.cc(1847)] btm_ble_process_adv_addr: bda=06:fa:50:9b:39:c0
09-01 14:31:14.028 D/BluetoothUtils( 8588): blockedByLocationOff callingUid=1002
09-01 14:31:14.028 I/BluetoothUtils( 8588): packagename is android.uid.bluetooth:1002 ,and its permission is false
09-01 14:31:14.028 D/BluetoothUtils( 8588): blockedByLocationOff callingUid=1002
09-01 14:31:14.028 I/BluetoothUtils( 8588): packagename is android.uid.bluetooth:1002 ,and its permission is false
09-01 14:31:14.028 D/BluetoothUtils( 8588): blockedByLocationOff callingUid=1002
09-01 14:31:14.029 I/BluetoothUtils( 8588): packagename is android.uid.bluetooth:1002 ,and its permission is false
09-01 14:31:14.029 V/bt_stack( 8588): [VERBOSE1:btm_ble_gap.cc(1923)] btm_ble_process_ext_adv_pkt: bda=56:e4:da:79:d5:88
09-01 14:31:14.029 V/bt_stack( 8588): [VERBOSE1:btm_ble_gap.cc(1847)] btm_ble_process_adv_addr: bda=56:e4:da:79:d5:88
09-01 14:31:14.029 V/bt_stack( 8588): [VERBOSE1:btm_ble_gap.cc(2052)]  Waiting for scan response 56:e4:da:79:d5:88
09-01 14:31:14.029 V/bt_stack( 8588): [VERBOSE1:btm_ble_gap.cc(1923)] btm_ble_process_ext_adv_pkt: bda=56:e4:da:79:d5:88
09-01 14:31:14.029 V/bt_stack( 8588): [VERBOSE1:btm_ble_gap.cc(1847)] btm_ble_process_adv_addr: bda=56:e4:da:79:d5:88
09-01 14:31:14.030 D/BluetoothUtils( 8588): blockedByLocationOff callingUid=1002
09-01 14:31:14.030 I/BluetoothUtils( 8588): packagename is android.uid.bluetooth:1002 ,and its permission is false
09-01 14:31:14.030 D/BluetoothUtils( 8588): blockedByLocationOff callingUid=1002
09-01 14:31:14.031 I/BluetoothUtils( 8588): packagename is android.uid.bluetooth:1002 ,and its permission is false
09-01 14:31:14.031 D/BluetoothUtils( 8588): blockedByLocationOff callingUid=1002
09-01 14:31:14.031 I/BluetoothUtils( 8588): packagename is android.uid.bluetooth:1002 ,and its permission is false
09-01 14:31:14.031 I/Timeline( 1639): Timeline: App_transition_ready time:211440048
09-01 14:31:14.039 V/bt_stack( 8588): [VERBOSE1:btm_ble_gap.cc(1923)] btm_ble_process_ext_adv_pkt: bda=38:f9:d3:45:87:1e
09-01 14:31:14.039 V/bt_stack( 8588): [VERBOSE1:btm_ble_gap.cc(1847)] btm_ble_process_adv_addr: bda=38:f9:d3:45:87:1e
09-01 14:31:14.039 V/bt_stack( 8588): [VERBOSE1:btm_ble_gap.cc(2052)]  Waiting for scan response 38:f9:d3:45:87:1e
09-01 14:31:14.039 V/bt_stack( 8588): [VERBOSE1:btm_ble_gap.cc(1923)] btm_ble_process_ext_adv_pkt: bda=38:f9:d3:45:87:1e
09-01 14:31:14.039 V/bt_stack( 8588): [VERBOSE1:btm_ble_gap.cc(1847)] btm_ble_process_adv_addr: bda=38:f9:d3:45:87:1e
09-01 14:31:14.040 D/BluetoothUtils( 8588): blockedByLocationOff callingUid=1002
09-01 14:31:14.040 I/BluetoothUtils( 8588): packagename is android.uid.bluetooth:1002 ,and its permission is false
09-01 14:31:14.040 D/BluetoothUtils( 8588): blockedByLocationOff callingUid=1002
09-01 14:31:14.041 I/BluetoothUtils( 8588): packagename is android.uid.bluetooth:1002 ,and its permission is false
09-01 14:31:14.041 D/BluetoothUtils( 8588): blockedByLocationOff callingUid=1002
09-01 14:31:14.041 I/BluetoothUtils( 8588): packagename is android.uid.bluetooth:1002 ,and its permission is false
09-01 14:31:14.043 D/Event   ( 8957): No subscribers registered for event class com.xiaomi.hm.health.O0000o00.O000OOo0
09-01 14:31:14.043 D/Event   ( 8957): No subscribers registered for event class O00000Oo.O000000o.O000000o.O0000Oo0
09-01 14:31:14.046 V/bt_stack( 8588): [VERBOSE1:btm_ble_gap.cc(1923)] btm_ble_process_ext_adv_pkt: bda=07:e4:7f:b4:5f:d9
09-01 14:31:14.047 V/bt_stack( 8588): [VERBOSE1:btm_ble_gap.cc(1847)] btm_ble_process_adv_addr: bda=07:e4:7f:b4:5f:d9
09-01 14:31:14.047 D/BluetoothUtils( 8588): blockedByLocationOff callingUid=1002
09-01 14:31:14.048 W/AsyncHttpResponse( 8957): Current thread has not called Looper.prepare().Forcing synchronous mode
09-01 14:31:14.048 I/BluetoothUtils( 8588): packagename is android.uid.bluetooth:1002 ,and its permission is false
09-01 14:31:14.048 D/BluetoothUtils( 8588): blockedByLocationOff callingUid=1002
09-01 14:31:14.049 I/BluetoothUtils( 8588): packagename is android.uid.bluetooth:1002 ,and its permission is false
09-01 14:31:14.049 D/BluetoothUtils( 8588): blockedByLocationOff callingUid=1002
09-01 14:31:14.049 I/BluetoothUtils( 8588): packagename is android.uid.bluetooth:1002 ,and its permission is false
09-01 14:31:14.049 V/bt_stack( 8588): [VERBOSE1:btm_ble_gap.cc(1923)] btm_ble_process_ext_adv_pkt: bda=12:06:34:8b:45:70
09-01 14:31:14.049 V/bt_stack( 8588): [VERBOSE1:btm_ble_gap.cc(1847)] btm_ble_process_adv_addr: bda=12:06:34:8b:45:70
09-01 14:31:14.050 D/BluetoothUtils( 8588): blockedByLocationOff callingUid=1002
09-01 14:31:14.050 I/BluetoothUtils( 8588): packagename is android.uid.bluetooth:1002 ,and its permission is false
09-01 14:31:14.050 D/BluetoothUtils( 8588): blockedByLocationOff callingUid=1002
09-01 14:31:14.051 I/BluetoothUtils( 8588): packagename is android.uid.bluetooth:1002 ,and its permission is false
09-01 14:31:14.051 D/BluetoothUtils( 8588): blockedByLocationOff callingUid=1002
09-01 14:31:14.051 I/BluetoothUtils( 8588): packagename is android.uid.bluetooth:1002 ,and its permission is false
09-01 14:31:14.052 I/appium  ( 8902): channel read invoked!
09-01 14:31:14.052 I/appium  ( 8902): channel read: POST /wd/hub/session/ad6d0c78-5f6e-4b34-a966-5b7ce44708b4/element
09-01 14:31:14.053 I/appium  ( 8902): Find element command using 'id' with selector 'mine_add_device_bound'.
09-01 14:31:14.053 I/appium  ( 8902): Waiting up to 10000ms for device to be idle
09-01 14:31:14.054 W/AsyncHttpResponse( 8957): Current thread has not called Looper.prepare().Forcing synchronous mode
09-01 14:31:14.064 V/bt_stack( 8588): [VERBOSE1:btm_ble_gap.cc(1923)] btm_ble_process_ext_adv_pkt: bda=19:30:6d:c4:b5:5b
09-01 14:31:14.065 V/bt_stack( 8588): [VERBOSE1:btm_ble_gap.cc(1847)] btm_ble_process_adv_addr: bda=19:30:6d:c4:b5:5b
09-01 14:31:14.065 D/BluetoothUtils( 8588): blockedByLocationOff callingUid=1002
09-01 14:31:14.066 I/BluetoothUtils( 8588): packagename is android.uid.bluetooth:1002 ,and its permission is false
09-01 14:31:14.066 D/BluetoothUtils( 8588): blockedByLocationOff callingUid=1002
09-01 14:31:14.066 I/BluetoothUtils( 8588): packagename is android.uid.bluetooth:1002 ,and its permission is false
09-01 14:31:14.066 D/BluetoothUtils( 8588): blockedByLocationOff callingUid=1002
09-01 14:31:14.066 V/bt_stack( 8588): [VERBOSE1:btm_ble_gap.cc(1923)] btm_ble_process_ext_adv_pkt: bda=56:e4:da:79:d5:88
09-01 14:31:14.066 V/bt_stack( 8588): [VERBOSE1:btm_ble_gap.cc(1847)] btm_ble_process_adv_addr: bda=56:e4:da:79:d5:88
09-01 14:31:14.066 V/bt_stack( 8588): [VERBOSE1:btm_ble_gap.cc(2052)]  Waiting for scan response 56:e4:da:79:d5:88
09-01 14:31:14.067 I/BluetoothUtils( 8588): packagename is android.uid.bluetooth:1002 ,and its permission is false
09-01 14:31:14.067 V/bt_stack( 8588): [VERBOSE1:btm_ble_gap.cc(1923)] btm_ble_process_ext_adv_pkt: bda=56:e4:da:79:d5:88
09-01 14:31:14.067 V/bt_stack( 8588): [VERBOSE1:btm_ble_gap.cc(1847)] btm_ble_process_adv_addr: bda=56:e4:da:79:d5:88
09-01 14:31:14.067 D/BluetoothUtils( 8588): blockedByLocationOff callingUid=1002
09-01 14:31:14.068 I/BluetoothUtils( 8588): packagename is android.uid.bluetooth:1002 ,and its permission is false
09-01 14:31:14.068 D/BluetoothUtils( 8588): blockedByLocationOff callingUid=1002
09-01 14:31:14.068 I/BluetoothUtils( 8588): packagename is android.uid.bluetooth:1002 ,and its permission is false
09-01 14:31:14.068 D/BluetoothUtils( 8588): blockedByLocationOff callingUid=1002
09-01 14:31:14.069 I/BluetoothUtils( 8588): packagename is android.uid.bluetooth:1002 ,and its permission is false
09-01 14:31:14.069 V/bt_stack( 8588): [VERBOSE1:btm_ble_gap.cc(1923)] btm_ble_process_ext_adv_pkt: bda=45:55:7e:66:6f:d0
09-01 14:31:14.069 V/bt_stack( 8588): [VERBOSE1:btm_ble_gap.cc(1847)] btm_ble_process_adv_addr: bda=45:55:7e:66:6f:d0
09-01 14:31:14.069 V/bt_stack( 8588): [VERBOSE1:btm_ble_gap.cc(2052)]  Waiting for scan response 45:55:7e:66:6f:d0
09-01 14:31:14.070 V/bt_stack( 8588): [VERBOSE1:btm_ble_gap.cc(1923)] btm_ble_process_ext_adv_pkt: bda=45:55:7e:66:6f:d0
09-01 14:31:14.070 V/bt_stack( 8588): [VERBOSE1:btm_ble_gap.cc(1847)] btm_ble_process_adv_addr: bda=45:55:7e:66:6f:d0
09-01 14:31:14.070 D/BluetoothUtils( 8588): blockedByLocationOff callingUid=1002
09-01 14:31:14.071 I/BluetoothUtils( 8588): packagename is android.uid.bluetooth:1002 ,and its permission is false
09-01 14:31:14.071 D/BluetoothUtils( 8588): blockedByLocationOff callingUid=1002
09-01 14:31:14.071 I/BluetoothUtils( 8588): packagename is android.uid.bluetooth:1002 ,and its permission is false
09-01 14:31:14.071 D/BluetoothUtils( 8588): blockedByLocationOff callingUid=1002
09-01 14:31:14.071 V/bt_stack( 8588): [VERBOSE1:btm_ble_gap.cc(1923)] btm_ble_process_ext_adv_pkt: bda=0a:29:89:b7:c8:4a
09-01 14:31:14.071 V/bt_stack( 8588): [VERBOSE1:btm_ble_gap.cc(1847)] btm_ble_process_adv_addr: bda=0a:29:89:b7:c8:4a
09-01 14:31:14.072 I/BluetoothUtils( 8588): packagename is android.uid.bluetooth:1002 ,and its permission is false
09-01 14:31:14.072 D/BluetoothUtils( 8588): blockedByLocationOff callingUid=1002
09-01 14:31:14.072 I/BluetoothUtils( 8588): packagename is android.uid.bluetooth:1002 ,and its permission is false
09-01 14:31:14.073 D/BluetoothUtils( 8588): blockedByLocationOff callingUid=1002
09-01 14:31:14.073 I/BluetoothUtils( 8588): packagename is android.uid.bluetooth:1002 ,and its permission is false
09-01 14:31:14.073 D/BluetoothUtils( 8588): blockedByLocationOff callingUid=1002
09-01 14:31:14.073 I/BluetoothUtils( 8588): packagename is android.uid.bluetooth:1002 ,and its permission is false
09-01 14:31:14.074 V/bt_stack( 8588): [VERBOSE1:btm_ble_gap.cc(1923)] btm_ble_process_ext_adv_pkt: bda=04:b0:56:de:30:bf
09-01 14:31:14.074 V/bt_stack( 8588): [VERBOSE1:btm_ble_gap.cc(1847)] btm_ble_process_adv_addr: bda=04:b0:56:de:30:bf
09-01 14:31:14.075 D/BluetoothUtils( 8588): blockedByLocationOff callingUid=1002
09-01 14:31:14.076 I/BluetoothUtils( 8588): packagename is android.uid.bluetooth:1002 ,and its permission is false
09-01 14:31:14.076 D/BluetoothUtils( 8588): blockedByLocationOff callingUid=1002
09-01 14:31:14.076 I/BluetoothUtils( 8588): packagename is android.uid.bluetooth:1002 ,and its permission is false
09-01 14:31:14.076 D/BluetoothUtils( 8588): blockedByLocationOff callingUid=1002
09-01 14:31:14.076 I/BluetoothUtils( 8588): packagename is android.uid.bluetooth:1002 ,and its permission is false
09-01 14:31:14.078 V/bt_stack( 8588): [VERBOSE1:btm_ble_gap.cc(1923)] btm_ble_process_ext_adv_pkt: bda=38:f9:d3:45:87:1e
09-01 14:31:14.078 V/bt_stack( 8588): [VERBOSE1:btm_ble_gap.cc(1847)] btm_ble_process_adv_addr: bda=38:f9:d3:45:87:1e
09-01 14:31:14.078 V/bt_stack( 8588): [VERBOSE1:btm_ble_gap.cc(2052)]  Waiting for scan response 38:f9:d3:45:87:1e
09-01 14:31:14.078 V/bt_stack( 8588): [VERBOSE1:btm_ble_gap.cc(1923)] btm_ble_process_ext_adv_pkt: bda=38:f9:d3:45:87:1e
09-01 14:31:14.078 V/bt_stack( 8588): [VERBOSE1:btm_ble_gap.cc(1847)] btm_ble_process_adv_addr: bda=38:f9:d3:45:87:1e
09-01 14:31:14.079 D/BluetoothUtils( 8588): blockedByLocationOff callingUid=1002
09-01 14:31:14.079 I/BluetoothUtils( 8588): packagename is android.uid.bluetooth:1002 ,and its permission is false
09-01 14:31:14.079 D/BluetoothUtils( 8588): blockedByLocationOff callingUid=1002
09-01 14:31:14.080 I/BluetoothUtils( 8588): packagename is android.uid.bluetooth:1002 ,and its permission is false
09-01 14:31:14.080 D/BluetoothUtils( 8588): blockedByLocationOff callingUid=1002
09-01 14:31:14.080 I/BluetoothUtils( 8588): packagename is android.uid.bluetooth:1002 ,and its permission is false
09-01 14:31:14.082 V/bt_stack( 8588): [VERBOSE1:btm_ble_gap.cc(1923)] btm_ble_process_ext_adv_pkt: bda=63:e7:6b:57:ac:90
09-01 14:31:14.082 V/bt_stack( 8588): [VERBOSE1:btm_ble_gap.cc(1847)] btm_ble_process_adv_addr: bda=63:e7:6b:57:ac:90
09-01 14:31:14.082 V/bt_stack( 8588): [VERBOSE1:btm_ble_gap.cc(2052)]  Waiting for scan response 63:e7:6b:57:ac:90
09-01 14:31:14.082 V/bt_stack( 8588): [VERBOSE1:btm_ble_gap.cc(1923)] btm_ble_process_ext_adv_pkt: bda=63:e7:6b:57:ac:90
09-01 14:31:14.082 V/bt_stack( 8588): [VERBOSE1:btm_ble_gap.cc(1847)] btm_ble_process_adv_addr: bda=63:e7:6b:57:ac:90
09-01 14:31:14.083 D/BluetoothUtils( 8588): blockedByLocationOff callingUid=1002
09-01 14:31:14.083 I/BluetoothUtils( 8588): packagename is android.uid.bluetooth:1002 ,and its permission is false
09-01 14:31:14.084 D/BluetoothUtils( 8588): blockedByLocationOff callingUid=1002
09-01 14:31:14.084 I/BluetoothUtils( 8588): packagename is android.uid.bluetooth:1002 ,and its permission is false
09-01 14:31:14.084 D/BluetoothUtils( 8588): blockedByLocationOff callingUid=1002
09-01 14:31:14.084 I/BluetoothUtils( 8588): packagename is android.uid.bluetooth:1002 ,and its permission is false
09-01 14:31:14.089 V/bt_stack( 8588): [VERBOSE1:gatt_main.cc(1079)] gatt_get_ch_state: ch_state=4
09-01 14:31:14.089 I/bt_stack( 8588): [INFO:gatt_main.cc(912)] gatt_data_process op_code = 19, msg_len = 0
09-01 14:31:14.089 V/bt_stack( 8588): [VERBOSE1:gatt_cl.cc(1094)] gatt_client_handle_server_rsp op_code: 19, len = 0rsp_code: 19
09-01 14:31:14.089 V/bt_stack( 8588): [VERBOSE1:gatt_utils.cc(1191)] gatt_end_operation status=0 op=3 subtype=2
09-01 14:31:14.089 V/bt_stack( 8588): [VERBOSE1:bta_gattc_act.cc(1309)] bta_gattc_cmpl_cback: conn_id:8 op:3 status:0
09-01 14:31:14.089 V/bt_stack( 8588): [VERBOSE1:bta_gattc_main.cc(361)] bta_gattc_hdl_event: Event:BTA_GATTC_OP_CMPL_EVT
09-01 14:31:14.089 V/bt_stack( 8588): [VERBOSE1:bta_gattc_main.cc(305)] bta_gattc_sm_execute: State 0x02 [GATTC_CONN_ST], Event 0x1f0f[BTA_GATTC_OP_CMPL_EVT]
09-01 14:31:14.089 V/bt_stack( 8588): [VERBOSE1:bta_gattc_act.cc(936)] bta_gattc_op_cmpl: op:3
09-01 14:31:14.089 V/bt_stack( 8588): [VERBOSE1:bta_gattc_main.cc(341)] bta_gattc_sm_execute: GATTC State Change: 0x02 -> 0x02 after Event 0x1f0f
09-01 14:31:14.091 D/BluetoothGatt( 8957): setCharacteristicNotification() - uuid: 00000004-0000-3512-2118-0009af100700 enable: true
09-01 14:31:14.091 D/[Koin]  ( 8957): +- get 'com.huami.femalehealth.uilib.O00000o0.O0000Oo'
09-01 14:31:14.091 D/RecentsImpl( 7676): mActivityStateObserver com.xiaomi.hm.health.activity.MainTabActivity
09-01 14:31:14.091 D/[Koin]  ( 8957): | create instance for [type:Factory,primary_type:'com.huami.femalehealth.uilib.O00000o0.O0000Oo']
09-01 14:31:14.091 D/[Koin]  ( 8957): +- get 'com.huami.femalehealth.logiclib.O00000oO.O00oOooO'
09-01 14:31:14.092 D/[Koin]  ( 8957): +- got 'com.huami.femalehealth.logiclib.O00000oO.O00oOooO' in 0.02849 ms
09-01 14:31:14.092 D/[Koin]  ( 8957): +- get 'com.huami.femalehealth.logiclib.O0000O0o.O00000o'
09-01 14:31:14.092 D/[Koin]  ( 8957): | create instance for [type:Factory,primary_type:'com.huami.femalehealth.logiclib.O0000O0o.O00000o']
09-01 14:31:14.092 D/[Koin]  ( 8957): +- get 'com.huami.femalehealth.logiclib.O00000oO.O0000O0o'
09-01 14:31:14.092 D/[Koin]  ( 8957): +- got 'com.huami.femalehealth.logiclib.O00000oO.O0000O0o' in 0.010469 ms
09-01 14:31:14.092 D/BtGatt.GattService( 8588): registerForNotification() - address=C3:D4:F4:E3:11:EC enable: true
09-01 14:31:14.092 D/[Koin]  ( 8957): +- get 'com.huami.femalehealth.logiclib.O000000o.O00000Oo'
09-01 14:31:14.092 D/[Koin]  ( 8957): +- got 'com.huami.femalehealth.logiclib.O000000o.O00000Oo' in 0.007188 ms
09-01 14:31:14.092 D/[Koin]  ( 8957): +- get 'com.huami.femalehealth.logiclib.db.FemaleHealthDb'
09-01 14:31:14.092 D/[Koin]  ( 8957): +- got 'com.huami.femalehealth.logiclib.db.FemaleHealthDb' in 0.005365 ms
09-01 14:31:14.092 D/[Koin]  ( 8957): +- get 'com.huami.femalehealth.logiclib.O00000Oo.O00000o'
09-01 14:31:14.092 D/[Koin]  ( 8957): | create instance for [type:Factory,primary_type:'com.huami.femalehealth.logiclib.O00000Oo.O00000o']
09-01 14:31:14.092 D/[Koin]  ( 8957): +- get 'com.huami.femalehealth.logiclib.O00000oO.O0000O0o'
09-01 14:31:14.092 D/BtGatt.GattService( 8588): onRegisterForNotifications() - address=null, status=0, registered=1, handle=62
09-01 14:31:14.092 D/[Koin]  ( 8957): +- got 'com.huami.femalehealth.logiclib.O00000oO.O0000O0o' in 0.005261 ms
09-01 14:31:14.092 D/[Koin]  ( 8957): +- get 'com.huami.femalehealth.logiclib.O000000o.O00000Oo'
09-01 14:31:14.092 D/[Koin]  ( 8957): +- got 'com.huami.femalehealth.logiclib.O000000o.O00000Oo' in 0.004948 ms
09-01 14:31:14.092 D/[Koin]  ( 8957): +- get 'com.huami.femalehealth.logiclib.db.FemaleHealthDb'
09-01 14:31:14.092 D/[Koin]  ( 8957): +- got 'com.huami.femalehealth.logiclib.db.FemaleHealthDb' in 0.004739 ms
09-01 14:31:14.092 D/[Koin]  ( 8957): +- get 'com.huami.femalehealth.logiclib.O00000Oo.O00000Oo'
09-01 14:31:14.092 D/[Koin]  ( 8957): +- got 'com.huami.femalehealth.logiclib.O00000Oo.O00000Oo' in 0.008229 ms
09-01 14:31:14.092 D/[Koin]  ( 8957): +- get 'com.huami.femalehealth.logiclib.O00000oO.O00oOooO'
09-01 14:31:14.092 D/[Koin]  ( 8957): +- got 'com.huami.femalehealth.logiclib.O00000oO.O00oOooO' in 0.063073 ms
09-01 14:31:14.092 D/[Koin]  ( 8957): +- got 'com.huami.femalehealth.logiclib.O00000Oo.O00000o' in 0.278021 ms
09-01 14:31:14.092 D/[Koin]  ( 8957): +- get 'com.huami.femalehealth.logiclib.O00000Oo.O00000o0'
09-01 14:31:14.092 D/[Koin]  ( 8957): | create instance for [type:Factory,primary_type:'com.huami.femalehealth.logiclib.O00000Oo.O00000o0']
09-01 14:31:14.092 D/[Koin]  ( 8957): +- got 'com.huami.femalehealth.logiclib.O00000Oo.O00000o0' in 0.037552 ms
09-01 14:31:14.092 V/bt_stack( 8588): [VERBOSE1:btm_ble_gap.cc(1923)] btm_ble_process_ext_adv_pkt: bda=12:72:eb:81:32:03
09-01 14:31:14.092 D/[Koin]  ( 8957): +- got 'com.huami.femalehealth.logiclib.O0000O0o.O00000o' in 0.571406 ms
09-01 14:31:14.092 V/bt_stack( 8588): [VERBOSE1:btm_ble_gap.cc(1847)] btm_ble_process_adv_addr: bda=12:72:eb:81:32:03
09-01 14:31:14.093 D/BluetoothUtils( 8588): blockedByLocationOff callingUid=1002
09-01 14:31:14.093 I/BluetoothUtils( 8588): packagename is android.uid.bluetooth:1002 ,and its permission is false
