09-01 14:31:11.262 V/bt_stack( 8588): [VERBOSE1:btm_ble_gap.cc(1923)] btm_ble_process_ext_adv_pkt: bda=17:7e:29:ab:4e:d0
09-01 14:31:11.263 V/bt_stack( 8588): [VERBOSE1:btm_ble_gap.cc(1847)] btm_ble_process_adv_addr: bda=17:7e:29:ab:4e:d0
09-01 14:31:11.263 I/BluetoothUtils( 8588): packagename is android.uid.bluetooth:1002 ,and its permission is false
09-01 14:31:11.263 D/BluetoothUtils( 8588): blockedByLocationOff callingUid=1002
09-01 14:31:11.264 I/BluetoothUtils( 8588): packagename is android.uid.bluetooth:1002 ,and its permission is false
09-01 14:31:11.264 D/BluetoothUtils( 8588): blockedByLocationOff callingUid=1002
09-01 14:31:11.264 I/BluetoothUtils( 8588): packagename is android.uid.bluetooth:1002 ,and its permission is false
09-01 14:31:11.264 D/BluetoothUtils( 8588): blockedByLocationOff callingUid=1002
09-01 14:31:11.265 V/bt_stack( 8588): [VERBOSE1:btm_ble_gap.cc(1923)] btm_ble_process_ext_adv_pkt: bda=d3:ce:19:45:b1:77
09-01 14:31:11.265 V/bt_stack( 8588): [VERBOSE1:btm_ble_gap.cc(1847)] btm_ble_process_adv_addr: bda=d3:ce:19:45:b1:77
09-01 14:31:11.265 V/bt_stack( 8588): [VERBOSE1:btm_ble_gap.cc(2052)]  Waiting for scan response d3:ce:19:45:b1:77
09-01 14:31:11.265 I/BluetoothUtils( 8588): packagename is android.uid.bluetooth:1002 ,and its permission is false
09-01 14:31:11.265 V/bt_stack( 8588): [VERBOSE1:btm_ble_gap.cc(1923)] btm_ble_process_ext_adv_pkt: bda=d3:ce:19:45:b1:77
09-01 14:31:11.265 V/bt_stack( 8588): [VERBOSE1:btm_ble_gap.cc(1847)] btm_ble_process_adv_addr: bda=d3:ce:19:45:b1:77
09-01 14:31:11.266 D/BluetoothUtils( 8588): blockedByLocationOff callingUid=1002
09-01 14:31:11.266 I/BluetoothUtils( 8588): packagename is android.uid.bluetooth:1002 ,and its permission is false
09-01 14:31:11.267 D/BluetoothUtils( 8588): blockedByLocationOff callingUid=1002
09-01 14:31:11.267 I/BluetoothUtils( 8588): packagename is android.uid.bluetooth:1002 ,and its permission is false
09-01 14:31:11.267 D/BluetoothUtils( 8588): blockedByLocationOff callingUid=1002
09-01 14:31:11.267 I/BluetoothUtils( 8588): packagename is android.uid.bluetooth:1002 ,and its permission is false
09-01 14:31:11.271 V/bt_stack( 8588): [VERBOSE1:btm_ble_gap.cc(1923)] btm_ble_process_ext_adv_pkt: bda=24:65:c8:81:ba:6f
09-01 14:31:11.271 V/bt_stack( 8588): [VERBOSE1:btm_ble_gap.cc(1847)] btm_ble_process_adv_addr: bda=24:65:c8:81:ba:6f
09-01 14:31:11.272 D/BluetoothUtils( 8588): blockedByLocationOff callingUid=1002
09-01 14:31:11.273 I/BluetoothUtils( 8588): packagename is android.uid.bluetooth:1002 ,and its permission is false
09-01 14:31:11.273 D/BluetoothUtils( 8588): blockedByLocationOff callingUid=1002
09-01 14:31:11.273 I/BluetoothUtils( 8588): packagename is android.uid.bluetooth:1002 ,and its permission is false
09-01 14:31:11.273 D/BluetoothUtils( 8588): blockedByLocationOff callingUid=1002
09-01 14:31:11.273 I/BluetoothUtils( 8588): packagename is android.uid.bluetooth:1002 ,and its permission is false
09-01 14:31:11.275 V/bt_stack( 8588): [VERBOSE1:btm_ble_gap.cc(1923)] btm_ble_process_ext_adv_pkt: bda=66:3e:07:e0:2b:d4
09-01 14:31:11.275 V/bt_stack( 8588): [VERBOSE1:btm_ble_gap.cc(1847)] btm_ble_process_adv_addr: bda=66:3e:07:e0:2b:d4
09-01 14:31:11.275 V/bt_stack( 8588): [VERBOSE1:btm_ble_gap.cc(2052)]  Waiting for scan response 66:3e:07:e0:2b:d4
09-01 14:31:11.275 V/bt_stack( 8588): [VERBOSE1:btm_ble_gap.cc(1923)] btm_ble_process_ext_adv_pkt: bda=66:3e:07:e0:2b:d4
09-01 14:31:11.275 V/bt_stack( 8588): [VERBOSE1:btm_ble_gap.cc(1847)] btm_ble_process_adv_addr: bda=66:3e:07:e0:2b:d4
09-01 14:31:11.276 D/BluetoothUtils( 8588): blockedByLocationOff callingUid=1002
09-01 14:31:11.276 I/BluetoothUtils( 8588): packagename is android.uid.bluetooth:1002 ,and its permission is false
09-01 14:31:11.276 D/BluetoothUtils( 8588): blockedByLocationOff callingUid=1002
09-01 14:31:11.277 I/BluetoothUtils( 8588): packagename is android.uid.bluetooth:1002 ,and its permission is false
09-01 14:31:11.277 D/BluetoothUtils( 8588): blockedByLocationOff callingUid=1002
09-01 14:31:11.277 I/BluetoothUtils( 8588): packagename is android.uid.bluetooth:1002 ,and its permission is false
09-01 14:31:11.300 V/bt_stack( 8588): [VERBOSE1:btm_ble_gap.cc(1923)] btm_ble_process_ext_adv_pkt: bda=0d:a0:9b:d0:d9:48
09-01 14:31:11.300 V/bt_stack( 8588): [VERBOSE1:btm_ble_gap.cc(1847)] btm_ble_process_adv_addr: bda=0d:a0:9b:d0:d9:48
09-01 14:31:11.301 D/BluetoothUtils( 8588): blockedByLocationOff callingUid=1002
09-01 14:31:11.301 I/BluetoothUtils( 8588): packagename is android.uid.bluetooth:1002 ,and its permission is false
09-01 14:31:11.301 D/BluetoothUtils( 8588): blockedByLocationOff callingUid=1002
09-01 14:31:11.302 I/BluetoothUtils( 8588): packagename is android.uid.bluetooth:1002 ,and its permission is false
09-01 14:31:11.302 D/BluetoothUtils( 8588): blockedByLocationOff callingUid=1002
09-01 14:31:11.302 I/BluetoothUtils( 8588): packagename is android.uid.bluetooth:1002 ,and its permission is false
09-01 14:31:11.305 V/bt_stack( 8588): [VERBOSE1:btm_ble_gap.cc(1923)] btm_ble_process_ext_adv_pkt: bda=19:ad:01:0d:ee:7c
09-01 14:31:11.305 V/bt_stack( 8588): [VERBOSE1:btm_ble_gap.cc(1847)] btm_ble_process_adv_addr: bda=19:ad:01:0d:ee:7c
09-01 14:31:11.306 D/BluetoothUtils( 8588): blockedByLocationOff callingUid=1002
09-01 14:31:11.306 I/BluetoothUtils( 8588): packagename is android.uid.bluetooth:1002 ,and its permission is false
09-01 14:31:11.306 D/BluetoothUtils( 8588): blockedByLocationOff callingUid=1002
09-01 14:31:11.306 I/cnss-daemon( 1223): nl80211 response handler invoked
09-01 14:31:11.307 I/cnss-daemon( 1223): nl80211_response_handler: cmd 103, vendorID 4980, subcmd 10  received
09-01 14:31:11.307 I/BluetoothUtils( 8588): packagename is android.uid.bluetooth:1002 ,and its permission is false
09-01 14:31:11.307 D/BluetoothUtils( 8588): blockedByLocationOff callingUid=1002
09-01 14:31:11.307 I/WifiHAL (  794): event received NL80211_CMD_VENDOR, vendor_id = 0x1374, subcmd = 0xa
09-01 14:31:11.307 I/BluetoothUtils( 8588): packagename is android.uid.bluetooth:1002 ,and its permission is false
09-01 14:31:11.312 I/wpa_supplicant(  312): wlan0: CTRL-EVENT-AVOID-FREQ ranges=
09-01 14:31:11.314 I/wpa_supplicant(  312): wlan0: CTRL-EVENT-REGDOM-CHANGE init=DRIVER type=COUNTRY alpha2=CN
09-01 14:31:11.319 V/bt_stack( 8588): [VERBOSE1:btm_ble_gap.cc(1923)] btm_ble_process_ext_adv_pkt: bda=06:fa:50:9b:39:c0
09-01 14:31:11.319 V/bt_stack( 8588): [VERBOSE1:btm_ble_gap.cc(1847)] btm_ble_process_adv_addr: bda=06:fa:50:9b:39:c0
09-01 14:31:11.320 D/BluetoothUtils( 8588): blockedByLocationOff callingUid=1002
09-01 14:31:11.320 V/bt_stack( 8588): [VERBOSE1:btm_ble_gap.cc(1923)] btm_ble_process_ext_adv_pkt: bda=70:f7:bb:11:90:a8
09-01 14:31:11.320 I/BluetoothUtils( 8588): packagename is android.uid.bluetooth:1002 ,and its permission is false
09-01 14:31:11.320 V/bt_stack( 8588): [VERBOSE1:btm_ble_gap.cc(1847)] btm_ble_process_adv_addr: bda=70:f7:bb:11:90:a8
09-01 14:31:11.321 D/BluetoothUtils( 8588): blockedByLocationOff callingUid=1002
09-01 14:31:11.321 I/BluetoothUtils( 8588): packagename is android.uid.bluetooth:1002 ,and its permission is false
09-01 14:31:11.321 D/BluetoothUtils( 8588): blockedByLocationOff callingUid=1002
09-01 14:31:11.321 I/BluetoothUtils( 8588): packagename is android.uid.bluetooth:1002 ,and its permission is false
09-01 14:31:11.322 D/BluetoothUtils( 8588): blockedByLocationOff callingUid=1002
09-01 14:31:11.322 I/BluetoothUtils( 8588): packagename is android.uid.bluetooth:1002 ,and its permission is false
09-01 14:31:11.323 D/BluetoothUtils( 8588): blockedByLocationOff callingUid=1002
09-01 14:31:11.323 I/BluetoothUtils( 8588): packagename is android.uid.bluetooth:1002 ,and its permission is false
09-01 14:31:11.323 D/BluetoothUtils( 8588): blockedByLocationOff callingUid=1002
09-01 14:31:11.323 I/BluetoothUtils( 8588): packagename is android.uid.bluetooth:1002 ,and its permission is false
09-01 14:31:11.324 V/bt_stack( 8588): [VERBOSE1:btm_ble_gap.cc(1923)] btm_ble_process_ext_adv_pkt: bda=2a:1b:52:ac:62:5d
09-01 14:31:11.324 V/bt_stack( 8588): [VERBOSE1:btm_ble_gap.cc(1847)] btm_ble_process_adv_addr: bda=2a:1b:52:ac:62:5d
09-01 14:31:11.325 D/BluetoothUtils( 8588): blockedByLocationOff callingUid=1002
09-01 14:31:11.326 I/BluetoothUtils( 8588): packagename is android.uid.bluetooth:1002 ,and its permission is false
09-01 14:31:11.326 D/BluetoothUtils( 8588): blockedByLocationOff callingUid=1002
09-01 14:31:11.326 I/BluetoothUtils( 8588): packagename is android.uid.bluetooth:1002 ,and its permission is false
09-01 14:31:11.326 D/BluetoothUtils( 8588): blockedByLocationOff callingUid=1002
09-01 14:31:11.327 I/BluetoothUtils( 8588): packagename is android.uid.bluetooth:1002 ,and its permission is false
09-01 14:31:11.331 V/bt_stack( 8588): [VERBOSE1:btm_ble_gap.cc(1923)] btm_ble_process_ext_adv_pkt: bda=38:f9:d3:45:87:1e
09-01 14:31:11.331 V/bt_stack( 8588): [VERBOSE1:btm_ble_gap.cc(1847)] btm_ble_process_adv_addr: bda=38:f9:d3:45:87:1e
09-01 14:31:11.331 V/bt_stack( 8588): [VERBOSE1:btm_ble_gap.cc(2052)]  Waiting for scan response 38:f9:d3:45:87:1e
09-01 14:31:11.332 V/bt_stack( 8588): [VERBOSE1:btm_ble_gap.cc(1923)] btm_ble_process_ext_adv_pkt: bda=38:f9:d3:45:87:1e
09-01 14:31:11.332 V/bt_stack( 8588): [VERBOSE1:btm_ble_gap.cc(1847)] btm_ble_process_adv_addr: bda=38:f9:d3:45:87:1e
09-01 14:31:11.333 D/BluetoothUtils( 8588): blockedByLocationOff callingUid=1002
09-01 14:31:11.333 I/BluetoothUtils( 8588): packagename is android.uid.bluetooth:1002 ,and its permission is false
09-01 14:31:11.333 D/BluetoothUtils( 8588): blockedByLocationOff callingUid=1002
09-01 14:31:11.334 I/BluetoothUtils( 8588): packagename is android.uid.bluetooth:1002 ,and its permission is false
09-01 14:31:11.334 D/BluetoothUtils( 8588): blockedByLocationOff callingUid=1002
09-01 14:31:11.334 V/bt_stack( 8588): [VERBOSE1:btm_ble_gap.cc(1923)] btm_ble_process_ext_adv_pkt: bda=07:e4:7f:b4:5f:d9
09-01 14:31:11.334 V/bt_stack( 8588): [VERBOSE1:btm_ble_gap.cc(1847)] btm_ble_process_adv_addr: bda=07:e4:7f:b4:5f:d9
09-01 14:31:11.334 I/BluetoothUtils( 8588): packagename is android.uid.bluetooth:1002 ,and its permission is false
09-01 14:31:11.335 D/BluetoothUtils( 8588): blockedByLocationOff callingUid=1002
09-01 14:31:11.335 I/BluetoothUtils( 8588): packagename is android.uid.bluetooth:1002 ,and its permission is false
09-01 14:31:11.335 D/BluetoothUtils( 8588): blockedByLocationOff callingUid=1002
09-01 14:31:11.336 I/BluetoothUtils( 8588): packagename is android.uid.bluetooth:1002 ,and its permission is false
09-01 14:31:11.336 D/BluetoothUtils( 8588): blockedByLocationOff callingUid=1002
09-01 14:31:11.337 I/BluetoothUtils( 8588): packagename is android.uid.bluetooth:1002 ,and its permission is false
09-01 14:31:11.341 V/bt_stack( 8588): [VERBOSE1:btm_ble_gap.cc(1923)] btm_ble_process_ext_adv_pkt: bda=0a:29:89:b7:c8:4a
09-01 14:31:11.341 V/bt_stack( 8588): [VERBOSE1:btm_ble_gap.cc(1847)] btm_ble_process_adv_addr: bda=0a:29:89:b7:c8:4a
09-01 14:31:11.342 V/bt_stack( 8588): [VERBOSE1:btm_ble_gap.cc(1923)] btm_ble_process_ext_adv_pkt: bda=3a:23:cb:4a:85:2d
09-01 14:31:11.342 V/bt_stack( 8588): [VERBOSE1:btm_ble_gap.cc(1847)] btm_ble_process_adv_addr: bda=3a:23:cb:4a:85:2d
09-01 14:31:11.342 D/BluetoothUtils( 8588): blockedByLocationOff callingUid=1002
09-01 14:31:11.342 I/BluetoothUtils( 8588): packagename is android.uid.bluetooth:1002 ,and its permission is false
09-01 14:31:11.342 D/BluetoothUtils( 8588): blockedByLocationOff callingUid=1002
09-01 14:31:11.343 I/BluetoothUtils( 8588): packagename is android.uid.bluetooth:1002 ,and its permission is false
09-01 14:31:11.343 D/BluetoothUtils( 8588): blockedByLocationOff callingUid=1002
09-01 14:31:11.344 I/BluetoothUtils( 8588): packagename is android.uid.bluetooth:1002 ,and its permission is false
09-01 14:31:11.344 D/BluetoothUtils( 8588): blockedByLocationOff callingUid=1002
09-01 14:31:11.345 I/BluetoothUtils( 8588): packagename is android.uid.bluetooth:1002 ,and its permission is false
09-01 14:31:11.345 D/BluetoothUtils( 8588): blockedByLocationOff callingUid=1002
09-01 14:31:11.345 I/BluetoothUtils( 8588): packagename is android.uid.bluetooth:1002 ,and its permission is false
09-01 14:31:11.345 D/BluetoothUtils( 8588): blockedByLocationOff callingUid=1002
09-01 14:31:11.346 I/BluetoothUtils( 8588): packagename is android.uid.bluetooth:1002 ,and its permission is false
09-01 14:31:11.346 V/bt_stack( 8588): [VERBOSE1:btm_ble_gap.cc(1923)] btm_ble_process_ext_adv_pkt: bda=19:30:6d:c4:b5:5b
09-01 14:31:11.346 V/bt_stack( 8588): [VERBOSE1:btm_ble_gap.cc(1847)] btm_ble_process_adv_addr: bda=19:30:6d:c4:b5:5b
09-01 14:31:11.347 D/BluetoothUtils( 8588): blockedByLocationOff callingUid=1002
09-01 14:31:11.348 I/BluetoothUtils( 8588): packagename is android.uid.bluetooth:1002 ,and its permission is false
09-01 14:31:11.348 D/BluetoothUtils( 8588): blockedByLocationOff callingUid=1002
09-01 14:31:11.348 I/BluetoothUtils( 8588): packagename is android.uid.bluetooth:1002 ,and its permission is false
09-01 14:31:11.348 D/BluetoothUtils( 8588): blockedByLocationOff callingUid=1002
09-01 14:31:11.349 I/BluetoothUtils( 8588): packagename is android.uid.bluetooth:1002 ,and its permission is false
09-01 14:31:11.356 V/bt_stack( 8588): [VERBOSE1:btm_ble_gap.cc(1923)] btm_ble_process_ext_adv_pkt: bda=70:33:97:a2:2a:78
09-01 14:31:11.356 V/bt_stack( 8588): [VERBOSE1:btm_ble_gap.cc(1847)] btm_ble_process_adv_addr: bda=70:33:97:a2:2a:78
09-01 14:31:11.356 V/bt_stack( 8588): [VERBOSE1:btm_ble_gap.cc(2052)]  Waiting for scan response 70:33:97:a2:2a:78
09-01 14:31:11.356 V/bt_stack( 8588): [VERBOSE1:btm_ble_gap.cc(1923)] btm_ble_process_ext_adv_pkt: bda=70:33:97:a2:2a:78
09-01 14:31:11.357 V/bt_stack( 8588): [VERBOSE1:btm_ble_gap.cc(1847)] btm_ble_process_adv_addr: bda=70:33:97:a2:2a:78
09-01 14:31:11.357 D/BluetoothUtils( 8588): blockedByLocationOff callingUid=1002
09-01 14:31:11.358 I/BluetoothUtils( 8588): packagename is android.uid.bluetooth:1002 ,and its permission is false
09-01 14:31:11.358 D/BluetoothUtils( 8588): blockedByLocationOff callingUid=1002
09-01 14:31:11.358 I/BluetoothUtils( 8588): packagename is android.uid.bluetooth:1002 ,and its permission is false
09-01 14:31:11.358 D/BluetoothUtils( 8588): blockedByLocationOff callingUid=1002
09-01 14:31:11.358 I/BluetoothUtils( 8588): packagename is android.uid.bluetooth:1002 ,and its permission is false
09-01 14:31:11.363 V/bt_stack( 8588): [VERBOSE1:btm_ble_gap.cc(1923)] btm_ble_process_ext_adv_pkt: bda=6a:1a:31:28:a4:f8
09-01 14:31:11.363 V/bt_stack( 8588): [VERBOSE1:btm_ble_gap.cc(1847)] btm_ble_process_adv_addr: bda=6a:1a:31:28:a4:f8
09-01 14:31:11.364 D/BluetoothUtils( 8588): blockedByLocationOff callingUid=1002
09-01 14:31:11.365 I/BluetoothUtils( 8588): packagename is android.uid.bluetooth:1002 ,and its permission is false
09-01 14:31:11.365 D/BluetoothUtils( 8588): blockedByLocationOff callingUid=1002
09-01 14:31:11.365 I/BluetoothUtils( 8588): packagename is android.uid.bluetooth:1002 ,and its permission is false
09-01 14:31:11.365 D/BluetoothUtils( 8588): blockedByLocationOff callingUid=1002
09-01 14:31:11.366 I/BluetoothUtils( 8588): packagename is android.uid.bluetooth:1002 ,and its permission is false
09-01 14:31:11.369 V/bt_stack( 8588): [VERBOSE1:btm_ble_gap.cc(1923)] btm_ble_process_ext_adv_pkt: bda=17:7e:29:ab:4e:d0
09-01 14:31:11.369 V/bt_stack( 8588): [VERBOSE1:btm_ble_gap.cc(1847)] btm_ble_process_adv_addr: bda=17:7e:29:ab:4e:d0
09-01 14:31:11.370 D/BluetoothUtils( 8588): blockedByLocationOff callingUid=1002
09-01 14:31:11.370 I/BluetoothUtils( 8588): packagename is android.uid.bluetooth:1002 ,and its permission is false
09-01 14:31:11.371 D/BluetoothUtils( 8588): blockedByLocationOff callingUid=1002
09-01 14:31:11.371 I/BluetoothUtils( 8588): packagename is android.uid.bluetooth:1002 ,and its permission is false
09-01 14:31:11.371 D/BluetoothUtils( 8588): blockedByLocationOff callingUid=1002
09-01 14:31:11.371 I/BluetoothUtils( 8588): packagename is android.uid.bluetooth:1002 ,and its permission is false
09-01 14:31:11.380 V/bt_stack( 8588): [VERBOSE1:btm_ble_gap.cc(1923)] btm_ble_process_ext_adv_pkt: bda=7a:5d:64:2b:34:77
09-01 14:31:11.380 V/bt_stack( 8588): [VERBOSE1:btm_ble_gap.cc(1847)] btm_ble_process_adv_addr: bda=7a:5d:64:2b:34:77
09-01 14:31:11.380 V/bt_stack( 8588): [VERBOSE1:btm_ble_gap.cc(2052)]  Waiting for scan response 7a:5d:64:2b:34:77
09-01 14:31:11.380 V/bt_stack( 8588): [VERBOSE1:btm_ble_gap.cc(1923)] btm_ble_process_ext_adv_pkt: bda=24:65:c8:81:ba:6f
09-01 14:31:11.380 V/bt_stack( 8588): [VERBOSE1:btm_ble_gap.cc(1847)] btm_ble_process_adv_addr: bda=24:65:c8:81:ba:6f
09-01 14:31:11.381 D/BluetoothUtils( 8588): blockedByLocationOff callingUid=1002
09-01 14:31:11.382 I/BluetoothUtils( 8588): packagename is android.uid.bluetooth:1002 ,and its permission is false
09-01 14:31:11.382 D/BluetoothUtils( 8588): blockedByLocationOff callingUid=1002
09-01 14:31:11.382 I/BluetoothUtils( 8588): packagename is android.uid.bluetooth:1002 ,and its permission is false
09-01 14:31:11.382 D/BluetoothUtils( 8588): blockedByLocationOff callingUid=1002
09-01 14:31:11.382 I/BluetoothUtils( 8588): packagename is android.uid.bluetooth:1002 ,and its permission is false
09-01 14:31:11.388 V/bt_stack( 8588): [VERBOSE1:btm_ble_gap.cc(1923)] btm_ble_process_ext_adv_pkt: bda=2c:e0:b3:78:83:e3
09-01 14:31:11.388 V/bt_stack( 8588): [VERBOSE1:btm_ble_gap.cc(1847)] btm_ble_process_adv_addr: bda=2c:e0:b3:78:83:e3
09-01 14:31:11.389 D/BluetoothUtils( 8588): blockedByLocationOff callingUid=1002
09-01 14:31:11.389 I/BluetoothUtils( 8588): packagename is android.uid.bluetooth:1002 ,and its permission is false
09-01 14:31:11.389 D/BluetoothUtils( 8588): blockedByLocationOff callingUid=1002
09-01 14:31:11.390 I/BluetoothUtils( 8588): packagename is android.uid.bluetooth:1002 ,and its permission is false
09-01 14:31:11.390 D/BluetoothUtils( 8588): blockedByLocationOff callingUid=1002
09-01 14:31:11.390 I/BluetoothUtils( 8588): packagename is android.uid.bluetooth:1002 ,and its permission is false
09-01 14:31:11.404 V/bt_stack( 8588): [VERBOSE1:btm_ble_gap.cc(1923)] btm_ble_process_ext_adv_pkt: bda=36:c9:49:a0:b6:9d
09-01 14:31:11.404 V/bt_stack( 8588): [VERBOSE1:btm_ble_gap.cc(1847)] btm_ble_process_adv_addr: bda=36:c9:49:a0:b6:9d
09-01 14:31:11.404 V/bt_stack( 8588): [VERBOSE1:btm_ble_gap.cc(1923)] btm_ble_process_ext_adv_pkt: bda=0c:1a:06:0e:96:57
09-01 14:31:11.404 V/bt_stack( 8588): [VERBOSE1:btm_ble_gap.cc(1847)] btm_ble_process_adv_addr: bda=0c:1a:06:0e:96:57
09-01 14:31:11.405 D/BluetoothUtils( 8588): blockedByLocationOff callingUid=1002
09-01 14:31:11.406 I/BluetoothUtils( 8588): packagename is android.uid.bluetooth:1002 ,and its permission is false
09-01 14:31:11.406 D/BluetoothUtils( 8588): blockedByLocationOff callingUid=1002
09-01 14:31:11.407 I/BluetoothUtils( 8588): packagename is android.uid.bluetooth:1002 ,and its permission is false
09-01 14:31:11.407 D/BluetoothUtils( 8588): blockedByLocationOff callingUid=1002
09-01 14:31:11.407 I/BluetoothUtils( 8588): packagename is android.uid.bluetooth:1002 ,and its permission is false
09-01 14:31:11.408 D/BluetoothUtils( 8588): blockedByLocationOff callingUid=1002
09-01 14:31:11.408 I/BluetoothUtils( 8588): packagename is android.uid.bluetooth:1002 ,and its permission is false
09-01 14:31:11.408 D/BluetoothUtils( 8588): blockedByLocationOff callingUid=1002
09-01 14:31:11.409 I/BluetoothUtils( 8588): packagename is android.uid.bluetooth:1002 ,and its permission is false
09-01 14:31:11.409 D/BluetoothUtils( 8588): blockedByLocationOff callingUid=1002
09-01 14:31:11.409 I/BluetoothUtils( 8588): packagename is android.uid.bluetooth:1002 ,and its permission is false
09-01 14:31:11.414 V/bt_stack( 8588): [VERBOSE1:btm_ble_gap.cc(1923)] btm_ble_process_ext_adv_pkt: bda=ac:29:3a:9a:aa:42
09-01 14:31:11.414 V/bt_stack( 8588): [VERBOSE1:btm_ble_gap.cc(1847)] btm_ble_process_adv_addr: bda=ac:29:3a:9a:aa:42
09-01 14:31:11.414 V/bt_stack( 8588): [VERBOSE1:btm_ble_gap.cc(2052)]  Waiting for scan response ac:29:3a:9a:aa:42
09-01 14:31:11.420 V/bt_stack( 8588): [VERBOSE1:btm_ble_gap.cc(1923)] btm_ble_process_ext_adv_pkt: bda=7c:7c:58:d5:aa:e1
09-01 14:31:11.420 V/bt_stack( 8588): [VERBOSE1:btm_ble_gap.cc(1847)] btm_ble_process_adv_addr: bda=7c:7c:58:d5:aa:e1
09-01 14:31:11.420 V/bt_stack( 8588): [VERBOSE1:btm_ble_gap.cc(2052)]  Waiting for scan response 7c:7c:58:d5:aa:e1
09-01 14:31:11.426 V/bt_stack( 8588): [VERBOSE1:btm_ble_gap.cc(1923)] btm_ble_process_ext_adv_pkt: bda=6c:37:b5:6b:a1:b8
09-01 14:31:11.426 V/bt_stack( 8588): [VERBOSE1:btm_ble_gap.cc(1847)] btm_ble_process_adv_addr: bda=6c:37:b5:6b:a1:b8
09-01 14:31:11.426 V/bt_stack( 8588): [VERBOSE1:btm_ble_gap.cc(2052)]  Waiting for scan response 6c:37:b5:6b:a1:b8
09-01 14:31:11.427 V/bt_stack( 8588): [VERBOSE1:btm_ble_gap.cc(1923)] btm_ble_process_ext_adv_pkt: bda=48:14:81:f8:b8:84
09-01 14:31:11.427 V/bt_stack( 8588): [VERBOSE1:btm_ble_gap.cc(1847)] btm_ble_process_adv_addr: bda=48:14:81:f8:b8:84
09-01 14:31:11.427 V/bt_stack( 8588): [VERBOSE1:btm_ble_gap.cc(2052)]  Waiting for scan response 48:14:81:f8:b8:84
09-01 14:31:11.427 V/bt_stack( 8588): [VERBOSE1:btm_ble_gap.cc(1923)] btm_ble_process_ext_adv_pkt: bda=48:14:81:f8:b8:84
09-01 14:31:11.427 V/bt_stack( 8588): [VERBOSE1:btm_ble_gap.cc(1847)] btm_ble_process_adv_addr: bda=48:14:81:f8:b8:84
09-01 14:31:11.428 V/bt_stack( 8588): [VERBOSE1:btm_ble_gap.cc(1923)] btm_ble_process_ext_adv_pkt: bda=06:fa:50:9b:39:c0
09-01 14:31:11.428 D/BluetoothUtils( 8588): blockedByLocationOff callingUid=1002
09-01 14:31:11.428 V/bt_stack( 8588): [VERBOSE1:btm_ble_gap.cc(1847)] btm_ble_process_adv_addr: bda=06:fa:50:9b:39:c0
09-01 14:31:11.428 I/BluetoothUtils( 8588): packagename is android.uid.bluetooth:1002 ,and its permission is false
09-01 14:31:11.428 D/BluetoothUtils( 8588): blockedByLocationOff callingUid=1002
09-01 14:31:11.429 I/BluetoothUtils( 8588): packagename is android.uid.bluetooth:1002 ,and its permission is false
09-01 14:31:11.429 D/BluetoothUtils( 8588): blockedByLocationOff callingUid=1002
09-01 14:31:11.429 I/BluetoothUtils( 8588): packagename is android.uid.bluetooth:1002 ,and its permission is false
09-01 14:31:11.429 V/bt_stack( 8588): [VERBOSE1:btm_ble_gap.cc(1923)] btm_ble_process_ext_adv_pkt: bda=2a:1b:52:ac:62:5d
09-01 14:31:11.430 V/bt_stack( 8588): [VERBOSE1:btm_ble_gap.cc(1847)] btm_ble_process_adv_addr: bda=2a:1b:52:ac:62:5d
09-01 14:31:11.430 D/BluetoothUtils( 8588): blockedByLocationOff callingUid=1002
09-01 14:31:11.430 I/BluetoothUtils( 8588): packagename is android.uid.bluetooth:1002 ,and its permission is false
09-01 14:31:11.430 D/BluetoothUtils( 8588): blockedByLocationOff callingUid=1002
09-01 14:31:11.430 I/BluetoothUtils( 8588): packagename is android.uid.bluetooth:1002 ,and its permission is false
09-01 14:31:11.430 D/BluetoothUtils( 8588): blockedByLocationOff callingUid=1002
09-01 14:31:11.431 I/BluetoothUtils( 8588): packagename is android.uid.bluetooth:1002 ,and its permission is false
09-01 14:31:11.431 D/BluetoothUtils( 8588): blockedByLocationOff callingUid=1002
09-01 14:31:11.431 I/BluetoothUtils( 8588): packagename is android.uid.bluetooth:1002 ,and its permission is false
09-01 14:31:11.432 D/BluetoothUtils( 8588): blockedByLocationOff callingUid=1002
09-01 14:31:11.432 I/BluetoothUtils( 8588): packagename is android.uid.bluetooth:1002 ,and its permission is false
09-01 14:31:11.432 D/BluetoothUtils( 8588): blockedByLocationOff callingUid=1002
09-01 14:31:11.432 I/BluetoothUtils( 8588): packagename is android.uid.bluetooth:1002 ,and its permission is false
09-01 14:31:11.452 V/bt_stack( 8588): [VERBOSE1:btm_ble_gap.cc(1923)] btm_ble_process_ext_adv_pkt: bda=54:e8:6c:52:02:a9
09-01 14:31:11.452 V/bt_stack( 8588): [VERBOSE1:btm_ble_gap.cc(1847)] btm_ble_process_adv_addr: bda=54:e8:6c:52:02:a9
09-01 14:31:11.452 V/bt_stack( 8588): [VERBOSE1:btm_ble_gap.cc(2052)]  Waiting for scan response 54:e8:6c:52:02:a9
09-01 14:31:11.452 V/bt_stack( 8588): [VERBOSE1:btm_ble_gap.cc(1923)] btm_ble_process_ext_adv_pkt: bda=19:30:6d:c4:b5:5b
09-01 14:31:11.452 V/bt_stack( 8588): [VERBOSE1:btm_ble_gap.cc(1847)] btm_ble_process_adv_addr: bda=19:30:6d:c4:b5:5b
09-01 14:31:11.453 D/BluetoothUtils( 8588): blockedByLocationOff callingUid=1002
09-01 14:31:11.454 I/BluetoothUtils( 8588): packagename is android.uid.bluetooth:1002 ,and its permission is false
09-01 14:31:11.454 D/BluetoothUtils( 8588): blockedByLocationOff callingUid=1002
09-01 14:31:11.454 I/BluetoothUtils( 8588): packagename is android.uid.bluetooth:1002 ,and its permission is false
09-01 14:31:11.454 D/BluetoothUtils( 8588): blockedByLocationOff callingUid=1002
09-01 14:31:11.455 I/BluetoothUtils( 8588): packagename is android.uid.bluetooth:1002 ,and its permission is false
09-01 14:31:11.461 V/bt_stack( 8588): [VERBOSE1:btm_ble_gap.cc(1923)] btm_ble_process_ext_adv_pkt: bda=4b:2f:6d:75:86:77
09-01 14:31:11.461 V/bt_stack( 8588): [VERBOSE1:btm_ble_gap.cc(1847)] btm_ble_process_adv_addr: bda=4b:2f:6d:75:86:77
09-01 14:31:11.461 V/bt_stack( 8588): [VERBOSE1:btm_ble_gap.cc(2052)]  Waiting for scan response 4b:2f:6d:75:86:77
09-01 14:31:11.465 V/bt_stack( 8588): [VERBOSE1:btm_ble_gap.cc(1923)] btm_ble_process_ext_adv_pkt: bda=66:3e:07:e0:2b:d4
09-01 14:31:11.465 V/bt_stack( 8588): [VERBOSE1:btm_ble_gap.cc(1847)] btm_ble_process_adv_addr: bda=66:3e:07:e0:2b:d4
09-01 14:31:11.465 V/bt_stack( 8588): [VERBOSE1:btm_ble_gap.cc(2052)]  Waiting for scan response 66:3e:07:e0:2b:d4
09-01 14:31:11.465 V/bt_stack( 8588): [VERBOSE1:btm_ble_gap.cc(1923)] btm_ble_process_ext_adv_pkt: bda=6a:1a:31:28:a4:f8
09-01 14:31:11.465 V/bt_stack( 8588): [VERBOSE1:btm_ble_gap.cc(1847)] btm_ble_process_adv_addr: bda=6a:1a:31:28:a4:f8
09-01 14:31:11.466 D/BluetoothUtils( 8588): blockedByLocationOff callingUid=1002
09-01 14:31:11.467 I/BluetoothUtils( 8588): packagename is android.uid.bluetooth:1002 ,and its permission is false
09-01 14:31:11.467 D/BluetoothUtils( 8588): blockedByLocationOff callingUid=1002
09-01 14:31:11.467 I/BluetoothUtils( 8588): packagename is android.uid.bluetooth:1002 ,and its permission is false
09-01 14:31:11.467 D/BluetoothUtils( 8588): blockedByLocationOff callingUid=1002
09-01 14:31:11.467 I/BluetoothUtils( 8588): packagename is android.uid.bluetooth:1002 ,and its permission is false
09-01 14:31:11.484 V/bt_stack( 8588): [VERBOSE1:btm_ble_gap.cc(1923)] btm_ble_process_ext_adv_pkt: bda=24:65:c8:81:ba:6f
09-01 14:31:11.484 V/bt_stack( 8588): [VERBOSE1:btm_ble_gap.cc(1847)] btm_ble_process_adv_addr: bda=24:65:c8:81:ba:6f
09-01 14:31:11.485 D/BluetoothUtils( 8588): blockedByLocationOff callingUid=1002
09-01 14:31:11.485 I/BluetoothUtils( 8588): packagename is android.uid.bluetooth:1002 ,and its permission is false
09-01 14:31:11.485 D/BluetoothUtils( 8588): blockedByLocationOff callingUid=1002
09-01 14:31:11.486 I/BluetoothUtils( 8588): packagename is android.uid.bluetooth:1002 ,and its permission is false
09-01 14:31:11.486 D/BluetoothUtils( 8588): blockedByLocationOff callingUid=1002
09-01 14:31:11.486 I/BluetoothUtils( 8588): packagename is android.uid.bluetooth:1002 ,and its permission is false
09-01 14:31:11.502 V/bt_stack( 8588): [VERBOSE1:btm_ble_gap.cc(1923)] btm_ble_process_ext_adv_pkt: bda=12:f7:c7:df:cb:b1
09-01 14:31:11.502 V/bt_stack( 8588): [VERBOSE1:btm_ble_gap.cc(1847)] btm_ble_process_adv_addr: bda=12:f7:c7:df:cb:b1
09-01 14:31:11.503 D/BluetoothUtils( 8588): blockedByLocationOff callingUid=1002
09-01 14:31:11.504 I/BluetoothUtils( 8588): packagename is android.uid.bluetooth:1002 ,and its permission is false
09-01 14:31:11.504 D/BluetoothUtils( 8588): blockedByLocationOff callingUid=1002
09-01 14:31:11.504 I/BluetoothUtils( 8588): packagename is android.uid.bluetooth:1002 ,and its permission is false
09-01 14:31:11.504 D/BluetoothUtils( 8588): blockedByLocationOff callingUid=1002
09-01 14:31:11.505 I/BluetoothUtils( 8588): packagename is android.uid.bluetooth:1002 ,and its permission is false
09-01 14:31:11.506 V/bt_stack( 8588): [VERBOSE1:btm_ble_gap.cc(1923)] btm_ble_process_ext_adv_pkt: bda=0c:1a:06:0e:96:57
09-01 14:31:11.506 V/bt_stack( 8588): [VERBOSE1:btm_ble_gap.cc(1847)] btm_ble_process_adv_addr: bda=0c:1a:06:0e:96:57
09-01 14:31:11.507 D/BluetoothUtils( 8588): blockedByLocationOff callingUid=1002
09-01 14:31:11.508 I/BluetoothUtils( 8588): packagename is android.uid.bluetooth:1002 ,and its permission is false
09-01 14:31:11.508 D/BluetoothUtils( 8588): blockedByLocationOff callingUid=1002
09-01 14:31:11.508 I/BluetoothUtils( 8588): packagename is android.uid.bluetooth:1002 ,and its permission is false
09-01 14:31:11.508 D/BluetoothUtils( 8588): blockedByLocationOff callingUid=1002
09-01 14:31:11.508 I/BluetoothUtils( 8588): packagename is android.uid.bluetooth:1002 ,and its permission is false
09-01 14:31:11.512 V/bt_stack( 8588): [VERBOSE1:btm_ble_gap.cc(1923)] btm_ble_process_ext_adv_pkt: bda=36:c9:49:a0:b6:9d
09-01 14:31:11.512 V/bt_stack( 8588): [VERBOSE1:btm_ble_gap.cc(1847)] btm_ble_process_adv_addr: bda=36:c9:49:a0:b6:9d
09-01 14:31:11.513 D/BluetoothUtils( 8588): blockedByLocationOff callingUid=1002
09-01 14:31:11.514 I/BluetoothUtils( 8588): packagename is android.uid.bluetooth:1002 ,and its permission is false
09-01 14:31:11.514 D/BluetoothUtils( 8588): blockedByLocationOff callingUid=1002
09-01 14:31:11.514 V/bt_stack( 8588): [VERBOSE1:btm_ble_gap.cc(1923)] btm_ble_process_ext_adv_pkt: bda=56:e4:da:79:d5:88
09-01 14:31:11.514 V/bt_stack( 8588): [VERBOSE1:btm_ble_gap.cc(1847)] btm_ble_process_adv_addr: bda=56:e4:da:79:d5:88
09-01 14:31:11.514 V/bt_stack( 8588): [VERBOSE1:btm_ble_gap.cc(2052)]  Waiting for scan response 56:e4:da:79:d5:88
09-01 14:31:11.514 V/bt_stack( 8588): [VERBOSE1:btm_ble_gap.cc(1923)] btm_ble_process_ext_adv_pkt: bda=56:e4:da:79:d5:88
09-01 14:31:11.514 I/BluetoothUtils( 8588): packagename is android.uid.bluetooth:1002 ,and its permission is false
09-01 14:31:11.514 V/bt_stack( 8588): [VERBOSE1:btm_ble_gap.cc(1847)] btm_ble_process_adv_addr: bda=56:e4:da:79:d5:88
09-01 14:31:11.514 D/BluetoothUtils( 8588): blockedByLocationOff callingUid=1002
09-01 14:31:11.515 I/BluetoothUtils( 8588): packagename is android.uid.bluetooth:1002 ,and its permission is false
09-01 14:31:11.515 D/BluetoothUtils( 8588): blockedByLocationOff callingUid=1002
09-01 14:31:11.516 I/BluetoothUtils( 8588): packagename is android.uid.bluetooth:1002 ,and its permission is false
09-01 14:31:11.516 D/BluetoothUtils( 8588): blockedByLocationOff callingUid=1002
09-01 14:31:11.516 I/BluetoothUtils( 8588): packagename is android.uid.bluetooth:1002 ,and its permission is false
09-01 14:31:11.516 D/BluetoothUtils( 8588): blockedByLocationOff callingUid=1002
09-01 14:31:11.516 I/BluetoothUtils( 8588): packagename is android.uid.bluetooth:1002 ,and its permission is false
09-01 14:31:11.519 V/bt_stack( 8588): [VERBOSE1:btm_ble_gap.cc(1923)] btm_ble_process_ext_adv_pkt: bda=38:f9:d3:45:87:1e
09-01 14:31:11.519 V/bt_stack( 8588): [VERBOSE1:btm_ble_gap.cc(1847)] btm_ble_process_adv_addr: bda=38:f9:d3:45:87:1e
09-01 14:31:11.519 V/bt_stack( 8588): [VERBOSE1:btm_ble_gap.cc(2052)]  Waiting for scan response 38:f9:d3:45:87:1e
09-01 14:31:11.519 V/bt_stack( 8588): [VERBOSE1:btm_ble_gap.cc(1923)] btm_ble_process_ext_adv_pkt: bda=38:f9:d3:45:87:1e
09-01 14:31:11.519 V/bt_stack( 8588): [VERBOSE1:btm_ble_gap.cc(1847)] btm_ble_process_adv_addr: bda=38:f9:d3:45:87:1e
09-01 14:31:11.520 D/BluetoothUtils( 8588): blockedByLocationOff callingUid=1002
09-01 14:31:11.520 I/BluetoothUtils( 8588): packagename is android.uid.bluetooth:1002 ,and its permission is false
09-01 14:31:11.520 D/BluetoothUtils( 8588): blockedByLocationOff callingUid=1002
09-01 14:31:11.521 I/BluetoothUtils( 8588): packagename is android.uid.bluetooth:1002 ,and its permission is false
09-01 14:31:11.521 D/BluetoothUtils( 8588): blockedByLocationOff callingUid=1002
09-01 14:31:11.521 I/BluetoothUtils( 8588): packagename is android.uid.bluetooth:1002 ,and its permission is false
09-01 14:31:11.527 V/bt_stack( 8588): [VERBOSE1:btm_ble_gap.cc(1923)] btm_ble_process_ext_adv_pkt: bda=7a:09:58:b8:26:73
09-01 14:31:11.527 V/bt_stack( 8588): [VERBOSE1:btm_ble_gap.cc(1847)] btm_ble_process_adv_addr: bda=7a:09:58:b8:26:73
09-01 14:31:11.527 V/bt_stack( 8588): [VERBOSE1:btm_ble_gap.cc(2052)]  Waiting for scan response 7a:09:58:b8:26:73
09-01 14:31:11.527 V/bt_stack( 8588): [VERBOSE1:btm_ble_gap.cc(1923)] btm_ble_process_ext_adv_pkt: bda=7a:09:58:b8:26:73
09-01 14:31:11.527 V/bt_stack( 8588): [VERBOSE1:btm_ble_gap.cc(1847)] btm_ble_process_adv_addr: bda=7a:09:58:b8:26:73
09-01 14:31:11.528 D/BluetoothUtils( 8588): blockedByLocationOff callingUid=1002
09-01 14:31:11.528 I/BluetoothUtils( 8588): packagename is android.uid.bluetooth:1002 ,and its permission is false
09-01 14:31:11.529 D/BluetoothUtils( 8588): blockedByLocationOff callingUid=1002
09-01 14:31:11.529 I/BluetoothUtils( 8588): packagename is android.uid.bluetooth:1002 ,and its permission is false
09-01 14:31:11.529 D/BluetoothUtils( 8588): blockedByLocationOff callingUid=1002
09-01 14:31:11.529 I/BluetoothUtils( 8588): packagename is android.uid.bluetooth:1002 ,and its permission is false
09-01 14:31:11.530 V/bt_stack( 8588): [VERBOSE1:btm_ble_gap.cc(1923)] btm_ble_process_ext_adv_pkt: bda=06:fa:50:9b:39:c0
09-01 14:31:11.530 V/bt_stack( 8588): [VERBOSE1:btm_ble_gap.cc(1847)] btm_ble_process_adv_addr: bda=06:fa:50:9b:39:c0
09-01 14:31:11.531 D/BluetoothUtils( 8588): blockedByLocationOff callingUid=1002
09-01 14:31:11.531 I/BluetoothUtils( 8588): packagename is android.uid.bluetooth:1002 ,and its permission is false
09-01 14:31:11.531 D/BluetoothUtils( 8588): blockedByLocationOff callingUid=1002
09-01 14:31:11.532 I/BluetoothUtils( 8588): packagename is android.uid.bluetooth:1002 ,and its permission is false
09-01 14:31:11.532 D/BluetoothUtils( 8588): blockedByLocationOff callingUid=1002
09-01 14:31:11.533 I/BluetoothUtils( 8588): packagename is android.uid.bluetooth:1002 ,and its permission is false
09-01 14:31:11.537 V/bt_stack( 8588): [VERBOSE1:btm_ble_gap.cc(1923)] btm_ble_process_ext_adv_pkt: bda=2a:1b:52:ac:62:5d
09-01 14:31:11.537 V/bt_stack( 8588): [VERBOSE1:btm_ble_gap.cc(1847)] btm_ble_process_adv_addr: bda=2a:1b:52:ac:62:5d
09-01 14:31:11.538 D/BluetoothUtils( 8588): blockedByLocationOff callingUid=1002
09-01 14:31:11.539 I/BluetoothUtils( 8588): packagename is android.uid.bluetooth:1002 ,and its permission is false
09-01 14:31:11.539 D/BluetoothUtils( 8588): blockedByLocationOff callingUid=1002
09-01 14:31:11.539 I/BluetoothUtils( 8588): packagename is android.uid.bluetooth:1002 ,and its permission is false
09-01 14:31:11.539 D/BluetoothUtils( 8588): blockedByLocationOff callingUid=1002
09-01 14:31:11.540 I/BluetoothUtils( 8588): packagename is android.uid.bluetooth:1002 ,and its permission is false
09-01 14:31:11.544 V/bt_stack( 8588): [VERBOSE1:btm_ble_gap.cc(1923)] btm_ble_process_ext_adv_pkt: bda=77:60:99:3a:74:d9
09-01 14:31:11.544 V/bt_stack( 8588): [VERBOSE1:btm_ble_gap.cc(1847)] btm_ble_process_adv_addr: bda=77:60:99:3a:74:d9
09-01 14:31:11.544 V/bt_stack( 8588): [VERBOSE1:btm_ble_gap.cc(2052)]  Waiting for scan response 77:60:99:3a:74:d9
09-01 14:31:11.544 V/bt_stack( 8588): [VERBOSE1:btm_ble_gap.cc(1923)] btm_ble_process_ext_adv_pkt: bda=0a:29:89:b7:c8:4a
09-01 14:31:11.544 V/bt_stack( 8588): [VERBOSE1:btm_ble_gap.cc(1847)] btm_ble_process_adv_addr: bda=0a:29:89:b7:c8:4a
09-01 14:31:11.545 D/BluetoothUtils( 8588): blockedByLocationOff callingUid=1002
09-01 14:31:11.546 I/BluetoothUtils( 8588): packagename is android.uid.bluetooth:1002 ,and its permission is false
09-01 14:31:11.546 D/BluetoothUtils( 8588): blockedByLocationOff callingUid=1002
09-01 14:31:11.546 I/BluetoothUtils( 8588): packagename is android.uid.bluetooth:1002 ,and its permission is false
09-01 14:31:11.546 D/BluetoothUtils( 8588): blockedByLocationOff callingUid=1002
09-01 14:31:11.546 I/BluetoothUtils( 8588): packagename is android.uid.bluetooth:1002 ,and its permission is false
09-01 14:31:11.554 V/bt_stack( 8588): [VERBOSE1:btm_ble_gap.cc(1923)] btm_ble_process_ext_adv_pkt: bda=3a:23:cb:4a:85:2d
09-01 14:31:11.555 V/bt_stack( 8588): [VERBOSE1:btm_ble_gap.cc(1847)] btm_ble_process_adv_addr: bda=3a:23:cb:4a:85:2d
09-01 14:31:11.555 D/BluetoothUtils( 8588): blockedByLocationOff callingUid=1002
09-01 14:31:11.556 I/BluetoothUtils( 8588): packagename is android.uid.bluetooth:1002 ,and its permission is false
09-01 14:31:11.556 V/bt_stack( 8588): [VERBOSE1:btm_ble_gap.cc(1923)] btm_ble_process_ext_adv_pkt: bda=19:30:6d:c4:b5:5b
09-01 14:31:11.556 D/BluetoothUtils( 8588): blockedByLocationOff callingUid=1002
09-01 14:31:11.556 V/bt_stack( 8588): [VERBOSE1:btm_ble_gap.cc(1847)] btm_ble_process_adv_addr: bda=19:30:6d:c4:b5:5b
09-01 14:31:11.557 I/BluetoothUtils( 8588): packagename is android.uid.bluetooth:1002 ,and its permission is false
09-01 14:31:11.557 D/BluetoothUtils( 8588): blockedByLocationOff callingUid=1002
09-01 14:31:11.557 I/BluetoothUtils( 8588): packagename is android.uid.bluetooth:1002 ,and its permission is false
09-01 14:31:11.558 D/BluetoothUtils( 8588): blockedByLocationOff callingUid=1002
09-01 14:31:11.558 I/BluetoothUtils( 8588): packagename is android.uid.bluetooth:1002 ,and its permission is false
09-01 14:31:11.558 D/BluetoothUtils( 8588): blockedByLocationOff callingUid=1002
09-01 14:31:11.558 I/BluetoothUtils( 8588): packagename is android.uid.bluetooth:1002 ,and its permission is false
09-01 14:31:11.559 D/BluetoothUtils( 8588): blockedByLocationOff callingUid=1002
09-01 14:31:11.559 I/BluetoothUtils( 8588): packagename is android.uid.bluetooth:1002 ,and its permission is false
09-01 14:31:11.567 V/bt_stack( 8588): [VERBOSE1:btm_ble_gap.cc(1923)] btm_ble_process_ext_adv_pkt: bda=0b:95:8c:38:8d:43
09-01 14:31:11.567 V/bt_stack( 8588): [VERBOSE1:btm_ble_gap.cc(1847)] btm_ble_process_adv_addr: bda=0b:95:8c:38:8d:43
09-01 14:31:11.568 D/BluetoothUtils( 8588): blockedByLocationOff callingUid=1002
09-01 14:31:11.568 I/BluetoothUtils( 8588): packagename is android.uid.bluetooth:1002 ,and its permission is false
09-01 14:31:11.569 D/BluetoothUtils( 8588): blockedByLocationOff callingUid=1002
09-01 14:31:11.569 I/BluetoothUtils( 8588): packagename is android.uid.bluetooth:1002 ,and its permission is false
09-01 14:31:11.569 D/BluetoothUtils( 8588): blockedByLocationOff callingUid=1002
09-01 14:31:11.569 I/BluetoothUtils( 8588): packagename is android.uid.bluetooth:1002 ,and its permission is false
09-01 14:31:11.586 V/bt_stack( 8588): [VERBOSE1:btm_ble_gap.cc(1923)] btm_ble_process_ext_adv_pkt: bda=53:20:ff:cd:6c:a4
09-01 14:31:11.586 V/bt_stack( 8588): [VERBOSE1:btm_ble_gap.cc(1847)] btm_ble_process_adv_addr: bda=53:20:ff:cd:6c:a4
09-01 14:31:11.586 V/bt_stack( 8588): [VERBOSE1:btm_ble_gap.cc(2052)]  Waiting for scan response 53:20:ff:cd:6c:a4
09-01 14:31:11.586 V/bt_stack( 8588): [VERBOSE1:btm_ble_gap.cc(1923)] btm_ble_process_ext_adv_pkt: bda=17:7e:29:ab:4e:d0
09-01 14:31:11.586 V/bt_stack( 8588): [VERBOSE1:btm_ble_gap.cc(1847)] btm_ble_process_adv_addr: bda=17:7e:29:ab:4e:d0
09-01 14:31:11.588 D/BluetoothUtils( 8588): blockedByLocationOff callingUid=1002
09-01 14:31:11.588 I/BluetoothUtils( 8588): packagename is android.uid.bluetooth:1002 ,and its permission is false
09-01 14:31:11.588 D/BluetoothUtils( 8588): blockedByLocationOff callingUid=1002
09-01 14:31:11.588 I/BluetoothUtils( 8588): packagename is android.uid.bluetooth:1002 ,and its permission is false
09-01 14:31:11.589 D/BluetoothUtils( 8588): blockedByLocationOff callingUid=1002
09-01 14:31:11.589 I/BluetoothUtils( 8588): packagename is android.uid.bluetooth:1002 ,and its permission is false
09-01 14:31:11.595 V/bt_stack( 8588): [VERBOSE1:btm_ble_gap.cc(1923)] btm_ble_process_ext_adv_pkt: bda=ac:29:3a:9a:aa:42
09-01 14:31:11.595 V/bt_stack( 8588): [VERBOSE1:btm_ble_gap.cc(1847)] btm_ble_process_adv_addr: bda=ac:29:3a:9a:aa:42
09-01 14:31:11.596 V/bt_stack( 8588): [VERBOSE1:btm_ble_gap.cc(2052)]  Waiting for scan response ac:29:3a:9a:aa:42
09-01 14:31:11.596 D/MiuiFastConnectService( 3272): handleMessage: what: 9, msg.arg1: 0, msg.arg2: 0
09-01 14:31:11.596 D/MiuiFastConnectService( 3272): stopBleScan: scanning: true
09-01 14:31:11.596 V/bt_stack( 8588): [VERBOSE1:btm_ble_gap.cc(1923)] btm_ble_process_ext_adv_pkt: bda=ac:29:3a:9a:aa:42
09-01 14:31:11.596 V/bt_stack( 8588): [VERBOSE1:btm_ble_gap.cc(1847)] btm_ble_process_adv_addr: bda=ac:29:3a:9a:aa:42
09-01 14:31:11.597 D/BluetoothUtils( 8588): blockedByLocationOff callingUid=1002
09-01 14:31:11.597 I/BluetoothUtils( 8588): packagename is android.uid.bluetooth:1002 ,and its permission is false
09-01 14:31:11.597 D/BluetoothUtils( 8588): blockedByLocationOff callingUid=1002
09-01 14:31:11.597 I/BluetoothUtils( 8588): packagename is android.uid.bluetooth:1002 ,and its permission is false
09-01 14:31:11.598 D/BluetoothUtils( 8588): blockedByLocationOff callingUid=1002
09-01 14:31:11.598 D/BluetoothAdapter( 3272): isLeEnabled(): ON
09-01 14:31:11.598 I/BluetoothUtils( 8588): packagename is android.uid.bluetooth:1002 ,and its permission is false
09-01 14:31:11.598 D/BtGatt.GattService( 8588): stopScan() - queue size =3
09-01 14:31:11.599 I/BtGatt.ScanManager( 8588): msg.what = 1
09-01 14:31:11.600 I/vendor.qti.bluetooth@1.0-ibs_handler(19843): DeviceWakeUp: Writing IBS_WAKE_IND
09-01 14:31:11.600 D/BtGatt.GattService( 8588): unregisterScanner() - scannerId=5
09-01 14:31:11.600 V/bt_stack( 8588): [VERBOSE1:gatt_api.cc(1000)] GATT_Deregister gatt_if=5
09-01 14:31:11.600 V/bt_stack( 8588): [VERBOSE1:gatt_main.cc(1079)] gatt_get_ch_state: ch_state=4
09-01 14:31:11.600 V/bt_stack( 8588): [VERBOSE1:gatt_main.cc(307)] gatt_is_app_holding_linkgatt_if= 5not found;
09-01 14:31:11.600 V/bt_stack( 8588): [VERBOSE1:gatt_main.cc(359)] gatt_update_app_use_link_flag: is_add=0 chk_link=1
09-01 14:31:11.600 V/bt_stack( 8588): [VERBOSE1:gatt_main.cc(325)] gatt_update_app_hold_link_status
09-01 14:31:11.600 V/bt_stack( 8588): [VERBOSE1:gatt_main.cc(338)] attempt to remove nonexisting gatt_if=5
09-01 14:31:11.600 V/bt_stack( 8588): [VERBOSE1:connection_manager.cc(161)] on_app_deregistered : app_id 0x05
09-01 14:31:11.601 I/vendor.qti.bluetooth@1.0-ibs_handler(19843): ProcessIbsCmd: Received IBS_WAKE_ACK: 0xFC
09-01 14:31:11.602 D/BtGatt.GattService( 8588): onScanFilterParamsConfigured() - clientIf=5, status=0, action=1, availableSpace=11
09-01 14:31:11.602 D/BtGatt.ScanManager( 8588): callback done for scannerId - 5 status - 0
09-01 14:31:11.603 D/PowerKeeperPolicy( 1639): stopLeScan: BleScanWrapper[mClientIf = 5 mPendingIntent=null] uid=1002BleScanWrapper[mClientIf = 5 mPendingIntent=null]
09-01 14:31:11.604 D/BtGatt.GattService( 8588): onScanFilterParamsConfigured() - clientIf=5, status=0, action=1, availableSpace=12
09-01 14:31:11.604 D/BtGatt.ScanManager( 8588): callback done for scannerId - 5 status - 0
09-01 14:31:11.605 D/BtGatt.GattService( 8588): onScanFilterParamsConfigured() - clientIf=5, status=0, action=1, availableSpace=13
09-01 14:31:11.605 D/BtGatt.ScanManager( 8588): callback done for scannerId - 5 status - 0
09-01 14:31:11.606 D/MiuiFastConnectService( 3272): handleMessage: what: 2, msg.arg1: 0, msg.arg2: 0
09-01 14:31:11.607 D/BtGatt.GattService( 8588): onScanFilterParamsConfigured() - clientIf=5, status=0, action=1, availableSpace=14
09-01 14:31:11.607 D/BtGatt.ScanManager( 8588): callback done for scannerId - 5 status - 0
09-01 14:31:11.607 D/BtGatt.ScanManager( 8588): configureRegularScanParams() - queue=2
09-01 14:31:11.607 D/BtGatt.ScanManager( 8588): configureRegularScanParams() - ScanSetting LE 1M Scan mode=2ScanSetting LE Coded Scan mode=2 mLastConfiguredScanSettingLE1M=2 mLastConfiguredScanSettingLECoded=2scanPhy=255
09-01 14:31:11.609 D/BluetoothAdapter( 3272): isLeEnabled(): ON
09-01 14:31:11.609 V/bt_stack( 8588): [VERBOSE1:btm_ble_gap.cc(1923)] btm_ble_process_ext_adv_pkt: bda=7c:7c:58:d5:aa:e1
09-01 14:31:11.609 V/bt_stack( 8588): [VERBOSE1:btm_ble_gap.cc(1847)] btm_ble_process_adv_addr: bda=7c:7c:58:d5:aa:e1
09-01 14:31:11.609 V/bt_stack( 8588): [VERBOSE1:btm_ble_gap.cc(2052)]  Waiting for scan response 7c:7c:58:d5:aa:e1
09-01 14:31:11.610 V/bt_stack( 8588): [VERBOSE1:btm_ble_gap.cc(1923)] btm_ble_process_ext_adv_pkt: bda=0c:1a:06:0e:96:57
09-01 14:31:11.610 V/bt_stack( 8588): [VERBOSE1:btm_ble_gap.cc(1847)] btm_ble_process_adv_addr: bda=0c:1a:06:0e:96:57
09-01 14:31:11.610 D/BluetoothUtils( 8588): blockedByLocationOff callingUid=1002
09-01 14:31:11.610 D/BtGatt.GattService( 8588): registerScanner() - UUID=6ded59f2-0f2d-4314-9b21-d09fc3c2e16d
09-01 14:31:11.611 I/BluetoothUtils( 8588): packagename is android.uid.bluetooth:1002 ,and its permission is false
09-01 14:31:11.611 V/bt_stack( 8588): [VERBOSE1:bta_gattc_act.cc(175)] bta_gattc_register: state:2
09-01 14:31:11.611 D/BluetoothUtils( 8588): blockedByLocationOff callingUid=1002
09-01 14:31:11.611 I/bt_stack( 8588): [INFO:gatt_api.cc(957)] GATT_Register 03e61295-ed70-076a-a635-c6802a492f35
09-01 14:31:11.611 I/bt_stack( 8588): [INFO:gatt_api.cc(977)] allocated gatt_if=5
09-01 14:31:11.611 V/bt_stack( 8588): [VERBOSE1:gatt_api.cc(1087)] GATT_StartIf gatt_if=5
09-01 14:31:11.611 V/bt_stack( 8588): [VERBOSE1:gatt_utils.cc(254)] gatt_find_the_connected_bda start_idx=0
09-01 14:31:11.611 V/bt_stack( 8588): [VERBOSE1:gatt_utils.cc(262)]  bda :c3:d4:f4:e3:11:ec
09-01 14:31:11.611 V/bt_stack( 8588): [VERBOSE1:gatt_utils.cc(266)]  found=1 found_idx=0
09-01 14:31:11.611 V/bt_stack( 8588): [VERBOSE1:gatt_utils.cc(254)] gatt_find_the_connected_bda start_idx=1
09-01 14:31:11.611 I/BluetoothUtils( 8588): packagename is android.uid.bluetooth:1002 ,and its permission is false
09-01 14:31:11.611 V/bt_stack( 8588): [VERBOSE1:gatt_utils.cc(266)]  found=0 found_idx=10
09-01 14:31:11.611 V/bt_stack( 8588): [VERBOSE1:bta_gattc_main.cc(361)] bta_gattc_hdl_event: Event:BTA_GATTC_INT_CONN_EVT
09-01 14:31:11.611 D/BtGatt.GattService( 8588): onScannerRegistered() - UUID=6ded59f2-0f2d-4314-9b21-d09fc3c2e16d, scannerId=5, status=0
09-01 14:31:11.611 V/bt_stack( 8588): [VERBOSE1:bta_gattc_main.cc(385)] Ignore unknown conn ID: 5
09-01 14:31:11.611 D/BluetoothLeScanner( 3272): onScannerRegistered() - status=0 scannerId=5 mScannerId=0
09-01 14:31:11.612 V/bt_stack( 8588): [VERBOSE1:btm_ble_gap.cc(1923)] btm_ble_process_ext_adv_pkt: bda=36:c9:49:a0:b6:9d
09-01 14:31:11.612 V/bt_stack( 8588): [VERBOSE1:btm_ble_gap.cc(1847)] btm_ble_process_adv_addr: bda=36:c9:49:a0:b6:9d
09-01 14:31:11.613 D/PowerKeeperPolicy( 1639): isLeScanAllowed: uid = 1002, allow = true
09-01 14:31:11.613 D/BluetoothUtils( 8588): blockedByLocationOff callingUid=1002
09-01 14:31:11.613 D/BtGatt.GattService( 8588): start scan with filters. callingPackage: com.xiaomi.bluetooth
09-01 14:31:11.614 I/BluetoothUtils( 8588): packagename is android.uid.bluetooth:1002 ,and its permission is false
09-01 14:31:11.614 D/BluetoothUtils( 8588): blockedByLocationOff callingUid=1002
09-01 14:31:11.614 I/BluetoothUtils( 8588): packagename is android.uid.bluetooth:1002 ,and its permission is false
09-01 14:31:11.614 D/BluetoothUtils( 8588): blockedByLocationOff callingUid=1002
09-01 14:31:11.616 I/BluetoothUtils( 8588): packagename is android.uid.bluetooth:1002 ,and its permission is false
09-01 14:31:11.619 I/BtGatt.ScanManager( 8588): msg.what = 0
09-01 14:31:11.619 D/BtGatt.ScanManager( 8588): handling starting scan
09-01 14:31:11.620 D/BtGatt.ScanManager( 8588): isAptXLowLatencyModeEnabled: false
09-01 14:31:11.621 D/PowerKeeperPolicy( 1639): startLeScan: BleScanWrapper[mClientIf = 5 mPendingIntent=null] uid=1002
09-01 14:31:11.621 D/PowerKeeperPolicy( 1639): uid = 1002 setAllowed, allowed = true
09-01 14:31:11.621 D/PowerKeeperPolicy( 1639): uid = 1002 setScanning, scanning = true
09-01 14:31:11.621 D/PowerKeeperPolicy( 1639): startLeScan, uid = 1002 is scanning
09-01 14:31:11.623 D/MiWallpaper-MarsSuperWallpaper( 2503): MSG_UNITY_PAUSE
09-01 14:31:11.623 W/Unity   ( 2503): Not running Unity from an Activity; ignored...
09-01 14:31:11.624 D/BtGatt.GattService( 8588): onScanFilterEnableDisabled() - clientIf=5, status=0, action=1
09-01 14:31:11.624 D/BtGatt.ScanManager( 8588): callback done for scannerId - 5 status - 0
09-01 14:31:11.624 D/BtGatt.ScanManager( 8588): Available Filter size: 12
09-01 14:31:11.625 D/BtGatt.GattService( 8588): onScanFilterConfig() - clientIf=5, action = 0 status = 0, filterType=0, availableSpace=0
09-01 14:31:11.625 D/BtGatt.ScanManager( 8588): callback done for scannerId - 5 status - 0
09-01 14:31:11.625 D/BtGatt.ScanManager( 8588): configureFilterParamter 500 10000 1 0, deliveryMode=0
09-01 14:31:11.626 V/bt_stack( 8588): [VERBOSE1:btm_ble_gap.cc(1923)] btm_ble_process_ext_adv_pkt: bda=45:55:7e:66:6f:d0
09-01 14:31:11.627 V/bt_stack( 8588): [VERBOSE1:btm_ble_gap.cc(1847)] btm_ble_process_adv_addr: bda=45:55:7e:66:6f:d0
09-01 14:31:11.627 V/bt_stack( 8588): [VERBOSE1:btm_ble_gap.cc(2052)]  Waiting for scan response 45:55:7e:66:6f:d0
09-01 14:31:11.627 V/bt_stack( 8588): [VERBOSE1:btm_ble_gap.cc(1923)] btm_ble_process_ext_adv_pkt: bda=45:55:7e:66:6f:d0
09-01 14:31:11.627 V/bt_stack( 8588): [VERBOSE1:btm_ble_gap.cc(1847)] btm_ble_process_adv_addr: bda=45:55:7e:66:6f:d0
09-01 14:31:11.627 D/BluetoothUtils( 8588): blockedByLocationOff callingUid=1002
09-01 14:31:11.628 D/MiWallpaper-MarsSuperWallpaper( 2503): unityPause
09-01 14:31:11.629 I/BluetoothUtils( 8588): packagename is android.uid.bluetooth:1002 ,and its permission is false
09-01 14:31:11.629 D/BluetoothUtils( 8588): blockedByLocationOff callingUid=1002
09-01 14:31:11.629 I/BluetoothUtils( 8588): packagename is android.uid.bluetooth:1002 ,and its permission is false
09-01 14:31:11.629 D/BluetoothUtils( 8588): blockedByLocationOff callingUid=1002
09-01 14:31:11.630 I/BluetoothUtils( 8588): packagename is android.uid.bluetooth:1002 ,and its permission is false
