09-01 14:40:50.904 V/bt_stack( 8588): [VERBOSE1:btm_ble_gap.cc(1847)] btm_ble_process_adv_addr: bda=38:f9:d3:45:87:1e
09-01 14:40:50.905 V/bt_stack( 8588): [VERBOSE1:btm_ble_gap.cc(2052)]  Waiting for scan response 38:f9:d3:45:87:1e
09-01 14:40:50.905 V/bt_stack( 8588): [VERBOSE1:btm_ble_gap.cc(1923)] btm_ble_process_ext_adv_pkt: bda=38:f9:d3:45:87:1e
09-01 14:40:50.905 V/bt_stack( 8588): [VERBOSE1:btm_ble_gap.cc(1847)] btm_ble_process_adv_addr: bda=38:f9:d3:45:87:1e
09-01 14:40:50.905 D/BluetoothUtils( 8588): blockedByLocationOff callingUid=1002
09-01 14:40:50.906 I/BluetoothUtils( 8588): packagename is android.uid.bluetooth:1002 ,and its permission is false
09-01 14:40:50.906 D/BluetoothUtils( 8588): blockedByLocationOff callingUid=1002
09-01 14:40:50.906 I/BluetoothUtils( 8588): packagename is android.uid.bluetooth:1002 ,and its permission is false
09-01 14:40:50.906 D/BluetoothUtils( 8588): blockedByLocationOff callingUid=1002
09-01 14:40:50.906 I/BluetoothUtils( 8588): packagename is android.uid.bluetooth:1002 ,and its permission is false
09-01 14:40:50.920 V/bt_stack( 8588): [VERBOSE1:btm_ble_gap.cc(1923)] btm_ble_process_ext_adv_pkt: bda=56:e4:da:79:d5:88
09-01 14:40:50.920 V/bt_stack( 8588): [VERBOSE1:btm_ble_gap.cc(1847)] btm_ble_process_adv_addr: bda=56:e4:da:79:d5:88
09-01 14:40:50.921 V/bt_stack( 8588): [VERBOSE1:btm_ble_gap.cc(2052)]  Waiting for scan response 56:e4:da:79:d5:88
09-01 14:40:50.921 V/bt_stack( 8588): [VERBOSE1:btm_ble_gap.cc(1923)] btm_ble_process_ext_adv_pkt: bda=56:e4:da:79:d5:88
09-01 14:40:50.921 V/bt_stack( 8588): [VERBOSE1:btm_ble_gap.cc(1847)] btm_ble_process_adv_addr: bda=56:e4:da:79:d5:88
09-01 14:40:50.921 D/BluetoothUtils( 8588): blockedByLocationOff callingUid=1002
09-01 14:40:50.922 I/BluetoothUtils( 8588): packagename is android.uid.bluetooth:1002 ,and its permission is false
09-01 14:40:50.922 D/BluetoothUtils( 8588): blockedByLocationOff callingUid=1002
09-01 14:40:50.923 I/BluetoothUtils( 8588): packagename is android.uid.bluetooth:1002 ,and its permission is false
09-01 14:40:50.923 D/BluetoothUtils( 8588): blockedByLocationOff callingUid=1002
09-01 14:40:50.923 I/BluetoothUtils( 8588): packagename is android.uid.bluetooth:1002 ,and its permission is false
09-01 14:40:50.923 V/bt_stack( 8588): [VERBOSE1:btm_ble_gap.cc(1923)] btm_ble_process_ext_adv_pkt: bda=35:45:bf:2c:e1:03
09-01 14:40:50.923 V/bt_stack( 8588): [VERBOSE1:btm_ble_gap.cc(1847)] btm_ble_process_adv_addr: bda=35:45:bf:2c:e1:03
09-01 14:40:50.924 D/BluetoothUtils( 8588): blockedByLocationOff callingUid=1002
09-01 14:40:50.925 I/BluetoothUtils( 8588): packagename is android.uid.bluetooth:1002 ,and its permission is false
09-01 14:40:50.925 D/BluetoothUtils( 8588): blockedByLocationOff callingUid=1002
09-01 14:40:50.925 I/BluetoothUtils( 8588): packagename is android.uid.bluetooth:1002 ,and its permission is false
09-01 14:40:50.925 D/BluetoothUtils( 8588): blockedByLocationOff callingUid=1002
09-01 14:40:50.926 I/BluetoothUtils( 8588): packagename is android.uid.bluetooth:1002 ,and its permission is false
09-01 14:40:50.931 V/bt_stack( 8588): [VERBOSE1:btm_ble_gap.cc(1923)] btm_ble_process_ext_adv_pkt: bda=25:4e:aa:3f:5d:41
09-01 14:40:50.931 V/bt_stack( 8588): [VERBOSE1:btm_ble_gap.cc(1847)] btm_ble_process_adv_addr: bda=25:4e:aa:3f:5d:41
09-01 14:40:50.932 D/BluetoothUtils( 8588): blockedByLocationOff callingUid=1002
09-01 14:40:50.932 I/BluetoothUtils( 8588): packagename is android.uid.bluetooth:1002 ,and its permission is false
09-01 14:40:50.932 D/BluetoothUtils( 8588): blockedByLocationOff callingUid=1002
09-01 14:40:50.932 I/BluetoothUtils( 8588): packagename is android.uid.bluetooth:1002 ,and its permission is false
09-01 14:40:50.933 D/BluetoothUtils( 8588): blockedByLocationOff callingUid=1002
09-01 14:40:50.933 I/BluetoothUtils( 8588): packagename is android.uid.bluetooth:1002 ,and its permission is false
09-01 14:40:50.934 V/bt_stack( 8588): [VERBOSE1:btm_ble_gap.cc(1923)] btm_ble_process_ext_adv_pkt: bda=2c:09:3e:94:80:f3
09-01 14:40:50.935 V/bt_stack( 8588): [VERBOSE1:btm_ble_gap.cc(1847)] btm_ble_process_adv_addr: bda=2c:09:3e:94:80:f3
09-01 14:40:50.936 D/BluetoothUtils( 8588): blockedByLocationOff callingUid=1002
09-01 14:40:50.936 I/BluetoothUtils( 8588): packagename is android.uid.bluetooth:1002 ,and its permission is false
09-01 14:40:50.936 D/BluetoothUtils( 8588): blockedByLocationOff callingUid=1002
09-01 14:40:50.936 I/BluetoothUtils( 8588): packagename is android.uid.bluetooth:1002 ,and its permission is false
09-01 14:40:50.936 D/BluetoothUtils( 8588): blockedByLocationOff callingUid=1002
09-01 14:40:50.937 I/BluetoothUtils( 8588): packagename is android.uid.bluetooth:1002 ,and its permission is false
09-01 14:40:50.942 V/bt_stack( 8588): [VERBOSE1:btm_ble_gap.cc(1923)] btm_ble_process_ext_adv_pkt: bda=68:61:6b:f6:07:2e
09-01 14:40:50.942 V/bt_stack( 8588): [VERBOSE1:btm_ble_gap.cc(1847)] btm_ble_process_adv_addr: bda=68:61:6b:f6:07:2e
09-01 14:40:50.942 V/bt_stack( 8588): [VERBOSE1:btm_ble_gap.cc(2052)]  Waiting for scan response 68:61:6b:f6:07:2e
09-01 14:40:50.943 V/bt_stack( 8588): [VERBOSE1:gatt_main.cc(1079)] gatt_get_ch_state: ch_state=4
09-01 14:40:50.944 I/bt_stack( 8588): [INFO:gatt_main.cc(912)] gatt_data_process op_code = 11, msg_len = 13
09-01 14:40:50.944 V/bt_stack( 8588): [VERBOSE1:gatt_cl.cc(1094)] gatt_client_handle_server_rsp op_code: 11, len = 13rsp_code: 11
09-01 14:40:50.944 V/bt_stack( 8588): [VERBOSE1:gatt_utils.cc(1191)] gatt_end_operation status=0 op=2 subtype=2
09-01 14:40:50.944 V/bt_stack( 8588): [VERBOSE1:bta_gattc_act.cc(1309)] bta_gattc_cmpl_cback: conn_id:8 op:2 status:0
09-01 14:40:50.944 V/bt_stack( 8588): [VERBOSE1:bta_gattc_main.cc(361)] bta_gattc_hdl_event: Event:BTA_GATTC_OP_CMPL_EVT
09-01 14:40:50.944 V/bt_stack( 8588): [VERBOSE1:bta_gattc_main.cc(305)] bta_gattc_sm_execute: State 0x02 [GATTC_CONN_ST], Event 0x1f0f[BTA_GATTC_OP_CMPL_EVT]
09-01 14:40:50.944 V/bt_stack( 8588): [VERBOSE1:bta_gattc_act.cc(936)] bta_gattc_op_cmpl: op:2
09-01 14:40:50.944 V/bt_stack( 8588): [VERBOSE1:bta_gattc_main.cc(341)] bta_gattc_sm_execute: GATTC State Change: 0x02 -> 0x02 after Event 0x1f0f
09-01 14:40:50.946 I/speech  (13415): device connect,begin set voice callback >>> (SpeechEventBusRegister.kt:37) -> onEventBackgroundThread() | Thread:HMBaseBleDevice
09-01 14:40:50.947 I/speech  (13415): add speech entrance >>> (SpeechEventBusRegister.kt:37) -> onEventBackgroundThread() | Thread:HMBaseBleDevice
09-01 14:40:50.948 I/speech  (13415): get module class by feature 17 >>> (SpeechEventBusRegister.kt:1) -> O000000o() | Thread:HMBaseBleDevice
09-01 14:40:50.949 I/speech  (13415): get module by module class >>> (SpeechEventBusRegister.kt:1) -> O000000o() | Thread:HMBaseBleDevice
09-01 14:40:50.951 I/speech  (13415): call voiceCallback destroy >>> (SpeechEventBusRegister.kt:1) -> O000000o() | Thread:HMBaseBleDevice
09-01 14:40:50.951 I/speech  (13415): set Voice callback >>> (SpeechEventBusRegister.kt:1) -> O000000o() | Thread:HMBaseBleDevice
09-01 14:40:50.955 V/bt_stack( 8588): [VERBOSE1:btm_ble_gap.cc(1923)] btm_ble_process_ext_adv_pkt: bda=38:f9:d3:45:87:1e
09-01 14:40:50.955 V/bt_stack( 8588): [VERBOSE1:btm_ble_gap.cc(1847)] btm_ble_process_adv_addr: bda=38:f9:d3:45:87:1e
09-01 14:40:50.955 V/bt_stack( 8588): [VERBOSE1:btm_ble_gap.cc(2052)]  Waiting for scan response 38:f9:d3:45:87:1e
09-01 14:40:50.955 V/bt_stack( 8588): [VERBOSE1:btm_ble_gap.cc(1923)] btm_ble_process_ext_adv_pkt: bda=1c:91:72:ba:f7:2e
09-01 14:40:50.955 V/bt_stack( 8588): [VERBOSE1:btm_ble_gap.cc(1847)] btm_ble_process_adv_addr: bda=1c:91:72:ba:f7:2e
09-01 14:40:50.956 D/BluetoothUtils( 8588): blockedByLocationOff callingUid=1002
09-01 14:40:50.957 I/BluetoothUtils( 8588): packagename is android.uid.bluetooth:1002 ,and its permission is false
09-01 14:40:50.957 V/bt_stack( 8588): [VERBOSE1:btm_ble_gap.cc(1923)] btm_ble_process_ext_adv_pkt: bda=56:e4:da:79:d5:88
09-01 14:40:50.957 D/BluetoothUtils( 8588): blockedByLocationOff callingUid=1002
09-01 14:40:50.957 V/bt_stack( 8588): [VERBOSE1:btm_ble_gap.cc(1847)] btm_ble_process_adv_addr: bda=56:e4:da:79:d5:88
09-01 14:40:50.957 V/bt_stack( 8588): [VERBOSE1:btm_ble_gap.cc(2052)]  Waiting for scan response 56:e4:da:79:d5:88
09-01 14:40:50.957 I/BluetoothUtils( 8588): packagename is android.uid.bluetooth:1002 ,and its permission is false
09-01 14:40:50.957 D/BluetoothUtils( 8588): blockedByLocationOff callingUid=1002
09-01 14:40:50.957 V/bt_stack( 8588): [VERBOSE1:btm_ble_gap.cc(1923)] btm_ble_process_ext_adv_pkt: bda=56:e4:da:79:d5:88
09-01 14:40:50.957 V/bt_stack( 8588): [VERBOSE1:btm_ble_gap.cc(1847)] btm_ble_process_adv_addr: bda=56:e4:da:79:d5:88
09-01 14:40:50.958 I/BluetoothUtils( 8588): packagename is android.uid.bluetooth:1002 ,and its permission is false
09-01 14:40:50.958 D/BluetoothUtils( 8588): blockedByLocationOff callingUid=1002
09-01 14:40:50.959 I/BluetoothUtils( 8588): packagename is android.uid.bluetooth:1002 ,and its permission is false
09-01 14:40:50.959 D/BluetoothUtils( 8588): blockedByLocationOff callingUid=1002
09-01 14:40:50.959 I/BluetoothUtils( 8588): packagename is android.uid.bluetooth:1002 ,and its permission is false
09-01 14:40:50.959 D/BluetoothUtils( 8588): blockedByLocationOff callingUid=1002
09-01 14:40:50.959 I/BluetoothUtils( 8588): packagename is android.uid.bluetooth:1002 ,and its permission is false
09-01 14:40:50.965 V/bt_stack( 8588): [VERBOSE1:btm_ble_gap.cc(1923)] btm_ble_process_ext_adv_pkt: bda=03:d8:93:20:a7:46
09-01 14:40:50.965 V/bt_stack( 8588): [VERBOSE1:btm_ble_gap.cc(1847)] btm_ble_process_adv_addr: bda=03:d8:93:20:a7:46
09-01 14:40:50.966 D/BluetoothUtils( 8588): blockedByLocationOff callingUid=1002
09-01 14:40:50.966 I/BluetoothUtils( 8588): packagename is android.uid.bluetooth:1002 ,and its permission is false
09-01 14:40:50.967 D/BluetoothUtils( 8588): blockedByLocationOff callingUid=1002
09-01 14:40:50.967 I/BluetoothUtils( 8588): packagename is android.uid.bluetooth:1002 ,and its permission is false
09-01 14:40:50.967 D/BluetoothUtils( 8588): blockedByLocationOff callingUid=1002
09-01 14:40:50.967 I/BluetoothUtils( 8588): packagename is android.uid.bluetooth:1002 ,and its permission is false
09-01 14:40:50.971 V/bt_stack( 8588): [VERBOSE1:btm_ble_gap.cc(1923)] btm_ble_process_ext_adv_pkt: bda=0d:73:3a:8c:df:7c
09-01 14:40:50.971 V/bt_stack( 8588): [VERBOSE1:btm_ble_gap.cc(1847)] btm_ble_process_adv_addr: bda=0d:73:3a:8c:df:7c
09-01 14:40:50.972 D/BluetoothUtils( 8588): blockedByLocationOff callingUid=1002
09-01 14:40:50.972 I/BluetoothUtils( 8588): packagename is android.uid.bluetooth:1002 ,and its permission is false
09-01 14:40:50.973 D/BluetoothUtils( 8588): blockedByLocationOff callingUid=1002
09-01 14:40:50.973 I/BluetoothUtils( 8588): packagename is android.uid.bluetooth:1002 ,and its permission is false
09-01 14:40:50.973 D/BluetoothUtils( 8588): blockedByLocationOff callingUid=1002
09-01 14:40:50.973 I/BluetoothUtils( 8588): packagename is android.uid.bluetooth:1002 ,and its permission is false
09-01 14:40:50.974 V/bt_stack( 8588): [VERBOSE1:btm_ble_gap.cc(1923)] btm_ble_process_ext_adv_pkt: bda=0e:10:bb:c2:00:89
09-01 14:40:50.974 V/bt_stack( 8588): [VERBOSE1:btm_ble_gap.cc(1847)] btm_ble_process_adv_addr: bda=0e:10:bb:c2:00:89
09-01 14:40:50.975 D/BluetoothUtils( 8588): blockedByLocationOff callingUid=1002
09-01 14:40:50.975 I/BluetoothUtils( 8588): packagename is android.uid.bluetooth:1002 ,and its permission is false
09-01 14:40:50.975 D/BluetoothUtils( 8588): blockedByLocationOff callingUid=1002
09-01 14:40:50.976 I/BluetoothUtils( 8588): packagename is android.uid.bluetooth:1002 ,and its permission is false
09-01 14:40:50.976 D/BluetoothUtils( 8588): blockedByLocationOff callingUid=1002
09-01 14:40:50.976 I/BluetoothUtils( 8588): packagename is android.uid.bluetooth:1002 ,and its permission is false
09-01 14:40:50.980 V/bt_stack( 8588): [VERBOSE1:btm_ble_gap.cc(1923)] btm_ble_process_ext_adv_pkt: bda=38:f9:d3:45:87:1e
09-01 14:40:50.980 V/bt_stack( 8588): [VERBOSE1:btm_ble_gap.cc(1847)] btm_ble_process_adv_addr: bda=38:f9:d3:45:87:1e
09-01 14:40:50.980 V/bt_stack( 8588): [VERBOSE1:btm_ble_gap.cc(2052)]  Waiting for scan response 38:f9:d3:45:87:1e
09-01 14:40:50.980 V/bt_stack( 8588): [VERBOSE1:btm_ble_gap.cc(1923)] btm_ble_process_ext_adv_pkt: bda=38:f9:d3:45:87:1e
09-01 14:40:50.980 V/bt_stack( 8588): [VERBOSE1:btm_ble_gap.cc(1847)] btm_ble_process_adv_addr: bda=38:f9:d3:45:87:1e
09-01 14:40:50.981 D/BluetoothUtils( 8588): blockedByLocationOff callingUid=1002
09-01 14:40:50.983 I/BluetoothUtils( 8588): packagename is android.uid.bluetooth:1002 ,and its permission is false
09-01 14:40:50.983 D/BluetoothUtils( 8588): blockedByLocationOff callingUid=1002
09-01 14:40:50.983 I/BluetoothUtils( 8588): packagename is android.uid.bluetooth:1002 ,and its permission is false
09-01 14:40:50.984 D/BluetoothUtils( 8588): blockedByLocationOff callingUid=1002
09-01 14:40:50.984 I/BluetoothUtils( 8588): packagename is android.uid.bluetooth:1002 ,and its permission is false
09-01 14:40:50.992 V/bt_stack( 8588): [VERBOSE1:btm_ble_gap.cc(1923)] btm_ble_process_ext_adv_pkt: bda=18:81:0e:e0:a8:6d
09-01 14:40:50.992 V/bt_stack( 8588): [VERBOSE1:btm_ble_gap.cc(1847)] btm_ble_process_adv_addr: bda=18:81:0e:e0:a8:6d
09-01 14:40:50.992 V/bt_stack( 8588): [VERBOSE1:btm_ble_gap.cc(2052)]  Waiting for scan response 18:81:0e:e0:a8:6d
09-01 14:40:50.993 V/bt_stack( 8588): [VERBOSE1:btm_ble_gap.cc(1923)] btm_ble_process_ext_adv_pkt: bda=56:e4:da:79:d5:88
09-01 14:40:50.993 V/bt_stack( 8588): [VERBOSE1:btm_ble_gap.cc(1847)] btm_ble_process_adv_addr: bda=56:e4:da:79:d5:88
09-01 14:40:50.993 V/bt_stack( 8588): [VERBOSE1:btm_ble_gap.cc(2052)]  Waiting for scan response 56:e4:da:79:d5:88
09-01 14:40:50.993 V/bt_stack( 8588): [VERBOSE1:btm_ble_gap.cc(1923)] btm_ble_process_ext_adv_pkt: bda=56:e4:da:79:d5:88
09-01 14:40:50.993 V/bt_stack( 8588): [VERBOSE1:btm_ble_gap.cc(1847)] btm_ble_process_adv_addr: bda=56:e4:da:79:d5:88
09-01 14:40:50.994 D/BluetoothUtils( 8588): blockedByLocationOff callingUid=1002
09-01 14:40:50.995 I/BluetoothUtils( 8588): packagename is android.uid.bluetooth:1002 ,and its permission is false
09-01 14:40:50.995 D/BluetoothUtils( 8588): blockedByLocationOff callingUid=1002
09-01 14:40:50.995 I/BluetoothUtils( 8588): packagename is android.uid.bluetooth:1002 ,and its permission is false
09-01 14:40:50.995 D/BluetoothUtils( 8588): blockedByLocationOff callingUid=1002
09-01 14:40:50.995 I/BluetoothUtils( 8588): packagename is android.uid.bluetooth:1002 ,and its permission is false
09-01 14:40:50.999 V/bt_stack( 8588): [VERBOSE1:btm_ble_gap.cc(1923)] btm_ble_process_ext_adv_pkt: bda=33:91:15:08:2a:2b
09-01 14:40:50.999 V/bt_stack( 8588): [VERBOSE1:btm_ble_gap.cc(1847)] btm_ble_process_adv_addr: bda=33:91:15:08:2a:2b
09-01 14:40:51.001 D/BluetoothUtils( 8588): blockedByLocationOff callingUid=1002
09-01 14:40:51.001 I/BluetoothUtils( 8588): packagename is android.uid.bluetooth:1002 ,and its permission is false
09-01 14:40:51.001 D/BluetoothUtils( 8588): blockedByLocationOff callingUid=1002
09-01 14:40:51.002 I/BluetoothUtils( 8588): packagename is android.uid.bluetooth:1002 ,and its permission is false
09-01 14:40:51.002 D/BluetoothUtils( 8588): blockedByLocationOff callingUid=1002
09-01 14:40:51.002 I/BluetoothUtils( 8588): packagename is android.uid.bluetooth:1002 ,and its permission is false
09-01 14:40:51.005 V/bt_stack( 8588): [VERBOSE1:btm_ble_gap.cc(1923)] btm_ble_process_ext_adv_pkt: bda=7c:b8:fa:2f:d7:35
09-01 14:40:51.005 V/bt_stack( 8588): [VERBOSE1:btm_ble_gap.cc(1847)] btm_ble_process_adv_addr: bda=7c:b8:fa:2f:d7:35
09-01 14:40:51.005 V/bt_stack( 8588): [VERBOSE1:btm_ble_gap.cc(2052)]  Waiting for scan response 7c:b8:fa:2f:d7:35
09-01 14:40:51.012 V/bt_stack( 8588): [VERBOSE1:bta_gattc_main.cc(361)] bta_gattc_hdl_event: Event:BTA_GATTC_API_WRITE_EVT
09-01 14:40:51.012 V/bt_stack( 8588): [VERBOSE1:bta_gattc_main.cc(305)] bta_gattc_sm_execute: State 0x02 [GATTC_CONN_ST], Event 0x1f05[BTA_GATTC_API_WRITE_EVT]
09-01 14:40:51.013 D/[Koin]  (13415): +- get 'com.huami.worldclock.O00000o.O00000o0'
09-01 14:40:51.013 V/bt_stack( 8588): [VERBOSE1:gatt_utils.cc(1191)] gatt_end_operation status=0 op=3 subtype=1
09-01 14:40:51.013 D/[Koin]  (13415): +- got 'com.huami.worldclock.O00000o.O00000o0' in 0.013438 ms
09-01 14:40:51.013 V/bt_stack( 8588): [VERBOSE1:bta_gattc_act.cc(1309)] bta_gattc_cmpl_cback: conn_id:8 op:3 status:0
09-01 14:40:51.013 V/bt_stack( 8588): [VERBOSE1:bta_gattc_main.cc(341)] bta_gattc_sm_execute: GATTC State Change: 0x02 -> 0x02 after Event 0x1f05
09-01 14:40:51.013 V/bt_stack( 8588): [VERBOSE1:bta_gattc_main.cc(361)] bta_gattc_hdl_event: Event:BTA_GATTC_OP_CMPL_EVT
09-01 14:40:51.013 V/bt_stack( 8588): [VERBOSE1:bta_gattc_main.cc(305)] bta_gattc_sm_execute: State 0x02 [GATTC_CONN_ST], Event 0x1f0f[BTA_GATTC_OP_CMPL_EVT]
09-01 14:40:51.013 V/bt_stack( 8588): [VERBOSE1:bta_gattc_act.cc(936)] bta_gattc_op_cmpl: op:3
09-01 14:40:51.013 V/bt_stack( 8588): [VERBOSE1:bta_gattc_main.cc(341)] bta_gattc_sm_execute: GATTC State Change: 0x02 -> 0x02 after Event 0x1f0f
09-01 14:40:51.012 W/AsyncHttpResponse(13415): Current thread has not called Looper.prepare().Forcing synchronous mode
09-01 14:40:51.014 D/[Koin]  (13415): +- get 'com.huami.fittime.ui.home.O00000o0'
09-01 14:40:51.014 D/[Koin]  (13415): | create instance for [type:Factory,primary_type:'com.huami.fittime.ui.home.O00000o0']
09-01 14:40:51.014 D/[Koin]  (13415): +- get 'android.app.Application'
09-01 14:40:51.014 D/[Koin]  (13415): +- got 'android.app.Application' in 0.014792 ms
09-01 14:40:51.014 D/[Koin]  (13415): +- get 'com.huami.fittime.ui.profile.O0000OOo'
09-01 14:40:51.014 D/[Koin]  (13415): | create instance for [type:Factory,primary_type:'com.huami.fittime.ui.profile.O0000OOo']
09-01 14:40:51.014 D/[Koin]  (13415): +- get 'com.huami.fittime.O00000oo.O00O0Oo'
09-01 14:40:51.014 D/[Koin]  (13415): +- got 'com.huami.fittime.O00000oo.O00O0Oo' in 0.02677 ms
09-01 14:40:51.014 D/[Koin]  (13415): +- get 'com.huami.fittime.db.FitTimeDb'
09-01 14:40:51.014 D/[Koin]  (13415): +- got 'com.huami.fittime.db.FitTimeDb' in 0.006979 ms
09-01 14:40:51.014 D/[Koin]  (13415): +- get 'com.huami.fittime.O000000o.O00000o'
09-01 14:40:51.014 D/[Koin]  (13415): +- got 'com.huami.fittime.O000000o.O00000o' in 0.006615 ms
09-01 14:40:51.014 D/[Koin]  (13415): +- got 'com.huami.fittime.ui.profile.O0000OOo' in 0.227135 ms
09-01 14:40:51.014 D/[Koin]  (13415): +- get 'com.huami.fittime.ui.diary.O00000o0.O0000OOo'
09-01 14:40:51.014 D/[Koin]  (13415): | create instance for [type:Factory,primary_type:'com.huami.fittime.ui.diary.O00000o0.O0000OOo']
09-01 14:40:51.014 D/[Koin]  (13415): +- get 'com.huami.fittime.O000000o.O00000o'
09-01 14:40:51.014 D/[Koin]  (13415): +- got 'com.huami.fittime.O000000o.O00000o' in 0.006562 ms
09-01 14:40:51.014 D/[Koin]  (13415): +- get 'com.huami.fittime.O00000oO.O00oOooO'
09-01 14:40:51.014 D/[Koin]  (13415): +- got 'com.huami.fittime.O00000oO.O00oOooO' in 0.011094 ms
09-01 14:40:51.014 D/[Koin]  (13415): +- get 'com.huami.fittime.db.FitTimeDb'
09-01 14:40:51.014 D/[Koin]  (13415): +- got 'com.huami.fittime.db.FitTimeDb' in 0.006458 ms
09-01 14:40:51.014 D/[Koin]  (13415): +- got 'com.huami.fittime.ui.diary.O00000o0.O0000OOo' in 0.201719 ms
09-01 14:40:51.015 V/bt_stack( 8588): [VERBOSE1:btm_ble_gap.cc(1923)] btm_ble_process_ext_adv_pkt: bda=6e:3b:40:73:ff:b3
09-01 14:40:51.015 V/bt_stack( 8588): [VERBOSE1:btm_ble_gap.cc(1847)] btm_ble_process_adv_addr: bda=6e:3b:40:73:ff:b3
09-01 14:40:51.015 V/bt_stack( 8588): [VERBOSE1:btm_ble_gap.cc(2052)]  Waiting for scan response 6e:3b:40:73:ff:b3
09-01 14:40:51.015 D/[Koin]  (13415): +- got 'com.huami.fittime.ui.home.O00000o0' in 1.826875 ms
09-01 14:40:51.016 V/bt_stack( 8588): [VERBOSE1:btm_ble_gap.cc(1923)] btm_ble_process_ext_adv_pkt: bda=63:53:07:fa:3c:f1
09-01 14:40:51.016 V/bt_stack( 8588): [VERBOSE1:btm_ble_gap.cc(1847)] btm_ble_process_adv_addr: bda=63:53:07:fa:3c:f1
09-01 14:40:51.016 I/HMCoreService(13415): The current world clock information is valid and does not need to be pushed to the device 
09-01 14:40:51.017 D/BluetoothUtils( 8588): blockedByLocationOff callingUid=1002
09-01 14:40:51.017 I/BluetoothUtils( 8588): packagename is android.uid.bluetooth:1002 ,and its permission is false
09-01 14:40:51.017 D/BluetoothUtils( 8588): blockedByLocationOff callingUid=1002
09-01 14:40:51.018 I/BluetoothUtils( 8588): packagename is android.uid.bluetooth:1002 ,and its permission is false
09-01 14:40:51.018 D/BluetoothUtils( 8588): blockedByLocationOff callingUid=1002
09-01 14:40:51.018 I/O00000o0(13415): connectingLanguageSettingFlowJudge --------------
09-01 14:40:51.018 I/BluetoothUtils( 8588): packagename is android.uid.bluetooth:1002 ,and its permission is false
09-01 14:40:51.024 D/BluetoothGatt(13415): setCharacteristicNotification() - uuid: 00000003-0000-3512-2118-0009af100700 enable: true
09-01 14:40:51.025 V/bt_stack( 8588): [VERBOSE1:btm_ble_gap.cc(1923)] btm_ble_process_ext_adv_pkt: bda=56:23:e7:94:9e:a9
09-01 14:40:51.025 V/bt_stack( 8588): [VERBOSE1:btm_ble_gap.cc(1847)] btm_ble_process_adv_addr: bda=56:23:e7:94:9e:a9
09-01 14:40:51.025 V/bt_stack( 8588): [VERBOSE1:btm_ble_gap.cc(2052)]  Waiting for scan response 56:23:e7:94:9e:a9
09-01 14:40:51.025 D/Event   (13415): No subscribers registered for event class com.xiaomi.hm.health.device.O00000o.O000000o
09-01 14:40:51.025 D/Event   (13415): No subscribers registered for event class O00000Oo.O000000o.O000000o.O0000Oo0
09-01 14:40:51.026 D/BtGatt.GattService( 8588): registerForNotification() - address=C3:D4:F4:E3:11:EC enable: true
09-01 14:40:51.026 D/BtGatt.GattService( 8588): onRegisterForNotifications() - address=null, status=0, registered=1, handle=56
09-01 14:40:51.028 V/bt_stack( 8588): [VERBOSE1:btm_ble_gap.cc(1923)] btm_ble_process_ext_adv_pkt: bda=5a:e4:79:a8:a5:a9
09-01 14:40:51.028 V/bt_stack( 8588): [VERBOSE1:btm_ble_gap.cc(1847)] btm_ble_process_adv_addr: bda=5a:e4:79:a8:a5:a9
09-01 14:40:51.028 V/bt_stack( 8588): [VERBOSE1:btm_ble_gap.cc(2052)]  Waiting for scan response 5a:e4:79:a8:a5:a9
09-01 14:40:51.029 V/bt_stack( 8588): [VERBOSE1:btm_ble_gap.cc(1923)] btm_ble_process_ext_adv_pkt: bda=24:36:26:fc:bf:e5
09-01 14:40:51.029 V/bt_stack( 8588): [VERBOSE1:btm_ble_gap.cc(1847)] btm_ble_process_adv_addr: bda=24:36:26:fc:bf:e5
09-01 14:40:51.030 D/BluetoothUtils( 8588): blockedByLocationOff callingUid=1002
09-01 14:40:51.030 I/BluetoothUtils( 8588): packagename is android.uid.bluetooth:1002 ,and its permission is false
09-01 14:40:51.031 D/BluetoothUtils( 8588): blockedByLocationOff callingUid=1002
09-01 14:40:51.031 I/BluetoothUtils( 8588): packagename is android.uid.bluetooth:1002 ,and its permission is false
09-01 14:40:51.031 D/BluetoothUtils( 8588): blockedByLocationOff callingUid=1002
09-01 14:40:51.031 I/BluetoothUtils( 8588): packagename is android.uid.bluetooth:1002 ,and its permission is false
09-01 14:40:51.032 V/bt_stack( 8588): [VERBOSE1:bta_gattc_main.cc(361)] bta_gattc_hdl_event: Event:BTA_GATTC_API_WRITE_EVT
09-01 14:40:51.032 V/bt_stack( 8588): [VERBOSE1:bta_gattc_main.cc(305)] bta_gattc_sm_execute: State 0x02 [GATTC_CONN_ST], Event 0x1f05[BTA_GATTC_API_WRITE_EVT]
09-01 14:40:51.032 V/bt_stack( 8588): [VERBOSE1:bta_gattc_main.cc(341)] bta_gattc_sm_execute: GATTC State Change: 0x02 -> 0x02 after Event 0x1f05
09-01 14:40:51.032 V/bt_stack( 8588): [VERBOSE1:btm_ble_gap.cc(1923)] btm_ble_process_ext_adv_pkt: bda=56:e4:da:79:d5:88
09-01 14:40:51.032 V/bt_stack( 8588): [VERBOSE1:btm_ble_gap.cc(1847)] btm_ble_process_adv_addr: bda=56:e4:da:79:d5:88
09-01 14:40:51.032 V/bt_stack( 8588): [VERBOSE1:btm_ble_gap.cc(2052)]  Waiting for scan response 56:e4:da:79:d5:88
09-01 14:40:51.032 V/bt_stack( 8588): [VERBOSE1:btm_ble_gap.cc(1923)] btm_ble_process_ext_adv_pkt: bda=56:e4:da:79:d5:88
09-01 14:40:51.032 V/bt_stack( 8588): [VERBOSE1:btm_ble_gap.cc(1847)] btm_ble_process_adv_addr: bda=56:e4:da:79:d5:88
09-01 14:40:51.033 D/BluetoothUtils( 8588): blockedByLocationOff callingUid=1002
09-01 14:40:51.033 W/AsyncHttpResponse(13415): Current thread has not called Looper.prepare().Forcing synchronous mode
09-01 14:40:51.033 I/BluetoothUtils( 8588): packagename is android.uid.bluetooth:1002 ,and its permission is false
09-01 14:40:51.034 D/BluetoothUtils( 8588): blockedByLocationOff callingUid=1002
09-01 14:40:51.034 W/AsyncHttpResponse(13415): Current thread has not called Looper.prepare().Forcing synchronous mode
09-01 14:40:51.034 I/BluetoothUtils( 8588): packagename is android.uid.bluetooth:1002 ,and its permission is false
09-01 14:40:51.034 D/BluetoothUtils( 8588): blockedByLocationOff callingUid=1002
09-01 14:40:51.034 I/BluetoothUtils( 8588): packagename is android.uid.bluetooth:1002 ,and its permission is false
09-01 14:40:51.037 V/bt_stack( 8588): [VERBOSE1:btm_ble_gap.cc(1923)] btm_ble_process_ext_adv_pkt: bda=00:35:64:83:a4:98
09-01 14:40:51.037 V/bt_stack( 8588): [VERBOSE1:btm_ble_gap.cc(1847)] btm_ble_process_adv_addr: bda=00:35:64:83:a4:98
09-01 14:40:51.038 D/BluetoothUtils( 8588): blockedByLocationOff callingUid=1002
09-01 14:40:51.038 I/BluetoothUtils( 8588): packagename is android.uid.bluetooth:1002 ,and its permission is false
09-01 14:40:51.038 D/BluetoothUtils( 8588): blockedByLocationOff callingUid=1002
09-01 14:40:51.039 I/BluetoothUtils( 8588): packagename is android.uid.bluetooth:1002 ,and its permission is false
09-01 14:40:51.039 D/BluetoothUtils( 8588): blockedByLocationOff callingUid=1002
09-01 14:40:51.039 I/BluetoothUtils( 8588): packagename is android.uid.bluetooth:1002 ,and its permission is false
09-01 14:40:51.049 V/bt_stack( 8588): [VERBOSE1:btm_ble_gap.cc(1923)] btm_ble_process_ext_adv_pkt: bda=38:f9:d3:45:87:1e
09-01 14:40:51.049 V/bt_stack( 8588): [VERBOSE1:btm_ble_gap.cc(1847)] btm_ble_process_adv_addr: bda=38:f9:d3:45:87:1e
09-01 14:40:51.049 V/bt_stack( 8588): [VERBOSE1:btm_ble_gap.cc(2052)]  Waiting for scan response 38:f9:d3:45:87:1e
09-01 14:40:51.049 V/bt_stack( 8588): [VERBOSE1:btm_ble_gap.cc(1923)] btm_ble_process_ext_adv_pkt: bda=38:f9:d3:45:87:1e
09-01 14:40:51.049 V/bt_stack( 8588): [VERBOSE1:btm_ble_gap.cc(1847)] btm_ble_process_adv_addr: bda=38:f9:d3:45:87:1e
09-01 14:40:51.050 D/BluetoothUtils( 8588): blockedByLocationOff callingUid=1002
09-01 14:40:51.050 I/BluetoothUtils( 8588): packagename is android.uid.bluetooth:1002 ,and its permission is false
09-01 14:40:51.050 D/BluetoothUtils( 8588): blockedByLocationOff callingUid=1002
09-01 14:40:51.051 I/BluetoothUtils( 8588): packagename is android.uid.bluetooth:1002 ,and its permission is false
09-01 14:40:51.051 V/bt_stack( 8588): [VERBOSE1:btm_ble_gap.cc(1923)] btm_ble_process_ext_adv_pkt: bda=ef:78:8a:8d:25:f2
09-01 14:40:51.051 D/BluetoothUtils( 8588): blockedByLocationOff callingUid=1002
09-01 14:40:51.051 V/bt_stack( 8588): [VERBOSE1:btm_ble_gap.cc(1847)] btm_ble_process_adv_addr: bda=ef:78:8a:8d:25:f2
09-01 14:40:51.051 V/bt_stack( 8588): [VERBOSE1:btm_ble_gap.cc(2052)]  Waiting for scan response ef:78:8a:8d:25:f2
09-01 14:40:51.051 V/bt_stack( 8588): [VERBOSE1:btm_ble_gap.cc(1923)] btm_ble_process_ext_adv_pkt: bda=ef:78:8a:8d:25:f2
09-01 14:40:51.051 V/bt_stack( 8588): [VERBOSE1:btm_ble_gap.cc(1847)] btm_ble_process_adv_addr: bda=ef:78:8a:8d:25:f2
09-01 14:40:51.051 I/BluetoothUtils( 8588): packagename is android.uid.bluetooth:1002 ,and its permission is false
09-01 14:40:51.052 D/BluetoothUtils( 8588): blockedByLocationOff callingUid=1002
09-01 14:40:51.052 I/BluetoothUtils( 8588): packagename is android.uid.bluetooth:1002 ,and its permission is false
09-01 14:40:51.053 D/BluetoothUtils( 8588): blockedByLocationOff callingUid=1002
09-01 14:40:51.053 I/BluetoothUtils( 8588): packagename is android.uid.bluetooth:1002 ,and its permission is false
09-01 14:40:51.053 D/BluetoothUtils( 8588): blockedByLocationOff callingUid=1002
09-01 14:40:51.054 I/BluetoothUtils( 8588): packagename is android.uid.bluetooth:1002 ,and its permission is false
09-01 14:40:51.058 V/bt_stack( 8588): [VERBOSE1:btm_ble_gap.cc(1923)] btm_ble_process_ext_adv_pkt: bda=25:4e:aa:3f:5d:41
09-01 14:40:51.058 V/bt_stack( 8588): [VERBOSE1:btm_ble_gap.cc(1847)] btm_ble_process_adv_addr: bda=25:4e:aa:3f:5d:41
09-01 14:40:51.059 D/BluetoothUtils( 8588): blockedByLocationOff callingUid=1002
09-01 14:40:51.059 I/BluetoothUtils( 8588): packagename is android.uid.bluetooth:1002 ,and its permission is false
09-01 14:40:51.059 D/BluetoothUtils( 8588): blockedByLocationOff callingUid=1002
09-01 14:40:51.060 I/BluetoothUtils( 8588): packagename is android.uid.bluetooth:1002 ,and its permission is false
09-01 14:40:51.060 D/BluetoothUtils( 8588): blockedByLocationOff callingUid=1002
09-01 14:40:51.060 I/BluetoothUtils( 8588): packagename is android.uid.bluetooth:1002 ,and its permission is false
09-01 14:40:51.073 V/AsyncHttpResponse(13415): Progress 117 from 117 (100%)
09-01 14:40:51.073 D/[Koin]  (13415): +- get 'com.huami.femalehealth.uilib.viewmodel.FemaleMifitViewModel'
09-01 14:40:51.074 D/[Koin]  (13415): | create instance for [type:Factory,primary_type:'com.huami.femalehealth.uilib.viewmodel.FemaleMifitViewModel']
09-01 14:40:51.074 D/[Koin]  (13415): +- get 'com.huami.femalehealth.logiclib.O0000O0o.O0000O0o'
09-01 14:40:51.074 D/[Koin]  (13415): | create instance for [type:Factory,primary_type:'com.huami.femalehealth.logiclib.O0000O0o.O0000O0o']
09-01 14:40:51.074 D/[Koin]  (13415): +- get 'com.huami.femalehealth.logiclib.O00000oO.O0000O0o'
09-01 14:40:51.074 D/[Koin]  (13415): +- got 'com.huami.femalehealth.logiclib.O00000oO.O0000O0o' in 0.02599 ms
09-01 14:40:51.074 D/[Koin]  (13415): +- get 'com.huami.femalehealth.logiclib.O000000o.O00000Oo'
09-01 14:40:51.074 D/[Koin]  (13415): +- got 'com.huami.femalehealth.logiclib.O000000o.O00000Oo' in 0.008437 ms
09-01 14:40:51.074 D/[Koin]  (13415): +- get 'com.huami.femalehealth.logiclib.O00000oO.O00oOooO'
09-01 14:40:51.074 D/[Koin]  (13415): +- got 'com.huami.femalehealth.logiclib.O00000oO.O00oOooO' in 0.00677 ms
09-01 14:40:51.074 D/[Koin]  (13415): +- get 'com.huami.femalehealth.logiclib.O00000Oo.O00000o'
09-01 14:40:51.074 D/[Koin]  (13415): | create instance for [type:Factory,primary_type:'com.huami.femalehealth.logiclib.O00000Oo.O00000o']
09-01 14:40:51.074 D/[Koin]  (13415): +- get 'com.huami.femalehealth.logiclib.O00000oO.O0000O0o'
09-01 14:40:51.074 D/[Koin]  (13415): +- got 'com.huami.femalehealth.logiclib.O00000oO.O0000O0o' in 0.006614 ms
09-01 14:40:51.074 D/[Koin]  (13415): +- get 'com.huami.femalehealth.logiclib.O000000o.O00000Oo'
09-01 14:40:51.074 D/[Koin]  (13415): +- got 'com.huami.femalehealth.logiclib.O000000o.O00000Oo' in 0.006094 ms
09-01 14:40:51.074 D/[Koin]  (13415): +- get 'com.huami.femalehealth.logiclib.db.FemaleHealthDb'
09-01 14:40:51.074 D/[Koin]  (13415): +- got 'com.huami.femalehealth.logiclib.db.FemaleHealthDb' in 0.006302 ms
09-01 14:40:51.074 D/[Koin]  (13415): +- get 'com.huami.femalehealth.logiclib.O00000Oo.O00000Oo'
09-01 14:40:51.074 D/[Koin]  (13415): +- got 'com.huami.femalehealth.logiclib.O00000Oo.O00000Oo' in 0.008125 ms
09-01 14:40:51.074 D/[Koin]  (13415): +- get 'com.huami.femalehealth.logiclib.O00000oO.O00oOooO'
09-01 14:40:51.074 D/[Koin]  (13415): +- got 'com.huami.femalehealth.logiclib.O00000oO.O00oOooO' in 0.00625 ms
09-01 14:40:51.074 D/[Koin]  (13415): +- got 'com.huami.femalehealth.logiclib.O00000Oo.O00000o' in 0.252552 ms
09-01 14:40:51.074 D/[Koin]  (13415): +- got 'com.huami.femalehealth.logiclib.O0000O0o.O0000O0o' in 0.525261 ms
09-01 14:40:51.074 D/[Koin]  (13415): +- get 'com.huami.femalehealth.logiclib.O0000O0o.O00000o'
09-01 14:40:51.074 D/[Koin]  (13415): | create instance for [type:Factory,primary_type:'com.huami.femalehealth.logiclib.O0000O0o.O00000o']
09-01 14:40:51.074 D/[Koin]  (13415): +- get 'com.huami.femalehealth.logiclib.O00000oO.O0000O0o'
09-01 14:40:51.074 D/[Koin]  (13415): +- got 'com.huami.femalehealth.logiclib.O00000oO.O0000O0o' in 0.035937 ms
09-01 14:40:51.074 D/[Koin]  (13415): +- get 'com.huami.femalehealth.logiclib.O000000o.O00000Oo'
09-01 14:40:51.074 D/[Koin]  (13415): +- got 'com.huami.femalehealth.logiclib.O000000o.O00000Oo' in 0.006407 ms
09-01 14:40:51.074 D/[Koin]  (13415): +- get 'com.huami.femalehealth.logiclib.db.FemaleHealthDb'
09-01 14:40:51.074 D/[Koin]  (13415): +- got 'com.huami.femalehealth.logiclib.db.FemaleHealthDb' in 0.02651 ms
09-01 14:40:51.074 D/[Koin]  (13415): +- get 'com.huami.femalehealth.logiclib.O00000Oo.O00000o'
09-01 14:40:51.074 D/[Koin]  (13415): | create instance for [type:Factory,primary_type:'com.huami.femalehealth.logiclib.O00000Oo.O00000o']
09-01 14:40:51.075 D/[Koin]  (13415): +- get 'com.huami.femalehealth.logiclib.O00000oO.O0000O0o'
09-01 14:40:51.075 D/[Koin]  (13415): +- got 'com.huami.femalehealth.logiclib.O00000oO.O0000O0o' in 0.006459 ms
09-01 14:40:51.075 D/[Koin]  (13415): +- get 'com.huami.femalehealth.logiclib.O000000o.O00000Oo'
09-01 14:40:51.075 D/[Koin]  (13415): +- got 'com.huami.femalehealth.logiclib.O000000o.O00000Oo' in 0.00625 ms
09-01 14:40:51.075 D/[Koin]  (13415): +- get 'com.huami.femalehealth.logiclib.db.FemaleHealthDb'
09-01 14:40:51.075 D/[Koin]  (13415): +- got 'com.huami.femalehealth.logiclib.db.FemaleHealthDb' in 0.006771 ms
09-01 14:40:51.075 D/[Koin]  (13415): +- get 'com.huami.femalehealth.logiclib.O00000Oo.O00000Oo'
09-01 14:40:51.075 D/[Koin]  (13415): +- got 'com.huami.femalehealth.logiclib.O00000Oo.O00000Oo' in 0.007291 ms
09-01 14:40:51.075 D/[Koin]  (13415): +- get 'com.huami.femalehealth.logiclib.O00000oO.O00oOooO'
09-01 14:40:51.075 D/[Koin]  (13415): +- got 'com.huami.femalehealth.logiclib.O00000oO.O00oOooO' in 0.006302 ms
09-01 14:40:51.075 D/[Koin]  (13415): +- got 'com.huami.femalehealth.logiclib.O00000Oo.O00000o' in 0.246511 ms
09-01 14:40:51.075 D/[Koin]  (13415): +- get 'com.huami.femalehealth.logiclib.O00000Oo.O00000o0'
09-01 14:40:51.075 D/[Koin]  (13415): | create instance for [type:Factory,primary_type:'com.huami.femalehealth.logiclib.O00000Oo.O00000o0']
09-01 14:40:51.075 D/[Koin]  (13415): +- got 'com.huami.femalehealth.logiclib.O00000Oo.O00000o0' in 0.037344 ms
09-01 14:40:51.075 D/[Koin]  (13415): +- got 'com.huami.femalehealth.logiclib.O0000O0o.O00000o' in 0.62125 ms
09-01 14:40:51.075 D/[Koin]  (13415): +- got 'com.huami.femalehealth.uilib.viewmodel.FemaleMifitViewModel' in 1.411459 ms
09-01 14:40:51.076 D/[Koin]  (13415): +- get 'com.huami.femalehealth.uilib.viewmodel.StatusViewModel'
09-01 14:40:51.076 D/[Koin]  (13415): | create instance for [type:Factory,primary_type:'com.huami.femalehealth.uilib.viewmodel.StatusViewModel']
09-01 14:40:51.076 D/[Koin]  (13415): +- get 'com.huami.femalehealth.logiclib.O0000O0o.O00000o'
09-01 14:40:51.076 D/[Koin]  (13415): | create instance for [type:Factory,primary_type:'com.huami.femalehealth.logiclib.O0000O0o.O00000o']
09-01 14:40:51.076 D/[Koin]  (13415): +- get 'com.huami.femalehealth.logiclib.O00000oO.O0000O0o'
09-01 14:40:51.076 D/[Koin]  (13415): +- got 'com.huami.femalehealth.logiclib.O00000oO.O0000O0o' in 0.014636 ms
09-01 14:40:51.076 D/[Koin]  (13415): +- get 'com.huami.femalehealth.logiclib.O000000o.O00000Oo'
09-01 14:40:51.076 D/[Koin]  (13415): +- got 'com.huami.femalehealth.logiclib.O000000o.O00000Oo' in 0.006875 ms
09-01 14:40:51.076 D/[Koin]  (13415): +- get 'com.huami.femalehealth.logiclib.db.FemaleHealthDb'
09-01 14:40:51.076 D/[Koin]  (13415): +- got 'com.huami.femalehealth.logiclib.db.FemaleHealthDb' in 0.006302 ms
09-01 14:40:51.076 D/[Koin]  (13415): +- get 'com.huami.femalehealth.logiclib.O00000Oo.O00000o'
09-01 14:40:51.076 D/[Koin]  (13415): | create instance for [type:Factory,primary_type:'com.huami.femalehealth.logiclib.O00000Oo.O00000o']
09-01 14:40:51.076 D/[Koin]  (13415): +- get 'com.huami.femalehealth.logiclib.O00000oO.O0000O0o'
09-01 14:40:51.076 D/[Koin]  (13415): +- got 'com.huami.femalehealth.logiclib.O00000oO.O0000O0o' in 0.006875 ms
09-01 14:40:51.076 D/[Koin]  (13415): +- get 'com.huami.femalehealth.logiclib.O000000o.O00000Oo'
09-01 14:40:51.076 D/[Koin]  (13415): +- got 'com.huami.femalehealth.logiclib.O000000o.O00000Oo' in 0.006093 ms
09-01 14:40:51.076 D/[Koin]  (13415): +- get 'com.huami.femalehealth.logiclib.db.FemaleHealthDb'
09-01 14:40:51.076 D/[Koin]  (13415): +- got 'com.huami.femalehealth.logiclib.db.FemaleHealthDb' in 0.005781 ms
09-01 14:40:51.076 D/[Koin]  (13415): +- get 'com.huami.femalehealth.logiclib.O00000Oo.O00000Oo'
09-01 14:40:51.076 D/[Koin]  (13415): +- got 'com.huami.femalehealth.logiclib.O00000Oo.O00000Oo' in 0.0075 ms
09-01 14:40:51.076 D/[Koin]  (13415): +- get 'com.huami.femalehealth.logiclib.O00000oO.O00oOooO'
09-01 14:40:51.076 D/[Koin]  (13415): +- got 'com.huami.femalehealth.logiclib.O00000oO.O00oOooO' in 0.006302 ms
09-01 14:40:51.076 D/[Koin]  (13415): +- got 'com.huami.femalehealth.logiclib.O00000Oo.O00000o' in 0.2525 ms
09-01 14:40:51.077 D/[Koin]  (13415): +- get 'com.huami.femalehealth.logiclib.O00000Oo.O00000o0'
09-01 14:40:51.077 D/[Koin]  (13415): | create instance for [type:Factory,primary_type:'com.huami.femalehealth.logiclib.O00000Oo.O00000o0']
09-01 14:40:51.077 D/[Koin]  (13415): +- got 'com.huami.femalehealth.logiclib.O00000Oo.O00000o0' in 0.034323 ms
09-01 14:40:51.077 D/[Koin]  (13415): +- got 'com.huami.femalehealth.logiclib.O0000O0o.O00000o' in 0.57026 ms
09-01 14:40:51.077 D/[Koin]  (13415): +- get 'com.huami.femalehealth.logiclib.O00000Oo.O00000o'
09-01 14:40:51.077 D/[Koin]  (13415): | create instance for [type:Factory,primary_type:'com.huami.femalehealth.logiclib.O00000Oo.O00000o']
09-01 14:40:51.077 D/[Koin]  (13415): +- get 'com.huami.femalehealth.logiclib.O00000oO.O0000O0o'
09-01 14:40:51.077 V/AsyncHttpResponse(13415): Progress 156 from 156 (100%)
09-01 14:40:51.077 D/[Koin]  (13415): +- got 'com.huami.femalehealth.logiclib.O00000oO.O0000O0o' in 0.00776 ms
09-01 14:40:51.077 D/[Koin]  (13415): +- get 'com.huami.femalehealth.logiclib.O000000o.O00000Oo'
09-01 14:40:51.077 D/[Koin]  (13415): +- got 'com.huami.femalehealth.logiclib.O000000o.O00000Oo' in 0.005625 ms
09-01 14:40:51.077 D/[Koin]  (13415): +- get 'com.huami.femalehealth.logiclib.db.FemaleHealthDb'
09-01 14:40:51.077 D/[Koin]  (13415): +- got 'com.huami.femalehealth.logiclib.db.FemaleHealthDb' in 0.006511 ms
09-01 14:40:51.077 D/[Koin]  (13415): +- get 'com.huami.femalehealth.logiclib.O00000Oo.O00000Oo'
09-01 14:40:51.077 D/[Koin]  (13415): +- got 'com.huami.femalehealth.logiclib.O00000Oo.O00000Oo' in 0.012031 ms
09-01 14:40:51.077 D/[Koin]  (13415): +- get 'com.huami.femalehealth.logiclib.O00000oO.O00oOooO'
09-01 14:40:51.077 D/[Koin]  (13415): +- got 'com.huami.femalehealth.logiclib.O00000oO.O00oOooO' in 0.006302 ms
09-01 14:40:51.077 D/[Koin]  (13415): +- got 'com.huami.femalehealth.logiclib.O00000Oo.O00000o' in 0.25651 ms
09-01 14:40:51.078 D/[Koin]  (13415): +- got 'com.huami.femalehealth.uilib.viewmodel.StatusViewModel' in 1.874167 ms
09-01 14:40:51.079 V/bt_stack( 8588): [VERBOSE1:gatt_main.cc(1079)] gatt_get_ch_state: ch_state=4
09-01 14:40:51.079 I/bt_stack( 8588): [INFO:gatt_main.cc(912)] gatt_data_process op_code = 27, msg_len = 9
09-01 14:40:51.079 V/bt_stack( 8588): [VERBOSE1:gatt_cl.cc(620)] gatt_process_notification
09-01 14:40:51.079 V/bt_stack( 8588): [VERBOSE1:gatt_auth.cc(364)] gatt_get_link_encrypt_status status=0x8e
09-01 14:40:51.079 V/bt_stack( 8588): [VERBOSE1:bta_gattc_act.cc(1309)] bta_gattc_cmpl_cback: conn_id:3 op:6 status:142
09-01 14:40:51.079 V/bt_stack( 8588): [VERBOSE1:gatt_api.cc(1276)] GATT_GetConnectionInfor conn_id=0x0003
09-01 14:40:51.079 V/bt_stack( 8588): [VERBOSE1:bta_gattc_act.cc(1309)] bta_gattc_cmpl_cback: conn_id:4 op:6 status:142
09-01 14:40:51.079 V/bt_stack( 8588): [VERBOSE1:gatt_api.cc(1276)] GATT_GetConnectionInfor conn_id=0x0004
09-01 14:40:51.079 E/bt_btif ( 8588): bta_gattc_process_indicate, ignore HID ind/notificiation
09-01 14:40:51.079 V/bt_stack( 8588): [VERBOSE1:bta_gattc_act.cc(1309)] bta_gattc_cmpl_cback: conn_id:5 op:6 status:142
09-01 14:40:51.079 V/bt_stack( 8588): [VERBOSE1:gatt_api.cc(1276)] GATT_GetConnectionInfor conn_id=0x0005
09-01 14:40:51.079 V/bt_stack( 8588): [VERBOSE1:bta_gattc_act.cc(1309)] bta_gattc_cmpl_cback: conn_id:6 op:6 status:142
09-01 14:40:51.079 V/bt_stack( 8588): [VERBOSE1:gatt_api.cc(1276)] GATT_GetConnectionInfor conn_id=0x0006
09-01 14:40:51.079 V/bt_stack( 8588): [VERBOSE1:bta_gattc_act.cc(1309)] bta_gattc_cmpl_cback: conn_id:7 op:6 status:142
09-01 14:40:51.079 V/bt_stack( 8588): [VERBOSE1:gatt_api.cc(1276)] GATT_GetConnectionInfor conn_id=0x0007
09-01 14:40:51.079 V/bt_stack( 8588): [VERBOSE1:bta_gattc_act.cc(1309)] bta_gattc_cmpl_cback: conn_id:8 op:6 status:142
09-01 14:40:51.079 V/bt_stack( 8588): [VERBOSE1:gatt_api.cc(1276)] GATT_GetConnectionInfor conn_id=0x0008
09-01 14:40:51.080 V/bt_stack( 8588): [VERBOSE1:bta_gattc_utils.cc(346)] Notification registered!
09-01 14:40:51.080 V/bt_stack( 8588): [VERBOSE1:bta_gattc_act.cc(1212)] bta_gattc_proc_other_indication: check p_data->att_value.handle=80 p_data->handle=0
09-01 14:40:51.080 V/bt_stack( 8588): [VERBOSE1:bta_gattc_act.cc(1216)] is_notify0
09-01 14:40:51.080 V/bt_stack( 8588): [VERBOSE1:bta_gattc_act.cc(1309)] bta_gattc_cmpl_cback: conn_id:9 op:6 status:142
09-01 14:40:51.080 V/bt_stack( 8588): [VERBOSE1:gatt_api.cc(1276)] GATT_GetConnectionInfor conn_id=0x0009
09-01 14:40:51.080 V/bt_stack( 8588): [VERBOSE1:bta_gattc_act.cc(1309)] bta_gattc_cmpl_cback: conn_id:10 op:6 status:142
09-01 14:40:51.080 V/bt_stack( 8588): [VERBOSE1:gatt_api.cc(1276)] GATT_GetConnectionInfor conn_id=0x000a
09-01 14:40:51.080 V/bt_stack( 8588): [VERBOSE1:bta_gattc_act.cc(1309)] bta_gattc_cmpl_cback: conn_id:11 op:6 status:142
09-01 14:40:51.080 V/bt_stack( 8588): [VERBOSE1:gatt_api.cc(1276)] GATT_GetConnectionInfor conn_id=0x000b
09-01 14:40:51.080 V/bt_stack( 8588): [VERBOSE1:bta_gattc_act.cc(1309)] bta_gattc_cmpl_cback: conn_id:12 op:6 status:142
09-01 14:40:51.080 V/bt_stack( 8588): [VERBOSE1:gatt_api.cc(1276)] GATT_GetConnectionInfor conn_id=0x000c
09-01 14:40:51.080 V/bt_stack( 8588): [VERBOSE1:bta_gattc_act.cc(1309)] bta_gattc_cmpl_cback: conn_id:13 op:6 status:142
09-01 14:40:51.080 V/bt_stack( 8588): [VERBOSE1:gatt_api.cc(1276)] GATT_GetConnectionInfor conn_id=0x000d
09-01 14:40:51.080 V/bt_stack( 8588): [VERBOSE1:bta_gattc_act.cc(1309)] bta_gattc_cmpl_cback: conn_id:14 op:6 status:142
09-01 14:40:51.080 V/bt_stack( 8588): [VERBOSE1:gatt_api.cc(1276)] GATT_GetConnectionInfor conn_id=0x000e
09-01 14:40:51.080 V/bt_stack( 8588): [VERBOSE1:bta_gattc_act.cc(1309)] bta_gattc_cmpl_cback: conn_id:15 op:6 status:142
09-01 14:40:51.080 V/bt_stack( 8588): [VERBOSE1:gatt_api.cc(1276)] GATT_GetConnectionInfor conn_id=0x000f
09-01 14:40:51.080 V/bt_stack( 8588): [VERBOSE1:bta_gattc_act.cc(1309)] bta_gattc_cmpl_cback: conn_id:16 op:6 status:142
09-01 14:40:51.080 V/bt_stack( 8588): [VERBOSE1:gatt_api.cc(1276)] GATT_GetConnectionInfor conn_id=0x0010
09-01 14:40:51.080 V/bt_stack( 8588): [VERBOSE1:bta_gattc_act.cc(1309)] bta_gattc_cmpl_cback: conn_id:17 op:6 status:142
09-01 14:40:51.080 V/bt_stack( 8588): [VERBOSE1:gatt_api.cc(1276)] GATT_GetConnectionInfor conn_id=0x0011
09-01 14:40:51.080 V/bt_stack( 8588): [VERBOSE1:bta_gattc_act.cc(1309)] bta_gattc_cmpl_cback: conn_id:18 op:6 status:142
09-01 14:40:51.080 V/bt_stack( 8588): [VERBOSE1:gatt_api.cc(1276)] GATT_GetConnectionInfor conn_id=0x0012
09-01 14:40:51.080 V/bt_stack( 8588): [VERBOSE1:bta_gattc_act.cc(1309)] bta_gattc_cmpl_cback: conn_id:19 op:6 status:142
09-01 14:40:51.080 V/bt_stack( 8588): [VERBOSE1:gatt_api.cc(1276)] GATT_GetConnectionInfor conn_id=0x0013
09-01 14:40:51.080 V/bt_stack( 8588): [VERBOSE1:bta_gattc_act.cc(1309)] bta_gattc_cmpl_cback: conn_id:20 op:6 status:142
09-01 14:40:51.080 V/bt_stack( 8588): [VERBOSE1:gatt_api.cc(1276)] GATT_GetConnectionInfor conn_id=0x0014
09-01 14:40:51.080 V/bt_stack( 8588): [VERBOSE1:bta_gattc_act.cc(1309)] bta_gattc_cmpl_cback: conn_id:21 op:6 status:142
09-01 14:40:51.080 V/bt_stack( 8588): [VERBOSE1:gatt_api.cc(1276)] GATT_GetConnectionInfor conn_id=0x0015
09-01 14:40:51.081 V/bt_stack( 8588): [VERBOSE1:btm_ble_gap.cc(1923)] btm_ble_process_ext_adv_pkt: bda=7c:b8:fa:2f:d7:35
09-01 14:40:51.081 V/bt_stack( 8588): [VERBOSE1:btm_ble_gap.cc(1847)] btm_ble_process_adv_addr: bda=7c:b8:fa:2f:d7:35
09-01 14:40:51.081 V/bt_stack( 8588): [VERBOSE1:btm_ble_gap.cc(2052)]  Waiting for scan response 7c:b8:fa:2f:d7:35
09-01 14:40:51.081 V/bt_stack( 8588): [VERBOSE1:btm_ble_gap.cc(1923)] btm_ble_process_ext_adv_pkt: bda=38:f9:d3:45:87:1e
09-01 14:40:51.081 V/bt_stack( 8588): [VERBOSE1:btm_ble_gap.cc(1847)] btm_ble_process_adv_addr: bda=38:f9:d3:45:87:1e
09-01 14:40:51.081 V/bt_stack( 8588): [VERBOSE1:btm_ble_gap.cc(2052)]  Waiting for scan response 38:f9:d3:45:87:1e
09-01 14:40:51.081 V/bt_stack( 8588): [VERBOSE1:btm_ble_gap.cc(1923)] btm_ble_process_ext_adv_pkt: bda=38:f9:d3:45:87:1e
09-01 14:40:51.081 V/bt_stack( 8588): [VERBOSE1:btm_ble_gap.cc(1847)] btm_ble_process_adv_addr: bda=38:f9:d3:45:87:1e
09-01 14:40:51.082 D/BluetoothUtils( 8588): blockedByLocationOff callingUid=1002
09-01 14:40:51.082 I/BluetoothUtils( 8588): packagename is android.uid.bluetooth:1002 ,and its permission is false
09-01 14:40:51.082 D/BluetoothUtils( 8588): blockedByLocationOff callingUid=1002
09-01 14:40:51.083 I/BluetoothUtils( 8588): packagename is android.uid.bluetooth:1002 ,and its permission is false
09-01 14:40:51.083 D/BluetoothUtils( 8588): blockedByLocationOff callingUid=1002
09-01 14:40:51.083 W/AsyncHttpResponse(13415): Current thread has not called Looper.prepare().Forcing synchronous mode
09-01 14:40:51.083 I/BluetoothUtils( 8588): packagename is android.uid.bluetooth:1002 ,and its permission is false
09-01 14:40:51.093 V/bt_stack( 8588): [VERBOSE1:btm_ble_gap.cc(1923)] btm_ble_process_ext_adv_pkt: bda=51:d1:5c:e7:f2:93
09-01 14:40:51.093 V/bt_stack( 8588): [VERBOSE1:btm_ble_gap.cc(1847)] btm_ble_process_adv_addr: bda=51:d1:5c:e7:f2:93
09-01 14:40:51.093 V/bt_stack( 8588): [VERBOSE1:btm_ble_gap.cc(2052)]  Waiting for scan response 51:d1:5c:e7:f2:93
09-01 14:40:51.093 V/bt_stack( 8588): [VERBOSE1:btm_ble_gap.cc(1923)] btm_ble_process_ext_adv_pkt: bda=46:25:ff:ec:21:0b
09-01 14:40:51.093 V/bt_stack( 8588): [VERBOSE1:btm_ble_gap.cc(1847)] btm_ble_process_adv_addr: bda=46:25:ff:ec:21:0b
09-01 14:40:51.093 V/bt_stack( 8588): [VERBOSE1:btm_ble_gap.cc(2052)]  Waiting for scan response 46:25:ff:ec:21:0b
09-01 14:40:51.093 V/bt_stack( 8588): [VERBOSE1:btm_ble_gap.cc(1923)] btm_ble_process_ext_adv_pkt: bda=46:25:ff:ec:21:0b
09-01 14:40:51.093 V/bt_stack( 8588): [VERBOSE1:btm_ble_gap.cc(1847)] btm_ble_process_adv_addr: bda=46:25:ff:ec:21:0b
09-01 14:40:51.094 D/BluetoothUtils( 8588): blockedByLocationOff callingUid=1002
09-01 14:40:51.095 I/BluetoothUtils( 8588): packagename is android.uid.bluetooth:1002 ,and its permission is false
09-01 14:40:51.095 D/BluetoothUtils( 8588): blockedByLocationOff callingUid=1002
09-01 14:40:51.095 I/BluetoothUtils( 8588): packagename is android.uid.bluetooth:1002 ,and its permission is false
09-01 14:40:51.095 D/BluetoothUtils( 8588): blockedByLocationOff callingUid=1002
09-01 14:40:51.095 I/BluetoothUtils( 8588): packagename is android.uid.bluetooth:1002 ,and its permission is false
09-01 14:40:51.097 V/bt_stack( 8588): [VERBOSE1:btm_ble_gap.cc(1923)] btm_ble_process_ext_adv_pkt: bda=56:e4:da:79:d5:88
09-01 14:40:51.097 V/bt_stack( 8588): [VERBOSE1:btm_ble_gap.cc(1847)] btm_ble_process_adv_addr: bda=56:e4:da:79:d5:88
09-01 14:40:51.097 V/bt_stack( 8588): [VERBOSE1:btm_ble_gap.cc(2052)]  Waiting for scan response 56:e4:da:79:d5:88
09-01 14:40:51.097 V/bt_stack( 8588): [VERBOSE1:btm_ble_gap.cc(1923)] btm_ble_process_ext_adv_pkt: bda=56:e4:da:79:d5:88
09-01 14:40:51.097 V/bt_stack( 8588): [VERBOSE1:btm_ble_gap.cc(1847)] btm_ble_process_adv_addr: bda=56:e4:da:79:d5:88
09-01 14:40:51.098 D/BluetoothUtils( 8588): blockedByLocationOff callingUid=1002
09-01 14:40:51.098 I/BluetoothUtils( 8588): packagename is android.uid.bluetooth:1002 ,and its permission is false
09-01 14:40:51.098 D/BluetoothUtils( 8588): blockedByLocationOff callingUid=1002
09-01 14:40:51.098 I/BluetoothUtils( 8588): packagename is android.uid.bluetooth:1002 ,and its permission is false
09-01 14:40:51.099 D/BluetoothUtils( 8588): blockedByLocationOff callingUid=1002
09-01 14:40:51.099 I/BluetoothUtils( 8588): packagename is android.uid.bluetooth:1002 ,and its permission is false
09-01 14:40:51.101 V/bt_stack( 8588): [VERBOSE1:btm_ble_gap.cc(1923)] btm_ble_process_ext_adv_pkt: bda=66:3e:07:e0:2b:d4
09-01 14:40:51.101 V/bt_stack( 8588): [VERBOSE1:btm_ble_gap.cc(1847)] btm_ble_process_adv_addr: bda=66:3e:07:e0:2b:d4
09-01 14:40:51.101 V/bt_stack( 8588): [VERBOSE1:btm_ble_gap.cc(2052)]  Waiting for scan response 66:3e:07:e0:2b:d4
09-01 14:40:51.101 V/bt_stack( 8588): [VERBOSE1:btm_ble_gap.cc(1923)] btm_ble_process_ext_adv_pkt: bda=66:3e:07:e0:2b:d4
09-01 14:40:51.101 V/bt_stack( 8588): [VERBOSE1:btm_ble_gap.cc(1847)] btm_ble_process_adv_addr: bda=66:3e:07:e0:2b:d4
09-01 14:40:51.101 D/BluetoothUtils( 8588): blockedByLocationOff callingUid=1002
09-01 14:40:51.101 I/BluetoothUtils( 8588): packagename is android.uid.bluetooth:1002 ,and its permission is false
09-01 14:40:51.102 D/BluetoothUtils( 8588): blockedByLocationOff callingUid=1002
09-01 14:40:51.102 I/BluetoothUtils( 8588): packagename is android.uid.bluetooth:1002 ,and its permission is false
09-01 14:40:51.102 D/BluetoothUtils( 8588): blockedByLocationOff callingUid=1002
09-01 14:40:51.102 I/BluetoothUtils( 8588): packagename is android.uid.bluetooth:1002 ,and its permission is false
09-01 14:40:51.116 V/bt_stack( 8588): [VERBOSE1:btm_ble_gap.cc(1923)] btm_ble_process_ext_adv_pkt: bda=6b:b4:0f:63:00:12
09-01 14:40:51.116 V/bt_stack( 8588): [VERBOSE1:btm_ble_gap.cc(1847)] btm_ble_process_adv_addr: bda=6b:b4:0f:63:00:12
09-01 14:40:51.116 V/bt_stack( 8588): [VERBOSE1:btm_ble_gap.cc(2052)]  Waiting for scan response 6b:b4:0f:63:00:12
