09-01 14:40:45.101 D/[Koin]  (13415): bind type:'com.huami.nfc.door.O00000o0' ~ [type:Factory,primary_type:'com.huami.nfc.door.O00000o0']
09-01 14:40:45.101 D/[Koin]  (13415): bind type:'com.huami.nfc.O00000Oo.O0000o0' ~ [type:Single,primary_type:'com.huami.nfc.O00000Oo.O0000o0']
09-01 14:40:45.101 D/[Koin]  (13415): bind type:'com.huami.nfc.door.service.AccessDoorServer' ~ [type:Single,primary_type:'com.huami.nfc.door.service.AccessDoorServer']
09-01 14:40:45.101 D/[Koin]  (13415): bind type:'com.huami.nfc.door.O000000o.O00000o0' ~ [type:Single,primary_type:'com.huami.nfc.door.O000000o.O00000o0']
09-01 14:40:45.101 D/[Koin]  (13415): bind type:'com.huami.nfc.door.O000000o.O00000o' ~ [type:Single,primary_type:'com.huami.nfc.door.O000000o.O00000o']
09-01 14:40:45.101 D/[Koin]  (13415): bind type:'com.huami.nfc.web.O0000o' ~ [type:Single,primary_type:'com.huami.nfc.web.O0000o']
09-01 14:40:45.101 D/[Koin]  (13415): bind type:'O0000Oo0.O000O0OO' ~ [type:Single,primary_type:'O0000Oo0.O000O0OO']
09-01 14:40:45.101 D/[Koin]  (13415): bind type:'com.huami.nfc.web.server.ProtocolServer' ~ [type:Single,primary_type:'com.huami.nfc.web.server.ProtocolServer']
09-01 14:40:45.101 D/[Koin]  (13415): bind type:'com.huami.nfc.web.server.InitRequestServer' ~ [type:Single,primary_type:'com.huami.nfc.web.server.InitRequestServer']
09-01 14:40:45.101 D/[Koin]  (13415): bind type:'com.huami.nfc.web.O000O0o0' ~ [type:Single,primary_type:'com.huami.nfc.web.O000O0o0']
09-01 14:40:45.101 D/[Koin]  (13415): bind type:'com.huami.nfc.web.O000O00o' ~ [type:Single,primary_type:'com.huami.nfc.web.O000O00o']
09-01 14:40:45.101 D/[Koin]  (13415): bind type:'com.huami.nfc.web.http.O00000o0' ~ [type:Single,primary_type:'com.huami.nfc.web.http.O00000o0']
09-01 14:40:45.101 D/[Koin]  (13415): bind type:'com.huami.nfc.bus.service.HuamiService' ~ [type:Single,primary_type:'com.huami.nfc.bus.service.HuamiService']
09-01 14:40:45.101 D/[Koin]  (13415): bind type:'com.huami.nfc.bus.service.SnowballService' ~ [type:Single,primary_type:'com.huami.nfc.bus.service.SnowballService']
09-01 14:40:45.101 D/[Koin]  (13415): bind type:'com.huami.nfc.bus.service.XiaomiService' ~ [type:Single,primary_type:'com.huami.nfc.bus.service.XiaomiService']
09-01 14:40:45.101 D/[Koin]  (13415): bind type:'com.huami.nfc.bus.O000000o.O000000o' ~ [type:Single,primary_type:'com.huami.nfc.bus.O000000o.O000000o']
09-01 14:40:45.101 D/[Koin]  (13415): bind type:'com.huami.nfc.bus.O000000o.O0000O0o' ~ [type:Single,primary_type:'com.huami.nfc.bus.O000000o.O0000O0o']
09-01 14:40:45.101 D/[Koin]  (13415): bind type:'com.huami.nfc.bus.O000000o.O00000o0' ~ [type:Single,primary_type:'com.huami.nfc.bus.O000000o.O00000o0']
09-01 14:40:45.101 D/[Koin]  (13415): bind type:'com.huami.nfc.ble.O0000O0o' ~ [type:Single,primary_type:'com.huami.nfc.ble.O0000O0o']
09-01 14:40:45.101 D/[Koin]  (13415): bind type:'com.huami.nfc.ble.O00000o' ~ [type:Single,primary_type:'com.huami.nfc.ble.O00000o']
09-01 14:40:45.101 D/[Koin]  (13415): bind type:'com.huami.nfc.web.O00oOooO' ~ [type:Single,primary_type:'com.huami.nfc.web.O00oOooO']
09-01 14:40:45.101 D/[Koin]  (13415): bind type:'com.huami.nfc.O00000o0.O00000Oo' ~ [type:Single,primary_type:'com.huami.nfc.O00000o0.O00000Oo']
09-01 14:40:45.101 D/[Koin]  (13415): bind type:'com.huami.nfc.web.O000OO0o' ~ [type:Single,primary_type:'com.huami.nfc.web.O000OO0o']
09-01 14:40:45.101 D/[Koin]  (13415): bind type:'com.huami.nfc.web.O000o000' ~ [type:Single,primary_type:'com.huami.nfc.web.O000o000']
09-01 14:40:45.102 D/[Koin]  (13415): bind type:'com.huami.wallet.O000000o.O00000Oo.O00000o' ~ [type:Single,primary_type:'com.huami.wallet.O000000o.O00000Oo.O00000o']
09-01 14:40:45.102 D/[Koin]  (13415): bind type:'com.unionpay.tsmservice.blesdk.O000000o' ~ [type:Single,primary_type:'com.unionpay.tsmservice.blesdk.O000000o']
09-01 14:40:45.102 D/[Koin]  (13415): bind type:'com.huami.wallet.O000000o.O000000o.O000000o' ~ [type:Single,primary_type:'com.huami.wallet.O000000o.O000000o.O000000o']
09-01 14:40:45.102 D/[Koin]  (13415): bind type:'com.huami.nfc.O00000o.O000000o.O00000Oo' ~ [type:Single,primary_type:'com.huami.nfc.O00000o.O000000o.O00000Oo']
09-01 14:40:45.102 D/[Koin]  (13415): bind type:'com.huami.wallet.ui.O0000o0.O00000o0' ~ [type:Factory,primary_type:'com.huami.wallet.ui.O0000o0.O00000o0']
09-01 14:40:45.102 D/[Koin]  (13415): bind type:'com.huami.wallet.ui.O0000o0.O00000o' ~ [type:Factory,primary_type:'com.huami.wallet.ui.O0000o0.O00000o']
09-01 14:40:45.102 D/[Koin]  (13415): bind type:'com.huami.wallet.ui.O0000o0.O0000O0o' ~ [type:Factory,primary_type:'com.huami.wallet.ui.O0000o0.O0000O0o']
09-01 14:40:45.102 D/[Koin]  (13415): bind type:'com.huami.wallet.ui.O0000o0.O0000OOo' ~ [type:Factory,primary_type:'com.huami.wallet.ui.O0000o0.O0000OOo']
09-01 14:40:45.102 D/[Koin]  (13415): bind type:'com.huami.wallet.ui.O0000o0.O0000Oo0' ~ [type:Factory,primary_type:'com.huami.wallet.ui.O0000o0.O0000Oo0']
09-01 14:40:45.102 D/[Koin]  (13415): bind type:'com.huami.wallet.ui.O0000o0.O0000Oo' ~ [type:Factory,primary_type:'com.huami.wallet.ui.O0000o0.O0000Oo']
09-01 14:40:45.102 D/[Koin]  (13415): bind type:'com.huami.wallet.ui.O0000o0.O0000o00' ~ [type:Factory,primary_type:'com.huami.wallet.ui.O0000o0.O0000o00']
09-01 14:40:45.102 D/[Koin]  (13415): bind type:'com.huami.wallet.ui.O0000o0.O0000o' ~ [type:Factory,primary_type:'com.huami.wallet.ui.O0000o0.O0000o']
09-01 14:40:45.102 D/[Koin]  (13415): bind type:'com.huami.wallet.ui.O0000o0.O00oOooO' ~ [type:Factory,primary_type:'com.huami.wallet.ui.O0000o0.O00oOooO']
09-01 14:40:45.102 D/[Koin]  (13415): bind type:'com.huami.wallet.ui.O0000o0.O000O00o' ~ [type:Factory,primary_type:'com.huami.wallet.ui.O0000o0.O000O00o']
09-01 14:40:45.102 D/[Koin]  (13415): bind type:'com.huami.wallet.ui.O0000o0.O000O0OO' ~ [type:Factory,primary_type:'com.huami.wallet.ui.O0000o0.O000O0OO']
09-01 14:40:45.102 D/[Koin]  (13415): bind type:'com.huami.wallet.ui.O0000o0.O000O0o' ~ [type:Factory,primary_type:'com.huami.wallet.ui.O0000o0.O000O0o']
09-01 14:40:45.102 D/[Koin]  (13415): bind type:'com.huami.wallet.ui.O0000o0.O000OOOo' ~ [type:Factory,primary_type:'com.huami.wallet.ui.O0000o0.O000OOOo']
09-01 14:40:45.102 D/[Koin]  (13415): bind type:'com.huami.wallet.ui.O0000o0.O000OO0o' ~ [type:Factory,primary_type:'com.huami.wallet.ui.O0000o0.O000OO0o']
09-01 14:40:45.102 D/[Koin]  (13415): bind type:'com.huami.wallet.ui.O0000o0.O000OO' ~ [type:Factory,primary_type:'com.huami.wallet.ui.O0000o0.O000OO']
09-01 14:40:45.102 D/[Koin]  (13415): bind type:'com.huami.wallet.ui.O0000o0.O000O0o0' ~ [type:Factory,primary_type:'com.huami.wallet.ui.O0000o0.O000O0o0']
09-01 14:40:45.102 D/[Koin]  (13415): bind type:'com.huami.wallet.ui.O0000o0.O000OO00' ~ [type:Factory,primary_type:'com.huami.wallet.ui.O0000o0.O000OO00']
09-01 14:40:45.102 D/[Koin]  (13415): bind type:'com.huami.wallet.ui.O0000o0.O0000o0' ~ [type:Factory,primary_type:'com.huami.wallet.ui.O0000o0.O0000o0']
09-01 14:40:45.102 D/[Koin]  (13415): bind type:'com.huami.wallet.ui.O0000Oo0.O000000o' ~ [type:Single,primary_type:'com.huami.wallet.ui.O0000Oo0.O000000o']
09-01 14:40:45.102 D/[Koin]  (13415): bind type:'com.huami.wallet.ui.O00000Oo.O00000o0' ~ [type:Single,primary_type:'com.huami.wallet.ui.O00000Oo.O00000o0']
09-01 14:40:45.102 D/[Koin]  (13415): bind type:'com.huami.wallet.ui.O0000OoO.O0000o00' ~ [type:Single,primary_type:'com.huami.wallet.ui.O0000OoO.O0000o00']
09-01 14:40:45.102 D/[Koin]  (13415): bind type:'com.huami.wallet.ui.O0000OoO.O0000o0' ~ [type:Single,primary_type:'com.huami.wallet.ui.O0000OoO.O0000o0']
09-01 14:40:45.102 D/[Koin]  (13415): bind type:'com.huami.wallet.ui.O0000OoO.O000O00o' ~ [type:Single,primary_type:'com.huami.wallet.ui.O0000OoO.O000O00o']
09-01 14:40:45.102 D/[Koin]  (13415): bind type:'com.huami.wallet.ui.O0000OoO.O00oOooO' ~ [type:Single,primary_type:'com.huami.wallet.ui.O0000OoO.O00oOooO']
09-01 14:40:45.102 D/[Koin]  (13415): bind type:'com.huami.wallet.ui.O0000OoO.O0000o' ~ [type:Single,primary_type:'com.huami.wallet.ui.O0000OoO.O0000o']
09-01 14:40:45.102 D/[Koin]  (13415): bind type:'com.huami.wallet.accessdoor.O00000Oo.O0000O0o' ~ [type:Single,primary_type:'com.huami.wallet.accessdoor.O00000Oo.O0000O0o']
09-01 14:40:45.103 D/[Koin]  (13415): bind qualifier:'DOOR_CONFIG_APP_NAME' ~ [type:Factory,name:'DOOR_CONFIG_APP_NAME', primary_type:'java.lang.String']
09-01 14:40:45.103 D/[Koin]  (13415): bind type:'com.huami.wallet.accessdoor.O00000Oo.O00000o0.O000000o' ~ [type:Single,primary_type:'com.huami.wallet.accessdoor.O00000Oo.O00000o0.O000000o']
09-01 14:40:45.103 D/[Koin]  (13415): bind type:'com.huami.wallet.accessdoor.O0000Oo0.O0000OOo' ~ [type:Factory,primary_type:'com.huami.wallet.accessdoor.O0000Oo0.O0000OOo']
09-01 14:40:45.103 D/[Koin]  (13415): bind type:'com.huami.wallet.accessdoor.O0000Oo0.O000000o' ~ [type:Factory,primary_type:'com.huami.wallet.accessdoor.O0000Oo0.O000000o']
09-01 14:40:45.103 D/[Koin]  (13415): bind type:'com.huami.wallet.accessdoor.O0000Oo0.O00000Oo' ~ [type:Factory,primary_type:'com.huami.wallet.accessdoor.O0000Oo0.O00000Oo']
09-01 14:40:45.103 D/[Koin]  (13415): bind type:'com.huami.wallet.accessdoor.O0000Oo0.O0000O0o' ~ [type:Factory,primary_type:'com.huami.wallet.accessdoor.O0000Oo0.O0000O0o']
09-01 14:40:45.103 D/[Koin]  (13415): bind type:'com.huami.wallet.accessdoor.O0000Oo0.O0000Oo0' ~ [type:Factory,primary_type:'com.huami.wallet.accessdoor.O0000Oo0.O0000Oo0']
09-01 14:40:45.103 D/[Koin]  (13415): bind type:'com.huami.wallet.accessdoor.O0000Oo0.O0000Oo' ~ [type:Factory,primary_type:'com.huami.wallet.accessdoor.O0000Oo0.O0000Oo']
09-01 14:40:45.103 D/[Koin]  (13415): bind type:'com.huami.wallet.accessdoor.O0000Oo0.O0000o00' ~ [type:Factory,primary_type:'com.huami.wallet.accessdoor.O0000Oo0.O0000o00']
09-01 14:40:45.103 D/[Koin]  (13415): bind type:'com.huami.wallet.accessdoor.O0000Oo0.O00oOooO' ~ [type:Factory,primary_type:'com.huami.wallet.accessdoor.O0000Oo0.O00oOooO']
09-01 14:40:45.103 D/[Koin]  (13415): bind type:'com.huami.wallet.accessdoor.O0000Oo0.O000O00o' ~ [type:Factory,primary_type:'com.huami.wallet.accessdoor.O0000Oo0.O000O00o']
09-01 14:40:45.103 D/[Koin]  (13415): bind type:'com.huami.wallet.accessdoor.O0000Oo0.O000O0o' ~ [type:Factory,primary_type:'com.huami.wallet.accessdoor.O0000Oo0.O000O0o']
09-01 14:40:45.103 D/[Koin]  (13415): bind type:'com.huami.wallet.accessdoor.O0000Oo0.O000O0OO' ~ [type:Factory,primary_type:'com.huami.wallet.accessdoor.O0000Oo0.O000O0OO']
09-01 14:40:45.103 D/[Koin]  (13415): bind type:'com.huami.wallet.accessdoor.O0000Oo0.O0000o0' ~ [type:Factory,primary_type:'com.huami.wallet.accessdoor.O0000Oo0.O0000o0']
09-01 14:40:45.103 D/[Koin]  (13415): bind type:'com.huami.wallet.accessdoor.O0000Oo0.O000O0o0' ~ [type:Factory,primary_type:'com.huami.wallet.accessdoor.O0000Oo0.O000O0o0']
09-01 14:40:45.103 D/[Koin]  (13415): bind type:'com.huami.wallet.accessdoor.O0000Oo0.O000OO00' ~ [type:Factory,primary_type:'com.huami.wallet.accessdoor.O0000Oo0.O000OO00']
09-01 14:40:45.103 D/[Koin]  (13415): bind type:'com.huami.message.ui.O00000Oo.O00000o' ~ [type:Factory,primary_type:'com.huami.message.ui.O00000Oo.O00000o']
09-01 14:40:45.103 D/[Koin]  (13415): bind type:'com.huami.message.O0000OoO.O0000Oo' ~ [type:Factory,primary_type:'com.huami.message.O0000OoO.O0000Oo']
09-01 14:40:45.103 D/[Koin]  (13415): bind type:'com.huami.message.ui.submessage.O0000OOo' ~ [type:Factory,primary_type:'com.huami.message.ui.submessage.O0000OOo']
09-01 14:40:45.103 D/[Koin]  (13415): bind type:'com.huami.message.ui.O00000o0.O0000OOo' ~ [type:Factory,primary_type:'com.huami.message.ui.O00000o0.O0000OOo']
09-01 14:40:45.103 D/[Koin]  (13415): bind type:'com.huami.message.O0000OOo.O0000O0o' ~ [type:Factory,primary_type:'com.huami.message.O0000OOo.O0000O0o']
09-01 14:40:45.103 D/[Koin]  (13415): bind type:'com.huami.message.O0000OOo.O0000OOo' ~ [type:Factory,primary_type:'com.huami.message.O0000OOo.O0000OOo']
09-01 14:40:45.103 D/[Koin]  (13415): bind type:'com.huami.message.O0000OOo.O000000o' ~ [type:Factory,primary_type:'com.huami.message.O0000OOo.O000000o']
09-01 14:40:45.103 D/[Koin]  (13415): bind type:'com.huami.sleepassistant.lib.O0000OOo.O0000O0o' ~ [type:Factory,primary_type:'com.huami.sleepassistant.lib.O0000OOo.O0000O0o']
09-01 14:40:45.103 D/[Koin]  (13415): bind type:'com.huami.sleepassistant.lib.O0000OOo.O00000Oo' ~ [type:Factory,primary_type:'com.huami.sleepassistant.lib.O0000OOo.O00000Oo']
09-01 14:40:45.103 D/[Koin]  (13415): bind type:'com.huami.sleepassistant.lib.O0000OOo.O0000OOo' ~ [type:Factory,primary_type:'com.huami.sleepassistant.lib.O0000OOo.O0000OOo']
09-01 14:40:45.103 D/[Koin]  (13415): bind type:'com.huami.sleepassistant.lib.O0000OOo.O00000o' ~ [type:Factory,primary_type:'com.huami.sleepassistant.lib.O0000OOo.O00000o']
09-01 14:40:45.103 D/[Koin]  (13415): bind type:'com.huami.sleepassistant.lib.O0000OOo.O000000o' ~ [type:Factory,primary_type:'com.huami.sleepassistant.lib.O0000OOo.O000000o']
09-01 14:40:45.104 D/[Koin]  (13415): bind type:'com.huami.sleepassistant.lib.ui.temperament.O00000o.O00000Oo' ~ [type:Factory,primary_type:'com.huami.sleepassistant.lib.ui.temperament.O00000o.O00000Oo']
09-01 14:40:45.104 D/[Koin]  (13415): bind type:'com.huami.sleepassistant.lib.ui.temperament.O00000Oo.O0000Oo' ~ [type:Factory,primary_type:'com.huami.sleepassistant.lib.ui.temperament.O00000Oo.O0000Oo']
09-01 14:40:45.104 D/[Koin]  (13415): bind type:'com.huami.sleepassistant.lib.ui.temperament.media.O000000o' ~ [type:Factory,primary_type:'com.huami.sleepassistant.lib.ui.temperament.media.O000000o']
09-01 14:40:45.104 D/[Koin]  (13415): bind type:'com.huami.sleepassistant.lib.ui.temperament.sort.O0000O0o' ~ [type:Factory,primary_type:'com.huami.sleepassistant.lib.ui.temperament.sort.O0000O0o']
09-01 14:40:45.104 D/[Koin]  (13415): bind type:'com.huami.sleepassistant.lib.ui.breathe.begins.O000000o' ~ [type:Factory,primary_type:'com.huami.sleepassistant.lib.ui.breathe.begins.O000000o']
09-01 14:40:45.104 D/[Koin]  (13415): bind type:'com.xiaomi.hm.health.healthdata.viewmodel.NapSleepDayViewModel' ~ [type:Factory,primary_type:'com.xiaomi.hm.health.healthdata.viewmodel.NapSleepDayViewModel']
09-01 14:40:45.104 D/[Koin]  (13415): bind type:'com.xiaomi.hm.health.healthdata.viewmodel.NapSleepWeekViewModel' ~ [type:Factory,primary_type:'com.xiaomi.hm.health.healthdata.viewmodel.NapSleepWeekViewModel']
09-01 14:40:45.104 D/[Koin]  (13415): bind type:'com.xiaomi.hm.health.healthdata.viewmodel.NapSleepMonthViewModel' ~ [type:Factory,primary_type:'com.xiaomi.hm.health.healthdata.viewmodel.NapSleepMonthViewModel']
09-01 14:40:45.104 D/[Koin]  (13415): bind type:'com.xiaomi.hm.health.healthdata.viewmodel.NapSleepYearViewModel' ~ [type:Factory,primary_type:'com.xiaomi.hm.health.healthdata.viewmodel.NapSleepYearViewModel']
09-01 14:40:45.104 D/[Koin]  (13415): bind type:'com.xiaomi.hm.health.healthdata.viewmodel.StatisticsMonthAndWeekViewModel' ~ [type:Factory,primary_type:'com.xiaomi.hm.health.healthdata.viewmodel.StatisticsMonthAndWeekViewModel']
09-01 14:40:45.104 D/[Koin]  (13415): bind type:'com.huami.stress.domain.O00000oO.O00000o0' ~ [type:Factory,primary_type:'com.huami.stress.domain.O00000oO.O00000o0']
09-01 14:40:45.104 D/[Koin]  (13415): bind type:'com.huami.stress.domain.O00000oO.O00000o' ~ [type:Factory,primary_type:'com.huami.stress.domain.O00000oO.O00000o']
09-01 14:40:45.104 D/[Koin]  (13415): bind type:'com.huami.stress.domain.O00000oO.O0000Oo' ~ [type:Factory,primary_type:'com.huami.stress.domain.O00000oO.O0000Oo']
09-01 14:40:45.104 D/[Koin]  (13415): bind type:'com.huami.stress.domain.O00000oO.O0000o00' ~ [type:Factory,primary_type:'com.huami.stress.domain.O00000oO.O0000o00']
09-01 14:40:45.104 D/[Koin]  (13415): bind type:'com.huami.stress.domain.O00000oO.O0000o0' ~ [type:Factory,primary_type:'com.huami.stress.domain.O00000oO.O0000o0']
09-01 14:40:45.104 D/[Koin]  (13415): bind type:'com.huami.stress.domain.O00000oO.O000O00o' ~ [type:Factory,primary_type:'com.huami.stress.domain.O00000oO.O000O00o']
09-01 14:40:45.104 D/[Koin]  (13415): bind type:'com.huami.stress.domain.O00000oO.O000O0OO' ~ [type:Factory,primary_type:'com.huami.stress.domain.O00000oO.O000O0OO']
09-01 14:40:45.104 D/[Koin]  (13415): bind type:'com.huami.stress.domain.O00000oO.O0000Oo0' ~ [type:Factory,primary_type:'com.huami.stress.domain.O00000oO.O0000Oo0']
09-01 14:40:45.104 D/[Koin]  (13415): bind type:'com.huami.stress.domain.O00000oO.O0000O0o' ~ [type:Factory,primary_type:'com.huami.stress.domain.O00000oO.O0000O0o']
09-01 14:40:45.104 D/[Koin]  (13415): bind type:'com.huami.stress.domain.O00000oO.O000000o.O000000o' ~ [type:Factory,primary_type:'com.huami.stress.domain.O00000oO.O000000o.O000000o']
09-01 14:40:45.104 D/[Koin]  (13415): bind type:'com.huami.stress.mifit.ui.O00000o' ~ [type:Factory,primary_type:'com.huami.stress.mifit.ui.O00000o']
09-01 14:40:45.104 D/[Koin]  (13415): bind type:'com.huami.stress.mifit.ui.O00000Oo' ~ [type:Factory,primary_type:'com.huami.stress.mifit.ui.O00000Oo']
09-01 14:40:45.104 D/[Koin]  (13415): bind type:'com.huami.stress.mifit.O000000o.O000000o' ~ [type:Factory,primary_type:'com.huami.stress.mifit.O000000o.O000000o']
09-01 14:40:45.104 D/[Koin]  (13415): bind type:'com.huami.stress.domain.O00000o.O000000o' ~ [type:Factory,primary_type:'com.huami.stress.domain.O00000o.O000000o']
09-01 14:40:45.104 D/[Koin]  (13415): bind type:'com.huami.stress.domain.data.O00000Oo.O000000o' ~ [type:Single,primary_type:'com.huami.stress.domain.data.O00000Oo.O000000o']
09-01 14:40:45.104 D/[Koin]  (13415): bind type:'com.huami.stress.domain.data.O00000o0.O00000Oo' ~ [type:Single,primary_type:'com.huami.stress.domain.data.O00000o0.O00000Oo']
09-01 14:40:45.104 D/[Koin]  (13415): bind type:'com.huami.femalehealth.uilib.O00000o0.O0000Oo' ~ [type:Factory,primary_type:'com.huami.femalehealth.uilib.O00000o0.O0000Oo']
09-01 14:40:45.104 D/[Koin]  (13415): bind type:'com.huami.femalehealth.uilib.O00000o0.O00000o0' ~ [type:Single,primary_type:'com.huami.femalehealth.uilib.O00000o0.O00000o0']
09-01 14:40:45.104 D/[Koin]  (13415): bind type:'com.huami.femalehealth.logiclib.O00000Oo.O00000o' ~ [type:Factory,primary_type:'com.huami.femalehealth.logiclib.O00000Oo.O00000o']
09-01 14:40:45.104 D/[Koin]  (13415): bind type:'com.huami.femalehealth.logiclib.O0000O0o.O0000OOo' ~ [type:Factory,primary_type:'com.huami.femalehealth.logiclib.O0000O0o.O0000OOo']
09-01 14:40:45.104 D/[Koin]  (13415): bind type:'com.huami.femalehealth.logiclib.O0000O0o.O00000Oo' ~ [type:Factory,primary_type:'com.huami.femalehealth.logiclib.O0000O0o.O00000Oo']
09-01 14:40:45.104 D/[Koin]  (13415): bind type:'com.huami.femalehealth.logiclib.O0000O0o.O000000o' ~ [type:Factory,primary_type:'com.huami.femalehealth.logiclib.O0000O0o.O000000o']
09-01 14:40:45.104 D/[Koin]  (13415): bind type:'com.huami.femalehealth.logiclib.O0000O0o.O00000o' ~ [type:Factory,primary_type:'com.huami.femalehealth.logiclib.O0000O0o.O00000o']
09-01 14:40:45.105 D/[Koin]  (13415): bind type:'com.huami.femalehealth.logiclib.O0000O0o.O0000O0o' ~ [type:Factory,primary_type:'com.huami.femalehealth.logiclib.O0000O0o.O0000O0o']
09-01 14:40:45.105 D/[Koin]  (13415): bind type:'com.huami.femalehealth.uilib.O00000Oo' ~ [type:Factory,primary_type:'com.huami.femalehealth.uilib.O00000Oo']
09-01 14:40:45.105 D/[Koin]  (13415): bind type:'com.huami.femalehealth.uilib.ui.O00000Oo' ~ [type:Factory,primary_type:'com.huami.femalehealth.uilib.ui.O00000Oo']
09-01 14:40:45.105 D/[Koin]  (13415): bind type:'com.huami.femalehealth.uilib.viewmodel.FemaleHealthViewModel' ~ [type:Factory,primary_type:'com.huami.femalehealth.uilib.viewmodel.FemaleHealthViewModel']
09-01 14:40:45.105 D/[Koin]  (13415): bind type:'com.huami.femalehealth.uilib.viewmodel.MenstruationHistoryViewModel' ~ [type:Factory,primary_type:'com.huami.femalehealth.uilib.viewmodel.MenstruationHistoryViewModel']
09-01 14:40:45.105 D/[Koin]  (13415): bind type:'com.huami.femalehealth.uilib.viewmodel.MenstruationHistoryDetailViewModel' ~ [type:Factory,primary_type:'com.huami.femalehealth.uilib.viewmodel.MenstruationHistoryDetailViewModel']
09-01 14:40:45.105 D/[Koin]  (13415): bind type:'com.huami.femalehealth.uilib.viewmodel.TrainingViewModel' ~ [type:Factory,primary_type:'com.huami.femalehealth.uilib.viewmodel.TrainingViewModel']
09-01 14:40:45.105 D/[Koin]  (13415): bind type:'com.huami.femalehealth.uilib.viewmodel.StatusViewModel' ~ [type:Factory,primary_type:'com.huami.femalehealth.uilib.viewmodel.StatusViewModel']
09-01 14:40:45.105 D/[Koin]  (13415): bind type:'com.huami.femalehealth.uilib.viewmodel.SettingViewModel' ~ [type:Factory,primary_type:'com.huami.femalehealth.uilib.viewmodel.SettingViewModel']
09-01 14:40:45.105 D/[Koin]  (13415): bind type:'com.huami.femalehealth.uilib.viewmodel.FemaleMifitViewModel' ~ [type:Factory,primary_type:'com.huami.femalehealth.uilib.viewmodel.FemaleMifitViewModel']
09-01 14:40:45.105 D/[Koin]  (13415): bind type:'com.huami.femalehealth.uilib.viewmodel.EditDetailViewModel' ~ [type:Factory,primary_type:'com.huami.femalehealth.uilib.viewmodel.EditDetailViewModel']
09-01 14:40:45.105 D/[Koin]  (13415): bind type:'com.huami.femalehealth.logiclib.O00000Oo.O00000o0' ~ [type:Factory,primary_type:'com.huami.femalehealth.logiclib.O00000Oo.O00000o0']
09-01 14:40:45.105 D/[Koin]  (13415): bind type:'com.huami.worldclock.home.O00000o' ~ [type:Factory,primary_type:'com.huami.worldclock.home.O00000o']
09-01 14:40:45.105 D/[Koin]  (13415): bind type:'com.huami.worldclock.add.O00000o' ~ [type:Factory,primary_type:'com.huami.worldclock.add.O00000o']
09-01 14:40:45.105 D/[Koin]  (13415): bind type:'com.huami.worldclock.O00000o.O00000o0' ~ [type:Single,primary_type:'com.huami.worldclock.O00000o.O00000o0']
09-01 14:40:45.105 D/[Koin]  (13415): bind type:'com.xiaomi.hm.health.O0000OOo.O00000o0.O000000o' ~ [type:Single,primary_type:'com.xiaomi.hm.health.O0000OOo.O00000o0.O000000o']
09-01 14:40:45.105 D/[Koin]  (13415): bind qualifier:'MASTER_CONFIG_APP_NAME' ~ [type:Factory,name:'MASTER_CONFIG_APP_NAME', primary_type:'java.lang.String']
09-01 14:40:45.105 D/[Koin]  (13415): bind type:'com.huami.mastercard.ui.mifit.O0000O0o.O0000Oo' ~ [type:Factory,primary_type:'com.huami.mastercard.ui.mifit.O0000O0o.O0000Oo']
09-01 14:40:45.105 D/[Koin]  (13415): bind type:'com.huami.mastercard.ui.mifit.O0000O0o.O0000O0o' ~ [type:Factory,primary_type:'com.huami.mastercard.ui.mifit.O0000O0o.O0000O0o']
09-01 14:40:45.105 D/[Koin]  (13415): bind type:'com.huami.mastercard.ui.mifit.O0000O0o.O0000o' ~ [type:Factory,primary_type:'com.huami.mastercard.ui.mifit.O0000O0o.O0000o']
09-01 14:40:45.105 D/[Koin]  (13415): bind type:'com.huami.mastercard.ui.mifit.O0000O0o.O00000Oo' ~ [type:Factory,primary_type:'com.huami.mastercard.ui.mifit.O0000O0o.O00000Oo']
09-01 14:40:45.105 D/[Koin]  (13415): bind type:'com.huami.mastercard.ui.mifit.O0000O0o.O0000o0' ~ [type:Factory,primary_type:'com.huami.mastercard.ui.mifit.O0000O0o.O0000o0']
09-01 14:40:45.105 D/[Koin]  (13415): bind type:'com.huami.mastercard.ui.mifit.O0000O0o.O00000o0' ~ [type:Factory,primary_type:'com.huami.mastercard.ui.mifit.O0000O0o.O00000o0']
09-01 14:40:45.105 D/[Koin]  (13415): bind type:'com.huami.mastercard.ui.mifit.O0000O0o.O0000OOo' ~ [type:Factory,primary_type:'com.huami.mastercard.ui.mifit.O0000O0o.O0000OOo']
09-01 14:40:45.105 D/[Koin]  (13415): bind type:'com.huami.mastercard.ui.mifit.O0000O0o.O000O0OO' ~ [type:Factory,primary_type:'com.huami.mastercard.ui.mifit.O0000O0o.O000O0OO']
09-01 14:40:45.105 D/[Koin]  (13415): bind type:'com.huami.mastercard.ui.mifit.O0000O0o.O00oOooO' ~ [type:Factory,primary_type:'com.huami.mastercard.ui.mifit.O0000O0o.O00oOooO']
09-01 14:40:45.105 D/[Koin]  (13415): bind type:'com.huami.mastercard.ui.mifit.O0000O0o.O000O00o' ~ [type:Factory,primary_type:'com.huami.mastercard.ui.mifit.O0000O0o.O000O00o']
09-01 14:40:45.105 D/[Koin]  (13415): bind type:'com.huami.mastercard.ui.mifit.O0000O0o.O0000o00' ~ [type:Factory,primary_type:'com.huami.mastercard.ui.mifit.O0000O0o.O0000o00']
09-01 14:40:45.105 D/[Koin]  (13415): bind type:'com.huami.mastercard.ui.mifit.O0000O0o.O00000o' ~ [type:Factory,primary_type:'com.huami.mastercard.ui.mifit.O0000O0o.O00000o']
09-01 14:40:45.105 D/[Koin]  (13415): bind type:'com.huami.mastercard.ui.mifit.O0000O0o.O000000o' ~ [type:Factory,primary_type:'com.huami.mastercard.ui.mifit.O0000O0o.O000000o']
09-01 14:40:45.105 D/[Koin]  (13415): bind type:'com.huami.mastercard.O000000o.O000000o.O00000o' ~ [type:Single,primary_type:'com.huami.mastercard.O000000o.O000000o.O00000o']
09-01 14:40:45.105 D/[Koin]  (13415): bind type:'com.huami.mastercard.O000000o.O000000o.O0000O0o' ~ [type:Single,primary_type:'com.huami.mastercard.O000000o.O000000o.O0000O0o']
09-01 14:40:45.105 D/[Koin]  (13415): bind type:'com.huami.mastercard.O000000o.O00000oo.O0000O0o' ~ [type:Single,primary_type:'com.huami.mastercard.O000000o.O00000oo.O0000O0o']
09-01 14:40:45.105 D/[Koin]  (13415): bind type:'com.huami.mastercard.O000000o.O00000oo.O0000OOo' ~ [type:Single,primary_type:'com.huami.mastercard.O000000o.O00000oo.O0000OOo']
09-01 14:40:45.105 D/[Koin]  (13415): bind type:'com.huami.mastercard.O000000o.O00000oo.O00000o0' ~ [type:Single,primary_type:'com.huami.mastercard.O000000o.O00000oo.O00000o0']
09-01 14:40:45.105 D/[Koin]  (13415): bind type:'com.huami.mastercard.O000000o.O00000oo.O0000Oo0' ~ [type:Single,primary_type:'com.huami.mastercard.O000000o.O00000oo.O0000Oo0']
09-01 14:40:45.106 D/[Koin]  (13415): bind type:'com.huami.mastercard.O000000o.O000000o.O000000o' ~ [type:Single,primary_type:'com.huami.mastercard.O000000o.O000000o.O000000o']
09-01 14:40:45.106 D/[Koin]  (13415): bind type:'com.huami.mastercard.O000000o.O000000o.O00000o0' ~ [type:Single,primary_type:'com.huami.mastercard.O000000o.O000000o.O00000o0']
09-01 14:40:45.106 D/[Koin]  (13415): bind type:'com.huami.mastercard.O000000o.O00000oo.O00000o' ~ [type:Single,primary_type:'com.huami.mastercard.O000000o.O00000oo.O00000o']
09-01 14:40:45.106 D/[Koin]  (13415): bind qualifier:'MASTER_DEVICE_PROVIDER' ~ [type:Single,name:'MASTER_DEVICE_PROVIDER', primary_type:'com.huami.components.O000000o.O0000Oo0']
09-01 14:40:45.106 D/[Koin]  (13415): bind qualifier:'UP_DEVICE_PROVIDER' ~ [type:Single,name:'UP_DEVICE_PROVIDER', primary_type:'com.huami.components.O000000o.O0000Oo0']
09-01 14:40:45.106 D/[Koin]  (13415): bind type:'com.huami.nfc.unionpay.api.UnionpayAppletApi' ~ [type:Single,primary_type:'com.huami.nfc.unionpay.api.UnionpayAppletApi']
09-01 14:40:45.106 D/[Koin]  (13415): bind type:'com.huami.nfc.unionpay.api.UnionpayWebApi' ~ [type:Single,primary_type:'com.huami.nfc.unionpay.api.UnionpayWebApi']
09-01 14:40:45.106 D/[Koin]  (13415): bind type:'com.huami.nfc.unionpay.api.UnionpaySdkApi' ~ [type:Single,primary_type:'com.huami.nfc.unionpay.api.UnionpaySdkApi']
09-01 14:40:45.106 D/[Koin]  (13415): bind type:'com.huami.wallet.unionpay.unionpayuimifit.repo.O00000o.O0000Oo0' ~ [type:Single,primary_type:'com.huami.wallet.unionpay.unionpayuimifit.repo.O00000o.O0000Oo0']
09-01 14:40:45.106 D/[Koin]  (13415): bind type:'com.huami.wallet.unionpay.unionpayuimifit.repo.O000000o.O00000Oo' ~ [type:Single,primary_type:'com.huami.wallet.unionpay.unionpayuimifit.repo.O000000o.O00000Oo']
09-01 14:40:45.106 D/[Koin]  (13415): bind type:'com.huami.wallet.unionpay.unionpayuimifit.repo.O000000o.O0000O0o' ~ [type:Single,primary_type:'com.huami.wallet.unionpay.unionpayuimifit.repo.O000000o.O0000O0o']
09-01 14:40:45.106 D/[Koin]  (13415): bind type:'com.huami.wallet.unionpay.unionpayuimifit.repo.O0000OOo.O0000O0o' ~ [type:Factory,primary_type:'com.huami.wallet.unionpay.unionpayuimifit.repo.O0000OOo.O0000O0o']
09-01 14:40:45.106 D/[Koin]  (13415): bind type:'com.huami.wallet.unionpay.unionpayuimifit.repo.O0000OOo.O00000o' ~ [type:Factory,primary_type:'com.huami.wallet.unionpay.unionpayuimifit.repo.O0000OOo.O00000o']
09-01 14:40:45.106 D/[Koin]  (13415): bind type:'com.huami.wallet.unionpay.unionpayuimifit.repo.O0000OOo.O00000o0' ~ [type:Factory,primary_type:'com.huami.wallet.unionpay.unionpayuimifit.repo.O0000OOo.O00000o0']
09-01 14:40:45.106 D/[Koin]  (13415): bind type:'com.huami.wallet.unionpay.unionpayuimifit.repo.O0000OOo.O0000OOo' ~ [type:Factory,primary_type:'com.huami.wallet.unionpay.unionpayuimifit.repo.O0000OOo.O0000OOo']
09-01 14:40:45.106 D/[Koin]  (13415): bind type:'com.huami.wallet.unionpay.unionpayuimifit.repo.O000000o.O0000OOo' ~ [type:Single,primary_type:'com.huami.wallet.unionpay.unionpayuimifit.repo.O000000o.O0000OOo']
09-01 14:40:45.106 D/[Koin]  (13415): bind type:'com.huami.wallet.unionpay.unionpayuimifit.repo.O000000o.O00000o' ~ [type:Single,primary_type:'com.huami.wallet.unionpay.unionpayuimifit.repo.O000000o.O00000o']
09-01 14:40:45.106 D/[Koin]  (13415): bind type:'com.huami.wallet.unionpay.unionpayuimifit.repo.O000000o.O00000o0' ~ [type:Single,primary_type:'com.huami.wallet.unionpay.unionpayuimifit.repo.O000000o.O00000o0']
09-01 14:40:45.106 D/[Koin]  (13415): bind type:'com.huami.wallet.unionpay.unionpayuimifit.O0000O0o.O00000o0' ~ [type:Single,primary_type:'com.huami.wallet.unionpay.unionpayuimifit.O0000O0o.O00000o0']
09-01 14:40:45.106 D/[Koin]  (13415): bind type:'com.huami.wallet.unionpay.unionpayuimifit.repo.O00000Oo.O00000Oo' ~ [type:Single,primary_type:'com.huami.wallet.unionpay.unionpayuimifit.repo.O00000Oo.O00000Oo']
09-01 14:40:45.106 D/[Koin]  (13415): bind type:'com.huami.wallet.unionpay.unionpayuimifit.O00000oo.O00000o' ~ [type:Single,primary_type:'com.huami.wallet.unionpay.unionpayuimifit.O00000oo.O00000o']
09-01 14:40:45.110 D/[Koin]  (13415): total 375 registered definitions
09-01 14:40:45.110 D/[Koin]  (13415): load modules in 10.908281 ms
09-01 14:40:45.110 D/[Koin]  (13415): | create instance for [type:Factory,primary_type:'com.huami.worldclock.home.O00000o']
09-01 14:40:45.112 D/[Koin]  (13415): | create instance for [type:Single,primary_type:'com.huami.worldclock.O00000o.O00000o0']
09-01 14:40:45.112 D/[Koin]  (13415): | create instance for [type:Factory,primary_type:'com.huami.worldclock.add.O00000o']
09-01 14:40:45.112 D/[Koin]  (13415): instances started in 2.402032 ms
09-01 14:40:45.129 I/chatty  (19843): uid=1002(bluetooth) POSIX timer 7 expire 2 lines
09-01 14:40:45.170 I/speech  (13415): speech event bus register >>> (BraceletApp.java:333) -> onCreate() | Thread:main
09-01 14:40:45.279 I/chatty  (19843): uid=1002(bluetooth) POSIX timer 4 expire 1 line
09-01 14:40:45.297 I/MiuiNetworkPolicy( 1639): updateUidState uid = 10062, uidState = 4
09-01 14:40:45.298 D/OemNetd (  679): whiteListUid: uid=10062, wmm=add
09-01 14:40:45.300 I/MiuiNetworkPolicy( 1639): updateMLUid uid:10062,old:16,new:4
09-01 14:40:45.300 I/MiuiNetworkPolicy( 1639): isMLEnabled state:16,uid:10062,connect:DISCONNECTED
09-01 14:40:45.300 I/MiuiNetworkPolicy( 1639): isMLEnabled state:4,uid:10062,connect:DISCONNECTED
09-01 14:40:45.317 I/MiuiNetworkPolicy( 1639): bandwidth: 0 KB/s, Max bandwidth: 3727 KB/s
09-01 14:40:45.340 I/AudioTrack( 2503): isLongTimeZoreData zoer date time 35 Seconds
09-01 14:40:45.360 I/ACRA    (13415): ACRA is enabled for com.xiaomi.hm.health
09-01 14:40:45.373 E/ResolverController(  679): No valid NAT64 prefix (116, <unspecified>/0)
09-01 14:40:45.373 E/ResolverController(  679): No valid NAT64 prefix (116, <unspecified>/0)
09-01 14:40:45.412 D/[Koin]  (13415): !- create scope - id:User q:User
09-01 14:40:45.412 D/[Koin]  (13415): bind qualifier:'UserId' ~ [type:Scoped,scope:'User', name:'UserId', primary_type:'java.lang.String']
09-01 14:40:45.412 D/[Koin]  (13415): bind qualifier:'Gender' ~ [type:Scoped,scope:'User', name:'Gender', primary_type:'O00000oO.O0000Ooo.O000000o.O00000Oo']
09-01 14:40:45.412 D/[Koin]  (13415): bind qualifier:'Type' ~ [type:Scoped,scope:'User', name:'Type', primary_type:'O00000oO.O0000Ooo.O000000o.O00000Oo']
09-01 14:40:45.412 D/[Koin]  (13415): bind type:'com.xiaomi.hm.health.O000O00o' ~ [type:Scoped,scope:'User', primary_type:'com.xiaomi.hm.health.O000O00o']
09-01 14:40:45.412 D/[Koin]  (13415): bind qualifier:'Age' ~ [type:Scoped,scope:'User', name:'Age', primary_type:'O00000oO.O0000Ooo.O000000o.O00000Oo']
09-01 14:40:45.412 D/[Koin]  (13415): bind qualifier:'Avatar' ~ [type:Scoped,scope:'User', name:'Avatar', primary_type:'O00000oO.O0000Ooo.O000000o.O00000Oo']
09-01 14:40:45.412 D/[Koin]  (13415): bind qualifier:'Location' ~ [type:Scoped,scope:'User', name:'Location', primary_type:'O00000oO.O0000Ooo.O000000o.O00000Oo']
09-01 14:40:45.412 D/[Koin]  (13415): bind qualifier:'Nickname' ~ [type:Scoped,scope:'User', name:'Nickname', primary_type:'O00000oO.O0000Ooo.O000000o.O00000Oo']
09-01 14:40:45.413 D/[Koin]  (13415): bind qualifier:'Summary' ~ [type:Scoped,scope:'User', name:'Summary', primary_type:'O00000oO.O0000Ooo.O000000o.O00000Oo']
09-01 14:40:45.413 D/[Koin]  (13415): bind qualifier:'Host' ~ [type:Scoped,scope:'User', name:'Host', primary_type:'java.lang.String']
09-01 14:40:45.413 D/[Koin]  (13415): bind qualifier:'Token' ~ [type:Scoped,scope:'User', name:'Token', primary_type:'java.lang.String']
09-01 14:40:45.413 D/[Koin]  (13415): bind qualifier:'BoundHrDevice' ~ [type:Scoped,scope:'User', name:'BoundHrDevice', primary_type:'O00000oO.O0000Ooo.O000000o.O00000Oo']
09-01 14:40:45.413 D/[Koin]  (13415): +- get 'com.xiaomi.hm.health.O000O00o'
09-01 14:40:45.413 D/[Koin]  (13415): | create instance for [type:Scoped,scope:'User', primary_type:'com.xiaomi.hm.health.O000O00o']
09-01 14:40:45.413 D/[Koin]  (13415): +- got 'com.xiaomi.hm.health.O000O00o' in 0.577813 ms
09-01 14:40:45.415 D/[Koin]  (13415): closing scope:'User'
09-01 14:40:45.415 D/[Koin]  (13415): releasing 'Scope[id:'User',set:'User']' ~ [type:Scoped,scope:'User', name:'UserId', primary_type:'java.lang.String'] 
09-01 14:40:45.415 D/[Koin]  (13415): releasing 'Scope[id:'User',set:'User']' ~ [type:Scoped,scope:'User', name:'Gender', primary_type:'O00000oO.O0000Ooo.O000000o.O00000Oo'] 
09-01 14:40:45.415 D/[Koin]  (13415): releasing 'Scope[id:'User',set:'User']' ~ [type:Scoped,scope:'User', name:'Type', primary_type:'O00000oO.O0000Ooo.O000000o.O00000Oo'] 
09-01 14:40:45.415 D/[Koin]  (13415): releasing 'Scope[id:'User',set:'User']' ~ [type:Scoped,scope:'User', primary_type:'com.xiaomi.hm.health.O000O00o'] 
09-01 14:40:45.415 D/[Koin]  (13415): releasing 'Scope[id:'User',set:'User']' ~ [type:Scoped,scope:'User', name:'Age', primary_type:'O00000oO.O0000Ooo.O000000o.O00000Oo'] 
09-01 14:40:45.415 D/[Koin]  (13415): releasing 'Scope[id:'User',set:'User']' ~ [type:Scoped,scope:'User', name:'Avatar', primary_type:'O00000oO.O0000Ooo.O000000o.O00000Oo'] 
09-01 14:40:45.416 D/[Koin]  (13415): releasing 'Scope[id:'User',set:'User']' ~ [type:Scoped,scope:'User', name:'Location', primary_type:'O00000oO.O0000Ooo.O000000o.O00000Oo'] 
09-01 14:40:45.416 D/[Koin]  (13415): releasing 'Scope[id:'User',set:'User']' ~ [type:Scoped,scope:'User', name:'Nickname', primary_type:'O00000oO.O0000Ooo.O000000o.O00000Oo'] 
09-01 14:40:45.416 D/[Koin]  (13415): releasing 'Scope[id:'User',set:'User']' ~ [type:Scoped,scope:'User', name:'Summary', primary_type:'O00000oO.O0000Ooo.O000000o.O00000Oo'] 
09-01 14:40:45.416 D/[Koin]  (13415): releasing 'Scope[id:'User',set:'User']' ~ [type:Scoped,scope:'User', name:'Host', primary_type:'java.lang.String'] 
09-01 14:40:45.416 D/[Koin]  (13415): releasing 'Scope[id:'User',set:'User']' ~ [type:Scoped,scope:'User', name:'Token', primary_type:'java.lang.String'] 
09-01 14:40:45.416 D/[Koin]  (13415): releasing 'Scope[id:'User',set:'User']' ~ [type:Scoped,scope:'User', name:'BoundHrDevice', primary_type:'O00000oO.O0000Ooo.O000000o.O00000Oo'] 
09-01 14:40:45.416 D/[Koin]  (13415): !- create scope - id:Training q:Training
09-01 14:40:45.416 D/[Koin]  (13415): bind type:'com.huami.training.O0000OOo.O000000o' ~ [type:Scoped,scope:'Training', primary_type:'com.huami.training.O0000OOo.O000000o']
09-01 14:40:45.416 D/[Koin]  (13415): bind type:'com.huami.training.O0000OOo.O000OO0o' ~ [type:Scoped,scope:'Training', primary_type:'com.huami.training.O0000OOo.O000OO0o']
09-01 14:40:45.416 D/[Koin]  (13415): bind qualifier:'TrainingWebHost' ~ [type:Scoped,scope:'Training', name:'TrainingWebHost', primary_type:'java.lang.String']
09-01 14:40:45.416 D/[Koin]  (13415): bind type:'com.huami.training.O000000o.O000OO0o' ~ [type:Scoped,scope:'Training', primary_type:'com.huami.training.O000000o.O000OO0o']
09-01 14:40:45.416 D/[Koin]  (13415): bind type:'com.huami.training.db.TrainingDb' ~ [type:Scoped,scope:'Training', primary_type:'com.huami.training.db.TrainingDb']
09-01 14:40:45.416 D/[Koin]  (13415): bind type:'com.huami.training.O0000Ooo.O000o00' ~ [type:Scoped,scope:'Training', primary_type:'com.huami.training.O0000Ooo.O000o00']
09-01 14:40:45.417 D/[Koin]  (13415): bind type:'com.huami.training.O0000Oo.O000000o' ~ [type:Scoped,scope:'Training', primary_type:'com.huami.training.O0000Oo.O000000o']
09-01 14:40:45.417 D/[Koin]  (13415): bind type:'com.huami.training.O0000o00.O00000o0' ~ [type:Scoped,scope:'Training', primary_type:'com.huami.training.O0000o00.O00000o0']
09-01 14:40:45.417 D/[Koin]  (13415): bind type:'com.huami.training.O0000o00.O00000Oo' ~ [type:Scoped,scope:'Training', primary_type:'com.huami.training.O0000o00.O00000Oo']
09-01 14:40:45.417 D/[Koin]  (13415): bind type:'com.huami.training.O0000o0O.O00000Oo' ~ [type:Scoped,scope:'Training', primary_type:'com.huami.training.O0000o0O.O00000Oo']
09-01 14:40:45.417 D/[Koin]  (13415): +- get 'com.huami.training.db.TrainingDb'
09-01 14:40:45.417 D/[Koin]  (13415): | create instance for [type:Scoped,scope:'Training', primary_type:'com.huami.training.db.TrainingDb']
09-01 14:40:45.418 D/[Koin]  (13415): +- get 'android.content.Context'
09-01 14:40:45.418 D/[Koin]  (13415): | create instance for [type:Single,primary_type:'android.content.Context']
09-01 14:40:45.418 D/[Koin]  (13415): +- got 'android.content.Context' in 0.108333 ms
09-01 14:40:45.418 D/[Koin]  (13415): +- get 'com.huami.training.O0000OOo.O000OO0o'
09-01 14:40:45.418 D/[Koin]  (13415): | create instance for [type:Scoped,scope:'Training', primary_type:'com.huami.training.O0000OOo.O000OO0o']
09-01 14:40:45.418 D/[Koin]  (13415): !- create scope - id:User q:User
09-01 14:40:45.418 D/[Koin]  (13415): bind qualifier:'UserId' ~ [type:Scoped,scope:'User', name:'UserId', primary_type:'java.lang.String']
09-01 14:40:45.418 D/[Koin]  (13415): bind qualifier:'Gender' ~ [type:Scoped,scope:'User', name:'Gender', primary_type:'O00000oO.O0000Ooo.O000000o.O00000Oo']
09-01 14:40:45.418 D/[Koin]  (13415): bind qualifier:'Type' ~ [type:Scoped,scope:'User', name:'Type', primary_type:'O00000oO.O0000Ooo.O000000o.O00000Oo']
09-01 14:40:45.418 D/[Koin]  (13415): bind type:'com.xiaomi.hm.health.O000O00o' ~ [type:Scoped,scope:'User', primary_type:'com.xiaomi.hm.health.O000O00o']
09-01 14:40:45.418 D/[Koin]  (13415): bind qualifier:'Age' ~ [type:Scoped,scope:'User', name:'Age', primary_type:'O00000oO.O0000Ooo.O000000o.O00000Oo']
09-01 14:40:45.418 D/[Koin]  (13415): bind qualifier:'Avatar' ~ [type:Scoped,scope:'User', name:'Avatar', primary_type:'O00000oO.O0000Ooo.O000000o.O00000Oo']
09-01 14:40:45.419 D/[Koin]  (13415): bind qualifier:'Location' ~ [type:Scoped,scope:'User', name:'Location', primary_type:'O00000oO.O0000Ooo.O000000o.O00000Oo']
09-01 14:40:45.419 D/[Koin]  (13415): bind qualifier:'Nickname' ~ [type:Scoped,scope:'User', name:'Nickname', primary_type:'O00000oO.O0000Ooo.O000000o.O00000Oo']
09-01 14:40:45.419 D/[Koin]  (13415): bind qualifier:'Summary' ~ [type:Scoped,scope:'User', name:'Summary', primary_type:'O00000oO.O0000Ooo.O000000o.O00000Oo']
09-01 14:40:45.419 D/[Koin]  (13415): bind qualifier:'Host' ~ [type:Scoped,scope:'User', name:'Host', primary_type:'java.lang.String']
09-01 14:40:45.419 D/[Koin]  (13415): bind qualifier:'Token' ~ [type:Scoped,scope:'User', name:'Token', primary_type:'java.lang.String']
09-01 14:40:45.419 D/[Koin]  (13415): bind qualifier:'BoundHrDevice' ~ [type:Scoped,scope:'User', name:'BoundHrDevice', primary_type:'O00000oO.O0000Ooo.O000000o.O00000Oo']
09-01 14:40:45.419 D/[Koin]  (13415): +- get 'java.lang.String'
09-01 14:40:45.419 D/[Koin]  (13415): | create instance for [type:Scoped,scope:'User', name:'UserId', primary_type:'java.lang.String']
09-01 14:40:45.419 D/[Koin]  (13415): +- got 'java.lang.String' in 0.060677 ms
09-01 14:40:45.419 D/[Koin]  (13415): +- get 'O00000oO.O0000Ooo.O000000o.O00000Oo'
09-01 14:40:45.419 D/[Koin]  (13415): | create instance for [type:Scoped,scope:'User', name:'Avatar', primary_type:'O00000oO.O0000Ooo.O000000o.O00000Oo']
09-01 14:40:45.419 D/[Koin]  (13415): +- got 'O00000oO.O0000Ooo.O000000o.O00000Oo' in 0.121302 ms
09-01 14:40:45.419 D/[Koin]  (13415): +- get 'O00000oO.O0000Ooo.O000000o.O00000Oo'
09-01 14:40:45.419 D/[Koin]  (13415): | create instance for [type:Scoped,scope:'User', name:'Nickname', primary_type:'O00000oO.O0000Ooo.O000000o.O00000Oo']
09-01 14:40:45.419 D/[Koin]  (13415): +- got 'O00000oO.O0000Ooo.O000000o.O00000Oo' in 0.076094 ms
09-01 14:40:45.419 D/[Koin]  (13415): +- get 'O00000oO.O0000Ooo.O000000o.O00000Oo'
09-01 14:40:45.419 D/[Koin]  (13415): | create instance for [type:Scoped,scope:'User', name:'Age', primary_type:'O00000oO.O0000Ooo.O000000o.O00000Oo']
09-01 14:40:45.419 D/[Koin]  (13415): +- got 'O00000oO.O0000Ooo.O000000o.O00000Oo' in 0.072291 ms
09-01 14:40:45.419 D/[Koin]  (13415): +- get 'O00000oO.O0000Ooo.O000000o.O00000Oo'
09-01 14:40:45.419 D/[Koin]  (13415): | create instance for [type:Scoped,scope:'User', name:'Gender', primary_type:'O00000oO.O0000Ooo.O000000o.O00000Oo']
09-01 14:40:45.419 D/[Koin]  (13415): +- got 'O00000oO.O0000Ooo.O000000o.O00000Oo' in 0.066563 ms
09-01 14:40:45.419 D/[Koin]  (13415): +- get 'O00000oO.O0000Ooo.O000000o.O00000Oo'
09-01 14:40:45.419 D/[Koin]  (13415): | create instance for [type:Scoped,scope:'User', name:'BoundHrDevice', primary_type:'O00000oO.O0000Ooo.O000000o.O00000Oo']
09-01 14:40:45.420 D/[Koin]  (13415): +- got 'O00000oO.O0000Ooo.O000000o.O00000Oo' in 0.070937 ms
09-01 14:40:45.420 D/[Koin]  (13415): +- got 'com.huami.training.O0000OOo.O000OO0o' in 1.585 ms
09-01 14:40:45.421 D/BluetoothGatt(13415): connect() - device: C3:D4:F4:E3:11:EC, auto: false
09-01 14:40:45.421 D/BluetoothGatt(13415): registerApp()
09-01 14:40:45.421 D/BluetoothGatt(13415): registerApp() - UUID=f53f4e3e-f919-42ed-bb32-fc562cd13726
09-01 14:40:45.421 I/chatty  ( 8588): uid=1002(bluetooth) Binder:8588_2 expire 3 lines
09-01 14:40:45.421 I/chatty  ( 8588): uid=1002(bluetooth) btu message loo expire 151 lines
09-01 14:40:45.422 I/chatty  ( 8588): uid=1002(bluetooth) BT Service Call expire 55 lines
09-01 14:40:45.422 D/BluetoothGatt(13415): onClientRegistered() - status=0 clientIf=8
09-01 14:40:45.424 I/chatty  (19843): uid=1002 bluetooth@1.0-s expire 3 lines
09-01 14:40:45.426 D/[Koin]  (13415): +- got 'com.huami.training.db.TrainingDb' in 9.641406 ms
09-01 14:40:45.427 D/[Koin]  (13415): +- get 'com.huami.training.db.TrainingDb'
09-01 14:40:45.427 D/[Koin]  (13415): +- got 'com.huami.training.db.TrainingDb' in 0.02802 ms
09-01 14:40:45.427 D/[Koin]  (13415): +- get 'com.huami.training.O0000Oo.O000000o'
09-01 14:40:45.427 D/[Koin]  (13415): | create instance for [type:Scoped,scope:'Training', primary_type:'com.huami.training.O0000Oo.O000000o']
09-01 14:40:45.427 D/[Koin]  (13415): +- got 'com.huami.training.O0000Oo.O000000o' in 0.236198 ms
09-01 14:40:45.428 D/Event   (13415): No subscribers registered for event class com.xiaomi.hm.health.traininglib.O00000o0.O00000Oo
09-01 14:40:45.428 D/Event   (13415): No subscribers registered for event class O00000Oo.O000000o.O000000o.O0000Oo0
09-01 14:40:45.429 I/chatty  (19843): uid=1002 bluetooth@1.0-s expire 27 lines
09-01 14:40:45.431 D/[Koin]  (13415): +- get 'com.huami.training.O0000o0O.O00000Oo'
09-01 14:40:45.431 D/[Koin]  (13415): | create instance for [type:Scoped,scope:'Training', primary_type:'com.huami.training.O0000o0O.O00000Oo']
09-01 14:40:45.432 D/[Koin]  (13415): +- get 'android.content.Context'
09-01 14:40:45.432 D/[Koin]  (13415): +- got 'android.content.Context' in 0.027031 ms
09-01 14:40:45.432 D/[Koin]  (13415): +- get 'com.huami.training.O0000Oo.O000000o'
09-01 14:40:45.432 D/[Koin]  (13415): +- got 'com.huami.training.O0000Oo.O000000o' in 0.015781 ms
09-01 14:40:45.432 D/[Koin]  (13415): +- get 'com.huami.training.O0000OOo.O000OO0o'
09-01 14:40:45.432 D/[Koin]  (13415): +- got 'com.huami.training.O0000OOo.O000OO0o' in 0.009688 ms
09-01 14:40:45.434 I/MiuiNetworkPolicy( 1639): updateUidState uid = 10062, uidState = 16
09-01 14:40:45.434 D/OemNetd (  679): whiteListUid: uid=10062, wmm=del
09-01 14:40:45.436 I/MiuiNetworkPolicy( 1639): updateMLUid uid:10062,old:4,new:16
09-01 14:40:45.436 I/MiuiNetworkPolicy( 1639): isMLEnabled state:4,uid:10062,connect:DISCONNECTED
09-01 14:40:45.436 I/MiuiNetworkPolicy( 1639): isMLEnabled state:16,uid:10062,connect:DISCONNECTED
09-01 14:40:45.438 D/[Koin]  (13415): +- got 'com.huami.training.O0000o0O.O00000Oo' in 7.650677 ms
09-01 14:40:45.457 D/[Koin]  (13415): +- get 'com.huami.stress.domain.O00000oO.O000O00o'
09-01 14:40:45.457 D/[Koin]  (13415): | create instance for [type:Factory,primary_type:'com.huami.stress.domain.O00000oO.O000O00o']
09-01 14:40:45.457 D/[Koin]  (13415): !- create scope - id:Stress q:Stress
09-01 14:40:45.457 D/[Koin]  (13415): bind type:'com.huami.stress.domain.data.local.StressDatabase' ~ [type:Scoped,scope:'Stress', primary_type:'com.huami.stress.domain.data.local.StressDatabase']
09-01 14:40:45.457 D/[Koin]  (13415): bind type:'com.huami.stress.domain.O00000Oo.O000000o' ~ [type:Scoped,scope:'Stress', primary_type:'com.huami.stress.domain.O00000Oo.O000000o']
09-01 14:40:45.457 D/[Koin]  (13415): bind type:'com.huami.stress.domain.O00000Oo.O00000Oo' ~ [type:Scoped,scope:'Stress', primary_type:'com.huami.stress.domain.O00000Oo.O00000Oo']
09-01 14:40:45.457 D/[Koin]  (13415): +- get 'com.huami.stress.domain.O00000Oo.O00000Oo'
09-01 14:40:45.457 D/[Koin]  (13415): | create instance for [type:Scoped,scope:'Stress', primary_type:'com.huami.stress.domain.O00000Oo.O00000Oo']
09-01 14:40:45.457 D/[Koin]  (13415): +- get 'com.huami.stress.domain.data.local.StressDatabase'
09-01 14:40:45.457 D/[Koin]  (13415): | create instance for [type:Scoped,scope:'Stress', primary_type:'com.huami.stress.domain.data.local.StressDatabase']
09-01 14:40:45.457 D/[Koin]  (13415): +- get 'com.huami.stress.mifit.O000000o.O000000o'
09-01 14:40:45.457 D/[Koin]  (13415): | create instance for [type:Factory,primary_type:'com.huami.stress.mifit.O000000o.O000000o']
09-01 14:40:45.458 D/[Koin]  (13415): +- got 'com.huami.stress.mifit.O000000o.O000000o' in 0.590677 ms
09-01 14:40:45.458 D/[Koin]  (13415): +- get 'java.lang.String'
09-01 14:40:45.458 D/[Koin]  (13415): +- got 'java.lang.String' in 0.015469 ms
09-01 14:40:45.458 D/[Koin]  (13415): +- get 'android.content.Context'
09-01 14:40:45.458 D/[Koin]  (13415): +- got 'android.content.Context' in 0.013541 ms
09-01 14:40:45.460 D/[Koin]  (13415): +- got 'com.huami.stress.domain.data.local.StressDatabase' in 2.236615 ms
09-01 14:40:45.460 D/[Koin]  (13415): +- get 'com.huami.stress.domain.data.O00000Oo.O000000o'
09-01 14:40:45.461 D/[Koin]  (13415): | create instance for [type:Single,primary_type:'com.huami.stress.domain.data.O00000Oo.O000000o']
09-01 14:40:45.461 D/[Koin]  (13415): +- got 'com.huami.stress.domain.data.O00000Oo.O000000o' in 0.333489 ms
09-01 14:40:45.461 D/[Koin]  (13415): +- get 'com.huami.stress.domain.data.O00000o0.O00000Oo'
09-01 14:40:45.461 D/[Koin]  (13415): | create instance for [type:Single,primary_type:'com.huami.stress.domain.data.O00000o0.O00000Oo']
09-01 14:40:45.461 D/[Koin]  (13415): +- got 'com.huami.stress.domain.data.O00000o0.O00000Oo' in 0.39224 ms
09-01 14:40:45.463 D/[Koin]  (13415): +- got 'com.huami.stress.domain.O00000Oo.O00000Oo' in 6.182344 ms
09-01 14:40:45.464 D/[Koin]  (13415): +- get 'com.huami.stress.domain.O00000Oo.O000000o'
09-01 14:40:45.464 D/[Koin]  (13415): | create instance for [type:Scoped,scope:'Stress', primary_type:'com.huami.stress.domain.O00000Oo.O000000o']
09-01 14:40:45.464 D/[Koin]  (13415): +- get 'com.huami.stress.domain.data.local.StressDatabase'
09-01 14:40:45.464 D/[Koin]  (13415): +- got 'com.huami.stress.domain.data.local.StressDatabase' in 0.010781 ms
09-01 14:40:45.464 D/[Koin]  (13415): +- get 'com.huami.stress.domain.data.O00000Oo.O000000o'
09-01 14:40:45.464 D/[Koin]  (13415): +- got 'com.huami.stress.domain.data.O00000Oo.O000000o' in 0.014635 ms
09-01 14:40:45.464 D/[Koin]  (13415): +- get 'com.huami.stress.domain.data.O00000o0.O00000Oo'
09-01 14:40:45.464 D/[Koin]  (13415): +- got 'com.huami.stress.domain.data.O00000o0.O00000Oo' in 0.007969 ms
09-01 14:40:45.466 D/[Koin]  (13415): +- got 'com.huami.stress.domain.O00000Oo.O000000o' in 2.391822 ms
09-01 14:40:45.466 D/[Koin]  (13415): +- got 'com.huami.stress.domain.O00000oO.O000O00o' in 9.260156 ms
09-01 14:40:45.466 D/[Koin]  (13415): +- get 'com.xiaomi.hm.health.O000O00o'
09-01 14:40:45.466 D/[Koin]  (13415): | create instance for [type:Scoped,scope:'User', primary_type:'com.xiaomi.hm.health.O000O00o']
09-01 14:40:45.466 D/[Koin]  (13415): +- got 'com.xiaomi.hm.health.O000O00o' in 0.074584 ms
09-01 14:40:45.475 D/Event   (13415): No subscribers registered for event class com.xiaomi.hm.health.O0000o00.O00Oo00o
09-01 14:40:45.475 D/Event   (13415): No subscribers registered for event class O00000Oo.O000000o.O000000o.O0000Oo0
09-01 14:40:45.506 D/Event   (13415): No subscribers registered for event class com.xiaomi.hm.health.O0000o00.O000OOo
09-01 14:40:45.506 D/Event   (13415): No subscribers registered for event class O00000Oo.O000000o.O000000o.O0000Oo0
09-01 14:40:45.535 D/Event   (13415): No subscribers registered for event class com.xiaomi.hm.health.O0000o00.O00OO0O
09-01 14:40:45.535 D/Event   (13415): No subscribers registered for event class O00000Oo.O000000o.O000000o.O0000Oo0
09-01 14:40:45.535 D/Event   (13415): No subscribers registered for event class com.xiaomi.hm.health.O0000o00.O0000o0
