09-01 14:40:50.268 I/BluetoothUtils( 8588): packagename is android.uid.bluetooth:1002 ,and its permission is false
09-01 14:40:50.268 V/bt_stack( 8588): [VERBOSE1:bta_gattc_main.cc(361)] bta_gattc_hdl_event: Event:BTA_GATTC_OP_CMPL_EVT
09-01 14:40:50.268 V/bt_stack( 8588): [VERBOSE1:bta_gattc_main.cc(305)] bta_gattc_sm_execute: State 0x02 [GATTC_CONN_ST], Event 0x1f0f[BTA_GATTC_OP_CMPL_EVT]
09-01 14:40:50.268 V/bt_stack( 8588): [VERBOSE1:bta_gattc_act.cc(936)] bta_gattc_op_cmpl: op:3
09-01 14:40:50.268 V/bt_stack( 8588): [VERBOSE1:bta_gattc_main.cc(341)] bta_gattc_sm_execute: GATTC State Change: 0x02 -> 0x02 after Event 0x1f0f
09-01 14:40:50.269 D/Event   (13415): No subscribers registered for event class com.xiaomi.hm.health.O0000o00.O000OOo0
09-01 14:40:50.269 D/Event   (13415): No subscribers registered for event class O00000Oo.O000000o.O000000o.O0000Oo0
09-01 14:40:50.270 V/bt_stack( 8588): [VERBOSE1:bta_gattc_main.cc(361)] bta_gattc_hdl_event: Event:BTA_GATTC_API_WRITE_EVT
09-01 14:40:50.270 V/bt_stack( 8588): [VERBOSE1:bta_gattc_main.cc(305)] bta_gattc_sm_execute: State 0x02 [GATTC_CONN_ST], Event 0x1f05[BTA_GATTC_API_WRITE_EVT]
09-01 14:40:50.270 V/bt_stack( 8588): [VERBOSE1:gatt_utils.cc(1191)] gatt_end_operation status=0 op=3 subtype=1
09-01 14:40:50.270 V/bt_stack( 8588): [VERBOSE1:bta_gattc_act.cc(1309)] bta_gattc_cmpl_cback: conn_id:8 op:3 status:0
09-01 14:40:50.270 V/bt_stack( 8588): [VERBOSE1:bta_gattc_main.cc(341)] bta_gattc_sm_execute: GATTC State Change: 0x02 -> 0x02 after Event 0x1f05
09-01 14:40:50.270 V/bt_stack( 8588): [VERBOSE1:bta_gattc_main.cc(361)] bta_gattc_hdl_event: Event:BTA_GATTC_OP_CMPL_EVT
09-01 14:40:50.270 V/bt_stack( 8588): [VERBOSE1:bta_gattc_main.cc(305)] bta_gattc_sm_execute: State 0x02 [GATTC_CONN_ST], Event 0x1f0f[BTA_GATTC_OP_CMPL_EVT]
09-01 14:40:50.270 V/bt_stack( 8588): [VERBOSE1:bta_gattc_act.cc(936)] bta_gattc_op_cmpl: op:3
09-01 14:40:50.270 V/bt_stack( 8588): [VERBOSE1:bta_gattc_main.cc(341)] bta_gattc_sm_execute: GATTC State Change: 0x02 -> 0x02 after Event 0x1f0f
09-01 14:40:50.271 V/bt_stack( 8588): [VERBOSE1:btm_ble_gap.cc(1923)] btm_ble_process_ext_adv_pkt: bda=46:25:ff:ec:21:0b
09-01 14:40:50.271 V/bt_stack( 8588): [VERBOSE1:btm_ble_gap.cc(1847)] btm_ble_process_adv_addr: bda=46:25:ff:ec:21:0b
09-01 14:40:50.271 V/bt_stack( 8588): [VERBOSE1:btm_ble_gap.cc(2052)]  Waiting for scan response 46:25:ff:ec:21:0b
09-01 14:40:50.271 V/bt_stack( 8588): [VERBOSE1:btm_ble_gap.cc(1923)] btm_ble_process_ext_adv_pkt: bda=46:25:ff:ec:21:0b
09-01 14:40:50.271 V/bt_stack( 8588): [VERBOSE1:btm_ble_gap.cc(1847)] btm_ble_process_adv_addr: bda=46:25:ff:ec:21:0b
09-01 14:40:50.272 D/BluetoothUtils( 8588): blockedByLocationOff callingUid=1002
09-01 14:40:50.272 I/BluetoothUtils( 8588): packagename is android.uid.bluetooth:1002 ,and its permission is false
09-01 14:40:50.272 D/BluetoothUtils( 8588): blockedByLocationOff callingUid=1002
09-01 14:40:50.273 I/BluetoothUtils( 8588): packagename is android.uid.bluetooth:1002 ,and its permission is false
09-01 14:40:50.273 D/BluetoothUtils( 8588): blockedByLocationOff callingUid=1002
09-01 14:40:50.273 I/BluetoothUtils( 8588): packagename is android.uid.bluetooth:1002 ,and its permission is false
09-01 14:40:50.276 D/RecentsImpl( 7676): mActivityStateObserver com.xiaomi.hm.health.activity.MainTabActivity
09-01 14:40:50.279 V/bt_stack( 8588): [VERBOSE1:btm_ble_gap.cc(1923)] btm_ble_process_ext_adv_pkt: bda=60:57:96:a8:f4:cf
09-01 14:40:50.279 V/bt_stack( 8588): [VERBOSE1:btm_ble_gap.cc(1847)] btm_ble_process_adv_addr: bda=60:57:96:a8:f4:cf
09-01 14:40:50.279 V/bt_stack( 8588): [VERBOSE1:btm_ble_gap.cc(2052)]  Waiting for scan response 60:57:96:a8:f4:cf
09-01 14:40:50.279 V/bt_stack( 8588): [VERBOSE1:btm_ble_gap.cc(1923)] btm_ble_process_ext_adv_pkt: bda=63:53:07:fa:3c:f1
09-01 14:40:50.279 V/bt_stack( 8588): [VERBOSE1:btm_ble_gap.cc(1847)] btm_ble_process_adv_addr: bda=63:53:07:fa:3c:f1
09-01 14:40:50.279 W/AsyncHttpResponse(13415): Current thread has not called Looper.prepare().Forcing synchronous mode
09-01 14:40:50.280 D/BluetoothUtils( 8588): blockedByLocationOff callingUid=1002
09-01 14:40:50.280 I/BluetoothUtils( 8588): packagename is android.uid.bluetooth:1002 ,and its permission is false
09-01 14:40:50.280 D/BluetoothUtils( 8588): blockedByLocationOff callingUid=1002
09-01 14:40:50.280 V/xiaomi  (13415): [Thread:6431] receive an intent from server, action=com.xiaomi.mipush.RECEIVE_MESSAGE
09-01 14:40:50.280 V/xiaomi  (13415): receiving an empty message, drop
09-01 14:40:50.281 I/BluetoothUtils( 8588): packagename is android.uid.bluetooth:1002 ,and its permission is false
09-01 14:40:50.281 D/BluetoothUtils( 8588): blockedByLocationOff callingUid=1002
09-01 14:40:50.282 I/BluetoothUtils( 8588): packagename is android.uid.bluetooth:1002 ,and its permission is false
09-01 14:40:50.283 V/xiaomi  (13415): [Thread:6431] receive an intent from server, action=com.xiaomi.mipush.RECEIVE_MESSAGE
09-01 14:40:50.283 V/xiaomi  (13415): receiving an empty message, drop
09-01 14:40:50.284 V/xiaomi  (13415): [Thread:6431] receive an intent from server, action=com.xiaomi.mipush.RECEIVE_MESSAGE
09-01 14:40:50.284 V/xiaomi  (13415): receiving an empty message, drop
09-01 14:40:50.284 V/xiaomi  (13415): [Thread:6431] receive an intent from server, action=com.xiaomi.mipush.RECEIVE_MESSAGE
09-01 14:40:50.284 V/xiaomi  (13415): receiving an empty message, drop
09-01 14:40:50.285 W/AsyncHttpResponse(13415): Current thread has not called Looper.prepare().Forcing synchronous mode
09-01 14:40:50.285 V/bt_stack( 8588): [VERBOSE1:btm_ble_gap.cc(1923)] btm_ble_process_ext_adv_pkt: bda=56:e4:da:79:d5:88
09-01 14:40:50.285 V/bt_stack( 8588): [VERBOSE1:btm_ble_gap.cc(1847)] btm_ble_process_adv_addr: bda=56:e4:da:79:d5:88
09-01 14:40:50.285 V/bt_stack( 8588): [VERBOSE1:btm_ble_gap.cc(2052)]  Waiting for scan response 56:e4:da:79:d5:88
09-01 14:40:50.285 V/bt_stack( 8588): [VERBOSE1:btm_ble_gap.cc(1923)] btm_ble_process_ext_adv_pkt: bda=56:e4:da:79:d5:88
09-01 14:40:50.286 V/bt_stack( 8588): [VERBOSE1:btm_ble_gap.cc(1847)] btm_ble_process_adv_addr: bda=56:e4:da:79:d5:88
09-01 14:40:50.287 V/xiaomi  (13415): [Thread:6431] receive an intent from server, action=com.xiaomi.mipush.RECEIVE_MESSAGE
09-01 14:40:50.287 V/xiaomi  (13415): receiving an empty message, drop
09-01 14:40:50.287 V/xiaomi  (13415): [Thread:6431] receive an intent from server, action=com.xiaomi.mipush.RECEIVE_MESSAGE
09-01 14:40:50.287 V/xiaomi  (13415): receiving an empty message, drop
09-01 14:40:50.287 V/xiaomi  (13415): [Thread:6431] receive an intent from server, action=com.xiaomi.mipush.RECEIVE_MESSAGE
09-01 14:40:50.287 V/xiaomi  (13415): receiving an empty message, drop
09-01 14:40:50.287 V/xiaomi  (13415): [Thread:6431] receive an intent from server, action=com.xiaomi.mipush.RECEIVE_MESSAGE
09-01 14:40:50.287 V/xiaomi  (13415): receiving an empty message, drop
09-01 14:40:50.287 V/xiaomi  (13415): [Thread:6431] receive an intent from server, action=com.xiaomi.mipush.RECEIVE_MESSAGE
09-01 14:40:50.287 V/xiaomi  (13415): receiving an empty message, drop
09-01 14:40:50.287 V/bt_stack( 8588): [VERBOSE1:btm_ble_gap.cc(1923)] btm_ble_process_ext_adv_pkt: bda=05:d9:72:f7:0f:69
09-01 14:40:50.287 V/bt_stack( 8588): [VERBOSE1:btm_ble_gap.cc(1847)] btm_ble_process_adv_addr: bda=05:d9:72:f7:0f:69
09-01 14:40:50.287 V/xiaomi  (13415): [Thread:6431] receive an intent from server, action=com.xiaomi.mipush.RECEIVE_MESSAGE
09-01 14:40:50.287 V/xiaomi  (13415): receiving an empty message, drop
09-01 14:40:50.288 D/BluetoothUtils( 8588): blockedByLocationOff callingUid=1002
09-01 14:40:50.289 W/System.err(13415): java.lang.ClassNotFoundException: com.xiaomi.hm.health.BuildConfig
09-01 14:40:50.289 W/System.err(13415): 	at java.lang.Class.classForName(Native Method)
09-01 14:40:50.289 I/BluetoothUtils( 8588): packagename is android.uid.bluetooth:1002 ,and its permission is false
09-01 14:40:50.289 W/System.err(13415): 	at java.lang.Class.forName(Class.java:454)
09-01 14:40:50.289 W/System.err(13415): 	at java.lang.Class.forName(Class.java:379)
09-01 14:40:50.289 W/System.err(13415): 	at com.xiaomi.market.sdk.XiaomiUpdateAgent.update(XiaomiUpdateAgent.java:55)
09-01 14:40:50.289 W/System.err(13415): 	at com.xiaomi.hm.health.O00000o.O000000o.O000000o(AppUpgradeManager.java:540)
09-01 14:40:50.289 W/System.err(13415): 	at com.xiaomi.hm.health.O00000o.O000000o.O000000o(AppUpgradeManager.java:620)
09-01 14:40:50.289 W/System.err(13415): 	at com.xiaomi.hm.health.O00000o.O000000o.O000000o(AppUpgradeManager.java:142)
09-01 14:40:50.289 W/System.err(13415): 	at com.xiaomi.hm.health.O00000o.O000000o.O000000o(AppUpgradeManager.java:46)
09-01 14:40:50.289 W/System.err(13415): 	at com.xiaomi.hm.health.O00000o.O000000o$O000000o.onItem(AppUpgradeManager.java:106)
09-01 14:40:50.289 W/System.err(13415): 	at com.huami.O0000o0.O000000o.O00000o.O00000o0.onSuccess(IHMHttpResponseHandler.java:14)
09-01 14:40:50.289 W/System.err(13415): 	at com.huami.O0000o0.O000000o.O00000Oo$1.O000000o(HMHttpRequest.java:158)
09-01 14:40:50.289 W/System.err(13415): 	at com.huami.O0000o0.O000000o.O00000Oo$1.b_(HMHttpRequest.java:141)
09-01 14:40:50.289 D/BluetoothUtils( 8588): blockedByLocationOff callingUid=1002
09-01 14:40:50.289 W/System.err(13415): 	at io.O000000o.O0000O0o.O00000oO.O00000oO.oOO0O000$O000000o.O00000o(ObservableObserveOn.java:201)
09-01 14:40:50.289 W/System.err(13415): 	at io.O000000o.O0000O0o.O00000oO.O00000oO.oOO0O000$O000000o.run(ObservableObserveOn.java:255)
09-01 14:40:50.289 W/System.err(13415): 	at io.O000000o.O000000o.O00000Oo.O00000Oo$O00000Oo.run(HandlerScheduler.java:109)
09-01 14:40:50.289 W/System.err(13415): 	at android.os.Handler.handleCallback(Handler.java:883)
09-01 14:40:50.289 W/System.err(13415): 	at android.os.Handler.dispatchMessage(Handler.java:100)
09-01 14:40:50.289 W/System.err(13415): 	at android.os.Looper.loop(Looper.java:224)
09-01 14:40:50.289 W/System.err(13415): 	at android.app.ActivityThread.main(ActivityThread.java:7551)
09-01 14:40:50.289 W/System.err(13415): 	at java.lang.reflect.Method.invoke(Native Method)
09-01 14:40:50.289 V/xiaomi  (13415): [Thread:6431] receive an intent from server, action=com.xiaomi.mipush.RECEIVE_MESSAGE
09-01 14:40:50.289 W/System.err(13415): 	at com.android.internal.os.RuntimeInit$MethodAndArgsCaller.run(RuntimeInit.java:539)
09-01 14:40:50.289 W/System.err(13415): 	at com.android.internal.os.ZygoteInit.main(ZygoteInit.java:950)
09-01 14:40:50.289 V/xiaomi  (13415): receiving an empty message, drop
09-01 14:40:50.289 W/System.err(13415): Caused by: java.lang.ClassNotFoundException: com.xiaomi.hm.health.BuildConfig
09-01 14:40:50.289 W/System.err(13415): 	... 22 more
09-01 14:40:50.290 I/BluetoothUtils( 8588): packagename is android.uid.bluetooth:1002 ,and its permission is false
09-01 14:40:50.290 D/BluetoothUtils( 8588): blockedByLocationOff callingUid=1002
09-01 14:40:50.290 I/BluetoothUtils( 8588): packagename is android.uid.bluetooth:1002 ,and its permission is false
09-01 14:40:50.291 D/BluetoothUtils( 8588): blockedByLocationOff callingUid=1002
09-01 14:40:50.291 I/BluetoothUtils( 8588): packagename is android.uid.bluetooth:1002 ,and its permission is false
09-01 14:40:50.291 D/BluetoothUtils( 8588): blockedByLocationOff callingUid=1002
09-01 14:40:50.292 I/BluetoothUtils( 8588): packagename is android.uid.bluetooth:1002 ,and its permission is false
09-01 14:40:50.292 D/BluetoothUtils( 8588): blockedByLocationOff callingUid=1002
09-01 14:40:50.293 I/BluetoothUtils( 8588): packagename is android.uid.bluetooth:1002 ,and its permission is false
09-01 14:40:50.294 V/bt_stack( 8588): [VERBOSE1:btm_ble_gap.cc(1923)] btm_ble_process_ext_adv_pkt: bda=2c:09:3e:94:80:f3
09-01 14:40:50.294 V/bt_stack( 8588): [VERBOSE1:btm_ble_gap.cc(1847)] btm_ble_process_adv_addr: bda=2c:09:3e:94:80:f3
09-01 14:40:50.295 V/AsyncHttpResponse(13415): Progress 12 from 12 (100%)
09-01 14:40:50.295 D/BluetoothUtils( 8588): blockedByLocationOff callingUid=1002
09-01 14:40:50.296 I/BluetoothUtils( 8588): packagename is android.uid.bluetooth:1002 ,and its permission is false
09-01 14:40:50.296 D/BluetoothUtils( 8588): blockedByLocationOff callingUid=1002
09-01 14:40:50.296 I/BluetoothUtils( 8588): packagename is android.uid.bluetooth:1002 ,and its permission is false
09-01 14:40:50.296 D/BluetoothUtils( 8588): blockedByLocationOff callingUid=1002
09-01 14:40:50.297 I/BluetoothUtils( 8588): packagename is android.uid.bluetooth:1002 ,and its permission is false
09-01 14:40:50.297 W/DevicePolicyManager( 1639): Package com.xiaomi.hm.health (uid=10241, pid=13415) cannot access Device IDs
09-01 14:40:50.297 W/TelephonyPermissions( 2698): reportAccessDeniedToReadIdentifiers:com.xiaomi.hm.health:getDeviceId:isPreinstalled=false:isPrivApp=false
09-01 14:40:50.298 E/MarketSdkClient(13415): getDeviceId: The user 10241 does not meet the requirements to access device identifiers.
09-01 14:40:50.298 E/MarketSdkClient(13415): java.lang.SecurityException: getDeviceId: The user 10241 does not meet the requirements to access device identifiers.
09-01 14:40:50.298 E/MarketSdkClient(13415): 	at android.os.Parcel.createException(Parcel.java:2074)
09-01 14:40:50.298 E/MarketSdkClient(13415): 	at android.os.Parcel.readException(Parcel.java:2042)
09-01 14:40:50.298 E/MarketSdkClient(13415): 	at android.os.Parcel.readException(Parcel.java:1990)
09-01 14:40:50.298 E/MarketSdkClient(13415): 	at com.android.internal.telephony.ITelephony$Stub$Proxy.getDeviceId(ITelephony.java:10389)
09-01 14:40:50.298 E/MarketSdkClient(13415): 	at java.lang.reflect.Method.invoke(Native Method)
09-01 14:40:50.298 E/MarketSdkClient(13415): 	at com.jg.bh.b.a.a.invoke(Native Method)
09-01 14:40:50.298 E/MarketSdkClient(13415): 	at java.lang.reflect.Proxy.invoke(Proxy.java:1006)
09-01 14:40:50.298 E/MarketSdkClient(13415): 	at $Proxy5.getDeviceId(Unknown Source)
09-01 14:40:50.298 E/MarketSdkClient(13415): 	at android.telephony.TelephonyManager.getDeviceId(TelephonyManager.java:1619)
09-01 14:40:50.298 E/MarketSdkClient(13415): 	at com.xiaomi.market.sdk.Client.acquireIdentity(Client.java:190)
09-01 14:40:50.298 E/MarketSdkClient(13415): 	at com.xiaomi.market.sdk.Client.init(Client.java:104)
09-01 14:40:50.298 E/MarketSdkClient(13415): 	at com.xiaomi.market.sdk.XiaomiUpdateAgent.update(XiaomiUpdateAgent.java:74)
09-01 14:40:50.298 E/MarketSdkClient(13415): 	at com.xiaomi.market.sdk.XiaomiUpdateAgent.update(XiaomiUpdateAgent.java:61)
09-01 14:40:50.298 E/MarketSdkClient(13415): 	at com.xiaomi.hm.health.O00000o.O000000o.O000000o(AppUpgradeManager.java:540)
09-01 14:40:50.298 E/MarketSdkClient(13415): 	at com.xiaomi.hm.health.O00000o.O000000o.O000000o(AppUpgradeManager.java:620)
09-01 14:40:50.298 E/MarketSdkClient(13415): 	at com.xiaomi.hm.health.O00000o.O000000o.O000000o(AppUpgradeManager.java:142)
09-01 14:40:50.298 E/MarketSdkClient(13415): 	at com.xiaomi.hm.health.O00000o.O000000o.O000000o(AppUpgradeManager.java:46)
09-01 14:40:50.298 E/MarketSdkClient(13415): 	at com.xiaomi.hm.health.O00000o.O000000o$O000000o.onItem(AppUpgradeManager.java:106)
09-01 14:40:50.298 E/MarketSdkClient(13415): 	at com.huami.O0000o0.O000000o.O00000o.O00000o0.onSuccess(IHMHttpResponseHandler.java:14)
09-01 14:40:50.298 E/MarketSdkClient(13415): 	at com.huami.O0000o0.O000000o.O00000Oo$1.O000000o(HMHttpRequest.java:158)
09-01 14:40:50.298 E/MarketSdkClient(13415): 	at com.huami.O0000o0.O000000o.O00000Oo$1.b_(HMHttpRequest.java:141)
09-01 14:40:50.298 E/MarketSdkClient(13415): 	at io.O000000o.O0000O0o.O00000oO.O00000oO.oOO0O000$O000000o.O00000o(ObservableObserveOn.java:201)
09-01 14:40:50.298 E/MarketSdkClient(13415): 	at io.O000000o.O0000O0o.O00000oO.O00000oO.oOO0O000$O000000o.run(ObservableObserveOn.java:255)
09-01 14:40:50.298 E/MarketSdkClient(13415): 	at io.O000000o.O000000o.O00000Oo.O00000Oo$O00000Oo.run(HandlerScheduler.java:109)
09-01 14:40:50.298 E/MarketSdkClient(13415): 	at android.os.Handler.handleCallback(Handler.java:883)
09-01 14:40:50.298 E/MarketSdkClient(13415): 	at android.os.Handler.dispatchMessage(Handler.java:100)
09-01 14:40:50.298 E/MarketSdkClient(13415): 	at android.os.Looper.loop(Looper.java:224)
09-01 14:40:50.298 E/MarketSdkClient(13415): 	at android.app.ActivityThread.main(ActivityThread.java:7551)
09-01 14:40:50.298 E/MarketSdkClient(13415): 	at java.lang.reflect.Method.invoke(Native Method)
09-01 14:40:50.298 E/MarketSdkClient(13415): 	at com.android.internal.os.RuntimeInit$MethodAndArgsCaller.run(RuntimeInit.java:539)
09-01 14:40:50.298 E/MarketSdkClient(13415): 	at com.android.internal.os.ZygoteInit.main(ZygoteInit.java:950)
09-01 14:40:50.299 V/bt_stack( 8588): [VERBOSE1:btm_ble_gap.cc(1923)] btm_ble_process_ext_adv_pkt: bda=35:45:bf:2c:e1:03
09-01 14:40:50.299 V/bt_stack( 8588): [VERBOSE1:btm_ble_gap.cc(1847)] btm_ble_process_adv_addr: bda=35:45:bf:2c:e1:03
09-01 14:40:50.299 D/BluetoothUtils( 8588): blockedByLocationOff callingUid=1002
09-01 14:40:50.300 I/BluetoothUtils( 8588): packagename is android.uid.bluetooth:1002 ,and its permission is false
09-01 14:40:50.300 D/BluetoothUtils( 8588): blockedByLocationOff callingUid=1002
09-01 14:40:50.301 D/MarketUpdateAgent(13415): start to check update
09-01 14:40:50.301 I/BluetoothUtils( 8588): packagename is android.uid.bluetooth:1002 ,and its permission is false
09-01 14:40:50.301 D/BluetoothUtils( 8588): blockedByLocationOff callingUid=1002
09-01 14:40:50.301 E/MarketPatcher(13415): load patcher library failed : java.lang.UnsatisfiedLinkError: dalvik.system.PathClassLoader[DexPathList[[zip file "/data/app/com.xiaomi.hm.health-ooUo9xQvewNmlnoHhfDwKQ==/base.apk", dex file "/data/app/com.xiaomi.hm.health-ooUo9xQvewNmlnoHhfDwKQ==/base.apk"],nativeLibraryDirectories=[/data/app/com.xiaomi.hm.health-ooUo9xQvewNmlnoHhfDwKQ==/lib/arm64, /data/app/com.xiaomi.hm.health-ooUo9xQvewNmlnoHhfDwKQ==/base.apk!/lib/arm64-v8a, /system/lib64, /system/product/lib64]]] couldn't find "libsdk_patcher_jni.so"
09-01 14:40:50.302 I/BluetoothUtils( 8588): packagename is android.uid.bluetooth:1002 ,and its permission is false
09-01 14:40:50.304 V/bt_stack( 8588): [VERBOSE1:btm_ble_gap.cc(1923)] btm_ble_process_ext_adv_pkt: bda=38:f9:d3:45:87:1e
09-01 14:40:50.304 V/bt_stack( 8588): [VERBOSE1:btm_ble_gap.cc(1847)] btm_ble_process_adv_addr: bda=38:f9:d3:45:87:1e
09-01 14:40:50.305 V/bt_stack( 8588): [VERBOSE1:btm_ble_gap.cc(2052)]  Waiting for scan response 38:f9:d3:45:87:1e
09-01 14:40:50.305 V/bt_stack( 8588): [VERBOSE1:btm_ble_gap.cc(1923)] btm_ble_process_ext_adv_pkt: bda=38:f9:d3:45:87:1e
09-01 14:40:50.305 V/bt_stack( 8588): [VERBOSE1:btm_ble_gap.cc(1847)] btm_ble_process_adv_addr: bda=38:f9:d3:45:87:1e
09-01 14:40:50.305 D/BluetoothUtils( 8588): blockedByLocationOff callingUid=1002
09-01 14:40:50.306 D/AppOpsAdapter( 5211): using permission notify! 32
09-01 14:40:50.306 I/BluetoothUtils( 8588): packagename is android.uid.bluetooth:1002 ,and its permission is false
09-01 14:40:50.306 D/BluetoothUtils( 8588): blockedByLocationOff callingUid=1002
09-01 14:40:50.307 I/BluetoothUtils( 8588): packagename is android.uid.bluetooth:1002 ,and its permission is false
09-01 14:40:50.307 D/BluetoothUtils( 8588): blockedByLocationOff callingUid=1002
09-01 14:40:50.307 I/BluetoothUtils( 8588): packagename is android.uid.bluetooth:1002 ,and its permission is false
09-01 14:40:50.309 I/BehaviorRecord-Monitor( 5237): com.xiaomi.hm.health , perm: 32 , operation 3 , current size: 0
09-01 14:40:50.310 D/[Koin]  (13415): +- get 'com.huami.femalehealth.uilib.O00000o0.O0000Oo'
09-01 14:40:50.310 D/[Koin]  (13415): | create instance for [type:Factory,primary_type:'com.huami.femalehealth.uilib.O00000o0.O0000Oo']
09-01 14:40:50.310 D/[Koin]  (13415): +- get 'com.huami.femalehealth.logiclib.O00000oO.O00oOooO'
09-01 14:40:50.310 D/[Koin]  (13415): +- got 'com.huami.femalehealth.logiclib.O00000oO.O00oOooO' in 0.023958 ms
09-01 14:40:50.310 D/[Koin]  (13415): +- get 'com.huami.femalehealth.logiclib.O0000O0o.O00000o'
09-01 14:40:50.311 D/[Koin]  (13415): | create instance for [type:Factory,primary_type:'com.huami.femalehealth.logiclib.O0000O0o.O00000o']
09-01 14:40:50.311 D/[Koin]  (13415): +- get 'com.huami.femalehealth.logiclib.O00000oO.O0000O0o'
09-01 14:40:50.311 D/[Koin]  (13415): +- got 'com.huami.femalehealth.logiclib.O00000oO.O0000O0o' in 0.007813 ms
09-01 14:40:50.311 D/[Koin]  (13415): +- get 'com.huami.femalehealth.logiclib.O000000o.O00000Oo'
09-01 14:40:50.311 D/[Koin]  (13415): +- got 'com.huami.femalehealth.logiclib.O000000o.O00000Oo' in 0.006459 ms
09-01 14:40:50.311 D/[Koin]  (13415): +- get 'com.huami.femalehealth.logiclib.db.FemaleHealthDb'
09-01 14:40:50.311 D/[Koin]  (13415): +- got 'com.huami.femalehealth.logiclib.db.FemaleHealthDb' in 0.04224 ms
09-01 14:40:50.311 D/[Koin]  (13415): +- get 'com.huami.femalehealth.logiclib.O00000Oo.O00000o'
09-01 14:40:50.311 D/[Koin]  (13415): | create instance for [type:Factory,primary_type:'com.huami.femalehealth.logiclib.O00000Oo.O00000o']
09-01 14:40:50.311 D/[Koin]  (13415): +- get 'com.huami.femalehealth.logiclib.O00000oO.O0000O0o'
09-01 14:40:50.311 D/[Koin]  (13415): +- got 'com.huami.femalehealth.logiclib.O00000oO.O0000O0o' in 0.005886 ms
09-01 14:40:50.311 D/[Koin]  (13415): +- get 'com.huami.femalehealth.logiclib.O000000o.O00000Oo'
09-01 14:40:50.311 D/[Koin]  (13415): +- got 'com.huami.femalehealth.logiclib.O000000o.O00000Oo' in 0.005312 ms
09-01 14:40:50.311 D/[Koin]  (13415): +- get 'com.huami.femalehealth.logiclib.db.FemaleHealthDb'
09-01 14:40:50.311 D/[Koin]  (13415): +- got 'com.huami.femalehealth.logiclib.db.FemaleHealthDb' in 0.005469 ms
09-01 14:40:50.311 D/[Koin]  (13415): +- get 'com.huami.femalehealth.logiclib.O00000Oo.O00000Oo'
09-01 14:40:50.311 D/[Koin]  (13415): +- got 'com.huami.femalehealth.logiclib.O00000Oo.O00000Oo' in 0.007604 ms
09-01 14:40:50.311 D/[Koin]  (13415): +- get 'com.huami.femalehealth.logiclib.O00000oO.O00oOooO'
09-01 14:40:50.311 D/[Koin]  (13415): +- got 'com.huami.femalehealth.logiclib.O00000oO.O00oOooO' in 0.005989 ms
09-01 14:40:50.311 D/[Koin]  (13415): +- got 'com.huami.femalehealth.logiclib.O00000Oo.O00000o' in 0.203177 ms
09-01 14:40:50.311 D/[Koin]  (13415): +- get 'com.huami.femalehealth.logiclib.O00000Oo.O00000o0'
09-01 14:40:50.311 D/[Koin]  (13415): | create instance for [type:Factory,primary_type:'com.huami.femalehealth.logiclib.O00000Oo.O00000o0']
09-01 14:40:50.311 D/[Koin]  (13415): +- got 'com.huami.femalehealth.logiclib.O00000Oo.O00000o0' in 0.030208 ms
09-01 14:40:50.311 D/[Koin]  (13415): +- got 'com.huami.femalehealth.logiclib.O0000O0o.O00000o' in 0.51875 ms
09-01 14:40:50.311 D/[Koin]  (13415): +- got 'com.huami.femalehealth.uilib.O00000o0.O0000Oo' in 0.902708 ms
09-01 14:40:50.316 V/AsyncHttpResponse(13415): Progress 2355 from 2355 (100%)
09-01 14:40:50.321 V/AsyncHttpResponse(13415): Progress 315 from 315 (100%)
09-01 14:40:50.322 V/bt_stack( 8588): [VERBOSE1:btm_ble_gap.cc(1923)] btm_ble_process_ext_adv_pkt: bda=56:e4:da:79:d5:88
09-01 14:40:50.322 V/bt_stack( 8588): [VERBOSE1:btm_ble_gap.cc(1847)] btm_ble_process_adv_addr: bda=56:e4:da:79:d5:88
09-01 14:40:50.322 V/bt_stack( 8588): [VERBOSE1:btm_ble_gap.cc(2052)]  Waiting for scan response 56:e4:da:79:d5:88
09-01 14:40:50.322 V/bt_stack( 8588): [VERBOSE1:btm_ble_gap.cc(1923)] btm_ble_process_ext_adv_pkt: bda=56:e4:da:79:d5:88
09-01 14:40:50.322 V/bt_stack( 8588): [VERBOSE1:btm_ble_gap.cc(1847)] btm_ble_process_adv_addr: bda=56:e4:da:79:d5:88
09-01 14:40:50.323 D/BluetoothUtils( 8588): blockedByLocationOff callingUid=1002
09-01 14:40:50.326 I/BluetoothUtils( 8588): packagename is android.uid.bluetooth:1002 ,and its permission is false
09-01 14:40:50.326 D/BluetoothUtils( 8588): blockedByLocationOff callingUid=1002
09-01 14:40:50.326 I/BluetoothUtils( 8588): packagename is android.uid.bluetooth:1002 ,and its permission is false
09-01 14:40:50.326 D/BluetoothUtils( 8588): blockedByLocationOff callingUid=1002
09-01 14:40:50.327 I/BluetoothUtils( 8588): packagename is android.uid.bluetooth:1002 ,and its permission is false
09-01 14:40:50.327 V/AsyncHttpResponse(13415): Progress 156 from 156 (100%)
09-01 14:40:50.330 D/[Koin]  (13415): +- get 'com.huami.message.O0000OoO.O0000Oo'
09-01 14:40:50.330 D/[Koin]  (13415): | create instance for [type:Factory,primary_type:'com.huami.message.O0000OoO.O0000Oo']
09-01 14:40:50.330 D/[Koin]  (13415): +- get 'com.huami.message.O0000OOo.O000000o'
09-01 14:40:50.330 D/[Koin]  (13415): | create instance for [type:Factory,primary_type:'com.huami.message.O0000OOo.O000000o']
09-01 14:40:50.330 D/[Koin]  (13415): +- get 'com.huami.message.O000000o.O00000o'
09-01 14:40:50.330 D/[Koin]  (13415): +- got 'com.huami.message.O000000o.O00000o' in 0.024739 ms
09-01 14:40:50.330 D/[Koin]  (13415): +- get 'com.huami.message.db.MessageDb'
09-01 14:40:50.330 D/[Koin]  (13415): +- got 'com.huami.message.db.MessageDb' in 0.007032 ms
09-01 14:40:50.330 D/[Koin]  (13415): +- get 'com.huami.message.O0000Oo0.O000000o'
09-01 14:40:50.330 D/[Koin]  (13415): +- got 'com.huami.message.O0000Oo0.O000000o' in 0.009011 ms
09-01 14:40:50.330 V/bt_stack( 8588): [VERBOSE1:btm_ble_gap.cc(1923)] btm_ble_process_ext_adv_pkt: bda=45:55:7e:66:6f:d0
09-01 14:40:50.330 D/[Koin]  (13415): +- got 'com.huami.message.O0000OOo.O000000o' in 0.268073 ms
09-01 14:40:50.330 V/bt_stack( 8588): [VERBOSE1:btm_ble_gap.cc(1847)] btm_ble_process_adv_addr: bda=45:55:7e:66:6f:d0
09-01 14:40:50.330 V/bt_stack( 8588): [VERBOSE1:btm_ble_gap.cc(2052)]  Waiting for scan response 45:55:7e:66:6f:d0
09-01 14:40:50.330 D/[Koin]  (13415): +- got 'com.huami.message.O0000OoO.O0000Oo' in 0.472709 ms
09-01 14:40:50.331 V/bt_stack( 8588): [VERBOSE1:btm_ble_gap.cc(1923)] btm_ble_process_ext_adv_pkt: bda=06:fa:50:9b:39:c0
09-01 14:40:50.331 V/bt_stack( 8588): [VERBOSE1:btm_ble_gap.cc(1847)] btm_ble_process_adv_addr: bda=06:fa:50:9b:39:c0
09-01 14:40:50.331 D/BluetoothUtils( 8588): blockedByLocationOff callingUid=1002
09-01 14:40:50.333 V/AsyncHttpResponse(13415): Progress 357 from 357 (100%)
09-01 14:40:50.334 I/BluetoothUtils( 8588): packagename is android.uid.bluetooth:1002 ,and its permission is false
09-01 14:40:50.335 D/BluetoothUtils( 8588): blockedByLocationOff callingUid=1002
09-01 14:40:50.335 I/BluetoothUtils( 8588): packagename is android.uid.bluetooth:1002 ,and its permission is false
09-01 14:40:50.335 D/BluetoothUtils( 8588): blockedByLocationOff callingUid=1002
09-01 14:40:50.337 I/BluetoothUtils( 8588): packagename is android.uid.bluetooth:1002 ,and its permission is false
09-01 14:40:50.337 V/bt_stack( 8588): [VERBOSE1:btm_ble_gap.cc(1923)] btm_ble_process_ext_adv_pkt: bda=53:f2:a2:69:23:e6
09-01 14:40:50.337 V/bt_stack( 8588): [VERBOSE1:btm_ble_gap.cc(1847)] btm_ble_process_adv_addr: bda=53:f2:a2:69:23:e6
09-01 14:40:50.338 D/BluetoothUtils( 8588): blockedByLocationOff callingUid=1002
09-01 14:40:50.338 I/BluetoothUtils( 8588): packagename is android.uid.bluetooth:1002 ,and its permission is false
09-01 14:40:50.338 D/BluetoothUtils( 8588): blockedByLocationOff callingUid=1002
09-01 14:40:50.339 I/BluetoothUtils( 8588): packagename is android.uid.bluetooth:1002 ,and its permission is false
09-01 14:40:50.339 D/BluetoothUtils( 8588): blockedByLocationOff callingUid=1002
09-01 14:40:50.339 I/BluetoothUtils( 8588): packagename is android.uid.bluetooth:1002 ,and its permission is false
09-01 14:40:50.344 V/bt_stack( 8588): [VERBOSE1:btm_ble_gap.cc(1923)] btm_ble_process_ext_adv_pkt: bda=38:f9:d3:45:87:1e
09-01 14:40:50.345 V/bt_stack( 8588): [VERBOSE1:btm_ble_gap.cc(1847)] btm_ble_process_adv_addr: bda=38:f9:d3:45:87:1e
09-01 14:40:50.345 V/bt_stack( 8588): [VERBOSE1:btm_ble_gap.cc(2052)]  Waiting for scan response 38:f9:d3:45:87:1e
09-01 14:40:50.345 V/bt_stack( 8588): [VERBOSE1:btm_ble_gap.cc(1923)] btm_ble_process_ext_adv_pkt: bda=38:f9:d3:45:87:1e
09-01 14:40:50.345 V/bt_stack( 8588): [VERBOSE1:btm_ble_gap.cc(1847)] btm_ble_process_adv_addr: bda=38:f9:d3:45:87:1e
09-01 14:40:50.345 D/BluetoothUtils( 8588): blockedByLocationOff callingUid=1002
09-01 14:40:50.346 I/BluetoothUtils( 8588): packagename is android.uid.bluetooth:1002 ,and its permission is false
09-01 14:40:50.346 D/BluetoothUtils( 8588): blockedByLocationOff callingUid=1002
09-01 14:40:50.346 I/BluetoothUtils( 8588): packagename is android.uid.bluetooth:1002 ,and its permission is false
09-01 14:40:50.346 D/BluetoothUtils( 8588): blockedByLocationOff callingUid=1002
09-01 14:40:50.347 I/BluetoothUtils( 8588): packagename is android.uid.bluetooth:1002 ,and its permission is false
09-01 14:40:50.349 V/bt_stack( 8588): [VERBOSE1:btm_ble_gap.cc(1923)] btm_ble_process_ext_adv_pkt: bda=0e:10:bb:c2:00:89
09-01 14:40:50.349 V/bt_stack( 8588): [VERBOSE1:btm_ble_gap.cc(1847)] btm_ble_process_adv_addr: bda=0e:10:bb:c2:00:89
09-01 14:40:50.350 D/BluetoothUtils( 8588): blockedByLocationOff callingUid=1002
09-01 14:40:50.351 I/BluetoothUtils( 8588): packagename is android.uid.bluetooth:1002 ,and its permission is false
09-01 14:40:50.351 D/BluetoothUtils( 8588): blockedByLocationOff callingUid=1002
09-01 14:40:50.351 I/BluetoothUtils( 8588): packagename is android.uid.bluetooth:1002 ,and its permission is false
09-01 14:40:50.351 D/BluetoothUtils( 8588): blockedByLocationOff callingUid=1002
09-01 14:40:50.351 I/BluetoothUtils( 8588): packagename is android.uid.bluetooth:1002 ,and its permission is false
09-01 14:40:50.352 W/AsyncHttpResponse(13415): Current thread has not called Looper.prepare().Forcing synchronous mode
09-01 14:40:50.357 W/AsyncHttpResponse(13415): Current thread has not called Looper.prepare().Forcing synchronous mode
09-01 14:40:50.359 V/bt_stack( 8588): [VERBOSE1:gatt_main.cc(1079)] gatt_get_ch_state: ch_state=4
09-01 14:40:50.359 I/bt_stack( 8588): [INFO:gatt_main.cc(912)] gatt_data_process op_code = 27, msg_len = 14
09-01 14:40:50.359 V/bt_stack( 8588): [VERBOSE1:gatt_cl.cc(620)] gatt_process_notification
09-01 14:40:50.359 V/bt_stack( 8588): [VERBOSE1:gatt_auth.cc(364)] gatt_get_link_encrypt_status status=0x8e
09-01 14:40:50.359 V/bt_stack( 8588): [VERBOSE1:bta_gattc_act.cc(1309)] bta_gattc_cmpl_cback: conn_id:3 op:6 status:142
09-01 14:40:50.359 V/bt_stack( 8588): [VERBOSE1:gatt_api.cc(1276)] GATT_GetConnectionInfor conn_id=0x0003
09-01 14:40:50.359 V/bt_stack( 8588): [VERBOSE1:bta_gattc_act.cc(1309)] bta_gattc_cmpl_cback: conn_id:4 op:6 status:142
09-01 14:40:50.359 V/bt_stack( 8588): [VERBOSE1:gatt_api.cc(1276)] GATT_GetConnectionInfor conn_id=0x0004
09-01 14:40:50.359 E/bt_btif ( 8588): bta_gattc_process_indicate, ignore HID ind/notificiation
09-01 14:40:50.359 V/bt_stack( 8588): [VERBOSE1:bta_gattc_act.cc(1309)] bta_gattc_cmpl_cback: conn_id:5 op:6 status:142
09-01 14:40:50.359 V/bt_stack( 8588): [VERBOSE1:gatt_api.cc(1276)] GATT_GetConnectionInfor conn_id=0x0005
09-01 14:40:50.359 V/bt_stack( 8588): [VERBOSE1:bta_gattc_act.cc(1309)] bta_gattc_cmpl_cback: conn_id:6 op:6 status:142
09-01 14:40:50.359 V/bt_stack( 8588): [VERBOSE1:gatt_api.cc(1276)] GATT_GetConnectionInfor conn_id=0x0006
09-01 14:40:50.359 V/bt_stack( 8588): [VERBOSE1:bta_gattc_act.cc(1309)] bta_gattc_cmpl_cback: conn_id:7 op:6 status:142
09-01 14:40:50.359 V/bt_stack( 8588): [VERBOSE1:gatt_api.cc(1276)] GATT_GetConnectionInfor conn_id=0x0007
09-01 14:40:50.359 V/bt_stack( 8588): [VERBOSE1:bta_gattc_act.cc(1309)] bta_gattc_cmpl_cback: conn_id:8 op:6 status:142
09-01 14:40:50.359 V/bt_stack( 8588): [VERBOSE1:gatt_api.cc(1276)] GATT_GetConnectionInfor conn_id=0x0008
09-01 14:40:50.359 V/bt_stack( 8588): [VERBOSE1:bta_gattc_utils.cc(346)] Notification registered!
09-01 14:40:50.359 V/bt_stack( 8588): [VERBOSE1:bta_gattc_act.cc(1212)] bta_gattc_proc_other_indication: check p_data->att_value.handle=56 p_data->handle=0
09-01 14:40:50.359 V/bt_stack( 8588): [VERBOSE1:bta_gattc_act.cc(1216)] is_notify0
09-01 14:40:50.359 V/bt_stack( 8588): [VERBOSE1:bta_gattc_act.cc(1309)] bta_gattc_cmpl_cback: conn_id:9 op:6 status:142
09-01 14:40:50.359 V/bt_stack( 8588): [VERBOSE1:gatt_api.cc(1276)] GATT_GetConnectionInfor conn_id=0x0009
09-01 14:40:50.359 V/bt_stack( 8588): [VERBOSE1:bta_gattc_act.cc(1309)] bta_gattc_cmpl_cback: conn_id:10 op:6 status:142
09-01 14:40:50.359 V/bt_stack( 8588): [VERBOSE1:gatt_api.cc(1276)] GATT_GetConnectionInfor conn_id=0x000a
09-01 14:40:50.359 V/bt_stack( 8588): [VERBOSE1:bta_gattc_act.cc(1309)] bta_gattc_cmpl_cback: conn_id:11 op:6 status:142
09-01 14:40:50.359 V/bt_stack( 8588): [VERBOSE1:gatt_api.cc(1276)] GATT_GetConnectionInfor conn_id=0x000b
09-01 14:40:50.359 V/bt_stack( 8588): [VERBOSE1:bta_gattc_act.cc(1309)] bta_gattc_cmpl_cback: conn_id:12 op:6 status:142
09-01 14:40:50.359 V/bt_stack( 8588): [VERBOSE1:gatt_api.cc(1276)] GATT_GetConnectionInfor conn_id=0x000c
09-01 14:40:50.359 V/bt_stack( 8588): [VERBOSE1:bta_gattc_act.cc(1309)] bta_gattc_cmpl_cback: conn_id:13 op:6 status:142
09-01 14:40:50.359 V/bt_stack( 8588): [VERBOSE1:gatt_api.cc(1276)] GATT_GetConnectionInfor conn_id=0x000d
09-01 14:40:50.359 V/bt_stack( 8588): [VERBOSE1:bta_gattc_act.cc(1309)] bta_gattc_cmpl_cback: conn_id:14 op:6 status:142
09-01 14:40:50.359 V/bt_stack( 8588): [VERBOSE1:gatt_api.cc(1276)] GATT_GetConnectionInfor conn_id=0x000e
09-01 14:40:50.359 V/bt_stack( 8588): [VERBOSE1:bta_gattc_act.cc(1309)] bta_gattc_cmpl_cback: conn_id:15 op:6 status:142
09-01 14:40:50.359 V/bt_stack( 8588): [VERBOSE1:gatt_api.cc(1276)] GATT_GetConnectionInfor conn_id=0x000f
09-01 14:40:50.359 V/bt_stack( 8588): [VERBOSE1:bta_gattc_act.cc(1309)] bta_gattc_cmpl_cback: conn_id:16 op:6 status:142
09-01 14:40:50.359 V/bt_stack( 8588): [VERBOSE1:gatt_api.cc(1276)] GATT_GetConnectionInfor conn_id=0x0010
09-01 14:40:50.359 V/bt_stack( 8588): [VERBOSE1:bta_gattc_act.cc(1309)] bta_gattc_cmpl_cback: conn_id:17 op:6 status:142
09-01 14:40:50.359 V/bt_stack( 8588): [VERBOSE1:gatt_api.cc(1276)] GATT_GetConnectionInfor conn_id=0x0011
09-01 14:40:50.359 V/bt_stack( 8588): [VERBOSE1:bta_gattc_act.cc(1309)] bta_gattc_cmpl_cback: conn_id:18 op:6 status:142
09-01 14:40:50.359 V/bt_stack( 8588): [VERBOSE1:gatt_api.cc(1276)] GATT_GetConnectionInfor conn_id=0x0012
09-01 14:40:50.359 V/bt_stack( 8588): [VERBOSE1:bta_gattc_act.cc(1309)] bta_gattc_cmpl_cback: conn_id:19 op:6 status:142
09-01 14:40:50.359 V/bt_stack( 8588): [VERBOSE1:gatt_api.cc(1276)] GATT_GetConnectionInfor conn_id=0x0013
09-01 14:40:50.359 V/bt_stack( 8588): [VERBOSE1:bta_gattc_act.cc(1309)] bta_gattc_cmpl_cback: conn_id:20 op:6 status:142
09-01 14:40:50.359 V/bt_stack( 8588): [VERBOSE1:gatt_api.cc(1276)] GATT_GetConnectionInfor conn_id=0x0014
09-01 14:40:50.359 V/bt_stack( 8588): [VERBOSE1:bta_gattc_act.cc(1309)] bta_gattc_cmpl_cback: conn_id:21 op:6 status:142
09-01 14:40:50.359 V/bt_stack( 8588): [VERBOSE1:gatt_api.cc(1276)] GATT_GetConnectionInfor conn_id=0x0015
09-01 14:40:50.360 D/BluetoothGatt(13415): setCharacteristicNotification() - uuid: 00000003-0000-3512-2118-0009af100700 enable: false
09-01 14:40:50.361 D/Event   (13415): No subscribers registered for event class com.xiaomi.hm.health.bodyfat.O00000Oo.O00oOooO
09-01 14:40:50.361 D/Event   (13415): No subscribers registered for event class O00000Oo.O000000o.O000000o.O0000Oo0
09-01 14:40:50.361 D/BtGatt.GattService( 8588): registerForNotification() - address=C3:D4:F4:E3:11:EC enable: false
09-01 14:40:50.361 V/bt_stack( 8588): [VERBOSE1:bta_gattc_api.cc(715)] BTA_GATTC_DeregisterForNotifications deregistered bd_addr=c3:d4:f4:e3:11:ec
09-01 14:40:50.361 D/BtGatt.GattService( 8588): onRegisterForNotifications() - address=null, status=0, registered=0, handle=56
09-01 14:40:50.362 V/bt_stack( 8588): [VERBOSE1:bta_gattc_main.cc(361)] bta_gattc_hdl_event: Event:BTA_GATTC_API_WRITE_EVT
09-01 14:40:50.362 V/bt_stack( 8588): [VERBOSE1:bta_gattc_main.cc(305)] bta_gattc_sm_execute: State 0x02 [GATTC_CONN_ST], Event 0x1f05[BTA_GATTC_API_WRITE_EVT]
09-01 14:40:50.362 V/bt_stack( 8588): [VERBOSE1:bta_gattc_main.cc(341)] bta_gattc_sm_execute: GATTC State Change: 0x02 -> 0x02 after Event 0x1f05
09-01 14:40:50.370 I/appium  (13362): channel read invoked!
09-01 14:40:50.370 I/appium  (13362): channel read: POST /wd/hub/session/2b2ac1eb-0e76-40e7-a1ac-672d2e35aa7a/element
09-01 14:40:50.370 I/appium  (13362): Find element command using '-android uiautomator' with selector 'new UiSelector().text("")'.
09-01 14:40:50.371 I/appium  (13362): Waiting up to 10000ms for device to be idle
09-01 14:40:50.389 V/AsyncHttpResponse(13415): Progress 162 from 162 (100%)
09-01 14:40:50.394 V/AsyncHttpResponse(13415): Progress 315 from 315 (100%)
09-01 14:40:50.398 I/vendor.qti.bluetooth@1.0-ibs_handler(19843): ProcessIbsCmd: Received IBS_SLEEP_IND: 0xFE
09-01 14:40:50.403 I/vendor.qti.bluetooth@1.0-ibs_handler(19843): ProcessIbsCmd: Received IBS_WAKE_IND: 0xFD
09-01 14:40:50.403 I/vendor.qti.bluetooth@1.0-ibs_handler(19843): ProcessIbsCmd: Writing IBS_WAKE_ACK
09-01 14:40:50.420 I/AudioTrack( 2503): isLongTimeZoreData zoer date time 40 Seconds
09-01 14:40:50.423 D/[Koin]  (13415): +- get 'com.huami.femalehealth.uilib.O00000o0.O00000o0'
09-01 14:40:50.423 D/[Koin]  (13415): | create instance for [type:Single,primary_type:'com.huami.femalehealth.uilib.O00000o0.O00000o0']
09-01 14:40:50.423 D/[Koin]  (13415): +- get 'android.content.Context'
09-01 14:40:50.423 D/[Koin]  (13415): +- got 'android.content.Context' in 0.008125 ms
09-01 14:40:50.423 D/[Koin]  (13415): +- got 'com.huami.femalehealth.uilib.O00000o0.O00000o0' in 0.34125 ms
09-01 14:40:50.431 V/bt_stack( 8588): [VERBOSE1:btm_ble_gap.cc(1923)] btm_ble_process_ext_adv_pkt: bda=56:e4:da:79:d5:88
09-01 14:40:50.431 V/bt_stack( 8588): [VERBOSE1:btm_ble_gap.cc(1847)] btm_ble_process_adv_addr: bda=56:e4:da:79:d5:88
09-01 14:40:50.431 V/bt_stack( 8588): [VERBOSE1:btm_ble_gap.cc(2052)]  Waiting for scan response 56:e4:da:79:d5:88
09-01 14:40:50.431 V/bt_stack( 8588): [VERBOSE1:btm_ble_gap.cc(1923)] btm_ble_process_ext_adv_pkt: bda=56:e4:da:79:d5:88
09-01 14:40:50.431 V/bt_stack( 8588): [VERBOSE1:btm_ble_gap.cc(1847)] btm_ble_process_adv_addr: bda=56:e4:da:79:d5:88
09-01 14:40:50.432 D/BluetoothUtils( 8588): blockedByLocationOff callingUid=1002
09-01 14:40:50.432 I/BluetoothUtils( 8588): packagename is android.uid.bluetooth:1002 ,and its permission is false
09-01 14:40:50.432 D/BluetoothUtils( 8588): blockedByLocationOff callingUid=1002
09-01 14:40:50.432 I/BluetoothUtils( 8588): packagename is android.uid.bluetooth:1002 ,and its permission is false
09-01 14:40:50.432 D/BluetoothUtils( 8588): blockedByLocationOff callingUid=1002
09-01 14:40:50.433 I/BluetoothUtils( 8588): packagename is android.uid.bluetooth:1002 ,and its permission is false
09-01 14:40:50.436 V/bt_stack( 8588): [VERBOSE1:btm_ble_gap.cc(1923)] btm_ble_process_ext_adv_pkt: bda=18:81:0e:e0:a8:6d
09-01 14:40:50.436 V/bt_stack( 8588): [VERBOSE1:btm_ble_gap.cc(1847)] btm_ble_process_adv_addr: bda=18:81:0e:e0:a8:6d
09-01 14:40:50.436 V/bt_stack( 8588): [VERBOSE1:btm_ble_gap.cc(2052)]  Waiting for scan response 18:81:0e:e0:a8:6d
09-01 14:40:50.436 V/bt_stack( 8588): [VERBOSE1:btm_ble_gap.cc(1923)] btm_ble_process_ext_adv_pkt: bda=06:fa:50:9b:39:c0
09-01 14:40:50.436 V/bt_stack( 8588): [VERBOSE1:btm_ble_gap.cc(1847)] btm_ble_process_adv_addr: bda=06:fa:50:9b:39:c0
09-01 14:40:50.436 V/bt_stack( 8588): [VERBOSE1:btm_ble_gap.cc(1923)] btm_ble_process_ext_adv_pkt: bda=03:d8:93:20:a7:46
09-01 14:40:50.436 V/bt_stack( 8588): [VERBOSE1:btm_ble_gap.cc(1847)] btm_ble_process_adv_addr: bda=03:d8:93:20:a7:46
09-01 14:40:50.437 D/BluetoothUtils( 8588): blockedByLocationOff callingUid=1002
09-01 14:40:50.437 I/BluetoothUtils( 8588): packagename is android.uid.bluetooth:1002 ,and its permission is false
09-01 14:40:50.437 D/BluetoothUtils( 8588): blockedByLocationOff callingUid=1002
09-01 14:40:50.437 I/BluetoothUtils( 8588): packagename is android.uid.bluetooth:1002 ,and its permission is false
09-01 14:40:50.437 D/BluetoothUtils( 8588): blockedByLocationOff callingUid=1002
09-01 14:40:50.438 I/BluetoothUtils( 8588): packagename is android.uid.bluetooth:1002 ,and its permission is false
09-01 14:40:50.438 D/BluetoothUtils( 8588): blockedByLocationOff callingUid=1002
09-01 14:40:50.439 V/bt_stack( 8588): [VERBOSE1:btm_ble_gap.cc(1923)] btm_ble_process_ext_adv_pkt: bda=01:f5:30:c0:9b:7a
09-01 14:40:50.439 V/bt_stack( 8588): [VERBOSE1:btm_ble_gap.cc(1847)] btm_ble_process_adv_addr: bda=01:f5:30:c0:9b:7a
09-01 14:40:50.439 I/BluetoothUtils( 8588): packagename is android.uid.bluetooth:1002 ,and its permission is false
09-01 14:40:50.439 D/BluetoothUtils( 8588): blockedByLocationOff callingUid=1002
09-01 14:40:50.439 I/BluetoothUtils( 8588): packagename is android.uid.bluetooth:1002 ,and its permission is false
09-01 14:40:50.439 D/BluetoothUtils( 8588): blockedByLocationOff callingUid=1002
09-01 14:40:50.439 I/BluetoothUtils( 8588): packagename is android.uid.bluetooth:1002 ,and its permission is false
09-01 14:40:50.440 D/BluetoothUtils( 8588): blockedByLocationOff callingUid=1002
09-01 14:40:50.440 I/BluetoothUtils( 8588): packagename is android.uid.bluetooth:1002 ,and its permission is false
09-01 14:40:50.440 D/BluetoothUtils( 8588): blockedByLocationOff callingUid=1002
09-01 14:40:50.441 I/BluetoothUtils( 8588): packagename is android.uid.bluetooth:1002 ,and its permission is false
09-01 14:40:50.441 D/BluetoothUtils( 8588): blockedByLocationOff callingUid=1002
09-01 14:40:50.441 I/BluetoothUtils( 8588): packagename is android.uid.bluetooth:1002 ,and its permission is false
09-01 14:40:50.449 V/bt_stack( 8588): [VERBOSE1:gatt_main.cc(1079)] gatt_get_ch_state: ch_state=4
09-01 14:40:50.449 I/bt_stack( 8588): [INFO:gatt_main.cc(912)] gatt_data_process op_code = 19, msg_len = 0
09-01 14:40:50.449 V/bt_stack( 8588): [VERBOSE1:gatt_cl.cc(1094)] gatt_client_handle_server_rsp op_code: 19, len = 0rsp_code: 19
09-01 14:40:50.449 V/bt_stack( 8588): [VERBOSE1:gatt_utils.cc(1191)] gatt_end_operation status=0 op=3 subtype=2
09-01 14:40:50.449 V/bt_stack( 8588): [VERBOSE1:bta_gattc_act.cc(1309)] bta_gattc_cmpl_cback: conn_id:8 op:3 status:0
09-01 14:40:50.449 V/bt_stack( 8588): [VERBOSE1:bta_gattc_main.cc(361)] bta_gattc_hdl_event: Event:BTA_GATTC_OP_CMPL_EVT
09-01 14:40:50.449 V/bt_stack( 8588): [VERBOSE1:bta_gattc_main.cc(305)] bta_gattc_sm_execute: State 0x02 [GATTC_CONN_ST], Event 0x1f0f[BTA_GATTC_OP_CMPL_EVT]
09-01 14:40:50.449 V/bt_stack( 8588): [VERBOSE1:bta_gattc_act.cc(936)] bta_gattc_op_cmpl: op:3
09-01 14:40:50.449 V/bt_stack( 8588): [VERBOSE1:bta_gattc_main.cc(341)] bta_gattc_sm_execute: GATTC State Change: 0x02 -> 0x02 after Event 0x1f0f
09-01 14:40:50.450 V/bt_stack( 8588): [VERBOSE1:btm_ble_gap.cc(1923)] btm_ble_process_ext_adv_pkt: bda=c7:c8:7a:ef:62:16
09-01 14:40:50.450 V/bt_stack( 8588): [VERBOSE1:btm_ble_gap.cc(1847)] btm_ble_process_adv_addr: bda=c7:c8:7a:ef:62:16
09-01 14:40:50.450 V/bt_stack( 8588): [VERBOSE1:btm_ble_gap.cc(2052)]  Waiting for scan response c7:c8:7a:ef:62:16
09-01 14:40:50.451 V/bt_stack( 8588): [VERBOSE1:btm_ble_gap.cc(1923)] btm_ble_process_ext_adv_pkt: bda=59:5f:ac:32:e1:b7
09-01 14:40:50.451 V/bt_stack( 8588): [VERBOSE1:btm_ble_gap.cc(1847)] btm_ble_process_adv_addr: bda=59:5f:ac:32:e1:b7
09-01 14:40:50.451 V/bt_stack( 8588): [VERBOSE1:btm_ble_gap.cc(2052)]  Waiting for scan response 59:5f:ac:32:e1:b7
09-01 14:40:50.451 V/bt_stack( 8588): [VERBOSE1:btm_ble_gap.cc(1923)] btm_ble_process_ext_adv_pkt: bda=59:5f:ac:32:e1:b7
09-01 14:40:50.451 V/bt_stack( 8588): [VERBOSE1:btm_ble_gap.cc(1847)] btm_ble_process_adv_addr: bda=59:5f:ac:32:e1:b7
09-01 14:40:50.452 D/BluetoothGatt(13415): setCharacteristicNotification() - uuid: 00000010-0000-3512-2118-0009af100700 enable: true
09-01 14:40:50.452 D/BluetoothUtils( 8588): blockedByLocationOff callingUid=1002
09-01 14:40:50.452 D/BtGatt.GattService( 8588): registerForNotification() - address=C3:D4:F4:E3:11:EC enable: true
09-01 14:40:50.452 I/BluetoothUtils( 8588): packagename is android.uid.bluetooth:1002 ,and its permission is false
09-01 14:40:50.452 D/BluetoothUtils( 8588): blockedByLocationOff callingUid=1002
09-01 14:40:50.453 I/BluetoothUtils( 8588): packagename is android.uid.bluetooth:1002 ,and its permission is false
09-01 14:40:50.453 D/BluetoothUtils( 8588): blockedByLocationOff callingUid=1002
09-01 14:40:50.453 I/BluetoothUtils( 8588): packagename is android.uid.bluetooth:1002 ,and its permission is false
09-01 14:40:50.453 D/BtGatt.GattService( 8588): onRegisterForNotifications() - address=null, status=0, registered=1, handle=77
09-01 14:40:50.454 V/bt_stack( 8588): [VERBOSE1:bta_gattc_main.cc(361)] bta_gattc_hdl_event: Event:BTA_GATTC_API_WRITE_EVT
09-01 14:40:50.454 V/bt_stack( 8588): [VERBOSE1:bta_gattc_main.cc(305)] bta_gattc_sm_execute: State 0x02 [GATTC_CONN_ST], Event 0x1f05[BTA_GATTC_API_WRITE_EVT]
09-01 14:40:50.454 V/bt_stack( 8588): [VERBOSE1:bta_gattc_main.cc(341)] bta_gattc_sm_execute: GATTC State Change: 0x02 -> 0x02 after Event 0x1f05
09-01 14:40:50.456 D/[Koin]  (13415): +- get 'com.huami.femalehealth.uilib.viewmodel.FemaleMifitViewModel'
09-01 14:40:50.456 D/[Koin]  (13415): | create instance for [type:Factory,primary_type:'com.huami.femalehealth.uilib.viewmodel.FemaleMifitViewModel']
09-01 14:40:50.456 D/[Koin]  (13415): +- get 'com.huami.femalehealth.logiclib.O0000O0o.O0000O0o'
09-01 14:40:50.456 D/[Koin]  (13415): | create instance for [type:Factory,primary_type:'com.huami.femalehealth.logiclib.O0000O0o.O0000O0o']
09-01 14:40:50.457 D/[Koin]  (13415): +- get 'com.huami.femalehealth.logiclib.O00000oO.O0000O0o'
09-01 14:40:50.457 D/[Koin]  (13415): +- got 'com.huami.femalehealth.logiclib.O00000oO.O0000O0o' in 0.023281 ms
09-01 14:40:50.457 D/[Koin]  (13415): +- get 'com.huami.femalehealth.logiclib.O000000o.O00000Oo'
09-01 14:40:50.457 D/[Koin]  (13415): +- got 'com.huami.femalehealth.logiclib.O000000o.O00000Oo' in 0.005678 ms
09-01 14:40:50.457 D/[Koin]  (13415): +- get 'com.huami.femalehealth.logiclib.O00000oO.O00oOooO'
09-01 14:40:50.457 D/[Koin]  (13415): +- got 'com.huami.femalehealth.logiclib.O00000oO.O00oOooO' in 0.004792 ms
09-01 14:40:50.457 D/[Koin]  (13415): +- get 'com.huami.femalehealth.logiclib.O00000Oo.O00000o'
09-01 14:40:50.457 D/[Koin]  (13415): | create instance for [type:Factory,primary_type:'com.huami.femalehealth.logiclib.O00000Oo.O00000o']
09-01 14:40:50.457 D/[Koin]  (13415): +- get 'com.huami.femalehealth.logiclib.O00000oO.O0000O0o'
09-01 14:40:50.457 D/[Koin]  (13415): +- got 'com.huami.femalehealth.logiclib.O00000oO.O0000O0o' in 0.005625 ms
09-01 14:40:50.457 D/[Koin]  (13415): +- get 'com.huami.femalehealth.logiclib.O000000o.O00000Oo'
09-01 14:40:50.457 D/[Koin]  (13415): +- got 'com.huami.femalehealth.logiclib.O000000o.O00000Oo' in 0.004583 ms
09-01 14:40:50.457 D/[Koin]  (13415): +- get 'com.huami.femalehealth.logiclib.db.FemaleHealthDb'
09-01 14:40:50.457 D/[Koin]  (13415): +- got 'com.huami.femalehealth.logiclib.db.FemaleHealthDb' in 0.005885 ms
09-01 14:40:50.457 D/[Koin]  (13415): +- get 'com.huami.femalehealth.logiclib.O00000Oo.O00000Oo'
09-01 14:40:50.457 D/[Koin]  (13415): +- got 'com.huami.femalehealth.logiclib.O00000Oo.O00000Oo' in 0.005417 ms
09-01 14:40:50.457 D/[Koin]  (13415): +- get 'com.huami.femalehealth.logiclib.O00000oO.O00oOooO'
09-01 14:40:50.457 D/[Koin]  (13415): +- got 'com.huami.femalehealth.logiclib.O00000oO.O00oOooO' in 0.004114 ms
09-01 14:40:50.457 D/[Koin]  (13415): +- got 'com.huami.femalehealth.logiclib.O00000Oo.O00000o' in 0.16849 ms
09-01 14:40:50.457 D/[Koin]  (13415): +- got 'com.huami.femalehealth.logiclib.O0000O0o.O0000O0o' in 0.355625 ms
09-01 14:40:50.457 D/[Koin]  (13415): +- get 'com.huami.femalehealth.logiclib.O0000O0o.O00000o'
09-01 14:40:50.457 D/[Koin]  (13415): | create instance for [type:Factory,primary_type:'com.huami.femalehealth.logiclib.O0000O0o.O00000o']
09-01 14:40:50.457 D/[Koin]  (13415): +- get 'com.huami.femalehealth.logiclib.O00000oO.O0000O0o'
09-01 14:40:50.457 D/[Koin]  (13415): +- got 'com.huami.femalehealth.logiclib.O00000oO.O0000O0o' in 0.004427 ms
09-01 14:40:50.457 D/[Koin]  (13415): +- get 'com.huami.femalehealth.logiclib.O000000o.O00000Oo'
09-01 14:40:50.457 D/[Koin]  (13415): +- got 'com.huami.femalehealth.logiclib.O000000o.O00000Oo' in 0.003698 ms
09-01 14:40:50.457 D/[Koin]  (13415): +- get 'com.huami.femalehealth.logiclib.db.FemaleHealthDb'
09-01 14:40:50.457 D/[Koin]  (13415): +- got 'com.huami.femalehealth.logiclib.db.FemaleHealthDb' in 0.004063 ms
09-01 14:40:50.457 D/[Koin]  (13415): +- get 'com.huami.femalehealth.logiclib.O00000Oo.O00000o'
09-01 14:40:50.457 D/[Koin]  (13415): | create instance for [type:Factory,primary_type:'com.huami.femalehealth.logiclib.O00000Oo.O00000o']
09-01 14:40:50.457 D/[Koin]  (13415): +- get 'com.huami.femalehealth.logiclib.O00000oO.O0000O0o'
09-01 14:40:50.457 D/[Koin]  (13415): +- got 'com.huami.femalehealth.logiclib.O00000oO.O0000O0o' in 0.003907 ms
09-01 14:40:50.457 D/[Koin]  (13415): +- get 'com.huami.femalehealth.logiclib.O000000o.O00000Oo'
09-01 14:40:50.457 D/[Koin]  (13415): +- got 'com.huami.femalehealth.logiclib.O000000o.O00000Oo' in 0.004219 ms
09-01 14:40:50.457 D/[Koin]  (13415): +- get 'com.huami.femalehealth.logiclib.db.FemaleHealthDb'
09-01 14:40:50.457 D/[Koin]  (13415): +- got 'com.huami.femalehealth.logiclib.db.FemaleHealthDb' in 0.004271 ms
09-01 14:40:50.457 D/[Koin]  (13415): +- get 'com.huami.femalehealth.logiclib.O00000Oo.O00000Oo'
09-01 14:40:50.457 D/[Koin]  (13415): +- got 'com.huami.femalehealth.logiclib.O00000Oo.O00000Oo' in 0.004166 ms
09-01 14:40:50.457 D/[Koin]  (13415): +- get 'com.huami.femalehealth.logiclib.O00000oO.O00oOooO'
09-01 14:40:50.457 D/[Koin]  (13415): +- got 'com.huami.femalehealth.logiclib.O00000oO.O00oOooO' in 0.007656 ms
09-01 14:40:50.457 D/[Koin]  (13415): +- got 'com.huami.femalehealth.logiclib.O00000Oo.O00000o' in 0.152448 ms
09-01 14:40:50.457 D/[Koin]  (13415): +- get 'com.huami.femalehealth.logiclib.O00000Oo.O00000o0'
09-01 14:40:50.457 D/[Koin]  (13415): | create instance for [type:Factory,primary_type:'com.huami.femalehealth.logiclib.O00000Oo.O00000o0']
