09-01 14:40:50.134 I/BluetoothUtils( 8588): packagename is android.uid.bluetooth:1002 ,and its permission is false
09-01 14:40:50.134 D/g       ( 3272): get setting: device = C3:D4:F4:E3:11:EC, setting = alert_incall_enabled, value = null
09-01 14:40:50.134 D/BluetoothUtils( 8588): blockedByLocationOff callingUid=1002
09-01 14:40:50.134 D/MiBleDeviceManagerService( 3272): getSettingInteger() alert_sms_enabled
09-01 14:40:50.134 I/BluetoothUtils( 8588): packagename is android.uid.bluetooth:1002 ,and its permission is false
09-01 14:40:50.135 D/g       ( 3272): get setting: device = C3:D4:F4:E3:11:EC, setting = alert_sms_enabled, value = null
09-01 14:40:50.135 D/MiBleDeviceManagerService( 3272): getSettingInteger() alert_alarm_enabled
09-01 14:40:50.135 D/g       ( 3272): get setting: device = C3:D4:F4:E3:11:EC, setting = alert_alarm_enabled, value = null
09-01 14:40:50.136 D/MiBleDeviceManagerService( 3272): getBoundDevices()
09-01 14:40:50.136 D/g       ( 3272): getAllSettedDevices
09-01 14:40:50.138 D/g       ( 3272): deleteSettings() D3:14:BE:7D:BC:89
09-01 14:40:50.138 E/MiBleDeviceManagerService( 3272): deleteSettings failed, device = D3:14:BE:7D:BC:89
09-01 14:40:50.139 D/g       ( 3272): deleteSettings() C3:D4:F4:E3:11:EC
09-01 14:40:50.139 W/AsyncHttpResponse(13415): Current thread has not called Looper.prepare().Forcing synchronous mode
09-01 14:40:50.139 E/MiBleDeviceManagerService( 3272): deleteSettings failed, device = C3:D4:F4:E3:11:EC
09-01 14:40:50.140 D/MiBleDeviceManagerService( 3272): getSettingInteger() alert_incall_enabled
09-01 14:40:50.140 D/g       ( 3272): get setting: device = C3:D4:F4:E3:11:EC, setting = alert_incall_enabled, value = null
09-01 14:40:50.140 D/MiBleDeviceManagerService( 3272): getSettingInteger() alert_sms_enabled
09-01 14:40:50.140 V/bt_stack( 8588): [VERBOSE1:btm_ble_gap.cc(1923)] btm_ble_process_ext_adv_pkt: bda=56:e4:da:79:d5:88
09-01 14:40:50.141 V/bt_stack( 8588): [VERBOSE1:btm_ble_gap.cc(1847)] btm_ble_process_adv_addr: bda=56:e4:da:79:d5:88
09-01 14:40:50.141 V/bt_stack( 8588): [VERBOSE1:btm_ble_gap.cc(2052)]  Waiting for scan response 56:e4:da:79:d5:88
09-01 14:40:50.141 V/bt_stack( 8588): [VERBOSE1:btm_ble_gap.cc(1923)] btm_ble_process_ext_adv_pkt: bda=56:e4:da:79:d5:88
09-01 14:40:50.141 V/bt_stack( 8588): [VERBOSE1:btm_ble_gap.cc(1847)] btm_ble_process_adv_addr: bda=56:e4:da:79:d5:88
09-01 14:40:50.141 D/g       ( 3272): get setting: device = C3:D4:F4:E3:11:EC, setting = alert_sms_enabled, value = null
09-01 14:40:50.141 D/MiBleDeviceManagerService( 3272): getSettingInteger() alert_alarm_enabled
09-01 14:40:50.142 D/BluetoothUtils( 8588): blockedByLocationOff callingUid=1002
09-01 14:40:50.142 I/BluetoothUtils( 8588): packagename is android.uid.bluetooth:1002 ,and its permission is false
09-01 14:40:50.142 D/BluetoothUtils( 8588): blockedByLocationOff callingUid=1002
09-01 14:40:50.143 I/BluetoothUtils( 8588): packagename is android.uid.bluetooth:1002 ,and its permission is false
09-01 14:40:50.143 D/BluetoothUtils( 8588): blockedByLocationOff callingUid=1002
09-01 14:40:50.143 I/BluetoothUtils( 8588): packagename is android.uid.bluetooth:1002 ,and its permission is false
09-01 14:40:50.143 D/g       ( 3272): get setting: device = C3:D4:F4:E3:11:EC, setting = alert_alarm_enabled, value = null
09-01 14:40:50.144 W/PushService( 5479): 2020-08-31 23:40:50,143 - [WARN::PushService] - [Thread:2] onStart() with intent.Action = action_cr_config, chid = null, pkg = null|com.xiaomi.hm.health, from-bridge = null
09-01 14:40:50.144 W/PushService( 5479): 2020-08-31 23:40:50,144 - [WARN::PushService] - [Thread:293] JOB: Handle intent action = action_cr_config
09-01 14:40:50.145 D/CompatibilityInfo( 1639): mCompatibilityFlags - 0
09-01 14:40:50.145 D/CompatibilityInfo( 1639): applicationDensity - 440
09-01 14:40:50.145 D/CompatibilityInfo( 1639): applicationScale - 1.0
09-01 14:40:50.147 I/hwservicemanager(  573): getTransport: Cannot find entry vendor.qti.hardware.servicetracker@1.0::IServicetracker/default in either framework or device manifest.
09-01 14:40:50.152 V/bt_stack( 8588): [VERBOSE1:btm_ble_gap.cc(1923)] btm_ble_process_ext_adv_pkt: bda=5d:59:4a:0e:04:eb
09-01 14:40:50.152 V/bt_stack( 8588): [VERBOSE1:btm_ble_gap.cc(1847)] btm_ble_process_adv_addr: bda=5d:59:4a:0e:04:eb
09-01 14:40:50.152 V/bt_stack( 8588): [VERBOSE1:btm_ble_gap.cc(2052)]  Waiting for scan response 5d:59:4a:0e:04:eb
09-01 14:40:50.152 V/xiaomi  (13415): [Thread:6431] ASSEMBLE_PUSH : assemble push register
09-01 14:40:50.152 W/PushService( 5479): 2020-08-31 23:40:50,152 - [WARN::PushService] - [Thread:2] onStart() with intent.Action = com.xiaomi.mipush.SEND_MESSAGE, chid = null, pkg = null|com.xiaomi.hm.health, from-bridge = null
09-01 14:40:50.153 V/xiaomi  (13415): [Thread:6431] (Local) begin execute onCommandResult, command=set-alias, resultCode=0, reason=null
09-01 14:40:50.153 V/bt_stack( 8588): [VERBOSE1:btm_ble_gap.cc(1923)] btm_ble_process_ext_adv_pkt: bda=38:f9:d3:45:87:1e
09-01 14:40:50.153 V/bt_stack( 8588): [VERBOSE1:btm_ble_gap.cc(1847)] btm_ble_process_adv_addr: bda=38:f9:d3:45:87:1e
09-01 14:40:50.153 V/bt_stack( 8588): [VERBOSE1:btm_ble_gap.cc(2052)]  Waiting for scan response 38:f9:d3:45:87:1e
09-01 14:40:50.153 V/bt_stack( 8588): [VERBOSE1:btm_ble_gap.cc(1923)] btm_ble_process_ext_adv_pkt: bda=38:f9:d3:45:87:1e
09-01 14:40:50.153 V/bt_stack( 8588): [VERBOSE1:btm_ble_gap.cc(1847)] btm_ble_process_adv_addr: bda=38:f9:d3:45:87:1e
09-01 14:40:50.153 V/xiaomi  (13415): [Thread:6431] (Local) begin execute onCommandResult, command=set-alias, resultCode=0, reason=null
09-01 14:40:50.153 W/PushService( 5479): 2020-08-31 23:40:50,153 - [WARN::PushService] - [Thread:293] JOB: Handle intent action = com.xiaomi.mipush.SEND_MESSAGE
09-01 14:40:50.153 W/PushService( 5479): 2020-08-31 23:40:50,153 - [WARN::PushService] - [Thread:293] try send mi push message. packagename:com.xiaomi.hm.health action:Subscription
09-01 14:40:50.153 V/xiaomi  (13415): [Thread:6431] (Local) begin execute onCommandResult, command=subscribe-topic, resultCode=0, reason=null
09-01 14:40:50.154 V/xiaomi  (13415): [Thread:6431] (Local) begin execute onCommandResult, command=subscribe-topic, resultCode=0, reason=null
09-01 14:40:50.154 D/BluetoothUtils( 8588): blockedByLocationOff callingUid=1002
09-01 14:40:50.154 V/xiaomi  (13415): [Thread:6431] (Local) begin execute onCommandResult, command=subscribe-topic, resultCode=0, reason=null
09-01 14:40:50.154 V/xiaomi  (13415): [Thread:6431] (Local) begin execute onCommandResult, command=subscribe-topic, resultCode=0, reason=null
09-01 14:40:50.154 W/PushService( 5479): 2020-08-31 23:40:50,154 - [WARN::PushService] - [Thread:293] [Slim] Wrote {cmd=SECMSG;chid=5;len=303}
09-01 14:40:50.154 V/xiaomi  (13415): [Thread:6431] (Local) begin execute onCommandResult, command=subscribe-topic, resultCode=0, reason=null
09-01 14:40:50.154 W/PushService( 5479): 2020-08-31 23:40:50,154 - [WARN::PushService] - [Thread:293] [Slim] 11:40:50 PM Sent  Blob [SECMSG,5,4QI3U-1337]
09-01 14:40:50.154 V/bt_stack( 8588): [VERBOSE1:btm_ble_gap.cc(1923)] btm_ble_process_ext_adv_pkt: bda=33:91:15:08:2a:2b
09-01 14:40:50.154 V/bt_stack( 8588): [VERBOSE1:btm_ble_gap.cc(1847)] btm_ble_process_adv_addr: bda=33:91:15:08:2a:2b
09-01 14:40:50.154 I/BluetoothUtils( 8588): packagename is android.uid.bluetooth:1002 ,and its permission is false
09-01 14:40:50.154 V/xiaomi  (13415): [Thread:6431] (Local) begin execute onCommandResult, command=subscribe-topic, resultCode=0, reason=null
09-01 14:40:50.155 D/BluetoothUtils( 8588): blockedByLocationOff callingUid=1002
09-01 14:40:50.155 V/xiaomi  (13415): [Thread:6431] (Local) begin execute onCommandResult, command=subscribe-topic, resultCode=0, reason=null
09-01 14:40:50.155 I/BluetoothUtils( 8588): packagename is android.uid.bluetooth:1002 ,and its permission is false
09-01 14:40:50.155 D/BluetoothUtils( 8588): blockedByLocationOff callingUid=1002
09-01 14:40:50.155 I/BluetoothUtils( 8588): packagename is android.uid.bluetooth:1002 ,and its permission is false
09-01 14:40:50.156 D/BluetoothUtils( 8588): blockedByLocationOff callingUid=1002
09-01 14:40:50.156 I/BluetoothUtils( 8588): packagename is android.uid.bluetooth:1002 ,and its permission is false
09-01 14:40:50.156 D/BluetoothUtils( 8588): blockedByLocationOff callingUid=1002
09-01 14:40:50.156 I/BluetoothUtils( 8588): packagename is android.uid.bluetooth:1002 ,and its permission is false
09-01 14:40:50.156 D/BluetoothUtils( 8588): blockedByLocationOff callingUid=1002
09-01 14:40:50.157 I/BluetoothUtils( 8588): packagename is android.uid.bluetooth:1002 ,and its permission is false
09-01 14:40:50.170 V/bt_stack( 8588): [VERBOSE1:btm_ble_gap.cc(1923)] btm_ble_process_ext_adv_pkt: bda=24:c2:07:5f:ee:ac
09-01 14:40:50.170 V/bt_stack( 8588): [VERBOSE1:btm_ble_gap.cc(1847)] btm_ble_process_adv_addr: bda=24:c2:07:5f:ee:ac
09-01 14:40:50.170 D/BluetoothUtils( 8588): blockedByLocationOff callingUid=1002
09-01 14:40:50.171 I/BluetoothUtils( 8588): packagename is android.uid.bluetooth:1002 ,and its permission is false
09-01 14:40:50.171 D/BluetoothUtils( 8588): blockedByLocationOff callingUid=1002
09-01 14:40:50.171 I/BluetoothUtils( 8588): packagename is android.uid.bluetooth:1002 ,and its permission is false
09-01 14:40:50.172 D/BluetoothUtils( 8588): blockedByLocationOff callingUid=1002
09-01 14:40:50.172 I/BluetoothUtils( 8588): packagename is android.uid.bluetooth:1002 ,and its permission is false
09-01 14:40:50.175 V/bt_stack( 8588): [VERBOSE1:btm_ble_gap.cc(1923)] btm_ble_process_ext_adv_pkt: bda=58:d0:f0:96:be:49
09-01 14:40:50.175 V/bt_stack( 8588): [VERBOSE1:btm_ble_gap.cc(1847)] btm_ble_process_adv_addr: bda=58:d0:f0:96:be:49
09-01 14:40:50.175 V/bt_stack( 8588): [VERBOSE1:btm_ble_gap.cc(2052)]  Waiting for scan response 58:d0:f0:96:be:49
09-01 14:40:50.175 V/bt_stack( 8588): [VERBOSE1:btm_ble_gap.cc(1923)] btm_ble_process_ext_adv_pkt: bda=24:36:26:fc:bf:e5
09-01 14:40:50.175 V/bt_stack( 8588): [VERBOSE1:btm_ble_gap.cc(1847)] btm_ble_process_adv_addr: bda=24:36:26:fc:bf:e5
09-01 14:40:50.176 D/BluetoothUtils( 8588): blockedByLocationOff callingUid=1002
09-01 14:40:50.176 I/BluetoothUtils( 8588): packagename is android.uid.bluetooth:1002 ,and its permission is false
09-01 14:40:50.176 D/BluetoothUtils( 8588): blockedByLocationOff callingUid=1002
09-01 14:40:50.177 I/BluetoothUtils( 8588): packagename is android.uid.bluetooth:1002 ,and its permission is false
09-01 14:40:50.177 D/BluetoothUtils( 8588): blockedByLocationOff callingUid=1002
09-01 14:40:50.177 I/BluetoothUtils( 8588): packagename is android.uid.bluetooth:1002 ,and its permission is false
09-01 14:40:50.179 V/bt_stack( 8588): [VERBOSE1:gatt_main.cc(1079)] gatt_get_ch_state: ch_state=4
09-01 14:40:50.179 I/bt_stack( 8588): [INFO:gatt_main.cc(912)] gatt_data_process op_code = 19, msg_len = 0
09-01 14:40:50.179 V/bt_stack( 8588): [VERBOSE1:gatt_cl.cc(1094)] gatt_client_handle_server_rsp op_code: 19, len = 0rsp_code: 19
09-01 14:40:50.179 V/bt_stack( 8588): [VERBOSE1:gatt_utils.cc(1191)] gatt_end_operation status=0 op=3 subtype=2
09-01 14:40:50.179 V/bt_stack( 8588): [VERBOSE1:bta_gattc_act.cc(1309)] bta_gattc_cmpl_cback: conn_id:8 op:3 status:0
09-01 14:40:50.179 V/bt_stack( 8588): [VERBOSE1:bta_gattc_main.cc(361)] bta_gattc_hdl_event: Event:BTA_GATTC_OP_CMPL_EVT
09-01 14:40:50.179 V/bt_stack( 8588): [VERBOSE1:bta_gattc_main.cc(305)] bta_gattc_sm_execute: State 0x02 [GATTC_CONN_ST], Event 0x1f0f[BTA_GATTC_OP_CMPL_EVT]
09-01 14:40:50.179 V/bt_stack( 8588): [VERBOSE1:bta_gattc_act.cc(936)] bta_gattc_op_cmpl: op:3
09-01 14:40:50.179 V/bt_stack( 8588): [VERBOSE1:bta_gattc_main.cc(341)] bta_gattc_sm_execute: GATTC State Change: 0x02 -> 0x02 after Event 0x1f0f
09-01 14:40:50.180 D/BluetoothGatt(13415): setCharacteristicNotification() - uuid: 00000003-0000-3512-2118-0009af100700 enable: true
09-01 14:40:50.181 D/BtGatt.GattService( 8588): registerForNotification() - address=C3:D4:F4:E3:11:EC enable: true
09-01 14:40:50.181 W/bt_stack( 8588): [WARNING:bta_gattc_api.cc(651)] notification already registered
09-01 14:40:50.181 D/BtGatt.GattService( 8588): onRegisterForNotifications() - address=null, status=0, registered=1, handle=56
09-01 14:40:50.182 V/bt_stack( 8588): [VERBOSE1:bta_gattc_main.cc(361)] bta_gattc_hdl_event: Event:BTA_GATTC_API_WRITE_EVT
09-01 14:40:50.182 V/bt_stack( 8588): [VERBOSE1:bta_gattc_main.cc(305)] bta_gattc_sm_execute: State 0x02 [GATTC_CONN_ST], Event 0x1f05[BTA_GATTC_API_WRITE_EVT]
09-01 14:40:50.183 V/bt_stack( 8588): [VERBOSE1:bta_gattc_main.cc(341)] bta_gattc_sm_execute: GATTC State Change: 0x02 -> 0x02 after Event 0x1f05
09-01 14:40:50.184 V/bt_stack( 8588): [VERBOSE1:btm_ble_gap.cc(1923)] btm_ble_process_ext_adv_pkt: bda=66:3e:07:e0:2b:d4
09-01 14:40:50.185 V/bt_stack( 8588): [VERBOSE1:btm_ble_gap.cc(1847)] btm_ble_process_adv_addr: bda=66:3e:07:e0:2b:d4
09-01 14:40:50.185 V/bt_stack( 8588): [VERBOSE1:btm_ble_gap.cc(2052)]  Waiting for scan response 66:3e:07:e0:2b:d4
09-01 14:40:50.185 V/bt_stack( 8588): [VERBOSE1:btm_ble_gap.cc(1923)] btm_ble_process_ext_adv_pkt: bda=56:e4:da:79:d5:88
09-01 14:40:50.185 V/bt_stack( 8588): [VERBOSE1:btm_ble_gap.cc(1847)] btm_ble_process_adv_addr: bda=56:e4:da:79:d5:88
09-01 14:40:50.185 V/bt_stack( 8588): [VERBOSE1:btm_ble_gap.cc(2052)]  Waiting for scan response 56:e4:da:79:d5:88
09-01 14:40:50.186 V/bt_stack( 8588): [VERBOSE1:btm_ble_gap.cc(1923)] btm_ble_process_ext_adv_pkt: bda=56:e4:da:79:d5:88
09-01 14:40:50.186 V/bt_stack( 8588): [VERBOSE1:btm_ble_gap.cc(1847)] btm_ble_process_adv_addr: bda=56:e4:da:79:d5:88
09-01 14:40:50.186 D/BluetoothUtils( 8588): blockedByLocationOff callingUid=1002
09-01 14:40:50.187 I/BluetoothUtils( 8588): packagename is android.uid.bluetooth:1002 ,and its permission is false
09-01 14:40:50.187 D/BluetoothUtils( 8588): blockedByLocationOff callingUid=1002
09-01 14:40:50.187 I/BluetoothUtils( 8588): packagename is android.uid.bluetooth:1002 ,and its permission is false
09-01 14:40:50.187 D/BluetoothUtils( 8588): blockedByLocationOff callingUid=1002
09-01 14:40:50.188 I/BluetoothUtils( 8588): packagename is android.uid.bluetooth:1002 ,and its permission is false
09-01 14:40:50.188 V/AsyncHttpResponse(13415): Progress 40 from 40 (100%)
09-01 14:40:50.188 V/bt_stack( 8588): [VERBOSE1:btm_ble_gap.cc(1923)] btm_ble_process_ext_adv_pkt: bda=1d:3e:e9:7a:79:4a
09-01 14:40:50.188 V/bt_stack( 8588): [VERBOSE1:btm_ble_gap.cc(1847)] btm_ble_process_adv_addr: bda=1d:3e:e9:7a:79:4a
09-01 14:40:50.188 D/BluetoothUtils( 8588): blockedByLocationOff callingUid=1002
09-01 14:40:50.189 I/BluetoothUtils( 8588): packagename is android.uid.bluetooth:1002 ,and its permission is false
09-01 14:40:50.189 D/BluetoothUtils( 8588): blockedByLocationOff callingUid=1002
09-01 14:40:50.190 V/bt_stack( 8588): [VERBOSE1:btm_ble_gap.cc(1923)] btm_ble_process_ext_adv_pkt: bda=11:ae:fa:db:9a:55
09-01 14:40:50.190 V/bt_stack( 8588): [VERBOSE1:btm_ble_gap.cc(1847)] btm_ble_process_adv_addr: bda=11:ae:fa:db:9a:55
09-01 14:40:50.191 I/BluetoothUtils( 8588): packagename is android.uid.bluetooth:1002 ,and its permission is false
09-01 14:40:50.191 D/BluetoothUtils( 8588): blockedByLocationOff callingUid=1002
09-01 14:40:50.191 I/BluetoothUtils( 8588): packagename is android.uid.bluetooth:1002 ,and its permission is false
09-01 14:40:50.192 W/AsyncHttpResponse(13415): Current thread has not called Looper.prepare().Forcing synchronous mode
09-01 14:40:50.192 D/BluetoothUtils( 8588): blockedByLocationOff callingUid=1002
09-01 14:40:50.192 I/BluetoothUtils( 8588): packagename is android.uid.bluetooth:1002 ,and its permission is false
09-01 14:40:50.192 D/BluetoothUtils( 8588): blockedByLocationOff callingUid=1002
09-01 14:40:50.192 V/bt_stack( 8588): [VERBOSE1:btm_ble_gap.cc(1923)] btm_ble_process_ext_adv_pkt: bda=2c:09:3e:94:80:f3
09-01 14:40:50.192 V/bt_stack( 8588): [VERBOSE1:btm_ble_gap.cc(1847)] btm_ble_process_adv_addr: bda=2c:09:3e:94:80:f3
09-01 14:40:50.192 I/BluetoothUtils( 8588): packagename is android.uid.bluetooth:1002 ,and its permission is false
09-01 14:40:50.193 D/BluetoothUtils( 8588): blockedByLocationOff callingUid=1002
09-01 14:40:50.193 I/BluetoothUtils( 8588): packagename is android.uid.bluetooth:1002 ,and its permission is false
09-01 14:40:50.194 D/BluetoothUtils( 8588): blockedByLocationOff callingUid=1002
09-01 14:40:50.194 I/BluetoothUtils( 8588): packagename is android.uid.bluetooth:1002 ,and its permission is false
09-01 14:40:50.194 V/bt_stack( 8588): [VERBOSE1:btm_ble_gap.cc(1923)] btm_ble_process_ext_adv_pkt: bda=00:35:64:83:a4:98
09-01 14:40:50.194 D/BluetoothUtils( 8588): blockedByLocationOff callingUid=1002
09-01 14:40:50.194 V/bt_stack( 8588): [VERBOSE1:btm_ble_gap.cc(1847)] btm_ble_process_adv_addr: bda=00:35:64:83:a4:98
09-01 14:40:50.195 I/BluetoothUtils( 8588): packagename is android.uid.bluetooth:1002 ,and its permission is false
09-01 14:40:50.195 D/BluetoothUtils( 8588): blockedByLocationOff callingUid=1002
09-01 14:40:50.195 I/BluetoothUtils( 8588): packagename is android.uid.bluetooth:1002 ,and its permission is false
09-01 14:40:50.196 D/BluetoothUtils( 8588): blockedByLocationOff callingUid=1002
09-01 14:40:50.196 I/BluetoothUtils( 8588): packagename is android.uid.bluetooth:1002 ,and its permission is false
09-01 14:40:50.196 D/BluetoothUtils( 8588): blockedByLocationOff callingUid=1002
09-01 14:40:50.196 I/BluetoothUtils( 8588): packagename is android.uid.bluetooth:1002 ,and its permission is false
09-01 14:40:50.196 W/AsyncHttpResponse(13415): Current thread has not called Looper.prepare().Forcing synchronous mode
09-01 14:40:50.196 D/BluetoothUtils( 8588): blockedByLocationOff callingUid=1002
09-01 14:40:50.197 I/BluetoothUtils( 8588): packagename is android.uid.bluetooth:1002 ,and its permission is false
09-01 14:40:50.198 V/bt_stack( 8588): [VERBOSE1:btm_ble_gap.cc(1923)] btm_ble_process_ext_adv_pkt: bda=35:45:bf:2c:e1:03
09-01 14:40:50.198 V/bt_stack( 8588): [VERBOSE1:btm_ble_gap.cc(1847)] btm_ble_process_adv_addr: bda=35:45:bf:2c:e1:03
09-01 14:40:50.199 D/BluetoothUtils( 8588): blockedByLocationOff callingUid=1002
09-01 14:40:50.199 I/BluetoothUtils( 8588): packagename is android.uid.bluetooth:1002 ,and its permission is false
09-01 14:40:50.200 D/BluetoothUtils( 8588): blockedByLocationOff callingUid=1002
09-01 14:40:50.200 I/BluetoothUtils( 8588): packagename is android.uid.bluetooth:1002 ,and its permission is false
09-01 14:40:50.200 D/BluetoothUtils( 8588): blockedByLocationOff callingUid=1002
09-01 14:40:50.200 I/BluetoothUtils( 8588): packagename is android.uid.bluetooth:1002 ,and its permission is false
09-01 14:40:50.202 D/AppOpsAdapter( 5211): using permission notify! 32
09-01 14:40:50.203 W/AsyncHttpResponse(13415): Current thread has not called Looper.prepare().Forcing synchronous mode
09-01 14:40:50.205 I/BehaviorRecord-Monitor( 5237): com.xiaomi.hm.health , perm: 32 , operation 2 , current size: 1
09-01 14:40:50.210 W/AsyncHttpResponse(13415): Current thread has not called Looper.prepare().Forcing synchronous mode
09-01 14:40:50.211 D/[Koin]  (13415): +- get 'com.huami.fittime.ui.profile.O0000O0o'
09-01 14:40:50.211 D/[Koin]  (13415): | create instance for [type:Factory,primary_type:'com.huami.fittime.ui.profile.O0000O0o']
09-01 14:40:50.211 D/[Koin]  (13415): !- create scope - id:FitTime q:FitTime
09-01 14:40:50.211 D/[Koin]  (13415): bind type:'com.huami.fittime.O00000o.O00000Oo.O000000o' ~ [type:Scoped,scope:'FitTime', primary_type:'com.huami.fittime.O00000o.O00000Oo.O000000o']
09-01 14:40:50.212 D/[Koin]  (13415): bind type:'com.huami.fittime.O00000oo.O00O0o00' ~ [type:Scoped,scope:'FitTime', primary_type:'com.huami.fittime.O00000oo.O00O0o00']
09-01 14:40:50.212 D/[Koin]  (13415): bind type:'com.huami.fittime.O000000o.O000000o.O000000o' ~ [type:Scoped,scope:'FitTime', primary_type:'com.huami.fittime.O000000o.O000000o.O000000o']
09-01 14:40:50.212 D/[Koin]  (13415): bind type:'com.huami.fittime.O00000oO.O00oOooO' ~ [type:Scoped,scope:'FitTime', primary_type:'com.huami.fittime.O00000oO.O00oOooO']
09-01 14:40:50.212 D/[Koin]  (13415): bind type:'com.huami.fittime.db.FitTimeDb' ~ [type:Scoped,scope:'FitTime', primary_type:'com.huami.fittime.db.FitTimeDb']
09-01 14:40:50.212 D/[Koin]  (13415): bind qualifier:'FitTimeWebHost' ~ [type:Scoped,scope:'FitTime', name:'FitTimeWebHost', primary_type:'java.lang.String']
09-01 14:40:50.212 D/[Koin]  (13415): bind type:'com.huami.fittime.ui.base.O00000Oo' ~ [type:Scoped,scope:'FitTime', primary_type:'com.huami.fittime.ui.base.O00000Oo']
09-01 14:40:50.212 D/[Koin]  (13415): bind type:'com.huami.fittime.O000000o.O000O0o' ~ [type:Scoped,scope:'FitTime', primary_type:'com.huami.fittime.O000000o.O000O0o']
09-01 14:40:50.212 D/[Koin]  (13415): bind type:'com.huami.fittime.O000000o.O0000Oo' ~ [type:Scoped,scope:'FitTime', primary_type:'com.huami.fittime.O000000o.O0000Oo']
09-01 14:40:50.212 D/[Koin]  (13415): bind type:'com.huami.fittime.O000000o.O00000o' ~ [type:Scoped,scope:'FitTime', primary_type:'com.huami.fittime.O000000o.O00000o']
09-01 14:40:50.212 D/[Koin]  (13415): bind type:'com.huami.fittime.O00000oo.O00O0Oo' ~ [type:Scoped,scope:'FitTime', primary_type:'com.huami.fittime.O00000oo.O00O0Oo']
09-01 14:40:50.212 D/[Koin]  (13415): +- get 'com.huami.fittime.ui.profile.O0000OOo'
09-01 14:40:50.212 D/[Koin]  (13415): | create instance for [type:Factory,primary_type:'com.huami.fittime.ui.profile.O0000OOo']
09-01 14:40:50.212 D/[Koin]  (13415): +- get 'com.huami.fittime.O00000oo.O00O0Oo'
09-01 14:40:50.212 D/[Koin]  (13415): | create instance for [type:Scoped,scope:'FitTime', primary_type:'com.huami.fittime.O00000oo.O00O0Oo']
09-01 14:40:50.212 D/[Koin]  (13415): +- got 'com.huami.fittime.O00000oo.O00O0Oo' in 0.293958 ms
09-01 14:40:50.212 D/[Koin]  (13415): +- get 'com.huami.fittime.db.FitTimeDb'
09-01 14:40:50.212 D/[Koin]  (13415): | create instance for [type:Scoped,scope:'FitTime', primary_type:'com.huami.fittime.db.FitTimeDb']
09-01 14:40:50.212 D/[Koin]  (13415): +- get 'com.huami.fittime.O00000oO.O00oOooO'
09-01 14:40:50.212 D/[Koin]  (13415): | create instance for [type:Scoped,scope:'FitTime', primary_type:'com.huami.fittime.O00000oO.O00oOooO']
09-01 14:40:50.212 D/[Koin]  (13415): +- get 'java.lang.String'
09-01 14:40:50.212 D/[Koin]  (13415): +- got 'java.lang.String' in 0.010157 ms
09-01 14:40:50.213 D/[Koin]  (13415): +- get 'O00000oO.O0000Ooo.O000000o.O00000Oo'
09-01 14:40:50.213 D/[Koin]  (13415): +- got 'O00000oO.O0000Ooo.O000000o.O00000Oo' in 0.007031 ms
09-01 14:40:50.213 D/[Koin]  (13415): +- get 'O00000oO.O0000Ooo.O000000o.O00000Oo'
09-01 14:40:50.213 D/[Koin]  (13415): +- got 'O00000oO.O0000Ooo.O000000o.O00000Oo' in 0.00599 ms
09-01 14:40:50.213 D/[Koin]  (13415): +- get 'O00000oO.O0000Ooo.O000000o.O00000Oo'
09-01 14:40:50.213 D/[Koin]  (13415): +- got 'O00000oO.O0000Ooo.O000000o.O00000Oo' in 0.012292 ms
09-01 14:40:50.213 D/[Koin]  (13415): +- get 'O00000oO.O0000Ooo.O000000o.O00000Oo'
09-01 14:40:50.213 D/[Koin]  (13415): +- got 'O00000oO.O0000Ooo.O000000o.O00000Oo' in 0.007917 ms
09-01 14:40:50.213 D/[Koin]  (13415): +- get 'O00000oO.O0000Ooo.O000000o.O00000Oo'
09-01 14:40:50.213 D/[Koin]  (13415): +- got 'O00000oO.O0000Ooo.O000000o.O00000Oo' in 0.006406 ms
09-01 14:40:50.213 D/[Koin]  (13415): +- get 'O00000oO.O0000Ooo.O000000o.O00000Oo'
09-01 14:40:50.213 D/[Koin]  (13415): +- got 'O00000oO.O0000Ooo.O000000o.O00000Oo' in 0.006354 ms
09-01 14:40:50.213 D/[Koin]  (13415): +- got 'com.huami.fittime.O00000oO.O00oOooO' in 0.634531 ms
09-01 14:40:50.213 D/[Koin]  (13415): +- get 'android.content.Context'
09-01 14:40:50.213 D/[Koin]  (13415): +- got 'android.content.Context' in 0.012552 ms
09-01 14:40:50.216 W/AsyncHttpResponse(13415): Current thread has not called Looper.prepare().Forcing synchronous mode
09-01 14:40:50.218 E/ResolverController(  679): No valid NAT64 prefix (116, <unspecified>/0)
09-01 14:40:50.220 D/[Koin]  (13415): +- got 'com.huami.fittime.db.FitTimeDb' in 7.571719 ms
09-01 14:40:50.220 D/[Koin]  (13415): +- get 'com.huami.fittime.O000000o.O00000o'
09-01 14:40:50.220 D/[Koin]  (13415): | create instance for [type:Scoped,scope:'FitTime', primary_type:'com.huami.fittime.O000000o.O00000o']
09-01 14:40:50.220 D/[Koin]  (13415): +- get 'java.lang.String'
09-01 14:40:50.220 D/[Koin]  (13415): | create instance for [type:Scoped,scope:'FitTime', name:'FitTimeWebHost', primary_type:'java.lang.String']
09-01 14:40:50.220 D/[Koin]  (13415): +- get 'java.lang.String'
09-01 14:40:50.220 D/[Koin]  (13415): +- got 'java.lang.String' in 0.008334 ms
09-01 14:40:50.220 D/[Koin]  (13415): +- got 'java.lang.String' in 0.091875 ms
09-01 14:40:50.223 D/[Koin]  (13415): +- got 'com.huami.fittime.O000000o.O00000o' in 3.060312 ms
09-01 14:40:50.226 V/bt_stack( 8588): [VERBOSE1:btm_ble_gap.cc(1923)] btm_ble_process_ext_adv_pkt: bda=03:d8:93:20:a7:46
09-01 14:40:50.226 V/bt_stack( 8588): [VERBOSE1:btm_ble_gap.cc(1847)] btm_ble_process_adv_addr: bda=03:d8:93:20:a7:46
09-01 14:40:50.227 D/BluetoothUtils( 8588): blockedByLocationOff callingUid=1002
09-01 14:40:50.227 I/BluetoothUtils( 8588): packagename is android.uid.bluetooth:1002 ,and its permission is false
09-01 14:40:50.228 D/BluetoothUtils( 8588): blockedByLocationOff callingUid=1002
09-01 14:40:50.228 V/bt_stack( 8588): [VERBOSE1:btm_ble_gap.cc(1923)] btm_ble_process_ext_adv_pkt: bda=38:f9:d3:45:87:1e
09-01 14:40:50.228 V/bt_stack( 8588): [VERBOSE1:btm_ble_gap.cc(1847)] btm_ble_process_adv_addr: bda=38:f9:d3:45:87:1e
09-01 14:40:50.228 V/bt_stack( 8588): [VERBOSE1:btm_ble_gap.cc(2052)]  Waiting for scan response 38:f9:d3:45:87:1e
09-01 14:40:50.228 I/BluetoothUtils( 8588): packagename is android.uid.bluetooth:1002 ,and its permission is false
09-01 14:40:50.228 V/bt_stack( 8588): [VERBOSE1:btm_ble_gap.cc(1923)] btm_ble_process_ext_adv_pkt: bda=38:f9:d3:45:87:1e
09-01 14:40:50.228 V/bt_stack( 8588): [VERBOSE1:btm_ble_gap.cc(1847)] btm_ble_process_adv_addr: bda=38:f9:d3:45:87:1e
09-01 14:40:50.228 D/BluetoothUtils( 8588): blockedByLocationOff callingUid=1002
09-01 14:40:50.228 I/BluetoothUtils( 8588): packagename is android.uid.bluetooth:1002 ,and its permission is false
09-01 14:40:50.229 D/BluetoothUtils( 8588): blockedByLocationOff callingUid=1002
09-01 14:40:50.229 I/BluetoothUtils( 8588): packagename is android.uid.bluetooth:1002 ,and its permission is false
09-01 14:40:50.229 D/BluetoothUtils( 8588): blockedByLocationOff callingUid=1002
09-01 14:40:50.229 I/BluetoothUtils( 8588): packagename is android.uid.bluetooth:1002 ,and its permission is false
09-01 14:40:50.229 D/BluetoothUtils( 8588): blockedByLocationOff callingUid=1002
09-01 14:40:50.230 V/AsyncHttpResponse(13415): Progress 84 from 84 (100%)
09-01 14:40:50.230 I/BluetoothUtils( 8588): packagename is android.uid.bluetooth:1002 ,and its permission is false
09-01 14:40:50.230 V/bt_stack( 8588): [VERBOSE1:btm_ble_gap.cc(1923)] btm_ble_process_ext_adv_pkt: bda=53:f2:a2:69:23:e6
09-01 14:40:50.230 V/bt_stack( 8588): [VERBOSE1:btm_ble_gap.cc(1847)] btm_ble_process_adv_addr: bda=53:f2:a2:69:23:e6
09-01 14:40:50.231 D/BluetoothUtils( 8588): blockedByLocationOff callingUid=1002
09-01 14:40:50.231 I/BluetoothUtils( 8588): packagename is android.uid.bluetooth:1002 ,and its permission is false
09-01 14:40:50.231 D/BluetoothUtils( 8588): blockedByLocationOff callingUid=1002
09-01 14:40:50.231 I/BluetoothUtils( 8588): packagename is android.uid.bluetooth:1002 ,and its permission is false
09-01 14:40:50.231 D/BluetoothUtils( 8588): blockedByLocationOff callingUid=1002
09-01 14:40:50.232 I/BluetoothUtils( 8588): packagename is android.uid.bluetooth:1002 ,and its permission is false
09-01 14:40:50.235 V/bt_stack( 8588): [VERBOSE1:btm_ble_gap.cc(1923)] btm_ble_process_ext_adv_pkt: bda=01:f5:30:c0:9b:7a
09-01 14:40:50.235 V/bt_stack( 8588): [VERBOSE1:btm_ble_gap.cc(1847)] btm_ble_process_adv_addr: bda=01:f5:30:c0:9b:7a
09-01 14:40:50.236 D/BluetoothUtils( 8588): blockedByLocationOff callingUid=1002
09-01 14:40:50.236 I/BluetoothUtils( 8588): packagename is android.uid.bluetooth:1002 ,and its permission is false
09-01 14:40:50.236 D/BluetoothUtils( 8588): blockedByLocationOff callingUid=1002
09-01 14:40:50.236 I/BluetoothUtils( 8588): packagename is android.uid.bluetooth:1002 ,and its permission is false
09-01 14:40:50.236 D/BluetoothUtils( 8588): blockedByLocationOff callingUid=1002
09-01 14:40:50.237 I/BluetoothUtils( 8588): packagename is android.uid.bluetooth:1002 ,and its permission is false
09-01 14:40:50.241 D/[Koin]  (13415): +- got 'com.huami.fittime.ui.profile.O0000OOo' in 28.602969 ms
09-01 14:40:50.241 D/[Koin]  (13415): +- get 'com.huami.fittime.ui.O000000o.O00000Oo'
09-01 14:40:50.241 D/[Koin]  (13415): | create instance for [type:Factory,primary_type:'com.huami.fittime.ui.O000000o.O00000Oo']
09-01 14:40:50.241 D/[Koin]  (13415): +- get 'com.huami.fittime.O00000oo.O00O0Oo'
09-01 14:40:50.241 D/[Koin]  (13415): +- got 'com.huami.fittime.O00000oo.O00O0Oo' in 0.011928 ms
09-01 14:40:50.241 D/[Koin]  (13415): +- get 'com.huami.fittime.O000000o.O00000o'
09-01 14:40:50.241 D/[Koin]  (13415): +- got 'com.huami.fittime.O000000o.O00000o' in 0.028385 ms
09-01 14:40:50.241 D/[Koin]  (13415): +- got 'com.huami.fittime.ui.O000000o.O00000Oo' in 0.281511 ms
09-01 14:40:50.241 D/[Koin]  (13415): +- get 'com.huami.fittime.O00000o.O00000Oo.O000000o'
09-01 14:40:50.241 D/[Koin]  (13415): | create instance for [type:Scoped,scope:'FitTime', primary_type:'com.huami.fittime.O00000o.O00000Oo.O000000o']
09-01 14:40:50.241 D/[Koin]  (13415): +- get 'com.huami.fittime.O00000oo.O00O0Oo'
09-01 14:40:50.241 D/[Koin]  (13415): +- got 'com.huami.fittime.O00000oo.O00O0Oo' in 0.007292 ms
09-01 14:40:50.241 D/[Koin]  (13415): +- get 'com.huami.fittime.O000000o.O00000o'
09-01 14:40:50.241 D/[Koin]  (13415): +- got 'com.huami.fittime.O000000o.O00000o' in 0.006198 ms
09-01 14:40:50.241 D/[Koin]  (13415): +- get 'com.huami.fittime.db.FitTimeDb'
09-01 14:40:50.241 D/[Koin]  (13415): +- got 'com.huami.fittime.db.FitTimeDb' in 0.006719 ms
09-01 14:40:50.241 D/[Koin]  (13415): +- get 'com.huami.fittime.ui.base.O00000o0.O000000o'
09-01 14:40:50.241 D/[Koin]  (13415): | create instance for [type:Factory,primary_type:'com.huami.fittime.ui.base.O00000o0.O000000o']
09-01 14:40:50.241 D/[Koin]  (13415): +- get 'com.huami.training.O0000O0o.O000000o.O00000o0'
09-01 14:40:50.241 D/[Koin]  (13415): | create instance for [type:Factory,primary_type:'com.huami.training.O0000O0o.O000000o.O00000o0']
09-01 14:40:50.241 D/[Koin]  (13415): +- get 'com.huami.training.O0000o0.O000OO0o'
09-01 14:40:50.241 D/[Koin]  (13415): | create instance for [type:Factory,primary_type:'com.huami.training.O0000o0.O000OO0o']
09-01 14:40:50.241 D/[Koin]  (13415): +- get 'com.huami.training.O0000Oo.O000000o'
09-01 14:40:50.241 D/[Koin]  (13415): +- got 'com.huami.training.O0000Oo.O000000o' in 0.006459 ms
09-01 14:40:50.241 D/[Koin]  (13415): +- get 'com.huami.training.O0000OOo.O000OO0o'
09-01 14:40:50.241 D/[Koin]  (13415): +- got 'com.huami.training.O0000OOo.O000OO0o' in 0.007865 ms
09-01 14:40:50.241 D/[Koin]  (13415): +- get 'com.huami.training.db.TrainingDb'
09-01 14:40:50.241 D/[Koin]  (13415): +- got 'com.huami.training.db.TrainingDb' in 0.006875 ms
09-01 14:40:50.241 D/[Koin]  (13415): +- get 'com.huami.training.O000000o.O000OO0o'
09-01 14:40:50.241 D/[Koin]  (13415): | create instance for [type:Scoped,scope:'Training', primary_type:'com.huami.training.O000000o.O000OO0o']
09-01 14:40:50.242 V/AsyncHttpResponse(13415): Progress 3 from 3 (100%)
09-01 14:40:50.244 D/[Koin]  (13415): +- get 'java.lang.String'
09-01 14:40:50.244 D/[Koin]  (13415): | create instance for [type:Scoped,scope:'Training', name:'TrainingWebHost', primary_type:'java.lang.String']
09-01 14:40:50.244 D/[Koin]  (13415): +- get 'java.lang.String'
09-01 14:40:50.244 D/[Koin]  (13415): +- got 'java.lang.String' in 0.010364 ms
09-01 14:40:50.244 D/[Koin]  (13415): +- got 'java.lang.String' in 0.139636 ms
09-01 14:40:50.244 D/[Koin]  (13415): +- get 'com.huami.training.O0000OOo.O000OO0o'
09-01 14:40:50.244 D/[Koin]  (13415): +- got 'com.huami.training.O0000OOo.O000OO0o' in 0.026354 ms
09-01 14:40:50.244 D/[Koin]  (13415): +- got 'com.huami.training.O000000o.O000OO0o' in 2.772969 ms
09-01 14:40:50.245 D/[Koin]  (13415): +- got 'com.huami.training.O0000o0.O000OO0o' in 3.675729 ms
09-01 14:40:50.245 D/[Koin]  (13415): +- got 'com.huami.training.O0000O0o.O000000o.O00000o0' in 3.804583 ms
09-01 14:40:50.246 D/[Koin]  (13415): +- got 'com.huami.fittime.ui.base.O00000o0.O000000o' in 4.449583 ms
09-01 14:40:50.246 D/[Koin]  (13415): +- got 'com.huami.fittime.O00000o.O00000Oo.O000000o' in 4.963854 ms
09-01 14:40:50.246 D/[Koin]  (13415): +- get 'com.huami.fittime.O00000oO.O00oOooO'
09-01 14:40:50.246 D/[Koin]  (13415): +- got 'com.huami.fittime.O00000oO.O00oOooO' in 0.024114 ms
09-01 14:40:50.246 D/[Koin]  (13415): +- get 'com.huami.fittime.ui.profile.O00000Oo'
09-01 14:40:50.246 D/[Koin]  (13415): | create instance for [type:Factory,primary_type:'com.huami.fittime.ui.profile.O00000Oo']
09-01 14:40:50.246 D/[Koin]  (13415): +- get 'com.huami.fittime.O00000oo.O00O0Oo'
09-01 14:40:50.246 D/[Koin]  (13415): +- got 'com.huami.fittime.O00000oo.O00O0Oo' in 0.007969 ms
09-01 14:40:50.246 D/[Koin]  (13415): +- get 'com.huami.fittime.db.FitTimeDb'
09-01 14:40:50.246 D/[Koin]  (13415): +- got 'com.huami.fittime.db.FitTimeDb' in 0.008646 ms
09-01 14:40:50.246 D/[Koin]  (13415): +- got 'com.huami.fittime.ui.profile.O00000Oo' in 0.206302 ms
09-01 14:40:50.246 D/[Koin]  (13415): +- get 'com.huami.fittime.ui.diary.O00000o0.O0000OOo'
09-01 14:40:50.246 D/[Koin]  (13415): | create instance for [type:Factory,primary_type:'com.huami.fittime.ui.diary.O00000o0.O0000OOo']
09-01 14:40:50.246 D/[Koin]  (13415): +- get 'com.huami.fittime.O000000o.O00000o'
09-01 14:40:50.246 D/[Koin]  (13415): +- got 'com.huami.fittime.O000000o.O00000o' in 0.009063 ms
09-01 14:40:50.246 D/[Koin]  (13415): +- get 'com.huami.fittime.O00000oO.O00oOooO'
09-01 14:40:50.246 D/[Koin]  (13415): +- got 'com.huami.fittime.O00000oO.O00oOooO' in 0.006823 ms
09-01 14:40:50.246 D/[Koin]  (13415): +- get 'com.huami.fittime.db.FitTimeDb'
09-01 14:40:50.246 D/[Koin]  (13415): +- got 'com.huami.fittime.db.FitTimeDb' in 0.00599 ms
09-01 14:40:50.247 V/bt_stack( 8588): [VERBOSE1:btm_ble_gap.cc(1923)] btm_ble_process_ext_adv_pkt: bda=0e:10:bb:c2:00:89
09-01 14:40:50.247 V/bt_stack( 8588): [VERBOSE1:btm_ble_gap.cc(1847)] btm_ble_process_adv_addr: bda=0e:10:bb:c2:00:89
09-01 14:40:50.247 D/[Koin]  (13415): +- got 'com.huami.fittime.ui.diary.O00000o0.O0000OOo' in 1.007448 ms
09-01 14:40:50.247 D/BluetoothUtils( 8588): blockedByLocationOff callingUid=1002
09-01 14:40:50.248 D/[Koin]  (13415): +- got 'com.huami.fittime.ui.profile.O0000O0o' in 36.787291 ms
09-01 14:40:50.248 V/AsyncHttpResponse(13415): Progress 12 from 12 (100%)
09-01 14:40:50.248 D/[Koin]  (13415): +- get 'com.huami.message.O0000OoO.O0000Oo'
09-01 14:40:50.248 D/[Koin]  (13415): | create instance for [type:Factory,primary_type:'com.huami.message.O0000OoO.O0000Oo']
09-01 14:40:50.248 I/BluetoothUtils( 8588): packagename is android.uid.bluetooth:1002 ,and its permission is false
09-01 14:40:50.248 D/[Koin]  (13415): !- create scope - id:Message q:Message
09-01 14:40:50.249 D/[Koin]  (13415): bind type:'com.huami.message.db.MessageDb' ~ [type:Scoped,scope:'Message', primary_type:'com.huami.message.db.MessageDb']
09-01 14:40:50.249 D/BluetoothUtils( 8588): blockedByLocationOff callingUid=1002
09-01 14:40:50.249 D/[Koin]  (13415): bind type:'com.huami.training.O0000OOo.O000000o' ~ [type:Scoped,scope:'Message', primary_type:'com.huami.training.O0000OOo.O000000o']
09-01 14:40:50.249 D/[Koin]  (13415): bind type:'com.huami.message.O00000oo.O0000Oo' ~ [type:Scoped,scope:'Message', primary_type:'com.huami.message.O00000oo.O0000Oo']
09-01 14:40:50.249 D/[Koin]  (13415): bind type:'com.huami.message.O0000O0o.O0000OOo' ~ [type:Scoped,scope:'Message', primary_type:'com.huami.message.O0000O0o.O0000OOo']
09-01 14:40:50.249 D/[Koin]  (13415): bind type:'com.huami.message.O000000o.O00000o' ~ [type:Scoped,scope:'Message', primary_type:'com.huami.message.O000000o.O00000o']
09-01 14:40:50.249 D/[Koin]  (13415): bind type:'com.huami.message.O0000Oo0.O000000o' ~ [type:Scoped,scope:'Message', primary_type:'com.huami.message.O0000Oo0.O000000o']
09-01 14:40:50.249 D/[Koin]  (13415): bind qualifier:'MessageWebHost' ~ [type:Scoped,scope:'Message', name:'MessageWebHost', primary_type:'java.lang.String']
09-01 14:40:50.249 D/[Koin]  (13415): bind type:'com.huami.message.O00000o.O0000Oo0' ~ [type:Scoped,scope:'Message', primary_type:'com.huami.message.O00000o.O0000Oo0']
09-01 14:40:50.249 D/[Koin]  (13415): +- get 'com.huami.message.O0000OOo.O000000o'
09-01 14:40:50.249 D/[Koin]  (13415): | create instance for [type:Factory,primary_type:'com.huami.message.O0000OOo.O000000o']
09-01 14:40:50.249 D/[Koin]  (13415): +- get 'com.huami.message.O000000o.O00000o'
09-01 14:40:50.249 D/[Koin]  (13415): | create instance for [type:Scoped,scope:'Message', primary_type:'com.huami.message.O000000o.O00000o']
09-01 14:40:50.249 I/BluetoothUtils( 8588): packagename is android.uid.bluetooth:1002 ,and its permission is false
09-01 14:40:50.249 D/BluetoothUtils( 8588): blockedByLocationOff callingUid=1002
09-01 14:40:50.250 D/[Koin]  (13415): +- get 'java.lang.String'
09-01 14:40:50.250 D/[Koin]  (13415): | create instance for [type:Scoped,scope:'Message', name:'MessageWebHost', primary_type:'java.lang.String']
09-01 14:40:50.250 D/[Koin]  (13415): +- get 'java.lang.String'
09-01 14:40:50.250 D/[Koin]  (13415): +- got 'java.lang.String' in 0.010052 ms
09-01 14:40:50.250 D/[Koin]  (13415): +- got 'java.lang.String' in 0.11401 ms
09-01 14:40:50.250 I/BluetoothUtils( 8588): packagename is android.uid.bluetooth:1002 ,and its permission is false
09-01 14:40:50.250 D/[Koin]  (13415): +- get 'com.huami.message.O00000o.O0000Oo0'
09-01 14:40:50.250 D/[Koin]  (13415): | create instance for [type:Scoped,scope:'Message', primary_type:'com.huami.message.O00000o.O0000Oo0']
09-01 14:40:50.250 D/[Koin]  (13415): +- get 'java.lang.String'
09-01 14:40:50.250 D/[Koin]  (13415): +- got 'java.lang.String' in 0.00849 ms
09-01 14:40:50.250 D/[Koin]  (13415): +- get 'O00000oO.O0000Ooo.O000000o.O00000Oo'
09-01 14:40:50.250 D/[Koin]  (13415): +- got 'O00000oO.O0000Ooo.O000000o.O00000Oo' in 0.007188 ms
09-01 14:40:50.250 D/[Koin]  (13415): +- get 'O00000oO.O0000Ooo.O000000o.O00000Oo'
09-01 14:40:50.250 D/[Koin]  (13415): +- got 'O00000oO.O0000Ooo.O000000o.O00000Oo' in 0.007239 ms
09-01 14:40:50.250 D/[Koin]  (13415): +- get 'O00000oO.O0000Ooo.O000000o.O00000Oo'
09-01 14:40:50.250 D/[Koin]  (13415): +- got 'O00000oO.O0000Ooo.O000000o.O00000Oo' in 0.006042 ms
09-01 14:40:50.250 D/[Koin]  (13415): +- get 'O00000oO.O0000Ooo.O000000o.O00000Oo'
09-01 14:40:50.250 D/[Koin]  (13415): +- got 'O00000oO.O0000Ooo.O000000o.O00000Oo' in 0.006771 ms
09-01 14:40:50.250 D/[Koin]  (13415): +- got 'com.huami.message.O00000o.O0000Oo0' in 0.372448 ms
09-01 14:40:50.250 D/[Koin]  (13415): +- got 'com.huami.message.O000000o.O00000o' in 1.447865 ms
09-01 14:40:50.250 D/[Koin]  (13415): +- get 'com.huami.message.db.MessageDb'
09-01 14:40:50.250 D/[Koin]  (13415): | create instance for [type:Scoped,scope:'Message', primary_type:'com.huami.message.db.MessageDb']
09-01 14:40:50.250 D/[Koin]  (13415): +- get 'android.content.Context'
09-01 14:40:50.250 D/[Koin]  (13415): +- got 'android.content.Context' in 0.008958 ms
09-01 14:40:50.250 D/[Koin]  (13415): +- get 'com.huami.message.O00000o.O0000Oo0'
09-01 14:40:50.250 D/[Koin]  (13415): +- got 'com.huami.message.O00000o.O0000Oo0' in 0.007864 ms
09-01 14:40:50.252 D/[Koin]  (13415): +- got 'com.huami.message.db.MessageDb' in 1.84198 ms
09-01 14:40:50.252 D/[Koin]  (13415): +- get 'com.huami.message.O0000Oo0.O000000o'
09-01 14:40:50.252 D/[Koin]  (13415): | create instance for [type:Scoped,scope:'Message', primary_type:'com.huami.message.O0000Oo0.O000000o']
09-01 14:40:50.253 D/[Koin]  (13415): +- got 'com.huami.message.O0000Oo0.O000000o' in 0.305833 ms
09-01 14:40:50.253 V/bt_stack( 8588): [VERBOSE1:btm_ble_gap.cc(1923)] btm_ble_process_ext_adv_pkt: bda=18:81:0e:e0:a8:6d
09-01 14:40:50.253 V/bt_stack( 8588): [VERBOSE1:btm_ble_gap.cc(1847)] btm_ble_process_adv_addr: bda=18:81:0e:e0:a8:6d
09-01 14:40:50.253 V/bt_stack( 8588): [VERBOSE1:btm_ble_gap.cc(2052)]  Waiting for scan response 18:81:0e:e0:a8:6d
09-01 14:40:50.254 D/[Koin]  (13415): +- got 'com.huami.message.O0000OOo.O000000o' in 4.96901 ms
09-01 14:40:50.254 V/bt_stack( 8588): [VERBOSE1:btm_ble_gap.cc(1923)] btm_ble_process_ext_adv_pkt: bda=56:e4:da:79:d5:88
09-01 14:40:50.254 V/bt_stack( 8588): [VERBOSE1:btm_ble_gap.cc(1847)] btm_ble_process_adv_addr: bda=56:e4:da:79:d5:88
09-01 14:40:50.254 V/bt_stack( 8588): [VERBOSE1:btm_ble_gap.cc(2052)]  Waiting for scan response 56:e4:da:79:d5:88
09-01 14:40:50.254 V/bt_stack( 8588): [VERBOSE1:btm_ble_gap.cc(1923)] btm_ble_process_ext_adv_pkt: bda=56:e4:da:79:d5:88
09-01 14:40:50.254 V/bt_stack( 8588): [VERBOSE1:btm_ble_gap.cc(1847)] btm_ble_process_adv_addr: bda=56:e4:da:79:d5:88
09-01 14:40:50.255 D/[Koin]  (13415): +- got 'com.huami.message.O0000OoO.O0000Oo' in 6.392708 ms
09-01 14:40:50.255 D/BluetoothUtils( 8588): blockedByLocationOff callingUid=1002
09-01 14:40:50.255 I/BluetoothUtils( 8588): packagename is android.uid.bluetooth:1002 ,and its permission is false
09-01 14:40:50.255 D/BluetoothUtils( 8588): blockedByLocationOff callingUid=1002
09-01 14:40:50.255 I/BluetoothUtils( 8588): packagename is android.uid.bluetooth:1002 ,and its permission is false
09-01 14:40:50.256 D/BluetoothUtils( 8588): blockedByLocationOff callingUid=1002
09-01 14:40:50.256 I/BluetoothUtils( 8588): packagename is android.uid.bluetooth:1002 ,and its permission is false
09-01 14:40:50.256 W/AsyncHttpResponse(13415): Current thread has not called Looper.prepare().Forcing synchronous mode
09-01 14:40:50.256 D/[Koin]  (13415): +- get 'com.huami.femalehealth.uilib.viewmodel.FemaleMifitViewModel'
09-01 14:40:50.256 D/[Koin]  (13415): | create instance for [type:Factory,primary_type:'com.huami.femalehealth.uilib.viewmodel.FemaleMifitViewModel']
09-01 14:40:50.256 D/[Koin]  (13415): +- get 'com.huami.femalehealth.logiclib.O0000O0o.O0000O0o'
09-01 14:40:50.256 D/[Koin]  (13415): | create instance for [type:Factory,primary_type:'com.huami.femalehealth.logiclib.O0000O0o.O0000O0o']
09-01 14:40:50.256 D/[Koin]  (13415): +- get 'com.huami.femalehealth.logiclib.O00000oO.O0000O0o'
09-01 14:40:50.257 D/[Koin]  (13415): +- got 'com.huami.femalehealth.logiclib.O00000oO.O0000O0o' in 0.018229 ms
09-01 14:40:50.257 D/[Koin]  (13415): +- get 'com.huami.femalehealth.logiclib.O000000o.O00000Oo'
09-01 14:40:50.257 D/[Koin]  (13415): +- got 'com.huami.femalehealth.logiclib.O000000o.O00000Oo' in 0.007761 ms
09-01 14:40:50.257 D/[Koin]  (13415): +- get 'com.huami.femalehealth.logiclib.O00000oO.O00oOooO'
09-01 14:40:50.257 D/[Koin]  (13415): +- got 'com.huami.femalehealth.logiclib.O00000oO.O00oOooO' in 0.0075 ms
09-01 14:40:50.257 D/[Koin]  (13415): +- get 'com.huami.femalehealth.logiclib.O00000Oo.O00000o'
09-01 14:40:50.257 D/[Koin]  (13415): | create instance for [type:Factory,primary_type:'com.huami.femalehealth.logiclib.O00000Oo.O00000o']
09-01 14:40:50.257 D/[Koin]  (13415): +- get 'com.huami.femalehealth.logiclib.O00000oO.O0000O0o'
09-01 14:40:50.257 D/[Koin]  (13415): +- got 'com.huami.femalehealth.logiclib.O00000oO.O0000O0o' in 0.011719 ms
09-01 14:40:50.257 D/[Koin]  (13415): +- get 'com.huami.femalehealth.logiclib.O000000o.O00000Oo'
09-01 14:40:50.257 D/[Koin]  (13415): +- got 'com.huami.femalehealth.logiclib.O000000o.O00000Oo' in 0.0075 ms
09-01 14:40:50.257 D/[Koin]  (13415): +- get 'com.huami.femalehealth.logiclib.db.FemaleHealthDb'
09-01 14:40:50.257 D/[Koin]  (13415): +- got 'com.huami.femalehealth.logiclib.db.FemaleHealthDb' in 0.008958 ms
09-01 14:40:50.257 D/[Koin]  (13415): +- get 'com.huami.femalehealth.logiclib.O00000Oo.O00000Oo'
09-01 14:40:50.257 D/[Koin]  (13415): +- got 'com.huami.femalehealth.logiclib.O00000Oo.O00000Oo' in 0.008802 ms
09-01 14:40:50.257 D/[Koin]  (13415): +- get 'com.huami.femalehealth.logiclib.O00000oO.O00oOooO'
09-01 14:40:50.257 D/[Koin]  (13415): +- got 'com.huami.femalehealth.logiclib.O00000oO.O00oOooO' in 0.021302 ms
09-01 14:40:50.257 D/[Koin]  (13415): +- got 'com.huami.femalehealth.logiclib.O00000Oo.O00000o' in 0.331041 ms
09-01 14:40:50.258 D/[Koin]  (13415): +- got 'com.huami.femalehealth.logiclib.O0000O0o.O0000O0o' in 1.232448 ms
09-01 14:40:50.258 D/[Koin]  (13415): +- get 'com.huami.femalehealth.logiclib.O0000O0o.O00000o'
09-01 14:40:50.258 D/[Koin]  (13415): | create instance for [type:Factory,primary_type:'com.huami.femalehealth.logiclib.O0000O0o.O00000o']
09-01 14:40:50.258 D/[Koin]  (13415): +- get 'com.huami.femalehealth.logiclib.O00000oO.O0000O0o'
09-01 14:40:50.258 D/[Koin]  (13415): +- got 'com.huami.femalehealth.logiclib.O00000oO.O0000O0o' in 0.014479 ms
09-01 14:40:50.258 D/[Koin]  (13415): +- get 'com.huami.femalehealth.logiclib.O000000o.O00000Oo'
09-01 14:40:50.258 D/[Koin]  (13415): +- got 'com.huami.femalehealth.logiclib.O000000o.O00000Oo' in 0.01224 ms
09-01 14:40:50.258 D/[Koin]  (13415): +- get 'com.huami.femalehealth.logiclib.db.FemaleHealthDb'
09-01 14:40:50.258 D/[Koin]  (13415): +- got 'com.huami.femalehealth.logiclib.db.FemaleHealthDb' in 0.008177 ms
09-01 14:40:50.258 D/[Koin]  (13415): +- get 'com.huami.femalehealth.logiclib.O00000Oo.O00000o'
09-01 14:40:50.258 D/[Koin]  (13415): | create instance for [type:Factory,primary_type:'com.huami.femalehealth.logiclib.O00000Oo.O00000o']
09-01 14:40:50.258 D/[Koin]  (13415): +- get 'com.huami.femalehealth.logiclib.O00000oO.O0000O0o'
09-01 14:40:50.258 D/[Koin]  (13415): +- got 'com.huami.femalehealth.logiclib.O00000oO.O0000O0o' in 0.008334 ms
09-01 14:40:50.258 D/[Koin]  (13415): +- get 'com.huami.femalehealth.logiclib.O000000o.O00000Oo'
09-01 14:40:50.258 D/[Koin]  (13415): +- got 'com.huami.femalehealth.logiclib.O000000o.O00000Oo' in 0.007032 ms
09-01 14:40:50.258 D/[Koin]  (13415): +- get 'com.huami.femalehealth.logiclib.db.FemaleHealthDb'
09-01 14:40:50.258 D/[Koin]  (13415): +- got 'com.huami.femalehealth.logiclib.db.FemaleHealthDb' in 0.006927 ms
09-01 14:40:50.258 D/[Koin]  (13415): +- get 'com.huami.femalehealth.logiclib.O00000Oo.O00000Oo'
09-01 14:40:50.258 D/[Koin]  (13415): +- got 'com.huami.femalehealth.logiclib.O00000Oo.O00000Oo' in 0.014219 ms
09-01 14:40:50.258 D/[Koin]  (13415): +- get 'com.huami.femalehealth.logiclib.O00000oO.O00oOooO'
09-01 14:40:50.258 D/[Koin]  (13415): +- got 'com.huami.femalehealth.logiclib.O00000oO.O00oOooO' in 0.008073 ms
09-01 14:40:50.258 D/[Koin]  (13415): +- got 'com.huami.femalehealth.logiclib.O00000Oo.O00000o' in 0.262135 ms
09-01 14:40:50.258 D/[Koin]  (13415): +- get 'com.huami.femalehealth.logiclib.O00000Oo.O00000o0'
09-01 14:40:50.258 D/[Koin]  (13415): | create instance for [type:Factory,primary_type:'com.huami.femalehealth.logiclib.O00000Oo.O00000o0']
09-01 14:40:50.258 D/[Koin]  (13415): +- got 'com.huami.femalehealth.logiclib.O00000Oo.O00000o0' in 0.052031 ms
09-01 14:40:50.258 D/[Koin]  (13415): +- got 'com.huami.femalehealth.logiclib.O0000O0o.O00000o' in 0.608906 ms
09-01 14:40:50.260 V/bt_stack( 8588): [VERBOSE1:btm_ble_gap.cc(1923)] btm_ble_process_ext_adv_pkt: bda=33:91:15:08:2a:2b
09-01 14:40:50.260 V/bt_stack( 8588): [VERBOSE1:btm_ble_gap.cc(1847)] btm_ble_process_adv_addr: bda=33:91:15:08:2a:2b
09-01 14:40:50.260 E/ResolverController(  679): No valid NAT64 prefix (116, <unspecified>/0)
09-01 14:40:50.261 D/[Koin]  (13415): +- got 'com.huami.femalehealth.uilib.viewmodel.FemaleMifitViewModel' in 4.54224 ms
09-01 14:40:50.261 D/BluetoothUtils( 8588): blockedByLocationOff callingUid=1002
09-01 14:40:50.261 I/BluetoothUtils( 8588): packagename is android.uid.bluetooth:1002 ,and its permission is false
09-01 14:40:50.262 D/BluetoothUtils( 8588): blockedByLocationOff callingUid=1002
09-01 14:40:50.262 I/BluetoothUtils( 8588): packagename is android.uid.bluetooth:1002 ,and its permission is false
09-01 14:40:50.262 D/BluetoothUtils( 8588): blockedByLocationOff callingUid=1002
09-01 14:40:50.262 I/BluetoothUtils( 8588): packagename is android.uid.bluetooth:1002 ,and its permission is false
09-01 14:40:50.265 V/bt_stack( 8588): [VERBOSE1:btm_ble_gap.cc(1923)] btm_ble_process_ext_adv_pkt: bda=38:f9:d3:45:87:1e
09-01 14:40:50.265 V/bt_stack( 8588): [VERBOSE1:btm_ble_gap.cc(1847)] btm_ble_process_adv_addr: bda=38:f9:d3:45:87:1e
09-01 14:40:50.265 V/bt_stack( 8588): [VERBOSE1:btm_ble_gap.cc(2052)]  Waiting for scan response 38:f9:d3:45:87:1e
09-01 14:40:50.265 V/bt_stack( 8588): [VERBOSE1:btm_ble_gap.cc(1923)] btm_ble_process_ext_adv_pkt: bda=38:f9:d3:45:87:1e
09-01 14:40:50.265 V/bt_stack( 8588): [VERBOSE1:btm_ble_gap.cc(1847)] btm_ble_process_adv_addr: bda=38:f9:d3:45:87:1e
09-01 14:40:50.266 D/BluetoothUtils( 8588): blockedByLocationOff callingUid=1002
09-01 14:40:50.267 I/BluetoothUtils( 8588): packagename is android.uid.bluetooth:1002 ,and its permission is false
09-01 14:40:50.267 D/BluetoothUtils( 8588): blockedByLocationOff callingUid=1002
09-01 14:40:50.268 I/BluetoothUtils( 8588): packagename is android.uid.bluetooth:1002 ,and its permission is false
09-01 14:40:50.268 D/BluetoothUtils( 8588): blockedByLocationOff callingUid=1002
09-01 14:40:50.268 V/bt_stack( 8588): [VERBOSE1:gatt_main.cc(1079)] gatt_get_ch_state: ch_state=4
09-01 14:40:50.268 I/bt_stack( 8588): [INFO:gatt_main.cc(912)] gatt_data_process op_code = 19, msg_len = 0
09-01 14:40:50.268 V/bt_stack( 8588): [VERBOSE1:gatt_cl.cc(1094)] gatt_client_handle_server_rsp op_code: 19, len = 0rsp_code: 19
09-01 14:40:50.268 V/bt_stack( 8588): [VERBOSE1:gatt_utils.cc(1191)] gatt_end_operation status=0 op=3 subtype=2
09-01 14:40:50.268 V/bt_stack( 8588): [VERBOSE1:bta_gattc_act.cc(1309)] bta_gattc_cmpl_cback: conn_id:8 op:3 status:0
