--------- beginning of main
09-01 14:43:46.813 I/appium  (13898): Find element command using 'id' with selector 'com.xiaomi.hm.health:id/common_title_left_image'.
09-01 14:43:46.813 I/appium  (13898): Waiting up to 10000ms for device to be idle
09-01 14:43:46.824 I/appium  (13898): AppiumResponse: {"sessionId":"94b2dfbc-5a87-4ff5-8430-a6752ec32c55","value":{"ELEMENT":"69dc3149-0fd6-4320-9d74-9bb4889bce9f","element-6066-11e4-a52e-4f735466cecf":"69dc3149-0fd6-4320-9d74-9bb4889bce9f"}}
09-01 14:43:46.840 D/NetworkController.MobileSignalController(1)(29730): 4G level = 5
09-01 14:43:46.844 I/appium  (13898): channel read invoked!
09-01 14:43:46.844 I/appium  (13898): channel read: POST /wd/hub/session/94b2dfbc-5a87-4ff5-8430-a6752ec32c55/element/69dc3149-0fd6-4320-9d74-9bb4889bce9f/click
09-01 14:43:46.845 I/appium  (13898): Click element command
09-01 14:43:46.860 D/MSF.D.QLog(25307): QLog clear logs
09-01 14:43:46.875 D/ActivityTrigger( 1639): ActivityTrigger activityPauseTrigger 
09-01 14:43:46.877 I/appium  (13898): Waiting up to 10000ms for device to be idle
09-01 14:43:46.878 I/appium  (13898): AppiumResponse: {"sessionId":"94b2dfbc-5a87-4ff5-8430-a6752ec32c55","value":null}
--------- beginning of system
09-01 14:43:46.885 D/WindowManager( 1639): Input focus has changed to null
09-01 14:43:46.890 I/Timeline( 1639): Timeline: App_transition_ready time:212192907
09-01 14:43:46.898 D/RecentsImpl( 7676): mActivityStateObserver com.xiaomi.hm.health.ui.information.DetailInfoActivity
09-01 14:43:46.900 I/appium  (13898): channel read invoked!
09-01 14:43:46.901 I/appium  (13898): channel read: POST /wd/hub/session/94b2dfbc-5a87-4ff5-8430-a6752ec32c55/element
09-01 14:43:46.902 I/appium  (13898): Find element command using 'id' with selector 'statistics_button'.
09-01 14:43:46.903 I/appium  (13898): Waiting up to 10000ms for device to be idle
09-01 14:43:46.918 I/Timeline( 1639): Timeline: App_transition_ready time:212192935
09-01 14:43:46.918 D/WindowManager( 1639): Input focus has changed to Window{ccc139f u0 com.xiaomi.hm.health/com.xiaomi.hm.health.ui.information.DetailInfoActivity}
09-01 14:43:46.937 I/Timeline( 1639): Timeline: App_transition_ready time:212192954
09-01 14:43:46.940 I/SplashScreenServiceDelegate( 1639): None for com.xiaomi.hm.health
09-01 14:43:46.972 I/appium  (13898): AppiumResponse: {"sessionId":"94b2dfbc-5a87-4ff5-8430-a6752ec32c55","value":{"ELEMENT":"23886d43-a050-4975-af4c-40685e00c0ee","element-6066-11e4-a52e-4f735466cecf":"23886d43-a050-4975-af4c-40685e00c0ee"}}
09-01 14:43:46.995 W/RecentsModel( 7676): onTaskStackChangedBackground: start loading
09-01 14:43:46.996 W/RecentsModel( 7676): getTaskInfoIgnoreHomeAndSplit   taskInfo=ComponentInfo{com.xiaomi.hm.health/com.xiaomi.hm.health.activity.MainTabActivity}
09-01 14:43:46.996 W/RecentsModel( 7676): getTaskInfoIgnoreHomeAndFreeform   taskInfo=ComponentInfo{com.xiaomi.hm.health/com.xiaomi.hm.health.activity.MainTabActivity}
09-01 14:43:46.997 W/RecentsModel( 7676): getTaskInfoIgnoreFreeform   taskInfo=ComponentInfo{com.xiaomi.hm.health/com.xiaomi.hm.health.activity.MainTabActivity}
09-01 14:43:46.997 W/RecentsModel( 7676): onTaskStackChangedBackground: finishLoading loading
09-01 14:43:46.999 I/appium  (13898): channel read invoked!
09-01 14:43:46.999 I/appium  (13898): channel read: POST /wd/hub/session/94b2dfbc-5a87-4ff5-8430-a6752ec32c55/element
09-01 14:43:47.000 I/appium  (13898): Find element command using 'id' with selector 'statistics_button'.
09-01 14:43:47.001 I/appium  (13898): Waiting up to 10000ms for device to be idle
09-01 14:43:47.441 I/Timeline( 1639): Timeline: Activity_windows_visible id: ActivityRecord{4882ff2 u0 com.xiaomi.hm.health/.ui.information.DetailInfoActivity t491} time:212193457
09-01 14:43:47.442 D/EventBus(29730): [29730, u0] send(AppTransitionFinishedEvent)
09-01 14:43:47.442 D/EventBus(29730): [29730, u0]  -> ForcedResizableInfoActivityController [0xc4c1163, P1] onBusEvent(AppTransitionFinishedEvent)
09-01 14:43:47.443 D/EventBus(29730): [29730, u0] onBusEvent(AppTransitionFinishedEvent) duration: 27 microseconds, avg: 36
09-01 14:43:47.443 D/EventBus(29730): [29730, u0] send(AppTransitionFinishedEvent)
09-01 14:43:47.443 D/EventBus(29730): [29730, u0]  -> ForcedResizableInfoActivityController [0xc4c1163, P1] onBusEvent(AppTransitionFinishedEvent)
09-01 14:43:47.443 D/EventBus(29730): [29730, u0] onBusEvent(AppTransitionFinishedEvent) duration: 11 microseconds, avg: 36
09-01 14:43:47.444 I/Timeline( 1639): Timeline: App_transition_stopped time:212193461
09-01 14:43:47.447 I/SplashScreenServiceDelegate( 1639): None for com.xiaomi.hm.health
09-01 14:43:47.470 D/EventBus(29730): [29730, u0] send(AppTransitionFinishedEvent)
09-01 14:43:47.470 D/EventBus(29730): [29730, u0]  -> ForcedResizableInfoActivityController [0xc4c1163, P1] onBusEvent(AppTransitionFinishedEvent)
09-01 14:43:47.470 D/EventBus(29730): [29730, u0] onBusEvent(AppTransitionFinishedEvent) duration: 22 microseconds, avg: 36
09-01 14:43:47.498 I/appium  (13898): AppiumResponse: {"sessionId":"94b2dfbc-5a87-4ff5-8430-a6752ec32c55","value":{"ELEMENT":"fdf7d13f-6e19-455f-9097-c1a85d239c1b","element-6066-11e4-a52e-4f735466cecf":"fdf7d13f-6e19-455f-9097-c1a85d239c1b"}}
09-01 14:43:47.510 I/appium  (13898): channel read invoked!
09-01 14:43:47.510 I/appium  (13898): channel read: POST /wd/hub/session/94b2dfbc-5a87-4ff5-8430-a6752ec32c55/element/fdf7d13f-6e19-455f-9097-c1a85d239c1b/click
09-01 14:43:47.511 I/appium  (13898): Click element command
09-01 14:43:47.527 I/Timeline(13945): Timeline: Activity_launch_request time:212193544
09-01 14:43:47.527 I/SplashScreenServiceDelegate( 1639): None for com.xiaomi.hm.health
09-01 14:43:47.527 I/ActivityTaskManager( 1639): START u0 {cmp=com.xiaomi.hm.health/.ui.information.StatisticsActivity (has extras)} from uid 10241
09-01 14:43:47.530 D/CompatibilityInfo( 1639): mCompatibilityFlags - 0
09-01 14:43:47.530 D/CompatibilityInfo( 1639): applicationDensity - 440
09-01 14:43:47.530 D/CompatibilityInfo( 1639): applicationScale - 1.0
09-01 14:43:47.530 D/ActivityTrigger( 1639): ActivityTrigger activityPauseTrigger 
09-01 14:43:47.535 I/ActivityTaskManager( 1639): The Process com.xiaomi.hm.health Already Exists in BG. So sending its PID: 13945
09-01 14:43:47.536 D/CompatibilityInfo( 1639): mCompatibilityFlags - 0
09-01 14:43:47.536 D/CompatibilityInfo( 1639): applicationDensity - 440
09-01 14:43:47.536 D/CompatibilityInfo( 1639): applicationScale - 1.0
09-01 14:43:47.537 D/WindowManager( 1639): Input focus has changed to null
09-01 14:43:47.540 I/Timeline( 1639): Timeline: App_transition_ready time:212193556
09-01 14:43:47.541 W/ActivityThread(13945): handleWindowVisibility: no activity for token android.os.BinderProxy@14014a0
09-01 14:43:47.541 I/appium  (13898): Waiting up to 10000ms for device to be idle
09-01 14:43:47.548 D/ViewContentFactory(13945): initViewContentFetcherClass
09-01 14:43:47.548 I/ContentCatcher(13945): ViewContentFetcher : ViewContentFetcher
09-01 14:43:47.548 D/ViewContentFactory(13945): createInterceptor took 0ms
09-01 14:43:47.556 D/BaseTitleActivity(13945): setStyle BACK_DOUBLE_TITLE_SHARE title title darkMode false color -16739623
09-01 14:43:47.557 D/BaseTitleActivity(13945): setTintColor -16739623
09-01 14:43:47.584 D/RecentsImpl( 7676): mActivityStateObserver com.xiaomi.hm.health.ui.information.StatisticsActivity
09-01 14:43:47.585 I/vendor.qti.bluetooth@1.0-ibs_handler(19843): DeviceSleep: TX Awake, Sending SLEEP_IND
09-01 14:43:47.585 D/vendor.qti.bluetooth@1.0-ibs_handler(19843): SerialClockVote: vote for UART CLK OFF
09-01 14:43:47.591 I/Timeline( 1639): Timeline: App_transition_ready time:212193608
09-01 14:43:47.592 I/Timeline( 1639): Timeline: App_transition_ready time:212193609
09-01 14:43:47.592 D/WindowManager( 1639): Input focus has changed to Window{f04a72c u0 com.xiaomi.hm.health/com.xiaomi.hm.health.ui.information.StatisticsActivity}
09-01 14:43:47.604 I/Timeline( 1639): Timeline: App_transition_ready time:212193621
09-01 14:43:47.611 I/ActivityTaskManager( 1639): Displayed com.xiaomi.hm.health/.ui.information.StatisticsActivity: +76ms
09-01 14:43:47.630 D/CompatibilityInfo( 1639): mCompatibilityFlags - 0
09-01 14:43:47.630 D/CompatibilityInfo( 1639): applicationDensity - 440
09-01 14:43:47.630 D/CompatibilityInfo( 1639): applicationScale - 1.0
09-01 14:43:47.641 I/SplashScreenServiceDelegate( 1639): None for com.xiaomi.hm.health
09-01 14:43:47.647 W/RecentsModel( 7676): onTaskStackChangedBackground: start loading
09-01 14:43:47.649 W/RecentsModel( 7676): getTaskInfoIgnoreHomeAndSplit   taskInfo=ComponentInfo{com.xiaomi.hm.health/com.xiaomi.hm.health.activity.MainTabActivity}
09-01 14:43:47.650 W/RecentsModel( 7676): getTaskInfoIgnoreHomeAndFreeform   taskInfo=ComponentInfo{com.xiaomi.hm.health/com.xiaomi.hm.health.activity.MainTabActivity}
09-01 14:43:47.650 W/RecentsModel( 7676): getTaskInfoIgnoreFreeform   taskInfo=ComponentInfo{com.xiaomi.hm.health/com.xiaomi.hm.health.activity.MainTabActivity}
09-01 14:43:47.650 W/RecentsModel( 7676): onTaskStackChangedBackground: finishLoading loading
09-01 14:43:47.735 D/vendor.qti.bluetooth@1.0-wake_lock(19843): Release wakelock is released 
09-01 14:43:48.120 I/Timeline( 1639): Timeline: Activity_windows_visible id: ActivityRecord{d330d83 u0 com.xiaomi.hm.health/.ui.information.StatisticsActivity t491} time:212194137
09-01 14:43:48.121 D/EventBus(29730): [29730, u0] send(AppTransitionFinishedEvent)
09-01 14:43:48.122 D/EventBus(29730): [29730, u0]  -> ForcedResizableInfoActivityController [0xc4c1163, P1] onBusEvent(AppTransitionFinishedEvent)
09-01 14:43:48.122 D/EventBus(29730): [29730, u0] onBusEvent(AppTransitionFinishedEvent) duration: 46 microseconds, avg: 36
09-01 14:43:48.126 D/EventBus(29730): [29730, u0] send(AppTransitionFinishedEvent)
09-01 14:43:48.126 I/Timeline( 1639): Timeline: App_transition_stopped time:212194143
09-01 14:43:48.126 D/EventBus(29730): [29730, u0]  -> ForcedResizableInfoActivityController [0xc4c1163, P1] onBusEvent(AppTransitionFinishedEvent)
09-01 14:43:48.128 D/EventBus(29730): [29730, u0] onBusEvent(AppTransitionFinishedEvent) duration: 47 microseconds, avg: 36
09-01 14:43:48.132 D/ActivityTrigger( 1639): ActivityTrigger activityStopTrigger 
09-01 14:43:48.197 I/appium  (13898): AppiumResponse: {"sessionId":"94b2dfbc-5a87-4ff5-8430-a6752ec32c55","value":null}
09-01 14:43:48.219 I//system/vendor/bin/mi_thermald( 1070): thermal_cpu_set_level: set cpu freq of cpu7 to 2016000
09-01 14:43:48.219 I//system/vendor/bin/mi_thermald( 1070): thermal_cpu_set_level: set cpu freq of cpu4 to 2016000
09-01 14:43:48.220 I/appium  (13898): channel read invoked!
09-01 14:43:48.221 I/appium  (13898): channel read: POST /wd/hub/session/94b2dfbc-5a87-4ff5-8430-a6752ec32c55/element
09-01 14:43:48.223 I/appium  (13898): Find element command using 'id' with selector 'radio_week'.
09-01 14:43:48.224 I/appium  (13898): Waiting up to 10000ms for device to be idle
09-01 14:43:48.242 I/appium  (13898): AppiumResponse: {"sessionId":"94b2dfbc-5a87-4ff5-8430-a6752ec32c55","value":{"ELEMENT":"657a18a3-b319-48a9-93b2-366223451962","element-6066-11e4-a52e-4f735466cecf":"657a18a3-b319-48a9-93b2-366223451962"}}
09-01 14:43:48.256 I/appium  (13898): channel read invoked!
09-01 14:43:48.256 I/appium  (13898): channel read: POST /wd/hub/session/94b2dfbc-5a87-4ff5-8430-a6752ec32c55/element/657a18a3-b319-48a9-93b2-366223451962/click
09-01 14:43:48.258 I/appium  (13898): Click element command
09-01 14:43:48.303 I/appium  (13898): Waiting up to 10000ms for device to be idle
09-01 14:43:48.304 I/appium  (13898): AppiumResponse: {"sessionId":"94b2dfbc-5a87-4ff5-8430-a6752ec32c55","value":null}
09-01 14:43:48.322 I/appium  (13898): channel read invoked!
09-01 14:43:48.322 I/appium  (13898): channel read: POST /wd/hub/session/94b2dfbc-5a87-4ff5-8430-a6752ec32c55/element
09-01 14:43:48.324 I/appium  (13898): Find element command using 'id' with selector 'common_title_center_top_text'.
09-01 14:43:48.325 I/appium  (13898): Waiting up to 10000ms for device to be idle
09-01 14:43:48.531 I/MiuiNetworkPolicy( 1639): bandwidth: 0 KB/s, Max bandwidth: 3727 KB/s
09-01 14:43:48.754 D/StackScroller(29730): applyCurrentState
09-01 14:43:49.355 I/appium  (13898): AppiumResponse: {"sessionId":"94b2dfbc-5a87-4ff5-8430-a6752ec32c55","value":{"ELEMENT":"dbc3ed44-f6d9-4c34-8cb7-01963c72fad7","element-6066-11e4-a52e-4f735466cecf":"dbc3ed44-f6d9-4c34-8cb7-01963c72fad7"}}
09-01 14:43:49.369 I/appium  (13898): channel read invoked!
09-01 14:43:49.369 I/appium  (13898): channel read: GET /wd/hub/session/94b2dfbc-5a87-4ff5-8430-a6752ec32c55/element/dbc3ed44-f6d9-4c34-8cb7-01963c72fad7/attribute/text
09-01 14:43:49.370 I/appium  (13898): get attribute of element command
09-01 14:43:49.378 I/appium  (13898): AppiumResponse: {"sessionId":"94b2dfbc-5a87-4ff5-8430-a6752ec32c55","value":"8月31日 - 9月1日"}
09-01 14:43:49.395 I/appium  (13898): channel read invoked!
09-01 14:43:49.395 I/appium  (13898): channel read: GET /wd/hub/session/94b2dfbc-5a87-4ff5-8430-a6752ec32c55/screenshot
09-01 14:43:49.396 I/appium  (13898): Capture screenshot command
09-01 14:43:49.553 I/hwservicemanager(  573): getTransport: Cannot find entry android.hardware.graphics.mapper@3.0::IMapper/default in either framework or device manifest.
09-01 14:43:49.554 W/Gralloc3(14336): mapper 3.x is not supported
09-01 14:43:49.567 W/AdrenoUtils(14336): <ReadGpuID_from_sysfs:194>: Failed to open /sys/class/kgsl/kgsl-3d0/gpu_model
09-01 14:43:49.560 W/screencap(14336): type=1400 audit(0.0:64183): avc: denied { search } for name="kgsl" dev="sysfs" ino=55624 scontext=u:r:shell:s0 tcontext=u:object_r:sysfs_kgsl:s0 tclass=dir permissive=0
09-01 14:43:49.567 W/AdrenoUtils(14336): <ReadGpuID:218>: Failed to read chip ID from gpu_model. Fallback to use the GSL path
09-01 14:43:49.811 I/appium  (13898): AppiumResponse: {"sessionId":"94b2dfbc-5a87-4ff5-8430-a6752ec32c55","value":"iVBORw0KGgoAAAANSUhEUgAABDgAAAkkCAYAAAD508+vAAAAAXNSR0IArs4c6QAAAARzQklUCAgI\nCHwIZIgAACAASURBVHic7N13eBv1\/Qfw95329p7ZkyTOnkAms8z215aySssoq0CBMtJSIOzSBgib\nQCmUttAWaIFQoCRAEkjIHiQhi2zHe8rWsKxxvz+0TsO2bMlDzvv1PHkiS7rTnX22dO\/7fD9fAc\/u\...
09-01 14:43:50.004 I/appium  (13898): channel read invoked!
09-01 14:43:50.005 I/appium  (13898): channel read: POST /wd/hub/session/94b2dfbc-5a87-4ff5-8430-a6752ec32c55/element
09-01 14:43:50.007 I/appium  (13898): Find element command using 'id' with selector 'com.xiaomi.hm.health:id/common_title_left_image'.
09-01 14:43:50.008 I/appium  (13898): Waiting up to 10000ms for device to be idle
09-01 14:43:50.021 I/appium  (13898): AppiumResponse: {"sessionId":"94b2dfbc-5a87-4ff5-8430-a6752ec32c55","value":{"ELEMENT":"828d11d0-681a-41d0-9d88-db25df3df988","element-6066-11e4-a52e-4f735466cecf":"828d11d0-681a-41d0-9d88-db25df3df988"}}
09-01 14:43:50.036 I/appium  (13898): channel read invoked!
09-01 14:43:50.036 I/appium  (13898): channel read: POST /wd/hub/session/94b2dfbc-5a87-4ff5-8430-a6752ec32c55/element/828d11d0-681a-41d0-9d88-db25df3df988/click
09-01 14:43:50.038 I/appium  (13898): Click element command
09-01 14:43:50.066 D/ActivityTrigger( 1639): ActivityTrigger activityPauseTrigger 
09-01 14:43:50.079 I/appium  (13898): Waiting up to 10000ms for device to be idle
09-01 14:43:50.080 I/appium  (13898): AppiumResponse: {"sessionId":"94b2dfbc-5a87-4ff5-8430-a6752ec32c55","value":null}
09-01 14:43:50.083 D/WindowManager( 1639): Input focus has changed to null
09-01 14:43:50.087 I/Timeline( 1639): Timeline: App_transition_ready time:212196104
09-01 14:43:50.095 D/RecentsImpl( 7676): mActivityStateObserver com.xiaomi.hm.health.ui.information.DetailInfoActivity
09-01 14:43:50.097 I/Timeline( 1639): Timeline: App_transition_ready time:212196114
09-01 14:43:50.098 D/WindowManager( 1639): Input focus has changed to Window{ccc139f u0 com.xiaomi.hm.health/com.xiaomi.hm.health.ui.information.DetailInfoActivity}
09-01 14:43:50.107 I/appium  (13898): channel read invoked!
09-01 14:43:50.107 I/appium  (13898): channel read: POST /wd/hub/session/94b2dfbc-5a87-4ff5-8430-a6752ec32c55/element
09-01 14:43:50.108 I/Timeline( 1639): Timeline: App_transition_ready time:212196125
09-01 14:43:50.108 I/appium  (13898): Find element command using 'id' with selector 'statistics_button'.
09-01 14:43:50.109 I/appium  (13898): Waiting up to 10000ms for device to be idle
09-01 14:43:50.113 I/SplashScreenServiceDelegate( 1639): None for com.xiaomi.hm.health
09-01 14:43:50.153 I/BtGatt.ScanManager( 8588): msg.what = 3
09-01 14:43:50.153 D/BtGatt.ScanManager( 8588): configureRegularScanParams() - queue=2
09-01 14:43:50.153 D/BtGatt.ScanManager( 8588): configureRegularScanParams() - ScanSetting LE 1M Scan mode=0ScanSetting LE Coded Scan mode=0 mLastConfiguredScanSettingLE1M=0 mLastConfiguredScanSettingLECoded=0scanPhy=255
09-01 14:43:50.155 D/BtGatt.ScanManager( 8588): configureRegularScanParams - scanInterval LE 1M = 1500configureRegularScanParams - scanWindow LE 1M= 150configureRegularScanParams - scanInterval LE Coded= 1500configureRegularScanParams - scanWindow LE Coded= 150
09-01 14:43:50.155 D/BtGatt.GattService( 8588): onScanParamSetupCompleted : 0
09-01 14:43:50.155 D/vendor.qti.bluetooth@1.0-ibs_handler(19843): SerialClockVote: vote for UART CLK ON
09-01 14:43:50.156 D/vendor.qti.bluetooth@1.0-wake_lock(19843): Acquire wakelock is acquired 
09-01 14:43:50.156 I/vendor.qti.bluetooth@1.0-ibs_handler(19843): DeviceWakeUp: Writing IBS_WAKE_IND
09-01 14:43:50.159 I/vendor.qti.bluetooth@1.0-ibs_handler(19843): ProcessIbsCmd: Received IBS_WAKE_ACK: 0xFC
09-01 14:43:50.160 I/vendor.qti.bluetooth@1.0-ibs_handler(19843): ProcessIbsCmd: Received IBS_WAKE_IND: 0xFD
09-01 14:43:50.160 I/vendor.qti.bluetooth@1.0-ibs_handler(19843): ProcessIbsCmd: Writing IBS_WAKE_ACK
09-01 14:43:50.191 W/RecentsModel( 7676): onTaskStackChangedBackground: start loading
09-01 14:43:50.192 W/RecentsModel( 7676): getTaskInfoIgnoreHomeAndSplit   taskInfo=ComponentInfo{com.xiaomi.hm.health/com.xiaomi.hm.health.activity.MainTabActivity}
09-01 14:43:50.192 W/RecentsModel( 7676): getTaskInfoIgnoreHomeAndFreeform   taskInfo=ComponentInfo{com.xiaomi.hm.health/com.xiaomi.hm.health.activity.MainTabActivity}
09-01 14:43:50.193 W/RecentsModel( 7676): getTaskInfoIgnoreFreeform   taskInfo=ComponentInfo{com.xiaomi.hm.health/com.xiaomi.hm.health.activity.MainTabActivity}
09-01 14:43:50.193 W/RecentsModel( 7676): onTaskStackChangedBackground: finishLoading loading
09-01 14:43:50.203 I/vendor.qti.bluetooth@1.0-ibs_handler(19843): ProcessIbsCmd: Received IBS_SLEEP_IND: 0xFE
09-01 14:43:50.554 I//system/vendor/bin/mi_thermald( 1070): thermal_cpu_set_level: set cpu freq of cpu4 to 2016000
09-01 14:43:50.624 I/Timeline( 1639): Timeline: Activity_windows_visible id: ActivityRecord{4882ff2 u0 com.xiaomi.hm.health/.ui.information.DetailInfoActivity t491} time:212196641
09-01 14:43:50.625 D/EventBus(29730): [29730, u0] send(AppTransitionFinishedEvent)
09-01 14:43:50.625 D/EventBus(29730): [29730, u0]  -> ForcedResizableInfoActivityController [0xc4c1163, P1] onBusEvent(AppTransitionFinishedEvent)
09-01 14:43:50.625 I/SplashScreenServiceDelegate( 1639): None for com.xiaomi.hm.health
09-01 14:43:50.625 D/EventBus(29730): [29730, u0] onBusEvent(AppTransitionFinishedEvent) duration: 25 microseconds, avg: 36
09-01 14:43:50.625 D/EventBus(29730): [29730, u0] send(AppTransitionFinishedEvent)
09-01 14:43:50.625 D/EventBus(29730): [29730, u0]  -> ForcedResizableInfoActivityController [0xc4c1163, P1] onBusEvent(AppTransitionFinishedEvent)
09-01 14:43:50.625 D/EventBus(29730): [29730, u0] onBusEvent(AppTransitionFinishedEvent) duration: 123 microseconds, avg: 36
09-01 14:43:50.627 I/Timeline( 1639): Timeline: App_transition_stopped time:212196644
09-01 14:43:50.656 D/EventBus(29730): [29730, u0] send(AppTransitionFinishedEvent)
09-01 14:43:50.656 D/EventBus(29730): [29730, u0]  -> ForcedResizableInfoActivityController [0xc4c1163, P1] onBusEvent(AppTransitionFinishedEvent)
09-01 14:43:50.656 D/EventBus(29730): [29730, u0] onBusEvent(AppTransitionFinishedEvent) duration: 27 microseconds, avg: 36
09-01 14:43:50.688 I/appium  (13898): AppiumResponse: {"sessionId":"94b2dfbc-5a87-4ff5-8430-a6752ec32c55","value":{"ELEMENT":"8f319ebe-268c-4858-a00c-3ea5fe6d2aff","element-6066-11e4-a52e-4f735466cecf":"8f319ebe-268c-4858-a00c-3ea5fe6d2aff"}}
09-01 14:43:50.722 I//system/vendor/bin/mi_thermald( 1070): thermal_cpu_set_level: set cpu freq of cpu7 to 2016000
09-01 14:43:50.730 I/appium  (13898): channel read invoked!
09-01 14:43:50.730 I/appium  (13898): channel read: POST /wd/hub/session/94b2dfbc-5a87-4ff5-8430-a6752ec32c55/element
09-01 14:43:50.732 I/appium  (13898): Find element command using 'id' with selector 'statistics_button'.
09-01 14:43:50.732 I/appium  (13898): Waiting up to 10000ms for device to be idle
09-01 14:43:51.163 I/vendor.qti.bluetooth@1.0-ibs_handler(19843): DeviceSleep: TX Awake, Sending SLEEP_IND
09-01 14:43:51.163 D/vendor.qti.bluetooth@1.0-ibs_handler(19843): SerialClockVote: vote for UART CLK OFF
09-01 14:43:51.272 I/appium  (13898): AppiumResponse: {"sessionId":"94b2dfbc-5a87-4ff5-8430-a6752ec32c55","value":{"ELEMENT":"647f8b19-c84e-4b13-86bd-bfb9f6f10936","element-6066-11e4-a52e-4f735466cecf":"647f8b19-c84e-4b13-86bd-bfb9f6f10936"}}
09-01 14:43:51.288 I/appium  (13898): channel read invoked!
09-01 14:43:51.289 I/appium  (13898): channel read: POST /wd/hub/session/94b2dfbc-5a87-4ff5-8430-a6752ec32c55/element/647f8b19-c84e-4b13-86bd-bfb9f6f10936/click
09-01 14:43:51.290 I/appium  (13898): Click element command
09-01 14:43:51.314 D/vendor.qti.bluetooth@1.0-wake_lock(19843): Release wakelock is released 
09-01 14:43:51.314 I/Timeline(13945): Timeline: Activity_launch_request time:212197331
09-01 14:43:51.316 I/SplashScreenServiceDelegate( 1639): None for com.xiaomi.hm.health
09-01 14:43:51.316 I/ActivityTaskManager( 1639): START u0 {cmp=com.xiaomi.hm.health/.ui.information.StatisticsActivity (has extras)} from uid 10241
09-01 14:43:51.322 I/appium  (13898): Waiting up to 10000ms for device to be idle
09-01 14:43:51.326 D/CompatibilityInfo( 1639): mCompatibilityFlags - 0
09-01 14:43:51.326 D/CompatibilityInfo( 1639): applicationDensity - 440
09-01 14:43:51.326 D/CompatibilityInfo( 1639): applicationScale - 1.0
09-01 14:43:51.327 D/ActivityTrigger( 1639): ActivityTrigger activityPauseTrigger 
09-01 14:43:51.340 I/ActivityTaskManager( 1639): The Process com.xiaomi.hm.health Already Exists in BG. So sending its PID: 13945
09-01 14:43:51.342 D/CompatibilityInfo( 1639): mCompatibilityFlags - 0
09-01 14:43:51.342 D/CompatibilityInfo( 1639): applicationDensity - 440
09-01 14:43:51.342 D/CompatibilityInfo( 1639): applicationScale - 1.0
09-01 14:43:51.343 D/WindowManager( 1639): Input focus has changed to null
09-01 14:43:51.345 I/Timeline( 1639): Timeline: App_transition_ready time:212197362
09-01 14:43:51.347 W/ActivityThread(13945): handleWindowVisibility: no activity for token android.os.BinderProxy@c2a2dad
09-01 14:43:51.352 D/ViewContentFactory(13945): initViewContentFetcherClass
09-01 14:43:51.352 I/ContentCatcher(13945): ViewContentFetcher : ViewContentFetcher
09-01 14:43:51.352 D/ViewContentFactory(13945): createInterceptor took 0ms
09-01 14:43:51.360 D/BaseTitleActivity(13945): setStyle BACK_DOUBLE_TITLE_SHARE title title darkMode false color -16739623
09-01 14:43:51.361 D/BaseTitleActivity(13945): setTintColor -16739623
09-01 14:43:51.382 D/RecentsImpl( 7676): mActivityStateObserver com.xiaomi.hm.health.ui.information.StatisticsActivity
09-01 14:43:51.389 I/Timeline( 1639): Timeline: App_transition_ready time:212197406
09-01 14:43:51.390 I/Timeline( 1639): Timeline: App_transition_ready time:212197407
09-01 14:43:51.390 D/WindowManager( 1639): Input focus has changed to Window{401fede u0 com.xiaomi.hm.health/com.xiaomi.hm.health.ui.information.StatisticsActivity}
09-01 14:43:51.400 I/Timeline( 1639): Timeline: App_transition_ready time:212197417
09-01 14:43:51.411 I/ActivityTaskManager( 1639): Displayed com.xiaomi.hm.health/.ui.information.StatisticsActivity: +84ms
09-01 14:43:51.438 I/SplashScreenServiceDelegate( 1639): None for com.xiaomi.hm.health
09-01 14:43:51.450 W/RecentsModel( 7676): onTaskStackChangedBackground: start loading
09-01 14:43:51.451 W/RecentsModel( 7676): getTaskInfoIgnoreHomeAndSplit   taskInfo=ComponentInfo{com.xiaomi.hm.health/com.xiaomi.hm.health.activity.MainTabActivity}
09-01 14:43:51.451 W/RecentsModel( 7676): getTaskInfoIgnoreHomeAndFreeform   taskInfo=ComponentInfo{com.xiaomi.hm.health/com.xiaomi.hm.health.activity.MainTabActivity}
09-01 14:43:51.452 W/RecentsModel( 7676): getTaskInfoIgnoreFreeform   taskInfo=ComponentInfo{com.xiaomi.hm.health/com.xiaomi.hm.health.activity.MainTabActivity}
09-01 14:43:51.452 W/RecentsModel( 7676): onTaskStackChangedBackground: finishLoading loading
09-01 14:43:51.533 I/MiuiNetworkPolicy( 1639): bandwidth: 0 KB/s, Max bandwidth: 3727 KB/s
09-01 14:43:51.743 D/NetworkController.MobileSignalController(1)(29730): 4G level = 5
09-01 14:43:51.901 I/Timeline( 1639): Timeline: Activity_windows_visible id: ActivityRecord{755ad1d u0 com.xiaomi.hm.health/.ui.information.StatisticsActivity t491} time:212197918
09-01 14:43:51.905 D/EventBus(29730): [29730, u0] send(AppTransitionFinishedEvent)
09-01 14:43:51.905 D/EventBus(29730): [29730, u0]  -> ForcedResizableInfoActivityController [0xc4c1163, P1] onBusEvent(AppTransitionFinishedEvent)
09-01 14:43:51.905 D/EventBus(29730): [29730, u0] onBusEvent(AppTransitionFinishedEvent) duration: 41 microseconds, avg: 36
09-01 14:43:51.906 D/EventBus(29730): [29730, u0] send(AppTransitionFinishedEvent)
09-01 14:43:51.906 D/EventBus(29730): [29730, u0]  -> ForcedResizableInfoActivityController [0xc4c1163, P1] onBusEvent(AppTransitionFinishedEvent)
09-01 14:43:51.906 I/Timeline( 1639): Timeline: App_transition_stopped time:212197922
09-01 14:43:51.906 D/EventBus(29730): [29730, u0] onBusEvent(AppTransitionFinishedEvent) duration: 14 microseconds, avg: 36
09-01 14:43:51.912 D/ActivityTrigger( 1639): ActivityTrigger activityStopTrigger 
09-01 14:43:51.910 W/memtrack@1.0-se(  787): type=1400 audit(0.0:64184): avc: denied { search } for name="kgsl" dev="sysfs" ino=55624 scontext=u:r:hal_memtrack_default:s0 tcontext=u:object_r:sysfs_kgsl:s0 tclass=dir permissive=0
09-01 14:43:51.995 I/appium  (13898): AppiumResponse: {"sessionId":"94b2dfbc-5a87-4ff5-8430-a6752ec32c55","value":null}
09-01 14:43:52.017 I/appium  (13898): channel read invoked!
09-01 14:43:52.018 I/appium  (13898): channel read: POST /wd/hub/session/94b2dfbc-5a87-4ff5-8430-a6752ec32c55/element
09-01 14:43:52.020 I/appium  (13898): Find element command using 'id' with selector 'radio_week'.
09-01 14:43:52.021 I/appium  (13898): Waiting up to 10000ms for device to be idle
09-01 14:43:52.045 I/appium  (13898): AppiumResponse: {"sessionId":"94b2dfbc-5a87-4ff5-8430-a6752ec32c55","value":{"ELEMENT":"2e7d1d8d-eb62-4cc7-bd0e-1856cd2d0d81","element-6066-11e4-a52e-4f735466cecf":"2e7d1d8d-eb62-4cc7-bd0e-1856cd2d0d81"}}
09-01 14:43:52.060 I/appium  (13898): channel read invoked!
09-01 14:43:52.061 I/appium  (13898): channel read: POST /wd/hub/session/94b2dfbc-5a87-4ff5-8430-a6752ec32c55/element/2e7d1d8d-eb62-4cc7-bd0e-1856cd2d0d81/click
09-01 14:43:52.062 I/appium  (13898): Click element command
09-01 14:43:52.101 I/appium  (13898): Waiting up to 10000ms for device to be idle
09-01 14:43:52.102 I/appium  (13898): AppiumResponse: {"sessionId":"94b2dfbc-5a87-4ff5-8430-a6752ec32c55","value":null}
09-01 14:43:52.123 I/appium  (13898): channel read invoked!
09-01 14:43:52.123 I/appium  (13898): channel read: POST /wd/hub/session/94b2dfbc-5a87-4ff5-8430-a6752ec32c55/element
09-01 14:43:52.125 I/appium  (13898): Find element command using 'id' with selector 'active_distance'.
09-01 14:43:52.125 I/appium  (13898): Waiting up to 10000ms for device to be idle
09-01 14:43:52.224 I//system/vendor/bin/mi_thermald( 1070): thermal_cpu_set_level: set cpu freq of cpu7 to 2016000
09-01 14:43:52.224 I//system/vendor/bin/mi_thermald( 1070): thermal_cpu_set_level: set cpu freq of cpu4 to 2016000
09-01 14:43:52.594 D/BluetoothAdapter(13945): stopLeScan()
09-01 14:43:52.597 D/BluetoothAdapter(13945): isLeEnabled(): ON
09-01 14:43:52.597 D/BluetoothLeScanner(13945): could not find callback wrapper
09-01 14:43:52.598 D/BluetoothAdapter(13945): startLeScan(): null
09-01 14:43:52.600 D/BluetoothAdapter(13945): isLeEnabled(): ON
09-01 14:43:52.602 D/BtGatt.GattService( 8588): registerScanner() - UUID=d77c6838-c67d-4854-8e4e-a6b87f98fbc0
09-01 14:43:52.603 V/bt_stack( 8588): [VERBOSE1:bta_gattc_act.cc(175)] bta_gattc_register: state:2
09-01 14:43:52.603 I/bt_stack( 8588): [INFO:gatt_api.cc(957)] GATT_Register 9290d53b-658a-a15d-9198-d0ecfa21a98d
09-01 14:43:52.603 I/bt_stack( 8588): [INFO:gatt_api.cc(977)] allocated gatt_if=21
09-01 14:43:52.603 V/bt_stack( 8588): [VERBOSE1:gatt_api.cc(1087)] GATT_StartIf gatt_if=21
09-01 14:43:52.604 V/bt_stack( 8588): [VERBOSE1:gatt_utils.cc(254)] gatt_find_the_connected_bda start_idx=0
09-01 14:43:52.604 V/bt_stack( 8588): [VERBOSE1:gatt_utils.cc(262)]  bda :c3:d4:f4:e3:11:ec
09-01 14:43:52.604 D/BtGatt.GattService( 8588): onScannerRegistered() - UUID=d77c6838-c67d-4854-8e4e-a6b87f98fbc0, scannerId=21, status=0
09-01 14:43:52.604 V/bt_stack( 8588): [VERBOSE1:gatt_utils.cc(266)]  found=1 found_idx=0
09-01 14:43:52.604 V/bt_stack( 8588): [VERBOSE1:gatt_utils.cc(254)] gatt_find_the_connected_bda start_idx=1
09-01 14:43:52.604 V/bt_stack( 8588): [VERBOSE1:gatt_utils.cc(266)]  found=0 found_idx=10
09-01 14:43:52.604 V/bt_stack( 8588): [VERBOSE1:bta_gattc_main.cc(361)] bta_gattc_hdl_event: Event:BTA_GATTC_INT_CONN_EVT
09-01 14:43:52.604 V/bt_stack( 8588): [VERBOSE1:bta_gattc_main.cc(385)] Ignore unknown conn ID: 21
09-01 14:43:52.606 D/BluetoothLeScanner(13945): onScannerRegistered() - status=0 scannerId=21 mScannerId=0
09-01 14:43:52.608 D/PowerKeeperPolicy( 1639): isLeScanAllowed: uid = 10241, allow = true
09-01 14:43:52.609 D/BtGatt.GattService( 8588): start scan with filters. callingPackage: com.xiaomi.hm.health
09-01 14:43:52.612 D/BluetoothUtils( 8588): blockedByLocationOff callingUid=10241
09-01 14:43:52.612 I/BluetoothUtils( 8588): packagename is com.xiaomi.hm.health ,and its permission is false
09-01 14:43:52.613 I/BtGatt.ScanManager( 8588): msg.what = 0
09-01 14:43:52.614 D/BtGatt.ScanManager( 8588): handling starting scan
09-01 14:43:52.615 D/BtGatt.ScanManager( 8588): isAptXLowLatencyModeEnabled: false
09-01 14:43:52.616 D/PowerKeeperPolicy( 1639): startLeScan: BleScanWrapper[mClientIf = 21 mPendingIntent=null] uid=10241
09-01 14:43:52.616 D/vendor.qti.bluetooth@1.0-ibs_handler(19843): SerialClockVote: vote for UART CLK ON
09-01 14:43:52.616 D/PowerKeeperPolicy( 1639): uid = 10241 setAllowed, allowed = true
09-01 14:43:52.616 D/PowerKeeperPolicy( 1639): uid = 10241 setScanning, scanning = true
09-01 14:43:52.616 D/PowerKeeperPolicy( 1639): startLeScan, uid = 10241 is scanning
09-01 14:43:52.616 D/vendor.qti.bluetooth@1.0-wake_lock(19843): Acquire wakelock is acquired 
09-01 14:43:52.616 I/vendor.qti.bluetooth@1.0-ibs_handler(19843): DeviceWakeUp: Writing IBS_WAKE_IND
09-01 14:43:52.620 I/vendor.qti.bluetooth@1.0-ibs_handler(19843): ProcessIbsCmd: Received IBS_WAKE_ACK: 0xFC
09-01 14:43:52.620 I/vendor.qti.bluetooth@1.0-ibs_handler(19843): ProcessIbsCmd: Received IBS_WAKE_IND: 0xFD
09-01 14:43:52.620 I/vendor.qti.bluetooth@1.0-ibs_handler(19843): ProcessIbsCmd: Writing IBS_WAKE_ACK
09-01 14:43:52.622 D/BtGatt.GattService( 8588): onScanFilterEnableDisabled() - clientIf=21, status=0, action=1
09-01 14:43:52.622 D/BtGatt.ScanManager( 8588): callback done for scannerId - 21 status - 0
09-01 14:43:52.622 D/BtGatt.ScanManager( 8588): configureFilterParamter 500 10000 1 0, deliveryMode=0
09-01 14:43:52.625 D/BtGatt.GattService( 8588): onScanFilterParamsConfigured() - clientIf=21, status=0, action=0, availableSpace=10
09-01 14:43:52.625 D/BtGatt.ScanManager( 8588): callback done for scannerId - 21 status - 0
09-01 14:43:52.625 D/BtGatt.ScanManager( 8588): configureRegularScanParams() - queue=3
09-01 14:43:52.625 D/BtGatt.ScanManager( 8588): configureRegularScanParams() - ScanSetting LE 1M Scan mode=2ScanSetting LE Coded Scan mode=2 mLastConfiguredScanSettingLE1M=0 mLastConfiguredScanSettingLECoded=0scanPhy=255
09-01 14:43:52.625 D/BtGatt.ScanManager( 8588): configureRegularScanParams - scanInterval LE 1M = 4096configureRegularScanParams - scanWindow LE 1M= 4096configureRegularScanParams - scanInterval LE Coded= 4096configureRegularScanParams - scanWindow LE Coded= 4096
09-01 14:43:52.626 D/BtGatt.GattService( 8588): onScanParamSetupCompleted : 0
09-01 14:43:52.637 V/bt_stack( 8588): [VERBOSE1:btm_ble_gap.cc(1923)] btm_ble_process_ext_adv_pkt: bda=33:91:15:08:2a:2b
09-01 14:43:52.637 V/bt_stack( 8588): [VERBOSE1:btm_ble_gap.cc(1847)] btm_ble_process_adv_addr: bda=33:91:15:08:2a:2b
09-01 14:43:52.639 D/BluetoothUtils( 8588): blockedByLocationOff callingUid=1002
09-01 14:43:52.639 I/BluetoothUtils( 8588): packagename is android.uid.bluetooth:1002 ,and its permission is false
09-01 14:43:52.639 D/BluetoothUtils( 8588): blockedByLocationOff callingUid=1002
09-01 14:43:52.640 I/BluetoothUtils( 8588): packagename is android.uid.bluetooth:1002 ,and its permission is false
09-01 14:43:52.640 D/BluetoothUtils( 8588): blockedByLocationOff callingUid=1002
09-01 14:43:52.640 I/BluetoothUtils( 8588): packagename is android.uid.bluetooth:1002 ,and its permission is false
09-01 14:43:52.641 V/bt_stack( 8588): [VERBOSE1:btm_ble_gap.cc(1923)] btm_ble_process_ext_adv_pkt: bda=28:bc:17:6a:f4:4d
09-01 14:43:52.641 V/bt_stack( 8588): [VERBOSE1:btm_ble_gap.cc(1847)] btm_ble_process_adv_addr: bda=28:bc:17:6a:f4:4d
09-01 14:43:52.642 D/BluetoothUtils( 8588): blockedByLocationOff callingUid=1002
09-01 14:43:52.642 I/BluetoothUtils( 8588): packagename is android.uid.bluetooth:1002 ,and its permission is false
09-01 14:43:52.643 D/BluetoothUtils( 8588): blockedByLocationOff callingUid=1002
09-01 14:43:52.643 I/BluetoothUtils( 8588): packagename is android.uid.bluetooth:1002 ,and its permission is false
09-01 14:43:52.643 D/BluetoothUtils( 8588): blockedByLocationOff callingUid=1002
09-01 14:43:52.643 I/BluetoothUtils( 8588): packagename is android.uid.bluetooth:1002 ,and its permission is false
09-01 14:43:52.660 V/bt_stack( 8588): [VERBOSE1:btm_ble_gap.cc(1923)] btm_ble_process_ext_adv_pkt: bda=00:35:64:83:a4:98
09-01 14:43:52.660 V/bt_stack( 8588): [VERBOSE1:btm_ble_gap.cc(1847)] btm_ble_process_adv_addr: bda=00:35:64:83:a4:98
09-01 14:43:52.662 D/BluetoothUtils( 8588): blockedByLocationOff callingUid=1002
09-01 14:43:52.663 I/BluetoothUtils( 8588): packagename is android.uid.bluetooth:1002 ,and its permission is false
09-01 14:43:52.663 D/BluetoothUtils( 8588): blockedByLocationOff callingUid=1002
09-01 14:43:52.663 I/BluetoothUtils( 8588): packagename is android.uid.bluetooth:1002 ,and its permission is false
09-01 14:43:52.663 V/bt_stack( 8588): [VERBOSE1:btm_ble_gap.cc(1923)] btm_ble_process_ext_adv_pkt: bda=03:d8:93:20:a7:46
09-01 14:43:52.664 V/bt_stack( 8588): [VERBOSE1:btm_ble_gap.cc(1847)] btm_ble_process_adv_addr: bda=03:d8:93:20:a7:46
09-01 14:43:52.664 D/BluetoothUtils( 8588): blockedByLocationOff callingUid=1002
09-01 14:43:52.664 I/BluetoothUtils( 8588): packagename is android.uid.bluetooth:1002 ,and its permission is false
09-01 14:43:52.665 D/BluetoothUtils( 8588): blockedByLocationOff callingUid=1002
09-01 14:43:52.666 I/BluetoothUtils( 8588): packagename is android.uid.bluetooth:1002 ,and its permission is false
09-01 14:43:52.666 D/BluetoothUtils( 8588): blockedByLocationOff callingUid=1002
09-01 14:43:52.666 I/BluetoothUtils( 8588): packagename is android.uid.bluetooth:1002 ,and its permission is false
09-01 14:43:52.666 D/BluetoothUtils( 8588): blockedByLocationOff callingUid=1002
09-01 14:43:52.666 I/BluetoothUtils( 8588): packagename is android.uid.bluetooth:1002 ,and its permission is false
09-01 14:43:52.670 V/bt_stack( 8588): [VERBOSE1:btm_ble_gap.cc(1923)] btm_ble_process_ext_adv_pkt: bda=5d:59:4a:0e:04:eb
09-01 14:43:52.670 V/bt_stack( 8588): [VERBOSE1:btm_ble_gap.cc(1847)] btm_ble_process_adv_addr: bda=5d:59:4a:0e:04:eb
09-01 14:43:52.670 V/bt_stack( 8588): [VERBOSE1:btm_ble_gap.cc(2052)]  Waiting for scan response 5d:59:4a:0e:04:eb
09-01 14:43:52.670 V/bt_stack( 8588): [VERBOSE1:btm_ble_gap.cc(1923)] btm_ble_process_ext_adv_pkt: bda=3c:44:7b:e3:4e:f5
09-01 14:43:52.670 V/bt_stack( 8588): [VERBOSE1:btm_ble_gap.cc(1847)] btm_ble_process_adv_addr: bda=3c:44:7b:e3:4e:f5
09-01 14:43:52.672 D/BluetoothUtils( 8588): blockedByLocationOff callingUid=1002
09-01 14:43:52.673 I/BluetoothUtils( 8588): packagename is android.uid.bluetooth:1002 ,and its permission is false
09-01 14:43:52.673 D/BluetoothUtils( 8588): blockedByLocationOff callingUid=1002
09-01 14:43:52.673 I/BluetoothUtils( 8588): packagename is android.uid.bluetooth:1002 ,and its permission is false
09-01 14:43:52.674 D/BluetoothUtils( 8588): blockedByLocationOff callingUid=1002
09-01 14:43:52.674 I/BluetoothUtils( 8588): packagename is android.uid.bluetooth:1002 ,and its permission is false
09-01 14:43:52.682 V/bt_stack( 8588): [VERBOSE1:btm_ble_gap.cc(1923)] btm_ble_process_ext_adv_pkt: bda=ac:29:3a:9a:aa:42
09-01 14:43:52.682 V/bt_stack( 8588): [VERBOSE1:btm_ble_gap.cc(1847)] btm_ble_process_adv_addr: bda=ac:29:3a:9a:aa:42
09-01 14:43:52.682 V/bt_stack( 8588): [VERBOSE1:btm_ble_gap.cc(2052)]  Waiting for scan response ac:29:3a:9a:aa:42
09-01 14:43:52.683 V/bt_stack( 8588): [VERBOSE1:btm_ble_gap.cc(1923)] btm_ble_process_ext_adv_pkt: bda=3e:31:ef:13:4f:6e
09-01 14:43:52.683 V/bt_stack( 8588): [VERBOSE1:btm_ble_gap.cc(1847)] btm_ble_process_adv_addr: bda=3e:31:ef:13:4f:6e
09-01 14:43:52.685 D/BluetoothUtils( 8588): blockedByLocationOff callingUid=1002
09-01 14:43:52.685 I/BluetoothUtils( 8588): packagename is android.uid.bluetooth:1002 ,and its permission is false
09-01 14:43:52.685 D/BluetoothUtils( 8588): blockedByLocationOff callingUid=1002
09-01 14:43:52.686 I/BluetoothUtils( 8588): packagename is android.uid.bluetooth:1002 ,and its permission is false
09-01 14:43:52.686 D/BluetoothUtils( 8588): blockedByLocationOff callingUid=1002
09-01 14:43:52.686 I/BluetoothUtils( 8588): packagename is android.uid.bluetooth:1002 ,and its permission is false
09-01 14:43:52.686 V/bt_stack( 8588): [VERBOSE1:btm_ble_gap.cc(1923)] btm_ble_process_ext_adv_pkt: bda=23:60:8c:fd:6c:c5
09-01 14:43:52.686 V/bt_stack( 8588): [VERBOSE1:btm_ble_gap.cc(1847)] btm_ble_process_adv_addr: bda=23:60:8c:fd:6c:c5
09-01 14:43:52.688 V/bt_stack( 8588): [VERBOSE1:btm_ble_gap.cc(1923)] btm_ble_process_ext_adv_pkt: bda=14:dd:f1:7c:32:85
09-01 14:43:52.688 D/BluetoothUtils( 8588): blockedByLocationOff callingUid=1002
09-01 14:43:52.688 V/bt_stack( 8588): [VERBOSE1:btm_ble_gap.cc(1847)] btm_ble_process_adv_addr: bda=14:dd:f1:7c:32:85
09-01 14:43:52.688 I/BluetoothUtils( 8588): packagename is android.uid.bluetooth:1002 ,and its permission is false
09-01 14:43:52.689 D/BluetoothUtils( 8588): blockedByLocationOff callingUid=1002
09-01 14:43:52.689 I/BluetoothUtils( 8588): packagename is android.uid.bluetooth:1002 ,and its permission is false
09-01 14:43:52.689 D/BluetoothUtils( 8588): blockedByLocationOff callingUid=1002
09-01 14:43:52.689 I/BluetoothUtils( 8588): packagename is android.uid.bluetooth:1002 ,and its permission is false
09-01 14:43:52.690 D/BluetoothUtils( 8588): blockedByLocationOff callingUid=1002
09-01 14:43:52.691 I/BluetoothUtils( 8588): packagename is android.uid.bluetooth:1002 ,and its permission is false
09-01 14:43:52.691 D/BluetoothUtils( 8588): blockedByLocationOff callingUid=1002
09-01 14:43:52.691 I/BluetoothUtils( 8588): packagename is android.uid.bluetooth:1002 ,and its permission is false
09-01 14:43:52.692 D/BluetoothUtils( 8588): blockedByLocationOff callingUid=1002
09-01 14:43:52.692 I/BluetoothUtils( 8588): packagename is android.uid.bluetooth:1002 ,and its permission is false
09-01 14:43:52.696 V/bt_stack( 8588): [VERBOSE1:btm_ble_gap.cc(1923)] btm_ble_process_ext_adv_pkt: bda=2c:09:3e:94:80:f3
09-01 14:43:52.697 V/bt_stack( 8588): [VERBOSE1:btm_ble_gap.cc(1847)] btm_ble_process_adv_addr: bda=2c:09:3e:94:80:f3
09-01 14:43:52.697 D/BluetoothUtils( 8588): blockedByLocationOff callingUid=1002
09-01 14:43:52.698 I/BluetoothUtils( 8588): packagename is android.uid.bluetooth:1002 ,and its permission is false
09-01 14:43:52.698 D/BluetoothUtils( 8588): blockedByLocationOff callingUid=1002
09-01 14:43:52.698 I/BluetoothUtils( 8588): packagename is android.uid.bluetooth:1002 ,and its permission is false
09-01 14:43:52.698 D/BluetoothUtils( 8588): blockedByLocationOff callingUid=1002
09-01 14:43:52.698 I/BluetoothUtils( 8588): packagename is android.uid.bluetooth:1002 ,and its permission is false
09-01 14:43:52.702 V/bt_stack( 8588): [VERBOSE1:btm_ble_gap.cc(1923)] btm_ble_process_ext_adv_pkt: bda=0d:73:3a:8c:df:7c
09-01 14:43:52.702 V/bt_stack( 8588): [VERBOSE1:btm_ble_gap.cc(1847)] btm_ble_process_adv_addr: bda=0d:73:3a:8c:df:7c
09-01 14:43:52.704 D/BluetoothUtils( 8588): blockedByLocationOff callingUid=1002
09-01 14:43:52.704 I/BluetoothUtils( 8588): packagename is android.uid.bluetooth:1002 ,and its permission is false
09-01 14:43:52.704 D/BluetoothUtils( 8588): blockedByLocationOff callingUid=1002
09-01 14:43:52.705 I/BluetoothUtils( 8588): packagename is android.uid.bluetooth:1002 ,and its permission is false
09-01 14:43:52.705 D/BluetoothUtils( 8588): blockedByLocationOff callingUid=1002
09-01 14:43:52.705 I/BluetoothUtils( 8588): packagename is android.uid.bluetooth:1002 ,and its permission is false
09-01 14:43:52.714 I/appium  (13898): AppiumResponse: {"sessionId":"94b2dfbc-5a87-4ff5-8430-a6752ec32c55","value":{"ELEMENT":"fe876637-88c3-45c8-a6db-4b8506571430","element-6066-11e4-a52e-4f735466cecf":"fe876637-88c3-45c8-a6db-4b8506571430"}}
09-01 14:43:52.717 V/bt_stack( 8588): [VERBOSE1:btm_ble_gap.cc(1923)] btm_ble_process_ext_adv_pkt: bda=77:60:99:3a:74:d9
09-01 14:43:52.717 V/bt_stack( 8588): [VERBOSE1:btm_ble_gap.cc(1847)] btm_ble_process_adv_addr: bda=77:60:99:3a:74:d9
09-01 14:43:52.717 V/bt_stack( 8588): [VERBOSE1:btm_ble_gap.cc(2052)]  Waiting for scan response 77:60:99:3a:74:d9
09-01 14:43:52.717 V/bt_stack( 8588): [VERBOSE1:btm_ble_gap.cc(1923)] btm_ble_process_ext_adv_pkt: bda=35:45:bf:2c:e1:03
09-01 14:43:52.717 V/bt_stack( 8588): [VERBOSE1:btm_ble_gap.cc(1847)] btm_ble_process_adv_addr: bda=35:45:bf:2c:e1:03
09-01 14:43:52.719 D/BluetoothUtils( 8588): blockedByLocationOff callingUid=1002
09-01 14:43:52.720 I/BluetoothUtils( 8588): packagename is android.uid.bluetooth:1002 ,and its permission is false
09-01 14:43:52.720 D/BluetoothUtils( 8588): blockedByLocationOff callingUid=1002
09-01 14:43:52.720 I/BluetoothUtils( 8588): packagename is android.uid.bluetooth:1002 ,and its permission is false
09-01 14:43:52.720 D/BluetoothUtils( 8588): blockedByLocationOff callingUid=1002
09-01 14:43:52.721 I/BluetoothUtils( 8588): packagename is android.uid.bluetooth:1002 ,and its permission is false
09-01 14:43:52.721 V/bt_stack( 8588): [VERBOSE1:btm_ble_gap.cc(1923)] btm_ble_process_ext_adv_pkt: bda=59:f7:61:0b:a3:40
09-01 14:43:52.721 V/bt_stack( 8588): [VERBOSE1:btm_ble_gap.cc(1847)] btm_ble_process_adv_addr: bda=59:f7:61:0b:a3:40
09-01 14:43:52.722 D/BluetoothUtils( 8588): blockedByLocationOff callingUid=1002
09-01 14:43:52.723 I/BluetoothUtils( 8588): packagename is android.uid.bluetooth:1002 ,and its permission is false
09-01 14:43:52.723 D/BluetoothUtils( 8588): blockedByLocationOff callingUid=1002
09-01 14:43:52.723 I/BluetoothUtils( 8588): packagename is android.uid.bluetooth:1002 ,and its permission is false
09-01 14:43:52.723 D/BluetoothUtils( 8588): blockedByLocationOff callingUid=1002
09-01 14:43:52.724 I/BluetoothUtils( 8588): packagename is android.uid.bluetooth:1002 ,and its permission is false
09-01 14:43:52.726 V/bt_stack( 8588): [VERBOSE1:btm_ble_gap.cc(1923)] btm_ble_process_ext_adv_pkt: bda=05:18:f1:4b:2c:d4
09-01 14:43:52.726 V/bt_stack( 8588): [VERBOSE1:btm_ble_gap.cc(1847)] btm_ble_process_adv_addr: bda=05:18:f1:4b:2c:d4
09-01 14:43:52.728 D/BluetoothUtils( 8588): blockedByLocationOff callingUid=1002
09-01 14:43:52.728 I/BluetoothUtils( 8588): packagename is android.uid.bluetooth:1002 ,and its permission is false
09-01 14:43:52.728 D/BluetoothUtils( 8588): blockedByLocationOff callingUid=1002
09-01 14:43:52.728 I/BluetoothUtils( 8588): packagename is android.uid.bluetooth:1002 ,and its permission is false
09-01 14:43:52.729 D/BluetoothUtils( 8588): blockedByLocationOff callingUid=1002
09-01 14:43:52.729 I/BluetoothUtils( 8588): packagename is android.uid.bluetooth:1002 ,and its permission is false
09-01 14:43:52.734 I/appium  (13898): channel read invoked!
09-01 14:43:52.735 I/appium  (13898): channel read: GET /wd/hub/session/94b2dfbc-5a87-4ff5-8430-a6752ec32c55/element/fe876637-88c3-45c8-a6db-4b8506571430/attribute/contentDescription
09-01 14:43:52.735 I/appium  (13898): get attribute of element command
09-01 14:43:52.742 I/appium  (13898): AppiumResponse: {"sessionId":"94b2dfbc-5a87-4ff5-8430-a6752ec32c55","value":"[10.22,  公里]"}
09-01 14:43:52.746 V/bt_stack( 8588): [VERBOSE1:btm_ble_gap.cc(1923)] btm_ble_process_ext_adv_pkt: bda=4b:30:3e:da:20:3a
09-01 14:43:52.747 V/bt_stack( 8588): [VERBOSE1:btm_ble_gap.cc(1847)] btm_ble_process_adv_addr: bda=4b:30:3e:da:20:3a
09-01 14:43:52.747 V/bt_stack( 8588): [VERBOSE1:btm_ble_gap.cc(2052)]  Waiting for scan response 4b:30:3e:da:20:3a
09-01 14:43:52.747 V/bt_stack( 8588): [VERBOSE1:btm_ble_gap.cc(1923)] btm_ble_process_ext_adv_pkt: bda=33:91:15:08:2a:2b
09-01 14:43:52.747 V/bt_stack( 8588): [VERBOSE1:btm_ble_gap.cc(1847)] btm_ble_process_adv_addr: bda=33:91:15:08:2a:2b
09-01 14:43:52.748 D/BluetoothUtils( 8588): blockedByLocationOff callingUid=1002
09-01 14:43:52.749 I/BluetoothUtils( 8588): packagename is android.uid.bluetooth:1002 ,and its permission is false
09-01 14:43:52.749 D/BluetoothUtils( 8588): blockedByLocationOff callingUid=1002
09-01 14:43:52.749 I/BluetoothUtils( 8588): packagename is android.uid.bluetooth:1002 ,and its permission is false
09-01 14:43:52.749 D/BluetoothUtils( 8588): blockedByLocationOff callingUid=1002
09-01 14:43:52.750 I/BluetoothUtils( 8588): packagename is android.uid.bluetooth:1002 ,and its permission is false
09-01 14:43:52.756 V/bt_stack( 8588): [VERBOSE1:btm_ble_gap.cc(1923)] btm_ble_process_ext_adv_pkt: bda=46:25:ff:ec:21:0b
09-01 14:43:52.756 V/bt_stack( 8588): [VERBOSE1:btm_ble_gap.cc(1847)] btm_ble_process_adv_addr: bda=46:25:ff:ec:21:0b
09-01 14:43:52.756 V/bt_stack( 8588): [VERBOSE1:btm_ble_gap.cc(2052)]  Waiting for scan response 46:25:ff:ec:21:0b
09-01 14:43:52.756 V/bt_stack( 8588): [VERBOSE1:btm_ble_gap.cc(1923)] btm_ble_process_ext_adv_pkt: bda=44:ca:73:cc:df:42
09-01 14:43:52.757 V/bt_stack( 8588): [VERBOSE1:btm_ble_gap.cc(1847)] btm_ble_process_adv_addr: bda=44:ca:73:cc:df:42
09-01 14:43:52.757 V/bt_stack( 8588): [VERBOSE1:btm_ble_gap.cc(2052)]  Waiting for scan response 44:ca:73:cc:df:42
09-01 14:43:52.757 V/bt_stack( 8588): [VERBOSE1:btm_ble_gap.cc(1923)] btm_ble_process_ext_adv_pkt: bda=44:ca:73:cc:df:42
09-01 14:43:52.757 V/bt_stack( 8588): [VERBOSE1:btm_ble_gap.cc(1847)] btm_ble_process_adv_addr: bda=44:ca:73:cc:df:42
09-01 14:43:52.758 D/BluetoothUtils( 8588): blockedByLocationOff callingUid=1002
09-01 14:43:52.759 I/BluetoothUtils( 8588): packagename is android.uid.bluetooth:1002 ,and its permission is false
09-01 14:43:52.759 D/BluetoothUtils( 8588): blockedByLocationOff callingUid=1002
09-01 14:43:52.759 I/BluetoothUtils( 8588): packagename is android.uid.bluetooth:1002 ,and its permission is false
09-01 14:43:52.759 D/BluetoothUtils( 8588): blockedByLocationOff callingUid=1002
09-01 14:43:52.760 I/BluetoothUtils( 8588): packagename is android.uid.bluetooth:1002 ,and its permission is false
09-01 14:43:52.766 I/appium  (13898): channel read invoked!
09-01 14:43:52.766 I/appium  (13898): channel read: POST /wd/hub/session/94b2dfbc-5a87-4ff5-8430-a6752ec32c55/element
09-01 14:43:52.767 V/bt_stack( 8588): [VERBOSE1:btm_ble_gap.cc(1923)] btm_ble_process_ext_adv_pkt: bda=49:81:c9:cf:46:12
09-01 14:43:52.767 V/bt_stack( 8588): [VERBOSE1:btm_ble_gap.cc(1847)] btm_ble_process_adv_addr: bda=49:81:c9:cf:46:12
09-01 14:43:52.767 V/bt_stack( 8588): [VERBOSE1:btm_ble_gap.cc(2052)]  Waiting for scan response 49:81:c9:cf:46:12
09-01 14:43:52.767 V/bt_stack( 8588): [VERBOSE1:btm_ble_gap.cc(1923)] btm_ble_process_ext_adv_pkt: bda=00:35:64:83:a4:98
09-01 14:43:52.767 V/bt_stack( 8588): [VERBOSE1:btm_ble_gap.cc(1847)] btm_ble_process_adv_addr: bda=00:35:64:83:a4:98
09-01 14:43:52.768 I/appium  (13898): Find element command using 'id' with selector 'active_calorie'.
09-01 14:43:52.768 I/appium  (13898): Waiting up to 10000ms for device to be idle
09-01 14:43:52.769 D/BluetoothUtils( 8588): blockedByLocationOff callingUid=1002
09-01 14:43:52.770 I/BluetoothUtils( 8588): packagename is android.uid.bluetooth:1002 ,and its permission is false
09-01 14:43:52.770 D/BluetoothUtils( 8588): blockedByLocationOff callingUid=1002
09-01 14:43:52.770 I/BluetoothUtils( 8588): packagename is android.uid.bluetooth:1002 ,and its permission is false
09-01 14:43:52.770 D/BluetoothUtils( 8588): blockedByLocationOff callingUid=1002
09-01 14:43:52.770 I/BluetoothUtils( 8588): packagename is android.uid.bluetooth:1002 ,and its permission is false
09-01 14:43:52.776 V/bt_stack( 8588): [VERBOSE1:btm_ble_gap.cc(1923)] btm_ble_process_ext_adv_pkt: bda=3c:22:fb:6a:ee:2c
09-01 14:43:52.776 V/bt_stack( 8588): [VERBOSE1:btm_ble_gap.cc(1847)] btm_ble_process_adv_addr: bda=3c:22:fb:6a:ee:2c
09-01 14:43:52.776 V/bt_stack( 8588): [VERBOSE1:btm_ble_gap.cc(2052)]  Waiting for scan response 3c:22:fb:6a:ee:2c
09-01 14:43:52.776 V/bt_stack( 8588): [VERBOSE1:btm_ble_gap.cc(1923)] btm_ble_process_ext_adv_pkt: bda=3c:44:7b:e3:4e:f5
09-01 14:43:52.776 V/bt_stack( 8588): [VERBOSE1:btm_ble_gap.cc(1847)] btm_ble_process_adv_addr: bda=3c:44:7b:e3:4e:f5
