09-01 14:43:55.919 V/bt_stack( 8588): [VERBOSE1:btm_ble_gap.cc(2052)]  Waiting for scan response 58:d0:f0:96:be:49
09-01 14:43:55.920 I/appium  (13898): channel read: GET /wd/hub/session/94b2dfbc-5a87-4ff5-8430-a6752ec32c55/element/cc59e06d-6b73-4ecd-ac0d-28af175ebcbf/attribute/contentDescription
09-01 14:43:55.920 V/bt_stack( 8588): [VERBOSE1:btm_ble_gap.cc(1923)] btm_ble_process_ext_adv_pkt: bda=03:d8:93:20:a7:46
09-01 14:43:55.920 V/bt_stack( 8588): [VERBOSE1:btm_ble_gap.cc(1847)] btm_ble_process_adv_addr: bda=03:d8:93:20:a7:46
09-01 14:43:55.920 I/appium  (13898): get attribute of element command
09-01 14:43:55.920 V/bt_stack( 8588): [VERBOSE1:btm_ble_gap.cc(1923)] btm_ble_process_ext_adv_pkt: bda=14:dd:f1:7c:32:85
09-01 14:43:55.920 V/bt_stack( 8588): [VERBOSE1:btm_ble_gap.cc(1847)] btm_ble_process_adv_addr: bda=14:dd:f1:7c:32:85
09-01 14:43:55.921 D/BluetoothUtils( 8588): blockedByLocationOff callingUid=1002
09-01 14:43:55.922 I/BluetoothUtils( 8588): packagename is android.uid.bluetooth:1002 ,and its permission is false
09-01 14:43:55.922 D/BluetoothUtils( 8588): blockedByLocationOff callingUid=1002
09-01 14:43:55.922 I/BluetoothUtils( 8588): packagename is android.uid.bluetooth:1002 ,and its permission is false
09-01 14:43:55.922 D/BluetoothUtils( 8588): blockedByLocationOff callingUid=1002
09-01 14:43:55.922 I/BluetoothUtils( 8588): packagename is android.uid.bluetooth:1002 ,and its permission is false
09-01 14:43:55.923 D/BluetoothUtils( 8588): blockedByLocationOff callingUid=1002
09-01 14:43:55.924 I/BluetoothUtils( 8588): packagename is android.uid.bluetooth:1002 ,and its permission is false
09-01 14:43:55.924 D/BluetoothUtils( 8588): blockedByLocationOff callingUid=1002
09-01 14:43:55.924 I/appium  (13898): AppiumResponse: {"sessionId":"94b2dfbc-5a87-4ff5-8430-a6752ec32c55","value":"[514, 千卡]"}
09-01 14:43:55.924 I/BluetoothUtils( 8588): packagename is android.uid.bluetooth:1002 ,and its permission is false
09-01 14:43:55.925 D/BluetoothUtils( 8588): blockedByLocationOff callingUid=1002
09-01 14:43:55.925 I/BluetoothUtils( 8588): packagename is android.uid.bluetooth:1002 ,and its permission is false
09-01 14:43:55.927 V/bt_stack( 8588): [VERBOSE1:btm_ble_gap.cc(1923)] btm_ble_process_ext_adv_pkt: bda=66:3e:07:e0:2b:d4
09-01 14:43:55.927 V/bt_stack( 8588): [VERBOSE1:btm_ble_gap.cc(1847)] btm_ble_process_adv_addr: bda=66:3e:07:e0:2b:d4
09-01 14:43:55.927 V/bt_stack( 8588): [VERBOSE1:btm_ble_gap.cc(2052)]  Waiting for scan response 66:3e:07:e0:2b:d4
09-01 14:43:55.928 V/bt_stack( 8588): [VERBOSE1:btm_ble_gap.cc(1923)] btm_ble_process_ext_adv_pkt: bda=0d:73:3a:8c:df:7c
09-01 14:43:55.928 V/bt_stack( 8588): [VERBOSE1:btm_ble_gap.cc(1847)] btm_ble_process_adv_addr: bda=0d:73:3a:8c:df:7c
09-01 14:43:55.929 D/BluetoothUtils( 8588): blockedByLocationOff callingUid=1002
09-01 14:43:55.929 I/BluetoothUtils( 8588): packagename is android.uid.bluetooth:1002 ,and its permission is false
09-01 14:43:55.929 D/BluetoothUtils( 8588): blockedByLocationOff callingUid=1002
09-01 14:43:55.929 I/BluetoothUtils( 8588): packagename is android.uid.bluetooth:1002 ,and its permission is false
09-01 14:43:55.929 D/BluetoothUtils( 8588): blockedByLocationOff callingUid=1002
09-01 14:43:55.930 I/BluetoothUtils( 8588): packagename is android.uid.bluetooth:1002 ,and its permission is false
09-01 14:43:55.933 V/bt_stack( 8588): [VERBOSE1:btm_ble_gap.cc(1923)] btm_ble_process_ext_adv_pkt: bda=63:53:07:fa:3c:f1
09-01 14:43:55.933 V/bt_stack( 8588): [VERBOSE1:btm_ble_gap.cc(1847)] btm_ble_process_adv_addr: bda=63:53:07:fa:3c:f1
09-01 14:43:55.935 D/BluetoothUtils( 8588): blockedByLocationOff callingUid=1002
09-01 14:43:55.935 I/BluetoothUtils( 8588): packagename is android.uid.bluetooth:1002 ,and its permission is false
09-01 14:43:55.935 D/BluetoothUtils( 8588): blockedByLocationOff callingUid=1002
09-01 14:43:55.935 I/BluetoothUtils( 8588): packagename is android.uid.bluetooth:1002 ,and its permission is false
09-01 14:43:55.935 D/BluetoothUtils( 8588): blockedByLocationOff callingUid=1002
09-01 14:43:55.936 I/BluetoothUtils( 8588): packagename is android.uid.bluetooth:1002 ,and its permission is false
09-01 14:43:55.945 I/appium  (13898): channel read invoked!
09-01 14:43:55.945 I/appium  (13898): channel read: GET /wd/hub/session/94b2dfbc-5a87-4ff5-8430-a6752ec32c55/screenshot
09-01 14:43:55.946 I/appium  (13898): Capture screenshot command
09-01 14:43:55.951 V/bt_stack( 8588): [VERBOSE1:btm_ble_gap.cc(1923)] btm_ble_process_ext_adv_pkt: bda=66:db:a5:b4:54:91
09-01 14:43:55.951 V/bt_stack( 8588): [VERBOSE1:btm_ble_gap.cc(1847)] btm_ble_process_adv_addr: bda=66:db:a5:b4:54:91
09-01 14:43:55.951 V/bt_stack( 8588): [VERBOSE1:btm_ble_gap.cc(2052)]  Waiting for scan response 66:db:a5:b4:54:91
09-01 14:43:55.951 V/bt_stack( 8588): [VERBOSE1:btm_ble_gap.cc(1923)] btm_ble_process_ext_adv_pkt: bda=66:db:a5:b4:54:91
09-01 14:43:55.951 V/bt_stack( 8588): [VERBOSE1:btm_ble_gap.cc(1847)] btm_ble_process_adv_addr: bda=66:db:a5:b4:54:91
09-01 14:43:55.952 D/BluetoothUtils( 8588): blockedByLocationOff callingUid=1002
09-01 14:43:55.953 I/BluetoothUtils( 8588): packagename is android.uid.bluetooth:1002 ,and its permission is false
09-01 14:43:55.953 D/BluetoothUtils( 8588): blockedByLocationOff callingUid=1002
09-01 14:43:55.953 I/BluetoothUtils( 8588): packagename is android.uid.bluetooth:1002 ,and its permission is false
09-01 14:43:55.953 D/BluetoothUtils( 8588): blockedByLocationOff callingUid=1002
09-01 14:43:55.954 I/BluetoothUtils( 8588): packagename is android.uid.bluetooth:1002 ,and its permission is false
09-01 14:43:55.962 V/bt_stack( 8588): [VERBOSE1:btm_ble_gap.cc(1923)] btm_ble_process_ext_adv_pkt: bda=00:35:64:83:a4:98
09-01 14:43:55.962 V/bt_stack( 8588): [VERBOSE1:btm_ble_gap.cc(1847)] btm_ble_process_adv_addr: bda=00:35:64:83:a4:98
09-01 14:43:55.962 V/bt_stack( 8588): [VERBOSE1:btm_ble_gap.cc(1923)] btm_ble_process_ext_adv_pkt: bda=28:bc:17:6a:f4:4d
09-01 14:43:55.962 V/bt_stack( 8588): [VERBOSE1:btm_ble_gap.cc(1847)] btm_ble_process_adv_addr: bda=28:bc:17:6a:f4:4d
09-01 14:43:55.963 D/BluetoothUtils( 8588): blockedByLocationOff callingUid=1002
09-01 14:43:55.963 I/BluetoothUtils( 8588): packagename is android.uid.bluetooth:1002 ,and its permission is false
09-01 14:43:55.964 D/BluetoothUtils( 8588): blockedByLocationOff callingUid=1002
09-01 14:43:55.964 I/BluetoothUtils( 8588): packagename is android.uid.bluetooth:1002 ,and its permission is false
09-01 14:43:55.964 D/BluetoothUtils( 8588): blockedByLocationOff callingUid=1002
09-01 14:43:55.964 I/BluetoothUtils( 8588): packagename is android.uid.bluetooth:1002 ,and its permission is false
09-01 14:43:55.965 D/BluetoothUtils( 8588): blockedByLocationOff callingUid=1002
09-01 14:43:55.966 I/BluetoothUtils( 8588): packagename is android.uid.bluetooth:1002 ,and its permission is false
09-01 14:43:55.966 D/BluetoothUtils( 8588): blockedByLocationOff callingUid=1002
09-01 14:43:55.966 I/BluetoothUtils( 8588): packagename is android.uid.bluetooth:1002 ,and its permission is false
09-01 14:43:55.966 D/BluetoothUtils( 8588): blockedByLocationOff callingUid=1002
09-01 14:43:55.967 I/BluetoothUtils( 8588): packagename is android.uid.bluetooth:1002 ,and its permission is false
09-01 14:43:55.972 V/bt_stack( 8588): [VERBOSE1:btm_ble_gap.cc(1923)] btm_ble_process_ext_adv_pkt: bda=44:73:b6:51:63:17
09-01 14:43:55.973 V/bt_stack( 8588): [VERBOSE1:btm_ble_gap.cc(1847)] btm_ble_process_adv_addr: bda=44:73:b6:51:63:17
09-01 14:43:55.973 V/bt_stack( 8588): [VERBOSE1:btm_ble_gap.cc(2052)]  Waiting for scan response 44:73:b6:51:63:17
09-01 14:43:55.974 V/bt_stack( 8588): [VERBOSE1:btm_ble_gap.cc(1923)] btm_ble_process_ext_adv_pkt: bda=ac:29:3a:9a:aa:42
09-01 14:43:55.975 V/bt_stack( 8588): [VERBOSE1:btm_ble_gap.cc(1847)] btm_ble_process_adv_addr: bda=ac:29:3a:9a:aa:42
09-01 14:43:55.975 V/bt_stack( 8588): [VERBOSE1:btm_ble_gap.cc(2052)]  Waiting for scan response ac:29:3a:9a:aa:42
09-01 14:43:55.975 V/bt_stack( 8588): [VERBOSE1:btm_ble_gap.cc(1923)] btm_ble_process_ext_adv_pkt: bda=05:18:f1:4b:2c:d4
09-01 14:43:55.975 V/bt_stack( 8588): [VERBOSE1:btm_ble_gap.cc(1847)] btm_ble_process_adv_addr: bda=05:18:f1:4b:2c:d4
09-01 14:43:55.976 D/BluetoothUtils( 8588): blockedByLocationOff callingUid=1002
09-01 14:43:55.976 I/BluetoothUtils( 8588): packagename is android.uid.bluetooth:1002 ,and its permission is false
09-01 14:43:55.976 D/BluetoothUtils( 8588): blockedByLocationOff callingUid=1002
09-01 14:43:55.976 I/BluetoothUtils( 8588): packagename is android.uid.bluetooth:1002 ,and its permission is false
09-01 14:43:55.977 D/BluetoothUtils( 8588): blockedByLocationOff callingUid=1002
09-01 14:43:55.977 I/BluetoothUtils( 8588): packagename is android.uid.bluetooth:1002 ,and its permission is false
09-01 14:43:56.014 I/vendor.qti.bluetooth@1.0-ibs_handler(19843): ProcessIbsCmd: Received IBS_SLEEP_IND: 0xFE
09-01 14:43:56.014 D/vendor.qti.bluetooth@1.0-ibs_handler(19843): SerialClockVote: vote for UART CLK OFF
09-01 14:43:56.041 I/vendor.qti.bluetooth@1.0-ibs_handler(19843): ProcessIbsCmd: Received IBS_WAKE_IND: 0xFD
09-01 14:43:56.041 D/vendor.qti.bluetooth@1.0-ibs_handler(19843): SerialClockVote: vote for UART CLK ON
09-01 14:43:56.041 I/vendor.qti.bluetooth@1.0-ibs_handler(19843): ProcessIbsCmd: Writing IBS_WAKE_ACK
09-01 14:43:56.042 V/bt_stack( 8588): [VERBOSE1:btm_ble_gap.cc(1923)] btm_ble_process_ext_adv_pkt: bda=70:33:97:a2:2a:78
09-01 14:43:56.042 V/bt_stack( 8588): [VERBOSE1:btm_ble_gap.cc(1847)] btm_ble_process_adv_addr: bda=70:33:97:a2:2a:78
09-01 14:43:56.042 V/bt_stack( 8588): [VERBOSE1:btm_ble_gap.cc(2052)]  Waiting for scan response 70:33:97:a2:2a:78
09-01 14:43:56.042 V/bt_stack( 8588): [VERBOSE1:btm_ble_gap.cc(1923)] btm_ble_process_ext_adv_pkt: bda=63:53:07:fa:3c:f1
09-01 14:43:56.043 V/bt_stack( 8588): [VERBOSE1:btm_ble_gap.cc(1847)] btm_ble_process_adv_addr: bda=63:53:07:fa:3c:f1
09-01 14:43:56.044 D/BluetoothUtils( 8588): blockedByLocationOff callingUid=1002
09-01 14:43:56.044 I/BluetoothUtils( 8588): packagename is android.uid.bluetooth:1002 ,and its permission is false
09-01 14:43:56.044 D/BluetoothUtils( 8588): blockedByLocationOff callingUid=1002
09-01 14:43:56.045 V/bt_stack( 8588): [VERBOSE1:btm_ble_gap.cc(1923)] btm_ble_process_ext_adv_pkt: bda=2c:09:3e:94:80:f3
09-01 14:43:56.045 I/BluetoothUtils( 8588): packagename is android.uid.bluetooth:1002 ,and its permission is false
09-01 14:43:56.045 V/bt_stack( 8588): [VERBOSE1:btm_ble_gap.cc(1847)] btm_ble_process_adv_addr: bda=2c:09:3e:94:80:f3
09-01 14:43:56.045 D/BluetoothUtils( 8588): blockedByLocationOff callingUid=1002
09-01 14:43:56.045 I/BluetoothUtils( 8588): packagename is android.uid.bluetooth:1002 ,and its permission is false
09-01 14:43:56.046 D/BluetoothUtils( 8588): blockedByLocationOff callingUid=1002
09-01 14:43:56.046 I/BluetoothUtils( 8588): packagename is android.uid.bluetooth:1002 ,and its permission is false
09-01 14:43:56.046 D/BluetoothUtils( 8588): blockedByLocationOff callingUid=1002
09-01 14:43:56.046 I/BluetoothUtils( 8588): packagename is android.uid.bluetooth:1002 ,and its permission is false
09-01 14:43:56.046 D/BluetoothUtils( 8588): blockedByLocationOff callingUid=1002
09-01 14:43:56.047 I/BluetoothUtils( 8588): packagename is android.uid.bluetooth:1002 ,and its permission is false
09-01 14:43:56.066 I/hwservicemanager(  573): getTransport: Cannot find entry android.hardware.graphics.mapper@3.0::IMapper/default in either framework or device manifest.
09-01 14:43:56.066 V/bt_stack( 8588): [VERBOSE1:btm_ble_gap.cc(1923)] btm_ble_process_ext_adv_pkt: bda=44:ca:73:cc:df:42
09-01 14:43:56.066 V/bt_stack( 8588): [VERBOSE1:btm_ble_gap.cc(1847)] btm_ble_process_adv_addr: bda=44:ca:73:cc:df:42
09-01 14:43:56.066 V/bt_stack( 8588): [VERBOSE1:btm_ble_gap.cc(2052)]  Waiting for scan response 44:ca:73:cc:df:42
09-01 14:43:56.066 V/bt_stack( 8588): [VERBOSE1:btm_ble_gap.cc(1923)] btm_ble_process_ext_adv_pkt: bda=00:35:64:83:a4:98
09-01 14:43:56.066 V/bt_stack( 8588): [VERBOSE1:btm_ble_gap.cc(1847)] btm_ble_process_adv_addr: bda=00:35:64:83:a4:98
09-01 14:43:56.067 W/Gralloc3(14362): mapper 3.x is not supported
09-01 14:43:56.068 D/BluetoothUtils( 8588): blockedByLocationOff callingUid=1002
09-01 14:43:56.068 I/BluetoothUtils( 8588): packagename is android.uid.bluetooth:1002 ,and its permission is false
09-01 14:43:56.068 D/BluetoothUtils( 8588): blockedByLocationOff callingUid=1002
09-01 14:43:56.069 I/BluetoothUtils( 8588): packagename is android.uid.bluetooth:1002 ,and its permission is false
09-01 14:43:56.069 D/BluetoothUtils( 8588): blockedByLocationOff callingUid=1002
09-01 14:43:56.069 I/BluetoothUtils( 8588): packagename is android.uid.bluetooth:1002 ,and its permission is false
09-01 14:43:56.076 V/bt_stack( 8588): [VERBOSE1:btm_ble_gap.cc(1923)] btm_ble_process_ext_adv_pkt: bda=05:18:f1:4b:2c:d4
09-01 14:43:56.076 V/bt_stack( 8588): [VERBOSE1:btm_ble_gap.cc(1847)] btm_ble_process_adv_addr: bda=05:18:f1:4b:2c:d4
09-01 14:43:56.077 V/bt_stack( 8588): [VERBOSE1:btm_ble_gap.cc(1923)] btm_ble_process_ext_adv_pkt: bda=35:bb:f1:f5:55:dd
09-01 14:43:56.078 D/BluetoothUtils( 8588): blockedByLocationOff callingUid=1002
09-01 14:43:56.070 W/screencap(14362): type=1400 audit(0.0:64188): avc: denied { search } for name="kgsl" dev="sysfs" ino=55624 scontext=u:r:shell:s0 tcontext=u:object_r:sysfs_kgsl:s0 tclass=dir permissive=0
09-01 14:43:56.078 V/bt_stack( 8588): [VERBOSE1:btm_ble_gap.cc(1847)] btm_ble_process_adv_addr: bda=35:bb:f1:f5:55:dd
09-01 14:43:56.078 W/AdrenoUtils(14362): <ReadGpuID_from_sysfs:194>: Failed to open /sys/class/kgsl/kgsl-3d0/gpu_model
09-01 14:43:56.078 W/AdrenoUtils(14362): <ReadGpuID:218>: Failed to read chip ID from gpu_model. Fallback to use the GSL path
09-01 14:43:56.078 I/BluetoothUtils( 8588): packagename is android.uid.bluetooth:1002 ,and its permission is false
09-01 14:43:56.078 D/BluetoothUtils( 8588): blockedByLocationOff callingUid=1002
09-01 14:43:56.078 I/BluetoothUtils( 8588): packagename is android.uid.bluetooth:1002 ,and its permission is false
09-01 14:43:56.078 D/BluetoothUtils( 8588): blockedByLocationOff callingUid=1002
09-01 14:43:56.079 I/BluetoothUtils( 8588): packagename is android.uid.bluetooth:1002 ,and its permission is false
09-01 14:43:56.079 D/BluetoothUtils( 8588): blockedByLocationOff callingUid=1002
09-01 14:43:56.080 I/BluetoothUtils( 8588): packagename is android.uid.bluetooth:1002 ,and its permission is false
09-01 14:43:56.080 D/BluetoothUtils( 8588): blockedByLocationOff callingUid=1002
09-01 14:43:56.081 I/BluetoothUtils( 8588): packagename is android.uid.bluetooth:1002 ,and its permission is false
09-01 14:43:56.081 D/BluetoothUtils( 8588): blockedByLocationOff callingUid=1002
09-01 14:43:56.081 I/BluetoothUtils( 8588): packagename is android.uid.bluetooth:1002 ,and its permission is false
09-01 14:43:56.081 V/bt_stack( 8588): [VERBOSE1:btm_ble_gap.cc(1923)] btm_ble_process_ext_adv_pkt: bda=59:f7:61:0b:a3:40
09-01 14:43:56.081 V/bt_stack( 8588): [VERBOSE1:btm_ble_gap.cc(1847)] btm_ble_process_adv_addr: bda=59:f7:61:0b:a3:40
09-01 14:43:56.082 D/BluetoothUtils( 8588): blockedByLocationOff callingUid=1002
09-01 14:43:56.082 I/BluetoothUtils( 8588): packagename is android.uid.bluetooth:1002 ,and its permission is false
09-01 14:43:56.082 D/BluetoothUtils( 8588): blockedByLocationOff callingUid=1002
09-01 14:43:56.083 I/BluetoothUtils( 8588): packagename is android.uid.bluetooth:1002 ,and its permission is false
09-01 14:43:56.083 D/BluetoothUtils( 8588): blockedByLocationOff callingUid=1002
09-01 14:43:56.083 I/BluetoothUtils( 8588): packagename is android.uid.bluetooth:1002 ,and its permission is false
09-01 14:43:56.084 V/bt_stack( 8588): [VERBOSE1:btm_ble_gap.cc(1923)] btm_ble_process_ext_adv_pkt: bda=0e:10:bb:c2:00:89
09-01 14:43:56.084 V/bt_stack( 8588): [VERBOSE1:btm_ble_gap.cc(1847)] btm_ble_process_adv_addr: bda=0e:10:bb:c2:00:89
09-01 14:43:56.085 D/BluetoothUtils( 8588): blockedByLocationOff callingUid=1002
09-01 14:43:56.086 I/BluetoothUtils( 8588): packagename is android.uid.bluetooth:1002 ,and its permission is false
09-01 14:43:56.086 D/BluetoothUtils( 8588): blockedByLocationOff callingUid=1002
09-01 14:43:56.086 I/BluetoothUtils( 8588): packagename is android.uid.bluetooth:1002 ,and its permission is false
09-01 14:43:56.086 D/BluetoothUtils( 8588): blockedByLocationOff callingUid=1002
09-01 14:43:56.086 I/BluetoothUtils( 8588): packagename is android.uid.bluetooth:1002 ,and its permission is false
09-01 14:43:56.091 V/bt_stack( 8588): [VERBOSE1:btm_ble_gap.cc(1923)] btm_ble_process_ext_adv_pkt: bda=33:91:15:08:2a:2b
09-01 14:43:56.091 V/bt_stack( 8588): [VERBOSE1:btm_ble_gap.cc(1847)] btm_ble_process_adv_addr: bda=33:91:15:08:2a:2b
09-01 14:43:56.092 D/BluetoothUtils( 8588): blockedByLocationOff callingUid=1002
09-01 14:43:56.092 I/BluetoothUtils( 8588): packagename is android.uid.bluetooth:1002 ,and its permission is false
09-01 14:43:56.092 D/BluetoothUtils( 8588): blockedByLocationOff callingUid=1002
09-01 14:43:56.092 I/BluetoothUtils( 8588): packagename is android.uid.bluetooth:1002 ,and its permission is false
09-01 14:43:56.093 D/BluetoothUtils( 8588): blockedByLocationOff callingUid=1002
09-01 14:43:56.093 I/BluetoothUtils( 8588): packagename is android.uid.bluetooth:1002 ,and its permission is false
09-01 14:43:56.100 V/bt_stack( 8588): [VERBOSE1:btm_ble_gap.cc(1923)] btm_ble_process_ext_adv_pkt: bda=66:00:eb:66:45:73
09-01 14:43:56.100 V/bt_stack( 8588): [VERBOSE1:btm_ble_gap.cc(1847)] btm_ble_process_adv_addr: bda=66:00:eb:66:45:73
09-01 14:43:56.101 D/BluetoothUtils( 8588): blockedByLocationOff callingUid=1002
09-01 14:43:56.101 I/BluetoothUtils( 8588): packagename is android.uid.bluetooth:1002 ,and its permission is false
09-01 14:43:56.101 D/BluetoothUtils( 8588): blockedByLocationOff callingUid=1002
09-01 14:43:56.102 I/BluetoothUtils( 8588): packagename is android.uid.bluetooth:1002 ,and its permission is false
09-01 14:43:56.102 D/BluetoothUtils( 8588): blockedByLocationOff callingUid=1002
09-01 14:43:56.102 I/BluetoothUtils( 8588): packagename is android.uid.bluetooth:1002 ,and its permission is false
09-01 14:43:56.109 V/bt_stack( 8588): [VERBOSE1:btm_ble_gap.cc(1923)] btm_ble_process_ext_adv_pkt: bda=3c:44:7b:e3:4e:f5
09-01 14:43:56.109 V/bt_stack( 8588): [VERBOSE1:btm_ble_gap.cc(1847)] btm_ble_process_adv_addr: bda=3c:44:7b:e3:4e:f5
09-01 14:43:56.110 D/BluetoothUtils( 8588): blockedByLocationOff callingUid=1002
09-01 14:43:56.111 I/BluetoothUtils( 8588): packagename is android.uid.bluetooth:1002 ,and its permission is false
09-01 14:43:56.111 D/BluetoothUtils( 8588): blockedByLocationOff callingUid=1002
09-01 14:43:56.111 I/BluetoothUtils( 8588): packagename is android.uid.bluetooth:1002 ,and its permission is false
09-01 14:43:56.111 D/BluetoothUtils( 8588): blockedByLocationOff callingUid=1002
09-01 14:43:56.112 I/BluetoothUtils( 8588): packagename is android.uid.bluetooth:1002 ,and its permission is false
09-01 14:43:56.126 V/bt_stack( 8588): [VERBOSE1:btm_ble_gap.cc(1923)] btm_ble_process_ext_adv_pkt: bda=e1:a9:03:00:93:5d
09-01 14:43:56.126 V/bt_stack( 8588): [VERBOSE1:btm_ble_gap.cc(1847)] btm_ble_process_adv_addr: bda=e1:a9:03:00:93:5d
09-01 14:43:56.126 V/bt_stack( 8588): [VERBOSE1:btm_ble_gap.cc(2052)]  Waiting for scan response e1:a9:03:00:93:5d
09-01 14:43:56.126 V/bt_stack( 8588): [VERBOSE1:btm_ble_gap.cc(1923)] btm_ble_process_ext_adv_pkt: bda=14:dd:f1:7c:32:85
09-01 14:43:56.126 V/bt_stack( 8588): [VERBOSE1:btm_ble_gap.cc(1847)] btm_ble_process_adv_addr: bda=14:dd:f1:7c:32:85
09-01 14:43:56.127 D/BluetoothUtils( 8588): blockedByLocationOff callingUid=1002
09-01 14:43:56.128 I/BluetoothUtils( 8588): packagename is android.uid.bluetooth:1002 ,and its permission is false
09-01 14:43:56.128 D/BluetoothUtils( 8588): blockedByLocationOff callingUid=1002
09-01 14:43:56.128 V/bt_stack( 8588): [VERBOSE1:btm_ble_gap.cc(1923)] btm_ble_process_ext_adv_pkt: bda=3e:31:ef:13:4f:6e
09-01 14:43:56.128 V/bt_stack( 8588): [VERBOSE1:btm_ble_gap.cc(1847)] btm_ble_process_adv_addr: bda=3e:31:ef:13:4f:6e
09-01 14:43:56.128 I/BluetoothUtils( 8588): packagename is android.uid.bluetooth:1002 ,and its permission is false
09-01 14:43:56.128 D/BluetoothUtils( 8588): blockedByLocationOff callingUid=1002
09-01 14:43:56.128 I/BluetoothUtils( 8588): packagename is android.uid.bluetooth:1002 ,and its permission is false
09-01 14:43:56.129 D/BluetoothUtils( 8588): blockedByLocationOff callingUid=1002
09-01 14:43:56.130 I/BluetoothUtils( 8588): packagename is android.uid.bluetooth:1002 ,and its permission is false
09-01 14:43:56.130 D/BluetoothUtils( 8588): blockedByLocationOff callingUid=1002
09-01 14:43:56.130 I/BluetoothUtils( 8588): packagename is android.uid.bluetooth:1002 ,and its permission is false
09-01 14:43:56.130 D/BluetoothUtils( 8588): blockedByLocationOff callingUid=1002
09-01 14:43:56.130 I/BluetoothUtils( 8588): packagename is android.uid.bluetooth:1002 ,and its permission is false
09-01 14:43:56.146 V/bt_stack( 8588): [VERBOSE1:btm_ble_gap.cc(1923)] btm_ble_process_ext_adv_pkt: bda=63:53:07:fa:3c:f1
09-01 14:43:56.146 V/bt_stack( 8588): [VERBOSE1:btm_ble_gap.cc(1847)] btm_ble_process_adv_addr: bda=63:53:07:fa:3c:f1
09-01 14:43:56.147 D/BluetoothUtils( 8588): blockedByLocationOff callingUid=1002
09-01 14:43:56.148 I/BluetoothUtils( 8588): packagename is android.uid.bluetooth:1002 ,and its permission is false
09-01 14:43:56.148 D/BluetoothUtils( 8588): blockedByLocationOff callingUid=1002
09-01 14:43:56.148 I/BluetoothUtils( 8588): packagename is android.uid.bluetooth:1002 ,and its permission is false
09-01 14:43:56.148 D/BluetoothUtils( 8588): blockedByLocationOff callingUid=1002
09-01 14:43:56.148 I/BluetoothUtils( 8588): packagename is android.uid.bluetooth:1002 ,and its permission is false
09-01 14:43:56.153 V/bt_stack( 8588): [VERBOSE1:btm_ble_gap.cc(1923)] btm_ble_process_ext_adv_pkt: bda=59:5f:ac:32:e1:b7
09-01 14:43:56.153 V/bt_stack( 8588): [VERBOSE1:btm_ble_gap.cc(1847)] btm_ble_process_adv_addr: bda=59:5f:ac:32:e1:b7
09-01 14:43:56.153 V/bt_stack( 8588): [VERBOSE1:btm_ble_gap.cc(2052)]  Waiting for scan response 59:5f:ac:32:e1:b7
09-01 14:43:56.153 V/bt_stack( 8588): [VERBOSE1:btm_ble_gap.cc(1923)] btm_ble_process_ext_adv_pkt: bda=59:5f:ac:32:e1:b7
09-01 14:43:56.153 V/bt_stack( 8588): [VERBOSE1:btm_ble_gap.cc(1847)] btm_ble_process_adv_addr: bda=59:5f:ac:32:e1:b7
09-01 14:43:56.154 D/BluetoothUtils( 8588): blockedByLocationOff callingUid=1002
09-01 14:43:56.154 I/BluetoothUtils( 8588): packagename is android.uid.bluetooth:1002 ,and its permission is false
09-01 14:43:56.154 D/BluetoothUtils( 8588): blockedByLocationOff callingUid=1002
09-01 14:43:56.155 I/BluetoothUtils( 8588): packagename is android.uid.bluetooth:1002 ,and its permission is false
09-01 14:43:56.155 D/BluetoothUtils( 8588): blockedByLocationOff callingUid=1002
09-01 14:43:56.155 I/BluetoothUtils( 8588): packagename is android.uid.bluetooth:1002 ,and its permission is false
09-01 14:43:56.171 V/bt_stack( 8588): [VERBOSE1:btm_ble_gap.cc(1923)] btm_ble_process_ext_adv_pkt: bda=7c:7c:58:d5:aa:e1
09-01 14:43:56.171 V/bt_stack( 8588): [VERBOSE1:btm_ble_gap.cc(1847)] btm_ble_process_adv_addr: bda=7c:7c:58:d5:aa:e1
09-01 14:43:56.171 V/bt_stack( 8588): [VERBOSE1:btm_ble_gap.cc(2052)]  Waiting for scan response 7c:7c:58:d5:aa:e1
09-01 14:43:56.171 V/bt_stack( 8588): [VERBOSE1:btm_ble_gap.cc(1923)] btm_ble_process_ext_adv_pkt: bda=00:35:64:83:a4:98
09-01 14:43:56.171 V/bt_stack( 8588): [VERBOSE1:btm_ble_gap.cc(1847)] btm_ble_process_adv_addr: bda=00:35:64:83:a4:98
09-01 14:43:56.172 D/BluetoothUtils( 8588): blockedByLocationOff callingUid=1002
09-01 14:43:56.173 I/BluetoothUtils( 8588): packagename is android.uid.bluetooth:1002 ,and its permission is false
09-01 14:43:56.173 D/BluetoothUtils( 8588): blockedByLocationOff callingUid=1002
09-01 14:43:56.174 I/BluetoothUtils( 8588): packagename is android.uid.bluetooth:1002 ,and its permission is false
09-01 14:43:56.174 D/BluetoothUtils( 8588): blockedByLocationOff callingUid=1002
09-01 14:43:56.174 I/BluetoothUtils( 8588): packagename is android.uid.bluetooth:1002 ,and its permission is false
09-01 14:43:56.174 V/bt_stack( 8588): [VERBOSE1:btm_ble_gap.cc(1923)] btm_ble_process_ext_adv_pkt: bda=38:a9:e2:54:94:54
09-01 14:43:56.175 V/bt_stack( 8588): [VERBOSE1:btm_ble_gap.cc(1847)] btm_ble_process_adv_addr: bda=38:a9:e2:54:94:54
09-01 14:43:56.176 D/BluetoothUtils( 8588): blockedByLocationOff callingUid=1002
09-01 14:43:56.176 I/BluetoothUtils( 8588): packagename is android.uid.bluetooth:1002 ,and its permission is false
09-01 14:43:56.176 D/BluetoothUtils( 8588): blockedByLocationOff callingUid=1002
09-01 14:43:56.176 I/BluetoothUtils( 8588): packagename is android.uid.bluetooth:1002 ,and its permission is false
09-01 14:43:56.176 D/BluetoothUtils( 8588): blockedByLocationOff callingUid=1002
09-01 14:43:56.177 I/BluetoothUtils( 8588): packagename is android.uid.bluetooth:1002 ,and its permission is false
09-01 14:43:56.177 V/bt_stack( 8588): [VERBOSE1:btm_ble_gap.cc(1923)] btm_ble_process_ext_adv_pkt: bda=05:18:f1:4b:2c:d4
09-01 14:43:56.177 V/bt_stack( 8588): [VERBOSE1:btm_ble_gap.cc(1847)] btm_ble_process_adv_addr: bda=05:18:f1:4b:2c:d4
09-01 14:43:56.178 D/BluetoothUtils( 8588): blockedByLocationOff callingUid=1002
09-01 14:43:56.179 I/BluetoothUtils( 8588): packagename is android.uid.bluetooth:1002 ,and its permission is false
09-01 14:43:56.179 D/BluetoothUtils( 8588): blockedByLocationOff callingUid=1002
09-01 14:43:56.179 I/BluetoothUtils( 8588): packagename is android.uid.bluetooth:1002 ,and its permission is false
09-01 14:43:56.179 D/BluetoothUtils( 8588): blockedByLocationOff callingUid=1002
09-01 14:43:56.179 I/BluetoothUtils( 8588): packagename is android.uid.bluetooth:1002 ,and its permission is false
09-01 14:43:56.195 V/bt_stack( 8588): [VERBOSE1:btm_ble_gap.cc(1923)] btm_ble_process_ext_adv_pkt: bda=35:45:bf:2c:e1:03
09-01 14:43:56.195 V/bt_stack( 8588): [VERBOSE1:btm_ble_gap.cc(1847)] btm_ble_process_adv_addr: bda=35:45:bf:2c:e1:03
09-01 14:43:56.196 D/BluetoothUtils( 8588): blockedByLocationOff callingUid=1002
09-01 14:43:56.197 I/BluetoothUtils( 8588): packagename is android.uid.bluetooth:1002 ,and its permission is false
09-01 14:43:56.197 D/BluetoothUtils( 8588): blockedByLocationOff callingUid=1002
09-01 14:43:56.197 I/BluetoothUtils( 8588): packagename is android.uid.bluetooth:1002 ,and its permission is false
09-01 14:43:56.197 D/BluetoothUtils( 8588): blockedByLocationOff callingUid=1002
09-01 14:43:56.197 I/BluetoothUtils( 8588): packagename is android.uid.bluetooth:1002 ,and its permission is false
09-01 14:43:56.199 V/bt_stack( 8588): [VERBOSE1:btm_ble_gap.cc(1923)] btm_ble_process_ext_adv_pkt: bda=33:91:15:08:2a:2b
09-01 14:43:56.199 V/bt_stack( 8588): [VERBOSE1:btm_ble_gap.cc(1847)] btm_ble_process_adv_addr: bda=33:91:15:08:2a:2b
09-01 14:43:56.200 D/BluetoothUtils( 8588): blockedByLocationOff callingUid=1002
09-01 14:43:56.200 I/BluetoothUtils( 8588): packagename is android.uid.bluetooth:1002 ,and its permission is false
09-01 14:43:56.201 D/BluetoothUtils( 8588): blockedByLocationOff callingUid=1002
09-01 14:43:56.201 I/BluetoothUtils( 8588): packagename is android.uid.bluetooth:1002 ,and its permission is false
09-01 14:43:56.201 D/BluetoothUtils( 8588): blockedByLocationOff callingUid=1002
09-01 14:43:56.201 I/BluetoothUtils( 8588): packagename is android.uid.bluetooth:1002 ,and its permission is false
09-01 14:43:56.210 V/bt_stack( 8588): [VERBOSE1:btm_ble_gap.cc(1923)] btm_ble_process_ext_adv_pkt: bda=1f:59:8a:95:53:d8
09-01 14:43:56.210 V/bt_stack( 8588): [VERBOSE1:btm_ble_gap.cc(1847)] btm_ble_process_adv_addr: bda=1f:59:8a:95:53:d8
09-01 14:43:56.212 D/BluetoothUtils( 8588): blockedByLocationOff callingUid=1002
09-01 14:43:56.212 V/bt_stack( 8588): [VERBOSE1:btm_ble_gap.cc(1923)] btm_ble_process_ext_adv_pkt: bda=14:07:18:00:04:52
09-01 14:43:56.212 V/bt_stack( 8588): [VERBOSE1:btm_ble_gap.cc(1847)] btm_ble_process_adv_addr: bda=14:07:18:00:04:52
09-01 14:43:56.212 V/bt_stack( 8588): [VERBOSE1:btm_ble_gap.cc(2052)]  Waiting for scan response 14:07:18:00:04:52
09-01 14:43:56.212 V/bt_stack( 8588): [VERBOSE1:btm_ble_gap.cc(1923)] btm_ble_process_ext_adv_pkt: bda=14:07:18:00:04:52
09-01 14:43:56.212 I/BluetoothUtils( 8588): packagename is android.uid.bluetooth:1002 ,and its permission is false
09-01 14:43:56.212 V/bt_stack( 8588): [VERBOSE1:btm_ble_gap.cc(1847)] btm_ble_process_adv_addr: bda=14:07:18:00:04:52
09-01 14:43:56.212 D/BluetoothUtils( 8588): blockedByLocationOff callingUid=1002
09-01 14:43:56.212 I/BluetoothUtils( 8588): packagename is android.uid.bluetooth:1002 ,and its permission is false
09-01 14:43:56.212 D/BluetoothUtils( 8588): blockedByLocationOff callingUid=1002
09-01 14:43:56.213 I/BluetoothUtils( 8588): packagename is android.uid.bluetooth:1002 ,and its permission is false
09-01 14:43:56.213 D/BluetoothUtils( 8588): blockedByLocationOff callingUid=1002
09-01 14:43:56.213 I/BluetoothUtils( 8588): packagename is android.uid.bluetooth:1002 ,and its permission is false
09-01 14:43:56.213 D/BluetoothUtils( 8588): blockedByLocationOff callingUid=1002
09-01 14:43:56.214 I/BluetoothUtils( 8588): packagename is android.uid.bluetooth:1002 ,and its permission is false
09-01 14:43:56.214 D/BluetoothUtils( 8588): blockedByLocationOff callingUid=1002
09-01 14:43:56.214 I/BluetoothUtils( 8588): packagename is android.uid.bluetooth:1002 ,and its permission is false
09-01 14:43:56.215 V/bt_stack( 8588): [VERBOSE1:btm_ble_gap.cc(1923)] btm_ble_process_ext_adv_pkt: bda=30:31:51:23:9b:e3
09-01 14:43:56.215 V/bt_stack( 8588): [VERBOSE1:btm_ble_gap.cc(1847)] btm_ble_process_adv_addr: bda=30:31:51:23:9b:e3
09-01 14:43:56.216 D/BluetoothUtils( 8588): blockedByLocationOff callingUid=1002
09-01 14:43:56.217 I/BluetoothUtils( 8588): packagename is android.uid.bluetooth:1002 ,and its permission is false
09-01 14:43:56.217 D/BluetoothUtils( 8588): blockedByLocationOff callingUid=1002
09-01 14:43:56.217 I/BluetoothUtils( 8588): packagename is android.uid.bluetooth:1002 ,and its permission is false
09-01 14:43:56.217 D/BluetoothUtils( 8588): blockedByLocationOff callingUid=1002
09-01 14:43:56.218 I/BluetoothUtils( 8588): packagename is android.uid.bluetooth:1002 ,and its permission is false
09-01 14:43:56.218 V/bt_stack( 8588): [VERBOSE1:btm_ble_gap.cc(1923)] btm_ble_process_ext_adv_pkt: bda=3c:44:7b:e3:4e:f5
09-01 14:43:56.218 V/bt_stack( 8588): [VERBOSE1:btm_ble_gap.cc(1847)] btm_ble_process_adv_addr: bda=3c:44:7b:e3:4e:f5
09-01 14:43:56.219 D/BluetoothUtils( 8588): blockedByLocationOff callingUid=1002
09-01 14:43:56.219 I/BluetoothUtils( 8588): packagename is android.uid.bluetooth:1002 ,and its permission is false
09-01 14:43:56.219 D/BluetoothUtils( 8588): blockedByLocationOff callingUid=1002
09-01 14:43:56.219 I/BluetoothUtils( 8588): packagename is android.uid.bluetooth:1002 ,and its permission is false
09-01 14:43:56.219 D/BluetoothUtils( 8588): blockedByLocationOff callingUid=1002
09-01 14:43:56.220 I/BluetoothUtils( 8588): packagename is android.uid.bluetooth:1002 ,and its permission is false
09-01 14:43:56.226 V/bt_stack( 8588): [VERBOSE1:btm_ble_gap.cc(1923)] btm_ble_process_ext_adv_pkt: bda=14:dd:f1:7c:32:85
09-01 14:43:56.226 V/bt_stack( 8588): [VERBOSE1:btm_ble_gap.cc(1847)] btm_ble_process_adv_addr: bda=14:dd:f1:7c:32:85
09-01 14:43:56.227 D/BluetoothUtils( 8588): blockedByLocationOff callingUid=1002
09-01 14:43:56.228 I/BluetoothUtils( 8588): packagename is android.uid.bluetooth:1002 ,and its permission is false
09-01 14:43:56.228 D/BluetoothUtils( 8588): blockedByLocationOff callingUid=1002
09-01 14:43:56.228 I/BluetoothUtils( 8588): packagename is android.uid.bluetooth:1002 ,and its permission is false
09-01 14:43:56.228 D/BluetoothUtils( 8588): blockedByLocationOff callingUid=1002
09-01 14:43:56.228 I/BluetoothUtils( 8588): packagename is android.uid.bluetooth:1002 ,and its permission is false
09-01 14:43:56.233 V/bt_stack( 8588): [VERBOSE1:btm_ble_gap.cc(1923)] btm_ble_process_ext_adv_pkt: bda=03:d8:93:20:a7:46
09-01 14:43:56.233 V/bt_stack( 8588): [VERBOSE1:btm_ble_gap.cc(1847)] btm_ble_process_adv_addr: bda=03:d8:93:20:a7:46
09-01 14:43:56.234 D/BluetoothUtils( 8588): blockedByLocationOff callingUid=1002
09-01 14:43:56.235 I/BluetoothUtils( 8588): packagename is android.uid.bluetooth:1002 ,and its permission is false
09-01 14:43:56.235 D/BluetoothUtils( 8588): blockedByLocationOff callingUid=1002
09-01 14:43:56.235 I/BluetoothUtils( 8588): packagename is android.uid.bluetooth:1002 ,and its permission is false
09-01 14:43:56.235 D/BluetoothUtils( 8588): blockedByLocationOff callingUid=1002
09-01 14:43:56.236 I/BluetoothUtils( 8588): packagename is android.uid.bluetooth:1002 ,and its permission is false
09-01 14:43:56.246 V/bt_stack( 8588): [VERBOSE1:btm_ble_gap.cc(1923)] btm_ble_process_ext_adv_pkt: bda=fe:e1:62:0f:0c:8e
09-01 14:43:56.247 V/bt_stack( 8588): [VERBOSE1:btm_ble_gap.cc(1847)] btm_ble_process_adv_addr: bda=fe:e1:62:0f:0c:8e
09-01 14:43:56.247 V/bt_stack( 8588): [VERBOSE1:btm_ble_gap.cc(2052)]  Waiting for scan response fe:e1:62:0f:0c:8e
09-01 14:43:56.248 V/bt_stack( 8588): [VERBOSE1:btm_ble_gap.cc(1923)] btm_ble_process_ext_adv_pkt: bda=58:d0:f0:96:be:49
09-01 14:43:56.248 V/bt_stack( 8588): [VERBOSE1:btm_ble_gap.cc(1847)] btm_ble_process_adv_addr: bda=58:d0:f0:96:be:49
09-01 14:43:56.248 V/bt_stack( 8588): [VERBOSE1:btm_ble_gap.cc(2052)]  Waiting for scan response 58:d0:f0:96:be:49
09-01 14:43:56.275 V/bt_stack( 8588): [VERBOSE1:btm_ble_gap.cc(1923)] btm_ble_process_ext_adv_pkt: bda=77:60:99:3a:74:d9
09-01 14:43:56.275 V/bt_stack( 8588): [VERBOSE1:btm_ble_gap.cc(1847)] btm_ble_process_adv_addr: bda=77:60:99:3a:74:d9
09-01 14:43:56.275 V/bt_stack( 8588): [VERBOSE1:btm_ble_gap.cc(2052)]  Waiting for scan response 77:60:99:3a:74:d9
09-01 14:43:56.275 V/bt_stack( 8588): [VERBOSE1:btm_ble_gap.cc(1923)] btm_ble_process_ext_adv_pkt: bda=28:bc:17:6a:f4:4d
09-01 14:43:56.275 V/bt_stack( 8588): [VERBOSE1:btm_ble_gap.cc(1847)] btm_ble_process_adv_addr: bda=28:bc:17:6a:f4:4d
09-01 14:43:56.278 D/BluetoothUtils( 8588): blockedByLocationOff callingUid=1002
09-01 14:43:56.278 I/BluetoothUtils( 8588): packagename is android.uid.bluetooth:1002 ,and its permission is false
09-01 14:43:56.278 D/BluetoothUtils( 8588): blockedByLocationOff callingUid=1002
09-01 14:43:56.279 I/BluetoothUtils( 8588): packagename is android.uid.bluetooth:1002 ,and its permission is false
09-01 14:43:56.279 D/BluetoothUtils( 8588): blockedByLocationOff callingUid=1002
09-01 14:43:56.280 I/BluetoothUtils( 8588): packagename is android.uid.bluetooth:1002 ,and its permission is false
09-01 14:43:56.285 V/bt_stack( 8588): [VERBOSE1:btm_ble_gap.cc(1923)] btm_ble_process_ext_adv_pkt: bda=46:25:ff:ec:21:0b
09-01 14:43:56.285 V/bt_stack( 8588): [VERBOSE1:btm_ble_gap.cc(1847)] btm_ble_process_adv_addr: bda=46:25:ff:ec:21:0b
09-01 14:43:56.285 V/bt_stack( 8588): [VERBOSE1:btm_ble_gap.cc(2052)]  Waiting for scan response 46:25:ff:ec:21:0b
09-01 14:43:56.285 V/bt_stack( 8588): [VERBOSE1:btm_ble_gap.cc(1923)] btm_ble_process_ext_adv_pkt: bda=66:3e:07:e0:2b:d4
09-01 14:43:56.286 V/bt_stack( 8588): [VERBOSE1:btm_ble_gap.cc(1847)] btm_ble_process_adv_addr: bda=66:3e:07:e0:2b:d4
09-01 14:43:56.286 V/bt_stack( 8588): [VERBOSE1:btm_ble_gap.cc(2052)]  Waiting for scan response 66:3e:07:e0:2b:d4
09-01 14:43:56.286 V/bt_stack( 8588): [VERBOSE1:btm_ble_gap.cc(1923)] btm_ble_process_ext_adv_pkt: bda=66:3e:07:e0:2b:d4
09-01 14:43:56.286 V/bt_stack( 8588): [VERBOSE1:btm_ble_gap.cc(1847)] btm_ble_process_adv_addr: bda=66:3e:07:e0:2b:d4
09-01 14:43:56.286 D/BluetoothUtils( 8588): blockedByLocationOff callingUid=1002
09-01 14:43:56.287 I/BluetoothUtils( 8588): packagename is android.uid.bluetooth:1002 ,and its permission is false
09-01 14:43:56.287 D/BluetoothUtils( 8588): blockedByLocationOff callingUid=1002
09-01 14:43:56.287 I/BluetoothUtils( 8588): packagename is android.uid.bluetooth:1002 ,and its permission is false
09-01 14:43:56.287 D/BluetoothUtils( 8588): blockedByLocationOff callingUid=1002
09-01 14:43:56.288 I/BluetoothUtils( 8588): packagename is android.uid.bluetooth:1002 ,and its permission is false
09-01 14:43:56.292 V/bt_stack( 8588): [VERBOSE1:btm_ble_gap.cc(1923)] btm_ble_process_ext_adv_pkt: bda=59:f7:61:0b:a3:40
09-01 14:43:56.292 V/bt_stack( 8588): [VERBOSE1:btm_ble_gap.cc(1847)] btm_ble_process_adv_addr: bda=59:f7:61:0b:a3:40
09-01 14:43:56.294 D/BluetoothUtils( 8588): blockedByLocationOff callingUid=1002
09-01 14:43:56.294 I/BluetoothUtils( 8588): packagename is android.uid.bluetooth:1002 ,and its permission is false
09-01 14:43:56.294 D/BluetoothUtils( 8588): blockedByLocationOff callingUid=1002
09-01 14:43:56.294 I/BluetoothUtils( 8588): packagename is android.uid.bluetooth:1002 ,and its permission is false
09-01 14:43:56.295 D/BluetoothUtils( 8588): blockedByLocationOff callingUid=1002
09-01 14:43:56.295 I/BluetoothUtils( 8588): packagename is android.uid.bluetooth:1002 ,and its permission is false
09-01 14:43:56.296 V/bt_stack( 8588): [VERBOSE1:btm_ble_gap.cc(1923)] btm_ble_process_ext_adv_pkt: bda=0e:10:bb:c2:00:89
09-01 14:43:56.296 V/bt_stack( 8588): [VERBOSE1:btm_ble_gap.cc(1847)] btm_ble_process_adv_addr: bda=0e:10:bb:c2:00:89
09-01 14:43:56.297 D/BluetoothUtils( 8588): blockedByLocationOff callingUid=1002
09-01 14:43:56.297 I/BluetoothUtils( 8588): packagename is android.uid.bluetooth:1002 ,and its permission is false
09-01 14:43:56.298 D/BluetoothUtils( 8588): blockedByLocationOff callingUid=1002
09-01 14:43:56.298 I/BluetoothUtils( 8588): packagename is android.uid.bluetooth:1002 ,and its permission is false
09-01 14:43:56.298 D/BluetoothUtils( 8588): blockedByLocationOff callingUid=1002
09-01 14:43:56.298 I/BluetoothUtils( 8588): packagename is android.uid.bluetooth:1002 ,and its permission is false
09-01 14:43:56.303 V/bt_stack( 8588): [VERBOSE1:btm_ble_gap.cc(1923)] btm_ble_process_ext_adv_pkt: bda=35:45:bf:2c:e1:03
09-01 14:43:56.303 V/bt_stack( 8588): [VERBOSE1:btm_ble_gap.cc(1847)] btm_ble_process_adv_addr: bda=35:45:bf:2c:e1:03
09-01 14:43:56.305 D/BluetoothUtils( 8588): blockedByLocationOff callingUid=1002
09-01 14:43:56.305 V/bt_stack( 8588): [VERBOSE1:btm_ble_gap.cc(1923)] btm_ble_process_ext_adv_pkt: bda=33:91:15:08:2a:2b
09-01 14:43:56.305 V/bt_stack( 8588): [VERBOSE1:btm_ble_gap.cc(1847)] btm_ble_process_adv_addr: bda=33:91:15:08:2a:2b
09-01 14:43:56.305 I/BluetoothUtils( 8588): packagename is android.uid.bluetooth:1002 ,and its permission is false
09-01 14:43:56.305 D/BluetoothUtils( 8588): blockedByLocationOff callingUid=1002
09-01 14:43:56.306 I/BluetoothUtils( 8588): packagename is android.uid.bluetooth:1002 ,and its permission is false
09-01 14:43:56.306 D/BluetoothUtils( 8588): blockedByLocationOff callingUid=1002
09-01 14:43:56.306 I/BluetoothUtils( 8588): packagename is android.uid.bluetooth:1002 ,and its permission is false
09-01 14:43:56.307 D/BluetoothUtils( 8588): blockedByLocationOff callingUid=1002
09-01 14:43:56.307 I/BluetoothUtils( 8588): packagename is android.uid.bluetooth:1002 ,and its permission is false
09-01 14:43:56.307 D/BluetoothUtils( 8588): blockedByLocationOff callingUid=1002
09-01 14:43:56.307 I/BluetoothUtils( 8588): packagename is android.uid.bluetooth:1002 ,and its permission is false
09-01 14:43:56.308 D/BluetoothUtils( 8588): blockedByLocationOff callingUid=1002
09-01 14:43:56.308 I/BluetoothUtils( 8588): packagename is android.uid.bluetooth:1002 ,and its permission is false
09-01 14:43:56.331 V/bt_stack( 8588): [VERBOSE1:btm_ble_gap.cc(1923)] btm_ble_process_ext_adv_pkt: bda=c4:cf:3f:4b:ad:c8
09-01 14:43:56.331 V/bt_stack( 8588): [VERBOSE1:btm_ble_gap.cc(1847)] btm_ble_process_adv_addr: bda=c4:cf:3f:4b:ad:c8
09-01 14:43:56.331 V/bt_stack( 8588): [VERBOSE1:btm_ble_gap.cc(2052)]  Waiting for scan response c4:cf:3f:4b:ad:c8
09-01 14:43:56.331 V/bt_stack( 8588): [VERBOSE1:btm_ble_gap.cc(1923)] btm_ble_process_ext_adv_pkt: bda=14:dd:f1:7c:32:85
09-01 14:43:56.331 V/bt_stack( 8588): [VERBOSE1:btm_ble_gap.cc(1847)] btm_ble_process_adv_addr: bda=14:dd:f1:7c:32:85
09-01 14:43:56.333 D/BluetoothUtils( 8588): blockedByLocationOff callingUid=1002
09-01 14:43:56.333 I/BluetoothUtils( 8588): packagename is android.uid.bluetooth:1002 ,and its permission is false
09-01 14:43:56.333 D/BluetoothUtils( 8588): blockedByLocationOff callingUid=1002
09-01 14:43:56.334 I/BluetoothUtils( 8588): packagename is android.uid.bluetooth:1002 ,and its permission is false
09-01 14:43:56.334 D/BluetoothUtils( 8588): blockedByLocationOff callingUid=1002
09-01 14:43:56.334 I/BluetoothUtils( 8588): packagename is android.uid.bluetooth:1002 ,and its permission is false
09-01 14:43:56.338 V/bt_stack( 8588): [VERBOSE1:btm_ble_gap.cc(1923)] btm_ble_process_ext_adv_pkt: bda=44:ca:73:cc:df:42
09-01 14:43:56.338 V/bt_stack( 8588): [VERBOSE1:btm_ble_gap.cc(1847)] btm_ble_process_adv_addr: bda=44:ca:73:cc:df:42
09-01 14:43:56.338 V/bt_stack( 8588): [VERBOSE1:btm_ble_gap.cc(2052)]  Waiting for scan response 44:ca:73:cc:df:42
09-01 14:43:56.338 V/bt_stack( 8588): [VERBOSE1:btm_ble_gap.cc(1923)] btm_ble_process_ext_adv_pkt: bda=44:ca:73:cc:df:42
09-01 14:43:56.338 V/bt_stack( 8588): [VERBOSE1:btm_ble_gap.cc(1847)] btm_ble_process_adv_addr: bda=44:ca:73:cc:df:42
09-01 14:43:56.339 D/BluetoothUtils( 8588): blockedByLocationOff callingUid=1002
09-01 14:43:56.340 I/BluetoothUtils( 8588): packagename is android.uid.bluetooth:1002 ,and its permission is false
09-01 14:43:56.340 D/BluetoothUtils( 8588): blockedByLocationOff callingUid=1002
09-01 14:43:56.340 I/BluetoothUtils( 8588): packagename is android.uid.bluetooth:1002 ,and its permission is false
09-01 14:43:56.340 D/BluetoothUtils( 8588): blockedByLocationOff callingUid=1002
09-01 14:43:56.341 I/BluetoothUtils( 8588): packagename is android.uid.bluetooth:1002 ,and its permission is false
09-01 14:43:56.342 V/bt_stack( 8588): [VERBOSE1:btm_ble_gap.cc(1923)] btm_ble_process_ext_adv_pkt: bda=ac:29:3a:9a:aa:42
09-01 14:43:56.342 V/bt_stack( 8588): [VERBOSE1:btm_ble_gap.cc(1847)] btm_ble_process_adv_addr: bda=ac:29:3a:9a:aa:42
09-01 14:43:56.342 V/bt_stack( 8588): [VERBOSE1:btm_ble_gap.cc(2052)]  Waiting for scan response ac:29:3a:9a:aa:42
09-01 14:43:56.342 V/bt_stack( 8588): [VERBOSE1:btm_ble_gap.cc(1923)] btm_ble_process_ext_adv_pkt: bda=03:d8:93:20:a7:46
09-01 14:43:56.342 V/bt_stack( 8588): [VERBOSE1:btm_ble_gap.cc(1847)] btm_ble_process_adv_addr: bda=03:d8:93:20:a7:46
09-01 14:43:56.345 I/appium  (13898): AppiumResponse: {"sessionId":"94b2dfbc-5a87-4ff5-8430-a6752ec32c55","value":"iVBORw0KGgoAAAANSUhEUgAABDgAAAkkCAYAAAD508+vAAAAAXNSR0IArs4c6QAAAARzQklUCAgI\nCHwIZIgAACAASURBVHic7L15nBx1nf\/\/+lT1HD1HZibJJCEhJCAGkgAJNyRBQEE899BlFTxw13Nl\nXf2igOAqAisuAuuxIurqurji8dN1V\/BABTmD3GcSbkjIweScmczZPd31+f1R9an+VHVVd3V3dU93\...
09-01 14:43:56.346 D/BluetoothUtils( 8588): blockedByLocationOff callingUid=1002
09-01 14:43:56.347 I/BluetoothUtils( 8588): packagename is android.uid.bluetooth:1002 ,and its permission is false
09-01 14:43:56.347 D/BluetoothUtils( 8588): blockedByLocationOff callingUid=1002
09-01 14:43:56.347 I/BluetoothUtils( 8588): packagename is android.uid.bluetooth:1002 ,and its permission is false
09-01 14:43:56.347 D/BluetoothUtils( 8588): blockedByLocationOff callingUid=1002
09-01 14:43:56.348 I/BluetoothUtils( 8588): packagename is android.uid.bluetooth:1002 ,and its permission is false
09-01 14:43:56.356 V/bt_stack( 8588): [VERBOSE1:btm_ble_gap.cc(1923)] btm_ble_process_ext_adv_pkt: bda=7c:7c:58:d5:aa:e1
09-01 14:43:56.356 V/bt_stack( 8588): [VERBOSE1:btm_ble_gap.cc(1847)] btm_ble_process_adv_addr: bda=7c:7c:58:d5:aa:e1
09-01 14:43:56.356 V/bt_stack( 8588): [VERBOSE1:btm_ble_gap.cc(2052)]  Waiting for scan response 7c:7c:58:d5:aa:e1
09-01 14:43:56.356 V/bt_stack( 8588): [VERBOSE1:btm_ble_gap.cc(1923)] btm_ble_process_ext_adv_pkt: bda=63:53:07:fa:3c:f1
09-01 14:43:56.356 V/bt_stack( 8588): [VERBOSE1:btm_ble_gap.cc(1847)] btm_ble_process_adv_addr: bda=63:53:07:fa:3c:f1
09-01 14:43:56.358 D/BluetoothUtils( 8588): blockedByLocationOff callingUid=1002
09-01 14:43:56.358 I/BluetoothUtils( 8588): packagename is android.uid.bluetooth:1002 ,and its permission is false
09-01 14:43:56.359 D/BluetoothUtils( 8588): blockedByLocationOff callingUid=1002
09-01 14:43:56.359 I/BluetoothUtils( 8588): packagename is android.uid.bluetooth:1002 ,and its permission is false
09-01 14:43:56.359 D/BluetoothUtils( 8588): blockedByLocationOff callingUid=1002
09-01 14:43:56.359 I/BluetoothUtils( 8588): packagename is android.uid.bluetooth:1002 ,and its permission is false
