09-01 14:31:48.774 V/bt_stack( 8588): [VERBOSE1:btm_ble_gap.cc(1847)] btm_ble_process_adv_addr: bda=19:30:6d:c4:b5:5b
09-01 14:31:48.777 D/BluetoothUtils( 8588): blockedByLocationOff callingUid=1002
09-01 14:31:48.778 I/BluetoothUtils( 8588): packagename is android.uid.bluetooth:1002 ,and its permission is false
09-01 14:31:48.778 D/BluetoothUtils( 8588): blockedByLocationOff callingUid=1002
09-01 14:31:48.779 I/BluetoothUtils( 8588): packagename is android.uid.bluetooth:1002 ,and its permission is false
09-01 14:31:48.779 D/BluetoothUtils( 8588): blockedByLocationOff callingUid=1002
09-01 14:31:48.779 I/BluetoothUtils( 8588): packagename is android.uid.bluetooth:1002 ,and its permission is false
09-01 14:31:48.785 V/bt_stack( 8588): [VERBOSE1:btm_ble_gap.cc(1923)] btm_ble_process_ext_adv_pkt: bda=7c:7c:58:d5:aa:e1
09-01 14:31:48.785 V/bt_stack( 8588): [VERBOSE1:btm_ble_gap.cc(1847)] btm_ble_process_adv_addr: bda=7c:7c:58:d5:aa:e1
09-01 14:31:48.785 V/bt_stack( 8588): [VERBOSE1:btm_ble_gap.cc(2052)]  Waiting for scan response 7c:7c:58:d5:aa:e1
09-01 14:31:48.785 V/bt_stack( 8588): [VERBOSE1:btm_ble_gap.cc(1923)] btm_ble_process_ext_adv_pkt: bda=17:be:83:99:5a:17
09-01 14:31:48.786 V/bt_stack( 8588): [VERBOSE1:btm_ble_gap.cc(1847)] btm_ble_process_adv_addr: bda=17:be:83:99:5a:17
09-01 14:31:48.786 V/bt_stack( 8588): [VERBOSE1:btm_ble_gap.cc(1923)] btm_ble_process_ext_adv_pkt: bda=6a:1a:31:28:a4:f8
09-01 14:31:48.786 V/bt_stack( 8588): [VERBOSE1:btm_ble_gap.cc(1847)] btm_ble_process_adv_addr: bda=6a:1a:31:28:a4:f8
09-01 14:31:48.787 D/BluetoothUtils( 8588): blockedByLocationOff callingUid=1002
09-01 14:31:48.788 I/BluetoothUtils( 8588): packagename is android.uid.bluetooth:1002 ,and its permission is false
09-01 14:31:48.788 D/BluetoothUtils( 8588): blockedByLocationOff callingUid=1002
09-01 14:31:48.788 I/BluetoothUtils( 8588): packagename is android.uid.bluetooth:1002 ,and its permission is false
09-01 14:31:48.788 D/BluetoothUtils( 8588): blockedByLocationOff callingUid=1002
09-01 14:31:48.789 I/BluetoothUtils( 8588): packagename is android.uid.bluetooth:1002 ,and its permission is false
09-01 14:31:48.789 D/BluetoothUtils( 8588): blockedByLocationOff callingUid=1002
09-01 14:31:48.790 I/BluetoothUtils( 8588): packagename is android.uid.bluetooth:1002 ,and its permission is false
09-01 14:31:48.790 D/BluetoothUtils( 8588): blockedByLocationOff callingUid=1002
09-01 14:31:48.790 I/BluetoothUtils( 8588): packagename is android.uid.bluetooth:1002 ,and its permission is false
09-01 14:31:48.790 D/BluetoothUtils( 8588): blockedByLocationOff callingUid=1002
09-01 14:31:48.791 I/BluetoothUtils( 8588): packagename is android.uid.bluetooth:1002 ,and its permission is false
09-01 14:31:48.808 V/bt_stack( 8588): [VERBOSE1:btm_ble_gap.cc(1923)] btm_ble_process_ext_adv_pkt: bda=ef:b7:d5:04:a7:8a
09-01 14:31:48.808 V/bt_stack( 8588): [VERBOSE1:btm_ble_gap.cc(1847)] btm_ble_process_adv_addr: bda=ef:b7:d5:04:a7:8a
09-01 14:31:48.808 V/bt_stack( 8588): [VERBOSE1:btm_ble_gap.cc(2052)]  Waiting for scan response ef:b7:d5:04:a7:8a
09-01 14:31:48.808 V/bt_stack( 8588): [VERBOSE1:btm_ble_gap.cc(1923)] btm_ble_process_ext_adv_pkt: bda=ef:b7:d5:04:a7:8a
09-01 14:31:48.809 V/bt_stack( 8588): [VERBOSE1:btm_ble_gap.cc(1847)] btm_ble_process_adv_addr: bda=ef:b7:d5:04:a7:8a
09-01 14:31:48.812 V/bt_stack( 8588): [VERBOSE1:btm_ble_gap.cc(1923)] btm_ble_process_ext_adv_pkt: bda=fd:32:0c:ad:56:d5
09-01 14:31:48.812 V/bt_stack( 8588): [VERBOSE1:btm_ble_gap.cc(1847)] btm_ble_process_adv_addr: bda=fd:32:0c:ad:56:d5
09-01 14:31:48.812 V/bt_stack( 8588): [VERBOSE1:btm_ble_gap.cc(2052)]  Waiting for scan response fd:32:0c:ad:56:d5
09-01 14:31:48.812 V/bt_stack( 8588): [VERBOSE1:btm_ble_gap.cc(1923)] btm_ble_process_ext_adv_pkt: bda=fd:32:0c:ad:56:d5
09-01 14:31:48.812 V/bt_stack( 8588): [VERBOSE1:btm_ble_gap.cc(1847)] btm_ble_process_adv_addr: bda=fd:32:0c:ad:56:d5
09-01 14:31:48.814 D/BluetoothUtils( 8588): blockedByLocationOff callingUid=1002
09-01 14:31:48.814 I/BluetoothUtils( 8588): packagename is android.uid.bluetooth:1002 ,and its permission is false
09-01 14:31:48.814 D/BluetoothUtils( 8588): blockedByLocationOff callingUid=1002
09-01 14:31:48.815 I/BluetoothUtils( 8588): packagename is android.uid.bluetooth:1002 ,and its permission is false
09-01 14:31:48.815 D/BluetoothUtils( 8588): blockedByLocationOff callingUid=1002
09-01 14:31:48.815 I/BluetoothUtils( 8588): packagename is android.uid.bluetooth:1002 ,and its permission is false
09-01 14:31:48.816 D/BluetoothUtils( 8588): blockedByLocationOff callingUid=1002
09-01 14:31:48.816 I/BluetoothUtils( 8588): packagename is android.uid.bluetooth:1002 ,and its permission is false
09-01 14:31:48.817 D/BluetoothUtils( 8588): blockedByLocationOff callingUid=1002
09-01 14:31:48.817 I/BluetoothUtils( 8588): packagename is android.uid.bluetooth:1002 ,and its permission is false
09-01 14:31:48.817 D/BluetoothUtils( 8588): blockedByLocationOff callingUid=1002
09-01 14:31:48.817 I/BluetoothUtils( 8588): packagename is android.uid.bluetooth:1002 ,and its permission is false
09-01 14:31:48.823 V/bt_stack( 8588): [VERBOSE1:btm_ble_gap.cc(1923)] btm_ble_process_ext_adv_pkt: bda=6c:37:b5:6b:a1:b8
09-01 14:31:48.823 V/bt_stack( 8588): [VERBOSE1:btm_ble_gap.cc(1847)] btm_ble_process_adv_addr: bda=6c:37:b5:6b:a1:b8
09-01 14:31:48.823 V/bt_stack( 8588): [VERBOSE1:btm_ble_gap.cc(2052)]  Waiting for scan response 6c:37:b5:6b:a1:b8
09-01 14:31:48.823 V/bt_stack( 8588): [VERBOSE1:btm_ble_gap.cc(1923)] btm_ble_process_ext_adv_pkt: bda=0c:1a:06:0e:96:57
09-01 14:31:48.823 V/bt_stack( 8588): [VERBOSE1:btm_ble_gap.cc(1847)] btm_ble_process_adv_addr: bda=0c:1a:06:0e:96:57
09-01 14:31:48.825 D/BluetoothUtils( 8588): blockedByLocationOff callingUid=1002
09-01 14:31:48.826 I/BluetoothUtils( 8588): packagename is android.uid.bluetooth:1002 ,and its permission is false
09-01 14:31:48.826 D/BluetoothUtils( 8588): blockedByLocationOff callingUid=1002
09-01 14:31:48.826 I/BluetoothUtils( 8588): packagename is android.uid.bluetooth:1002 ,and its permission is false
09-01 14:31:48.826 D/BluetoothUtils( 8588): blockedByLocationOff callingUid=1002
09-01 14:31:48.826 V/bt_stack( 8588): [VERBOSE1:btm_ble_gap.cc(1923)] btm_ble_process_ext_adv_pkt: bda=0b:95:8c:38:8d:43
09-01 14:31:48.826 V/bt_stack( 8588): [VERBOSE1:btm_ble_gap.cc(1847)] btm_ble_process_adv_addr: bda=0b:95:8c:38:8d:43
09-01 14:31:48.826 I/BluetoothUtils( 8588): packagename is android.uid.bluetooth:1002 ,and its permission is false
09-01 14:31:48.827 D/BluetoothUtils( 8588): blockedByLocationOff callingUid=1002
09-01 14:31:48.828 I/BluetoothUtils( 8588): packagename is android.uid.bluetooth:1002 ,and its permission is false
09-01 14:31:48.828 D/BluetoothUtils( 8588): blockedByLocationOff callingUid=1002
09-01 14:31:48.828 I/BluetoothUtils( 8588): packagename is android.uid.bluetooth:1002 ,and its permission is false
09-01 14:31:48.828 D/BluetoothUtils( 8588): blockedByLocationOff callingUid=1002
09-01 14:31:48.828 I/BluetoothUtils( 8588): packagename is android.uid.bluetooth:1002 ,and its permission is false
09-01 14:31:48.833 V/bt_stack( 8588): [VERBOSE1:btm_ble_gap.cc(1923)] btm_ble_process_ext_adv_pkt: bda=17:7e:29:ab:4e:d0
09-01 14:31:48.833 V/bt_stack( 8588): [VERBOSE1:btm_ble_gap.cc(1847)] btm_ble_process_adv_addr: bda=17:7e:29:ab:4e:d0
09-01 14:31:48.835 D/BluetoothUtils( 8588): blockedByLocationOff callingUid=1002
09-01 14:31:48.835 V/bt_stack( 8588): [VERBOSE1:btm_ble_gap.cc(1923)] btm_ble_process_ext_adv_pkt: bda=3b:30:35:17:9e:fe
09-01 14:31:48.835 V/bt_stack( 8588): [VERBOSE1:btm_ble_gap.cc(1847)] btm_ble_process_adv_addr: bda=3b:30:35:17:9e:fe
09-01 14:31:48.835 I/BluetoothUtils( 8588): packagename is android.uid.bluetooth:1002 ,and its permission is false
09-01 14:31:48.835 D/BluetoothUtils( 8588): blockedByLocationOff callingUid=1002
09-01 14:31:48.836 I/BluetoothUtils( 8588): packagename is android.uid.bluetooth:1002 ,and its permission is false
09-01 14:31:48.836 D/BluetoothUtils( 8588): blockedByLocationOff callingUid=1002
09-01 14:31:48.836 I/BluetoothUtils( 8588): packagename is android.uid.bluetooth:1002 ,and its permission is false
09-01 14:31:48.837 D/BluetoothUtils( 8588): blockedByLocationOff callingUid=1002
09-01 14:31:48.837 I/BluetoothUtils( 8588): packagename is android.uid.bluetooth:1002 ,and its permission is false
09-01 14:31:48.837 D/BluetoothUtils( 8588): blockedByLocationOff callingUid=1002
09-01 14:31:48.837 I/BluetoothUtils( 8588): packagename is android.uid.bluetooth:1002 ,and its permission is false
09-01 14:31:48.837 D/BluetoothUtils( 8588): blockedByLocationOff callingUid=1002
09-01 14:31:48.838 I/BluetoothUtils( 8588): packagename is android.uid.bluetooth:1002 ,and its permission is false
09-01 14:31:48.858 V/bt_stack( 8588): [VERBOSE1:btm_ble_gap.cc(1923)] btm_ble_process_ext_adv_pkt: bda=2e:17:70:f9:0b:48
09-01 14:31:48.858 V/bt_stack( 8588): [VERBOSE1:btm_ble_gap.cc(1847)] btm_ble_process_adv_addr: bda=2e:17:70:f9:0b:48
09-01 14:31:48.861 D/BluetoothUtils( 8588): blockedByLocationOff callingUid=1002
09-01 14:31:48.861 I/BluetoothUtils( 8588): packagename is android.uid.bluetooth:1002 ,and its permission is false
09-01 14:31:48.862 D/BluetoothUtils( 8588): blockedByLocationOff callingUid=1002
09-01 14:31:48.862 I/BluetoothUtils( 8588): packagename is android.uid.bluetooth:1002 ,and its permission is false
09-01 14:31:48.862 D/BluetoothUtils( 8588): blockedByLocationOff callingUid=1002
09-01 14:31:48.863 I/BluetoothUtils( 8588): packagename is android.uid.bluetooth:1002 ,and its permission is false
09-01 14:31:48.868 V/bt_stack( 8588): [VERBOSE1:btm_ble_gap.cc(1923)] btm_ble_process_ext_adv_pkt: bda=c2:3b:1c:22:11:66
09-01 14:31:48.868 V/bt_stack( 8588): [VERBOSE1:btm_ble_gap.cc(1847)] btm_ble_process_adv_addr: bda=c2:3b:1c:22:11:66
09-01 14:31:48.868 V/bt_stack( 8588): [VERBOSE1:btm_ble_gap.cc(2052)]  Waiting for scan response c2:3b:1c:22:11:66
09-01 14:31:48.868 V/bt_stack( 8588): [VERBOSE1:btm_ble_gap.cc(1923)] btm_ble_process_ext_adv_pkt: bda=c2:3b:1c:22:11:66
09-01 14:31:48.868 V/bt_stack( 8588): [VERBOSE1:btm_ble_gap.cc(1847)] btm_ble_process_adv_addr: bda=c2:3b:1c:22:11:66
09-01 14:31:48.870 V/bt_stack( 8588): [VERBOSE1:btm_ble_gap.cc(1923)] btm_ble_process_ext_adv_pkt: bda=38:f9:d3:45:87:1e
09-01 14:31:48.870 V/bt_stack( 8588): [VERBOSE1:btm_ble_gap.cc(1847)] btm_ble_process_adv_addr: bda=38:f9:d3:45:87:1e
09-01 14:31:48.870 V/bt_stack( 8588): [VERBOSE1:btm_ble_gap.cc(2052)]  Waiting for scan response 38:f9:d3:45:87:1e
09-01 14:31:48.870 V/bt_stack( 8588): [VERBOSE1:btm_ble_gap.cc(1923)] btm_ble_process_ext_adv_pkt: bda=38:f9:d3:45:87:1e
09-01 14:31:48.870 V/bt_stack( 8588): [VERBOSE1:btm_ble_gap.cc(1847)] btm_ble_process_adv_addr: bda=38:f9:d3:45:87:1e
09-01 14:31:48.870 D/BluetoothUtils( 8588): blockedByLocationOff callingUid=1002
09-01 14:31:48.871 I/BluetoothUtils( 8588): packagename is android.uid.bluetooth:1002 ,and its permission is false
09-01 14:31:48.871 D/BluetoothUtils( 8588): blockedByLocationOff callingUid=1002
09-01 14:31:48.871 I/BluetoothUtils( 8588): packagename is android.uid.bluetooth:1002 ,and its permission is false
09-01 14:31:48.871 D/BluetoothUtils( 8588): blockedByLocationOff callingUid=1002
09-01 14:31:48.872 I/BluetoothUtils( 8588): packagename is android.uid.bluetooth:1002 ,and its permission is false
09-01 14:31:48.872 D/BluetoothUtils( 8588): blockedByLocationOff callingUid=1002
09-01 14:31:48.872 I/BluetoothUtils( 8588): packagename is android.uid.bluetooth:1002 ,and its permission is false
09-01 14:31:48.873 D/BluetoothUtils( 8588): blockedByLocationOff callingUid=1002
09-01 14:31:48.873 I/BluetoothUtils( 8588): packagename is android.uid.bluetooth:1002 ,and its permission is false
09-01 14:31:48.873 D/BluetoothUtils( 8588): blockedByLocationOff callingUid=1002
09-01 14:31:48.873 I/BluetoothUtils( 8588): packagename is android.uid.bluetooth:1002 ,and its permission is false
09-01 14:31:48.885 V/bt_stack( 8588): [VERBOSE1:btm_ble_gap.cc(1923)] btm_ble_process_ext_adv_pkt: bda=19:ad:01:0d:ee:7c
09-01 14:31:48.885 V/bt_stack( 8588): [VERBOSE1:btm_ble_gap.cc(1847)] btm_ble_process_adv_addr: bda=19:ad:01:0d:ee:7c
09-01 14:31:48.887 D/BluetoothUtils( 8588): blockedByLocationOff callingUid=1002
09-01 14:31:48.888 I/BluetoothUtils( 8588): packagename is android.uid.bluetooth:1002 ,and its permission is false
09-01 14:31:48.888 D/BluetoothUtils( 8588): blockedByLocationOff callingUid=1002
09-01 14:31:48.888 I/BluetoothUtils( 8588): packagename is android.uid.bluetooth:1002 ,and its permission is false
09-01 14:31:48.888 D/BluetoothUtils( 8588): blockedByLocationOff callingUid=1002
09-01 14:31:48.889 I/BluetoothUtils( 8588): packagename is android.uid.bluetooth:1002 ,and its permission is false
09-01 14:31:48.909 V/bt_stack( 8588): [VERBOSE1:btm_ble_gap.cc(1923)] btm_ble_process_ext_adv_pkt: bda=63:e7:6b:57:ac:90
09-01 14:31:48.909 V/bt_stack( 8588): [VERBOSE1:btm_ble_gap.cc(1847)] btm_ble_process_adv_addr: bda=63:e7:6b:57:ac:90
09-01 14:31:48.909 V/bt_stack( 8588): [VERBOSE1:btm_ble_gap.cc(2052)]  Waiting for scan response 63:e7:6b:57:ac:90
09-01 14:31:48.909 V/bt_stack( 8588): [VERBOSE1:btm_ble_gap.cc(1923)] btm_ble_process_ext_adv_pkt: bda=63:e7:6b:57:ac:90
09-01 14:31:48.909 V/bt_stack( 8588): [VERBOSE1:btm_ble_gap.cc(1847)] btm_ble_process_adv_addr: bda=63:e7:6b:57:ac:90
09-01 14:31:48.912 D/BluetoothUtils( 8588): blockedByLocationOff callingUid=1002
09-01 14:31:48.912 I/BluetoothUtils( 8588): packagename is android.uid.bluetooth:1002 ,and its permission is false
09-01 14:31:48.913 D/BluetoothUtils( 8588): blockedByLocationOff callingUid=1002
09-01 14:31:48.913 I/BluetoothUtils( 8588): packagename is android.uid.bluetooth:1002 ,and its permission is false
09-01 14:31:48.913 D/BluetoothUtils( 8588): blockedByLocationOff callingUid=1002
09-01 14:31:48.914 I/BluetoothUtils( 8588): packagename is android.uid.bluetooth:1002 ,and its permission is false
09-01 14:31:48.914 V/bt_stack( 8588): [VERBOSE1:btm_ble_gap.cc(1923)] btm_ble_process_ext_adv_pkt: bda=0a:29:89:b7:c8:4a
09-01 14:31:48.915 V/bt_stack( 8588): [VERBOSE1:btm_ble_gap.cc(1847)] btm_ble_process_adv_addr: bda=0a:29:89:b7:c8:4a
09-01 14:31:48.916 V/bt_stack( 8588): [VERBOSE1:btm_ble_gap.cc(1923)] btm_ble_process_ext_adv_pkt: bda=e5:71:12:cc:be:d8
09-01 14:31:48.916 V/bt_stack( 8588): [VERBOSE1:btm_ble_gap.cc(1847)] btm_ble_process_adv_addr: bda=e5:71:12:cc:be:d8
09-01 14:31:48.917 V/bt_stack( 8588): [VERBOSE1:btm_ble_gap.cc(2052)]  Waiting for scan response e5:71:12:cc:be:d8
09-01 14:31:48.917 V/bt_stack( 8588): [VERBOSE1:btm_ble_gap.cc(1923)] btm_ble_process_ext_adv_pkt: bda=e5:71:12:cc:be:d8
09-01 14:31:48.917 V/bt_stack( 8588): [VERBOSE1:btm_ble_gap.cc(1847)] btm_ble_process_adv_addr: bda=e5:71:12:cc:be:d8
09-01 14:31:48.917 D/BluetoothUtils( 8588): blockedByLocationOff callingUid=1002
09-01 14:31:48.917 I/BluetoothUtils( 8588): packagename is android.uid.bluetooth:1002 ,and its permission is false
09-01 14:31:48.918 D/BluetoothUtils( 8588): blockedByLocationOff callingUid=1002
09-01 14:31:48.918 I/BluetoothUtils( 8588): packagename is android.uid.bluetooth:1002 ,and its permission is false
09-01 14:31:48.918 D/BluetoothUtils( 8588): blockedByLocationOff callingUid=1002
09-01 14:31:48.918 I/BluetoothUtils( 8588): packagename is android.uid.bluetooth:1002 ,and its permission is false
09-01 14:31:48.919 D/BluetoothUtils( 8588): blockedByLocationOff callingUid=1002
09-01 14:31:48.920 I/BluetoothUtils( 8588): packagename is android.uid.bluetooth:1002 ,and its permission is false
09-01 14:31:48.920 D/BluetoothUtils( 8588): blockedByLocationOff callingUid=1002
09-01 14:31:48.920 I/BluetoothUtils( 8588): packagename is android.uid.bluetooth:1002 ,and its permission is false
09-01 14:31:48.920 D/BluetoothUtils( 8588): blockedByLocationOff callingUid=1002
09-01 14:31:48.921 I/BluetoothUtils( 8588): packagename is android.uid.bluetooth:1002 ,and its permission is false
09-01 14:31:48.930 V/bt_stack( 8588): [VERBOSE1:btm_ble_gap.cc(1923)] btm_ble_process_ext_adv_pkt: bda=0b:95:8c:38:8d:43
09-01 14:31:48.930 V/bt_stack( 8588): [VERBOSE1:btm_ble_gap.cc(1847)] btm_ble_process_adv_addr: bda=0b:95:8c:38:8d:43
09-01 14:31:48.931 D/BluetoothUtils( 8588): blockedByLocationOff callingUid=1002
09-01 14:31:48.932 I/BluetoothUtils( 8588): packagename is android.uid.bluetooth:1002 ,and its permission is false
09-01 14:31:48.932 D/BluetoothUtils( 8588): blockedByLocationOff callingUid=1002
09-01 14:31:48.932 I/BluetoothUtils( 8588): packagename is android.uid.bluetooth:1002 ,and its permission is false
09-01 14:31:48.932 D/BluetoothUtils( 8588): blockedByLocationOff callingUid=1002
09-01 14:31:48.932 I/BluetoothUtils( 8588): packagename is android.uid.bluetooth:1002 ,and its permission is false
09-01 14:31:48.935 V/bt_stack( 8588): [VERBOSE1:btm_ble_gap.cc(1923)] btm_ble_process_ext_adv_pkt: bda=3b:30:35:17:9e:fe
09-01 14:31:48.935 V/bt_stack( 8588): [VERBOSE1:btm_ble_gap.cc(1847)] btm_ble_process_adv_addr: bda=3b:30:35:17:9e:fe
09-01 14:31:48.937 D/BluetoothUtils( 8588): blockedByLocationOff callingUid=1002
09-01 14:31:48.938 I/BluetoothUtils( 8588): packagename is android.uid.bluetooth:1002 ,and its permission is false
09-01 14:31:48.938 D/BluetoothUtils( 8588): blockedByLocationOff callingUid=1002
09-01 14:31:48.939 I/BluetoothUtils( 8588): packagename is android.uid.bluetooth:1002 ,and its permission is false
09-01 14:31:48.939 D/BluetoothUtils( 8588): blockedByLocationOff callingUid=1002
09-01 14:31:48.939 I/BluetoothUtils( 8588): packagename is android.uid.bluetooth:1002 ,and its permission is false
09-01 14:31:48.975 I/vendor.qti.bluetooth@1.0-ibs_handler(19843): ProcessIbsCmd: Received IBS_SLEEP_IND: 0xFE
09-01 14:31:48.975 D/vendor.qti.bluetooth@1.0-ibs_handler(19843): SerialClockVote: vote for UART CLK OFF
09-01 14:31:48.989 I/vendor.qti.bluetooth@1.0-ibs_handler(19843): ProcessIbsCmd: Received IBS_WAKE_IND: 0xFD
09-01 14:31:48.990 D/vendor.qti.bluetooth@1.0-ibs_handler(19843): SerialClockVote: vote for UART CLK ON
09-01 14:31:48.990 I/vendor.qti.bluetooth@1.0-ibs_handler(19843): ProcessIbsCmd: Writing IBS_WAKE_ACK
09-01 14:31:48.992 V/bt_stack( 8588): [VERBOSE1:btm_ble_gap.cc(1923)] btm_ble_process_ext_adv_pkt: bda=5d:4a:e1:72:21:47
09-01 14:31:48.992 V/bt_stack( 8588): [VERBOSE1:btm_ble_gap.cc(1847)] btm_ble_process_adv_addr: bda=5d:4a:e1:72:21:47
09-01 14:31:48.992 V/bt_stack( 8588): [VERBOSE1:btm_ble_gap.cc(2052)]  Waiting for scan response 5d:4a:e1:72:21:47
09-01 14:31:48.992 V/bt_stack( 8588): [VERBOSE1:btm_ble_gap.cc(1923)] btm_ble_process_ext_adv_pkt: bda=5d:4a:e1:72:21:47
09-01 14:31:48.992 V/bt_stack( 8588): [VERBOSE1:btm_ble_gap.cc(1847)] btm_ble_process_adv_addr: bda=5d:4a:e1:72:21:47
09-01 14:31:48.993 V/bt_stack( 8588): [VERBOSE1:btm_ble_gap.cc(1923)] btm_ble_process_ext_adv_pkt: bda=2c:e0:b3:78:83:e3
09-01 14:31:48.993 V/bt_stack( 8588): [VERBOSE1:btm_ble_gap.cc(1847)] btm_ble_process_adv_addr: bda=2c:e0:b3:78:83:e3
09-01 14:31:48.994 D/BluetoothUtils( 8588): blockedByLocationOff callingUid=1002
09-01 14:31:48.994 I/appium  ( 8902): channel read invoked!
09-01 14:31:48.994 I/BluetoothUtils( 8588): packagename is android.uid.bluetooth:1002 ,and its permission is false
09-01 14:31:48.995 I/appium  ( 8902): channel read: POST /wd/hub/session/ad6d0c78-5f6e-4b34-a966-5b7ce44708b4/element
09-01 14:31:48.995 D/BluetoothUtils( 8588): blockedByLocationOff callingUid=1002
09-01 14:31:48.995 I/BluetoothUtils( 8588): packagename is android.uid.bluetooth:1002 ,and its permission is false
09-01 14:31:48.995 D/BluetoothUtils( 8588): blockedByLocationOff callingUid=1002
09-01 14:31:48.995 I/BluetoothUtils( 8588): packagename is android.uid.bluetooth:1002 ,and its permission is false
09-01 14:31:48.996 D/BluetoothUtils( 8588): blockedByLocationOff callingUid=1002
09-01 14:31:48.997 I/BluetoothUtils( 8588): packagename is android.uid.bluetooth:1002 ,and its permission is false
09-01 14:31:48.997 D/BluetoothUtils( 8588): blockedByLocationOff callingUid=1002
09-01 14:31:48.997 I/BluetoothUtils( 8588): packagename is android.uid.bluetooth:1002 ,and its permission is false
09-01 14:31:48.997 D/BluetoothUtils( 8588): blockedByLocationOff callingUid=1002
09-01 14:31:48.997 V/bt_stack( 8588): [VERBOSE1:btm_ble_gap.cc(1923)] btm_ble_process_ext_adv_pkt: bda=36:c9:49:a0:b6:9d
09-01 14:31:48.997 I/BluetoothUtils( 8588): packagename is android.uid.bluetooth:1002 ,and its permission is false
09-01 14:31:48.997 V/bt_stack( 8588): [VERBOSE1:btm_ble_gap.cc(1847)] btm_ble_process_adv_addr: bda=36:c9:49:a0:b6:9d
09-01 14:31:48.997 I/appium  ( 8902): Find element command using 'id' with selector 'mine_add_device_bound'.
09-01 14:31:48.998 I/appium  ( 8902): Waiting up to 10000ms for device to be idle
09-01 14:31:48.999 D/BluetoothUtils( 8588): blockedByLocationOff callingUid=1002
09-01 14:31:49.000 V/bt_stack( 8588): [VERBOSE1:btm_ble_gap.cc(1923)] btm_ble_process_ext_adv_pkt: bda=6a:1a:31:28:a4:f8
09-01 14:31:49.000 V/bt_stack( 8588): [VERBOSE1:btm_ble_gap.cc(1847)] btm_ble_process_adv_addr: bda=6a:1a:31:28:a4:f8
09-01 14:31:49.000 I/BluetoothUtils( 8588): packagename is android.uid.bluetooth:1002 ,and its permission is false
09-01 14:31:49.000 D/BluetoothUtils( 8588): blockedByLocationOff callingUid=1002
09-01 14:31:49.000 I/BluetoothUtils( 8588): packagename is android.uid.bluetooth:1002 ,and its permission is false
09-01 14:31:49.000 D/BluetoothUtils( 8588): blockedByLocationOff callingUid=1002
09-01 14:31:49.001 I/BluetoothUtils( 8588): packagename is android.uid.bluetooth:1002 ,and its permission is false
09-01 14:31:49.001 D/BluetoothUtils( 8588): blockedByLocationOff callingUid=1002
09-01 14:31:49.002 I/BluetoothUtils( 8588): packagename is android.uid.bluetooth:1002 ,and its permission is false
09-01 14:31:49.002 D/BluetoothUtils( 8588): blockedByLocationOff callingUid=1002
09-01 14:31:49.002 I/BluetoothUtils( 8588): packagename is android.uid.bluetooth:1002 ,and its permission is false
09-01 14:31:49.002 D/BluetoothUtils( 8588): blockedByLocationOff callingUid=1002
09-01 14:31:49.003 I/BluetoothUtils( 8588): packagename is android.uid.bluetooth:1002 ,and its permission is false
09-01 14:31:49.020 V/bt_stack( 8588): [VERBOSE1:btm_ble_gap.cc(1923)] btm_ble_process_ext_adv_pkt: bda=0a:29:89:b7:c8:4a
09-01 14:31:49.020 V/bt_stack( 8588): [VERBOSE1:btm_ble_gap.cc(1847)] btm_ble_process_adv_addr: bda=0a:29:89:b7:c8:4a
09-01 14:31:49.022 D/BluetoothUtils( 8588): blockedByLocationOff callingUid=1002
09-01 14:31:49.023 I/BluetoothUtils( 8588): packagename is android.uid.bluetooth:1002 ,and its permission is false
09-01 14:31:49.023 D/BluetoothUtils( 8588): blockedByLocationOff callingUid=1002
09-01 14:31:49.023 I/BluetoothUtils( 8588): packagename is android.uid.bluetooth:1002 ,and its permission is false
09-01 14:31:49.024 D/BluetoothUtils( 8588): blockedByLocationOff callingUid=1002
09-01 14:31:49.024 I/BluetoothUtils( 8588): packagename is android.uid.bluetooth:1002 ,and its permission is false
09-01 14:31:49.033 V/bt_stack( 8588): [VERBOSE1:btm_ble_gap.cc(1923)] btm_ble_process_ext_adv_pkt: bda=dd:ea:7d:df:1e:c3
09-01 14:31:49.033 V/bt_stack( 8588): [VERBOSE1:btm_ble_gap.cc(1847)] btm_ble_process_adv_addr: bda=dd:ea:7d:df:1e:c3
09-01 14:31:49.033 V/bt_stack( 8588): [VERBOSE1:btm_ble_gap.cc(2052)]  Waiting for scan response dd:ea:7d:df:1e:c3
09-01 14:31:49.033 V/bt_stack( 8588): [VERBOSE1:btm_ble_gap.cc(1923)] btm_ble_process_ext_adv_pkt: bda=12:f7:c7:df:cb:b1
09-01 14:31:49.033 V/bt_stack( 8588): [VERBOSE1:btm_ble_gap.cc(1847)] btm_ble_process_adv_addr: bda=12:f7:c7:df:cb:b1
09-01 14:31:49.034 V/bt_stack( 8588): [VERBOSE1:btm_ble_gap.cc(1923)] btm_ble_process_ext_adv_pkt: bda=75:55:30:69:5d:bf
09-01 14:31:49.034 V/bt_stack( 8588): [VERBOSE1:btm_ble_gap.cc(1847)] btm_ble_process_adv_addr: bda=75:55:30:69:5d:bf
09-01 14:31:49.034 V/bt_stack( 8588): [VERBOSE1:btm_ble_gap.cc(2052)]  Waiting for scan response 75:55:30:69:5d:bf
09-01 14:31:49.034 V/bt_stack( 8588): [VERBOSE1:btm_ble_gap.cc(1923)] btm_ble_process_ext_adv_pkt: bda=75:55:30:69:5d:bf
09-01 14:31:49.034 V/bt_stack( 8588): [VERBOSE1:btm_ble_gap.cc(1847)] btm_ble_process_adv_addr: bda=75:55:30:69:5d:bf
09-01 14:31:49.035 D/BluetoothUtils( 8588): blockedByLocationOff callingUid=1002
09-01 14:31:49.036 I/BluetoothUtils( 8588): packagename is android.uid.bluetooth:1002 ,and its permission is false
09-01 14:31:49.036 D/BluetoothUtils( 8588): blockedByLocationOff callingUid=1002
09-01 14:31:49.036 I/BluetoothUtils( 8588): packagename is android.uid.bluetooth:1002 ,and its permission is false
09-01 14:31:49.036 D/BluetoothUtils( 8588): blockedByLocationOff callingUid=1002
09-01 14:31:49.037 I/BluetoothUtils( 8588): packagename is android.uid.bluetooth:1002 ,and its permission is false
09-01 14:31:49.037 D/BluetoothUtils( 8588): blockedByLocationOff callingUid=1002
09-01 14:31:49.038 I/BluetoothUtils( 8588): packagename is android.uid.bluetooth:1002 ,and its permission is false
09-01 14:31:49.038 D/BluetoothUtils( 8588): blockedByLocationOff callingUid=1002
09-01 14:31:49.038 I/BluetoothUtils( 8588): packagename is android.uid.bluetooth:1002 ,and its permission is false
09-01 14:31:49.038 D/BluetoothUtils( 8588): blockedByLocationOff callingUid=1002
09-01 14:31:49.039 I/BluetoothUtils( 8588): packagename is android.uid.bluetooth:1002 ,and its permission is false
09-01 14:31:49.051 V/bt_stack( 8588): [VERBOSE1:btm_ble_gap.cc(1923)] btm_ble_process_ext_adv_pkt: bda=06:fa:50:9b:39:c0
09-01 14:31:49.051 V/bt_stack( 8588): [VERBOSE1:btm_ble_gap.cc(1847)] btm_ble_process_adv_addr: bda=06:fa:50:9b:39:c0
09-01 14:31:49.053 D/BluetoothUtils( 8588): blockedByLocationOff callingUid=1002
09-01 14:31:49.054 I/BluetoothUtils( 8588): packagename is android.uid.bluetooth:1002 ,and its permission is false
09-01 14:31:49.054 D/BluetoothUtils( 8588): blockedByLocationOff callingUid=1002
09-01 14:31:49.055 I/BluetoothUtils( 8588): packagename is android.uid.bluetooth:1002 ,and its permission is false
09-01 14:31:49.055 D/BluetoothUtils( 8588): blockedByLocationOff callingUid=1002
09-01 14:31:49.055 I/BluetoothUtils( 8588): packagename is android.uid.bluetooth:1002 ,and its permission is false
09-01 14:31:49.058 V/bt_stack( 8588): [VERBOSE1:btm_ble_gap.cc(1923)] btm_ble_process_ext_adv_pkt: bda=38:f9:d3:45:87:1e
09-01 14:31:49.058 V/bt_stack( 8588): [VERBOSE1:btm_ble_gap.cc(1847)] btm_ble_process_adv_addr: bda=38:f9:d3:45:87:1e
09-01 14:31:49.058 V/bt_stack( 8588): [VERBOSE1:btm_ble_gap.cc(2052)]  Waiting for scan response 38:f9:d3:45:87:1e
09-01 14:31:49.058 V/bt_stack( 8588): [VERBOSE1:btm_ble_gap.cc(1923)] btm_ble_process_ext_adv_pkt: bda=38:f9:d3:45:87:1e
09-01 14:31:49.058 V/bt_stack( 8588): [VERBOSE1:btm_ble_gap.cc(1847)] btm_ble_process_adv_addr: bda=38:f9:d3:45:87:1e
09-01 14:31:49.060 D/BluetoothUtils( 8588): blockedByLocationOff callingUid=1002
09-01 14:31:49.060 I/BluetoothUtils( 8588): packagename is android.uid.bluetooth:1002 ,and its permission is false
09-01 14:31:49.061 D/BluetoothUtils( 8588): blockedByLocationOff callingUid=1002
09-01 14:31:49.061 I/BluetoothUtils( 8588): packagename is android.uid.bluetooth:1002 ,and its permission is false
09-01 14:31:49.061 D/BluetoothUtils( 8588): blockedByLocationOff callingUid=1002
09-01 14:31:49.062 I/BluetoothUtils( 8588): packagename is android.uid.bluetooth:1002 ,and its permission is false
09-01 14:31:49.062 V/bt_stack( 8588): [VERBOSE1:btm_ble_gap.cc(1923)] btm_ble_process_ext_adv_pkt: bda=66:db:a5:b4:54:91
09-01 14:31:49.062 V/bt_stack( 8588): [VERBOSE1:btm_ble_gap.cc(1847)] btm_ble_process_adv_addr: bda=66:db:a5:b4:54:91
09-01 14:31:49.062 V/bt_stack( 8588): [VERBOSE1:btm_ble_gap.cc(2052)]  Waiting for scan response 66:db:a5:b4:54:91
09-01 14:31:49.062 V/bt_stack( 8588): [VERBOSE1:btm_ble_gap.cc(1923)] btm_ble_process_ext_adv_pkt: bda=2e:17:70:f9:0b:48
09-01 14:31:49.062 V/bt_stack( 8588): [VERBOSE1:btm_ble_gap.cc(1847)] btm_ble_process_adv_addr: bda=2e:17:70:f9:0b:48
09-01 14:31:49.064 D/BluetoothUtils( 8588): blockedByLocationOff callingUid=1002
09-01 14:31:49.064 I/BluetoothUtils( 8588): packagename is android.uid.bluetooth:1002 ,and its permission is false
09-01 14:31:49.064 D/BluetoothUtils( 8588): blockedByLocationOff callingUid=1002
09-01 14:31:49.065 I/BluetoothUtils( 8588): packagename is android.uid.bluetooth:1002 ,and its permission is false
09-01 14:31:49.065 D/BluetoothUtils( 8588): blockedByLocationOff callingUid=1002
09-01 14:31:49.065 I/BluetoothUtils( 8588): packagename is android.uid.bluetooth:1002 ,and its permission is false
09-01 14:31:49.100 V/bt_stack( 8588): [VERBOSE1:btm_ble_gap.cc(1923)] btm_ble_process_ext_adv_pkt: bda=5a:fd:6c:e2:fe:ca
09-01 14:31:49.100 V/bt_stack( 8588): [VERBOSE1:btm_ble_gap.cc(1847)] btm_ble_process_adv_addr: bda=5a:fd:6c:e2:fe:ca
09-01 14:31:49.100 V/bt_stack( 8588): [VERBOSE1:btm_ble_gap.cc(2052)]  Waiting for scan response 5a:fd:6c:e2:fe:ca
09-01 14:31:49.100 V/bt_stack( 8588): [VERBOSE1:btm_ble_gap.cc(1923)] btm_ble_process_ext_adv_pkt: bda=17:be:83:99:5a:17
09-01 14:31:49.100 V/bt_stack( 8588): [VERBOSE1:btm_ble_gap.cc(1847)] btm_ble_process_adv_addr: bda=17:be:83:99:5a:17
09-01 14:31:49.103 D/BluetoothUtils( 8588): blockedByLocationOff callingUid=1002
09-01 14:31:49.104 I/BluetoothUtils( 8588): packagename is android.uid.bluetooth:1002 ,and its permission is false
09-01 14:31:49.104 D/BluetoothUtils( 8588): blockedByLocationOff callingUid=1002
09-01 14:31:49.104 I/BluetoothUtils( 8588): packagename is android.uid.bluetooth:1002 ,and its permission is false
09-01 14:31:49.104 D/BluetoothUtils( 8588): blockedByLocationOff callingUid=1002
09-01 14:31:49.105 I/BluetoothUtils( 8588): packagename is android.uid.bluetooth:1002 ,and its permission is false
09-01 14:31:49.108 V/bt_stack( 8588): [VERBOSE1:btm_ble_gap.cc(1923)] btm_ble_process_ext_adv_pkt: bda=6a:1a:31:28:a4:f8
09-01 14:31:49.108 V/bt_stack( 8588): [VERBOSE1:btm_ble_gap.cc(1847)] btm_ble_process_adv_addr: bda=6a:1a:31:28:a4:f8
09-01 14:31:49.110 D/BluetoothUtils( 8588): blockedByLocationOff callingUid=1002
09-01 14:31:49.110 I/BluetoothUtils( 8588): packagename is android.uid.bluetooth:1002 ,and its permission is false
09-01 14:31:49.110 D/BluetoothUtils( 8588): blockedByLocationOff callingUid=1002
09-01 14:31:49.111 I/BluetoothUtils( 8588): packagename is android.uid.bluetooth:1002 ,and its permission is false
09-01 14:31:49.111 D/BluetoothUtils( 8588): blockedByLocationOff callingUid=1002
09-01 14:31:49.111 I/BluetoothUtils( 8588): packagename is android.uid.bluetooth:1002 ,and its permission is false
09-01 14:31:49.118 D/WindowManager( 1639): Input focus has changed to Window{3d97aea u0 com.xiaomi.hm.health/com.xiaomi.hm.health.activity.FeedbackActivity}
09-01 14:31:49.120 E/InputDispatcher( 1639): Window handle Window{b183b45 u0 com.xiaomi.hm.health/com.xiaomi.hm.health.activity.FeedbackActivity} has no registered input channel
09-01 14:31:49.125 D/ActivityTrigger( 1639): ActivityTrigger activityPauseTrigger 
09-01 14:31:49.126 V/bt_stack( 8588): [VERBOSE1:btm_ble_gap.cc(1923)] btm_ble_process_ext_adv_pkt: bda=0a:29:89:b7:c8:4a
09-01 14:31:49.126 V/bt_stack( 8588): [VERBOSE1:btm_ble_gap.cc(1847)] btm_ble_process_adv_addr: bda=0a:29:89:b7:c8:4a
09-01 14:31:49.128 D/BluetoothUtils( 8588): blockedByLocationOff callingUid=1002
09-01 14:31:49.129 I/BluetoothUtils( 8588): packagename is android.uid.bluetooth:1002 ,and its permission is false
09-01 14:31:49.130 D/BluetoothUtils( 8588): blockedByLocationOff callingUid=1002
09-01 14:31:49.130 I/BluetoothUtils( 8588): packagename is android.uid.bluetooth:1002 ,and its permission is false
09-01 14:31:49.130 V/bt_stack( 8588): [VERBOSE1:btm_ble_gap.cc(1923)] btm_ble_process_ext_adv_pkt: bda=04:b0:56:de:30:bf
09-01 14:31:49.130 V/bt_stack( 8588): [VERBOSE1:btm_ble_gap.cc(1847)] btm_ble_process_adv_addr: bda=04:b0:56:de:30:bf
09-01 14:31:49.130 D/BluetoothUtils( 8588): blockedByLocationOff callingUid=1002
09-01 14:31:49.130 I/BluetoothUtils( 8588): packagename is android.uid.bluetooth:1002 ,and its permission is false
09-01 14:31:49.131 D/BluetoothUtils( 8588): blockedByLocationOff callingUid=1002
09-01 14:31:49.131 I/BluetoothUtils( 8588): packagename is android.uid.bluetooth:1002 ,and its permission is false
09-01 14:31:49.132 D/BluetoothUtils( 8588): blockedByLocationOff callingUid=1002
09-01 14:31:49.132 I/BluetoothUtils( 8588): packagename is android.uid.bluetooth:1002 ,and its permission is false
09-01 14:31:49.132 D/BluetoothUtils( 8588): blockedByLocationOff callingUid=1002
09-01 14:31:49.133 I/BluetoothUtils( 8588): packagename is android.uid.bluetooth:1002 ,and its permission is false
09-01 14:31:49.133 V/bt_stack( 8588): [VERBOSE1:btm_ble_gap.cc(1923)] btm_ble_process_ext_adv_pkt: bda=12:f7:c7:df:cb:b1
09-01 14:31:49.133 V/bt_stack( 8588): [VERBOSE1:btm_ble_gap.cc(1847)] btm_ble_process_adv_addr: bda=12:f7:c7:df:cb:b1
09-01 14:31:49.134 D/BluetoothUtils( 8588): blockedByLocationOff callingUid=1002
09-01 14:31:49.135 I/BluetoothUtils( 8588): packagename is android.uid.bluetooth:1002 ,and its permission is false
09-01 14:31:49.136 D/BluetoothUtils( 8588): blockedByLocationOff callingUid=1002
09-01 14:31:49.136 E/InputDispatcher( 1639): Window handle Window{b183b45 u0 com.xiaomi.hm.health/com.xiaomi.hm.health.activity.FeedbackActivity} has no registered input channel
09-01 14:31:49.136 V/bt_stack( 8588): [VERBOSE1:btm_ble_gap.cc(1923)] btm_ble_process_ext_adv_pkt: bda=0b:95:8c:38:8d:43
09-01 14:31:49.136 V/bt_stack( 8588): [VERBOSE1:btm_ble_gap.cc(1847)] btm_ble_process_adv_addr: bda=0b:95:8c:38:8d:43
09-01 14:31:49.137 I/BluetoothUtils( 8588): packagename is android.uid.bluetooth:1002 ,and its permission is false
09-01 14:31:49.138 D/BluetoothUtils( 8588): blockedByLocationOff callingUid=1002
09-01 14:31:49.138 I/BluetoothUtils( 8588): packagename is android.uid.bluetooth:1002 ,and its permission is false
09-01 14:31:49.139 D/BluetoothUtils( 8588): blockedByLocationOff callingUid=1002
09-01 14:31:49.139 I/BluetoothUtils( 8588): packagename is android.uid.bluetooth:1002 ,and its permission is false
09-01 14:31:49.139 D/BluetoothUtils( 8588): blockedByLocationOff callingUid=1002
09-01 14:31:49.140 I/BluetoothUtils( 8588): packagename is android.uid.bluetooth:1002 ,and its permission is false
09-01 14:31:49.140 D/BluetoothUtils( 8588): blockedByLocationOff callingUid=1002
09-01 14:31:49.140 I/BluetoothUtils( 8588): packagename is android.uid.bluetooth:1002 ,and its permission is false
09-01 14:31:49.141 D/WindowManager( 1639): Input focus has changed to null
09-01 14:31:49.143 V/bt_stack( 8588): [VERBOSE1:btm_ble_gap.cc(1923)] btm_ble_process_ext_adv_pkt: bda=2a:1b:52:ac:62:5d
09-01 14:31:49.143 V/bt_stack( 8588): [VERBOSE1:btm_ble_gap.cc(1847)] btm_ble_process_adv_addr: bda=2a:1b:52:ac:62:5d
09-01 14:31:49.144 D/BluetoothUtils( 8588): blockedByLocationOff callingUid=1002
09-01 14:31:49.144 I/BluetoothUtils( 8588): packagename is android.uid.bluetooth:1002 ,and its permission is false
09-01 14:31:49.144 D/BluetoothUtils( 8588): blockedByLocationOff callingUid=1002
09-01 14:31:49.144 I/BluetoothUtils( 8588): packagename is android.uid.bluetooth:1002 ,and its permission is false
09-01 14:31:49.144 D/BluetoothUtils( 8588): blockedByLocationOff callingUid=1002
09-01 14:31:49.145 I/BluetoothUtils( 8588): packagename is android.uid.bluetooth:1002 ,and its permission is false
09-01 14:31:49.145 I/Timeline( 1639): Timeline: App_transition_ready time:211475162
09-01 14:31:49.148 V/bt_stack( 8588): [VERBOSE1:btm_ble_gap.cc(1923)] btm_ble_process_ext_adv_pkt: bda=17:7e:29:ab:4e:d0
09-01 14:31:49.148 V/bt_stack( 8588): [VERBOSE1:btm_ble_gap.cc(1847)] btm_ble_process_adv_addr: bda=17:7e:29:ab:4e:d0
09-01 14:31:49.149 D/BluetoothUtils( 8588): blockedByLocationOff callingUid=1002
09-01 14:31:49.150 I/BluetoothUtils( 8588): packagename is android.uid.bluetooth:1002 ,and its permission is false
09-01 14:31:49.150 D/BluetoothUtils( 8588): blockedByLocationOff callingUid=1002
09-01 14:31:49.150 I/BluetoothUtils( 8588): packagename is android.uid.bluetooth:1002 ,and its permission is false
09-01 14:31:49.150 D/BluetoothUtils( 8588): blockedByLocationOff callingUid=1002
09-01 14:31:49.151 I/BluetoothUtils( 8588): packagename is android.uid.bluetooth:1002 ,and its permission is false
09-01 14:31:49.151 V/bt_stack( 8588): [VERBOSE1:btm_ble_gap.cc(1923)] btm_ble_process_ext_adv_pkt: bda=56:23:e7:94:9e:a9
09-01 14:31:49.151 V/bt_stack( 8588): [VERBOSE1:btm_ble_gap.cc(1847)] btm_ble_process_adv_addr: bda=56:23:e7:94:9e:a9
09-01 14:31:49.151 V/bt_stack( 8588): [VERBOSE1:btm_ble_gap.cc(2052)]  Waiting for scan response 56:23:e7:94:9e:a9
09-01 14:31:49.154 D/Event   ( 8957): No subscribers registered for event class com.xiaomi.hm.health.O0000o00.O000OOo0
09-01 14:31:49.154 D/Event   ( 8957): No subscribers registered for event class O00000Oo.O000000o.O000000o.O0000Oo0
09-01 14:31:49.154 V/bt_stack( 8588): [VERBOSE1:btm_ble_gap.cc(1923)] btm_ble_process_ext_adv_pkt: bda=18:81:0e:e0:a8:6d
09-01 14:31:49.154 V/bt_stack( 8588): [VERBOSE1:btm_ble_gap.cc(1847)] btm_ble_process_adv_addr: bda=18:81:0e:e0:a8:6d
09-01 14:31:49.155 V/bt_stack( 8588): [VERBOSE1:btm_ble_gap.cc(2052)]  Waiting for scan response 18:81:0e:e0:a8:6d
09-01 14:31:49.159 W/AsyncHttpResponse( 8957): Current thread has not called Looper.prepare().Forcing synchronous mode
09-01 14:31:49.164 V/bt_stack( 8588): [VERBOSE1:btm_ble_gap.cc(1923)] btm_ble_process_ext_adv_pkt: bda=44:73:b6:51:63:17
09-01 14:31:49.164 V/bt_stack( 8588): [VERBOSE1:btm_ble_gap.cc(1847)] btm_ble_process_adv_addr: bda=44:73:b6:51:63:17
09-01 14:31:49.164 V/bt_stack( 8588): [VERBOSE1:btm_ble_gap.cc(2052)]  Waiting for scan response 44:73:b6:51:63:17
09-01 14:31:49.165 V/bt_stack( 8588): [VERBOSE1:btm_ble_gap.cc(1923)] btm_ble_process_ext_adv_pkt: bda=66:3e:07:e0:2b:d4
09-01 14:31:49.165 V/bt_stack( 8588): [VERBOSE1:btm_ble_gap.cc(1847)] btm_ble_process_adv_addr: bda=66:3e:07:e0:2b:d4
09-01 14:31:49.165 V/bt_stack( 8588): [VERBOSE1:btm_ble_gap.cc(2052)]  Waiting for scan response 66:3e:07:e0:2b:d4
09-01 14:31:49.165 V/bt_stack( 8588): [VERBOSE1:btm_ble_gap.cc(1923)] btm_ble_process_ext_adv_pkt: bda=66:3e:07:e0:2b:d4
09-01 14:31:49.165 V/bt_stack( 8588): [VERBOSE1:btm_ble_gap.cc(1847)] btm_ble_process_adv_addr: bda=66:3e:07:e0:2b:d4
09-01 14:31:49.168 W/AsyncHttpResponse( 8957): Current thread has not called Looper.prepare().Forcing synchronous mode
09-01 14:31:49.170 D/BluetoothUtils( 8588): blockedByLocationOff callingUid=1002
09-01 14:31:49.170 I/BluetoothUtils( 8588): packagename is android.uid.bluetooth:1002 ,and its permission is false
09-01 14:31:49.170 D/BluetoothUtils( 8588): blockedByLocationOff callingUid=1002
09-01 14:31:49.170 I/BluetoothUtils( 8588): packagename is android.uid.bluetooth:1002 ,and its permission is false
09-01 14:31:49.171 D/BluetoothUtils( 8588): blockedByLocationOff callingUid=1002
09-01 14:31:49.171 I/BluetoothUtils( 8588): packagename is android.uid.bluetooth:1002 ,and its permission is false
09-01 14:31:49.177 V/bt_stack( 8588): [VERBOSE1:btm_ble_gap.cc(1923)] btm_ble_process_ext_adv_pkt: bda=07:e4:7f:b4:5f:d9
09-01 14:31:49.177 V/bt_stack( 8588): [VERBOSE1:btm_ble_gap.cc(1847)] btm_ble_process_adv_addr: bda=07:e4:7f:b4:5f:d9
09-01 14:31:49.178 D/BluetoothUtils( 8588): blockedByLocationOff callingUid=1002
09-01 14:31:49.179 I/BluetoothUtils( 8588): packagename is android.uid.bluetooth:1002 ,and its permission is false
09-01 14:31:49.179 D/BluetoothUtils( 8588): blockedByLocationOff callingUid=1002
09-01 14:31:49.180 V/bt_stack( 8588): [VERBOSE1:btm_ble_gap.cc(1923)] btm_ble_process_ext_adv_pkt: bda=63:e7:6b:57:ac:90
09-01 14:31:49.180 V/bt_stack( 8588): [VERBOSE1:btm_ble_gap.cc(1847)] btm_ble_process_adv_addr: bda=63:e7:6b:57:ac:90
09-01 14:31:49.180 V/bt_stack( 8588): [VERBOSE1:btm_ble_gap.cc(2052)]  Waiting for scan response 63:e7:6b:57:ac:90
09-01 14:31:49.180 I/BluetoothUtils( 8588): packagename is android.uid.bluetooth:1002 ,and its permission is false
09-01 14:31:49.180 D/BluetoothUtils( 8588): blockedByLocationOff callingUid=1002
09-01 14:31:49.181 D/BluetoothAdapter( 8957): stopLeScan()
09-01 14:31:49.181 V/bt_stack( 8588): [VERBOSE1:btm_ble_gap.cc(1923)] btm_ble_process_ext_adv_pkt: bda=63:e7:6b:57:ac:90
09-01 14:31:49.181 V/bt_stack( 8588): [VERBOSE1:btm_ble_gap.cc(1847)] btm_ble_process_adv_addr: bda=63:e7:6b:57:ac:90
09-01 14:31:49.181 I/BluetoothUtils( 8588): packagename is android.uid.bluetooth:1002 ,and its permission is false
09-01 14:31:49.182 D/BluetoothAdapter( 8957): isLeEnabled(): ON
09-01 14:31:49.182 D/BluetoothUtils( 8588): blockedByLocationOff callingUid=1002
09-01 14:31:49.182 D/BtGatt.GattService( 8588): stopScan() - queue size =3
09-01 14:31:49.182 I/BluetoothUtils( 8588): packagename is android.uid.bluetooth:1002 ,and its permission is false
09-01 14:31:49.182 I/BtGatt.ScanManager( 8588): msg.what = 1
09-01 14:31:49.183 D/BtGatt.GattService( 8588): unregisterScanner() - scannerId=18
09-01 14:31:49.183 D/BluetoothUtils( 8588): blockedByLocationOff callingUid=1002
09-01 14:31:49.183 V/bt_stack( 8588): [VERBOSE1:gatt_api.cc(1000)] GATT_Deregister gatt_if=18
09-01 14:31:49.183 V/bt_stack( 8588): [VERBOSE1:gatt_main.cc(1079)] gatt_get_ch_state: ch_state=4
09-01 14:31:49.183 V/bt_stack( 8588): [VERBOSE1:gatt_main.cc(307)] gatt_is_app_holding_linkgatt_if= 18not found;
09-01 14:31:49.183 V/bt_stack( 8588): [VERBOSE1:gatt_main.cc(359)] gatt_update_app_use_link_flag: is_add=0 chk_link=1
09-01 14:31:49.183 V/bt_stack( 8588): [VERBOSE1:gatt_main.cc(325)] gatt_update_app_hold_link_status
09-01 14:31:49.183 V/bt_stack( 8588): [VERBOSE1:gatt_main.cc(338)] attempt to remove nonexisting gatt_if=18
09-01 14:31:49.183 I/BluetoothUtils( 8588): packagename is android.uid.bluetooth:1002 ,and its permission is false
09-01 14:31:49.183 I/vendor.qti.bluetooth@1.0-ibs_handler(19843): DeviceWakeUp: Writing IBS_WAKE_IND
09-01 14:31:49.183 V/bt_stack( 8588): [VERBOSE1:connection_manager.cc(161)] on_app_deregistered : app_id 0x12
09-01 14:31:49.183 D/BluetoothUtils( 8588): blockedByLocationOff callingUid=1002
09-01 14:31:49.184 I/BluetoothUtils( 8588): packagename is android.uid.bluetooth:1002 ,and its permission is false
09-01 14:31:49.184 I/vendor.qti.bluetooth@1.0-ibs_handler(19843): ProcessIbsCmd: Received IBS_WAKE_ACK: 0xFC
09-01 14:31:49.184 D/PowerKeeperPolicy( 1639): stopLeScan: BleScanWrapper[mClientIf = 18 mPendingIntent=null] uid=10241BleScanWrapper[mClientIf = 18 mPendingIntent=null]
09-01 14:31:49.185 D/BluetoothAdapter( 8957): startLeScan(): null
09-01 14:31:49.185 D/BluetoothAdapter( 8957): isLeEnabled(): ON
09-01 14:31:49.186 D/BtGatt.GattService( 8588): registerScanner() - UUID=a5112575-6326-4cbc-ab5f-d0cfcf2fde15
09-01 14:31:49.186 V/bt_stack( 8588): [VERBOSE1:bta_gattc_act.cc(175)] bta_gattc_register: state:2
09-01 14:31:49.186 I/bt_stack( 8588): [INFO:gatt_api.cc(957)] GATT_Register 39658a50-9ece-91bd-ad2a-87d23d708174
09-01 14:31:49.186 I/bt_stack( 8588): [INFO:gatt_api.cc(977)] allocated gatt_if=18
09-01 14:31:49.187 V/bt_stack( 8588): [VERBOSE1:gatt_api.cc(1087)] GATT_StartIf gatt_if=18
09-01 14:31:49.187 V/bt_stack( 8588): [VERBOSE1:gatt_utils.cc(254)] gatt_find_the_connected_bda start_idx=0
09-01 14:31:49.187 V/bt_stack( 8588): [VERBOSE1:gatt_utils.cc(262)]  bda :c3:d4:f4:e3:11:ec
09-01 14:31:49.187 V/bt_stack( 8588): [VERBOSE1:gatt_utils.cc(266)]  found=1 found_idx=0
09-01 14:31:49.187 V/bt_stack( 8588): [VERBOSE1:gatt_utils.cc(254)] gatt_find_the_connected_bda start_idx=1
09-01 14:31:49.187 D/BtGatt.GattService( 8588): onScannerRegistered() - UUID=a5112575-6326-4cbc-ab5f-d0cfcf2fde15, scannerId=18, status=0
09-01 14:31:49.187 V/bt_stack( 8588): [VERBOSE1:gatt_utils.cc(266)]  found=0 found_idx=10
09-01 14:31:49.187 V/bt_stack( 8588): [VERBOSE1:bta_gattc_main.cc(361)] bta_gattc_hdl_event: Event:BTA_GATTC_INT_CONN_EVT
09-01 14:31:49.187 D/BtGatt.GattService( 8588): onScanFilterParamsConfigured() - clientIf=18, status=0, action=1, availableSpace=11
09-01 14:31:49.187 V/bt_stack( 8588): [VERBOSE1:bta_gattc_main.cc(385)] Ignore unknown conn ID: 18
09-01 14:31:49.187 D/BtGatt.ScanManager( 8588): callback done for scannerId - 18 status - 0
09-01 14:31:49.187 D/BluetoothLeScanner( 8957): onScannerRegistered() - status=0 scannerId=18 mScannerId=0
09-01 14:31:49.187 D/BtGatt.ScanManager( 8588): configureRegularScanParams() - queue=2
09-01 14:31:49.187 D/BtGatt.ScanManager( 8588): configureRegularScanParams() - ScanSetting LE 1M Scan mode=0ScanSetting LE Coded Scan mode=0 mLastConfiguredScanSettingLE1M=2 mLastConfiguredScanSettingLECoded=2scanPhy=255
09-01 14:31:49.188 D/BtGatt.ScanManager( 8588): configureRegularScanParams - scanInterval LE 1M = 1500configureRegularScanParams - scanWindow LE 1M= 150configureRegularScanParams - scanInterval LE Coded= 1500configureRegularScanParams - scanWindow LE Coded= 150
09-01 14:31:49.188 D/PowerKeeperPolicy( 1639): isLeScanAllowed: uid = 10241, allow = true
09-01 14:31:49.188 D/BtGatt.GattService( 8588): start scan with filters. callingPackage: com.xiaomi.hm.health
09-01 14:31:49.188 D/BtGatt.GattService( 8588): onScanParamSetupCompleted : 0
09-01 14:31:49.189 D/BluetoothUtils( 8588): blockedByLocationOff callingUid=10241
09-01 14:31:49.189 I/BluetoothUtils( 8588): packagename is com.xiaomi.hm.health ,and its permission is false
09-01 14:31:49.191 I/BtGatt.ScanManager( 8588): msg.what = 0
09-01 14:31:49.191 D/BtGatt.ScanManager( 8588): handling starting scan
09-01 14:31:49.192 D/BtGatt.ScanManager( 8588): isAptXLowLatencyModeEnabled: false
09-01 14:31:49.192 D/PowerKeeperPolicy( 1639): startLeScan: BleScanWrapper[mClientIf = 18 mPendingIntent=null] uid=10241
09-01 14:31:49.192 D/PowerKeeperPolicy( 1639): uid = 10241 setAllowed, allowed = true
09-01 14:31:49.192 D/PowerKeeperPolicy( 1639): uid = 10241 setScanning, scanning = true
09-01 14:31:49.192 D/PowerKeeperPolicy( 1639): startLeScan, uid = 10241 is scanning
09-01 14:31:49.201 D/RecentsImpl( 7676): mActivityStateObserver com.xiaomi.hm.health.activity.MainTabActivity
09-01 14:31:49.203 D/BtGatt.GattService( 8588): onScanFilterEnableDisabled() - clientIf=18, status=0, action=1
09-01 14:31:49.203 D/BtGatt.ScanManager( 8588): callback done for scannerId - 18 status - 0
09-01 14:31:49.204 D/BtGatt.ScanManager( 8588): configureFilterParamter 500 10000 1 0, deliveryMode=0
09-01 14:31:49.206 D/BtGatt.GattService( 8588): onScanFilterParamsConfigured() - clientIf=18, status=0, action=0, availableSpace=10
09-01 14:31:49.206 D/BtGatt.ScanManager( 8588): callback done for scannerId - 18 status - 0
09-01 14:31:49.206 D/BtGatt.ScanManager( 8588): configureRegularScanParams() - queue=3
09-01 14:31:49.206 D/BtGatt.ScanManager( 8588): configureRegularScanParams() - ScanSetting LE 1M Scan mode=2ScanSetting LE Coded Scan mode=2 mLastConfiguredScanSettingLE1M=0 mLastConfiguredScanSettingLECoded=0scanPhy=255
09-01 14:31:49.206 D/BtGatt.ScanManager( 8588): configureRegularScanParams - scanInterval LE 1M = 4096configureRegularScanParams - scanWindow LE 1M= 4096configureRegularScanParams - scanInterval LE Coded= 4096configureRegularScanParams - scanWindow LE Coded= 4096
09-01 14:31:49.206 D/BtGatt.GattService( 8588): onScanParamSetupCompleted : 0
09-01 14:31:49.211 V/AsyncHttpResponse( 8957): Progress 315 from 315 (100%)
09-01 14:31:49.211 V/AsyncHttpResponse( 8957): Progress 117 from 117 (100%)
09-01 14:31:49.215 I/Timeline( 1639): Timeline: App_transition_ready time:211475232
09-01 14:31:49.215 D/WindowManager( 1639): Input focus has changed to Window{ba42959 u0 com.xiaomi.hm.health/com.xiaomi.hm.health.activity.MainTabActivity}
09-01 14:31:49.222 V/bt_stack( 8588): [VERBOSE1:btm_ble_gap.cc(1923)] btm_ble_process_ext_adv_pkt: bda=2d:8f:df:c2:a9:d4
09-01 14:31:49.222 V/bt_stack( 8588): [VERBOSE1:btm_ble_gap.cc(1847)] btm_ble_process_adv_addr: bda=2d:8f:df:c2:a9:d4
09-01 14:31:49.223 D/[Koin]  ( 8957): +- get 'com.huami.femalehealth.uilib.O00000o0.O0000Oo'
09-01 14:31:49.223 D/BluetoothUtils( 8588): blockedByLocationOff callingUid=1002
09-01 14:31:49.223 D/[Koin]  ( 8957): | create instance for [type:Factory,primary_type:'com.huami.femalehealth.uilib.O00000o0.O0000Oo']
09-01 14:31:49.223 D/[Koin]  ( 8957): +- get 'com.huami.femalehealth.logiclib.O00000oO.O00oOooO'
09-01 14:31:49.224 D/[Koin]  ( 8957): +- got 'com.huami.femalehealth.logiclib.O00000oO.O00oOooO' in 0.008854 ms
09-01 14:31:49.224 D/[Koin]  ( 8957): +- get 'com.huami.femalehealth.logiclib.O0000O0o.O00000o'
09-01 14:31:49.224 D/[Koin]  ( 8957): | create instance for [type:Factory,primary_type:'com.huami.femalehealth.logiclib.O0000O0o.O00000o']
09-01 14:31:49.224 D/[Koin]  ( 8957): +- get 'com.huami.femalehealth.logiclib.O00000oO.O0000O0o'
09-01 14:31:49.224 D/[Koin]  ( 8957): +- got 'com.huami.femalehealth.logiclib.O00000oO.O0000O0o' in 0.003438 ms
09-01 14:31:49.224 D/[Koin]  ( 8957): +- get 'com.huami.femalehealth.logiclib.O000000o.O00000Oo'
09-01 14:31:49.224 D/[Koin]  ( 8957): +- got 'com.huami.femalehealth.logiclib.O000000o.O00000Oo' in 0.003386 ms
09-01 14:31:49.224 D/[Koin]  ( 8957): +- get 'com.huami.femalehealth.logiclib.db.FemaleHealthDb'
09-01 14:31:49.224 D/[Koin]  ( 8957): +- got 'com.huami.femalehealth.logiclib.db.FemaleHealthDb' in 0.002292 ms
09-01 14:31:49.224 D/[Koin]  ( 8957): +- get 'com.huami.femalehealth.logiclib.O00000Oo.O00000o'
09-01 14:31:49.224 D/[Koin]  ( 8957): | create instance for [type:Factory,primary_type:'com.huami.femalehealth.logiclib.O00000Oo.O00000o']
09-01 14:31:49.224 D/[Koin]  ( 8957): +- get 'com.huami.femalehealth.logiclib.O00000oO.O0000O0o'
09-01 14:31:49.224 D/[Koin]  ( 8957): +- got 'com.huami.femalehealth.logiclib.O00000oO.O0000O0o' in 0.002917 ms
09-01 14:31:49.224 D/[Koin]  ( 8957): +- get 'com.huami.femalehealth.logiclib.O000000o.O00000Oo'
09-01 14:31:49.224 D/[Koin]  ( 8957): +- got 'com.huami.femalehealth.logiclib.O000000o.O00000Oo' in 0.002395 ms
09-01 14:31:49.224 D/[Koin]  ( 8957): +- get 'com.huami.femalehealth.logiclib.db.FemaleHealthDb'
