09-01 14:25:08.550 I/BluetoothUtils( 8588): packagename is android.uid.bluetooth:1002 ,and its permission is false
09-01 14:25:08.550 D/BluetoothUtils( 8588): blockedByLocationOff callingUid=1002
09-01 14:25:08.550 V/bt_stack( 8588): [VERBOSE1:btm_ble_gap.cc(1923)] btm_ble_process_ext_adv_pkt: bda=25:5e:6a:5a:81:28
09-01 14:25:08.551 I/BluetoothUtils( 8588): packagename is android.uid.bluetooth:1002 ,and its permission is false
09-01 14:25:08.551 V/bt_stack( 8588): [VERBOSE1:btm_ble_gap.cc(1847)] btm_ble_process_adv_addr: bda=25:5e:6a:5a:81:28
09-01 14:25:08.551 D/BluetoothUtils( 8588): blockedByLocationOff callingUid=1002
09-01 14:25:08.552 I/BluetoothUtils( 8588): packagename is android.uid.bluetooth:1002 ,and its permission is false
09-01 14:25:08.552 D/BluetoothUtils( 8588): blockedByLocationOff callingUid=1002
09-01 14:25:08.552 I/BluetoothUtils( 8588): packagename is android.uid.bluetooth:1002 ,and its permission is false
09-01 14:25:08.552 D/BluetoothUtils( 8588): blockedByLocationOff callingUid=1002
09-01 14:25:08.552 I/BluetoothUtils( 8588): packagename is android.uid.bluetooth:1002 ,and its permission is false
09-01 14:25:08.563 V/bt_stack( 8588): [VERBOSE1:btm_ble_gap.cc(1923)] btm_ble_process_ext_adv_pkt: bda=0c:1a:06:0e:96:57
09-01 14:25:08.563 V/bt_stack( 8588): [VERBOSE1:btm_ble_gap.cc(1847)] btm_ble_process_adv_addr: bda=0c:1a:06:0e:96:57
09-01 14:25:08.564 D/BluetoothUtils( 8588): blockedByLocationOff callingUid=1002
09-01 14:25:08.565 I/BluetoothUtils( 8588): packagename is android.uid.bluetooth:1002 ,and its permission is false
09-01 14:25:08.565 D/BluetoothUtils( 8588): blockedByLocationOff callingUid=1002
09-01 14:25:08.565 V/bt_stack( 8588): [VERBOSE1:btm_ble_gap.cc(1923)] btm_ble_process_ext_adv_pkt: bda=77:70:e9:20:dc:cd
09-01 14:25:08.565 V/bt_stack( 8588): [VERBOSE1:btm_ble_gap.cc(1847)] btm_ble_process_adv_addr: bda=77:70:e9:20:dc:cd
09-01 14:25:08.565 I/BluetoothUtils( 8588): packagename is android.uid.bluetooth:1002 ,and its permission is false
09-01 14:25:08.565 D/BluetoothUtils( 8588): blockedByLocationOff callingUid=1002
09-01 14:25:08.565 I/BluetoothUtils( 8588): packagename is android.uid.bluetooth:1002 ,and its permission is false
09-01 14:25:08.566 D/BluetoothUtils( 8588): blockedByLocationOff callingUid=1002
09-01 14:25:08.567 I/BluetoothUtils( 8588): packagename is android.uid.bluetooth:1002 ,and its permission is false
09-01 14:25:08.567 D/BluetoothUtils( 8588): blockedByLocationOff callingUid=1002
09-01 14:25:08.567 I/BluetoothUtils( 8588): packagename is android.uid.bluetooth:1002 ,and its permission is false
09-01 14:25:08.567 D/BluetoothUtils( 8588): blockedByLocationOff callingUid=1002
09-01 14:25:08.567 I/BluetoothUtils( 8588): packagename is android.uid.bluetooth:1002 ,and its permission is false
09-01 14:25:08.573 I/appium  ( 4037): Waiting up to 10000ms for device to be idle
09-01 14:25:08.574 D/ActivityTrigger( 1639): ActivityTrigger activityPauseTrigger 
09-01 14:25:08.575 I/appium  ( 4037): AppiumResponse: {"sessionId":"f0ce778c-9a08-42fe-b827-2bc440618298","value":null}
09-01 14:25:08.582 W/AsyncHttpResponse( 4088): Current thread has not called Looper.prepare().Forcing synchronous mode
09-01 14:25:08.589 I/DeviceCenter( 4088): pause band source:VDEVICE, shoe source:VDEVICE
09-01 14:25:08.590 V/bt_stack( 8588): [VERBOSE1:btm_ble_gap.cc(1923)] btm_ble_process_ext_adv_pkt: bda=7a:5d:64:2b:34:77
09-01 14:25:08.590 V/bt_stack( 8588): [VERBOSE1:btm_ble_gap.cc(1847)] btm_ble_process_adv_addr: bda=7a:5d:64:2b:34:77
09-01 14:25:08.590 V/bt_stack( 8588): [VERBOSE1:btm_ble_gap.cc(2052)]  Waiting for scan response 7a:5d:64:2b:34:77
09-01 14:25:08.590 V/bt_stack( 8588): [VERBOSE1:btm_ble_gap.cc(1923)] btm_ble_process_ext_adv_pkt: bda=59:bb:67:f0:94:3c
09-01 14:25:08.590 V/bt_stack( 8588): [VERBOSE1:btm_ble_gap.cc(1847)] btm_ble_process_adv_addr: bda=59:bb:67:f0:94:3c
09-01 14:25:08.580 W/perf@2.0-servic(  809): type=1400 audit(0.0:63547): avc: denied { search } for name="1639" dev="proc" ino=35541 scontext=u:r:hal_perf_default:s0 tcontext=u:r:system_server:s0 tclass=dir permissive=0
09-01 14:25:08.580 W/perf@2.0-servic(  809): type=1400 audit(0.0:63548): avc: denied { search } for name="1639" dev="proc" ino=35541 scontext=u:r:hal_perf_default:s0 tcontext=u:r:system_server:s0 tclass=dir permissive=0
09-01 14:25:08.592 D/EventBus(29730): [29730, u0] send(AppTransitionFinishedEvent)
09-01 14:25:08.592 D/EventBus(29730): [29730, u0]  -> ForcedResizableInfoActivityController [0xc4c1163, P1] onBusEvent(AppTransitionFinishedEvent)
09-01 14:25:08.592 D/EventBus(29730): [29730, u0] onBusEvent(AppTransitionFinishedEvent) duration: 20 microseconds, avg: 39
09-01 14:25:08.594 D/BluetoothUtils( 8588): blockedByLocationOff callingUid=1002
09-01 14:25:08.594 I/BluetoothUtils( 8588): packagename is android.uid.bluetooth:1002 ,and its permission is false
09-01 14:25:08.594 D/BluetoothUtils( 8588): blockedByLocationOff callingUid=1002
09-01 14:25:08.595 I/appium  ( 4037): channel read invoked!
09-01 14:25:08.595 I/BluetoothUtils( 8588): packagename is android.uid.bluetooth:1002 ,and its permission is false
09-01 14:25:08.595 I/appium  ( 4037): channel read: GET /wd/hub/session/f0ce778c-9a08-42fe-b827-2bc440618298/screenshot
09-01 14:25:08.595 D/BluetoothUtils( 8588): blockedByLocationOff callingUid=1002
09-01 14:25:08.595 I/appium  ( 4037): Capture screenshot command
09-01 14:25:08.595 I/BluetoothUtils( 8588): packagename is android.uid.bluetooth:1002 ,and its permission is false
09-01 14:25:08.606 V/bt_stack( 8588): [VERBOSE1:btm_ble_gap.cc(1923)] btm_ble_process_ext_adv_pkt: bda=4b:2f:6d:75:86:77
09-01 14:25:08.606 V/bt_stack( 8588): [VERBOSE1:btm_ble_gap.cc(1847)] btm_ble_process_adv_addr: bda=4b:2f:6d:75:86:77
09-01 14:25:08.606 V/bt_stack( 8588): [VERBOSE1:btm_ble_gap.cc(2052)]  Waiting for scan response 4b:2f:6d:75:86:77
09-01 14:25:08.619 V/bt_stack( 8588): [VERBOSE1:btm_ble_gap.cc(1923)] btm_ble_process_ext_adv_pkt: bda=67:ec:83:7e:42:50
09-01 14:25:08.619 V/bt_stack( 8588): [VERBOSE1:btm_ble_gap.cc(1847)] btm_ble_process_adv_addr: bda=67:ec:83:7e:42:50
09-01 14:25:08.619 V/bt_stack( 8588): [VERBOSE1:btm_ble_gap.cc(2052)]  Waiting for scan response 67:ec:83:7e:42:50
09-01 14:25:08.621 I/ActivityTaskManager( 1639): Config changes=20000480 {1.0 460mcc9mnc [zh_CN] ldltr sw392dp w392dp h768dp 440dpi nrml long hdr widecg port finger -keyb/v/h -nav/h winConfig={ mBounds=Rect(0, 0 - 1080, 2340) mAppBounds=Rect(0, 0 - 1080, 2210) mWindowingMode=fullscreen mDisplayWindowingMode=fullscreen mActivityType=undefined mAlwaysOnTop=undefined mRotation=ROTATION_0} s.800 themeChanged=0 themeChangedFlags=0 extraData = Bundle[{}]}
09-01 14:25:08.634 I/ActivityTaskManager( 1639): Override config changes=20000480 {1.0 460mcc9mnc [zh_CN] ldltr sw392dp w392dp h768dp 440dpi nrml long hdr widecg port finger -keyb/v/h -nav/h winConfig={ mBounds=Rect(0, 0 - 1080, 2340) mAppBounds=Rect(0, 0 - 1080, 2210) mWindowingMode=fullscreen mDisplayWindowingMode=fullscreen mActivityType=undefined mAlwaysOnTop=undefined mRotation=ROTATION_0} s.800 themeChanged=0 themeChangedFlags=0 extraData = Bundle[{}]} for displayId=0
09-01 14:25:08.636 D/MiuiFreeFormGestureController( 1639): displayConfigurationChange
09-01 14:25:08.637 D/MiuiFreeFormGesturePointerEventListener( 1639): updateScreenParams ori:2 mNotchBar:0 mDisplayRotation:0isNotchScreen:false
09-01 14:25:08.637 D/MiuiFreeFormGestureController( 1639): displayConfigurationChange
09-01 14:25:08.637 D/MiuiFreeFormGesturePointerEventListener( 1639): updateScreenParams ori:1 mNotchBar:0 mDisplayRotation:0isNotchScreen:false
09-01 14:25:08.638 D/WindowManager( 1639): Input focus has changed to null
09-01 14:25:08.643 I/vol.MiuiVolumeDialogImp(29730): onConfigChanged sensitive config changed
09-01 14:25:08.643 I/vol.MiuiVolumeDialogImp(29730): dismissH mShowing:false dialog showing:false reason:8
09-01 14:25:08.643 D/NetworkController.MobileSignalController(1)(29730): 4G level = 5
09-01 14:25:08.644 I/Timeline( 1639): Timeline: App_transition_ready time:211074661
09-01 14:25:08.646 I/Timeline( 1639): Timeline: App_transition_ready time:211074663
09-01 14:25:08.649 I/BtGatt.ScanManager( 8588): msg.what = 8
09-01 14:25:08.649 I/Timeline( 1639): Timeline: App_transition_ready time:211074666
09-01 14:25:08.651 I/Timeline( 1639): Timeline: App_transition_ready time:211074668
09-01 14:25:08.652 D/QSTile.CellularTile(29730):  callback=com.android.systemui.qs.QSPanel$1@5f41a9
09-01 14:25:08.653 D/QSTile.WifiTile(29730):  callback=com.android.systemui.qs.QSPanel$1@d1dc43a
09-01 14:25:08.653 I/InputManager-JNI( 1639): Viewport [0] to add: local:19260674575326081
09-01 14:25:08.656 I/Timeline( 1639): Timeline: App_transition_ready time:211074673
09-01 14:25:08.660 I/InputReader( 1639): Reconfiguring input devices.  changes=0x00000004
09-01 14:25:08.660 I/InputReader( 1639): Device reconfigured: id=7, name='goodix_ts', size 1080x2340, orientation 0, mode 1, display id 0
09-01 14:25:08.658 D/QSTile.FlashlightTile(29730):  callback=com.android.systemui.qs.QSPanel$1@19aaef4
09-01 14:25:08.661 V/AsyncHttpResponse( 4088): Progress 2 from 2 (100%)
09-01 14:25:08.661 D/QSTile.MuteTile(29730):  callback=com.android.systemui.qs.QSPanel$1@8b833de
09-01 14:25:08.661 D/QSTile.ScreenShotTile(29730):  callback=com.android.systemui.qs.QSPanel$1@3b20178
09-01 14:25:08.664 D/Tinker.DefaultAppLike(27277): onConfigurationChanged:{1.0 460mcc9mnc [zh_CN] ldltr sw392dp w392dp h768dp 440dpi nrml long hdr widecg port finger -keyb/v/h -nav/h winConfig={ mBounds=Rect(0, 0 - 1080, 2340) mAppBounds=Rect(0, 0 - 1080, 2210) mWindowingMode=fullscreen mDisplayWindowingMode=fullscreen mActivityType=undefined mAlwaysOnTop=undefined mRotation=ROTATION_0} s.894 themeChanged=0 themeChangedFlags=0 extraData = Bundle[{}]}
09-01 14:25:08.668 V/bt_stack( 8588): [VERBOSE1:btm_ble_gap.cc(1923)] btm_ble_process_ext_adv_pkt: bda=3c:22:fb:3d:0a:8f
09-01 14:25:08.668 V/bt_stack( 8588): [VERBOSE1:btm_ble_gap.cc(1847)] btm_ble_process_adv_addr: bda=3c:22:fb:3d:0a:8f
09-01 14:25:08.668 V/bt_stack( 8588): [VERBOSE1:btm_ble_gap.cc(2052)]  Waiting for scan response 3c:22:fb:3d:0a:8f
09-01 14:25:08.668 V/bt_stack( 8588): [VERBOSE1:btm_ble_gap.cc(1923)] btm_ble_process_ext_adv_pkt: bda=67:f6:87:88:9f:40
09-01 14:25:08.668 V/bt_stack( 8588): [VERBOSE1:btm_ble_gap.cc(1847)] btm_ble_process_adv_addr: bda=67:f6:87:88:9f:40
09-01 14:25:08.668 V/bt_stack( 8588): [VERBOSE1:btm_ble_gap.cc(2052)]  Waiting for scan response 67:f6:87:88:9f:40
09-01 14:25:08.668 V/bt_stack( 8588): [VERBOSE1:btm_ble_gap.cc(1923)] btm_ble_process_ext_adv_pkt: bda=59:b2:14:05:95:91
09-01 14:25:08.668 V/bt_stack( 8588): [VERBOSE1:btm_ble_gap.cc(1847)] btm_ble_process_adv_addr: bda=59:b2:14:05:95:91
09-01 14:25:08.668 V/bt_stack( 8588): [VERBOSE1:btm_ble_gap.cc(2052)]  Waiting for scan response 59:b2:14:05:95:91
09-01 14:25:08.668 V/bt_stack( 8588): [VERBOSE1:btm_ble_gap.cc(1923)] btm_ble_process_ext_adv_pkt: bda=59:b2:14:05:95:91
09-01 14:25:08.668 V/bt_stack( 8588): [VERBOSE1:btm_ble_gap.cc(1847)] btm_ble_process_adv_addr: bda=59:b2:14:05:95:91
09-01 14:25:08.668 V/bt_stack( 8588): [VERBOSE1:btm_ble_gap.cc(1923)] btm_ble_process_ext_adv_pkt: bda=10:42:5e:92:d4:eb
09-01 14:25:08.668 V/bt_stack( 8588): [VERBOSE1:btm_ble_gap.cc(1847)] btm_ble_process_adv_addr: bda=10:42:5e:92:d4:eb
09-01 14:25:08.668 V/bt_stack( 8588): [VERBOSE1:btm_ble_gap.cc(1923)] btm_ble_process_ext_adv_pkt: bda=2e:17:70:f9:0b:48
09-01 14:25:08.668 V/bt_stack( 8588): [VERBOSE1:btm_ble_gap.cc(1847)] btm_ble_process_adv_addr: bda=2e:17:70:f9:0b:48
09-01 14:25:08.668 V/bt_stack( 8588): [VERBOSE1:btm_ble_gap.cc(1923)] btm_ble_process_ext_adv_pkt: bda=6c:37:b5:6b:a1:b8
09-01 14:25:08.668 V/bt_stack( 8588): [VERBOSE1:btm_ble_gap.cc(1847)] btm_ble_process_adv_addr: bda=6c:37:b5:6b:a1:b8
09-01 14:25:08.668 V/bt_stack( 8588): [VERBOSE1:btm_ble_gap.cc(2052)]  Waiting for scan response 6c:37:b5:6b:a1:b8
09-01 14:25:08.668 V/bt_stack( 8588): [VERBOSE1:btm_ble_gap.cc(1923)] btm_ble_process_ext_adv_pkt: bda=0c:1a:06:0e:96:57
09-01 14:25:08.668 V/bt_stack( 8588): [VERBOSE1:btm_ble_gap.cc(1847)] btm_ble_process_adv_addr: bda=0c:1a:06:0e:96:57
09-01 14:25:08.668 V/bt_stack( 8588): [VERBOSE1:btm_ble_gap.cc(1923)] btm_ble_process_ext_adv_pkt: bda=07:88:7e:66:14:b3
09-01 14:25:08.668 V/bt_stack( 8588): [VERBOSE1:btm_ble_gap.cc(1847)] btm_ble_process_adv_addr: bda=07:88:7e:66:14:b3
09-01 14:25:08.669 I/Timeline( 1639): Timeline: App_transition_ready time:211074686
09-01 14:25:08.669 I/BtGatt.ScanManager( 8588): msg.what = 5
09-01 14:25:08.672 V/bt_stack( 8588): [VERBOSE1:btm_ble_gap.cc(1923)] btm_ble_process_ext_adv_pkt: bda=77:70:e9:20:dc:cd
09-01 14:25:08.672 V/bt_stack( 8588): [VERBOSE1:btm_ble_gap.cc(1847)] btm_ble_process_adv_addr: bda=77:70:e9:20:dc:cd
09-01 14:25:08.672 V/bt_stack( 8588): [VERBOSE1:btm_ble_gap.cc(1923)] btm_ble_process_ext_adv_pkt: bda=33:55:74:83:d5:3a
09-01 14:25:08.672 V/bt_stack( 8588): [VERBOSE1:btm_ble_gap.cc(1847)] btm_ble_process_adv_addr: bda=33:55:74:83:d5:3a
09-01 14:25:08.672 I/InputMethodService(27277): ScreenHeight : 2340
09-01 14:25:08.672 I/InputMethodService(27277): sScreenWidth : 1080
09-01 14:25:08.672 I/InputMethodService(27277): ScreenHeightWithoutStatusBar : 2244
09-01 14:25:08.672 D/MiuiBottomConfig(27277): use normal bottom
09-01 14:25:08.674 W/Launcher( 7676): onDisplayChanged: newRotation=0
09-01 14:25:08.675 W/Launcher( 7676): onDisplayChanged: show views
09-01 14:25:08.675 V/bt_stack( 8588): [VERBOSE1:btm_ble_gap.cc(1923)] btm_ble_process_ext_adv_pkt: bda=24:49:6a:9c:39:02
09-01 14:25:08.675 V/bt_stack( 8588): [VERBOSE1:btm_ble_gap.cc(1847)] btm_ble_process_adv_addr: bda=24:49:6a:9c:39:02
09-01 14:25:08.677 D/MiuiGxzwAnimView(29730): onDisplayChanged: oldState = 2, newState = 2
09-01 14:25:08.681 D/BluetoothUtils( 8588): blockedByLocationOff callingUid=1002
09-01 14:25:08.682 D/PhoneStatusBar/NavigationBarView(29730): setDisabledFlags back:false home:false recent:false
09-01 14:25:08.683 I/BluetoothUtils( 8588): packagename is android.uid.bluetooth:1002 ,and its permission is false
09-01 14:25:08.683 D/BluetoothUtils( 8588): blockedByLocationOff callingUid=1002
09-01 14:25:08.683 I/BluetoothUtils( 8588): packagename is android.uid.bluetooth:1002 ,and its permission is false
09-01 14:25:08.684 D/BluetoothUtils( 8588): blockedByLocationOff callingUid=1002
09-01 14:25:08.684 D/Launcher.ShortcutMenu( 7676): calculateScale, heightScale=1.0, widthScale=0.97833335
09-01 14:25:08.685 I/BluetoothUtils( 8588): packagename is android.uid.bluetooth:1002 ,and its permission is false
09-01 14:25:08.687 V/bt_stack( 8588): [VERBOSE1:btm_ble_gap.cc(1923)] btm_ble_process_ext_adv_pkt: bda=3c:22:fb:3d:0a:8f
09-01 14:25:08.688 V/bt_stack( 8588): [VERBOSE1:btm_ble_gap.cc(1847)] btm_ble_process_adv_addr: bda=3c:22:fb:3d:0a:8f
09-01 14:25:08.688 V/bt_stack( 8588): [VERBOSE1:btm_ble_gap.cc(2052)]  Waiting for scan response 3c:22:fb:3d:0a:8f
09-01 14:25:08.688 V/bt_stack( 8588): [VERBOSE1:btm_ble_gap.cc(1923)] btm_ble_process_ext_adv_pkt: bda=3c:22:fb:3d:0a:8f
09-01 14:25:08.688 V/bt_stack( 8588): [VERBOSE1:btm_ble_gap.cc(1847)] btm_ble_process_adv_addr: bda=3c:22:fb:3d:0a:8f
09-01 14:25:08.689 D/RecentsImpl( 7676): mActivityStateObserver com.huami.training.ui.detail.FeaturedCourseDetailActivity
09-01 14:25:08.689 I/Timeline( 1639): Timeline: App_transition_ready time:211074706
09-01 14:25:08.692 D/BluetoothUtils( 8588): blockedByLocationOff callingUid=1002
09-01 14:25:08.693 V/bt_stack( 8588): [VERBOSE1:btm_ble_gap.cc(1923)] btm_ble_process_ext_adv_pkt: bda=6c:37:b5:6b:a1:b8
09-01 14:25:08.693 V/bt_stack( 8588): [VERBOSE1:btm_ble_gap.cc(1847)] btm_ble_process_adv_addr: bda=6c:37:b5:6b:a1:b8
09-01 14:25:08.693 V/bt_stack( 8588): [VERBOSE1:btm_ble_gap.cc(2052)]  Waiting for scan response 6c:37:b5:6b:a1:b8
09-01 14:25:08.694 V/bt_stack( 8588): [VERBOSE1:btm_ble_gap.cc(1923)] btm_ble_process_ext_adv_pkt: bda=59:bb:67:f0:94:3c
09-01 14:25:08.694 V/bt_stack( 8588): [VERBOSE1:btm_ble_gap.cc(1847)] btm_ble_process_adv_addr: bda=59:bb:67:f0:94:3c
09-01 14:25:08.694 D/QSControlCenterTileLayout(29730): setExpanded:false
09-01 14:25:08.697 D/LocaleManager(25307): queryCurrentLocale, currentLocale:zh_CN
09-01 14:25:08.698 D/LocaleManager(25307): rconf locale set1:zh_CN
09-01 14:25:08.698 I/vol.MiuiVolumeDialogImp(29730): onConfigChanged not sensitive.
09-01 14:25:08.698 D/FontSettingManager(25307): currentDm: 2.75, 2.75, 440
09-01 14:25:08.701 D/PhoneStatusBar/NavigationBarView(29730): setDisabledFlags back:false home:false recent:false
09-01 14:25:08.703 D/EventBus(29730): [29730, u0] send(AppTransitionFinishedEvent)
09-01 14:25:08.703 I/BluetoothUtils( 8588): packagename is android.uid.bluetooth:1002 ,and its permission is false
09-01 14:25:08.703 D/EventBus(29730): [29730, u0]  -> ForcedResizableInfoActivityController [0xc4c1163, P1] onBusEvent(AppTransitionFinishedEvent)
09-01 14:25:08.704 D/EventBus(29730): [29730, u0] onBusEvent(AppTransitionFinishedEvent) duration: 14 microseconds, avg: 39
09-01 14:25:08.704 D/BluetoothUtils( 8588): blockedByLocationOff callingUid=1002
09-01 14:25:08.704 I/BluetoothUtils( 8588): packagename is android.uid.bluetooth:1002 ,and its permission is false
09-01 14:25:08.704 D/BluetoothUtils( 8588): blockedByLocationOff callingUid=1002
09-01 14:25:08.705 I/Timeline( 1639): Timeline: App_transition_ready time:211074721
09-01 14:25:08.706 D/StackScroller(29730): applyCurrentState
09-01 14:25:08.707 I/Timeline( 1639): Timeline: App_transition_ready time:211074723
09-01 14:25:08.707 I/BluetoothUtils( 8588): packagename is android.uid.bluetooth:1002 ,and its permission is false
09-01 14:25:08.707 D/WindowManager( 1639): Input focus has changed to Window{76e6f53 u0 com.xiaomi.hm.health/com.huami.training.ui.detail.FeaturedCourseDetailActivity}
09-01 14:25:08.712 V/bt_stack( 8588): [VERBOSE1:btm_ble_gap.cc(1923)] btm_ble_process_ext_adv_pkt: bda=11:82:f5:89:45:91
09-01 14:25:08.712 V/bt_stack( 8588): [VERBOSE1:btm_ble_gap.cc(1847)] btm_ble_process_adv_addr: bda=11:82:f5:89:45:91
09-01 14:25:08.714 I/Timeline( 1639): Timeline: App_transition_ready time:211074731
09-01 14:25:08.715 D/BluetoothUtils( 8588): blockedByLocationOff callingUid=1002
09-01 14:25:08.715 I/BluetoothUtils( 8588): packagename is android.uid.bluetooth:1002 ,and its permission is false
09-01 14:25:08.715 I/InputMethodService(27277): Can't show Miui bottom view.
09-01 14:25:08.715 I/chatty  (27277): uid=10187(com.baidu.input_mi) identical 1 line
09-01 14:25:08.715 I/InputMethodService(27277): Can't show Miui bottom view.
09-01 14:25:08.715 D/BluetoothUtils( 8588): blockedByLocationOff callingUid=1002
09-01 14:25:08.716 I/BluetoothUtils( 8588): packagename is android.uid.bluetooth:1002 ,and its permission is false
09-01 14:25:08.716 D/BluetoothUtils( 8588): blockedByLocationOff callingUid=1002
09-01 14:25:08.716 I/BluetoothUtils( 8588): packagename is android.uid.bluetooth:1002 ,and its permission is false
09-01 14:25:08.716 I/Timeline( 1639): Timeline: App_transition_ready time:211074733
09-01 14:25:08.717 I/InputMethodService(27277): ScreenHeight : 2340
09-01 14:25:08.717 I/InputMethodService(27277): sScreenWidth : 1080
09-01 14:25:08.717 I/InputMethodService(27277): ScreenHeightWithoutStatusBar : 2244
09-01 14:25:08.719 D/BluetoothUtils( 8588): blockedByLocationOff callingUid=1002
09-01 14:25:08.719 I/BluetoothUtils( 8588): packagename is android.uid.bluetooth:1002 ,and its permission is false
09-01 14:25:08.719 I/Timeline( 1639): Timeline: App_transition_ready time:211074736
09-01 14:25:08.720 D/BluetoothUtils( 8588): blockedByLocationOff callingUid=1002
09-01 14:25:08.720 I/BluetoothUtils( 8588): packagename is android.uid.bluetooth:1002 ,and its permission is false
09-01 14:25:08.720 D/BluetoothUtils( 8588): blockedByLocationOff callingUid=1002
09-01 14:25:08.721 I/BluetoothUtils( 8588): packagename is android.uid.bluetooth:1002 ,and its permission is false
09-01 14:25:08.721 I/Timeline( 1639): Timeline: App_transition_ready time:211074738
09-01 14:25:08.722 D/BluetoothUtils( 8588): blockedByLocationOff callingUid=1002
09-01 14:25:08.722 D/NetworkController.MobileSignalController(1)(29730): getDataNetTypeFromServiceState slotId=1  isUsingCarrierAggregation=false
09-01 14:25:08.722 D/NetworkTypeUtils(29730): getDataNetTypeFromServiceState:srcDataNetType = 13, destDataNetType 13
09-01 14:25:08.722 I/BluetoothUtils( 8588): packagename is android.uid.bluetooth:1002 ,and its permission is false
09-01 14:25:08.722 D/BluetoothUtils( 8588): blockedByLocationOff callingUid=1002
09-01 14:25:08.722 I/BluetoothUtils( 8588): packagename is android.uid.bluetooth:1002 ,and its permission is false
09-01 14:25:08.723 V/bt_stack( 8588): [VERBOSE1:btm_ble_gap.cc(1923)] btm_ble_process_ext_adv_pkt: bda=71:d8:ac:89:39:0d
09-01 14:25:08.723 V/bt_stack( 8588): [VERBOSE1:btm_ble_gap.cc(1847)] btm_ble_process_adv_addr: bda=71:d8:ac:89:39:0d
09-01 14:25:08.723 V/bt_stack( 8588): [VERBOSE1:btm_ble_gap.cc(2052)]  Waiting for scan response 71:d8:ac:89:39:0d
09-01 14:25:08.723 D/BluetoothUtils( 8588): blockedByLocationOff callingUid=1002
09-01 14:25:08.724 V/bt_stack( 8588): [VERBOSE1:btm_ble_gap.cc(1923)] btm_ble_process_ext_adv_pkt: bda=3c:22:fb:3d:0a:8f
09-01 14:25:08.724 V/bt_stack( 8588): [VERBOSE1:btm_ble_gap.cc(1847)] btm_ble_process_adv_addr: bda=3c:22:fb:3d:0a:8f
09-01 14:25:08.724 V/bt_stack( 8588): [VERBOSE1:btm_ble_gap.cc(2052)]  Waiting for scan response 3c:22:fb:3d:0a:8f
09-01 14:25:08.724 V/bt_stack( 8588): [VERBOSE1:btm_ble_gap.cc(1923)] btm_ble_process_ext_adv_pkt: bda=3c:22:fb:3d:0a:8f
09-01 14:25:08.724 V/bt_stack( 8588): [VERBOSE1:btm_ble_gap.cc(1847)] btm_ble_process_adv_addr: bda=3c:22:fb:3d:0a:8f
09-01 14:25:08.724 I/BluetoothUtils( 8588): packagename is android.uid.bluetooth:1002 ,and its permission is false
09-01 14:25:08.725 D/MobileSignalController(29730): updateDataType mSelectedDataTypeIcon[1]=2131233281, mSelectedDataActivityIndex=6
09-01 14:25:08.725 D/TelephonyIcons(29730): getSignalStrengthIcon: slot=1, inetCondition=1, level=5, roaming=false, signalstrength=SignalStrength:{mCdma=CellSignalStrengthCdma: cdmaDbm=2147483647 cdmaEcio=2147483647 evdoDbm=2147483647 evdoEcio=2147483647 evdoSnr=2147483647 miuiLevel=0 level=0,mGsm=CellSignalStrengthGsm: rssi=2147483647 ber=2147483647 mTa=2147483647 miuiLevel=0 mLevel=0,mWcdma=CellSignalStrengthWcdma: ss=2147483647 ber=2147483647 rscp=2147483647 ecno=2147483647 miuiLevel=0 level=0,mTdscdma=CellSignalStrengthTdscdma: rssi=2147483647 ber=2147483647 rscp=2147483647 miuiLevel=0 level=0,mLte=CellSignalStrengthLte: rssi=-55 rsrp=-80 rsrq=-9 rssnr=222 cqi=2147483647 ta=2147483647 miuiLevel=5 level=4,mNr=CellSignalStrengthNr:{ csiRsrp = 2147483647 csiRsrq = 2147483647 csiSinr = 2147483647 ssRsrp = 2147483647 ssRsrq = 2147483647 ssSinr = 2147483647 miuiLevel = 0 level = 0 },primary=CellSignalStrengthLte}
09-01 14:25:08.725 D/BluetoothUtils( 8588): blockedByLocationOff callingUid=1002
09-01 14:25:08.725 I/BluetoothUtils( 8588): packagename is android.uid.bluetooth:1002 ,and its permission is false
09-01 14:25:08.725 D/BluetoothUtils( 8588): blockedByLocationOff callingUid=1002
09-01 14:25:08.726 I/BluetoothUtils( 8588): packagename is android.uid.bluetooth:1002 ,and its permission is false
09-01 14:25:08.726 D/BluetoothUtils( 8588): blockedByLocationOff callingUid=1002
09-01 14:25:08.726 I/BluetoothUtils( 8588): packagename is android.uid.bluetooth:1002 ,and its permission is false
09-01 14:25:08.726 D/TelephonyIcons(29730): null signal icon name: drawable/stat_sys_signal_null
09-01 14:25:08.727 V/bt_stack( 8588): [VERBOSE1:btm_ble_gap.cc(1923)] btm_ble_process_ext_adv_pkt: bda=00:b8:42:bc:b8:71
09-01 14:25:08.727 D/BluetoothUtils( 8588): blockedByLocationOff callingUid=1002
09-01 14:25:08.727 V/bt_stack( 8588): [VERBOSE1:btm_ble_gap.cc(1847)] btm_ble_process_adv_addr: bda=00:b8:42:bc:b8:71
09-01 14:25:08.727 D/TelephonyIcons(29730): getDataTypeIcon sub=1
09-01 14:25:08.727 I/BluetoothUtils( 8588): packagename is android.uid.bluetooth:1002 ,and its permission is false
09-01 14:25:08.727 D/BluetoothUtils( 8588): blockedByLocationOff callingUid=1002
09-01 14:25:08.727 I/BluetoothUtils( 8588): packagename is android.uid.bluetooth:1002 ,and its permission is false
09-01 14:25:08.728 D/BluetoothUtils( 8588): blockedByLocationOff callingUid=1002
09-01 14:25:08.728 I/BluetoothUtils( 8588): packagename is android.uid.bluetooth:1002 ,and its permission is false
09-01 14:25:08.729 D/BluetoothUtils( 8588): blockedByLocationOff callingUid=1002
09-01 14:25:08.729 I/BluetoothUtils( 8588): packagename is android.uid.bluetooth:1002 ,and its permission is false
09-01 14:25:08.729 I/Timeline( 1639): Timeline: App_transition_ready time:211074746
09-01 14:25:08.729 D/BluetoothUtils( 8588): blockedByLocationOff callingUid=1002
09-01 14:25:08.729 I/BluetoothUtils( 8588): packagename is android.uid.bluetooth:1002 ,and its permission is false
09-01 14:25:08.729 D/BluetoothUtils( 8588): blockedByLocationOff callingUid=1002
09-01 14:25:08.729 I/vendor.qti.bluetooth@1.0-ibs_handler(19843): DeviceSleep: TX Awake, Sending SLEEP_IND
09-01 14:25:08.729 I/BluetoothUtils( 8588): packagename is android.uid.bluetooth:1002 ,and its permission is false
09-01 14:25:08.730 D/BluetoothUtils( 8588): blockedByLocationOff callingUid=1002
09-01 14:25:08.730 I/BluetoothUtils( 8588): packagename is android.uid.bluetooth:1002 ,and its permission is false
09-01 14:25:08.731 D/BluetoothUtils( 8588): blockedByLocationOff callingUid=1002
09-01 14:25:08.731 I/BluetoothUtils( 8588): packagename is android.uid.bluetooth:1002 ,and its permission is false
09-01 14:25:08.731 D/BluetoothUtils( 8588): blockedByLocationOff callingUid=1002
09-01 14:25:08.731 I/BluetoothUtils( 8588): packagename is android.uid.bluetooth:1002 ,and its permission is false
09-01 14:25:08.732 D/BluetoothUtils( 8588): blockedByLocationOff callingUid=1002
09-01 14:25:08.732 D/NetworkController.MobileSignalController(1)(29730): getDataNetTypeFromServiceState slotId=1  isUsingCarrierAggregation=false
09-01 14:25:08.732 I/BluetoothUtils( 8588): packagename is android.uid.bluetooth:1002 ,and its permission is false
09-01 14:25:08.732 D/BluetoothUtils( 8588): blockedByLocationOff callingUid=1002
09-01 14:25:08.732 D/NetworkTypeUtils(29730): getDataNetTypeFromServiceState:srcDataNetType = 13, destDataNetType 13
09-01 14:25:08.733 I/BluetoothUtils( 8588): packagename is android.uid.bluetooth:1002 ,and its permission is false
09-01 14:25:08.733 D/BluetoothUtils( 8588): blockedByLocationOff callingUid=1002
09-01 14:25:08.733 I/BluetoothUtils( 8588): packagename is android.uid.bluetooth:1002 ,and its permission is false
09-01 14:25:08.734 D/BluetoothUtils( 8588): blockedByLocationOff callingUid=1002
09-01 14:25:08.734 D/MobileSignalController(29730): updateDataType mSelectedDataTypeIcon[1]=2131233281, mSelectedDataActivityIndex=6
09-01 14:25:08.734 I/BluetoothUtils( 8588): packagename is android.uid.bluetooth:1002 ,and its permission is false
09-01 14:25:08.734 D/TelephonyIcons(29730): getSignalStrengthIcon: slot=1, inetCondition=1, level=5, roaming=false, signalstrength=SignalStrength:{mCdma=CellSignalStrengthCdma: cdmaDbm=2147483647 cdmaEcio=2147483647 evdoDbm=2147483647 evdoEcio=2147483647 evdoSnr=2147483647 miuiLevel=0 level=0,mGsm=CellSignalStrengthGsm: rssi=2147483647 ber=2147483647 mTa=2147483647 miuiLevel=0 mLevel=0,mWcdma=CellSignalStrengthWcdma: ss=2147483647 ber=2147483647 rscp=2147483647 ecno=2147483647 miuiLevel=0 level=0,mTdscdma=CellSignalStrengthTdscdma: rssi=2147483647 ber=2147483647 rscp=2147483647 miuiLevel=0 level=0,mLte=CellSignalStrengthLte: rssi=-55 rsrp=-80 rsrq=-9 rssnr=222 cqi=2147483647 ta=2147483647 miuiLevel=5 level=4,mNr=CellSignalStrengthNr:{ csiRsrp = 2147483647 csiRsrq = 2147483647 csiSinr = 2147483647 ssRsrp = 2147483647 ssRsrq = 2147483647 ssSinr = 2147483647 miuiLevel = 0 level = 0 },primary=CellSignalStrengthLte}
09-01 14:25:08.734 D/BluetoothUtils( 8588): blockedByLocationOff callingUid=1002
09-01 14:25:08.734 I/BluetoothUtils( 8588): packagename is android.uid.bluetooth:1002 ,and its permission is false
09-01 14:25:08.735 D/BluetoothUtils( 8588): blockedByLocationOff callingUid=1002
09-01 14:25:08.735 I/BluetoothUtils( 8588): packagename is android.uid.bluetooth:1002 ,and its permission is false
09-01 14:25:08.735 V/bt_stack( 8588): [VERBOSE1:btm_ble_gap.cc(1923)] btm_ble_process_ext_adv_pkt: bda=53:56:a8:ef:e5:80
09-01 14:25:08.735 V/bt_stack( 8588): [VERBOSE1:btm_ble_gap.cc(1847)] btm_ble_process_adv_addr: bda=53:56:a8:ef:e5:80
09-01 14:25:08.735 V/bt_stack( 8588): [VERBOSE1:btm_ble_gap.cc(2052)]  Waiting for scan response 53:56:a8:ef:e5:80
09-01 14:25:08.735 V/bt_stack( 8588): [VERBOSE1:btm_ble_gap.cc(1923)] btm_ble_process_ext_adv_pkt: bda=53:56:a8:ef:e5:80
09-01 14:25:08.735 V/bt_stack( 8588): [VERBOSE1:btm_ble_gap.cc(1847)] btm_ble_process_adv_addr: bda=53:56:a8:ef:e5:80
09-01 14:25:08.736 D/TelephonyIcons(29730): null signal icon name: drawable/stat_sys_signal_null
09-01 14:25:08.736 D/BluetoothUtils( 8588): blockedByLocationOff callingUid=1002
09-01 14:25:08.737 I/BluetoothUtils( 8588): packagename is android.uid.bluetooth:1002 ,and its permission is false
09-01 14:25:08.737 D/BluetoothUtils( 8588): blockedByLocationOff callingUid=1002
09-01 14:25:08.738 I/BluetoothUtils( 8588): packagename is android.uid.bluetooth:1002 ,and its permission is false
09-01 14:25:08.738 D/BluetoothUtils( 8588): blockedByLocationOff callingUid=1002
09-01 14:25:08.738 I/BluetoothUtils( 8588): packagename is android.uid.bluetooth:1002 ,and its permission is false
09-01 14:25:08.739 I/Timeline( 1639): Timeline: Activity_windows_visible id: ActivityRecord{f973a78 u0 com.xiaomi.hm.health/com.huami.training.ui.detail.FeaturedCourseDetailActivity t477} time:211074756
09-01 14:25:08.740 I/Timeline( 1639): Timeline: App_transition_ready time:211074757
09-01 14:25:08.740 D/BluetoothUtils( 8588): blockedByLocationOff callingUid=1002
09-01 14:25:08.740 D/TelephonyIcons(29730): getDataTypeIcon sub=1
09-01 14:25:08.740 I/Timeline( 1639): Timeline: App_transition_stopped time:211074757
09-01 14:25:08.740 I/BluetoothUtils( 8588): packagename is android.uid.bluetooth:1002 ,and its permission is false
09-01 14:25:08.740 D/BluetoothUtils( 8588): blockedByLocationOff callingUid=1002
09-01 14:25:08.740 V/bt_stack( 8588): [VERBOSE1:btm_ble_gap.cc(1923)] btm_ble_process_ext_adv_pkt: bda=36:c9:49:a0:b6:9d
09-01 14:25:08.740 V/bt_stack( 8588): [VERBOSE1:btm_ble_gap.cc(1847)] btm_ble_process_adv_addr: bda=36:c9:49:a0:b6:9d
09-01 14:25:08.741 I/BluetoothUtils( 8588): packagename is android.uid.bluetooth:1002 ,and its permission is false
09-01 14:25:08.741 V/bt_stack( 8588): [VERBOSE1:btm_ble_gap.cc(1923)] btm_ble_process_ext_adv_pkt: bda=3a:23:cb:4a:85:2d
09-01 14:25:08.741 V/bt_stack( 8588): [VERBOSE1:btm_ble_gap.cc(1847)] btm_ble_process_adv_addr: bda=3a:23:cb:4a:85:2d
09-01 14:25:08.741 D/BluetoothUtils( 8588): blockedByLocationOff callingUid=1002
09-01 14:25:08.741 I/BluetoothUtils( 8588): packagename is android.uid.bluetooth:1002 ,and its permission is false
09-01 14:25:08.742 D/PhoneStatusBar/NavigationBarView(29730): scaleType CENTER
09-01 14:25:08.742 D/BluetoothUtils( 8588): blockedByLocationOff callingUid=1002
09-01 14:25:08.743 I/BluetoothUtils( 8588): packagename is android.uid.bluetooth:1002 ,and its permission is false
09-01 14:25:08.743 D/BluetoothUtils( 8588): blockedByLocationOff callingUid=1002
09-01 14:25:08.743 D/PhoneStatusBar/NavigationBarView(29730): setDisabledFlags back:false home:false recent:false
09-01 14:25:08.743 I/BluetoothUtils( 8588): packagename is android.uid.bluetooth:1002 ,and its permission is false
09-01 14:25:08.743 D/BluetoothUtils( 8588): blockedByLocationOff callingUid=1002
09-01 14:25:08.744 I/BluetoothUtils( 8588): packagename is android.uid.bluetooth:1002 ,and its permission is false
09-01 14:25:08.745 D/BluetoothUtils( 8588): blockedByLocationOff callingUid=1002
09-01 14:25:08.746 I/BluetoothUtils( 8588): packagename is android.uid.bluetooth:1002 ,and its permission is false
09-01 14:25:08.746 D/BluetoothUtils( 8588): blockedByLocationOff callingUid=1002
09-01 14:25:08.746 I/BluetoothUtils( 8588): packagename is android.uid.bluetooth:1002 ,and its permission is false
09-01 14:25:08.746 D/BluetoothUtils( 8588): blockedByLocationOff callingUid=1002
09-01 14:25:08.747 I/BluetoothUtils( 8588): packagename is android.uid.bluetooth:1002 ,and its permission is false
09-01 14:25:08.747 V/bt_stack( 8588): [VERBOSE1:btm_ble_gap.cc(1923)] btm_ble_process_ext_adv_pkt: bda=12:1c:38:cd:04:e8
09-01 14:25:08.747 V/bt_stack( 8588): [VERBOSE1:btm_ble_gap.cc(1847)] btm_ble_process_adv_addr: bda=12:1c:38:cd:04:e8
09-01 14:25:08.749 D/BluetoothUtils( 8588): blockedByLocationOff callingUid=1002
09-01 14:25:08.749 W/RecentsModel( 7676): onTaskStackChangedBackground: start loading
09-01 14:25:08.749 I/BluetoothUtils( 8588): packagename is android.uid.bluetooth:1002 ,and its permission is false
09-01 14:25:08.749 D/BluetoothUtils( 8588): blockedByLocationOff callingUid=1002
09-01 14:25:08.749 W/RecentsModel( 7676): getTaskInfoIgnoreHomeAndSplit   taskInfo=ComponentInfo{com.xiaomi.hm.health/com.xiaomi.hm.health.activity.MainTabActivity}
09-01 14:25:08.749 I/BluetoothUtils( 8588): packagename is android.uid.bluetooth:1002 ,and its permission is false
09-01 14:25:08.749 D/BluetoothUtils( 8588): blockedByLocationOff callingUid=1002
09-01 14:25:08.749 W/RecentsModel( 7676): getTaskInfoIgnoreHomeAndFreeform   taskInfo=ComponentInfo{com.xiaomi.hm.health/com.xiaomi.hm.health.activity.MainTabActivity}
09-01 14:25:08.750 I/BluetoothUtils( 8588): packagename is android.uid.bluetooth:1002 ,and its permission is false
09-01 14:25:08.750 W/RecentsModel( 7676): getTaskInfoIgnoreFreeform   taskInfo=ComponentInfo{com.xiaomi.hm.health/com.xiaomi.hm.health.activity.MainTabActivity}
09-01 14:25:08.750 W/RecentsModel( 7676): onTaskStackChangedBackground: finishLoading loading
09-01 14:25:08.750 D/BluetoothUtils( 8588): blockedByLocationOff callingUid=1002
09-01 14:25:08.751 I/BluetoothUtils( 8588): packagename is android.uid.bluetooth:1002 ,and its permission is false
09-01 14:25:08.751 D/BluetoothUtils( 8588): blockedByLocationOff callingUid=1002
09-01 14:25:08.751 I/BluetoothUtils( 8588): packagename is android.uid.bluetooth:1002 ,and its permission is false
09-01 14:25:08.751 D/BluetoothUtils( 8588): blockedByLocationOff callingUid=1002
09-01 14:25:08.751 I/BluetoothUtils( 8588): packagename is android.uid.bluetooth:1002 ,and its permission is false
09-01 14:25:08.756 V/bt_stack( 8588): [VERBOSE1:btm_ble_gap.cc(1923)] btm_ble_process_ext_adv_pkt: bda=2e:17:70:f9:0b:48
09-01 14:25:08.756 V/bt_stack( 8588): [VERBOSE1:btm_ble_gap.cc(1847)] btm_ble_process_adv_addr: bda=2e:17:70:f9:0b:48
09-01 14:25:08.756 D/BluetoothUtils( 8588): blockedByLocationOff callingUid=1002
09-01 14:25:08.757 I/BluetoothUtils( 8588): packagename is android.uid.bluetooth:1002 ,and its permission is false
09-01 14:25:08.757 V/bt_stack( 8588): [VERBOSE1:btm_ble_gap.cc(1923)] btm_ble_process_ext_adv_pkt: bda=07:5a:b0:04:f2:ba
09-01 14:25:08.757 D/BluetoothUtils( 8588): blockedByLocationOff callingUid=1002
09-01 14:25:08.757 V/bt_stack( 8588): [VERBOSE1:btm_ble_gap.cc(1847)] btm_ble_process_adv_addr: bda=07:5a:b0:04:f2:ba
09-01 14:25:08.757 I/BluetoothUtils( 8588): packagename is android.uid.bluetooth:1002 ,and its permission is false
09-01 14:25:08.757 D/BluetoothUtils( 8588): blockedByLocationOff callingUid=1002
09-01 14:25:08.757 I/BluetoothUtils( 8588): packagename is android.uid.bluetooth:1002 ,and its permission is false
09-01 14:25:08.758 D/BluetoothUtils( 8588): blockedByLocationOff callingUid=1002
09-01 14:25:08.758 I/BluetoothUtils( 8588): packagename is android.uid.bluetooth:1002 ,and its permission is false
09-01 14:25:08.758 V/bt_stack( 8588): [VERBOSE1:btm_ble_gap.cc(1923)] btm_ble_process_ext_adv_pkt: bda=10:42:5e:92:d4:eb
09-01 14:25:08.758 D/BluetoothUtils( 8588): blockedByLocationOff callingUid=1002
09-01 14:25:08.758 V/bt_stack( 8588): [VERBOSE1:btm_ble_gap.cc(1847)] btm_ble_process_adv_addr: bda=10:42:5e:92:d4:eb
09-01 14:25:08.759 I/BluetoothUtils( 8588): packagename is android.uid.bluetooth:1002 ,and its permission is false
09-01 14:25:08.759 D/BluetoothUtils( 8588): blockedByLocationOff callingUid=1002
09-01 14:25:08.759 I/BluetoothUtils( 8588): packagename is android.uid.bluetooth:1002 ,and its permission is false
09-01 14:25:08.760 D/BluetoothUtils( 8588): blockedByLocationOff callingUid=1002
09-01 14:25:08.760 I/BluetoothUtils( 8588): packagename is android.uid.bluetooth:1002 ,and its permission is false
09-01 14:25:08.760 D/BluetoothUtils( 8588): blockedByLocationOff callingUid=1002
09-01 14:25:08.760 V/bt_stack( 8588): [VERBOSE1:btm_ble_gap.cc(1923)] btm_ble_process_ext_adv_pkt: bda=63:e7:6b:57:ac:90
09-01 14:25:08.760 V/bt_stack( 8588): [VERBOSE1:btm_ble_gap.cc(1847)] btm_ble_process_adv_addr: bda=63:e7:6b:57:ac:90
09-01 14:25:08.760 V/bt_stack( 8588): [VERBOSE1:btm_ble_gap.cc(2052)]  Waiting for scan response 63:e7:6b:57:ac:90
09-01 14:25:08.761 I/BluetoothUtils( 8588): packagename is android.uid.bluetooth:1002 ,and its permission is false
09-01 14:25:08.761 V/bt_stack( 8588): [VERBOSE1:btm_ble_gap.cc(1923)] btm_ble_process_ext_adv_pkt: bda=63:e7:6b:57:ac:90
09-01 14:25:08.761 V/bt_stack( 8588): [VERBOSE1:btm_ble_gap.cc(1847)] btm_ble_process_adv_addr: bda=63:e7:6b:57:ac:90
09-01 14:25:08.761 D/BluetoothUtils( 8588): blockedByLocationOff callingUid=1002
09-01 14:25:08.761 I/BluetoothUtils( 8588): packagename is android.uid.bluetooth:1002 ,and its permission is false
09-01 14:25:08.761 D/BluetoothUtils( 8588): blockedByLocationOff callingUid=1002
09-01 14:25:08.762 D/PhoneStatusBar/NavigationBarView(29730): onDraw
09-01 14:25:08.762 I/BluetoothUtils( 8588): packagename is android.uid.bluetooth:1002 ,and its permission is false
09-01 14:25:08.762 D/BluetoothUtils( 8588): blockedByLocationOff callingUid=1002
09-01 14:25:08.762 I/BluetoothUtils( 8588): packagename is android.uid.bluetooth:1002 ,and its permission is false
09-01 14:25:08.762 D/BluetoothUtils( 8588): blockedByLocationOff callingUid=1002
09-01 14:25:08.762 I/BluetoothUtils( 8588): packagename is android.uid.bluetooth:1002 ,and its permission is false
09-01 14:25:08.765 V/bt_stack( 8588): [VERBOSE1:btm_ble_gap.cc(1923)] btm_ble_process_ext_adv_pkt: bda=0c:1a:06:0e:96:57
09-01 14:25:08.765 V/bt_stack( 8588): [VERBOSE1:btm_ble_gap.cc(1847)] btm_ble_process_adv_addr: bda=0c:1a:06:0e:96:57
09-01 14:25:08.766 D/BluetoothUtils( 8588): blockedByLocationOff callingUid=1002
09-01 14:25:08.766 I/BluetoothUtils( 8588): packagename is android.uid.bluetooth:1002 ,and its permission is false
09-01 14:25:08.766 D/BluetoothUtils( 8588): blockedByLocationOff callingUid=1002
09-01 14:25:08.767 I/BluetoothUtils( 8588): packagename is android.uid.bluetooth:1002 ,and its permission is false
09-01 14:25:08.767 D/BluetoothUtils( 8588): blockedByLocationOff callingUid=1002
09-01 14:25:08.767 I/BluetoothUtils( 8588): packagename is android.uid.bluetooth:1002 ,and its permission is false
09-01 14:25:08.768 V/bt_stack( 8588): [VERBOSE1:btm_ble_gap.cc(1923)] btm_ble_process_ext_adv_pkt: bda=07:88:7e:66:14:b3
09-01 14:25:08.768 V/bt_stack( 8588): [VERBOSE1:btm_ble_gap.cc(1847)] btm_ble_process_adv_addr: bda=07:88:7e:66:14:b3
09-01 14:25:08.771 V/bt_stack( 8588): [VERBOSE1:btm_ble_gap.cc(1923)] btm_ble_process_ext_adv_pkt: bda=77:70:e9:20:dc:cd
09-01 14:25:08.771 V/bt_stack( 8588): [VERBOSE1:btm_ble_gap.cc(1847)] btm_ble_process_adv_addr: bda=77:70:e9:20:dc:cd
09-01 14:25:08.777 D/PerfShielderService( 1639): com.android.systemui|NavigationBar|179|211071732267346|87|0|3
09-01 14:25:08.777 W/MiuiPerfServiceClient( 4664): interceptAndQueuing:29730|com.android.systemui|179|87|unknown|null|NavigationBar|211071732267346|Slow main thread|3
09-01 14:25:08.777 D/QSControlCenterTileLayout(29730): onMeasure height:416  showLines:2
09-01 14:25:08.781 D/QSControlCenterTileLayout(29730): onMeasure height:416  showLines:2
09-01 14:25:08.782 D/BluetoothUtils( 8588): blockedByLocationOff callingUid=1002
09-01 14:25:08.783 I/BluetoothUtils( 8588): packagename is android.uid.bluetooth:1002 ,and its permission is false
09-01 14:25:08.785 D/BluetoothUtils( 8588): blockedByLocationOff callingUid=1002
09-01 14:25:08.785 V/bt_stack( 8588): [VERBOSE1:btm_ble_gap.cc(1923)] btm_ble_process_ext_adv_pkt: bda=72:1f:5b:cb:e4:06
09-01 14:25:08.785 V/bt_stack( 8588): [VERBOSE1:btm_ble_gap.cc(1847)] btm_ble_process_adv_addr: bda=72:1f:5b:cb:e4:06
09-01 14:25:08.785 I/BluetoothUtils( 8588): packagename is android.uid.bluetooth:1002 ,and its permission is false
09-01 14:25:08.785 V/bt_stack( 8588): [VERBOSE1:btm_ble_gap.cc(2052)]  Waiting for scan response 72:1f:5b:cb:e4:06
09-01 14:25:08.785 V/bt_stack( 8588): [VERBOSE1:btm_ble_gap.cc(1923)] btm_ble_process_ext_adv_pkt: bda=24:49:6a:9c:39:02
09-01 14:25:08.785 D/BluetoothUtils( 8588): blockedByLocationOff callingUid=1002
09-01 14:25:08.785 V/bt_stack( 8588): [VERBOSE1:btm_ble_gap.cc(1847)] btm_ble_process_adv_addr: bda=24:49:6a:9c:39:02
09-01 14:25:08.787 I/BluetoothUtils( 8588): packagename is android.uid.bluetooth:1002 ,and its permission is false
09-01 14:25:08.787 I/Timeline( 1639): Timeline: Activity_windows_visible id: ActivityRecord{f973a78 u0 com.xiaomi.hm.health/com.huami.training.ui.detail.FeaturedCourseDetailActivity t477} time:211074804
09-01 14:25:08.788 D/BluetoothUtils( 8588): blockedByLocationOff callingUid=1002
09-01 14:25:08.790 I/BluetoothUtils( 8588): packagename is android.uid.bluetooth:1002 ,and its permission is false
09-01 14:25:08.793 V/bt_stack( 8588): [VERBOSE1:btm_ble_gap.cc(1923)] btm_ble_process_ext_adv_pkt: bda=6c:37:b5:6b:a1:b8
09-01 14:25:08.793 V/bt_stack( 8588): [VERBOSE1:btm_ble_gap.cc(1847)] btm_ble_process_adv_addr: bda=6c:37:b5:6b:a1:b8
09-01 14:25:08.793 V/bt_stack( 8588): [VERBOSE1:btm_ble_gap.cc(2052)]  Waiting for scan response 6c:37:b5:6b:a1:b8
09-01 14:25:08.793 D/BluetoothUtils( 8588): blockedByLocationOff callingUid=1002
09-01 14:25:08.793 V/bt_stack( 8588): [VERBOSE1:btm_ble_gap.cc(1923)] btm_ble_process_ext_adv_pkt: bda=6c:37:b5:6b:a1:b8
09-01 14:25:08.793 V/bt_stack( 8588): [VERBOSE1:btm_ble_gap.cc(1847)] btm_ble_process_adv_addr: bda=6c:37:b5:6b:a1:b8
09-01 14:25:08.793 I/BluetoothUtils( 8588): packagename is android.uid.bluetooth:1002 ,and its permission is false
09-01 14:25:08.793 D/BluetoothUtils( 8588): blockedByLocationOff callingUid=1002
09-01 14:25:08.794 I/BluetoothUtils( 8588): packagename is android.uid.bluetooth:1002 ,and its permission is false
09-01 14:25:08.794 D/BluetoothUtils( 8588): blockedByLocationOff callingUid=1002
09-01 14:25:08.795 I/BluetoothUtils( 8588): packagename is android.uid.bluetooth:1002 ,and its permission is false
09-01 14:25:08.795 D/BluetoothUtils( 8588): blockedByLocationOff callingUid=1002
09-01 14:25:08.795 I/BluetoothUtils( 8588): packagename is android.uid.bluetooth:1002 ,and its permission is false
09-01 14:25:08.795 D/BluetoothUtils( 8588): blockedByLocationOff callingUid=1002
09-01 14:25:08.795 I/BluetoothUtils( 8588): packagename is android.uid.bluetooth:1002 ,and its permission is false
09-01 14:25:08.796 D/BluetoothUtils( 8588): blockedByLocationOff callingUid=1002
09-01 14:25:08.797 I/BluetoothUtils( 8588): packagename is android.uid.bluetooth:1002 ,and its permission is false
09-01 14:25:08.797 D/BluetoothUtils( 8588): blockedByLocationOff callingUid=1002
09-01 14:25:08.797 I/BluetoothUtils( 8588): packagename is android.uid.bluetooth:1002 ,and its permission is false
09-01 14:25:08.797 D/BluetoothUtils( 8588): blockedByLocationOff callingUid=1002
09-01 14:25:08.797 V/KeyguardUpdateMonitor(29730): *** unregister callback for com.android.keyguard.CarrierText$1@83eab13
09-01 14:25:08.797 I/BluetoothUtils( 8588): packagename is android.uid.bluetooth:1002 ,and its permission is false
09-01 14:25:08.798 I/WindowManager( 1639): Screen frozen for +206ms due to Window{76e6f53 u0 com.xiaomi.hm.health/com.huami.training.ui.detail.FeaturedCourseDetailActivity}
09-01 14:25:08.803 V/KeyguardUpdateMonitor(29730): *** unregister callback for com.android.keyguard.CarrierText$1@7faf49
09-01 14:25:08.805 V/KeyguardUpdateMonitor(29730): *** unregister callback for com.android.systemui.BatteryMeterView$1@bd0ab44
09-01 14:25:08.800 W/perf@2.0-servic(  809): type=1400 audit(0.0:63549): avc: denied { search } for name="1639" dev="proc" ino=35541 scontext=u:r:hal_perf_default:s0 tcontext=u:r:system_server:s0 tclass=dir permissive=0
09-01 14:25:08.808 V/bt_stack( 8588): [VERBOSE1:btm_ble_gap.cc(1923)] btm_ble_process_ext_adv_pkt: bda=5d:4a:e1:72:21:47
09-01 14:25:08.808 V/bt_stack( 8588): [VERBOSE1:btm_ble_gap.cc(1847)] btm_ble_process_adv_addr: bda=5d:4a:e1:72:21:47
09-01 14:25:08.808 V/bt_stack( 8588): [VERBOSE1:btm_ble_gap.cc(2052)]  Waiting for scan response 5d:4a:e1:72:21:47
09-01 14:25:08.800 W/perf@2.0-servic(  809): type=1400 audit(0.0:63550): avc: denied { search } for name="1639" dev="proc" ino=35541 scontext=u:r:hal_perf_default:s0 tcontext=u:r:system_server:s0 tclass=dir permissive=0
09-01 14:25:08.821 V/bt_stack( 8588): [VERBOSE1:btm_ble_gap.cc(1923)] btm_ble_process_ext_adv_pkt: bda=45:55:7e:66:6f:d0
09-01 14:25:08.821 V/bt_stack( 8588): [VERBOSE1:btm_ble_gap.cc(1847)] btm_ble_process_adv_addr: bda=45:55:7e:66:6f:d0
09-01 14:25:08.821 V/bt_stack( 8588): [VERBOSE1:btm_ble_gap.cc(2052)]  Waiting for scan response 45:55:7e:66:6f:d0
09-01 14:25:08.821 V/bt_stack( 8588): [VERBOSE1:btm_ble_gap.cc(1923)] btm_ble_process_ext_adv_pkt: bda=11:82:f5:89:45:91
09-01 14:25:08.822 V/bt_stack( 8588): [VERBOSE1:btm_ble_gap.cc(1847)] btm_ble_process_adv_addr: bda=11:82:f5:89:45:91
09-01 14:25:08.822 D/BluetoothUtils( 8588): blockedByLocationOff callingUid=1002
09-01 14:25:08.823 I/BluetoothUtils( 8588): packagename is android.uid.bluetooth:1002 ,and its permission is false
09-01 14:25:08.823 D/BluetoothUtils( 8588): blockedByLocationOff callingUid=1002
09-01 14:25:08.824 I/BluetoothUtils( 8588): packagename is android.uid.bluetooth:1002 ,and its permission is false
09-01 14:25:08.824 D/BluetoothUtils( 8588): blockedByLocationOff callingUid=1002
09-01 14:25:08.824 I/BluetoothUtils( 8588): packagename is android.uid.bluetooth:1002 ,and its permission is false
09-01 14:25:08.829 D/SurfaceUtils( 4088): connecting to surface 0x73e6088010, reason connectToSurface
09-01 14:25:08.830 I/MediaCodec( 4088): [OMX.qcom.video.decoder.avc] setting surface generation to 4186114
09-01 14:25:08.830 D/SurfaceUtils( 4088): disconnecting from surface 0x73e6088010, reason connectToSurface(reconnect)
09-01 14:25:08.830 D/SurfaceUtils( 4088): connecting to surface 0x73e6088010, reason connectToSurface(reconnect)
09-01 14:25:08.830 E/OMX-VDEC-1080P( 1140): Extension: OMX.google.android.index.AndroidNativeBufferConsumerUsage not implemented
09-01 14:25:08.830 D/SurfaceUtils( 4088): set up nativeWindow 0x73e6088010 for 960x544, color 0x7fa30c06, rotation 0, usage 0x20002900
09-01 14:25:08.831 D/SurfaceUtils( 4088): disconnecting from surface 0x73e6087010, reason disconnectFromSurface
09-01 14:25:08.834 V/bt_stack( 8588): [VERBOSE1:btm_ble_gap.cc(1923)] btm_ble_process_ext_adv_pkt: bda=6c:37:b5:6b:a1:b8
09-01 14:25:08.834 V/bt_stack( 8588): [VERBOSE1:btm_ble_gap.cc(1847)] btm_ble_process_adv_addr: bda=6c:37:b5:6b:a1:b8
09-01 14:25:08.834 V/bt_stack( 8588): [VERBOSE1:btm_ble_gap.cc(2052)]  Waiting for scan response 6c:37:b5:6b:a1:b8
09-01 14:25:08.834 V/bt_stack( 8588): [VERBOSE1:btm_ble_gap.cc(1923)] btm_ble_process_ext_adv_pkt: bda=25:4e:aa:3f:5d:41
09-01 14:25:08.834 V/bt_stack( 8588): [VERBOSE1:btm_ble_gap.cc(1847)] btm_ble_process_adv_addr: bda=25:4e:aa:3f:5d:41
09-01 14:25:08.835 V/bt_stack( 8588): [VERBOSE1:btm_ble_gap.cc(1923)] btm_ble_process_ext_adv_pkt: bda=0a:29:89:b7:c8:4a
09-01 14:25:08.835 V/bt_stack( 8588): [VERBOSE1:btm_ble_gap.cc(1847)] btm_ble_process_adv_addr: bda=0a:29:89:b7:c8:4a
09-01 14:25:08.835 D/BluetoothUtils( 8588): blockedByLocationOff callingUid=1002
09-01 14:25:08.836 I/BluetoothUtils( 8588): packagename is android.uid.bluetooth:1002 ,and its permission is false
09-01 14:25:08.836 D/BluetoothUtils( 8588): blockedByLocationOff callingUid=1002
09-01 14:25:08.836 I/BluetoothUtils( 8588): packagename is android.uid.bluetooth:1002 ,and its permission is false
09-01 14:25:08.836 D/BluetoothUtils( 8588): blockedByLocationOff callingUid=1002
09-01 14:25:08.836 I/BluetoothUtils( 8588): packagename is android.uid.bluetooth:1002 ,and its permission is false
09-01 14:25:08.837 D/BluetoothUtils( 8588): blockedByLocationOff callingUid=1002
09-01 14:25:08.838 I/BluetoothUtils( 8588): packagename is android.uid.bluetooth:1002 ,and its permission is false
09-01 14:25:08.838 D/BluetoothUtils( 8588): blockedByLocationOff callingUid=1002
09-01 14:25:08.838 I/BluetoothUtils( 8588): packagename is android.uid.bluetooth:1002 ,and its permission is false
09-01 14:25:08.838 D/BluetoothUtils( 8588): blockedByLocationOff callingUid=1002
09-01 14:25:08.838 D/OpenGLRenderer( 4088): endAllActiveAnimators on 0x73e610dc00 (RippleDrawable) with handle 0x7417b74a00
09-01 14:25:08.839 I/BluetoothUtils( 8588): packagename is android.uid.bluetooth:1002 ,and its permission is false
09-01 14:25:08.846 V/bt_stack( 8588): [VERBOSE1:btm_ble_gap.cc(1923)] btm_ble_process_ext_adv_pkt: bda=d0:24:10:d7:5b:bc
09-01 14:25:08.846 V/bt_stack( 8588): [VERBOSE1:btm_ble_gap.cc(1847)] btm_ble_process_adv_addr: bda=d0:24:10:d7:5b:bc
09-01 14:25:08.846 V/bt_stack( 8588): [VERBOSE1:btm_ble_gap.cc(2052)]  Waiting for scan response d0:24:10:d7:5b:bc
09-01 14:25:08.846 V/bt_stack( 8588): [VERBOSE1:btm_ble_gap.cc(1923)] btm_ble_process_ext_adv_pkt: bda=d0:24:10:d7:5b:bc
09-01 14:25:08.846 V/bt_stack( 8588): [VERBOSE1:btm_ble_gap.cc(1847)] btm_ble_process_adv_addr: bda=d0:24:10:d7:5b:bc
09-01 14:25:08.847 D/StackScroller(29730): applyCurrentState
09-01 14:25:08.848 D/BluetoothUtils( 8588): blockedByLocationOff callingUid=1002
