09-01 14:25:10.658 I/BluetoothUtils( 8588): packagename is android.uid.bluetooth:1002 ,and its permission is false
09-01 14:25:10.658 D/BluetoothUtils( 8588): blockedByLocationOff callingUid=1002
09-01 14:25:10.658 I/BluetoothUtils( 8588): packagename is android.uid.bluetooth:1002 ,and its permission is false
09-01 14:25:10.658 D/BluetoothUtils( 8588): blockedByLocationOff callingUid=1002
09-01 14:25:10.658 I/BluetoothUtils( 8588): packagename is android.uid.bluetooth:1002 ,and its permission is false
09-01 14:25:10.672 V/bt_stack( 8588): [VERBOSE1:btm_ble_gap.cc(1923)] btm_ble_process_ext_adv_pkt: bda=63:e7:6b:57:ac:90
09-01 14:25:10.672 V/bt_stack( 8588): [VERBOSE1:btm_ble_gap.cc(1847)] btm_ble_process_adv_addr: bda=63:e7:6b:57:ac:90
09-01 14:25:10.672 V/bt_stack( 8588): [VERBOSE1:btm_ble_gap.cc(2052)]  Waiting for scan response 63:e7:6b:57:ac:90
09-01 14:25:10.682 V/bt_stack( 8588): [VERBOSE1:btm_ble_gap.cc(1923)] btm_ble_process_ext_adv_pkt: bda=77:60:99:3a:74:d9
09-01 14:25:10.683 V/bt_stack( 8588): [VERBOSE1:btm_ble_gap.cc(1847)] btm_ble_process_adv_addr: bda=77:60:99:3a:74:d9
09-01 14:25:10.683 V/bt_stack( 8588): [VERBOSE1:btm_ble_gap.cc(2052)]  Waiting for scan response 77:60:99:3a:74:d9
09-01 14:25:10.701 V/bt_stack( 8588): [VERBOSE1:btm_ble_gap.cc(1923)] btm_ble_process_ext_adv_pkt: bda=d8:24:53:f3:9b:81
09-01 14:25:10.701 V/bt_stack( 8588): [VERBOSE1:btm_ble_gap.cc(1847)] btm_ble_process_adv_addr: bda=d8:24:53:f3:9b:81
09-01 14:25:10.701 V/bt_stack( 8588): [VERBOSE1:btm_ble_gap.cc(2052)]  Waiting for scan response d8:24:53:f3:9b:81
09-01 14:25:10.708 V/bt_stack( 8588): [VERBOSE1:btm_ble_gap.cc(1923)] btm_ble_process_ext_adv_pkt: bda=3c:22:fb:6a:ee:2c
09-01 14:25:10.708 V/bt_stack( 8588): [VERBOSE1:btm_ble_gap.cc(1847)] btm_ble_process_adv_addr: bda=3c:22:fb:6a:ee:2c
09-01 14:25:10.708 V/bt_stack( 8588): [VERBOSE1:btm_ble_gap.cc(2052)]  Waiting for scan response 3c:22:fb:6a:ee:2c
09-01 14:25:10.708 V/bt_stack( 8588): [VERBOSE1:btm_ble_gap.cc(1923)] btm_ble_process_ext_adv_pkt: bda=12:1c:38:cd:04:e8
09-01 14:25:10.708 V/bt_stack( 8588): [VERBOSE1:btm_ble_gap.cc(1847)] btm_ble_process_adv_addr: bda=12:1c:38:cd:04:e8
09-01 14:25:10.710 D/BluetoothUtils( 8588): blockedByLocationOff callingUid=1002
09-01 14:25:10.710 I/BluetoothUtils( 8588): packagename is android.uid.bluetooth:1002 ,and its permission is false
09-01 14:25:10.710 D/BluetoothUtils( 8588): blockedByLocationOff callingUid=1002
09-01 14:25:10.710 I/BluetoothUtils( 8588): packagename is android.uid.bluetooth:1002 ,and its permission is false
09-01 14:25:10.711 D/BluetoothUtils( 8588): blockedByLocationOff callingUid=1002
09-01 14:25:10.711 I/BluetoothUtils( 8588): packagename is android.uid.bluetooth:1002 ,and its permission is false
09-01 14:25:10.711 V/bt_stack( 8588): [VERBOSE1:btm_ble_gap.cc(1923)] btm_ble_process_ext_adv_pkt: bda=1d:3e:e9:7a:79:4a
09-01 14:25:10.711 V/bt_stack( 8588): [VERBOSE1:btm_ble_gap.cc(1847)] btm_ble_process_adv_addr: bda=1d:3e:e9:7a:79:4a
09-01 14:25:10.713 D/BluetoothUtils( 8588): blockedByLocationOff callingUid=1002
09-01 14:25:10.714 I/BluetoothUtils( 8588): packagename is android.uid.bluetooth:1002 ,and its permission is false
09-01 14:25:10.714 D/BluetoothUtils( 8588): blockedByLocationOff callingUid=1002
09-01 14:25:10.714 I/BluetoothUtils( 8588): packagename is android.uid.bluetooth:1002 ,and its permission is false
09-01 14:25:10.714 D/BluetoothUtils( 8588): blockedByLocationOff callingUid=1002
09-01 14:25:10.714 I/BluetoothUtils( 8588): packagename is android.uid.bluetooth:1002 ,and its permission is false
09-01 14:25:10.716 V/bt_stack( 8588): [VERBOSE1:btm_ble_gap.cc(1923)] btm_ble_process_ext_adv_pkt: bda=3a:23:cb:4a:85:2d
09-01 14:25:10.716 V/bt_stack( 8588): [VERBOSE1:btm_ble_gap.cc(1847)] btm_ble_process_adv_addr: bda=3a:23:cb:4a:85:2d
09-01 14:25:10.717 D/BluetoothUtils( 8588): blockedByLocationOff callingUid=1002
09-01 14:25:10.718 V/bt_stack( 8588): [VERBOSE1:btm_ble_gap.cc(1923)] btm_ble_process_ext_adv_pkt: bda=45:55:7e:66:6f:d0
09-01 14:25:10.718 V/bt_stack( 8588): [VERBOSE1:btm_ble_gap.cc(1847)] btm_ble_process_adv_addr: bda=45:55:7e:66:6f:d0
09-01 14:25:10.718 V/bt_stack( 8588): [VERBOSE1:btm_ble_gap.cc(2052)]  Waiting for scan response 45:55:7e:66:6f:d0
09-01 14:25:10.718 I/BluetoothUtils( 8588): packagename is android.uid.bluetooth:1002 ,and its permission is false
09-01 14:25:10.718 D/BluetoothUtils( 8588): blockedByLocationOff callingUid=1002
09-01 14:25:10.718 V/bt_stack( 8588): [VERBOSE1:btm_ble_gap.cc(1923)] btm_ble_process_ext_adv_pkt: bda=45:55:7e:66:6f:d0
09-01 14:25:10.718 V/bt_stack( 8588): [VERBOSE1:btm_ble_gap.cc(1847)] btm_ble_process_adv_addr: bda=45:55:7e:66:6f:d0
09-01 14:25:10.718 I/BluetoothUtils( 8588): packagename is android.uid.bluetooth:1002 ,and its permission is false
09-01 14:25:10.718 D/BluetoothUtils( 8588): blockedByLocationOff callingUid=1002
09-01 14:25:10.719 I/BluetoothUtils( 8588): packagename is android.uid.bluetooth:1002 ,and its permission is false
09-01 14:25:10.719 D/BluetoothUtils( 8588): blockedByLocationOff callingUid=1002
09-01 14:25:10.720 I/BluetoothUtils( 8588): packagename is android.uid.bluetooth:1002 ,and its permission is false
09-01 14:25:10.720 D/BluetoothUtils( 8588): blockedByLocationOff callingUid=1002
09-01 14:25:10.720 I/BluetoothUtils( 8588): packagename is android.uid.bluetooth:1002 ,and its permission is false
09-01 14:25:10.720 D/BluetoothUtils( 8588): blockedByLocationOff callingUid=1002
09-01 14:25:10.720 I/BluetoothUtils( 8588): packagename is android.uid.bluetooth:1002 ,and its permission is false
09-01 14:25:10.721 V/bt_stack( 8588): [VERBOSE1:btm_ble_gap.cc(1923)] btm_ble_process_ext_adv_pkt: bda=0a:29:89:b7:c8:4a
09-01 14:25:10.721 V/bt_stack( 8588): [VERBOSE1:btm_ble_gap.cc(1847)] btm_ble_process_adv_addr: bda=0a:29:89:b7:c8:4a
09-01 14:25:10.721 D/BluetoothUtils( 8588): blockedByLocationOff callingUid=1002
09-01 14:25:10.722 I/BluetoothUtils( 8588): packagename is android.uid.bluetooth:1002 ,and its permission is false
09-01 14:25:10.722 D/BluetoothUtils( 8588): blockedByLocationOff callingUid=1002
09-01 14:25:10.722 I/BluetoothUtils( 8588): packagename is android.uid.bluetooth:1002 ,and its permission is false
09-01 14:25:10.722 D/BluetoothUtils( 8588): blockedByLocationOff callingUid=1002
09-01 14:25:10.722 I/BluetoothUtils( 8588): packagename is android.uid.bluetooth:1002 ,and its permission is false
09-01 14:25:10.723 I//system/vendor/bin/mi_thermald( 1070): thermal_cpu_set_level: set cpu freq of cpu7 to 2419200
09-01 14:25:10.731 V/bt_stack( 8588): [VERBOSE1:btm_ble_gap.cc(1923)] btm_ble_process_ext_adv_pkt: bda=6c:37:b5:6b:a1:b8
09-01 14:25:10.731 V/bt_stack( 8588): [VERBOSE1:btm_ble_gap.cc(1847)] btm_ble_process_adv_addr: bda=6c:37:b5:6b:a1:b8
09-01 14:25:10.731 V/bt_stack( 8588): [VERBOSE1:btm_ble_gap.cc(2052)]  Waiting for scan response 6c:37:b5:6b:a1:b8
09-01 14:25:10.734 V/bt_stack( 8588): [VERBOSE1:btm_ble_gap.cc(1923)] btm_ble_process_ext_adv_pkt: bda=71:d8:ac:89:39:0d
09-01 14:25:10.734 V/bt_stack( 8588): [VERBOSE1:btm_ble_gap.cc(1847)] btm_ble_process_adv_addr: bda=71:d8:ac:89:39:0d
09-01 14:25:10.734 V/bt_stack( 8588): [VERBOSE1:btm_ble_gap.cc(2052)]  Waiting for scan response 71:d8:ac:89:39:0d
09-01 14:25:10.734 V/bt_stack( 8588): [VERBOSE1:btm_ble_gap.cc(1923)] btm_ble_process_ext_adv_pkt: bda=71:d8:ac:89:39:0d
09-01 14:25:10.734 V/bt_stack( 8588): [VERBOSE1:btm_ble_gap.cc(1847)] btm_ble_process_adv_addr: bda=71:d8:ac:89:39:0d
09-01 14:25:10.735 D/BluetoothUtils( 8588): blockedByLocationOff callingUid=1002
09-01 14:25:10.735 I/BluetoothUtils( 8588): packagename is android.uid.bluetooth:1002 ,and its permission is false
09-01 14:25:10.735 D/BluetoothUtils( 8588): blockedByLocationOff callingUid=1002
09-01 14:25:10.736 I/BluetoothUtils( 8588): packagename is android.uid.bluetooth:1002 ,and its permission is false
09-01 14:25:10.736 D/BluetoothUtils( 8588): blockedByLocationOff callingUid=1002
09-01 14:25:10.737 I/BluetoothUtils( 8588): packagename is android.uid.bluetooth:1002 ,and its permission is false
09-01 14:25:10.743 I/Timeline( 1639): Timeline: Activity_windows_visible id: ActivityRecord{7330006 u0 com.xiaomi.hm.health/com.huami.training.ui.joined.JoinedCourseListActivity t477} time:211076760
09-01 14:25:10.744 D/EventBus(29730): [29730, u0] send(AppTransitionFinishedEvent)
09-01 14:25:10.745 D/EventBus(29730): [29730, u0]  -> ForcedResizableInfoActivityController [0xc4c1163, P1] onBusEvent(AppTransitionFinishedEvent)
09-01 14:25:10.745 D/EventBus(29730): [29730, u0] onBusEvent(AppTransitionFinishedEvent) duration: 40 microseconds, avg: 39
09-01 14:25:10.745 I/Timeline( 1639): Timeline: App_transition_stopped time:211076762
09-01 14:25:10.745 D/EventBus(29730): [29730, u0] send(AppTransitionFinishedEvent)
09-01 14:25:10.745 D/EventBus(29730): [29730, u0]  -> ForcedResizableInfoActivityController [0xc4c1163, P1] onBusEvent(AppTransitionFinishedEvent)
09-01 14:25:10.745 D/EventBus(29730): [29730, u0] onBusEvent(AppTransitionFinishedEvent) duration: 14 microseconds, avg: 39
09-01 14:25:10.748 I/SplashScreenServiceDelegate( 1639): None for com.xiaomi.hm.health
09-01 14:25:10.748 V/bt_stack( 8588): [VERBOSE1:btm_ble_gap.cc(1923)] btm_ble_process_ext_adv_pkt: bda=10:42:5e:92:d4:eb
09-01 14:25:10.748 V/bt_stack( 8588): [VERBOSE1:btm_ble_gap.cc(1847)] btm_ble_process_adv_addr: bda=10:42:5e:92:d4:eb
09-01 14:25:10.749 D/BluetoothUtils( 8588): blockedByLocationOff callingUid=1002
09-01 14:25:10.749 I/BluetoothUtils( 8588): packagename is android.uid.bluetooth:1002 ,and its permission is false
09-01 14:25:10.750 D/BluetoothUtils( 8588): blockedByLocationOff callingUid=1002
09-01 14:25:10.750 I/BluetoothUtils( 8588): packagename is android.uid.bluetooth:1002 ,and its permission is false
09-01 14:25:10.750 D/BluetoothUtils( 8588): blockedByLocationOff callingUid=1002
09-01 14:25:10.750 I/BluetoothUtils( 8588): packagename is android.uid.bluetooth:1002 ,and its permission is false
09-01 14:25:10.753 V/bt_stack( 8588): [VERBOSE1:btm_ble_gap.cc(1923)] btm_ble_process_ext_adv_pkt: bda=56:23:e7:94:9e:a9
09-01 14:25:10.753 V/bt_stack( 8588): [VERBOSE1:btm_ble_gap.cc(1847)] btm_ble_process_adv_addr: bda=56:23:e7:94:9e:a9
09-01 14:25:10.753 V/bt_stack( 8588): [VERBOSE1:btm_ble_gap.cc(2052)]  Waiting for scan response 56:23:e7:94:9e:a9
09-01 14:25:10.753 V/bt_stack( 8588): [VERBOSE1:btm_ble_gap.cc(1923)] btm_ble_process_ext_adv_pkt: bda=56:23:e7:94:9e:a9
09-01 14:25:10.753 V/bt_stack( 8588): [VERBOSE1:btm_ble_gap.cc(1847)] btm_ble_process_adv_addr: bda=56:23:e7:94:9e:a9
09-01 14:25:10.754 D/BluetoothUtils( 8588): blockedByLocationOff callingUid=1002
09-01 14:25:10.755 I/BluetoothUtils( 8588): packagename is android.uid.bluetooth:1002 ,and its permission is false
09-01 14:25:10.755 D/BluetoothUtils( 8588): blockedByLocationOff callingUid=1002
09-01 14:25:10.755 I/BluetoothUtils( 8588): packagename is android.uid.bluetooth:1002 ,and its permission is false
09-01 14:25:10.755 D/BluetoothUtils( 8588): blockedByLocationOff callingUid=1002
09-01 14:25:10.756 I/BluetoothUtils( 8588): packagename is android.uid.bluetooth:1002 ,and its permission is false
09-01 14:25:10.756 V/bt_stack( 8588): [VERBOSE1:btm_ble_gap.cc(1923)] btm_ble_process_ext_adv_pkt: bda=2e:17:70:f9:0b:48
09-01 14:25:10.756 V/bt_stack( 8588): [VERBOSE1:btm_ble_gap.cc(1847)] btm_ble_process_adv_addr: bda=2e:17:70:f9:0b:48
09-01 14:25:10.757 D/BluetoothUtils( 8588): blockedByLocationOff callingUid=1002
09-01 14:25:10.757 I/BluetoothUtils( 8588): packagename is android.uid.bluetooth:1002 ,and its permission is false
09-01 14:25:10.757 D/BluetoothUtils( 8588): blockedByLocationOff callingUid=1002
09-01 14:25:10.758 I/BluetoothUtils( 8588): packagename is android.uid.bluetooth:1002 ,and its permission is false
09-01 14:25:10.758 D/BluetoothUtils( 8588): blockedByLocationOff callingUid=1002
09-01 14:25:10.758 I/BluetoothUtils( 8588): packagename is android.uid.bluetooth:1002 ,and its permission is false
09-01 14:25:10.771 V/bt_stack( 8588): [VERBOSE1:btm_ble_gap.cc(1923)] btm_ble_process_ext_adv_pkt: bda=c0:7b:91:69:8b:04
09-01 14:25:10.771 V/bt_stack( 8588): [VERBOSE1:btm_ble_gap.cc(1847)] btm_ble_process_adv_addr: bda=c0:7b:91:69:8b:04
09-01 14:25:10.771 V/bt_stack( 8588): [VERBOSE1:btm_ble_gap.cc(2052)]  Waiting for scan response c0:7b:91:69:8b:04
09-01 14:25:10.771 V/bt_stack( 8588): [VERBOSE1:btm_ble_gap.cc(1923)] btm_ble_process_ext_adv_pkt: bda=59:bb:67:f0:94:3c
09-01 14:25:10.771 V/bt_stack( 8588): [VERBOSE1:btm_ble_gap.cc(1847)] btm_ble_process_adv_addr: bda=59:bb:67:f0:94:3c
09-01 14:25:10.772 V/bt_stack( 8588): [VERBOSE1:btm_ble_gap.cc(1923)] btm_ble_process_ext_adv_pkt: bda=33:55:74:83:d5:3a
09-01 14:25:10.772 V/bt_stack( 8588): [VERBOSE1:btm_ble_gap.cc(1847)] btm_ble_process_adv_addr: bda=33:55:74:83:d5:3a
09-01 14:25:10.777 D/BluetoothUtils( 8588): blockedByLocationOff callingUid=1002
09-01 14:25:10.777 I/BluetoothUtils( 8588): packagename is android.uid.bluetooth:1002 ,and its permission is false
09-01 14:25:10.777 D/BluetoothUtils( 8588): blockedByLocationOff callingUid=1002
09-01 14:25:10.777 I/BluetoothUtils( 8588): packagename is android.uid.bluetooth:1002 ,and its permission is false
09-01 14:25:10.777 D/BluetoothUtils( 8588): blockedByLocationOff callingUid=1002
09-01 14:25:10.777 I/BluetoothUtils( 8588): packagename is android.uid.bluetooth:1002 ,and its permission is false
09-01 14:25:10.779 D/BluetoothUtils( 8588): blockedByLocationOff callingUid=1002
09-01 14:25:10.779 I/BluetoothUtils( 8588): packagename is android.uid.bluetooth:1002 ,and its permission is false
09-01 14:25:10.779 D/BluetoothUtils( 8588): blockedByLocationOff callingUid=1002
09-01 14:25:10.780 I/BluetoothUtils( 8588): packagename is android.uid.bluetooth:1002 ,and its permission is false
09-01 14:25:10.780 D/BluetoothUtils( 8588): blockedByLocationOff callingUid=1002
09-01 14:25:10.780 I/BluetoothUtils( 8588): packagename is android.uid.bluetooth:1002 ,and its permission is false
09-01 14:25:10.781 D/ConnectivityService( 1639): releasing NetworkRequest [ TRACK_DEFAULT id=213, [ Capabilities: INTERNET&NOT_RESTRICTED&TRUSTED Uid: 10241] ] (release request)
09-01 14:25:10.781 D/EventBus(29730): [29730, u0] send(AppTransitionFinishedEvent)
09-01 14:25:10.781 D/EventBus(29730): [29730, u0]  -> ForcedResizableInfoActivityController [0xc4c1163, P1] onBusEvent(AppTransitionFinishedEvent)
09-01 14:25:10.781 D/EventBus(29730): [29730, u0] onBusEvent(AppTransitionFinishedEvent) duration: 22 microseconds, avg: 39
09-01 14:25:10.782 E/chromium( 4088): [ERROR:aw_browser_terminator.cc(125)] Renderer process (4582) crash detected (code -1).
09-01 14:25:10.785 V/bt_stack( 8588): [VERBOSE1:btm_ble_gap.cc(1923)] btm_ble_process_ext_adv_pkt: bda=67:ec:83:7e:42:50
09-01 14:25:10.785 V/bt_stack( 8588): [VERBOSE1:btm_ble_gap.cc(1847)] btm_ble_process_adv_addr: bda=67:ec:83:7e:42:50
09-01 14:25:10.785 V/bt_stack( 8588): [VERBOSE1:btm_ble_gap.cc(2052)]  Waiting for scan response 67:ec:83:7e:42:50
09-01 14:25:10.785 V/bt_stack( 8588): [VERBOSE1:btm_ble_gap.cc(1923)] btm_ble_process_ext_adv_pkt: bda=67:ec:83:7e:42:50
09-01 14:25:10.785 V/bt_stack( 8588): [VERBOSE1:btm_ble_gap.cc(1847)] btm_ble_process_adv_addr: bda=67:ec:83:7e:42:50
09-01 14:25:10.786 I/hwservicemanager(  573): getTransport: Cannot find entry vendor.qti.hardware.servicetracker@1.0::IServicetracker/default in either framework or device manifest.
09-01 14:25:10.787 D/BluetoothUtils( 8588): blockedByLocationOff callingUid=1002
09-01 14:25:10.787 I/BluetoothUtils( 8588): packagename is android.uid.bluetooth:1002 ,and its permission is false
09-01 14:25:10.787 D/BluetoothUtils( 8588): blockedByLocationOff callingUid=1002
09-01 14:25:10.787 I/BluetoothUtils( 8588): packagename is android.uid.bluetooth:1002 ,and its permission is false
09-01 14:25:10.787 D/BluetoothUtils( 8588): blockedByLocationOff callingUid=1002
09-01 14:25:10.787 I/BluetoothUtils( 8588): packagename is android.uid.bluetooth:1002 ,and its permission is false
09-01 14:25:10.789 I/set_top_app( 1639): success /proc/4582/top_app:0
09-01 14:25:10.790 I/appium  ( 4037): AppiumResponse: {"sessionId":"f0ce778c-9a08-42fe-b827-2bc440618298","value":{"ELEMENT":"28998dcc-15f7-48de-8e18-3e486704a01f","element-6066-11e4-a52e-4f735466cecf":"28998dcc-15f7-48de-8e18-3e486704a01f"}}
09-01 14:25:10.791 I/MiuiNetworkPolicy( 1639): updateUidState uid = 99013, uidState = 18
09-01 14:25:10.791 I/MiuiNetworkPolicy( 1639): updateMLUid uid:99013,old:4,new:18
09-01 14:25:10.791 I/hwservicemanager(  573): getTransport: Cannot find entry vendor.qti.hardware.servicetracker@1.0::IServicetracker/default in either framework or device manifest.
09-01 14:25:10.793 V/bt_stack( 8588): [VERBOSE1:btm_ble_gap.cc(1923)] btm_ble_process_ext_adv_pkt: bda=53:56:a8:ef:e5:80
09-01 14:25:10.794 V/bt_stack( 8588): [VERBOSE1:btm_ble_gap.cc(1847)] btm_ble_process_adv_addr: bda=53:56:a8:ef:e5:80
09-01 14:25:10.794 V/bt_stack( 8588): [VERBOSE1:btm_ble_gap.cc(2052)]  Waiting for scan response 53:56:a8:ef:e5:80
09-01 14:25:10.794 V/bt_stack( 8588): [VERBOSE1:btm_ble_gap.cc(1923)] btm_ble_process_ext_adv_pkt: bda=53:56:a8:ef:e5:80
09-01 14:25:10.794 V/bt_stack( 8588): [VERBOSE1:btm_ble_gap.cc(1847)] btm_ble_process_adv_addr: bda=53:56:a8:ef:e5:80
09-01 14:25:10.794 D/BluetoothUtils( 8588): blockedByLocationOff callingUid=1002
09-01 14:25:10.795 I/BluetoothUtils( 8588): packagename is android.uid.bluetooth:1002 ,and its permission is false
09-01 14:25:10.795 D/BluetoothUtils( 8588): blockedByLocationOff callingUid=1002
09-01 14:25:10.795 I/BluetoothUtils( 8588): packagename is android.uid.bluetooth:1002 ,and its permission is false
09-01 14:25:10.795 D/BluetoothUtils( 8588): blockedByLocationOff callingUid=1002
09-01 14:25:10.795 I/BluetoothUtils( 8588): packagename is android.uid.bluetooth:1002 ,and its permission is false
09-01 14:25:10.796 I/Zygote  ( 2583): Process 4582 exited cleanly (0)
09-01 14:25:10.800 V/bt_stack( 8588): [VERBOSE1:btm_ble_gap.cc(1923)] btm_ble_process_ext_adv_pkt: bda=30:b8:83:fe:c9:1f
09-01 14:25:10.800 V/bt_stack( 8588): [VERBOSE1:btm_ble_gap.cc(1847)] btm_ble_process_adv_addr: bda=30:b8:83:fe:c9:1f
09-01 14:25:10.801 D/BluetoothUtils( 8588): blockedByLocationOff callingUid=1002
09-01 14:25:10.801 I/BluetoothUtils( 8588): packagename is android.uid.bluetooth:1002 ,and its permission is false
09-01 14:25:10.801 D/BluetoothUtils( 8588): blockedByLocationOff callingUid=1002
09-01 14:25:10.801 I/BluetoothUtils( 8588): packagename is android.uid.bluetooth:1002 ,and its permission is false
09-01 14:25:10.801 D/BluetoothUtils( 8588): blockedByLocationOff callingUid=1002
09-01 14:25:10.801 I/BluetoothUtils( 8588): packagename is android.uid.bluetooth:1002 ,and its permission is false
09-01 14:25:10.807 W/ActivityManager( 1639): Exception when unbinding service com.xiaomi.hm.health/org.chromium.content.app.SandboxedProcessService0:2
09-01 14:25:10.807 W/ActivityManager( 1639): android.os.DeadObjectException
09-01 14:25:10.807 W/ActivityManager( 1639): 	at android.os.BinderProxy.transactNative(Native Method)
09-01 14:25:10.807 W/ActivityManager( 1639): 	at android.os.BinderProxy.transact(BinderProxy.java:510)
09-01 14:25:10.807 W/ActivityManager( 1639): 	at android.app.IApplicationThread$Stub$Proxy.scheduleUnbindService(IApplicationThread.java:1627)
09-01 14:25:10.807 W/ActivityManager( 1639): 	at com.android.server.am.ActiveServices.removeConnectionLocked(ActiveServices.java:3392)
09-01 14:25:10.807 W/ActivityManager( 1639): 	at com.android.server.am.ActiveServices.unbindServiceLocked(ActiveServices.java:2044)
09-01 14:25:10.807 W/ActivityManager( 1639): 	at com.android.server.am.ActivityManagerService.unbindService(ActivityManagerService.java:14492)
09-01 14:25:10.807 W/ActivityManager( 1639): 	at android.app.IActivityManager$Stub.onTransact(IActivityManager.java:2332)
09-01 14:25:10.807 W/ActivityManager( 1639): 	at com.android.server.am.ActivityManagerService.onTransact(ActivityManagerService.java:2795)
09-01 14:25:10.807 W/ActivityManager( 1639): 	at android.os.Binder.execTransactInternal(Binder.java:1021)
09-01 14:25:10.807 W/ActivityManager( 1639): 	at android.os.Binder.execTransact(Binder.java:994)
09-01 14:25:10.813 I/ActivityManager( 1639): Killing 28557:com.android.soundrecorder/u0a87 (adj 999): empty #31
09-01 14:25:10.815 W/lowmemorykiller(  867): Failed to open /proc/4582/oom_score_adj; errno=2: process 4582 might have been killed
09-01 14:25:10.823 V/bt_stack( 8588): [VERBOSE1:btm_ble_gap.cc(1923)] btm_ble_process_ext_adv_pkt: bda=66:3e:07:e0:2b:d4
09-01 14:25:10.823 V/bt_stack( 8588): [VERBOSE1:btm_ble_gap.cc(1847)] btm_ble_process_adv_addr: bda=66:3e:07:e0:2b:d4
09-01 14:25:10.823 V/bt_stack( 8588): [VERBOSE1:btm_ble_gap.cc(2052)]  Waiting for scan response 66:3e:07:e0:2b:d4
09-01 14:25:10.823 V/bt_stack( 8588): [VERBOSE1:btm_ble_gap.cc(1923)] btm_ble_process_ext_adv_pkt: bda=25:4e:aa:3f:5d:41
09-01 14:25:10.823 V/bt_stack( 8588): [VERBOSE1:btm_ble_gap.cc(1847)] btm_ble_process_adv_addr: bda=25:4e:aa:3f:5d:41
09-01 14:25:10.824 D/BluetoothUtils( 8588): blockedByLocationOff callingUid=1002
09-01 14:25:10.824 V/bt_stack( 8588): [VERBOSE1:btm_ble_gap.cc(1923)] btm_ble_process_ext_adv_pkt: bda=35:08:67:20:13:25
09-01 14:25:10.824 V/bt_stack( 8588): [VERBOSE1:btm_ble_gap.cc(1847)] btm_ble_process_adv_addr: bda=35:08:67:20:13:25
09-01 14:25:10.824 I/BluetoothUtils( 8588): packagename is android.uid.bluetooth:1002 ,and its permission is false
09-01 14:25:10.824 D/BluetoothUtils( 8588): blockedByLocationOff callingUid=1002
09-01 14:25:10.824 I/BluetoothUtils( 8588): packagename is android.uid.bluetooth:1002 ,and its permission is false
09-01 14:25:10.825 D/BluetoothUtils( 8588): blockedByLocationOff callingUid=1002
09-01 14:25:10.825 I/BluetoothUtils( 8588): packagename is android.uid.bluetooth:1002 ,and its permission is false
09-01 14:25:10.825 D/BluetoothUtils( 8588): blockedByLocationOff callingUid=1002
09-01 14:25:10.827 I/BluetoothUtils( 8588): packagename is android.uid.bluetooth:1002 ,and its permission is false
09-01 14:25:10.827 D/BluetoothUtils( 8588): blockedByLocationOff callingUid=1002
09-01 14:25:10.827 I/BluetoothUtils( 8588): packagename is android.uid.bluetooth:1002 ,and its permission is false
09-01 14:25:10.827 D/BluetoothUtils( 8588): blockedByLocationOff callingUid=1002
09-01 14:25:10.827 I/BluetoothUtils( 8588): packagename is android.uid.bluetooth:1002 ,and its permission is false
09-01 14:25:10.828 V/bt_stack( 8588): [VERBOSE1:btm_ble_gap.cc(1923)] btm_ble_process_ext_adv_pkt: bda=36:c9:49:a0:b6:9d
09-01 14:25:10.828 V/bt_stack( 8588): [VERBOSE1:btm_ble_gap.cc(1847)] btm_ble_process_adv_addr: bda=36:c9:49:a0:b6:9d
09-01 14:25:10.828 I/appium  ( 4037): channel read invoked!
09-01 14:25:10.828 V/bt_stack( 8588): [VERBOSE1:btm_ble_gap.cc(1923)] btm_ble_process_ext_adv_pkt: bda=0a:29:89:b7:c8:4a
09-01 14:25:10.829 V/bt_stack( 8588): [VERBOSE1:btm_ble_gap.cc(1847)] btm_ble_process_adv_addr: bda=0a:29:89:b7:c8:4a
09-01 14:25:10.829 D/BluetoothUtils( 8588): blockedByLocationOff callingUid=1002
09-01 14:25:10.829 I/BluetoothUtils( 8588): packagename is android.uid.bluetooth:1002 ,and its permission is false
09-01 14:25:10.829 D/BluetoothUtils( 8588): blockedByLocationOff callingUid=1002
09-01 14:25:10.829 I/appium  ( 4037): channel read: POST /wd/hub/session/f0ce778c-9a08-42fe-b827-2bc440618298/element
09-01 14:25:10.829 I/BluetoothUtils( 8588): packagename is android.uid.bluetooth:1002 ,and its permission is false
09-01 14:25:10.829 D/BluetoothUtils( 8588): blockedByLocationOff callingUid=1002
09-01 14:25:10.830 I/BluetoothUtils( 8588): packagename is android.uid.bluetooth:1002 ,and its permission is false
09-01 14:25:10.830 V/bt_stack( 8588): [VERBOSE1:btm_ble_gap.cc(1923)] btm_ble_process_ext_adv_pkt: bda=11:82:f5:89:45:91
09-01 14:25:10.830 V/bt_stack( 8588): [VERBOSE1:btm_ble_gap.cc(1847)] btm_ble_process_adv_addr: bda=11:82:f5:89:45:91
09-01 14:25:10.830 D/BluetoothUtils( 8588): blockedByLocationOff callingUid=1002
09-01 14:25:10.831 I/BluetoothUtils( 8588): packagename is android.uid.bluetooth:1002 ,and its permission is false
09-01 14:25:10.831 D/BluetoothUtils( 8588): blockedByLocationOff callingUid=1002
09-01 14:25:10.831 I/BluetoothUtils( 8588): packagename is android.uid.bluetooth:1002 ,and its permission is false
09-01 14:25:10.831 D/BluetoothUtils( 8588): blockedByLocationOff callingUid=1002
09-01 14:25:10.831 I/BluetoothUtils( 8588): packagename is android.uid.bluetooth:1002 ,and its permission is false
09-01 14:25:10.831 I/appium  ( 4037): Find element command using 'xpath' with selector '//*[@resource-id='com.xiaomi.hm.health:id/recycler_view']/android.view.ViewGroup[1]'.
09-01 14:25:10.832 I/appium  ( 4037): Waiting up to 10000ms for device to be idle
09-01 14:25:10.832 D/BluetoothUtils( 8588): blockedByLocationOff callingUid=1002
09-01 14:25:10.832 I/BluetoothUtils( 8588): packagename is android.uid.bluetooth:1002 ,and its permission is false
09-01 14:25:10.832 D/BluetoothUtils( 8588): blockedByLocationOff callingUid=1002
09-01 14:25:10.833 I/BluetoothUtils( 8588): packagename is android.uid.bluetooth:1002 ,and its permission is false
09-01 14:25:10.833 D/BluetoothUtils( 8588): blockedByLocationOff callingUid=1002
09-01 14:25:10.833 I/BluetoothUtils( 8588): packagename is android.uid.bluetooth:1002 ,and its permission is false
09-01 14:25:10.834 I/hwservicemanager(  573): getTransport: Cannot find entry vendor.qti.hardware.servicetracker@1.0::IServicetracker/default in either framework or device manifest.
09-01 14:25:10.837 I/ActivityManager( 1639): Killing 4582:com.google.android.webview:sandboxed_process0:org.chromium.content.app.SandboxedProcessService0:2/u0a241i13 (adj 905): isolated not needed
09-01 14:25:10.837 V/bt_stack( 8588): [VERBOSE1:btm_ble_gap.cc(1923)] btm_ble_process_ext_adv_pkt: bda=c1:e5:1e:69:fb:26
09-01 14:25:10.837 V/bt_stack( 8588): [VERBOSE1:btm_ble_gap.cc(1847)] btm_ble_process_adv_addr: bda=c1:e5:1e:69:fb:26
09-01 14:25:10.837 V/bt_stack( 8588): [VERBOSE1:btm_ble_gap.cc(2052)]  Waiting for scan response c1:e5:1e:69:fb:26
09-01 14:25:10.837 V/bt_stack( 8588): [VERBOSE1:btm_ble_gap.cc(1923)] btm_ble_process_ext_adv_pkt: bda=c1:e5:1e:69:fb:26
09-01 14:25:10.837 V/bt_stack( 8588): [VERBOSE1:btm_ble_gap.cc(1847)] btm_ble_process_adv_addr: bda=c1:e5:1e:69:fb:26
09-01 14:25:10.838 D/BluetoothUtils( 8588): blockedByLocationOff callingUid=1002
09-01 14:25:10.838 I/BluetoothUtils( 8588): packagename is android.uid.bluetooth:1002 ,and its permission is false
09-01 14:25:10.838 D/BluetoothUtils( 8588): blockedByLocationOff callingUid=1002
09-01 14:25:10.839 I/BluetoothUtils( 8588): packagename is android.uid.bluetooth:1002 ,and its permission is false
09-01 14:25:10.839 D/BluetoothUtils( 8588): blockedByLocationOff callingUid=1002
09-01 14:25:10.839 I/BluetoothUtils( 8588): packagename is android.uid.bluetooth:1002 ,and its permission is false
09-01 14:25:10.846 I/Zygote  (  681): Process 28557 exited due to signal 9 (Killed)
09-01 14:25:10.846 I/hwservicemanager(  573): getTransport: Cannot find entry vendor.qti.hardware.servicetracker@1.0::IServicetracker/default in either framework or device manifest.
09-01 14:25:10.847 I/hwservicemanager(  573): getTransport: Cannot find entry vendor.qti.hardware.servicetracker@1.0::IServicetracker/default in either framework or device manifest.
09-01 14:25:10.847 I/libprocessgroup( 1639): Successfully killed process cgroup uid 10087 pid 28557 in 33ms
09-01 14:25:10.847 W/libprocessgroup( 1639): Failed to open process cgroup uid 99013 pid 4582: Permission denied
09-01 14:25:10.847 E/libprocessgroup( 1639): Error encountered killing process cgroup uid 99013 pid 4582: Permission denied
09-01 14:25:10.852 V/bt_stack( 8588): [VERBOSE1:btm_ble_gap.cc(1923)] btm_ble_process_ext_adv_pkt: bda=0c:1a:06:0e:96:57
09-01 14:25:10.852 V/bt_stack( 8588): [VERBOSE1:btm_ble_gap.cc(1847)] btm_ble_process_adv_addr: bda=0c:1a:06:0e:96:57
09-01 14:25:10.853 D/BluetoothUtils( 8588): blockedByLocationOff callingUid=1002
09-01 14:25:10.853 I/BluetoothUtils( 8588): packagename is android.uid.bluetooth:1002 ,and its permission is false
09-01 14:25:10.853 D/BluetoothUtils( 8588): blockedByLocationOff callingUid=1002
09-01 14:25:10.854 I/BluetoothUtils( 8588): packagename is android.uid.bluetooth:1002 ,and its permission is false
09-01 14:25:10.854 D/BluetoothUtils( 8588): blockedByLocationOff callingUid=1002
09-01 14:25:10.854 I/BluetoothUtils( 8588): packagename is android.uid.bluetooth:1002 ,and its permission is false
09-01 14:25:10.858 I/hwservicemanager(  573): getTransport: Cannot find entry vendor.qti.hardware.servicetracker@1.0::IServicetracker/default in either framework or device manifest.
09-01 14:25:10.861 I/MiuiNetworkPolicy( 1639): removeUidState uid = 99013
09-01 14:25:10.861 V/UidProcStateHelper( 1639): process died:[28557,10087]
09-01 14:25:10.861 I/MiuiNetworkPolicy( 1639): updateMLUid uid:99013,old:18,new:20
09-01 14:25:10.861 V/UidProcStateHelper( 1639): process died:[4582,10241]
09-01 14:25:10.862 D/AppActiveChecker( 6417): onProcessDiedListener ignore for other process alive uid=10087
09-01 14:25:10.863 D/AppActiveChecker( 6417): onProcessDiedListener ignore for other process alive uid=10241
09-01 14:25:10.883 I/appium  ( 4037): AppiumResponse: {"sessionId":"f0ce778c-9a08-42fe-b827-2bc440618298","value":{"ELEMENT":"4b6ec4af-c54e-40d1-b782-a353e800c039","element-6066-11e4-a52e-4f735466cecf":"4b6ec4af-c54e-40d1-b782-a353e800c039"}}
09-01 14:25:10.891 I/vendor.qti.bluetooth@1.0-ibs_handler(19843): ProcessIbsCmd: Received IBS_SLEEP_IND: 0xFE
09-01 14:25:10.891 D/vendor.qti.bluetooth@1.0-ibs_handler(19843): SerialClockVote: vote for UART CLK OFF
09-01 14:25:10.908 I/appium  ( 4037): channel read invoked!
09-01 14:25:10.909 I/appium  ( 4037): channel read: POST /wd/hub/session/f0ce778c-9a08-42fe-b827-2bc440618298/element/4b6ec4af-c54e-40d1-b782-a353e800c039/click
09-01 14:25:10.910 I/appium  ( 4037): Click element command
09-01 14:25:10.918 I/vendor.qti.bluetooth@1.0-ibs_handler(19843): ProcessIbsCmd: Received IBS_WAKE_IND: 0xFD
09-01 14:25:10.919 D/vendor.qti.bluetooth@1.0-ibs_handler(19843): SerialClockVote: vote for UART CLK ON
09-01 14:25:10.919 I/vendor.qti.bluetooth@1.0-ibs_handler(19843): ProcessIbsCmd: Writing IBS_WAKE_ACK
09-01 14:25:10.920 V/bt_stack( 8588): [VERBOSE1:btm_ble_gap.cc(1923)] btm_ble_process_ext_adv_pkt: bda=3a:23:cb:4a:85:2d
09-01 14:25:10.920 V/bt_stack( 8588): [VERBOSE1:btm_ble_gap.cc(1847)] btm_ble_process_adv_addr: bda=3a:23:cb:4a:85:2d
09-01 14:25:10.921 D/BluetoothUtils( 8588): blockedByLocationOff callingUid=1002
09-01 14:25:10.921 I/BluetoothUtils( 8588): packagename is android.uid.bluetooth:1002 ,and its permission is false
09-01 14:25:10.921 D/BluetoothUtils( 8588): blockedByLocationOff callingUid=1002
09-01 14:25:10.921 I/BluetoothUtils( 8588): packagename is android.uid.bluetooth:1002 ,and its permission is false
09-01 14:25:10.921 D/BluetoothUtils( 8588): blockedByLocationOff callingUid=1002
09-01 14:25:10.922 I/BluetoothUtils( 8588): packagename is android.uid.bluetooth:1002 ,and its permission is false
09-01 14:25:10.930 V/bt_stack( 8588): [VERBOSE1:btm_ble_gap.cc(1923)] btm_ble_process_ext_adv_pkt: bda=df:ec:9c:aa:d3:3f
09-01 14:25:10.930 V/bt_stack( 8588): [VERBOSE1:btm_ble_gap.cc(1847)] btm_ble_process_adv_addr: bda=df:ec:9c:aa:d3:3f
09-01 14:25:10.930 V/bt_stack( 8588): [VERBOSE1:btm_ble_gap.cc(2052)]  Waiting for scan response df:ec:9c:aa:d3:3f
09-01 14:25:10.932 I/Timeline( 4088): Timeline: Activity_launch_request time:211076949
09-01 14:25:10.933 V/bt_stack( 8588): [VERBOSE1:btm_ble_gap.cc(1923)] btm_ble_process_ext_adv_pkt: bda=3c:22:fb:3d:0a:8f
09-01 14:25:10.933 V/bt_stack( 8588): [VERBOSE1:btm_ble_gap.cc(1847)] btm_ble_process_adv_addr: bda=3c:22:fb:3d:0a:8f
09-01 14:25:10.933 V/bt_stack( 8588): [VERBOSE1:btm_ble_gap.cc(2052)]  Waiting for scan response 3c:22:fb:3d:0a:8f
09-01 14:25:10.933 V/bt_stack( 8588): [VERBOSE1:btm_ble_gap.cc(1923)] btm_ble_process_ext_adv_pkt: bda=0a:29:89:b7:c8:4a
09-01 14:25:10.934 V/bt_stack( 8588): [VERBOSE1:btm_ble_gap.cc(1847)] btm_ble_process_adv_addr: bda=0a:29:89:b7:c8:4a
09-01 14:25:10.934 I/SplashScreenServiceDelegate( 1639): None for com.xiaomi.hm.health
09-01 14:25:10.934 I/ActivityTaskManager( 1639): START u0 {cmp=com.xiaomi.hm.health/com.huami.training.ui.detail.FeaturedCourseDetailActivity (has extras)} from uid 10241
09-01 14:25:10.934 D/BluetoothUtils( 8588): blockedByLocationOff callingUid=1002
09-01 14:25:10.935 I/BluetoothUtils( 8588): packagename is android.uid.bluetooth:1002 ,and its permission is false
09-01 14:25:10.935 D/BluetoothUtils( 8588): blockedByLocationOff callingUid=1002
09-01 14:25:10.935 I/BluetoothUtils( 8588): packagename is android.uid.bluetooth:1002 ,and its permission is false
09-01 14:25:10.935 D/BluetoothUtils( 8588): blockedByLocationOff callingUid=1002
09-01 14:25:10.935 I/BluetoothUtils( 8588): packagename is android.uid.bluetooth:1002 ,and its permission is false
09-01 14:25:10.937 V/bt_stack( 8588): [VERBOSE1:btm_ble_gap.cc(1923)] btm_ble_process_ext_adv_pkt: bda=56:23:e7:94:9e:a9
09-01 14:25:10.938 V/bt_stack( 8588): [VERBOSE1:btm_ble_gap.cc(1847)] btm_ble_process_adv_addr: bda=56:23:e7:94:9e:a9
09-01 14:25:10.938 V/bt_stack( 8588): [VERBOSE1:btm_ble_gap.cc(2052)]  Waiting for scan response 56:23:e7:94:9e:a9
09-01 14:25:10.943 I/appium  ( 4037): Waiting up to 10000ms for device to be idle
09-01 14:25:10.943 D/CompatibilityInfo( 1639): mCompatibilityFlags - 0
09-01 14:25:10.943 D/CompatibilityInfo( 1639): applicationDensity - 440
09-01 14:25:10.943 D/CompatibilityInfo( 1639): applicationScale - 1.0
09-01 14:25:10.944 I/appium  ( 4037): AppiumResponse: {"sessionId":"f0ce778c-9a08-42fe-b827-2bc440618298","value":null}
09-01 14:25:10.945 D/ActivityTrigger( 1639): ActivityTrigger activityPauseTrigger 
09-01 14:25:10.948 V/bt_stack( 8588): [VERBOSE1:btm_ble_gap.cc(1923)] btm_ble_process_ext_adv_pkt: bda=63:e7:6b:57:ac:90
09-01 14:25:10.948 V/bt_stack( 8588): [VERBOSE1:btm_ble_gap.cc(1847)] btm_ble_process_adv_addr: bda=63:e7:6b:57:ac:90
09-01 14:25:10.948 V/bt_stack( 8588): [VERBOSE1:btm_ble_gap.cc(2052)]  Waiting for scan response 63:e7:6b:57:ac:90
09-01 14:25:10.949 V/bt_stack( 8588): [VERBOSE1:btm_ble_gap.cc(1923)] btm_ble_process_ext_adv_pkt: bda=18:81:0e:e0:a8:6d
09-01 14:25:10.949 V/bt_stack( 8588): [VERBOSE1:btm_ble_gap.cc(1847)] btm_ble_process_adv_addr: bda=18:81:0e:e0:a8:6d
09-01 14:25:10.949 V/bt_stack( 8588): [VERBOSE1:btm_ble_gap.cc(2052)]  Waiting for scan response 18:81:0e:e0:a8:6d
09-01 14:25:10.949 V/bt_stack( 8588): [VERBOSE1:btm_ble_gap.cc(1923)] btm_ble_process_ext_adv_pkt: bda=18:81:0e:e0:a8:6d
09-01 14:25:10.949 V/bt_stack( 8588): [VERBOSE1:btm_ble_gap.cc(1847)] btm_ble_process_adv_addr: bda=18:81:0e:e0:a8:6d
09-01 14:25:10.950 D/BluetoothUtils( 8588): blockedByLocationOff callingUid=1002
09-01 14:25:10.952 I/BluetoothUtils( 8588): packagename is android.uid.bluetooth:1002 ,and its permission is false
09-01 14:25:10.952 D/BluetoothUtils( 8588): blockedByLocationOff callingUid=1002
09-01 14:25:10.953 I/BluetoothUtils( 8588): packagename is android.uid.bluetooth:1002 ,and its permission is false
09-01 14:25:10.953 D/BluetoothUtils( 8588): blockedByLocationOff callingUid=1002
09-01 14:25:10.953 I/BluetoothUtils( 8588): packagename is android.uid.bluetooth:1002 ,and its permission is false
09-01 14:25:10.955 I/ActivityTaskManager( 1639): The Process com.xiaomi.hm.health Already Exists in BG. So sending its PID: 4088
09-01 14:25:10.958 D/CompatibilityInfo( 1639): mCompatibilityFlags - 0
09-01 14:25:10.958 D/CompatibilityInfo( 1639): applicationDensity - 440
09-01 14:25:10.959 D/CompatibilityInfo( 1639): applicationScale - 1.0
09-01 14:25:10.961 D/WindowManager( 1639): Input focus has changed to null
09-01 14:25:10.962 V/bt_stack( 8588): [VERBOSE1:btm_ble_gap.cc(1923)] btm_ble_process_ext_adv_pkt: bda=72:1f:5b:cb:e4:06
09-01 14:25:10.962 V/bt_stack( 8588): [VERBOSE1:btm_ble_gap.cc(1847)] btm_ble_process_adv_addr: bda=72:1f:5b:cb:e4:06
09-01 14:25:10.962 V/bt_stack( 8588): [VERBOSE1:btm_ble_gap.cc(2052)]  Waiting for scan response 72:1f:5b:cb:e4:06
09-01 14:25:10.962 V/bt_stack( 8588): [VERBOSE1:btm_ble_gap.cc(1923)] btm_ble_process_ext_adv_pkt: bda=72:1f:5b:cb:e4:06
09-01 14:25:10.962 V/bt_stack( 8588): [VERBOSE1:btm_ble_gap.cc(1847)] btm_ble_process_adv_addr: bda=72:1f:5b:cb:e4:06
09-01 14:25:10.963 V/bt_stack( 8588): [VERBOSE1:btm_ble_gap.cc(1923)] btm_ble_process_ext_adv_pkt: bda=2e:17:70:f9:0b:48
09-01 14:25:10.963 V/bt_stack( 8588): [VERBOSE1:btm_ble_gap.cc(1847)] btm_ble_process_adv_addr: bda=2e:17:70:f9:0b:48
09-01 14:25:10.963 D/BluetoothUtils( 8588): blockedByLocationOff callingUid=1002
09-01 14:25:10.963 I/BluetoothUtils( 8588): packagename is android.uid.bluetooth:1002 ,and its permission is false
09-01 14:25:10.964 D/BluetoothUtils( 8588): blockedByLocationOff callingUid=1002
09-01 14:25:10.964 I/BluetoothUtils( 8588): packagename is android.uid.bluetooth:1002 ,and its permission is false
09-01 14:25:10.964 I/Timeline( 1639): Timeline: App_transition_ready time:211076981
09-01 14:25:10.964 D/BluetoothUtils( 8588): blockedByLocationOff callingUid=1002
09-01 14:25:10.964 I/BluetoothUtils( 8588): packagename is android.uid.bluetooth:1002 ,and its permission is false
09-01 14:25:10.965 D/BluetoothUtils( 8588): blockedByLocationOff callingUid=1002
09-01 14:25:10.965 W/ActivityThread( 4088): handleWindowVisibility: no activity for token android.os.BinderProxy@b765b14
09-01 14:25:10.967 V/bt_stack( 8588): [VERBOSE1:btm_ble_gap.cc(1923)] btm_ble_process_ext_adv_pkt: bda=07:5a:b0:04:f2:ba
09-01 14:25:10.967 V/bt_stack( 8588): [VERBOSE1:btm_ble_gap.cc(1847)] btm_ble_process_adv_addr: bda=07:5a:b0:04:f2:ba
09-01 14:25:10.970 D/ViewContentFactory( 4088): initViewContentFetcherClass
09-01 14:25:10.970 I/ContentCatcher( 4088): ViewContentFetcher : ViewContentFetcher
09-01 14:25:10.970 D/ViewContentFactory( 4088): createInterceptor took 0ms
09-01 14:25:10.975 I/BluetoothUtils( 8588): packagename is android.uid.bluetooth:1002 ,and its permission is false
09-01 14:25:10.975 D/BluetoothUtils( 8588): blockedByLocationOff callingUid=1002
09-01 14:25:10.976 I/BluetoothUtils( 8588): packagename is android.uid.bluetooth:1002 ,and its permission is false
09-01 14:25:10.976 V/bt_stack( 8588): [VERBOSE1:btm_ble_gap.cc(1923)] btm_ble_process_ext_adv_pkt: bda=fe:e1:62:0f:0c:8e
09-01 14:25:10.976 D/BluetoothUtils( 8588): blockedByLocationOff callingUid=1002
09-01 14:25:10.976 V/bt_stack( 8588): [VERBOSE1:btm_ble_gap.cc(1847)] btm_ble_process_adv_addr: bda=fe:e1:62:0f:0c:8e
09-01 14:25:10.976 V/bt_stack( 8588): [VERBOSE1:btm_ble_gap.cc(2052)]  Waiting for scan response fe:e1:62:0f:0c:8e
09-01 14:25:10.976 I/BluetoothUtils( 8588): packagename is android.uid.bluetooth:1002 ,and its permission is false
09-01 14:25:10.976 D/BluetoothUtils( 8588): blockedByLocationOff callingUid=1002
09-01 14:25:10.977 I/BluetoothUtils( 8588): packagename is android.uid.bluetooth:1002 ,and its permission is false
09-01 14:25:10.977 D/BluetoothUtils( 8588): blockedByLocationOff callingUid=1002
09-01 14:25:10.977 I/BluetoothUtils( 8588): packagename is android.uid.bluetooth:1002 ,and its permission is false
09-01 14:25:10.977 D/BluetoothUtils( 8588): blockedByLocationOff callingUid=1002
09-01 14:25:10.977 I/BluetoothUtils( 8588): packagename is android.uid.bluetooth:1002 ,and its permission is false
09-01 14:25:10.978 V/bt_stack( 8588): [VERBOSE1:btm_ble_gap.cc(1923)] btm_ble_process_ext_adv_pkt: bda=53:56:a8:ef:e5:80
09-01 14:25:10.978 V/bt_stack( 8588): [VERBOSE1:btm_ble_gap.cc(1847)] btm_ble_process_adv_addr: bda=53:56:a8:ef:e5:80
09-01 14:25:10.978 V/bt_stack( 8588): [VERBOSE1:btm_ble_gap.cc(2052)]  Waiting for scan response 53:56:a8:ef:e5:80
09-01 14:25:10.978 V/bt_stack( 8588): [VERBOSE1:btm_ble_gap.cc(1923)] btm_ble_process_ext_adv_pkt: bda=53:56:a8:ef:e5:80
09-01 14:25:10.978 V/bt_stack( 8588): [VERBOSE1:btm_ble_gap.cc(1847)] btm_ble_process_adv_addr: bda=53:56:a8:ef:e5:80
09-01 14:25:10.979 V/bt_stack( 8588): [VERBOSE1:btm_ble_gap.cc(1923)] btm_ble_process_ext_adv_pkt: bda=59:bb:67:f0:94:3c
09-01 14:25:10.979 D/BluetoothUtils( 8588): blockedByLocationOff callingUid=1002
09-01 14:25:10.979 V/bt_stack( 8588): [VERBOSE1:btm_ble_gap.cc(1847)] btm_ble_process_adv_addr: bda=59:bb:67:f0:94:3c
09-01 14:25:10.979 I/BluetoothUtils( 8588): packagename is android.uid.bluetooth:1002 ,and its permission is false
09-01 14:25:10.979 D/BluetoothUtils( 8588): blockedByLocationOff callingUid=1002
09-01 14:25:10.980 I/BluetoothUtils( 8588): packagename is android.uid.bluetooth:1002 ,and its permission is false
09-01 14:25:10.980 D/BluetoothUtils( 8588): blockedByLocationOff callingUid=1002
09-01 14:25:10.980 I/BluetoothUtils( 8588): packagename is android.uid.bluetooth:1002 ,and its permission is false
09-01 14:25:10.981 D/BluetoothUtils( 8588): blockedByLocationOff callingUid=1002
09-01 14:25:10.981 I/BluetoothUtils( 8588): packagename is android.uid.bluetooth:1002 ,and its permission is false
09-01 14:25:10.981 D/BluetoothUtils( 8588): blockedByLocationOff callingUid=1002
09-01 14:25:10.981 I/BluetoothUtils( 8588): packagename is android.uid.bluetooth:1002 ,and its permission is false
09-01 14:25:10.981 D/BluetoothUtils( 8588): blockedByLocationOff callingUid=1002
09-01 14:25:10.982 I/BluetoothUtils( 8588): packagename is android.uid.bluetooth:1002 ,and its permission is false
09-01 14:25:10.984 I/system_server( 1639): Explicit concurrent copying GC freed 28910(1923KB) AllocSpace objects, 8(352KB) LOS objects, 36% free, 41MB/65MB, paused 102us total 185.549ms
09-01 14:25:10.991 V/bt_stack( 8588): [VERBOSE1:btm_ble_gap.cc(1923)] btm_ble_process_ext_adv_pkt: bda=64:96:5f:7b:d8:cd
09-01 14:25:10.991 V/bt_stack( 8588): [VERBOSE1:btm_ble_gap.cc(1847)] btm_ble_process_adv_addr: bda=64:96:5f:7b:d8:cd
09-01 14:25:10.991 V/bt_stack( 8588): [VERBOSE1:btm_ble_gap.cc(2052)]  Waiting for scan response 64:96:5f:7b:d8:cd
09-01 14:25:11.000 V/bt_stack( 8588): [VERBOSE1:btm_ble_gap.cc(1923)] btm_ble_process_ext_adv_pkt: bda=45:55:7e:66:6f:d0
09-01 14:25:11.000 V/bt_stack( 8588): [VERBOSE1:btm_ble_gap.cc(1847)] btm_ble_process_adv_addr: bda=45:55:7e:66:6f:d0
09-01 14:25:11.001 V/bt_stack( 8588): [VERBOSE1:btm_ble_gap.cc(2052)]  Waiting for scan response 45:55:7e:66:6f:d0
09-01 14:25:11.001 V/bt_stack( 8588): [VERBOSE1:btm_ble_gap.cc(1923)] btm_ble_process_ext_adv_pkt: bda=66:3e:07:e0:2b:d4
09-01 14:25:11.001 V/bt_stack( 8588): [VERBOSE1:btm_ble_gap.cc(1847)] btm_ble_process_adv_addr: bda=66:3e:07:e0:2b:d4
09-01 14:25:11.001 V/bt_stack( 8588): [VERBOSE1:btm_ble_gap.cc(2052)]  Waiting for scan response 66:3e:07:e0:2b:d4
09-01 14:25:11.002 V/bt_stack( 8588): [VERBOSE1:btm_ble_gap.cc(1923)] btm_ble_process_ext_adv_pkt: bda=66:3e:07:e0:2b:d4
09-01 14:25:11.002 V/bt_stack( 8588): [VERBOSE1:btm_ble_gap.cc(1847)] btm_ble_process_adv_addr: bda=66:3e:07:e0:2b:d4
09-01 14:25:11.002 D/BaseTitleActivity( 4088): setStyle NONE title  darkMode true color 0
09-01 14:25:11.002 D/BluetoothUtils( 8588): blockedByLocationOff callingUid=1002
09-01 14:25:11.003 I/BluetoothUtils( 8588): packagename is android.uid.bluetooth:1002 ,and its permission is false
09-01 14:25:11.003 D/BluetoothUtils( 8588): blockedByLocationOff callingUid=1002
09-01 14:25:11.003 I/BluetoothUtils( 8588): packagename is android.uid.bluetooth:1002 ,and its permission is false
09-01 14:25:11.003 D/BluetoothUtils( 8588): blockedByLocationOff callingUid=1002
09-01 14:25:11.004 I/BluetoothUtils( 8588): packagename is android.uid.bluetooth:1002 ,and its permission is false
09-01 14:25:11.005 D/[Koin]  ( 4088): !- ViewModelProvider getting instance
09-01 14:25:11.005 D/[Koin]  ( 4088): +- get 'com.huami.training.ui.detail.O00000o'
09-01 14:25:11.005 D/[Koin]  ( 4088): | create instance for [type:Factory,primary_type:'com.huami.training.ui.detail.O00000o']
09-01 14:25:11.005 D/[Koin]  ( 4088): +- get 'com.huami.training.O0000o0.O000000o.O000000o'
09-01 14:25:11.005 D/[Koin]  ( 4088): | create instance for [type:Factory,primary_type:'com.huami.training.O0000o0.O000000o.O000000o']
09-01 14:25:11.005 D/[Koin]  ( 4088): +- get 'com.huami.training.O0000Oo.O000000o'
09-01 14:25:11.005 D/[Koin]  ( 4088): +- got 'com.huami.training.O0000Oo.O000000o' in 0.003802 ms
09-01 14:25:11.005 D/[Koin]  ( 4088): +- get 'com.huami.training.db.TrainingDb'
09-01 14:25:11.005 D/[Koin]  ( 4088): +- got 'com.huami.training.db.TrainingDb' in 0.001666 ms
09-01 14:25:11.005 D/[Koin]  ( 4088): +- get 'com.huami.training.O000000o.O000OO0o'
09-01 14:25:11.005 D/[Koin]  ( 4088): +- got 'com.huami.training.O000000o.O000OO0o' in 0.002709 ms
09-01 14:25:11.005 D/[Koin]  ( 4088): +- get 'com.huami.training.O0000OOo.O000OO0o'
09-01 14:25:11.005 D/[Koin]  ( 4088): +- got 'com.huami.training.O0000OOo.O000OO0o' in 0.00151 ms
09-01 14:25:11.005 D/[Koin]  ( 4088): +- got 'com.huami.training.O0000o0.O000000o.O000000o' in 0.175104 ms
09-01 14:25:11.005 D/[Koin]  ( 4088): +- get 'com.huami.training.O0000o0.O000Oo0'
09-01 14:25:11.005 D/[Koin]  ( 4088): | create instance for [type:Factory,primary_type:'com.huami.training.O0000o0.O000Oo0']
09-01 14:25:11.005 D/[Koin]  ( 4088): +- get 'com.huami.training.O0000Oo.O000000o'
09-01 14:25:11.005 D/[Koin]  ( 4088): +- got 'com.huami.training.O0000Oo.O000000o' in 0.001511 ms
09-01 14:25:11.005 D/[Koin]  ( 4088): +- get 'com.huami.training.db.TrainingDb'
09-01 14:25:11.005 D/[Koin]  ( 4088): +- got 'com.huami.training.db.TrainingDb' in 0.001146 ms
09-01 14:25:11.005 D/[Koin]  ( 4088): +- get 'com.huami.training.O00000Oo.O000000o'
09-01 14:25:11.005 D/[Koin]  ( 4088): | create instance for [type:Factory,primary_type:'com.huami.training.O00000Oo.O000000o']
09-01 14:25:11.005 D/[Koin]  ( 4088): +- got 'com.huami.training.O00000Oo.O000000o' in 0.029062 ms
09-01 14:25:11.005 D/[Koin]  ( 4088): +- get 'com.huami.training.O000000o.O000OO0o'
09-01 14:25:11.005 D/[Koin]  ( 4088): +- got 'com.huami.training.O000000o.O000OO0o' in 0.00125 ms
09-01 14:25:11.005 D/[Koin]  ( 4088): +- get 'com.huami.training.O0000OOo.O000OO0o'
09-01 14:25:11.005 D/[Koin]  ( 4088): +- got 'com.huami.training.O0000OOo.O000OO0o' in 0.00151 ms
09-01 14:25:11.006 D/[Koin]  ( 4088): +- got 'com.huami.training.O0000o0.O000Oo0' in 0.237916 ms
09-01 14:25:11.006 D/[Koin]  ( 4088): +- get 'com.huami.training.O0000o0.O000000o'
09-01 14:25:11.006 D/[Koin]  ( 4088): | create instance for [type:Factory,primary_type:'com.huami.training.O0000o0.O000000o']
09-01 14:25:11.006 D/[Koin]  ( 4088): +- get 'com.huami.training.O0000OOo.O000000o'
09-01 14:25:11.006 D/[Koin]  ( 4088): +- got 'com.huami.training.O0000OOo.O000000o' in 0.002552 ms
09-01 14:25:11.006 D/[Koin]  ( 4088): +- get 'com.huami.training.O0000Oo.O000000o'
09-01 14:25:11.006 D/[Koin]  ( 4088): +- got 'com.huami.training.O0000Oo.O000000o' in 0.001302 ms
09-01 14:25:11.006 D/[Koin]  ( 4088): +- get 'com.huami.training.db.TrainingDb'
09-01 14:25:11.006 D/[Koin]  ( 4088): +- got 'com.huami.training.db.TrainingDb' in 0.001094 ms
09-01 14:25:11.006 D/[Koin]  ( 4088): +- get 'com.huami.training.O000000o.O000OO0o'
09-01 14:25:11.006 D/[Koin]  ( 4088): +- got 'com.huami.training.O000000o.O000OO0o' in 0.001198 ms
09-01 14:25:11.006 D/[Koin]  ( 4088): +- get 'com.huami.training.O0000o0O.O00000Oo'
09-01 14:25:11.006 D/[Koin]  ( 4088): +- got 'com.huami.training.O0000o0O.O00000Oo' in 0.001302 ms
09-01 14:25:11.006 D/[Koin]  ( 4088): +- got 'com.huami.training.O0000o0.O000000o' in 0.178437 ms
09-01 14:25:11.006 D/[Koin]  ( 4088): +- get 'com.huami.training.O0000O0o.O000000o.O000000o'
09-01 14:25:11.006 D/[Koin]  ( 4088): | create instance for [type:Factory,primary_type:'com.huami.training.O0000O0o.O000000o.O000000o']
09-01 14:25:11.006 D/[Koin]  ( 4088): +- get 'android.app.Application'
09-01 14:25:11.006 D/[Koin]  ( 4088): +- got 'android.app.Application' in 0.004479 ms
09-01 14:25:11.006 D/[Koin]  ( 4088): +- get 'com.huami.training.O0000o0.O0000o00'
09-01 14:25:11.006 D/[Koin]  ( 4088): | create instance for [type:Factory,primary_type:'com.huami.training.O0000o0.O0000o00']
09-01 14:25:11.006 D/[Koin]  ( 4088): +- get 'com.huami.training.O0000Oo.O000000o'
09-01 14:25:11.006 D/[Koin]  ( 4088): +- got 'com.huami.training.O0000Oo.O000000o' in 0.001406 ms
09-01 14:25:11.006 D/[Koin]  ( 4088): +- get 'com.huami.training.db.TrainingDb'
09-01 14:25:11.006 D/[Koin]  ( 4088): +- got 'com.huami.training.db.TrainingDb' in 0.003907 ms
09-01 14:25:11.006 D/[Koin]  ( 4088): +- get 'com.huami.training.O000000o.O000OO0o'
09-01 14:25:11.006 D/[Koin]  ( 4088): +- got 'com.huami.training.O000000o.O000OO0o' in 0.001354 ms
09-01 14:25:11.006 D/[Koin]  ( 4088): +- get 'com.huami.training.O0000o00.O00000Oo'
09-01 14:25:11.006 D/[Koin]  ( 4088): +- got 'com.huami.training.O0000o00.O00000Oo' in 0.001823 ms
09-01 14:25:11.006 D/[Koin]  ( 4088): +- get 'com.huami.training.O0000OOo.O000OO0o'
09-01 14:25:11.006 D/[Koin]  ( 4088): +- got 'com.huami.training.O0000OOo.O000OO0o' in 0.001146 ms
09-01 14:25:11.006 D/[Koin]  ( 4088): +- got 'com.huami.training.O0000o0.O0000o00' in 0.175729 ms
09-01 14:25:11.006 D/[Koin]  ( 4088): +- get 'com.huami.training.O0000Oo.O000000o'
09-01 14:25:11.006 D/[Koin]  ( 4088): +- got 'com.huami.training.O0000Oo.O000000o' in 0.00125 ms
09-01 14:25:11.006 D/[Koin]  ( 4088): +- get 'com.huami.training.db.TrainingDb'
09-01 14:25:11.006 D/[Koin]  ( 4088): +- got 'com.huami.training.db.TrainingDb' in 9.9E-4 ms
09-01 14:25:11.006 D/[Koin]  ( 4088): +- got 'com.huami.training.O0000O0o.O000000o.O000000o' in 0.339583 ms
09-01 14:25:11.006 D/[Koin]  ( 4088): +- got 'com.huami.training.ui.detail.O00000o' in 1.226979 ms
09-01 14:25:11.006 D/[Koin]  ( 4088): !- ViewModelProvider got instance in 1.298282
09-01 14:25:11.007 V/bt_stack( 8588): [VERBOSE1:btm_ble_gap.cc(1923)] btm_ble_process_ext_adv_pkt: bda=0f:1f:1e:87:2a:ac
09-01 14:25:11.007 V/bt_stack( 8588): [VERBOSE1:btm_ble_gap.cc(1847)] btm_ble_process_adv_addr: bda=0f:1f:1e:87:2a:ac
