09-01 14:25:08.849 I/BluetoothUtils( 8588): packagename is android.uid.bluetooth:1002 ,and its permission is false
09-01 14:25:08.850 D/BluetoothUtils( 8588): blockedByLocationOff callingUid=1002
09-01 14:25:08.850 I/BluetoothUtils( 8588): packagename is android.uid.bluetooth:1002 ,and its permission is false
09-01 14:25:08.850 D/BluetoothUtils( 8588): blockedByLocationOff callingUid=1002
09-01 14:25:08.850 I/BluetoothUtils( 8588): packagename is android.uid.bluetooth:1002 ,and its permission is false
09-01 14:25:08.851 I/SplashScreenServiceDelegate( 1639): None for com.xiaomi.hm.health
09-01 14:25:08.863 I/ExoPlayerImpl( 4088): Release 8ecf146 [ExoPlayerLib/2.11.1] [raphael, Redmi K20 Pro, Xiaomi, 29] [goog.exo.core]
09-01 14:25:08.867 V/bt_stack( 8588): [VERBOSE1:btm_ble_gap.cc(1923)] btm_ble_process_ext_adv_pkt: bda=3c:22:fb:3d:0a:8f
09-01 14:25:08.867 V/bt_stack( 8588): [VERBOSE1:btm_ble_gap.cc(1847)] btm_ble_process_adv_addr: bda=3c:22:fb:3d:0a:8f
09-01 14:25:08.867 D/PhoneStatusBar/NavigationBarView(29730): onDraw
09-01 14:25:08.867 V/bt_stack( 8588): [VERBOSE1:btm_ble_gap.cc(2052)]  Waiting for scan response 3c:22:fb:3d:0a:8f
09-01 14:25:08.867 V/bt_stack( 8588): [VERBOSE1:btm_ble_gap.cc(1923)] btm_ble_process_ext_adv_pkt: bda=0c:1a:06:0e:96:57
09-01 14:25:08.867 V/bt_stack( 8588): [VERBOSE1:btm_ble_gap.cc(1847)] btm_ble_process_adv_addr: bda=0c:1a:06:0e:96:57
09-01 14:25:08.868 D/BluetoothUtils( 8588): blockedByLocationOff callingUid=1002
09-01 14:25:08.871 I/BluetoothUtils( 8588): packagename is android.uid.bluetooth:1002 ,and its permission is false
09-01 14:25:08.871 D/BluetoothUtils( 8588): blockedByLocationOff callingUid=1002
09-01 14:25:08.872 I/BluetoothUtils( 8588): packagename is android.uid.bluetooth:1002 ,and its permission is false
09-01 14:25:08.872 D/BluetoothUtils( 8588): blockedByLocationOff callingUid=1002
09-01 14:25:08.872 I/BluetoothUtils( 8588): packagename is android.uid.bluetooth:1002 ,and its permission is false
09-01 14:25:08.875 D/EventBus(29730): [29730, u0] send(AppTransitionFinishedEvent)
09-01 14:25:08.875 D/EventBus(29730): [29730, u0]  -> ForcedResizableInfoActivityController [0xc4c1163, P1] onBusEvent(AppTransitionFinishedEvent)
09-01 14:25:08.875 D/EventBus(29730): [29730, u0] onBusEvent(AppTransitionFinishedEvent) duration: 11 microseconds, avg: 39
09-01 14:25:08.875 D/EventBus(29730): [29730, u0] send(AppTransitionFinishedEvent)
09-01 14:25:08.875 D/EventBus(29730): [29730, u0]  -> ForcedResizableInfoActivityController [0xc4c1163, P1] onBusEvent(AppTransitionFinishedEvent)
09-01 14:25:08.875 D/EventBus(29730): [29730, u0] onBusEvent(AppTransitionFinishedEvent) duration: 5 microseconds, avg: 39
09-01 14:25:08.875 D/StatusBar(29730): disable<e i a s b h r c s > disable2<q i n g r >
09-01 14:25:08.875 D/StatusBarClock(29730):  isNormalMode= true clock visible=true
09-01 14:25:08.877 D/EventBus(29730): [29730, u0] send(AppTransitionFinishedEvent)
09-01 14:25:08.877 D/EventBus(29730): [29730, u0]  -> ForcedResizableInfoActivityController [0xc4c1163, P1] onBusEvent(AppTransitionFinishedEvent)
09-01 14:25:08.877 D/EventBus(29730): [29730, u0] onBusEvent(AppTransitionFinishedEvent) duration: 9 microseconds, avg: 39
09-01 14:25:08.877 D/NavBarTintController(29730):  updateSamplingListener false
09-01 14:25:08.886 V/bt_stack( 8588): [VERBOSE1:btm_ble_gap.cc(1923)] btm_ble_process_ext_adv_pkt: bda=4b:2f:6d:75:86:77
09-01 14:25:08.886 V/bt_stack( 8588): [VERBOSE1:btm_ble_gap.cc(1847)] btm_ble_process_adv_addr: bda=4b:2f:6d:75:86:77
09-01 14:25:08.886 V/bt_stack( 8588): [VERBOSE1:btm_ble_gap.cc(2052)]  Waiting for scan response 4b:2f:6d:75:86:77
09-01 14:25:08.887 V/bt_stack( 8588): [VERBOSE1:btm_ble_gap.cc(1923)] btm_ble_process_ext_adv_pkt: bda=67:ec:83:7e:42:50
09-01 14:25:08.887 V/bt_stack( 8588): [VERBOSE1:btm_ble_gap.cc(1847)] btm_ble_process_adv_addr: bda=67:ec:83:7e:42:50
09-01 14:25:08.887 V/bt_stack( 8588): [VERBOSE1:btm_ble_gap.cc(2052)]  Waiting for scan response 67:ec:83:7e:42:50
09-01 14:25:08.887 V/bt_stack( 8588): [VERBOSE1:btm_ble_gap.cc(1923)] btm_ble_process_ext_adv_pkt: bda=67:ec:83:7e:42:50
09-01 14:25:08.887 V/bt_stack( 8588): [VERBOSE1:btm_ble_gap.cc(1847)] btm_ble_process_adv_addr: bda=67:ec:83:7e:42:50
09-01 14:25:08.888 D/BluetoothUtils( 8588): blockedByLocationOff callingUid=1002
09-01 14:25:08.888 I/BluetoothUtils( 8588): packagename is android.uid.bluetooth:1002 ,and its permission is false
09-01 14:25:08.888 D/BluetoothUtils( 8588): blockedByLocationOff callingUid=1002
09-01 14:25:08.889 I/BluetoothUtils( 8588): packagename is android.uid.bluetooth:1002 ,and its permission is false
09-01 14:25:08.889 D/BluetoothUtils( 8588): blockedByLocationOff callingUid=1002
09-01 14:25:08.889 I/BluetoothUtils( 8588): packagename is android.uid.bluetooth:1002 ,and its permission is false
09-01 14:25:08.891 I/hwservicemanager(  573): getTransport: Cannot find entry android.hardware.graphics.mapper@3.0::IMapper/default in either framework or device manifest.
09-01 14:25:08.892 W/Gralloc3( 4691): mapper 3.x is not supported
09-01 14:25:08.892 D/AudioTrack( 4088): stop(sessionID=4457)
09-01 14:25:08.893 D/AudioTrack( 4088): ~AudioTrack(sessionID=4457)
09-01 14:25:08.896 V/bt_stack( 8588): [VERBOSE1:btm_ble_gap.cc(1923)] btm_ble_process_ext_adv_pkt: bda=3c:22:fb:3d:0a:8f
09-01 14:25:08.896 V/bt_stack( 8588): [VERBOSE1:btm_ble_gap.cc(1847)] btm_ble_process_adv_addr: bda=3c:22:fb:3d:0a:8f
09-01 14:25:08.896 V/bt_stack( 8588): [VERBOSE1:btm_ble_gap.cc(2052)]  Waiting for scan response 3c:22:fb:3d:0a:8f
09-01 14:25:08.898 D/Avrcp_ext( 8588): AudioManager Player: ID:4039 -- type:android.media.SoundPool -- u/pid:10141/22367 -- state:idle -- attr:AudioAttributes: usage=USAGE_VOICEASSIST content=CONTENT_TYPE_VOICEASSIST flags=0x800 tags= bundle=null
09-01 14:25:08.898 D/Avrcp_ext( 8588): AudioManager Player: ID:4103 -- type:android.media.AudioTrack -- u/pid:10241/4088 -- state:stopped -- attr:AudioAttributes: usage=USAGE_MEDIA content=CONTENT_TYPE_UNKNOWN flags=0xA00 tags= bundle=null
09-01 14:25:08.898 D/Avrcp_ext( 8588): AudioManager Player: ID:15 -- type:android.media.SoundPool -- u/pid:1000/1639 -- state:idle -- attr:AudioAttributes: usage=USAGE_ASSISTANCE_SONIFICATION content=CONTENT_TYPE_SONIFICATION flags=0x800 tags= bundle=null
09-01 14:25:08.898 D/Avrcp_ext( 8588): AudioManager Player: ID:47 -- type:OpenSL ES AudioPlayer (Buffer Queue) -- u/pid:10108/2503 -- state:stopped -- attr:AudioAttributes: usage=USAGE_MEDIA content=CONTENT_TYPE_UNKNOWN flags=0x0 tags= bundle=null
09-01 14:25:08.898 D/Avrcp_ext( 8588): AudioManager Player: ID:79 -- type:android.media.SoundPool -- u/pid:1027/4689 -- state:idle -- attr:AudioAttributes: usage=USAGE_NOTIFICATION content=CONTENT_TYPE_SONIFICATION flags=0x800 tags= bundle=null
09-01 14:25:08.898 D/Avrcp_ext( 8588): AudioManager Player: ID:3791 -- type:android.media.SoundPool -- u/pid:1000/29730 -- state:idle -- attr:AudioAttributes: usage=USAGE_ASSISTANCE_SONIFICATION content=CONTENT_TYPE_SONIFICATION flags=0x800 tags= bundle=null
09-01 14:25:08.898 D/Avrcp_ext( 8588): AudioManager Player: ID:23 -- type:android.media.SoundPool -- u/pid:1000/1639 -- state:idle -- attr:AudioAttributes: usage=USAGE_ASSISTANCE_SONIFICATION content=CONTENT_TYPE_SONIFICATION flags=0x800 tags= bundle=null
09-01 14:25:08.898 D/Avrcp_ext( 8588): AudioManager Player: ID:279 -- type:android.media.SoundPool -- u/pid:10090/7676 -- state:idle -- attr:AudioAttributes: usage=USAGE_ASSISTANCE_SONIFICATION content=CONTENT_TYPE_SONIFICATION flags=0x800 tags= bundle=null
09-01 14:25:08.898 D/Avrcp_ext( 8588): AudioManager Player: ID:4023 -- type:android.media.SoundPool -- u/pid:10141/22367 -- state:idle -- attr:AudioAttributes: usage=USAGE_VOICE_COMMUNICATION content=CONTENT_TYPE_SPEECH flags=0x800 tags= bundle=null
09-01 14:25:08.898 D/Avrcp_ext( 8588): AudioManager Player: ID:4031 -- type:android.media.SoundPool -- u/pid:10141/22367 -- state:idle -- attr:AudioAttributes: usage=USAGE_VOICEASSIST content=CONTENT_TYPE_VOICEASSIST flags=0x800 tags= bundle=null
09-01 14:25:08.899 D/AudioTrack( 4088): stop(sessionID=4457)
09-01 14:25:08.899 D/Avrcp_ext( 8588): AudioManager isPlaying: false, mA2dpState: 11, isMusiActive: false
09-01 14:25:08.899 D/Avrcp_ext( 8588): AudioManager Player: ID:4039 -- type:android.media.SoundPool -- u/pid:10141/22367 -- state:idle -- attr:AudioAttributes: usage=USAGE_VOICEASSIST content=CONTENT_TYPE_VOICEASSIST flags=0x800 tags= bundle=null
09-01 14:25:08.899 D/Avrcp_ext( 8588): AudioManager Player: ID:15 -- type:android.media.SoundPool -- u/pid:1000/1639 -- state:idle -- attr:AudioAttributes: usage=USAGE_ASSISTANCE_SONIFICATION content=CONTENT_TYPE_SONIFICATION flags=0x800 tags= bundle=null
09-01 14:25:08.899 D/Avrcp_ext( 8588): AudioManager Player: ID:47 -- type:OpenSL ES AudioPlayer (Buffer Queue) -- u/pid:10108/2503 -- state:stopped -- attr:AudioAttributes: usage=USAGE_MEDIA content=CONTENT_TYPE_UNKNOWN flags=0x0 tags= bundle=null
09-01 14:25:08.899 D/Avrcp_ext( 8588): AudioManager Player: ID:79 -- type:android.media.SoundPool -- u/pid:1027/4689 -- state:idle -- attr:AudioAttributes: usage=USAGE_NOTIFICATION content=CONTENT_TYPE_SONIFICATION flags=0x800 tags= bundle=null
09-01 14:25:08.899 D/Avrcp_ext( 8588): AudioManager Player: ID:3791 -- type:android.media.SoundPool -- u/pid:1000/29730 -- state:idle -- attr:AudioAttributes: usage=USAGE_ASSISTANCE_SONIFICATION content=CONTENT_TYPE_SONIFICATION flags=0x800 tags= bundle=null
09-01 14:25:08.899 D/Avrcp_ext( 8588): AudioManager Player: ID:23 -- type:android.media.SoundPool -- u/pid:1000/1639 -- state:idle -- attr:AudioAttributes: usage=USAGE_ASSISTANCE_SONIFICATION content=CONTENT_TYPE_SONIFICATION flags=0x800 tags= bundle=null
09-01 14:25:08.899 D/Avrcp_ext( 8588): AudioManager Player: ID:279 -- type:android.media.SoundPool -- u/pid:10090/7676 -- state:idle -- attr:AudioAttributes: usage=USAGE_ASSISTANCE_SONIFICATION content=CONTENT_TYPE_SONIFICATION flags=0x800 tags= bundle=null
09-01 14:25:08.899 D/Avrcp_ext( 8588): AudioManager Player: ID:4023 -- type:android.media.SoundPool -- u/pid:10141/22367 -- state:idle -- attr:AudioAttributes: usage=USAGE_VOICE_COMMUNICATION content=CONTENT_TYPE_SPEECH flags=0x800 tags= bundle=null
09-01 14:25:08.899 D/Avrcp_ext( 8588): AudioManager Player: ID:4031 -- type:android.media.SoundPool -- u/pid:10141/22367 -- state:idle -- attr:AudioAttributes: usage=USAGE_VOICEASSIST content=CONTENT_TYPE_VOICEASSIST flags=0x800 tags= bundle=null
09-01 14:25:08.899 D/Avrcp_ext( 8588): AudioManager isPlaying: false, mA2dpState: 11, isMusiActive: false
09-01 14:25:08.901 D/APM_AudioPolicyManager(  849): releaseOutput() 29
09-01 14:25:08.902 D/SurfaceUtils( 4088): disconnecting from surface 0x73e6088010, reason disconnectFromSurface
09-01 14:25:08.904 I/OMX-VDEC-1080P( 1140): omx_vdec::component_deinit() complete
09-01 14:25:08.905 V/bt_stack( 8588): [VERBOSE1:btm_ble_gap.cc(1923)] btm_ble_process_ext_adv_pkt: bda=71:d8:ac:89:39:0d
09-01 14:25:08.905 V/bt_stack( 8588): [VERBOSE1:btm_ble_gap.cc(1847)] btm_ble_process_adv_addr: bda=71:d8:ac:89:39:0d
09-01 14:25:08.905 V/bt_stack( 8588): [VERBOSE1:btm_ble_gap.cc(2052)]  Waiting for scan response 71:d8:ac:89:39:0d
09-01 14:25:08.906 I/OMX-VDEC-1080P( 1140): Exit OMX vdec Destructor: fd=8
09-01 14:25:08.900 W/screencap( 4691): type=1400 audit(0.0:63551): avc: denied { search } for name="kgsl" dev="sysfs" ino=55624 scontext=u:r:shell:s0 tcontext=u:object_r:sysfs_kgsl:s0 tclass=dir permissive=0
09-01 14:25:08.912 W/AdrenoUtils( 4691): <ReadGpuID_from_sysfs:194>: Failed to open /sys/class/kgsl/kgsl-3d0/gpu_model
09-01 14:25:08.912 W/AdrenoUtils( 4691): <ReadGpuID:218>: Failed to read chip ID from gpu_model. Fallback to use the GSL path
09-01 14:25:08.918 V/bt_stack( 8588): [VERBOSE1:btm_ble_gap.cc(1923)] btm_ble_process_ext_adv_pkt: bda=67:f6:87:88:9f:40
09-01 14:25:08.918 V/bt_stack( 8588): [VERBOSE1:btm_ble_gap.cc(1847)] btm_ble_process_adv_addr: bda=67:f6:87:88:9f:40
09-01 14:25:08.918 V/bt_stack( 8588): [VERBOSE1:btm_ble_gap.cc(2052)]  Waiting for scan response 67:f6:87:88:9f:40
09-01 14:25:08.920 I/DeviceCenter( 4088): stop
09-01 14:25:08.920 I/DeviceCenter( 4088): pause band source:VDEVICE, shoe source:VDEVICE
09-01 14:25:08.921 I/DeviceCenter( 4088): deInitDeviceCallback:VDEVICE
09-01 14:25:08.921 I/chatty  ( 4088): uid=10241(com.xiaomi.hm.health) identical 1 line
09-01 14:25:08.921 I/DeviceCenter( 4088): deInitDeviceCallback:VDEVICE
09-01 14:25:08.922 I/DeviceCenter( 4088): not hr device
09-01 14:25:08.922 I/DeviceCenter( 4088): not hr device
09-01 14:25:08.927 V/bt_stack( 8588): [VERBOSE1:btm_ble_gap.cc(1923)] btm_ble_process_ext_adv_pkt: bda=f7:46:5c:bc:40:f9
09-01 14:25:08.927 V/bt_stack( 8588): [VERBOSE1:btm_ble_gap.cc(1847)] btm_ble_process_adv_addr: bda=f7:46:5c:bc:40:f9
09-01 14:25:08.927 V/bt_stack( 8588): [VERBOSE1:btm_ble_gap.cc(2052)]  Waiting for scan response f7:46:5c:bc:40:f9
09-01 14:25:08.927 V/bt_stack( 8588): [VERBOSE1:btm_ble_gap.cc(1923)] btm_ble_process_ext_adv_pkt: bda=11:82:f5:89:45:91
09-01 14:25:08.927 V/bt_stack( 8588): [VERBOSE1:btm_ble_gap.cc(1847)] btm_ble_process_adv_addr: bda=11:82:f5:89:45:91
09-01 14:25:08.930 D/BluetoothUtils( 8588): blockedByLocationOff callingUid=1002
09-01 14:25:08.931 I/BluetoothUtils( 8588): packagename is android.uid.bluetooth:1002 ,and its permission is false
09-01 14:25:08.931 D/BluetoothUtils( 8588): blockedByLocationOff callingUid=1002
09-01 14:25:08.933 D/EventBus(29730): [29730, u0] send(AppTransitionFinishedEvent)
09-01 14:25:08.933 D/EventBus(29730): [29730, u0]  -> ForcedResizableInfoActivityController [0xc4c1163, P1] onBusEvent(AppTransitionFinishedEvent)
09-01 14:25:08.933 I/BluetoothUtils( 8588): packagename is android.uid.bluetooth:1002 ,and its permission is false
09-01 14:25:08.933 D/BluetoothUtils( 8588): blockedByLocationOff callingUid=1002
09-01 14:25:08.933 I/BluetoothUtils( 8588): packagename is android.uid.bluetooth:1002 ,and its permission is false
09-01 14:25:08.934 D/EventBus(29730): [29730, u0] onBusEvent(AppTransitionFinishedEvent) duration: 18 microseconds, avg: 39
09-01 14:25:08.936 V/bt_stack( 8588): [VERBOSE1:btm_ble_gap.cc(1923)] btm_ble_process_ext_adv_pkt: bda=0a:29:89:b7:c8:4a
09-01 14:25:08.936 V/bt_stack( 8588): [VERBOSE1:btm_ble_gap.cc(1847)] btm_ble_process_adv_addr: bda=0a:29:89:b7:c8:4a
09-01 14:25:08.937 D/BluetoothUtils( 8588): blockedByLocationOff callingUid=1002
09-01 14:25:08.937 I/BluetoothUtils( 8588): packagename is android.uid.bluetooth:1002 ,and its permission is false
09-01 14:25:08.938 D/BluetoothUtils( 8588): blockedByLocationOff callingUid=1002
09-01 14:25:08.938 I/BluetoothUtils( 8588): packagename is android.uid.bluetooth:1002 ,and its permission is false
09-01 14:25:08.938 D/BluetoothUtils( 8588): blockedByLocationOff callingUid=1002
09-01 14:25:08.938 I/BluetoothUtils( 8588): packagename is android.uid.bluetooth:1002 ,and its permission is false
09-01 14:25:08.949 V/bt_stack( 8588): [VERBOSE1:btm_ble_gap.cc(1923)] btm_ble_process_ext_adv_pkt: bda=7a:5d:64:2b:34:77
09-01 14:25:08.949 V/bt_stack( 8588): [VERBOSE1:btm_ble_gap.cc(1847)] btm_ble_process_adv_addr: bda=7a:5d:64:2b:34:77
09-01 14:25:08.950 V/bt_stack( 8588): [VERBOSE1:btm_ble_gap.cc(2052)]  Waiting for scan response 7a:5d:64:2b:34:77
09-01 14:25:08.950 V/bt_stack( 8588): [VERBOSE1:btm_ble_gap.cc(1923)] btm_ble_process_ext_adv_pkt: bda=3a:23:cb:4a:85:2d
09-01 14:25:08.950 V/bt_stack( 8588): [VERBOSE1:btm_ble_gap.cc(1847)] btm_ble_process_adv_addr: bda=3a:23:cb:4a:85:2d
09-01 14:25:08.950 D/BluetoothUtils( 8588): blockedByLocationOff callingUid=1002
09-01 14:25:08.951 I/BluetoothUtils( 8588): packagename is android.uid.bluetooth:1002 ,and its permission is false
09-01 14:25:08.951 D/BluetoothUtils( 8588): blockedByLocationOff callingUid=1002
09-01 14:25:08.952 I/BluetoothUtils( 8588): packagename is android.uid.bluetooth:1002 ,and its permission is false
09-01 14:25:08.952 D/BluetoothUtils( 8588): blockedByLocationOff callingUid=1002
09-01 14:25:08.953 I/BluetoothUtils( 8588): packagename is android.uid.bluetooth:1002 ,and its permission is false
09-01 14:25:08.953 V/bt_stack( 8588): [VERBOSE1:btm_ble_gap.cc(1923)] btm_ble_process_ext_adv_pkt: bda=6f:0b:e8:0c:78:56
09-01 14:25:08.953 V/bt_stack( 8588): [VERBOSE1:btm_ble_gap.cc(1847)] btm_ble_process_adv_addr: bda=6f:0b:e8:0c:78:56
09-01 14:25:08.953 V/bt_stack( 8588): [VERBOSE1:btm_ble_gap.cc(2052)]  Waiting for scan response 6f:0b:e8:0c:78:56
09-01 14:25:08.953 V/bt_stack( 8588): [VERBOSE1:btm_ble_gap.cc(1923)] btm_ble_process_ext_adv_pkt: bda=35:08:67:20:13:25
09-01 14:25:08.953 V/bt_stack( 8588): [VERBOSE1:btm_ble_gap.cc(1847)] btm_ble_process_adv_addr: bda=35:08:67:20:13:25
09-01 14:25:08.955 D/BluetoothUtils( 8588): blockedByLocationOff callingUid=1002
09-01 14:25:08.955 I/BluetoothUtils( 8588): packagename is android.uid.bluetooth:1002 ,and its permission is false
09-01 14:25:08.955 D/BluetoothUtils( 8588): blockedByLocationOff callingUid=1002
09-01 14:25:08.956 I/BluetoothUtils( 8588): packagename is android.uid.bluetooth:1002 ,and its permission is false
09-01 14:25:08.956 D/BluetoothUtils( 8588): blockedByLocationOff callingUid=1002
09-01 14:25:08.956 I/BluetoothUtils( 8588): packagename is android.uid.bluetooth:1002 ,and its permission is false
09-01 14:25:08.965 V/bt_stack( 8588): [VERBOSE1:btm_ble_gap.cc(1923)] btm_ble_process_ext_adv_pkt: bda=07:5a:b0:04:f2:ba
09-01 14:25:08.965 V/bt_stack( 8588): [VERBOSE1:btm_ble_gap.cc(1847)] btm_ble_process_adv_addr: bda=07:5a:b0:04:f2:ba
09-01 14:25:08.965 V/bt_stack( 8588): [VERBOSE1:btm_ble_gap.cc(1923)] btm_ble_process_ext_adv_pkt: bda=2e:17:70:f9:0b:48
09-01 14:25:08.965 V/bt_stack( 8588): [VERBOSE1:btm_ble_gap.cc(1847)] btm_ble_process_adv_addr: bda=2e:17:70:f9:0b:48
09-01 14:25:08.966 D/BluetoothUtils( 8588): blockedByLocationOff callingUid=1002
09-01 14:25:08.966 I/BluetoothUtils( 8588): packagename is android.uid.bluetooth:1002 ,and its permission is false
09-01 14:25:08.966 D/BluetoothUtils( 8588): blockedByLocationOff callingUid=1002
09-01 14:25:08.966 I/BluetoothUtils( 8588): packagename is android.uid.bluetooth:1002 ,and its permission is false
09-01 14:25:08.966 D/BluetoothUtils( 8588): blockedByLocationOff callingUid=1002
09-01 14:25:08.967 I/BluetoothUtils( 8588): packagename is android.uid.bluetooth:1002 ,and its permission is false
09-01 14:25:08.967 D/BluetoothUtils( 8588): blockedByLocationOff callingUid=1002
09-01 14:25:08.968 I/BluetoothUtils( 8588): packagename is android.uid.bluetooth:1002 ,and its permission is false
09-01 14:25:08.968 D/BluetoothUtils( 8588): blockedByLocationOff callingUid=1002
09-01 14:25:08.968 I/BluetoothUtils( 8588): packagename is android.uid.bluetooth:1002 ,and its permission is false
09-01 14:25:08.968 D/BluetoothUtils( 8588): blockedByLocationOff callingUid=1002
09-01 14:25:08.968 I/BluetoothUtils( 8588): packagename is android.uid.bluetooth:1002 ,and its permission is false
09-01 14:25:08.978 V/bt_stack( 8588): [VERBOSE1:btm_ble_gap.cc(1923)] btm_ble_process_ext_adv_pkt: bda=6c:37:b5:6b:a1:b8
09-01 14:25:08.979 V/bt_stack( 8588): [VERBOSE1:btm_ble_gap.cc(1847)] btm_ble_process_adv_addr: bda=6c:37:b5:6b:a1:b8
09-01 14:25:08.979 V/bt_stack( 8588): [VERBOSE1:btm_ble_gap.cc(2052)]  Waiting for scan response 6c:37:b5:6b:a1:b8
09-01 14:25:08.979 V/bt_stack( 8588): [VERBOSE1:btm_ble_gap.cc(1923)] btm_ble_process_ext_adv_pkt: bda=07:88:7e:66:14:b3
09-01 14:25:08.979 V/bt_stack( 8588): [VERBOSE1:btm_ble_gap.cc(1847)] btm_ble_process_adv_addr: bda=07:88:7e:66:14:b3
09-01 14:25:08.979 D/BluetoothUtils( 8588): blockedByLocationOff callingUid=1002
09-01 14:25:08.980 I/BluetoothUtils( 8588): packagename is android.uid.bluetooth:1002 ,and its permission is false
09-01 14:25:08.980 D/BluetoothUtils( 8588): blockedByLocationOff callingUid=1002
09-01 14:25:08.980 I/BluetoothUtils( 8588): packagename is android.uid.bluetooth:1002 ,and its permission is false
09-01 14:25:08.980 V/bt_stack( 8588): [VERBOSE1:btm_ble_gap.cc(1923)] btm_ble_process_ext_adv_pkt: bda=77:70:e9:20:dc:cd
09-01 14:25:08.980 I/iaomi.hm.healt( 4088): Background concurrent copying GC freed 472845(15MB) AllocSpace objects, 4(208KB) LOS objects, 40% free, 35MB/59MB, paused 449us total 138.489ms
09-01 14:25:08.980 V/bt_stack( 8588): [VERBOSE1:btm_ble_gap.cc(1847)] btm_ble_process_adv_addr: bda=77:70:e9:20:dc:cd
09-01 14:25:08.980 D/BluetoothUtils( 8588): blockedByLocationOff callingUid=1002
09-01 14:25:08.981 I/BluetoothUtils( 8588): packagename is android.uid.bluetooth:1002 ,and its permission is false
09-01 14:25:08.981 D/BluetoothUtils( 8588): blockedByLocationOff callingUid=1002
09-01 14:25:08.982 I/BluetoothUtils( 8588): packagename is android.uid.bluetooth:1002 ,and its permission is false
09-01 14:25:08.982 D/BluetoothUtils( 8588): blockedByLocationOff callingUid=1002
09-01 14:25:08.982 I/BluetoothUtils( 8588): packagename is android.uid.bluetooth:1002 ,and its permission is false
09-01 14:25:08.982 D/BluetoothUtils( 8588): blockedByLocationOff callingUid=1002
09-01 14:25:08.982 V/bt_stack( 8588): [VERBOSE1:btm_ble_gap.cc(1923)] btm_ble_process_ext_adv_pkt: bda=66:3e:07:e0:2b:d4
09-01 14:25:08.982 V/bt_stack( 8588): [VERBOSE1:btm_ble_gap.cc(1847)] btm_ble_process_adv_addr: bda=66:3e:07:e0:2b:d4
09-01 14:25:08.982 V/bt_stack( 8588): [VERBOSE1:btm_ble_gap.cc(2052)]  Waiting for scan response 66:3e:07:e0:2b:d4
09-01 14:25:08.982 V/bt_stack( 8588): [VERBOSE1:btm_ble_gap.cc(1923)] btm_ble_process_ext_adv_pkt: bda=66:3e:07:e0:2b:d4
09-01 14:25:08.982 V/bt_stack( 8588): [VERBOSE1:btm_ble_gap.cc(1847)] btm_ble_process_adv_addr: bda=66:3e:07:e0:2b:d4
09-01 14:25:08.982 I/BluetoothUtils( 8588): packagename is android.uid.bluetooth:1002 ,and its permission is false
09-01 14:25:08.983 D/BluetoothUtils( 8588): blockedByLocationOff callingUid=1002
09-01 14:25:08.983 I/BluetoothUtils( 8588): packagename is android.uid.bluetooth:1002 ,and its permission is false
09-01 14:25:08.983 D/BluetoothUtils( 8588): blockedByLocationOff callingUid=1002
09-01 14:25:08.984 I/BluetoothUtils( 8588): packagename is android.uid.bluetooth:1002 ,and its permission is false
09-01 14:25:08.984 D/BluetoothUtils( 8588): blockedByLocationOff callingUid=1002
09-01 14:25:08.984 I/BluetoothUtils( 8588): packagename is android.uid.bluetooth:1002 ,and its permission is false
09-01 14:25:08.999 V/bt_stack( 8588): [VERBOSE1:btm_ble_gap.cc(1923)] btm_ble_process_ext_adv_pkt: bda=4a:e5:35:f9:94:df
09-01 14:25:08.999 V/bt_stack( 8588): [VERBOSE1:btm_ble_gap.cc(1847)] btm_ble_process_adv_addr: bda=4a:e5:35:f9:94:df
09-01 14:25:08.999 V/bt_stack( 8588): [VERBOSE1:btm_ble_gap.cc(2052)]  Waiting for scan response 4a:e5:35:f9:94:df
09-01 14:25:08.999 V/bt_stack( 8588): [VERBOSE1:btm_ble_gap.cc(1923)] btm_ble_process_ext_adv_pkt: bda=30:b8:83:fe:c9:1f
09-01 14:25:08.999 V/bt_stack( 8588): [VERBOSE1:btm_ble_gap.cc(1847)] btm_ble_process_adv_addr: bda=30:b8:83:fe:c9:1f
09-01 14:25:09.000 D/BluetoothUtils( 8588): blockedByLocationOff callingUid=1002
09-01 14:25:09.000 I/BluetoothUtils( 8588): packagename is android.uid.bluetooth:1002 ,and its permission is false
09-01 14:25:09.000 D/BluetoothUtils( 8588): blockedByLocationOff callingUid=1002
09-01 14:25:09.000 I/BluetoothUtils( 8588): packagename is android.uid.bluetooth:1002 ,and its permission is false
09-01 14:25:09.001 D/BluetoothUtils( 8588): blockedByLocationOff callingUid=1002
09-01 14:25:09.001 I/BluetoothUtils( 8588): packagename is android.uid.bluetooth:1002 ,and its permission is false
09-01 14:25:09.007 V/bt_stack( 8588): [VERBOSE1:btm_ble_gap.cc(1923)] btm_ble_process_ext_adv_pkt: bda=46:60:09:cb:cf:ec
09-01 14:25:09.007 V/bt_stack( 8588): [VERBOSE1:btm_ble_gap.cc(1847)] btm_ble_process_adv_addr: bda=46:60:09:cb:cf:ec
09-01 14:25:09.007 V/bt_stack( 8588): [VERBOSE1:btm_ble_gap.cc(2052)]  Waiting for scan response 46:60:09:cb:cf:ec
09-01 14:25:09.007 V/bt_stack( 8588): [VERBOSE1:btm_ble_gap.cc(1923)] btm_ble_process_ext_adv_pkt: bda=59:bb:67:f0:94:3c
09-01 14:25:09.007 V/bt_stack( 8588): [VERBOSE1:btm_ble_gap.cc(1847)] btm_ble_process_adv_addr: bda=59:bb:67:f0:94:3c
09-01 14:25:09.008 D/BluetoothUtils( 8588): blockedByLocationOff callingUid=1002
09-01 14:25:09.008 I/BluetoothUtils( 8588): packagename is android.uid.bluetooth:1002 ,and its permission is false
09-01 14:25:09.008 D/BluetoothUtils( 8588): blockedByLocationOff callingUid=1002
09-01 14:25:09.008 I/BluetoothUtils( 8588): packagename is android.uid.bluetooth:1002 ,and its permission is false
09-01 14:25:09.008 D/BluetoothUtils( 8588): blockedByLocationOff callingUid=1002
09-01 14:25:09.009 I/BluetoothUtils( 8588): packagename is android.uid.bluetooth:1002 ,and its permission is false
09-01 14:25:09.010 V/bt_stack( 8588): [VERBOSE1:btm_ble_gap.cc(1923)] btm_ble_process_ext_adv_pkt: bda=03:98:cf:7d:8e:6f
09-01 14:25:09.011 V/bt_stack( 8588): [VERBOSE1:btm_ble_gap.cc(1847)] btm_ble_process_adv_addr: bda=03:98:cf:7d:8e:6f
09-01 14:25:09.011 D/BluetoothUtils( 8588): blockedByLocationOff callingUid=1002
09-01 14:25:09.012 I/BluetoothUtils( 8588): packagename is android.uid.bluetooth:1002 ,and its permission is false
09-01 14:25:09.012 D/BluetoothUtils( 8588): blockedByLocationOff callingUid=1002
09-01 14:25:09.012 I/BluetoothUtils( 8588): packagename is android.uid.bluetooth:1002 ,and its permission is false
09-01 14:25:09.012 D/BluetoothUtils( 8588): blockedByLocationOff callingUid=1002
09-01 14:25:09.012 I/BluetoothUtils( 8588): packagename is android.uid.bluetooth:1002 ,and its permission is false
09-01 14:25:09.015 V/bt_stack( 8588): [VERBOSE1:btm_ble_gap.cc(1923)] btm_ble_process_ext_adv_pkt: bda=04:71:24:a7:6f:1c
09-01 14:25:09.015 V/bt_stack( 8588): [VERBOSE1:btm_ble_gap.cc(1847)] btm_ble_process_adv_addr: bda=04:71:24:a7:6f:1c
09-01 14:25:09.016 D/BluetoothUtils( 8588): blockedByLocationOff callingUid=1002
09-01 14:25:09.016 I/BluetoothUtils( 8588): packagename is android.uid.bluetooth:1002 ,and its permission is false
09-01 14:25:09.016 D/BluetoothUtils( 8588): blockedByLocationOff callingUid=1002
09-01 14:25:09.017 I/BluetoothUtils( 8588): packagename is android.uid.bluetooth:1002 ,and its permission is false
09-01 14:25:09.017 D/BluetoothUtils( 8588): blockedByLocationOff callingUid=1002
09-01 14:25:09.017 I/BluetoothUtils( 8588): packagename is android.uid.bluetooth:1002 ,and its permission is false
09-01 14:25:09.036 V/bt_stack( 8588): [VERBOSE1:btm_ble_gap.cc(1923)] btm_ble_process_ext_adv_pkt: bda=11:82:f5:89:45:91
09-01 14:25:09.036 V/bt_stack( 8588): [VERBOSE1:btm_ble_gap.cc(1847)] btm_ble_process_adv_addr: bda=11:82:f5:89:45:91
09-01 14:25:09.037 D/BluetoothUtils( 8588): blockedByLocationOff callingUid=1002
09-01 14:25:09.037 I/BluetoothUtils( 8588): packagename is android.uid.bluetooth:1002 ,and its permission is false
09-01 14:25:09.037 D/BluetoothUtils( 8588): blockedByLocationOff callingUid=1002
09-01 14:25:09.037 I/BluetoothUtils( 8588): packagename is android.uid.bluetooth:1002 ,and its permission is false
09-01 14:25:09.038 D/BluetoothUtils( 8588): blockedByLocationOff callingUid=1002
09-01 14:25:09.038 I/BluetoothUtils( 8588): packagename is android.uid.bluetooth:1002 ,and its permission is false
09-01 14:25:09.056 V/bt_stack( 8588): [VERBOSE1:btm_ble_gap.cc(1923)] btm_ble_process_ext_adv_pkt: bda=77:60:99:3a:74:d9
09-01 14:25:09.056 V/bt_stack( 8588): [VERBOSE1:btm_ble_gap.cc(1847)] btm_ble_process_adv_addr: bda=77:60:99:3a:74:d9
09-01 14:25:09.056 V/bt_stack( 8588): [VERBOSE1:btm_ble_gap.cc(2052)]  Waiting for scan response 77:60:99:3a:74:d9
09-01 14:25:09.056 V/bt_stack( 8588): [VERBOSE1:btm_ble_gap.cc(1923)] btm_ble_process_ext_adv_pkt: bda=35:08:67:20:13:25
09-01 14:25:09.056 V/bt_stack( 8588): [VERBOSE1:btm_ble_gap.cc(1847)] btm_ble_process_adv_addr: bda=35:08:67:20:13:25
09-01 14:25:09.057 D/BluetoothUtils( 8588): blockedByLocationOff callingUid=1002
09-01 14:25:09.057 I/BluetoothUtils( 8588): packagename is android.uid.bluetooth:1002 ,and its permission is false
09-01 14:25:09.057 V/bt_stack( 8588): [VERBOSE1:btm_ble_gap.cc(1923)] btm_ble_process_ext_adv_pkt: bda=36:c9:49:a0:b6:9d
09-01 14:25:09.057 D/BluetoothUtils( 8588): blockedByLocationOff callingUid=1002
09-01 14:25:09.057 V/bt_stack( 8588): [VERBOSE1:btm_ble_gap.cc(1847)] btm_ble_process_adv_addr: bda=36:c9:49:a0:b6:9d
09-01 14:25:09.057 I/BluetoothUtils( 8588): packagename is android.uid.bluetooth:1002 ,and its permission is false
09-01 14:25:09.057 D/BluetoothUtils( 8588): blockedByLocationOff callingUid=1002
09-01 14:25:09.058 I/BluetoothUtils( 8588): packagename is android.uid.bluetooth:1002 ,and its permission is false
09-01 14:25:09.058 D/BluetoothUtils( 8588): blockedByLocationOff callingUid=1002
09-01 14:25:09.058 I/BluetoothUtils( 8588): packagename is android.uid.bluetooth:1002 ,and its permission is false
09-01 14:25:09.058 D/BluetoothUtils( 8588): blockedByLocationOff callingUid=1002
09-01 14:25:09.059 I/BluetoothUtils( 8588): packagename is android.uid.bluetooth:1002 ,and its permission is false
09-01 14:25:09.059 D/BluetoothUtils( 8588): blockedByLocationOff callingUid=1002
09-01 14:25:09.059 I/BluetoothUtils( 8588): packagename is android.uid.bluetooth:1002 ,and its permission is false
09-01 14:25:09.060 V/bt_stack( 8588): [VERBOSE1:btm_ble_gap.cc(1923)] btm_ble_process_ext_adv_pkt: bda=12:1c:38:cd:04:e8
09-01 14:25:09.060 V/bt_stack( 8588): [VERBOSE1:btm_ble_gap.cc(1847)] btm_ble_process_adv_addr: bda=12:1c:38:cd:04:e8
09-01 14:25:09.061 D/BluetoothUtils( 8588): blockedByLocationOff callingUid=1002
09-01 14:25:09.061 I/BluetoothUtils( 8588): packagename is android.uid.bluetooth:1002 ,and its permission is false
09-01 14:25:09.061 D/BluetoothUtils( 8588): blockedByLocationOff callingUid=1002
09-01 14:25:09.061 I/BluetoothUtils( 8588): packagename is android.uid.bluetooth:1002 ,and its permission is false
09-01 14:25:09.061 D/BluetoothUtils( 8588): blockedByLocationOff callingUid=1002
09-01 14:25:09.061 I/BluetoothUtils( 8588): packagename is android.uid.bluetooth:1002 ,and its permission is false
09-01 14:25:09.074 V/bt_stack( 8588): [VERBOSE1:btm_ble_gap.cc(1923)] btm_ble_process_ext_adv_pkt: bda=3c:22:fb:3d:0a:8f
09-01 14:25:09.074 V/bt_stack( 8588): [VERBOSE1:btm_ble_gap.cc(1847)] btm_ble_process_adv_addr: bda=3c:22:fb:3d:0a:8f
09-01 14:25:09.074 V/bt_stack( 8588): [VERBOSE1:btm_ble_gap.cc(2052)]  Waiting for scan response 3c:22:fb:3d:0a:8f
09-01 14:25:09.074 V/bt_stack( 8588): [VERBOSE1:btm_ble_gap.cc(1923)] btm_ble_process_ext_adv_pkt: bda=2e:17:70:f9:0b:48
09-01 14:25:09.074 V/bt_stack( 8588): [VERBOSE1:btm_ble_gap.cc(1847)] btm_ble_process_adv_addr: bda=2e:17:70:f9:0b:48
09-01 14:25:09.075 D/BluetoothUtils( 8588): blockedByLocationOff callingUid=1002
09-01 14:25:09.075 I/BluetoothUtils( 8588): packagename is android.uid.bluetooth:1002 ,and its permission is false
09-01 14:25:09.075 D/BluetoothUtils( 8588): blockedByLocationOff callingUid=1002
09-01 14:25:09.075 V/bt_stack( 8588): [VERBOSE1:btm_ble_gap.cc(1923)] btm_ble_process_ext_adv_pkt: bda=7a:57:24:41:08:b2
09-01 14:25:09.075 V/bt_stack( 8588): [VERBOSE1:btm_ble_gap.cc(1847)] btm_ble_process_adv_addr: bda=7a:57:24:41:08:b2
09-01 14:25:09.075 V/bt_stack( 8588): [VERBOSE1:btm_ble_gap.cc(2052)]  Waiting for scan response 7a:57:24:41:08:b2
09-01 14:25:09.075 V/bt_stack( 8588): [VERBOSE1:btm_ble_gap.cc(1923)] btm_ble_process_ext_adv_pkt: bda=7a:57:24:41:08:b2
09-01 14:25:09.075 V/bt_stack( 8588): [VERBOSE1:btm_ble_gap.cc(1847)] btm_ble_process_adv_addr: bda=7a:57:24:41:08:b2
09-01 14:25:09.076 I/BluetoothUtils( 8588): packagename is android.uid.bluetooth:1002 ,and its permission is false
09-01 14:25:09.076 D/BluetoothUtils( 8588): blockedByLocationOff callingUid=1002
09-01 14:25:09.076 I/BluetoothUtils( 8588): packagename is android.uid.bluetooth:1002 ,and its permission is false
09-01 14:25:09.076 D/BluetoothUtils( 8588): blockedByLocationOff callingUid=1002
09-01 14:25:09.077 I/BluetoothUtils( 8588): packagename is android.uid.bluetooth:1002 ,and its permission is false
09-01 14:25:09.077 D/BluetoothUtils( 8588): blockedByLocationOff callingUid=1002
09-01 14:25:09.077 I/BluetoothUtils( 8588): packagename is android.uid.bluetooth:1002 ,and its permission is false
09-01 14:25:09.077 D/BluetoothUtils( 8588): blockedByLocationOff callingUid=1002
09-01 14:25:09.077 I/BluetoothUtils( 8588): packagename is android.uid.bluetooth:1002 ,and its permission is false
09-01 14:25:09.082 V/bt_stack( 8588): [VERBOSE1:btm_ble_gap.cc(1923)] btm_ble_process_ext_adv_pkt: bda=45:55:7e:66:6f:d0
09-01 14:25:09.082 V/bt_stack( 8588): [VERBOSE1:btm_ble_gap.cc(1847)] btm_ble_process_adv_addr: bda=45:55:7e:66:6f:d0
09-01 14:25:09.082 V/bt_stack( 8588): [VERBOSE1:btm_ble_gap.cc(2052)]  Waiting for scan response 45:55:7e:66:6f:d0
09-01 14:25:09.082 V/bt_stack( 8588): [VERBOSE1:btm_ble_gap.cc(1923)] btm_ble_process_ext_adv_pkt: bda=45:55:7e:66:6f:d0
09-01 14:25:09.083 V/bt_stack( 8588): [VERBOSE1:btm_ble_gap.cc(1847)] btm_ble_process_adv_addr: bda=45:55:7e:66:6f:d0
09-01 14:25:09.083 V/bt_stack( 8588): [VERBOSE1:btm_ble_gap.cc(1923)] btm_ble_process_ext_adv_pkt: bda=77:70:e9:20:dc:cd
09-01 14:25:09.083 V/bt_stack( 8588): [VERBOSE1:btm_ble_gap.cc(1847)] btm_ble_process_adv_addr: bda=77:70:e9:20:dc:cd
09-01 14:25:09.083 D/BluetoothUtils( 8588): blockedByLocationOff callingUid=1002
09-01 14:25:09.084 I/BluetoothUtils( 8588): packagename is android.uid.bluetooth:1002 ,and its permission is false
09-01 14:25:09.084 D/BluetoothUtils( 8588): blockedByLocationOff callingUid=1002
09-01 14:25:09.084 I/BluetoothUtils( 8588): packagename is android.uid.bluetooth:1002 ,and its permission is false
09-01 14:25:09.084 D/BluetoothUtils( 8588): blockedByLocationOff callingUid=1002
09-01 14:25:09.084 I/BluetoothUtils( 8588): packagename is android.uid.bluetooth:1002 ,and its permission is false
09-01 14:25:09.085 D/BluetoothUtils( 8588): blockedByLocationOff callingUid=1002
09-01 14:25:09.085 I/BluetoothUtils( 8588): packagename is android.uid.bluetooth:1002 ,and its permission is false
09-01 14:25:09.085 D/BluetoothUtils( 8588): blockedByLocationOff callingUid=1002
09-01 14:25:09.085 I/BluetoothUtils( 8588): packagename is android.uid.bluetooth:1002 ,and its permission is false
09-01 14:25:09.085 D/BluetoothUtils( 8588): blockedByLocationOff callingUid=1002
09-01 14:25:09.086 I/BluetoothUtils( 8588): packagename is android.uid.bluetooth:1002 ,and its permission is false
09-01 14:25:09.087 V/bt_stack( 8588): [VERBOSE1:btm_ble_gap.cc(1923)] btm_ble_process_ext_adv_pkt: bda=33:55:74:83:d5:3a
09-01 14:25:09.087 V/bt_stack( 8588): [VERBOSE1:btm_ble_gap.cc(1847)] btm_ble_process_adv_addr: bda=33:55:74:83:d5:3a
09-01 14:25:09.088 D/BluetoothUtils( 8588): blockedByLocationOff callingUid=1002
09-01 14:25:09.088 I/BluetoothUtils( 8588): packagename is android.uid.bluetooth:1002 ,and its permission is false
09-01 14:25:09.088 D/BluetoothUtils( 8588): blockedByLocationOff callingUid=1002
09-01 14:25:09.088 I/BluetoothUtils( 8588): packagename is android.uid.bluetooth:1002 ,and its permission is false
09-01 14:25:09.088 D/BluetoothUtils( 8588): blockedByLocationOff callingUid=1002
09-01 14:25:09.088 I/BluetoothUtils( 8588): packagename is android.uid.bluetooth:1002 ,and its permission is false
09-01 14:25:09.094 D/WorkerThreadMonitor(25307): Kill MSF check result[ senderSize:0,sendInterval:11318572,receiveInterval=11589654,addCmdCount=3
09-01 14:25:09.105 V/bt_stack( 8588): [VERBOSE1:btm_ble_gap.cc(1923)] btm_ble_process_ext_adv_pkt: bda=53:56:a8:ef:e5:80
09-01 14:25:09.105 V/bt_stack( 8588): [VERBOSE1:btm_ble_gap.cc(1847)] btm_ble_process_adv_addr: bda=53:56:a8:ef:e5:80
09-01 14:25:09.105 V/bt_stack( 8588): [VERBOSE1:btm_ble_gap.cc(2052)]  Waiting for scan response 53:56:a8:ef:e5:80
09-01 14:25:09.106 V/bt_stack( 8588): [VERBOSE1:btm_ble_gap.cc(1923)] btm_ble_process_ext_adv_pkt: bda=53:56:a8:ef:e5:80
09-01 14:25:09.106 V/bt_stack( 8588): [VERBOSE1:btm_ble_gap.cc(1847)] btm_ble_process_adv_addr: bda=53:56:a8:ef:e5:80
09-01 14:25:09.106 D/BluetoothUtils( 8588): blockedByLocationOff callingUid=1002
09-01 14:25:09.107 I/BluetoothUtils( 8588): packagename is android.uid.bluetooth:1002 ,and its permission is false
09-01 14:25:09.107 D/BluetoothUtils( 8588): blockedByLocationOff callingUid=1002
09-01 14:25:09.107 I/BluetoothUtils( 8588): packagename is android.uid.bluetooth:1002 ,and its permission is false
09-01 14:25:09.107 D/BluetoothUtils( 8588): blockedByLocationOff callingUid=1002
09-01 14:25:09.107 I/BluetoothUtils( 8588): packagename is android.uid.bluetooth:1002 ,and its permission is false
09-01 14:25:09.116 V/bt_stack( 8588): [VERBOSE1:btm_ble_gap.cc(1923)] btm_ble_process_ext_adv_pkt: bda=04:71:24:a7:6f:1c
09-01 14:25:09.116 V/bt_stack( 8588): [VERBOSE1:btm_ble_gap.cc(1847)] btm_ble_process_adv_addr: bda=04:71:24:a7:6f:1c
09-01 14:25:09.117 D/BluetoothUtils( 8588): blockedByLocationOff callingUid=1002
09-01 14:25:09.117 I/BluetoothUtils( 8588): packagename is android.uid.bluetooth:1002 ,and its permission is false
09-01 14:25:09.117 D/BluetoothUtils( 8588): blockedByLocationOff callingUid=1002
09-01 14:25:09.117 I/BluetoothUtils( 8588): packagename is android.uid.bluetooth:1002 ,and its permission is false
09-01 14:25:09.117 D/BluetoothUtils( 8588): blockedByLocationOff callingUid=1002
09-01 14:25:09.118 I/BluetoothUtils( 8588): packagename is android.uid.bluetooth:1002 ,and its permission is false
09-01 14:25:09.138 V/bt_stack( 8588): [VERBOSE1:btm_ble_gap.cc(1923)] btm_ble_process_ext_adv_pkt: bda=7a:5d:64:2b:34:77
09-01 14:25:09.138 V/bt_stack( 8588): [VERBOSE1:btm_ble_gap.cc(1847)] btm_ble_process_adv_addr: bda=7a:5d:64:2b:34:77
09-01 14:25:09.138 V/bt_stack( 8588): [VERBOSE1:btm_ble_gap.cc(2052)]  Waiting for scan response 7a:5d:64:2b:34:77
09-01 14:25:09.138 V/bt_stack( 8588): [VERBOSE1:btm_ble_gap.cc(1923)] btm_ble_process_ext_adv_pkt: bda=11:82:f5:89:45:91
09-01 14:25:09.138 V/bt_stack( 8588): [VERBOSE1:btm_ble_gap.cc(1847)] btm_ble_process_adv_addr: bda=11:82:f5:89:45:91
09-01 14:25:09.139 D/BluetoothUtils( 8588): blockedByLocationOff callingUid=1002
09-01 14:25:09.139 I/BluetoothUtils( 8588): packagename is android.uid.bluetooth:1002 ,and its permission is false
09-01 14:25:09.139 D/BluetoothUtils( 8588): blockedByLocationOff callingUid=1002
09-01 14:25:09.139 I/BluetoothUtils( 8588): packagename is android.uid.bluetooth:1002 ,and its permission is false
09-01 14:25:09.139 D/BluetoothUtils( 8588): blockedByLocationOff callingUid=1002
09-01 14:25:09.140 I/BluetoothUtils( 8588): packagename is android.uid.bluetooth:1002 ,and its permission is false
09-01 14:25:09.158 V/bt_stack( 8588): [VERBOSE1:btm_ble_gap.cc(1923)] btm_ble_process_ext_adv_pkt: bda=4b:2f:6d:75:86:77
09-01 14:25:09.158 V/bt_stack( 8588): [VERBOSE1:btm_ble_gap.cc(1847)] btm_ble_process_adv_addr: bda=4b:2f:6d:75:86:77
09-01 14:25:09.158 V/bt_stack( 8588): [VERBOSE1:btm_ble_gap.cc(2052)]  Waiting for scan response 4b:2f:6d:75:86:77
09-01 14:25:09.158 V/bt_stack( 8588): [VERBOSE1:btm_ble_gap.cc(1923)] btm_ble_process_ext_adv_pkt: bda=3a:23:cb:4a:85:2d
09-01 14:25:09.158 V/bt_stack( 8588): [VERBOSE1:btm_ble_gap.cc(1847)] btm_ble_process_adv_addr: bda=3a:23:cb:4a:85:2d
09-01 14:25:09.159 D/BluetoothUtils( 8588): blockedByLocationOff callingUid=1002
09-01 14:25:09.160 I/BluetoothUtils( 8588): packagename is android.uid.bluetooth:1002 ,and its permission is false
09-01 14:25:09.160 D/BluetoothUtils( 8588): blockedByLocationOff callingUid=1002
09-01 14:25:09.160 I/BluetoothUtils( 8588): packagename is android.uid.bluetooth:1002 ,and its permission is false
09-01 14:25:09.160 D/BluetoothUtils( 8588): blockedByLocationOff callingUid=1002
09-01 14:25:09.160 I/BluetoothUtils( 8588): packagename is android.uid.bluetooth:1002 ,and its permission is false
09-01 14:25:09.164 V/bt_stack( 8588): [VERBOSE1:btm_ble_gap.cc(1923)] btm_ble_process_ext_adv_pkt: bda=d0:07:00:36:00:1a
09-01 14:25:09.164 V/bt_stack( 8588): [VERBOSE1:btm_ble_gap.cc(1847)] btm_ble_process_adv_addr: bda=d0:07:00:36:00:1a
09-01 14:25:09.164 V/bt_stack( 8588): [VERBOSE1:btm_ble_gap.cc(2052)]  Waiting for scan response d0:07:00:36:00:1a
09-01 14:25:09.165 V/bt_stack( 8588): [VERBOSE1:btm_ble_gap.cc(1923)] btm_ble_process_ext_adv_pkt: bda=d0:07:00:36:00:1a
09-01 14:25:09.165 V/bt_stack( 8588): [VERBOSE1:btm_ble_gap.cc(1847)] btm_ble_process_adv_addr: bda=d0:07:00:36:00:1a
09-01 14:25:09.165 V/bt_stack( 8588): [VERBOSE1:btm_ble_gap.cc(1923)] btm_ble_process_ext_adv_pkt: bda=36:c9:49:a0:b6:9d
09-01 14:25:09.165 V/bt_stack( 8588): [VERBOSE1:btm_ble_gap.cc(1847)] btm_ble_process_adv_addr: bda=36:c9:49:a0:b6:9d
09-01 14:25:09.166 D/BluetoothUtils( 8588): blockedByLocationOff callingUid=1002
09-01 14:25:09.167 I/BluetoothUtils( 8588): packagename is android.uid.bluetooth:1002 ,and its permission is false
09-01 14:25:09.167 D/BluetoothUtils( 8588): blockedByLocationOff callingUid=1002
09-01 14:25:09.167 I/BluetoothUtils( 8588): packagename is android.uid.bluetooth:1002 ,and its permission is false
09-01 14:25:09.167 D/BluetoothUtils( 8588): blockedByLocationOff callingUid=1002
09-01 14:25:09.167 I/BluetoothUtils( 8588): packagename is android.uid.bluetooth:1002 ,and its permission is false
09-01 14:25:09.168 D/BluetoothUtils( 8588): blockedByLocationOff callingUid=1002
09-01 14:25:09.168 I/BluetoothUtils( 8588): packagename is android.uid.bluetooth:1002 ,and its permission is false
09-01 14:25:09.168 D/BluetoothUtils( 8588): blockedByLocationOff callingUid=1002
09-01 14:25:09.169 I/BluetoothUtils( 8588): packagename is android.uid.bluetooth:1002 ,and its permission is false
09-01 14:25:09.169 D/BluetoothUtils( 8588): blockedByLocationOff callingUid=1002
09-01 14:25:09.169 I/BluetoothUtils( 8588): packagename is android.uid.bluetooth:1002 ,and its permission is false
09-01 14:25:09.174 V/bt_stack( 8588): [VERBOSE1:btm_ble_gap.cc(1923)] btm_ble_process_ext_adv_pkt: bda=75:55:30:69:5d:bf
09-01 14:25:09.174 V/bt_stack( 8588): [VERBOSE1:btm_ble_gap.cc(1847)] btm_ble_process_adv_addr: bda=75:55:30:69:5d:bf
09-01 14:25:09.174 V/bt_stack( 8588): [VERBOSE1:btm_ble_gap.cc(2052)]  Waiting for scan response 75:55:30:69:5d:bf
09-01 14:25:09.174 V/bt_stack( 8588): [VERBOSE1:btm_ble_gap.cc(1923)] btm_ble_process_ext_adv_pkt: bda=07:5a:b0:04:f2:ba
09-01 14:25:09.174 V/bt_stack( 8588): [VERBOSE1:btm_ble_gap.cc(1847)] btm_ble_process_adv_addr: bda=07:5a:b0:04:f2:ba
09-01 14:25:09.175 D/BluetoothUtils( 8588): blockedByLocationOff callingUid=1002
09-01 14:25:09.176 I/BluetoothUtils( 8588): packagename is android.uid.bluetooth:1002 ,and its permission is false
09-01 14:25:09.176 D/BluetoothUtils( 8588): blockedByLocationOff callingUid=1002
09-01 14:25:09.176 V/bt_stack( 8588): [VERBOSE1:btm_ble_gap.cc(1923)] btm_ble_process_ext_adv_pkt: bda=2e:17:70:f9:0b:48
09-01 14:25:09.176 V/bt_stack( 8588): [VERBOSE1:btm_ble_gap.cc(1847)] btm_ble_process_adv_addr: bda=2e:17:70:f9:0b:48
09-01 14:25:09.176 I/BluetoothUtils( 8588): packagename is android.uid.bluetooth:1002 ,and its permission is false
09-01 14:25:09.176 D/BluetoothUtils( 8588): blockedByLocationOff callingUid=1002
09-01 14:25:09.176 I/BluetoothUtils( 8588): packagename is android.uid.bluetooth:1002 ,and its permission is false
09-01 14:25:09.177 D/BluetoothUtils( 8588): blockedByLocationOff callingUid=1002
09-01 14:25:09.177 I/BluetoothUtils( 8588): packagename is android.uid.bluetooth:1002 ,and its permission is false
09-01 14:25:09.177 D/BluetoothUtils( 8588): blockedByLocationOff callingUid=1002
09-01 14:25:09.178 I/BluetoothUtils( 8588): packagename is android.uid.bluetooth:1002 ,and its permission is false
09-01 14:25:09.178 D/BluetoothUtils( 8588): blockedByLocationOff callingUid=1002
09-01 14:25:09.178 V/bt_stack( 8588): [VERBOSE1:btm_ble_gap.cc(1923)] btm_ble_process_ext_adv_pkt: bda=25:5e:6a:5a:81:28
09-01 14:25:09.178 V/bt_stack( 8588): [VERBOSE1:btm_ble_gap.cc(1847)] btm_ble_process_adv_addr: bda=25:5e:6a:5a:81:28
09-01 14:25:09.178 I/BluetoothUtils( 8588): packagename is android.uid.bluetooth:1002 ,and its permission is false
09-01 14:25:09.179 D/BluetoothUtils( 8588): blockedByLocationOff callingUid=1002
09-01 14:25:09.179 I/BluetoothUtils( 8588): packagename is android.uid.bluetooth:1002 ,and its permission is false
09-01 14:25:09.179 D/BluetoothUtils( 8588): blockedByLocationOff callingUid=1002
09-01 14:25:09.179 I/BluetoothUtils( 8588): packagename is android.uid.bluetooth:1002 ,and its permission is false
09-01 14:25:09.179 D/BluetoothUtils( 8588): blockedByLocationOff callingUid=1002
09-01 14:25:09.180 I/BluetoothUtils( 8588): packagename is android.uid.bluetooth:1002 ,and its permission is false
09-01 14:25:09.181 V/bt_stack( 8588): [VERBOSE1:btm_ble_gap.cc(1923)] btm_ble_process_ext_adv_pkt: bda=0c:1a:06:0e:96:57
09-01 14:25:09.181 V/bt_stack( 8588): [VERBOSE1:btm_ble_gap.cc(1847)] btm_ble_process_adv_addr: bda=0c:1a:06:0e:96:57
09-01 14:25:09.182 D/BluetoothUtils( 8588): blockedByLocationOff callingUid=1002
09-01 14:25:09.182 I/BluetoothUtils( 8588): packagename is android.uid.bluetooth:1002 ,and its permission is false
09-01 14:25:09.182 D/BluetoothUtils( 8588): blockedByLocationOff callingUid=1002
09-01 14:25:09.182 I/BluetoothUtils( 8588): packagename is android.uid.bluetooth:1002 ,and its permission is false
09-01 14:25:09.183 D/BluetoothUtils( 8588): blockedByLocationOff callingUid=1002
09-01 14:25:09.183 I/BluetoothUtils( 8588): packagename is android.uid.bluetooth:1002 ,and its permission is false
09-01 14:25:09.188 V/bt_stack( 8588): [VERBOSE1:btm_ble_gap.cc(1923)] btm_ble_process_ext_adv_pkt: bda=07:88:7e:66:14:b3
09-01 14:25:09.188 V/bt_stack( 8588): [VERBOSE1:btm_ble_gap.cc(1847)] btm_ble_process_adv_addr: bda=07:88:7e:66:14:b3
09-01 14:25:09.190 D/BluetoothUtils( 8588): blockedByLocationOff callingUid=1002
09-01 14:25:09.190 I/BluetoothUtils( 8588): packagename is android.uid.bluetooth:1002 ,and its permission is false
09-01 14:25:09.190 D/BluetoothUtils( 8588): blockedByLocationOff callingUid=1002
09-01 14:25:09.190 I/BluetoothUtils( 8588): packagename is android.uid.bluetooth:1002 ,and its permission is false
09-01 14:25:09.190 D/BluetoothUtils( 8588): blockedByLocationOff callingUid=1002
09-01 14:25:09.191 I/BluetoothUtils( 8588): packagename is android.uid.bluetooth:1002 ,and its permission is false
09-01 14:25:09.212 V/bt_stack( 8588): [VERBOSE1:btm_ble_gap.cc(1923)] btm_ble_process_ext_adv_pkt: bda=24:49:6a:9c:39:02
09-01 14:25:09.212 V/bt_stack( 8588): [VERBOSE1:btm_ble_gap.cc(1847)] btm_ble_process_adv_addr: bda=24:49:6a:9c:39:02
09-01 14:25:09.213 D/BluetoothUtils( 8588): blockedByLocationOff callingUid=1002
09-01 14:25:09.213 I/BluetoothUtils( 8588): packagename is android.uid.bluetooth:1002 ,and its permission is false
09-01 14:25:09.213 D/BluetoothUtils( 8588): blockedByLocationOff callingUid=1002
09-01 14:25:09.214 I/BluetoothUtils( 8588): packagename is android.uid.bluetooth:1002 ,and its permission is false
09-01 14:25:09.214 D/BluetoothUtils( 8588): blockedByLocationOff callingUid=1002
09-01 14:25:09.214 I/BluetoothUtils( 8588): packagename is android.uid.bluetooth:1002 ,and its permission is false
09-01 14:25:09.222 I//system/vendor/bin/mi_thermald( 1070): thermal_cpu_set_level: set cpu freq of cpu7 to 2419200
09-01 14:25:09.222 V/bt_stack( 8588): [VERBOSE1:btm_ble_gap.cc(1923)] btm_ble_process_ext_adv_pkt: bda=03:98:cf:7d:8e:6f
09-01 14:25:09.222 V/bt_stack( 8588): [VERBOSE1:btm_ble_gap.cc(1847)] btm_ble_process_adv_addr: bda=03:98:cf:7d:8e:6f
09-01 14:25:09.223 D/BluetoothUtils( 8588): blockedByLocationOff callingUid=1002
09-01 14:25:09.224 I/BluetoothUtils( 8588): packagename is android.uid.bluetooth:1002 ,and its permission is false
09-01 14:25:09.224 D/BluetoothUtils( 8588): blockedByLocationOff callingUid=1002
09-01 14:25:09.224 I/BluetoothUtils( 8588): packagename is android.uid.bluetooth:1002 ,and its permission is false
09-01 14:25:09.224 D/BluetoothUtils( 8588): blockedByLocationOff callingUid=1002
09-01 14:25:09.225 I/BluetoothUtils( 8588): packagename is android.uid.bluetooth:1002 ,and its permission is false
09-01 14:25:09.243 V/bt_stack( 8588): [VERBOSE1:btm_ble_gap.cc(1923)] btm_ble_process_ext_adv_pkt: bda=11:82:f5:89:45:91
09-01 14:25:09.243 V/bt_stack( 8588): [VERBOSE1:btm_ble_gap.cc(1847)] btm_ble_process_adv_addr: bda=11:82:f5:89:45:91
09-01 14:25:09.244 D/BluetoothUtils( 8588): blockedByLocationOff callingUid=1002
09-01 14:25:09.245 I/BluetoothUtils( 8588): packagename is android.uid.bluetooth:1002 ,and its permission is false
09-01 14:25:09.245 D/BluetoothUtils( 8588): blockedByLocationOff callingUid=1002
09-01 14:25:09.245 I/BluetoothUtils( 8588): packagename is android.uid.bluetooth:1002 ,and its permission is false
09-01 14:25:09.245 D/BluetoothUtils( 8588): blockedByLocationOff callingUid=1002
09-01 14:25:09.245 I/BluetoothUtils( 8588): packagename is android.uid.bluetooth:1002 ,and its permission is false
09-01 14:25:09.246 V/bt_stack( 8588): [VERBOSE1:btm_ble_gap.cc(1923)] btm_ble_process_ext_adv_pkt: bda=0a:29:89:b7:c8:4a
09-01 14:25:09.247 V/bt_stack( 8588): [VERBOSE1:btm_ble_gap.cc(1847)] btm_ble_process_adv_addr: bda=0a:29:89:b7:c8:4a
09-01 14:25:09.248 D/BluetoothUtils( 8588): blockedByLocationOff callingUid=1002
09-01 14:25:09.248 I/BluetoothUtils( 8588): packagename is android.uid.bluetooth:1002 ,and its permission is false
09-01 14:25:09.248 D/BluetoothUtils( 8588): blockedByLocationOff callingUid=1002
09-01 14:25:09.248 I/BluetoothUtils( 8588): packagename is android.uid.bluetooth:1002 ,and its permission is false
09-01 14:25:09.248 D/BluetoothUtils( 8588): blockedByLocationOff callingUid=1002
09-01 14:25:09.249 I/BluetoothUtils( 8588): packagename is android.uid.bluetooth:1002 ,and its permission is false
09-01 14:25:09.267 V/bt_stack( 8588): [VERBOSE1:btm_ble_gap.cc(1923)] btm_ble_process_ext_adv_pkt: bda=3c:22:fb:3d:0a:8f
09-01 14:25:09.267 V/bt_stack( 8588): [VERBOSE1:btm_ble_gap.cc(1847)] btm_ble_process_adv_addr: bda=3c:22:fb:3d:0a:8f
09-01 14:25:09.267 V/bt_stack( 8588): [VERBOSE1:btm_ble_gap.cc(2052)]  Waiting for scan response 3c:22:fb:3d:0a:8f
