09-01 14:32:29.695 V/bt_stack( 8588): [VERBOSE1:btm_ble_gap.cc(1923)] btm_ble_process_ext_adv_pkt: bda=67:ec:83:7e:42:50
09-01 14:32:29.695 V/bt_stack( 8588): [VERBOSE1:btm_ble_gap.cc(1847)] btm_ble_process_adv_addr: bda=67:ec:83:7e:42:50
09-01 14:32:29.695 D/BluetoothUtils( 8588): blockedByLocationOff callingUid=1002
09-01 14:32:29.695 V/bt_stack( 8588): [VERBOSE1:btm_ble_gap.cc(2052)]  Waiting for scan response 67:ec:83:7e:42:50
09-01 14:32:29.695 V/bt_stack( 8588): [VERBOSE1:btm_ble_gap.cc(1923)] btm_ble_process_ext_adv_pkt: bda=06:fa:50:9b:39:c0
09-01 14:32:29.695 V/bt_stack( 8588): [VERBOSE1:btm_ble_gap.cc(1847)] btm_ble_process_adv_addr: bda=06:fa:50:9b:39:c0
09-01 14:32:29.695 I/BluetoothUtils( 8588): packagename is android.uid.bluetooth:1002 ,and its permission is false
09-01 14:32:29.696 I/appium  ( 9696): channel read invoked!
09-01 14:32:29.696 D/BluetoothUtils( 8588): blockedByLocationOff callingUid=1002
09-01 14:32:29.696 I/appium  ( 9696): channel read: GET /wd/hub/session/f134a94f-7c6f-46ba-965f-e61e75cb9df7/element/0322bf0d-ea2c-4a52-92ba-b035473b8cab/attribute/text
09-01 14:32:29.696 I/BluetoothUtils( 8588): packagename is android.uid.bluetooth:1002 ,and its permission is false
09-01 14:32:29.696 D/BluetoothUtils( 8588): blockedByLocationOff callingUid=1002
09-01 14:32:29.697 I/BluetoothUtils( 8588): packagename is android.uid.bluetooth:1002 ,and its permission is false
09-01 14:32:29.697 I/appium  ( 9696): get attribute of element command
09-01 14:32:29.698 D/BluetoothUtils( 8588): blockedByLocationOff callingUid=1002
09-01 14:32:29.699 I/BluetoothUtils( 8588): packagename is android.uid.bluetooth:1002 ,and its permission is false
09-01 14:32:29.699 D/BluetoothUtils( 8588): blockedByLocationOff callingUid=1002
09-01 14:32:29.699 V/bt_stack( 8588): [VERBOSE1:btm_ble_gap.cc(1923)] btm_ble_process_ext_adv_pkt: bda=36:c9:49:a0:b6:9d
09-01 14:32:29.699 I/BluetoothUtils( 8588): packagename is android.uid.bluetooth:1002 ,and its permission is false
09-01 14:32:29.700 V/bt_stack( 8588): [VERBOSE1:btm_ble_gap.cc(1847)] btm_ble_process_adv_addr: bda=36:c9:49:a0:b6:9d
09-01 14:32:29.700 D/BluetoothUtils( 8588): blockedByLocationOff callingUid=1002
09-01 14:32:29.700 I/BluetoothUtils( 8588): packagename is android.uid.bluetooth:1002 ,and its permission is false
09-01 14:32:29.701 D/BluetoothUtils( 8588): blockedByLocationOff callingUid=1002
09-01 14:32:29.702 I/BluetoothUtils( 8588): packagename is android.uid.bluetooth:1002 ,and its permission is false
09-01 14:32:29.702 D/BluetoothUtils( 8588): blockedByLocationOff callingUid=1002
09-01 14:32:29.703 I/BluetoothUtils( 8588): packagename is android.uid.bluetooth:1002 ,and its permission is false
09-01 14:32:29.703 D/BluetoothUtils( 8588): blockedByLocationOff callingUid=1002
09-01 14:32:29.703 I/BluetoothUtils( 8588): packagename is android.uid.bluetooth:1002 ,and its permission is false
09-01 14:32:29.706 V/bt_stack( 8588): [VERBOSE1:btm_ble_gap.cc(1923)] btm_ble_process_ext_adv_pkt: bda=1b:39:55:3e:e3:6c
09-01 14:32:29.706 V/bt_stack( 8588): [VERBOSE1:btm_ble_gap.cc(1847)] btm_ble_process_adv_addr: bda=1b:39:55:3e:e3:6c
09-01 14:32:29.707 D/BluetoothUtils( 8588): blockedByLocationOff callingUid=1002
09-01 14:32:29.707 I/BluetoothUtils( 8588): packagename is android.uid.bluetooth:1002 ,and its permission is false
09-01 14:32:29.707 I/appium  ( 9696): AppiumResponse: {"sessionId":"f134a94f-7c6f-46ba-965f-e61e75cb9df7","value":"username2"}
09-01 14:32:29.707 D/BluetoothUtils( 8588): blockedByLocationOff callingUid=1002
09-01 14:32:29.708 I/BluetoothUtils( 8588): packagename is android.uid.bluetooth:1002 ,and its permission is false
09-01 14:32:29.708 D/BluetoothUtils( 8588): blockedByLocationOff callingUid=1002
09-01 14:32:29.708 I/BluetoothUtils( 8588): packagename is android.uid.bluetooth:1002 ,and its permission is false
09-01 14:32:29.715 V/bt_stack( 8588): [VERBOSE1:btm_ble_gap.cc(1923)] btm_ble_process_ext_adv_pkt: bda=0a:29:89:b7:c8:4a
09-01 14:32:29.715 V/bt_stack( 8588): [VERBOSE1:btm_ble_gap.cc(1847)] btm_ble_process_adv_addr: bda=0a:29:89:b7:c8:4a
09-01 14:32:29.715 V/bt_stack( 8588): [VERBOSE1:btm_ble_gap.cc(1923)] btm_ble_process_ext_adv_pkt: bda=19:30:6d:c4:b5:5b
09-01 14:32:29.715 V/bt_stack( 8588): [VERBOSE1:btm_ble_gap.cc(1847)] btm_ble_process_adv_addr: bda=19:30:6d:c4:b5:5b
09-01 14:32:29.717 D/BluetoothUtils( 8588): blockedByLocationOff callingUid=1002
09-01 14:32:29.717 I/BluetoothUtils( 8588): packagename is android.uid.bluetooth:1002 ,and its permission is false
09-01 14:32:29.717 D/BluetoothUtils( 8588): blockedByLocationOff callingUid=1002
09-01 14:32:29.718 I/BluetoothUtils( 8588): packagename is android.uid.bluetooth:1002 ,and its permission is false
09-01 14:32:29.718 D/BluetoothUtils( 8588): blockedByLocationOff callingUid=1002
09-01 14:32:29.718 I/BluetoothUtils( 8588): packagename is android.uid.bluetooth:1002 ,and its permission is false
09-01 14:32:29.719 D/BluetoothUtils( 8588): blockedByLocationOff callingUid=1002
09-01 14:32:29.719 I/BluetoothUtils( 8588): packagename is android.uid.bluetooth:1002 ,and its permission is false
09-01 14:32:29.719 D/BluetoothUtils( 8588): blockedByLocationOff callingUid=1002
09-01 14:32:29.719 I/BluetoothUtils( 8588): packagename is android.uid.bluetooth:1002 ,and its permission is false
09-01 14:32:29.720 D/BluetoothUtils( 8588): blockedByLocationOff callingUid=1002
09-01 14:32:29.720 I/BluetoothUtils( 8588): packagename is android.uid.bluetooth:1002 ,and its permission is false
09-01 14:32:29.723 V/bt_stack( 8588): [VERBOSE1:btm_ble_gap.cc(1923)] btm_ble_process_ext_adv_pkt: bda=70:33:97:a2:2a:78
09-01 14:32:29.723 V/bt_stack( 8588): [VERBOSE1:btm_ble_gap.cc(1847)] btm_ble_process_adv_addr: bda=70:33:97:a2:2a:78
09-01 14:32:29.723 V/bt_stack( 8588): [VERBOSE1:btm_ble_gap.cc(2052)]  Waiting for scan response 70:33:97:a2:2a:78
09-01 14:32:29.723 V/bt_stack( 8588): [VERBOSE1:btm_ble_gap.cc(1923)] btm_ble_process_ext_adv_pkt: bda=2a:99:8c:12:d1:b1
09-01 14:32:29.723 V/bt_stack( 8588): [VERBOSE1:btm_ble_gap.cc(1847)] btm_ble_process_adv_addr: bda=2a:99:8c:12:d1:b1
09-01 14:32:29.725 D/BluetoothUtils( 8588): blockedByLocationOff callingUid=1002
09-01 14:32:29.725 I/BluetoothUtils( 8588): packagename is android.uid.bluetooth:1002 ,and its permission is false
09-01 14:32:29.725 D/BluetoothUtils( 8588): blockedByLocationOff callingUid=1002
09-01 14:32:29.725 I/BluetoothUtils( 8588): packagename is android.uid.bluetooth:1002 ,and its permission is false
09-01 14:32:29.726 D/BluetoothUtils( 8588): blockedByLocationOff callingUid=1002
09-01 14:32:29.726 I/BluetoothUtils( 8588): packagename is android.uid.bluetooth:1002 ,and its permission is false
09-01 14:32:29.727 V/bt_stack( 8588): [VERBOSE1:btm_ble_gap.cc(1923)] btm_ble_process_ext_adv_pkt: bda=2a:1b:52:ac:62:5d
09-01 14:32:29.727 V/bt_stack( 8588): [VERBOSE1:btm_ble_gap.cc(1847)] btm_ble_process_adv_addr: bda=2a:1b:52:ac:62:5d
09-01 14:32:29.728 D/BluetoothUtils( 8588): blockedByLocationOff callingUid=1002
09-01 14:32:29.729 I/BluetoothUtils( 8588): packagename is android.uid.bluetooth:1002 ,and its permission is false
09-01 14:32:29.729 D/BluetoothUtils( 8588): blockedByLocationOff callingUid=1002
09-01 14:32:29.729 V/bt_stack( 8588): [VERBOSE1:btm_ble_gap.cc(1923)] btm_ble_process_ext_adv_pkt: bda=17:be:83:99:5a:17
09-01 14:32:29.729 V/bt_stack( 8588): [VERBOSE1:btm_ble_gap.cc(1847)] btm_ble_process_adv_addr: bda=17:be:83:99:5a:17
09-01 14:32:29.730 I/BluetoothUtils( 8588): packagename is android.uid.bluetooth:1002 ,and its permission is false
09-01 14:32:29.730 D/BluetoothUtils( 8588): blockedByLocationOff callingUid=1002
09-01 14:32:29.730 I/BluetoothUtils( 8588): packagename is android.uid.bluetooth:1002 ,and its permission is false
09-01 14:32:29.731 D/BluetoothUtils( 8588): blockedByLocationOff callingUid=1002
09-01 14:32:29.731 V/bt_stack( 8588): [VERBOSE1:btm_ble_gap.cc(1923)] btm_ble_process_ext_adv_pkt: bda=56:e4:da:79:d5:88
09-01 14:32:29.731 V/bt_stack( 8588): [VERBOSE1:btm_ble_gap.cc(1847)] btm_ble_process_adv_addr: bda=56:e4:da:79:d5:88
09-01 14:32:29.731 V/bt_stack( 8588): [VERBOSE1:btm_ble_gap.cc(2052)]  Waiting for scan response 56:e4:da:79:d5:88
09-01 14:32:29.731 V/bt_stack( 8588): [VERBOSE1:btm_ble_gap.cc(1923)] btm_ble_process_ext_adv_pkt: bda=56:e4:da:79:d5:88
09-01 14:32:29.731 I/BluetoothUtils( 8588): packagename is android.uid.bluetooth:1002 ,and its permission is false
09-01 14:32:29.731 V/bt_stack( 8588): [VERBOSE1:btm_ble_gap.cc(1847)] btm_ble_process_adv_addr: bda=56:e4:da:79:d5:88
09-01 14:32:29.731 D/BluetoothUtils( 8588): blockedByLocationOff callingUid=1002
09-01 14:32:29.732 I/BluetoothUtils( 8588): packagename is android.uid.bluetooth:1002 ,and its permission is false
09-01 14:32:29.732 D/BluetoothUtils( 8588): blockedByLocationOff callingUid=1002
09-01 14:32:29.732 I/BluetoothUtils( 8588): packagename is android.uid.bluetooth:1002 ,and its permission is false
09-01 14:32:29.732 V/bt_stack( 8588): [VERBOSE1:btm_ble_gap.cc(1923)] btm_ble_process_ext_adv_pkt: bda=6a:1a:31:28:a4:f8
09-01 14:32:29.733 V/bt_stack( 8588): [VERBOSE1:btm_ble_gap.cc(1847)] btm_ble_process_adv_addr: bda=6a:1a:31:28:a4:f8
09-01 14:32:29.733 D/BluetoothUtils( 8588): blockedByLocationOff callingUid=1002
09-01 14:32:29.734 I/BluetoothUtils( 8588): packagename is android.uid.bluetooth:1002 ,and its permission is false
09-01 14:32:29.734 D/BluetoothUtils( 8588): blockedByLocationOff callingUid=1002
09-01 14:32:29.734 I/BluetoothUtils( 8588): packagename is android.uid.bluetooth:1002 ,and its permission is false
09-01 14:32:29.734 D/BluetoothUtils( 8588): blockedByLocationOff callingUid=1002
09-01 14:32:29.735 I/BluetoothUtils( 8588): packagename is android.uid.bluetooth:1002 ,and its permission is false
09-01 14:32:29.735 D/BluetoothUtils( 8588): blockedByLocationOff callingUid=1002
09-01 14:32:29.736 I/BluetoothUtils( 8588): packagename is android.uid.bluetooth:1002 ,and its permission is false
09-01 14:32:29.736 D/BluetoothUtils( 8588): blockedByLocationOff callingUid=1002
09-01 14:32:29.736 I/BluetoothUtils( 8588): packagename is android.uid.bluetooth:1002 ,and its permission is false
09-01 14:32:29.736 D/BluetoothUtils( 8588): blockedByLocationOff callingUid=1002
09-01 14:32:29.736 I/BluetoothUtils( 8588): packagename is android.uid.bluetooth:1002 ,and its permission is false
09-01 14:32:29.746 V/bt_stack( 8588): [VERBOSE1:btm_ble_gap.cc(1923)] btm_ble_process_ext_adv_pkt: bda=14:07:18:00:04:52
09-01 14:32:29.746 V/bt_stack( 8588): [VERBOSE1:btm_ble_gap.cc(1847)] btm_ble_process_adv_addr: bda=14:07:18:00:04:52
09-01 14:32:29.746 V/bt_stack( 8588): [VERBOSE1:btm_ble_gap.cc(2052)]  Waiting for scan response 14:07:18:00:04:52
09-01 14:32:29.746 V/bt_stack( 8588): [VERBOSE1:btm_ble_gap.cc(1923)] btm_ble_process_ext_adv_pkt: bda=14:07:18:00:04:52
09-01 14:32:29.746 V/bt_stack( 8588): [VERBOSE1:btm_ble_gap.cc(1847)] btm_ble_process_adv_addr: bda=14:07:18:00:04:52
09-01 14:32:29.748 D/BluetoothUtils( 8588): blockedByLocationOff callingUid=1002
09-01 14:32:29.749 I/BluetoothUtils( 8588): packagename is android.uid.bluetooth:1002 ,and its permission is false
09-01 14:32:29.750 D/BluetoothUtils( 8588): blockedByLocationOff callingUid=1002
09-01 14:32:29.751 I/BluetoothUtils( 8588): packagename is android.uid.bluetooth:1002 ,and its permission is false
09-01 14:32:29.751 D/BluetoothUtils( 8588): blockedByLocationOff callingUid=1002
09-01 14:32:29.751 I/BluetoothUtils( 8588): packagename is android.uid.bluetooth:1002 ,and its permission is false
09-01 14:32:29.751 V/bt_stack( 8588): [VERBOSE1:btm_ble_gap.cc(1923)] btm_ble_process_ext_adv_pkt: bda=19:ad:01:0d:ee:7c
09-01 14:32:29.751 V/bt_stack( 8588): [VERBOSE1:btm_ble_gap.cc(1847)] btm_ble_process_adv_addr: bda=19:ad:01:0d:ee:7c
09-01 14:32:29.753 D/BluetoothUtils( 8588): blockedByLocationOff callingUid=1002
09-01 14:32:29.754 I/BluetoothUtils( 8588): packagename is android.uid.bluetooth:1002 ,and its permission is false
09-01 14:32:29.754 D/BluetoothUtils( 8588): blockedByLocationOff callingUid=1002
09-01 14:32:29.755 I/BluetoothUtils( 8588): packagename is android.uid.bluetooth:1002 ,and its permission is false
09-01 14:32:29.755 D/BluetoothUtils( 8588): blockedByLocationOff callingUid=1002
09-01 14:32:29.755 I/BluetoothUtils( 8588): packagename is android.uid.bluetooth:1002 ,and its permission is false
09-01 14:32:29.755 V/bt_stack( 8588): [VERBOSE1:btm_ble_gap.cc(1923)] btm_ble_process_ext_adv_pkt: bda=0c:1a:06:0e:96:57
09-01 14:32:29.755 V/bt_stack( 8588): [VERBOSE1:btm_ble_gap.cc(1847)] btm_ble_process_adv_addr: bda=0c:1a:06:0e:96:57
09-01 14:32:29.756 D/BluetoothUtils( 8588): blockedByLocationOff callingUid=1002
09-01 14:32:29.757 I/BluetoothUtils( 8588): packagename is android.uid.bluetooth:1002 ,and its permission is false
09-01 14:32:29.757 D/BluetoothUtils( 8588): blockedByLocationOff callingUid=1002
09-01 14:32:29.757 I/BluetoothUtils( 8588): packagename is android.uid.bluetooth:1002 ,and its permission is false
09-01 14:32:29.757 D/BluetoothUtils( 8588): blockedByLocationOff callingUid=1002
09-01 14:32:29.757 I/BluetoothUtils( 8588): packagename is android.uid.bluetooth:1002 ,and its permission is false
09-01 14:32:29.774 V/bt_stack( 8588): [VERBOSE1:btm_ble_gap.cc(1923)] btm_ble_process_ext_adv_pkt: bda=53:20:ff:cd:6c:a4
09-01 14:32:29.774 V/bt_stack( 8588): [VERBOSE1:btm_ble_gap.cc(1847)] btm_ble_process_adv_addr: bda=53:20:ff:cd:6c:a4
09-01 14:32:29.774 V/bt_stack( 8588): [VERBOSE1:btm_ble_gap.cc(2052)]  Waiting for scan response 53:20:ff:cd:6c:a4
09-01 14:32:29.774 V/bt_stack( 8588): [VERBOSE1:btm_ble_gap.cc(1923)] btm_ble_process_ext_adv_pkt: bda=5d:4a:e1:72:21:47
09-01 14:32:29.774 V/bt_stack( 8588): [VERBOSE1:btm_ble_gap.cc(1847)] btm_ble_process_adv_addr: bda=5d:4a:e1:72:21:47
09-01 14:32:29.774 V/bt_stack( 8588): [VERBOSE1:btm_ble_gap.cc(2052)]  Waiting for scan response 5d:4a:e1:72:21:47
09-01 14:32:29.774 V/bt_stack( 8588): [VERBOSE1:btm_ble_gap.cc(1923)] btm_ble_process_ext_adv_pkt: bda=5d:4a:e1:72:21:47
09-01 14:32:29.774 V/bt_stack( 8588): [VERBOSE1:btm_ble_gap.cc(1847)] btm_ble_process_adv_addr: bda=5d:4a:e1:72:21:47
09-01 14:32:29.776 D/BluetoothUtils( 8588): blockedByLocationOff callingUid=1002
09-01 14:32:29.776 I/BluetoothUtils( 8588): packagename is android.uid.bluetooth:1002 ,and its permission is false
09-01 14:32:29.776 D/BluetoothUtils( 8588): blockedByLocationOff callingUid=1002
09-01 14:32:29.777 I/BluetoothUtils( 8588): packagename is android.uid.bluetooth:1002 ,and its permission is false
09-01 14:32:29.777 D/BluetoothUtils( 8588): blockedByLocationOff callingUid=1002
09-01 14:32:29.777 I/BluetoothUtils( 8588): packagename is android.uid.bluetooth:1002 ,and its permission is false
09-01 14:32:29.788 I/appium  ( 9696): channel read invoked!
09-01 14:32:29.788 I/appium  ( 9696): channel read: POST /wd/hub/session/f134a94f-7c6f-46ba-965f-e61e75cb9df7/elements
09-01 14:32:29.789 I/appium  ( 9696): Find elements command using 'id' with selector 'right_value'.
09-01 14:32:29.790 I/appium  ( 9696): Waiting up to 10000ms for device to be idle
09-01 14:32:29.793 V/bt_stack( 8588): [VERBOSE1:btm_ble_gap.cc(1923)] btm_ble_process_ext_adv_pkt: bda=24:65:c8:81:ba:6f
09-01 14:32:29.793 V/bt_stack( 8588): [VERBOSE1:btm_ble_gap.cc(1847)] btm_ble_process_adv_addr: bda=24:65:c8:81:ba:6f
09-01 14:32:29.794 D/BluetoothUtils( 8588): blockedByLocationOff callingUid=1002
09-01 14:32:29.794 I/BluetoothUtils( 8588): packagename is android.uid.bluetooth:1002 ,and its permission is false
09-01 14:32:29.795 D/BluetoothUtils( 8588): blockedByLocationOff callingUid=1002
09-01 14:32:29.795 I/BluetoothUtils( 8588): packagename is android.uid.bluetooth:1002 ,and its permission is false
09-01 14:32:29.795 D/BluetoothUtils( 8588): blockedByLocationOff callingUid=1002
09-01 14:32:29.795 I/BluetoothUtils( 8588): packagename is android.uid.bluetooth:1002 ,and its permission is false
09-01 14:32:29.797 I/MiuiNetworkPolicy( 1639): bandwidth: 0 KB/s, Max bandwidth: 3727 KB/s
09-01 14:32:29.798 V/bt_stack( 8588): [VERBOSE1:btm_ble_gap.cc(1923)] btm_ble_process_ext_adv_pkt: bda=d5:fe:ca:e3:d1:ce
09-01 14:32:29.798 V/bt_stack( 8588): [VERBOSE1:btm_ble_gap.cc(1847)] btm_ble_process_adv_addr: bda=d5:fe:ca:e3:d1:ce
09-01 14:32:29.798 V/bt_stack( 8588): [VERBOSE1:btm_ble_gap.cc(2052)]  Waiting for scan response d5:fe:ca:e3:d1:ce
09-01 14:32:29.798 V/bt_stack( 8588): [VERBOSE1:btm_ble_gap.cc(1923)] btm_ble_process_ext_adv_pkt: bda=d5:fe:ca:e3:d1:ce
09-01 14:32:29.798 V/bt_stack( 8588): [VERBOSE1:btm_ble_gap.cc(1847)] btm_ble_process_adv_addr: bda=d5:fe:ca:e3:d1:ce
09-01 14:32:29.801 D/BluetoothUtils( 8588): blockedByLocationOff callingUid=1002
09-01 14:32:29.801 I/BluetoothUtils( 8588): packagename is android.uid.bluetooth:1002 ,and its permission is false
09-01 14:32:29.801 D/BluetoothUtils( 8588): blockedByLocationOff callingUid=1002
09-01 14:32:29.802 I/BluetoothUtils( 8588): packagename is android.uid.bluetooth:1002 ,and its permission is false
09-01 14:32:29.802 D/BluetoothUtils( 8588): blockedByLocationOff callingUid=1002
09-01 14:32:29.802 I/BluetoothUtils( 8588): packagename is android.uid.bluetooth:1002 ,and its permission is false
09-01 14:32:29.804 V/bt_stack( 8588): [VERBOSE1:btm_ble_gap.cc(1923)] btm_ble_process_ext_adv_pkt: bda=77:60:99:3a:74:d9
09-01 14:32:29.804 V/bt_stack( 8588): [VERBOSE1:btm_ble_gap.cc(1847)] btm_ble_process_adv_addr: bda=77:60:99:3a:74:d9
09-01 14:32:29.804 V/bt_stack( 8588): [VERBOSE1:btm_ble_gap.cc(2052)]  Waiting for scan response 77:60:99:3a:74:d9
09-01 14:32:29.804 V/bt_stack( 8588): [VERBOSE1:btm_ble_gap.cc(1923)] btm_ble_process_ext_adv_pkt: bda=36:c9:49:a0:b6:9d
09-01 14:32:29.804 V/bt_stack( 8588): [VERBOSE1:btm_ble_gap.cc(1847)] btm_ble_process_adv_addr: bda=36:c9:49:a0:b6:9d
09-01 14:32:29.805 D/BluetoothUtils( 8588): blockedByLocationOff callingUid=1002
09-01 14:32:29.805 I/BluetoothUtils( 8588): packagename is android.uid.bluetooth:1002 ,and its permission is false
09-01 14:32:29.805 D/BluetoothUtils( 8588): blockedByLocationOff callingUid=1002
09-01 14:32:29.806 I/BluetoothUtils( 8588): packagename is android.uid.bluetooth:1002 ,and its permission is false
09-01 14:32:29.806 D/BluetoothUtils( 8588): blockedByLocationOff callingUid=1002
09-01 14:32:29.806 I/BluetoothUtils( 8588): packagename is android.uid.bluetooth:1002 ,and its permission is false
09-01 14:32:29.810 V/bt_stack( 8588): [VERBOSE1:btm_ble_gap.cc(1923)] btm_ble_process_ext_adv_pkt: bda=1b:39:55:3e:e3:6c
09-01 14:32:29.810 V/bt_stack( 8588): [VERBOSE1:btm_ble_gap.cc(1847)] btm_ble_process_adv_addr: bda=1b:39:55:3e:e3:6c
09-01 14:32:29.811 D/BluetoothUtils( 8588): blockedByLocationOff callingUid=1002
09-01 14:32:29.812 I/BluetoothUtils( 8588): packagename is android.uid.bluetooth:1002 ,and its permission is false
09-01 14:32:29.812 D/BluetoothUtils( 8588): blockedByLocationOff callingUid=1002
09-01 14:32:29.812 I/BluetoothUtils( 8588): packagename is android.uid.bluetooth:1002 ,and its permission is false
09-01 14:32:29.812 D/BluetoothUtils( 8588): blockedByLocationOff callingUid=1002
09-01 14:32:29.812 I/BluetoothUtils( 8588): packagename is android.uid.bluetooth:1002 ,and its permission is false
09-01 14:32:29.819 V/bt_stack( 8588): [VERBOSE1:btm_ble_gap.cc(1923)] btm_ble_process_ext_adv_pkt: bda=66:db:a5:b4:54:91
09-01 14:32:29.819 V/bt_stack( 8588): [VERBOSE1:btm_ble_gap.cc(1847)] btm_ble_process_adv_addr: bda=66:db:a5:b4:54:91
09-01 14:32:29.819 V/bt_stack( 8588): [VERBOSE1:btm_ble_gap.cc(2052)]  Waiting for scan response 66:db:a5:b4:54:91
09-01 14:32:29.819 V/bt_stack( 8588): [VERBOSE1:btm_ble_gap.cc(1923)] btm_ble_process_ext_adv_pkt: bda=19:30:6d:c4:b5:5b
09-01 14:32:29.819 V/bt_stack( 8588): [VERBOSE1:btm_ble_gap.cc(1847)] btm_ble_process_adv_addr: bda=19:30:6d:c4:b5:5b
09-01 14:32:29.820 V/bt_stack( 8588): [VERBOSE1:btm_ble_gap.cc(1923)] btm_ble_process_ext_adv_pkt: bda=0a:29:89:b7:c8:4a
09-01 14:32:29.820 V/bt_stack( 8588): [VERBOSE1:btm_ble_gap.cc(1847)] btm_ble_process_adv_addr: bda=0a:29:89:b7:c8:4a
09-01 14:32:29.821 D/BluetoothUtils( 8588): blockedByLocationOff callingUid=1002
09-01 14:32:29.821 I/BluetoothUtils( 8588): packagename is android.uid.bluetooth:1002 ,and its permission is false
09-01 14:32:29.821 D/BluetoothUtils( 8588): blockedByLocationOff callingUid=1002
09-01 14:32:29.822 I/BluetoothUtils( 8588): packagename is android.uid.bluetooth:1002 ,and its permission is false
09-01 14:32:29.822 D/BluetoothUtils( 8588): blockedByLocationOff callingUid=1002
09-01 14:32:29.822 I/BluetoothUtils( 8588): packagename is android.uid.bluetooth:1002 ,and its permission is false
09-01 14:32:29.823 D/BluetoothUtils( 8588): blockedByLocationOff callingUid=1002
09-01 14:32:29.823 I/BluetoothUtils( 8588): packagename is android.uid.bluetooth:1002 ,and its permission is false
09-01 14:32:29.823 D/BluetoothUtils( 8588): blockedByLocationOff callingUid=1002
09-01 14:32:29.824 I/BluetoothUtils( 8588): packagename is android.uid.bluetooth:1002 ,and its permission is false
09-01 14:32:29.824 D/BluetoothUtils( 8588): blockedByLocationOff callingUid=1002
09-01 14:32:29.824 I/BluetoothUtils( 8588): packagename is android.uid.bluetooth:1002 ,and its permission is false
09-01 14:32:29.831 V/bt_stack( 8588): [VERBOSE1:btm_ble_gap.cc(1923)] btm_ble_process_ext_adv_pkt: bda=17:7e:29:ab:4e:d0
09-01 14:32:29.831 V/bt_stack( 8588): [VERBOSE1:btm_ble_gap.cc(1847)] btm_ble_process_adv_addr: bda=17:7e:29:ab:4e:d0
09-01 14:32:29.832 D/BluetoothUtils( 8588): blockedByLocationOff callingUid=1002
09-01 14:32:29.833 I/BluetoothUtils( 8588): packagename is android.uid.bluetooth:1002 ,and its permission is false
09-01 14:32:29.833 D/BluetoothUtils( 8588): blockedByLocationOff callingUid=1002
09-01 14:32:29.833 I/BluetoothUtils( 8588): packagename is android.uid.bluetooth:1002 ,and its permission is false
09-01 14:32:29.833 D/BluetoothUtils( 8588): blockedByLocationOff callingUid=1002
09-01 14:32:29.833 I/BluetoothUtils( 8588): packagename is android.uid.bluetooth:1002 ,and its permission is false
09-01 14:32:29.837 I/appium  ( 9696): AppiumResponse: {"sessionId":"f134a94f-7c6f-46ba-965f-e61e75cb9df7","value":[{"ELEMENT":"c1eeced6-de88-4d3f-aac9-5b18278420be","element-6066-11e4-a52e-4f735466cecf":"c1eeced6-de88-4d3f-aac9-5b18278420be"},{"ELEMENT":"7444f086-a5a0-4c4a-ab20-d36182b0403f","element-6066-11e4-a52e-4f735466cecf":"7444f086-a5a0-4c4a-...
09-01 14:32:29.849 V/bt_stack( 8588): [VERBOSE1:btm_ble_gap.cc(1923)] btm_ble_process_ext_adv_pkt: bda=11:f0:0b:88:34:0c
09-01 14:32:29.849 V/bt_stack( 8588): [VERBOSE1:btm_ble_gap.cc(1847)] btm_ble_process_adv_addr: bda=11:f0:0b:88:34:0c
09-01 14:32:29.851 D/BluetoothUtils( 8588): blockedByLocationOff callingUid=1002
09-01 14:32:29.851 I/BluetoothUtils( 8588): packagename is android.uid.bluetooth:1002 ,and its permission is false
09-01 14:32:29.851 D/BluetoothUtils( 8588): blockedByLocationOff callingUid=1002
09-01 14:32:29.852 I/BluetoothUtils( 8588): packagename is android.uid.bluetooth:1002 ,and its permission is false
09-01 14:32:29.852 D/BluetoothUtils( 8588): blockedByLocationOff callingUid=1002
09-01 14:32:29.852 I/BluetoothUtils( 8588): packagename is android.uid.bluetooth:1002 ,and its permission is false
09-01 14:32:29.860 V/bt_stack( 8588): [VERBOSE1:btm_ble_gap.cc(1923)] btm_ble_process_ext_adv_pkt: bda=0c:1a:06:0e:96:57
09-01 14:32:29.861 V/bt_stack( 8588): [VERBOSE1:btm_ble_gap.cc(1847)] btm_ble_process_adv_addr: bda=0c:1a:06:0e:96:57
09-01 14:32:29.862 D/BluetoothUtils( 8588): blockedByLocationOff callingUid=1002
09-01 14:32:29.863 I/BluetoothUtils( 8588): packagename is android.uid.bluetooth:1002 ,and its permission is false
09-01 14:32:29.863 D/BluetoothUtils( 8588): blockedByLocationOff callingUid=1002
09-01 14:32:29.863 I/BluetoothUtils( 8588): packagename is android.uid.bluetooth:1002 ,and its permission is false
09-01 14:32:29.863 D/BluetoothUtils( 8588): blockedByLocationOff callingUid=1002
09-01 14:32:29.864 I/BluetoothUtils( 8588): packagename is android.uid.bluetooth:1002 ,and its permission is false
09-01 14:32:29.882 V/bt_stack( 8588): [VERBOSE1:btm_ble_gap.cc(1923)] btm_ble_process_ext_adv_pkt: bda=c7:9e:cc:49:b0:5d
09-01 14:32:29.883 V/bt_stack( 8588): [VERBOSE1:btm_ble_gap.cc(1847)] btm_ble_process_adv_addr: bda=c7:9e:cc:49:b0:5d
09-01 14:32:29.883 V/bt_stack( 8588): [VERBOSE1:btm_ble_gap.cc(2052)]  Waiting for scan response c7:9e:cc:49:b0:5d
09-01 14:32:29.883 V/bt_stack( 8588): [VERBOSE1:btm_ble_gap.cc(1923)] btm_ble_process_ext_adv_pkt: bda=2d:8f:df:c2:a9:d4
09-01 14:32:29.883 V/bt_stack( 8588): [VERBOSE1:btm_ble_gap.cc(1847)] btm_ble_process_adv_addr: bda=2d:8f:df:c2:a9:d4
09-01 14:32:29.884 D/BluetoothUtils( 8588): blockedByLocationOff callingUid=1002
09-01 14:32:29.885 I/BluetoothUtils( 8588): packagename is android.uid.bluetooth:1002 ,and its permission is false
09-01 14:32:29.885 D/BluetoothUtils( 8588): blockedByLocationOff callingUid=1002
09-01 14:32:29.886 I/BluetoothUtils( 8588): packagename is android.uid.bluetooth:1002 ,and its permission is false
09-01 14:32:29.886 D/BluetoothUtils( 8588): blockedByLocationOff callingUid=1002
09-01 14:32:29.886 I/BluetoothUtils( 8588): packagename is android.uid.bluetooth:1002 ,and its permission is false
09-01 14:32:29.921 I/vendor.qti.bluetooth@1.0-ibs_handler(19843): ProcessIbsCmd: Received IBS_SLEEP_IND: 0xFE
09-01 14:32:29.921 D/vendor.qti.bluetooth@1.0-ibs_handler(19843): SerialClockVote: vote for UART CLK OFF
09-01 14:32:29.938 I/appium  ( 9696): channel read invoked!
09-01 14:32:29.939 I/appium  ( 9696): channel read: GET /wd/hub/session/f134a94f-7c6f-46ba-965f-e61e75cb9df7/element/c1eeced6-de88-4d3f-aac9-5b18278420be/attribute/text
09-01 14:32:29.940 I/appium  ( 9696): get attribute of element command
09-01 14:32:29.949 I/appium  ( 9696): AppiumResponse: {"sessionId":"f134a94f-7c6f-46ba-965f-e61e75cb9df7","value":"username2"}
09-01 14:32:29.954 I/vendor.qti.bluetooth@1.0-ibs_handler(19843): ProcessIbsCmd: Received IBS_WAKE_IND: 0xFD
09-01 14:32:29.954 D/vendor.qti.bluetooth@1.0-ibs_handler(19843): SerialClockVote: vote for UART CLK ON
09-01 14:32:29.954 I/vendor.qti.bluetooth@1.0-ibs_handler(19843): ProcessIbsCmd: Writing IBS_WAKE_ACK
09-01 14:32:29.955 V/bt_stack( 8588): [VERBOSE1:btm_ble_gap.cc(1923)] btm_ble_process_ext_adv_pkt: bda=4c:36:98:d6:bb:45
09-01 14:32:29.955 V/bt_stack( 8588): [VERBOSE1:btm_ble_gap.cc(1847)] btm_ble_process_adv_addr: bda=4c:36:98:d6:bb:45
09-01 14:32:29.955 V/bt_stack( 8588): [VERBOSE1:btm_ble_gap.cc(2052)]  Waiting for scan response 4c:36:98:d6:bb:45
09-01 14:32:29.955 V/bt_stack( 8588): [VERBOSE1:btm_ble_gap.cc(1923)] btm_ble_process_ext_adv_pkt: bda=11:f0:0b:88:34:0c
09-01 14:32:29.955 V/bt_stack( 8588): [VERBOSE1:btm_ble_gap.cc(1847)] btm_ble_process_adv_addr: bda=11:f0:0b:88:34:0c
09-01 14:32:29.957 D/BluetoothUtils( 8588): blockedByLocationOff callingUid=1002
09-01 14:32:29.957 I/BluetoothUtils( 8588): packagename is android.uid.bluetooth:1002 ,and its permission is false
09-01 14:32:29.957 D/BluetoothUtils( 8588): blockedByLocationOff callingUid=1002
09-01 14:32:29.957 I/BluetoothUtils( 8588): packagename is android.uid.bluetooth:1002 ,and its permission is false
09-01 14:32:29.958 D/BluetoothUtils( 8588): blockedByLocationOff callingUid=1002
09-01 14:32:29.958 I/BluetoothUtils( 8588): packagename is android.uid.bluetooth:1002 ,and its permission is false
09-01 14:32:29.965 V/bt_stack( 8588): [VERBOSE1:btm_ble_gap.cc(1923)] btm_ble_process_ext_adv_pkt: bda=0c:1a:06:0e:96:57
09-01 14:32:29.965 V/bt_stack( 8588): [VERBOSE1:btm_ble_gap.cc(1847)] btm_ble_process_adv_addr: bda=0c:1a:06:0e:96:57
09-01 14:32:29.967 D/BluetoothUtils( 8588): blockedByLocationOff callingUid=1002
09-01 14:32:29.967 I/BluetoothUtils( 8588): packagename is android.uid.bluetooth:1002 ,and its permission is false
09-01 14:32:29.968 D/BluetoothUtils( 8588): blockedByLocationOff callingUid=1002
09-01 14:32:29.968 I/BluetoothUtils( 8588): packagename is android.uid.bluetooth:1002 ,and its permission is false
09-01 14:32:29.968 D/BluetoothUtils( 8588): blockedByLocationOff callingUid=1002
09-01 14:32:29.969 I/BluetoothUtils( 8588): packagename is android.uid.bluetooth:1002 ,and its permission is false
09-01 14:32:29.987 V/bt_stack( 8588): [VERBOSE1:btm_ble_gap.cc(1923)] btm_ble_process_ext_adv_pkt: bda=55:a7:aa:ab:14:9f
09-01 14:32:29.987 V/bt_stack( 8588): [VERBOSE1:btm_ble_gap.cc(1847)] btm_ble_process_adv_addr: bda=55:a7:aa:ab:14:9f
09-01 14:32:29.987 V/bt_stack( 8588): [VERBOSE1:btm_ble_gap.cc(2052)]  Waiting for scan response 55:a7:aa:ab:14:9f
09-01 14:32:29.987 V/bt_stack( 8588): [VERBOSE1:btm_ble_gap.cc(1923)] btm_ble_process_ext_adv_pkt: bda=2d:8f:df:c2:a9:d4
09-01 14:32:29.987 V/bt_stack( 8588): [VERBOSE1:btm_ble_gap.cc(1847)] btm_ble_process_adv_addr: bda=2d:8f:df:c2:a9:d4
09-01 14:32:29.990 D/BluetoothUtils( 8588): blockedByLocationOff callingUid=1002
09-01 14:32:29.990 I/BluetoothUtils( 8588): packagename is android.uid.bluetooth:1002 ,and its permission is false
09-01 14:32:29.990 D/BluetoothUtils( 8588): blockedByLocationOff callingUid=1002
09-01 14:32:29.991 I/BluetoothUtils( 8588): packagename is android.uid.bluetooth:1002 ,and its permission is false
09-01 14:32:29.991 D/BluetoothUtils( 8588): blockedByLocationOff callingUid=1002
09-01 14:32:29.991 I/BluetoothUtils( 8588): packagename is android.uid.bluetooth:1002 ,and its permission is false
09-01 14:32:29.993 I/appium  ( 9696): channel read invoked!
09-01 14:32:29.993 I/appium  ( 9696): channel read: POST /wd/hub/session/f134a94f-7c6f-46ba-965f-e61e75cb9df7/elements
09-01 14:32:29.996 I/appium  ( 9696): Find elements command using 'class name' with selector 'android.widget.FrameLayout'.
09-01 14:32:29.996 I/appium  ( 9696): Waiting up to 10000ms for device to be idle
09-01 14:32:30.000 V/bt_stack( 8588): [VERBOSE1:btm_ble_gap.cc(1923)] btm_ble_process_ext_adv_pkt: bda=72:1f:5b:cb:e4:06
09-01 14:32:30.000 V/bt_stack( 8588): [VERBOSE1:btm_ble_gap.cc(1847)] btm_ble_process_adv_addr: bda=72:1f:5b:cb:e4:06
09-01 14:32:30.000 V/bt_stack( 8588): [VERBOSE1:btm_ble_gap.cc(2052)]  Waiting for scan response 72:1f:5b:cb:e4:06
09-01 14:32:30.000 V/bt_stack( 8588): [VERBOSE1:btm_ble_gap.cc(1923)] btm_ble_process_ext_adv_pkt: bda=72:1f:5b:cb:e4:06
09-01 14:32:30.000 V/bt_stack( 8588): [VERBOSE1:btm_ble_gap.cc(1847)] btm_ble_process_adv_addr: bda=72:1f:5b:cb:e4:06
09-01 14:32:30.002 D/BluetoothUtils( 8588): blockedByLocationOff callingUid=1002
09-01 14:32:30.002 I/BluetoothUtils( 8588): packagename is android.uid.bluetooth:1002 ,and its permission is false
09-01 14:32:30.002 D/BluetoothUtils( 8588): blockedByLocationOff callingUid=1002
09-01 14:32:30.003 I/BluetoothUtils( 8588): packagename is android.uid.bluetooth:1002 ,and its permission is false
09-01 14:32:30.003 D/BluetoothUtils( 8588): blockedByLocationOff callingUid=1002
09-01 14:32:30.003 I/BluetoothUtils( 8588): packagename is android.uid.bluetooth:1002 ,and its permission is false
09-01 14:32:30.012 V/bt_stack( 8588): [VERBOSE1:btm_ble_gap.cc(1923)] btm_ble_process_ext_adv_pkt: bda=06:fa:50:9b:39:c0
09-01 14:32:30.012 V/bt_stack( 8588): [VERBOSE1:btm_ble_gap.cc(1847)] btm_ble_process_adv_addr: bda=06:fa:50:9b:39:c0
09-01 14:32:30.013 D/BluetoothUtils( 8588): blockedByLocationOff callingUid=1002
09-01 14:32:30.014 V/bt_stack( 8588): [VERBOSE1:btm_ble_gap.cc(1923)] btm_ble_process_ext_adv_pkt: bda=53:f2:a2:69:23:e6
09-01 14:32:30.014 V/bt_stack( 8588): [VERBOSE1:btm_ble_gap.cc(1847)] btm_ble_process_adv_addr: bda=53:f2:a2:69:23:e6
09-01 14:32:30.014 I/BluetoothUtils( 8588): packagename is android.uid.bluetooth:1002 ,and its permission is false
09-01 14:32:30.014 D/BluetoothUtils( 8588): blockedByLocationOff callingUid=1002
09-01 14:32:30.014 I/BluetoothUtils( 8588): packagename is android.uid.bluetooth:1002 ,and its permission is false
09-01 14:32:30.014 D/BluetoothUtils( 8588): blockedByLocationOff callingUid=1002
09-01 14:32:30.014 I/BluetoothUtils( 8588): packagename is android.uid.bluetooth:1002 ,and its permission is false
09-01 14:32:30.015 V/bt_stack( 8588): [VERBOSE1:btm_ble_gap.cc(1923)] btm_ble_process_ext_adv_pkt: bda=36:c9:49:a0:b6:9d
09-01 14:32:30.015 V/bt_stack( 8588): [VERBOSE1:btm_ble_gap.cc(1847)] btm_ble_process_adv_addr: bda=36:c9:49:a0:b6:9d
09-01 14:32:30.015 D/BluetoothUtils( 8588): blockedByLocationOff callingUid=1002
09-01 14:32:30.015 I/BluetoothUtils( 8588): packagename is android.uid.bluetooth:1002 ,and its permission is false
09-01 14:32:30.016 D/BluetoothUtils( 8588): blockedByLocationOff callingUid=1002
09-01 14:32:30.016 I/BluetoothUtils( 8588): packagename is android.uid.bluetooth:1002 ,and its permission is false
09-01 14:32:30.016 D/BluetoothUtils( 8588): blockedByLocationOff callingUid=1002
09-01 14:32:30.016 I/BluetoothUtils( 8588): packagename is android.uid.bluetooth:1002 ,and its permission is false
09-01 14:32:30.017 D/BluetoothUtils( 8588): blockedByLocationOff callingUid=1002
09-01 14:32:30.017 I/BluetoothUtils( 8588): packagename is android.uid.bluetooth:1002 ,and its permission is false
09-01 14:32:30.017 D/BluetoothUtils( 8588): blockedByLocationOff callingUid=1002
09-01 14:32:30.018 I/BluetoothUtils( 8588): packagename is android.uid.bluetooth:1002 ,and its permission is false
09-01 14:32:30.018 D/BluetoothUtils( 8588): blockedByLocationOff callingUid=1002
09-01 14:32:30.018 I/BluetoothUtils( 8588): packagename is android.uid.bluetooth:1002 ,and its permission is false
09-01 14:32:30.020 V/bt_stack( 8588): [VERBOSE1:btm_ble_gap.cc(1923)] btm_ble_process_ext_adv_pkt: bda=0a:29:89:b7:c8:4a
09-01 14:32:30.020 V/bt_stack( 8588): [VERBOSE1:btm_ble_gap.cc(1847)] btm_ble_process_adv_addr: bda=0a:29:89:b7:c8:4a
09-01 14:32:30.022 D/BluetoothUtils( 8588): blockedByLocationOff callingUid=1002
09-01 14:32:30.022 I/BluetoothUtils( 8588): packagename is android.uid.bluetooth:1002 ,and its permission is false
09-01 14:32:30.022 D/BluetoothUtils( 8588): blockedByLocationOff callingUid=1002
09-01 14:32:30.023 I/BluetoothUtils( 8588): packagename is android.uid.bluetooth:1002 ,and its permission is false
09-01 14:32:30.023 D/BluetoothUtils( 8588): blockedByLocationOff callingUid=1002
09-01 14:32:30.025 I/BluetoothUtils( 8588): packagename is android.uid.bluetooth:1002 ,and its permission is false
09-01 14:32:30.040 V/bt_stack( 8588): [VERBOSE1:btm_ble_gap.cc(1923)] btm_ble_process_ext_adv_pkt: bda=17:7e:29:ab:4e:d0
09-01 14:32:30.040 V/bt_stack( 8588): [VERBOSE1:btm_ble_gap.cc(1847)] btm_ble_process_adv_addr: bda=17:7e:29:ab:4e:d0
09-01 14:32:30.042 D/BluetoothUtils( 8588): blockedByLocationOff callingUid=1002
09-01 14:32:30.042 I/BluetoothUtils( 8588): packagename is android.uid.bluetooth:1002 ,and its permission is false
09-01 14:32:30.043 I/appium  ( 9696): AppiumResponse: {"sessionId":"f134a94f-7c6f-46ba-965f-e61e75cb9df7","value":[{"ELEMENT":"19319fb1-8f30-43fa-8c48-c430f820f23f","element-6066-11e4-a52e-4f735466cecf":"19319fb1-8f30-43fa-8c48-c430f820f23f"},{"ELEMENT":"e1c88bfb-bf2a-499d-8f58-57de1dcfd7c1","element-6066-11e4-a52e-4f735466cecf":"e1c88bfb-bf2a-499d-...
09-01 14:32:30.043 D/BluetoothUtils( 8588): blockedByLocationOff callingUid=1002
09-01 14:32:30.044 I/BluetoothUtils( 8588): packagename is android.uid.bluetooth:1002 ,and its permission is false
09-01 14:32:30.044 D/BluetoothUtils( 8588): blockedByLocationOff callingUid=1002
09-01 14:32:30.044 I/BluetoothUtils( 8588): packagename is android.uid.bluetooth:1002 ,and its permission is false
09-01 14:32:30.051 V/bt_stack( 8588): [VERBOSE1:btm_ble_gap.cc(1923)] btm_ble_process_ext_adv_pkt: bda=66:3e:07:e0:2b:d4
09-01 14:32:30.051 V/bt_stack( 8588): [VERBOSE1:btm_ble_gap.cc(1847)] btm_ble_process_adv_addr: bda=66:3e:07:e0:2b:d4
09-01 14:32:30.051 V/bt_stack( 8588): [VERBOSE1:btm_ble_gap.cc(2052)]  Waiting for scan response 66:3e:07:e0:2b:d4
09-01 14:32:30.051 V/bt_stack( 8588): [VERBOSE1:btm_ble_gap.cc(1923)] btm_ble_process_ext_adv_pkt: bda=66:3e:07:e0:2b:d4
09-01 14:32:30.051 V/bt_stack( 8588): [VERBOSE1:btm_ble_gap.cc(1847)] btm_ble_process_adv_addr: bda=66:3e:07:e0:2b:d4
09-01 14:32:30.052 V/bt_stack( 8588): [VERBOSE1:btm_ble_gap.cc(1923)] btm_ble_process_ext_adv_pkt: bda=6a:1a:31:28:a4:f8
09-01 14:32:30.052 V/bt_stack( 8588): [VERBOSE1:btm_ble_gap.cc(1847)] btm_ble_process_adv_addr: bda=6a:1a:31:28:a4:f8
09-01 14:32:30.053 D/BluetoothUtils( 8588): blockedByLocationOff callingUid=1002
09-01 14:32:30.054 I/BluetoothUtils( 8588): packagename is android.uid.bluetooth:1002 ,and its permission is false
09-01 14:32:30.054 D/BluetoothUtils( 8588): blockedByLocationOff callingUid=1002
09-01 14:32:30.054 I/BluetoothUtils( 8588): packagename is android.uid.bluetooth:1002 ,and its permission is false
09-01 14:32:30.054 D/BluetoothUtils( 8588): blockedByLocationOff callingUid=1002
09-01 14:32:30.054 I/BluetoothUtils( 8588): packagename is android.uid.bluetooth:1002 ,and its permission is false
09-01 14:32:30.055 D/BluetoothUtils( 8588): blockedByLocationOff callingUid=1002
09-01 14:32:30.055 I/BluetoothUtils( 8588): packagename is android.uid.bluetooth:1002 ,and its permission is false
09-01 14:32:30.056 D/BluetoothUtils( 8588): blockedByLocationOff callingUid=1002
09-01 14:32:30.056 I/BluetoothUtils( 8588): packagename is android.uid.bluetooth:1002 ,and its permission is false
09-01 14:32:30.056 D/BluetoothUtils( 8588): blockedByLocationOff callingUid=1002
09-01 14:32:30.056 I/BluetoothUtils( 8588): packagename is android.uid.bluetooth:1002 ,and its permission is false
09-01 14:32:30.060 V/bt_stack( 8588): [VERBOSE1:btm_ble_gap.cc(1923)] btm_ble_process_ext_adv_pkt: bda=11:f0:0b:88:34:0c
09-01 14:32:30.060 V/bt_stack( 8588): [VERBOSE1:btm_ble_gap.cc(1847)] btm_ble_process_adv_addr: bda=11:f0:0b:88:34:0c
09-01 14:32:30.061 D/BluetoothUtils( 8588): blockedByLocationOff callingUid=1002
09-01 14:32:30.061 I/BluetoothUtils( 8588): packagename is android.uid.bluetooth:1002 ,and its permission is false
09-01 14:32:30.061 D/BluetoothUtils( 8588): blockedByLocationOff callingUid=1002
09-01 14:32:30.062 I/BluetoothUtils( 8588): packagename is android.uid.bluetooth:1002 ,and its permission is false
09-01 14:32:30.062 D/BluetoothUtils( 8588): blockedByLocationOff callingUid=1002
09-01 14:32:30.062 I/BluetoothUtils( 8588): packagename is android.uid.bluetooth:1002 ,and its permission is false
09-01 14:32:30.068 V/bt_stack( 8588): [VERBOSE1:btm_ble_gap.cc(1923)] btm_ble_process_ext_adv_pkt: bda=0c:1a:06:0e:96:57
09-01 14:32:30.068 V/bt_stack( 8588): [VERBOSE1:btm_ble_gap.cc(1847)] btm_ble_process_adv_addr: bda=0c:1a:06:0e:96:57
09-01 14:32:30.070 D/BluetoothUtils( 8588): blockedByLocationOff callingUid=1002
09-01 14:32:30.070 I/BluetoothUtils( 8588): packagename is android.uid.bluetooth:1002 ,and its permission is false
09-01 14:32:30.070 D/BluetoothUtils( 8588): blockedByLocationOff callingUid=1002
09-01 14:32:30.071 I/BluetoothUtils( 8588): packagename is android.uid.bluetooth:1002 ,and its permission is false
09-01 14:32:30.071 D/BluetoothUtils( 8588): blockedByLocationOff callingUid=1002
09-01 14:32:30.071 I/BluetoothUtils( 8588): packagename is android.uid.bluetooth:1002 ,and its permission is false
09-01 14:32:30.083 V/bt_stack( 8588): [VERBOSE1:btm_ble_gap.cc(1923)] btm_ble_process_ext_adv_pkt: bda=77:60:99:3a:74:d9
09-01 14:32:30.084 V/bt_stack( 8588): [VERBOSE1:btm_ble_gap.cc(1847)] btm_ble_process_adv_addr: bda=77:60:99:3a:74:d9
09-01 14:32:30.084 V/bt_stack( 8588): [VERBOSE1:btm_ble_gap.cc(2052)]  Waiting for scan response 77:60:99:3a:74:d9
09-01 14:32:30.087 V/bt_stack( 8588): [VERBOSE1:btm_ble_gap.cc(1923)] btm_ble_process_ext_adv_pkt: bda=78:4f:43:58:80:7a
09-01 14:32:30.087 V/bt_stack( 8588): [VERBOSE1:btm_ble_gap.cc(1847)] btm_ble_process_adv_addr: bda=78:4f:43:58:80:7a
09-01 14:32:30.087 V/bt_stack( 8588): [VERBOSE1:btm_ble_gap.cc(2052)]  Waiting for scan response 78:4f:43:58:80:7a
09-01 14:32:30.088 V/bt_stack( 8588): [VERBOSE1:btm_ble_gap.cc(1923)] btm_ble_process_ext_adv_pkt: bda=2d:8f:df:c2:a9:d4
09-01 14:32:30.088 V/bt_stack( 8588): [VERBOSE1:btm_ble_gap.cc(1847)] btm_ble_process_adv_addr: bda=2d:8f:df:c2:a9:d4
09-01 14:32:30.089 D/BluetoothUtils( 8588): blockedByLocationOff callingUid=1002
09-01 14:32:30.090 I/BluetoothUtils( 8588): packagename is android.uid.bluetooth:1002 ,and its permission is false
09-01 14:32:30.090 D/BluetoothUtils( 8588): blockedByLocationOff callingUid=1002
09-01 14:32:30.090 I/BluetoothUtils( 8588): packagename is android.uid.bluetooth:1002 ,and its permission is false
09-01 14:32:30.091 D/BluetoothUtils( 8588): blockedByLocationOff callingUid=1002
09-01 14:32:30.091 I/BluetoothUtils( 8588): packagename is android.uid.bluetooth:1002 ,and its permission is false
09-01 14:32:30.103 V/bt_stack( 8588): [VERBOSE1:btm_ble_gap.cc(1923)] btm_ble_process_ext_adv_pkt: bda=56:e4:da:79:d5:88
09-01 14:32:30.104 V/bt_stack( 8588): [VERBOSE1:btm_ble_gap.cc(1847)] btm_ble_process_adv_addr: bda=56:e4:da:79:d5:88
09-01 14:32:30.104 V/bt_stack( 8588): [VERBOSE1:btm_ble_gap.cc(2052)]  Waiting for scan response 56:e4:da:79:d5:88
09-01 14:32:30.104 V/bt_stack( 8588): [VERBOSE1:btm_ble_gap.cc(1923)] btm_ble_process_ext_adv_pkt: bda=56:e4:da:79:d5:88
09-01 14:32:30.104 V/bt_stack( 8588): [VERBOSE1:btm_ble_gap.cc(1847)] btm_ble_process_adv_addr: bda=56:e4:da:79:d5:88
09-01 14:32:30.106 D/BluetoothUtils( 8588): blockedByLocationOff callingUid=1002
09-01 14:32:30.107 I/BluetoothUtils( 8588): packagename is android.uid.bluetooth:1002 ,and its permission is false
09-01 14:32:30.107 D/BluetoothUtils( 8588): blockedByLocationOff callingUid=1002
09-01 14:32:30.108 I/BluetoothUtils( 8588): packagename is android.uid.bluetooth:1002 ,and its permission is false
09-01 14:32:30.108 D/BluetoothUtils( 8588): blockedByLocationOff callingUid=1002
09-01 14:32:30.108 I/BluetoothUtils( 8588): packagename is android.uid.bluetooth:1002 ,and its permission is false
09-01 14:32:30.119 V/bt_stack( 8588): [VERBOSE1:btm_ble_gap.cc(1923)] btm_ble_process_ext_adv_pkt: bda=38:f9:d3:45:87:1e
09-01 14:32:30.119 V/bt_stack( 8588): [VERBOSE1:btm_ble_gap.cc(1847)] btm_ble_process_adv_addr: bda=38:f9:d3:45:87:1e
09-01 14:32:30.119 V/bt_stack( 8588): [VERBOSE1:btm_ble_gap.cc(2052)]  Waiting for scan response 38:f9:d3:45:87:1e
09-01 14:32:30.119 V/bt_stack( 8588): [VERBOSE1:btm_ble_gap.cc(1923)] btm_ble_process_ext_adv_pkt: bda=38:f9:d3:45:87:1e
09-01 14:32:30.119 V/bt_stack( 8588): [VERBOSE1:btm_ble_gap.cc(1847)] btm_ble_process_adv_addr: bda=38:f9:d3:45:87:1e
09-01 14:32:30.120 D/BluetoothUtils( 8588): blockedByLocationOff callingUid=1002
09-01 14:32:30.121 I/BluetoothUtils( 8588): packagename is android.uid.bluetooth:1002 ,and its permission is false
09-01 14:32:30.121 D/BluetoothUtils( 8588): blockedByLocationOff callingUid=1002
09-01 14:32:30.121 I/BluetoothUtils( 8588): packagename is android.uid.bluetooth:1002 ,and its permission is false
09-01 14:32:30.121 D/BluetoothUtils( 8588): blockedByLocationOff callingUid=1002
09-01 14:32:30.122 I/BluetoothUtils( 8588): packagename is android.uid.bluetooth:1002 ,and its permission is false
09-01 14:32:30.123 V/bt_stack( 8588): [VERBOSE1:btm_ble_gap.cc(1923)] btm_ble_process_ext_adv_pkt: bda=36:c9:49:a0:b6:9d
09-01 14:32:30.124 V/bt_stack( 8588): [VERBOSE1:btm_ble_gap.cc(1847)] btm_ble_process_adv_addr: bda=36:c9:49:a0:b6:9d
09-01 14:32:30.125 D/BluetoothUtils( 8588): blockedByLocationOff callingUid=1002
09-01 14:32:30.126 I/BluetoothUtils( 8588): packagename is android.uid.bluetooth:1002 ,and its permission is false
09-01 14:32:30.126 D/BluetoothUtils( 8588): blockedByLocationOff callingUid=1002
09-01 14:32:30.126 I/BluetoothUtils( 8588): packagename is android.uid.bluetooth:1002 ,and its permission is false
09-01 14:32:30.126 D/BluetoothUtils( 8588): blockedByLocationOff callingUid=1002
09-01 14:32:30.127 I/BluetoothUtils( 8588): packagename is android.uid.bluetooth:1002 ,and its permission is false
09-01 14:32:30.127 V/bt_stack( 8588): [VERBOSE1:btm_ble_gap.cc(1923)] btm_ble_process_ext_adv_pkt: bda=0a:29:89:b7:c8:4a
09-01 14:32:30.128 V/bt_stack( 8588): [VERBOSE1:btm_ble_gap.cc(1847)] btm_ble_process_adv_addr: bda=0a:29:89:b7:c8:4a
09-01 14:32:30.130 D/BluetoothUtils( 8588): blockedByLocationOff callingUid=1002
09-01 14:32:30.130 I/BluetoothUtils( 8588): packagename is android.uid.bluetooth:1002 ,and its permission is false
09-01 14:32:30.130 D/BluetoothUtils( 8588): blockedByLocationOff callingUid=1002
09-01 14:32:30.130 I/BluetoothUtils( 8588): packagename is android.uid.bluetooth:1002 ,and its permission is false
09-01 14:32:30.131 D/BluetoothUtils( 8588): blockedByLocationOff callingUid=1002
09-01 14:32:30.131 I/BluetoothUtils( 8588): packagename is android.uid.bluetooth:1002 ,and its permission is false
09-01 14:32:30.145 V/bt_stack( 8588): [VERBOSE1:btm_ble_gap.cc(1923)] btm_ble_process_ext_adv_pkt: bda=4b:2f:6d:75:86:77
09-01 14:32:30.145 V/bt_stack( 8588): [VERBOSE1:btm_ble_gap.cc(1847)] btm_ble_process_adv_addr: bda=4b:2f:6d:75:86:77
09-01 14:32:30.145 V/bt_stack( 8588): [VERBOSE1:btm_ble_gap.cc(2052)]  Waiting for scan response 4b:2f:6d:75:86:77
09-01 14:32:30.145 V/bt_stack( 8588): [VERBOSE1:btm_ble_gap.cc(1923)] btm_ble_process_ext_adv_pkt: bda=fd:32:0c:ad:56:d5
09-01 14:32:30.145 V/bt_stack( 8588): [VERBOSE1:btm_ble_gap.cc(1847)] btm_ble_process_adv_addr: bda=fd:32:0c:ad:56:d5
09-01 14:32:30.145 V/bt_stack( 8588): [VERBOSE1:btm_ble_gap.cc(2052)]  Waiting for scan response fd:32:0c:ad:56:d5
09-01 14:32:30.145 V/bt_stack( 8588): [VERBOSE1:btm_ble_gap.cc(1923)] btm_ble_process_ext_adv_pkt: bda=fd:32:0c:ad:56:d5
09-01 14:32:30.145 V/bt_stack( 8588): [VERBOSE1:btm_ble_gap.cc(1847)] btm_ble_process_adv_addr: bda=fd:32:0c:ad:56:d5
09-01 14:32:30.149 D/BluetoothUtils( 8588): blockedByLocationOff callingUid=1002
09-01 14:32:30.150 I/BluetoothUtils( 8588): packagename is android.uid.bluetooth:1002 ,and its permission is false
09-01 14:32:30.150 D/BluetoothUtils( 8588): blockedByLocationOff callingUid=1002
09-01 14:32:30.151 I/BluetoothUtils( 8588): packagename is android.uid.bluetooth:1002 ,and its permission is false
09-01 14:32:30.151 D/BluetoothUtils( 8588): blockedByLocationOff callingUid=1002
09-01 14:32:30.151 I/BluetoothUtils( 8588): packagename is android.uid.bluetooth:1002 ,and its permission is false
09-01 14:32:30.156 V/bt_stack( 8588): [VERBOSE1:btm_ble_gap.cc(1923)] btm_ble_process_ext_adv_pkt: bda=e2:84:58:a7:5a:70
09-01 14:32:30.156 V/bt_stack( 8588): [VERBOSE1:btm_ble_gap.cc(1847)] btm_ble_process_adv_addr: bda=e2:84:58:a7:5a:70
09-01 14:32:30.156 V/bt_stack( 8588): [VERBOSE1:btm_ble_gap.cc(2052)]  Waiting for scan response e2:84:58:a7:5a:70
09-01 14:32:30.156 V/bt_stack( 8588): [VERBOSE1:btm_ble_gap.cc(1923)] btm_ble_process_ext_adv_pkt: bda=2a:1b:52:ac:62:5d
09-01 14:32:30.156 V/bt_stack( 8588): [VERBOSE1:btm_ble_gap.cc(1847)] btm_ble_process_adv_addr: bda=2a:1b:52:ac:62:5d
09-01 14:32:30.158 D/BluetoothUtils( 8588): blockedByLocationOff callingUid=1002
09-01 14:32:30.159 I/BluetoothUtils( 8588): packagename is android.uid.bluetooth:1002 ,and its permission is false
09-01 14:32:30.159 D/BluetoothUtils( 8588): blockedByLocationOff callingUid=1002
09-01 14:32:30.159 I/BluetoothUtils( 8588): packagename is android.uid.bluetooth:1002 ,and its permission is false
09-01 14:32:30.159 D/BluetoothUtils( 8588): blockedByLocationOff callingUid=1002
09-01 14:32:30.159 I/BluetoothUtils( 8588): packagename is android.uid.bluetooth:1002 ,and its permission is false
09-01 14:32:30.162 V/bt_stack( 8588): [VERBOSE1:btm_ble_gap.cc(1923)] btm_ble_process_ext_adv_pkt: bda=6a:1a:31:28:a4:f8
09-01 14:32:30.162 V/bt_stack( 8588): [VERBOSE1:btm_ble_gap.cc(1847)] btm_ble_process_adv_addr: bda=6a:1a:31:28:a4:f8
09-01 14:32:30.163 D/BluetoothUtils( 8588): blockedByLocationOff callingUid=1002
09-01 14:32:30.163 I/BluetoothUtils( 8588): packagename is android.uid.bluetooth:1002 ,and its permission is false
09-01 14:32:30.164 D/BluetoothUtils( 8588): blockedByLocationOff callingUid=1002
09-01 14:32:30.164 I/BluetoothUtils( 8588): packagename is android.uid.bluetooth:1002 ,and its permission is false
09-01 14:32:30.164 D/BluetoothUtils( 8588): blockedByLocationOff callingUid=1002
09-01 14:32:30.164 I/BluetoothUtils( 8588): packagename is android.uid.bluetooth:1002 ,and its permission is false
09-01 14:32:30.174 V/bt_stack( 8588): [VERBOSE1:btm_ble_gap.cc(1923)] btm_ble_process_ext_adv_pkt: bda=0c:1a:06:0e:96:57
09-01 14:32:30.175 V/bt_stack( 8588): [VERBOSE1:btm_ble_gap.cc(1847)] btm_ble_process_adv_addr: bda=0c:1a:06:0e:96:57
09-01 14:32:30.177 D/BluetoothUtils( 8588): blockedByLocationOff callingUid=1002
09-01 14:32:30.177 I/BluetoothUtils( 8588): packagename is android.uid.bluetooth:1002 ,and its permission is false
09-01 14:32:30.177 D/BluetoothUtils( 8588): blockedByLocationOff callingUid=1002
09-01 14:32:30.178 I/BluetoothUtils( 8588): packagename is android.uid.bluetooth:1002 ,and its permission is false
09-01 14:32:30.178 D/BluetoothUtils( 8588): blockedByLocationOff callingUid=1002
09-01 14:32:30.178 I/BluetoothUtils( 8588): packagename is android.uid.bluetooth:1002 ,and its permission is false
09-01 14:32:30.189 V/bt_stack( 8588): [VERBOSE1:btm_ble_gap.cc(1923)] btm_ble_process_ext_adv_pkt: bda=2d:8f:df:c2:a9:d4
09-01 14:32:30.189 V/bt_stack( 8588): [VERBOSE1:btm_ble_gap.cc(1847)] btm_ble_process_adv_addr: bda=2d:8f:df:c2:a9:d4
09-01 14:32:30.191 D/BluetoothUtils( 8588): blockedByLocationOff callingUid=1002
09-01 14:32:30.191 I/BluetoothUtils( 8588): packagename is android.uid.bluetooth:1002 ,and its permission is false
09-01 14:32:30.191 D/BluetoothUtils( 8588): blockedByLocationOff callingUid=1002
09-01 14:32:30.192 I/BluetoothUtils( 8588): packagename is android.uid.bluetooth:1002 ,and its permission is false
09-01 14:32:30.192 D/BluetoothUtils( 8588): blockedByLocationOff callingUid=1002
09-01 14:32:30.192 I/BluetoothUtils( 8588): packagename is android.uid.bluetooth:1002 ,and its permission is false
09-01 14:32:30.228 I/vendor.qti.bluetooth@1.0-ibs_handler(19843): ProcessIbsCmd: Received IBS_SLEEP_IND: 0xFE
