09-01 14:28:40.027 D/BluetoothUtils( 8588): blockedByLocationOff callingUid=1002
09-01 14:28:40.028 I/BluetoothUtils( 8588): packagename is android.uid.bluetooth:1002 ,and its permission is false
09-01 14:28:40.028 D/BluetoothUtils( 8588): blockedByLocationOff callingUid=1002
09-01 14:28:40.028 I/BluetoothUtils( 8588): packagename is android.uid.bluetooth:1002 ,and its permission is false
09-01 14:28:40.028 D/BluetoothUtils( 8588): blockedByLocationOff callingUid=1002
09-01 14:28:40.028 I/BluetoothUtils( 8588): packagename is android.uid.bluetooth:1002 ,and its permission is false
09-01 14:28:40.037 I/appium  ( 6878): channel read invoked!
09-01 14:28:40.037 I/appium  ( 6878): channel read: POST /wd/hub/session/64258e99-4a1a-4f26-b5bc-da02a53421ad/touch/perform
09-01 14:28:40.039 I/appium  ( 6878): JSON Payload : {"startX":540,"startY":221,"endX":540,"endY":1989,"steps":22}
09-01 14:28:40.042 V/bt_stack( 8588): [VERBOSE1:btm_ble_gap.cc(1923)] btm_ble_process_ext_adv_pkt: bda=53:56:a8:ef:e5:80
09-01 14:28:40.042 V/bt_stack( 8588): [VERBOSE1:btm_ble_gap.cc(1847)] btm_ble_process_adv_addr: bda=53:56:a8:ef:e5:80
09-01 14:28:40.042 V/bt_stack( 8588): [VERBOSE1:btm_ble_gap.cc(2052)]  Waiting for scan response 53:56:a8:ef:e5:80
09-01 14:28:40.042 V/bt_stack( 8588): [VERBOSE1:btm_ble_gap.cc(1923)] btm_ble_process_ext_adv_pkt: bda=53:56:a8:ef:e5:80
09-01 14:28:40.042 V/bt_stack( 8588): [VERBOSE1:btm_ble_gap.cc(1847)] btm_ble_process_adv_addr: bda=53:56:a8:ef:e5:80
09-01 14:28:40.043 D/BluetoothUtils( 8588): blockedByLocationOff callingUid=1002
09-01 14:28:40.044 I/BluetoothUtils( 8588): packagename is android.uid.bluetooth:1002 ,and its permission is false
09-01 14:28:40.044 D/BluetoothUtils( 8588): blockedByLocationOff callingUid=1002
09-01 14:28:40.044 I/BluetoothUtils( 8588): packagename is android.uid.bluetooth:1002 ,and its permission is false
09-01 14:28:40.044 D/BluetoothUtils( 8588): blockedByLocationOff callingUid=1002
09-01 14:28:40.045 I/BluetoothUtils( 8588): packagename is android.uid.bluetooth:1002 ,and its permission is false
09-01 14:28:40.050 V/bt_stack( 8588): [VERBOSE1:btm_ble_gap.cc(1923)] btm_ble_process_ext_adv_pkt: bda=07:5a:b0:04:f2:ba
09-01 14:28:40.051 V/bt_stack( 8588): [VERBOSE1:btm_ble_gap.cc(1847)] btm_ble_process_adv_addr: bda=07:5a:b0:04:f2:ba
09-01 14:28:40.052 D/BluetoothUtils( 8588): blockedByLocationOff callingUid=1002
09-01 14:28:40.053 I/BluetoothUtils( 8588): packagename is android.uid.bluetooth:1002 ,and its permission is false
09-01 14:28:40.053 D/BluetoothUtils( 8588): blockedByLocationOff callingUid=1002
09-01 14:28:40.053 I/BluetoothUtils( 8588): packagename is android.uid.bluetooth:1002 ,and its permission is false
09-01 14:28:40.053 D/BluetoothUtils( 8588): blockedByLocationOff callingUid=1002
09-01 14:28:40.053 I/BluetoothUtils( 8588): packagename is android.uid.bluetooth:1002 ,and its permission is false
09-01 14:28:40.059 V/bt_stack( 8588): [VERBOSE1:btm_ble_gap.cc(1923)] btm_ble_process_ext_adv_pkt: bda=12:1c:38:cd:04:e8
09-01 14:28:40.059 V/bt_stack( 8588): [VERBOSE1:btm_ble_gap.cc(1847)] btm_ble_process_adv_addr: bda=12:1c:38:cd:04:e8
09-01 14:28:40.060 D/BluetoothUtils( 8588): blockedByLocationOff callingUid=1002
09-01 14:28:40.061 I/BluetoothUtils( 8588): packagename is android.uid.bluetooth:1002 ,and its permission is false
09-01 14:28:40.061 D/BluetoothUtils( 8588): blockedByLocationOff callingUid=1002
09-01 14:28:40.061 I/BluetoothUtils( 8588): packagename is android.uid.bluetooth:1002 ,and its permission is false
09-01 14:28:40.061 D/BluetoothUtils( 8588): blockedByLocationOff callingUid=1002
09-01 14:28:40.062 I/BluetoothUtils( 8588): packagename is android.uid.bluetooth:1002 ,and its permission is false
09-01 14:28:40.075 V/bt_stack( 8588): [VERBOSE1:btm_ble_gap.cc(1923)] btm_ble_process_ext_adv_pkt: bda=53:56:a8:ef:e5:80
09-01 14:28:40.075 V/bt_stack( 8588): [VERBOSE1:btm_ble_gap.cc(1847)] btm_ble_process_adv_addr: bda=53:56:a8:ef:e5:80
09-01 14:28:40.075 V/bt_stack( 8588): [VERBOSE1:btm_ble_gap.cc(2052)]  Waiting for scan response 53:56:a8:ef:e5:80
09-01 14:28:40.075 V/bt_stack( 8588): [VERBOSE1:btm_ble_gap.cc(1923)] btm_ble_process_ext_adv_pkt: bda=53:56:a8:ef:e5:80
09-01 14:28:40.075 V/bt_stack( 8588): [VERBOSE1:btm_ble_gap.cc(1847)] btm_ble_process_adv_addr: bda=53:56:a8:ef:e5:80
09-01 14:28:40.077 D/BluetoothUtils( 8588): blockedByLocationOff callingUid=1002
09-01 14:28:40.077 I/BluetoothUtils( 8588): packagename is android.uid.bluetooth:1002 ,and its permission is false
09-01 14:28:40.077 D/BluetoothUtils( 8588): blockedByLocationOff callingUid=1002
09-01 14:28:40.078 I/BluetoothUtils( 8588): packagename is android.uid.bluetooth:1002 ,and its permission is false
09-01 14:28:40.078 D/BluetoothUtils( 8588): blockedByLocationOff callingUid=1002
09-01 14:28:40.078 I/BluetoothUtils( 8588): packagename is android.uid.bluetooth:1002 ,and its permission is false
09-01 14:28:40.087 V/bt_stack( 8588): [VERBOSE1:btm_ble_gap.cc(1923)] btm_ble_process_ext_adv_pkt: bda=2a:99:8c:12:d1:b1
09-01 14:28:40.087 V/bt_stack( 8588): [VERBOSE1:btm_ble_gap.cc(1847)] btm_ble_process_adv_addr: bda=2a:99:8c:12:d1:b1
09-01 14:28:40.089 D/BluetoothUtils( 8588): blockedByLocationOff callingUid=1002
09-01 14:28:40.089 I/BluetoothUtils( 8588): packagename is android.uid.bluetooth:1002 ,and its permission is false
09-01 14:28:40.090 D/BluetoothUtils( 8588): blockedByLocationOff callingUid=1002
09-01 14:28:40.090 I/BluetoothUtils( 8588): packagename is android.uid.bluetooth:1002 ,and its permission is false
09-01 14:28:40.090 D/BluetoothUtils( 8588): blockedByLocationOff callingUid=1002
09-01 14:28:40.090 I/BluetoothUtils( 8588): packagename is android.uid.bluetooth:1002 ,and its permission is false
09-01 14:28:40.091 V/bt_stack( 8588): [VERBOSE1:btm_ble_gap.cc(1923)] btm_ble_process_ext_adv_pkt: bda=6a:1a:31:28:a4:f8
09-01 14:28:40.091 V/bt_stack( 8588): [VERBOSE1:btm_ble_gap.cc(1847)] btm_ble_process_adv_addr: bda=6a:1a:31:28:a4:f8
09-01 14:28:40.092 D/BluetoothUtils( 8588): blockedByLocationOff callingUid=1002
09-01 14:28:40.093 I/BluetoothUtils( 8588): packagename is android.uid.bluetooth:1002 ,and its permission is false
09-01 14:28:40.093 D/BluetoothUtils( 8588): blockedByLocationOff callingUid=1002
09-01 14:28:40.093 I/BluetoothUtils( 8588): packagename is android.uid.bluetooth:1002 ,and its permission is false
09-01 14:28:40.093 D/BluetoothUtils( 8588): blockedByLocationOff callingUid=1002
09-01 14:28:40.094 I/BluetoothUtils( 8588): packagename is android.uid.bluetooth:1002 ,and its permission is false
09-01 14:28:40.097 V/bt_stack( 8588): [VERBOSE1:btm_ble_gap.cc(1923)] btm_ble_process_ext_adv_pkt: bda=0c:1a:06:0e:96:57
09-01 14:28:40.097 V/bt_stack( 8588): [VERBOSE1:btm_ble_gap.cc(1847)] btm_ble_process_adv_addr: bda=0c:1a:06:0e:96:57
09-01 14:28:40.098 D/BluetoothUtils( 8588): blockedByLocationOff callingUid=1002
09-01 14:28:40.099 I/BluetoothUtils( 8588): packagename is android.uid.bluetooth:1002 ,and its permission is false
09-01 14:28:40.099 D/BluetoothUtils( 8588): blockedByLocationOff callingUid=1002
09-01 14:28:40.099 I/BluetoothUtils( 8588): packagename is android.uid.bluetooth:1002 ,and its permission is false
09-01 14:28:40.099 D/BluetoothUtils( 8588): blockedByLocationOff callingUid=1002
09-01 14:28:40.100 I/BluetoothUtils( 8588): packagename is android.uid.bluetooth:1002 ,and its permission is false
09-01 14:28:40.105 V/bt_stack( 8588): [VERBOSE1:btm_ble_gap.cc(1923)] btm_ble_process_ext_adv_pkt: bda=10:42:5e:92:d4:eb
09-01 14:28:40.105 V/bt_stack( 8588): [VERBOSE1:btm_ble_gap.cc(1847)] btm_ble_process_adv_addr: bda=10:42:5e:92:d4:eb
09-01 14:28:40.106 D/BluetoothUtils( 8588): blockedByLocationOff callingUid=1002
09-01 14:28:40.107 I/BluetoothUtils( 8588): packagename is android.uid.bluetooth:1002 ,and its permission is false
09-01 14:28:40.107 D/BluetoothUtils( 8588): blockedByLocationOff callingUid=1002
09-01 14:28:40.107 I/BluetoothUtils( 8588): packagename is android.uid.bluetooth:1002 ,and its permission is false
09-01 14:28:40.107 D/BluetoothUtils( 8588): blockedByLocationOff callingUid=1002
09-01 14:28:40.108 I/BluetoothUtils( 8588): packagename is android.uid.bluetooth:1002 ,and its permission is false
09-01 14:28:40.111 V/bt_stack( 8588): [VERBOSE1:btm_ble_gap.cc(1923)] btm_ble_process_ext_adv_pkt: bda=2e:17:70:f9:0b:48
09-01 14:28:40.111 V/bt_stack( 8588): [VERBOSE1:btm_ble_gap.cc(1847)] btm_ble_process_adv_addr: bda=2e:17:70:f9:0b:48
09-01 14:28:40.112 D/BluetoothUtils( 8588): blockedByLocationOff callingUid=1002
09-01 14:28:40.112 I/BluetoothUtils( 8588): packagename is android.uid.bluetooth:1002 ,and its permission is false
09-01 14:28:40.112 D/BluetoothUtils( 8588): blockedByLocationOff callingUid=1002
09-01 14:28:40.112 I/BluetoothUtils( 8588): packagename is android.uid.bluetooth:1002 ,and its permission is false
09-01 14:28:40.112 D/BluetoothUtils( 8588): blockedByLocationOff callingUid=1002
09-01 14:28:40.113 I/BluetoothUtils( 8588): packagename is android.uid.bluetooth:1002 ,and its permission is false
09-01 14:28:40.122 V/bt_stack( 8588): [VERBOSE1:btm_ble_gap.cc(1923)] btm_ble_process_ext_adv_pkt: bda=06:fa:50:9b:39:c0
09-01 14:28:40.122 V/bt_stack( 8588): [VERBOSE1:btm_ble_gap.cc(1847)] btm_ble_process_adv_addr: bda=06:fa:50:9b:39:c0
09-01 14:28:40.123 D/BluetoothUtils( 8588): blockedByLocationOff callingUid=1002
09-01 14:28:40.123 I/BluetoothUtils( 8588): packagename is android.uid.bluetooth:1002 ,and its permission is false
09-01 14:28:40.124 D/BluetoothUtils( 8588): blockedByLocationOff callingUid=1002
09-01 14:28:40.124 I/BluetoothUtils( 8588): packagename is android.uid.bluetooth:1002 ,and its permission is false
09-01 14:28:40.124 D/BluetoothUtils( 8588): blockedByLocationOff callingUid=1002
09-01 14:28:40.124 I/BluetoothUtils( 8588): packagename is android.uid.bluetooth:1002 ,and its permission is false
09-01 14:28:40.127 V/bt_stack( 8588): [VERBOSE1:btm_ble_gap.cc(1923)] btm_ble_process_ext_adv_pkt: bda=38:f9:d3:45:87:1e
09-01 14:28:40.127 V/bt_stack( 8588): [VERBOSE1:btm_ble_gap.cc(1847)] btm_ble_process_adv_addr: bda=38:f9:d3:45:87:1e
09-01 14:28:40.127 V/bt_stack( 8588): [VERBOSE1:btm_ble_gap.cc(2052)]  Waiting for scan response 38:f9:d3:45:87:1e
09-01 14:28:40.127 V/bt_stack( 8588): [VERBOSE1:btm_ble_gap.cc(1923)] btm_ble_process_ext_adv_pkt: bda=38:f9:d3:45:87:1e
09-01 14:28:40.127 V/bt_stack( 8588): [VERBOSE1:btm_ble_gap.cc(1847)] btm_ble_process_adv_addr: bda=38:f9:d3:45:87:1e
09-01 14:28:40.129 D/BluetoothUtils( 8588): blockedByLocationOff callingUid=1002
09-01 14:28:40.129 I/BluetoothUtils( 8588): packagename is android.uid.bluetooth:1002 ,and its permission is false
09-01 14:28:40.129 D/BluetoothUtils( 8588): blockedByLocationOff callingUid=1002
09-01 14:28:40.129 I/BluetoothUtils( 8588): packagename is android.uid.bluetooth:1002 ,and its permission is false
09-01 14:28:40.129 D/BluetoothUtils( 8588): blockedByLocationOff callingUid=1002
09-01 14:28:40.130 I/BluetoothUtils( 8588): packagename is android.uid.bluetooth:1002 ,and its permission is false
09-01 14:28:40.146 V/bt_stack( 8588): [VERBOSE1:btm_ble_gap.cc(1923)] btm_ble_process_ext_adv_pkt: bda=53:56:a8:ef:e5:80
09-01 14:28:40.147 V/bt_stack( 8588): [VERBOSE1:btm_ble_gap.cc(1847)] btm_ble_process_adv_addr: bda=53:56:a8:ef:e5:80
09-01 14:28:40.147 V/bt_stack( 8588): [VERBOSE1:btm_ble_gap.cc(2052)]  Waiting for scan response 53:56:a8:ef:e5:80
09-01 14:28:40.147 V/bt_stack( 8588): [VERBOSE1:btm_ble_gap.cc(1923)] btm_ble_process_ext_adv_pkt: bda=53:56:a8:ef:e5:80
09-01 14:28:40.147 V/bt_stack( 8588): [VERBOSE1:btm_ble_gap.cc(1847)] btm_ble_process_adv_addr: bda=53:56:a8:ef:e5:80
09-01 14:28:40.148 D/BluetoothUtils( 8588): blockedByLocationOff callingUid=1002
09-01 14:28:40.148 I/BluetoothUtils( 8588): packagename is android.uid.bluetooth:1002 ,and its permission is false
09-01 14:28:40.149 D/BluetoothUtils( 8588): blockedByLocationOff callingUid=1002
09-01 14:28:40.149 I/BluetoothUtils( 8588): packagename is android.uid.bluetooth:1002 ,and its permission is false
09-01 14:28:40.149 D/BluetoothUtils( 8588): blockedByLocationOff callingUid=1002
09-01 14:28:40.149 V/bt_stack( 8588): [VERBOSE1:btm_ble_gap.cc(1923)] btm_ble_process_ext_adv_pkt: bda=17:be:83:99:5a:17
09-01 14:28:40.149 V/bt_stack( 8588): [VERBOSE1:btm_ble_gap.cc(1847)] btm_ble_process_adv_addr: bda=17:be:83:99:5a:17
09-01 14:28:40.149 I/BluetoothUtils( 8588): packagename is android.uid.bluetooth:1002 ,and its permission is false
09-01 14:28:40.151 D/BluetoothUtils( 8588): blockedByLocationOff callingUid=1002
09-01 14:28:40.151 I/BluetoothUtils( 8588): packagename is android.uid.bluetooth:1002 ,and its permission is false
09-01 14:28:40.151 D/BluetoothUtils( 8588): blockedByLocationOff callingUid=1002
09-01 14:28:40.152 I/BluetoothUtils( 8588): packagename is android.uid.bluetooth:1002 ,and its permission is false
09-01 14:28:40.152 D/BluetoothUtils( 8588): blockedByLocationOff callingUid=1002
09-01 14:28:40.152 I/BluetoothUtils( 8588): packagename is android.uid.bluetooth:1002 ,and its permission is false
09-01 14:28:40.159 V/bt_stack( 8588): [VERBOSE1:btm_ble_gap.cc(1923)] btm_ble_process_ext_adv_pkt: bda=66:3e:07:e0:2b:d4
09-01 14:28:40.159 V/bt_stack( 8588): [VERBOSE1:btm_ble_gap.cc(1847)] btm_ble_process_adv_addr: bda=66:3e:07:e0:2b:d4
09-01 14:28:40.159 V/bt_stack( 8588): [VERBOSE1:btm_ble_gap.cc(2052)]  Waiting for scan response 66:3e:07:e0:2b:d4
09-01 14:28:40.159 V/bt_stack( 8588): [VERBOSE1:btm_ble_gap.cc(1923)] btm_ble_process_ext_adv_pkt: bda=66:3e:07:e0:2b:d4
09-01 14:28:40.159 V/bt_stack( 8588): [VERBOSE1:btm_ble_gap.cc(1847)] btm_ble_process_adv_addr: bda=66:3e:07:e0:2b:d4
09-01 14:28:40.160 D/BluetoothUtils( 8588): blockedByLocationOff callingUid=1002
09-01 14:28:40.160 I/BluetoothUtils( 8588): packagename is android.uid.bluetooth:1002 ,and its permission is false
09-01 14:28:40.160 D/BluetoothUtils( 8588): blockedByLocationOff callingUid=1002
09-01 14:28:40.160 I/BluetoothUtils( 8588): packagename is android.uid.bluetooth:1002 ,and its permission is false
09-01 14:28:40.161 D/BluetoothUtils( 8588): blockedByLocationOff callingUid=1002
09-01 14:28:40.161 I/BluetoothUtils( 8588): packagename is android.uid.bluetooth:1002 ,and its permission is false
09-01 14:28:40.162 V/bt_stack( 8588): [VERBOSE1:btm_ble_gap.cc(1923)] btm_ble_process_ext_adv_pkt: bda=28:f0:76:67:1f:c7
09-01 14:28:40.162 V/bt_stack( 8588): [VERBOSE1:btm_ble_gap.cc(1847)] btm_ble_process_adv_addr: bda=28:f0:76:67:1f:c7
09-01 14:28:40.162 V/bt_stack( 8588): [VERBOSE1:btm_ble_gap.cc(2052)]  Waiting for scan response 28:f0:76:67:1f:c7
09-01 14:28:40.163 V/bt_stack( 8588): [VERBOSE1:btm_ble_gap.cc(1923)] btm_ble_process_ext_adv_pkt: bda=77:70:e9:20:dc:cd
09-01 14:28:40.163 V/bt_stack( 8588): [VERBOSE1:btm_ble_gap.cc(1847)] btm_ble_process_adv_addr: bda=77:70:e9:20:dc:cd
09-01 14:28:40.164 V/bt_stack( 8588): [VERBOSE1:btm_ble_gap.cc(1923)] btm_ble_process_ext_adv_pkt: bda=38:f9:d3:45:87:1e
09-01 14:28:40.164 V/bt_stack( 8588): [VERBOSE1:btm_ble_gap.cc(1847)] btm_ble_process_adv_addr: bda=38:f9:d3:45:87:1e
09-01 14:28:40.164 V/bt_stack( 8588): [VERBOSE1:btm_ble_gap.cc(2052)]  Waiting for scan response 38:f9:d3:45:87:1e
09-01 14:28:40.164 V/bt_stack( 8588): [VERBOSE1:btm_ble_gap.cc(1923)] btm_ble_process_ext_adv_pkt: bda=38:f9:d3:45:87:1e
09-01 14:28:40.164 V/bt_stack( 8588): [VERBOSE1:btm_ble_gap.cc(1847)] btm_ble_process_adv_addr: bda=38:f9:d3:45:87:1e
09-01 14:28:40.165 D/BluetoothUtils( 8588): blockedByLocationOff callingUid=1002
09-01 14:28:40.165 V/bt_stack( 8588): [VERBOSE1:btm_ble_gap.cc(1923)] btm_ble_process_ext_adv_pkt: bda=12:1c:38:cd:04:e8
09-01 14:28:40.166 I/BluetoothUtils( 8588): packagename is android.uid.bluetooth:1002 ,and its permission is false
09-01 14:28:40.166 V/bt_stack( 8588): [VERBOSE1:btm_ble_gap.cc(1847)] btm_ble_process_adv_addr: bda=12:1c:38:cd:04:e8
09-01 14:28:40.166 D/BluetoothUtils( 8588): blockedByLocationOff callingUid=1002
09-01 14:28:40.166 I/BluetoothUtils( 8588): packagename is android.uid.bluetooth:1002 ,and its permission is false
09-01 14:28:40.166 D/BluetoothUtils( 8588): blockedByLocationOff callingUid=1002
09-01 14:28:40.166 I/BluetoothUtils( 8588): packagename is android.uid.bluetooth:1002 ,and its permission is false
09-01 14:28:40.167 D/BluetoothUtils( 8588): blockedByLocationOff callingUid=1002
09-01 14:28:40.167 I/BluetoothUtils( 8588): packagename is android.uid.bluetooth:1002 ,and its permission is false
09-01 14:28:40.168 D/BluetoothUtils( 8588): blockedByLocationOff callingUid=1002
09-01 14:28:40.168 I/BluetoothUtils( 8588): packagename is android.uid.bluetooth:1002 ,and its permission is false
09-01 14:28:40.168 D/BluetoothUtils( 8588): blockedByLocationOff callingUid=1002
09-01 14:28:40.168 I/BluetoothUtils( 8588): packagename is android.uid.bluetooth:1002 ,and its permission is false
09-01 14:28:40.169 D/BluetoothUtils( 8588): blockedByLocationOff callingUid=1002
09-01 14:28:40.169 I/BluetoothUtils( 8588): packagename is android.uid.bluetooth:1002 ,and its permission is false
09-01 14:28:40.170 D/BluetoothUtils( 8588): blockedByLocationOff callingUid=1002
09-01 14:28:40.170 I/BluetoothUtils( 8588): packagename is android.uid.bluetooth:1002 ,and its permission is false
09-01 14:28:40.170 D/BluetoothUtils( 8588): blockedByLocationOff callingUid=1002
09-01 14:28:40.170 I/BluetoothUtils( 8588): packagename is android.uid.bluetooth:1002 ,and its permission is false
09-01 14:28:40.182 V/bt_stack( 8588): [VERBOSE1:btm_ble_gap.cc(1923)] btm_ble_process_ext_adv_pkt: bda=53:56:a8:ef:e5:80
09-01 14:28:40.182 V/bt_stack( 8588): [VERBOSE1:btm_ble_gap.cc(1847)] btm_ble_process_adv_addr: bda=53:56:a8:ef:e5:80
09-01 14:28:40.182 V/bt_stack( 8588): [VERBOSE1:btm_ble_gap.cc(2052)]  Waiting for scan response 53:56:a8:ef:e5:80
09-01 14:28:40.182 V/bt_stack( 8588): [VERBOSE1:btm_ble_gap.cc(1923)] btm_ble_process_ext_adv_pkt: bda=53:56:a8:ef:e5:80
09-01 14:28:40.182 V/bt_stack( 8588): [VERBOSE1:btm_ble_gap.cc(1847)] btm_ble_process_adv_addr: bda=53:56:a8:ef:e5:80
09-01 14:28:40.183 D/BluetoothUtils( 8588): blockedByLocationOff callingUid=1002
09-01 14:28:40.184 I/BluetoothUtils( 8588): packagename is android.uid.bluetooth:1002 ,and its permission is false
09-01 14:28:40.184 D/BluetoothUtils( 8588): blockedByLocationOff callingUid=1002
09-01 14:28:40.184 I/BluetoothUtils( 8588): packagename is android.uid.bluetooth:1002 ,and its permission is false
09-01 14:28:40.184 D/BluetoothUtils( 8588): blockedByLocationOff callingUid=1002
09-01 14:28:40.185 I/BluetoothUtils( 8588): packagename is android.uid.bluetooth:1002 ,and its permission is false
09-01 14:28:40.194 V/bt_stack( 8588): [VERBOSE1:btm_ble_gap.cc(1923)] btm_ble_process_ext_adv_pkt: bda=6a:1a:31:28:a4:f8
09-01 14:28:40.194 V/bt_stack( 8588): [VERBOSE1:btm_ble_gap.cc(1847)] btm_ble_process_adv_addr: bda=6a:1a:31:28:a4:f8
09-01 14:28:40.195 D/BluetoothUtils( 8588): blockedByLocationOff callingUid=1002
09-01 14:28:40.195 I/BluetoothUtils( 8588): packagename is android.uid.bluetooth:1002 ,and its permission is false
09-01 14:28:40.195 D/BluetoothUtils( 8588): blockedByLocationOff callingUid=1002
09-01 14:28:40.195 I/BluetoothUtils( 8588): packagename is android.uid.bluetooth:1002 ,and its permission is false
09-01 14:28:40.196 D/BluetoothUtils( 8588): blockedByLocationOff callingUid=1002
09-01 14:28:40.196 I/BluetoothUtils( 8588): packagename is android.uid.bluetooth:1002 ,and its permission is false
09-01 14:28:40.197 D/audio_hw_primary(  771): out_standby: enter: stream (0xe916a800) usecase(1: low-latency-playback)
09-01 14:28:40.199 V/bt_stack( 8588): [VERBOSE1:btm_ble_gap.cc(1923)] btm_ble_process_ext_adv_pkt: bda=19:30:6d:c4:b5:5b
09-01 14:28:40.199 V/bt_stack( 8588): [VERBOSE1:btm_ble_gap.cc(1847)] btm_ble_process_adv_addr: bda=19:30:6d:c4:b5:5b
09-01 14:28:40.200 D/BluetoothUtils( 8588): blockedByLocationOff callingUid=1002
09-01 14:28:40.200 I/BluetoothUtils( 8588): packagename is android.uid.bluetooth:1002 ,and its permission is false
09-01 14:28:40.200 D/BluetoothUtils( 8588): blockedByLocationOff callingUid=1002
09-01 14:28:40.201 I/BluetoothUtils( 8588): packagename is android.uid.bluetooth:1002 ,and its permission is false
09-01 14:28:40.201 D/BluetoothUtils( 8588): blockedByLocationOff callingUid=1002
09-01 14:28:40.201 I/BluetoothUtils( 8588): packagename is android.uid.bluetooth:1002 ,and its permission is false
09-01 14:28:40.204 V/bt_stack( 8588): [VERBOSE1:btm_ble_gap.cc(1923)] btm_ble_process_ext_adv_pkt: bda=c7:9e:cc:49:b0:5d
09-01 14:28:40.204 V/bt_stack( 8588): [VERBOSE1:btm_ble_gap.cc(1847)] btm_ble_process_adv_addr: bda=c7:9e:cc:49:b0:5d
09-01 14:28:40.204 V/bt_stack( 8588): [VERBOSE1:btm_ble_gap.cc(2052)]  Waiting for scan response c7:9e:cc:49:b0:5d
09-01 14:28:40.205 V/bt_stack( 8588): [VERBOSE1:btm_ble_gap.cc(1923)] btm_ble_process_ext_adv_pkt: bda=38:f9:d3:45:87:1e
09-01 14:28:40.205 V/bt_stack( 8588): [VERBOSE1:btm_ble_gap.cc(1847)] btm_ble_process_adv_addr: bda=38:f9:d3:45:87:1e
09-01 14:28:40.205 V/bt_stack( 8588): [VERBOSE1:btm_ble_gap.cc(2052)]  Waiting for scan response 38:f9:d3:45:87:1e
09-01 14:28:40.205 V/bt_stack( 8588): [VERBOSE1:btm_ble_gap.cc(1923)] btm_ble_process_ext_adv_pkt: bda=38:f9:d3:45:87:1e
09-01 14:28:40.205 V/bt_stack( 8588): [VERBOSE1:btm_ble_gap.cc(1847)] btm_ble_process_adv_addr: bda=38:f9:d3:45:87:1e
09-01 14:28:40.206 D/BluetoothUtils( 8588): blockedByLocationOff callingUid=1002
09-01 14:28:40.206 I/BluetoothUtils( 8588): packagename is android.uid.bluetooth:1002 ,and its permission is false
09-01 14:28:40.206 D/BluetoothUtils( 8588): blockedByLocationOff callingUid=1002
09-01 14:28:40.207 I/BluetoothUtils( 8588): packagename is android.uid.bluetooth:1002 ,and its permission is false
09-01 14:28:40.207 D/BluetoothUtils( 8588): blockedByLocationOff callingUid=1002
09-01 14:28:40.207 I/BluetoothUtils( 8588): packagename is android.uid.bluetooth:1002 ,and its permission is false
09-01 14:28:40.209 V/bt_stack( 8588): [VERBOSE1:btm_ble_gap.cc(1923)] btm_ble_process_ext_adv_pkt: bda=10:42:5e:92:d4:eb
09-01 14:28:40.209 V/bt_stack( 8588): [VERBOSE1:btm_ble_gap.cc(1847)] btm_ble_process_adv_addr: bda=10:42:5e:92:d4:eb
09-01 14:28:40.210 D/BluetoothUtils( 8588): blockedByLocationOff callingUid=1002
09-01 14:28:40.210 I/BluetoothUtils( 8588): packagename is android.uid.bluetooth:1002 ,and its permission is false
09-01 14:28:40.210 D/BluetoothUtils( 8588): blockedByLocationOff callingUid=1002
09-01 14:28:40.211 I/BluetoothUtils( 8588): packagename is android.uid.bluetooth:1002 ,and its permission is false
09-01 14:28:40.211 D/BluetoothUtils( 8588): blockedByLocationOff callingUid=1002
09-01 14:28:40.211 I/BluetoothUtils( 8588): packagename is android.uid.bluetooth:1002 ,and its permission is false
09-01 14:28:40.212 V/bt_stack( 8588): [VERBOSE1:btm_ble_gap.cc(1923)] btm_ble_process_ext_adv_pkt: bda=36:c9:49:a0:b6:9d
09-01 14:28:40.212 V/bt_stack( 8588): [VERBOSE1:btm_ble_gap.cc(1847)] btm_ble_process_adv_addr: bda=36:c9:49:a0:b6:9d
09-01 14:28:40.213 D/BluetoothUtils( 8588): blockedByLocationOff callingUid=1002
09-01 14:28:40.214 I/BluetoothUtils( 8588): packagename is android.uid.bluetooth:1002 ,and its permission is false
09-01 14:28:40.214 D/BluetoothUtils( 8588): blockedByLocationOff callingUid=1002
09-01 14:28:40.215 I/BluetoothUtils( 8588): packagename is android.uid.bluetooth:1002 ,and its permission is false
09-01 14:28:40.215 D/BluetoothUtils( 8588): blockedByLocationOff callingUid=1002
09-01 14:28:40.215 I/BluetoothUtils( 8588): packagename is android.uid.bluetooth:1002 ,and its permission is false
09-01 14:28:40.217 V/bt_stack( 8588): [VERBOSE1:btm_ble_gap.cc(1923)] btm_ble_process_ext_adv_pkt: bda=2e:17:70:f9:0b:48
09-01 14:28:40.217 V/bt_stack( 8588): [VERBOSE1:btm_ble_gap.cc(1847)] btm_ble_process_adv_addr: bda=2e:17:70:f9:0b:48
09-01 14:28:40.218 D/BluetoothUtils( 8588): blockedByLocationOff callingUid=1002
09-01 14:28:40.218 I/BluetoothUtils( 8588): packagename is android.uid.bluetooth:1002 ,and its permission is false
09-01 14:28:40.219 D/BluetoothUtils( 8588): blockedByLocationOff callingUid=1002
09-01 14:28:40.219 I/BluetoothUtils( 8588): packagename is android.uid.bluetooth:1002 ,and its permission is false
09-01 14:28:40.219 D/BluetoothUtils( 8588): blockedByLocationOff callingUid=1002
09-01 14:28:40.219 I/BluetoothUtils( 8588): packagename is android.uid.bluetooth:1002 ,and its permission is false
09-01 14:28:40.221 V/bt_stack( 8588): [VERBOSE1:btm_ble_gap.cc(1923)] btm_ble_process_ext_adv_pkt: bda=53:56:a8:ef:e5:80
09-01 14:28:40.221 V/bt_stack( 8588): [VERBOSE1:btm_ble_gap.cc(1847)] btm_ble_process_adv_addr: bda=53:56:a8:ef:e5:80
09-01 14:28:40.221 V/bt_stack( 8588): [VERBOSE1:btm_ble_gap.cc(2052)]  Waiting for scan response 53:56:a8:ef:e5:80
09-01 14:28:40.221 V/bt_stack( 8588): [VERBOSE1:btm_ble_gap.cc(1923)] btm_ble_process_ext_adv_pkt: bda=53:56:a8:ef:e5:80
09-01 14:28:40.221 V/bt_stack( 8588): [VERBOSE1:btm_ble_gap.cc(1847)] btm_ble_process_adv_addr: bda=53:56:a8:ef:e5:80
09-01 14:28:40.222 D/BluetoothUtils( 8588): blockedByLocationOff callingUid=1002
09-01 14:28:40.223 I/BluetoothUtils( 8588): packagename is android.uid.bluetooth:1002 ,and its permission is false
09-01 14:28:40.223 D/BluetoothUtils( 8588): blockedByLocationOff callingUid=1002
09-01 14:28:40.224 I/BluetoothUtils( 8588): packagename is android.uid.bluetooth:1002 ,and its permission is false
09-01 14:28:40.224 D/BluetoothUtils( 8588): blockedByLocationOff callingUid=1002
09-01 14:28:40.224 I/BluetoothUtils( 8588): packagename is android.uid.bluetooth:1002 ,and its permission is false
09-01 14:28:40.227 V/bt_stack( 8588): [VERBOSE1:btm_ble_gap.cc(1923)] btm_ble_process_ext_adv_pkt: bda=06:fa:50:9b:39:c0
09-01 14:28:40.227 V/bt_stack( 8588): [VERBOSE1:btm_ble_gap.cc(1847)] btm_ble_process_adv_addr: bda=06:fa:50:9b:39:c0
09-01 14:28:40.228 D/BluetoothUtils( 8588): blockedByLocationOff callingUid=1002
09-01 14:28:40.228 I/BluetoothUtils( 8588): packagename is android.uid.bluetooth:1002 ,and its permission is false
09-01 14:28:40.228 D/BluetoothUtils( 8588): blockedByLocationOff callingUid=1002
09-01 14:28:40.229 I/BluetoothUtils( 8588): packagename is android.uid.bluetooth:1002 ,and its permission is false
09-01 14:28:40.229 D/BluetoothUtils( 8588): blockedByLocationOff callingUid=1002
09-01 14:28:40.229 V/bt_stack( 8588): [VERBOSE1:btm_ble_gap.cc(1923)] btm_ble_process_ext_adv_pkt: bda=0a:29:89:b7:c8:4a
09-01 14:28:40.229 I/BluetoothUtils( 8588): packagename is android.uid.bluetooth:1002 ,and its permission is false
09-01 14:28:40.229 V/bt_stack( 8588): [VERBOSE1:btm_ble_gap.cc(1847)] btm_ble_process_adv_addr: bda=0a:29:89:b7:c8:4a
09-01 14:28:40.230 D/BluetoothUtils( 8588): blockedByLocationOff callingUid=1002
09-01 14:28:40.230 I/BluetoothUtils( 8588): packagename is android.uid.bluetooth:1002 ,and its permission is false
09-01 14:28:40.230 D/BluetoothUtils( 8588): blockedByLocationOff callingUid=1002
09-01 14:28:40.231 I/BluetoothUtils( 8588): packagename is android.uid.bluetooth:1002 ,and its permission is false
09-01 14:28:40.231 D/BluetoothUtils( 8588): blockedByLocationOff callingUid=1002
09-01 14:28:40.231 I/BluetoothUtils( 8588): packagename is android.uid.bluetooth:1002 ,and its permission is false
09-01 14:28:40.246 V/bt_stack( 8588): [VERBOSE1:btm_ble_gap.cc(1923)] btm_ble_process_ext_adv_pkt: bda=67:ec:83:7e:42:50
09-01 14:28:40.246 V/bt_stack( 8588): [VERBOSE1:btm_ble_gap.cc(1847)] btm_ble_process_adv_addr: bda=67:ec:83:7e:42:50
09-01 14:28:40.246 V/bt_stack( 8588): [VERBOSE1:btm_ble_gap.cc(2052)]  Waiting for scan response 67:ec:83:7e:42:50
09-01 14:28:40.247 V/bt_stack( 8588): [VERBOSE1:btm_ble_gap.cc(1923)] btm_ble_process_ext_adv_pkt: bda=63:e7:6b:57:ac:90
09-01 14:28:40.247 V/bt_stack( 8588): [VERBOSE1:btm_ble_gap.cc(1847)] btm_ble_process_adv_addr: bda=63:e7:6b:57:ac:90
09-01 14:28:40.247 V/bt_stack( 8588): [VERBOSE1:btm_ble_gap.cc(2052)]  Waiting for scan response 63:e7:6b:57:ac:90
09-01 14:28:40.247 V/bt_stack( 8588): [VERBOSE1:btm_ble_gap.cc(1923)] btm_ble_process_ext_adv_pkt: bda=63:e7:6b:57:ac:90
09-01 14:28:40.247 V/bt_stack( 8588): [VERBOSE1:btm_ble_gap.cc(1847)] btm_ble_process_adv_addr: bda=63:e7:6b:57:ac:90
09-01 14:28:40.248 D/BluetoothUtils( 8588): blockedByLocationOff callingUid=1002
09-01 14:28:40.249 I/BluetoothUtils( 8588): packagename is android.uid.bluetooth:1002 ,and its permission is false
09-01 14:28:40.249 D/BluetoothUtils( 8588): blockedByLocationOff callingUid=1002
09-01 14:28:40.249 I/BluetoothUtils( 8588): packagename is android.uid.bluetooth:1002 ,and its permission is false
09-01 14:28:40.249 D/BluetoothUtils( 8588): blockedByLocationOff callingUid=1002
09-01 14:28:40.249 I/BluetoothUtils( 8588): packagename is android.uid.bluetooth:1002 ,and its permission is false
09-01 14:28:40.251 V/bt_stack( 8588): [VERBOSE1:btm_ble_gap.cc(1923)] btm_ble_process_ext_adv_pkt: bda=45:55:7e:66:6f:d0
09-01 14:28:40.251 V/bt_stack( 8588): [VERBOSE1:btm_ble_gap.cc(1847)] btm_ble_process_adv_addr: bda=45:55:7e:66:6f:d0
09-01 14:28:40.251 V/bt_stack( 8588): [VERBOSE1:btm_ble_gap.cc(2052)]  Waiting for scan response 45:55:7e:66:6f:d0
09-01 14:28:40.251 V/bt_stack( 8588): [VERBOSE1:btm_ble_gap.cc(1923)] btm_ble_process_ext_adv_pkt: bda=45:55:7e:66:6f:d0
09-01 14:28:40.251 V/bt_stack( 8588): [VERBOSE1:btm_ble_gap.cc(1847)] btm_ble_process_adv_addr: bda=45:55:7e:66:6f:d0
09-01 14:28:40.252 D/BluetoothUtils( 8588): blockedByLocationOff callingUid=1002
09-01 14:28:40.252 I/BluetoothUtils( 8588): packagename is android.uid.bluetooth:1002 ,and its permission is false
09-01 14:28:40.253 D/BluetoothUtils( 8588): blockedByLocationOff callingUid=1002
09-01 14:28:40.253 I/BluetoothUtils( 8588): packagename is android.uid.bluetooth:1002 ,and its permission is false
09-01 14:28:40.253 D/BluetoothUtils( 8588): blockedByLocationOff callingUid=1002
09-01 14:28:40.253 I/BluetoothUtils( 8588): packagename is android.uid.bluetooth:1002 ,and its permission is false
09-01 14:28:40.253 V/bt_stack( 8588): [VERBOSE1:btm_ble_gap.cc(1923)] btm_ble_process_ext_adv_pkt: bda=53:56:a8:ef:e5:80
09-01 14:28:40.253 V/bt_stack( 8588): [VERBOSE1:btm_ble_gap.cc(1847)] btm_ble_process_adv_addr: bda=53:56:a8:ef:e5:80
09-01 14:28:40.253 V/bt_stack( 8588): [VERBOSE1:btm_ble_gap.cc(2052)]  Waiting for scan response 53:56:a8:ef:e5:80
09-01 14:28:40.254 V/bt_stack( 8588): [VERBOSE1:btm_ble_gap.cc(1923)] btm_ble_process_ext_adv_pkt: bda=53:56:a8:ef:e5:80
09-01 14:28:40.254 V/bt_stack( 8588): [VERBOSE1:btm_ble_gap.cc(1847)] btm_ble_process_adv_addr: bda=53:56:a8:ef:e5:80
09-01 14:28:40.255 D/BluetoothUtils( 8588): blockedByLocationOff callingUid=1002
09-01 14:28:40.256 I/BluetoothUtils( 8588): packagename is android.uid.bluetooth:1002 ,and its permission is false
09-01 14:28:40.256 D/BluetoothUtils( 8588): blockedByLocationOff callingUid=1002
09-01 14:28:40.256 I/BluetoothUtils( 8588): packagename is android.uid.bluetooth:1002 ,and its permission is false
09-01 14:28:40.256 D/BluetoothUtils( 8588): blockedByLocationOff callingUid=1002
09-01 14:28:40.257 I/BluetoothUtils( 8588): packagename is android.uid.bluetooth:1002 ,and its permission is false
09-01 14:28:40.265 V/bt_stack( 8588): [VERBOSE1:btm_ble_gap.cc(1923)] btm_ble_process_ext_adv_pkt: bda=07:5a:b0:04:f2:ba
09-01 14:28:40.265 V/bt_stack( 8588): [VERBOSE1:btm_ble_gap.cc(1847)] btm_ble_process_adv_addr: bda=07:5a:b0:04:f2:ba
09-01 14:28:40.266 V/bt_stack( 8588): [VERBOSE1:btm_ble_gap.cc(1923)] btm_ble_process_ext_adv_pkt: bda=77:70:e9:20:dc:cd
09-01 14:28:40.266 V/bt_stack( 8588): [VERBOSE1:btm_ble_gap.cc(1847)] btm_ble_process_adv_addr: bda=77:70:e9:20:dc:cd
09-01 14:28:40.267 V/bt_stack( 8588): [VERBOSE1:btm_ble_gap.cc(1923)] btm_ble_process_ext_adv_pkt: bda=12:1c:38:cd:04:e8
09-01 14:28:40.267 V/bt_stack( 8588): [VERBOSE1:btm_ble_gap.cc(1847)] btm_ble_process_adv_addr: bda=12:1c:38:cd:04:e8
09-01 14:28:40.267 D/BluetoothUtils( 8588): blockedByLocationOff callingUid=1002
09-01 14:28:40.268 I/BluetoothUtils( 8588): packagename is android.uid.bluetooth:1002 ,and its permission is false
09-01 14:28:40.268 D/BluetoothUtils( 8588): blockedByLocationOff callingUid=1002
09-01 14:28:40.268 I/BluetoothUtils( 8588): packagename is android.uid.bluetooth:1002 ,and its permission is false
09-01 14:28:40.268 D/BluetoothUtils( 8588): blockedByLocationOff callingUid=1002
09-01 14:28:40.268 I/BluetoothUtils( 8588): packagename is android.uid.bluetooth:1002 ,and its permission is false
09-01 14:28:40.269 D/BluetoothUtils( 8588): blockedByLocationOff callingUid=1002
09-01 14:28:40.270 I/BluetoothUtils( 8588): packagename is android.uid.bluetooth:1002 ,and its permission is false
09-01 14:28:40.270 D/BluetoothUtils( 8588): blockedByLocationOff callingUid=1002
09-01 14:28:40.270 I/BluetoothUtils( 8588): packagename is android.uid.bluetooth:1002 ,and its permission is false
09-01 14:28:40.270 D/BluetoothUtils( 8588): blockedByLocationOff callingUid=1002
09-01 14:28:40.270 I/BluetoothUtils( 8588): packagename is android.uid.bluetooth:1002 ,and its permission is false
09-01 14:28:40.271 V/bt_stack( 8588): [VERBOSE1:btm_ble_gap.cc(1923)] btm_ble_process_ext_adv_pkt: bda=38:f9:d3:45:87:1e
09-01 14:28:40.271 V/bt_stack( 8588): [VERBOSE1:btm_ble_gap.cc(1847)] btm_ble_process_adv_addr: bda=38:f9:d3:45:87:1e
09-01 14:28:40.271 V/bt_stack( 8588): [VERBOSE1:btm_ble_gap.cc(2052)]  Waiting for scan response 38:f9:d3:45:87:1e
09-01 14:28:40.271 V/bt_stack( 8588): [VERBOSE1:btm_ble_gap.cc(1923)] btm_ble_process_ext_adv_pkt: bda=38:f9:d3:45:87:1e
09-01 14:28:40.271 V/bt_stack( 8588): [VERBOSE1:btm_ble_gap.cc(1847)] btm_ble_process_adv_addr: bda=38:f9:d3:45:87:1e
09-01 14:28:40.271 D/BluetoothUtils( 8588): blockedByLocationOff callingUid=1002
09-01 14:28:40.271 I/BluetoothUtils( 8588): packagename is android.uid.bluetooth:1002 ,and its permission is false
09-01 14:28:40.271 D/BluetoothUtils( 8588): blockedByLocationOff callingUid=1002
09-01 14:28:40.272 I/BluetoothUtils( 8588): packagename is android.uid.bluetooth:1002 ,and its permission is false
09-01 14:28:40.272 D/BluetoothUtils( 8588): blockedByLocationOff callingUid=1002
09-01 14:28:40.272 I/BluetoothUtils( 8588): packagename is android.uid.bluetooth:1002 ,and its permission is false
09-01 14:28:40.273 D/BluetoothUtils( 8588): blockedByLocationOff callingUid=1002
09-01 14:28:40.273 I/BluetoothUtils( 8588): packagename is android.uid.bluetooth:1002 ,and its permission is false
09-01 14:28:40.273 D/BluetoothUtils( 8588): blockedByLocationOff callingUid=1002
09-01 14:28:40.273 I/BluetoothUtils( 8588): packagename is android.uid.bluetooth:1002 ,and its permission is false
09-01 14:28:40.273 D/BluetoothUtils( 8588): blockedByLocationOff callingUid=1002
09-01 14:28:40.274 I/BluetoothUtils( 8588): packagename is android.uid.bluetooth:1002 ,and its permission is false
09-01 14:28:40.281 D/audio_hw_primary(  771): stop_output_stream: enter: usecase(1: low-latency-playback)
09-01 14:28:40.281 D/audio_hw_primary(  771): disable_audio_route: reset and update mixer path: low-latency-playback speaker
09-01 14:28:40.281 V/audio_route(  771): Reset path: low-latency-playback speaker
09-01 14:28:40.281 D/audio_route(  771): audio_route_reset_and_update_path name low-latency-playback speaker
09-01 14:28:40.283 E/soundtrigger(  771): audio_extn_sound_trigger_update_stream_status: invalid input device 0x0, for event 2
09-01 14:28:40.283 D/soundtrigger(  771): audio_extn_sound_trigger_update_stream_status: uc_info->id 1 of type 0 for Event 2, with Raise=0
09-01 14:28:40.283 D/msm8974_platform(  771): platform_split_snd_device: snd_device(2) num devices(0) new_snd_devices(0)
09-01 14:28:40.283 I/msm8974_platform(  771): platform_get_custom_mtmx_params: no matching param with id 0 ip_ch 2 op_ch 2 uc_id 1 snd_dev 2
09-01 14:28:40.283 D/hardware_info(  771): hw_info_append_hw_type : device_name = speaker
09-01 14:28:40.283 D/audio_hw_primary(  771): disable_snd_device: snd_device(2: speaker)
09-01 14:28:40.283 D/msm8974_platform(  771): platform_split_snd_device: snd_device(2) num devices(0) new_snd_devices(40)
09-01 14:28:40.292 V/bt_stack( 8588): [VERBOSE1:btm_ble_gap.cc(1923)] btm_ble_process_ext_adv_pkt: bda=53:56:a8:ef:e5:80
09-01 14:28:40.292 V/bt_stack( 8588): [VERBOSE1:btm_ble_gap.cc(1847)] btm_ble_process_adv_addr: bda=53:56:a8:ef:e5:80
09-01 14:28:40.292 V/bt_stack( 8588): [VERBOSE1:btm_ble_gap.cc(2052)]  Waiting for scan response 53:56:a8:ef:e5:80
09-01 14:28:40.292 V/bt_stack( 8588): [VERBOSE1:btm_ble_gap.cc(1923)] btm_ble_process_ext_adv_pkt: bda=53:56:a8:ef:e5:80
09-01 14:28:40.292 V/bt_stack( 8588): [VERBOSE1:btm_ble_gap.cc(1847)] btm_ble_process_adv_addr: bda=53:56:a8:ef:e5:80
09-01 14:28:40.292 D/hardware_info(  771): hw_info_append_hw_type : device_name = vi-feedback
09-01 14:28:40.292 D/audio_hw_primary(  771): disable_snd_device: snd_device(199: vi-feedback)
09-01 14:28:40.292 D/msm8974_platform(  771): platform_split_snd_device: snd_device(199) num devices(0) new_snd_devices(0)
09-01 14:28:40.293 V/audio_route(  771): Reset path: vi-feedback
09-01 14:28:40.293 D/audio_route(  771): audio_route_reset_and_update_path name vi-feedback
09-01 14:28:40.293 D/BluetoothUtils( 8588): blockedByLocationOff callingUid=1002
09-01 14:28:40.293 I/BluetoothUtils( 8588): packagename is android.uid.bluetooth:1002 ,and its permission is false
09-01 14:28:40.293 D/BluetoothUtils( 8588): blockedByLocationOff callingUid=1002
09-01 14:28:40.294 I/soundtrigger(  771): audio_extn_sound_trigger_update_device_status: device 0xc7 of type 1 for Event 0, with Raise=0
09-01 14:28:40.294 D/audio_hw_primary(  771): disable_audio_route: reset and update mixer path: spkr-vi-record
09-01 14:28:40.294 I/BluetoothUtils( 8588): packagename is android.uid.bluetooth:1002 ,and its permission is false
09-01 14:28:40.294 V/audio_route(  771): Reset path: spkr-vi-record
09-01 14:28:40.294 D/audio_route(  771): audio_route_reset_and_update_path name spkr-vi-record
09-01 14:28:40.294 D/BluetoothUtils( 8588): blockedByLocationOff callingUid=1002
09-01 14:28:40.294 I/BluetoothUtils( 8588): packagename is android.uid.bluetooth:1002 ,and its permission is false
09-01 14:28:40.296 V/bt_stack( 8588): [VERBOSE1:btm_ble_gap.cc(1923)] btm_ble_process_ext_adv_pkt: bda=2a:99:8c:12:d1:b1
09-01 14:28:40.296 V/bt_stack( 8588): [VERBOSE1:btm_ble_gap.cc(1847)] btm_ble_process_adv_addr: bda=2a:99:8c:12:d1:b1
09-01 14:28:40.296 D/soundtrigger(  771): audio_extn_sound_trigger_update_stream_status: uc_info->id 50 of type 1 for Event 2, with Raise=1
09-01 14:28:40.296 D/soundtrigger(  771):  audio_extn_sound_trigger_update_stream_status ignore stream event for devcie 199
09-01 14:28:40.296 V/audio_route(  771): Reset path: speaker
09-01 14:28:40.296 D/audio_route(  771): audio_route_reset_and_update_path name speaker
09-01 14:28:40.296 D/BluetoothUtils( 8588): blockedByLocationOff callingUid=1002
09-01 14:28:40.297 I/soundtrigger(  771): audio_extn_sound_trigger_update_device_status: device 0x2 of type 0 for Event 0, with Raise=0
09-01 14:28:40.297 D/audio_hw_primary(  771): stop_output_stream: exit: status(0)
09-01 14:28:40.297 D/audio_hw_primary(  771): out_standby: exit
09-01 14:28:40.297 I/BluetoothUtils( 8588): packagename is android.uid.bluetooth:1002 ,and its permission is false
09-01 14:28:40.297 D/BluetoothUtils( 8588): blockedByLocationOff callingUid=1002
09-01 14:28:40.297 I/BluetoothUtils( 8588): packagename is android.uid.bluetooth:1002 ,and its permission is false
09-01 14:28:40.297 D/BluetoothUtils( 8588): blockedByLocationOff callingUid=1002
09-01 14:28:40.297 I/BluetoothUtils( 8588): packagename is android.uid.bluetooth:1002 ,and its permission is false
09-01 14:28:40.298 V/EffectMiSound(  771): MiSound_command() start, cmdCode=22
09-01 14:28:40.298 V/EffectMiSound(  771): MiSound_Command EFFECT_CMD_SET_AUDIO_STANDBY, current mode = 0
09-01 14:28:40.300 V/bt_stack( 8588): [VERBOSE1:btm_ble_gap.cc(1923)] btm_ble_process_ext_adv_pkt: bda=6a:1a:31:28:a4:f8
09-01 14:28:40.300 V/bt_stack( 8588): [VERBOSE1:btm_ble_gap.cc(1847)] btm_ble_process_adv_addr: bda=6a:1a:31:28:a4:f8
09-01 14:28:40.301 D/BluetoothUtils( 8588): blockedByLocationOff callingUid=1002
09-01 14:28:40.302 I/BluetoothUtils( 8588): packagename is android.uid.bluetooth:1002 ,and its permission is false
09-01 14:28:40.302 D/BluetoothUtils( 8588): blockedByLocationOff callingUid=1002
09-01 14:28:40.302 V/bt_stack( 8588): [VERBOSE1:btm_ble_gap.cc(1923)] btm_ble_process_ext_adv_pkt: bda=24:65:c8:81:ba:6f
09-01 14:28:40.302 V/bt_stack( 8588): [VERBOSE1:btm_ble_gap.cc(1847)] btm_ble_process_adv_addr: bda=24:65:c8:81:ba:6f
09-01 14:28:40.302 I/BluetoothUtils( 8588): packagename is android.uid.bluetooth:1002 ,and its permission is false
09-01 14:28:40.302 D/BluetoothUtils( 8588): blockedByLocationOff callingUid=1002
09-01 14:28:40.302 I/BluetoothUtils( 8588): packagename is android.uid.bluetooth:1002 ,and its permission is false
09-01 14:28:40.303 D/BluetoothUtils( 8588): blockedByLocationOff callingUid=1002
09-01 14:28:40.304 I/BluetoothUtils( 8588): packagename is android.uid.bluetooth:1002 ,and its permission is false
09-01 14:28:40.304 D/BluetoothUtils( 8588): blockedByLocationOff callingUid=1002
09-01 14:28:40.306 I/BluetoothUtils( 8588): packagename is android.uid.bluetooth:1002 ,and its permission is false
09-01 14:28:40.306 D/BluetoothUtils( 8588): blockedByLocationOff callingUid=1002
09-01 14:28:40.306 I/BluetoothUtils( 8588): packagename is android.uid.bluetooth:1002 ,and its permission is false
09-01 14:28:40.308 V/bt_stack( 8588): [VERBOSE1:btm_ble_gap.cc(1923)] btm_ble_process_ext_adv_pkt: bda=0c:1a:06:0e:96:57
09-01 14:28:40.308 V/bt_stack( 8588): [VERBOSE1:btm_ble_gap.cc(1847)] btm_ble_process_adv_addr: bda=0c:1a:06:0e:96:57
09-01 14:28:40.310 D/BluetoothUtils( 8588): blockedByLocationOff callingUid=1002
09-01 14:28:40.310 I/BluetoothUtils( 8588): packagename is android.uid.bluetooth:1002 ,and its permission is false
09-01 14:28:40.310 D/BluetoothUtils( 8588): blockedByLocationOff callingUid=1002
09-01 14:28:40.311 I/BluetoothUtils( 8588): packagename is android.uid.bluetooth:1002 ,and its permission is false
09-01 14:28:40.311 D/BluetoothUtils( 8588): blockedByLocationOff callingUid=1002
09-01 14:28:40.311 I/BluetoothUtils( 8588): packagename is android.uid.bluetooth:1002 ,and its permission is false
09-01 14:28:40.318 V/bt_stack( 8588): [VERBOSE1:btm_ble_gap.cc(1923)] btm_ble_process_ext_adv_pkt: bda=36:c9:49:a0:b6:9d
09-01 14:28:40.318 V/bt_stack( 8588): [VERBOSE1:btm_ble_gap.cc(1847)] btm_ble_process_adv_addr: bda=36:c9:49:a0:b6:9d
09-01 14:28:40.319 D/BluetoothUtils( 8588): blockedByLocationOff callingUid=1002
09-01 14:28:40.320 I/BluetoothUtils( 8588): packagename is android.uid.bluetooth:1002 ,and its permission is false
09-01 14:28:40.320 D/BluetoothUtils( 8588): blockedByLocationOff callingUid=1002
09-01 14:28:40.320 I/BluetoothUtils( 8588): packagename is android.uid.bluetooth:1002 ,and its permission is false
09-01 14:28:40.320 D/BluetoothUtils( 8588): blockedByLocationOff callingUid=1002
09-01 14:28:40.320 I/BluetoothUtils( 8588): packagename is android.uid.bluetooth:1002 ,and its permission is false
09-01 14:28:40.325 V/bt_stack( 8588): [VERBOSE1:btm_ble_gap.cc(1923)] btm_ble_process_ext_adv_pkt: bda=2e:17:70:f9:0b:48
09-01 14:28:40.325 V/bt_stack( 8588): [VERBOSE1:btm_ble_gap.cc(1847)] btm_ble_process_adv_addr: bda=2e:17:70:f9:0b:48
09-01 14:28:40.326 D/BluetoothUtils( 8588): blockedByLocationOff callingUid=1002
09-01 14:28:40.327 I/BluetoothUtils( 8588): packagename is android.uid.bluetooth:1002 ,and its permission is false
09-01 14:28:40.327 D/BluetoothUtils( 8588): blockedByLocationOff callingUid=1002
09-01 14:28:40.328 I/BluetoothUtils( 8588): packagename is android.uid.bluetooth:1002 ,and its permission is false
09-01 14:28:40.328 D/BluetoothUtils( 8588): blockedByLocationOff callingUid=1002
09-01 14:28:40.328 I/BluetoothUtils( 8588): packagename is android.uid.bluetooth:1002 ,and its permission is false
09-01 14:28:40.330 V/bt_stack( 8588): [VERBOSE1:btm_ble_gap.cc(1923)] btm_ble_process_ext_adv_pkt: bda=0a:29:89:b7:c8:4a
09-01 14:28:40.330 V/bt_stack( 8588): [VERBOSE1:btm_ble_gap.cc(1847)] btm_ble_process_adv_addr: bda=0a:29:89:b7:c8:4a
09-01 14:28:40.331 D/BluetoothUtils( 8588): blockedByLocationOff callingUid=1002
09-01 14:28:40.331 I/BluetoothUtils( 8588): packagename is android.uid.bluetooth:1002 ,and its permission is false
09-01 14:28:40.331 D/BluetoothUtils( 8588): blockedByLocationOff callingUid=1002
09-01 14:28:40.332 I/BluetoothUtils( 8588): packagename is android.uid.bluetooth:1002 ,and its permission is false
09-01 14:28:40.332 D/BluetoothUtils( 8588): blockedByLocationOff callingUid=1002
09-01 14:28:40.332 I/BluetoothUtils( 8588): packagename is android.uid.bluetooth:1002 ,and its permission is false
09-01 14:28:40.333 V/bt_stack( 8588): [VERBOSE1:btm_ble_gap.cc(1923)] btm_ble_process_ext_adv_pkt: bda=38:f9:d3:45:87:1e
09-01 14:28:40.333 V/bt_stack( 8588): [VERBOSE1:btm_ble_gap.cc(1847)] btm_ble_process_adv_addr: bda=38:f9:d3:45:87:1e
09-01 14:28:40.333 V/bt_stack( 8588): [VERBOSE1:btm_ble_gap.cc(2052)]  Waiting for scan response 38:f9:d3:45:87:1e
09-01 14:28:40.333 V/bt_stack( 8588): [VERBOSE1:btm_ble_gap.cc(1923)] btm_ble_process_ext_adv_pkt: bda=38:f9:d3:45:87:1e
09-01 14:28:40.333 V/bt_stack( 8588): [VERBOSE1:btm_ble_gap.cc(1847)] btm_ble_process_adv_addr: bda=38:f9:d3:45:87:1e
09-01 14:28:40.334 D/BluetoothUtils( 8588): blockedByLocationOff callingUid=1002
09-01 14:28:40.335 I/BluetoothUtils( 8588): packagename is android.uid.bluetooth:1002 ,and its permission is false
09-01 14:28:40.335 D/BluetoothUtils( 8588): blockedByLocationOff callingUid=1002
09-01 14:28:40.335 I/BluetoothUtils( 8588): packagename is android.uid.bluetooth:1002 ,and its permission is false
09-01 14:28:40.335 D/BluetoothUtils( 8588): blockedByLocationOff callingUid=1002
09-01 14:28:40.335 I/BluetoothUtils( 8588): packagename is android.uid.bluetooth:1002 ,and its permission is false
09-01 14:28:40.336 V/bt_stack( 8588): [VERBOSE1:btm_ble_gap.cc(1923)] btm_ble_process_ext_adv_pkt: bda=06:fa:50:9b:39:c0
09-01 14:28:40.336 V/bt_stack( 8588): [VERBOSE1:btm_ble_gap.cc(1847)] btm_ble_process_adv_addr: bda=06:fa:50:9b:39:c0
09-01 14:28:40.337 D/BluetoothUtils( 8588): blockedByLocationOff callingUid=1002
09-01 14:28:40.337 I/BluetoothUtils( 8588): packagename is android.uid.bluetooth:1002 ,and its permission is false
09-01 14:28:40.338 D/BluetoothUtils( 8588): blockedByLocationOff callingUid=1002
09-01 14:28:40.338 I/BluetoothUtils( 8588): packagename is android.uid.bluetooth:1002 ,and its permission is false
09-01 14:28:40.338 D/BluetoothUtils( 8588): blockedByLocationOff callingUid=1002
09-01 14:28:40.338 I/BluetoothUtils( 8588): packagename is android.uid.bluetooth:1002 ,and its permission is false
09-01 14:28:40.343 V/bt_stack( 8588): [VERBOSE1:btm_ble_gap.cc(1923)] btm_ble_process_ext_adv_pkt: bda=66:3e:07:e0:2b:d4
09-01 14:28:40.343 V/bt_stack( 8588): [VERBOSE1:btm_ble_gap.cc(1847)] btm_ble_process_adv_addr: bda=66:3e:07:e0:2b:d4
09-01 14:28:40.343 V/bt_stack( 8588): [VERBOSE1:btm_ble_gap.cc(2052)]  Waiting for scan response 66:3e:07:e0:2b:d4
09-01 14:28:40.343 V/bt_stack( 8588): [VERBOSE1:btm_ble_gap.cc(1923)] btm_ble_process_ext_adv_pkt: bda=66:3e:07:e0:2b:d4
09-01 14:28:40.343 V/bt_stack( 8588): [VERBOSE1:btm_ble_gap.cc(1847)] btm_ble_process_adv_addr: bda=66:3e:07:e0:2b:d4
09-01 14:28:40.343 D/BluetoothUtils( 8588): blockedByLocationOff callingUid=1002
09-01 14:28:40.344 I/BluetoothUtils( 8588): packagename is android.uid.bluetooth:1002 ,and its permission is false
09-01 14:28:40.344 D/BluetoothUtils( 8588): blockedByLocationOff callingUid=1002
09-01 14:28:40.344 I/BluetoothUtils( 8588): packagename is android.uid.bluetooth:1002 ,and its permission is false
09-01 14:28:40.344 D/BluetoothUtils( 8588): blockedByLocationOff callingUid=1002
09-01 14:28:40.345 I/BluetoothUtils( 8588): packagename is android.uid.bluetooth:1002 ,and its permission is false
09-01 14:28:40.356 V/bt_stack( 8588): [VERBOSE1:btm_ble_gap.cc(1923)] btm_ble_process_ext_adv_pkt: bda=17:be:83:99:5a:17
09-01 14:28:40.356 V/bt_stack( 8588): [VERBOSE1:btm_ble_gap.cc(1847)] btm_ble_process_adv_addr: bda=17:be:83:99:5a:17
09-01 14:28:40.358 D/BluetoothUtils( 8588): blockedByLocationOff callingUid=1002
09-01 14:28:40.358 I/BluetoothUtils( 8588): packagename is android.uid.bluetooth:1002 ,and its permission is false
09-01 14:28:40.358 D/BluetoothUtils( 8588): blockedByLocationOff callingUid=1002
09-01 14:28:40.359 I/BluetoothUtils( 8588): packagename is android.uid.bluetooth:1002 ,and its permission is false
09-01 14:28:40.359 D/BluetoothUtils( 8588): blockedByLocationOff callingUid=1002
09-01 14:28:40.359 I/BluetoothUtils( 8588): packagename is android.uid.bluetooth:1002 ,and its permission is false
09-01 14:28:40.371 V/bt_stack( 8588): [VERBOSE1:btm_ble_gap.cc(1923)] btm_ble_process_ext_adv_pkt: bda=38:f9:d3:45:87:1e
09-01 14:28:40.371 V/bt_stack( 8588): [VERBOSE1:btm_ble_gap.cc(1847)] btm_ble_process_adv_addr: bda=38:f9:d3:45:87:1e
09-01 14:28:40.371 V/bt_stack( 8588): [VERBOSE1:btm_ble_gap.cc(2052)]  Waiting for scan response 38:f9:d3:45:87:1e
09-01 14:28:40.371 V/bt_stack( 8588): [VERBOSE1:btm_ble_gap.cc(1923)] btm_ble_process_ext_adv_pkt: bda=77:70:e9:20:dc:cd
09-01 14:28:40.371 V/bt_stack( 8588): [VERBOSE1:btm_ble_gap.cc(1847)] btm_ble_process_adv_addr: bda=77:70:e9:20:dc:cd
09-01 14:28:40.372 V/bt_stack( 8588): [VERBOSE1:btm_ble_gap.cc(1923)] btm_ble_process_ext_adv_pkt: bda=0a:6a:51:cc:b0:74
09-01 14:28:40.372 V/bt_stack( 8588): [VERBOSE1:btm_ble_gap.cc(1847)] btm_ble_process_adv_addr: bda=0a:6a:51:cc:b0:74
09-01 14:28:40.372 D/BluetoothUtils( 8588): blockedByLocationOff callingUid=1002
09-01 14:28:40.373 I/BluetoothUtils( 8588): packagename is android.uid.bluetooth:1002 ,and its permission is false
09-01 14:28:40.373 D/BluetoothUtils( 8588): blockedByLocationOff callingUid=1002
