09-01 14:28:42.995 V/bt_stack( 8588): [VERBOSE1:btm_ble_gap.cc(1847)] btm_ble_process_adv_addr: bda=2c:e0:b3:78:83:e3
09-01 14:28:42.996 D/BluetoothUtils( 8588): blockedByLocationOff callingUid=1002
09-01 14:28:42.996 I/BluetoothUtils( 8588): packagename is android.uid.bluetooth:1002 ,and its permission is false
09-01 14:28:42.996 D/BluetoothUtils( 8588): blockedByLocationOff callingUid=1002
09-01 14:28:42.996 I/BluetoothUtils( 8588): packagename is android.uid.bluetooth:1002 ,and its permission is false
09-01 14:28:42.997 D/BluetoothUtils( 8588): blockedByLocationOff callingUid=1002
09-01 14:28:42.997 I/BluetoothUtils( 8588): packagename is android.uid.bluetooth:1002 ,and its permission is false
09-01 14:28:43.003 V/bt_stack( 8588): [VERBOSE1:btm_ble_gap.cc(1923)] btm_ble_process_ext_adv_pkt: bda=d3:e3:41:80:f1:8d
09-01 14:28:43.003 V/bt_stack( 8588): [VERBOSE1:btm_ble_gap.cc(1847)] btm_ble_process_adv_addr: bda=d3:e3:41:80:f1:8d
09-01 14:28:43.003 V/bt_stack( 8588): [VERBOSE1:btm_ble_gap.cc(2052)]  Waiting for scan response d3:e3:41:80:f1:8d
09-01 14:28:43.003 V/bt_stack( 8588): [VERBOSE1:btm_ble_gap.cc(1923)] btm_ble_process_ext_adv_pkt: bda=d3:e3:41:80:f1:8d
09-01 14:28:43.003 V/bt_stack( 8588): [VERBOSE1:btm_ble_gap.cc(1847)] btm_ble_process_adv_addr: bda=d3:e3:41:80:f1:8d
09-01 14:28:43.004 D/BluetoothUtils( 8588): blockedByLocationOff callingUid=1002
09-01 14:28:43.005 I/BluetoothUtils( 8588): packagename is android.uid.bluetooth:1002 ,and its permission is false
09-01 14:28:43.005 D/BluetoothUtils( 8588): blockedByLocationOff callingUid=1002
09-01 14:28:43.005 I/BluetoothUtils( 8588): packagename is android.uid.bluetooth:1002 ,and its permission is false
09-01 14:28:43.005 D/BluetoothUtils( 8588): blockedByLocationOff callingUid=1002
09-01 14:28:43.005 I/BluetoothUtils( 8588): packagename is android.uid.bluetooth:1002 ,and its permission is false
09-01 14:28:43.028 V/bt_stack( 8588): [VERBOSE1:btm_ble_gap.cc(1923)] btm_ble_process_ext_adv_pkt: bda=10:42:5e:92:d4:eb
09-01 14:28:43.029 V/bt_stack( 8588): [VERBOSE1:btm_ble_gap.cc(1847)] btm_ble_process_adv_addr: bda=10:42:5e:92:d4:eb
09-01 14:28:43.030 D/BluetoothUtils( 8588): blockedByLocationOff callingUid=1002
09-01 14:28:43.030 I/BluetoothUtils( 8588): packagename is android.uid.bluetooth:1002 ,and its permission is false
09-01 14:28:43.031 D/BluetoothUtils( 8588): blockedByLocationOff callingUid=1002
09-01 14:28:43.031 I/BluetoothUtils( 8588): packagename is android.uid.bluetooth:1002 ,and its permission is false
09-01 14:28:43.031 D/BluetoothUtils( 8588): blockedByLocationOff callingUid=1002
09-01 14:28:43.031 I/BluetoothUtils( 8588): packagename is android.uid.bluetooth:1002 ,and its permission is false
09-01 14:28:43.033 V/bt_stack( 8588): [VERBOSE1:btm_ble_gap.cc(1923)] btm_ble_process_ext_adv_pkt: bda=5d:4a:e1:72:21:47
09-01 14:28:43.034 V/bt_stack( 8588): [VERBOSE1:btm_ble_gap.cc(1847)] btm_ble_process_adv_addr: bda=5d:4a:e1:72:21:47
09-01 14:28:43.034 V/bt_stack( 8588): [VERBOSE1:btm_ble_gap.cc(2052)]  Waiting for scan response 5d:4a:e1:72:21:47
09-01 14:28:43.034 V/bt_stack( 8588): [VERBOSE1:btm_ble_gap.cc(1923)] btm_ble_process_ext_adv_pkt: bda=5d:4a:e1:72:21:47
09-01 14:28:43.034 V/bt_stack( 8588): [VERBOSE1:btm_ble_gap.cc(1847)] btm_ble_process_adv_addr: bda=5d:4a:e1:72:21:47
09-01 14:28:43.035 D/BluetoothUtils( 8588): blockedByLocationOff callingUid=1002
09-01 14:28:43.035 I/BluetoothUtils( 8588): packagename is android.uid.bluetooth:1002 ,and its permission is false
09-01 14:28:43.035 D/BluetoothUtils( 8588): blockedByLocationOff callingUid=1002
09-01 14:28:43.035 I/BluetoothUtils( 8588): packagename is android.uid.bluetooth:1002 ,and its permission is false
09-01 14:28:43.035 D/BluetoothUtils( 8588): blockedByLocationOff callingUid=1002
09-01 14:28:43.036 I/BluetoothUtils( 8588): packagename is android.uid.bluetooth:1002 ,and its permission is false
09-01 14:28:43.036 V/bt_stack( 8588): [VERBOSE1:btm_ble_gap.cc(1923)] btm_ble_process_ext_adv_pkt: bda=6a:1a:31:28:a4:f8
09-01 14:28:43.036 V/bt_stack( 8588): [VERBOSE1:btm_ble_gap.cc(1847)] btm_ble_process_adv_addr: bda=6a:1a:31:28:a4:f8
09-01 14:28:43.038 D/BluetoothUtils( 8588): blockedByLocationOff callingUid=1002
09-01 14:28:43.038 I/BluetoothUtils( 8588): packagename is android.uid.bluetooth:1002 ,and its permission is false
09-01 14:28:43.038 D/BluetoothUtils( 8588): blockedByLocationOff callingUid=1002
09-01 14:28:43.038 I/BluetoothUtils( 8588): packagename is android.uid.bluetooth:1002 ,and its permission is false
09-01 14:28:43.038 D/BluetoothUtils( 8588): blockedByLocationOff callingUid=1002
09-01 14:28:43.039 I/BluetoothUtils( 8588): packagename is android.uid.bluetooth:1002 ,and its permission is false
09-01 14:28:43.047 V/bt_stack( 8588): [VERBOSE1:btm_ble_gap.cc(1923)] btm_ble_process_ext_adv_pkt: bda=47:57:52:a2:af:3a
09-01 14:28:43.047 V/bt_stack( 8588): [VERBOSE1:btm_ble_gap.cc(1847)] btm_ble_process_adv_addr: bda=47:57:52:a2:af:3a
09-01 14:28:43.047 V/bt_stack( 8588): [VERBOSE1:btm_ble_gap.cc(2052)]  Waiting for scan response 47:57:52:a2:af:3a
09-01 14:28:43.047 V/bt_stack( 8588): [VERBOSE1:btm_ble_gap.cc(1923)] btm_ble_process_ext_adv_pkt: bda=0a:29:89:b7:c8:4a
09-01 14:28:43.047 V/bt_stack( 8588): [VERBOSE1:btm_ble_gap.cc(1847)] btm_ble_process_adv_addr: bda=0a:29:89:b7:c8:4a
09-01 14:28:43.049 D/BluetoothUtils( 8588): blockedByLocationOff callingUid=1002
09-01 14:28:43.049 I/BluetoothUtils( 8588): packagename is android.uid.bluetooth:1002 ,and its permission is false
09-01 14:28:43.049 D/BluetoothUtils( 8588): blockedByLocationOff callingUid=1002
09-01 14:28:43.049 I/BluetoothUtils( 8588): packagename is android.uid.bluetooth:1002 ,and its permission is false
09-01 14:28:43.050 D/BluetoothUtils( 8588): blockedByLocationOff callingUid=1002
09-01 14:28:43.050 I/BluetoothUtils( 8588): packagename is android.uid.bluetooth:1002 ,and its permission is false
09-01 14:28:43.058 V/bt_stack( 8588): [VERBOSE1:btm_ble_gap.cc(1923)] btm_ble_process_ext_adv_pkt: bda=17:be:83:99:5a:17
09-01 14:28:43.059 V/bt_stack( 8588): [VERBOSE1:btm_ble_gap.cc(1847)] btm_ble_process_adv_addr: bda=17:be:83:99:5a:17
09-01 14:28:43.060 D/BluetoothUtils( 8588): blockedByLocationOff callingUid=1002
09-01 14:28:43.061 I/BluetoothUtils( 8588): packagename is android.uid.bluetooth:1002 ,and its permission is false
09-01 14:28:43.061 D/BluetoothUtils( 8588): blockedByLocationOff callingUid=1002
09-01 14:28:43.061 I/BluetoothUtils( 8588): packagename is android.uid.bluetooth:1002 ,and its permission is false
09-01 14:28:43.061 D/BluetoothUtils( 8588): blockedByLocationOff callingUid=1002
09-01 14:28:43.061 I/BluetoothUtils( 8588): packagename is android.uid.bluetooth:1002 ,and its permission is false
09-01 14:28:43.066 V/bt_stack( 8588): [VERBOSE1:btm_ble_gap.cc(1923)] btm_ble_process_ext_adv_pkt: bda=b8:09:8a:ba:d5:c0
09-01 14:28:43.066 V/bt_stack( 8588): [VERBOSE1:btm_ble_gap.cc(1847)] btm_ble_process_adv_addr: bda=b8:09:8a:ba:d5:c0
09-01 14:28:43.066 V/bt_stack( 8588): [VERBOSE1:btm_ble_gap.cc(2052)]  Waiting for scan response b8:09:8a:ba:d5:c0
09-01 14:28:43.084 V/bt_stack( 8588): [VERBOSE1:btm_ble_gap.cc(1923)] btm_ble_process_ext_adv_pkt: bda=6c:37:b5:6b:a1:b8
09-01 14:28:43.084 V/bt_stack( 8588): [VERBOSE1:btm_ble_gap.cc(1847)] btm_ble_process_adv_addr: bda=6c:37:b5:6b:a1:b8
09-01 14:28:43.084 V/bt_stack( 8588): [VERBOSE1:btm_ble_gap.cc(2052)]  Waiting for scan response 6c:37:b5:6b:a1:b8
09-01 14:28:43.084 V/bt_stack( 8588): [VERBOSE1:btm_ble_gap.cc(1923)] btm_ble_process_ext_adv_pkt: bda=66:3e:07:e0:2b:d4
09-01 14:28:43.084 V/bt_stack( 8588): [VERBOSE1:btm_ble_gap.cc(1847)] btm_ble_process_adv_addr: bda=66:3e:07:e0:2b:d4
09-01 14:28:43.084 V/bt_stack( 8588): [VERBOSE1:btm_ble_gap.cc(2052)]  Waiting for scan response 66:3e:07:e0:2b:d4
09-01 14:28:43.084 V/bt_stack( 8588): [VERBOSE1:btm_ble_gap.cc(1923)] btm_ble_process_ext_adv_pkt: bda=66:3e:07:e0:2b:d4
09-01 14:28:43.084 V/bt_stack( 8588): [VERBOSE1:btm_ble_gap.cc(1847)] btm_ble_process_adv_addr: bda=66:3e:07:e0:2b:d4
09-01 14:28:43.086 D/BluetoothUtils( 8588): blockedByLocationOff callingUid=1002
09-01 14:28:43.086 I/BluetoothUtils( 8588): packagename is android.uid.bluetooth:1002 ,and its permission is false
09-01 14:28:43.086 D/BluetoothUtils( 8588): blockedByLocationOff callingUid=1002
09-01 14:28:43.086 I/BluetoothUtils( 8588): packagename is android.uid.bluetooth:1002 ,and its permission is false
09-01 14:28:43.086 D/BluetoothUtils( 8588): blockedByLocationOff callingUid=1002
09-01 14:28:43.087 I/BluetoothUtils( 8588): packagename is android.uid.bluetooth:1002 ,and its permission is false
09-01 14:28:43.092 V/bt_stack( 8588): [VERBOSE1:btm_ble_gap.cc(1923)] btm_ble_process_ext_adv_pkt: bda=06:fa:50:9b:39:c0
09-01 14:28:43.092 V/bt_stack( 8588): [VERBOSE1:btm_ble_gap.cc(1847)] btm_ble_process_adv_addr: bda=06:fa:50:9b:39:c0
09-01 14:28:43.092 V/bt_stack( 8588): [VERBOSE1:btm_ble_gap.cc(1923)] btm_ble_process_ext_adv_pkt: bda=72:1f:5b:cb:e4:06
09-01 14:28:43.093 V/bt_stack( 8588): [VERBOSE1:btm_ble_gap.cc(1847)] btm_ble_process_adv_addr: bda=72:1f:5b:cb:e4:06
09-01 14:28:43.093 V/bt_stack( 8588): [VERBOSE1:btm_ble_gap.cc(2052)]  Waiting for scan response 72:1f:5b:cb:e4:06
09-01 14:28:43.093 V/bt_stack( 8588): [VERBOSE1:btm_ble_gap.cc(1923)] btm_ble_process_ext_adv_pkt: bda=72:1f:5b:cb:e4:06
09-01 14:28:43.093 V/bt_stack( 8588): [VERBOSE1:btm_ble_gap.cc(1847)] btm_ble_process_adv_addr: bda=72:1f:5b:cb:e4:06
09-01 14:28:43.094 D/BluetoothUtils( 8588): blockedByLocationOff callingUid=1002
09-01 14:28:43.094 I/BluetoothUtils( 8588): packagename is android.uid.bluetooth:1002 ,and its permission is false
09-01 14:28:43.094 D/BluetoothUtils( 8588): blockedByLocationOff callingUid=1002
09-01 14:28:43.095 I/BluetoothUtils( 8588): packagename is android.uid.bluetooth:1002 ,and its permission is false
09-01 14:28:43.095 D/BluetoothUtils( 8588): blockedByLocationOff callingUid=1002
09-01 14:28:43.095 I/BluetoothUtils( 8588): packagename is android.uid.bluetooth:1002 ,and its permission is false
09-01 14:28:43.096 D/BluetoothUtils( 8588): blockedByLocationOff callingUid=1002
09-01 14:28:43.096 I/BluetoothUtils( 8588): packagename is android.uid.bluetooth:1002 ,and its permission is false
09-01 14:28:43.096 D/BluetoothUtils( 8588): blockedByLocationOff callingUid=1002
09-01 14:28:43.096 I/BluetoothUtils( 8588): packagename is android.uid.bluetooth:1002 ,and its permission is false
09-01 14:28:43.096 D/BluetoothUtils( 8588): blockedByLocationOff callingUid=1002
09-01 14:28:43.097 I/BluetoothUtils( 8588): packagename is android.uid.bluetooth:1002 ,and its permission is false
09-01 14:28:43.113 V/bt_stack( 8588): [VERBOSE1:btm_ble_gap.cc(1923)] btm_ble_process_ext_adv_pkt: bda=56:23:e7:94:9e:a9
09-01 14:28:43.114 V/bt_stack( 8588): [VERBOSE1:btm_ble_gap.cc(1847)] btm_ble_process_adv_addr: bda=56:23:e7:94:9e:a9
09-01 14:28:43.114 V/bt_stack( 8588): [VERBOSE1:btm_ble_gap.cc(2052)]  Waiting for scan response 56:23:e7:94:9e:a9
09-01 14:28:43.120 V/bt_stack( 8588): [VERBOSE1:btm_ble_gap.cc(1923)] btm_ble_process_ext_adv_pkt: bda=48:d7:15:a5:e1:08
09-01 14:28:43.120 V/bt_stack( 8588): [VERBOSE1:btm_ble_gap.cc(1847)] btm_ble_process_adv_addr: bda=48:d7:15:a5:e1:08
09-01 14:28:43.120 V/bt_stack( 8588): [VERBOSE1:btm_ble_gap.cc(2052)]  Waiting for scan response 48:d7:15:a5:e1:08
09-01 14:28:43.120 V/bt_stack( 8588): [VERBOSE1:btm_ble_gap.cc(1923)] btm_ble_process_ext_adv_pkt: bda=38:f9:d3:45:87:1e
09-01 14:28:43.120 V/bt_stack( 8588): [VERBOSE1:btm_ble_gap.cc(1847)] btm_ble_process_adv_addr: bda=38:f9:d3:45:87:1e
09-01 14:28:43.120 V/bt_stack( 8588): [VERBOSE1:btm_ble_gap.cc(2052)]  Waiting for scan response 38:f9:d3:45:87:1e
09-01 14:28:43.120 V/bt_stack( 8588): [VERBOSE1:btm_ble_gap.cc(1923)] btm_ble_process_ext_adv_pkt: bda=38:f9:d3:45:87:1e
09-01 14:28:43.120 V/bt_stack( 8588): [VERBOSE1:btm_ble_gap.cc(1847)] btm_ble_process_adv_addr: bda=38:f9:d3:45:87:1e
09-01 14:28:43.122 D/BluetoothUtils( 8588): blockedByLocationOff callingUid=1002
09-01 14:28:43.122 I/BluetoothUtils( 8588): packagename is android.uid.bluetooth:1002 ,and its permission is false
09-01 14:28:43.122 D/BluetoothUtils( 8588): blockedByLocationOff callingUid=1002
09-01 14:28:43.123 I/BluetoothUtils( 8588): packagename is android.uid.bluetooth:1002 ,and its permission is false
09-01 14:28:43.123 D/BluetoothUtils( 8588): blockedByLocationOff callingUid=1002
09-01 14:28:43.123 I/BluetoothUtils( 8588): packagename is android.uid.bluetooth:1002 ,and its permission is false
09-01 14:28:43.125 I/Timeline( 1639): Timeline: Activity_windows_visible id: ActivityRecord{9a2eeab u0 com.xiaomi.hm.health/com.huami.fittime.ui.profile.ProfileActivity t481} time:211289142
09-01 14:28:43.126 I/SplashScreenServiceDelegate( 1639): None for com.xiaomi.hm.health
09-01 14:28:43.126 D/EventBus(29730): [29730, u0] send(AppTransitionFinishedEvent)
09-01 14:28:43.127 D/EventBus(29730): [29730, u0]  -> ForcedResizableInfoActivityController [0xc4c1163, P1] onBusEvent(AppTransitionFinishedEvent)
09-01 14:28:43.127 D/EventBus(29730): [29730, u0] onBusEvent(AppTransitionFinishedEvent) duration: 32 microseconds, avg: 37
09-01 14:28:43.127 I/Timeline( 1639): Timeline: App_transition_stopped time:211289144
09-01 14:28:43.128 D/EventBus(29730): [29730, u0] send(AppTransitionFinishedEvent)
09-01 14:28:43.128 D/EventBus(29730): [29730, u0]  -> ForcedResizableInfoActivityController [0xc4c1163, P1] onBusEvent(AppTransitionFinishedEvent)
09-01 14:28:43.128 D/EventBus(29730): [29730, u0] onBusEvent(AppTransitionFinishedEvent) duration: 25 microseconds, avg: 37
09-01 14:28:43.129 V/bt_stack( 8588): [VERBOSE1:btm_ble_gap.cc(1923)] btm_ble_process_ext_adv_pkt: bda=25:5e:6a:5a:81:28
09-01 14:28:43.129 V/bt_stack( 8588): [VERBOSE1:btm_ble_gap.cc(1847)] btm_ble_process_adv_addr: bda=25:5e:6a:5a:81:28
09-01 14:28:43.130 D/BluetoothUtils( 8588): blockedByLocationOff callingUid=1002
09-01 14:28:43.131 I/BluetoothUtils( 8588): packagename is android.uid.bluetooth:1002 ,and its permission is false
09-01 14:28:43.131 D/BluetoothUtils( 8588): blockedByLocationOff callingUid=1002
09-01 14:28:43.131 I/BluetoothUtils( 8588): packagename is android.uid.bluetooth:1002 ,and its permission is false
09-01 14:28:43.131 D/BluetoothUtils( 8588): blockedByLocationOff callingUid=1002
09-01 14:28:43.131 I/BluetoothUtils( 8588): packagename is android.uid.bluetooth:1002 ,and its permission is false
09-01 14:28:43.142 V/bt_stack( 8588): [VERBOSE1:btm_ble_gap.cc(1923)] btm_ble_process_ext_adv_pkt: bda=53:56:a8:ef:e5:80
09-01 14:28:43.143 V/bt_stack( 8588): [VERBOSE1:btm_ble_gap.cc(1847)] btm_ble_process_adv_addr: bda=53:56:a8:ef:e5:80
09-01 14:28:43.143 V/bt_stack( 8588): [VERBOSE1:btm_ble_gap.cc(2052)]  Waiting for scan response 53:56:a8:ef:e5:80
09-01 14:28:43.143 V/bt_stack( 8588): [VERBOSE1:btm_ble_gap.cc(1923)] btm_ble_process_ext_adv_pkt: bda=53:56:a8:ef:e5:80
09-01 14:28:43.143 V/bt_stack( 8588): [VERBOSE1:btm_ble_gap.cc(1847)] btm_ble_process_adv_addr: bda=53:56:a8:ef:e5:80
09-01 14:28:43.144 D/BluetoothUtils( 8588): blockedByLocationOff callingUid=1002
09-01 14:28:43.144 V/bt_stack( 8588): [VERBOSE1:btm_ble_gap.cc(1923)] btm_ble_process_ext_adv_pkt: bda=6a:1a:31:28:a4:f8
09-01 14:28:43.145 I/BluetoothUtils( 8588): packagename is android.uid.bluetooth:1002 ,and its permission is false
09-01 14:28:43.145 V/bt_stack( 8588): [VERBOSE1:btm_ble_gap.cc(1847)] btm_ble_process_adv_addr: bda=6a:1a:31:28:a4:f8
09-01 14:28:43.145 D/BluetoothUtils( 8588): blockedByLocationOff callingUid=1002
09-01 14:28:43.145 I/BluetoothUtils( 8588): packagename is android.uid.bluetooth:1002 ,and its permission is false
09-01 14:28:43.145 D/BluetoothUtils( 8588): blockedByLocationOff callingUid=1002
09-01 14:28:43.145 I/BluetoothUtils( 8588): packagename is android.uid.bluetooth:1002 ,and its permission is false
09-01 14:28:43.146 D/BluetoothUtils( 8588): blockedByLocationOff callingUid=1002
09-01 14:28:43.146 I/BluetoothUtils( 8588): packagename is android.uid.bluetooth:1002 ,and its permission is false
09-01 14:28:43.146 D/BluetoothUtils( 8588): blockedByLocationOff callingUid=1002
09-01 14:28:43.147 I/BluetoothUtils( 8588): packagename is android.uid.bluetooth:1002 ,and its permission is false
09-01 14:28:43.147 D/BluetoothUtils( 8588): blockedByLocationOff callingUid=1002
09-01 14:28:43.147 I/BluetoothUtils( 8588): packagename is android.uid.bluetooth:1002 ,and its permission is false
09-01 14:28:43.148 V/bt_stack( 8588): [VERBOSE1:btm_ble_gap.cc(1923)] btm_ble_process_ext_adv_pkt: bda=0a:29:89:b7:c8:4a
09-01 14:28:43.148 V/bt_stack( 8588): [VERBOSE1:btm_ble_gap.cc(1847)] btm_ble_process_adv_addr: bda=0a:29:89:b7:c8:4a
09-01 14:28:43.149 D/BluetoothUtils( 8588): blockedByLocationOff callingUid=1002
09-01 14:28:43.150 I/BluetoothUtils( 8588): packagename is android.uid.bluetooth:1002 ,and its permission is false
09-01 14:28:43.150 D/BluetoothUtils( 8588): blockedByLocationOff callingUid=1002
09-01 14:28:43.150 I/BluetoothUtils( 8588): packagename is android.uid.bluetooth:1002 ,and its permission is false
09-01 14:28:43.150 D/BluetoothUtils( 8588): blockedByLocationOff callingUid=1002
09-01 14:28:43.150 I/BluetoothUtils( 8588): packagename is android.uid.bluetooth:1002 ,and its permission is false
09-01 14:28:43.153 D/EventBus(29730): [29730, u0] send(AppTransitionFinishedEvent)
09-01 14:28:43.153 V/bt_stack( 8588): [VERBOSE1:btm_ble_gap.cc(1923)] btm_ble_process_ext_adv_pkt: bda=0c:1a:06:0e:96:57
09-01 14:28:43.153 V/bt_stack( 8588): [VERBOSE1:btm_ble_gap.cc(1847)] btm_ble_process_adv_addr: bda=0c:1a:06:0e:96:57
09-01 14:28:43.154 D/EventBus(29730): [29730, u0]  -> ForcedResizableInfoActivityController [0xc4c1163, P1] onBusEvent(AppTransitionFinishedEvent)
09-01 14:28:43.154 D/EventBus(29730): [29730, u0] onBusEvent(AppTransitionFinishedEvent) duration: 30 microseconds, avg: 37
09-01 14:28:43.154 D/BluetoothUtils( 8588): blockedByLocationOff callingUid=1002
09-01 14:28:43.154 I/BluetoothUtils( 8588): packagename is android.uid.bluetooth:1002 ,and its permission is false
09-01 14:28:43.155 D/BluetoothUtils( 8588): blockedByLocationOff callingUid=1002
09-01 14:28:43.155 I/BluetoothUtils( 8588): packagename is android.uid.bluetooth:1002 ,and its permission is false
09-01 14:28:43.155 D/BluetoothUtils( 8588): blockedByLocationOff callingUid=1002
09-01 14:28:43.155 I/BluetoothUtils( 8588): packagename is android.uid.bluetooth:1002 ,and its permission is false
09-01 14:28:43.162 V/bt_stack( 8588): [VERBOSE1:btm_ble_gap.cc(1923)] btm_ble_process_ext_adv_pkt: bda=07:e4:7f:b4:5f:d9
09-01 14:28:43.162 V/bt_stack( 8588): [VERBOSE1:btm_ble_gap.cc(1847)] btm_ble_process_adv_addr: bda=07:e4:7f:b4:5f:d9
09-01 14:28:43.163 D/BluetoothUtils( 8588): blockedByLocationOff callingUid=1002
09-01 14:28:43.164 I/BluetoothUtils( 8588): packagename is android.uid.bluetooth:1002 ,and its permission is false
09-01 14:28:43.164 D/BluetoothUtils( 8588): blockedByLocationOff callingUid=1002
09-01 14:28:43.164 I/BluetoothUtils( 8588): packagename is android.uid.bluetooth:1002 ,and its permission is false
09-01 14:28:43.164 D/BluetoothUtils( 8588): blockedByLocationOff callingUid=1002
09-01 14:28:43.164 I/BluetoothUtils( 8588): packagename is android.uid.bluetooth:1002 ,and its permission is false
09-01 14:28:43.169 V/bt_stack( 8588): [VERBOSE1:btm_ble_gap.cc(1923)] btm_ble_process_ext_adv_pkt: bda=2e:17:70:f9:0b:48
09-01 14:28:43.169 V/bt_stack( 8588): [VERBOSE1:btm_ble_gap.cc(1847)] btm_ble_process_adv_addr: bda=2e:17:70:f9:0b:48
09-01 14:28:43.171 D/BluetoothUtils( 8588): blockedByLocationOff callingUid=1002
09-01 14:28:43.171 I/BluetoothUtils( 8588): packagename is android.uid.bluetooth:1002 ,and its permission is false
09-01 14:28:43.171 D/BluetoothUtils( 8588): blockedByLocationOff callingUid=1002
09-01 14:28:43.172 I/BluetoothUtils( 8588): packagename is android.uid.bluetooth:1002 ,and its permission is false
09-01 14:28:43.172 D/BluetoothUtils( 8588): blockedByLocationOff callingUid=1002
09-01 14:28:43.172 I/BluetoothUtils( 8588): packagename is android.uid.bluetooth:1002 ,and its permission is false
09-01 14:28:43.190 V/bt_stack( 8588): [VERBOSE1:btm_ble_gap.cc(1923)] btm_ble_process_ext_adv_pkt: bda=12:1c:38:cd:04:e8
09-01 14:28:43.190 V/bt_stack( 8588): [VERBOSE1:btm_ble_gap.cc(1847)] btm_ble_process_adv_addr: bda=12:1c:38:cd:04:e8
09-01 14:28:43.192 D/BluetoothUtils( 8588): blockedByLocationOff callingUid=1002
09-01 14:28:43.193 I/BluetoothUtils( 8588): packagename is android.uid.bluetooth:1002 ,and its permission is false
09-01 14:28:43.193 D/BluetoothUtils( 8588): blockedByLocationOff callingUid=1002
09-01 14:28:43.193 I/BluetoothUtils( 8588): packagename is android.uid.bluetooth:1002 ,and its permission is false
09-01 14:28:43.193 D/BluetoothUtils( 8588): blockedByLocationOff callingUid=1002
09-01 14:28:43.193 I/BluetoothUtils( 8588): packagename is android.uid.bluetooth:1002 ,and its permission is false
09-01 14:28:43.218 V/bt_stack( 8588): [VERBOSE1:btm_ble_gap.cc(1923)] btm_ble_process_ext_adv_pkt: bda=11:82:f5:89:45:91
09-01 14:28:43.218 V/bt_stack( 8588): [VERBOSE1:btm_ble_gap.cc(1847)] btm_ble_process_adv_addr: bda=11:82:f5:89:45:91
09-01 14:28:43.220 D/BluetoothUtils( 8588): blockedByLocationOff callingUid=1002
09-01 14:28:43.221 I/BluetoothUtils( 8588): packagename is android.uid.bluetooth:1002 ,and its permission is false
09-01 14:28:43.221 D/BluetoothUtils( 8588): blockedByLocationOff callingUid=1002
09-01 14:28:43.221 I/BluetoothUtils( 8588): packagename is android.uid.bluetooth:1002 ,and its permission is false
09-01 14:28:43.221 D/BluetoothUtils( 8588): blockedByLocationOff callingUid=1002
09-01 14:28:43.222 I/BluetoothUtils( 8588): packagename is android.uid.bluetooth:1002 ,and its permission is false
09-01 14:28:43.231 V/bt_stack( 8588): [VERBOSE1:btm_ble_gap.cc(1923)] btm_ble_process_ext_adv_pkt: bda=63:e7:6b:57:ac:90
09-01 14:28:43.231 V/bt_stack( 8588): [VERBOSE1:btm_ble_gap.cc(1847)] btm_ble_process_adv_addr: bda=63:e7:6b:57:ac:90
09-01 14:28:43.231 V/bt_stack( 8588): [VERBOSE1:btm_ble_gap.cc(2052)]  Waiting for scan response 63:e7:6b:57:ac:90
09-01 14:28:43.231 V/bt_stack( 8588): [VERBOSE1:btm_ble_gap.cc(1923)] btm_ble_process_ext_adv_pkt: bda=63:e7:6b:57:ac:90
09-01 14:28:43.231 V/bt_stack( 8588): [VERBOSE1:btm_ble_gap.cc(1847)] btm_ble_process_adv_addr: bda=63:e7:6b:57:ac:90
09-01 14:28:43.233 D/BluetoothUtils( 8588): blockedByLocationOff callingUid=1002
09-01 14:28:43.233 V/bt_stack( 8588): [VERBOSE1:btm_ble_gap.cc(1923)] btm_ble_process_ext_adv_pkt: bda=45:55:7e:66:6f:d0
09-01 14:28:43.233 I/BluetoothUtils( 8588): packagename is android.uid.bluetooth:1002 ,and its permission is false
09-01 14:28:43.233 V/bt_stack( 8588): [VERBOSE1:btm_ble_gap.cc(1847)] btm_ble_process_adv_addr: bda=45:55:7e:66:6f:d0
09-01 14:28:43.233 V/bt_stack( 8588): [VERBOSE1:btm_ble_gap.cc(2052)]  Waiting for scan response 45:55:7e:66:6f:d0
09-01 14:28:43.233 D/BluetoothUtils( 8588): blockedByLocationOff callingUid=1002
09-01 14:28:43.234 V/bt_stack( 8588): [VERBOSE1:btm_ble_gap.cc(1923)] btm_ble_process_ext_adv_pkt: bda=45:55:7e:66:6f:d0
09-01 14:28:43.234 V/bt_stack( 8588): [VERBOSE1:btm_ble_gap.cc(1847)] btm_ble_process_adv_addr: bda=45:55:7e:66:6f:d0
09-01 14:28:43.234 I/BluetoothUtils( 8588): packagename is android.uid.bluetooth:1002 ,and its permission is false
09-01 14:28:43.234 D/BluetoothUtils( 8588): blockedByLocationOff callingUid=1002
09-01 14:28:43.234 I/BluetoothUtils( 8588): packagename is android.uid.bluetooth:1002 ,and its permission is false
09-01 14:28:43.235 I/appium  ( 6878): AppiumResponse: {"sessionId":"64258e99-4a1a-4f26-b5bc-da02a53421ad","value":{"ELEMENT":"19ef1dca-1655-49e9-97cd-a572b910895a","element-6066-11e4-a52e-4f735466cecf":"19ef1dca-1655-49e9-97cd-a572b910895a"}}
09-01 14:28:43.235 D/BluetoothUtils( 8588): blockedByLocationOff callingUid=1002
09-01 14:28:43.235 I/BluetoothUtils( 8588): packagename is android.uid.bluetooth:1002 ,and its permission is false
09-01 14:28:43.235 D/BluetoothUtils( 8588): blockedByLocationOff callingUid=1002
09-01 14:28:43.235 I/BluetoothUtils( 8588): packagename is android.uid.bluetooth:1002 ,and its permission is false
09-01 14:28:43.235 D/BluetoothUtils( 8588): blockedByLocationOff callingUid=1002
09-01 14:28:43.236 I/BluetoothUtils( 8588): packagename is android.uid.bluetooth:1002 ,and its permission is false
09-01 14:28:43.251 V/bt_stack( 8588): [VERBOSE1:btm_ble_gap.cc(1923)] btm_ble_process_ext_adv_pkt: bda=3a:23:cb:4a:85:2d
09-01 14:28:43.251 V/bt_stack( 8588): [VERBOSE1:btm_ble_gap.cc(1847)] btm_ble_process_adv_addr: bda=3a:23:cb:4a:85:2d
09-01 14:28:43.253 D/BluetoothUtils( 8588): blockedByLocationOff callingUid=1002
09-01 14:28:43.254 I/BluetoothUtils( 8588): packagename is android.uid.bluetooth:1002 ,and its permission is false
09-01 14:28:43.254 D/BluetoothUtils( 8588): blockedByLocationOff callingUid=1002
09-01 14:28:43.254 I/BluetoothUtils( 8588): packagename is android.uid.bluetooth:1002 ,and its permission is false
09-01 14:28:43.254 D/BluetoothUtils( 8588): blockedByLocationOff callingUid=1002
09-01 14:28:43.255 I/BluetoothUtils( 8588): packagename is android.uid.bluetooth:1002 ,and its permission is false
09-01 14:28:43.256 V/bt_stack( 8588): [VERBOSE1:btm_ble_gap.cc(1923)] btm_ble_process_ext_adv_pkt: bda=6c:37:b5:6b:a1:b8
09-01 14:28:43.256 V/bt_stack( 8588): [VERBOSE1:btm_ble_gap.cc(1847)] btm_ble_process_adv_addr: bda=6c:37:b5:6b:a1:b8
09-01 14:28:43.256 V/bt_stack( 8588): [VERBOSE1:btm_ble_gap.cc(2052)]  Waiting for scan response 6c:37:b5:6b:a1:b8
09-01 14:28:43.256 V/bt_stack( 8588): [VERBOSE1:btm_ble_gap.cc(1923)] btm_ble_process_ext_adv_pkt: bda=0a:29:89:b7:c8:4a
09-01 14:28:43.256 V/bt_stack( 8588): [VERBOSE1:btm_ble_gap.cc(1847)] btm_ble_process_adv_addr: bda=0a:29:89:b7:c8:4a
09-01 14:28:43.258 D/BluetoothUtils( 8588): blockedByLocationOff callingUid=1002
09-01 14:28:43.259 I/BluetoothUtils( 8588): packagename is android.uid.bluetooth:1002 ,and its permission is false
09-01 14:28:43.259 D/BluetoothUtils( 8588): blockedByLocationOff callingUid=1002
09-01 14:28:43.259 I/BluetoothUtils( 8588): packagename is android.uid.bluetooth:1002 ,and its permission is false
09-01 14:28:43.259 D/BluetoothUtils( 8588): blockedByLocationOff callingUid=1002
09-01 14:28:43.260 I/BluetoothUtils( 8588): packagename is android.uid.bluetooth:1002 ,and its permission is false
09-01 14:28:43.267 V/bt_stack( 8588): [VERBOSE1:btm_ble_gap.cc(1923)] btm_ble_process_ext_adv_pkt: bda=70:33:97:a2:2a:78
09-01 14:28:43.267 V/bt_stack( 8588): [VERBOSE1:btm_ble_gap.cc(1847)] btm_ble_process_adv_addr: bda=70:33:97:a2:2a:78
09-01 14:28:43.267 V/bt_stack( 8588): [VERBOSE1:btm_ble_gap.cc(2052)]  Waiting for scan response 70:33:97:a2:2a:78
09-01 14:28:43.267 V/bt_stack( 8588): [VERBOSE1:btm_ble_gap.cc(1923)] btm_ble_process_ext_adv_pkt: bda=70:33:97:a2:2a:78
09-01 14:28:43.267 V/bt_stack( 8588): [VERBOSE1:btm_ble_gap.cc(1847)] btm_ble_process_adv_addr: bda=70:33:97:a2:2a:78
09-01 14:28:43.267 V/bt_stack( 8588): [VERBOSE1:btm_ble_gap.cc(1923)] btm_ble_process_ext_adv_pkt: bda=07:e4:7f:b4:5f:d9
09-01 14:28:43.268 V/bt_stack( 8588): [VERBOSE1:btm_ble_gap.cc(1847)] btm_ble_process_adv_addr: bda=07:e4:7f:b4:5f:d9
09-01 14:28:43.269 D/BluetoothUtils( 8588): blockedByLocationOff callingUid=1002
09-01 14:28:43.270 I/BluetoothUtils( 8588): packagename is android.uid.bluetooth:1002 ,and its permission is false
09-01 14:28:43.270 D/BluetoothUtils( 8588): blockedByLocationOff callingUid=1002
09-01 14:28:43.270 I/BluetoothUtils( 8588): packagename is android.uid.bluetooth:1002 ,and its permission is false
09-01 14:28:43.270 D/BluetoothUtils( 8588): blockedByLocationOff callingUid=1002
09-01 14:28:43.271 I/BluetoothUtils( 8588): packagename is android.uid.bluetooth:1002 ,and its permission is false
09-01 14:28:43.272 V/bt_stack( 8588): [VERBOSE1:btm_ble_gap.cc(1923)] btm_ble_process_ext_adv_pkt: bda=2e:17:70:f9:0b:48
09-01 14:28:43.272 D/BluetoothUtils( 8588): blockedByLocationOff callingUid=1002
09-01 14:28:43.272 V/bt_stack( 8588): [VERBOSE1:btm_ble_gap.cc(1847)] btm_ble_process_adv_addr: bda=2e:17:70:f9:0b:48
09-01 14:28:43.272 I/BluetoothUtils( 8588): packagename is android.uid.bluetooth:1002 ,and its permission is false
09-01 14:28:43.273 D/BluetoothUtils( 8588): blockedByLocationOff callingUid=1002
09-01 14:28:43.273 I/BluetoothUtils( 8588): packagename is android.uid.bluetooth:1002 ,and its permission is false
09-01 14:28:43.273 D/BluetoothUtils( 8588): blockedByLocationOff callingUid=1002
09-01 14:28:43.273 V/bt_stack( 8588): [VERBOSE1:btm_ble_gap.cc(1923)] btm_ble_process_ext_adv_pkt: bda=66:3e:07:e0:2b:d4
09-01 14:28:43.273 V/bt_stack( 8588): [VERBOSE1:btm_ble_gap.cc(1847)] btm_ble_process_adv_addr: bda=66:3e:07:e0:2b:d4
09-01 14:28:43.273 V/bt_stack( 8588): [VERBOSE1:btm_ble_gap.cc(2052)]  Waiting for scan response 66:3e:07:e0:2b:d4
09-01 14:28:43.273 I/BluetoothUtils( 8588): packagename is android.uid.bluetooth:1002 ,and its permission is false
09-01 14:28:43.273 V/bt_stack( 8588): [VERBOSE1:btm_ble_gap.cc(1923)] btm_ble_process_ext_adv_pkt: bda=66:3e:07:e0:2b:d4
09-01 14:28:43.274 V/bt_stack( 8588): [VERBOSE1:btm_ble_gap.cc(1847)] btm_ble_process_adv_addr: bda=66:3e:07:e0:2b:d4
09-01 14:28:43.274 D/BluetoothUtils( 8588): blockedByLocationOff callingUid=1002
09-01 14:28:43.274 I/BluetoothUtils( 8588): packagename is android.uid.bluetooth:1002 ,and its permission is false
09-01 14:28:43.274 D/BluetoothUtils( 8588): blockedByLocationOff callingUid=1002
09-01 14:28:43.275 I/BluetoothUtils( 8588): packagename is android.uid.bluetooth:1002 ,and its permission is false
09-01 14:28:43.275 D/BluetoothUtils( 8588): blockedByLocationOff callingUid=1002
09-01 14:28:43.275 I/BluetoothUtils( 8588): packagename is android.uid.bluetooth:1002 ,and its permission is false
09-01 14:28:43.275 D/BluetoothUtils( 8588): blockedByLocationOff callingUid=1002
09-01 14:28:43.276 I/BluetoothUtils( 8588): packagename is android.uid.bluetooth:1002 ,and its permission is false
09-01 14:28:43.276 D/BluetoothUtils( 8588): blockedByLocationOff callingUid=1002
09-01 14:28:43.276 I/BluetoothUtils( 8588): packagename is android.uid.bluetooth:1002 ,and its permission is false
09-01 14:28:43.276 D/BluetoothUtils( 8588): blockedByLocationOff callingUid=1002
09-01 14:28:43.276 I/BluetoothUtils( 8588): packagename is android.uid.bluetooth:1002 ,and its permission is false
09-01 14:28:43.277 V/bt_stack( 8588): [VERBOSE1:btm_ble_gap.cc(1923)] btm_ble_process_ext_adv_pkt: bda=0a:6a:51:cc:b0:74
09-01 14:28:43.277 V/bt_stack( 8588): [VERBOSE1:btm_ble_gap.cc(1847)] btm_ble_process_adv_addr: bda=0a:6a:51:cc:b0:74
09-01 14:28:43.278 D/BluetoothUtils( 8588): blockedByLocationOff callingUid=1002
09-01 14:28:43.279 I/BluetoothUtils( 8588): packagename is android.uid.bluetooth:1002 ,and its permission is false
09-01 14:28:43.279 D/BluetoothUtils( 8588): blockedByLocationOff callingUid=1002
09-01 14:28:43.279 I/BluetoothUtils( 8588): packagename is android.uid.bluetooth:1002 ,and its permission is false
09-01 14:28:43.279 D/BluetoothUtils( 8588): blockedByLocationOff callingUid=1002
09-01 14:28:43.279 I/BluetoothUtils( 8588): packagename is android.uid.bluetooth:1002 ,and its permission is false
09-01 14:28:43.282 V/bt_stack( 8588): [VERBOSE1:btm_ble_gap.cc(1923)] btm_ble_process_ext_adv_pkt: bda=04:b0:56:de:30:bf
09-01 14:28:43.282 V/bt_stack( 8588): [VERBOSE1:btm_ble_gap.cc(1847)] btm_ble_process_adv_addr: bda=04:b0:56:de:30:bf
09-01 14:28:43.284 D/BluetoothUtils( 8588): blockedByLocationOff callingUid=1002
09-01 14:28:43.284 I/BluetoothUtils( 8588): packagename is android.uid.bluetooth:1002 ,and its permission is false
09-01 14:28:43.284 D/BluetoothUtils( 8588): blockedByLocationOff callingUid=1002
09-01 14:28:43.285 I/BluetoothUtils( 8588): packagename is android.uid.bluetooth:1002 ,and its permission is false
09-01 14:28:43.285 D/BluetoothUtils( 8588): blockedByLocationOff callingUid=1002
09-01 14:28:43.285 I/BluetoothUtils( 8588): packagename is android.uid.bluetooth:1002 ,and its permission is false
09-01 14:28:43.287 I/appium  ( 6878): channel read invoked!
09-01 14:28:43.287 I/appium  ( 6878): channel read: POST /wd/hub/session/64258e99-4a1a-4f26-b5bc-da02a53421ad/element
09-01 14:28:43.289 I/appium  ( 6878): Find element command using 'xpath' with selector '//*[@resource-id='com.xiaomi.hm.health:id/recyclerView']/android.widget.FrameLayout'.
09-01 14:28:43.289 I/appium  ( 6878): Waiting up to 10000ms for device to be idle
09-01 14:28:43.291 V/bt_stack( 8588): [VERBOSE1:btm_ble_gap.cc(1923)] btm_ble_process_ext_adv_pkt: bda=07:5a:b0:04:f2:ba
09-01 14:28:43.292 V/bt_stack( 8588): [VERBOSE1:btm_ble_gap.cc(1847)] btm_ble_process_adv_addr: bda=07:5a:b0:04:f2:ba
09-01 14:28:43.293 D/BluetoothUtils( 8588): blockedByLocationOff callingUid=1002
09-01 14:28:43.294 I/BluetoothUtils( 8588): packagename is android.uid.bluetooth:1002 ,and its permission is false
09-01 14:28:43.294 D/BluetoothUtils( 8588): blockedByLocationOff callingUid=1002
09-01 14:28:43.294 I/BluetoothUtils( 8588): packagename is android.uid.bluetooth:1002 ,and its permission is false
09-01 14:28:43.294 D/BluetoothUtils( 8588): blockedByLocationOff callingUid=1002
09-01 14:28:43.294 I/BluetoothUtils( 8588): packagename is android.uid.bluetooth:1002 ,and its permission is false
09-01 14:28:43.298 V/bt_stack( 8588): [VERBOSE1:btm_ble_gap.cc(1923)] btm_ble_process_ext_adv_pkt: bda=12:1c:38:cd:04:e8
09-01 14:28:43.298 V/bt_stack( 8588): [VERBOSE1:btm_ble_gap.cc(1847)] btm_ble_process_adv_addr: bda=12:1c:38:cd:04:e8
09-01 14:28:43.300 D/BluetoothUtils( 8588): blockedByLocationOff callingUid=1002
09-01 14:28:43.300 I/BluetoothUtils( 8588): packagename is android.uid.bluetooth:1002 ,and its permission is false
09-01 14:28:43.300 V/bt_stack( 8588): [VERBOSE1:btm_ble_gap.cc(1923)] btm_ble_process_ext_adv_pkt: bda=06:fa:50:9b:39:c0
09-01 14:28:43.300 D/BluetoothUtils( 8588): blockedByLocationOff callingUid=1002
09-01 14:28:43.300 V/bt_stack( 8588): [VERBOSE1:btm_ble_gap.cc(1847)] btm_ble_process_adv_addr: bda=06:fa:50:9b:39:c0
09-01 14:28:43.300 I/BluetoothUtils( 8588): packagename is android.uid.bluetooth:1002 ,and its permission is false
09-01 14:28:43.300 D/BluetoothUtils( 8588): blockedByLocationOff callingUid=1002
09-01 14:28:43.301 I/BluetoothUtils( 8588): packagename is android.uid.bluetooth:1002 ,and its permission is false
09-01 14:28:43.301 D/BluetoothUtils( 8588): blockedByLocationOff callingUid=1002
09-01 14:28:43.302 I/BluetoothUtils( 8588): packagename is android.uid.bluetooth:1002 ,and its permission is false
09-01 14:28:43.302 D/BluetoothUtils( 8588): blockedByLocationOff callingUid=1002
09-01 14:28:43.302 I/BluetoothUtils( 8588): packagename is android.uid.bluetooth:1002 ,and its permission is false
09-01 14:28:43.302 D/BluetoothUtils( 8588): blockedByLocationOff callingUid=1002
09-01 14:28:43.302 I/BluetoothUtils( 8588): packagename is android.uid.bluetooth:1002 ,and its permission is false
09-01 14:28:43.317 I//system/vendor/bin/mi_thermald( 1070): thermal_cpu_set_level: set cpu freq of cpu7 to 2016000
09-01 14:28:43.317 I//system/vendor/bin/mi_thermald( 1070): thermal_cpu_set_level: set cpu freq of cpu4 to 2016000
09-01 14:28:43.326 V/bt_stack( 8588): [VERBOSE1:btm_ble_gap.cc(1923)] btm_ble_process_ext_adv_pkt: bda=5d:4a:e1:72:21:47
09-01 14:28:43.326 V/bt_stack( 8588): [VERBOSE1:btm_ble_gap.cc(1847)] btm_ble_process_adv_addr: bda=5d:4a:e1:72:21:47
09-01 14:28:43.326 V/bt_stack( 8588): [VERBOSE1:btm_ble_gap.cc(2052)]  Waiting for scan response 5d:4a:e1:72:21:47
09-01 14:28:43.326 V/bt_stack( 8588): [VERBOSE1:btm_ble_gap.cc(1923)] btm_ble_process_ext_adv_pkt: bda=53:56:a8:ef:e5:80
09-01 14:28:43.326 V/bt_stack( 8588): [VERBOSE1:btm_ble_gap.cc(1847)] btm_ble_process_adv_addr: bda=53:56:a8:ef:e5:80
09-01 14:28:43.326 V/bt_stack( 8588): [VERBOSE1:btm_ble_gap.cc(2052)]  Waiting for scan response 53:56:a8:ef:e5:80
09-01 14:28:43.326 V/bt_stack( 8588): [VERBOSE1:btm_ble_gap.cc(1923)] btm_ble_process_ext_adv_pkt: bda=53:56:a8:ef:e5:80
09-01 14:28:43.326 V/bt_stack( 8588): [VERBOSE1:btm_ble_gap.cc(1847)] btm_ble_process_adv_addr: bda=53:56:a8:ef:e5:80
09-01 14:28:43.328 D/BluetoothUtils( 8588): blockedByLocationOff callingUid=1002
09-01 14:28:43.328 I/BluetoothUtils( 8588): packagename is android.uid.bluetooth:1002 ,and its permission is false
09-01 14:28:43.328 D/BluetoothUtils( 8588): blockedByLocationOff callingUid=1002
09-01 14:28:43.329 I/BluetoothUtils( 8588): packagename is android.uid.bluetooth:1002 ,and its permission is false
09-01 14:28:43.329 D/BluetoothUtils( 8588): blockedByLocationOff callingUid=1002
09-01 14:28:43.329 I/BluetoothUtils( 8588): packagename is android.uid.bluetooth:1002 ,and its permission is false
09-01 14:28:43.366 I/vendor.qti.bluetooth@1.0-ibs_handler(19843): ProcessIbsCmd: Received IBS_SLEEP_IND: 0xFE
09-01 14:28:43.366 D/vendor.qti.bluetooth@1.0-ibs_handler(19843): SerialClockVote: vote for UART CLK OFF
09-01 14:28:43.399 I/vendor.qti.bluetooth@1.0-ibs_handler(19843): ProcessIbsCmd: Received IBS_WAKE_IND: 0xFD
09-01 14:28:43.399 D/vendor.qti.bluetooth@1.0-ibs_handler(19843): SerialClockVote: vote for UART CLK ON
09-01 14:28:43.399 I/vendor.qti.bluetooth@1.0-ibs_handler(19843): ProcessIbsCmd: Writing IBS_WAKE_ACK
09-01 14:28:43.400 V/bt_stack( 8588): [VERBOSE1:btm_ble_gap.cc(1923)] btm_ble_process_ext_adv_pkt: bda=75:55:30:69:5d:bf
09-01 14:28:43.401 V/bt_stack( 8588): [VERBOSE1:btm_ble_gap.cc(1847)] btm_ble_process_adv_addr: bda=75:55:30:69:5d:bf
09-01 14:28:43.401 V/bt_stack( 8588): [VERBOSE1:btm_ble_gap.cc(2052)]  Waiting for scan response 75:55:30:69:5d:bf
09-01 14:28:43.401 V/bt_stack( 8588): [VERBOSE1:btm_ble_gap.cc(1923)] btm_ble_process_ext_adv_pkt: bda=75:55:30:69:5d:bf
09-01 14:28:43.401 V/bt_stack( 8588): [VERBOSE1:btm_ble_gap.cc(1847)] btm_ble_process_adv_addr: bda=75:55:30:69:5d:bf
09-01 14:28:43.402 D/BluetoothUtils( 8588): blockedByLocationOff callingUid=1002
09-01 14:28:43.402 I/BluetoothUtils( 8588): packagename is android.uid.bluetooth:1002 ,and its permission is false
09-01 14:28:43.402 D/BluetoothUtils( 8588): blockedByLocationOff callingUid=1002
09-01 14:28:43.403 V/bt_stack( 8588): [VERBOSE1:btm_ble_gap.cc(1923)] btm_ble_process_ext_adv_pkt: bda=12:1c:38:cd:04:e8
09-01 14:28:43.403 I/BluetoothUtils( 8588): packagename is android.uid.bluetooth:1002 ,and its permission is false
09-01 14:28:43.403 D/BluetoothUtils( 8588): blockedByLocationOff callingUid=1002
09-01 14:28:43.403 V/bt_stack( 8588): [VERBOSE1:btm_ble_gap.cc(1847)] btm_ble_process_adv_addr: bda=12:1c:38:cd:04:e8
09-01 14:28:43.403 I/BluetoothUtils( 8588): packagename is android.uid.bluetooth:1002 ,and its permission is false
09-01 14:28:43.404 D/BluetoothUtils( 8588): blockedByLocationOff callingUid=1002
09-01 14:28:43.404 I/BluetoothUtils( 8588): packagename is android.uid.bluetooth:1002 ,and its permission is false
09-01 14:28:43.405 D/BluetoothUtils( 8588): blockedByLocationOff callingUid=1002
09-01 14:28:43.405 I/BluetoothUtils( 8588): packagename is android.uid.bluetooth:1002 ,and its permission is false
09-01 14:28:43.405 D/BluetoothUtils( 8588): blockedByLocationOff callingUid=1002
09-01 14:28:43.405 I/BluetoothUtils( 8588): packagename is android.uid.bluetooth:1002 ,and its permission is false
09-01 14:28:43.417 V/bt_stack( 8588): [VERBOSE1:btm_ble_gap.cc(1923)] btm_ble_process_ext_adv_pkt: bda=d5:fe:ca:e3:d1:ce
09-01 14:28:43.417 V/bt_stack( 8588): [VERBOSE1:btm_ble_gap.cc(1847)] btm_ble_process_adv_addr: bda=d5:fe:ca:e3:d1:ce
09-01 14:28:43.418 V/bt_stack( 8588): [VERBOSE1:btm_ble_gap.cc(2052)]  Waiting for scan response d5:fe:ca:e3:d1:ce
09-01 14:28:43.418 V/bt_stack( 8588): [VERBOSE1:btm_ble_gap.cc(1923)] btm_ble_process_ext_adv_pkt: bda=d5:fe:ca:e3:d1:ce
09-01 14:28:43.418 V/bt_stack( 8588): [VERBOSE1:btm_ble_gap.cc(1847)] btm_ble_process_adv_addr: bda=d5:fe:ca:e3:d1:ce
09-01 14:28:43.419 D/BluetoothUtils( 8588): blockedByLocationOff callingUid=1002
09-01 14:28:43.420 I/BluetoothUtils( 8588): packagename is android.uid.bluetooth:1002 ,and its permission is false
09-01 14:28:43.420 D/BluetoothUtils( 8588): blockedByLocationOff callingUid=1002
09-01 14:28:43.420 I/BluetoothUtils( 8588): packagename is android.uid.bluetooth:1002 ,and its permission is false
09-01 14:28:43.420 D/BluetoothUtils( 8588): blockedByLocationOff callingUid=1002
09-01 14:28:43.420 I/BluetoothUtils( 8588): packagename is android.uid.bluetooth:1002 ,and its permission is false
09-01 14:28:43.442 V/bt_stack( 8588): [VERBOSE1:btm_ble_gap.cc(1923)] btm_ble_process_ext_adv_pkt: bda=6c:37:b5:6b:a1:b8
09-01 14:28:43.442 V/bt_stack( 8588): [VERBOSE1:btm_ble_gap.cc(1847)] btm_ble_process_adv_addr: bda=6c:37:b5:6b:a1:b8
09-01 14:28:43.442 V/bt_stack( 8588): [VERBOSE1:btm_ble_gap.cc(2052)]  Waiting for scan response 6c:37:b5:6b:a1:b8
09-01 14:28:43.443 V/bt_stack( 8588): [VERBOSE1:btm_ble_gap.cc(1923)] btm_ble_process_ext_adv_pkt: bda=10:42:5e:92:d4:eb
09-01 14:28:43.443 V/bt_stack( 8588): [VERBOSE1:btm_ble_gap.cc(1847)] btm_ble_process_adv_addr: bda=10:42:5e:92:d4:eb
09-01 14:28:43.444 D/BluetoothUtils( 8588): blockedByLocationOff callingUid=1002
09-01 14:28:43.444 I/BluetoothUtils( 8588): packagename is android.uid.bluetooth:1002 ,and its permission is false
09-01 14:28:43.444 D/BluetoothUtils( 8588): blockedByLocationOff callingUid=1002
09-01 14:28:43.445 I/BluetoothUtils( 8588): packagename is android.uid.bluetooth:1002 ,and its permission is false
09-01 14:28:43.445 D/BluetoothUtils( 8588): blockedByLocationOff callingUid=1002
09-01 14:28:43.445 I/BluetoothUtils( 8588): packagename is android.uid.bluetooth:1002 ,and its permission is false
09-01 14:28:43.452 V/bt_stack( 8588): [VERBOSE1:btm_ble_gap.cc(1923)] btm_ble_process_ext_adv_pkt: bda=66:3e:07:e0:2b:d4
09-01 14:28:43.452 V/bt_stack( 8588): [VERBOSE1:btm_ble_gap.cc(1847)] btm_ble_process_adv_addr: bda=66:3e:07:e0:2b:d4
09-01 14:28:43.452 V/bt_stack( 8588): [VERBOSE1:btm_ble_gap.cc(2052)]  Waiting for scan response 66:3e:07:e0:2b:d4
09-01 14:28:43.452 V/bt_stack( 8588): [VERBOSE1:btm_ble_gap.cc(1923)] btm_ble_process_ext_adv_pkt: bda=66:3e:07:e0:2b:d4
09-01 14:28:43.452 V/bt_stack( 8588): [VERBOSE1:btm_ble_gap.cc(1847)] btm_ble_process_adv_addr: bda=66:3e:07:e0:2b:d4
09-01 14:28:43.453 D/BluetoothUtils( 8588): blockedByLocationOff callingUid=1002
09-01 14:28:43.453 I/BluetoothUtils( 8588): packagename is android.uid.bluetooth:1002 ,and its permission is false
09-01 14:28:43.453 D/BluetoothUtils( 8588): blockedByLocationOff callingUid=1002
09-01 14:28:43.454 I/BluetoothUtils( 8588): packagename is android.uid.bluetooth:1002 ,and its permission is false
09-01 14:28:43.454 D/BluetoothUtils( 8588): blockedByLocationOff callingUid=1002
09-01 14:28:43.454 I/BluetoothUtils( 8588): packagename is android.uid.bluetooth:1002 ,and its permission is false
09-01 14:28:43.458 V/bt_stack( 8588): [VERBOSE1:btm_ble_gap.cc(1923)] btm_ble_process_ext_adv_pkt: bda=3a:23:cb:4a:85:2d
09-01 14:28:43.458 V/bt_stack( 8588): [VERBOSE1:btm_ble_gap.cc(1847)] btm_ble_process_adv_addr: bda=3a:23:cb:4a:85:2d
09-01 14:28:43.459 D/BluetoothUtils( 8588): blockedByLocationOff callingUid=1002
09-01 14:28:43.460 I/BluetoothUtils( 8588): packagename is android.uid.bluetooth:1002 ,and its permission is false
09-01 14:28:43.460 D/BluetoothUtils( 8588): blockedByLocationOff callingUid=1002
09-01 14:28:43.460 I/BluetoothUtils( 8588): packagename is android.uid.bluetooth:1002 ,and its permission is false
09-01 14:28:43.460 D/BluetoothUtils( 8588): blockedByLocationOff callingUid=1002
09-01 14:28:43.460 I/BluetoothUtils( 8588): packagename is android.uid.bluetooth:1002 ,and its permission is false
09-01 14:28:43.461 V/bt_stack( 8588): [VERBOSE1:btm_ble_gap.cc(1923)] btm_ble_process_ext_adv_pkt: bda=0c:1a:06:0e:96:57
09-01 14:28:43.461 V/bt_stack( 8588): [VERBOSE1:btm_ble_gap.cc(1847)] btm_ble_process_adv_addr: bda=0c:1a:06:0e:96:57
09-01 14:28:43.462 D/BluetoothUtils( 8588): blockedByLocationOff callingUid=1002
09-01 14:28:43.462 I/BluetoothUtils( 8588): packagename is android.uid.bluetooth:1002 ,and its permission is false
09-01 14:28:43.462 D/BluetoothUtils( 8588): blockedByLocationOff callingUid=1002
09-01 14:28:43.462 I/BluetoothUtils( 8588): packagename is android.uid.bluetooth:1002 ,and its permission is false
09-01 14:28:43.462 D/BluetoothUtils( 8588): blockedByLocationOff callingUid=1002
09-01 14:28:43.463 I/BluetoothUtils( 8588): packagename is android.uid.bluetooth:1002 ,and its permission is false
09-01 14:28:43.472 V/bt_stack( 8588): [VERBOSE1:btm_ble_gap.cc(1923)] btm_ble_process_ext_adv_pkt: bda=67:f6:87:88:9f:40
09-01 14:28:43.472 V/bt_stack( 8588): [VERBOSE1:btm_ble_gap.cc(1847)] btm_ble_process_adv_addr: bda=67:f6:87:88:9f:40
09-01 14:28:43.472 V/bt_stack( 8588): [VERBOSE1:btm_ble_gap.cc(2052)]  Waiting for scan response 67:f6:87:88:9f:40
09-01 14:28:43.481 V/bt_stack( 8588): [VERBOSE1:btm_ble_gap.cc(1923)] btm_ble_process_ext_adv_pkt: bda=49:b3:88:ba:38:5b
09-01 14:28:43.481 V/bt_stack( 8588): [VERBOSE1:btm_ble_gap.cc(1847)] btm_ble_process_adv_addr: bda=49:b3:88:ba:38:5b
09-01 14:28:43.481 V/bt_stack( 8588): [VERBOSE1:btm_ble_gap.cc(2052)]  Waiting for scan response 49:b3:88:ba:38:5b
09-01 14:28:43.482 V/bt_stack( 8588): [VERBOSE1:btm_ble_gap.cc(1923)] btm_ble_process_ext_adv_pkt: bda=07:e4:7f:b4:5f:d9
09-01 14:28:43.482 V/bt_stack( 8588): [VERBOSE1:btm_ble_gap.cc(1847)] btm_ble_process_adv_addr: bda=07:e4:7f:b4:5f:d9
09-01 14:28:43.482 V/bt_stack( 8588): [VERBOSE1:btm_ble_gap.cc(1923)] btm_ble_process_ext_adv_pkt: bda=17:be:83:99:5a:17
09-01 14:28:43.482 V/bt_stack( 8588): [VERBOSE1:btm_ble_gap.cc(1847)] btm_ble_process_adv_addr: bda=17:be:83:99:5a:17
09-01 14:28:43.484 D/BluetoothUtils( 8588): blockedByLocationOff callingUid=1002
09-01 14:28:43.484 I/BluetoothUtils( 8588): packagename is android.uid.bluetooth:1002 ,and its permission is false
09-01 14:28:43.484 D/BluetoothUtils( 8588): blockedByLocationOff callingUid=1002
09-01 14:28:43.484 I/BluetoothUtils( 8588): packagename is android.uid.bluetooth:1002 ,and its permission is false
09-01 14:28:43.485 D/BluetoothUtils( 8588): blockedByLocationOff callingUid=1002
09-01 14:28:43.485 I/BluetoothUtils( 8588): packagename is android.uid.bluetooth:1002 ,and its permission is false
09-01 14:28:43.485 V/bt_stack( 8588): [VERBOSE1:btm_ble_gap.cc(1923)] btm_ble_process_ext_adv_pkt: bda=38:f9:d3:45:87:1e
09-01 14:28:43.485 V/bt_stack( 8588): [VERBOSE1:btm_ble_gap.cc(1847)] btm_ble_process_adv_addr: bda=38:f9:d3:45:87:1e
09-01 14:28:43.485 V/bt_stack( 8588): [VERBOSE1:btm_ble_gap.cc(2052)]  Waiting for scan response 38:f9:d3:45:87:1e
09-01 14:28:43.485 V/bt_stack( 8588): [VERBOSE1:btm_ble_gap.cc(1923)] btm_ble_process_ext_adv_pkt: bda=38:f9:d3:45:87:1e
09-01 14:28:43.485 V/bt_stack( 8588): [VERBOSE1:btm_ble_gap.cc(1847)] btm_ble_process_adv_addr: bda=38:f9:d3:45:87:1e
09-01 14:28:43.486 D/BluetoothUtils( 8588): blockedByLocationOff callingUid=1002
09-01 14:28:43.486 I/BluetoothUtils( 8588): packagename is android.uid.bluetooth:1002 ,and its permission is false
09-01 14:28:43.486 D/BluetoothUtils( 8588): blockedByLocationOff callingUid=1002
09-01 14:28:43.487 I/BluetoothUtils( 8588): packagename is android.uid.bluetooth:1002 ,and its permission is false
09-01 14:28:43.487 D/BluetoothUtils( 8588): blockedByLocationOff callingUid=1002
09-01 14:28:43.487 I/BluetoothUtils( 8588): packagename is android.uid.bluetooth:1002 ,and its permission is false
09-01 14:28:43.488 D/BluetoothUtils( 8588): blockedByLocationOff callingUid=1002
09-01 14:28:43.488 I/BluetoothUtils( 8588): packagename is android.uid.bluetooth:1002 ,and its permission is false
09-01 14:28:43.488 D/BluetoothUtils( 8588): blockedByLocationOff callingUid=1002
09-01 14:28:43.488 I/BluetoothUtils( 8588): packagename is android.uid.bluetooth:1002 ,and its permission is false
09-01 14:28:43.489 D/BluetoothUtils( 8588): blockedByLocationOff callingUid=1002
09-01 14:28:43.489 I/BluetoothUtils( 8588): packagename is android.uid.bluetooth:1002 ,and its permission is false
09-01 14:28:43.499 V/bt_stack( 8588): [VERBOSE1:btm_ble_gap.cc(1923)] btm_ble_process_ext_adv_pkt: bda=70:33:97:a2:2a:78
09-01 14:28:43.499 V/bt_stack( 8588): [VERBOSE1:btm_ble_gap.cc(1847)] btm_ble_process_adv_addr: bda=70:33:97:a2:2a:78
09-01 14:28:43.499 V/bt_stack( 8588): [VERBOSE1:btm_ble_gap.cc(2052)]  Waiting for scan response 70:33:97:a2:2a:78
09-01 14:28:43.499 V/bt_stack( 8588): [VERBOSE1:btm_ble_gap.cc(1923)] btm_ble_process_ext_adv_pkt: bda=07:5a:b0:04:f2:ba
09-01 14:28:43.499 V/bt_stack( 8588): [VERBOSE1:btm_ble_gap.cc(1847)] btm_ble_process_adv_addr: bda=07:5a:b0:04:f2:ba
09-01 14:28:43.500 D/BluetoothUtils( 8588): blockedByLocationOff callingUid=1002
09-01 14:28:43.501 I/BluetoothUtils( 8588): packagename is android.uid.bluetooth:1002 ,and its permission is false
09-01 14:28:43.501 D/BluetoothUtils( 8588): blockedByLocationOff callingUid=1002
09-01 14:28:43.501 I/BluetoothUtils( 8588): packagename is android.uid.bluetooth:1002 ,and its permission is false
09-01 14:28:43.501 D/BluetoothUtils( 8588): blockedByLocationOff callingUid=1002
09-01 14:28:43.501 I/BluetoothUtils( 8588): packagename is android.uid.bluetooth:1002 ,and its permission is false
09-01 14:28:43.501 V/bt_stack( 8588): [VERBOSE1:btm_ble_gap.cc(1923)] btm_ble_process_ext_adv_pkt: bda=63:e7:6b:57:ac:90
09-01 14:28:43.502 V/bt_stack( 8588): [VERBOSE1:btm_ble_gap.cc(1847)] btm_ble_process_adv_addr: bda=63:e7:6b:57:ac:90
09-01 14:28:43.502 V/bt_stack( 8588): [VERBOSE1:btm_ble_gap.cc(2052)]  Waiting for scan response 63:e7:6b:57:ac:90
09-01 14:28:43.502 V/bt_stack( 8588): [VERBOSE1:btm_ble_gap.cc(1923)] btm_ble_process_ext_adv_pkt: bda=63:e7:6b:57:ac:90
09-01 14:28:43.502 V/bt_stack( 8588): [VERBOSE1:btm_ble_gap.cc(1847)] btm_ble_process_adv_addr: bda=63:e7:6b:57:ac:90
09-01 14:28:43.503 D/BluetoothUtils( 8588): blockedByLocationOff callingUid=1002
09-01 14:28:43.504 I/BluetoothUtils( 8588): packagename is android.uid.bluetooth:1002 ,and its permission is false
