09-01 14:28:42.561 I/BluetoothUtils( 8588): packagename is android.uid.bluetooth:1002 ,and its permission is false
09-01 14:28:42.561 D/BluetoothUtils( 8588): blockedByLocationOff callingUid=1002
09-01 14:28:42.564 I/BluetoothUtils( 8588): packagename is android.uid.bluetooth:1002 ,and its permission is false
09-01 14:28:42.564 D/BluetoothUtils( 8588): blockedByLocationOff callingUid=1002
09-01 14:28:42.566 I/BluetoothUtils( 8588): packagename is android.uid.bluetooth:1002 ,and its permission is false
09-01 14:28:42.568 V/bt_stack( 8588): [VERBOSE1:btm_ble_gap.cc(1923)] btm_ble_process_ext_adv_pkt: bda=c5:a0:8f:2d:86:2c
09-01 14:28:42.568 V/bt_stack( 8588): [VERBOSE1:btm_ble_gap.cc(1847)] btm_ble_process_adv_addr: bda=c5:a0:8f:2d:86:2c
09-01 14:28:42.568 V/bt_stack( 8588): [VERBOSE1:btm_ble_gap.cc(2052)]  Waiting for scan response c5:a0:8f:2d:86:2c
09-01 14:28:42.568 V/bt_stack( 8588): [VERBOSE1:btm_ble_gap.cc(1923)] btm_ble_process_ext_adv_pkt: bda=07:5a:b0:04:f2:ba
09-01 14:28:42.568 V/bt_stack( 8588): [VERBOSE1:btm_ble_gap.cc(1847)] btm_ble_process_adv_addr: bda=07:5a:b0:04:f2:ba
09-01 14:28:42.569 V/bt_stack( 8588): [VERBOSE1:btm_ble_gap.cc(1923)] btm_ble_process_ext_adv_pkt: bda=19:30:6d:c4:b5:5b
09-01 14:28:42.569 V/bt_stack( 8588): [VERBOSE1:btm_ble_gap.cc(1847)] btm_ble_process_adv_addr: bda=19:30:6d:c4:b5:5b
09-01 14:28:42.570 D/BluetoothUtils( 8588): blockedByLocationOff callingUid=1002
09-01 14:28:42.571 I/BluetoothUtils( 8588): packagename is android.uid.bluetooth:1002 ,and its permission is false
09-01 14:28:42.571 D/BluetoothUtils( 8588): blockedByLocationOff callingUid=1002
09-01 14:28:42.571 I/BluetoothUtils( 8588): packagename is android.uid.bluetooth:1002 ,and its permission is false
09-01 14:28:42.571 D/BluetoothUtils( 8588): blockedByLocationOff callingUid=1002
09-01 14:28:42.571 D/ActivityTrigger( 1639): ActivityTrigger activityPauseTrigger 
09-01 14:28:42.571 I/BluetoothUtils( 8588): packagename is android.uid.bluetooth:1002 ,and its permission is false
09-01 14:28:42.572 D/BluetoothUtils( 8588): blockedByLocationOff callingUid=1002
09-01 14:28:42.573 I/BluetoothUtils( 8588): packagename is android.uid.bluetooth:1002 ,and its permission is false
09-01 14:28:42.573 D/BluetoothUtils( 8588): blockedByLocationOff callingUid=1002
09-01 14:28:42.573 I/BluetoothUtils( 8588): packagename is android.uid.bluetooth:1002 ,and its permission is false
09-01 14:28:42.573 D/BluetoothUtils( 8588): blockedByLocationOff callingUid=1002
09-01 14:28:42.573 I/BluetoothUtils( 8588): packagename is android.uid.bluetooth:1002 ,and its permission is false
--------- beginning of system
09-01 14:28:42.586 D/WindowManager( 1639): Input focus has changed to null
09-01 14:28:42.596 I/Timeline( 1639): Timeline: App_transition_ready time:211288613
09-01 14:28:42.597 I/appium  ( 6878): Waiting up to 10000ms for device to be idle
09-01 14:28:42.598 I/appium  ( 6878): AppiumResponse: {"sessionId":"64258e99-4a1a-4f26-b5bc-da02a53421ad","value":null}
09-01 14:28:42.602 I/MiuiNetworkPolicy( 1639): updateUidState uid = 10062, uidState = 20
09-01 14:28:42.603 I/MiuiNetworkPolicy( 1639): updateMLUid uid:10062,old:16,new:20
09-01 14:28:42.603 I/MiuiNetworkPolicy( 1639): isMLEnabled state:16,uid:10062,connect:DISCONNECTED
09-01 14:28:42.603 I/MiuiNetworkPolicy( 1639): isMLEnabled state:20,uid:10062,connect:DISCONNECTED
09-01 14:28:42.606 D/RecentsImpl( 7676): mActivityStateObserver com.huami.fittime.ui.profile.ProfileActivity
09-01 14:28:42.609 I/vendor.qti.bluetooth@1.0-ibs_handler(19843): ProcessIbsCmd: Received IBS_SLEEP_IND: 0xFE
09-01 14:28:42.609 D/vendor.qti.bluetooth@1.0-ibs_handler(19843): SerialClockVote: vote for UART CLK OFF
09-01 14:28:42.609 W/AsyncHttpResponse( 6941): Current thread has not called Looper.prepare().Forcing synchronous mode
09-01 14:28:42.612 I/Timeline( 1639): Timeline: App_transition_ready time:211288629
09-01 14:28:42.612 D/WindowManager( 1639): Input focus has changed to Window{4a47d52 u0 com.xiaomi.hm.health/com.huami.fittime.ui.profile.ProfileActivity}
09-01 14:28:42.616 I/vendor.qti.bluetooth@1.0-ibs_handler(19843): ProcessIbsCmd: Received IBS_WAKE_IND: 0xFD
09-01 14:28:42.616 D/vendor.qti.bluetooth@1.0-ibs_handler(19843): SerialClockVote: vote for UART CLK ON
09-01 14:28:42.616 I/vendor.qti.bluetooth@1.0-ibs_handler(19843): ProcessIbsCmd: Writing IBS_WAKE_ACK
09-01 14:28:42.617 V/bt_stack( 8588): [VERBOSE1:btm_ble_gap.cc(1923)] btm_ble_process_ext_adv_pkt: bda=ed:f6:4a:96:0d:93
09-01 14:28:42.617 V/bt_stack( 8588): [VERBOSE1:btm_ble_gap.cc(1847)] btm_ble_process_adv_addr: bda=ed:f6:4a:96:0d:93
09-01 14:28:42.617 V/bt_stack( 8588): [VERBOSE1:btm_ble_gap.cc(2052)]  Waiting for scan response ed:f6:4a:96:0d:93
09-01 14:28:42.617 V/bt_stack( 8588): [VERBOSE1:btm_ble_gap.cc(1923)] btm_ble_process_ext_adv_pkt: bda=6a:1a:31:28:a4:f8
09-01 14:28:42.617 V/bt_stack( 8588): [VERBOSE1:btm_ble_gap.cc(1847)] btm_ble_process_adv_addr: bda=6a:1a:31:28:a4:f8
09-01 14:28:42.618 D/BluetoothUtils( 8588): blockedByLocationOff callingUid=1002
09-01 14:28:42.620 I/BluetoothUtils( 8588): packagename is android.uid.bluetooth:1002 ,and its permission is false
09-01 14:28:42.620 D/BluetoothUtils( 8588): blockedByLocationOff callingUid=1002
09-01 14:28:42.621 I/BluetoothUtils( 8588): packagename is android.uid.bluetooth:1002 ,and its permission is false
09-01 14:28:42.621 D/BluetoothUtils( 8588): blockedByLocationOff callingUid=1002
09-01 14:28:42.621 I/BluetoothUtils( 8588): packagename is android.uid.bluetooth:1002 ,and its permission is false
09-01 14:28:42.621 I/Timeline( 1639): Timeline: App_transition_ready time:211288638
09-01 14:28:42.626 V/bt_stack( 8588): [VERBOSE1:btm_ble_gap.cc(1923)] btm_ble_process_ext_adv_pkt: bda=2d:8f:df:c2:a9:d4
09-01 14:28:42.626 V/bt_stack( 8588): [VERBOSE1:btm_ble_gap.cc(1847)] btm_ble_process_adv_addr: bda=2d:8f:df:c2:a9:d4
09-01 14:28:42.626 D/BluetoothUtils( 8588): blockedByLocationOff callingUid=1002
09-01 14:28:42.627 I/BluetoothUtils( 8588): packagename is android.uid.bluetooth:1002 ,and its permission is false
09-01 14:28:42.627 D/BluetoothUtils( 8588): blockedByLocationOff callingUid=1002
09-01 14:28:42.627 I/BluetoothUtils( 8588): packagename is android.uid.bluetooth:1002 ,and its permission is false
09-01 14:28:42.627 D/BluetoothUtils( 8588): blockedByLocationOff callingUid=1002
09-01 14:28:42.627 I/BluetoothUtils( 8588): packagename is android.uid.bluetooth:1002 ,and its permission is false
09-01 14:28:42.628 I/SplashScreenServiceDelegate( 1639): None for com.xiaomi.hm.health
09-01 14:28:42.632 V/bt_stack( 8588): [VERBOSE1:btm_ble_gap.cc(1923)] btm_ble_process_ext_adv_pkt: bda=0a:29:89:b7:c8:4a
09-01 14:28:42.632 V/bt_stack( 8588): [VERBOSE1:btm_ble_gap.cc(1847)] btm_ble_process_adv_addr: bda=0a:29:89:b7:c8:4a
09-01 14:28:42.633 D/BluetoothUtils( 8588): blockedByLocationOff callingUid=1002
09-01 14:28:42.633 I/BluetoothUtils( 8588): packagename is android.uid.bluetooth:1002 ,and its permission is false
09-01 14:28:42.633 D/BluetoothUtils( 8588): blockedByLocationOff callingUid=1002
09-01 14:28:42.634 I/BluetoothUtils( 8588): packagename is android.uid.bluetooth:1002 ,and its permission is false
09-01 14:28:42.634 D/BluetoothUtils( 8588): blockedByLocationOff callingUid=1002
09-01 14:28:42.634 I/BluetoothUtils( 8588): packagename is android.uid.bluetooth:1002 ,and its permission is false
09-01 14:28:42.634 V/bt_stack( 8588): [VERBOSE1:btm_ble_gap.cc(1923)] btm_ble_process_ext_adv_pkt: bda=2e:17:70:f9:0b:48
09-01 14:28:42.634 V/bt_stack( 8588): [VERBOSE1:btm_ble_gap.cc(1847)] btm_ble_process_adv_addr: bda=2e:17:70:f9:0b:48
09-01 14:28:42.635 D/BluetoothUtils( 8588): blockedByLocationOff callingUid=1002
09-01 14:28:42.635 I/BluetoothUtils( 8588): packagename is android.uid.bluetooth:1002 ,and its permission is false
09-01 14:28:42.636 D/BluetoothUtils( 8588): blockedByLocationOff callingUid=1002
09-01 14:28:42.636 I/BluetoothUtils( 8588): packagename is android.uid.bluetooth:1002 ,and its permission is false
09-01 14:28:42.636 D/BluetoothUtils( 8588): blockedByLocationOff callingUid=1002
09-01 14:28:42.636 I/BluetoothUtils( 8588): packagename is android.uid.bluetooth:1002 ,and its permission is false
09-01 14:28:42.637 I/appium  ( 6878): channel read invoked!
09-01 14:28:42.638 I/appium  ( 6878): channel read: POST /wd/hub/session/64258e99-4a1a-4f26-b5bc-da02a53421ad/element
09-01 14:28:42.639 I/appium  ( 6878): Find element command using 'id' with selector 'ft_profile_msg_tv'.
09-01 14:28:42.639 I/appium  ( 6878): Waiting up to 10000ms for device to be idle
09-01 14:28:42.640 V/bt_stack( 8588): [VERBOSE1:btm_ble_gap.cc(1923)] btm_ble_process_ext_adv_pkt: bda=24:65:c8:81:ba:6f
09-01 14:28:42.640 V/bt_stack( 8588): [VERBOSE1:btm_ble_gap.cc(1847)] btm_ble_process_adv_addr: bda=24:65:c8:81:ba:6f
09-01 14:28:42.640 D/BluetoothUtils( 8588): blockedByLocationOff callingUid=1002
09-01 14:28:42.641 I/BluetoothUtils( 8588): packagename is android.uid.bluetooth:1002 ,and its permission is false
09-01 14:28:42.641 D/BluetoothUtils( 8588): blockedByLocationOff callingUid=1002
09-01 14:28:42.641 I/BluetoothUtils( 8588): packagename is android.uid.bluetooth:1002 ,and its permission is false
09-01 14:28:42.641 D/BluetoothUtils( 8588): blockedByLocationOff callingUid=1002
09-01 14:28:42.641 V/bt_stack( 8588): [VERBOSE1:btm_ble_gap.cc(1923)] btm_ble_process_ext_adv_pkt: bda=17:be:83:99:5a:17
09-01 14:28:42.641 V/bt_stack( 8588): [VERBOSE1:btm_ble_gap.cc(1847)] btm_ble_process_adv_addr: bda=17:be:83:99:5a:17
09-01 14:28:42.641 I/BluetoothUtils( 8588): packagename is android.uid.bluetooth:1002 ,and its permission is false
09-01 14:28:42.642 D/BluetoothUtils( 8588): blockedByLocationOff callingUid=1002
09-01 14:28:42.642 I/BluetoothUtils( 8588): packagename is android.uid.bluetooth:1002 ,and its permission is false
09-01 14:28:42.642 D/BluetoothUtils( 8588): blockedByLocationOff callingUid=1002
09-01 14:28:42.642 I/BluetoothUtils( 8588): packagename is android.uid.bluetooth:1002 ,and its permission is false
09-01 14:28:42.642 D/BluetoothUtils( 8588): blockedByLocationOff callingUid=1002
09-01 14:28:42.642 I/BluetoothUtils( 8588): packagename is android.uid.bluetooth:1002 ,and its permission is false
09-01 14:28:42.658 V/bt_stack( 8588): [VERBOSE1:btm_ble_gap.cc(1923)] btm_ble_process_ext_adv_pkt: bda=77:70:e9:20:dc:cd
09-01 14:28:42.658 V/bt_stack( 8588): [VERBOSE1:btm_ble_gap.cc(1847)] btm_ble_process_adv_addr: bda=77:70:e9:20:dc:cd
09-01 14:28:42.659 D/BluetoothUtils( 8588): blockedByLocationOff callingUid=1002
09-01 14:28:42.659 I/BluetoothUtils( 8588): packagename is android.uid.bluetooth:1002 ,and its permission is false
09-01 14:28:42.659 D/BluetoothUtils( 8588): blockedByLocationOff callingUid=1002
09-01 14:28:42.660 I/BluetoothUtils( 8588): packagename is android.uid.bluetooth:1002 ,and its permission is false
09-01 14:28:42.660 D/BluetoothUtils( 8588): blockedByLocationOff callingUid=1002
09-01 14:28:42.660 I/BluetoothUtils( 8588): packagename is android.uid.bluetooth:1002 ,and its permission is false
09-01 14:28:42.667 V/AsyncHttpResponse( 6941): Progress 866 from 866 (100%)
09-01 14:28:42.684 V/bt_stack( 8588): [VERBOSE1:btm_ble_gap.cc(1923)] btm_ble_process_ext_adv_pkt: bda=67:ec:83:7e:42:50
09-01 14:28:42.684 V/bt_stack( 8588): [VERBOSE1:btm_ble_gap.cc(1847)] btm_ble_process_adv_addr: bda=67:ec:83:7e:42:50
09-01 14:28:42.684 V/bt_stack( 8588): [VERBOSE1:btm_ble_gap.cc(2052)]  Waiting for scan response 67:ec:83:7e:42:50
09-01 14:28:42.684 V/bt_stack( 8588): [VERBOSE1:btm_ble_gap.cc(1923)] btm_ble_process_ext_adv_pkt: bda=67:ec:83:7e:42:50
09-01 14:28:42.684 V/bt_stack( 8588): [VERBOSE1:btm_ble_gap.cc(1847)] btm_ble_process_adv_addr: bda=67:ec:83:7e:42:50
09-01 14:28:42.685 D/BluetoothUtils( 8588): blockedByLocationOff callingUid=1002
09-01 14:28:42.685 I/BluetoothUtils( 8588): packagename is android.uid.bluetooth:1002 ,and its permission is false
09-01 14:28:42.685 D/BluetoothUtils( 8588): blockedByLocationOff callingUid=1002
09-01 14:28:42.686 I/BluetoothUtils( 8588): packagename is android.uid.bluetooth:1002 ,and its permission is false
09-01 14:28:42.686 D/BluetoothUtils( 8588): blockedByLocationOff callingUid=1002
09-01 14:28:42.686 V/bt_stack( 8588): [VERBOSE1:btm_ble_gap.cc(1923)] btm_ble_process_ext_adv_pkt: bda=2a:99:8c:12:d1:b1
09-01 14:28:42.686 V/bt_stack( 8588): [VERBOSE1:btm_ble_gap.cc(1847)] btm_ble_process_adv_addr: bda=2a:99:8c:12:d1:b1
09-01 14:28:42.686 I/BluetoothUtils( 8588): packagename is android.uid.bluetooth:1002 ,and its permission is false
09-01 14:28:42.686 D/BluetoothUtils( 8588): blockedByLocationOff callingUid=1002
09-01 14:28:42.687 I/BluetoothUtils( 8588): packagename is android.uid.bluetooth:1002 ,and its permission is false
09-01 14:28:42.687 D/BluetoothUtils( 8588): blockedByLocationOff callingUid=1002
09-01 14:28:42.687 I/BluetoothUtils( 8588): packagename is android.uid.bluetooth:1002 ,and its permission is false
09-01 14:28:42.687 D/BluetoothUtils( 8588): blockedByLocationOff callingUid=1002
09-01 14:28:42.687 I/BluetoothUtils( 8588): packagename is android.uid.bluetooth:1002 ,and its permission is false
09-01 14:28:42.690 V/bt_stack( 8588): [VERBOSE1:btm_ble_gap.cc(1923)] btm_ble_process_ext_adv_pkt: bda=63:e7:6b:57:ac:90
09-01 14:28:42.690 V/bt_stack( 8588): [VERBOSE1:btm_ble_gap.cc(1847)] btm_ble_process_adv_addr: bda=63:e7:6b:57:ac:90
09-01 14:28:42.690 V/bt_stack( 8588): [VERBOSE1:btm_ble_gap.cc(2052)]  Waiting for scan response 63:e7:6b:57:ac:90
09-01 14:28:42.690 V/bt_stack( 8588): [VERBOSE1:btm_ble_gap.cc(1923)] btm_ble_process_ext_adv_pkt: bda=63:e7:6b:57:ac:90
09-01 14:28:42.690 V/bt_stack( 8588): [VERBOSE1:btm_ble_gap.cc(1847)] btm_ble_process_adv_addr: bda=63:e7:6b:57:ac:90
09-01 14:28:42.691 D/BluetoothUtils( 8588): blockedByLocationOff callingUid=1002
09-01 14:28:42.691 I/BluetoothUtils( 8588): packagename is android.uid.bluetooth:1002 ,and its permission is false
09-01 14:28:42.691 D/BluetoothUtils( 8588): blockedByLocationOff callingUid=1002
09-01 14:28:42.691 I/BluetoothUtils( 8588): packagename is android.uid.bluetooth:1002 ,and its permission is false
09-01 14:28:42.691 D/BluetoothUtils( 8588): blockedByLocationOff callingUid=1002
09-01 14:28:42.691 I/BluetoothUtils( 8588): packagename is android.uid.bluetooth:1002 ,and its permission is false
09-01 14:28:42.695 W/RecentsModel( 7676): onTaskStackChangedBackground: start loading
09-01 14:28:42.696 W/RecentsModel( 7676): getTaskInfoIgnoreHomeAndSplit   taskInfo=ComponentInfo{com.xiaomi.hm.health/com.xiaomi.hm.health.activity.MainTabActivity}
09-01 14:28:42.696 W/RecentsModel( 7676): getTaskInfoIgnoreHomeAndFreeform   taskInfo=ComponentInfo{com.xiaomi.hm.health/com.xiaomi.hm.health.activity.MainTabActivity}
09-01 14:28:42.697 W/RecentsModel( 7676): getTaskInfoIgnoreFreeform   taskInfo=ComponentInfo{com.xiaomi.hm.health/com.xiaomi.hm.health.activity.MainTabActivity}
09-01 14:28:42.697 W/RecentsModel( 7676): onTaskStackChangedBackground: finishLoading loading
09-01 14:28:42.701 V/bt_stack( 8588): [VERBOSE1:btm_ble_gap.cc(1923)] btm_ble_process_ext_adv_pkt: bda=11:82:f5:89:45:91
09-01 14:28:42.701 V/bt_stack( 8588): [VERBOSE1:btm_ble_gap.cc(1847)] btm_ble_process_adv_addr: bda=11:82:f5:89:45:91
09-01 14:28:42.701 D/BluetoothUtils( 8588): blockedByLocationOff callingUid=1002
09-01 14:28:42.702 I/BluetoothUtils( 8588): packagename is android.uid.bluetooth:1002 ,and its permission is false
09-01 14:28:42.702 D/BluetoothUtils( 8588): blockedByLocationOff callingUid=1002
09-01 14:28:42.702 I/BluetoothUtils( 8588): packagename is android.uid.bluetooth:1002 ,and its permission is false
09-01 14:28:42.702 D/BluetoothUtils( 8588): blockedByLocationOff callingUid=1002
09-01 14:28:42.702 I/BluetoothUtils( 8588): packagename is android.uid.bluetooth:1002 ,and its permission is false
09-01 14:28:42.710 V/bt_stack( 8588): [VERBOSE1:btm_ble_gap.cc(1923)] btm_ble_process_ext_adv_pkt: bda=46:60:09:cb:cf:ec
09-01 14:28:42.710 V/bt_stack( 8588): [VERBOSE1:btm_ble_gap.cc(1847)] btm_ble_process_adv_addr: bda=46:60:09:cb:cf:ec
09-01 14:28:42.710 V/bt_stack( 8588): [VERBOSE1:btm_ble_gap.cc(2052)]  Waiting for scan response 46:60:09:cb:cf:ec
09-01 14:28:42.714 V/bt_stack( 8588): [VERBOSE1:btm_ble_gap.cc(1923)] btm_ble_process_ext_adv_pkt: bda=dd:ea:7d:df:1e:c3
09-01 14:28:42.714 V/bt_stack( 8588): [VERBOSE1:btm_ble_gap.cc(1847)] btm_ble_process_adv_addr: bda=dd:ea:7d:df:1e:c3
09-01 14:28:42.714 V/bt_stack( 8588): [VERBOSE1:btm_ble_gap.cc(2052)]  Waiting for scan response dd:ea:7d:df:1e:c3
09-01 14:28:42.719 V/bt_stack( 8588): [VERBOSE1:btm_ble_gap.cc(1923)] btm_ble_process_ext_adv_pkt: bda=70:33:97:a2:2a:78
09-01 14:28:42.719 V/bt_stack( 8588): [VERBOSE1:btm_ble_gap.cc(1847)] btm_ble_process_adv_addr: bda=70:33:97:a2:2a:78
09-01 14:28:42.719 V/bt_stack( 8588): [VERBOSE1:btm_ble_gap.cc(2052)]  Waiting for scan response 70:33:97:a2:2a:78
09-01 14:28:42.726 V/bt_stack( 8588): [VERBOSE1:btm_ble_gap.cc(1923)] btm_ble_process_ext_adv_pkt: bda=66:3e:07:e0:2b:d4
09-01 14:28:42.726 V/bt_stack( 8588): [VERBOSE1:btm_ble_gap.cc(1847)] btm_ble_process_adv_addr: bda=66:3e:07:e0:2b:d4
09-01 14:28:42.726 V/bt_stack( 8588): [VERBOSE1:btm_ble_gap.cc(2052)]  Waiting for scan response 66:3e:07:e0:2b:d4
09-01 14:28:42.726 V/bt_stack( 8588): [VERBOSE1:btm_ble_gap.cc(1923)] btm_ble_process_ext_adv_pkt: bda=2d:8f:df:c2:a9:d4
09-01 14:28:42.726 V/bt_stack( 8588): [VERBOSE1:btm_ble_gap.cc(1847)] btm_ble_process_adv_addr: bda=2d:8f:df:c2:a9:d4
09-01 14:28:42.726 D/BluetoothUtils( 8588): blockedByLocationOff callingUid=1002
09-01 14:28:42.727 I/BluetoothUtils( 8588): packagename is android.uid.bluetooth:1002 ,and its permission is false
09-01 14:28:42.727 D/BluetoothUtils( 8588): blockedByLocationOff callingUid=1002
09-01 14:28:42.727 I/BluetoothUtils( 8588): packagename is android.uid.bluetooth:1002 ,and its permission is false
09-01 14:28:42.727 D/BluetoothUtils( 8588): blockedByLocationOff callingUid=1002
09-01 14:28:42.727 I/BluetoothUtils( 8588): packagename is android.uid.bluetooth:1002 ,and its permission is false
09-01 14:28:42.731 V/bt_stack( 8588): [VERBOSE1:btm_ble_gap.cc(1923)] btm_ble_process_ext_adv_pkt: bda=0a:29:89:b7:c8:4a
09-01 14:28:42.731 V/bt_stack( 8588): [VERBOSE1:btm_ble_gap.cc(1847)] btm_ble_process_adv_addr: bda=0a:29:89:b7:c8:4a
09-01 14:28:42.732 D/BluetoothUtils( 8588): blockedByLocationOff callingUid=1002
09-01 14:28:42.732 I/BluetoothUtils( 8588): packagename is android.uid.bluetooth:1002 ,and its permission is false
09-01 14:28:42.732 D/BluetoothUtils( 8588): blockedByLocationOff callingUid=1002
09-01 14:28:42.732 I/BluetoothUtils( 8588): packagename is android.uid.bluetooth:1002 ,and its permission is false
09-01 14:28:42.732 D/BluetoothUtils( 8588): blockedByLocationOff callingUid=1002
09-01 14:28:42.732 I/BluetoothUtils( 8588): packagename is android.uid.bluetooth:1002 ,and its permission is false
09-01 14:28:42.735 V/bt_stack( 8588): [VERBOSE1:btm_ble_gap.cc(1923)] btm_ble_process_ext_adv_pkt: bda=3a:23:cb:4a:85:2d
09-01 14:28:42.735 V/bt_stack( 8588): [VERBOSE1:btm_ble_gap.cc(1847)] btm_ble_process_adv_addr: bda=3a:23:cb:4a:85:2d
09-01 14:28:42.736 D/BluetoothUtils( 8588): blockedByLocationOff callingUid=1002
09-01 14:28:42.736 V/bt_stack( 8588): [VERBOSE1:btm_ble_gap.cc(1923)] btm_ble_process_ext_adv_pkt: bda=0c:1a:06:0e:96:57
09-01 14:28:42.736 I/BluetoothUtils( 8588): packagename is android.uid.bluetooth:1002 ,and its permission is false
09-01 14:28:42.736 V/bt_stack( 8588): [VERBOSE1:btm_ble_gap.cc(1847)] btm_ble_process_adv_addr: bda=0c:1a:06:0e:96:57
09-01 14:28:42.736 D/BluetoothUtils( 8588): blockedByLocationOff callingUid=1002
09-01 14:28:42.736 I/BluetoothUtils( 8588): packagename is android.uid.bluetooth:1002 ,and its permission is false
09-01 14:28:42.736 D/BluetoothUtils( 8588): blockedByLocationOff callingUid=1002
09-01 14:28:42.737 I/BluetoothUtils( 8588): packagename is android.uid.bluetooth:1002 ,and its permission is false
09-01 14:28:42.737 D/BluetoothUtils( 8588): blockedByLocationOff callingUid=1002
09-01 14:28:42.737 I/BluetoothUtils( 8588): packagename is android.uid.bluetooth:1002 ,and its permission is false
09-01 14:28:42.737 D/BluetoothUtils( 8588): blockedByLocationOff callingUid=1002
09-01 14:28:42.738 I/BluetoothUtils( 8588): packagename is android.uid.bluetooth:1002 ,and its permission is false
09-01 14:28:42.738 D/BluetoothUtils( 8588): blockedByLocationOff callingUid=1002
09-01 14:28:42.738 I/BluetoothUtils( 8588): packagename is android.uid.bluetooth:1002 ,and its permission is false
09-01 14:28:42.741 V/bt_stack( 8588): [VERBOSE1:btm_ble_gap.cc(1923)] btm_ble_process_ext_adv_pkt: bda=38:f9:d3:45:87:1e
09-01 14:28:42.741 V/bt_stack( 8588): [VERBOSE1:btm_ble_gap.cc(1847)] btm_ble_process_adv_addr: bda=38:f9:d3:45:87:1e
09-01 14:28:42.741 V/bt_stack( 8588): [VERBOSE1:btm_ble_gap.cc(2052)]  Waiting for scan response 38:f9:d3:45:87:1e
09-01 14:28:42.741 V/bt_stack( 8588): [VERBOSE1:btm_ble_gap.cc(1923)] btm_ble_process_ext_adv_pkt: bda=38:f9:d3:45:87:1e
09-01 14:28:42.741 V/bt_stack( 8588): [VERBOSE1:btm_ble_gap.cc(1847)] btm_ble_process_adv_addr: bda=38:f9:d3:45:87:1e
09-01 14:28:42.741 D/BluetoothUtils( 8588): blockedByLocationOff callingUid=1002
09-01 14:28:42.741 I/BluetoothUtils( 8588): packagename is android.uid.bluetooth:1002 ,and its permission is false
09-01 14:28:42.742 D/BluetoothUtils( 8588): blockedByLocationOff callingUid=1002
09-01 14:28:42.742 I/BluetoothUtils( 8588): packagename is android.uid.bluetooth:1002 ,and its permission is false
09-01 14:28:42.742 D/BluetoothUtils( 8588): blockedByLocationOff callingUid=1002
09-01 14:28:42.742 I/BluetoothUtils( 8588): packagename is android.uid.bluetooth:1002 ,and its permission is false
09-01 14:28:42.745 V/bt_stack( 8588): [VERBOSE1:btm_ble_gap.cc(1923)] btm_ble_process_ext_adv_pkt: bda=5b:ac:e3:62:1e:4e
09-01 14:28:42.745 V/bt_stack( 8588): [VERBOSE1:btm_ble_gap.cc(1847)] btm_ble_process_adv_addr: bda=5b:ac:e3:62:1e:4e
09-01 14:28:42.745 D/BluetoothUtils( 8588): blockedByLocationOff callingUid=1002
09-01 14:28:42.746 I/BluetoothUtils( 8588): packagename is android.uid.bluetooth:1002 ,and its permission is false
09-01 14:28:42.746 D/BluetoothUtils( 8588): blockedByLocationOff callingUid=1002
09-01 14:28:42.746 I/BluetoothUtils( 8588): packagename is android.uid.bluetooth:1002 ,and its permission is false
09-01 14:28:42.746 D/BluetoothUtils( 8588): blockedByLocationOff callingUid=1002
09-01 14:28:42.746 I/BluetoothUtils( 8588): packagename is android.uid.bluetooth:1002 ,and its permission is false
09-01 14:28:42.750 V/bt_stack( 8588): [VERBOSE1:btm_ble_gap.cc(1923)] btm_ble_process_ext_adv_pkt: bda=36:c9:49:a0:b6:9d
09-01 14:28:42.750 V/bt_stack( 8588): [VERBOSE1:btm_ble_gap.cc(1847)] btm_ble_process_adv_addr: bda=36:c9:49:a0:b6:9d
09-01 14:28:42.750 D/BluetoothUtils( 8588): blockedByLocationOff callingUid=1002
09-01 14:28:42.751 I/BluetoothUtils( 8588): packagename is android.uid.bluetooth:1002 ,and its permission is false
09-01 14:28:42.751 D/BluetoothUtils( 8588): blockedByLocationOff callingUid=1002
09-01 14:28:42.751 I/BluetoothUtils( 8588): packagename is android.uid.bluetooth:1002 ,and its permission is false
09-01 14:28:42.751 D/BluetoothUtils( 8588): blockedByLocationOff callingUid=1002
09-01 14:28:42.751 I/BluetoothUtils( 8588): packagename is android.uid.bluetooth:1002 ,and its permission is false
09-01 14:28:42.765 V/bt_stack( 8588): [VERBOSE1:btm_ble_gap.cc(1923)] btm_ble_process_ext_adv_pkt: bda=53:56:a8:ef:e5:80
09-01 14:28:42.765 V/bt_stack( 8588): [VERBOSE1:btm_ble_gap.cc(1847)] btm_ble_process_adv_addr: bda=53:56:a8:ef:e5:80
09-01 14:28:42.765 V/bt_stack( 8588): [VERBOSE1:btm_ble_gap.cc(2052)]  Waiting for scan response 53:56:a8:ef:e5:80
09-01 14:28:42.765 V/bt_stack( 8588): [VERBOSE1:btm_ble_gap.cc(1923)] btm_ble_process_ext_adv_pkt: bda=53:56:a8:ef:e5:80
09-01 14:28:42.765 V/bt_stack( 8588): [VERBOSE1:btm_ble_gap.cc(1847)] btm_ble_process_adv_addr: bda=53:56:a8:ef:e5:80
09-01 14:28:42.766 D/BluetoothUtils( 8588): blockedByLocationOff callingUid=1002
09-01 14:28:42.766 I/BluetoothUtils( 8588): packagename is android.uid.bluetooth:1002 ,and its permission is false
09-01 14:28:42.766 D/BluetoothUtils( 8588): blockedByLocationOff callingUid=1002
09-01 14:28:42.766 I/BluetoothUtils( 8588): packagename is android.uid.bluetooth:1002 ,and its permission is false
09-01 14:28:42.766 D/BluetoothUtils( 8588): blockedByLocationOff callingUid=1002
09-01 14:28:42.767 I/BluetoothUtils( 8588): packagename is android.uid.bluetooth:1002 ,and its permission is false
09-01 14:28:42.769 V/bt_stack( 8588): [VERBOSE1:btm_ble_gap.cc(1923)] btm_ble_process_ext_adv_pkt: bda=f7:46:5c:bc:40:f9
09-01 14:28:42.769 V/bt_stack( 8588): [VERBOSE1:btm_ble_gap.cc(1847)] btm_ble_process_adv_addr: bda=f7:46:5c:bc:40:f9
09-01 14:28:42.769 V/bt_stack( 8588): [VERBOSE1:btm_ble_gap.cc(2052)]  Waiting for scan response f7:46:5c:bc:40:f9
09-01 14:28:42.769 V/bt_stack( 8588): [VERBOSE1:btm_ble_gap.cc(1923)] btm_ble_process_ext_adv_pkt: bda=f7:46:5c:bc:40:f9
09-01 14:28:42.769 V/bt_stack( 8588): [VERBOSE1:btm_ble_gap.cc(1847)] btm_ble_process_adv_addr: bda=f7:46:5c:bc:40:f9
09-01 14:28:42.770 D/BluetoothUtils( 8588): blockedByLocationOff callingUid=1002
09-01 14:28:42.771 I/BluetoothUtils( 8588): packagename is android.uid.bluetooth:1002 ,and its permission is false
09-01 14:28:42.771 D/BluetoothUtils( 8588): blockedByLocationOff callingUid=1002
09-01 14:28:42.771 I/BluetoothUtils( 8588): packagename is android.uid.bluetooth:1002 ,and its permission is false
09-01 14:28:42.771 D/BluetoothUtils( 8588): blockedByLocationOff callingUid=1002
09-01 14:28:42.771 I/BluetoothUtils( 8588): packagename is android.uid.bluetooth:1002 ,and its permission is false
09-01 14:28:42.775 V/bt_stack( 8588): [VERBOSE1:btm_ble_gap.cc(1923)] btm_ble_process_ext_adv_pkt: bda=07:5a:b0:04:f2:ba
09-01 14:28:42.775 V/bt_stack( 8588): [VERBOSE1:btm_ble_gap.cc(1847)] btm_ble_process_adv_addr: bda=07:5a:b0:04:f2:ba
09-01 14:28:42.776 D/BluetoothUtils( 8588): blockedByLocationOff callingUid=1002
09-01 14:28:42.776 I/BluetoothUtils( 8588): packagename is android.uid.bluetooth:1002 ,and its permission is false
09-01 14:28:42.776 D/BluetoothUtils( 8588): blockedByLocationOff callingUid=1002
09-01 14:28:42.776 I/BluetoothUtils( 8588): packagename is android.uid.bluetooth:1002 ,and its permission is false
09-01 14:28:42.776 D/BluetoothUtils( 8588): blockedByLocationOff callingUid=1002
09-01 14:28:42.777 I/BluetoothUtils( 8588): packagename is android.uid.bluetooth:1002 ,and its permission is false
09-01 14:28:42.779 V/bt_stack( 8588): [VERBOSE1:btm_ble_gap.cc(1923)] btm_ble_process_ext_adv_pkt: bda=19:30:6d:c4:b5:5b
09-01 14:28:42.779 V/bt_stack( 8588): [VERBOSE1:btm_ble_gap.cc(1847)] btm_ble_process_adv_addr: bda=19:30:6d:c4:b5:5b
09-01 14:28:42.779 D/BluetoothUtils( 8588): blockedByLocationOff callingUid=1002
09-01 14:28:42.780 I/BluetoothUtils( 8588): packagename is android.uid.bluetooth:1002 ,and its permission is false
09-01 14:28:42.780 D/BluetoothUtils( 8588): blockedByLocationOff callingUid=1002
09-01 14:28:42.780 I/BluetoothUtils( 8588): packagename is android.uid.bluetooth:1002 ,and its permission is false
09-01 14:28:42.780 D/BluetoothUtils( 8588): blockedByLocationOff callingUid=1002
09-01 14:28:42.780 I/BluetoothUtils( 8588): packagename is android.uid.bluetooth:1002 ,and its permission is false
09-01 14:28:42.802 V/bt_stack( 8588): [VERBOSE1:btm_ble_gap.cc(1923)] btm_ble_process_ext_adv_pkt: bda=11:82:f5:89:45:91
09-01 14:28:42.802 V/bt_stack( 8588): [VERBOSE1:btm_ble_gap.cc(1847)] btm_ble_process_adv_addr: bda=11:82:f5:89:45:91
09-01 14:28:42.803 D/BluetoothUtils( 8588): blockedByLocationOff callingUid=1002
09-01 14:28:42.803 I/BluetoothUtils( 8588): packagename is android.uid.bluetooth:1002 ,and its permission is false
09-01 14:28:42.803 D/BluetoothUtils( 8588): blockedByLocationOff callingUid=1002
09-01 14:28:42.804 I/BluetoothUtils( 8588): packagename is android.uid.bluetooth:1002 ,and its permission is false
09-01 14:28:42.804 D/BluetoothUtils( 8588): blockedByLocationOff callingUid=1002
09-01 14:28:42.804 I/BluetoothUtils( 8588): packagename is android.uid.bluetooth:1002 ,and its permission is false
09-01 14:28:42.805 V/bt_stack( 8588): [VERBOSE1:btm_ble_gap.cc(1923)] btm_ble_process_ext_adv_pkt: bda=04:71:24:a7:6f:1c
09-01 14:28:42.806 V/bt_stack( 8588): [VERBOSE1:btm_ble_gap.cc(1847)] btm_ble_process_adv_addr: bda=04:71:24:a7:6f:1c
09-01 14:28:42.806 D/BluetoothUtils( 8588): blockedByLocationOff callingUid=1002
09-01 14:28:42.806 I/BluetoothUtils( 8588): packagename is android.uid.bluetooth:1002 ,and its permission is false
09-01 14:28:42.806 D/BluetoothUtils( 8588): blockedByLocationOff callingUid=1002
09-01 14:28:42.807 I/BluetoothUtils( 8588): packagename is android.uid.bluetooth:1002 ,and its permission is false
09-01 14:28:42.807 D/BluetoothUtils( 8588): blockedByLocationOff callingUid=1002
09-01 14:28:42.807 I/BluetoothUtils( 8588): packagename is android.uid.bluetooth:1002 ,and its permission is false
09-01 14:28:42.827 V/bt_stack( 8588): [VERBOSE1:btm_ble_gap.cc(1923)] btm_ble_process_ext_adv_pkt: bda=6f:0b:e8:0c:78:56
09-01 14:28:42.827 V/bt_stack( 8588): [VERBOSE1:btm_ble_gap.cc(1847)] btm_ble_process_adv_addr: bda=6f:0b:e8:0c:78:56
09-01 14:28:42.827 V/bt_stack( 8588): [VERBOSE1:btm_ble_gap.cc(2052)]  Waiting for scan response 6f:0b:e8:0c:78:56
09-01 14:28:42.827 V/bt_stack( 8588): [VERBOSE1:btm_ble_gap.cc(1923)] btm_ble_process_ext_adv_pkt: bda=10:42:5e:92:d4:eb
09-01 14:28:42.827 V/bt_stack( 8588): [VERBOSE1:btm_ble_gap.cc(1847)] btm_ble_process_adv_addr: bda=10:42:5e:92:d4:eb
09-01 14:28:42.827 V/bt_stack( 8588): [VERBOSE1:btm_ble_gap.cc(1923)] btm_ble_process_ext_adv_pkt: bda=6a:1a:31:28:a4:f8
09-01 14:28:42.827 V/bt_stack( 8588): [VERBOSE1:btm_ble_gap.cc(1847)] btm_ble_process_adv_addr: bda=6a:1a:31:28:a4:f8
09-01 14:28:42.827 D/BluetoothUtils( 8588): blockedByLocationOff callingUid=1002
09-01 14:28:42.828 I/BluetoothUtils( 8588): packagename is android.uid.bluetooth:1002 ,and its permission is false
09-01 14:28:42.828 D/BluetoothUtils( 8588): blockedByLocationOff callingUid=1002
09-01 14:28:42.828 I/BluetoothUtils( 8588): packagename is android.uid.bluetooth:1002 ,and its permission is false
09-01 14:28:42.828 D/BluetoothUtils( 8588): blockedByLocationOff callingUid=1002
09-01 14:28:42.828 I/BluetoothUtils( 8588): packagename is android.uid.bluetooth:1002 ,and its permission is false
09-01 14:28:42.829 D/BluetoothUtils( 8588): blockedByLocationOff callingUid=1002
09-01 14:28:42.829 I/BluetoothUtils( 8588): packagename is android.uid.bluetooth:1002 ,and its permission is false
09-01 14:28:42.829 D/BluetoothUtils( 8588): blockedByLocationOff callingUid=1002
09-01 14:28:42.829 I/BluetoothUtils( 8588): packagename is android.uid.bluetooth:1002 ,and its permission is false
09-01 14:28:42.829 D/BluetoothUtils( 8588): blockedByLocationOff callingUid=1002
09-01 14:28:42.830 I/BluetoothUtils( 8588): packagename is android.uid.bluetooth:1002 ,and its permission is false
09-01 14:28:42.833 V/bt_stack( 8588): [VERBOSE1:btm_ble_gap.cc(1923)] btm_ble_process_ext_adv_pkt: bda=0a:29:89:b7:c8:4a
09-01 14:28:42.833 V/bt_stack( 8588): [VERBOSE1:btm_ble_gap.cc(1847)] btm_ble_process_adv_addr: bda=0a:29:89:b7:c8:4a
09-01 14:28:42.834 D/BluetoothUtils( 8588): blockedByLocationOff callingUid=1002
09-01 14:28:42.834 I/BluetoothUtils( 8588): packagename is android.uid.bluetooth:1002 ,and its permission is false
09-01 14:28:42.834 D/BluetoothUtils( 8588): blockedByLocationOff callingUid=1002
09-01 14:28:42.835 I/BluetoothUtils( 8588): packagename is android.uid.bluetooth:1002 ,and its permission is false
09-01 14:28:42.835 D/BluetoothUtils( 8588): blockedByLocationOff callingUid=1002
09-01 14:28:42.835 I/BluetoothUtils( 8588): packagename is android.uid.bluetooth:1002 ,and its permission is false
09-01 14:28:42.838 V/bt_stack( 8588): [VERBOSE1:btm_ble_gap.cc(1923)] btm_ble_process_ext_adv_pkt: bda=0c:1a:06:0e:96:57
09-01 14:28:42.838 V/bt_stack( 8588): [VERBOSE1:btm_ble_gap.cc(1847)] btm_ble_process_adv_addr: bda=0c:1a:06:0e:96:57
09-01 14:28:42.839 D/BluetoothUtils( 8588): blockedByLocationOff callingUid=1002
09-01 14:28:42.839 I/BluetoothUtils( 8588): packagename is android.uid.bluetooth:1002 ,and its permission is false
09-01 14:28:42.839 D/BluetoothUtils( 8588): blockedByLocationOff callingUid=1002
09-01 14:28:42.839 I/BluetoothUtils( 8588): packagename is android.uid.bluetooth:1002 ,and its permission is false
09-01 14:28:42.839 D/BluetoothUtils( 8588): blockedByLocationOff callingUid=1002
09-01 14:28:42.840 I/BluetoothUtils( 8588): packagename is android.uid.bluetooth:1002 ,and its permission is false
09-01 14:28:42.850 V/bt_stack( 8588): [VERBOSE1:btm_ble_gap.cc(1923)] btm_ble_process_ext_adv_pkt: bda=e3:b2:3e:c1:93:59
09-01 14:28:42.850 V/bt_stack( 8588): [VERBOSE1:btm_ble_gap.cc(1847)] btm_ble_process_adv_addr: bda=e3:b2:3e:c1:93:59
09-01 14:28:42.850 V/bt_stack( 8588): [VERBOSE1:btm_ble_gap.cc(2052)]  Waiting for scan response e3:b2:3e:c1:93:59
09-01 14:28:42.850 V/bt_stack( 8588): [VERBOSE1:btm_ble_gap.cc(1923)] btm_ble_process_ext_adv_pkt: bda=17:be:83:99:5a:17
09-01 14:28:42.850 V/bt_stack( 8588): [VERBOSE1:btm_ble_gap.cc(1847)] btm_ble_process_adv_addr: bda=17:be:83:99:5a:17
09-01 14:28:42.851 V/bt_stack( 8588): [VERBOSE1:btm_ble_gap.cc(1923)] btm_ble_process_ext_adv_pkt: bda=2e:17:70:f9:0b:48
09-01 14:28:42.851 V/bt_stack( 8588): [VERBOSE1:btm_ble_gap.cc(1847)] btm_ble_process_adv_addr: bda=2e:17:70:f9:0b:48
09-01 14:28:42.851 D/BluetoothUtils( 8588): blockedByLocationOff callingUid=1002
09-01 14:28:42.851 I/BluetoothUtils( 8588): packagename is android.uid.bluetooth:1002 ,and its permission is false
09-01 14:28:42.851 D/BluetoothUtils( 8588): blockedByLocationOff callingUid=1002
09-01 14:28:42.851 I/BluetoothUtils( 8588): packagename is android.uid.bluetooth:1002 ,and its permission is false
09-01 14:28:42.851 D/BluetoothUtils( 8588): blockedByLocationOff callingUid=1002
09-01 14:28:42.852 I/BluetoothUtils( 8588): packagename is android.uid.bluetooth:1002 ,and its permission is false
09-01 14:28:42.852 D/BluetoothUtils( 8588): blockedByLocationOff callingUid=1002
09-01 14:28:42.852 I/BluetoothUtils( 8588): packagename is android.uid.bluetooth:1002 ,and its permission is false
09-01 14:28:42.852 D/BluetoothUtils( 8588): blockedByLocationOff callingUid=1002
09-01 14:28:42.853 I/BluetoothUtils( 8588): packagename is android.uid.bluetooth:1002 ,and its permission is false
09-01 14:28:42.853 D/BluetoothUtils( 8588): blockedByLocationOff callingUid=1002
09-01 14:28:42.853 I/BluetoothUtils( 8588): packagename is android.uid.bluetooth:1002 ,and its permission is false
09-01 14:28:42.858 V/bt_stack( 8588): [VERBOSE1:btm_ble_gap.cc(1923)] btm_ble_process_ext_adv_pkt: bda=7b:37:7f:df:22:35
09-01 14:28:42.858 V/bt_stack( 8588): [VERBOSE1:btm_ble_gap.cc(1847)] btm_ble_process_adv_addr: bda=7b:37:7f:df:22:35
09-01 14:28:42.858 V/bt_stack( 8588): [VERBOSE1:btm_ble_gap.cc(2052)]  Waiting for scan response 7b:37:7f:df:22:35
09-01 14:28:42.858 V/bt_stack( 8588): [VERBOSE1:btm_ble_gap.cc(1923)] btm_ble_process_ext_adv_pkt: bda=36:c9:49:a0:b6:9d
09-01 14:28:42.858 V/bt_stack( 8588): [VERBOSE1:btm_ble_gap.cc(1847)] btm_ble_process_adv_addr: bda=36:c9:49:a0:b6:9d
09-01 14:28:42.859 D/BluetoothUtils( 8588): blockedByLocationOff callingUid=1002
09-01 14:28:42.859 I/BluetoothUtils( 8588): packagename is android.uid.bluetooth:1002 ,and its permission is false
09-01 14:28:42.859 D/BluetoothUtils( 8588): blockedByLocationOff callingUid=1002
09-01 14:28:42.859 I/BluetoothUtils( 8588): packagename is android.uid.bluetooth:1002 ,and its permission is false
09-01 14:28:42.859 D/BluetoothUtils( 8588): blockedByLocationOff callingUid=1002
09-01 14:28:42.859 I/BluetoothUtils( 8588): packagename is android.uid.bluetooth:1002 ,and its permission is false
09-01 14:28:42.872 V/bt_stack( 8588): [VERBOSE1:btm_ble_gap.cc(1923)] btm_ble_process_ext_adv_pkt: bda=12:1c:38:cd:04:e8
09-01 14:28:42.872 V/bt_stack( 8588): [VERBOSE1:btm_ble_gap.cc(1847)] btm_ble_process_adv_addr: bda=12:1c:38:cd:04:e8
09-01 14:28:42.872 D/BluetoothUtils( 8588): blockedByLocationOff callingUid=1002
09-01 14:28:42.873 I/BluetoothUtils( 8588): packagename is android.uid.bluetooth:1002 ,and its permission is false
09-01 14:28:42.873 D/BluetoothUtils( 8588): blockedByLocationOff callingUid=1002
09-01 14:28:42.873 I/BluetoothUtils( 8588): packagename is android.uid.bluetooth:1002 ,and its permission is false
09-01 14:28:42.873 D/BluetoothUtils( 8588): blockedByLocationOff callingUid=1002
09-01 14:28:42.873 I/BluetoothUtils( 8588): packagename is android.uid.bluetooth:1002 ,and its permission is false
09-01 14:28:42.890 V/bt_stack( 8588): [VERBOSE1:btm_ble_gap.cc(1923)] btm_ble_process_ext_adv_pkt: bda=b8:09:8a:ba:d5:c0
09-01 14:28:42.891 V/bt_stack( 8588): [VERBOSE1:btm_ble_gap.cc(1847)] btm_ble_process_adv_addr: bda=b8:09:8a:ba:d5:c0
09-01 14:28:42.891 V/bt_stack( 8588): [VERBOSE1:btm_ble_gap.cc(2052)]  Waiting for scan response b8:09:8a:ba:d5:c0
09-01 14:28:42.891 V/bt_stack( 8588): [VERBOSE1:btm_ble_gap.cc(1923)] btm_ble_process_ext_adv_pkt: bda=2c:e0:b3:78:83:e3
09-01 14:28:42.891 V/bt_stack( 8588): [VERBOSE1:btm_ble_gap.cc(1847)] btm_ble_process_adv_addr: bda=2c:e0:b3:78:83:e3
09-01 14:28:42.891 D/BluetoothUtils( 8588): blockedByLocationOff callingUid=1002
09-01 14:28:42.892 I/BluetoothUtils( 8588): packagename is android.uid.bluetooth:1002 ,and its permission is false
09-01 14:28:42.892 D/BluetoothUtils( 8588): blockedByLocationOff callingUid=1002
09-01 14:28:42.892 I/BluetoothUtils( 8588): packagename is android.uid.bluetooth:1002 ,and its permission is false
09-01 14:28:42.892 D/BluetoothUtils( 8588): blockedByLocationOff callingUid=1002
09-01 14:28:42.892 I/BluetoothUtils( 8588): packagename is android.uid.bluetooth:1002 ,and its permission is false
09-01 14:28:42.901 V/bt_stack( 8588): [VERBOSE1:btm_ble_gap.cc(1923)] btm_ble_process_ext_adv_pkt: bda=66:3e:07:e0:2b:d4
09-01 14:28:42.901 V/bt_stack( 8588): [VERBOSE1:btm_ble_gap.cc(1847)] btm_ble_process_adv_addr: bda=66:3e:07:e0:2b:d4
09-01 14:28:42.901 V/bt_stack( 8588): [VERBOSE1:btm_ble_gap.cc(2052)]  Waiting for scan response 66:3e:07:e0:2b:d4
09-01 14:28:42.901 V/bt_stack( 8588): [VERBOSE1:btm_ble_gap.cc(1923)] btm_ble_process_ext_adv_pkt: bda=66:3e:07:e0:2b:d4
09-01 14:28:42.901 V/bt_stack( 8588): [VERBOSE1:btm_ble_gap.cc(1847)] btm_ble_process_adv_addr: bda=66:3e:07:e0:2b:d4
09-01 14:28:42.901 D/BluetoothUtils( 8588): blockedByLocationOff callingUid=1002
09-01 14:28:42.901 I/BluetoothUtils( 8588): packagename is android.uid.bluetooth:1002 ,and its permission is false
09-01 14:28:42.901 D/BluetoothUtils( 8588): blockedByLocationOff callingUid=1002
09-01 14:28:42.902 I/BluetoothUtils( 8588): packagename is android.uid.bluetooth:1002 ,and its permission is false
09-01 14:28:42.902 D/BluetoothUtils( 8588): blockedByLocationOff callingUid=1002
09-01 14:28:42.902 I/BluetoothUtils( 8588): packagename is android.uid.bluetooth:1002 ,and its permission is false
09-01 14:28:42.920 V/bt_stack( 8588): [VERBOSE1:btm_ble_gap.cc(1923)] btm_ble_process_ext_adv_pkt: bda=25:5e:6a:5a:81:28
09-01 14:28:42.920 V/bt_stack( 8588): [VERBOSE1:btm_ble_gap.cc(1847)] btm_ble_process_adv_addr: bda=25:5e:6a:5a:81:28
09-01 14:28:42.921 D/BluetoothUtils( 8588): blockedByLocationOff callingUid=1002
09-01 14:28:42.921 I/BluetoothUtils( 8588): packagename is android.uid.bluetooth:1002 ,and its permission is false
09-01 14:28:42.921 D/BluetoothUtils( 8588): blockedByLocationOff callingUid=1002
09-01 14:28:42.922 I/BluetoothUtils( 8588): packagename is android.uid.bluetooth:1002 ,and its permission is false
09-01 14:28:42.922 D/BluetoothUtils( 8588): blockedByLocationOff callingUid=1002
09-01 14:28:42.922 I/BluetoothUtils( 8588): packagename is android.uid.bluetooth:1002 ,and its permission is false
09-01 14:28:42.927 V/bt_stack( 8588): [VERBOSE1:btm_ble_gap.cc(1923)] btm_ble_process_ext_adv_pkt: bda=7a:57:24:41:08:b2
09-01 14:28:42.927 V/bt_stack( 8588): [VERBOSE1:btm_ble_gap.cc(1847)] btm_ble_process_adv_addr: bda=7a:57:24:41:08:b2
09-01 14:28:42.927 V/bt_stack( 8588): [VERBOSE1:btm_ble_gap.cc(2052)]  Waiting for scan response 7a:57:24:41:08:b2
09-01 14:28:42.941 V/bt_stack( 8588): [VERBOSE1:btm_ble_gap.cc(1923)] btm_ble_process_ext_adv_pkt: bda=48:d7:15:a5:e1:08
09-01 14:28:42.941 V/bt_stack( 8588): [VERBOSE1:btm_ble_gap.cc(1847)] btm_ble_process_adv_addr: bda=48:d7:15:a5:e1:08
09-01 14:28:42.941 V/bt_stack( 8588): [VERBOSE1:btm_ble_gap.cc(2052)]  Waiting for scan response 48:d7:15:a5:e1:08
09-01 14:28:42.941 V/bt_stack( 8588): [VERBOSE1:btm_ble_gap.cc(1923)] btm_ble_process_ext_adv_pkt: bda=3a:23:cb:4a:85:2d
09-01 14:28:42.941 V/bt_stack( 8588): [VERBOSE1:btm_ble_gap.cc(1847)] btm_ble_process_adv_addr: bda=3a:23:cb:4a:85:2d
09-01 14:28:42.941 D/BluetoothUtils( 8588): blockedByLocationOff callingUid=1002
09-01 14:28:42.942 I/BluetoothUtils( 8588): packagename is android.uid.bluetooth:1002 ,and its permission is false
09-01 14:28:42.942 D/BluetoothUtils( 8588): blockedByLocationOff callingUid=1002
09-01 14:28:42.942 I/BluetoothUtils( 8588): packagename is android.uid.bluetooth:1002 ,and its permission is false
09-01 14:28:42.942 D/BluetoothUtils( 8588): blockedByLocationOff callingUid=1002
09-01 14:28:42.942 I/BluetoothUtils( 8588): packagename is android.uid.bluetooth:1002 ,and its permission is false
09-01 14:28:42.943 V/bt_stack( 8588): [VERBOSE1:btm_ble_gap.cc(1923)] btm_ble_process_ext_adv_pkt: bda=0c:1a:06:0e:96:57
09-01 14:28:42.943 V/bt_stack( 8588): [VERBOSE1:btm_ble_gap.cc(1847)] btm_ble_process_adv_addr: bda=0c:1a:06:0e:96:57
09-01 14:28:42.944 D/BluetoothUtils( 8588): blockedByLocationOff callingUid=1002
09-01 14:28:42.944 I/BluetoothUtils( 8588): packagename is android.uid.bluetooth:1002 ,and its permission is false
09-01 14:28:42.944 D/BluetoothUtils( 8588): blockedByLocationOff callingUid=1002
09-01 14:28:42.944 I/BluetoothUtils( 8588): packagename is android.uid.bluetooth:1002 ,and its permission is false
09-01 14:28:42.944 D/BluetoothUtils( 8588): blockedByLocationOff callingUid=1002
09-01 14:28:42.945 I/BluetoothUtils( 8588): packagename is android.uid.bluetooth:1002 ,and its permission is false
09-01 14:28:42.952 V/bt_stack( 8588): [VERBOSE1:btm_ble_gap.cc(1923)] btm_ble_process_ext_adv_pkt: bda=53:56:a8:ef:e5:80
09-01 14:28:42.953 V/bt_stack( 8588): [VERBOSE1:btm_ble_gap.cc(1847)] btm_ble_process_adv_addr: bda=53:56:a8:ef:e5:80
09-01 14:28:42.953 V/bt_stack( 8588): [VERBOSE1:btm_ble_gap.cc(2052)]  Waiting for scan response 53:56:a8:ef:e5:80
09-01 14:28:42.953 V/bt_stack( 8588): [VERBOSE1:btm_ble_gap.cc(1923)] btm_ble_process_ext_adv_pkt: bda=53:56:a8:ef:e5:80
09-01 14:28:42.953 V/bt_stack( 8588): [VERBOSE1:btm_ble_gap.cc(1847)] btm_ble_process_adv_addr: bda=53:56:a8:ef:e5:80
09-01 14:28:42.953 D/BluetoothUtils( 8588): blockedByLocationOff callingUid=1002
09-01 14:28:42.954 I/BluetoothUtils( 8588): packagename is android.uid.bluetooth:1002 ,and its permission is false
09-01 14:28:42.954 D/BluetoothUtils( 8588): blockedByLocationOff callingUid=1002
09-01 14:28:42.954 I/BluetoothUtils( 8588): packagename is android.uid.bluetooth:1002 ,and its permission is false
09-01 14:28:42.954 D/BluetoothUtils( 8588): blockedByLocationOff callingUid=1002
09-01 14:28:42.954 I/BluetoothUtils( 8588): packagename is android.uid.bluetooth:1002 ,and its permission is false
09-01 14:28:42.957 V/bt_stack( 8588): [VERBOSE1:btm_ble_gap.cc(1923)] btm_ble_process_ext_adv_pkt: bda=17:be:83:99:5a:17
09-01 14:28:42.957 V/bt_stack( 8588): [VERBOSE1:btm_ble_gap.cc(1847)] btm_ble_process_adv_addr: bda=17:be:83:99:5a:17
09-01 14:28:42.957 D/BluetoothUtils( 8588): blockedByLocationOff callingUid=1002
09-01 14:28:42.958 I/BluetoothUtils( 8588): packagename is android.uid.bluetooth:1002 ,and its permission is false
09-01 14:28:42.958 D/BluetoothUtils( 8588): blockedByLocationOff callingUid=1002
09-01 14:28:42.958 I/BluetoothUtils( 8588): packagename is android.uid.bluetooth:1002 ,and its permission is false
09-01 14:28:42.958 D/BluetoothUtils( 8588): blockedByLocationOff callingUid=1002
09-01 14:28:42.959 I/BluetoothUtils( 8588): packagename is android.uid.bluetooth:1002 ,and its permission is false
09-01 14:28:42.961 V/bt_stack( 8588): [VERBOSE1:btm_ble_gap.cc(1923)] btm_ble_process_ext_adv_pkt: bda=2e:17:70:f9:0b:48
09-01 14:28:42.961 V/bt_stack( 8588): [VERBOSE1:btm_ble_gap.cc(1847)] btm_ble_process_adv_addr: bda=2e:17:70:f9:0b:48
09-01 14:28:42.961 V/bt_stack( 8588): [VERBOSE1:btm_ble_gap.cc(1923)] btm_ble_process_ext_adv_pkt: bda=63:e7:6b:57:ac:90
09-01 14:28:42.961 V/bt_stack( 8588): [VERBOSE1:btm_ble_gap.cc(1847)] btm_ble_process_adv_addr: bda=63:e7:6b:57:ac:90
09-01 14:28:42.961 V/bt_stack( 8588): [VERBOSE1:btm_ble_gap.cc(2052)]  Waiting for scan response 63:e7:6b:57:ac:90
09-01 14:28:42.961 V/bt_stack( 8588): [VERBOSE1:btm_ble_gap.cc(1923)] btm_ble_process_ext_adv_pkt: bda=63:e7:6b:57:ac:90
09-01 14:28:42.961 V/bt_stack( 8588): [VERBOSE1:btm_ble_gap.cc(1847)] btm_ble_process_adv_addr: bda=63:e7:6b:57:ac:90
09-01 14:28:42.962 D/BluetoothUtils( 8588): blockedByLocationOff callingUid=1002
09-01 14:28:42.962 I/BluetoothUtils( 8588): packagename is android.uid.bluetooth:1002 ,and its permission is false
09-01 14:28:42.962 D/BluetoothUtils( 8588): blockedByLocationOff callingUid=1002
09-01 14:28:42.962 I/BluetoothUtils( 8588): packagename is android.uid.bluetooth:1002 ,and its permission is false
09-01 14:28:42.962 D/BluetoothUtils( 8588): blockedByLocationOff callingUid=1002
09-01 14:28:42.962 I/BluetoothUtils( 8588): packagename is android.uid.bluetooth:1002 ,and its permission is false
09-01 14:28:42.963 D/BluetoothUtils( 8588): blockedByLocationOff callingUid=1002
09-01 14:28:42.963 I/BluetoothUtils( 8588): packagename is android.uid.bluetooth:1002 ,and its permission is false
09-01 14:28:42.963 D/BluetoothUtils( 8588): blockedByLocationOff callingUid=1002
09-01 14:28:42.963 I/BluetoothUtils( 8588): packagename is android.uid.bluetooth:1002 ,and its permission is false
09-01 14:28:42.963 D/BluetoothUtils( 8588): blockedByLocationOff callingUid=1002
09-01 14:28:42.964 I/BluetoothUtils( 8588): packagename is android.uid.bluetooth:1002 ,and its permission is false
09-01 14:28:42.973 V/bt_stack( 8588): [VERBOSE1:btm_ble_gap.cc(1923)] btm_ble_process_ext_adv_pkt: bda=fd:32:0c:ad:56:d5
09-01 14:28:42.973 V/bt_stack( 8588): [VERBOSE1:btm_ble_gap.cc(1847)] btm_ble_process_adv_addr: bda=fd:32:0c:ad:56:d5
09-01 14:28:42.973 V/bt_stack( 8588): [VERBOSE1:btm_ble_gap.cc(2052)]  Waiting for scan response fd:32:0c:ad:56:d5
09-01 14:28:42.974 V/bt_stack( 8588): [VERBOSE1:btm_ble_gap.cc(1923)] btm_ble_process_ext_adv_pkt: bda=fd:32:0c:ad:56:d5
09-01 14:28:42.974 V/bt_stack( 8588): [VERBOSE1:btm_ble_gap.cc(1847)] btm_ble_process_adv_addr: bda=fd:32:0c:ad:56:d5
09-01 14:28:42.976 D/BluetoothUtils( 8588): blockedByLocationOff callingUid=1002
09-01 14:28:42.976 I/BluetoothUtils( 8588): packagename is android.uid.bluetooth:1002 ,and its permission is false
09-01 14:28:42.977 D/BluetoothUtils( 8588): blockedByLocationOff callingUid=1002
09-01 14:28:42.977 I/BluetoothUtils( 8588): packagename is android.uid.bluetooth:1002 ,and its permission is false
09-01 14:28:42.977 D/BluetoothUtils( 8588): blockedByLocationOff callingUid=1002
09-01 14:28:42.977 I/BluetoothUtils( 8588): packagename is android.uid.bluetooth:1002 ,and its permission is false
09-01 14:28:42.986 V/bt_stack( 8588): [VERBOSE1:btm_ble_gap.cc(1923)] btm_ble_process_ext_adv_pkt: bda=44:ca:73:cc:df:42
09-01 14:28:42.986 V/bt_stack( 8588): [VERBOSE1:btm_ble_gap.cc(1847)] btm_ble_process_adv_addr: bda=44:ca:73:cc:df:42
09-01 14:28:42.986 V/bt_stack( 8588): [VERBOSE1:btm_ble_gap.cc(2052)]  Waiting for scan response 44:ca:73:cc:df:42
09-01 14:28:42.986 V/bt_stack( 8588): [VERBOSE1:btm_ble_gap.cc(1923)] btm_ble_process_ext_adv_pkt: bda=44:ca:73:cc:df:42
09-01 14:28:42.986 V/bt_stack( 8588): [VERBOSE1:btm_ble_gap.cc(1847)] btm_ble_process_adv_addr: bda=44:ca:73:cc:df:42
09-01 14:28:42.987 D/BluetoothUtils( 8588): blockedByLocationOff callingUid=1002
09-01 14:28:42.987 I/BluetoothUtils( 8588): packagename is android.uid.bluetooth:1002 ,and its permission is false
09-01 14:28:42.987 D/BluetoothUtils( 8588): blockedByLocationOff callingUid=1002
09-01 14:28:42.987 I/BluetoothUtils( 8588): packagename is android.uid.bluetooth:1002 ,and its permission is false
09-01 14:28:42.987 D/BluetoothUtils( 8588): blockedByLocationOff callingUid=1002
09-01 14:28:42.988 I/BluetoothUtils( 8588): packagename is android.uid.bluetooth:1002 ,and its permission is false
09-01 14:28:42.992 V/bt_stack( 8588): [VERBOSE1:btm_ble_gap.cc(1923)] btm_ble_process_ext_adv_pkt: bda=48:14:81:f8:b8:84
09-01 14:28:42.992 V/bt_stack( 8588): [VERBOSE1:btm_ble_gap.cc(1847)] btm_ble_process_adv_addr: bda=48:14:81:f8:b8:84
09-01 14:28:42.992 V/bt_stack( 8588): [VERBOSE1:btm_ble_gap.cc(2052)]  Waiting for scan response 48:14:81:f8:b8:84
09-01 14:28:42.992 V/bt_stack( 8588): [VERBOSE1:btm_ble_gap.cc(1923)] btm_ble_process_ext_adv_pkt: bda=48:14:81:f8:b8:84
09-01 14:28:42.992 V/bt_stack( 8588): [VERBOSE1:btm_ble_gap.cc(1847)] btm_ble_process_adv_addr: bda=48:14:81:f8:b8:84
09-01 14:28:42.993 D/BluetoothUtils( 8588): blockedByLocationOff callingUid=1002
09-01 14:28:42.993 I/BluetoothUtils( 8588): packagename is android.uid.bluetooth:1002 ,and its permission is false
09-01 14:28:42.994 D/BluetoothUtils( 8588): blockedByLocationOff callingUid=1002
09-01 14:28:42.994 I/BluetoothUtils( 8588): packagename is android.uid.bluetooth:1002 ,and its permission is false
09-01 14:28:42.994 D/BluetoothUtils( 8588): blockedByLocationOff callingUid=1002
09-01 14:28:42.994 I/BluetoothUtils( 8588): packagename is android.uid.bluetooth:1002 ,and its permission is false
09-01 14:28:42.995 V/bt_stack( 8588): [VERBOSE1:btm_ble_gap.cc(1923)] btm_ble_process_ext_adv_pkt: bda=2c:e0:b3:78:83:e3
