09-01 14:28:40.838 I/BluetoothUtils( 8588): packagename is android.uid.bluetooth:1002 ,and its permission is false
09-01 14:28:40.838 D/BluetoothUtils( 8588): blockedByLocationOff callingUid=1002
09-01 14:28:40.838 I/BluetoothUtils( 8588): packagename is android.uid.bluetooth:1002 ,and its permission is false
09-01 14:28:40.838 D/BluetoothUtils( 8588): blockedByLocationOff callingUid=1002
09-01 14:28:40.839 I/BluetoothUtils( 8588): packagename is android.uid.bluetooth:1002 ,and its permission is false
09-01 14:28:40.846 V/bt_stack( 8588): [VERBOSE1:btm_ble_gap.cc(1923)] btm_ble_process_ext_adv_pkt: bda=6e:3b:40:73:ff:b3
09-01 14:28:40.847 V/bt_stack( 8588): [VERBOSE1:btm_ble_gap.cc(1847)] btm_ble_process_adv_addr: bda=6e:3b:40:73:ff:b3
09-01 14:28:40.847 V/bt_stack( 8588): [VERBOSE1:btm_ble_gap.cc(2052)]  Waiting for scan response 6e:3b:40:73:ff:b3
09-01 14:28:40.883 V/bt_stack( 8588): [VERBOSE1:btm_ble_gap.cc(1923)] btm_ble_process_ext_adv_pkt: bda=c1:e5:1e:69:fb:26
09-01 14:28:40.883 V/bt_stack( 8588): [VERBOSE1:btm_ble_gap.cc(1847)] btm_ble_process_adv_addr: bda=c1:e5:1e:69:fb:26
09-01 14:28:40.883 V/bt_stack( 8588): [VERBOSE1:btm_ble_gap.cc(2052)]  Waiting for scan response c1:e5:1e:69:fb:26
09-01 14:28:40.883 V/bt_stack( 8588): [VERBOSE1:btm_ble_gap.cc(1923)] btm_ble_process_ext_adv_pkt: bda=17:be:83:99:5a:17
09-01 14:28:40.883 V/bt_stack( 8588): [VERBOSE1:btm_ble_gap.cc(1847)] btm_ble_process_adv_addr: bda=17:be:83:99:5a:17
09-01 14:28:40.884 D/BluetoothUtils( 8588): blockedByLocationOff callingUid=1002
09-01 14:28:40.885 I/BluetoothUtils( 8588): packagename is android.uid.bluetooth:1002 ,and its permission is false
09-01 14:28:40.885 D/BluetoothUtils( 8588): blockedByLocationOff callingUid=1002
09-01 14:28:40.885 I/BluetoothUtils( 8588): packagename is android.uid.bluetooth:1002 ,and its permission is false
09-01 14:28:40.885 D/BluetoothUtils( 8588): blockedByLocationOff callingUid=1002
09-01 14:28:40.885 I/BluetoothUtils( 8588): packagename is android.uid.bluetooth:1002 ,and its permission is false
09-01 14:28:40.888 V/bt_stack( 8588): [VERBOSE1:btm_ble_gap.cc(1923)] btm_ble_process_ext_adv_pkt: bda=77:70:e9:20:dc:cd
09-01 14:28:40.888 V/bt_stack( 8588): [VERBOSE1:btm_ble_gap.cc(1847)] btm_ble_process_adv_addr: bda=77:70:e9:20:dc:cd
09-01 14:28:40.890 D/BluetoothUtils( 8588): blockedByLocationOff callingUid=1002
09-01 14:28:40.890 I/BluetoothUtils( 8588): packagename is android.uid.bluetooth:1002 ,and its permission is false
09-01 14:28:40.890 D/BluetoothUtils( 8588): blockedByLocationOff callingUid=1002
09-01 14:28:40.890 I/BluetoothUtils( 8588): packagename is android.uid.bluetooth:1002 ,and its permission is false
09-01 14:28:40.890 D/BluetoothUtils( 8588): blockedByLocationOff callingUid=1002
09-01 14:28:40.891 V/bt_stack( 8588): [VERBOSE1:btm_ble_gap.cc(1923)] btm_ble_process_ext_adv_pkt: bda=53:56:a8:ef:e5:80
09-01 14:28:40.891 I/BluetoothUtils( 8588): packagename is android.uid.bluetooth:1002 ,and its permission is false
09-01 14:28:40.891 V/bt_stack( 8588): [VERBOSE1:btm_ble_gap.cc(1847)] btm_ble_process_adv_addr: bda=53:56:a8:ef:e5:80
09-01 14:28:40.891 V/bt_stack( 8588): [VERBOSE1:btm_ble_gap.cc(2052)]  Waiting for scan response 53:56:a8:ef:e5:80
09-01 14:28:40.891 V/bt_stack( 8588): [VERBOSE1:btm_ble_gap.cc(1923)] btm_ble_process_ext_adv_pkt: bda=53:56:a8:ef:e5:80
09-01 14:28:40.891 V/bt_stack( 8588): [VERBOSE1:btm_ble_gap.cc(1847)] btm_ble_process_adv_addr: bda=53:56:a8:ef:e5:80
09-01 14:28:40.892 D/BluetoothUtils( 8588): blockedByLocationOff callingUid=1002
09-01 14:28:40.892 I/BluetoothUtils( 8588): packagename is android.uid.bluetooth:1002 ,and its permission is false
09-01 14:28:40.892 D/BluetoothUtils( 8588): blockedByLocationOff callingUid=1002
09-01 14:28:40.892 I/BluetoothUtils( 8588): packagename is android.uid.bluetooth:1002 ,and its permission is false
09-01 14:28:40.893 D/BluetoothUtils( 8588): blockedByLocationOff callingUid=1002
09-01 14:28:40.893 I/BluetoothUtils( 8588): packagename is android.uid.bluetooth:1002 ,and its permission is false
09-01 14:28:40.894 V/bt_stack( 8588): [VERBOSE1:btm_ble_gap.cc(1923)] btm_ble_process_ext_adv_pkt: bda=12:1c:38:cd:04:e8
09-01 14:28:40.894 V/bt_stack( 8588): [VERBOSE1:btm_ble_gap.cc(1847)] btm_ble_process_adv_addr: bda=12:1c:38:cd:04:e8
09-01 14:28:40.895 D/BluetoothUtils( 8588): blockedByLocationOff callingUid=1002
09-01 14:28:40.896 I/BluetoothUtils( 8588): packagename is android.uid.bluetooth:1002 ,and its permission is false
09-01 14:28:40.896 D/BluetoothUtils( 8588): blockedByLocationOff callingUid=1002
09-01 14:28:40.896 I/BluetoothUtils( 8588): packagename is android.uid.bluetooth:1002 ,and its permission is false
09-01 14:28:40.896 D/BluetoothUtils( 8588): blockedByLocationOff callingUid=1002
09-01 14:28:40.896 I/BluetoothUtils( 8588): packagename is android.uid.bluetooth:1002 ,and its permission is false
09-01 14:28:40.898 V/bt_stack( 8588): [VERBOSE1:btm_ble_gap.cc(1923)] btm_ble_process_ext_adv_pkt: bda=38:f9:d3:45:87:1e
09-01 14:28:40.898 V/bt_stack( 8588): [VERBOSE1:btm_ble_gap.cc(1847)] btm_ble_process_adv_addr: bda=38:f9:d3:45:87:1e
09-01 14:28:40.898 V/bt_stack( 8588): [VERBOSE1:btm_ble_gap.cc(2052)]  Waiting for scan response 38:f9:d3:45:87:1e
09-01 14:28:40.898 V/bt_stack( 8588): [VERBOSE1:btm_ble_gap.cc(1923)] btm_ble_process_ext_adv_pkt: bda=38:f9:d3:45:87:1e
09-01 14:28:40.898 V/bt_stack( 8588): [VERBOSE1:btm_ble_gap.cc(1847)] btm_ble_process_adv_addr: bda=38:f9:d3:45:87:1e
09-01 14:28:40.898 D/BluetoothUtils( 8588): blockedByLocationOff callingUid=1002
09-01 14:28:40.899 I/BluetoothUtils( 8588): packagename is android.uid.bluetooth:1002 ,and its permission is false
09-01 14:28:40.899 D/BluetoothUtils( 8588): blockedByLocationOff callingUid=1002
09-01 14:28:40.899 I/BluetoothUtils( 8588): packagename is android.uid.bluetooth:1002 ,and its permission is false
09-01 14:28:40.899 D/BluetoothUtils( 8588): blockedByLocationOff callingUid=1002
09-01 14:28:40.899 I/BluetoothUtils( 8588): packagename is android.uid.bluetooth:1002 ,and its permission is false
09-01 14:28:40.918 V/bt_stack( 8588): [VERBOSE1:btm_ble_gap.cc(1923)] btm_ble_process_ext_adv_pkt: bda=e0:3e:ab:9e:3c:b4
09-01 14:28:40.918 V/bt_stack( 8588): [VERBOSE1:btm_ble_gap.cc(1847)] btm_ble_process_adv_addr: bda=e0:3e:ab:9e:3c:b4
09-01 14:28:40.918 V/bt_stack( 8588): [VERBOSE1:btm_ble_gap.cc(2052)]  Waiting for scan response e0:3e:ab:9e:3c:b4
09-01 14:28:40.918 V/bt_stack( 8588): [VERBOSE1:btm_ble_gap.cc(1923)] btm_ble_process_ext_adv_pkt: bda=04:71:24:a7:6f:1c
09-01 14:28:40.918 V/bt_stack( 8588): [VERBOSE1:btm_ble_gap.cc(1847)] btm_ble_process_adv_addr: bda=04:71:24:a7:6f:1c
09-01 14:28:40.919 D/BluetoothUtils( 8588): blockedByLocationOff callingUid=1002
09-01 14:28:40.920 I/BluetoothUtils( 8588): packagename is android.uid.bluetooth:1002 ,and its permission is false
09-01 14:28:40.920 D/BluetoothUtils( 8588): blockedByLocationOff callingUid=1002
09-01 14:28:40.920 I/BluetoothUtils( 8588): packagename is android.uid.bluetooth:1002 ,and its permission is false
09-01 14:28:40.920 D/BluetoothUtils( 8588): blockedByLocationOff callingUid=1002
09-01 14:28:40.921 I/BluetoothUtils( 8588): packagename is android.uid.bluetooth:1002 ,and its permission is false
09-01 14:28:40.922 V/bt_stack( 8588): [VERBOSE1:btm_ble_gap.cc(1923)] btm_ble_process_ext_adv_pkt: bda=2a:99:8c:12:d1:b1
09-01 14:28:40.922 V/bt_stack( 8588): [VERBOSE1:btm_ble_gap.cc(1847)] btm_ble_process_adv_addr: bda=2a:99:8c:12:d1:b1
09-01 14:28:40.923 D/BluetoothUtils( 8588): blockedByLocationOff callingUid=1002
09-01 14:28:40.924 I/BluetoothUtils( 8588): packagename is android.uid.bluetooth:1002 ,and its permission is false
09-01 14:28:40.924 D/BluetoothUtils( 8588): blockedByLocationOff callingUid=1002
09-01 14:28:40.924 I/BluetoothUtils( 8588): packagename is android.uid.bluetooth:1002 ,and its permission is false
09-01 14:28:40.924 D/BluetoothUtils( 8588): blockedByLocationOff callingUid=1002
09-01 14:28:40.924 I/BluetoothUtils( 8588): packagename is android.uid.bluetooth:1002 ,and its permission is false
09-01 14:28:40.932 V/bt_stack( 8588): [VERBOSE1:btm_ble_gap.cc(1923)] btm_ble_process_ext_adv_pkt: bda=70:33:97:a2:2a:78
09-01 14:28:40.932 V/bt_stack( 8588): [VERBOSE1:btm_ble_gap.cc(1847)] btm_ble_process_adv_addr: bda=70:33:97:a2:2a:78
09-01 14:28:40.932 V/bt_stack( 8588): [VERBOSE1:btm_ble_gap.cc(2052)]  Waiting for scan response 70:33:97:a2:2a:78
09-01 14:28:40.932 V/bt_stack( 8588): [VERBOSE1:btm_ble_gap.cc(1923)] btm_ble_process_ext_adv_pkt: bda=0c:1a:06:0e:96:57
09-01 14:28:40.932 V/bt_stack( 8588): [VERBOSE1:btm_ble_gap.cc(1847)] btm_ble_process_adv_addr: bda=0c:1a:06:0e:96:57
09-01 14:28:40.934 D/BluetoothUtils( 8588): blockedByLocationOff callingUid=1002
09-01 14:28:40.934 I/BluetoothUtils( 8588): packagename is android.uid.bluetooth:1002 ,and its permission is false
09-01 14:28:40.934 D/BluetoothUtils( 8588): blockedByLocationOff callingUid=1002
09-01 14:28:40.935 I/BluetoothUtils( 8588): packagename is android.uid.bluetooth:1002 ,and its permission is false
09-01 14:28:40.935 D/BluetoothUtils( 8588): blockedByLocationOff callingUid=1002
09-01 14:28:40.935 V/bt_stack( 8588): [VERBOSE1:btm_ble_gap.cc(1923)] btm_ble_process_ext_adv_pkt: bda=6a:1a:31:28:a4:f8
09-01 14:28:40.935 I/BluetoothUtils( 8588): packagename is android.uid.bluetooth:1002 ,and its permission is false
09-01 14:28:40.935 V/bt_stack( 8588): [VERBOSE1:btm_ble_gap.cc(1847)] btm_ble_process_adv_addr: bda=6a:1a:31:28:a4:f8
09-01 14:28:40.936 D/BluetoothUtils( 8588): blockedByLocationOff callingUid=1002
09-01 14:28:40.936 I/BluetoothUtils( 8588): packagename is android.uid.bluetooth:1002 ,and its permission is false
09-01 14:28:40.936 D/BluetoothUtils( 8588): blockedByLocationOff callingUid=1002
09-01 14:28:40.937 I/BluetoothUtils( 8588): packagename is android.uid.bluetooth:1002 ,and its permission is false
09-01 14:28:40.937 D/BluetoothUtils( 8588): blockedByLocationOff callingUid=1002
09-01 14:28:40.937 I/BluetoothUtils( 8588): packagename is android.uid.bluetooth:1002 ,and its permission is false
09-01 14:28:40.942 V/bt_stack( 8588): [VERBOSE1:btm_ble_gap.cc(1923)] btm_ble_process_ext_adv_pkt: bda=66:db:a5:b4:54:91
09-01 14:28:40.942 V/bt_stack( 8588): [VERBOSE1:btm_ble_gap.cc(1847)] btm_ble_process_adv_addr: bda=66:db:a5:b4:54:91
09-01 14:28:40.942 V/bt_stack( 8588): [VERBOSE1:btm_ble_gap.cc(2052)]  Waiting for scan response 66:db:a5:b4:54:91
09-01 14:28:40.942 V/bt_stack( 8588): [VERBOSE1:btm_ble_gap.cc(1923)] btm_ble_process_ext_adv_pkt: bda=10:42:5e:92:d4:eb
09-01 14:28:40.942 V/bt_stack( 8588): [VERBOSE1:btm_ble_gap.cc(1847)] btm_ble_process_adv_addr: bda=10:42:5e:92:d4:eb
09-01 14:28:40.944 D/BluetoothUtils( 8588): blockedByLocationOff callingUid=1002
09-01 14:28:40.944 V/bt_stack( 8588): [VERBOSE1:btm_ble_gap.cc(1923)] btm_ble_process_ext_adv_pkt: bda=2e:17:70:f9:0b:48
09-01 14:28:40.944 V/bt_stack( 8588): [VERBOSE1:btm_ble_gap.cc(1847)] btm_ble_process_adv_addr: bda=2e:17:70:f9:0b:48
09-01 14:28:40.944 I/BluetoothUtils( 8588): packagename is android.uid.bluetooth:1002 ,and its permission is false
09-01 14:28:40.944 D/BluetoothUtils( 8588): blockedByLocationOff callingUid=1002
09-01 14:28:40.945 I/BluetoothUtils( 8588): packagename is android.uid.bluetooth:1002 ,and its permission is false
09-01 14:28:40.945 D/BluetoothUtils( 8588): blockedByLocationOff callingUid=1002
09-01 14:28:40.945 W/tencent.mm:pus( 7359): Reducing the number of considered missed Gc histogram windows from 175 to 100
09-01 14:28:40.945 I/BluetoothUtils( 8588): packagename is android.uid.bluetooth:1002 ,and its permission is false
09-01 14:28:40.946 D/BluetoothUtils( 8588): blockedByLocationOff callingUid=1002
09-01 14:28:40.946 I/BluetoothUtils( 8588): packagename is android.uid.bluetooth:1002 ,and its permission is false
09-01 14:28:40.947 D/BluetoothUtils( 8588): blockedByLocationOff callingUid=1002
09-01 14:28:40.947 I/BluetoothUtils( 8588): packagename is android.uid.bluetooth:1002 ,and its permission is false
09-01 14:28:40.947 D/BluetoothUtils( 8588): blockedByLocationOff callingUid=1002
09-01 14:28:40.947 I/BluetoothUtils( 8588): packagename is android.uid.bluetooth:1002 ,and its permission is false
09-01 14:28:40.954 V/bt_stack( 8588): [VERBOSE1:btm_ble_gap.cc(1923)] btm_ble_process_ext_adv_pkt: bda=24:65:c8:81:ba:6f
09-01 14:28:40.954 V/bt_stack( 8588): [VERBOSE1:btm_ble_gap.cc(1847)] btm_ble_process_adv_addr: bda=24:65:c8:81:ba:6f
09-01 14:28:40.955 D/BluetoothUtils( 8588): blockedByLocationOff callingUid=1002
09-01 14:28:40.955 I/BluetoothUtils( 8588): packagename is android.uid.bluetooth:1002 ,and its permission is false
09-01 14:28:40.955 D/BluetoothUtils( 8588): blockedByLocationOff callingUid=1002
09-01 14:28:40.956 I/BluetoothUtils( 8588): packagename is android.uid.bluetooth:1002 ,and its permission is false
09-01 14:28:40.956 D/BluetoothUtils( 8588): blockedByLocationOff callingUid=1002
09-01 14:28:40.956 I/BluetoothUtils( 8588): packagename is android.uid.bluetooth:1002 ,and its permission is false
09-01 14:28:40.957 V/bt_stack( 8588): [VERBOSE1:btm_ble_gap.cc(1923)] btm_ble_process_ext_adv_pkt: bda=36:c9:49:a0:b6:9d
09-01 14:28:40.958 V/bt_stack( 8588): [VERBOSE1:btm_ble_gap.cc(1847)] btm_ble_process_adv_addr: bda=36:c9:49:a0:b6:9d
09-01 14:28:40.958 D/BluetoothUtils( 8588): blockedByLocationOff callingUid=1002
09-01 14:28:40.959 I/BluetoothUtils( 8588): packagename is android.uid.bluetooth:1002 ,and its permission is false
09-01 14:28:40.959 D/BluetoothUtils( 8588): blockedByLocationOff callingUid=1002
09-01 14:28:40.959 I/BluetoothUtils( 8588): packagename is android.uid.bluetooth:1002 ,and its permission is false
09-01 14:28:40.959 D/BluetoothUtils( 8588): blockedByLocationOff callingUid=1002
09-01 14:28:40.959 I/BluetoothUtils( 8588): packagename is android.uid.bluetooth:1002 ,and its permission is false
09-01 14:28:40.985 V/bt_stack( 8588): [VERBOSE1:btm_ble_gap.cc(1923)] btm_ble_process_ext_adv_pkt: bda=17:be:83:99:5a:17
09-01 14:28:40.985 V/bt_stack( 8588): [VERBOSE1:btm_ble_gap.cc(1847)] btm_ble_process_adv_addr: bda=17:be:83:99:5a:17
09-01 14:28:40.986 D/BluetoothUtils( 8588): blockedByLocationOff callingUid=1002
09-01 14:28:40.987 I/BluetoothUtils( 8588): packagename is android.uid.bluetooth:1002 ,and its permission is false
09-01 14:28:40.987 D/BluetoothUtils( 8588): blockedByLocationOff callingUid=1002
09-01 14:28:40.987 I/BluetoothUtils( 8588): packagename is android.uid.bluetooth:1002 ,and its permission is false
09-01 14:28:40.988 D/BluetoothUtils( 8588): blockedByLocationOff callingUid=1002
09-01 14:28:40.988 I/BluetoothUtils( 8588): packagename is android.uid.bluetooth:1002 ,and its permission is false
09-01 14:28:40.991 V/bt_stack( 8588): [VERBOSE1:btm_ble_gap.cc(1923)] btm_ble_process_ext_adv_pkt: bda=07:5a:b0:04:f2:ba
09-01 14:28:40.991 V/bt_stack( 8588): [VERBOSE1:btm_ble_gap.cc(1847)] btm_ble_process_adv_addr: bda=07:5a:b0:04:f2:ba
09-01 14:28:40.993 D/BluetoothUtils( 8588): blockedByLocationOff callingUid=1002
09-01 14:28:40.993 I/BluetoothUtils( 8588): packagename is android.uid.bluetooth:1002 ,and its permission is false
09-01 14:28:40.993 D/BluetoothUtils( 8588): blockedByLocationOff callingUid=1002
09-01 14:28:40.994 I/BluetoothUtils( 8588): packagename is android.uid.bluetooth:1002 ,and its permission is false
09-01 14:28:40.994 D/BluetoothUtils( 8588): blockedByLocationOff callingUid=1002
09-01 14:28:40.994 I/BluetoothUtils( 8588): packagename is android.uid.bluetooth:1002 ,and its permission is false
09-01 14:28:40.997 V/bt_stack( 8588): [VERBOSE1:btm_ble_gap.cc(1923)] btm_ble_process_ext_adv_pkt: bda=77:70:e9:20:dc:cd
09-01 14:28:40.997 V/bt_stack( 8588): [VERBOSE1:btm_ble_gap.cc(1847)] btm_ble_process_adv_addr: bda=77:70:e9:20:dc:cd
09-01 14:28:40.998 D/BluetoothUtils( 8588): blockedByLocationOff callingUid=1002
09-01 14:28:40.998 I/BluetoothUtils( 8588): packagename is android.uid.bluetooth:1002 ,and its permission is false
09-01 14:28:40.998 D/BluetoothUtils( 8588): blockedByLocationOff callingUid=1002
09-01 14:28:40.998 I/BluetoothUtils( 8588): packagename is android.uid.bluetooth:1002 ,and its permission is false
09-01 14:28:40.999 D/BluetoothUtils( 8588): blockedByLocationOff callingUid=1002
09-01 14:28:40.999 I/BluetoothUtils( 8588): packagename is android.uid.bluetooth:1002 ,and its permission is false
09-01 14:28:41.004 V/bt_stack( 8588): [VERBOSE1:btm_ble_gap.cc(1923)] btm_ble_process_ext_adv_pkt: bda=6c:37:b5:6b:a1:b8
09-01 14:28:41.004 V/bt_stack( 8588): [VERBOSE1:btm_ble_gap.cc(1847)] btm_ble_process_adv_addr: bda=6c:37:b5:6b:a1:b8
09-01 14:28:41.004 V/bt_stack( 8588): [VERBOSE1:btm_ble_gap.cc(2052)]  Waiting for scan response 6c:37:b5:6b:a1:b8
09-01 14:28:41.004 V/bt_stack( 8588): [VERBOSE1:btm_ble_gap.cc(1923)] btm_ble_process_ext_adv_pkt: bda=12:1c:38:cd:04:e8
09-01 14:28:41.004 V/bt_stack( 8588): [VERBOSE1:btm_ble_gap.cc(1847)] btm_ble_process_adv_addr: bda=12:1c:38:cd:04:e8
09-01 14:28:41.006 D/BluetoothUtils( 8588): blockedByLocationOff callingUid=1002
09-01 14:28:41.006 I/BluetoothUtils( 8588): packagename is android.uid.bluetooth:1002 ,and its permission is false
09-01 14:28:41.006 D/BluetoothUtils( 8588): blockedByLocationOff callingUid=1002
09-01 14:28:41.007 I/BluetoothUtils( 8588): packagename is android.uid.bluetooth:1002 ,and its permission is false
09-01 14:28:41.007 D/BluetoothUtils( 8588): blockedByLocationOff callingUid=1002
09-01 14:28:41.007 I/BluetoothUtils( 8588): packagename is android.uid.bluetooth:1002 ,and its permission is false
09-01 14:28:41.009 V/bt_stack( 8588): [VERBOSE1:btm_ble_gap.cc(1923)] btm_ble_process_ext_adv_pkt: bda=2c:e0:b3:78:83:e3
09-01 14:28:41.010 V/bt_stack( 8588): [VERBOSE1:btm_ble_gap.cc(1847)] btm_ble_process_adv_addr: bda=2c:e0:b3:78:83:e3
09-01 14:28:41.011 D/BluetoothUtils( 8588): blockedByLocationOff callingUid=1002
09-01 14:28:41.012 I/BluetoothUtils( 8588): packagename is android.uid.bluetooth:1002 ,and its permission is false
09-01 14:28:41.012 D/BluetoothUtils( 8588): blockedByLocationOff callingUid=1002
09-01 14:28:41.012 I/BluetoothUtils( 8588): packagename is android.uid.bluetooth:1002 ,and its permission is false
09-01 14:28:41.012 D/BluetoothUtils( 8588): blockedByLocationOff callingUid=1002
09-01 14:28:41.012 I/BluetoothUtils( 8588): packagename is android.uid.bluetooth:1002 ,and its permission is false
09-01 14:28:41.032 V/bt_stack( 8588): [VERBOSE1:btm_ble_gap.cc(1923)] btm_ble_process_ext_adv_pkt: bda=11:82:f5:89:45:91
09-01 14:28:41.033 V/bt_stack( 8588): [VERBOSE1:btm_ble_gap.cc(1847)] btm_ble_process_adv_addr: bda=11:82:f5:89:45:91
09-01 14:28:41.035 D/BluetoothUtils( 8588): blockedByLocationOff callingUid=1002
09-01 14:28:41.035 I/BluetoothUtils( 8588): packagename is android.uid.bluetooth:1002 ,and its permission is false
09-01 14:28:41.035 D/BluetoothUtils( 8588): blockedByLocationOff callingUid=1002
09-01 14:28:41.035 I/BluetoothUtils( 8588): packagename is android.uid.bluetooth:1002 ,and its permission is false
09-01 14:28:41.036 D/BluetoothUtils( 8588): blockedByLocationOff callingUid=1002
09-01 14:28:41.036 I/BluetoothUtils( 8588): packagename is android.uid.bluetooth:1002 ,and its permission is false
09-01 14:28:41.042 V/bt_stack( 8588): [VERBOSE1:btm_ble_gap.cc(1923)] btm_ble_process_ext_adv_pkt: bda=0c:1a:06:0e:96:57
09-01 14:28:41.042 V/bt_stack( 8588): [VERBOSE1:btm_ble_gap.cc(1847)] btm_ble_process_adv_addr: bda=0c:1a:06:0e:96:57
09-01 14:28:41.044 D/BluetoothUtils( 8588): blockedByLocationOff callingUid=1002
09-01 14:28:41.044 I/BluetoothUtils( 8588): packagename is android.uid.bluetooth:1002 ,and its permission is false
09-01 14:28:41.044 D/BluetoothUtils( 8588): blockedByLocationOff callingUid=1002
09-01 14:28:41.045 I/BluetoothUtils( 8588): packagename is android.uid.bluetooth:1002 ,and its permission is false
09-01 14:28:41.045 D/BluetoothUtils( 8588): blockedByLocationOff callingUid=1002
09-01 14:28:41.045 I/BluetoothUtils( 8588): packagename is android.uid.bluetooth:1002 ,and its permission is false
09-01 14:28:41.057 V/bt_stack( 8588): [VERBOSE1:btm_ble_gap.cc(1923)] btm_ble_process_ext_adv_pkt: bda=4c:36:98:d6:bb:45
09-01 14:28:41.057 V/bt_stack( 8588): [VERBOSE1:btm_ble_gap.cc(1847)] btm_ble_process_adv_addr: bda=4c:36:98:d6:bb:45
09-01 14:28:41.057 V/bt_stack( 8588): [VERBOSE1:btm_ble_gap.cc(2052)]  Waiting for scan response 4c:36:98:d6:bb:45
09-01 14:28:41.057 V/bt_stack( 8588): [VERBOSE1:btm_ble_gap.cc(1923)] btm_ble_process_ext_adv_pkt: bda=24:65:c8:81:ba:6f
09-01 14:28:41.057 V/bt_stack( 8588): [VERBOSE1:btm_ble_gap.cc(1847)] btm_ble_process_adv_addr: bda=24:65:c8:81:ba:6f
09-01 14:28:41.059 D/BluetoothUtils( 8588): blockedByLocationOff callingUid=1002
09-01 14:28:41.060 I/BluetoothUtils( 8588): packagename is android.uid.bluetooth:1002 ,and its permission is false
09-01 14:28:41.060 D/BluetoothUtils( 8588): blockedByLocationOff callingUid=1002
09-01 14:28:41.060 V/bt_stack( 8588): [VERBOSE1:btm_ble_gap.cc(1923)] btm_ble_process_ext_adv_pkt: bda=36:c9:49:a0:b6:9d
09-01 14:28:41.060 V/bt_stack( 8588): [VERBOSE1:btm_ble_gap.cc(1847)] btm_ble_process_adv_addr: bda=36:c9:49:a0:b6:9d
09-01 14:28:41.060 I/BluetoothUtils( 8588): packagename is android.uid.bluetooth:1002 ,and its permission is false
09-01 14:28:41.060 D/BluetoothUtils( 8588): blockedByLocationOff callingUid=1002
09-01 14:28:41.061 I/BluetoothUtils( 8588): packagename is android.uid.bluetooth:1002 ,and its permission is false
09-01 14:28:41.061 D/BluetoothUtils( 8588): blockedByLocationOff callingUid=1002
09-01 14:28:41.062 I/BluetoothUtils( 8588): packagename is android.uid.bluetooth:1002 ,and its permission is false
09-01 14:28:41.062 D/BluetoothUtils( 8588): blockedByLocationOff callingUid=1002
09-01 14:28:41.062 I/BluetoothUtils( 8588): packagename is android.uid.bluetooth:1002 ,and its permission is false
09-01 14:28:41.062 D/BluetoothUtils( 8588): blockedByLocationOff callingUid=1002
09-01 14:28:41.063 V/bt_stack( 8588): [VERBOSE1:btm_ble_gap.cc(1923)] btm_ble_process_ext_adv_pkt: bda=c7:9e:cc:49:b0:5d
09-01 14:28:41.063 V/bt_stack( 8588): [VERBOSE1:btm_ble_gap.cc(1847)] btm_ble_process_adv_addr: bda=c7:9e:cc:49:b0:5d
09-01 14:28:41.063 V/bt_stack( 8588): [VERBOSE1:btm_ble_gap.cc(2052)]  Waiting for scan response c7:9e:cc:49:b0:5d
09-01 14:28:41.063 V/bt_stack( 8588): [VERBOSE1:btm_ble_gap.cc(1923)] btm_ble_process_ext_adv_pkt: bda=c7:9e:cc:49:b0:5d
09-01 14:28:41.064 V/bt_stack( 8588): [VERBOSE1:btm_ble_gap.cc(1847)] btm_ble_process_adv_addr: bda=c7:9e:cc:49:b0:5d
09-01 14:28:41.064 I/BluetoothUtils( 8588): packagename is android.uid.bluetooth:1002 ,and its permission is false
09-01 14:28:41.065 D/BluetoothUtils( 8588): blockedByLocationOff callingUid=1002
09-01 14:28:41.066 I/BluetoothUtils( 8588): packagename is android.uid.bluetooth:1002 ,and its permission is false
09-01 14:28:41.066 D/BluetoothUtils( 8588): blockedByLocationOff callingUid=1002
09-01 14:28:41.066 I/BluetoothUtils( 8588): packagename is android.uid.bluetooth:1002 ,and its permission is false
09-01 14:28:41.066 D/BluetoothUtils( 8588): blockedByLocationOff callingUid=1002
09-01 14:28:41.066 V/bt_stack( 8588): [VERBOSE1:btm_ble_gap.cc(1923)] btm_ble_process_ext_adv_pkt: bda=44:ca:73:cc:df:42
09-01 14:28:41.066 V/bt_stack( 8588): [VERBOSE1:btm_ble_gap.cc(1847)] btm_ble_process_adv_addr: bda=44:ca:73:cc:df:42
09-01 14:28:41.066 V/bt_stack( 8588): [VERBOSE1:btm_ble_gap.cc(2052)]  Waiting for scan response 44:ca:73:cc:df:42
09-01 14:28:41.066 V/bt_stack( 8588): [VERBOSE1:btm_ble_gap.cc(1923)] btm_ble_process_ext_adv_pkt: bda=44:ca:73:cc:df:42
09-01 14:28:41.067 V/bt_stack( 8588): [VERBOSE1:btm_ble_gap.cc(1847)] btm_ble_process_adv_addr: bda=44:ca:73:cc:df:42
09-01 14:28:41.067 I/BluetoothUtils( 8588): packagename is android.uid.bluetooth:1002 ,and its permission is false
09-01 14:28:41.067 D/BluetoothUtils( 8588): blockedByLocationOff callingUid=1002
09-01 14:28:41.068 I/BluetoothUtils( 8588): packagename is android.uid.bluetooth:1002 ,and its permission is false
09-01 14:28:41.068 D/BluetoothUtils( 8588): blockedByLocationOff callingUid=1002
09-01 14:28:41.068 I/BluetoothUtils( 8588): packagename is android.uid.bluetooth:1002 ,and its permission is false
09-01 14:28:41.068 D/BluetoothUtils( 8588): blockedByLocationOff callingUid=1002
09-01 14:28:41.068 I/BluetoothUtils( 8588): packagename is android.uid.bluetooth:1002 ,and its permission is false
09-01 14:28:41.074 V/bt_stack( 8588): [VERBOSE1:btm_ble_gap.cc(1923)] btm_ble_process_ext_adv_pkt: bda=66:3e:07:e0:2b:d4
09-01 14:28:41.074 V/bt_stack( 8588): [VERBOSE1:btm_ble_gap.cc(1847)] btm_ble_process_adv_addr: bda=66:3e:07:e0:2b:d4
09-01 14:28:41.074 V/bt_stack( 8588): [VERBOSE1:btm_ble_gap.cc(2052)]  Waiting for scan response 66:3e:07:e0:2b:d4
09-01 14:28:41.074 V/bt_stack( 8588): [VERBOSE1:btm_ble_gap.cc(1923)] btm_ble_process_ext_adv_pkt: bda=66:3e:07:e0:2b:d4
09-01 14:28:41.074 V/bt_stack( 8588): [VERBOSE1:btm_ble_gap.cc(1847)] btm_ble_process_adv_addr: bda=66:3e:07:e0:2b:d4
09-01 14:28:41.075 D/BluetoothUtils( 8588): blockedByLocationOff callingUid=1002
09-01 14:28:41.075 I/BluetoothUtils( 8588): packagename is android.uid.bluetooth:1002 ,and its permission is false
09-01 14:28:41.075 D/BluetoothUtils( 8588): blockedByLocationOff callingUid=1002
09-01 14:28:41.075 I/BluetoothUtils( 8588): packagename is android.uid.bluetooth:1002 ,and its permission is false
09-01 14:28:41.075 D/BluetoothUtils( 8588): blockedByLocationOff callingUid=1002
09-01 14:28:41.076 I/BluetoothUtils( 8588): packagename is android.uid.bluetooth:1002 ,and its permission is false
09-01 14:28:41.079 D/OemNetd (  679): setLimit: disable, rate=0
09-01 14:28:41.081 V/bt_stack( 8588): [VERBOSE1:btm_ble_gap.cc(1923)] btm_ble_process_ext_adv_pkt: bda=38:f9:d3:45:87:1e
09-01 14:28:41.081 V/bt_stack( 8588): [VERBOSE1:btm_ble_gap.cc(1847)] btm_ble_process_adv_addr: bda=38:f9:d3:45:87:1e
09-01 14:28:41.081 V/bt_stack( 8588): [VERBOSE1:btm_ble_gap.cc(2052)]  Waiting for scan response 38:f9:d3:45:87:1e
09-01 14:28:41.081 V/bt_stack( 8588): [VERBOSE1:btm_ble_gap.cc(1923)] btm_ble_process_ext_adv_pkt: bda=38:f9:d3:45:87:1e
09-01 14:28:41.081 V/bt_stack( 8588): [VERBOSE1:btm_ble_gap.cc(1847)] btm_ble_process_adv_addr: bda=38:f9:d3:45:87:1e
09-01 14:28:41.082 D/BluetoothUtils( 8588): blockedByLocationOff callingUid=1002
09-01 14:28:41.082 I/BluetoothUtils( 8588): packagename is android.uid.bluetooth:1002 ,and its permission is false
09-01 14:28:41.082 D/BluetoothUtils( 8588): blockedByLocationOff callingUid=1002
09-01 14:28:41.082 I/BluetoothUtils( 8588): packagename is android.uid.bluetooth:1002 ,and its permission is false
09-01 14:28:41.082 D/BluetoothUtils( 8588): blockedByLocationOff callingUid=1002
09-01 14:28:41.083 I/BluetoothUtils( 8588): packagename is android.uid.bluetooth:1002 ,and its permission is false
09-01 14:28:41.122 V/bt_stack( 8588): [VERBOSE1:btm_ble_gap.cc(1923)] btm_ble_process_ext_adv_pkt: bda=19:30:6d:c4:b5:5b
09-01 14:28:41.122 V/bt_stack( 8588): [VERBOSE1:btm_ble_gap.cc(1847)] btm_ble_process_adv_addr: bda=19:30:6d:c4:b5:5b
09-01 14:28:41.124 D/BluetoothUtils( 8588): blockedByLocationOff callingUid=1002
09-01 14:28:41.124 I/BluetoothUtils( 8588): packagename is android.uid.bluetooth:1002 ,and its permission is false
09-01 14:28:41.124 D/BluetoothUtils( 8588): blockedByLocationOff callingUid=1002
09-01 14:28:41.125 I/BluetoothUtils( 8588): packagename is android.uid.bluetooth:1002 ,and its permission is false
09-01 14:28:41.125 D/BluetoothUtils( 8588): blockedByLocationOff callingUid=1002
09-01 14:28:41.125 I/BluetoothUtils( 8588): packagename is android.uid.bluetooth:1002 ,and its permission is false
09-01 14:28:41.128 V/bt_stack( 8588): [VERBOSE1:btm_ble_gap.cc(1923)] btm_ble_process_ext_adv_pkt: bda=66:db:a5:b4:54:91
09-01 14:28:41.128 V/bt_stack( 8588): [VERBOSE1:btm_ble_gap.cc(1847)] btm_ble_process_adv_addr: bda=66:db:a5:b4:54:91
09-01 14:28:41.128 V/bt_stack( 8588): [VERBOSE1:btm_ble_gap.cc(2052)]  Waiting for scan response 66:db:a5:b4:54:91
09-01 14:28:41.128 V/bt_stack( 8588): [VERBOSE1:btm_ble_gap.cc(1923)] btm_ble_process_ext_adv_pkt: bda=2a:99:8c:12:d1:b1
09-01 14:28:41.128 V/bt_stack( 8588): [VERBOSE1:btm_ble_gap.cc(1847)] btm_ble_process_adv_addr: bda=2a:99:8c:12:d1:b1
09-01 14:28:41.130 D/BluetoothUtils( 8588): blockedByLocationOff callingUid=1002
09-01 14:28:41.130 I/BluetoothUtils( 8588): packagename is android.uid.bluetooth:1002 ,and its permission is false
09-01 14:28:41.131 D/BluetoothUtils( 8588): blockedByLocationOff callingUid=1002
09-01 14:28:41.131 I/BluetoothUtils( 8588): packagename is android.uid.bluetooth:1002 ,and its permission is false
09-01 14:28:41.131 D/BluetoothUtils( 8588): blockedByLocationOff callingUid=1002
09-01 14:28:41.131 I/BluetoothUtils( 8588): packagename is android.uid.bluetooth:1002 ,and its permission is false
09-01 14:28:41.133 V/bt_stack( 8588): [VERBOSE1:btm_ble_gap.cc(1923)] btm_ble_process_ext_adv_pkt: bda=11:82:f5:89:45:91
09-01 14:28:41.133 V/bt_stack( 8588): [VERBOSE1:btm_ble_gap.cc(1847)] btm_ble_process_adv_addr: bda=11:82:f5:89:45:91
09-01 14:28:41.134 D/BluetoothUtils( 8588): blockedByLocationOff callingUid=1002
09-01 14:28:41.135 I/BluetoothUtils( 8588): packagename is android.uid.bluetooth:1002 ,and its permission is false
09-01 14:28:41.135 D/BluetoothUtils( 8588): blockedByLocationOff callingUid=1002
09-01 14:28:41.135 I/BluetoothUtils( 8588): packagename is android.uid.bluetooth:1002 ,and its permission is false
09-01 14:28:41.135 D/BluetoothUtils( 8588): blockedByLocationOff callingUid=1002
09-01 14:28:41.135 I/BluetoothUtils( 8588): packagename is android.uid.bluetooth:1002 ,and its permission is false
09-01 14:28:41.149 V/bt_stack( 8588): [VERBOSE1:btm_ble_gap.cc(1923)] btm_ble_process_ext_adv_pkt: bda=0c:1a:06:0e:96:57
09-01 14:28:41.149 V/bt_stack( 8588): [VERBOSE1:btm_ble_gap.cc(1847)] btm_ble_process_adv_addr: bda=0c:1a:06:0e:96:57
09-01 14:28:41.151 V/bt_stack( 8588): [VERBOSE1:btm_ble_gap.cc(1923)] btm_ble_process_ext_adv_pkt: bda=2e:17:70:f9:0b:48
09-01 14:28:41.151 V/bt_stack( 8588): [VERBOSE1:btm_ble_gap.cc(1847)] btm_ble_process_adv_addr: bda=2e:17:70:f9:0b:48
09-01 14:28:41.151 D/BluetoothUtils( 8588): blockedByLocationOff callingUid=1002
09-01 14:28:41.151 V/bt_stack( 8588): [VERBOSE1:btm_ble_gap.cc(1923)] btm_ble_process_ext_adv_pkt: bda=6a:1a:31:28:a4:f8
09-01 14:28:41.151 V/bt_stack( 8588): [VERBOSE1:btm_ble_gap.cc(1847)] btm_ble_process_adv_addr: bda=6a:1a:31:28:a4:f8
09-01 14:28:41.152 I/BluetoothUtils( 8588): packagename is android.uid.bluetooth:1002 ,and its permission is false
09-01 14:28:41.152 D/BluetoothUtils( 8588): blockedByLocationOff callingUid=1002
09-01 14:28:41.152 I/BluetoothUtils( 8588): packagename is android.uid.bluetooth:1002 ,and its permission is false
09-01 14:28:41.152 D/BluetoothUtils( 8588): blockedByLocationOff callingUid=1002
09-01 14:28:41.153 I/BluetoothUtils( 8588): packagename is android.uid.bluetooth:1002 ,and its permission is false
09-01 14:28:41.154 D/BluetoothUtils( 8588): blockedByLocationOff callingUid=1002
09-01 14:28:41.155 I/BluetoothUtils( 8588): packagename is android.uid.bluetooth:1002 ,and its permission is false
09-01 14:28:41.155 D/BluetoothUtils( 8588): blockedByLocationOff callingUid=1002
09-01 14:28:41.155 V/bt_stack( 8588): [VERBOSE1:btm_ble_gap.cc(1923)] btm_ble_process_ext_adv_pkt: bda=10:42:5e:92:d4:eb
09-01 14:28:41.155 I/BluetoothUtils( 8588): packagename is android.uid.bluetooth:1002 ,and its permission is false
09-01 14:28:41.155 V/bt_stack( 8588): [VERBOSE1:btm_ble_gap.cc(1847)] btm_ble_process_adv_addr: bda=10:42:5e:92:d4:eb
09-01 14:28:41.155 D/BluetoothUtils( 8588): blockedByLocationOff callingUid=1002
09-01 14:28:41.155 I/BluetoothUtils( 8588): packagename is android.uid.bluetooth:1002 ,and its permission is false
09-01 14:28:41.156 D/BluetoothUtils( 8588): blockedByLocationOff callingUid=1002
09-01 14:28:41.157 I/BluetoothUtils( 8588): packagename is android.uid.bluetooth:1002 ,and its permission is false
09-01 14:28:41.157 D/BluetoothUtils( 8588): blockedByLocationOff callingUid=1002
09-01 14:28:41.157 I/BluetoothUtils( 8588): packagename is android.uid.bluetooth:1002 ,and its permission is false
09-01 14:28:41.157 D/BluetoothUtils( 8588): blockedByLocationOff callingUid=1002
09-01 14:28:41.158 I/BluetoothUtils( 8588): packagename is android.uid.bluetooth:1002 ,and its permission is false
09-01 14:28:41.158 D/BluetoothUtils( 8588): blockedByLocationOff callingUid=1002
09-01 14:28:41.159 I/BluetoothUtils( 8588): packagename is android.uid.bluetooth:1002 ,and its permission is false
09-01 14:28:41.159 D/BluetoothUtils( 8588): blockedByLocationOff callingUid=1002
09-01 14:28:41.159 I/BluetoothUtils( 8588): packagename is android.uid.bluetooth:1002 ,and its permission is false
09-01 14:28:41.159 D/BluetoothUtils( 8588): blockedByLocationOff callingUid=1002
09-01 14:28:41.160 I/BluetoothUtils( 8588): packagename is android.uid.bluetooth:1002 ,and its permission is false
09-01 14:28:41.161 V/bt_stack( 8588): [VERBOSE1:btm_ble_gap.cc(1923)] btm_ble_process_ext_adv_pkt: bda=36:c9:49:a0:b6:9d
09-01 14:28:41.161 V/bt_stack( 8588): [VERBOSE1:btm_ble_gap.cc(1847)] btm_ble_process_adv_addr: bda=36:c9:49:a0:b6:9d
09-01 14:28:41.162 V/bt_stack( 8588): [VERBOSE1:btm_ble_gap.cc(1923)] btm_ble_process_ext_adv_pkt: bda=0a:29:89:b7:c8:4a
09-01 14:28:41.162 V/bt_stack( 8588): [VERBOSE1:btm_ble_gap.cc(1847)] btm_ble_process_adv_addr: bda=0a:29:89:b7:c8:4a
09-01 14:28:41.162 D/BluetoothUtils( 8588): blockedByLocationOff callingUid=1002
09-01 14:28:41.163 I/BluetoothUtils( 8588): packagename is android.uid.bluetooth:1002 ,and its permission is false
09-01 14:28:41.163 D/BluetoothUtils( 8588): blockedByLocationOff callingUid=1002
09-01 14:28:41.164 I/BluetoothUtils( 8588): packagename is android.uid.bluetooth:1002 ,and its permission is false
09-01 14:28:41.164 D/BluetoothUtils( 8588): blockedByLocationOff callingUid=1002
09-01 14:28:41.164 I/BluetoothUtils( 8588): packagename is android.uid.bluetooth:1002 ,and its permission is false
09-01 14:28:41.164 V/bt_stack( 8588): [VERBOSE1:btm_ble_gap.cc(1923)] btm_ble_process_ext_adv_pkt: bda=24:65:c8:81:ba:6f
09-01 14:28:41.164 V/bt_stack( 8588): [VERBOSE1:btm_ble_gap.cc(1847)] btm_ble_process_adv_addr: bda=24:65:c8:81:ba:6f
09-01 14:28:41.165 D/BluetoothUtils( 8588): blockedByLocationOff callingUid=1002
09-01 14:28:41.166 I/BluetoothUtils( 8588): packagename is android.uid.bluetooth:1002 ,and its permission is false
09-01 14:28:41.166 D/BluetoothUtils( 8588): blockedByLocationOff callingUid=1002
09-01 14:28:41.166 I/BluetoothUtils( 8588): packagename is android.uid.bluetooth:1002 ,and its permission is false
09-01 14:28:41.166 D/BluetoothUtils( 8588): blockedByLocationOff callingUid=1002
09-01 14:28:41.166 I/BluetoothUtils( 8588): packagename is android.uid.bluetooth:1002 ,and its permission is false
09-01 14:28:41.167 D/BluetoothUtils( 8588): blockedByLocationOff callingUid=1002
09-01 14:28:41.168 I/BluetoothUtils( 8588): packagename is android.uid.bluetooth:1002 ,and its permission is false
09-01 14:28:41.168 D/BluetoothUtils( 8588): blockedByLocationOff callingUid=1002
09-01 14:28:41.168 I/BluetoothUtils( 8588): packagename is android.uid.bluetooth:1002 ,and its permission is false
09-01 14:28:41.168 D/BluetoothUtils( 8588): blockedByLocationOff callingUid=1002
09-01 14:28:41.168 I/BluetoothUtils( 8588): packagename is android.uid.bluetooth:1002 ,and its permission is false
09-01 14:28:41.174 V/bt_stack( 8588): [VERBOSE1:btm_ble_gap.cc(1923)] btm_ble_process_ext_adv_pkt: bda=2d:8f:df:c2:a9:d4
09-01 14:28:41.174 V/bt_stack( 8588): [VERBOSE1:btm_ble_gap.cc(1847)] btm_ble_process_adv_addr: bda=2d:8f:df:c2:a9:d4
09-01 14:28:41.174 I/appium  ( 6878): AppiumResponse: {"sessionId":"64258e99-4a1a-4f26-b5bc-da02a53421ad","value":null}
09-01 14:28:41.175 D/BluetoothUtils( 8588): blockedByLocationOff callingUid=1002
09-01 14:28:41.175 I/BluetoothUtils( 8588): packagename is android.uid.bluetooth:1002 ,and its permission is false
09-01 14:28:41.175 D/BluetoothUtils( 8588): blockedByLocationOff callingUid=1002
09-01 14:28:41.176 I/BluetoothUtils( 8588): packagename is android.uid.bluetooth:1002 ,and its permission is false
09-01 14:28:41.176 D/BluetoothUtils( 8588): blockedByLocationOff callingUid=1002
09-01 14:28:41.176 I/BluetoothUtils( 8588): packagename is android.uid.bluetooth:1002 ,and its permission is false
09-01 14:28:41.195 I/appium  ( 6878): channel read invoked!
09-01 14:28:41.195 V/bt_stack( 8588): [VERBOSE1:btm_ble_gap.cc(1923)] btm_ble_process_ext_adv_pkt: bda=72:1f:5b:cb:e4:06
09-01 14:28:41.195 I/appium  ( 6878): channel read: POST /wd/hub/session/64258e99-4a1a-4f26-b5bc-da02a53421ad/element
09-01 14:28:41.195 V/bt_stack( 8588): [VERBOSE1:btm_ble_gap.cc(1847)] btm_ble_process_adv_addr: bda=72:1f:5b:cb:e4:06
09-01 14:28:41.196 V/bt_stack( 8588): [VERBOSE1:btm_ble_gap.cc(2052)]  Waiting for scan response 72:1f:5b:cb:e4:06
09-01 14:28:41.196 V/bt_stack( 8588): [VERBOSE1:btm_ble_gap.cc(1923)] btm_ble_process_ext_adv_pkt: bda=17:be:83:99:5a:17
09-01 14:28:41.196 V/bt_stack( 8588): [VERBOSE1:btm_ble_gap.cc(1847)] btm_ble_process_adv_addr: bda=17:be:83:99:5a:17
09-01 14:28:41.198 D/BluetoothUtils( 8588): blockedByLocationOff callingUid=1002
09-01 14:28:41.198 I/appium  ( 6878): Find element command using 'id' with selector 'publisher_name'.
09-01 14:28:41.198 I/BluetoothUtils( 8588): packagename is android.uid.bluetooth:1002 ,and its permission is false
09-01 14:28:41.198 I/appium  ( 6878): Waiting up to 10000ms for device to be idle
09-01 14:28:41.198 D/BluetoothUtils( 8588): blockedByLocationOff callingUid=1002
09-01 14:28:41.198 I/BluetoothUtils( 8588): packagename is android.uid.bluetooth:1002 ,and its permission is false
09-01 14:28:41.199 D/BluetoothUtils( 8588): blockedByLocationOff callingUid=1002
09-01 14:28:41.199 I/BluetoothUtils( 8588): packagename is android.uid.bluetooth:1002 ,and its permission is false
09-01 14:28:41.200 V/bt_stack( 8588): [VERBOSE1:btm_ble_gap.cc(1923)] btm_ble_process_ext_adv_pkt: bda=77:70:e9:20:dc:cd
09-01 14:28:41.201 V/bt_stack( 8588): [VERBOSE1:btm_ble_gap.cc(1847)] btm_ble_process_adv_addr: bda=77:70:e9:20:dc:cd
09-01 14:28:41.202 D/BluetoothUtils( 8588): blockedByLocationOff callingUid=1002
09-01 14:28:41.202 I/BluetoothUtils( 8588): packagename is android.uid.bluetooth:1002 ,and its permission is false
09-01 14:28:41.202 D/BluetoothUtils( 8588): blockedByLocationOff callingUid=1002
09-01 14:28:41.203 I/BluetoothUtils( 8588): packagename is android.uid.bluetooth:1002 ,and its permission is false
09-01 14:28:41.203 D/BluetoothUtils( 8588): blockedByLocationOff callingUid=1002
09-01 14:28:41.203 I/BluetoothUtils( 8588): packagename is android.uid.bluetooth:1002 ,and its permission is false
09-01 14:28:41.211 V/bt_stack( 8588): [VERBOSE1:btm_ble_gap.cc(1923)] btm_ble_process_ext_adv_pkt: bda=12:1c:38:cd:04:e8
09-01 14:28:41.211 V/bt_stack( 8588): [VERBOSE1:btm_ble_gap.cc(1847)] btm_ble_process_adv_addr: bda=12:1c:38:cd:04:e8
09-01 14:28:41.212 D/BluetoothUtils( 8588): blockedByLocationOff callingUid=1002
09-01 14:28:41.212 I/BluetoothUtils( 8588): packagename is android.uid.bluetooth:1002 ,and its permission is false
09-01 14:28:41.212 D/BluetoothUtils( 8588): blockedByLocationOff callingUid=1002
09-01 14:28:41.213 I/BluetoothUtils( 8588): packagename is android.uid.bluetooth:1002 ,and its permission is false
09-01 14:28:41.213 D/BluetoothUtils( 8588): blockedByLocationOff callingUid=1002
09-01 14:28:41.213 I/BluetoothUtils( 8588): packagename is android.uid.bluetooth:1002 ,and its permission is false
09-01 14:28:41.220 I/appium  ( 6878): AppiumResponse: {"sessionId":"64258e99-4a1a-4f26-b5bc-da02a53421ad","value":{"ELEMENT":"90ce6329-654e-4ddf-bc0f-7fcf69be049a","element-6066-11e4-a52e-4f735466cecf":"90ce6329-654e-4ddf-bc0f-7fcf69be049a"}}
09-01 14:28:41.222 V/bt_stack( 8588): [VERBOSE1:btm_ble_gap.cc(1923)] btm_ble_process_ext_adv_pkt: bda=19:30:6d:c4:b5:5b
09-01 14:28:41.222 V/bt_stack( 8588): [VERBOSE1:btm_ble_gap.cc(1847)] btm_ble_process_adv_addr: bda=19:30:6d:c4:b5:5b
09-01 14:28:41.224 D/BluetoothUtils( 8588): blockedByLocationOff callingUid=1002
09-01 14:28:41.224 I/BluetoothUtils( 8588): packagename is android.uid.bluetooth:1002 ,and its permission is false
09-01 14:28:41.224 D/BluetoothUtils( 8588): blockedByLocationOff callingUid=1002
09-01 14:28:41.225 I/BluetoothUtils( 8588): packagename is android.uid.bluetooth:1002 ,and its permission is false
09-01 14:28:41.225 D/BluetoothUtils( 8588): blockedByLocationOff callingUid=1002
09-01 14:28:41.225 I/BluetoothUtils( 8588): packagename is android.uid.bluetooth:1002 ,and its permission is false
09-01 14:28:41.230 V/bt_stack( 8588): [VERBOSE1:btm_ble_gap.cc(1923)] btm_ble_process_ext_adv_pkt: bda=2a:99:8c:12:d1:b1
09-01 14:28:41.231 V/bt_stack( 8588): [VERBOSE1:btm_ble_gap.cc(1847)] btm_ble_process_adv_addr: bda=2a:99:8c:12:d1:b1
09-01 14:28:41.232 D/BluetoothUtils( 8588): blockedByLocationOff callingUid=1002
09-01 14:28:41.232 I/BluetoothUtils( 8588): packagename is android.uid.bluetooth:1002 ,and its permission is false
09-01 14:28:41.232 D/BluetoothUtils( 8588): blockedByLocationOff callingUid=1002
09-01 14:28:41.233 I/BluetoothUtils( 8588): packagename is android.uid.bluetooth:1002 ,and its permission is false
09-01 14:28:41.233 D/BluetoothUtils( 8588): blockedByLocationOff callingUid=1002
09-01 14:28:41.233 I/BluetoothUtils( 8588): packagename is android.uid.bluetooth:1002 ,and its permission is false
09-01 14:28:41.240 V/bt_stack( 8588): [VERBOSE1:btm_ble_gap.cc(1923)] btm_ble_process_ext_adv_pkt: bda=11:82:f5:89:45:91
09-01 14:28:41.240 V/bt_stack( 8588): [VERBOSE1:btm_ble_gap.cc(1847)] btm_ble_process_adv_addr: bda=11:82:f5:89:45:91
09-01 14:28:41.242 D/BluetoothUtils( 8588): blockedByLocationOff callingUid=1002
09-01 14:28:41.242 I/BluetoothUtils( 8588): packagename is android.uid.bluetooth:1002 ,and its permission is false
09-01 14:28:41.242 D/BluetoothUtils( 8588): blockedByLocationOff callingUid=1002
09-01 14:28:41.243 I/BluetoothUtils( 8588): packagename is android.uid.bluetooth:1002 ,and its permission is false
09-01 14:28:41.243 D/BluetoothUtils( 8588): blockedByLocationOff callingUid=1002
09-01 14:28:41.243 I/BluetoothUtils( 8588): packagename is android.uid.bluetooth:1002 ,and its permission is false
09-01 14:28:41.245 I/appium  ( 6878): channel read invoked!
09-01 14:28:41.245 I/appium  ( 6878): channel read: GET /wd/hub/session/64258e99-4a1a-4f26-b5bc-da02a53421ad/element/90ce6329-654e-4ddf-bc0f-7fcf69be049a/attribute/text
09-01 14:28:41.246 I/appium  ( 6878): get attribute of element command
09-01 14:28:41.253 I/appium  ( 6878): AppiumResponse: {"sessionId":"64258e99-4a1a-4f26-b5bc-da02a53421ad","value":"username3"}
09-01 14:28:41.254 V/bt_stack( 8588): [VERBOSE1:btm_ble_gap.cc(1923)] btm_ble_process_ext_adv_pkt: bda=66:3e:07:e0:2b:d4
09-01 14:28:41.254 V/bt_stack( 8588): [VERBOSE1:btm_ble_gap.cc(1847)] btm_ble_process_adv_addr: bda=66:3e:07:e0:2b:d4
09-01 14:28:41.254 V/bt_stack( 8588): [VERBOSE1:btm_ble_gap.cc(2052)]  Waiting for scan response 66:3e:07:e0:2b:d4
09-01 14:28:41.254 V/bt_stack( 8588): [VERBOSE1:btm_ble_gap.cc(1923)] btm_ble_process_ext_adv_pkt: bda=66:3e:07:e0:2b:d4
09-01 14:28:41.254 V/bt_stack( 8588): [VERBOSE1:btm_ble_gap.cc(1847)] btm_ble_process_adv_addr: bda=66:3e:07:e0:2b:d4
09-01 14:28:41.255 D/BluetoothUtils( 8588): blockedByLocationOff callingUid=1002
09-01 14:28:41.256 I/BluetoothUtils( 8588): packagename is android.uid.bluetooth:1002 ,and its permission is false
09-01 14:28:41.256 D/BluetoothUtils( 8588): blockedByLocationOff callingUid=1002
09-01 14:28:41.256 I/BluetoothUtils( 8588): packagename is android.uid.bluetooth:1002 ,and its permission is false
09-01 14:28:41.256 D/BluetoothUtils( 8588): blockedByLocationOff callingUid=1002
09-01 14:28:41.256 I/BluetoothUtils( 8588): packagename is android.uid.bluetooth:1002 ,and its permission is false
09-01 14:28:41.257 V/bt_stack( 8588): [VERBOSE1:btm_ble_gap.cc(1923)] btm_ble_process_ext_adv_pkt: bda=2e:17:70:f9:0b:48
09-01 14:28:41.258 V/bt_stack( 8588): [VERBOSE1:btm_ble_gap.cc(1847)] btm_ble_process_adv_addr: bda=2e:17:70:f9:0b:48
09-01 14:28:41.258 D/BluetoothUtils( 8588): blockedByLocationOff callingUid=1002
09-01 14:28:41.259 I/BluetoothUtils( 8588): packagename is android.uid.bluetooth:1002 ,and its permission is false
09-01 14:28:41.259 D/BluetoothUtils( 8588): blockedByLocationOff callingUid=1002
09-01 14:28:41.259 V/bt_stack( 8588): [VERBOSE1:btm_ble_gap.cc(1923)] btm_ble_process_ext_adv_pkt: bda=6a:1a:31:28:a4:f8
09-01 14:28:41.259 V/bt_stack( 8588): [VERBOSE1:btm_ble_gap.cc(1847)] btm_ble_process_adv_addr: bda=6a:1a:31:28:a4:f8
09-01 14:28:41.259 I/BluetoothUtils( 8588): packagename is android.uid.bluetooth:1002 ,and its permission is false
09-01 14:28:41.259 D/BluetoothUtils( 8588): blockedByLocationOff callingUid=1002
09-01 14:28:41.259 I/BluetoothUtils( 8588): packagename is android.uid.bluetooth:1002 ,and its permission is false
09-01 14:28:41.260 D/BluetoothUtils( 8588): blockedByLocationOff callingUid=1002
09-01 14:28:41.260 I/BluetoothUtils( 8588): packagename is android.uid.bluetooth:1002 ,and its permission is false
09-01 14:28:41.261 D/BluetoothUtils( 8588): blockedByLocationOff callingUid=1002
09-01 14:28:41.261 V/bt_stack( 8588): [VERBOSE1:btm_ble_gap.cc(1923)] btm_ble_process_ext_adv_pkt: bda=10:42:5e:92:d4:eb
09-01 14:28:41.261 V/bt_stack( 8588): [VERBOSE1:btm_ble_gap.cc(1847)] btm_ble_process_adv_addr: bda=10:42:5e:92:d4:eb
09-01 14:28:41.261 I/BluetoothUtils( 8588): packagename is android.uid.bluetooth:1002 ,and its permission is false
09-01 14:28:41.261 D/BluetoothUtils( 8588): blockedByLocationOff callingUid=1002
09-01 14:28:41.261 I/BluetoothUtils( 8588): packagename is android.uid.bluetooth:1002 ,and its permission is false
09-01 14:28:41.262 D/BluetoothUtils( 8588): blockedByLocationOff callingUid=1002
09-01 14:28:41.262 V/bt_stack( 8588): [VERBOSE1:btm_ble_gap.cc(1923)] btm_ble_process_ext_adv_pkt: bda=38:f9:d3:45:87:1e
09-01 14:28:41.262 V/bt_stack( 8588): [VERBOSE1:btm_ble_gap.cc(1847)] btm_ble_process_adv_addr: bda=38:f9:d3:45:87:1e
09-01 14:28:41.262 V/bt_stack( 8588): [VERBOSE1:btm_ble_gap.cc(2052)]  Waiting for scan response 38:f9:d3:45:87:1e
09-01 14:28:41.262 V/bt_stack( 8588): [VERBOSE1:btm_ble_gap.cc(1923)] btm_ble_process_ext_adv_pkt: bda=38:f9:d3:45:87:1e
09-01 14:28:41.262 V/bt_stack( 8588): [VERBOSE1:btm_ble_gap.cc(1847)] btm_ble_process_adv_addr: bda=38:f9:d3:45:87:1e
09-01 14:28:41.262 I/BluetoothUtils( 8588): packagename is android.uid.bluetooth:1002 ,and its permission is false
09-01 14:28:41.262 D/BluetoothUtils( 8588): blockedByLocationOff callingUid=1002
09-01 14:28:41.263 I/BluetoothUtils( 8588): packagename is android.uid.bluetooth:1002 ,and its permission is false
09-01 14:28:41.263 D/BluetoothUtils( 8588): blockedByLocationOff callingUid=1002
09-01 14:28:41.263 I/BluetoothUtils( 8588): packagename is android.uid.bluetooth:1002 ,and its permission is false
09-01 14:28:41.264 V/bt_stack( 8588): [VERBOSE1:btm_ble_gap.cc(1923)] btm_ble_process_ext_adv_pkt: bda=0a:29:89:b7:c8:4a
09-01 14:28:41.264 D/BluetoothUtils( 8588): blockedByLocationOff callingUid=1002
09-01 14:28:41.264 V/bt_stack( 8588): [VERBOSE1:btm_ble_gap.cc(1847)] btm_ble_process_adv_addr: bda=0a:29:89:b7:c8:4a
09-01 14:28:41.264 I/BluetoothUtils( 8588): packagename is android.uid.bluetooth:1002 ,and its permission is false
09-01 14:28:41.264 D/BluetoothUtils( 8588): blockedByLocationOff callingUid=1002
09-01 14:28:41.264 I/BluetoothUtils( 8588): packagename is android.uid.bluetooth:1002 ,and its permission is false
09-01 14:28:41.264 D/BluetoothUtils( 8588): blockedByLocationOff callingUid=1002
09-01 14:28:41.264 I/BluetoothUtils( 8588): packagename is android.uid.bluetooth:1002 ,and its permission is false
09-01 14:28:41.265 D/BluetoothUtils( 8588): blockedByLocationOff callingUid=1002
09-01 14:28:41.266 I/BluetoothUtils( 8588): packagename is android.uid.bluetooth:1002 ,and its permission is false
09-01 14:28:41.266 D/BluetoothUtils( 8588): blockedByLocationOff callingUid=1002
09-01 14:28:41.266 V/bt_stack( 8588): [VERBOSE1:btm_ble_gap.cc(1923)] btm_ble_process_ext_adv_pkt: bda=53:56:a8:ef:e5:80
09-01 14:28:41.266 I/BluetoothUtils( 8588): packagename is android.uid.bluetooth:1002 ,and its permission is false
09-01 14:28:41.266 V/bt_stack( 8588): [VERBOSE1:btm_ble_gap.cc(1847)] btm_ble_process_adv_addr: bda=53:56:a8:ef:e5:80
09-01 14:28:41.266 V/bt_stack( 8588): [VERBOSE1:btm_ble_gap.cc(2052)]  Waiting for scan response 53:56:a8:ef:e5:80
09-01 14:28:41.266 D/BluetoothUtils( 8588): blockedByLocationOff callingUid=1002
09-01 14:28:41.266 V/bt_stack( 8588): [VERBOSE1:btm_ble_gap.cc(1923)] btm_ble_process_ext_adv_pkt: bda=53:56:a8:ef:e5:80
09-01 14:28:41.266 V/bt_stack( 8588): [VERBOSE1:btm_ble_gap.cc(1847)] btm_ble_process_adv_addr: bda=53:56:a8:ef:e5:80
09-01 14:28:41.266 I/BluetoothUtils( 8588): packagename is android.uid.bluetooth:1002 ,and its permission is false
09-01 14:28:41.267 D/BluetoothUtils( 8588): blockedByLocationOff callingUid=1002
09-01 14:28:41.267 I/BluetoothUtils( 8588): packagename is android.uid.bluetooth:1002 ,and its permission is false
09-01 14:28:41.268 D/BluetoothUtils( 8588): blockedByLocationOff callingUid=1002
09-01 14:28:41.268 I/BluetoothUtils( 8588): packagename is android.uid.bluetooth:1002 ,and its permission is false
09-01 14:28:41.268 D/BluetoothUtils( 8588): blockedByLocationOff callingUid=1002
09-01 14:28:41.268 I/BluetoothUtils( 8588): packagename is android.uid.bluetooth:1002 ,and its permission is false
09-01 14:28:41.272 I/appium  ( 6878): channel read invoked!
09-01 14:28:41.274 I/appium  ( 6878): channel read: GET /wd/hub/session/64258e99-4a1a-4f26-b5bc-da02a53421ad/screenshot
09-01 14:28:41.274 I/appium  ( 6878): Capture screenshot command
09-01 14:28:41.276 V/bt_stack( 8588): [VERBOSE1:btm_ble_gap.cc(1923)] btm_ble_process_ext_adv_pkt: bda=35:fe:26:b4:13:ca
