--------- beginning of main
09-01 14:30:36.721 D/NetworkController.MobileSignalController(1)(29730): 4G level = 5
09-01 14:30:36.941 I/appium  ( 8119): channel read invoked!
09-01 14:30:36.941 I/appium  ( 8119): channel read: POST /wd/hub/session/6bc493e8-63d1-4d52-9347-11257968596d/element
09-01 14:30:36.944 I/appium  ( 8119): Find element command using 'xpath' with selector '//*[@resource-id='com.xiaomi.hm.health:id/recyclerView']/android.view.ViewGroup'.
09-01 14:30:36.945 I/appium  ( 8119): Waiting up to 10000ms for device to be idle
09-01 14:30:36.988 D/BluetoothAdapter( 8179): stopLeScan()
09-01 14:30:36.990 D/BluetoothAdapter( 8179): isLeEnabled(): ON
09-01 14:30:36.990 D/BluetoothLeScanner( 8179): could not find callback wrapper
09-01 14:30:36.992 D/BluetoothAdapter( 8179): startLeScan(): null
09-01 14:30:36.993 D/BluetoothAdapter( 8179): isLeEnabled(): ON
09-01 14:30:36.995 D/BtGatt.GattService( 8588): registerScanner() - UUID=86cc3797-d9a3-4acd-a01a-28cfdbbb8282
09-01 14:30:36.996 V/bt_stack( 8588): [VERBOSE1:bta_gattc_act.cc(175)] bta_gattc_register: state:2
09-01 14:30:36.996 I/bt_stack( 8588): [INFO:gatt_api.cc(957)] GATT_Register c5b0aaae-8daf-2120-a880-543a3e7d37fc
09-01 14:30:36.996 I/bt_stack( 8588): [INFO:gatt_api.cc(977)] allocated gatt_if=17
09-01 14:30:36.996 V/bt_stack( 8588): [VERBOSE1:gatt_api.cc(1087)] GATT_StartIf gatt_if=17
09-01 14:30:36.996 V/bt_stack( 8588): [VERBOSE1:gatt_utils.cc(254)] gatt_find_the_connected_bda start_idx=0
09-01 14:30:36.996 V/bt_stack( 8588): [VERBOSE1:gatt_utils.cc(262)]  bda :c3:d4:f4:e3:11:ec
09-01 14:30:36.996 V/bt_stack( 8588): [VERBOSE1:gatt_utils.cc(266)]  found=1 found_idx=0
09-01 14:30:36.996 V/bt_stack( 8588): [VERBOSE1:gatt_utils.cc(254)] gatt_find_the_connected_bda start_idx=1
09-01 14:30:36.996 V/bt_stack( 8588): [VERBOSE1:gatt_utils.cc(266)]  found=0 found_idx=10
09-01 14:30:36.996 V/bt_stack( 8588): [VERBOSE1:bta_gattc_main.cc(361)] bta_gattc_hdl_event: Event:BTA_GATTC_INT_CONN_EVT
09-01 14:30:36.996 D/BtGatt.GattService( 8588): onScannerRegistered() - UUID=86cc3797-d9a3-4acd-a01a-28cfdbbb8282, scannerId=17, status=0
09-01 14:30:36.996 V/bt_stack( 8588): [VERBOSE1:bta_gattc_main.cc(385)] Ignore unknown conn ID: 17
09-01 14:30:36.997 D/BluetoothLeScanner( 8179): onScannerRegistered() - status=0 scannerId=17 mScannerId=0
09-01 14:30:36.999 D/PowerKeeperPolicy( 1639): isLeScanAllowed: uid = 10241, allow = true
09-01 14:30:36.999 D/BtGatt.GattService( 8588): start scan with filters. callingPackage: com.xiaomi.hm.health
09-01 14:30:37.004 D/BluetoothUtils( 8588): blockedByLocationOff callingUid=10241
09-01 14:30:37.004 I/BluetoothUtils( 8588): packagename is com.xiaomi.hm.health ,and its permission is false
09-01 14:30:37.008 I/BtGatt.ScanManager( 8588): msg.what = 0
09-01 14:30:37.008 D/BtGatt.ScanManager( 8588): handling starting scan
09-01 14:30:37.009 D/BtGatt.ScanManager( 8588): isAptXLowLatencyModeEnabled: false
09-01 14:30:37.010 D/PowerKeeperPolicy( 1639): startLeScan: BleScanWrapper[mClientIf = 17 mPendingIntent=null] uid=10241
09-01 14:30:37.011 D/vendor.qti.bluetooth@1.0-ibs_handler(19843): SerialClockVote: vote for UART CLK ON
09-01 14:30:37.012 D/vendor.qti.bluetooth@1.0-wake_lock(19843): Acquire wakelock is acquired 
09-01 14:30:37.012 I/vendor.qti.bluetooth@1.0-ibs_handler(19843): DeviceWakeUp: Writing IBS_WAKE_IND
09-01 14:30:37.012 D/PowerKeeperPolicy( 1639): uid = 10241 setAllowed, allowed = true
09-01 14:30:37.012 D/PowerKeeperPolicy( 1639): uid = 10241 setScanning, scanning = true
09-01 14:30:37.012 D/PowerKeeperPolicy( 1639): startLeScan, uid = 10241 is scanning
09-01 14:30:37.015 I/vendor.qti.bluetooth@1.0-ibs_handler(19843): ProcessIbsCmd: Received IBS_WAKE_ACK: 0xFC
09-01 14:30:37.015 I/vendor.qti.bluetooth@1.0-ibs_handler(19843): ProcessIbsCmd: Received IBS_WAKE_IND: 0xFD
09-01 14:30:37.015 I/vendor.qti.bluetooth@1.0-ibs_handler(19843): ProcessIbsCmd: Writing IBS_WAKE_ACK
09-01 14:30:37.016 D/BtGatt.GattService( 8588): onScanFilterEnableDisabled() - clientIf=17, status=0, action=1
09-01 14:30:37.016 D/BtGatt.ScanManager( 8588): callback done for scannerId - 17 status - 0
09-01 14:30:37.016 D/BtGatt.ScanManager( 8588): configureFilterParamter 500 10000 1 0, deliveryMode=0
09-01 14:30:37.018 D/BtGatt.GattService( 8588): onScanFilterParamsConfigured() - clientIf=17, status=0, action=0, availableSpace=10
09-01 14:30:37.018 D/BtGatt.ScanManager( 8588): callback done for scannerId - 17 status - 0
09-01 14:30:37.018 D/BtGatt.ScanManager( 8588): configureRegularScanParams() - queue=3
09-01 14:30:37.018 D/BtGatt.ScanManager( 8588): configureRegularScanParams() - ScanSetting LE 1M Scan mode=2ScanSetting LE Coded Scan mode=2 mLastConfiguredScanSettingLE1M=0 mLastConfiguredScanSettingLECoded=0scanPhy=255
09-01 14:30:37.018 D/BtGatt.ScanManager( 8588): configureRegularScanParams - scanInterval LE 1M = 4096configureRegularScanParams - scanWindow LE 1M= 4096configureRegularScanParams - scanInterval LE Coded= 4096configureRegularScanParams - scanWindow LE Coded= 4096
09-01 14:30:37.018 D/BtGatt.GattService( 8588): onScanParamSetupCompleted : 0
09-01 14:30:37.028 V/bt_stack( 8588): [VERBOSE1:btm_ble_gap.cc(1923)] btm_ble_process_ext_adv_pkt: bda=65:4b:eb:fb:21:09
09-01 14:30:37.028 V/bt_stack( 8588): [VERBOSE1:btm_ble_gap.cc(1847)] btm_ble_process_adv_addr: bda=65:4b:eb:fb:21:09
09-01 14:30:37.029 D/BluetoothUtils( 8588): blockedByLocationOff callingUid=1002
09-01 14:30:37.029 I/BluetoothUtils( 8588): packagename is android.uid.bluetooth:1002 ,and its permission is false
09-01 14:30:37.029 D/BluetoothUtils( 8588): blockedByLocationOff callingUid=1002
09-01 14:30:37.030 I/BluetoothUtils( 8588): packagename is android.uid.bluetooth:1002 ,and its permission is false
09-01 14:30:37.030 D/BluetoothUtils( 8588): blockedByLocationOff callingUid=1002
09-01 14:30:37.030 I/BluetoothUtils( 8588): packagename is android.uid.bluetooth:1002 ,and its permission is false
09-01 14:30:37.031 V/bt_stack( 8588): [VERBOSE1:btm_ble_gap.cc(1923)] btm_ble_process_ext_adv_pkt: bda=0d:a0:9b:d0:d9:48
09-01 14:30:37.032 V/bt_stack( 8588): [VERBOSE1:btm_ble_gap.cc(1847)] btm_ble_process_adv_addr: bda=0d:a0:9b:d0:d9:48
09-01 14:30:37.032 D/BluetoothUtils( 8588): blockedByLocationOff callingUid=1002
09-01 14:30:37.033 I/BluetoothUtils( 8588): packagename is android.uid.bluetooth:1002 ,and its permission is false
09-01 14:30:37.033 D/BluetoothUtils( 8588): blockedByLocationOff callingUid=1002
09-01 14:30:37.033 I/BluetoothUtils( 8588): packagename is android.uid.bluetooth:1002 ,and its permission is false
09-01 14:30:37.033 D/BluetoothUtils( 8588): blockedByLocationOff callingUid=1002
09-01 14:30:37.034 I/BluetoothUtils( 8588): packagename is android.uid.bluetooth:1002 ,and its permission is false
09-01 14:30:37.036 V/bt_stack( 8588): [VERBOSE1:btm_ble_gap.cc(1923)] btm_ble_process_ext_adv_pkt: bda=4c:36:98:d6:bb:45
09-01 14:30:37.036 V/bt_stack( 8588): [VERBOSE1:btm_ble_gap.cc(1847)] btm_ble_process_adv_addr: bda=4c:36:98:d6:bb:45
09-01 14:30:37.037 V/bt_stack( 8588): [VERBOSE1:btm_ble_gap.cc(2052)]  Waiting for scan response 4c:36:98:d6:bb:45
09-01 14:30:37.037 V/bt_stack( 8588): [VERBOSE1:btm_ble_gap.cc(1923)] btm_ble_process_ext_adv_pkt: bda=36:c9:49:a0:b6:9d
09-01 14:30:37.037 V/bt_stack( 8588): [VERBOSE1:btm_ble_gap.cc(1847)] btm_ble_process_adv_addr: bda=36:c9:49:a0:b6:9d
09-01 14:30:37.038 D/BluetoothUtils( 8588): blockedByLocationOff callingUid=1002
09-01 14:30:37.038 I/BluetoothUtils( 8588): packagename is android.uid.bluetooth:1002 ,and its permission is false
09-01 14:30:37.038 D/BluetoothUtils( 8588): blockedByLocationOff callingUid=1002
09-01 14:30:37.038 I/BluetoothUtils( 8588): packagename is android.uid.bluetooth:1002 ,and its permission is false
09-01 14:30:37.038 D/BluetoothUtils( 8588): blockedByLocationOff callingUid=1002
09-01 14:30:37.039 I/BluetoothUtils( 8588): packagename is android.uid.bluetooth:1002 ,and its permission is false
09-01 14:30:37.042 V/bt_stack( 8588): [VERBOSE1:btm_ble_gap.cc(1923)] btm_ble_process_ext_adv_pkt: bda=6a:1a:31:28:a4:f8
09-01 14:30:37.043 V/bt_stack( 8588): [VERBOSE1:btm_ble_gap.cc(1847)] btm_ble_process_adv_addr: bda=6a:1a:31:28:a4:f8
09-01 14:30:37.044 D/BluetoothUtils( 8588): blockedByLocationOff callingUid=1002
09-01 14:30:37.044 V/bt_stack( 8588): [VERBOSE1:btm_ble_gap.cc(1923)] btm_ble_process_ext_adv_pkt: bda=12:06:34:8b:45:70
09-01 14:30:37.044 I/BluetoothUtils( 8588): packagename is android.uid.bluetooth:1002 ,and its permission is false
09-01 14:30:37.044 V/bt_stack( 8588): [VERBOSE1:btm_ble_gap.cc(1847)] btm_ble_process_adv_addr: bda=12:06:34:8b:45:70
09-01 14:30:37.044 D/BluetoothUtils( 8588): blockedByLocationOff callingUid=1002
09-01 14:30:37.044 I/BluetoothUtils( 8588): packagename is android.uid.bluetooth:1002 ,and its permission is false
09-01 14:30:37.044 D/BluetoothUtils( 8588): blockedByLocationOff callingUid=1002
09-01 14:30:37.045 I/BluetoothUtils( 8588): packagename is android.uid.bluetooth:1002 ,and its permission is false
09-01 14:30:37.045 D/BluetoothUtils( 8588): blockedByLocationOff callingUid=1002
09-01 14:30:37.046 I/BluetoothUtils( 8588): packagename is android.uid.bluetooth:1002 ,and its permission is false
09-01 14:30:37.046 D/BluetoothUtils( 8588): blockedByLocationOff callingUid=1002
09-01 14:30:37.046 I/BluetoothUtils( 8588): packagename is android.uid.bluetooth:1002 ,and its permission is false
09-01 14:30:37.046 D/BluetoothUtils( 8588): blockedByLocationOff callingUid=1002
09-01 14:30:37.046 I/BluetoothUtils( 8588): packagename is android.uid.bluetooth:1002 ,and its permission is false
09-01 14:30:37.047 V/bt_stack( 8588): [VERBOSE1:btm_ble_gap.cc(1923)] btm_ble_process_ext_adv_pkt: bda=0a:29:89:b7:c8:4a
09-01 14:30:37.047 V/bt_stack( 8588): [VERBOSE1:btm_ble_gap.cc(1847)] btm_ble_process_adv_addr: bda=0a:29:89:b7:c8:4a
09-01 14:30:37.048 D/BluetoothUtils( 8588): blockedByLocationOff callingUid=1002
09-01 14:30:37.048 I/BluetoothUtils( 8588): packagename is android.uid.bluetooth:1002 ,and its permission is false
09-01 14:30:37.049 D/BluetoothUtils( 8588): blockedByLocationOff callingUid=1002
09-01 14:30:37.049 I/BluetoothUtils( 8588): packagename is android.uid.bluetooth:1002 ,and its permission is false
09-01 14:30:37.049 D/BluetoothUtils( 8588): blockedByLocationOff callingUid=1002
09-01 14:30:37.049 I/BluetoothUtils( 8588): packagename is android.uid.bluetooth:1002 ,and its permission is false
09-01 14:30:37.049 V/bt_stack( 8588): [VERBOSE1:btm_ble_gap.cc(1923)] btm_ble_process_ext_adv_pkt: bda=2a:1b:52:ac:62:5d
09-01 14:30:37.050 V/bt_stack( 8588): [VERBOSE1:btm_ble_gap.cc(1847)] btm_ble_process_adv_addr: bda=2a:1b:52:ac:62:5d
09-01 14:30:37.050 D/BluetoothUtils( 8588): blockedByLocationOff callingUid=1002
09-01 14:30:37.051 I/BluetoothUtils( 8588): packagename is android.uid.bluetooth:1002 ,and its permission is false
09-01 14:30:37.051 D/BluetoothUtils( 8588): blockedByLocationOff callingUid=1002
09-01 14:30:37.051 I/BluetoothUtils( 8588): packagename is android.uid.bluetooth:1002 ,and its permission is false
09-01 14:30:37.051 D/BluetoothUtils( 8588): blockedByLocationOff callingUid=1002
09-01 14:30:37.051 I/BluetoothUtils( 8588): packagename is android.uid.bluetooth:1002 ,and its permission is false
09-01 14:30:37.058 V/bt_stack( 8588): [VERBOSE1:btm_ble_gap.cc(1923)] btm_ble_process_ext_adv_pkt: bda=3a:23:cb:4a:85:2d
09-01 14:30:37.058 V/bt_stack( 8588): [VERBOSE1:btm_ble_gap.cc(1847)] btm_ble_process_adv_addr: bda=3a:23:cb:4a:85:2d
09-01 14:30:37.059 D/BluetoothUtils( 8588): blockedByLocationOff callingUid=1002
09-01 14:30:37.060 I/BluetoothUtils( 8588): packagename is android.uid.bluetooth:1002 ,and its permission is false
09-01 14:30:37.060 D/BluetoothUtils( 8588): blockedByLocationOff callingUid=1002
09-01 14:30:37.060 I/BluetoothUtils( 8588): packagename is android.uid.bluetooth:1002 ,and its permission is false
09-01 14:30:37.060 D/BluetoothUtils( 8588): blockedByLocationOff callingUid=1002
09-01 14:30:37.060 I/BluetoothUtils( 8588): packagename is android.uid.bluetooth:1002 ,and its permission is false
09-01 14:30:37.065 V/bt_stack( 8588): [VERBOSE1:btm_ble_gap.cc(1923)] btm_ble_process_ext_adv_pkt: bda=07:e4:7f:b4:5f:d9
09-01 14:30:37.066 V/bt_stack( 8588): [VERBOSE1:btm_ble_gap.cc(1847)] btm_ble_process_adv_addr: bda=07:e4:7f:b4:5f:d9
09-01 14:30:37.067 D/BluetoothUtils( 8588): blockedByLocationOff callingUid=1002
09-01 14:30:37.067 I/BluetoothUtils( 8588): packagename is android.uid.bluetooth:1002 ,and its permission is false
09-01 14:30:37.067 D/BluetoothUtils( 8588): blockedByLocationOff callingUid=1002
09-01 14:30:37.067 I/BluetoothUtils( 8588): packagename is android.uid.bluetooth:1002 ,and its permission is false
09-01 14:30:37.067 D/BluetoothUtils( 8588): blockedByLocationOff callingUid=1002
09-01 14:30:37.068 I/BluetoothUtils( 8588): packagename is android.uid.bluetooth:1002 ,and its permission is false
09-01 14:30:37.074 V/bt_stack( 8588): [VERBOSE1:btm_ble_gap.cc(1923)] btm_ble_process_ext_adv_pkt: bda=4a:e5:35:f9:94:df
09-01 14:30:37.074 V/bt_stack( 8588): [VERBOSE1:btm_ble_gap.cc(1847)] btm_ble_process_adv_addr: bda=4a:e5:35:f9:94:df
09-01 14:30:37.074 V/bt_stack( 8588): [VERBOSE1:btm_ble_gap.cc(2052)]  Waiting for scan response 4a:e5:35:f9:94:df
09-01 14:30:37.074 V/bt_stack( 8588): [VERBOSE1:btm_ble_gap.cc(1923)] btm_ble_process_ext_adv_pkt: bda=06:fa:50:9b:39:c0
09-01 14:30:37.074 V/bt_stack( 8588): [VERBOSE1:btm_ble_gap.cc(1847)] btm_ble_process_adv_addr: bda=06:fa:50:9b:39:c0
09-01 14:30:37.075 D/BluetoothUtils( 8588): blockedByLocationOff callingUid=1002
09-01 14:30:37.076 I/BluetoothUtils( 8588): packagename is android.uid.bluetooth:1002 ,and its permission is false
09-01 14:30:37.076 D/BluetoothUtils( 8588): blockedByLocationOff callingUid=1002
09-01 14:30:37.076 I/BluetoothUtils( 8588): packagename is android.uid.bluetooth:1002 ,and its permission is false
09-01 14:30:37.076 D/BluetoothUtils( 8588): blockedByLocationOff callingUid=1002
09-01 14:30:37.076 I/BluetoothUtils( 8588): packagename is android.uid.bluetooth:1002 ,and its permission is false
09-01 14:30:37.081 V/bt_stack( 8588): [VERBOSE1:btm_ble_gap.cc(1923)] btm_ble_process_ext_adv_pkt: bda=19:30:6d:c4:b5:5b
09-01 14:30:37.081 V/bt_stack( 8588): [VERBOSE1:btm_ble_gap.cc(1847)] btm_ble_process_adv_addr: bda=19:30:6d:c4:b5:5b
09-01 14:30:37.081 D/BluetoothUtils( 8588): blockedByLocationOff callingUid=1002
09-01 14:30:37.082 I/BluetoothUtils( 8588): packagename is android.uid.bluetooth:1002 ,and its permission is false
09-01 14:30:37.082 D/BluetoothUtils( 8588): blockedByLocationOff callingUid=1002
09-01 14:30:37.082 I/BluetoothUtils( 8588): packagename is android.uid.bluetooth:1002 ,and its permission is false
09-01 14:30:37.082 D/BluetoothUtils( 8588): blockedByLocationOff callingUid=1002
09-01 14:30:37.083 I/BluetoothUtils( 8588): packagename is android.uid.bluetooth:1002 ,and its permission is false
09-01 14:30:37.085 V/bt_stack( 8588): [VERBOSE1:btm_ble_gap.cc(1923)] btm_ble_process_ext_adv_pkt: bda=17:7e:29:ab:4e:d0
09-01 14:30:37.085 V/bt_stack( 8588): [VERBOSE1:btm_ble_gap.cc(1847)] btm_ble_process_adv_addr: bda=17:7e:29:ab:4e:d0
09-01 14:30:37.086 D/BluetoothUtils( 8588): blockedByLocationOff callingUid=1002
09-01 14:30:37.087 I/BluetoothUtils( 8588): packagename is android.uid.bluetooth:1002 ,and its permission is false
09-01 14:30:37.087 D/BluetoothUtils( 8588): blockedByLocationOff callingUid=1002
09-01 14:30:37.087 I/BluetoothUtils( 8588): packagename is android.uid.bluetooth:1002 ,and its permission is false
09-01 14:30:37.087 D/BluetoothUtils( 8588): blockedByLocationOff callingUid=1002
09-01 14:30:37.087 I/BluetoothUtils( 8588): packagename is android.uid.bluetooth:1002 ,and its permission is false
09-01 14:30:37.105 V/bt_stack( 8588): [VERBOSE1:btm_ble_gap.cc(1923)] btm_ble_process_ext_adv_pkt: bda=c2:3b:1c:22:11:66
09-01 14:30:37.105 V/bt_stack( 8588): [VERBOSE1:btm_ble_gap.cc(1847)] btm_ble_process_adv_addr: bda=c2:3b:1c:22:11:66
09-01 14:30:37.105 V/bt_stack( 8588): [VERBOSE1:btm_ble_gap.cc(2052)]  Waiting for scan response c2:3b:1c:22:11:66
09-01 14:30:37.105 V/bt_stack( 8588): [VERBOSE1:btm_ble_gap.cc(1923)] btm_ble_process_ext_adv_pkt: bda=00:b8:42:bc:b8:71
09-01 14:30:37.105 V/bt_stack( 8588): [VERBOSE1:btm_ble_gap.cc(1847)] btm_ble_process_adv_addr: bda=00:b8:42:bc:b8:71
09-01 14:30:37.106 D/BluetoothUtils( 8588): blockedByLocationOff callingUid=1002
09-01 14:30:37.106 I/BluetoothUtils( 8588): packagename is android.uid.bluetooth:1002 ,and its permission is false
09-01 14:30:37.106 D/BluetoothUtils( 8588): blockedByLocationOff callingUid=1002
09-01 14:30:37.107 I/BluetoothUtils( 8588): packagename is android.uid.bluetooth:1002 ,and its permission is false
09-01 14:30:37.107 V/bt_stack( 8588): [VERBOSE1:btm_ble_gap.cc(1923)] btm_ble_process_ext_adv_pkt: bda=17:be:83:99:5a:17
09-01 14:30:37.107 D/BluetoothUtils( 8588): blockedByLocationOff callingUid=1002
09-01 14:30:37.107 V/bt_stack( 8588): [VERBOSE1:btm_ble_gap.cc(1847)] btm_ble_process_adv_addr: bda=17:be:83:99:5a:17
09-01 14:30:37.107 I/BluetoothUtils( 8588): packagename is android.uid.bluetooth:1002 ,and its permission is false
09-01 14:30:37.108 D/BluetoothUtils( 8588): blockedByLocationOff callingUid=1002
09-01 14:30:37.108 I/BluetoothUtils( 8588): packagename is android.uid.bluetooth:1002 ,and its permission is false
09-01 14:30:37.108 D/BluetoothUtils( 8588): blockedByLocationOff callingUid=1002
09-01 14:30:37.109 I/BluetoothUtils( 8588): packagename is android.uid.bluetooth:1002 ,and its permission is false
09-01 14:30:37.109 D/BluetoothUtils( 8588): blockedByLocationOff callingUid=1002
09-01 14:30:37.109 I/BluetoothUtils( 8588): packagename is android.uid.bluetooth:1002 ,and its permission is false
09-01 14:30:37.117 V/bt_stack( 8588): [VERBOSE1:btm_ble_gap.cc(1923)] btm_ble_process_ext_adv_pkt: bda=24:65:c8:81:ba:6f
09-01 14:30:37.117 V/bt_stack( 8588): [VERBOSE1:btm_ble_gap.cc(1847)] btm_ble_process_adv_addr: bda=24:65:c8:81:ba:6f
09-01 14:30:37.118 D/BluetoothUtils( 8588): blockedByLocationOff callingUid=1002
09-01 14:30:37.119 I/BluetoothUtils( 8588): packagename is android.uid.bluetooth:1002 ,and its permission is false
09-01 14:30:37.119 D/BluetoothUtils( 8588): blockedByLocationOff callingUid=1002
09-01 14:30:37.119 I/BluetoothUtils( 8588): packagename is android.uid.bluetooth:1002 ,and its permission is false
09-01 14:30:37.119 D/BluetoothUtils( 8588): blockedByLocationOff callingUid=1002
09-01 14:30:37.119 I/BluetoothUtils( 8588): packagename is android.uid.bluetooth:1002 ,and its permission is false
09-01 14:30:37.123 V/bt_stack( 8588): [VERBOSE1:btm_ble_gap.cc(1923)] btm_ble_process_ext_adv_pkt: bda=75:1f:7a:e9:cc:a5
09-01 14:30:37.123 V/bt_stack( 8588): [VERBOSE1:btm_ble_gap.cc(1847)] btm_ble_process_adv_addr: bda=75:1f:7a:e9:cc:a5
09-01 14:30:37.124 D/BluetoothUtils( 8588): blockedByLocationOff callingUid=1002
09-01 14:30:37.125 I/BluetoothUtils( 8588): packagename is android.uid.bluetooth:1002 ,and its permission is false
09-01 14:30:37.125 D/BluetoothUtils( 8588): blockedByLocationOff callingUid=1002
09-01 14:30:37.125 I/BluetoothUtils( 8588): packagename is android.uid.bluetooth:1002 ,and its permission is false
09-01 14:30:37.125 D/BluetoothUtils( 8588): blockedByLocationOff callingUid=1002
09-01 14:30:37.126 I/BluetoothUtils( 8588): packagename is android.uid.bluetooth:1002 ,and its permission is false
09-01 14:30:37.127 V/bt_stack( 8588): [VERBOSE1:btm_ble_gap.cc(1923)] btm_ble_process_ext_adv_pkt: bda=63:e7:6b:57:ac:90
09-01 14:30:37.127 V/bt_stack( 8588): [VERBOSE1:btm_ble_gap.cc(1847)] btm_ble_process_adv_addr: bda=63:e7:6b:57:ac:90
09-01 14:30:37.127 V/bt_stack( 8588): [VERBOSE1:btm_ble_gap.cc(2052)]  Waiting for scan response 63:e7:6b:57:ac:90
09-01 14:30:37.127 V/bt_stack( 8588): [VERBOSE1:btm_ble_gap.cc(1923)] btm_ble_process_ext_adv_pkt: bda=63:e7:6b:57:ac:90
09-01 14:30:37.127 V/bt_stack( 8588): [VERBOSE1:btm_ble_gap.cc(1847)] btm_ble_process_adv_addr: bda=63:e7:6b:57:ac:90
09-01 14:30:37.127 V/bt_stack( 8588): [VERBOSE1:btm_ble_gap.cc(1923)] btm_ble_process_ext_adv_pkt: bda=2d:8f:df:c2:a9:d4
09-01 14:30:37.127 V/bt_stack( 8588): [VERBOSE1:btm_ble_gap.cc(1847)] btm_ble_process_adv_addr: bda=2d:8f:df:c2:a9:d4
09-01 14:30:37.128 D/BluetoothUtils( 8588): blockedByLocationOff callingUid=1002
09-01 14:30:37.128 I/BluetoothUtils( 8588): packagename is android.uid.bluetooth:1002 ,and its permission is false
09-01 14:30:37.128 D/BluetoothUtils( 8588): blockedByLocationOff callingUid=1002
09-01 14:30:37.129 I/BluetoothUtils( 8588): packagename is android.uid.bluetooth:1002 ,and its permission is false
09-01 14:30:37.129 D/BluetoothUtils( 8588): blockedByLocationOff callingUid=1002
09-01 14:30:37.129 I/BluetoothUtils( 8588): packagename is android.uid.bluetooth:1002 ,and its permission is false
09-01 14:30:37.130 D/BluetoothUtils( 8588): blockedByLocationOff callingUid=1002
09-01 14:30:37.130 I/BluetoothUtils( 8588): packagename is android.uid.bluetooth:1002 ,and its permission is false
09-01 14:30:37.130 D/BluetoothUtils( 8588): blockedByLocationOff callingUid=1002
09-01 14:30:37.130 I/BluetoothUtils( 8588): packagename is android.uid.bluetooth:1002 ,and its permission is false
09-01 14:30:37.130 D/BluetoothUtils( 8588): blockedByLocationOff callingUid=1002
09-01 14:30:37.131 V/bt_stack( 8588): [VERBOSE1:btm_ble_gap.cc(1923)] btm_ble_process_ext_adv_pkt: bda=0b:95:8c:38:8d:43
09-01 14:30:37.131 V/bt_stack( 8588): [VERBOSE1:btm_ble_gap.cc(1847)] btm_ble_process_adv_addr: bda=0b:95:8c:38:8d:43
09-01 14:30:37.131 I/BluetoothUtils( 8588): packagename is android.uid.bluetooth:1002 ,and its permission is false
09-01 14:30:37.132 D/BluetoothUtils( 8588): blockedByLocationOff callingUid=1002
09-01 14:30:37.132 V/bt_stack( 8588): [VERBOSE1:btm_ble_gap.cc(1923)] btm_ble_process_ext_adv_pkt: bda=d0:24:10:d7:5b:bc
09-01 14:30:37.132 I/BluetoothUtils( 8588): packagename is android.uid.bluetooth:1002 ,and its permission is false
09-01 14:30:37.132 V/bt_stack( 8588): [VERBOSE1:btm_ble_gap.cc(1847)] btm_ble_process_adv_addr: bda=d0:24:10:d7:5b:bc
09-01 14:30:37.132 V/bt_stack( 8588): [VERBOSE1:btm_ble_gap.cc(2052)]  Waiting for scan response d0:24:10:d7:5b:bc
09-01 14:30:37.132 V/bt_stack( 8588): [VERBOSE1:btm_ble_gap.cc(1923)] btm_ble_process_ext_adv_pkt: bda=d0:24:10:d7:5b:bc
09-01 14:30:37.132 V/bt_stack( 8588): [VERBOSE1:btm_ble_gap.cc(1847)] btm_ble_process_adv_addr: bda=d0:24:10:d7:5b:bc
09-01 14:30:37.132 D/BluetoothUtils( 8588): blockedByLocationOff callingUid=1002
09-01 14:30:37.133 I/BluetoothUtils( 8588): packagename is android.uid.bluetooth:1002 ,and its permission is false
09-01 14:30:37.133 D/BluetoothUtils( 8588): blockedByLocationOff callingUid=1002
09-01 14:30:37.133 I/BluetoothUtils( 8588): packagename is android.uid.bluetooth:1002 ,and its permission is false
09-01 14:30:37.135 D/BluetoothUtils( 8588): blockedByLocationOff callingUid=1002
09-01 14:30:37.135 I/BluetoothUtils( 8588): packagename is android.uid.bluetooth:1002 ,and its permission is false
09-01 14:30:37.135 D/BluetoothUtils( 8588): blockedByLocationOff callingUid=1002
09-01 14:30:37.136 I/BluetoothUtils( 8588): packagename is android.uid.bluetooth:1002 ,and its permission is false
09-01 14:30:37.136 D/BluetoothUtils( 8588): blockedByLocationOff callingUid=1002
09-01 14:30:37.136 I/BluetoothUtils( 8588): packagename is android.uid.bluetooth:1002 ,and its permission is false
09-01 14:30:37.136 V/bt_stack( 8588): [VERBOSE1:btm_ble_gap.cc(1923)] btm_ble_process_ext_adv_pkt: bda=36:c9:49:a0:b6:9d
09-01 14:30:37.136 V/bt_stack( 8588): [VERBOSE1:btm_ble_gap.cc(1847)] btm_ble_process_adv_addr: bda=36:c9:49:a0:b6:9d
09-01 14:30:37.137 D/BluetoothUtils( 8588): blockedByLocationOff callingUid=1002
09-01 14:30:37.137 I/BluetoothUtils( 8588): packagename is android.uid.bluetooth:1002 ,and its permission is false
09-01 14:30:37.138 D/BluetoothUtils( 8588): blockedByLocationOff callingUid=1002
09-01 14:30:37.138 I/BluetoothUtils( 8588): packagename is android.uid.bluetooth:1002 ,and its permission is false
09-01 14:30:37.138 D/BluetoothUtils( 8588): blockedByLocationOff callingUid=1002
09-01 14:30:37.138 I/BluetoothUtils( 8588): packagename is android.uid.bluetooth:1002 ,and its permission is false
09-01 14:30:37.139 V/bt_stack( 8588): [VERBOSE1:btm_ble_gap.cc(1923)] btm_ble_process_ext_adv_pkt: bda=12:f7:c7:df:cb:b1
09-01 14:30:37.139 V/bt_stack( 8588): [VERBOSE1:btm_ble_gap.cc(1847)] btm_ble_process_adv_addr: bda=12:f7:c7:df:cb:b1
09-01 14:30:37.139 D/BluetoothUtils( 8588): blockedByLocationOff callingUid=1002
09-01 14:30:37.140 I/BluetoothUtils( 8588): packagename is android.uid.bluetooth:1002 ,and its permission is false
09-01 14:30:37.140 D/BluetoothUtils( 8588): blockedByLocationOff callingUid=1002
09-01 14:30:37.140 I/BluetoothUtils( 8588): packagename is android.uid.bluetooth:1002 ,and its permission is false
09-01 14:30:37.140 D/BluetoothUtils( 8588): blockedByLocationOff callingUid=1002
09-01 14:30:37.140 I/BluetoothUtils( 8588): packagename is android.uid.bluetooth:1002 ,and its permission is false
09-01 14:30:37.146 V/bt_stack( 8588): [VERBOSE1:btm_ble_gap.cc(1923)] btm_ble_process_ext_adv_pkt: bda=64:62:50:0c:82:d1
09-01 14:30:37.146 V/bt_stack( 8588): [VERBOSE1:btm_ble_gap.cc(1847)] btm_ble_process_adv_addr: bda=64:62:50:0c:82:d1
09-01 14:30:37.146 V/bt_stack( 8588): [VERBOSE1:btm_ble_gap.cc(2052)]  Waiting for scan response 64:62:50:0c:82:d1
09-01 14:30:37.146 V/bt_stack( 8588): [VERBOSE1:btm_ble_gap.cc(1923)] btm_ble_process_ext_adv_pkt: bda=56:e4:da:79:d5:88
09-01 14:30:37.146 V/bt_stack( 8588): [VERBOSE1:btm_ble_gap.cc(1847)] btm_ble_process_adv_addr: bda=56:e4:da:79:d5:88
09-01 14:30:37.146 V/bt_stack( 8588): [VERBOSE1:btm_ble_gap.cc(2052)]  Waiting for scan response 56:e4:da:79:d5:88
09-01 14:30:37.146 V/bt_stack( 8588): [VERBOSE1:btm_ble_gap.cc(1923)] btm_ble_process_ext_adv_pkt: bda=56:e4:da:79:d5:88
09-01 14:30:37.146 V/bt_stack( 8588): [VERBOSE1:btm_ble_gap.cc(1847)] btm_ble_process_adv_addr: bda=56:e4:da:79:d5:88
09-01 14:30:37.147 D/BluetoothUtils( 8588): blockedByLocationOff callingUid=1002
09-01 14:30:37.148 I/BluetoothUtils( 8588): packagename is android.uid.bluetooth:1002 ,and its permission is false
09-01 14:30:37.148 D/BluetoothUtils( 8588): blockedByLocationOff callingUid=1002
09-01 14:30:37.148 I/BluetoothUtils( 8588): packagename is android.uid.bluetooth:1002 ,and its permission is false
09-01 14:30:37.148 D/BluetoothUtils( 8588): blockedByLocationOff callingUid=1002
09-01 14:30:37.148 I/BluetoothUtils( 8588): packagename is android.uid.bluetooth:1002 ,and its permission is false
09-01 14:30:37.151 V/bt_stack( 8588): [VERBOSE1:btm_ble_gap.cc(1923)] btm_ble_process_ext_adv_pkt: bda=2e:17:70:f9:0b:48
09-01 14:30:37.151 V/bt_stack( 8588): [VERBOSE1:btm_ble_gap.cc(1847)] btm_ble_process_adv_addr: bda=2e:17:70:f9:0b:48
09-01 14:30:37.152 D/BluetoothUtils( 8588): blockedByLocationOff callingUid=1002
09-01 14:30:37.152 I/BluetoothUtils( 8588): packagename is android.uid.bluetooth:1002 ,and its permission is false
09-01 14:30:37.153 D/BluetoothUtils( 8588): blockedByLocationOff callingUid=1002
09-01 14:30:37.153 I/BluetoothUtils( 8588): packagename is android.uid.bluetooth:1002 ,and its permission is false
09-01 14:30:37.153 D/BluetoothUtils( 8588): blockedByLocationOff callingUid=1002
09-01 14:30:37.153 I/BluetoothUtils( 8588): packagename is android.uid.bluetooth:1002 ,and its permission is false
09-01 14:30:37.156 V/bt_stack( 8588): [VERBOSE1:btm_ble_gap.cc(1923)] btm_ble_process_ext_adv_pkt: bda=38:f9:d3:45:87:1e
09-01 14:30:37.157 V/bt_stack( 8588): [VERBOSE1:btm_ble_gap.cc(1847)] btm_ble_process_adv_addr: bda=38:f9:d3:45:87:1e
09-01 14:30:37.157 V/bt_stack( 8588): [VERBOSE1:btm_ble_gap.cc(2052)]  Waiting for scan response 38:f9:d3:45:87:1e
09-01 14:30:37.157 V/bt_stack( 8588): [VERBOSE1:btm_ble_gap.cc(1923)] btm_ble_process_ext_adv_pkt: bda=38:f9:d3:45:87:1e
09-01 14:30:37.157 V/bt_stack( 8588): [VERBOSE1:btm_ble_gap.cc(1847)] btm_ble_process_adv_addr: bda=38:f9:d3:45:87:1e
09-01 14:30:37.158 D/BluetoothUtils( 8588): blockedByLocationOff callingUid=1002
09-01 14:30:37.158 I/BluetoothUtils( 8588): packagename is android.uid.bluetooth:1002 ,and its permission is false
09-01 14:30:37.158 D/BluetoothUtils( 8588): blockedByLocationOff callingUid=1002
09-01 14:30:37.158 I/BluetoothUtils( 8588): packagename is android.uid.bluetooth:1002 ,and its permission is false
09-01 14:30:37.158 D/BluetoothUtils( 8588): blockedByLocationOff callingUid=1002
09-01 14:30:37.159 I/BluetoothUtils( 8588): packagename is android.uid.bluetooth:1002 ,and its permission is false
09-01 14:30:37.168 V/bt_stack( 8588): [VERBOSE1:btm_ble_gap.cc(1923)] btm_ble_process_ext_adv_pkt: bda=2a:99:8c:12:d1:b1
09-01 14:30:37.168 V/bt_stack( 8588): [VERBOSE1:btm_ble_gap.cc(1847)] btm_ble_process_adv_addr: bda=2a:99:8c:12:d1:b1
09-01 14:30:37.169 D/BluetoothUtils( 8588): blockedByLocationOff callingUid=1002
09-01 14:30:37.170 I/BluetoothUtils( 8588): packagename is android.uid.bluetooth:1002 ,and its permission is false
09-01 14:30:37.170 D/BluetoothUtils( 8588): blockedByLocationOff callingUid=1002
09-01 14:30:37.171 I/BluetoothUtils( 8588): packagename is android.uid.bluetooth:1002 ,and its permission is false
09-01 14:30:37.171 D/BluetoothUtils( 8588): blockedByLocationOff callingUid=1002
09-01 14:30:37.172 I/BluetoothUtils( 8588): packagename is android.uid.bluetooth:1002 ,and its permission is false
09-01 14:30:37.173 V/bt_stack( 8588): [VERBOSE1:btm_ble_gap.cc(1923)] btm_ble_process_ext_adv_pkt: bda=12:72:eb:81:32:03
09-01 14:30:37.173 V/bt_stack( 8588): [VERBOSE1:btm_ble_gap.cc(1847)] btm_ble_process_adv_addr: bda=12:72:eb:81:32:03
09-01 14:30:37.173 I/appium  ( 8119): AppiumResponse: {"sessionId":"6bc493e8-63d1-4d52-9347-11257968596d","value":{"ELEMENT":"306e7294-e8da-4a25-8cff-227e3ca024a1","element-6066-11e4-a52e-4f735466cecf":"306e7294-e8da-4a25-8cff-227e3ca024a1"}}
09-01 14:30:37.174 D/BluetoothUtils( 8588): blockedByLocationOff callingUid=1002
09-01 14:30:37.175 I/BluetoothUtils( 8588): packagename is android.uid.bluetooth:1002 ,and its permission is false
09-01 14:30:37.175 D/BluetoothUtils( 8588): blockedByLocationOff callingUid=1002
09-01 14:30:37.175 I/BluetoothUtils( 8588): packagename is android.uid.bluetooth:1002 ,and its permission is false
09-01 14:30:37.175 D/BluetoothUtils( 8588): blockedByLocationOff callingUid=1002
09-01 14:30:37.175 I/BluetoothUtils( 8588): packagename is android.uid.bluetooth:1002 ,and its permission is false
09-01 14:30:37.176 V/bt_stack( 8588): [VERBOSE1:btm_ble_gap.cc(1923)] btm_ble_process_ext_adv_pkt: bda=48:14:81:f8:b8:84
09-01 14:30:37.176 V/bt_stack( 8588): [VERBOSE1:btm_ble_gap.cc(1847)] btm_ble_process_adv_addr: bda=48:14:81:f8:b8:84
09-01 14:30:37.176 V/bt_stack( 8588): [VERBOSE1:btm_ble_gap.cc(2052)]  Waiting for scan response 48:14:81:f8:b8:84
09-01 14:30:37.177 V/bt_stack( 8588): [VERBOSE1:btm_ble_gap.cc(1923)] btm_ble_process_ext_adv_pkt: bda=48:14:81:f8:b8:84
09-01 14:30:37.177 V/bt_stack( 8588): [VERBOSE1:btm_ble_gap.cc(1847)] btm_ble_process_adv_addr: bda=48:14:81:f8:b8:84
09-01 14:30:37.177 D/BluetoothUtils( 8588): blockedByLocationOff callingUid=1002
09-01 14:30:37.178 I/BluetoothUtils( 8588): packagename is android.uid.bluetooth:1002 ,and its permission is false
09-01 14:30:37.178 D/BluetoothUtils( 8588): blockedByLocationOff callingUid=1002
09-01 14:30:37.178 I/BluetoothUtils( 8588): packagename is android.uid.bluetooth:1002 ,and its permission is false
09-01 14:30:37.178 D/BluetoothUtils( 8588): blockedByLocationOff callingUid=1002
09-01 14:30:37.179 I/BluetoothUtils( 8588): packagename is android.uid.bluetooth:1002 ,and its permission is false
09-01 14:30:37.184 V/bt_stack( 8588): [VERBOSE1:btm_ble_gap.cc(1923)] btm_ble_process_ext_adv_pkt: bda=0c:1a:06:0e:96:57
09-01 14:30:37.184 V/bt_stack( 8588): [VERBOSE1:btm_ble_gap.cc(1847)] btm_ble_process_adv_addr: bda=0c:1a:06:0e:96:57
09-01 14:30:37.186 D/BluetoothUtils( 8588): blockedByLocationOff callingUid=1002
09-01 14:30:37.186 I/BluetoothUtils( 8588): packagename is android.uid.bluetooth:1002 ,and its permission is false
09-01 14:30:37.187 D/BluetoothUtils( 8588): blockedByLocationOff callingUid=1002
09-01 14:30:37.187 I/BluetoothUtils( 8588): packagename is android.uid.bluetooth:1002 ,and its permission is false
09-01 14:30:37.187 D/BluetoothUtils( 8588): blockedByLocationOff callingUid=1002
09-01 14:30:37.187 I/BluetoothUtils( 8588): packagename is android.uid.bluetooth:1002 ,and its permission is false
09-01 14:30:37.191 V/bt_stack( 8588): [VERBOSE1:btm_ble_gap.cc(1923)] btm_ble_process_ext_adv_pkt: bda=17:7e:29:ab:4e:d0
09-01 14:30:37.191 V/bt_stack( 8588): [VERBOSE1:btm_ble_gap.cc(1847)] btm_ble_process_adv_addr: bda=17:7e:29:ab:4e:d0
09-01 14:30:37.191 I/appium  ( 8119): channel read invoked!
09-01 14:30:37.192 I/appium  ( 8119): channel read: POST /wd/hub/session/6bc493e8-63d1-4d52-9347-11257968596d/element/306e7294-e8da-4a25-8cff-227e3ca024a1/click
09-01 14:30:37.192 D/BluetoothUtils( 8588): blockedByLocationOff callingUid=1002
09-01 14:30:37.192 I/appium  ( 8119): Click element command
09-01 14:30:37.193 I/BluetoothUtils( 8588): packagename is android.uid.bluetooth:1002 ,and its permission is false
09-01 14:30:37.193 D/BluetoothUtils( 8588): blockedByLocationOff callingUid=1002
09-01 14:30:37.193 I/BluetoothUtils( 8588): packagename is android.uid.bluetooth:1002 ,and its permission is false
09-01 14:30:37.194 D/BluetoothUtils( 8588): blockedByLocationOff callingUid=1002
09-01 14:30:37.194 I/BluetoothUtils( 8588): packagename is android.uid.bluetooth:1002 ,and its permission is false
09-01 14:30:37.202 V/bt_stack( 8588): [VERBOSE1:btm_ble_gap.cc(1923)] btm_ble_process_ext_adv_pkt: bda=44:ca:73:cc:df:42
09-01 14:30:37.202 V/bt_stack( 8588): [VERBOSE1:btm_ble_gap.cc(1847)] btm_ble_process_adv_addr: bda=44:ca:73:cc:df:42
09-01 14:30:37.202 V/bt_stack( 8588): [VERBOSE1:btm_ble_gap.cc(2052)]  Waiting for scan response 44:ca:73:cc:df:42
09-01 14:30:37.203 V/bt_stack( 8588): [VERBOSE1:btm_ble_gap.cc(1923)] btm_ble_process_ext_adv_pkt: bda=44:ca:73:cc:df:42
09-01 14:30:37.203 V/bt_stack( 8588): [VERBOSE1:btm_ble_gap.cc(1847)] btm_ble_process_adv_addr: bda=44:ca:73:cc:df:42
09-01 14:30:37.204 D/BluetoothUtils( 8588): blockedByLocationOff callingUid=1002
09-01 14:30:37.205 I/BluetoothUtils( 8588): packagename is android.uid.bluetooth:1002 ,and its permission is false
09-01 14:30:37.205 D/BluetoothUtils( 8588): blockedByLocationOff callingUid=1002
09-01 14:30:37.205 I/BluetoothUtils( 8588): packagename is android.uid.bluetooth:1002 ,and its permission is false
09-01 14:30:37.205 D/BluetoothUtils( 8588): blockedByLocationOff callingUid=1002
09-01 14:30:37.206 I/BluetoothUtils( 8588): packagename is android.uid.bluetooth:1002 ,and its permission is false
09-01 14:30:37.209 V/bt_stack( 8588): [VERBOSE1:btm_ble_gap.cc(1923)] btm_ble_process_ext_adv_pkt: bda=17:be:83:99:5a:17
09-01 14:30:37.209 V/bt_stack( 8588): [VERBOSE1:btm_ble_gap.cc(1847)] btm_ble_process_adv_addr: bda=17:be:83:99:5a:17
09-01 14:30:37.210 D/BluetoothUtils( 8588): blockedByLocationOff callingUid=1002
09-01 14:30:37.210 I/BluetoothUtils( 8588): packagename is android.uid.bluetooth:1002 ,and its permission is false
09-01 14:30:37.210 D/BluetoothUtils( 8588): blockedByLocationOff callingUid=1002
09-01 14:30:37.211 I/BluetoothUtils( 8588): packagename is android.uid.bluetooth:1002 ,and its permission is false
09-01 14:30:37.211 D/BluetoothUtils( 8588): blockedByLocationOff callingUid=1002
09-01 14:30:37.211 I/BluetoothUtils( 8588): packagename is android.uid.bluetooth:1002 ,and its permission is false
09-01 14:30:37.223 V/bt_stack( 8588): [VERBOSE1:btm_ble_gap.cc(1923)] btm_ble_process_ext_adv_pkt: bda=66:3e:07:e0:2b:d4
09-01 14:30:37.223 V/bt_stack( 8588): [VERBOSE1:btm_ble_gap.cc(1847)] btm_ble_process_adv_addr: bda=66:3e:07:e0:2b:d4
09-01 14:30:37.223 V/bt_stack( 8588): [VERBOSE1:btm_ble_gap.cc(2052)]  Waiting for scan response 66:3e:07:e0:2b:d4
09-01 14:30:37.223 V/bt_stack( 8588): [VERBOSE1:btm_ble_gap.cc(1923)] btm_ble_process_ext_adv_pkt: bda=4b:2f:6d:75:86:77
09-01 14:30:37.223 V/bt_stack( 8588): [VERBOSE1:btm_ble_gap.cc(1847)] btm_ble_process_adv_addr: bda=4b:2f:6d:75:86:77
09-01 14:30:37.223 V/bt_stack( 8588): [VERBOSE1:btm_ble_gap.cc(2052)]  Waiting for scan response 4b:2f:6d:75:86:77
09-01 14:30:37.223 V/bt_stack( 8588): [VERBOSE1:btm_ble_gap.cc(1923)] btm_ble_process_ext_adv_pkt: bda=4b:2f:6d:75:86:77
09-01 14:30:37.223 V/bt_stack( 8588): [VERBOSE1:btm_ble_gap.cc(1847)] btm_ble_process_adv_addr: bda=4b:2f:6d:75:86:77
09-01 14:30:37.225 D/BluetoothUtils( 8588): blockedByLocationOff callingUid=1002
09-01 14:30:37.225 I/BluetoothUtils( 8588): packagename is android.uid.bluetooth:1002 ,and its permission is false
09-01 14:30:37.226 D/BluetoothUtils( 8588): blockedByLocationOff callingUid=1002
09-01 14:30:37.226 I/BluetoothUtils( 8588): packagename is android.uid.bluetooth:1002 ,and its permission is false
09-01 14:30:37.226 D/BluetoothUtils( 8588): blockedByLocationOff callingUid=1002
09-01 14:30:37.226 I/BluetoothUtils( 8588): packagename is android.uid.bluetooth:1002 ,and its permission is false
--------- beginning of system
09-01 14:30:37.231 I/Timeline( 8179): Timeline: Activity_launch_request time:211403248
09-01 14:30:37.232 I/SplashScreenServiceDelegate( 1639): None for com.xiaomi.hm.health
09-01 14:30:37.232 I/ActivityTaskManager( 1639): START u0 {cmp=com.xiaomi.hm.health/com.huami.fittime.ui.diary.detail.DiaryDetailActivity (has extras)} from uid 10241
09-01 14:30:37.236 D/CompatibilityInfo( 1639): mCompatibilityFlags - 0
09-01 14:30:37.236 D/CompatibilityInfo( 1639): applicationDensity - 440
09-01 14:30:37.236 D/CompatibilityInfo( 1639): applicationScale - 1.0
09-01 14:30:37.237 D/ActivityTrigger( 1639): ActivityTrigger activityPauseTrigger 
09-01 14:30:37.240 I/appium  ( 8119): Waiting up to 10000ms for device to be idle
09-01 14:30:37.240 V/bt_stack( 8588): [VERBOSE1:btm_ble_gap.cc(1923)] btm_ble_process_ext_adv_pkt: bda=65:4b:eb:fb:21:09
09-01 14:30:37.240 V/bt_stack( 8588): [VERBOSE1:btm_ble_gap.cc(1847)] btm_ble_process_adv_addr: bda=65:4b:eb:fb:21:09
09-01 14:30:37.240 I/appium  ( 8119): AppiumResponse: {"sessionId":"6bc493e8-63d1-4d52-9347-11257968596d","value":null}
09-01 14:30:37.241 V/bt_stack( 8588): [VERBOSE1:btm_ble_gap.cc(1923)] btm_ble_process_ext_adv_pkt: bda=36:c9:49:a0:b6:9d
09-01 14:30:37.241 V/bt_stack( 8588): [VERBOSE1:btm_ble_gap.cc(1847)] btm_ble_process_adv_addr: bda=36:c9:49:a0:b6:9d
09-01 14:30:37.241 D/BluetoothUtils( 8588): blockedByLocationOff callingUid=1002
09-01 14:30:37.241 I/BluetoothUtils( 8588): packagename is android.uid.bluetooth:1002 ,and its permission is false
09-01 14:30:37.241 D/BluetoothUtils( 8588): blockedByLocationOff callingUid=1002
09-01 14:30:37.242 I/BluetoothUtils( 8588): packagename is android.uid.bluetooth:1002 ,and its permission is false
09-01 14:30:37.242 V/bt_stack( 8588): [VERBOSE1:btm_ble_gap.cc(1923)] btm_ble_process_ext_adv_pkt: bda=12:f7:c7:df:cb:b1
09-01 14:30:37.242 D/BluetoothUtils( 8588): blockedByLocationOff callingUid=1002
09-01 14:30:37.242 V/bt_stack( 8588): [VERBOSE1:btm_ble_gap.cc(1847)] btm_ble_process_adv_addr: bda=12:f7:c7:df:cb:b1
09-01 14:30:37.244 I/BluetoothUtils( 8588): packagename is android.uid.bluetooth:1002 ,and its permission is false
09-01 14:30:37.244 D/BluetoothUtils( 8588): blockedByLocationOff callingUid=1002
09-01 14:30:37.245 I/BluetoothUtils( 8588): packagename is android.uid.bluetooth:1002 ,and its permission is false
09-01 14:30:37.245 D/BluetoothUtils( 8588): blockedByLocationOff callingUid=1002
09-01 14:30:37.245 I/BluetoothUtils( 8588): packagename is android.uid.bluetooth:1002 ,and its permission is false
09-01 14:30:37.245 D/BluetoothUtils( 8588): blockedByLocationOff callingUid=1002
09-01 14:30:37.245 I/BluetoothUtils( 8588): packagename is android.uid.bluetooth:1002 ,and its permission is false
09-01 14:30:37.246 D/BluetoothUtils( 8588): blockedByLocationOff callingUid=1002
09-01 14:30:37.246 I/ActivityTaskManager( 1639): The Process com.xiaomi.hm.health Already Exists in BG. So sending its PID: 8179
09-01 14:30:37.246 I/BluetoothUtils( 8588): packagename is android.uid.bluetooth:1002 ,and its permission is false
09-01 14:30:37.246 D/BluetoothUtils( 8588): blockedByLocationOff callingUid=1002
09-01 14:30:37.247 I/BluetoothUtils( 8588): packagename is android.uid.bluetooth:1002 ,and its permission is false
09-01 14:30:37.247 D/BluetoothUtils( 8588): blockedByLocationOff callingUid=1002
09-01 14:30:37.247 D/CompatibilityInfo( 1639): mCompatibilityFlags - 0
09-01 14:30:37.247 D/CompatibilityInfo( 1639): applicationDensity - 440
09-01 14:30:37.247 D/CompatibilityInfo( 1639): applicationScale - 1.0
09-01 14:30:37.247 I/BluetoothUtils( 8588): packagename is android.uid.bluetooth:1002 ,and its permission is false
09-01 14:30:37.247 D/WindowManager( 1639): Input focus has changed to null
09-01 14:30:37.249 I/Timeline( 1639): Timeline: App_transition_ready time:211403266
09-01 14:30:37.249 W/ActivityThread( 8179): handleWindowVisibility: no activity for token android.os.BinderProxy@7c652ed
09-01 14:30:37.251 V/bt_stack( 8588): [VERBOSE1:btm_ble_gap.cc(1923)] btm_ble_process_ext_adv_pkt: bda=2e:17:70:f9:0b:48
09-01 14:30:37.252 V/bt_stack( 8588): [VERBOSE1:btm_ble_gap.cc(1847)] btm_ble_process_adv_addr: bda=2e:17:70:f9:0b:48
09-01 14:30:37.252 D/BluetoothUtils( 8588): blockedByLocationOff callingUid=1002
09-01 14:30:37.253 I/BluetoothUtils( 8588): packagename is android.uid.bluetooth:1002 ,and its permission is false
09-01 14:30:37.253 D/BluetoothUtils( 8588): blockedByLocationOff callingUid=1002
09-01 14:30:37.253 I/BluetoothUtils( 8588): packagename is android.uid.bluetooth:1002 ,and its permission is false
09-01 14:30:37.253 D/BluetoothUtils( 8588): blockedByLocationOff callingUid=1002
09-01 14:30:37.253 I/BluetoothUtils( 8588): packagename is android.uid.bluetooth:1002 ,and its permission is false
09-01 14:30:37.255 D/ViewContentFactory( 8179): initViewContentFetcherClass
09-01 14:30:37.255 I/ContentCatcher( 8179): ViewContentFetcher : ViewContentFetcher
09-01 14:30:37.255 D/ViewContentFactory( 8179): createInterceptor took 0ms
09-01 14:30:37.257 V/bt_stack( 8588): [VERBOSE1:btm_ble_gap.cc(1923)] btm_ble_process_ext_adv_pkt: bda=67:ec:83:7e:42:50
09-01 14:30:37.258 V/bt_stack( 8588): [VERBOSE1:btm_ble_gap.cc(1847)] btm_ble_process_adv_addr: bda=67:ec:83:7e:42:50
09-01 14:30:37.258 V/bt_stack( 8588): [VERBOSE1:btm_ble_gap.cc(2052)]  Waiting for scan response 67:ec:83:7e:42:50
09-01 14:30:37.258 V/bt_stack( 8588): [VERBOSE1:btm_ble_gap.cc(1923)] btm_ble_process_ext_adv_pkt: bda=67:ec:83:7e:42:50
09-01 14:30:37.258 V/bt_stack( 8588): [VERBOSE1:btm_ble_gap.cc(1847)] btm_ble_process_adv_addr: bda=67:ec:83:7e:42:50
09-01 14:30:37.258 D/BluetoothUtils( 8588): blockedByLocationOff callingUid=1002
09-01 14:30:37.259 I/BluetoothUtils( 8588): packagename is android.uid.bluetooth:1002 ,and its permission is false
09-01 14:30:37.259 D/BluetoothUtils( 8588): blockedByLocationOff callingUid=1002
09-01 14:30:37.259 I/BluetoothUtils( 8588): packagename is android.uid.bluetooth:1002 ,and its permission is false
09-01 14:30:37.259 D/BluetoothUtils( 8588): blockedByLocationOff callingUid=1002
09-01 14:30:37.259 I/BluetoothUtils( 8588): packagename is android.uid.bluetooth:1002 ,and its permission is false
09-01 14:30:37.268 D/[Koin]  ( 8179): !- ViewModelProvider getting instance
09-01 14:30:37.268 D/[Koin]  ( 8179): +- get 'com.huami.fittime.ui.diary.detail.O0000O0o'
09-01 14:30:37.268 D/[Koin]  ( 8179): | create instance for [type:Factory,primary_type:'com.huami.fittime.ui.diary.detail.O0000O0o']
09-01 14:30:37.268 D/[Koin]  ( 8179): +- get 'com.huami.fittime.ui.diary.detail.O00000o'
09-01 14:30:37.268 D/[Koin]  ( 8179): | create instance for [type:Factory,primary_type:'com.huami.fittime.ui.diary.detail.O00000o']
09-01 14:30:37.268 D/[Koin]  ( 8179): +- get 'com.huami.fittime.O00000oO.O00oOooO'
09-01 14:30:37.269 D/[Koin]  ( 8179): +- got 'com.huami.fittime.O00000oO.O00oOooO' in 0.025677 ms
09-01 14:30:37.269 D/[Koin]  ( 8179): +- get 'com.huami.fittime.O000000o.O00000o'
09-01 14:30:37.269 D/[Koin]  ( 8179): +- got 'com.huami.fittime.O000000o.O00000o' in 0.010833 ms
09-01 14:30:37.269 D/[Koin]  ( 8179): +- get 'com.huami.fittime.O00000oo.O00O0Oo'
09-01 14:30:37.269 D/[Koin]  ( 8179): +- got 'com.huami.fittime.O00000oo.O00O0Oo' in 0.006562 ms
09-01 14:30:37.269 D/[Koin]  ( 8179): +- get 'com.huami.fittime.db.FitTimeDb'
09-01 14:30:37.269 D/[Koin]  ( 8179): +- got 'com.huami.fittime.db.FitTimeDb' in 0.005885 ms
09-01 14:30:37.269 D/[Koin]  ( 8179): +- get 'com.huami.fittime.O00000oo.O00O0o00'
09-01 14:30:37.269 D/[Koin]  ( 8179): +- got 'com.huami.fittime.O00000oo.O00O0o00' in 0.00677 ms
09-01 14:30:37.269 D/[Koin]  ( 8179): +- got 'com.huami.fittime.ui.diary.detail.O00000o' in 0.757031 ms
09-01 14:30:37.269 D/[Koin]  ( 8179): +- get 'com.huami.fittime.ui.O00000Oo.O00000o0'
09-01 14:30:37.269 D/[Koin]  ( 8179): | create instance for [type:Factory,primary_type:'com.huami.fittime.ui.O00000Oo.O00000o0']
09-01 14:30:37.269 D/[Koin]  ( 8179): +- get 'com.huami.fittime.O00000oo.O00O0Oo'
09-01 14:30:37.269 D/[Koin]  ( 8179): +- got 'com.huami.fittime.O00000oo.O00O0Oo' in 0.011875 ms
09-01 14:30:37.269 D/[Koin]  ( 8179): +- get 'com.huami.fittime.db.FitTimeDb'
09-01 14:30:37.269 D/[Koin]  ( 8179): +- got 'com.huami.fittime.db.FitTimeDb' in 0.006823 ms
09-01 14:30:37.269 D/[Koin]  ( 8179): +- get 'com.huami.fittime.O000000o.O00000o'
09-01 14:30:37.269 D/[Koin]  ( 8179): +- got 'com.huami.fittime.O000000o.O00000o' in 0.005313 ms
09-01 14:30:37.269 D/[Koin]  ( 8179): +- get 'com.huami.fittime.O00000oo.O00O0o00'
09-01 14:30:37.269 D/[Koin]  ( 8179): +- got 'com.huami.fittime.O00000oo.O00O0o00' in 0.007396 ms
09-01 14:30:37.270 D/[Koin]  ( 8179): +- got 'com.huami.fittime.ui.O00000Oo.O00000o0' in 0.54526 ms
09-01 14:30:37.270 D/[Koin]  ( 8179): +- get 'com.huami.fittime.ui.post.O000OO00'
09-01 14:30:37.270 D/[Koin]  ( 8179): | create instance for [type:Factory,primary_type:'com.huami.fittime.ui.post.O000OO00']
09-01 14:30:37.270 D/[Koin]  ( 8179): +- get 'com.huami.fittime.O00000oo.O00O0Oo'
09-01 14:30:37.270 D/[Koin]  ( 8179): +- got 'com.huami.fittime.O00000oo.O00O0Oo' in 0.010938 ms
09-01 14:30:37.270 D/[Koin]  ( 8179): +- get 'com.huami.fittime.db.FitTimeDb'
09-01 14:30:37.270 D/[Koin]  ( 8179): +- got 'com.huami.fittime.db.FitTimeDb' in 0.006146 ms
09-01 14:30:37.270 D/[Koin]  ( 8179): +- get 'com.huami.fittime.O000000o.O00000o'
09-01 14:30:37.270 D/[Koin]  ( 8179): +- got 'com.huami.fittime.O000000o.O00000o' in 0.005573 ms
09-01 14:30:37.270 D/[Koin]  ( 8179): +- get 'com.huami.fittime.O00000oo.O00O0o00'
09-01 14:30:37.270 D/[Koin]  ( 8179): +- got 'com.huami.fittime.O00000oo.O00O0o00' in 0.005782 ms
09-01 14:30:37.270 D/[Koin]  ( 8179): +- got 'com.huami.fittime.ui.post.O000OO00' in 0.197657 ms
09-01 14:30:37.270 D/[Koin]  ( 8179): +- get 'com.huami.fittime.O00000o.O00000Oo.O000000o'
09-01 14:30:37.270 D/[Koin]  ( 8179): | create instance for [type:Factory,primary_type:'com.huami.fittime.O00000o.O00000Oo.O000000o']
09-01 14:30:37.270 D/[Koin]  ( 8179): +- get 'com.huami.fittime.O00000oo.O00O0Oo'
09-01 14:30:37.270 D/[Koin]  ( 8179): +- got 'com.huami.fittime.O00000oo.O00O0Oo' in 0.006823 ms
09-01 14:30:37.270 D/[Koin]  ( 8179): +- get 'com.huami.fittime.O000000o.O00000o'
09-01 14:30:37.270 D/[Koin]  ( 8179): +- got 'com.huami.fittime.O000000o.O00000o' in 0.004948 ms
09-01 14:30:37.270 D/[Koin]  ( 8179): +- get 'com.huami.fittime.db.FitTimeDb'
09-01 14:30:37.270 D/[Koin]  ( 8179): +- got 'com.huami.fittime.db.FitTimeDb' in 0.005365 ms
09-01 14:30:37.270 D/[Koin]  ( 8179): +- get 'com.huami.fittime.ui.base.O00000o0.O000000o'
09-01 14:30:37.270 D/[Koin]  ( 8179): | create instance for [type:Factory,primary_type:'com.huami.fittime.ui.base.O00000o0.O000000o']
09-01 14:30:37.270 D/[Koin]  ( 8179): +- get 'com.huami.training.O0000O0o.O000000o.O00000o0'
09-01 14:30:37.270 D/[Koin]  ( 8179): | create instance for [type:Factory,primary_type:'com.huami.training.O0000O0o.O000000o.O00000o0']
09-01 14:30:37.270 D/[Koin]  ( 8179): +- get 'com.huami.training.O0000o0.O000OO0o'
09-01 14:30:37.270 D/[Koin]  ( 8179): | create instance for [type:Factory,primary_type:'com.huami.training.O0000o0.O000OO0o']
09-01 14:30:37.270 D/[Koin]  ( 8179): +- get 'com.huami.training.O0000Oo.O000000o'
09-01 14:30:37.270 D/[Koin]  ( 8179): +- got 'com.huami.training.O0000Oo.O000000o' in 0.00776 ms
09-01 14:30:37.270 D/[Koin]  ( 8179): +- get 'com.huami.training.O0000OOo.O000OO0o'
09-01 14:30:37.270 D/[Koin]  ( 8179): +- got 'com.huami.training.O0000OOo.O000OO0o' in 0.006875 ms
09-01 14:30:37.270 D/[Koin]  ( 8179): +- get 'com.huami.training.db.TrainingDb'
09-01 14:30:37.270 D/[Koin]  ( 8179): +- got 'com.huami.training.db.TrainingDb' in 0.00651 ms
09-01 14:30:37.271 D/[Koin]  ( 8179): +- get 'com.huami.training.O000000o.O000OO0o'
09-01 14:30:37.271 D/[Koin]  ( 8179): +- got 'com.huami.training.O000000o.O000OO0o' in 0.006719 ms
09-01 14:30:37.271 D/[Koin]  ( 8179): +- got 'com.huami.training.O0000o0.O000OO0o' in 0.192135 ms
09-01 14:30:37.271 D/[Koin]  ( 8179): +- got 'com.huami.training.O0000O0o.O000000o.O00000o0' in 0.261302 ms
09-01 14:30:37.271 D/[Koin]  ( 8179): +- got 'com.huami.fittime.ui.base.O00000o0.O000000o' in 0.347708 ms
09-01 14:30:37.271 D/[Koin]  ( 8179): +- got 'com.huami.fittime.O00000o.O00000Oo.O000000o' in 0.573073 ms
09-01 14:30:37.274 D/[Koin]  ( 8179): +- got 'com.huami.fittime.ui.diary.detail.O0000O0o' in 5.542084 ms
09-01 14:30:37.274 D/[Koin]  ( 8179): !- ViewModelProvider got instance in 5.730729
09-01 14:30:37.275 D/BaseTitleActivity( 8179): setStyle BACK_AND_TITLE title  darkMode false color -11747928
09-01 14:30:37.295 I/appium  ( 8119): channel read invoked!
09-01 14:30:37.295 I/appium  ( 8119): channel read: POST /wd/hub/session/6bc493e8-63d1-4d52-9347-11257968596d/element
