09-01 14:30:38.448 V/bt_stack( 8588): [VERBOSE1:btm_ble_gap.cc(1923)] btm_ble_process_ext_adv_pkt: bda=7a:09:58:b8:26:73
09-01 14:30:38.448 V/bt_stack( 8588): [VERBOSE1:btm_ble_gap.cc(1847)] btm_ble_process_adv_addr: bda=7a:09:58:b8:26:73
09-01 14:30:38.448 D/BluetoothUtils( 8588): blockedByLocationOff callingUid=1002
09-01 14:30:38.449 I/BluetoothUtils( 8588): packagename is android.uid.bluetooth:1002 ,and its permission is false
09-01 14:30:38.449 D/BluetoothUtils( 8588): blockedByLocationOff callingUid=1002
09-01 14:30:38.449 I/BluetoothUtils( 8588): packagename is android.uid.bluetooth:1002 ,and its permission is false
09-01 14:30:38.449 D/BluetoothUtils( 8588): blockedByLocationOff callingUid=1002
09-01 14:30:38.450 I/BluetoothUtils( 8588): packagename is android.uid.bluetooth:1002 ,and its permission is false
09-01 14:30:38.451 V/bt_stack( 8588): [VERBOSE1:btm_ble_gap.cc(1923)] btm_ble_process_ext_adv_pkt: bda=56:e4:da:79:d5:88
09-01 14:30:38.452 V/bt_stack( 8588): [VERBOSE1:btm_ble_gap.cc(1847)] btm_ble_process_adv_addr: bda=56:e4:da:79:d5:88
09-01 14:30:38.452 V/bt_stack( 8588): [VERBOSE1:btm_ble_gap.cc(2052)]  Waiting for scan response 56:e4:da:79:d5:88
09-01 14:30:38.452 I/PowerRankHelperHolder( 5237): refreshStats begin
09-01 14:30:38.452 V/bt_stack( 8588): [VERBOSE1:btm_ble_gap.cc(1923)] btm_ble_process_ext_adv_pkt: bda=56:e4:da:79:d5:88
09-01 14:30:38.452 V/bt_stack( 8588): [VERBOSE1:btm_ble_gap.cc(1847)] btm_ble_process_adv_addr: bda=56:e4:da:79:d5:88
09-01 14:30:38.453 D/BluetoothUtils( 8588): blockedByLocationOff callingUid=1002
09-01 14:30:38.453 V/AsyncHttpResponse( 8179): Progress 13 from 13 (100%)
09-01 14:30:38.453 I/BluetoothUtils( 8588): packagename is android.uid.bluetooth:1002 ,and its permission is false
09-01 14:30:38.454 D/BluetoothUtils( 8588): blockedByLocationOff callingUid=1002
09-01 14:30:38.454 I/BluetoothUtils( 8588): packagename is android.uid.bluetooth:1002 ,and its permission is false
09-01 14:30:38.454 D/BluetoothUtils( 8588): blockedByLocationOff callingUid=1002
09-01 14:30:38.454 I/BluetoothUtils( 8588): packagename is android.uid.bluetooth:1002 ,and its permission is false
09-01 14:30:38.459 V/bt_stack( 8588): [VERBOSE1:btm_ble_gap.cc(1923)] btm_ble_process_ext_adv_pkt: bda=16:cd:15:ae:1d:6a
09-01 14:30:38.459 V/bt_stack( 8588): [VERBOSE1:btm_ble_gap.cc(1847)] btm_ble_process_adv_addr: bda=16:cd:15:ae:1d:6a
09-01 14:30:38.461 D/BluetoothUtils( 8588): blockedByLocationOff callingUid=1002
09-01 14:30:38.462 I/BluetoothUtils( 8588): packagename is android.uid.bluetooth:1002 ,and its permission is false
09-01 14:30:38.462 D/BluetoothUtils( 8588): blockedByLocationOff callingUid=1002
09-01 14:30:38.462 I/BluetoothUtils( 8588): packagename is android.uid.bluetooth:1002 ,and its permission is false
09-01 14:30:38.462 D/BluetoothUtils( 8588): blockedByLocationOff callingUid=1002
09-01 14:30:38.463 I/BluetoothUtils( 8588): packagename is android.uid.bluetooth:1002 ,and its permission is false
09-01 14:30:38.471 V/bt_stack( 8588): [VERBOSE1:btm_ble_gap.cc(1923)] btm_ble_process_ext_adv_pkt: bda=75:1f:7a:e9:cc:a5
09-01 14:30:38.471 V/bt_stack( 8588): [VERBOSE1:btm_ble_gap.cc(1847)] btm_ble_process_adv_addr: bda=75:1f:7a:e9:cc:a5
09-01 14:30:38.471 D/BluetoothUtils( 8588): blockedByLocationOff callingUid=1002
09-01 14:30:38.472 I/BluetoothUtils( 8588): packagename is android.uid.bluetooth:1002 ,and its permission is false
09-01 14:30:38.472 D/BluetoothUtils( 8588): blockedByLocationOff callingUid=1002
09-01 14:30:38.472 I/BluetoothUtils( 8588): packagename is android.uid.bluetooth:1002 ,and its permission is false
09-01 14:30:38.472 D/BluetoothUtils( 8588): blockedByLocationOff callingUid=1002
09-01 14:30:38.473 I/BluetoothUtils( 8588): packagename is android.uid.bluetooth:1002 ,and its permission is false
09-01 14:30:38.475 V/bt_stack( 8588): [VERBOSE1:btm_ble_gap.cc(1923)] btm_ble_process_ext_adv_pkt: bda=4d:fc:af:c2:b2:22
09-01 14:30:38.475 V/bt_stack( 8588): [VERBOSE1:btm_ble_gap.cc(1847)] btm_ble_process_adv_addr: bda=4d:fc:af:c2:b2:22
09-01 14:30:38.475 V/bt_stack( 8588): [VERBOSE1:btm_ble_gap.cc(2052)]  Waiting for scan response 4d:fc:af:c2:b2:22
09-01 14:30:38.475 V/bt_stack( 8588): [VERBOSE1:btm_ble_gap.cc(1923)] btm_ble_process_ext_adv_pkt: bda=24:65:c8:81:ba:6f
09-01 14:30:38.475 V/bt_stack( 8588): [VERBOSE1:btm_ble_gap.cc(1847)] btm_ble_process_adv_addr: bda=24:65:c8:81:ba:6f
09-01 14:30:38.476 D/BluetoothUtils( 8588): blockedByLocationOff callingUid=1002
09-01 14:30:38.477 I/BluetoothUtils( 8588): packagename is android.uid.bluetooth:1002 ,and its permission is false
09-01 14:30:38.477 D/BluetoothUtils( 8588): blockedByLocationOff callingUid=1002
09-01 14:30:38.477 I/BluetoothUtils( 8588): packagename is android.uid.bluetooth:1002 ,and its permission is false
09-01 14:30:38.477 D/BluetoothUtils( 8588): blockedByLocationOff callingUid=1002
09-01 14:30:38.478 I/BluetoothUtils( 8588): packagename is android.uid.bluetooth:1002 ,and its permission is false
09-01 14:30:38.480 I/tycenter.remot( 5237): Background young concurrent copying GC freed 69032(3600KB) AllocSpace objects, 5(604KB) LOS objects, 32% free, 5948KB/8759KB, paused 8.167ms total 37.179ms
09-01 14:30:38.484 I/netd    (  679): trafficSwapActiveStatsMap() <0.36ms>
09-01 14:30:38.485 V/bt_stack( 8588): [VERBOSE1:btm_ble_gap.cc(1923)] btm_ble_process_ext_adv_pkt: bda=2d:8f:df:c2:a9:d4
09-01 14:30:38.485 V/bt_stack( 8588): [VERBOSE1:btm_ble_gap.cc(1847)] btm_ble_process_adv_addr: bda=2d:8f:df:c2:a9:d4
09-01 14:30:38.486 I/netd    (  679): tetherGetStats() <0.59ms>
09-01 14:30:38.489 D/BluetoothUtils( 8588): blockedByLocationOff callingUid=1002
09-01 14:30:38.489 W/NetworkStatsFactorySysApp( 1639): stats=NetworkStatsSysApp: elapsedRealtime=595579818
09-01 14:30:38.489 W/NetworkStatsFactorySysApp( 1639):   [0] iface=wlan0 nameOrHashs=3498687797563196937 rxBytes=667405 rxPackets=562 txBytes=64378 txPackets=497  [1] iface=wlan0 nameOrHashs=2463678812787075199 rxBytes=8236 rxPackets=24 txBytes=5245 txPackets=29  [2] iface=wlan0 nameOrHashs=3518763049745578179 rxBytes=48000 rxPackets=91 txBytes=26712 txPackets=119  [3] iface=wlan0 nameOrHashs=1804510353482802752 rxBytes=18530 rxPackets=47 txBytes=7550 txPackets=58  [4] iface=wlan0 nameOrHashs=18446744073709551615 rxBytes=200 rxPackets=5 txBytes=240 txPackets=6  [5] iface=wlan0 nameOrHashs=5017918531151125116 rxBytes=226909 rxPackets=476 txBytes=697811 txPackets=413  [6] iface=wlan0 nameOrHashs=5381 rxBytes=8444 rxPackets=97 txBytes=14284 txPackets=158  [7] iface=wlan0 nameOrHashs=5665847790823135191 rxBytes=125270 rxPackets=287 txBytes=45104 txPackets=320  [8] iface=wlan0 nameOrHashs=12448073869916428337 rxBytes=21151 rxPackets=52 txBytes=8764 txPackets=60  [9] iface=wlan0 nameOrHashs=4859101771987231424 rxBytes=720 rxPackets=12 txBytes=25311 txPackets=199  [10] iface=wlan0 nameOrHashs=3059610702209320623 rxBytes=7430 rxPackets=17 txBytes=3327 txPackets=21  [11] iface=wlan0 nameOrHashs=14315182391656284036 rxBytes=17962 rxPackets=39 txBytes=7468 txPackets=49  [12] iface=wlan0 nameOrHashs=5260829461142681105 rxBytes=70219 rxPackets=109 txBytes=17296 txPackets=137  [13] iface=wlan0 nameOrHashs=15360284826224562093 rxBytes=6021303 rxPackets=1674 txBytes=218300 txPackets=1683  [14] iface=wlan0 nameOrHashs=12147314186442659468 rxBytes=115283 rxPackets=579 txBytes=159678 txPackets=689  [15] iface=wlan0 nameOrHashs=13203530503623258350 rxBytes=35198 rxPackets=72 txBytes=12335 txPackets=89  [16] iface=wlan0 nameOrHashs=16020371398875508808 rxBytes=29052 rxPackets=659 txBytes=25260 txPackets=552
09-01 14:30:38.489 I/BluetoothUtils( 8588): packagename is android.uid.bluetooth:1002 ,and its permission is false
09-01 14:30:38.490 I/netd    (  679): trafficSwapActiveStatsMap() <0.16ms>
09-01 14:30:38.490 D/BluetoothUtils( 8588): blockedByLocationOff callingUid=1002
09-01 14:30:38.490 I/BluetoothUtils( 8588): packagename is android.uid.bluetooth:1002 ,and its permission is false
09-01 14:30:38.490 V/bt_stack( 8588): [VERBOSE1:btm_ble_gap.cc(1923)] btm_ble_process_ext_adv_pkt: bda=63:e7:6b:57:ac:90
09-01 14:30:38.490 D/BluetoothUtils( 8588): blockedByLocationOff callingUid=1002
09-01 14:30:38.490 V/bt_stack( 8588): [VERBOSE1:btm_ble_gap.cc(1847)] btm_ble_process_adv_addr: bda=63:e7:6b:57:ac:90
09-01 14:30:38.490 V/bt_stack( 8588): [VERBOSE1:btm_ble_gap.cc(2052)]  Waiting for scan response 63:e7:6b:57:ac:90
09-01 14:30:38.491 V/bt_stack( 8588): [VERBOSE1:btm_ble_gap.cc(1923)] btm_ble_process_ext_adv_pkt: bda=63:e7:6b:57:ac:90
09-01 14:30:38.491 V/bt_stack( 8588): [VERBOSE1:btm_ble_gap.cc(1847)] btm_ble_process_adv_addr: bda=63:e7:6b:57:ac:90
09-01 14:30:38.491 I/netd    (  679): tetherGetStats() <0.71ms>
09-01 14:30:38.491 I/BluetoothUtils( 8588): packagename is android.uid.bluetooth:1002 ,and its permission is false
09-01 14:30:38.492 W/NetworkStatsFactorySysApp( 1639): stats=NetworkStatsSysApp: elapsedRealtime=595579821
09-01 14:30:38.492 V/bt_stack( 8588): [VERBOSE1:btm_ble_gap.cc(1923)] btm_ble_process_ext_adv_pkt: bda=6a:1a:31:28:a4:f8
09-01 14:30:38.492 V/bt_stack( 8588): [VERBOSE1:btm_ble_gap.cc(1847)] btm_ble_process_adv_addr: bda=6a:1a:31:28:a4:f8
09-01 14:30:38.493 D/BluetoothUtils( 8588): blockedByLocationOff callingUid=1002
09-01 14:30:38.494 I/BluetoothUtils( 8588): packagename is android.uid.bluetooth:1002 ,and its permission is false
09-01 14:30:38.494 D/BluetoothUtils( 8588): blockedByLocationOff callingUid=1002
09-01 14:30:38.495 I/BluetoothUtils( 8588): packagename is android.uid.bluetooth:1002 ,and its permission is false
09-01 14:30:38.495 D/BluetoothUtils( 8588): blockedByLocationOff callingUid=1002
09-01 14:30:38.496 I/BluetoothUtils( 8588): packagename is android.uid.bluetooth:1002 ,and its permission is false
09-01 14:30:38.497 D/BluetoothUtils( 8588): blockedByLocationOff callingUid=1002
09-01 14:30:38.497 I/BluetoothUtils( 8588): packagename is android.uid.bluetooth:1002 ,and its permission is false
09-01 14:30:38.498 D/BluetoothUtils( 8588): blockedByLocationOff callingUid=1002
09-01 14:30:38.498 I/BluetoothUtils( 8588): packagename is android.uid.bluetooth:1002 ,and its permission is false
09-01 14:30:38.498 D/BluetoothUtils( 8588): blockedByLocationOff callingUid=1002
09-01 14:30:38.498 I/BluetoothUtils( 8588): packagename is android.uid.bluetooth:1002 ,and its permission is false
09-01 14:30:38.500 V/bt_stack( 8588): [VERBOSE1:btm_ble_gap.cc(1923)] btm_ble_process_ext_adv_pkt: bda=fe:e1:62:0f:0c:8e
09-01 14:30:38.500 V/bt_stack( 8588): [VERBOSE1:btm_ble_gap.cc(1847)] btm_ble_process_adv_addr: bda=fe:e1:62:0f:0c:8e
09-01 14:30:38.500 V/bt_stack( 8588): [VERBOSE1:btm_ble_gap.cc(2052)]  Waiting for scan response fe:e1:62:0f:0c:8e
09-01 14:30:38.500 V/bt_stack( 8588): [VERBOSE1:btm_ble_gap.cc(1923)] btm_ble_process_ext_adv_pkt: bda=fe:e1:62:0f:0c:8e
09-01 14:30:38.500 V/bt_stack( 8588): [VERBOSE1:btm_ble_gap.cc(1847)] btm_ble_process_adv_addr: bda=fe:e1:62:0f:0c:8e
09-01 14:30:38.501 I/iaomi.hm.healt( 8179): Background concurrent copying GC freed 617178(19MB) AllocSpace objects, 15(552KB) LOS objects, 49% free, 24MB/48MB, paused 66us total 106.198ms
09-01 14:30:38.501 D/BluetoothUtils( 8588): blockedByLocationOff callingUid=1002
09-01 14:30:38.503 I/hwservicemanager(  573): getTransport: Cannot find entry android.hardware.graphics.mapper@3.0::IMapper/default in either framework or device manifest.
09-01 14:30:38.504 W/Gralloc3( 8758): mapper 3.x is not supported
09-01 14:30:38.504 I/BluetoothUtils( 8588): packagename is android.uid.bluetooth:1002 ,and its permission is false
09-01 14:30:38.505 D/BluetoothUtils( 8588): blockedByLocationOff callingUid=1002
09-01 14:30:38.505 I/BluetoothUtils( 8588): packagename is android.uid.bluetooth:1002 ,and its permission is false
09-01 14:30:38.505 D/BluetoothUtils( 8588): blockedByLocationOff callingUid=1002
09-01 14:30:38.505 I/BluetoothUtils( 8588): packagename is android.uid.bluetooth:1002 ,and its permission is false
09-01 14:30:38.505 V/bt_stack( 8588): [VERBOSE1:bta_gattc_main.cc(361)] bta_gattc_hdl_event: Event:BTA_GATTC_API_WRITE_EVT
09-01 14:30:38.506 V/bt_stack( 8588): [VERBOSE1:bta_gattc_main.cc(305)] bta_gattc_sm_execute: State 0x02 [GATTC_CONN_ST], Event 0x1f05[BTA_GATTC_API_WRITE_EVT]
09-01 14:30:38.506 V/bt_stack( 8588): [VERBOSE1:gatt_utils.cc(1191)] gatt_end_operation status=0 op=3 subtype=1
09-01 14:30:38.506 V/bt_stack( 8588): [VERBOSE1:bta_gattc_act.cc(1309)] bta_gattc_cmpl_cback: conn_id:8 op:3 status:0
09-01 14:30:38.506 V/bt_stack( 8588): [VERBOSE1:bta_gattc_main.cc(341)] bta_gattc_sm_execute: GATTC State Change: 0x02 -> 0x02 after Event 0x1f05
09-01 14:30:38.506 V/bt_stack( 8588): [VERBOSE1:bta_gattc_main.cc(361)] bta_gattc_hdl_event: Event:BTA_GATTC_OP_CMPL_EVT
09-01 14:30:38.506 V/bt_stack( 8588): [VERBOSE1:bta_gattc_main.cc(305)] bta_gattc_sm_execute: State 0x02 [GATTC_CONN_ST], Event 0x1f0f[BTA_GATTC_OP_CMPL_EVT]
09-01 14:30:38.506 V/bt_stack( 8588): [VERBOSE1:bta_gattc_act.cc(936)] bta_gattc_op_cmpl: op:3
09-01 14:30:38.506 V/bt_stack( 8588): [VERBOSE1:bta_gattc_main.cc(341)] bta_gattc_sm_execute: GATTC State Change: 0x02 -> 0x02 after Event 0x1f0f
09-01 14:30:38.508 V/bt_stack( 8588): [VERBOSE1:btm_ble_gap.cc(1923)] btm_ble_process_ext_adv_pkt: bda=36:c9:49:a0:b6:9d
09-01 14:30:38.508 V/bt_stack( 8588): [VERBOSE1:btm_ble_gap.cc(1847)] btm_ble_process_adv_addr: bda=36:c9:49:a0:b6:9d
09-01 14:30:38.509 D/BluetoothUtils( 8588): blockedByLocationOff callingUid=1002
09-01 14:30:38.509 I/BluetoothUtils( 8588): packagename is android.uid.bluetooth:1002 ,and its permission is false
09-01 14:30:38.509 D/BluetoothUtils( 8588): blockedByLocationOff callingUid=1002
09-01 14:30:38.510 I/BluetoothUtils( 8588): packagename is android.uid.bluetooth:1002 ,and its permission is false
09-01 14:30:38.510 D/BluetoothUtils( 8588): blockedByLocationOff callingUid=1002
09-01 14:30:38.510 I/BluetoothUtils( 8588): packagename is android.uid.bluetooth:1002 ,and its permission is false
09-01 14:30:38.512 V/bt_stack( 8588): [VERBOSE1:btm_ble_gap.cc(1923)] btm_ble_process_ext_adv_pkt: bda=7a:09:58:b8:26:73
09-01 14:30:38.512 V/bt_stack( 8588): [VERBOSE1:btm_ble_gap.cc(1847)] btm_ble_process_adv_addr: bda=7a:09:58:b8:26:73
09-01 14:30:38.512 V/bt_stack( 8588): [VERBOSE1:btm_ble_gap.cc(2052)]  Waiting for scan response 7a:09:58:b8:26:73
09-01 14:30:38.513 V/bt_stack( 8588): [VERBOSE1:btm_ble_gap.cc(1923)] btm_ble_process_ext_adv_pkt: bda=7a:09:58:b8:26:73
09-01 14:30:38.513 V/bt_stack( 8588): [VERBOSE1:btm_ble_gap.cc(1847)] btm_ble_process_adv_addr: bda=7a:09:58:b8:26:73
09-01 14:30:38.514 D/BluetoothUtils( 8588): blockedByLocationOff callingUid=1002
09-01 14:30:38.510 W/screencap( 8758): type=1400 audit(0.0:63812): avc: denied { search } for name="kgsl" dev="sysfs" ino=55624 scontext=u:r:shell:s0 tcontext=u:object_r:sysfs_kgsl:s0 tclass=dir permissive=0
09-01 14:30:38.514 W/AdrenoUtils( 8758): <ReadGpuID_from_sysfs:194>: Failed to open /sys/class/kgsl/kgsl-3d0/gpu_model
09-01 14:30:38.514 W/AdrenoUtils( 8758): <ReadGpuID:218>: Failed to read chip ID from gpu_model. Fallback to use the GSL path
09-01 14:30:38.514 I/BluetoothUtils( 8588): packagename is android.uid.bluetooth:1002 ,and its permission is false
09-01 14:30:38.514 D/BluetoothUtils( 8588): blockedByLocationOff callingUid=1002
09-01 14:30:38.514 I/BluetoothUtils( 8588): packagename is android.uid.bluetooth:1002 ,and its permission is false
09-01 14:30:38.514 D/BluetoothUtils( 8588): blockedByLocationOff callingUid=1002
09-01 14:30:38.515 I/BluetoothUtils( 8588): packagename is android.uid.bluetooth:1002 ,and its permission is false
09-01 14:30:38.516 V/bt_stack( 8588): [VERBOSE1:btm_ble_gap.cc(1923)] btm_ble_process_ext_adv_pkt: bda=2a:1b:52:ac:62:5d
09-01 14:30:38.516 V/bt_stack( 8588): [VERBOSE1:btm_ble_gap.cc(1847)] btm_ble_process_adv_addr: bda=2a:1b:52:ac:62:5d
09-01 14:30:38.517 D/BluetoothUtils( 8588): blockedByLocationOff callingUid=1002
09-01 14:30:38.518 I/BluetoothUtils( 8588): packagename is android.uid.bluetooth:1002 ,and its permission is false
09-01 14:30:38.518 D/BluetoothUtils( 8588): blockedByLocationOff callingUid=1002
09-01 14:30:38.518 I/BluetoothUtils( 8588): packagename is android.uid.bluetooth:1002 ,and its permission is false
09-01 14:30:38.518 D/BluetoothUtils( 8588): blockedByLocationOff callingUid=1002
09-01 14:30:38.518 I/BluetoothUtils( 8588): packagename is android.uid.bluetooth:1002 ,and its permission is false
09-01 14:30:38.520 V/bt_stack( 8588): [VERBOSE1:btm_ble_gap.cc(1923)] btm_ble_process_ext_adv_pkt: bda=3a:23:cb:4a:85:2d
09-01 14:30:38.520 V/bt_stack( 8588): [VERBOSE1:btm_ble_gap.cc(1847)] btm_ble_process_adv_addr: bda=3a:23:cb:4a:85:2d
09-01 14:30:38.521 D/BluetoothUtils( 8588): blockedByLocationOff callingUid=1002
09-01 14:30:38.521 I/BluetoothUtils( 8588): packagename is android.uid.bluetooth:1002 ,and its permission is false
09-01 14:30:38.521 D/BluetoothUtils( 8588): blockedByLocationOff callingUid=1002
09-01 14:30:38.521 I/BluetoothUtils( 8588): packagename is android.uid.bluetooth:1002 ,and its permission is false
09-01 14:30:38.522 D/BluetoothUtils( 8588): blockedByLocationOff callingUid=1002
09-01 14:30:38.522 I/BluetoothUtils( 8588): packagename is android.uid.bluetooth:1002 ,and its permission is false
09-01 14:30:38.524 V/bt_stack( 8588): [VERBOSE1:gatt_main.cc(1079)] gatt_get_ch_state: ch_state=4
09-01 14:30:38.524 I/bt_stack( 8588): [INFO:gatt_main.cc(912)] gatt_data_process op_code = 27, msg_len = 9
09-01 14:30:38.524 V/bt_stack( 8588): [VERBOSE1:gatt_cl.cc(620)] gatt_process_notification
09-01 14:30:38.524 V/bt_stack( 8588): [VERBOSE1:gatt_auth.cc(364)] gatt_get_link_encrypt_status status=0x8e
09-01 14:30:38.524 V/bt_stack( 8588): [VERBOSE1:bta_gattc_act.cc(1309)] bta_gattc_cmpl_cback: conn_id:3 op:6 status:142
09-01 14:30:38.524 V/bt_stack( 8588): [VERBOSE1:gatt_api.cc(1276)] GATT_GetConnectionInfor conn_id=0x0003
09-01 14:30:38.524 V/bt_stack( 8588): [VERBOSE1:bta_gattc_act.cc(1309)] bta_gattc_cmpl_cback: conn_id:4 op:6 status:142
09-01 14:30:38.524 V/bt_stack( 8588): [VERBOSE1:gatt_api.cc(1276)] GATT_GetConnectionInfor conn_id=0x0004
09-01 14:30:38.524 E/bt_btif ( 8588): bta_gattc_process_indicate, ignore HID ind/notificiation
09-01 14:30:38.524 V/bt_stack( 8588): [VERBOSE1:bta_gattc_act.cc(1309)] bta_gattc_cmpl_cback: conn_id:5 op:6 status:142
09-01 14:30:38.524 V/bt_stack( 8588): [VERBOSE1:gatt_api.cc(1276)] GATT_GetConnectionInfor conn_id=0x0005
09-01 14:30:38.524 V/bt_stack( 8588): [VERBOSE1:bta_gattc_act.cc(1309)] bta_gattc_cmpl_cback: conn_id:6 op:6 status:142
09-01 14:30:38.524 V/bt_stack( 8588): [VERBOSE1:gatt_api.cc(1276)] GATT_GetConnectionInfor conn_id=0x0006
09-01 14:30:38.524 V/bt_stack( 8588): [VERBOSE1:bta_gattc_act.cc(1309)] bta_gattc_cmpl_cback: conn_id:7 op:6 status:142
09-01 14:30:38.524 V/bt_stack( 8588): [VERBOSE1:gatt_api.cc(1276)] GATT_GetConnectionInfor conn_id=0x0007
09-01 14:30:38.524 V/bt_stack( 8588): [VERBOSE1:bta_gattc_act.cc(1309)] bta_gattc_cmpl_cback: conn_id:8 op:6 status:142
09-01 14:30:38.524 V/bt_stack( 8588): [VERBOSE1:gatt_api.cc(1276)] GATT_GetConnectionInfor conn_id=0x0008
09-01 14:30:38.524 V/bt_stack( 8588): [VERBOSE1:bta_gattc_utils.cc(346)] Notification registered!
09-01 14:30:38.524 V/bt_stack( 8588): [VERBOSE1:bta_gattc_act.cc(1212)] bta_gattc_proc_other_indication: check p_data->att_value.handle=80 p_data->handle=0
09-01 14:30:38.524 V/bt_stack( 8588): [VERBOSE1:bta_gattc_act.cc(1216)] is_notify0
09-01 14:30:38.525 V/bt_stack( 8588): [VERBOSE1:bta_gattc_act.cc(1309)] bta_gattc_cmpl_cback: conn_id:9 op:6 status:142
09-01 14:30:38.525 V/bt_stack( 8588): [VERBOSE1:gatt_api.cc(1276)] GATT_GetConnectionInfor conn_id=0x0009
09-01 14:30:38.525 V/bt_stack( 8588): [VERBOSE1:bta_gattc_act.cc(1309)] bta_gattc_cmpl_cback: conn_id:10 op:6 status:142
09-01 14:30:38.525 V/bt_stack( 8588): [VERBOSE1:gatt_api.cc(1276)] GATT_GetConnectionInfor conn_id=0x000a
09-01 14:30:38.525 V/bt_stack( 8588): [VERBOSE1:bta_gattc_act.cc(1309)] bta_gattc_cmpl_cback: conn_id:11 op:6 status:142
09-01 14:30:38.525 V/bt_stack( 8588): [VERBOSE1:gatt_api.cc(1276)] GATT_GetConnectionInfor conn_id=0x000b
09-01 14:30:38.525 V/bt_stack( 8588): [VERBOSE1:bta_gattc_act.cc(1309)] bta_gattc_cmpl_cback: conn_id:12 op:6 status:142
09-01 14:30:38.525 V/bt_stack( 8588): [VERBOSE1:gatt_api.cc(1276)] GATT_GetConnectionInfor conn_id=0x000c
09-01 14:30:38.525 V/bt_stack( 8588): [VERBOSE1:bta_gattc_act.cc(1309)] bta_gattc_cmpl_cback: conn_id:13 op:6 status:142
09-01 14:30:38.525 V/bt_stack( 8588): [VERBOSE1:gatt_api.cc(1276)] GATT_GetConnectionInfor conn_id=0x000d
09-01 14:30:38.525 V/bt_stack( 8588): [VERBOSE1:bta_gattc_act.cc(1309)] bta_gattc_cmpl_cback: conn_id:14 op:6 status:142
09-01 14:30:38.525 V/bt_stack( 8588): [VERBOSE1:gatt_api.cc(1276)] GATT_GetConnectionInfor conn_id=0x000e
09-01 14:30:38.525 V/bt_stack( 8588): [VERBOSE1:bta_gattc_act.cc(1309)] bta_gattc_cmpl_cback: conn_id:15 op:6 status:142
09-01 14:30:38.525 V/bt_stack( 8588): [VERBOSE1:gatt_api.cc(1276)] GATT_GetConnectionInfor conn_id=0x000f
09-01 14:30:38.525 V/bt_stack( 8588): [VERBOSE1:bta_gattc_act.cc(1309)] bta_gattc_cmpl_cback: conn_id:16 op:6 status:142
09-01 14:30:38.525 V/bt_stack( 8588): [VERBOSE1:gatt_api.cc(1276)] GATT_GetConnectionInfor conn_id=0x0010
09-01 14:30:38.525 V/bt_stack( 8588): [VERBOSE1:bta_gattc_act.cc(1309)] bta_gattc_cmpl_cback: conn_id:17 op:6 status:142
09-01 14:30:38.525 V/bt_stack( 8588): [VERBOSE1:gatt_api.cc(1276)] GATT_GetConnectionInfor conn_id=0x0011
09-01 14:30:38.530 V/bt_stack( 8588): [VERBOSE1:btm_ble_gap.cc(1923)] btm_ble_process_ext_adv_pkt: bda=14:c3:61:25:db:42
09-01 14:30:38.530 V/bt_stack( 8588): [VERBOSE1:btm_ble_gap.cc(1847)] btm_ble_process_adv_addr: bda=14:c3:61:25:db:42
09-01 14:30:38.531 V/bt_stack( 8588): [VERBOSE1:bta_gattc_main.cc(361)] bta_gattc_hdl_event: Event:BTA_GATTC_API_WRITE_EVT
09-01 14:30:38.531 V/bt_stack( 8588): [VERBOSE1:bta_gattc_main.cc(305)] bta_gattc_sm_execute: State 0x02 [GATTC_CONN_ST], Event 0x1f05[BTA_GATTC_API_WRITE_EVT]
09-01 14:30:38.531 V/bt_stack( 8588): [VERBOSE1:gatt_utils.cc(1191)] gatt_end_operation status=0 op=3 subtype=1
09-01 14:30:38.531 V/bt_stack( 8588): [VERBOSE1:bta_gattc_act.cc(1309)] bta_gattc_cmpl_cback: conn_id:8 op:3 status:0
09-01 14:30:38.531 V/bt_stack( 8588): [VERBOSE1:bta_gattc_main.cc(341)] bta_gattc_sm_execute: GATTC State Change: 0x02 -> 0x02 after Event 0x1f05
09-01 14:30:38.531 V/bt_stack( 8588): [VERBOSE1:bta_gattc_main.cc(361)] bta_gattc_hdl_event: Event:BTA_GATTC_OP_CMPL_EVT
09-01 14:30:38.531 V/bt_stack( 8588): [VERBOSE1:bta_gattc_main.cc(305)] bta_gattc_sm_execute: State 0x02 [GATTC_CONN_ST], Event 0x1f0f[BTA_GATTC_OP_CMPL_EVT]
09-01 14:30:38.531 V/bt_stack( 8588): [VERBOSE1:bta_gattc_act.cc(936)] bta_gattc_op_cmpl: op:3
09-01 14:30:38.531 V/bt_stack( 8588): [VERBOSE1:bta_gattc_main.cc(341)] bta_gattc_sm_execute: GATTC State Change: 0x02 -> 0x02 after Event 0x1f0f
09-01 14:30:38.531 D/BluetoothUtils( 8588): blockedByLocationOff callingUid=1002
09-01 14:30:38.532 I/BluetoothUtils( 8588): packagename is android.uid.bluetooth:1002 ,and its permission is false
09-01 14:30:38.532 D/BluetoothUtils( 8588): blockedByLocationOff callingUid=1002
09-01 14:30:38.532 I/BluetoothUtils( 8588): packagename is android.uid.bluetooth:1002 ,and its permission is false
09-01 14:30:38.532 D/BluetoothUtils( 8588): blockedByLocationOff callingUid=1002
09-01 14:30:38.532 I/BluetoothUtils( 8588): packagename is android.uid.bluetooth:1002 ,and its permission is false
09-01 14:30:38.535 V/bt_stack( 8588): [VERBOSE1:btm_ble_gap.cc(1923)] btm_ble_process_ext_adv_pkt: bda=07:e4:7f:b4:5f:d9
09-01 14:30:38.535 V/bt_stack( 8588): [VERBOSE1:btm_ble_gap.cc(1847)] btm_ble_process_adv_addr: bda=07:e4:7f:b4:5f:d9
09-01 14:30:38.536 D/BluetoothUtils( 8588): blockedByLocationOff callingUid=1002
09-01 14:30:38.536 V/bt_stack( 8588): [VERBOSE1:btm_ble_gap.cc(1923)] btm_ble_process_ext_adv_pkt: bda=48:14:81:f8:b8:84
09-01 14:30:38.536 V/bt_stack( 8588): [VERBOSE1:btm_ble_gap.cc(1847)] btm_ble_process_adv_addr: bda=48:14:81:f8:b8:84
09-01 14:30:38.536 V/bt_stack( 8588): [VERBOSE1:btm_ble_gap.cc(2052)]  Waiting for scan response 48:14:81:f8:b8:84
09-01 14:30:38.536 V/bt_stack( 8588): [VERBOSE1:btm_ble_gap.cc(1923)] btm_ble_process_ext_adv_pkt: bda=48:14:81:f8:b8:84
09-01 14:30:38.536 V/bt_stack( 8588): [VERBOSE1:btm_ble_gap.cc(1847)] btm_ble_process_adv_addr: bda=48:14:81:f8:b8:84
09-01 14:30:38.536 I/BluetoothUtils( 8588): packagename is android.uid.bluetooth:1002 ,and its permission is false
09-01 14:30:38.536 D/BluetoothUtils( 8588): blockedByLocationOff callingUid=1002
09-01 14:30:38.537 I/BluetoothUtils( 8588): packagename is android.uid.bluetooth:1002 ,and its permission is false
09-01 14:30:38.537 D/BluetoothUtils( 8588): blockedByLocationOff callingUid=1002
09-01 14:30:38.537 I/BluetoothUtils( 8588): packagename is android.uid.bluetooth:1002 ,and its permission is false
09-01 14:30:38.538 D/BluetoothUtils( 8588): blockedByLocationOff callingUid=1002
09-01 14:30:38.538 I/BluetoothUtils( 8588): packagename is android.uid.bluetooth:1002 ,and its permission is false
09-01 14:30:38.538 D/BluetoothUtils( 8588): blockedByLocationOff callingUid=1002
09-01 14:30:38.539 I/BluetoothUtils( 8588): packagename is android.uid.bluetooth:1002 ,and its permission is false
09-01 14:30:38.539 D/BluetoothUtils( 8588): blockedByLocationOff callingUid=1002
09-01 14:30:38.539 I/BluetoothUtils( 8588): packagename is android.uid.bluetooth:1002 ,and its permission is false
09-01 14:30:38.544 D/UidAppMobileRadioPowerCalculator( 5237): mobile not active power: 0.0
09-01 14:30:38.544 I/chatty  ( 5237): uid=1000(system) BatteryHistoryM identical 1 line
09-01 14:30:38.544 D/UidAppMobileRadioPowerCalculator( 5237): mobile not active power: 0.0
09-01 14:30:38.554 V/bt_stack( 8588): [VERBOSE1:gatt_main.cc(1079)] gatt_get_ch_state: ch_state=4
09-01 14:30:38.554 I/bt_stack( 8588): [INFO:gatt_main.cc(912)] gatt_data_process op_code = 27, msg_len = 9
09-01 14:30:38.554 V/bt_stack( 8588): [VERBOSE1:gatt_cl.cc(620)] gatt_process_notification
09-01 14:30:38.554 V/bt_stack( 8588): [VERBOSE1:gatt_auth.cc(364)] gatt_get_link_encrypt_status status=0x8e
09-01 14:30:38.554 V/bt_stack( 8588): [VERBOSE1:bta_gattc_act.cc(1309)] bta_gattc_cmpl_cback: conn_id:3 op:6 status:142
09-01 14:30:38.554 V/bt_stack( 8588): [VERBOSE1:gatt_api.cc(1276)] GATT_GetConnectionInfor conn_id=0x0003
09-01 14:30:38.554 V/bt_stack( 8588): [VERBOSE1:bta_gattc_act.cc(1309)] bta_gattc_cmpl_cback: conn_id:4 op:6 status:142
09-01 14:30:38.554 V/bt_stack( 8588): [VERBOSE1:gatt_api.cc(1276)] GATT_GetConnectionInfor conn_id=0x0004
09-01 14:30:38.554 E/bt_btif ( 8588): bta_gattc_process_indicate, ignore HID ind/notificiation
09-01 14:30:38.555 V/bt_stack( 8588): [VERBOSE1:bta_gattc_act.cc(1309)] bta_gattc_cmpl_cback: conn_id:5 op:6 status:142
09-01 14:30:38.555 V/bt_stack( 8588): [VERBOSE1:gatt_api.cc(1276)] GATT_GetConnectionInfor conn_id=0x0005
09-01 14:30:38.555 V/bt_stack( 8588): [VERBOSE1:bta_gattc_act.cc(1309)] bta_gattc_cmpl_cback: conn_id:6 op:6 status:142
09-01 14:30:38.555 V/bt_stack( 8588): [VERBOSE1:gatt_api.cc(1276)] GATT_GetConnectionInfor conn_id=0x0006
09-01 14:30:38.555 V/bt_stack( 8588): [VERBOSE1:bta_gattc_act.cc(1309)] bta_gattc_cmpl_cback: conn_id:7 op:6 status:142
09-01 14:30:38.555 V/bt_stack( 8588): [VERBOSE1:gatt_api.cc(1276)] GATT_GetConnectionInfor conn_id=0x0007
09-01 14:30:38.555 V/bt_stack( 8588): [VERBOSE1:bta_gattc_act.cc(1309)] bta_gattc_cmpl_cback: conn_id:8 op:6 status:142
09-01 14:30:38.555 V/bt_stack( 8588): [VERBOSE1:gatt_api.cc(1276)] GATT_GetConnectionInfor conn_id=0x0008
09-01 14:30:38.555 V/bt_stack( 8588): [VERBOSE1:bta_gattc_utils.cc(346)] Notification registered!
09-01 14:30:38.555 V/bt_stack( 8588): [VERBOSE1:bta_gattc_act.cc(1212)] bta_gattc_proc_other_indication: check p_data->att_value.handle=80 p_data->handle=0
09-01 14:30:38.555 V/bt_stack( 8588): [VERBOSE1:bta_gattc_act.cc(1216)] is_notify0
09-01 14:30:38.555 V/bt_stack( 8588): [VERBOSE1:bta_gattc_act.cc(1309)] bta_gattc_cmpl_cback: conn_id:9 op:6 status:142
09-01 14:30:38.555 V/bt_stack( 8588): [VERBOSE1:gatt_api.cc(1276)] GATT_GetConnectionInfor conn_id=0x0009
09-01 14:30:38.555 V/bt_stack( 8588): [VERBOSE1:bta_gattc_act.cc(1309)] bta_gattc_cmpl_cback: conn_id:10 op:6 status:142
09-01 14:30:38.555 V/bt_stack( 8588): [VERBOSE1:gatt_api.cc(1276)] GATT_GetConnectionInfor conn_id=0x000a
09-01 14:30:38.555 V/bt_stack( 8588): [VERBOSE1:bta_gattc_act.cc(1309)] bta_gattc_cmpl_cback: conn_id:11 op:6 status:142
09-01 14:30:38.555 V/bt_stack( 8588): [VERBOSE1:gatt_api.cc(1276)] GATT_GetConnectionInfor conn_id=0x000b
09-01 14:30:38.555 V/bt_stack( 8588): [VERBOSE1:bta_gattc_act.cc(1309)] bta_gattc_cmpl_cback: conn_id:12 op:6 status:142
09-01 14:30:38.555 V/bt_stack( 8588): [VERBOSE1:gatt_api.cc(1276)] GATT_GetConnectionInfor conn_id=0x000c
09-01 14:30:38.555 V/bt_stack( 8588): [VERBOSE1:bta_gattc_act.cc(1309)] bta_gattc_cmpl_cback: conn_id:13 op:6 status:142
09-01 14:30:38.555 V/bt_stack( 8588): [VERBOSE1:gatt_api.cc(1276)] GATT_GetConnectionInfor conn_id=0x000d
09-01 14:30:38.555 V/bt_stack( 8588): [VERBOSE1:bta_gattc_act.cc(1309)] bta_gattc_cmpl_cback: conn_id:14 op:6 status:142
09-01 14:30:38.555 V/bt_stack( 8588): [VERBOSE1:gatt_api.cc(1276)] GATT_GetConnectionInfor conn_id=0x000e
09-01 14:30:38.555 V/bt_stack( 8588): [VERBOSE1:bta_gattc_act.cc(1309)] bta_gattc_cmpl_cback: conn_id:15 op:6 status:142
09-01 14:30:38.555 V/bt_stack( 8588): [VERBOSE1:gatt_api.cc(1276)] GATT_GetConnectionInfor conn_id=0x000f
09-01 14:30:38.555 V/bt_stack( 8588): [VERBOSE1:bta_gattc_act.cc(1309)] bta_gattc_cmpl_cback: conn_id:16 op:6 status:142
09-01 14:30:38.555 V/bt_stack( 8588): [VERBOSE1:gatt_api.cc(1276)] GATT_GetConnectionInfor conn_id=0x0010
09-01 14:30:38.556 V/bt_stack( 8588): [VERBOSE1:bta_gattc_act.cc(1309)] bta_gattc_cmpl_cback: conn_id:17 op:6 status:142
09-01 14:30:38.556 V/bt_stack( 8588): [VERBOSE1:gatt_api.cc(1276)] GATT_GetConnectionInfor conn_id=0x0011
09-01 14:30:38.563 V/bt_stack( 8588): [VERBOSE1:bta_gattc_main.cc(361)] bta_gattc_hdl_event: Event:BTA_GATTC_API_WRITE_EVT
09-01 14:30:38.563 V/bt_stack( 8588): [VERBOSE1:bta_gattc_main.cc(305)] bta_gattc_sm_execute: State 0x02 [GATTC_CONN_ST], Event 0x1f05[BTA_GATTC_API_WRITE_EVT]
09-01 14:30:38.563 V/bt_stack( 8588): [VERBOSE1:gatt_utils.cc(1191)] gatt_end_operation status=0 op=3 subtype=1
09-01 14:30:38.563 V/bt_stack( 8588): [VERBOSE1:bta_gattc_act.cc(1309)] bta_gattc_cmpl_cback: conn_id:8 op:3 status:0
09-01 14:30:38.563 V/bt_stack( 8588): [VERBOSE1:bta_gattc_main.cc(341)] bta_gattc_sm_execute: GATTC State Change: 0x02 -> 0x02 after Event 0x1f05
09-01 14:30:38.563 V/bt_stack( 8588): [VERBOSE1:bta_gattc_main.cc(361)] bta_gattc_hdl_event: Event:BTA_GATTC_OP_CMPL_EVT
09-01 14:30:38.563 V/bt_stack( 8588): [VERBOSE1:bta_gattc_main.cc(305)] bta_gattc_sm_execute: State 0x02 [GATTC_CONN_ST], Event 0x1f0f[BTA_GATTC_OP_CMPL_EVT]
09-01 14:30:38.563 V/bt_stack( 8588): [VERBOSE1:bta_gattc_act.cc(936)] bta_gattc_op_cmpl: op:3
09-01 14:30:38.563 V/bt_stack( 8588): [VERBOSE1:bta_gattc_main.cc(341)] bta_gattc_sm_execute: GATTC State Change: 0x02 -> 0x02 after Event 0x1f0f
09-01 14:30:38.576 I/PowerRankHelperHolder( 5237): refreshStats end
09-01 14:30:38.584 V/bt_stack( 8588): [VERBOSE1:gatt_main.cc(1079)] gatt_get_ch_state: ch_state=4
09-01 14:30:38.584 I/bt_stack( 8588): [INFO:gatt_main.cc(912)] gatt_data_process op_code = 27, msg_len = 9
09-01 14:30:38.584 V/bt_stack( 8588): [VERBOSE1:gatt_cl.cc(620)] gatt_process_notification
09-01 14:30:38.584 V/bt_stack( 8588): [VERBOSE1:gatt_auth.cc(364)] gatt_get_link_encrypt_status status=0x8e
09-01 14:30:38.584 V/bt_stack( 8588): [VERBOSE1:bta_gattc_act.cc(1309)] bta_gattc_cmpl_cback: conn_id:3 op:6 status:142
09-01 14:30:38.584 V/bt_stack( 8588): [VERBOSE1:gatt_api.cc(1276)] GATT_GetConnectionInfor conn_id=0x0003
09-01 14:30:38.584 V/bt_stack( 8588): [VERBOSE1:bta_gattc_act.cc(1309)] bta_gattc_cmpl_cback: conn_id:4 op:6 status:142
09-01 14:30:38.584 V/bt_stack( 8588): [VERBOSE1:gatt_api.cc(1276)] GATT_GetConnectionInfor conn_id=0x0004
09-01 14:30:38.584 E/bt_btif ( 8588): bta_gattc_process_indicate, ignore HID ind/notificiation
09-01 14:30:38.585 V/bt_stack( 8588): [VERBOSE1:bta_gattc_act.cc(1309)] bta_gattc_cmpl_cback: conn_id:5 op:6 status:142
09-01 14:30:38.585 V/bt_stack( 8588): [VERBOSE1:gatt_api.cc(1276)] GATT_GetConnectionInfor conn_id=0x0005
09-01 14:30:38.585 V/bt_stack( 8588): [VERBOSE1:bta_gattc_act.cc(1309)] bta_gattc_cmpl_cback: conn_id:6 op:6 status:142
09-01 14:30:38.585 V/bt_stack( 8588): [VERBOSE1:gatt_api.cc(1276)] GATT_GetConnectionInfor conn_id=0x0006
09-01 14:30:38.585 V/bt_stack( 8588): [VERBOSE1:bta_gattc_act.cc(1309)] bta_gattc_cmpl_cback: conn_id:7 op:6 status:142
09-01 14:30:38.585 V/bt_stack( 8588): [VERBOSE1:gatt_api.cc(1276)] GATT_GetConnectionInfor conn_id=0x0007
09-01 14:30:38.585 V/bt_stack( 8588): [VERBOSE1:bta_gattc_act.cc(1309)] bta_gattc_cmpl_cback: conn_id:8 op:6 status:142
09-01 14:30:38.585 V/bt_stack( 8588): [VERBOSE1:gatt_api.cc(1276)] GATT_GetConnectionInfor conn_id=0x0008
09-01 14:30:38.585 V/bt_stack( 8588): [VERBOSE1:bta_gattc_utils.cc(346)] Notification registered!
09-01 14:30:38.585 V/bt_stack( 8588): [VERBOSE1:bta_gattc_act.cc(1212)] bta_gattc_proc_other_indication: check p_data->att_value.handle=80 p_data->handle=0
09-01 14:30:38.585 V/bt_stack( 8588): [VERBOSE1:bta_gattc_act.cc(1216)] is_notify0
09-01 14:30:38.585 V/bt_stack( 8588): [VERBOSE1:bta_gattc_act.cc(1309)] bta_gattc_cmpl_cback: conn_id:9 op:6 status:142
09-01 14:30:38.585 V/bt_stack( 8588): [VERBOSE1:gatt_api.cc(1276)] GATT_GetConnectionInfor conn_id=0x0009
09-01 14:30:38.585 V/bt_stack( 8588): [VERBOSE1:bta_gattc_act.cc(1309)] bta_gattc_cmpl_cback: conn_id:10 op:6 status:142
09-01 14:30:38.585 V/bt_stack( 8588): [VERBOSE1:gatt_api.cc(1276)] GATT_GetConnectionInfor conn_id=0x000a
09-01 14:30:38.585 V/bt_stack( 8588): [VERBOSE1:bta_gattc_act.cc(1309)] bta_gattc_cmpl_cback: conn_id:11 op:6 status:142
09-01 14:30:38.585 V/bt_stack( 8588): [VERBOSE1:gatt_api.cc(1276)] GATT_GetConnectionInfor conn_id=0x000b
09-01 14:30:38.585 V/bt_stack( 8588): [VERBOSE1:bta_gattc_act.cc(1309)] bta_gattc_cmpl_cback: conn_id:12 op:6 status:142
09-01 14:30:38.585 V/bt_stack( 8588): [VERBOSE1:gatt_api.cc(1276)] GATT_GetConnectionInfor conn_id=0x000c
09-01 14:30:38.585 V/bt_stack( 8588): [VERBOSE1:bta_gattc_act.cc(1309)] bta_gattc_cmpl_cback: conn_id:13 op:6 status:142
09-01 14:30:38.585 V/bt_stack( 8588): [VERBOSE1:gatt_api.cc(1276)] GATT_GetConnectionInfor conn_id=0x000d
09-01 14:30:38.585 V/bt_stack( 8588): [VERBOSE1:bta_gattc_act.cc(1309)] bta_gattc_cmpl_cback: conn_id:14 op:6 status:142
09-01 14:30:38.585 V/bt_stack( 8588): [VERBOSE1:gatt_api.cc(1276)] GATT_GetConnectionInfor conn_id=0x000e
09-01 14:30:38.586 V/bt_stack( 8588): [VERBOSE1:bta_gattc_act.cc(1309)] bta_gattc_cmpl_cback: conn_id:15 op:6 status:142
09-01 14:30:38.586 V/bt_stack( 8588): [VERBOSE1:gatt_api.cc(1276)] GATT_GetConnectionInfor conn_id=0x000f
09-01 14:30:38.586 V/bt_stack( 8588): [VERBOSE1:bta_gattc_act.cc(1309)] bta_gattc_cmpl_cback: conn_id:16 op:6 status:142
09-01 14:30:38.586 V/bt_stack( 8588): [VERBOSE1:gatt_api.cc(1276)] GATT_GetConnectionInfor conn_id=0x0010
09-01 14:30:38.586 V/bt_stack( 8588): [VERBOSE1:bta_gattc_act.cc(1309)] bta_gattc_cmpl_cback: conn_id:17 op:6 status:142
09-01 14:30:38.586 V/bt_stack( 8588): [VERBOSE1:gatt_api.cc(1276)] GATT_GetConnectionInfor conn_id=0x0011
09-01 14:30:38.592 V/bt_stack( 8588): [VERBOSE1:bta_gattc_main.cc(361)] bta_gattc_hdl_event: Event:BTA_GATTC_API_WRITE_EVT
09-01 14:30:38.592 V/bt_stack( 8588): [VERBOSE1:bta_gattc_main.cc(305)] bta_gattc_sm_execute: State 0x02 [GATTC_CONN_ST], Event 0x1f05[BTA_GATTC_API_WRITE_EVT]
09-01 14:30:38.592 V/bt_stack( 8588): [VERBOSE1:gatt_utils.cc(1191)] gatt_end_operation status=0 op=3 subtype=1
09-01 14:30:38.592 V/bt_stack( 8588): [VERBOSE1:bta_gattc_act.cc(1309)] bta_gattc_cmpl_cback: conn_id:8 op:3 status:0
09-01 14:30:38.592 V/bt_stack( 8588): [VERBOSE1:bta_gattc_main.cc(341)] bta_gattc_sm_execute: GATTC State Change: 0x02 -> 0x02 after Event 0x1f05
09-01 14:30:38.592 V/bt_stack( 8588): [VERBOSE1:bta_gattc_main.cc(361)] bta_gattc_hdl_event: Event:BTA_GATTC_OP_CMPL_EVT
09-01 14:30:38.592 V/bt_stack( 8588): [VERBOSE1:bta_gattc_main.cc(305)] bta_gattc_sm_execute: State 0x02 [GATTC_CONN_ST], Event 0x1f0f[BTA_GATTC_OP_CMPL_EVT]
09-01 14:30:38.592 V/bt_stack( 8588): [VERBOSE1:bta_gattc_act.cc(936)] bta_gattc_op_cmpl: op:3
09-01 14:30:38.592 V/bt_stack( 8588): [VERBOSE1:bta_gattc_main.cc(341)] bta_gattc_sm_execute: GATTC State Change: 0x02 -> 0x02 after Event 0x1f0f
09-01 14:30:38.593 V/bt_stack( 8588): [VERBOSE1:btm_ble_gap.cc(1923)] btm_ble_process_ext_adv_pkt: bda=6a:1a:31:28:a4:f8
09-01 14:30:38.594 V/bt_stack( 8588): [VERBOSE1:btm_ble_gap.cc(1847)] btm_ble_process_adv_addr: bda=6a:1a:31:28:a4:f8
09-01 14:30:38.594 D/BluetoothUtils( 8588): blockedByLocationOff callingUid=1002
09-01 14:30:38.595 I/BluetoothUtils( 8588): packagename is android.uid.bluetooth:1002 ,and its permission is false
09-01 14:30:38.595 D/BluetoothUtils( 8588): blockedByLocationOff callingUid=1002
09-01 14:30:38.595 I/BluetoothUtils( 8588): packagename is android.uid.bluetooth:1002 ,and its permission is false
09-01 14:30:38.595 D/BluetoothUtils( 8588): blockedByLocationOff callingUid=1002
09-01 14:30:38.596 I/BluetoothUtils( 8588): packagename is android.uid.bluetooth:1002 ,and its permission is false
09-01 14:30:38.596 V/bt_stack( 8588): [VERBOSE1:btm_ble_gap.cc(1923)] btm_ble_process_ext_adv_pkt: bda=12:f7:c7:df:cb:b1
09-01 14:30:38.596 V/bt_stack( 8588): [VERBOSE1:btm_ble_gap.cc(1847)] btm_ble_process_adv_addr: bda=12:f7:c7:df:cb:b1
09-01 14:30:38.597 D/BluetoothUtils( 8588): blockedByLocationOff callingUid=1002
09-01 14:30:38.597 I/BluetoothUtils( 8588): packagename is android.uid.bluetooth:1002 ,and its permission is false
09-01 14:30:38.597 D/BluetoothUtils( 8588): blockedByLocationOff callingUid=1002
09-01 14:30:38.597 I/BluetoothUtils( 8588): packagename is android.uid.bluetooth:1002 ,and its permission is false
09-01 14:30:38.597 D/BluetoothUtils( 8588): blockedByLocationOff callingUid=1002
09-01 14:30:38.598 I/BluetoothUtils( 8588): packagename is android.uid.bluetooth:1002 ,and its permission is false
09-01 14:30:38.602 V/bt_stack( 8588): [VERBOSE1:btm_ble_gap.cc(1923)] btm_ble_process_ext_adv_pkt: bda=65:4b:eb:fb:21:09
09-01 14:30:38.602 V/bt_stack( 8588): [VERBOSE1:btm_ble_gap.cc(1847)] btm_ble_process_adv_addr: bda=65:4b:eb:fb:21:09
09-01 14:30:38.603 D/BluetoothUtils( 8588): blockedByLocationOff callingUid=1002
09-01 14:30:38.604 I/BluetoothUtils( 8588): packagename is android.uid.bluetooth:1002 ,and its permission is false
09-01 14:30:38.604 D/BluetoothUtils( 8588): blockedByLocationOff callingUid=1002
09-01 14:30:38.604 I/BluetoothUtils( 8588): packagename is android.uid.bluetooth:1002 ,and its permission is false
09-01 14:30:38.604 D/BluetoothUtils( 8588): blockedByLocationOff callingUid=1002
09-01 14:30:38.605 I/BluetoothUtils( 8588): packagename is android.uid.bluetooth:1002 ,and its permission is false
09-01 14:30:38.612 V/bt_stack( 8588): [VERBOSE1:btm_ble_gap.cc(1923)] btm_ble_process_ext_adv_pkt: bda=6f:0b:e8:0c:78:56
09-01 14:30:38.612 V/bt_stack( 8588): [VERBOSE1:btm_ble_gap.cc(1847)] btm_ble_process_adv_addr: bda=6f:0b:e8:0c:78:56
09-01 14:30:38.612 V/bt_stack( 8588): [VERBOSE1:btm_ble_gap.cc(2052)]  Waiting for scan response 6f:0b:e8:0c:78:56
09-01 14:30:38.612 V/bt_stack( 8588): [VERBOSE1:btm_ble_gap.cc(1923)] btm_ble_process_ext_adv_pkt: bda=0a:29:89:b7:c8:4a
09-01 14:30:38.612 V/bt_stack( 8588): [VERBOSE1:btm_ble_gap.cc(1847)] btm_ble_process_adv_addr: bda=0a:29:89:b7:c8:4a
09-01 14:30:38.612 V/bt_stack( 8588): [VERBOSE1:btm_ble_gap.cc(1923)] btm_ble_process_ext_adv_pkt: bda=36:c9:49:a0:b6:9d
09-01 14:30:38.612 V/bt_stack( 8588): [VERBOSE1:btm_ble_gap.cc(1847)] btm_ble_process_adv_addr: bda=36:c9:49:a0:b6:9d
09-01 14:30:38.613 D/BluetoothUtils( 8588): blockedByLocationOff callingUid=1002
09-01 14:30:38.613 I/BluetoothUtils( 8588): packagename is android.uid.bluetooth:1002 ,and its permission is false
09-01 14:30:38.614 D/BluetoothUtils( 8588): blockedByLocationOff callingUid=1002
09-01 14:30:38.614 I/BluetoothUtils( 8588): packagename is android.uid.bluetooth:1002 ,and its permission is false
09-01 14:30:38.614 D/BluetoothUtils( 8588): blockedByLocationOff callingUid=1002
09-01 14:30:38.614 I/BluetoothUtils( 8588): packagename is android.uid.bluetooth:1002 ,and its permission is false
09-01 14:30:38.615 D/BluetoothUtils( 8588): blockedByLocationOff callingUid=1002
09-01 14:30:38.615 I/BluetoothUtils( 8588): packagename is android.uid.bluetooth:1002 ,and its permission is false
09-01 14:30:38.615 D/BluetoothUtils( 8588): blockedByLocationOff callingUid=1002
09-01 14:30:38.615 I/BluetoothUtils( 8588): packagename is android.uid.bluetooth:1002 ,and its permission is false
09-01 14:30:38.616 D/BluetoothUtils( 8588): blockedByLocationOff callingUid=1002
09-01 14:30:38.616 I/BluetoothUtils( 8588): packagename is android.uid.bluetooth:1002 ,and its permission is false
09-01 14:30:38.619 V/bt_stack( 8588): [VERBOSE1:btm_ble_gap.cc(1923)] btm_ble_process_ext_adv_pkt: bda=2a:1b:52:ac:62:5d
09-01 14:30:38.620 V/bt_stack( 8588): [VERBOSE1:btm_ble_gap.cc(1847)] btm_ble_process_adv_addr: bda=2a:1b:52:ac:62:5d
09-01 14:30:38.621 D/BluetoothUtils( 8588): blockedByLocationOff callingUid=1002
09-01 14:30:38.621 I/BluetoothUtils( 8588): packagename is android.uid.bluetooth:1002 ,and its permission is false
09-01 14:30:38.621 D/BluetoothUtils( 8588): blockedByLocationOff callingUid=1002
09-01 14:30:38.621 I/BluetoothUtils( 8588): packagename is android.uid.bluetooth:1002 ,and its permission is false
09-01 14:30:38.621 D/BluetoothUtils( 8588): blockedByLocationOff callingUid=1002
09-01 14:30:38.622 I/BluetoothUtils( 8588): packagename is android.uid.bluetooth:1002 ,and its permission is false
09-01 14:30:38.629 V/bt_stack( 8588): [VERBOSE1:gatt_main.cc(1079)] gatt_get_ch_state: ch_state=4
09-01 14:30:38.629 I/bt_stack( 8588): [INFO:gatt_main.cc(912)] gatt_data_process op_code = 27, msg_len = 9
09-01 14:30:38.629 V/bt_stack( 8588): [VERBOSE1:gatt_cl.cc(620)] gatt_process_notification
09-01 14:30:38.629 V/bt_stack( 8588): [VERBOSE1:gatt_auth.cc(364)] gatt_get_link_encrypt_status status=0x8e
09-01 14:30:38.629 V/bt_stack( 8588): [VERBOSE1:bta_gattc_act.cc(1309)] bta_gattc_cmpl_cback: conn_id:3 op:6 status:142
09-01 14:30:38.629 V/bt_stack( 8588): [VERBOSE1:gatt_api.cc(1276)] GATT_GetConnectionInfor conn_id=0x0003
09-01 14:30:38.630 V/bt_stack( 8588): [VERBOSE1:bta_gattc_act.cc(1309)] bta_gattc_cmpl_cback: conn_id:4 op:6 status:142
09-01 14:30:38.630 V/bt_stack( 8588): [VERBOSE1:gatt_api.cc(1276)] GATT_GetConnectionInfor conn_id=0x0004
09-01 14:30:38.630 E/bt_btif ( 8588): bta_gattc_process_indicate, ignore HID ind/notificiation
09-01 14:30:38.630 V/bt_stack( 8588): [VERBOSE1:bta_gattc_act.cc(1309)] bta_gattc_cmpl_cback: conn_id:5 op:6 status:142
09-01 14:30:38.630 V/bt_stack( 8588): [VERBOSE1:gatt_api.cc(1276)] GATT_GetConnectionInfor conn_id=0x0005
09-01 14:30:38.630 V/bt_stack( 8588): [VERBOSE1:bta_gattc_act.cc(1309)] bta_gattc_cmpl_cback: conn_id:6 op:6 status:142
09-01 14:30:38.630 V/bt_stack( 8588): [VERBOSE1:gatt_api.cc(1276)] GATT_GetConnectionInfor conn_id=0x0006
09-01 14:30:38.630 V/bt_stack( 8588): [VERBOSE1:bta_gattc_act.cc(1309)] bta_gattc_cmpl_cback: conn_id:7 op:6 status:142
09-01 14:30:38.630 V/bt_stack( 8588): [VERBOSE1:gatt_api.cc(1276)] GATT_GetConnectionInfor conn_id=0x0007
09-01 14:30:38.630 V/bt_stack( 8588): [VERBOSE1:bta_gattc_act.cc(1309)] bta_gattc_cmpl_cback: conn_id:8 op:6 status:142
09-01 14:30:38.630 V/bt_stack( 8588): [VERBOSE1:gatt_api.cc(1276)] GATT_GetConnectionInfor conn_id=0x0008
09-01 14:30:38.630 V/bt_stack( 8588): [VERBOSE1:bta_gattc_utils.cc(346)] Notification registered!
09-01 14:30:38.630 V/bt_stack( 8588): [VERBOSE1:bta_gattc_act.cc(1212)] bta_gattc_proc_other_indication: check p_data->att_value.handle=80 p_data->handle=0
09-01 14:30:38.630 V/bt_stack( 8588): [VERBOSE1:bta_gattc_act.cc(1216)] is_notify0
09-01 14:30:38.630 V/bt_stack( 8588): [VERBOSE1:bta_gattc_act.cc(1309)] bta_gattc_cmpl_cback: conn_id:9 op:6 status:142
09-01 14:30:38.630 V/bt_stack( 8588): [VERBOSE1:gatt_api.cc(1276)] GATT_GetConnectionInfor conn_id=0x0009
09-01 14:30:38.630 V/bt_stack( 8588): [VERBOSE1:bta_gattc_act.cc(1309)] bta_gattc_cmpl_cback: conn_id:10 op:6 status:142
09-01 14:30:38.630 V/bt_stack( 8588): [VERBOSE1:gatt_api.cc(1276)] GATT_GetConnectionInfor conn_id=0x000a
09-01 14:30:38.630 V/bt_stack( 8588): [VERBOSE1:bta_gattc_act.cc(1309)] bta_gattc_cmpl_cback: conn_id:11 op:6 status:142
09-01 14:30:38.630 V/bt_stack( 8588): [VERBOSE1:gatt_api.cc(1276)] GATT_GetConnectionInfor conn_id=0x000b
09-01 14:30:38.630 V/bt_stack( 8588): [VERBOSE1:bta_gattc_act.cc(1309)] bta_gattc_cmpl_cback: conn_id:12 op:6 status:142
09-01 14:30:38.630 V/bt_stack( 8588): [VERBOSE1:gatt_api.cc(1276)] GATT_GetConnectionInfor conn_id=0x000c
09-01 14:30:38.630 V/bt_stack( 8588): [VERBOSE1:bta_gattc_act.cc(1309)] bta_gattc_cmpl_cback: conn_id:13 op:6 status:142
09-01 14:30:38.630 V/bt_stack( 8588): [VERBOSE1:gatt_api.cc(1276)] GATT_GetConnectionInfor conn_id=0x000d
09-01 14:30:38.630 V/bt_stack( 8588): [VERBOSE1:bta_gattc_act.cc(1309)] bta_gattc_cmpl_cback: conn_id:14 op:6 status:142
09-01 14:30:38.630 V/bt_stack( 8588): [VERBOSE1:gatt_api.cc(1276)] GATT_GetConnectionInfor conn_id=0x000e
09-01 14:30:38.630 V/bt_stack( 8588): [VERBOSE1:bta_gattc_act.cc(1309)] bta_gattc_cmpl_cback: conn_id:15 op:6 status:142
09-01 14:30:38.631 V/bt_stack( 8588): [VERBOSE1:gatt_api.cc(1276)] GATT_GetConnectionInfor conn_id=0x000f
09-01 14:30:38.631 V/bt_stack( 8588): [VERBOSE1:bta_gattc_act.cc(1309)] bta_gattc_cmpl_cback: conn_id:16 op:6 status:142
09-01 14:30:38.631 V/bt_stack( 8588): [VERBOSE1:gatt_api.cc(1276)] GATT_GetConnectionInfor conn_id=0x0010
09-01 14:30:38.631 V/bt_stack( 8588): [VERBOSE1:bta_gattc_act.cc(1309)] bta_gattc_cmpl_cback: conn_id:17 op:6 status:142
09-01 14:30:38.631 V/bt_stack( 8588): [VERBOSE1:gatt_api.cc(1276)] GATT_GetConnectionInfor conn_id=0x0011
09-01 14:30:38.633 V/bt_stack( 8588): [VERBOSE1:btm_ble_gap.cc(1923)] btm_ble_process_ext_adv_pkt: bda=56:e4:da:79:d5:88
09-01 14:30:38.633 V/bt_stack( 8588): [VERBOSE1:btm_ble_gap.cc(1847)] btm_ble_process_adv_addr: bda=56:e4:da:79:d5:88
09-01 14:30:38.633 V/bt_stack( 8588): [VERBOSE1:btm_ble_gap.cc(2052)]  Waiting for scan response 56:e4:da:79:d5:88
09-01 14:30:38.633 V/bt_stack( 8588): [VERBOSE1:btm_ble_gap.cc(1923)] btm_ble_process_ext_adv_pkt: bda=56:e4:da:79:d5:88
09-01 14:30:38.633 V/bt_stack( 8588): [VERBOSE1:btm_ble_gap.cc(1847)] btm_ble_process_adv_addr: bda=56:e4:da:79:d5:88
09-01 14:30:38.634 D/BluetoothUtils( 8588): blockedByLocationOff callingUid=1002
09-01 14:30:38.635 I/BluetoothUtils( 8588): packagename is android.uid.bluetooth:1002 ,and its permission is false
09-01 14:30:38.635 D/BluetoothUtils( 8588): blockedByLocationOff callingUid=1002
09-01 14:30:38.635 I/BluetoothUtils( 8588): packagename is android.uid.bluetooth:1002 ,and its permission is false
09-01 14:30:38.635 D/BluetoothUtils( 8588): blockedByLocationOff callingUid=1002
09-01 14:30:38.635 I/BluetoothUtils( 8588): packagename is android.uid.bluetooth:1002 ,and its permission is false
09-01 14:30:38.635 V/bt_stack( 8588): [VERBOSE1:bta_gattc_main.cc(361)] bta_gattc_hdl_event: Event:BTA_GATTC_API_WRITE_EVT
09-01 14:30:38.635 V/bt_stack( 8588): [VERBOSE1:bta_gattc_main.cc(305)] bta_gattc_sm_execute: State 0x02 [GATTC_CONN_ST], Event 0x1f05[BTA_GATTC_API_WRITE_EVT]
09-01 14:30:38.636 V/bt_stack( 8588): [VERBOSE1:gatt_utils.cc(1191)] gatt_end_operation status=0 op=3 subtype=1
09-01 14:30:38.636 V/bt_stack( 8588): [VERBOSE1:bta_gattc_act.cc(1309)] bta_gattc_cmpl_cback: conn_id:8 op:3 status:0
09-01 14:30:38.636 V/bt_stack( 8588): [VERBOSE1:bta_gattc_main.cc(341)] bta_gattc_sm_execute: GATTC State Change: 0x02 -> 0x02 after Event 0x1f05
09-01 14:30:38.636 V/bt_stack( 8588): [VERBOSE1:bta_gattc_main.cc(361)] bta_gattc_hdl_event: Event:BTA_GATTC_OP_CMPL_EVT
09-01 14:30:38.636 V/bt_stack( 8588): [VERBOSE1:bta_gattc_main.cc(305)] bta_gattc_sm_execute: State 0x02 [GATTC_CONN_ST], Event 0x1f0f[BTA_GATTC_OP_CMPL_EVT]
09-01 14:30:38.636 V/bt_stack( 8588): [VERBOSE1:bta_gattc_act.cc(936)] bta_gattc_op_cmpl: op:3
09-01 14:30:38.636 V/bt_stack( 8588): [VERBOSE1:bta_gattc_main.cc(341)] bta_gattc_sm_execute: GATTC State Change: 0x02 -> 0x02 after Event 0x1f0f
09-01 14:30:38.647 V/bt_stack( 8588): [VERBOSE1:btm_ble_gap.cc(1923)] btm_ble_process_ext_adv_pkt: bda=06:fa:50:9b:39:c0
09-01 14:30:38.647 V/bt_stack( 8588): [VERBOSE1:btm_ble_gap.cc(1847)] btm_ble_process_adv_addr: bda=06:fa:50:9b:39:c0
09-01 14:30:38.648 D/BluetoothUtils( 8588): blockedByLocationOff callingUid=1002
09-01 14:30:38.648 I/BluetoothUtils( 8588): packagename is android.uid.bluetooth:1002 ,and its permission is false
09-01 14:30:38.649 D/BluetoothUtils( 8588): blockedByLocationOff callingUid=1002
09-01 14:30:38.649 I/BluetoothUtils( 8588): packagename is android.uid.bluetooth:1002 ,and its permission is false
09-01 14:30:38.649 D/BluetoothUtils( 8588): blockedByLocationOff callingUid=1002
09-01 14:30:38.649 I/BluetoothUtils( 8588): packagename is android.uid.bluetooth:1002 ,and its permission is false
09-01 14:30:38.659 V/bt_stack( 8588): [VERBOSE1:gatt_main.cc(1079)] gatt_get_ch_state: ch_state=4
09-01 14:30:38.659 I/bt_stack( 8588): [INFO:gatt_main.cc(912)] gatt_data_process op_code = 27, msg_len = 9
09-01 14:30:38.659 V/bt_stack( 8588): [VERBOSE1:gatt_cl.cc(620)] gatt_process_notification
09-01 14:30:38.659 V/bt_stack( 8588): [VERBOSE1:gatt_auth.cc(364)] gatt_get_link_encrypt_status status=0x8e
09-01 14:30:38.659 V/bt_stack( 8588): [VERBOSE1:bta_gattc_act.cc(1309)] bta_gattc_cmpl_cback: conn_id:3 op:6 status:142
