09-01 14:30:37.296 I/appium  ( 8119): Find element command using 'id' with selector 'common_title_center_top_text'.
09-01 14:30:37.296 I/appium  ( 8119): Waiting up to 10000ms for device to be idle
09-01 14:30:37.297 I/vendor.qti.bluetooth@1.0-ibs_handler(19843): ProcessIbsCmd: Received IBS_SLEEP_IND: 0xFE
09-01 14:30:37.309 D/WindowManager( 1639): Input focus has changed to Window{ce7ba6b u0 com.xiaomi.hm.health/com.huami.fittime.ui.diary.detail.DiaryDetailActivity}
09-01 14:30:37.315 I/vendor.qti.bluetooth@1.0-ibs_handler(19843): ProcessIbsCmd: Received IBS_WAKE_IND: 0xFD
09-01 14:30:37.315 I/vendor.qti.bluetooth@1.0-ibs_handler(19843): ProcessIbsCmd: Writing IBS_WAKE_ACK
09-01 14:30:37.316 V/bt_stack( 8588): [VERBOSE1:btm_ble_gap.cc(1923)] btm_ble_process_ext_adv_pkt: bda=17:be:83:99:5a:17
09-01 14:30:37.316 V/bt_stack( 8588): [VERBOSE1:btm_ble_gap.cc(1847)] btm_ble_process_adv_addr: bda=17:be:83:99:5a:17
09-01 14:30:37.317 D/BluetoothUtils( 8588): blockedByLocationOff callingUid=1002
09-01 14:30:37.317 I/BluetoothUtils( 8588): packagename is android.uid.bluetooth:1002 ,and its permission is false
09-01 14:30:37.317 D/RecentsImpl( 7676): mActivityStateObserver com.huami.fittime.ui.diary.detail.DiaryDetailActivity
09-01 14:30:37.317 D/BluetoothUtils( 8588): blockedByLocationOff callingUid=1002
09-01 14:30:37.318 I/BluetoothUtils( 8588): packagename is android.uid.bluetooth:1002 ,and its permission is false
09-01 14:30:37.318 D/BluetoothUtils( 8588): blockedByLocationOff callingUid=1002
09-01 14:30:37.318 I/BluetoothUtils( 8588): packagename is android.uid.bluetooth:1002 ,and its permission is false
09-01 14:30:37.319 V/bt_stack( 8588): [VERBOSE1:btm_ble_gap.cc(1923)] btm_ble_process_ext_adv_pkt: bda=11:82:f5:89:45:91
09-01 14:30:37.319 V/bt_stack( 8588): [VERBOSE1:btm_ble_gap.cc(1847)] btm_ble_process_adv_addr: bda=11:82:f5:89:45:91
09-01 14:30:37.321 D/BluetoothUtils( 8588): blockedByLocationOff callingUid=1002
09-01 14:30:37.321 I/BluetoothUtils( 8588): packagename is android.uid.bluetooth:1002 ,and its permission is false
09-01 14:30:37.321 D/BluetoothUtils( 8588): blockedByLocationOff callingUid=1002
09-01 14:30:37.321 W/AsyncHttpResponse( 8179): Current thread has not called Looper.prepare().Forcing synchronous mode
09-01 14:30:37.323 I/BluetoothUtils( 8588): packagename is android.uid.bluetooth:1002 ,and its permission is false
09-01 14:30:37.323 D/BluetoothUtils( 8588): blockedByLocationOff callingUid=1002
09-01 14:30:37.323 I/BluetoothUtils( 8588): packagename is android.uid.bluetooth:1002 ,and its permission is false
09-01 14:30:37.323 I/Timeline( 1639): Timeline: App_transition_ready time:211403340
09-01 14:30:37.324 W/AsyncHttpResponse( 8179): Current thread has not called Looper.prepare().Forcing synchronous mode
09-01 14:30:37.324 I/Timeline( 1639): Timeline: App_transition_ready time:211403341
09-01 14:30:37.333 V/bt_stack( 8588): [VERBOSE1:btm_ble_gap.cc(1923)] btm_ble_process_ext_adv_pkt: bda=56:e4:da:79:d5:88
09-01 14:30:37.333 V/bt_stack( 8588): [VERBOSE1:btm_ble_gap.cc(1847)] btm_ble_process_adv_addr: bda=56:e4:da:79:d5:88
09-01 14:30:37.333 V/bt_stack( 8588): [VERBOSE1:btm_ble_gap.cc(2052)]  Waiting for scan response 56:e4:da:79:d5:88
09-01 14:30:37.333 V/bt_stack( 8588): [VERBOSE1:btm_ble_gap.cc(1923)] btm_ble_process_ext_adv_pkt: bda=56:e4:da:79:d5:88
09-01 14:30:37.333 V/bt_stack( 8588): [VERBOSE1:btm_ble_gap.cc(1847)] btm_ble_process_adv_addr: bda=56:e4:da:79:d5:88
09-01 14:30:37.334 I/Timeline( 1639): Timeline: App_transition_ready time:211403350
09-01 14:30:37.334 D/BluetoothUtils( 8588): blockedByLocationOff callingUid=1002
09-01 14:30:37.334 I/BluetoothUtils( 8588): packagename is android.uid.bluetooth:1002 ,and its permission is false
09-01 14:30:37.334 D/BluetoothUtils( 8588): blockedByLocationOff callingUid=1002
09-01 14:30:37.335 I/BluetoothUtils( 8588): packagename is android.uid.bluetooth:1002 ,and its permission is false
09-01 14:30:37.335 D/BluetoothUtils( 8588): blockedByLocationOff callingUid=1002
09-01 14:30:37.335 I/BluetoothUtils( 8588): packagename is android.uid.bluetooth:1002 ,and its permission is false
09-01 14:30:37.342 V/bt_stack( 8588): [VERBOSE1:btm_ble_gap.cc(1923)] btm_ble_process_ext_adv_pkt: bda=65:4b:eb:fb:21:09
09-01 14:30:37.342 V/bt_stack( 8588): [VERBOSE1:btm_ble_gap.cc(1847)] btm_ble_process_adv_addr: bda=65:4b:eb:fb:21:09
09-01 14:30:37.343 D/BluetoothUtils( 8588): blockedByLocationOff callingUid=1002
09-01 14:30:37.343 I/BluetoothUtils( 8588): packagename is android.uid.bluetooth:1002 ,and its permission is false
09-01 14:30:37.343 D/BluetoothUtils( 8588): blockedByLocationOff callingUid=1002
09-01 14:30:37.343 I/BluetoothUtils( 8588): packagename is android.uid.bluetooth:1002 ,and its permission is false
09-01 14:30:37.344 D/BluetoothUtils( 8588): blockedByLocationOff callingUid=1002
09-01 14:30:37.344 I/BluetoothUtils( 8588): packagename is android.uid.bluetooth:1002 ,and its permission is false
09-01 14:30:37.345 I/Timeline( 1639): Timeline: App_transition_ready time:211403362
09-01 14:30:37.349 V/bt_stack( 8588): [VERBOSE1:btm_ble_gap.cc(1923)] btm_ble_process_ext_adv_pkt: bda=53:20:ff:cd:6c:a4
09-01 14:30:37.349 V/bt_stack( 8588): [VERBOSE1:btm_ble_gap.cc(1847)] btm_ble_process_adv_addr: bda=53:20:ff:cd:6c:a4
09-01 14:30:37.349 V/bt_stack( 8588): [VERBOSE1:btm_ble_gap.cc(2052)]  Waiting for scan response 53:20:ff:cd:6c:a4
09-01 14:30:37.349 V/bt_stack( 8588): [VERBOSE1:btm_ble_gap.cc(1923)] btm_ble_process_ext_adv_pkt: bda=36:c9:49:a0:b6:9d
09-01 14:30:37.349 V/bt_stack( 8588): [VERBOSE1:btm_ble_gap.cc(1847)] btm_ble_process_adv_addr: bda=36:c9:49:a0:b6:9d
09-01 14:30:37.350 D/BluetoothUtils( 8588): blockedByLocationOff callingUid=1002
09-01 14:30:37.350 I/BluetoothUtils( 8588): packagename is android.uid.bluetooth:1002 ,and its permission is false
09-01 14:30:37.350 D/BluetoothUtils( 8588): blockedByLocationOff callingUid=1002
09-01 14:30:37.350 I/BluetoothUtils( 8588): packagename is android.uid.bluetooth:1002 ,and its permission is false
09-01 14:30:37.350 D/BluetoothUtils( 8588): blockedByLocationOff callingUid=1002
09-01 14:30:37.351 I/BluetoothUtils( 8588): packagename is android.uid.bluetooth:1002 ,and its permission is false
09-01 14:30:37.351 I/Timeline( 1639): Timeline: App_transition_ready time:211403368
09-01 14:30:37.359 I/ActivityTaskManager( 1639): Displayed com.xiaomi.hm.health/com.huami.fittime.ui.diary.detail.DiaryDetailActivity: +118ms
09-01 14:30:37.362 W/RecentsModel( 7676): onTaskStackChangedBackground: start loading
09-01 14:30:37.363 W/RecentsModel( 7676): getTaskInfoIgnoreHomeAndSplit   taskInfo=ComponentInfo{com.xiaomi.hm.health/com.xiaomi.hm.health.activity.MainTabActivity}
09-01 14:30:37.363 I/SplashScreenServiceDelegate( 1639): None for com.xiaomi.hm.health
09-01 14:30:37.366 V/bt_stack( 8588): [VERBOSE1:btm_ble_gap.cc(1923)] btm_ble_process_ext_adv_pkt: bda=0a:29:89:b7:c8:4a
09-01 14:30:37.366 W/RecentsModel( 7676): getTaskInfoIgnoreHomeAndFreeform   taskInfo=ComponentInfo{com.xiaomi.hm.health/com.xiaomi.hm.health.activity.MainTabActivity}
09-01 14:30:37.366 V/bt_stack( 8588): [VERBOSE1:btm_ble_gap.cc(1847)] btm_ble_process_adv_addr: bda=0a:29:89:b7:c8:4a
09-01 14:30:37.366 D/BluetoothUtils( 8588): blockedByLocationOff callingUid=1002
09-01 14:30:37.367 W/RecentsModel( 7676): getTaskInfoIgnoreFreeform   taskInfo=ComponentInfo{com.xiaomi.hm.health/com.xiaomi.hm.health.activity.MainTabActivity}
09-01 14:30:37.367 I/BluetoothUtils( 8588): packagename is android.uid.bluetooth:1002 ,and its permission is false
09-01 14:30:37.367 W/RecentsModel( 7676): onTaskStackChangedBackground: finishLoading loading
09-01 14:30:37.367 D/BluetoothUtils( 8588): blockedByLocationOff callingUid=1002
09-01 14:30:37.367 I/BluetoothUtils( 8588): packagename is android.uid.bluetooth:1002 ,and its permission is false
09-01 14:30:37.367 D/BluetoothUtils( 8588): blockedByLocationOff callingUid=1002
09-01 14:30:37.367 I/BluetoothUtils( 8588): packagename is android.uid.bluetooth:1002 ,and its permission is false
09-01 14:30:37.377 V/bt_stack( 8588): [VERBOSE1:btm_ble_gap.cc(1923)] btm_ble_process_ext_adv_pkt: bda=07:e4:7f:b4:5f:d9
09-01 14:30:37.377 V/bt_stack( 8588): [VERBOSE1:btm_ble_gap.cc(1847)] btm_ble_process_adv_addr: bda=07:e4:7f:b4:5f:d9
09-01 14:30:37.378 D/BluetoothUtils( 8588): blockedByLocationOff callingUid=1002
09-01 14:30:37.378 I/BluetoothUtils( 8588): packagename is android.uid.bluetooth:1002 ,and its permission is false
09-01 14:30:37.379 D/BluetoothUtils( 8588): blockedByLocationOff callingUid=1002
09-01 14:30:37.379 I/BluetoothUtils( 8588): packagename is android.uid.bluetooth:1002 ,and its permission is false
09-01 14:30:37.379 D/BluetoothUtils( 8588): blockedByLocationOff callingUid=1002
09-01 14:30:37.379 I/BluetoothUtils( 8588): packagename is android.uid.bluetooth:1002 ,and its permission is false
09-01 14:30:37.381 V/bt_stack( 8588): [VERBOSE1:btm_ble_gap.cc(1923)] btm_ble_process_ext_adv_pkt: bda=2a:1b:52:ac:62:5d
09-01 14:30:37.381 V/bt_stack( 8588): [VERBOSE1:btm_ble_gap.cc(1847)] btm_ble_process_adv_addr: bda=2a:1b:52:ac:62:5d
09-01 14:30:37.381 D/BluetoothUtils( 8588): blockedByLocationOff callingUid=1002
09-01 14:30:37.382 I/BluetoothUtils( 8588): packagename is android.uid.bluetooth:1002 ,and its permission is false
09-01 14:30:37.382 D/BluetoothUtils( 8588): blockedByLocationOff callingUid=1002
09-01 14:30:37.382 I/BluetoothUtils( 8588): packagename is android.uid.bluetooth:1002 ,and its permission is false
09-01 14:30:37.382 D/BluetoothUtils( 8588): blockedByLocationOff callingUid=1002
09-01 14:30:37.382 I/BluetoothUtils( 8588): packagename is android.uid.bluetooth:1002 ,and its permission is false
09-01 14:30:37.389 V/bt_stack( 8588): [VERBOSE1:btm_ble_gap.cc(1923)] btm_ble_process_ext_adv_pkt: bda=06:fa:50:9b:39:c0
09-01 14:30:37.389 V/bt_stack( 8588): [VERBOSE1:btm_ble_gap.cc(1847)] btm_ble_process_adv_addr: bda=06:fa:50:9b:39:c0
09-01 14:30:37.390 V/bt_stack( 8588): [VERBOSE1:btm_ble_gap.cc(1923)] btm_ble_process_ext_adv_pkt: bda=0c:1a:06:0e:96:57
09-01 14:30:37.390 V/bt_stack( 8588): [VERBOSE1:btm_ble_gap.cc(1847)] btm_ble_process_adv_addr: bda=0c:1a:06:0e:96:57
09-01 14:30:37.390 D/BluetoothUtils( 8588): blockedByLocationOff callingUid=1002
09-01 14:30:37.390 I/BluetoothUtils( 8588): packagename is android.uid.bluetooth:1002 ,and its permission is false
09-01 14:30:37.391 D/BluetoothUtils( 8588): blockedByLocationOff callingUid=1002
09-01 14:30:37.391 I/BluetoothUtils( 8588): packagename is android.uid.bluetooth:1002 ,and its permission is false
09-01 14:30:37.391 D/BluetoothUtils( 8588): blockedByLocationOff callingUid=1002
09-01 14:30:37.391 I/BluetoothUtils( 8588): packagename is android.uid.bluetooth:1002 ,and its permission is false
09-01 14:30:37.392 D/BluetoothUtils( 8588): blockedByLocationOff callingUid=1002
09-01 14:30:37.392 I/BluetoothUtils( 8588): packagename is android.uid.bluetooth:1002 ,and its permission is false
09-01 14:30:37.392 V/bt_stack( 8588): [VERBOSE1:btm_ble_gap.cc(1923)] btm_ble_process_ext_adv_pkt: bda=19:30:6d:c4:b5:5b
09-01 14:30:37.392 V/bt_stack( 8588): [VERBOSE1:btm_ble_gap.cc(1847)] btm_ble_process_adv_addr: bda=19:30:6d:c4:b5:5b
09-01 14:30:37.392 D/BluetoothUtils( 8588): blockedByLocationOff callingUid=1002
09-01 14:30:37.392 I/BluetoothUtils( 8588): packagename is android.uid.bluetooth:1002 ,and its permission is false
09-01 14:30:37.392 D/BluetoothUtils( 8588): blockedByLocationOff callingUid=1002
09-01 14:30:37.393 I/BluetoothUtils( 8588): packagename is android.uid.bluetooth:1002 ,and its permission is false
09-01 14:30:37.393 V/AsyncHttpResponse( 8179): Progress 12 from 12 (100%)
09-01 14:30:37.393 D/BluetoothUtils( 8588): blockedByLocationOff callingUid=1002
09-01 14:30:37.393 V/bt_stack( 8588): [VERBOSE1:btm_ble_gap.cc(1923)] btm_ble_process_ext_adv_pkt: bda=11:f0:0b:88:34:0c
09-01 14:30:37.393 V/AsyncHttpResponse( 8179): Progress 866 from 866 (100%)
09-01 14:30:37.393 V/bt_stack( 8588): [VERBOSE1:btm_ble_gap.cc(1847)] btm_ble_process_adv_addr: bda=11:f0:0b:88:34:0c
09-01 14:30:37.394 I/BluetoothUtils( 8588): packagename is android.uid.bluetooth:1002 ,and its permission is false
09-01 14:30:37.394 D/BluetoothUtils( 8588): blockedByLocationOff callingUid=1002
09-01 14:30:37.394 I/BluetoothUtils( 8588): packagename is android.uid.bluetooth:1002 ,and its permission is false
09-01 14:30:37.394 D/BluetoothUtils( 8588): blockedByLocationOff callingUid=1002
09-01 14:30:37.394 I/BluetoothUtils( 8588): packagename is android.uid.bluetooth:1002 ,and its permission is false
09-01 14:30:37.395 D/BluetoothUtils( 8588): blockedByLocationOff callingUid=1002
09-01 14:30:37.395 I/BluetoothUtils( 8588): packagename is android.uid.bluetooth:1002 ,and its permission is false
09-01 14:30:37.395 D/BluetoothUtils( 8588): blockedByLocationOff callingUid=1002
09-01 14:30:37.395 I/BluetoothUtils( 8588): packagename is android.uid.bluetooth:1002 ,and its permission is false
09-01 14:30:37.395 D/BluetoothUtils( 8588): blockedByLocationOff callingUid=1002
09-01 14:30:37.396 I/BluetoothUtils( 8588): packagename is android.uid.bluetooth:1002 ,and its permission is false
09-01 14:30:37.397 V/bt_stack( 8588): [VERBOSE1:btm_ble_gap.cc(1923)] btm_ble_process_ext_adv_pkt: bda=17:7e:29:ab:4e:d0
09-01 14:30:37.397 V/bt_stack( 8588): [VERBOSE1:btm_ble_gap.cc(1847)] btm_ble_process_adv_addr: bda=17:7e:29:ab:4e:d0
09-01 14:30:37.398 D/BluetoothUtils( 8588): blockedByLocationOff callingUid=1002
09-01 14:30:37.398 I/BluetoothUtils( 8588): packagename is android.uid.bluetooth:1002 ,and its permission is false
09-01 14:30:37.398 D/BluetoothUtils( 8588): blockedByLocationOff callingUid=1002
09-01 14:30:37.398 I/BluetoothUtils( 8588): packagename is android.uid.bluetooth:1002 ,and its permission is false
09-01 14:30:37.398 D/BluetoothUtils( 8588): blockedByLocationOff callingUid=1002
09-01 14:30:37.399 I/BluetoothUtils( 8588): packagename is android.uid.bluetooth:1002 ,and its permission is false
09-01 14:30:37.400 V/bt_stack( 8588): [VERBOSE1:btm_ble_gap.cc(1923)] btm_ble_process_ext_adv_pkt: bda=21:49:00:85:03:0b
09-01 14:30:37.400 V/bt_stack( 8588): [VERBOSE1:btm_ble_gap.cc(1847)] btm_ble_process_adv_addr: bda=21:49:00:85:03:0b
09-01 14:30:37.401 D/BluetoothUtils( 8588): blockedByLocationOff callingUid=1002
09-01 14:30:37.401 I/BluetoothUtils( 8588): packagename is android.uid.bluetooth:1002 ,and its permission is false
09-01 14:30:37.402 D/BluetoothUtils( 8588): blockedByLocationOff callingUid=1002
09-01 14:30:37.402 I/BluetoothUtils( 8588): packagename is android.uid.bluetooth:1002 ,and its permission is false
09-01 14:30:37.402 D/BluetoothUtils( 8588): blockedByLocationOff callingUid=1002
09-01 14:30:37.402 I/BluetoothUtils( 8588): packagename is android.uid.bluetooth:1002 ,and its permission is false
09-01 14:30:37.405 V/bt_stack( 8588): [VERBOSE1:btm_ble_gap.cc(1923)] btm_ble_process_ext_adv_pkt: bda=66:3e:07:e0:2b:d4
09-01 14:30:37.405 V/bt_stack( 8588): [VERBOSE1:btm_ble_gap.cc(1847)] btm_ble_process_adv_addr: bda=66:3e:07:e0:2b:d4
09-01 14:30:37.405 V/bt_stack( 8588): [VERBOSE1:btm_ble_gap.cc(2052)]  Waiting for scan response 66:3e:07:e0:2b:d4
09-01 14:30:37.405 V/bt_stack( 8588): [VERBOSE1:btm_ble_gap.cc(1923)] btm_ble_process_ext_adv_pkt: bda=66:3e:07:e0:2b:d4
09-01 14:30:37.405 V/bt_stack( 8588): [VERBOSE1:btm_ble_gap.cc(1847)] btm_ble_process_adv_addr: bda=66:3e:07:e0:2b:d4
09-01 14:30:37.406 D/BluetoothUtils( 8588): blockedByLocationOff callingUid=1002
09-01 14:30:37.406 I/BluetoothUtils( 8588): packagename is android.uid.bluetooth:1002 ,and its permission is false
09-01 14:30:37.406 D/BluetoothUtils( 8588): blockedByLocationOff callingUid=1002
09-01 14:30:37.406 I/BluetoothUtils( 8588): packagename is android.uid.bluetooth:1002 ,and its permission is false
09-01 14:30:37.406 D/BluetoothUtils( 8588): blockedByLocationOff callingUid=1002
09-01 14:30:37.407 I/BluetoothUtils( 8588): packagename is android.uid.bluetooth:1002 ,and its permission is false
09-01 14:30:37.411 D/WindowManager( 1639): Input focus has changed to Window{2c1ea61 u0 com.xiaomi.hm.health/com.huami.fittime.ui.diary.detail.DiaryDetailActivity}
09-01 14:30:37.412 V/bt_stack( 8588): [VERBOSE1:btm_ble_gap.cc(1923)] btm_ble_process_ext_adv_pkt: bda=66:db:a5:b4:54:91
09-01 14:30:37.412 V/bt_stack( 8588): [VERBOSE1:btm_ble_gap.cc(1847)] btm_ble_process_adv_addr: bda=66:db:a5:b4:54:91
09-01 14:30:37.412 V/bt_stack( 8588): [VERBOSE1:btm_ble_gap.cc(2052)]  Waiting for scan response 66:db:a5:b4:54:91
09-01 14:30:37.412 V/bt_stack( 8588): [VERBOSE1:btm_ble_gap.cc(1923)] btm_ble_process_ext_adv_pkt: bda=66:db:a5:b4:54:91
09-01 14:30:37.412 V/bt_stack( 8588): [VERBOSE1:btm_ble_gap.cc(1847)] btm_ble_process_adv_addr: bda=66:db:a5:b4:54:91
09-01 14:30:37.413 D/BluetoothUtils( 8588): blockedByLocationOff callingUid=1002
09-01 14:30:37.413 I/BluetoothUtils( 8588): packagename is android.uid.bluetooth:1002 ,and its permission is false
09-01 14:30:37.413 D/BluetoothUtils( 8588): blockedByLocationOff callingUid=1002
09-01 14:30:37.414 I/BluetoothUtils( 8588): packagename is android.uid.bluetooth:1002 ,and its permission is false
09-01 14:30:37.414 D/BluetoothUtils( 8588): blockedByLocationOff callingUid=1002
09-01 14:30:37.414 I/BluetoothUtils( 8588): packagename is android.uid.bluetooth:1002 ,and its permission is false
09-01 14:30:37.418 V/bt_stack( 8588): [VERBOSE1:btm_ble_gap.cc(1923)] btm_ble_process_ext_adv_pkt: bda=00:b8:42:bc:b8:71
09-01 14:30:37.418 V/bt_stack( 8588): [VERBOSE1:btm_ble_gap.cc(1847)] btm_ble_process_adv_addr: bda=00:b8:42:bc:b8:71
09-01 14:30:37.419 D/BluetoothUtils( 8588): blockedByLocationOff callingUid=1002
09-01 14:30:37.421 E/InputDispatcher( 1639): Window handle Window{ce7ba6b u0 com.xiaomi.hm.health/com.huami.fittime.ui.diary.detail.DiaryDetailActivity} has no registered input channel
09-01 14:30:37.421 I/BluetoothUtils( 8588): packagename is android.uid.bluetooth:1002 ,and its permission is false
09-01 14:30:37.421 D/BluetoothUtils( 8588): blockedByLocationOff callingUid=1002
09-01 14:30:37.422 I/BluetoothUtils( 8588): packagename is android.uid.bluetooth:1002 ,and its permission is false
09-01 14:30:37.422 D/BluetoothUtils( 8588): blockedByLocationOff callingUid=1002
09-01 14:30:37.422 I/BluetoothUtils( 8588): packagename is android.uid.bluetooth:1002 ,and its permission is false
09-01 14:30:37.424 W/Glide   ( 8179): Load failed for  with size [88x88]
09-01 14:30:37.424 W/Glide   ( 8179): class com.O00000o0.O000000o.O00000o.O00000Oo.O000O0o: Failed to load resource
09-01 14:30:37.425 V/bt_stack( 8588): [VERBOSE1:btm_ble_gap.cc(1923)] btm_ble_process_ext_adv_pkt: bda=17:be:83:99:5a:17
09-01 14:30:37.425 V/bt_stack( 8588): [VERBOSE1:btm_ble_gap.cc(1847)] btm_ble_process_adv_addr: bda=17:be:83:99:5a:17
09-01 14:30:37.426 D/BluetoothUtils( 8588): blockedByLocationOff callingUid=1002
09-01 14:30:37.427 I/BluetoothUtils( 8588): packagename is android.uid.bluetooth:1002 ,and its permission is false
09-01 14:30:37.427 D/BluetoothUtils( 8588): blockedByLocationOff callingUid=1002
09-01 14:30:37.427 I/BluetoothUtils( 8588): packagename is android.uid.bluetooth:1002 ,and its permission is false
09-01 14:30:37.427 D/BluetoothUtils( 8588): blockedByLocationOff callingUid=1002
09-01 14:30:37.427 I/BluetoothUtils( 8588): packagename is android.uid.bluetooth:1002 ,and its permission is false
09-01 14:30:37.439 W/Glide   ( 8179): Load failed for  with size [88x88]
09-01 14:30:37.439 W/Glide   ( 8179): class com.O00000o0.O000000o.O00000o.O00000Oo.O000O0o: Failed to load resource
09-01 14:30:37.447 V/bt_stack( 8588): [VERBOSE1:btm_ble_gap.cc(1923)] btm_ble_process_ext_adv_pkt: bda=4a:e5:35:f9:94:df
09-01 14:30:37.447 V/bt_stack( 8588): [VERBOSE1:btm_ble_gap.cc(1847)] btm_ble_process_adv_addr: bda=4a:e5:35:f9:94:df
09-01 14:30:37.447 V/bt_stack( 8588): [VERBOSE1:btm_ble_gap.cc(2052)]  Waiting for scan response 4a:e5:35:f9:94:df
09-01 14:30:37.447 V/bt_stack( 8588): [VERBOSE1:btm_ble_gap.cc(1923)] btm_ble_process_ext_adv_pkt: bda=65:4b:eb:fb:21:09
09-01 14:30:37.447 V/bt_stack( 8588): [VERBOSE1:btm_ble_gap.cc(1847)] btm_ble_process_adv_addr: bda=65:4b:eb:fb:21:09
09-01 14:30:37.448 D/BluetoothUtils( 8588): blockedByLocationOff callingUid=1002
09-01 14:30:37.448 I/BluetoothUtils( 8588): packagename is android.uid.bluetooth:1002 ,and its permission is false
09-01 14:30:37.449 D/BluetoothUtils( 8588): blockedByLocationOff callingUid=1002
09-01 14:30:37.449 I/BluetoothUtils( 8588): packagename is android.uid.bluetooth:1002 ,and its permission is false
09-01 14:30:37.449 D/BluetoothUtils( 8588): blockedByLocationOff callingUid=1002
09-01 14:30:37.449 I/BluetoothUtils( 8588): packagename is android.uid.bluetooth:1002 ,and its permission is false
09-01 14:30:37.451 V/bt_stack( 8588): [VERBOSE1:btm_ble_gap.cc(1923)] btm_ble_process_ext_adv_pkt: bda=48:14:81:f8:b8:84
09-01 14:30:37.451 V/bt_stack( 8588): [VERBOSE1:btm_ble_gap.cc(1847)] btm_ble_process_adv_addr: bda=48:14:81:f8:b8:84
09-01 14:30:37.451 V/bt_stack( 8588): [VERBOSE1:btm_ble_gap.cc(2052)]  Waiting for scan response 48:14:81:f8:b8:84
09-01 14:30:37.451 V/bt_stack( 8588): [VERBOSE1:btm_ble_gap.cc(1923)] btm_ble_process_ext_adv_pkt: bda=48:14:81:f8:b8:84
09-01 14:30:37.451 V/bt_stack( 8588): [VERBOSE1:btm_ble_gap.cc(1847)] btm_ble_process_adv_addr: bda=48:14:81:f8:b8:84
09-01 14:30:37.452 D/BluetoothUtils( 8588): blockedByLocationOff callingUid=1002
09-01 14:30:37.452 I/BluetoothUtils( 8588): packagename is android.uid.bluetooth:1002 ,and its permission is false
09-01 14:30:37.452 D/BluetoothUtils( 8588): blockedByLocationOff callingUid=1002
09-01 14:30:37.452 I/BluetoothUtils( 8588): packagename is android.uid.bluetooth:1002 ,and its permission is false
09-01 14:30:37.452 D/BluetoothUtils( 8588): blockedByLocationOff callingUid=1002
09-01 14:30:37.453 I/BluetoothUtils( 8588): packagename is android.uid.bluetooth:1002 ,and its permission is false
09-01 14:30:37.453 E/ResolverController(  679): No valid NAT64 prefix (116, <unspecified>/0)
09-01 14:30:37.453 E/ResolverController(  679): No valid NAT64 prefix (116, <unspecified>/0)
09-01 14:30:37.455 V/bt_stack( 8588): [VERBOSE1:btm_ble_gap.cc(1923)] btm_ble_process_ext_adv_pkt: bda=36:c9:49:a0:b6:9d
09-01 14:30:37.455 V/bt_stack( 8588): [VERBOSE1:btm_ble_gap.cc(1847)] btm_ble_process_adv_addr: bda=36:c9:49:a0:b6:9d
09-01 14:30:37.456 D/BluetoothUtils( 8588): blockedByLocationOff callingUid=1002
09-01 14:30:37.456 I/BluetoothUtils( 8588): packagename is android.uid.bluetooth:1002 ,and its permission is false
09-01 14:30:37.456 D/BluetoothUtils( 8588): blockedByLocationOff callingUid=1002
09-01 14:30:37.456 I/BluetoothUtils( 8588): packagename is android.uid.bluetooth:1002 ,and its permission is false
09-01 14:30:37.456 E/ResolverController(  679): No valid NAT64 prefix (116, <unspecified>/0)
09-01 14:30:37.456 D/BluetoothUtils( 8588): blockedByLocationOff callingUid=1002
09-01 14:30:37.457 I/BluetoothUtils( 8588): packagename is android.uid.bluetooth:1002 ,and its permission is false
09-01 14:30:37.457 V/bt_stack( 8588): [VERBOSE1:btm_ble_gap.cc(1923)] btm_ble_process_ext_adv_pkt: bda=6a:1a:31:28:a4:f8
09-01 14:30:37.457 V/bt_stack( 8588): [VERBOSE1:btm_ble_gap.cc(1847)] btm_ble_process_adv_addr: bda=6a:1a:31:28:a4:f8
09-01 14:30:37.458 D/BluetoothUtils( 8588): blockedByLocationOff callingUid=1002
09-01 14:30:37.459 I/BluetoothUtils( 8588): packagename is android.uid.bluetooth:1002 ,and its permission is false
09-01 14:30:37.459 D/BluetoothUtils( 8588): blockedByLocationOff callingUid=1002
09-01 14:30:37.459 I/BluetoothUtils( 8588): packagename is android.uid.bluetooth:1002 ,and its permission is false
09-01 14:30:37.459 D/BluetoothUtils( 8588): blockedByLocationOff callingUid=1002
09-01 14:30:37.460 I/BluetoothUtils( 8588): packagename is android.uid.bluetooth:1002 ,and its permission is false
09-01 14:30:37.463 V/bt_stack( 8588): [VERBOSE1:btm_ble_gap.cc(1923)] btm_ble_process_ext_adv_pkt: bda=2e:17:70:f9:0b:48
09-01 14:30:37.464 V/bt_stack( 8588): [VERBOSE1:btm_ble_gap.cc(1847)] btm_ble_process_adv_addr: bda=2e:17:70:f9:0b:48
09-01 14:30:37.464 D/BluetoothUtils( 8588): blockedByLocationOff callingUid=1002
09-01 14:30:37.465 I/BluetoothUtils( 8588): packagename is android.uid.bluetooth:1002 ,and its permission is false
09-01 14:30:37.465 D/BluetoothUtils( 8588): blockedByLocationOff callingUid=1002
09-01 14:30:37.465 I/BluetoothUtils( 8588): packagename is android.uid.bluetooth:1002 ,and its permission is false
09-01 14:30:37.465 D/BluetoothUtils( 8588): blockedByLocationOff callingUid=1002
09-01 14:30:37.465 I/BluetoothUtils( 8588): packagename is android.uid.bluetooth:1002 ,and its permission is false
09-01 14:30:37.470 V/bt_stack( 8588): [VERBOSE1:btm_ble_gap.cc(1923)] btm_ble_process_ext_adv_pkt: bda=3a:23:cb:4a:85:2d
09-01 14:30:37.470 V/bt_stack( 8588): [VERBOSE1:btm_ble_gap.cc(1847)] btm_ble_process_adv_addr: bda=3a:23:cb:4a:85:2d
09-01 14:30:37.470 D/BluetoothUtils( 8588): blockedByLocationOff callingUid=1002
09-01 14:30:37.471 I/BluetoothUtils( 8588): packagename is android.uid.bluetooth:1002 ,and its permission is false
09-01 14:30:37.471 D/BluetoothUtils( 8588): blockedByLocationOff callingUid=1002
09-01 14:30:37.471 I/BluetoothUtils( 8588): packagename is android.uid.bluetooth:1002 ,and its permission is false
09-01 14:30:37.471 D/BluetoothUtils( 8588): blockedByLocationOff callingUid=1002
09-01 14:30:37.471 V/bt_stack( 8588): [VERBOSE1:btm_ble_gap.cc(1923)] btm_ble_process_ext_adv_pkt: bda=0a:29:89:b7:c8:4a
09-01 14:30:37.471 V/bt_stack( 8588): [VERBOSE1:btm_ble_gap.cc(1847)] btm_ble_process_adv_addr: bda=0a:29:89:b7:c8:4a
09-01 14:30:37.471 I/BluetoothUtils( 8588): packagename is android.uid.bluetooth:1002 ,and its permission is false
09-01 14:30:37.472 D/BluetoothUtils( 8588): blockedByLocationOff callingUid=1002
09-01 14:30:37.472 I/BluetoothUtils( 8588): packagename is android.uid.bluetooth:1002 ,and its permission is false
09-01 14:30:37.472 D/BluetoothUtils( 8588): blockedByLocationOff callingUid=1002
09-01 14:30:37.473 I/BluetoothUtils( 8588): packagename is android.uid.bluetooth:1002 ,and its permission is false
09-01 14:30:37.473 D/BluetoothUtils( 8588): blockedByLocationOff callingUid=1002
09-01 14:30:37.473 I/BluetoothUtils( 8588): packagename is android.uid.bluetooth:1002 ,and its permission is false
09-01 14:30:37.475 V/bt_stack( 8588): [VERBOSE1:btm_ble_gap.cc(1923)] btm_ble_process_ext_adv_pkt: bda=2a:99:8c:12:d1:b1
09-01 14:30:37.475 V/bt_stack( 8588): [VERBOSE1:btm_ble_gap.cc(1847)] btm_ble_process_adv_addr: bda=2a:99:8c:12:d1:b1
09-01 14:30:37.476 D/BluetoothUtils( 8588): blockedByLocationOff callingUid=1002
09-01 14:30:37.476 I/BluetoothUtils( 8588): packagename is android.uid.bluetooth:1002 ,and its permission is false
09-01 14:30:37.476 D/BluetoothUtils( 8588): blockedByLocationOff callingUid=1002
09-01 14:30:37.476 I/BluetoothUtils( 8588): packagename is android.uid.bluetooth:1002 ,and its permission is false
09-01 14:30:37.476 D/BluetoothUtils( 8588): blockedByLocationOff callingUid=1002
09-01 14:30:37.477 I/BluetoothUtils( 8588): packagename is android.uid.bluetooth:1002 ,and its permission is false
09-01 14:30:37.477 V/bt_stack( 8588): [VERBOSE1:btm_ble_gap.cc(1923)] btm_ble_process_ext_adv_pkt: bda=2a:1b:52:ac:62:5d
09-01 14:30:37.477 V/bt_stack( 8588): [VERBOSE1:btm_ble_gap.cc(1847)] btm_ble_process_adv_addr: bda=2a:1b:52:ac:62:5d
09-01 14:30:37.478 D/BluetoothUtils( 8588): blockedByLocationOff callingUid=1002
09-01 14:30:37.478 I/BluetoothUtils( 8588): packagename is android.uid.bluetooth:1002 ,and its permission is false
09-01 14:30:37.478 D/BluetoothUtils( 8588): blockedByLocationOff callingUid=1002
09-01 14:30:37.479 I/BluetoothUtils( 8588): packagename is android.uid.bluetooth:1002 ,and its permission is false
09-01 14:30:37.479 D/BluetoothUtils( 8588): blockedByLocationOff callingUid=1002
09-01 14:30:37.479 I/BluetoothUtils( 8588): packagename is android.uid.bluetooth:1002 ,and its permission is false
09-01 14:30:37.484 V/bt_stack( 8588): [VERBOSE1:btm_ble_gap.cc(1923)] btm_ble_process_ext_adv_pkt: bda=07:e4:7f:b4:5f:d9
09-01 14:30:37.484 V/bt_stack( 8588): [VERBOSE1:btm_ble_gap.cc(1847)] btm_ble_process_adv_addr: bda=07:e4:7f:b4:5f:d9
09-01 14:30:37.484 D/BluetoothUtils( 8588): blockedByLocationOff callingUid=1002
09-01 14:30:37.485 I/BluetoothUtils( 8588): packagename is android.uid.bluetooth:1002 ,and its permission is false
09-01 14:30:37.485 D/BluetoothUtils( 8588): blockedByLocationOff callingUid=1002
09-01 14:30:37.485 I/BluetoothUtils( 8588): packagename is android.uid.bluetooth:1002 ,and its permission is false
09-01 14:30:37.485 D/BluetoothUtils( 8588): blockedByLocationOff callingUid=1002
09-01 14:30:37.485 I/BluetoothUtils( 8588): packagename is android.uid.bluetooth:1002 ,and its permission is false
09-01 14:30:37.490 V/bt_stack( 8588): [VERBOSE1:btm_ble_gap.cc(1923)] btm_ble_process_ext_adv_pkt: bda=06:fa:50:9b:39:c0
09-01 14:30:37.490 V/bt_stack( 8588): [VERBOSE1:btm_ble_gap.cc(1847)] btm_ble_process_adv_addr: bda=06:fa:50:9b:39:c0
09-01 14:30:37.491 D/BluetoothUtils( 8588): blockedByLocationOff callingUid=1002
09-01 14:30:37.492 I/BluetoothUtils( 8588): packagename is android.uid.bluetooth:1002 ,and its permission is false
09-01 14:30:37.492 D/BluetoothUtils( 8588): blockedByLocationOff callingUid=1002
09-01 14:30:37.492 I/BluetoothUtils( 8588): packagename is android.uid.bluetooth:1002 ,and its permission is false
09-01 14:30:37.492 D/BluetoothUtils( 8588): blockedByLocationOff callingUid=1002
09-01 14:30:37.492 I/BluetoothUtils( 8588): packagename is android.uid.bluetooth:1002 ,and its permission is false
09-01 14:30:37.495 V/bt_stack( 8588): [VERBOSE1:btm_ble_gap.cc(1923)] btm_ble_process_ext_adv_pkt: bda=0c:1a:06:0e:96:57
09-01 14:30:37.496 V/bt_stack( 8588): [VERBOSE1:btm_ble_gap.cc(1847)] btm_ble_process_adv_addr: bda=0c:1a:06:0e:96:57
09-01 14:30:37.496 D/BluetoothUtils( 8588): blockedByLocationOff callingUid=1002
09-01 14:30:37.496 I/BluetoothUtils( 8588): packagename is android.uid.bluetooth:1002 ,and its permission is false
09-01 14:30:37.497 D/BluetoothUtils( 8588): blockedByLocationOff callingUid=1002
09-01 14:30:37.497 I/BluetoothUtils( 8588): packagename is android.uid.bluetooth:1002 ,and its permission is false
09-01 14:30:37.497 D/BluetoothUtils( 8588): blockedByLocationOff callingUid=1002
09-01 14:30:37.497 I/BluetoothUtils( 8588): packagename is android.uid.bluetooth:1002 ,and its permission is false
09-01 14:30:37.500 V/bt_stack( 8588): [VERBOSE1:btm_ble_gap.cc(1923)] btm_ble_process_ext_adv_pkt: bda=4b:2f:6d:75:86:77
09-01 14:30:37.500 V/bt_stack( 8588): [VERBOSE1:btm_ble_gap.cc(1847)] btm_ble_process_adv_addr: bda=4b:2f:6d:75:86:77
09-01 14:30:37.500 V/bt_stack( 8588): [VERBOSE1:btm_ble_gap.cc(2052)]  Waiting for scan response 4b:2f:6d:75:86:77
09-01 14:30:37.520 V/bt_stack( 8588): [VERBOSE1:btm_ble_gap.cc(1923)] btm_ble_process_ext_adv_pkt: bda=ed:f6:4a:96:0d:93
09-01 14:30:37.520 V/bt_stack( 8588): [VERBOSE1:btm_ble_gap.cc(1847)] btm_ble_process_adv_addr: bda=ed:f6:4a:96:0d:93
09-01 14:30:37.521 V/bt_stack( 8588): [VERBOSE1:btm_ble_gap.cc(2052)]  Waiting for scan response ed:f6:4a:96:0d:93
09-01 14:30:37.521 V/bt_stack( 8588): [VERBOSE1:btm_ble_gap.cc(1923)] btm_ble_process_ext_adv_pkt: bda=56:e4:da:79:d5:88
09-01 14:30:37.521 V/bt_stack( 8588): [VERBOSE1:btm_ble_gap.cc(1847)] btm_ble_process_adv_addr: bda=56:e4:da:79:d5:88
09-01 14:30:37.521 V/bt_stack( 8588): [VERBOSE1:btm_ble_gap.cc(2052)]  Waiting for scan response 56:e4:da:79:d5:88
09-01 14:30:37.521 V/bt_stack( 8588): [VERBOSE1:btm_ble_gap.cc(1923)] btm_ble_process_ext_adv_pkt: bda=56:e4:da:79:d5:88
09-01 14:30:37.521 V/bt_stack( 8588): [VERBOSE1:btm_ble_gap.cc(1847)] btm_ble_process_adv_addr: bda=56:e4:da:79:d5:88
09-01 14:30:37.522 D/BluetoothUtils( 8588): blockedByLocationOff callingUid=1002
09-01 14:30:37.522 I/BluetoothUtils( 8588): packagename is android.uid.bluetooth:1002 ,and its permission is false
09-01 14:30:37.523 D/BluetoothUtils( 8588): blockedByLocationOff callingUid=1002
09-01 14:30:37.523 I/BluetoothUtils( 8588): packagename is android.uid.bluetooth:1002 ,and its permission is false
09-01 14:30:37.523 D/BluetoothUtils( 8588): blockedByLocationOff callingUid=1002
09-01 14:30:37.523 I/BluetoothUtils( 8588): packagename is android.uid.bluetooth:1002 ,and its permission is false
09-01 14:30:37.532 V/bt_stack( 8588): [VERBOSE1:btm_ble_gap.cc(1923)] btm_ble_process_ext_adv_pkt: bda=17:be:83:99:5a:17
09-01 14:30:37.532 V/bt_stack( 8588): [VERBOSE1:btm_ble_gap.cc(1847)] btm_ble_process_adv_addr: bda=17:be:83:99:5a:17
09-01 14:30:37.533 D/BluetoothUtils( 8588): blockedByLocationOff callingUid=1002
09-01 14:30:37.533 I/BluetoothUtils( 8588): packagename is android.uid.bluetooth:1002 ,and its permission is false
09-01 14:30:37.533 D/BluetoothUtils( 8588): blockedByLocationOff callingUid=1002
09-01 14:30:37.533 I/BluetoothUtils( 8588): packagename is android.uid.bluetooth:1002 ,and its permission is false
09-01 14:30:37.533 D/BluetoothUtils( 8588): blockedByLocationOff callingUid=1002
09-01 14:30:37.534 I/BluetoothUtils( 8588): packagename is android.uid.bluetooth:1002 ,and its permission is false
09-01 14:30:37.546 V/bt_stack( 8588): [VERBOSE1:btm_ble_gap.cc(1923)] btm_ble_process_ext_adv_pkt: bda=2d:8f:df:c2:a9:d4
09-01 14:30:37.546 V/bt_stack( 8588): [VERBOSE1:btm_ble_gap.cc(1847)] btm_ble_process_adv_addr: bda=2d:8f:df:c2:a9:d4
09-01 14:30:37.547 D/BluetoothUtils( 8588): blockedByLocationOff callingUid=1002
09-01 14:30:37.547 I/BluetoothUtils( 8588): packagename is android.uid.bluetooth:1002 ,and its permission is false
09-01 14:30:37.547 D/BluetoothUtils( 8588): blockedByLocationOff callingUid=1002
09-01 14:30:37.547 I/BluetoothUtils( 8588): packagename is android.uid.bluetooth:1002 ,and its permission is false
09-01 14:30:37.547 D/BluetoothUtils( 8588): blockedByLocationOff callingUid=1002
09-01 14:30:37.548 I/BluetoothUtils( 8588): packagename is android.uid.bluetooth:1002 ,and its permission is false
09-01 14:30:37.555 V/bt_stack( 8588): [VERBOSE1:btm_ble_gap.cc(1923)] btm_ble_process_ext_adv_pkt: bda=65:4b:eb:fb:21:09
09-01 14:30:37.555 V/bt_stack( 8588): [VERBOSE1:btm_ble_gap.cc(1847)] btm_ble_process_adv_addr: bda=65:4b:eb:fb:21:09
09-01 14:30:37.556 D/BluetoothUtils( 8588): blockedByLocationOff callingUid=1002
09-01 14:30:37.556 I/BluetoothUtils( 8588): packagename is android.uid.bluetooth:1002 ,and its permission is false
09-01 14:30:37.556 D/BluetoothUtils( 8588): blockedByLocationOff callingUid=1002
09-01 14:30:37.556 I/BluetoothUtils( 8588): packagename is android.uid.bluetooth:1002 ,and its permission is false
09-01 14:30:37.556 D/BluetoothUtils( 8588): blockedByLocationOff callingUid=1002
09-01 14:30:37.557 I/BluetoothUtils( 8588): packagename is android.uid.bluetooth:1002 ,and its permission is false
09-01 14:30:37.557 V/bt_stack( 8588): [VERBOSE1:btm_ble_gap.cc(1923)] btm_ble_process_ext_adv_pkt: bda=6a:1a:31:28:a4:f8
09-01 14:30:37.557 V/bt_stack( 8588): [VERBOSE1:btm_ble_gap.cc(1847)] btm_ble_process_adv_addr: bda=6a:1a:31:28:a4:f8
09-01 14:30:37.558 D/BluetoothUtils( 8588): blockedByLocationOff callingUid=1002
09-01 14:30:37.558 I/BluetoothUtils( 8588): packagename is android.uid.bluetooth:1002 ,and its permission is false
09-01 14:30:37.558 D/BluetoothUtils( 8588): blockedByLocationOff callingUid=1002
09-01 14:30:37.558 I/BluetoothUtils( 8588): packagename is android.uid.bluetooth:1002 ,and its permission is false
09-01 14:30:37.558 D/BluetoothUtils( 8588): blockedByLocationOff callingUid=1002
09-01 14:30:37.559 I/BluetoothUtils( 8588): packagename is android.uid.bluetooth:1002 ,and its permission is false
09-01 14:30:37.561 V/bt_stack( 8588): [VERBOSE1:btm_ble_gap.cc(1923)] btm_ble_process_ext_adv_pkt: bda=36:c9:49:a0:b6:9d
09-01 14:30:37.561 V/bt_stack( 8588): [VERBOSE1:btm_ble_gap.cc(1847)] btm_ble_process_adv_addr: bda=36:c9:49:a0:b6:9d
09-01 14:30:37.561 D/BluetoothUtils( 8588): blockedByLocationOff callingUid=1002
09-01 14:30:37.562 I/BluetoothUtils( 8588): packagename is android.uid.bluetooth:1002 ,and its permission is false
09-01 14:30:37.562 D/BluetoothUtils( 8588): blockedByLocationOff callingUid=1002
09-01 14:30:37.562 I/BluetoothUtils( 8588): packagename is android.uid.bluetooth:1002 ,and its permission is false
09-01 14:30:37.562 D/BluetoothUtils( 8588): blockedByLocationOff callingUid=1002
09-01 14:30:37.562 I/BluetoothUtils( 8588): packagename is android.uid.bluetooth:1002 ,and its permission is false
09-01 14:30:37.570 V/bt_stack( 8588): [VERBOSE1:btm_ble_gap.cc(1923)] btm_ble_process_ext_adv_pkt: bda=2e:17:70:f9:0b:48
09-01 14:30:37.570 V/bt_stack( 8588): [VERBOSE1:btm_ble_gap.cc(1847)] btm_ble_process_adv_addr: bda=2e:17:70:f9:0b:48
09-01 14:30:37.571 D/BluetoothUtils( 8588): blockedByLocationOff callingUid=1002
09-01 14:30:37.571 I/BluetoothUtils( 8588): packagename is android.uid.bluetooth:1002 ,and its permission is false
09-01 14:30:37.571 D/BluetoothUtils( 8588): blockedByLocationOff callingUid=1002
09-01 14:30:37.571 I/BluetoothUtils( 8588): packagename is android.uid.bluetooth:1002 ,and its permission is false
09-01 14:30:37.572 D/BluetoothUtils( 8588): blockedByLocationOff callingUid=1002
09-01 14:30:37.572 I/BluetoothUtils( 8588): packagename is android.uid.bluetooth:1002 ,and its permission is false
09-01 14:30:37.573 V/bt_stack( 8588): [VERBOSE1:btm_ble_gap.cc(1923)] btm_ble_process_ext_adv_pkt: bda=0a:29:89:b7:c8:4a
09-01 14:30:37.573 V/bt_stack( 8588): [VERBOSE1:btm_ble_gap.cc(1847)] btm_ble_process_adv_addr: bda=0a:29:89:b7:c8:4a
09-01 14:30:37.574 D/BluetoothUtils( 8588): blockedByLocationOff callingUid=1002
09-01 14:30:37.574 V/bt_stack( 8588): [VERBOSE1:btm_ble_gap.cc(1923)] btm_ble_process_ext_adv_pkt: bda=3a:23:cb:4a:85:2d
09-01 14:30:37.574 V/bt_stack( 8588): [VERBOSE1:btm_ble_gap.cc(1847)] btm_ble_process_adv_addr: bda=3a:23:cb:4a:85:2d
09-01 14:30:37.574 I/BluetoothUtils( 8588): packagename is android.uid.bluetooth:1002 ,and its permission is false
09-01 14:30:37.574 D/BluetoothUtils( 8588): blockedByLocationOff callingUid=1002
09-01 14:30:37.574 I/BluetoothUtils( 8588): packagename is android.uid.bluetooth:1002 ,and its permission is false
09-01 14:30:37.574 D/BluetoothUtils( 8588): blockedByLocationOff callingUid=1002
09-01 14:30:37.574 I/BluetoothUtils( 8588): packagename is android.uid.bluetooth:1002 ,and its permission is false
09-01 14:30:37.575 D/BluetoothUtils( 8588): blockedByLocationOff callingUid=1002
09-01 14:30:37.575 I/BluetoothUtils( 8588): packagename is android.uid.bluetooth:1002 ,and its permission is false
09-01 14:30:37.575 D/BluetoothUtils( 8588): blockedByLocationOff callingUid=1002
09-01 14:30:37.575 I/BluetoothUtils( 8588): packagename is android.uid.bluetooth:1002 ,and its permission is false
09-01 14:30:37.576 D/BluetoothUtils( 8588): blockedByLocationOff callingUid=1002
09-01 14:30:37.576 I/BluetoothUtils( 8588): packagename is android.uid.bluetooth:1002 ,and its permission is false
09-01 14:30:37.577 V/bt_stack( 8588): [VERBOSE1:btm_ble_gap.cc(1923)] btm_ble_process_ext_adv_pkt: bda=2a:1b:52:ac:62:5d
09-01 14:30:37.577 V/bt_stack( 8588): [VERBOSE1:btm_ble_gap.cc(1847)] btm_ble_process_adv_addr: bda=2a:1b:52:ac:62:5d
09-01 14:30:37.578 D/BluetoothUtils( 8588): blockedByLocationOff callingUid=1002
09-01 14:30:37.578 I/BluetoothUtils( 8588): packagename is android.uid.bluetooth:1002 ,and its permission is false
09-01 14:30:37.578 D/BluetoothUtils( 8588): blockedByLocationOff callingUid=1002
09-01 14:30:37.578 I/BluetoothUtils( 8588): packagename is android.uid.bluetooth:1002 ,and its permission is false
09-01 14:30:37.578 D/BluetoothUtils( 8588): blockedByLocationOff callingUid=1002
09-01 14:30:37.579 I/BluetoothUtils( 8588): packagename is android.uid.bluetooth:1002 ,and its permission is false
09-01 14:30:37.591 V/bt_stack( 8588): [VERBOSE1:btm_ble_gap.cc(1923)] btm_ble_process_ext_adv_pkt: bda=06:fa:50:9b:39:c0
09-01 14:30:37.591 V/bt_stack( 8588): [VERBOSE1:btm_ble_gap.cc(1847)] btm_ble_process_adv_addr: bda=06:fa:50:9b:39:c0
09-01 14:30:37.592 D/BluetoothUtils( 8588): blockedByLocationOff callingUid=1002
09-01 14:30:37.592 I/BluetoothUtils( 8588): packagename is android.uid.bluetooth:1002 ,and its permission is false
09-01 14:30:37.592 D/BluetoothUtils( 8588): blockedByLocationOff callingUid=1002
09-01 14:30:37.592 I/BluetoothUtils( 8588): packagename is android.uid.bluetooth:1002 ,and its permission is false
09-01 14:30:37.592 D/BluetoothUtils( 8588): blockedByLocationOff callingUid=1002
09-01 14:30:37.593 I/BluetoothUtils( 8588): packagename is android.uid.bluetooth:1002 ,and its permission is false
09-01 14:30:37.596 V/bt_stack( 8588): [VERBOSE1:btm_ble_gap.cc(1923)] btm_ble_process_ext_adv_pkt: bda=0c:1a:06:0e:96:57
09-01 14:30:37.596 V/bt_stack( 8588): [VERBOSE1:btm_ble_gap.cc(1847)] btm_ble_process_adv_addr: bda=0c:1a:06:0e:96:57
09-01 14:30:37.596 D/BluetoothUtils( 8588): blockedByLocationOff callingUid=1002
09-01 14:30:37.597 I/BluetoothUtils( 8588): packagename is android.uid.bluetooth:1002 ,and its permission is false
09-01 14:30:37.597 D/BluetoothUtils( 8588): blockedByLocationOff callingUid=1002
09-01 14:30:37.597 I/BluetoothUtils( 8588): packagename is android.uid.bluetooth:1002 ,and its permission is false
09-01 14:30:37.597 D/BluetoothUtils( 8588): blockedByLocationOff callingUid=1002
09-01 14:30:37.597 I/BluetoothUtils( 8588): packagename is android.uid.bluetooth:1002 ,and its permission is false
09-01 14:30:37.607 V/bt_stack( 8588): [VERBOSE1:btm_ble_gap.cc(1923)] btm_ble_process_ext_adv_pkt: bda=17:7e:29:ab:4e:d0
09-01 14:30:37.607 V/bt_stack( 8588): [VERBOSE1:btm_ble_gap.cc(1847)] btm_ble_process_adv_addr: bda=17:7e:29:ab:4e:d0
09-01 14:30:37.607 D/BluetoothUtils( 8588): blockedByLocationOff callingUid=1002
09-01 14:30:37.608 I/BluetoothUtils( 8588): packagename is android.uid.bluetooth:1002 ,and its permission is false
09-01 14:30:37.608 D/BluetoothUtils( 8588): blockedByLocationOff callingUid=1002
09-01 14:30:37.608 I/BluetoothUtils( 8588): packagename is android.uid.bluetooth:1002 ,and its permission is false
09-01 14:30:37.608 D/BluetoothUtils( 8588): blockedByLocationOff callingUid=1002
09-01 14:30:37.608 I/BluetoothUtils( 8588): packagename is android.uid.bluetooth:1002 ,and its permission is false
09-01 14:30:37.612 V/bt_stack( 8588): [VERBOSE1:btm_ble_gap.cc(1923)] btm_ble_process_ext_adv_pkt: bda=2c:e0:b3:78:83:e3
09-01 14:30:37.612 V/bt_stack( 8588): [VERBOSE1:btm_ble_gap.cc(1847)] btm_ble_process_adv_addr: bda=2c:e0:b3:78:83:e3
09-01 14:30:37.613 D/BluetoothUtils( 8588): blockedByLocationOff callingUid=1002
09-01 14:30:37.613 I/BluetoothUtils( 8588): packagename is android.uid.bluetooth:1002 ,and its permission is false
09-01 14:30:37.613 D/BluetoothUtils( 8588): blockedByLocationOff callingUid=1002
09-01 14:30:37.613 I/BluetoothUtils( 8588): packagename is android.uid.bluetooth:1002 ,and its permission is false
09-01 14:30:37.613 D/BluetoothUtils( 8588): blockedByLocationOff callingUid=1002
09-01 14:30:37.614 I/BluetoothUtils( 8588): packagename is android.uid.bluetooth:1002 ,and its permission is false
09-01 14:30:37.616 V/bt_stack( 8588): [VERBOSE1:btm_ble_gap.cc(1923)] btm_ble_process_ext_adv_pkt: bda=21:49:00:85:03:0b
09-01 14:30:37.616 V/bt_stack( 8588): [VERBOSE1:btm_ble_gap.cc(1847)] btm_ble_process_adv_addr: bda=21:49:00:85:03:0b
09-01 14:30:37.617 D/BluetoothUtils( 8588): blockedByLocationOff callingUid=1002
09-01 14:30:37.617 I/BluetoothUtils( 8588): packagename is android.uid.bluetooth:1002 ,and its permission is false
09-01 14:30:37.617 D/BluetoothUtils( 8588): blockedByLocationOff callingUid=1002
09-01 14:30:37.618 I/BluetoothUtils( 8588): packagename is android.uid.bluetooth:1002 ,and its permission is false
09-01 14:30:37.618 D/BluetoothUtils( 8588): blockedByLocationOff callingUid=1002
09-01 14:30:37.618 I/BluetoothUtils( 8588): packagename is android.uid.bluetooth:1002 ,and its permission is false
09-01 14:30:37.620 V/bt_stack( 8588): [VERBOSE1:btm_ble_gap.cc(1923)] btm_ble_process_ext_adv_pkt: bda=c7:9e:cc:49:b0:5d
09-01 14:30:37.620 V/bt_stack( 8588): [VERBOSE1:btm_ble_gap.cc(1847)] btm_ble_process_adv_addr: bda=c7:9e:cc:49:b0:5d
09-01 14:30:37.620 V/bt_stack( 8588): [VERBOSE1:btm_ble_gap.cc(2052)]  Waiting for scan response c7:9e:cc:49:b0:5d
09-01 14:30:37.620 V/bt_stack( 8588): [VERBOSE1:btm_ble_gap.cc(1923)] btm_ble_process_ext_adv_pkt: bda=c7:9e:cc:49:b0:5d
09-01 14:30:37.620 V/bt_stack( 8588): [VERBOSE1:btm_ble_gap.cc(1847)] btm_ble_process_adv_addr: bda=c7:9e:cc:49:b0:5d
09-01 14:30:37.621 D/BluetoothUtils( 8588): blockedByLocationOff callingUid=1002
09-01 14:30:37.622 I/BluetoothUtils( 8588): packagename is android.uid.bluetooth:1002 ,and its permission is false
09-01 14:30:37.622 D/BluetoothUtils( 8588): blockedByLocationOff callingUid=1002
09-01 14:30:37.622 I/BluetoothUtils( 8588): packagename is android.uid.bluetooth:1002 ,and its permission is false
09-01 14:30:37.622 D/BluetoothUtils( 8588): blockedByLocationOff callingUid=1002
09-01 14:30:37.622 I/BluetoothUtils( 8588): packagename is android.uid.bluetooth:1002 ,and its permission is false
09-01 14:30:37.631 V/bt_stack( 8588): [VERBOSE1:btm_ble_gap.cc(1923)] btm_ble_process_ext_adv_pkt: bda=11:82:f5:89:45:91
09-01 14:30:37.631 V/bt_stack( 8588): [VERBOSE1:btm_ble_gap.cc(1847)] btm_ble_process_adv_addr: bda=11:82:f5:89:45:91
09-01 14:30:37.632 D/BluetoothUtils( 8588): blockedByLocationOff callingUid=1002
09-01 14:30:37.632 I/BluetoothUtils( 8588): packagename is android.uid.bluetooth:1002 ,and its permission is false
09-01 14:30:37.632 D/BluetoothUtils( 8588): blockedByLocationOff callingUid=1002
09-01 14:30:37.632 I/BluetoothUtils( 8588): packagename is android.uid.bluetooth:1002 ,and its permission is false
09-01 14:30:37.633 D/BluetoothUtils( 8588): blockedByLocationOff callingUid=1002
09-01 14:30:37.633 I/BluetoothUtils( 8588): packagename is android.uid.bluetooth:1002 ,and its permission is false
09-01 14:30:37.641 V/bt_stack( 8588): [VERBOSE1:btm_ble_gap.cc(1923)] btm_ble_process_ext_adv_pkt: bda=fe:e1:62:0f:0c:8e
09-01 14:30:37.641 V/bt_stack( 8588): [VERBOSE1:btm_ble_gap.cc(1847)] btm_ble_process_adv_addr: bda=fe:e1:62:0f:0c:8e
09-01 14:30:37.641 V/bt_stack( 8588): [VERBOSE1:btm_ble_gap.cc(2052)]  Waiting for scan response fe:e1:62:0f:0c:8e
09-01 14:30:37.641 V/bt_stack( 8588): [VERBOSE1:btm_ble_gap.cc(1923)] btm_ble_process_ext_adv_pkt: bda=fe:e1:62:0f:0c:8e
09-01 14:30:37.641 V/bt_stack( 8588): [VERBOSE1:btm_ble_gap.cc(1847)] btm_ble_process_adv_addr: bda=fe:e1:62:0f:0c:8e
09-01 14:30:37.642 D/BluetoothUtils( 8588): blockedByLocationOff callingUid=1002
09-01 14:30:37.642 I/BluetoothUtils( 8588): packagename is android.uid.bluetooth:1002 ,and its permission is false
09-01 14:30:37.642 D/BluetoothUtils( 8588): blockedByLocationOff callingUid=1002
09-01 14:30:37.642 I/BluetoothUtils( 8588): packagename is android.uid.bluetooth:1002 ,and its permission is false
09-01 14:30:37.642 D/BluetoothUtils( 8588): blockedByLocationOff callingUid=1002
09-01 14:30:37.643 I/BluetoothUtils( 8588): packagename is android.uid.bluetooth:1002 ,and its permission is false
09-01 14:30:37.655 V/bt_stack( 8588): [VERBOSE1:btm_ble_gap.cc(1923)] btm_ble_process_ext_adv_pkt: bda=0d:a0:9b:d0:d9:48
09-01 14:30:37.655 V/bt_stack( 8588): [VERBOSE1:btm_ble_gap.cc(1847)] btm_ble_process_adv_addr: bda=0d:a0:9b:d0:d9:48
09-01 14:30:37.656 D/BluetoothUtils( 8588): blockedByLocationOff callingUid=1002
09-01 14:30:37.657 I/BluetoothUtils( 8588): packagename is android.uid.bluetooth:1002 ,and its permission is false
09-01 14:30:37.657 D/BluetoothUtils( 8588): blockedByLocationOff callingUid=1002
09-01 14:30:37.657 I/BluetoothUtils( 8588): packagename is android.uid.bluetooth:1002 ,and its permission is false
09-01 14:30:37.657 D/BluetoothUtils( 8588): blockedByLocationOff callingUid=1002
09-01 14:30:37.658 I/BluetoothUtils( 8588): packagename is android.uid.bluetooth:1002 ,and its permission is false
09-01 14:30:37.662 V/bt_stack( 8588): [VERBOSE1:btm_ble_gap.cc(1923)] btm_ble_process_ext_adv_pkt: bda=14:07:18:00:04:52
09-01 14:30:37.662 V/bt_stack( 8588): [VERBOSE1:btm_ble_gap.cc(1847)] btm_ble_process_adv_addr: bda=14:07:18:00:04:52
09-01 14:30:37.662 V/bt_stack( 8588): [VERBOSE1:btm_ble_gap.cc(2052)]  Waiting for scan response 14:07:18:00:04:52
09-01 14:30:37.662 V/bt_stack( 8588): [VERBOSE1:btm_ble_gap.cc(1923)] btm_ble_process_ext_adv_pkt: bda=65:4b:eb:fb:21:09
09-01 14:30:37.663 V/bt_stack( 8588): [VERBOSE1:btm_ble_gap.cc(1847)] btm_ble_process_adv_addr: bda=65:4b:eb:fb:21:09
09-01 14:30:37.664 D/BluetoothUtils( 8588): blockedByLocationOff callingUid=1002
09-01 14:30:37.664 I/BluetoothUtils( 8588): packagename is android.uid.bluetooth:1002 ,and its permission is false
09-01 14:30:37.664 D/BluetoothUtils( 8588): blockedByLocationOff callingUid=1002
09-01 14:30:37.664 I/BluetoothUtils( 8588): packagename is android.uid.bluetooth:1002 ,and its permission is false
09-01 14:30:37.664 D/BluetoothUtils( 8588): blockedByLocationOff callingUid=1002
09-01 14:30:37.665 I/BluetoothUtils( 8588): packagename is android.uid.bluetooth:1002 ,and its permission is false
09-01 14:30:37.665 V/bt_stack( 8588): [VERBOSE1:btm_ble_gap.cc(1923)] btm_ble_process_ext_adv_pkt: bda=36:c9:49:a0:b6:9d
09-01 14:30:37.665 V/bt_stack( 8588): [VERBOSE1:btm_ble_gap.cc(1847)] btm_ble_process_adv_addr: bda=36:c9:49:a0:b6:9d
09-01 14:30:37.666 D/BluetoothUtils( 8588): blockedByLocationOff callingUid=1002
09-01 14:30:37.667 I/BluetoothUtils( 8588): packagename is android.uid.bluetooth:1002 ,and its permission is false
09-01 14:30:37.667 D/BluetoothUtils( 8588): blockedByLocationOff callingUid=1002
09-01 14:30:37.667 I/BluetoothUtils( 8588): packagename is android.uid.bluetooth:1002 ,and its permission is false
09-01 14:30:37.667 D/BluetoothUtils( 8588): blockedByLocationOff callingUid=1002
09-01 14:30:37.667 I/BluetoothUtils( 8588): packagename is android.uid.bluetooth:1002 ,and its permission is false
