09-01 14:30:16.527 I/BluetoothUtils( 8588): packagename is android.uid.bluetooth:1002 ,and its permission is false
09-01 14:30:16.527 D/BluetoothUtils( 8588): blockedByLocationOff callingUid=1002
09-01 14:30:16.528 I/BluetoothUtils( 8588): packagename is android.uid.bluetooth:1002 ,and its permission is false
09-01 14:30:16.535 V/bt_stack( 8588): [VERBOSE1:btm_ble_gap.cc(1923)] btm_ble_process_ext_adv_pkt: bda=66:3e:07:e0:2b:d4
09-01 14:30:16.535 V/bt_stack( 8588): [VERBOSE1:btm_ble_gap.cc(1847)] btm_ble_process_adv_addr: bda=66:3e:07:e0:2b:d4
09-01 14:30:16.535 V/bt_stack( 8588): [VERBOSE1:btm_ble_gap.cc(2052)]  Waiting for scan response 66:3e:07:e0:2b:d4
09-01 14:30:16.535 V/bt_stack( 8588): [VERBOSE1:btm_ble_gap.cc(1923)] btm_ble_process_ext_adv_pkt: bda=51:e0:73:63:65:5f
09-01 14:30:16.535 V/bt_stack( 8588): [VERBOSE1:btm_ble_gap.cc(1847)] btm_ble_process_adv_addr: bda=51:e0:73:63:65:5f
09-01 14:30:16.536 D/BluetoothUtils( 8588): blockedByLocationOff callingUid=1002
09-01 14:30:16.536 I/BluetoothUtils( 8588): packagename is android.uid.bluetooth:1002 ,and its permission is false
09-01 14:30:16.536 D/BluetoothUtils( 8588): blockedByLocationOff callingUid=1002
09-01 14:30:16.537 I/BluetoothUtils( 8588): packagename is android.uid.bluetooth:1002 ,and its permission is false
09-01 14:30:16.537 D/BluetoothUtils( 8588): blockedByLocationOff callingUid=1002
09-01 14:30:16.537 I/BluetoothUtils( 8588): packagename is android.uid.bluetooth:1002 ,and its permission is false
09-01 14:30:16.542 V/bt_stack( 8588): [VERBOSE1:btm_ble_gap.cc(1923)] btm_ble_process_ext_adv_pkt: bda=2a:1b:52:ac:62:5d
09-01 14:30:16.542 V/bt_stack( 8588): [VERBOSE1:btm_ble_gap.cc(1847)] btm_ble_process_adv_addr: bda=2a:1b:52:ac:62:5d
09-01 14:30:16.543 D/BluetoothUtils( 8588): blockedByLocationOff callingUid=1002
09-01 14:30:16.543 I/BluetoothUtils( 8588): packagename is android.uid.bluetooth:1002 ,and its permission is false
09-01 14:30:16.543 D/BluetoothUtils( 8588): blockedByLocationOff callingUid=1002
09-01 14:30:16.543 V/bt_stack( 8588): [VERBOSE1:btm_ble_gap.cc(1923)] btm_ble_process_ext_adv_pkt: bda=66:db:a5:b4:54:91
09-01 14:30:16.543 V/bt_stack( 8588): [VERBOSE1:btm_ble_gap.cc(1847)] btm_ble_process_adv_addr: bda=66:db:a5:b4:54:91
09-01 14:30:16.544 V/bt_stack( 8588): [VERBOSE1:btm_ble_gap.cc(2052)]  Waiting for scan response 66:db:a5:b4:54:91
09-01 14:30:16.544 V/bt_stack( 8588): [VERBOSE1:btm_ble_gap.cc(1923)] btm_ble_process_ext_adv_pkt: bda=66:db:a5:b4:54:91
09-01 14:30:16.544 V/bt_stack( 8588): [VERBOSE1:btm_ble_gap.cc(1847)] btm_ble_process_adv_addr: bda=66:db:a5:b4:54:91
09-01 14:30:16.544 I/BluetoothUtils( 8588): packagename is android.uid.bluetooth:1002 ,and its permission is false
09-01 14:30:16.544 D/BluetoothUtils( 8588): blockedByLocationOff callingUid=1002
09-01 14:30:16.544 I/BluetoothUtils( 8588): packagename is android.uid.bluetooth:1002 ,and its permission is false
09-01 14:30:16.545 D/BluetoothUtils( 8588): blockedByLocationOff callingUid=1002
09-01 14:30:16.545 I/BluetoothUtils( 8588): packagename is android.uid.bluetooth:1002 ,and its permission is false
09-01 14:30:16.545 V/bt_stack( 8588): [VERBOSE1:btm_ble_gap.cc(1923)] btm_ble_process_ext_adv_pkt: bda=0c:1a:06:0e:96:57
09-01 14:30:16.545 V/bt_stack( 8588): [VERBOSE1:btm_ble_gap.cc(1847)] btm_ble_process_adv_addr: bda=0c:1a:06:0e:96:57
09-01 14:30:16.545 D/BluetoothUtils( 8588): blockedByLocationOff callingUid=1002
09-01 14:30:16.545 I/BluetoothUtils( 8588): packagename is android.uid.bluetooth:1002 ,and its permission is false
09-01 14:30:16.545 D/BluetoothUtils( 8588): blockedByLocationOff callingUid=1002
09-01 14:30:16.546 I/BluetoothUtils( 8588): packagename is android.uid.bluetooth:1002 ,and its permission is false
09-01 14:30:16.546 D/BluetoothUtils( 8588): blockedByLocationOff callingUid=1002
09-01 14:30:16.546 I/BluetoothUtils( 8588): packagename is android.uid.bluetooth:1002 ,and its permission is false
09-01 14:30:16.546 D/BluetoothUtils( 8588): blockedByLocationOff callingUid=1002
09-01 14:30:16.547 I/BluetoothUtils( 8588): packagename is android.uid.bluetooth:1002 ,and its permission is false
09-01 14:30:16.547 D/BluetoothUtils( 8588): blockedByLocationOff callingUid=1002
09-01 14:30:16.547 I/BluetoothUtils( 8588): packagename is android.uid.bluetooth:1002 ,and its permission is false
09-01 14:30:16.551 V/bt_stack( 8588): [VERBOSE1:btm_ble_gap.cc(1923)] btm_ble_process_ext_adv_pkt: bda=3a:23:cb:4a:85:2d
09-01 14:30:16.551 V/bt_stack( 8588): [VERBOSE1:btm_ble_gap.cc(1847)] btm_ble_process_adv_addr: bda=3a:23:cb:4a:85:2d
09-01 14:30:16.551 D/BluetoothUtils( 8588): blockedByLocationOff callingUid=1002
09-01 14:30:16.552 I/BluetoothUtils( 8588): packagename is android.uid.bluetooth:1002 ,and its permission is false
09-01 14:30:16.552 D/BluetoothUtils( 8588): blockedByLocationOff callingUid=1002
09-01 14:30:16.552 I/BluetoothUtils( 8588): packagename is android.uid.bluetooth:1002 ,and its permission is false
09-01 14:30:16.552 D/BluetoothUtils( 8588): blockedByLocationOff callingUid=1002
09-01 14:30:16.552 I/BluetoothUtils( 8588): packagename is android.uid.bluetooth:1002 ,and its permission is false
09-01 14:30:16.557 V/AsyncHttpResponse( 8179): Progress 4096 from 1 (409600%)
09-01 14:30:16.557 V/AsyncHttpResponse( 8179): Progress 4504 from 1 (450400%)
09-01 14:30:16.558 V/bt_stack( 8588): [VERBOSE1:btm_ble_gap.cc(1923)] btm_ble_process_ext_adv_pkt: bda=17:7e:29:ab:4e:d0
09-01 14:30:16.558 V/bt_stack( 8588): [VERBOSE1:btm_ble_gap.cc(1847)] btm_ble_process_adv_addr: bda=17:7e:29:ab:4e:d0
09-01 14:30:16.558 D/BluetoothUtils( 8588): blockedByLocationOff callingUid=1002
09-01 14:30:16.559 I/BluetoothUtils( 8588): packagename is android.uid.bluetooth:1002 ,and its permission is false
09-01 14:30:16.559 D/BluetoothUtils( 8588): blockedByLocationOff callingUid=1002
09-01 14:30:16.559 I/BluetoothUtils( 8588): packagename is android.uid.bluetooth:1002 ,and its permission is false
09-01 14:30:16.559 D/BluetoothUtils( 8588): blockedByLocationOff callingUid=1002
09-01 14:30:16.559 I/BluetoothUtils( 8588): packagename is android.uid.bluetooth:1002 ,and its permission is false
09-01 14:30:16.573 V/bt_stack( 8588): [VERBOSE1:btm_ble_gap.cc(1923)] btm_ble_process_ext_adv_pkt: bda=0a:29:89:b7:c8:4a
09-01 14:30:16.573 V/bt_stack( 8588): [VERBOSE1:btm_ble_gap.cc(1847)] btm_ble_process_adv_addr: bda=0a:29:89:b7:c8:4a
09-01 14:30:16.574 D/BluetoothUtils( 8588): blockedByLocationOff callingUid=1002
09-01 14:30:16.576 I/BluetoothUtils( 8588): packagename is android.uid.bluetooth:1002 ,and its permission is false
09-01 14:30:16.576 D/BluetoothUtils( 8588): blockedByLocationOff callingUid=1002
09-01 14:30:16.576 I/BluetoothUtils( 8588): packagename is android.uid.bluetooth:1002 ,and its permission is false
09-01 14:30:16.576 D/BluetoothUtils( 8588): blockedByLocationOff callingUid=1002
09-01 14:30:16.577 I/BluetoothUtils( 8588): packagename is android.uid.bluetooth:1002 ,and its permission is false
09-01 14:30:16.577 V/bt_stack( 8588): [VERBOSE1:btm_ble_gap.cc(1923)] btm_ble_process_ext_adv_pkt: bda=56:e4:da:79:d5:88
09-01 14:30:16.578 V/bt_stack( 8588): [VERBOSE1:btm_ble_gap.cc(1847)] btm_ble_process_adv_addr: bda=56:e4:da:79:d5:88
09-01 14:30:16.578 V/bt_stack( 8588): [VERBOSE1:btm_ble_gap.cc(2052)]  Waiting for scan response 56:e4:da:79:d5:88
09-01 14:30:16.578 V/bt_stack( 8588): [VERBOSE1:btm_ble_gap.cc(1923)] btm_ble_process_ext_adv_pkt: bda=56:e4:da:79:d5:88
09-01 14:30:16.578 V/bt_stack( 8588): [VERBOSE1:btm_ble_gap.cc(1847)] btm_ble_process_adv_addr: bda=56:e4:da:79:d5:88
09-01 14:30:16.578 D/BluetoothUtils( 8588): blockedByLocationOff callingUid=1002
09-01 14:30:16.579 I/BluetoothUtils( 8588): packagename is android.uid.bluetooth:1002 ,and its permission is false
09-01 14:30:16.579 D/BluetoothUtils( 8588): blockedByLocationOff callingUid=1002
09-01 14:30:16.579 I/BluetoothUtils( 8588): packagename is android.uid.bluetooth:1002 ,and its permission is false
09-01 14:30:16.579 D/BluetoothUtils( 8588): blockedByLocationOff callingUid=1002
09-01 14:30:16.579 I/BluetoothUtils( 8588): packagename is android.uid.bluetooth:1002 ,and its permission is false
09-01 14:30:16.587 V/bt_stack( 8588): [VERBOSE1:btm_ble_gap.cc(1923)] btm_ble_process_ext_adv_pkt: bda=c2:3b:1c:22:11:66
09-01 14:30:16.587 V/bt_stack( 8588): [VERBOSE1:btm_ble_gap.cc(1847)] btm_ble_process_adv_addr: bda=c2:3b:1c:22:11:66
09-01 14:30:16.587 V/bt_stack( 8588): [VERBOSE1:btm_ble_gap.cc(2052)]  Waiting for scan response c2:3b:1c:22:11:66
09-01 14:30:16.597 V/bt_stack( 8588): [VERBOSE1:btm_ble_gap.cc(1923)] btm_ble_process_ext_adv_pkt: bda=4b:2f:6d:75:86:77
09-01 14:30:16.598 V/bt_stack( 8588): [VERBOSE1:btm_ble_gap.cc(1847)] btm_ble_process_adv_addr: bda=4b:2f:6d:75:86:77
09-01 14:30:16.598 V/bt_stack( 8588): [VERBOSE1:btm_ble_gap.cc(2052)]  Waiting for scan response 4b:2f:6d:75:86:77
09-01 14:30:16.598 V/bt_stack( 8588): [VERBOSE1:btm_ble_gap.cc(1923)] btm_ble_process_ext_adv_pkt: bda=07:e4:7f:b4:5f:d9
09-01 14:30:16.598 V/bt_stack( 8588): [VERBOSE1:btm_ble_gap.cc(1847)] btm_ble_process_adv_addr: bda=07:e4:7f:b4:5f:d9
09-01 14:30:16.599 D/BluetoothUtils( 8588): blockedByLocationOff callingUid=1002
09-01 14:30:16.599 I/BluetoothUtils( 8588): packagename is android.uid.bluetooth:1002 ,and its permission is false
09-01 14:30:16.599 D/BluetoothUtils( 8588): blockedByLocationOff callingUid=1002
09-01 14:30:16.600 I/BluetoothUtils( 8588): packagename is android.uid.bluetooth:1002 ,and its permission is false
09-01 14:30:16.600 D/BluetoothUtils( 8588): blockedByLocationOff callingUid=1002
09-01 14:30:16.600 I/BluetoothUtils( 8588): packagename is android.uid.bluetooth:1002 ,and its permission is false
09-01 14:30:16.601 V/bt_stack( 8588): [VERBOSE1:btm_ble_gap.cc(1923)] btm_ble_process_ext_adv_pkt: bda=2e:17:70:f9:0b:48
09-01 14:30:16.601 V/bt_stack( 8588): [VERBOSE1:btm_ble_gap.cc(1847)] btm_ble_process_adv_addr: bda=2e:17:70:f9:0b:48
09-01 14:30:16.602 D/BluetoothUtils( 8588): blockedByLocationOff callingUid=1002
09-01 14:30:16.603 I/BluetoothUtils( 8588): packagename is android.uid.bluetooth:1002 ,and its permission is false
09-01 14:30:16.603 D/BluetoothUtils( 8588): blockedByLocationOff callingUid=1002
09-01 14:30:16.603 I/BluetoothUtils( 8588): packagename is android.uid.bluetooth:1002 ,and its permission is false
09-01 14:30:16.603 D/BluetoothUtils( 8588): blockedByLocationOff callingUid=1002
09-01 14:30:16.603 I/BluetoothUtils( 8588): packagename is android.uid.bluetooth:1002 ,and its permission is false
09-01 14:30:16.606 V/bt_stack( 8588): [VERBOSE1:btm_ble_gap.cc(1923)] btm_ble_process_ext_adv_pkt: bda=38:f9:d3:45:87:1e
09-01 14:30:16.606 V/bt_stack( 8588): [VERBOSE1:btm_ble_gap.cc(1847)] btm_ble_process_adv_addr: bda=38:f9:d3:45:87:1e
09-01 14:30:16.606 V/bt_stack( 8588): [VERBOSE1:btm_ble_gap.cc(2052)]  Waiting for scan response 38:f9:d3:45:87:1e
09-01 14:30:16.606 V/bt_stack( 8588): [VERBOSE1:btm_ble_gap.cc(1923)] btm_ble_process_ext_adv_pkt: bda=38:f9:d3:45:87:1e
09-01 14:30:16.606 V/bt_stack( 8588): [VERBOSE1:btm_ble_gap.cc(1847)] btm_ble_process_adv_addr: bda=38:f9:d3:45:87:1e
09-01 14:30:16.607 D/BluetoothUtils( 8588): blockedByLocationOff callingUid=1002
09-01 14:30:16.607 I/BluetoothUtils( 8588): packagename is android.uid.bluetooth:1002 ,and its permission is false
09-01 14:30:16.607 D/BluetoothUtils( 8588): blockedByLocationOff callingUid=1002
09-01 14:30:16.608 V/bt_stack( 8588): [VERBOSE1:btm_ble_gap.cc(1923)] btm_ble_process_ext_adv_pkt: bda=6a:1a:31:28:a4:f8
09-01 14:30:16.608 I/BluetoothUtils( 8588): packagename is android.uid.bluetooth:1002 ,and its permission is false
09-01 14:30:16.608 V/bt_stack( 8588): [VERBOSE1:btm_ble_gap.cc(1847)] btm_ble_process_adv_addr: bda=6a:1a:31:28:a4:f8
09-01 14:30:16.608 D/BluetoothUtils( 8588): blockedByLocationOff callingUid=1002
09-01 14:30:16.608 I/BluetoothUtils( 8588): packagename is android.uid.bluetooth:1002 ,and its permission is false
09-01 14:30:16.609 D/BluetoothUtils( 8588): blockedByLocationOff callingUid=1002
09-01 14:30:16.609 I/BluetoothUtils( 8588): packagename is android.uid.bluetooth:1002 ,and its permission is false
09-01 14:30:16.609 D/BluetoothUtils( 8588): blockedByLocationOff callingUid=1002
09-01 14:30:16.609 I/BluetoothUtils( 8588): packagename is android.uid.bluetooth:1002 ,and its permission is false
09-01 14:30:16.609 D/BluetoothUtils( 8588): blockedByLocationOff callingUid=1002
09-01 14:30:16.609 I/BluetoothUtils( 8588): packagename is android.uid.bluetooth:1002 ,and its permission is false
09-01 14:30:16.611 V/bt_stack( 8588): [VERBOSE1:btm_ble_gap.cc(1923)] btm_ble_process_ext_adv_pkt: bda=36:c9:49:a0:b6:9d
09-01 14:30:16.612 V/bt_stack( 8588): [VERBOSE1:btm_ble_gap.cc(1847)] btm_ble_process_adv_addr: bda=36:c9:49:a0:b6:9d
09-01 14:30:16.612 D/BluetoothUtils( 8588): blockedByLocationOff callingUid=1002
09-01 14:30:16.613 I/BluetoothUtils( 8588): packagename is android.uid.bluetooth:1002 ,and its permission is false
09-01 14:30:16.613 D/BluetoothUtils( 8588): blockedByLocationOff callingUid=1002
09-01 14:30:16.613 I/BluetoothUtils( 8588): packagename is android.uid.bluetooth:1002 ,and its permission is false
09-01 14:30:16.613 D/BluetoothUtils( 8588): blockedByLocationOff callingUid=1002
09-01 14:30:16.613 I/BluetoothUtils( 8588): packagename is android.uid.bluetooth:1002 ,and its permission is false
09-01 14:30:16.626 E/ResolverController(  679): No valid NAT64 prefix (116, <unspecified>/0)
09-01 14:30:16.626 E/ResolverController(  679): No valid NAT64 prefix (116, <unspecified>/0)
09-01 14:30:16.627 E/ResolverController(  679): No valid NAT64 prefix (116, <unspecified>/0)
09-01 14:30:16.629 W/AsyncHttpResponse( 8179): Current thread has not called Looper.prepare().Forcing synchronous mode
09-01 14:30:16.630 V/bt_stack( 8588): [VERBOSE1:btm_ble_gap.cc(1923)] btm_ble_process_ext_adv_pkt: bda=45:55:7e:66:6f:d0
09-01 14:30:16.631 V/bt_stack( 8588): [VERBOSE1:btm_ble_gap.cc(1847)] btm_ble_process_adv_addr: bda=45:55:7e:66:6f:d0
09-01 14:30:16.631 V/bt_stack( 8588): [VERBOSE1:btm_ble_gap.cc(2052)]  Waiting for scan response 45:55:7e:66:6f:d0
09-01 14:30:16.631 V/bt_stack( 8588): [VERBOSE1:btm_ble_gap.cc(1923)] btm_ble_process_ext_adv_pkt: bda=75:55:30:69:5d:bf
09-01 14:30:16.631 V/bt_stack( 8588): [VERBOSE1:btm_ble_gap.cc(1847)] btm_ble_process_adv_addr: bda=75:55:30:69:5d:bf
09-01 14:30:16.631 V/bt_stack( 8588): [VERBOSE1:btm_ble_gap.cc(2052)]  Waiting for scan response 75:55:30:69:5d:bf
09-01 14:30:16.631 V/bt_stack( 8588): [VERBOSE1:btm_ble_gap.cc(1923)] btm_ble_process_ext_adv_pkt: bda=75:55:30:69:5d:bf
09-01 14:30:16.631 V/bt_stack( 8588): [VERBOSE1:btm_ble_gap.cc(1847)] btm_ble_process_adv_addr: bda=75:55:30:69:5d:bf
09-01 14:30:16.632 D/BluetoothUtils( 8588): blockedByLocationOff callingUid=1002
09-01 14:30:16.633 I/BluetoothUtils( 8588): packagename is android.uid.bluetooth:1002 ,and its permission is false
09-01 14:30:16.633 D/BluetoothUtils( 8588): blockedByLocationOff callingUid=1002
09-01 14:30:16.633 I/BluetoothUtils( 8588): packagename is android.uid.bluetooth:1002 ,and its permission is false
09-01 14:30:16.633 D/BluetoothUtils( 8588): blockedByLocationOff callingUid=1002
09-01 14:30:16.633 I/BluetoothUtils( 8588): packagename is android.uid.bluetooth:1002 ,and its permission is false
09-01 14:30:16.638 V/bt_stack( 8588): [VERBOSE1:btm_ble_gap.cc(1923)] btm_ble_process_ext_adv_pkt: bda=5c:29:57:19:d9:ea
09-01 14:30:16.638 V/bt_stack( 8588): [VERBOSE1:btm_ble_gap.cc(1847)] btm_ble_process_adv_addr: bda=5c:29:57:19:d9:ea
09-01 14:30:16.639 D/BluetoothUtils( 8588): blockedByLocationOff callingUid=1002
09-01 14:30:16.639 I/BluetoothUtils( 8588): packagename is android.uid.bluetooth:1002 ,and its permission is false
09-01 14:30:16.639 D/BluetoothUtils( 8588): blockedByLocationOff callingUid=1002
09-01 14:30:16.639 I/BluetoothUtils( 8588): packagename is android.uid.bluetooth:1002 ,and its permission is false
09-01 14:30:16.639 D/BluetoothUtils( 8588): blockedByLocationOff callingUid=1002
09-01 14:30:16.639 I/BluetoothUtils( 8588): packagename is android.uid.bluetooth:1002 ,and its permission is false
09-01 14:30:16.642 V/bt_stack( 8588): [VERBOSE1:btm_ble_gap.cc(1923)] btm_ble_process_ext_adv_pkt: bda=d3:e3:41:80:f1:8d
09-01 14:30:16.642 V/bt_stack( 8588): [VERBOSE1:btm_ble_gap.cc(1847)] btm_ble_process_adv_addr: bda=d3:e3:41:80:f1:8d
09-01 14:30:16.642 V/bt_stack( 8588): [VERBOSE1:btm_ble_gap.cc(2052)]  Waiting for scan response d3:e3:41:80:f1:8d
09-01 14:30:16.642 V/bt_stack( 8588): [VERBOSE1:btm_ble_gap.cc(1923)] btm_ble_process_ext_adv_pkt: bda=2a:1b:52:ac:62:5d
09-01 14:30:16.642 V/bt_stack( 8588): [VERBOSE1:btm_ble_gap.cc(1847)] btm_ble_process_adv_addr: bda=2a:1b:52:ac:62:5d
09-01 14:30:16.643 D/BluetoothUtils( 8588): blockedByLocationOff callingUid=1002
09-01 14:30:16.643 I/BluetoothUtils( 8588): packagename is android.uid.bluetooth:1002 ,and its permission is false
09-01 14:30:16.644 D/BluetoothUtils( 8588): blockedByLocationOff callingUid=1002
09-01 14:30:16.644 I/BluetoothUtils( 8588): packagename is android.uid.bluetooth:1002 ,and its permission is false
09-01 14:30:16.644 D/BluetoothUtils( 8588): blockedByLocationOff callingUid=1002
09-01 14:30:16.644 I/BluetoothUtils( 8588): packagename is android.uid.bluetooth:1002 ,and its permission is false
09-01 14:30:16.650 V/bt_stack( 8588): [VERBOSE1:btm_ble_gap.cc(1923)] btm_ble_process_ext_adv_pkt: bda=58:80:3c:e4:e8:ac
09-01 14:30:16.650 V/bt_stack( 8588): [VERBOSE1:btm_ble_gap.cc(1847)] btm_ble_process_adv_addr: bda=58:80:3c:e4:e8:ac
09-01 14:30:16.650 V/bt_stack( 8588): [VERBOSE1:btm_ble_gap.cc(2052)]  Waiting for scan response 58:80:3c:e4:e8:ac
09-01 14:30:16.652 V/bt_stack( 8588): [VERBOSE1:btm_ble_gap.cc(1923)] btm_ble_process_ext_adv_pkt: bda=77:60:99:3a:74:d9
09-01 14:30:16.652 V/bt_stack( 8588): [VERBOSE1:btm_ble_gap.cc(1847)] btm_ble_process_adv_addr: bda=77:60:99:3a:74:d9
09-01 14:30:16.652 V/bt_stack( 8588): [VERBOSE1:btm_ble_gap.cc(2052)]  Waiting for scan response 77:60:99:3a:74:d9
09-01 14:30:16.652 V/bt_stack( 8588): [VERBOSE1:btm_ble_gap.cc(1923)] btm_ble_process_ext_adv_pkt: bda=0c:1a:06:0e:96:57
09-01 14:30:16.652 V/bt_stack( 8588): [VERBOSE1:btm_ble_gap.cc(1847)] btm_ble_process_adv_addr: bda=0c:1a:06:0e:96:57
09-01 14:30:16.653 D/BluetoothUtils( 8588): blockedByLocationOff callingUid=1002
09-01 14:30:16.653 I/BluetoothUtils( 8588): packagename is android.uid.bluetooth:1002 ,and its permission is false
09-01 14:30:16.653 D/BluetoothUtils( 8588): blockedByLocationOff callingUid=1002
09-01 14:30:16.654 I/BluetoothUtils( 8588): packagename is android.uid.bluetooth:1002 ,and its permission is false
09-01 14:30:16.654 D/BluetoothUtils( 8588): blockedByLocationOff callingUid=1002
09-01 14:30:16.654 I/BluetoothUtils( 8588): packagename is android.uid.bluetooth:1002 ,and its permission is false
09-01 14:30:16.654 V/bt_stack( 8588): [VERBOSE1:btm_ble_gap.cc(1923)] btm_ble_process_ext_adv_pkt: bda=ef:78:8a:8d:25:f2
09-01 14:30:16.655 V/bt_stack( 8588): [VERBOSE1:btm_ble_gap.cc(1847)] btm_ble_process_adv_addr: bda=ef:78:8a:8d:25:f2
09-01 14:30:16.655 V/bt_stack( 8588): [VERBOSE1:btm_ble_gap.cc(2052)]  Waiting for scan response ef:78:8a:8d:25:f2
09-01 14:30:16.655 V/bt_stack( 8588): [VERBOSE1:btm_ble_gap.cc(1923)] btm_ble_process_ext_adv_pkt: bda=ef:78:8a:8d:25:f2
09-01 14:30:16.655 V/bt_stack( 8588): [VERBOSE1:btm_ble_gap.cc(1847)] btm_ble_process_adv_addr: bda=ef:78:8a:8d:25:f2
09-01 14:30:16.655 D/BluetoothUtils( 8588): blockedByLocationOff callingUid=1002
09-01 14:30:16.656 I/BluetoothUtils( 8588): packagename is android.uid.bluetooth:1002 ,and its permission is false
09-01 14:30:16.656 D/BluetoothUtils( 8588): blockedByLocationOff callingUid=1002
09-01 14:30:16.657 I/BluetoothUtils( 8588): packagename is android.uid.bluetooth:1002 ,and its permission is false
09-01 14:30:16.657 D/BluetoothUtils( 8588): blockedByLocationOff callingUid=1002
09-01 14:30:16.657 I/BluetoothUtils( 8588): packagename is android.uid.bluetooth:1002 ,and its permission is false
09-01 14:30:16.660 V/bt_stack( 8588): [VERBOSE1:btm_ble_gap.cc(1923)] btm_ble_process_ext_adv_pkt: bda=6f:0b:e8:0c:78:56
09-01 14:30:16.660 V/bt_stack( 8588): [VERBOSE1:btm_ble_gap.cc(1847)] btm_ble_process_adv_addr: bda=6f:0b:e8:0c:78:56
09-01 14:30:16.660 V/bt_stack( 8588): [VERBOSE1:btm_ble_gap.cc(2052)]  Waiting for scan response 6f:0b:e8:0c:78:56
09-01 14:30:16.660 V/bt_stack( 8588): [VERBOSE1:btm_ble_gap.cc(1923)] btm_ble_process_ext_adv_pkt: bda=2a:99:8c:12:d1:b1
09-01 14:30:16.660 V/bt_stack( 8588): [VERBOSE1:btm_ble_gap.cc(1847)] btm_ble_process_adv_addr: bda=2a:99:8c:12:d1:b1
09-01 14:30:16.660 V/bt_stack( 8588): [VERBOSE1:btm_ble_gap.cc(1923)] btm_ble_process_ext_adv_pkt: bda=3a:23:cb:4a:85:2d
09-01 14:30:16.660 V/bt_stack( 8588): [VERBOSE1:btm_ble_gap.cc(1847)] btm_ble_process_adv_addr: bda=3a:23:cb:4a:85:2d
09-01 14:30:16.661 D/BluetoothUtils( 8588): blockedByLocationOff callingUid=1002
09-01 14:30:16.661 I/BluetoothUtils( 8588): packagename is android.uid.bluetooth:1002 ,and its permission is false
09-01 14:30:16.661 D/BluetoothUtils( 8588): blockedByLocationOff callingUid=1002
09-01 14:30:16.662 I/BluetoothUtils( 8588): packagename is android.uid.bluetooth:1002 ,and its permission is false
09-01 14:30:16.662 D/BluetoothUtils( 8588): blockedByLocationOff callingUid=1002
09-01 14:30:16.662 I/BluetoothUtils( 8588): packagename is android.uid.bluetooth:1002 ,and its permission is false
09-01 14:30:16.663 D/BluetoothUtils( 8588): blockedByLocationOff callingUid=1002
09-01 14:30:16.663 I/BluetoothUtils( 8588): packagename is android.uid.bluetooth:1002 ,and its permission is false
09-01 14:30:16.663 D/BluetoothUtils( 8588): blockedByLocationOff callingUid=1002
09-01 14:30:16.663 I/BluetoothUtils( 8588): packagename is android.uid.bluetooth:1002 ,and its permission is false
09-01 14:30:16.663 D/BluetoothUtils( 8588): blockedByLocationOff callingUid=1002
09-01 14:30:16.664 I/BluetoothUtils( 8588): packagename is android.uid.bluetooth:1002 ,and its permission is false
09-01 14:30:16.664 V/bt_stack( 8588): [VERBOSE1:btm_ble_gap.cc(1923)] btm_ble_process_ext_adv_pkt: bda=17:7e:29:ab:4e:d0
09-01 14:30:16.664 V/bt_stack( 8588): [VERBOSE1:btm_ble_gap.cc(1847)] btm_ble_process_adv_addr: bda=17:7e:29:ab:4e:d0
09-01 14:30:16.665 D/BluetoothUtils( 8588): blockedByLocationOff callingUid=1002
09-01 14:30:16.665 I/BluetoothUtils( 8588): packagename is android.uid.bluetooth:1002 ,and its permission is false
09-01 14:30:16.666 D/BluetoothUtils( 8588): blockedByLocationOff callingUid=1002
09-01 14:30:16.666 I/BluetoothUtils( 8588): packagename is android.uid.bluetooth:1002 ,and its permission is false
09-01 14:30:16.666 D/BluetoothUtils( 8588): blockedByLocationOff callingUid=1002
09-01 14:30:16.666 I/BluetoothUtils( 8588): packagename is android.uid.bluetooth:1002 ,and its permission is false
09-01 14:30:16.677 V/bt_stack( 8588): [VERBOSE1:btm_ble_gap.cc(1923)] btm_ble_process_ext_adv_pkt: bda=0a:29:89:b7:c8:4a
09-01 14:30:16.677 V/bt_stack( 8588): [VERBOSE1:btm_ble_gap.cc(1847)] btm_ble_process_adv_addr: bda=0a:29:89:b7:c8:4a
09-01 14:30:16.677 D/BluetoothUtils( 8588): blockedByLocationOff callingUid=1002
09-01 14:30:16.678 I/BluetoothUtils( 8588): packagename is android.uid.bluetooth:1002 ,and its permission is false
09-01 14:30:16.678 D/BluetoothUtils( 8588): blockedByLocationOff callingUid=1002
09-01 14:30:16.678 I/BluetoothUtils( 8588): packagename is android.uid.bluetooth:1002 ,and its permission is false
09-01 14:30:16.678 D/BluetoothUtils( 8588): blockedByLocationOff callingUid=1002
09-01 14:30:16.679 V/bt_stack( 8588): [VERBOSE1:btm_ble_gap.cc(1923)] btm_ble_process_ext_adv_pkt: bda=04:b0:56:de:30:bf
09-01 14:30:16.679 V/bt_stack( 8588): [VERBOSE1:btm_ble_gap.cc(1847)] btm_ble_process_adv_addr: bda=04:b0:56:de:30:bf
09-01 14:30:16.679 I/BluetoothUtils( 8588): packagename is android.uid.bluetooth:1002 ,and its permission is false
09-01 14:30:16.680 D/BluetoothUtils( 8588): blockedByLocationOff callingUid=1002
09-01 14:30:16.680 I/BluetoothUtils( 8588): packagename is android.uid.bluetooth:1002 ,and its permission is false
09-01 14:30:16.680 D/BluetoothUtils( 8588): blockedByLocationOff callingUid=1002
09-01 14:30:16.680 I/BluetoothUtils( 8588): packagename is android.uid.bluetooth:1002 ,and its permission is false
09-01 14:30:16.680 D/BluetoothUtils( 8588): blockedByLocationOff callingUid=1002
09-01 14:30:16.680 V/bt_stack( 8588): [VERBOSE1:btm_ble_gap.cc(1923)] btm_ble_process_ext_adv_pkt: bda=19:30:6d:c4:b5:5b
09-01 14:30:16.680 V/bt_stack( 8588): [VERBOSE1:btm_ble_gap.cc(1847)] btm_ble_process_adv_addr: bda=19:30:6d:c4:b5:5b
09-01 14:30:16.681 I/BluetoothUtils( 8588): packagename is android.uid.bluetooth:1002 ,and its permission is false
09-01 14:30:16.681 D/BluetoothUtils( 8588): blockedByLocationOff callingUid=1002
09-01 14:30:16.682 I/BluetoothUtils( 8588): packagename is android.uid.bluetooth:1002 ,and its permission is false
09-01 14:30:16.682 D/BluetoothUtils( 8588): blockedByLocationOff callingUid=1002
09-01 14:30:16.682 I/BluetoothUtils( 8588): packagename is android.uid.bluetooth:1002 ,and its permission is false
09-01 14:30:16.682 D/BluetoothUtils( 8588): blockedByLocationOff callingUid=1002
09-01 14:30:16.682 I/BluetoothUtils( 8588): packagename is android.uid.bluetooth:1002 ,and its permission is false
09-01 14:30:16.687 V/bt_stack( 8588): [VERBOSE1:btm_ble_gap.cc(1923)] btm_ble_process_ext_adv_pkt: bda=2c:e0:b3:78:83:e3
09-01 14:30:16.687 V/bt_stack( 8588): [VERBOSE1:btm_ble_gap.cc(1847)] btm_ble_process_adv_addr: bda=2c:e0:b3:78:83:e3
09-01 14:30:16.687 D/BluetoothUtils( 8588): blockedByLocationOff callingUid=1002
09-01 14:30:16.688 I/BluetoothUtils( 8588): packagename is android.uid.bluetooth:1002 ,and its permission is false
09-01 14:30:16.688 V/bt_stack( 8588): [VERBOSE1:btm_ble_gap.cc(1923)] btm_ble_process_ext_adv_pkt: bda=04:71:24:a7:6f:1c
09-01 14:30:16.688 V/bt_stack( 8588): [VERBOSE1:btm_ble_gap.cc(1847)] btm_ble_process_adv_addr: bda=04:71:24:a7:6f:1c
09-01 14:30:16.688 D/BluetoothUtils( 8588): blockedByLocationOff callingUid=1002
09-01 14:30:16.688 I/BluetoothUtils( 8588): packagename is android.uid.bluetooth:1002 ,and its permission is false
09-01 14:30:16.688 D/BluetoothUtils( 8588): blockedByLocationOff callingUid=1002
09-01 14:30:16.689 I/BluetoothUtils( 8588): packagename is android.uid.bluetooth:1002 ,and its permission is false
09-01 14:30:16.689 D/BluetoothUtils( 8588): blockedByLocationOff callingUid=1002
09-01 14:30:16.690 I/BluetoothUtils( 8588): packagename is android.uid.bluetooth:1002 ,and its permission is false
09-01 14:30:16.690 V/bt_stack( 8588): [VERBOSE1:btm_ble_gap.cc(1923)] btm_ble_process_ext_adv_pkt: bda=65:4b:eb:fb:21:09
09-01 14:30:16.690 V/bt_stack( 8588): [VERBOSE1:btm_ble_gap.cc(1847)] btm_ble_process_adv_addr: bda=65:4b:eb:fb:21:09
09-01 14:30:16.690 D/BluetoothUtils( 8588): blockedByLocationOff callingUid=1002
09-01 14:30:16.690 I/BluetoothUtils( 8588): packagename is android.uid.bluetooth:1002 ,and its permission is false
09-01 14:30:16.690 D/BluetoothUtils( 8588): blockedByLocationOff callingUid=1002
09-01 14:30:16.690 I/BluetoothUtils( 8588): packagename is android.uid.bluetooth:1002 ,and its permission is false
09-01 14:30:16.691 D/BluetoothUtils( 8588): blockedByLocationOff callingUid=1002
09-01 14:30:16.691 I/BluetoothUtils( 8588): packagename is android.uid.bluetooth:1002 ,and its permission is false
09-01 14:30:16.691 D/BluetoothUtils( 8588): blockedByLocationOff callingUid=1002
09-01 14:30:16.692 I/BluetoothUtils( 8588): packagename is android.uid.bluetooth:1002 ,and its permission is false
09-01 14:30:16.692 D/BluetoothUtils( 8588): blockedByLocationOff callingUid=1002
09-01 14:30:16.692 I/BluetoothUtils( 8588): packagename is android.uid.bluetooth:1002 ,and its permission is false
09-01 14:30:16.700 V/bt_stack( 8588): [VERBOSE1:btm_ble_gap.cc(1923)] btm_ble_process_ext_adv_pkt: bda=4d:fc:af:c2:b2:22
09-01 14:30:16.700 V/bt_stack( 8588): [VERBOSE1:btm_ble_gap.cc(1847)] btm_ble_process_adv_addr: bda=4d:fc:af:c2:b2:22
09-01 14:30:16.700 V/bt_stack( 8588): [VERBOSE1:btm_ble_gap.cc(2052)]  Waiting for scan response 4d:fc:af:c2:b2:22
09-01 14:30:16.705 V/bt_stack( 8588): [VERBOSE1:btm_ble_gap.cc(1923)] btm_ble_process_ext_adv_pkt: bda=28:f0:76:67:1f:c7
09-01 14:30:16.706 V/bt_stack( 8588): [VERBOSE1:btm_ble_gap.cc(1847)] btm_ble_process_adv_addr: bda=28:f0:76:67:1f:c7
09-01 14:30:16.706 V/bt_stack( 8588): [VERBOSE1:btm_ble_gap.cc(2052)]  Waiting for scan response 28:f0:76:67:1f:c7
09-01 14:30:16.706 V/bt_stack( 8588): [VERBOSE1:btm_ble_gap.cc(1923)] btm_ble_process_ext_adv_pkt: bda=2e:17:70:f9:0b:48
09-01 14:30:16.706 V/bt_stack( 8588): [VERBOSE1:btm_ble_gap.cc(1847)] btm_ble_process_adv_addr: bda=2e:17:70:f9:0b:48
09-01 14:30:16.706 D/BluetoothUtils( 8588): blockedByLocationOff callingUid=1002
09-01 14:30:16.707 I/BluetoothUtils( 8588): packagename is android.uid.bluetooth:1002 ,and its permission is false
09-01 14:30:16.707 D/BluetoothUtils( 8588): blockedByLocationOff callingUid=1002
09-01 14:30:16.707 I/BluetoothUtils( 8588): packagename is android.uid.bluetooth:1002 ,and its permission is false
09-01 14:30:16.707 D/BluetoothUtils( 8588): blockedByLocationOff callingUid=1002
09-01 14:30:16.708 I/BluetoothUtils( 8588): packagename is android.uid.bluetooth:1002 ,and its permission is false
09-01 14:30:16.713 V/AsyncHttpResponse( 8179): Progress 4096 from 1 (409600%)
09-01 14:30:16.713 V/AsyncHttpResponse( 8179): Progress 4829 from 1 (482900%)
09-01 14:30:16.716 V/bt_stack( 8588): [VERBOSE1:btm_ble_gap.cc(1923)] btm_ble_process_ext_adv_pkt: bda=66:3e:07:e0:2b:d4
09-01 14:30:16.716 V/bt_stack( 8588): [VERBOSE1:btm_ble_gap.cc(1847)] btm_ble_process_adv_addr: bda=66:3e:07:e0:2b:d4
09-01 14:30:16.716 V/bt_stack( 8588): [VERBOSE1:btm_ble_gap.cc(2052)]  Waiting for scan response 66:3e:07:e0:2b:d4
09-01 14:30:16.716 V/bt_stack( 8588): [VERBOSE1:btm_ble_gap.cc(1923)] btm_ble_process_ext_adv_pkt: bda=66:3e:07:e0:2b:d4
09-01 14:30:16.716 V/bt_stack( 8588): [VERBOSE1:btm_ble_gap.cc(1847)] btm_ble_process_adv_addr: bda=66:3e:07:e0:2b:d4
09-01 14:30:16.716 D/BluetoothUtils( 8588): blockedByLocationOff callingUid=1002
09-01 14:30:16.717 I/BluetoothUtils( 8588): packagename is android.uid.bluetooth:1002 ,and its permission is false
09-01 14:30:16.717 D/BluetoothUtils( 8588): blockedByLocationOff callingUid=1002
09-01 14:30:16.717 I/BluetoothUtils( 8588): packagename is android.uid.bluetooth:1002 ,and its permission is false
09-01 14:30:16.717 D/BluetoothUtils( 8588): blockedByLocationOff callingUid=1002
09-01 14:30:16.718 I/BluetoothUtils( 8588): packagename is android.uid.bluetooth:1002 ,and its permission is false
09-01 14:30:16.735 V/bt_stack( 8588): [VERBOSE1:btm_ble_gap.cc(1923)] btm_ble_process_ext_adv_pkt: bda=70:33:97:a2:2a:78
09-01 14:30:16.735 V/bt_stack( 8588): [VERBOSE1:btm_ble_gap.cc(1847)] btm_ble_process_adv_addr: bda=70:33:97:a2:2a:78
09-01 14:30:16.735 V/bt_stack( 8588): [VERBOSE1:btm_ble_gap.cc(2052)]  Waiting for scan response 70:33:97:a2:2a:78
09-01 14:30:16.736 V/bt_stack( 8588): [VERBOSE1:btm_ble_gap.cc(1923)] btm_ble_process_ext_adv_pkt: bda=63:e7:6b:57:ac:90
09-01 14:30:16.736 V/bt_stack( 8588): [VERBOSE1:btm_ble_gap.cc(1847)] btm_ble_process_adv_addr: bda=63:e7:6b:57:ac:90
09-01 14:30:16.736 V/bt_stack( 8588): [VERBOSE1:btm_ble_gap.cc(2052)]  Waiting for scan response 63:e7:6b:57:ac:90
09-01 14:30:16.736 V/bt_stack( 8588): [VERBOSE1:btm_ble_gap.cc(1923)] btm_ble_process_ext_adv_pkt: bda=63:e7:6b:57:ac:90
09-01 14:30:16.736 V/bt_stack( 8588): [VERBOSE1:btm_ble_gap.cc(1847)] btm_ble_process_adv_addr: bda=63:e7:6b:57:ac:90
09-01 14:30:16.737 D/BluetoothUtils( 8588): blockedByLocationOff callingUid=1002
09-01 14:30:16.737 I/BluetoothUtils( 8588): packagename is android.uid.bluetooth:1002 ,and its permission is false
09-01 14:30:16.737 D/BluetoothUtils( 8588): blockedByLocationOff callingUid=1002
09-01 14:30:16.738 I/BluetoothUtils( 8588): packagename is android.uid.bluetooth:1002 ,and its permission is false
09-01 14:30:16.738 D/BluetoothUtils( 8588): blockedByLocationOff callingUid=1002
09-01 14:30:16.738 I/BluetoothUtils( 8588): packagename is android.uid.bluetooth:1002 ,and its permission is false
09-01 14:30:16.749 V/bt_stack( 8588): [VERBOSE1:btm_ble_gap.cc(1923)] btm_ble_process_ext_adv_pkt: bda=2a:1b:52:ac:62:5d
09-01 14:30:16.749 V/bt_stack( 8588): [VERBOSE1:btm_ble_gap.cc(1847)] btm_ble_process_adv_addr: bda=2a:1b:52:ac:62:5d
09-01 14:30:16.749 D/BluetoothUtils( 8588): blockedByLocationOff callingUid=1002
09-01 14:30:16.750 I/BluetoothUtils( 8588): packagename is android.uid.bluetooth:1002 ,and its permission is false
09-01 14:30:16.750 D/BluetoothUtils( 8588): blockedByLocationOff callingUid=1002
09-01 14:30:16.750 I/BluetoothUtils( 8588): packagename is android.uid.bluetooth:1002 ,and its permission is false
09-01 14:30:16.750 V/bt_stack( 8588): [VERBOSE1:btm_ble_gap.cc(1923)] btm_ble_process_ext_adv_pkt: bda=11:82:f5:89:45:91
09-01 14:30:16.750 V/bt_stack( 8588): [VERBOSE1:btm_ble_gap.cc(1847)] btm_ble_process_adv_addr: bda=11:82:f5:89:45:91
09-01 14:30:16.750 D/BluetoothUtils( 8588): blockedByLocationOff callingUid=1002
09-01 14:30:16.751 I/BluetoothUtils( 8588): packagename is android.uid.bluetooth:1002 ,and its permission is false
09-01 14:30:16.751 D/BluetoothUtils( 8588): blockedByLocationOff callingUid=1002
09-01 14:30:16.752 I/BluetoothUtils( 8588): packagename is android.uid.bluetooth:1002 ,and its permission is false
09-01 14:30:16.752 D/BluetoothUtils( 8588): blockedByLocationOff callingUid=1002
09-01 14:30:16.752 I/BluetoothUtils( 8588): packagename is android.uid.bluetooth:1002 ,and its permission is false
09-01 14:30:16.752 D/BluetoothUtils( 8588): blockedByLocationOff callingUid=1002
09-01 14:30:16.753 I/BluetoothUtils( 8588): packagename is android.uid.bluetooth:1002 ,and its permission is false
09-01 14:30:16.756 V/bt_stack( 8588): [VERBOSE1:btm_ble_gap.cc(1923)] btm_ble_process_ext_adv_pkt: bda=11:f0:0b:88:34:0c
09-01 14:30:16.756 V/bt_stack( 8588): [VERBOSE1:btm_ble_gap.cc(1847)] btm_ble_process_adv_addr: bda=11:f0:0b:88:34:0c
09-01 14:30:16.757 D/BluetoothUtils( 8588): blockedByLocationOff callingUid=1002
09-01 14:30:16.757 I/BluetoothUtils( 8588): packagename is android.uid.bluetooth:1002 ,and its permission is false
09-01 14:30:16.757 D/BluetoothUtils( 8588): blockedByLocationOff callingUid=1002
09-01 14:30:16.757 I/BluetoothUtils( 8588): packagename is android.uid.bluetooth:1002 ,and its permission is false
09-01 14:30:16.757 D/BluetoothUtils( 8588): blockedByLocationOff callingUid=1002
09-01 14:30:16.757 I/BluetoothUtils( 8588): packagename is android.uid.bluetooth:1002 ,and its permission is false
09-01 14:30:16.762 V/bt_stack( 8588): [VERBOSE1:btm_ble_gap.cc(1923)] btm_ble_process_ext_adv_pkt: bda=24:65:c8:81:ba:6f
09-01 14:30:16.762 V/bt_stack( 8588): [VERBOSE1:btm_ble_gap.cc(1847)] btm_ble_process_adv_addr: bda=24:65:c8:81:ba:6f
09-01 14:30:16.763 D/BluetoothUtils( 8588): blockedByLocationOff callingUid=1002
09-01 14:30:16.763 I/BluetoothUtils( 8588): packagename is android.uid.bluetooth:1002 ,and its permission is false
09-01 14:30:16.763 D/BluetoothUtils( 8588): blockedByLocationOff callingUid=1002
09-01 14:30:16.763 I/BluetoothUtils( 8588): packagename is android.uid.bluetooth:1002 ,and its permission is false
09-01 14:30:16.763 D/BluetoothUtils( 8588): blockedByLocationOff callingUid=1002
09-01 14:30:16.764 I/BluetoothUtils( 8588): packagename is android.uid.bluetooth:1002 ,and its permission is false
09-01 14:30:16.766 V/bt_stack( 8588): [VERBOSE1:btm_ble_gap.cc(1923)] btm_ble_process_ext_adv_pkt: bda=3a:23:cb:4a:85:2d
09-01 14:30:16.766 V/bt_stack( 8588): [VERBOSE1:btm_ble_gap.cc(1847)] btm_ble_process_adv_addr: bda=3a:23:cb:4a:85:2d
09-01 14:30:16.767 D/BluetoothUtils( 8588): blockedByLocationOff callingUid=1002
09-01 14:30:16.767 I/BluetoothUtils( 8588): packagename is android.uid.bluetooth:1002 ,and its permission is false
09-01 14:30:16.767 D/BluetoothUtils( 8588): blockedByLocationOff callingUid=1002
09-01 14:30:16.767 I/BluetoothUtils( 8588): packagename is android.uid.bluetooth:1002 ,and its permission is false
09-01 14:30:16.767 D/BluetoothUtils( 8588): blockedByLocationOff callingUid=1002
09-01 14:30:16.767 I/BluetoothUtils( 8588): packagename is android.uid.bluetooth:1002 ,and its permission is false
09-01 14:30:16.769 V/bt_stack( 8588): [VERBOSE1:btm_ble_gap.cc(1923)] btm_ble_process_ext_adv_pkt: bda=56:e4:da:79:d5:88
09-01 14:30:16.769 V/bt_stack( 8588): [VERBOSE1:btm_ble_gap.cc(1847)] btm_ble_process_adv_addr: bda=56:e4:da:79:d5:88
09-01 14:30:16.769 V/bt_stack( 8588): [VERBOSE1:btm_ble_gap.cc(2052)]  Waiting for scan response 56:e4:da:79:d5:88
09-01 14:30:16.770 V/bt_stack( 8588): [VERBOSE1:btm_ble_gap.cc(1923)] btm_ble_process_ext_adv_pkt: bda=56:e4:da:79:d5:88
09-01 14:30:16.770 V/bt_stack( 8588): [VERBOSE1:btm_ble_gap.cc(1847)] btm_ble_process_adv_addr: bda=56:e4:da:79:d5:88
09-01 14:30:16.771 V/bt_stack( 8588): [VERBOSE1:btm_ble_gap.cc(1923)] btm_ble_process_ext_adv_pkt: bda=48:14:81:f8:b8:84
09-01 14:30:16.771 D/BluetoothUtils( 8588): blockedByLocationOff callingUid=1002
09-01 14:30:16.771 V/bt_stack( 8588): [VERBOSE1:btm_ble_gap.cc(1847)] btm_ble_process_adv_addr: bda=48:14:81:f8:b8:84
09-01 14:30:16.771 V/bt_stack( 8588): [VERBOSE1:btm_ble_gap.cc(2052)]  Waiting for scan response 48:14:81:f8:b8:84
09-01 14:30:16.771 V/bt_stack( 8588): [VERBOSE1:btm_ble_gap.cc(1923)] btm_ble_process_ext_adv_pkt: bda=48:14:81:f8:b8:84
09-01 14:30:16.771 V/bt_stack( 8588): [VERBOSE1:btm_ble_gap.cc(1847)] btm_ble_process_adv_addr: bda=48:14:81:f8:b8:84
09-01 14:30:16.772 I/BluetoothUtils( 8588): packagename is android.uid.bluetooth:1002 ,and its permission is false
09-01 14:30:16.772 D/BluetoothUtils( 8588): blockedByLocationOff callingUid=1002
09-01 14:30:16.773 I/BluetoothUtils( 8588): packagename is android.uid.bluetooth:1002 ,and its permission is false
09-01 14:30:16.773 D/BluetoothUtils( 8588): blockedByLocationOff callingUid=1002
09-01 14:30:16.774 V/bt_stack( 8588): [VERBOSE1:btm_ble_gap.cc(1923)] btm_ble_process_ext_adv_pkt: bda=17:7e:29:ab:4e:d0
09-01 14:30:16.774 V/bt_stack( 8588): [VERBOSE1:btm_ble_gap.cc(1847)] btm_ble_process_adv_addr: bda=17:7e:29:ab:4e:d0
09-01 14:30:16.774 I/BluetoothUtils( 8588): packagename is android.uid.bluetooth:1002 ,and its permission is false
09-01 14:30:16.775 D/BluetoothUtils( 8588): blockedByLocationOff callingUid=1002
09-01 14:30:16.775 I/BluetoothUtils( 8588): packagename is android.uid.bluetooth:1002 ,and its permission is false
09-01 14:30:16.775 D/BluetoothUtils( 8588): blockedByLocationOff callingUid=1002
09-01 14:30:16.776 I/BluetoothUtils( 8588): packagename is android.uid.bluetooth:1002 ,and its permission is false
09-01 14:30:16.776 D/BluetoothUtils( 8588): blockedByLocationOff callingUid=1002
09-01 14:30:16.776 I/BluetoothUtils( 8588): packagename is android.uid.bluetooth:1002 ,and its permission is false
09-01 14:30:16.777 D/BluetoothUtils( 8588): blockedByLocationOff callingUid=1002
09-01 14:30:16.777 I/BluetoothUtils( 8588): packagename is android.uid.bluetooth:1002 ,and its permission is false
09-01 14:30:16.777 D/BluetoothUtils( 8588): blockedByLocationOff callingUid=1002
09-01 14:30:16.777 I/BluetoothUtils( 8588): packagename is android.uid.bluetooth:1002 ,and its permission is false
09-01 14:30:16.778 D/BluetoothUtils( 8588): blockedByLocationOff callingUid=1002
09-01 14:30:16.778 I/BluetoothUtils( 8588): packagename is android.uid.bluetooth:1002 ,and its permission is false
09-01 14:30:16.813 I/vendor.qti.bluetooth@1.0-ibs_handler(19843): ProcessIbsCmd: Received IBS_SLEEP_IND: 0xFE
09-01 14:30:16.813 D/vendor.qti.bluetooth@1.0-ibs_handler(19843): SerialClockVote: vote for UART CLK OFF
09-01 14:30:16.841 I/vendor.qti.bluetooth@1.0-ibs_handler(19843): ProcessIbsCmd: Received IBS_WAKE_IND: 0xFD
09-01 14:30:16.841 D/vendor.qti.bluetooth@1.0-ibs_handler(19843): SerialClockVote: vote for UART CLK ON
09-01 14:30:16.841 I/vendor.qti.bluetooth@1.0-ibs_handler(19843): ProcessIbsCmd: Writing IBS_WAKE_ACK
09-01 14:30:16.842 V/bt_stack( 8588): [VERBOSE1:btm_ble_gap.cc(1923)] btm_ble_process_ext_adv_pkt: bda=28:f0:76:67:1f:c7
09-01 14:30:16.842 V/bt_stack( 8588): [VERBOSE1:btm_ble_gap.cc(1847)] btm_ble_process_adv_addr: bda=28:f0:76:67:1f:c7
09-01 14:30:16.842 V/bt_stack( 8588): [VERBOSE1:btm_ble_gap.cc(2052)]  Waiting for scan response 28:f0:76:67:1f:c7
09-01 14:30:16.843 V/bt_stack( 8588): [VERBOSE1:btm_ble_gap.cc(1923)] btm_ble_process_ext_adv_pkt: bda=5c:29:57:19:d9:ea
09-01 14:30:16.843 V/bt_stack( 8588): [VERBOSE1:btm_ble_gap.cc(1847)] btm_ble_process_adv_addr: bda=5c:29:57:19:d9:ea
09-01 14:30:16.844 D/BluetoothUtils( 8588): blockedByLocationOff callingUid=1002
09-01 14:30:16.844 I/BluetoothUtils( 8588): packagename is android.uid.bluetooth:1002 ,and its permission is false
09-01 14:30:16.844 D/BluetoothUtils( 8588): blockedByLocationOff callingUid=1002
09-01 14:30:16.844 V/bt_stack( 8588): [VERBOSE1:btm_ble_gap.cc(1923)] btm_ble_process_ext_adv_pkt: bda=12:72:eb:81:32:03
09-01 14:30:16.844 V/bt_stack( 8588): [VERBOSE1:btm_ble_gap.cc(1847)] btm_ble_process_adv_addr: bda=12:72:eb:81:32:03
09-01 14:30:16.844 I/BluetoothUtils( 8588): packagename is android.uid.bluetooth:1002 ,and its permission is false
09-01 14:30:16.845 D/BluetoothUtils( 8588): blockedByLocationOff callingUid=1002
09-01 14:30:16.845 I/BluetoothUtils( 8588): packagename is android.uid.bluetooth:1002 ,and its permission is false
09-01 14:30:16.845 D/BluetoothUtils( 8588): blockedByLocationOff callingUid=1002
09-01 14:30:16.846 I/BluetoothUtils( 8588): packagename is android.uid.bluetooth:1002 ,and its permission is false
09-01 14:30:16.846 D/BluetoothUtils( 8588): blockedByLocationOff callingUid=1002
09-01 14:30:16.846 I/BluetoothUtils( 8588): packagename is android.uid.bluetooth:1002 ,and its permission is false
09-01 14:30:16.846 D/BluetoothUtils( 8588): blockedByLocationOff callingUid=1002
09-01 14:30:16.846 I/BluetoothUtils( 8588): packagename is android.uid.bluetooth:1002 ,and its permission is false
09-01 14:30:16.854 V/bt_stack( 8588): [VERBOSE1:btm_ble_gap.cc(1923)] btm_ble_process_ext_adv_pkt: bda=11:82:f5:89:45:91
09-01 14:30:16.854 V/bt_stack( 8588): [VERBOSE1:btm_ble_gap.cc(1847)] btm_ble_process_adv_addr: bda=11:82:f5:89:45:91
09-01 14:30:16.855 D/BluetoothUtils( 8588): blockedByLocationOff callingUid=1002
09-01 14:30:16.855 I/BluetoothUtils( 8588): packagename is android.uid.bluetooth:1002 ,and its permission is false
09-01 14:30:16.855 D/BluetoothUtils( 8588): blockedByLocationOff callingUid=1002
09-01 14:30:16.856 I/BluetoothUtils( 8588): packagename is android.uid.bluetooth:1002 ,and its permission is false
09-01 14:30:16.856 D/BluetoothUtils( 8588): blockedByLocationOff callingUid=1002
09-01 14:30:16.856 I/BluetoothUtils( 8588): packagename is android.uid.bluetooth:1002 ,and its permission is false
09-01 14:30:16.859 V/bt_stack( 8588): [VERBOSE1:btm_ble_gap.cc(1923)] btm_ble_process_ext_adv_pkt: bda=17:be:83:99:5a:17
09-01 14:30:16.859 V/bt_stack( 8588): [VERBOSE1:btm_ble_gap.cc(1847)] btm_ble_process_adv_addr: bda=17:be:83:99:5a:17
09-01 14:30:16.860 D/BluetoothUtils( 8588): blockedByLocationOff callingUid=1002
09-01 14:30:16.860 I//system/vendor/bin/mi_thermald( 1070): thermal_cpu_set_level: set cpu freq of cpu7 to 2016000
09-01 14:30:16.860 I//system/vendor/bin/mi_thermald( 1070): thermal_cpu_set_level: set cpu freq of cpu4 to 2016000
09-01 14:30:16.860 I/BluetoothUtils( 8588): packagename is android.uid.bluetooth:1002 ,and its permission is false
09-01 14:30:16.860 D/BluetoothUtils( 8588): blockedByLocationOff callingUid=1002
09-01 14:30:16.861 I/BluetoothUtils( 8588): packagename is android.uid.bluetooth:1002 ,and its permission is false
09-01 14:30:16.861 D/BluetoothUtils( 8588): blockedByLocationOff callingUid=1002
09-01 14:30:16.861 I/BluetoothUtils( 8588): packagename is android.uid.bluetooth:1002 ,and its permission is false
09-01 14:30:16.861 V/bt_stack( 8588): [VERBOSE1:btm_ble_gap.cc(1923)] btm_ble_process_ext_adv_pkt: bda=0c:1a:06:0e:96:57
09-01 14:30:16.861 V/bt_stack( 8588): [VERBOSE1:btm_ble_gap.cc(1847)] btm_ble_process_adv_addr: bda=0c:1a:06:0e:96:57
09-01 14:30:16.862 D/BluetoothUtils( 8588): blockedByLocationOff callingUid=1002
09-01 14:30:16.862 I/BluetoothUtils( 8588): packagename is android.uid.bluetooth:1002 ,and its permission is false
09-01 14:30:16.862 D/BluetoothUtils( 8588): blockedByLocationOff callingUid=1002
09-01 14:30:16.863 I/BluetoothUtils( 8588): packagename is android.uid.bluetooth:1002 ,and its permission is false
09-01 14:30:16.863 D/BluetoothUtils( 8588): blockedByLocationOff callingUid=1002
09-01 14:30:16.863 I/BluetoothUtils( 8588): packagename is android.uid.bluetooth:1002 ,and its permission is false
09-01 14:30:16.866 V/bt_stack( 8588): [VERBOSE1:btm_ble_gap.cc(1923)] btm_ble_process_ext_adv_pkt: bda=ef:c7:41:c6:68:90
09-01 14:30:16.866 V/bt_stack( 8588): [VERBOSE1:btm_ble_gap.cc(1847)] btm_ble_process_adv_addr: bda=ef:c7:41:c6:68:90
09-01 14:30:16.866 V/bt_stack( 8588): [VERBOSE1:btm_ble_gap.cc(2052)]  Waiting for scan response ef:c7:41:c6:68:90
09-01 14:30:16.867 V/bt_stack( 8588): [VERBOSE1:btm_ble_gap.cc(1923)] btm_ble_process_ext_adv_pkt: bda=3a:23:cb:4a:85:2d
09-01 14:30:16.867 V/bt_stack( 8588): [VERBOSE1:btm_ble_gap.cc(1847)] btm_ble_process_adv_addr: bda=3a:23:cb:4a:85:2d
09-01 14:30:16.868 D/BluetoothUtils( 8588): blockedByLocationOff callingUid=1002
09-01 14:30:16.868 I/BluetoothUtils( 8588): packagename is android.uid.bluetooth:1002 ,and its permission is false
09-01 14:30:16.868 D/BluetoothUtils( 8588): blockedByLocationOff callingUid=1002
09-01 14:30:16.870 I/BluetoothUtils( 8588): packagename is android.uid.bluetooth:1002 ,and its permission is false
09-01 14:30:16.870 D/BluetoothUtils( 8588): blockedByLocationOff callingUid=1002
09-01 14:30:16.871 I/BluetoothUtils( 8588): packagename is android.uid.bluetooth:1002 ,and its permission is false
09-01 14:30:16.873 V/bt_stack( 8588): [VERBOSE1:btm_ble_gap.cc(1923)] btm_ble_process_ext_adv_pkt: bda=06:fa:50:9b:39:c0
09-01 14:30:16.873 V/bt_stack( 8588): [VERBOSE1:btm_ble_gap.cc(1847)] btm_ble_process_adv_addr: bda=06:fa:50:9b:39:c0
09-01 14:30:16.874 D/BluetoothUtils( 8588): blockedByLocationOff callingUid=1002
09-01 14:30:16.874 I/BluetoothUtils( 8588): packagename is android.uid.bluetooth:1002 ,and its permission is false
09-01 14:30:16.874 D/BluetoothUtils( 8588): blockedByLocationOff callingUid=1002
09-01 14:30:16.874 I/BluetoothUtils( 8588): packagename is android.uid.bluetooth:1002 ,and its permission is false
09-01 14:30:16.874 D/BluetoothUtils( 8588): blockedByLocationOff callingUid=1002
09-01 14:30:16.875 I/BluetoothUtils( 8588): packagename is android.uid.bluetooth:1002 ,and its permission is false
09-01 14:30:16.884 V/bt_stack( 8588): [VERBOSE1:btm_ble_gap.cc(1923)] btm_ble_process_ext_adv_pkt: bda=d5:fe:ca:e3:d1:ce
09-01 14:30:16.885 V/bt_stack( 8588): [VERBOSE1:btm_ble_gap.cc(1847)] btm_ble_process_adv_addr: bda=d5:fe:ca:e3:d1:ce
09-01 14:30:16.885 V/bt_stack( 8588): [VERBOSE1:btm_ble_gap.cc(2052)]  Waiting for scan response d5:fe:ca:e3:d1:ce
09-01 14:30:16.885 V/bt_stack( 8588): [VERBOSE1:btm_ble_gap.cc(1923)] btm_ble_process_ext_adv_pkt: bda=d5:fe:ca:e3:d1:ce
09-01 14:30:16.885 V/bt_stack( 8588): [VERBOSE1:btm_ble_gap.cc(1847)] btm_ble_process_adv_addr: bda=d5:fe:ca:e3:d1:ce
09-01 14:30:16.886 V/bt_stack( 8588): [VERBOSE1:btm_ble_gap.cc(1923)] btm_ble_process_ext_adv_pkt: bda=0a:29:89:b7:c8:4a
09-01 14:30:16.886 V/bt_stack( 8588): [VERBOSE1:btm_ble_gap.cc(1847)] btm_ble_process_adv_addr: bda=0a:29:89:b7:c8:4a
09-01 14:30:16.886 D/BluetoothUtils( 8588): blockedByLocationOff callingUid=1002
09-01 14:30:16.887 I/BluetoothUtils( 8588): packagename is android.uid.bluetooth:1002 ,and its permission is false
09-01 14:30:16.887 D/BluetoothUtils( 8588): blockedByLocationOff callingUid=1002
09-01 14:30:16.889 I/BluetoothUtils( 8588): packagename is android.uid.bluetooth:1002 ,and its permission is false
09-01 14:30:16.889 D/BluetoothUtils( 8588): blockedByLocationOff callingUid=1002
09-01 14:30:16.890 I/BluetoothUtils( 8588): packagename is android.uid.bluetooth:1002 ,and its permission is false
09-01 14:30:16.890 D/BluetoothUtils( 8588): blockedByLocationOff callingUid=1002
09-01 14:30:16.891 I/BluetoothUtils( 8588): packagename is android.uid.bluetooth:1002 ,and its permission is false
09-01 14:30:16.891 D/BluetoothUtils( 8588): blockedByLocationOff callingUid=1002
09-01 14:30:16.891 I/BluetoothUtils( 8588): packagename is android.uid.bluetooth:1002 ,and its permission is false
09-01 14:30:16.891 D/BluetoothUtils( 8588): blockedByLocationOff callingUid=1002
09-01 14:30:16.891 I/BluetoothUtils( 8588): packagename is android.uid.bluetooth:1002 ,and its permission is false
09-01 14:30:16.905 W/AsyncHttpResponse( 8179): Current thread has not called Looper.prepare().Forcing synchronous mode
09-01 14:30:16.910 E/ResolverController(  679): No valid NAT64 prefix (116, <unspecified>/0)
09-01 14:30:16.914 V/bt_stack( 8588): [VERBOSE1:btm_ble_gap.cc(1923)] btm_ble_process_ext_adv_pkt: bda=45:55:7e:66:6f:d0
09-01 14:30:16.914 V/bt_stack( 8588): [VERBOSE1:btm_ble_gap.cc(1847)] btm_ble_process_adv_addr: bda=45:55:7e:66:6f:d0
09-01 14:30:16.914 V/bt_stack( 8588): [VERBOSE1:btm_ble_gap.cc(2052)]  Waiting for scan response 45:55:7e:66:6f:d0
09-01 14:30:16.914 V/bt_stack( 8588): [VERBOSE1:btm_ble_gap.cc(1923)] btm_ble_process_ext_adv_pkt: bda=07:e4:7f:b4:5f:d9
09-01 14:30:16.914 V/bt_stack( 8588): [VERBOSE1:btm_ble_gap.cc(1847)] btm_ble_process_adv_addr: bda=07:e4:7f:b4:5f:d9
09-01 14:30:16.915 D/BluetoothUtils( 8588): blockedByLocationOff callingUid=1002
09-01 14:30:16.916 I/BluetoothUtils( 8588): packagename is android.uid.bluetooth:1002 ,and its permission is false
09-01 14:30:16.916 D/BluetoothUtils( 8588): blockedByLocationOff callingUid=1002
09-01 14:30:16.916 I/BluetoothUtils( 8588): packagename is android.uid.bluetooth:1002 ,and its permission is false
