09-01 14:30:16.177 D/BluetoothUtils( 8588): blockedByLocationOff callingUid=1002
09-01 14:30:16.178 I/BluetoothUtils( 8588): packagename is android.uid.bluetooth:1002 ,and its permission is false
09-01 14:30:16.178 I/appium  ( 8119): Find element command using 'id' with selector 'ft_profile_care_num'.
09-01 14:30:16.178 I/appium  ( 8119): Waiting up to 10000ms for device to be idle
09-01 14:30:16.182 V/bt_stack( 8588): [VERBOSE1:btm_ble_gap.cc(1923)] btm_ble_process_ext_adv_pkt: bda=c3:b2:c9:2f:be:ec
09-01 14:30:16.182 V/bt_stack( 8588): [VERBOSE1:btm_ble_gap.cc(1847)] btm_ble_process_adv_addr: bda=c3:b2:c9:2f:be:ec
09-01 14:30:16.182 V/bt_stack( 8588): [VERBOSE1:btm_ble_gap.cc(2052)]  Waiting for scan response c3:b2:c9:2f:be:ec
09-01 14:30:16.183 V/bt_stack( 8588): [VERBOSE1:btm_ble_gap.cc(1923)] btm_ble_process_ext_adv_pkt: bda=2e:17:70:f9:0b:48
09-01 14:30:16.183 V/bt_stack( 8588): [VERBOSE1:btm_ble_gap.cc(1847)] btm_ble_process_adv_addr: bda=2e:17:70:f9:0b:48
09-01 14:30:16.185 D/BluetoothUtils( 8588): blockedByLocationOff callingUid=1002
09-01 14:30:16.185 I/BluetoothUtils( 8588): packagename is android.uid.bluetooth:1002 ,and its permission is false
09-01 14:30:16.185 D/BluetoothUtils( 8588): blockedByLocationOff callingUid=1002
09-01 14:30:16.185 I/BluetoothUtils( 8588): packagename is android.uid.bluetooth:1002 ,and its permission is false
09-01 14:30:16.185 D/BluetoothUtils( 8588): blockedByLocationOff callingUid=1002
09-01 14:30:16.186 I/BluetoothUtils( 8588): packagename is android.uid.bluetooth:1002 ,and its permission is false
09-01 14:30:16.201 I/appium  ( 8119): AppiumResponse: {"sessionId":"6bc493e8-63d1-4d52-9347-11257968596d","value":{"ELEMENT":"e582e818-ae4d-4a86-8103-1109132b0daa","element-6066-11e4-a52e-4f735466cecf":"e582e818-ae4d-4a86-8103-1109132b0daa"}}
09-01 14:30:16.214 V/bt_stack( 8588): [VERBOSE1:btm_ble_gap.cc(1923)] btm_ble_process_ext_adv_pkt: bda=c7:9e:cc:49:b0:5d
09-01 14:30:16.214 V/bt_stack( 8588): [VERBOSE1:btm_ble_gap.cc(1847)] btm_ble_process_adv_addr: bda=c7:9e:cc:49:b0:5d
09-01 14:30:16.214 V/bt_stack( 8588): [VERBOSE1:btm_ble_gap.cc(2052)]  Waiting for scan response c7:9e:cc:49:b0:5d
09-01 14:30:16.214 V/bt_stack( 8588): [VERBOSE1:btm_ble_gap.cc(1923)] btm_ble_process_ext_adv_pkt: bda=56:e4:da:79:d5:88
09-01 14:30:16.214 V/bt_stack( 8588): [VERBOSE1:btm_ble_gap.cc(1847)] btm_ble_process_adv_addr: bda=56:e4:da:79:d5:88
09-01 14:30:16.214 V/bt_stack( 8588): [VERBOSE1:btm_ble_gap.cc(2052)]  Waiting for scan response 56:e4:da:79:d5:88
09-01 14:30:16.214 V/bt_stack( 8588): [VERBOSE1:btm_ble_gap.cc(1923)] btm_ble_process_ext_adv_pkt: bda=56:e4:da:79:d5:88
09-01 14:30:16.214 V/bt_stack( 8588): [VERBOSE1:btm_ble_gap.cc(1847)] btm_ble_process_adv_addr: bda=56:e4:da:79:d5:88
09-01 14:30:16.215 D/BluetoothUtils( 8588): blockedByLocationOff callingUid=1002
09-01 14:30:16.215 I/BluetoothUtils( 8588): packagename is android.uid.bluetooth:1002 ,and its permission is false
09-01 14:30:16.216 D/BluetoothUtils( 8588): blockedByLocationOff callingUid=1002
09-01 14:30:16.216 I/BluetoothUtils( 8588): packagename is android.uid.bluetooth:1002 ,and its permission is false
09-01 14:30:16.216 D/BluetoothUtils( 8588): blockedByLocationOff callingUid=1002
09-01 14:30:16.216 I/BluetoothUtils( 8588): packagename is android.uid.bluetooth:1002 ,and its permission is false
09-01 14:30:16.225 V/bt_stack( 8588): [VERBOSE1:btm_ble_gap.cc(1923)] btm_ble_process_ext_adv_pkt: bda=0c:1a:06:0e:96:57
09-01 14:30:16.225 V/bt_stack( 8588): [VERBOSE1:btm_ble_gap.cc(1847)] btm_ble_process_adv_addr: bda=0c:1a:06:0e:96:57
09-01 14:30:16.226 D/BluetoothUtils( 8588): blockedByLocationOff callingUid=1002
09-01 14:30:16.226 V/bt_stack( 8588): [VERBOSE1:btm_ble_gap.cc(1923)] btm_ble_process_ext_adv_pkt: bda=2a:1b:52:ac:62:5d
09-01 14:30:16.226 V/bt_stack( 8588): [VERBOSE1:btm_ble_gap.cc(1847)] btm_ble_process_adv_addr: bda=2a:1b:52:ac:62:5d
09-01 14:30:16.227 I/BluetoothUtils( 8588): packagename is android.uid.bluetooth:1002 ,and its permission is false
09-01 14:30:16.227 D/BluetoothUtils( 8588): blockedByLocationOff callingUid=1002
09-01 14:30:16.227 I/BluetoothUtils( 8588): packagename is android.uid.bluetooth:1002 ,and its permission is false
09-01 14:30:16.227 D/BluetoothUtils( 8588): blockedByLocationOff callingUid=1002
09-01 14:30:16.227 I/BluetoothUtils( 8588): packagename is android.uid.bluetooth:1002 ,and its permission is false
09-01 14:30:16.228 D/BluetoothUtils( 8588): blockedByLocationOff callingUid=1002
09-01 14:30:16.229 I/BluetoothUtils( 8588): packagename is android.uid.bluetooth:1002 ,and its permission is false
09-01 14:30:16.229 D/BluetoothUtils( 8588): blockedByLocationOff callingUid=1002
09-01 14:30:16.229 I/BluetoothUtils( 8588): packagename is android.uid.bluetooth:1002 ,and its permission is false
09-01 14:30:16.229 D/BluetoothUtils( 8588): blockedByLocationOff callingUid=1002
09-01 14:30:16.229 I/BluetoothUtils( 8588): packagename is android.uid.bluetooth:1002 ,and its permission is false
09-01 14:30:16.229 V/bt_stack( 8588): [VERBOSE1:btm_ble_gap.cc(1923)] btm_ble_process_ext_adv_pkt: bda=38:f9:d3:45:87:1e
09-01 14:30:16.229 V/bt_stack( 8588): [VERBOSE1:btm_ble_gap.cc(1847)] btm_ble_process_adv_addr: bda=38:f9:d3:45:87:1e
09-01 14:30:16.230 V/bt_stack( 8588): [VERBOSE1:btm_ble_gap.cc(2052)]  Waiting for scan response 38:f9:d3:45:87:1e
09-01 14:30:16.230 V/bt_stack( 8588): [VERBOSE1:btm_ble_gap.cc(1923)] btm_ble_process_ext_adv_pkt: bda=38:f9:d3:45:87:1e
09-01 14:30:16.230 V/bt_stack( 8588): [VERBOSE1:btm_ble_gap.cc(1847)] btm_ble_process_adv_addr: bda=38:f9:d3:45:87:1e
09-01 14:30:16.230 D/BluetoothUtils( 8588): blockedByLocationOff callingUid=1002
09-01 14:30:16.231 I/BluetoothUtils( 8588): packagename is android.uid.bluetooth:1002 ,and its permission is false
09-01 14:30:16.231 D/BluetoothUtils( 8588): blockedByLocationOff callingUid=1002
09-01 14:30:16.231 I/BluetoothUtils( 8588): packagename is android.uid.bluetooth:1002 ,and its permission is false
09-01 14:30:16.231 D/BluetoothUtils( 8588): blockedByLocationOff callingUid=1002
09-01 14:30:16.231 I/BluetoothUtils( 8588): packagename is android.uid.bluetooth:1002 ,and its permission is false
09-01 14:30:16.233 V/bt_stack( 8588): [VERBOSE1:btm_ble_gap.cc(1923)] btm_ble_process_ext_adv_pkt: bda=24:65:c8:81:ba:6f
09-01 14:30:16.233 V/bt_stack( 8588): [VERBOSE1:btm_ble_gap.cc(1847)] btm_ble_process_adv_addr: bda=24:65:c8:81:ba:6f
09-01 14:30:16.234 D/BluetoothUtils( 8588): blockedByLocationOff callingUid=1002
09-01 14:30:16.235 I/BluetoothUtils( 8588): packagename is android.uid.bluetooth:1002 ,and its permission is false
09-01 14:30:16.235 D/BluetoothUtils( 8588): blockedByLocationOff callingUid=1002
09-01 14:30:16.235 I/BluetoothUtils( 8588): packagename is android.uid.bluetooth:1002 ,and its permission is false
09-01 14:30:16.235 D/BluetoothUtils( 8588): blockedByLocationOff callingUid=1002
09-01 14:30:16.235 I/BluetoothUtils( 8588): packagename is android.uid.bluetooth:1002 ,and its permission is false
09-01 14:30:16.246 V/bt_stack( 8588): [VERBOSE1:btm_ble_gap.cc(1923)] btm_ble_process_ext_adv_pkt: bda=44:ca:73:cc:df:42
09-01 14:30:16.246 V/bt_stack( 8588): [VERBOSE1:btm_ble_gap.cc(1847)] btm_ble_process_adv_addr: bda=44:ca:73:cc:df:42
09-01 14:30:16.246 V/bt_stack( 8588): [VERBOSE1:btm_ble_gap.cc(2052)]  Waiting for scan response 44:ca:73:cc:df:42
09-01 14:30:16.246 V/bt_stack( 8588): [VERBOSE1:btm_ble_gap.cc(1923)] btm_ble_process_ext_adv_pkt: bda=06:fa:50:9b:39:c0
09-01 14:30:16.246 V/bt_stack( 8588): [VERBOSE1:btm_ble_gap.cc(1847)] btm_ble_process_adv_addr: bda=06:fa:50:9b:39:c0
09-01 14:30:16.247 D/BluetoothUtils( 8588): blockedByLocationOff callingUid=1002
09-01 14:30:16.248 I/BluetoothUtils( 8588): packagename is android.uid.bluetooth:1002 ,and its permission is false
09-01 14:30:16.248 D/BluetoothUtils( 8588): blockedByLocationOff callingUid=1002
09-01 14:30:16.248 I/BluetoothUtils( 8588): packagename is android.uid.bluetooth:1002 ,and its permission is false
09-01 14:30:16.248 D/BluetoothUtils( 8588): blockedByLocationOff callingUid=1002
09-01 14:30:16.248 I/BluetoothUtils( 8588): packagename is android.uid.bluetooth:1002 ,and its permission is false
09-01 14:30:16.248 V/bt_stack( 8588): [VERBOSE1:btm_ble_gap.cc(1923)] btm_ble_process_ext_adv_pkt: bda=21:49:00:85:03:0b
09-01 14:30:16.249 V/bt_stack( 8588): [VERBOSE1:btm_ble_gap.cc(1847)] btm_ble_process_adv_addr: bda=21:49:00:85:03:0b
09-01 14:30:16.249 V/bt_stack( 8588): [VERBOSE1:btm_ble_gap.cc(1923)] btm_ble_process_ext_adv_pkt: bda=17:7e:29:ab:4e:d0
09-01 14:30:16.249 V/bt_stack( 8588): [VERBOSE1:btm_ble_gap.cc(1847)] btm_ble_process_adv_addr: bda=17:7e:29:ab:4e:d0
09-01 14:30:16.249 D/BluetoothUtils( 8588): blockedByLocationOff callingUid=1002
09-01 14:30:16.250 I/BluetoothUtils( 8588): packagename is android.uid.bluetooth:1002 ,and its permission is false
09-01 14:30:16.250 D/BluetoothUtils( 8588): blockedByLocationOff callingUid=1002
09-01 14:30:16.250 I/BluetoothUtils( 8588): packagename is android.uid.bluetooth:1002 ,and its permission is false
09-01 14:30:16.250 D/BluetoothUtils( 8588): blockedByLocationOff callingUid=1002
09-01 14:30:16.251 I/BluetoothUtils( 8588): packagename is android.uid.bluetooth:1002 ,and its permission is false
09-01 14:30:16.251 D/BluetoothUtils( 8588): blockedByLocationOff callingUid=1002
09-01 14:30:16.252 I/BluetoothUtils( 8588): packagename is android.uid.bluetooth:1002 ,and its permission is false
09-01 14:30:16.252 D/BluetoothUtils( 8588): blockedByLocationOff callingUid=1002
09-01 14:30:16.252 I/BluetoothUtils( 8588): packagename is android.uid.bluetooth:1002 ,and its permission is false
09-01 14:30:16.252 D/BluetoothUtils( 8588): blockedByLocationOff callingUid=1002
09-01 14:30:16.252 I/BluetoothUtils( 8588): packagename is android.uid.bluetooth:1002 ,and its permission is false
09-01 14:30:16.253 V/bt_stack( 8588): [VERBOSE1:btm_ble_gap.cc(1923)] btm_ble_process_ext_adv_pkt: bda=46:60:09:cb:cf:ec
09-01 14:30:16.253 V/bt_stack( 8588): [VERBOSE1:btm_ble_gap.cc(1847)] btm_ble_process_adv_addr: bda=46:60:09:cb:cf:ec
09-01 14:30:16.253 V/bt_stack( 8588): [VERBOSE1:btm_ble_gap.cc(2052)]  Waiting for scan response 46:60:09:cb:cf:ec
09-01 14:30:16.253 V/bt_stack( 8588): [VERBOSE1:btm_ble_gap.cc(1923)] btm_ble_process_ext_adv_pkt: bda=0a:29:89:b7:c8:4a
09-01 14:30:16.253 V/bt_stack( 8588): [VERBOSE1:btm_ble_gap.cc(1847)] btm_ble_process_adv_addr: bda=0a:29:89:b7:c8:4a
09-01 14:30:16.255 V/bt_stack( 8588): [VERBOSE1:btm_ble_gap.cc(1923)] btm_ble_process_ext_adv_pkt: bda=67:ec:83:7e:42:50
09-01 14:30:16.255 V/bt_stack( 8588): [VERBOSE1:btm_ble_gap.cc(1847)] btm_ble_process_adv_addr: bda=67:ec:83:7e:42:50
09-01 14:30:16.255 V/bt_stack( 8588): [VERBOSE1:btm_ble_gap.cc(2052)]  Waiting for scan response 67:ec:83:7e:42:50
09-01 14:30:16.255 V/bt_stack( 8588): [VERBOSE1:btm_ble_gap.cc(1923)] btm_ble_process_ext_adv_pkt: bda=67:ec:83:7e:42:50
09-01 14:30:16.255 V/bt_stack( 8588): [VERBOSE1:btm_ble_gap.cc(1847)] btm_ble_process_adv_addr: bda=67:ec:83:7e:42:50
09-01 14:30:16.255 D/BluetoothUtils( 8588): blockedByLocationOff callingUid=1002
09-01 14:30:16.256 I/BluetoothUtils( 8588): packagename is android.uid.bluetooth:1002 ,and its permission is false
09-01 14:30:16.256 D/BluetoothUtils( 8588): blockedByLocationOff callingUid=1002
09-01 14:30:16.256 I/BluetoothUtils( 8588): packagename is android.uid.bluetooth:1002 ,and its permission is false
09-01 14:30:16.256 D/BluetoothUtils( 8588): blockedByLocationOff callingUid=1002
09-01 14:30:16.256 I/BluetoothUtils( 8588): packagename is android.uid.bluetooth:1002 ,and its permission is false
09-01 14:30:16.257 D/BluetoothUtils( 8588): blockedByLocationOff callingUid=1002
09-01 14:30:16.257 I/BluetoothUtils( 8588): packagename is android.uid.bluetooth:1002 ,and its permission is false
09-01 14:30:16.257 D/BluetoothUtils( 8588): blockedByLocationOff callingUid=1002
09-01 14:30:16.257 I/BluetoothUtils( 8588): packagename is android.uid.bluetooth:1002 ,and its permission is false
09-01 14:30:16.258 D/BluetoothUtils( 8588): blockedByLocationOff callingUid=1002
09-01 14:30:16.258 I/BluetoothUtils( 8588): packagename is android.uid.bluetooth:1002 ,and its permission is false
09-01 14:30:16.268 V/bt_stack( 8588): [VERBOSE1:btm_ble_gap.cc(1923)] btm_ble_process_ext_adv_pkt: bda=3c:f2:81:5e:d7:79
09-01 14:30:16.268 V/bt_stack( 8588): [VERBOSE1:btm_ble_gap.cc(1847)] btm_ble_process_adv_addr: bda=3c:f2:81:5e:d7:79
09-01 14:30:16.269 D/BluetoothUtils( 8588): blockedByLocationOff callingUid=1002
09-01 14:30:16.269 V/bt_stack( 8588): [VERBOSE1:btm_ble_gap.cc(1923)] btm_ble_process_ext_adv_pkt: bda=04:71:24:a7:6f:1c
09-01 14:30:16.269 I/BluetoothUtils( 8588): packagename is android.uid.bluetooth:1002 ,and its permission is false
09-01 14:30:16.269 V/bt_stack( 8588): [VERBOSE1:btm_ble_gap.cc(1847)] btm_ble_process_adv_addr: bda=04:71:24:a7:6f:1c
09-01 14:30:16.269 D/BluetoothUtils( 8588): blockedByLocationOff callingUid=1002
09-01 14:30:16.269 I/BluetoothUtils( 8588): packagename is android.uid.bluetooth:1002 ,and its permission is false
09-01 14:30:16.269 D/BluetoothUtils( 8588): blockedByLocationOff callingUid=1002
09-01 14:30:16.270 I/BluetoothUtils( 8588): packagename is android.uid.bluetooth:1002 ,and its permission is false
09-01 14:30:16.270 D/BluetoothUtils( 8588): blockedByLocationOff callingUid=1002
09-01 14:30:16.271 I/BluetoothUtils( 8588): packagename is android.uid.bluetooth:1002 ,and its permission is false
09-01 14:30:16.271 D/BluetoothUtils( 8588): blockedByLocationOff callingUid=1002
09-01 14:30:16.271 I/BluetoothUtils( 8588): packagename is android.uid.bluetooth:1002 ,and its permission is false
09-01 14:30:16.271 D/BluetoothUtils( 8588): blockedByLocationOff callingUid=1002
09-01 14:30:16.271 I/BluetoothUtils( 8588): packagename is android.uid.bluetooth:1002 ,and its permission is false
09-01 14:30:16.278 V/bt_stack( 8588): [VERBOSE1:btm_ble_gap.cc(1923)] btm_ble_process_ext_adv_pkt: bda=26:c8:00:52:93:8d
09-01 14:30:16.278 V/bt_stack( 8588): [VERBOSE1:btm_ble_gap.cc(1847)] btm_ble_process_adv_addr: bda=26:c8:00:52:93:8d
09-01 14:30:16.279 D/BluetoothUtils( 8588): blockedByLocationOff callingUid=1002
09-01 14:30:16.279 I/BluetoothUtils( 8588): packagename is android.uid.bluetooth:1002 ,and its permission is false
09-01 14:30:16.279 D/BluetoothUtils( 8588): blockedByLocationOff callingUid=1002
09-01 14:30:16.280 I/BluetoothUtils( 8588): packagename is android.uid.bluetooth:1002 ,and its permission is false
09-01 14:30:16.280 D/BluetoothUtils( 8588): blockedByLocationOff callingUid=1002
09-01 14:30:16.280 I/BluetoothUtils( 8588): packagename is android.uid.bluetooth:1002 ,and its permission is false
09-01 14:30:16.292 I/appium  ( 8119): channel read invoked!
09-01 14:30:16.292 I/appium  ( 8119): channel read: POST /wd/hub/session/6bc493e8-63d1-4d52-9347-11257968596d/element/e582e818-ae4d-4a86-8103-1109132b0daa/click
09-01 14:30:16.294 I/appium  ( 8119): Click element command
09-01 14:30:16.299 V/bt_stack( 8588): [VERBOSE1:btm_ble_gap.cc(1923)] btm_ble_process_ext_adv_pkt: bda=6a:1a:31:28:a4:f8
09-01 14:30:16.299 V/bt_stack( 8588): [VERBOSE1:btm_ble_gap.cc(1847)] btm_ble_process_adv_addr: bda=6a:1a:31:28:a4:f8
09-01 14:30:16.301 D/BluetoothUtils( 8588): blockedByLocationOff callingUid=1002
09-01 14:30:16.301 I/BluetoothUtils( 8588): packagename is android.uid.bluetooth:1002 ,and its permission is false
09-01 14:30:16.301 D/BluetoothUtils( 8588): blockedByLocationOff callingUid=1002
09-01 14:30:16.302 I/BluetoothUtils( 8588): packagename is android.uid.bluetooth:1002 ,and its permission is false
09-01 14:30:16.302 D/BluetoothUtils( 8588): blockedByLocationOff callingUid=1002
09-01 14:30:16.302 I/BluetoothUtils( 8588): packagename is android.uid.bluetooth:1002 ,and its permission is false
09-01 14:30:16.308 V/bt_stack( 8588): [VERBOSE1:btm_ble_gap.cc(1923)] btm_ble_process_ext_adv_pkt: bda=64:62:50:0c:82:d1
09-01 14:30:16.308 V/bt_stack( 8588): [VERBOSE1:btm_ble_gap.cc(1847)] btm_ble_process_adv_addr: bda=64:62:50:0c:82:d1
09-01 14:30:16.308 V/bt_stack( 8588): [VERBOSE1:btm_ble_gap.cc(2052)]  Waiting for scan response 64:62:50:0c:82:d1
09-01 14:30:16.326 V/bt_stack( 8588): [VERBOSE1:btm_ble_gap.cc(1923)] btm_ble_process_ext_adv_pkt: bda=72:1f:5b:cb:e4:06
09-01 14:30:16.326 V/bt_stack( 8588): [VERBOSE1:btm_ble_gap.cc(1847)] btm_ble_process_adv_addr: bda=72:1f:5b:cb:e4:06
09-01 14:30:16.326 V/bt_stack( 8588): [VERBOSE1:btm_ble_gap.cc(2052)]  Waiting for scan response 72:1f:5b:cb:e4:06
09-01 14:30:16.326 V/bt_stack( 8588): [VERBOSE1:btm_ble_gap.cc(1923)] btm_ble_process_ext_adv_pkt: bda=51:e0:73:63:65:5f
09-01 14:30:16.326 V/bt_stack( 8588): [VERBOSE1:btm_ble_gap.cc(1847)] btm_ble_process_adv_addr: bda=51:e0:73:63:65:5f
09-01 14:30:16.327 D/BluetoothUtils( 8588): blockedByLocationOff callingUid=1002
09-01 14:30:16.328 I/BluetoothUtils( 8588): packagename is android.uid.bluetooth:1002 ,and its permission is false
09-01 14:30:16.328 D/BluetoothUtils( 8588): blockedByLocationOff callingUid=1002
09-01 14:30:16.328 I/BluetoothUtils( 8588): packagename is android.uid.bluetooth:1002 ,and its permission is false
09-01 14:30:16.328 D/BluetoothUtils( 8588): blockedByLocationOff callingUid=1002
09-01 14:30:16.328 I/BluetoothUtils( 8588): packagename is android.uid.bluetooth:1002 ,and its permission is false
09-01 14:30:16.335 I/Timeline( 8179): Timeline: Activity_launch_request time:211382352
09-01 14:30:16.337 V/bt_stack( 8588): [VERBOSE1:btm_ble_gap.cc(1923)] btm_ble_process_ext_adv_pkt: bda=17:be:83:99:5a:17
09-01 14:30:16.337 V/bt_stack( 8588): [VERBOSE1:btm_ble_gap.cc(1847)] btm_ble_process_adv_addr: bda=17:be:83:99:5a:17
09-01 14:30:16.338 V/bt_stack( 8588): [VERBOSE1:btm_ble_gap.cc(1923)] btm_ble_process_ext_adv_pkt: bda=11:f0:0b:88:34:0c
09-01 14:30:16.338 V/bt_stack( 8588): [VERBOSE1:btm_ble_gap.cc(1847)] btm_ble_process_adv_addr: bda=11:f0:0b:88:34:0c
09-01 14:30:16.338 D/BluetoothUtils( 8588): blockedByLocationOff callingUid=1002
09-01 14:30:16.339 I/appium  ( 8119): Waiting up to 10000ms for device to be idle
09-01 14:30:16.340 I/BluetoothUtils( 8588): packagename is android.uid.bluetooth:1002 ,and its permission is false
09-01 14:30:16.340 D/BluetoothUtils( 8588): blockedByLocationOff callingUid=1002
09-01 14:30:16.340 I/SplashScreenServiceDelegate( 1639): None for com.xiaomi.hm.health
09-01 14:30:16.340 I/ActivityTaskManager( 1639): START u0 {cmp=com.xiaomi.hm.health/com.huami.fittime.ui.profile.CareActivity (has extras)} from uid 10241
09-01 14:30:16.340 I/appium  ( 8119): AppiumResponse: {"sessionId":"6bc493e8-63d1-4d52-9347-11257968596d","value":null}
09-01 14:30:16.340 I/BluetoothUtils( 8588): packagename is android.uid.bluetooth:1002 ,and its permission is false
09-01 14:30:16.340 D/BluetoothUtils( 8588): blockedByLocationOff callingUid=1002
09-01 14:30:16.344 I/BluetoothUtils( 8588): packagename is android.uid.bluetooth:1002 ,and its permission is false
09-01 14:30:16.344 D/BluetoothUtils( 8588): blockedByLocationOff callingUid=1002
09-01 14:30:16.345 I/BluetoothUtils( 8588): packagename is android.uid.bluetooth:1002 ,and its permission is false
09-01 14:30:16.345 D/BluetoothUtils( 8588): blockedByLocationOff callingUid=1002
09-01 14:30:16.345 I/BluetoothUtils( 8588): packagename is android.uid.bluetooth:1002 ,and its permission is false
09-01 14:30:16.345 D/BluetoothUtils( 8588): blockedByLocationOff callingUid=1002
09-01 14:30:16.345 I/BluetoothUtils( 8588): packagename is android.uid.bluetooth:1002 ,and its permission is false
09-01 14:30:16.347 D/CompatibilityInfo( 1639): mCompatibilityFlags - 0
09-01 14:30:16.347 D/CompatibilityInfo( 1639): applicationDensity - 440
09-01 14:30:16.347 D/CompatibilityInfo( 1639): applicationScale - 1.0
09-01 14:30:16.347 V/bt_stack( 8588): [VERBOSE1:btm_ble_gap.cc(1923)] btm_ble_process_ext_adv_pkt: bda=3a:23:cb:4a:85:2d
09-01 14:30:16.347 V/bt_stack( 8588): [VERBOSE1:btm_ble_gap.cc(1847)] btm_ble_process_adv_addr: bda=3a:23:cb:4a:85:2d
09-01 14:30:16.348 D/BluetoothUtils( 8588): blockedByLocationOff callingUid=1002
09-01 14:30:16.348 D/ActivityTrigger( 1639): ActivityTrigger activityPauseTrigger 
09-01 14:30:16.348 I/BluetoothUtils( 8588): packagename is android.uid.bluetooth:1002 ,and its permission is false
09-01 14:30:16.349 D/BluetoothUtils( 8588): blockedByLocationOff callingUid=1002
09-01 14:30:16.349 I/BluetoothUtils( 8588): packagename is android.uid.bluetooth:1002 ,and its permission is false
09-01 14:30:16.349 D/BluetoothUtils( 8588): blockedByLocationOff callingUid=1002
09-01 14:30:16.349 I/BluetoothUtils( 8588): packagename is android.uid.bluetooth:1002 ,and its permission is false
09-01 14:30:16.350 V/bt_stack( 8588): [VERBOSE1:btm_ble_gap.cc(1923)] btm_ble_process_ext_adv_pkt: bda=17:7e:29:ab:4e:d0
09-01 14:30:16.351 V/bt_stack( 8588): [VERBOSE1:btm_ble_gap.cc(1847)] btm_ble_process_adv_addr: bda=17:7e:29:ab:4e:d0
09-01 14:30:16.355 D/BluetoothUtils( 8588): blockedByLocationOff callingUid=1002
09-01 14:30:16.355 I/BluetoothUtils( 8588): packagename is android.uid.bluetooth:1002 ,and its permission is false
09-01 14:30:16.355 D/BluetoothUtils( 8588): blockedByLocationOff callingUid=1002
09-01 14:30:16.355 I/BluetoothUtils( 8588): packagename is android.uid.bluetooth:1002 ,and its permission is false
09-01 14:30:16.356 D/BluetoothUtils( 8588): blockedByLocationOff callingUid=1002
09-01 14:30:16.356 I/BluetoothUtils( 8588): packagename is android.uid.bluetooth:1002 ,and its permission is false
09-01 14:30:16.358 I/ActivityTaskManager( 1639): The Process com.xiaomi.hm.health Already Exists in BG. So sending its PID: 8179
09-01 14:30:16.359 D/CompatibilityInfo( 1639): mCompatibilityFlags - 0
09-01 14:30:16.359 D/CompatibilityInfo( 1639): applicationDensity - 440
09-01 14:30:16.359 D/CompatibilityInfo( 1639): applicationScale - 1.0
09-01 14:30:16.360 D/WindowManager( 1639): Input focus has changed to null
09-01 14:30:16.362 V/bt_stack( 8588): [VERBOSE1:btm_ble_gap.cc(1923)] btm_ble_process_ext_adv_pkt: bda=66:3e:07:e0:2b:d4
09-01 14:30:16.363 V/bt_stack( 8588): [VERBOSE1:btm_ble_gap.cc(1847)] btm_ble_process_adv_addr: bda=66:3e:07:e0:2b:d4
09-01 14:30:16.363 V/bt_stack( 8588): [VERBOSE1:btm_ble_gap.cc(2052)]  Waiting for scan response 66:3e:07:e0:2b:d4
09-01 14:30:16.363 V/bt_stack( 8588): [VERBOSE1:btm_ble_gap.cc(1923)] btm_ble_process_ext_adv_pkt: bda=0a:29:89:b7:c8:4a
09-01 14:30:16.363 V/bt_stack( 8588): [VERBOSE1:btm_ble_gap.cc(1847)] btm_ble_process_adv_addr: bda=0a:29:89:b7:c8:4a
09-01 14:30:16.363 I/Timeline( 1639): Timeline: App_transition_ready time:211382380
09-01 14:30:16.364 W/ActivityThread( 8179): handleWindowVisibility: no activity for token android.os.BinderProxy@983695a
09-01 14:30:16.364 D/BluetoothUtils( 8588): blockedByLocationOff callingUid=1002
09-01 14:30:16.364 I/BluetoothUtils( 8588): packagename is android.uid.bluetooth:1002 ,and its permission is false
09-01 14:30:16.364 D/BluetoothUtils( 8588): blockedByLocationOff callingUid=1002
09-01 14:30:16.365 I/BluetoothUtils( 8588): packagename is android.uid.bluetooth:1002 ,and its permission is false
09-01 14:30:16.365 D/BluetoothUtils( 8588): blockedByLocationOff callingUid=1002
09-01 14:30:16.365 I/BluetoothUtils( 8588): packagename is android.uid.bluetooth:1002 ,and its permission is false
09-01 14:30:16.370 D/ViewContentFactory( 8179): initViewContentFetcherClass
09-01 14:30:16.370 I/ContentCatcher( 8179): ViewContentFetcher : ViewContentFetcher
09-01 14:30:16.370 D/ViewContentFactory( 8179): createInterceptor took 0ms
09-01 14:30:16.374 V/bt_stack( 8588): [VERBOSE1:btm_ble_gap.cc(1923)] btm_ble_process_ext_adv_pkt: bda=2c:e0:b3:78:83:e3
09-01 14:30:16.374 V/bt_stack( 8588): [VERBOSE1:btm_ble_gap.cc(1847)] btm_ble_process_adv_addr: bda=2c:e0:b3:78:83:e3
09-01 14:30:16.375 D/BluetoothUtils( 8588): blockedByLocationOff callingUid=1002
09-01 14:30:16.375 I/BluetoothUtils( 8588): packagename is android.uid.bluetooth:1002 ,and its permission is false
09-01 14:30:16.375 D/BluetoothUtils( 8588): blockedByLocationOff callingUid=1002
09-01 14:30:16.375 I/BluetoothUtils( 8588): packagename is android.uid.bluetooth:1002 ,and its permission is false
09-01 14:30:16.375 D/BluetoothUtils( 8588): blockedByLocationOff callingUid=1002
09-01 14:30:16.375 I/BluetoothUtils( 8588): packagename is android.uid.bluetooth:1002 ,and its permission is false
09-01 14:30:16.381 D/BaseTitleActivity( 8179): setSystembarMode true
09-01 14:30:16.381 D/BaseTitleActivity( 8179): Invalid name: android.view.MiuiWindowManager&LayoutParams
09-01 14:30:16.381 D/BaseTitleActivity( 8179): return 1
09-01 14:30:16.381 D/BaseTitleActivity( 8179): return 1
09-01 14:30:16.381 D/BaseTitleActivity( 8179): setStyle BACK_AND_TITLE title  darkMode false color -1
09-01 14:30:16.385 I/appium  ( 8119): channel read invoked!
09-01 14:30:16.385 I/appium  ( 8119): channel read: POST /wd/hub/session/6bc493e8-63d1-4d52-9347-11257968596d/element
09-01 14:30:16.386 I/appium  ( 8119): Find element command using 'id' with selector 'common_title_center_top_text'.
09-01 14:30:16.386 I/appium  ( 8119): Waiting up to 10000ms for device to be idle
09-01 14:30:16.395 V/bt_stack( 8588): [VERBOSE1:btm_ble_gap.cc(1923)] btm_ble_process_ext_adv_pkt: bda=77:60:99:3a:74:d9
09-01 14:30:16.395 V/bt_stack( 8588): [VERBOSE1:btm_ble_gap.cc(1847)] btm_ble_process_adv_addr: bda=77:60:99:3a:74:d9
09-01 14:30:16.395 V/bt_stack( 8588): [VERBOSE1:btm_ble_gap.cc(2052)]  Waiting for scan response 77:60:99:3a:74:d9
09-01 14:30:16.397 V/bt_stack( 8588): [VERBOSE1:btm_ble_gap.cc(1923)] btm_ble_process_ext_adv_pkt: bda=56:e4:da:79:d5:88
09-01 14:30:16.397 V/bt_stack( 8588): [VERBOSE1:btm_ble_gap.cc(1847)] btm_ble_process_adv_addr: bda=56:e4:da:79:d5:88
09-01 14:30:16.397 V/bt_stack( 8588): [VERBOSE1:btm_ble_gap.cc(2052)]  Waiting for scan response 56:e4:da:79:d5:88
09-01 14:30:16.398 V/bt_stack( 8588): [VERBOSE1:btm_ble_gap.cc(1923)] btm_ble_process_ext_adv_pkt: bda=56:e4:da:79:d5:88
09-01 14:30:16.398 V/bt_stack( 8588): [VERBOSE1:btm_ble_gap.cc(1847)] btm_ble_process_adv_addr: bda=56:e4:da:79:d5:88
09-01 14:30:16.398 V/bt_stack( 8588): [VERBOSE1:btm_ble_gap.cc(1923)] btm_ble_process_ext_adv_pkt: bda=2e:17:70:f9:0b:48
09-01 14:30:16.398 V/bt_stack( 8588): [VERBOSE1:btm_ble_gap.cc(1847)] btm_ble_process_adv_addr: bda=2e:17:70:f9:0b:48
09-01 14:30:16.399 D/BluetoothUtils( 8588): blockedByLocationOff callingUid=1002
09-01 14:30:16.399 I/BluetoothUtils( 8588): packagename is android.uid.bluetooth:1002 ,and its permission is false
09-01 14:30:16.399 D/BluetoothUtils( 8588): blockedByLocationOff callingUid=1002
09-01 14:30:16.399 I/BluetoothUtils( 8588): packagename is android.uid.bluetooth:1002 ,and its permission is false
09-01 14:30:16.399 D/BluetoothUtils( 8588): blockedByLocationOff callingUid=1002
09-01 14:30:16.400 I/BluetoothUtils( 8588): packagename is android.uid.bluetooth:1002 ,and its permission is false
09-01 14:30:16.400 D/BluetoothUtils( 8588): blockedByLocationOff callingUid=1002
09-01 14:30:16.400 I/BluetoothUtils( 8588): packagename is android.uid.bluetooth:1002 ,and its permission is false
09-01 14:30:16.400 D/BluetoothUtils( 8588): blockedByLocationOff callingUid=1002
09-01 14:30:16.401 I/BluetoothUtils( 8588): packagename is android.uid.bluetooth:1002 ,and its permission is false
09-01 14:30:16.401 D/BluetoothUtils( 8588): blockedByLocationOff callingUid=1002
09-01 14:30:16.401 I/BluetoothUtils( 8588): packagename is android.uid.bluetooth:1002 ,and its permission is false
09-01 14:30:16.402 D/RecentsImpl( 7676): mActivityStateObserver com.huami.fittime.ui.profile.CareActivity
09-01 14:30:16.410 V/bt_stack( 8588): [VERBOSE1:btm_ble_gap.cc(1923)] btm_ble_process_ext_adv_pkt: bda=64:62:50:0c:82:d1
09-01 14:30:16.410 V/bt_stack( 8588): [VERBOSE1:btm_ble_gap.cc(1847)] btm_ble_process_adv_addr: bda=64:62:50:0c:82:d1
09-01 14:30:16.410 V/bt_stack( 8588): [VERBOSE1:btm_ble_gap.cc(2052)]  Waiting for scan response 64:62:50:0c:82:d1
09-01 14:30:16.410 V/bt_stack( 8588): [VERBOSE1:btm_ble_gap.cc(1923)] btm_ble_process_ext_adv_pkt: bda=25:4e:aa:3f:5d:41
09-01 14:30:16.410 V/bt_stack( 8588): [VERBOSE1:btm_ble_gap.cc(1847)] btm_ble_process_adv_addr: bda=25:4e:aa:3f:5d:41
09-01 14:30:16.410 D/BluetoothUtils( 8588): blockedByLocationOff callingUid=1002
09-01 14:30:16.411 I/BluetoothUtils( 8588): packagename is android.uid.bluetooth:1002 ,and its permission is false
09-01 14:30:16.411 D/BluetoothUtils( 8588): blockedByLocationOff callingUid=1002
09-01 14:30:16.411 I/BluetoothUtils( 8588): packagename is android.uid.bluetooth:1002 ,and its permission is false
09-01 14:30:16.411 D/BluetoothUtils( 8588): blockedByLocationOff callingUid=1002
09-01 14:30:16.411 I/BluetoothUtils( 8588): packagename is android.uid.bluetooth:1002 ,and its permission is false
09-01 14:30:16.417 D/[Koin]  ( 8179): +- get 'com.huami.fittime.ui.profile.O00000Oo.O0000OOo'
09-01 14:30:16.417 D/[Koin]  ( 8179): | create instance for [type:Factory,primary_type:'com.huami.fittime.ui.profile.O00000Oo.O0000OOo']
09-01 14:30:16.417 D/[Koin]  ( 8179): +- get 'com.huami.fittime.ui.profile.O00000Oo.O0000O0o'
09-01 14:30:16.417 D/[Koin]  ( 8179): | create instance for [type:Factory,primary_type:'com.huami.fittime.ui.profile.O00000Oo.O0000O0o']
09-01 14:30:16.418 D/[Koin]  ( 8179): +- get 'com.huami.fittime.O00000oo.O00O0Oo'
09-01 14:30:16.418 D/[Koin]  ( 8179): +- got 'com.huami.fittime.O00000oo.O00O0Oo' in 0.03026 ms
09-01 14:30:16.418 D/[Koin]  ( 8179): +- get 'com.huami.fittime.db.FitTimeDb'
09-01 14:30:16.418 D/[Koin]  ( 8179): +- got 'com.huami.fittime.db.FitTimeDb' in 0.005989 ms
09-01 14:30:16.418 D/[Koin]  ( 8179): +- get 'com.huami.fittime.O000000o.O00000o'
09-01 14:30:16.418 D/[Koin]  ( 8179): +- got 'com.huami.fittime.O000000o.O00000o' in 0.005105 ms
09-01 14:30:16.418 D/[Koin]  ( 8179): +- get 'com.huami.fittime.O00000oo.O00O0o00'
09-01 14:30:16.418 D/[Koin]  ( 8179): +- got 'com.huami.fittime.O00000oo.O00O0o00' in 0.00552 ms
09-01 14:30:16.418 D/[Koin]  ( 8179): +- got 'com.huami.fittime.ui.profile.O00000Oo.O0000O0o' in 0.881667 ms
09-01 14:30:16.418 D/[Koin]  ( 8179): +- get 'com.huami.fittime.O00000o.O00000Oo.O000000o'
09-01 14:30:16.418 D/[Koin]  ( 8179): | create instance for [type:Factory,primary_type:'com.huami.fittime.O00000o.O00000Oo.O000000o']
09-01 14:30:16.419 D/[Koin]  ( 8179): +- get 'com.huami.fittime.O00000oo.O00O0Oo'
09-01 14:30:16.419 D/[Koin]  ( 8179): +- got 'com.huami.fittime.O00000oo.O00O0Oo' in 0.017761 ms
09-01 14:30:16.419 D/[Koin]  ( 8179): +- get 'com.huami.fittime.O000000o.O00000o'
09-01 14:30:16.419 D/[Koin]  ( 8179): +- got 'com.huami.fittime.O000000o.O00000o' in 0.005729 ms
09-01 14:30:16.419 D/[Koin]  ( 8179): +- get 'com.huami.fittime.db.FitTimeDb'
09-01 14:30:16.419 D/[Koin]  ( 8179): +- got 'com.huami.fittime.db.FitTimeDb' in 0.005208 ms
09-01 14:30:16.419 D/[Koin]  ( 8179): +- get 'com.huami.fittime.ui.base.O00000o0.O000000o'
09-01 14:30:16.419 D/[Koin]  ( 8179): | create instance for [type:Factory,primary_type:'com.huami.fittime.ui.base.O00000o0.O000000o']
09-01 14:30:16.419 D/[Koin]  ( 8179): +- get 'com.huami.training.O0000O0o.O000000o.O00000o0'
09-01 14:30:16.419 D/[Koin]  ( 8179): | create instance for [type:Factory,primary_type:'com.huami.training.O0000O0o.O000000o.O00000o0']
09-01 14:30:16.419 V/bt_stack( 8588): [VERBOSE1:btm_ble_gap.cc(1923)] btm_ble_process_ext_adv_pkt: bda=38:f9:d3:45:87:1e
09-01 14:30:16.419 D/[Koin]  ( 8179): +- get 'com.huami.training.O0000o0.O000OO0o'
09-01 14:30:16.419 D/[Koin]  ( 8179): | create instance for [type:Factory,primary_type:'com.huami.training.O0000o0.O000OO0o']
09-01 14:30:16.419 D/[Koin]  ( 8179): +- get 'com.huami.training.O0000Oo.O000000o'
09-01 14:30:16.419 V/bt_stack( 8588): [VERBOSE1:btm_ble_gap.cc(1847)] btm_ble_process_adv_addr: bda=38:f9:d3:45:87:1e
09-01 14:30:16.419 D/[Koin]  ( 8179): +- got 'com.huami.training.O0000Oo.O000000o' in 0.007917 ms
09-01 14:30:16.419 D/[Koin]  ( 8179): +- get 'com.huami.training.O0000OOo.O000OO0o'
09-01 14:30:16.419 V/bt_stack( 8588): [VERBOSE1:btm_ble_gap.cc(2052)]  Waiting for scan response 38:f9:d3:45:87:1e
09-01 14:30:16.419 D/[Koin]  ( 8179): +- got 'com.huami.training.O0000OOo.O000OO0o' in 0.008542 ms
09-01 14:30:16.419 D/[Koin]  ( 8179): +- get 'com.huami.training.db.TrainingDb'
09-01 14:30:16.419 D/[Koin]  ( 8179): +- got 'com.huami.training.db.TrainingDb' in 0.004635 ms
09-01 14:30:16.419 D/[Koin]  ( 8179): +- get 'com.huami.training.O000000o.O000OO0o'
09-01 14:30:16.419 D/[Koin]  ( 8179): +- got 'com.huami.training.O000000o.O000OO0o' in 0.005781 ms
09-01 14:30:16.419 D/[Koin]  ( 8179): +- got 'com.huami.training.O0000o0.O000OO0o' in 0.196354 ms
09-01 14:30:16.419 D/[Koin]  ( 8179): +- got 'com.huami.training.O0000O0o.O000000o.O00000o0' in 0.263385 ms
09-01 14:30:16.419 D/[Koin]  ( 8179): +- got 'com.huami.fittime.ui.base.O00000o0.O000000o' in 0.331042 ms
09-01 14:30:16.419 D/[Koin]  ( 8179): +- got 'com.huami.fittime.O00000o.O00000Oo.O000000o' in 0.633281 ms
09-01 14:30:16.419 V/bt_stack( 8588): [VERBOSE1:btm_ble_gap.cc(1923)] btm_ble_process_ext_adv_pkt: bda=38:f9:d3:45:87:1e
09-01 14:30:16.419 V/bt_stack( 8588): [VERBOSE1:btm_ble_gap.cc(1847)] btm_ble_process_adv_addr: bda=38:f9:d3:45:87:1e
09-01 14:30:16.420 D/[Koin]  ( 8179): +- got 'com.huami.fittime.ui.profile.O00000Oo.O0000OOo' in 2.415156 ms
09-01 14:30:16.420 D/BluetoothUtils( 8588): blockedByLocationOff callingUid=1002
09-01 14:30:16.421 I/BluetoothUtils( 8588): packagename is android.uid.bluetooth:1002 ,and its permission is false
09-01 14:30:16.421 D/BluetoothUtils( 8588): blockedByLocationOff callingUid=1002
09-01 14:30:16.421 I/BluetoothUtils( 8588): packagename is android.uid.bluetooth:1002 ,and its permission is false
09-01 14:30:16.421 D/BluetoothUtils( 8588): blockedByLocationOff callingUid=1002
09-01 14:30:16.422 I/BluetoothUtils( 8588): packagename is android.uid.bluetooth:1002 ,and its permission is false
09-01 14:30:16.422 V/bt_stack( 8588): [VERBOSE1:btm_ble_gap.cc(1923)] btm_ble_process_ext_adv_pkt: bda=5c:29:57:19:d9:ea
09-01 14:30:16.422 V/bt_stack( 8588): [VERBOSE1:btm_ble_gap.cc(1847)] btm_ble_process_adv_addr: bda=5c:29:57:19:d9:ea
09-01 14:30:16.423 D/BluetoothUtils( 8588): blockedByLocationOff callingUid=1002
09-01 14:30:16.423 I/BluetoothUtils( 8588): packagename is android.uid.bluetooth:1002 ,and its permission is false
09-01 14:30:16.423 D/BluetoothUtils( 8588): blockedByLocationOff callingUid=1002
09-01 14:30:16.423 I/BluetoothUtils( 8588): packagename is android.uid.bluetooth:1002 ,and its permission is false
09-01 14:30:16.424 D/BluetoothUtils( 8588): blockedByLocationOff callingUid=1002
09-01 14:30:16.424 I/BluetoothUtils( 8588): packagename is android.uid.bluetooth:1002 ,and its permission is false
09-01 14:30:16.425 V/bt_stack( 8588): [VERBOSE1:btm_ble_gap.cc(1923)] btm_ble_process_ext_adv_pkt: bda=12:72:eb:81:32:03
09-01 14:30:16.425 V/bt_stack( 8588): [VERBOSE1:btm_ble_gap.cc(1847)] btm_ble_process_adv_addr: bda=12:72:eb:81:32:03
09-01 14:30:16.426 D/BluetoothUtils( 8588): blockedByLocationOff callingUid=1002
09-01 14:30:16.426 I/BluetoothUtils( 8588): packagename is android.uid.bluetooth:1002 ,and its permission is false
09-01 14:30:16.426 D/BluetoothUtils( 8588): blockedByLocationOff callingUid=1002
09-01 14:30:16.426 I/BluetoothUtils( 8588): packagename is android.uid.bluetooth:1002 ,and its permission is false
09-01 14:30:16.426 D/BluetoothUtils( 8588): blockedByLocationOff callingUid=1002
09-01 14:30:16.427 I/BluetoothUtils( 8588): packagename is android.uid.bluetooth:1002 ,and its permission is false
09-01 14:30:16.430 V/bt_stack( 8588): [VERBOSE1:btm_ble_gap.cc(1923)] btm_ble_process_ext_adv_pkt: bda=11:82:f5:89:45:91
09-01 14:30:16.430 V/bt_stack( 8588): [VERBOSE1:btm_ble_gap.cc(1847)] btm_ble_process_adv_addr: bda=11:82:f5:89:45:91
09-01 14:30:16.431 D/BluetoothUtils( 8588): blockedByLocationOff callingUid=1002
09-01 14:30:16.431 I/BluetoothUtils( 8588): packagename is android.uid.bluetooth:1002 ,and its permission is false
09-01 14:30:16.431 D/BluetoothUtils( 8588): blockedByLocationOff callingUid=1002
09-01 14:30:16.432 I/BluetoothUtils( 8588): packagename is android.uid.bluetooth:1002 ,and its permission is false
09-01 14:30:16.432 D/BluetoothUtils( 8588): blockedByLocationOff callingUid=1002
09-01 14:30:16.432 I/BluetoothUtils( 8588): packagename is android.uid.bluetooth:1002 ,and its permission is false
09-01 14:30:16.434 D/[Koin]  ( 8179): +- get 'com.huami.fittime.ui.profile.O000000o.O0000OOo'
09-01 14:30:16.434 D/[Koin]  ( 8179): | create instance for [type:Factory,primary_type:'com.huami.fittime.ui.profile.O000000o.O0000OOo']
09-01 14:30:16.434 D/[Koin]  ( 8179): +- get 'com.huami.fittime.ui.profile.O000000o.O0000O0o'
09-01 14:30:16.434 D/[Koin]  ( 8179): | create instance for [type:Factory,primary_type:'com.huami.fittime.ui.profile.O000000o.O0000O0o']
09-01 14:30:16.434 D/[Koin]  ( 8179): +- get 'com.huami.fittime.O00000oo.O00O0Oo'
09-01 14:30:16.434 D/[Koin]  ( 8179): +- got 'com.huami.fittime.O00000oo.O00O0Oo' in 0.01625 ms
09-01 14:30:16.434 D/[Koin]  ( 8179): +- get 'com.huami.fittime.db.FitTimeDb'
09-01 14:30:16.434 D/[Koin]  ( 8179): +- got 'com.huami.fittime.db.FitTimeDb' in 0.006302 ms
09-01 14:30:16.434 D/[Koin]  ( 8179): +- get 'com.huami.fittime.O00000oo.O00O0o00'
09-01 14:30:16.434 D/[Koin]  ( 8179): +- got 'com.huami.fittime.O00000oo.O00O0o00' in 0.006562 ms
09-01 14:30:16.434 D/[Koin]  ( 8179): +- get 'com.huami.fittime.O000000o.O00000o'
09-01 14:30:16.434 D/[Koin]  ( 8179): +- got 'com.huami.fittime.O000000o.O00000o' in 0.004896 ms
09-01 14:30:16.435 D/[Koin]  ( 8179): +- got 'com.huami.fittime.ui.profile.O000000o.O0000O0o' in 0.871927 ms
09-01 14:30:16.435 D/[Koin]  ( 8179): +- got 'com.huami.fittime.ui.profile.O000000o.O0000OOo' in 1.446771 ms
09-01 14:30:16.443 I/Timeline( 1639): Timeline: App_transition_ready time:211382460
09-01 14:30:16.444 I/Timeline( 1639): Timeline: App_transition_ready time:211382461
09-01 14:30:16.444 D/WindowManager( 1639): Input focus has changed to Window{bc8dd3b u0 com.xiaomi.hm.health/com.huami.fittime.ui.profile.CareActivity}
09-01 14:30:16.447 V/bt_stack( 8588): [VERBOSE1:btm_ble_gap.cc(1923)] btm_ble_process_ext_adv_pkt: bda=64:62:50:0c:82:d1
09-01 14:30:16.447 V/bt_stack( 8588): [VERBOSE1:btm_ble_gap.cc(1847)] btm_ble_process_adv_addr: bda=64:62:50:0c:82:d1
09-01 14:30:16.447 V/bt_stack( 8588): [VERBOSE1:btm_ble_gap.cc(2052)]  Waiting for scan response 64:62:50:0c:82:d1
09-01 14:30:16.447 V/bt_stack( 8588): [VERBOSE1:btm_ble_gap.cc(1923)] btm_ble_process_ext_adv_pkt: bda=11:f0:0b:88:34:0c
09-01 14:30:16.447 V/bt_stack( 8588): [VERBOSE1:btm_ble_gap.cc(1847)] btm_ble_process_adv_addr: bda=11:f0:0b:88:34:0c
09-01 14:30:16.448 D/BluetoothUtils( 8588): blockedByLocationOff callingUid=1002
09-01 14:30:16.449 I/BluetoothUtils( 8588): packagename is android.uid.bluetooth:1002 ,and its permission is false
09-01 14:30:16.449 D/BluetoothUtils( 8588): blockedByLocationOff callingUid=1002
09-01 14:30:16.449 I/BluetoothUtils( 8588): packagename is android.uid.bluetooth:1002 ,and its permission is false
09-01 14:30:16.449 D/BluetoothUtils( 8588): blockedByLocationOff callingUid=1002
09-01 14:30:16.450 I/BluetoothUtils( 8588): packagename is android.uid.bluetooth:1002 ,and its permission is false
09-01 14:30:16.460 V/bt_stack( 8588): [VERBOSE1:btm_ble_gap.cc(1923)] btm_ble_process_ext_adv_pkt: bda=2d:8f:df:c2:a9:d4
09-01 14:30:16.460 V/bt_stack( 8588): [VERBOSE1:btm_ble_gap.cc(1847)] btm_ble_process_adv_addr: bda=2d:8f:df:c2:a9:d4
09-01 14:30:16.461 D/BluetoothUtils( 8588): blockedByLocationOff callingUid=1002
09-01 14:30:16.462 I/BluetoothUtils( 8588): packagename is android.uid.bluetooth:1002 ,and its permission is false
09-01 14:30:16.462 D/BluetoothUtils( 8588): blockedByLocationOff callingUid=1002
09-01 14:30:16.462 I/BluetoothUtils( 8588): packagename is android.uid.bluetooth:1002 ,and its permission is false
09-01 14:30:16.463 D/BluetoothUtils( 8588): blockedByLocationOff callingUid=1002
09-01 14:30:16.463 I/BluetoothUtils( 8588): packagename is android.uid.bluetooth:1002 ,and its permission is false
09-01 14:30:16.466 V/bt_stack( 8588): [VERBOSE1:btm_ble_gap.cc(1923)] btm_ble_process_ext_adv_pkt: bda=0a:29:89:b7:c8:4a
09-01 14:30:16.466 V/bt_stack( 8588): [VERBOSE1:btm_ble_gap.cc(1847)] btm_ble_process_adv_addr: bda=0a:29:89:b7:c8:4a
09-01 14:30:16.467 D/BluetoothUtils( 8588): blockedByLocationOff callingUid=1002
09-01 14:30:16.467 I/BluetoothUtils( 8588): packagename is android.uid.bluetooth:1002 ,and its permission is false
09-01 14:30:16.467 D/BluetoothUtils( 8588): blockedByLocationOff callingUid=1002
09-01 14:30:16.467 I/BluetoothUtils( 8588): packagename is android.uid.bluetooth:1002 ,and its permission is false
09-01 14:30:16.468 D/BluetoothUtils( 8588): blockedByLocationOff callingUid=1002
09-01 14:30:16.468 I/BluetoothUtils( 8588): packagename is android.uid.bluetooth:1002 ,and its permission is false
09-01 14:30:16.468 W/RecentsModel( 7676): onTaskStackChangedBackground: start loading
09-01 14:30:16.470 I/Timeline( 1639): Timeline: App_transition_ready time:211382487
09-01 14:30:16.474 V/bt_stack( 8588): [VERBOSE1:btm_ble_gap.cc(1923)] btm_ble_process_ext_adv_pkt: bda=65:4b:eb:fb:21:09
09-01 14:30:16.474 V/bt_stack( 8588): [VERBOSE1:btm_ble_gap.cc(1847)] btm_ble_process_adv_addr: bda=65:4b:eb:fb:21:09
09-01 14:30:16.475 D/BluetoothUtils( 8588): blockedByLocationOff callingUid=1002
09-01 14:30:16.475 W/RecentsModel( 7676): getTaskInfoIgnoreHomeAndSplit   taskInfo=ComponentInfo{com.xiaomi.hm.health/com.xiaomi.hm.health.activity.MainTabActivity}
09-01 14:30:16.476 I/BluetoothUtils( 8588): packagename is android.uid.bluetooth:1002 ,and its permission is false
09-01 14:30:16.476 D/BluetoothUtils( 8588): blockedByLocationOff callingUid=1002
09-01 14:30:16.477 W/AsyncHttpResponse( 8179): Current thread has not called Looper.prepare().Forcing synchronous mode
09-01 14:30:16.477 W/RecentsModel( 7676): getTaskInfoIgnoreHomeAndFreeform   taskInfo=ComponentInfo{com.xiaomi.hm.health/com.xiaomi.hm.health.activity.MainTabActivity}
09-01 14:30:16.478 W/RecentsModel( 7676): getTaskInfoIgnoreFreeform   taskInfo=ComponentInfo{com.xiaomi.hm.health/com.xiaomi.hm.health.activity.MainTabActivity}
09-01 14:30:16.479 W/RecentsModel( 7676): onTaskStackChangedBackground: finishLoading loading
09-01 14:30:16.480 I/BluetoothUtils( 8588): packagename is android.uid.bluetooth:1002 ,and its permission is false
09-01 14:30:16.480 D/BluetoothUtils( 8588): blockedByLocationOff callingUid=1002
09-01 14:30:16.480 I/BluetoothUtils( 8588): packagename is android.uid.bluetooth:1002 ,and its permission is false
09-01 14:30:16.481 I/ActivityTaskManager( 1639): Displayed com.xiaomi.hm.health/com.huami.fittime.ui.profile.CareActivity: +132ms
09-01 14:30:16.481 I/SplashScreenServiceDelegate( 1639): None for com.xiaomi.hm.health
09-01 14:30:16.484 W/AsyncHttpResponse( 8179): Current thread has not called Looper.prepare().Forcing synchronous mode
09-01 14:30:16.493 V/bt_stack( 8588): [VERBOSE1:btm_ble_gap.cc(1923)] btm_ble_process_ext_adv_pkt: bda=07:e4:7f:b4:5f:d9
09-01 14:30:16.493 V/bt_stack( 8588): [VERBOSE1:btm_ble_gap.cc(1847)] btm_ble_process_adv_addr: bda=07:e4:7f:b4:5f:d9
09-01 14:30:16.494 D/BluetoothUtils( 8588): blockedByLocationOff callingUid=1002
09-01 14:30:16.494 I/BluetoothUtils( 8588): packagename is android.uid.bluetooth:1002 ,and its permission is false
09-01 14:30:16.494 D/BluetoothUtils( 8588): blockedByLocationOff callingUid=1002
09-01 14:30:16.495 I/BluetoothUtils( 8588): packagename is android.uid.bluetooth:1002 ,and its permission is false
09-01 14:30:16.495 D/BluetoothUtils( 8588): blockedByLocationOff callingUid=1002
09-01 14:30:16.495 I/BluetoothUtils( 8588): packagename is android.uid.bluetooth:1002 ,and its permission is false
09-01 14:30:16.497 V/bt_stack( 8588): [VERBOSE1:btm_ble_gap.cc(1923)] btm_ble_process_ext_adv_pkt: bda=2e:17:70:f9:0b:48
09-01 14:30:16.497 V/bt_stack( 8588): [VERBOSE1:btm_ble_gap.cc(1847)] btm_ble_process_adv_addr: bda=2e:17:70:f9:0b:48
09-01 14:30:16.498 D/BluetoothUtils( 8588): blockedByLocationOff callingUid=1002
09-01 14:30:16.498 I/BluetoothUtils( 8588): packagename is android.uid.bluetooth:1002 ,and its permission is false
09-01 14:30:16.499 D/BluetoothUtils( 8588): blockedByLocationOff callingUid=1002
09-01 14:30:16.499 I/BluetoothUtils( 8588): packagename is android.uid.bluetooth:1002 ,and its permission is false
09-01 14:30:16.499 D/BluetoothUtils( 8588): blockedByLocationOff callingUid=1002
09-01 14:30:16.499 I/BluetoothUtils( 8588): packagename is android.uid.bluetooth:1002 ,and its permission is false
09-01 14:30:16.501 V/bt_stack( 8588): [VERBOSE1:btm_ble_gap.cc(1923)] btm_ble_process_ext_adv_pkt: bda=48:14:81:f8:b8:84
09-01 14:30:16.501 V/bt_stack( 8588): [VERBOSE1:btm_ble_gap.cc(1847)] btm_ble_process_adv_addr: bda=48:14:81:f8:b8:84
09-01 14:30:16.501 V/bt_stack( 8588): [VERBOSE1:btm_ble_gap.cc(2052)]  Waiting for scan response 48:14:81:f8:b8:84
09-01 14:30:16.501 V/bt_stack( 8588): [VERBOSE1:btm_ble_gap.cc(1923)] btm_ble_process_ext_adv_pkt: bda=48:14:81:f8:b8:84
09-01 14:30:16.501 V/bt_stack( 8588): [VERBOSE1:btm_ble_gap.cc(1847)] btm_ble_process_adv_addr: bda=48:14:81:f8:b8:84
09-01 14:30:16.502 D/BluetoothUtils( 8588): blockedByLocationOff callingUid=1002
09-01 14:30:16.502 I/BluetoothUtils( 8588): packagename is android.uid.bluetooth:1002 ,and its permission is false
09-01 14:30:16.503 D/BluetoothUtils( 8588): blockedByLocationOff callingUid=1002
09-01 14:30:16.503 I/BluetoothUtils( 8588): packagename is android.uid.bluetooth:1002 ,and its permission is false
09-01 14:30:16.503 D/BluetoothUtils( 8588): blockedByLocationOff callingUid=1002
09-01 14:30:16.503 I/BluetoothUtils( 8588): packagename is android.uid.bluetooth:1002 ,and its permission is false
09-01 14:30:16.504 V/bt_stack( 8588): [VERBOSE1:btm_ble_gap.cc(1923)] btm_ble_process_ext_adv_pkt: bda=36:c9:49:a0:b6:9d
09-01 14:30:16.504 V/bt_stack( 8588): [VERBOSE1:btm_ble_gap.cc(1847)] btm_ble_process_adv_addr: bda=36:c9:49:a0:b6:9d
09-01 14:30:16.505 D/BluetoothUtils( 8588): blockedByLocationOff callingUid=1002
09-01 14:30:16.505 I/BluetoothUtils( 8588): packagename is android.uid.bluetooth:1002 ,and its permission is false
09-01 14:30:16.505 D/BluetoothUtils( 8588): blockedByLocationOff callingUid=1002
09-01 14:30:16.505 I/BluetoothUtils( 8588): packagename is android.uid.bluetooth:1002 ,and its permission is false
09-01 14:30:16.506 D/BluetoothUtils( 8588): blockedByLocationOff callingUid=1002
09-01 14:30:16.506 I/BluetoothUtils( 8588): packagename is android.uid.bluetooth:1002 ,and its permission is false
09-01 14:30:16.509 V/bt_stack( 8588): [VERBOSE1:btm_ble_gap.cc(1923)] btm_ble_process_ext_adv_pkt: bda=12:f7:c7:df:cb:b1
09-01 14:30:16.509 V/bt_stack( 8588): [VERBOSE1:btm_ble_gap.cc(1847)] btm_ble_process_adv_addr: bda=12:f7:c7:df:cb:b1
09-01 14:30:16.510 D/BluetoothUtils( 8588): blockedByLocationOff callingUid=1002
09-01 14:30:16.510 I/BluetoothUtils( 8588): packagename is android.uid.bluetooth:1002 ,and its permission is false
09-01 14:30:16.511 D/BluetoothUtils( 8588): blockedByLocationOff callingUid=1002
09-01 14:30:16.511 I/BluetoothUtils( 8588): packagename is android.uid.bluetooth:1002 ,and its permission is false
09-01 14:30:16.511 D/BluetoothUtils( 8588): blockedByLocationOff callingUid=1002
09-01 14:30:16.511 I/BluetoothUtils( 8588): packagename is android.uid.bluetooth:1002 ,and its permission is false
09-01 14:30:16.514 V/bt_stack( 8588): [VERBOSE1:btm_ble_gap.cc(1923)] btm_ble_process_ext_adv_pkt: bda=44:ca:73:cc:df:42
09-01 14:30:16.514 V/bt_stack( 8588): [VERBOSE1:btm_ble_gap.cc(1847)] btm_ble_process_adv_addr: bda=44:ca:73:cc:df:42
09-01 14:30:16.514 V/bt_stack( 8588): [VERBOSE1:btm_ble_gap.cc(2052)]  Waiting for scan response 44:ca:73:cc:df:42
09-01 14:30:16.514 V/bt_stack( 8588): [VERBOSE1:btm_ble_gap.cc(1923)] btm_ble_process_ext_adv_pkt: bda=44:ca:73:cc:df:42
09-01 14:30:16.514 V/bt_stack( 8588): [VERBOSE1:btm_ble_gap.cc(1847)] btm_ble_process_adv_addr: bda=44:ca:73:cc:df:42
09-01 14:30:16.515 D/BluetoothUtils( 8588): blockedByLocationOff callingUid=1002
09-01 14:30:16.515 I/BluetoothUtils( 8588): packagename is android.uid.bluetooth:1002 ,and its permission is false
09-01 14:30:16.516 D/BluetoothUtils( 8588): blockedByLocationOff callingUid=1002
09-01 14:30:16.516 I/BluetoothUtils( 8588): packagename is android.uid.bluetooth:1002 ,and its permission is false
09-01 14:30:16.516 D/BluetoothUtils( 8588): blockedByLocationOff callingUid=1002
09-01 14:30:16.516 I/BluetoothUtils( 8588): packagename is android.uid.bluetooth:1002 ,and its permission is false
09-01 14:30:16.525 V/bt_stack( 8588): [VERBOSE1:btm_ble_gap.cc(1923)] btm_ble_process_ext_adv_pkt: bda=46:60:09:cb:cf:ec
09-01 14:30:16.525 V/bt_stack( 8588): [VERBOSE1:btm_ble_gap.cc(1847)] btm_ble_process_adv_addr: bda=46:60:09:cb:cf:ec
09-01 14:30:16.525 V/bt_stack( 8588): [VERBOSE1:btm_ble_gap.cc(2052)]  Waiting for scan response 46:60:09:cb:cf:ec
09-01 14:30:16.526 V/bt_stack( 8588): [VERBOSE1:btm_ble_gap.cc(1923)] btm_ble_process_ext_adv_pkt: bda=67:ec:83:7e:42:50
09-01 14:30:16.526 V/bt_stack( 8588): [VERBOSE1:btm_ble_gap.cc(1847)] btm_ble_process_adv_addr: bda=67:ec:83:7e:42:50
09-01 14:30:16.526 V/bt_stack( 8588): [VERBOSE1:btm_ble_gap.cc(2052)]  Waiting for scan response 67:ec:83:7e:42:50
09-01 14:30:16.526 V/AsyncHttpResponse( 8179): Progress 2 from 2 (100%)
09-01 14:30:16.526 V/bt_stack( 8588): [VERBOSE1:btm_ble_gap.cc(1923)] btm_ble_process_ext_adv_pkt: bda=67:ec:83:7e:42:50
09-01 14:30:16.526 V/bt_stack( 8588): [VERBOSE1:btm_ble_gap.cc(1847)] btm_ble_process_adv_addr: bda=67:ec:83:7e:42:50
09-01 14:30:16.527 D/BluetoothUtils( 8588): blockedByLocationOff callingUid=1002
09-01 14:30:16.527 I/BluetoothUtils( 8588): packagename is android.uid.bluetooth:1002 ,and its permission is false
09-01 14:30:16.527 D/BluetoothUtils( 8588): blockedByLocationOff callingUid=1002
