09-01 14:33:18.445 V/bt_stack( 8588): [VERBOSE1:bta_gattc_act.cc(1216)] is_notify0
09-01 14:33:18.445 V/bt_stack( 8588): [VERBOSE1:bta_gattc_act.cc(1309)] bta_gattc_cmpl_cback: conn_id:9 op:6 status:142
09-01 14:33:18.445 V/bt_stack( 8588): [VERBOSE1:gatt_api.cc(1276)] GATT_GetConnectionInfor conn_id=0x0009
09-01 14:33:18.445 V/bt_stack( 8588): [VERBOSE1:bta_gattc_act.cc(1309)] bta_gattc_cmpl_cback: conn_id:10 op:6 status:142
09-01 14:33:18.445 V/bt_stack( 8588): [VERBOSE1:gatt_api.cc(1276)] GATT_GetConnectionInfor conn_id=0x000a
09-01 14:33:18.445 V/bt_stack( 8588): [VERBOSE1:bta_gattc_act.cc(1309)] bta_gattc_cmpl_cback: conn_id:11 op:6 status:142
09-01 14:33:18.445 V/bt_stack( 8588): [VERBOSE1:gatt_api.cc(1276)] GATT_GetConnectionInfor conn_id=0x000b
09-01 14:33:18.445 V/bt_stack( 8588): [VERBOSE1:bta_gattc_act.cc(1309)] bta_gattc_cmpl_cback: conn_id:12 op:6 status:142
09-01 14:33:18.445 V/bt_stack( 8588): [VERBOSE1:gatt_api.cc(1276)] GATT_GetConnectionInfor conn_id=0x000c
09-01 14:33:18.445 V/bt_stack( 8588): [VERBOSE1:bta_gattc_act.cc(1309)] bta_gattc_cmpl_cback: conn_id:13 op:6 status:142
09-01 14:33:18.445 V/bt_stack( 8588): [VERBOSE1:gatt_api.cc(1276)] GATT_GetConnectionInfor conn_id=0x000d
09-01 14:33:18.445 V/bt_stack( 8588): [VERBOSE1:bta_gattc_act.cc(1309)] bta_gattc_cmpl_cback: conn_id:14 op:6 status:142
09-01 14:33:18.445 V/bt_stack( 8588): [VERBOSE1:gatt_api.cc(1276)] GATT_GetConnectionInfor conn_id=0x000e
09-01 14:33:18.445 V/bt_stack( 8588): [VERBOSE1:bta_gattc_act.cc(1309)] bta_gattc_cmpl_cback: conn_id:15 op:6 status:142
09-01 14:33:18.445 V/bt_stack( 8588): [VERBOSE1:gatt_api.cc(1276)] GATT_GetConnectionInfor conn_id=0x000f
09-01 14:33:18.445 V/bt_stack( 8588): [VERBOSE1:bta_gattc_act.cc(1309)] bta_gattc_cmpl_cback: conn_id:16 op:6 status:142
09-01 14:33:18.445 V/bt_stack( 8588): [VERBOSE1:gatt_api.cc(1276)] GATT_GetConnectionInfor conn_id=0x0010
09-01 14:33:18.445 V/bt_stack( 8588): [VERBOSE1:bta_gattc_act.cc(1309)] bta_gattc_cmpl_cback: conn_id:17 op:6 status:142
09-01 14:33:18.445 V/bt_stack( 8588): [VERBOSE1:gatt_api.cc(1276)] GATT_GetConnectionInfor conn_id=0x0011
09-01 14:33:18.451 V/AsyncHttpResponse(10274): Progress 12 from 12 (100%)
09-01 14:33:18.454 V/bt_stack( 8588): [VERBOSE1:bta_gattc_main.cc(361)] bta_gattc_hdl_event: Event:BTA_GATTC_API_WRITE_EVT
09-01 14:33:18.454 V/bt_stack( 8588): [VERBOSE1:bta_gattc_main.cc(305)] bta_gattc_sm_execute: State 0x02 [GATTC_CONN_ST], Event 0x1f05[BTA_GATTC_API_WRITE_EVT]
09-01 14:33:18.454 V/bt_stack( 8588): [VERBOSE1:gatt_utils.cc(1191)] gatt_end_operation status=0 op=3 subtype=1
09-01 14:33:18.454 V/bt_stack( 8588): [VERBOSE1:bta_gattc_act.cc(1309)] bta_gattc_cmpl_cback: conn_id:8 op:3 status:0
09-01 14:33:18.454 V/bt_stack( 8588): [VERBOSE1:bta_gattc_main.cc(341)] bta_gattc_sm_execute: GATTC State Change: 0x02 -> 0x02 after Event 0x1f05
09-01 14:33:18.454 V/bt_stack( 8588): [VERBOSE1:bta_gattc_main.cc(361)] bta_gattc_hdl_event: Event:BTA_GATTC_OP_CMPL_EVT
09-01 14:33:18.454 V/bt_stack( 8588): [VERBOSE1:bta_gattc_main.cc(305)] bta_gattc_sm_execute: State 0x02 [GATTC_CONN_ST], Event 0x1f0f[BTA_GATTC_OP_CMPL_EVT]
09-01 14:33:18.455 V/bt_stack( 8588): [VERBOSE1:bta_gattc_act.cc(936)] bta_gattc_op_cmpl: op:3
09-01 14:33:18.455 V/bt_stack( 8588): [VERBOSE1:bta_gattc_main.cc(341)] bta_gattc_sm_execute: GATTC State Change: 0x02 -> 0x02 after Event 0x1f0f
09-01 14:33:18.472 W/AsyncHttpResponse(10274): Current thread has not called Looper.prepare().Forcing synchronous mode
09-01 14:33:18.475 I/appium  (10226): Waiting up to 10000ms for device to be idle
09-01 14:33:18.475 I/appium  (10226): AppiumResponse: {"sessionId":"3b8c72a3-7a5f-4eee-8121-946476795ec0","value":null}
09-01 14:33:18.484 V/bt_stack( 8588): [VERBOSE1:gatt_main.cc(1079)] gatt_get_ch_state: ch_state=4
09-01 14:33:18.484 I/bt_stack( 8588): [INFO:gatt_main.cc(912)] gatt_data_process op_code = 27, msg_len = 5
09-01 14:33:18.484 V/bt_stack( 8588): [VERBOSE1:gatt_cl.cc(620)] gatt_process_notification
09-01 14:33:18.484 D/[Koin]  (10274): !- ViewModelProvider getting instance
09-01 14:33:18.484 V/bt_stack( 8588): [VERBOSE1:gatt_auth.cc(364)] gatt_get_link_encrypt_status status=0x8e
09-01 14:33:18.484 V/bt_stack( 8588): [VERBOSE1:bta_gattc_act.cc(1309)] bta_gattc_cmpl_cback: conn_id:3 op:6 status:142
09-01 14:33:18.484 D/[Koin]  (10274): +- get 'com.xiaomi.hm.health.healthdata.viewmodel.StatisticsMonthAndWeekViewModel'
09-01 14:33:18.484 V/bt_stack( 8588): [VERBOSE1:gatt_api.cc(1276)] GATT_GetConnectionInfor conn_id=0x0003
09-01 14:33:18.484 D/[Koin]  (10274): | create instance for [type:Factory,primary_type:'com.xiaomi.hm.health.healthdata.viewmodel.StatisticsMonthAndWeekViewModel']
09-01 14:33:18.484 V/bt_stack( 8588): [VERBOSE1:bta_gattc_act.cc(1309)] bta_gattc_cmpl_cback: conn_id:4 op:6 status:142
09-01 14:33:18.484 D/[Koin]  (10274): +- get 'com.xiaomi.hm.health.healthdata.repository.NapAndSleepStatisticsRepo'
09-01 14:33:18.484 V/bt_stack( 8588): [VERBOSE1:gatt_api.cc(1276)] GATT_GetConnectionInfor conn_id=0x0004
09-01 14:33:18.484 D/[Koin]  (10274): | create instance for [type:Factory,scope:'health_data', primary_type:'com.xiaomi.hm.health.healthdata.repository.NapAndSleepStatisticsRepo']
09-01 14:33:18.484 E/bt_btif ( 8588): bta_gattc_process_indicate, ignore HID ind/notificiation
09-01 14:33:18.484 D/[Koin]  (10274): +- get 'com.xiaomi.hm.health.healthdata.helper.AppExecutors'
09-01 14:33:18.484 V/bt_stack( 8588): [VERBOSE1:bta_gattc_act.cc(1309)] bta_gattc_cmpl_cback: conn_id:5 op:6 status:142
09-01 14:33:18.484 D/[Koin]  (10274): | create instance for [type:Factory,scope:'health_data', primary_type:'com.xiaomi.hm.health.healthdata.helper.AppExecutors']
09-01 14:33:18.484 V/bt_stack( 8588): [VERBOSE1:gatt_api.cc(1276)] GATT_GetConnectionInfor conn_id=0x0005
09-01 14:33:18.484 V/bt_stack( 8588): [VERBOSE1:bta_gattc_act.cc(1309)] bta_gattc_cmpl_cback: conn_id:6 op:6 status:142
09-01 14:33:18.484 D/[Koin]  (10274): +- got 'com.xiaomi.hm.health.healthdata.helper.AppExecutors' in 0.096354 ms
09-01 14:33:18.484 V/bt_stack( 8588): [VERBOSE1:gatt_api.cc(1276)] GATT_GetConnectionInfor conn_id=0x0006
09-01 14:33:18.484 D/[Koin]  (10274): +- get 'com.xiaomi.hm.health.healthdata.db.NapSleepDataDb'
09-01 14:33:18.484 V/bt_stack( 8588): [VERBOSE1:bta_gattc_act.cc(1309)] bta_gattc_cmpl_cback: conn_id:7 op:6 status:142
09-01 14:33:18.484 D/[Koin]  (10274): | create instance for [type:Factory,scope:'health_data', primary_type:'com.xiaomi.hm.health.healthdata.db.NapSleepDataDb']
09-01 14:33:18.484 V/bt_stack( 8588): [VERBOSE1:gatt_api.cc(1276)] GATT_GetConnectionInfor conn_id=0x0007
09-01 14:33:18.484 D/[Koin]  (10274): +- get 'android.content.Context'
09-01 14:33:18.484 D/[Koin]  (10274): +- got 'android.content.Context' in 0.012448 ms
09-01 14:33:18.484 V/bt_stack( 8588): [VERBOSE1:bta_gattc_act.cc(1309)] bta_gattc_cmpl_cback: conn_id:8 op:6 status:142
09-01 14:33:18.484 V/bt_stack( 8588): [VERBOSE1:gatt_api.cc(1276)] GATT_GetConnectionInfor conn_id=0x0008
09-01 14:33:18.484 V/bt_stack( 8588): [VERBOSE1:bta_gattc_utils.cc(346)] Notification registered!
09-01 14:33:18.484 V/bt_stack( 8588): [VERBOSE1:bta_gattc_act.cc(1212)] bta_gattc_proc_other_indication: check p_data->att_value.handle=62 p_data->handle=0
09-01 14:33:18.484 V/bt_stack( 8588): [VERBOSE1:bta_gattc_act.cc(1216)] is_notify0
09-01 14:33:18.485 V/bt_stack( 8588): [VERBOSE1:bta_gattc_act.cc(1309)] bta_gattc_cmpl_cback: conn_id:9 op:6 status:142
09-01 14:33:18.485 V/bt_stack( 8588): [VERBOSE1:gatt_api.cc(1276)] GATT_GetConnectionInfor conn_id=0x0009
09-01 14:33:18.485 V/bt_stack( 8588): [VERBOSE1:bta_gattc_act.cc(1309)] bta_gattc_cmpl_cback: conn_id:10 op:6 status:142
09-01 14:33:18.485 D/[Koin]  (10274): +- got 'com.xiaomi.hm.health.healthdata.db.NapSleepDataDb' in 0.461302 ms
09-01 14:33:18.485 V/bt_stack( 8588): [VERBOSE1:gatt_api.cc(1276)] GATT_GetConnectionInfor conn_id=0x000a
09-01 14:33:18.485 D/[Koin]  (10274): +- get 'com.xiaomi.hm.health.healthdata.api.NapSleepWebApi'
09-01 14:33:18.485 V/bt_stack( 8588): [VERBOSE1:bta_gattc_act.cc(1309)] bta_gattc_cmpl_cback: conn_id:11 op:6 status:142
09-01 14:33:18.485 D/[Koin]  (10274): +- got 'com.xiaomi.hm.health.healthdata.api.NapSleepWebApi' in 0.026927 ms
09-01 14:33:18.485 V/bt_stack( 8588): [VERBOSE1:gatt_api.cc(1276)] GATT_GetConnectionInfor conn_id=0x000b
09-01 14:33:18.485 D/[Koin]  (10274): +- got 'com.xiaomi.hm.health.healthdata.repository.NapAndSleepStatisticsRepo' in 0.793281 ms
09-01 14:33:18.485 V/bt_stack( 8588): [VERBOSE1:bta_gattc_act.cc(1309)] bta_gattc_cmpl_cback: conn_id:12 op:6 status:142
09-01 14:33:18.485 V/bt_stack( 8588): [VERBOSE1:gatt_api.cc(1276)] GATT_GetConnectionInfor conn_id=0x000c
09-01 14:33:18.485 D/[Koin]  (10274): +- got 'com.xiaomi.hm.health.healthdata.viewmodel.StatisticsMonthAndWeekViewModel' in 0.955625 ms
09-01 14:33:18.485 V/bt_stack( 8588): [VERBOSE1:bta_gattc_act.cc(1309)] bta_gattc_cmpl_cback: conn_id:13 op:6 status:142
09-01 14:33:18.485 D/[Koin]  (10274): !- ViewModelProvider got instance in 1.048125
09-01 14:33:18.485 V/bt_stack( 8588): [VERBOSE1:gatt_api.cc(1276)] GATT_GetConnectionInfor conn_id=0x000d
09-01 14:33:18.485 V/bt_stack( 8588): [VERBOSE1:bta_gattc_act.cc(1309)] bta_gattc_cmpl_cback: conn_id:14 op:6 status:142
09-01 14:33:18.485 V/bt_stack( 8588): [VERBOSE1:gatt_api.cc(1276)] GATT_GetConnectionInfor conn_id=0x000e
09-01 14:33:18.485 V/bt_stack( 8588): [VERBOSE1:bta_gattc_act.cc(1309)] bta_gattc_cmpl_cback: conn_id:15 op:6 status:142
09-01 14:33:18.485 V/bt_stack( 8588): [VERBOSE1:gatt_api.cc(1276)] GATT_GetConnectionInfor conn_id=0x000f
09-01 14:33:18.485 V/bt_stack( 8588): [VERBOSE1:bta_gattc_act.cc(1309)] bta_gattc_cmpl_cback: conn_id:16 op:6 status:142
09-01 14:33:18.485 V/bt_stack( 8588): [VERBOSE1:gatt_api.cc(1276)] GATT_GetConnectionInfor conn_id=0x0010
09-01 14:33:18.485 V/bt_stack( 8588): [VERBOSE1:bta_gattc_act.cc(1309)] bta_gattc_cmpl_cback: conn_id:17 op:6 status:142
09-01 14:33:18.485 V/bt_stack( 8588): [VERBOSE1:gatt_api.cc(1276)] GATT_GetConnectionInfor conn_id=0x0011
09-01 14:33:18.489 V/bt_stack( 8588): [VERBOSE1:bta_gattc_main.cc(361)] bta_gattc_hdl_event: Event:BTA_GATTC_API_WRITE_EVT
09-01 14:33:18.489 V/bt_stack( 8588): [VERBOSE1:bta_gattc_main.cc(305)] bta_gattc_sm_execute: State 0x02 [GATTC_CONN_ST], Event 0x1f05[BTA_GATTC_API_WRITE_EVT]
09-01 14:33:18.489 V/bt_stack( 8588): [VERBOSE1:gatt_utils.cc(1191)] gatt_end_operation status=0 op=3 subtype=1
09-01 14:33:18.489 V/bt_stack( 8588): [VERBOSE1:bta_gattc_act.cc(1309)] bta_gattc_cmpl_cback: conn_id:8 op:3 status:0
09-01 14:33:18.489 V/bt_stack( 8588): [VERBOSE1:bta_gattc_main.cc(341)] bta_gattc_sm_execute: GATTC State Change: 0x02 -> 0x02 after Event 0x1f05
09-01 14:33:18.489 V/bt_stack( 8588): [VERBOSE1:bta_gattc_main.cc(361)] bta_gattc_hdl_event: Event:BTA_GATTC_OP_CMPL_EVT
09-01 14:33:18.489 V/bt_stack( 8588): [VERBOSE1:bta_gattc_main.cc(305)] bta_gattc_sm_execute: State 0x02 [GATTC_CONN_ST], Event 0x1f0f[BTA_GATTC_OP_CMPL_EVT]
09-01 14:33:18.489 V/bt_stack( 8588): [VERBOSE1:bta_gattc_act.cc(936)] bta_gattc_op_cmpl: op:3
09-01 14:33:18.489 V/bt_stack( 8588): [VERBOSE1:bta_gattc_main.cc(341)] bta_gattc_sm_execute: GATTC State Change: 0x02 -> 0x02 after Event 0x1f0f
09-01 14:33:18.494 D/[Koin]  (10274): !- ViewModelProvider getting instance
09-01 14:33:18.494 D/[Koin]  (10274): +- get 'com.xiaomi.hm.health.healthdata.viewmodel.StatisticsMonthAndWeekViewModel'
09-01 14:33:18.494 D/[Koin]  (10274): | create instance for [type:Factory,primary_type:'com.xiaomi.hm.health.healthdata.viewmodel.StatisticsMonthAndWeekViewModel']
09-01 14:33:18.495 D/[Koin]  (10274): +- get 'com.xiaomi.hm.health.healthdata.repository.NapAndSleepStatisticsRepo'
09-01 14:33:18.495 D/[Koin]  (10274): | create instance for [type:Factory,scope:'health_data', primary_type:'com.xiaomi.hm.health.healthdata.repository.NapAndSleepStatisticsRepo']
09-01 14:33:18.495 D/[Koin]  (10274): +- get 'com.xiaomi.hm.health.healthdata.helper.AppExecutors'
09-01 14:33:18.495 D/[Koin]  (10274): | create instance for [type:Factory,scope:'health_data', primary_type:'com.xiaomi.hm.health.healthdata.helper.AppExecutors']
09-01 14:33:18.495 D/[Koin]  (10274): +- got 'com.xiaomi.hm.health.healthdata.helper.AppExecutors' in 0.078229 ms
09-01 14:33:18.495 D/[Koin]  (10274): +- get 'com.xiaomi.hm.health.healthdata.db.NapSleepDataDb'
09-01 14:33:18.495 D/[Koin]  (10274): | create instance for [type:Factory,scope:'health_data', primary_type:'com.xiaomi.hm.health.healthdata.db.NapSleepDataDb']
09-01 14:33:18.495 D/[Koin]  (10274): +- get 'android.content.Context'
09-01 14:33:18.495 D/[Koin]  (10274): +- got 'android.content.Context' in 0.012656 ms
09-01 14:33:18.495 D/[Koin]  (10274): +- got 'com.xiaomi.hm.health.healthdata.db.NapSleepDataDb' in 0.391303 ms
09-01 14:33:18.495 D/[Koin]  (10274): +- get 'com.xiaomi.hm.health.healthdata.api.NapSleepWebApi'
09-01 14:33:18.495 D/[Koin]  (10274): +- got 'com.xiaomi.hm.health.healthdata.api.NapSleepWebApi' in 0.016979 ms
09-01 14:33:18.495 D/[Koin]  (10274): +- got 'com.xiaomi.hm.health.healthdata.repository.NapAndSleepStatisticsRepo' in 0.702812 ms
09-01 14:33:18.495 D/[Koin]  (10274): +- got 'com.xiaomi.hm.health.healthdata.viewmodel.StatisticsMonthAndWeekViewModel' in 0.861875 ms
09-01 14:33:18.495 D/[Koin]  (10274): !- ViewModelProvider got instance in 0.937604
09-01 14:33:18.499 I/appium  (10226): channel read invoked!
09-01 14:33:18.499 I/appium  (10226): channel read: POST /wd/hub/session/3b8c72a3-7a5f-4eee-8121-946476795ec0/element
09-01 14:33:18.499 I/appium  (10226): Find element command using 'xpath' with selector '//*[@resource-id='com.xiaomi.hm.health:id/container']/android.widget.FrameLayout/android.widget.LinearLayout/android.widget.TextView'.
09-01 14:33:18.499 I/appium  (10226): Waiting up to 10000ms for device to be idle
09-01 14:33:18.514 V/bt_stack( 8588): [VERBOSE1:gatt_main.cc(1079)] gatt_get_ch_state: ch_state=4
09-01 14:33:18.514 I/bt_stack( 8588): [INFO:gatt_main.cc(912)] gatt_data_process op_code = 27, msg_len = 17
09-01 14:33:18.514 V/bt_stack( 8588): [VERBOSE1:gatt_cl.cc(620)] gatt_process_notification
09-01 14:33:18.514 V/bt_stack( 8588): [VERBOSE1:gatt_auth.cc(364)] gatt_get_link_encrypt_status status=0x8e
09-01 14:33:18.514 V/bt_stack( 8588): [VERBOSE1:bta_gattc_act.cc(1309)] bta_gattc_cmpl_cback: conn_id:3 op:6 status:142
09-01 14:33:18.514 V/bt_stack( 8588): [VERBOSE1:gatt_api.cc(1276)] GATT_GetConnectionInfor conn_id=0x0003
09-01 14:33:18.514 V/bt_stack( 8588): [VERBOSE1:bta_gattc_act.cc(1309)] bta_gattc_cmpl_cback: conn_id:4 op:6 status:142
09-01 14:33:18.514 V/bt_stack( 8588): [VERBOSE1:gatt_api.cc(1276)] GATT_GetConnectionInfor conn_id=0x0004
09-01 14:33:18.514 E/bt_btif ( 8588): bta_gattc_process_indicate, ignore HID ind/notificiation
09-01 14:33:18.514 V/bt_stack( 8588): [VERBOSE1:bta_gattc_act.cc(1309)] bta_gattc_cmpl_cback: conn_id:5 op:6 status:142
09-01 14:33:18.514 V/bt_stack( 8588): [VERBOSE1:gatt_api.cc(1276)] GATT_GetConnectionInfor conn_id=0x0005
09-01 14:33:18.514 V/bt_stack( 8588): [VERBOSE1:bta_gattc_act.cc(1309)] bta_gattc_cmpl_cback: conn_id:6 op:6 status:142
09-01 14:33:18.514 V/bt_stack( 8588): [VERBOSE1:gatt_api.cc(1276)] GATT_GetConnectionInfor conn_id=0x0006
09-01 14:33:18.514 V/bt_stack( 8588): [VERBOSE1:bta_gattc_act.cc(1309)] bta_gattc_cmpl_cback: conn_id:7 op:6 status:142
09-01 14:33:18.514 V/bt_stack( 8588): [VERBOSE1:gatt_api.cc(1276)] GATT_GetConnectionInfor conn_id=0x0007
09-01 14:33:18.514 V/bt_stack( 8588): [VERBOSE1:bta_gattc_act.cc(1309)] bta_gattc_cmpl_cback: conn_id:8 op:6 status:142
09-01 14:33:18.514 V/bt_stack( 8588): [VERBOSE1:gatt_api.cc(1276)] GATT_GetConnectionInfor conn_id=0x0008
09-01 14:33:18.514 V/bt_stack( 8588): [VERBOSE1:bta_gattc_utils.cc(346)] Notification registered!
09-01 14:33:18.514 V/bt_stack( 8588): [VERBOSE1:bta_gattc_act.cc(1212)] bta_gattc_proc_other_indication: check p_data->att_value.handle=62 p_data->handle=0
09-01 14:33:18.514 V/bt_stack( 8588): [VERBOSE1:bta_gattc_act.cc(1216)] is_notify0
09-01 14:33:18.514 V/bt_stack( 8588): [VERBOSE1:bta_gattc_act.cc(1309)] bta_gattc_cmpl_cback: conn_id:9 op:6 status:142
09-01 14:33:18.514 V/bt_stack( 8588): [VERBOSE1:gatt_api.cc(1276)] GATT_GetConnectionInfor conn_id=0x0009
09-01 14:33:18.515 V/bt_stack( 8588): [VERBOSE1:bta_gattc_act.cc(1309)] bta_gattc_cmpl_cback: conn_id:10 op:6 status:142
09-01 14:33:18.515 V/AsyncHttpResponse(10274): Progress 12 from 12 (100%)
09-01 14:33:18.515 V/bt_stack( 8588): [VERBOSE1:gatt_api.cc(1276)] GATT_GetConnectionInfor conn_id=0x000a
09-01 14:33:18.515 V/bt_stack( 8588): [VERBOSE1:bta_gattc_act.cc(1309)] bta_gattc_cmpl_cback: conn_id:11 op:6 status:142
09-01 14:33:18.515 V/bt_stack( 8588): [VERBOSE1:gatt_api.cc(1276)] GATT_GetConnectionInfor conn_id=0x000b
09-01 14:33:18.515 V/bt_stack( 8588): [VERBOSE1:bta_gattc_act.cc(1309)] bta_gattc_cmpl_cback: conn_id:12 op:6 status:142
09-01 14:33:18.515 V/bt_stack( 8588): [VERBOSE1:gatt_api.cc(1276)] GATT_GetConnectionInfor conn_id=0x000c
09-01 14:33:18.515 V/bt_stack( 8588): [VERBOSE1:bta_gattc_act.cc(1309)] bta_gattc_cmpl_cback: conn_id:13 op:6 status:142
09-01 14:33:18.515 V/bt_stack( 8588): [VERBOSE1:gatt_api.cc(1276)] GATT_GetConnectionInfor conn_id=0x000d
09-01 14:33:18.515 V/bt_stack( 8588): [VERBOSE1:bta_gattc_act.cc(1309)] bta_gattc_cmpl_cback: conn_id:14 op:6 status:142
09-01 14:33:18.515 V/bt_stack( 8588): [VERBOSE1:gatt_api.cc(1276)] GATT_GetConnectionInfor conn_id=0x000e
09-01 14:33:18.515 V/bt_stack( 8588): [VERBOSE1:bta_gattc_act.cc(1309)] bta_gattc_cmpl_cback: conn_id:15 op:6 status:142
09-01 14:33:18.515 V/bt_stack( 8588): [VERBOSE1:gatt_api.cc(1276)] GATT_GetConnectionInfor conn_id=0x000f
09-01 14:33:18.515 V/bt_stack( 8588): [VERBOSE1:bta_gattc_act.cc(1309)] bta_gattc_cmpl_cback: conn_id:16 op:6 status:142
09-01 14:33:18.515 V/bt_stack( 8588): [VERBOSE1:gatt_api.cc(1276)] GATT_GetConnectionInfor conn_id=0x0010
09-01 14:33:18.515 V/bt_stack( 8588): [VERBOSE1:bta_gattc_act.cc(1309)] bta_gattc_cmpl_cback: conn_id:17 op:6 status:142
09-01 14:33:18.515 V/bt_stack( 8588): [VERBOSE1:gatt_api.cc(1276)] GATT_GetConnectionInfor conn_id=0x0011
09-01 14:33:18.517 D/[Koin]  (10274): !- ViewModelProvider getting instance
09-01 14:33:18.517 D/[Koin]  (10274): +- get 'com.xiaomi.hm.health.healthdata.viewmodel.StatisticsMonthAndWeekViewModel'
09-01 14:33:18.517 D/[Koin]  (10274): | create instance for [type:Factory,primary_type:'com.xiaomi.hm.health.healthdata.viewmodel.StatisticsMonthAndWeekViewModel']
09-01 14:33:18.517 D/[Koin]  (10274): +- get 'com.xiaomi.hm.health.healthdata.repository.NapAndSleepStatisticsRepo'
09-01 14:33:18.517 D/[Koin]  (10274): | create instance for [type:Factory,scope:'health_data', primary_type:'com.xiaomi.hm.health.healthdata.repository.NapAndSleepStatisticsRepo']
09-01 14:33:18.517 D/[Koin]  (10274): +- get 'com.xiaomi.hm.health.healthdata.helper.AppExecutors'
09-01 14:33:18.517 D/[Koin]  (10274): | create instance for [type:Factory,scope:'health_data', primary_type:'com.xiaomi.hm.health.healthdata.helper.AppExecutors']
09-01 14:33:18.517 D/[Koin]  (10274): +- got 'com.xiaomi.hm.health.healthdata.helper.AppExecutors' in 0.071823 ms
09-01 14:33:18.517 D/[Koin]  (10274): +- get 'com.xiaomi.hm.health.healthdata.db.NapSleepDataDb'
09-01 14:33:18.517 D/[Koin]  (10274): | create instance for [type:Factory,scope:'health_data', primary_type:'com.xiaomi.hm.health.healthdata.db.NapSleepDataDb']
09-01 14:33:18.517 D/[Koin]  (10274): +- get 'android.content.Context'
09-01 14:33:18.517 D/[Koin]  (10274): +- got 'android.content.Context' in 0.0125 ms
09-01 14:33:18.517 D/[Koin]  (10274): +- got 'com.xiaomi.hm.health.healthdata.db.NapSleepDataDb' in 0.348958 ms
09-01 14:33:18.517 D/[Koin]  (10274): +- get 'com.xiaomi.hm.health.healthdata.api.NapSleepWebApi'
09-01 14:33:18.517 D/[Koin]  (10274): +- got 'com.xiaomi.hm.health.healthdata.api.NapSleepWebApi' in 0.017084 ms
09-01 14:33:18.517 D/[Koin]  (10274): +- got 'com.xiaomi.hm.health.healthdata.repository.NapAndSleepStatisticsRepo' in 0.614375 ms
09-01 14:33:18.517 D/[Koin]  (10274): +- got 'com.xiaomi.hm.health.healthdata.viewmodel.StatisticsMonthAndWeekViewModel' in 0.759843 ms
09-01 14:33:18.517 D/[Koin]  (10274): !- ViewModelProvider got instance in 0.853021
09-01 14:33:18.519 V/bt_stack( 8588): [VERBOSE1:bta_gattc_main.cc(361)] bta_gattc_hdl_event: Event:BTA_GATTC_API_WRITE_EVT
09-01 14:33:18.519 V/bt_stack( 8588): [VERBOSE1:bta_gattc_main.cc(305)] bta_gattc_sm_execute: State 0x02 [GATTC_CONN_ST], Event 0x1f05[BTA_GATTC_API_WRITE_EVT]
09-01 14:33:18.519 V/bt_stack( 8588): [VERBOSE1:gatt_utils.cc(1191)] gatt_end_operation status=0 op=3 subtype=1
09-01 14:33:18.519 V/bt_stack( 8588): [VERBOSE1:bta_gattc_act.cc(1309)] bta_gattc_cmpl_cback: conn_id:8 op:3 status:0
09-01 14:33:18.519 V/bt_stack( 8588): [VERBOSE1:bta_gattc_main.cc(341)] bta_gattc_sm_execute: GATTC State Change: 0x02 -> 0x02 after Event 0x1f05
09-01 14:33:18.519 V/bt_stack( 8588): [VERBOSE1:bta_gattc_main.cc(361)] bta_gattc_hdl_event: Event:BTA_GATTC_OP_CMPL_EVT
09-01 14:33:18.519 V/bt_stack( 8588): [VERBOSE1:bta_gattc_main.cc(305)] bta_gattc_sm_execute: State 0x02 [GATTC_CONN_ST], Event 0x1f0f[BTA_GATTC_OP_CMPL_EVT]
09-01 14:33:18.519 V/bt_stack( 8588): [VERBOSE1:bta_gattc_act.cc(936)] bta_gattc_op_cmpl: op:3
09-01 14:33:18.519 V/bt_stack( 8588): [VERBOSE1:bta_gattc_main.cc(341)] bta_gattc_sm_execute: GATTC State Change: 0x02 -> 0x02 after Event 0x1f0f
09-01 14:33:18.543 V/bt_stack( 8588): [VERBOSE1:gatt_main.cc(1079)] gatt_get_ch_state: ch_state=4
09-01 14:33:18.544 I/bt_stack( 8588): [INFO:gatt_main.cc(912)] gatt_data_process op_code = 27, msg_len = 6
09-01 14:33:18.544 V/bt_stack( 8588): [VERBOSE1:gatt_cl.cc(620)] gatt_process_notification
09-01 14:33:18.544 V/bt_stack( 8588): [VERBOSE1:gatt_auth.cc(364)] gatt_get_link_encrypt_status status=0x8e
09-01 14:33:18.544 V/bt_stack( 8588): [VERBOSE1:bta_gattc_act.cc(1309)] bta_gattc_cmpl_cback: conn_id:3 op:6 status:142
09-01 14:33:18.544 V/bt_stack( 8588): [VERBOSE1:gatt_api.cc(1276)] GATT_GetConnectionInfor conn_id=0x0003
09-01 14:33:18.544 V/bt_stack( 8588): [VERBOSE1:bta_gattc_act.cc(1309)] bta_gattc_cmpl_cback: conn_id:4 op:6 status:142
09-01 14:33:18.544 V/bt_stack( 8588): [VERBOSE1:gatt_api.cc(1276)] GATT_GetConnectionInfor conn_id=0x0004
09-01 14:33:18.544 E/bt_btif ( 8588): bta_gattc_process_indicate, ignore HID ind/notificiation
09-01 14:33:18.544 V/bt_stack( 8588): [VERBOSE1:bta_gattc_act.cc(1309)] bta_gattc_cmpl_cback: conn_id:5 op:6 status:142
09-01 14:33:18.544 V/bt_stack( 8588): [VERBOSE1:gatt_api.cc(1276)] GATT_GetConnectionInfor conn_id=0x0005
09-01 14:33:18.544 V/bt_stack( 8588): [VERBOSE1:bta_gattc_act.cc(1309)] bta_gattc_cmpl_cback: conn_id:6 op:6 status:142
09-01 14:33:18.544 V/bt_stack( 8588): [VERBOSE1:gatt_api.cc(1276)] GATT_GetConnectionInfor conn_id=0x0006
09-01 14:33:18.544 V/bt_stack( 8588): [VERBOSE1:bta_gattc_act.cc(1309)] bta_gattc_cmpl_cback: conn_id:7 op:6 status:142
09-01 14:33:18.544 V/bt_stack( 8588): [VERBOSE1:gatt_api.cc(1276)] GATT_GetConnectionInfor conn_id=0x0007
09-01 14:33:18.544 V/bt_stack( 8588): [VERBOSE1:bta_gattc_act.cc(1309)] bta_gattc_cmpl_cback: conn_id:8 op:6 status:142
09-01 14:33:18.544 V/bt_stack( 8588): [VERBOSE1:gatt_api.cc(1276)] GATT_GetConnectionInfor conn_id=0x0008
09-01 14:33:18.544 V/bt_stack( 8588): [VERBOSE1:bta_gattc_utils.cc(346)] Notification registered!
09-01 14:33:18.544 V/bt_stack( 8588): [VERBOSE1:bta_gattc_act.cc(1212)] bta_gattc_proc_other_indication: check p_data->att_value.handle=65 p_data->handle=0
09-01 14:33:18.544 V/bt_stack( 8588): [VERBOSE1:bta_gattc_act.cc(1216)] is_notify0
09-01 14:33:18.544 V/bt_stack( 8588): [VERBOSE1:bta_gattc_act.cc(1309)] bta_gattc_cmpl_cback: conn_id:9 op:6 status:142
09-01 14:33:18.545 V/bt_stack( 8588): [VERBOSE1:gatt_api.cc(1276)] GATT_GetConnectionInfor conn_id=0x0009
09-01 14:33:18.545 V/bt_stack( 8588): [VERBOSE1:bta_gattc_act.cc(1309)] bta_gattc_cmpl_cback: conn_id:10 op:6 status:142
09-01 14:33:18.545 V/bt_stack( 8588): [VERBOSE1:gatt_api.cc(1276)] GATT_GetConnectionInfor conn_id=0x000a
09-01 14:33:18.545 V/bt_stack( 8588): [VERBOSE1:bta_gattc_act.cc(1309)] bta_gattc_cmpl_cback: conn_id:11 op:6 status:142
09-01 14:33:18.545 V/bt_stack( 8588): [VERBOSE1:gatt_api.cc(1276)] GATT_GetConnectionInfor conn_id=0x000b
09-01 14:33:18.545 V/bt_stack( 8588): [VERBOSE1:bta_gattc_act.cc(1309)] bta_gattc_cmpl_cback: conn_id:12 op:6 status:142
09-01 14:33:18.545 V/bt_stack( 8588): [VERBOSE1:gatt_api.cc(1276)] GATT_GetConnectionInfor conn_id=0x000c
09-01 14:33:18.545 V/bt_stack( 8588): [VERBOSE1:bta_gattc_act.cc(1309)] bta_gattc_cmpl_cback: conn_id:13 op:6 status:142
09-01 14:33:18.545 V/bt_stack( 8588): [VERBOSE1:gatt_api.cc(1276)] GATT_GetConnectionInfor conn_id=0x000d
09-01 14:33:18.545 V/bt_stack( 8588): [VERBOSE1:bta_gattc_act.cc(1309)] bta_gattc_cmpl_cback: conn_id:14 op:6 status:142
09-01 14:33:18.545 V/bt_stack( 8588): [VERBOSE1:gatt_api.cc(1276)] GATT_GetConnectionInfor conn_id=0x000e
09-01 14:33:18.545 V/bt_stack( 8588): [VERBOSE1:bta_gattc_act.cc(1309)] bta_gattc_cmpl_cback: conn_id:15 op:6 status:142
09-01 14:33:18.545 V/bt_stack( 8588): [VERBOSE1:gatt_api.cc(1276)] GATT_GetConnectionInfor conn_id=0x000f
09-01 14:33:18.545 V/bt_stack( 8588): [VERBOSE1:bta_gattc_act.cc(1309)] bta_gattc_cmpl_cback: conn_id:16 op:6 status:142
09-01 14:33:18.545 V/bt_stack( 8588): [VERBOSE1:gatt_api.cc(1276)] GATT_GetConnectionInfor conn_id=0x0010
09-01 14:33:18.545 V/bt_stack( 8588): [VERBOSE1:bta_gattc_act.cc(1309)] bta_gattc_cmpl_cback: conn_id:17 op:6 status:142
09-01 14:33:18.545 V/bt_stack( 8588): [VERBOSE1:gatt_api.cc(1276)] GATT_GetConnectionInfor conn_id=0x0011
09-01 14:33:18.545 V/bt_stack( 8588): [VERBOSE1:gatt_main.cc(1079)] gatt_get_ch_state: ch_state=4
09-01 14:33:18.545 I/bt_stack( 8588): [INFO:gatt_main.cc(912)] gatt_data_process op_code = 27, msg_len = 5
09-01 14:33:18.545 V/bt_stack( 8588): [VERBOSE1:gatt_cl.cc(620)] gatt_process_notification
09-01 14:33:18.545 V/bt_stack( 8588): [VERBOSE1:gatt_auth.cc(364)] gatt_get_link_encrypt_status status=0x8e
09-01 14:33:18.545 V/bt_stack( 8588): [VERBOSE1:bta_gattc_act.cc(1309)] bta_gattc_cmpl_cback: conn_id:3 op:6 status:142
09-01 14:33:18.545 V/bt_stack( 8588): [VERBOSE1:gatt_api.cc(1276)] GATT_GetConnectionInfor conn_id=0x0003
09-01 14:33:18.545 V/bt_stack( 8588): [VERBOSE1:bta_gattc_act.cc(1309)] bta_gattc_cmpl_cback: conn_id:4 op:6 status:142
09-01 14:33:18.546 V/bt_stack( 8588): [VERBOSE1:gatt_api.cc(1276)] GATT_GetConnectionInfor conn_id=0x0004
09-01 14:33:18.546 E/bt_btif ( 8588): bta_gattc_process_indicate, ignore HID ind/notificiation
09-01 14:33:18.546 V/bt_stack( 8588): [VERBOSE1:bta_gattc_act.cc(1309)] bta_gattc_cmpl_cback: conn_id:5 op:6 status:142
09-01 14:33:18.546 V/bt_stack( 8588): [VERBOSE1:gatt_api.cc(1276)] GATT_GetConnectionInfor conn_id=0x0005
09-01 14:33:18.546 V/bt_stack( 8588): [VERBOSE1:bta_gattc_act.cc(1309)] bta_gattc_cmpl_cback: conn_id:6 op:6 status:142
09-01 14:33:18.546 V/bt_stack( 8588): [VERBOSE1:gatt_api.cc(1276)] GATT_GetConnectionInfor conn_id=0x0006
09-01 14:33:18.546 V/bt_stack( 8588): [VERBOSE1:bta_gattc_act.cc(1309)] bta_gattc_cmpl_cback: conn_id:7 op:6 status:142
09-01 14:33:18.546 V/bt_stack( 8588): [VERBOSE1:gatt_api.cc(1276)] GATT_GetConnectionInfor conn_id=0x0007
09-01 14:33:18.546 V/bt_stack( 8588): [VERBOSE1:bta_gattc_act.cc(1309)] bta_gattc_cmpl_cback: conn_id:8 op:6 status:142
09-01 14:33:18.546 V/bt_stack( 8588): [VERBOSE1:gatt_api.cc(1276)] GATT_GetConnectionInfor conn_id=0x0008
09-01 14:33:18.546 V/bt_stack( 8588): [VERBOSE1:bta_gattc_utils.cc(346)] Notification registered!
09-01 14:33:18.546 V/bt_stack( 8588): [VERBOSE1:bta_gattc_act.cc(1212)] bta_gattc_proc_other_indication: check p_data->att_value.handle=62 p_data->handle=0
09-01 14:33:18.546 V/bt_stack( 8588): [VERBOSE1:bta_gattc_act.cc(1216)] is_notify0
09-01 14:33:18.546 V/bt_stack( 8588): [VERBOSE1:bta_gattc_act.cc(1309)] bta_gattc_cmpl_cback: conn_id:9 op:6 status:142
09-01 14:33:18.546 V/bt_stack( 8588): [VERBOSE1:gatt_api.cc(1276)] GATT_GetConnectionInfor conn_id=0x0009
09-01 14:33:18.546 V/bt_stack( 8588): [VERBOSE1:bta_gattc_act.cc(1309)] bta_gattc_cmpl_cback: conn_id:10 op:6 status:142
09-01 14:33:18.546 V/bt_stack( 8588): [VERBOSE1:gatt_api.cc(1276)] GATT_GetConnectionInfor conn_id=0x000a
09-01 14:33:18.546 V/bt_stack( 8588): [VERBOSE1:bta_gattc_act.cc(1309)] bta_gattc_cmpl_cback: conn_id:11 op:6 status:142
09-01 14:33:18.546 V/bt_stack( 8588): [VERBOSE1:gatt_api.cc(1276)] GATT_GetConnectionInfor conn_id=0x000b
09-01 14:33:18.546 V/bt_stack( 8588): [VERBOSE1:bta_gattc_act.cc(1309)] bta_gattc_cmpl_cback: conn_id:12 op:6 status:142
09-01 14:33:18.546 V/bt_stack( 8588): [VERBOSE1:gatt_api.cc(1276)] GATT_GetConnectionInfor conn_id=0x000c
09-01 14:33:18.546 V/bt_stack( 8588): [VERBOSE1:bta_gattc_act.cc(1309)] bta_gattc_cmpl_cback: conn_id:13 op:6 status:142
09-01 14:33:18.546 V/bt_stack( 8588): [VERBOSE1:gatt_api.cc(1276)] GATT_GetConnectionInfor conn_id=0x000d
09-01 14:33:18.547 V/bt_stack( 8588): [VERBOSE1:bta_gattc_act.cc(1309)] bta_gattc_cmpl_cback: conn_id:14 op:6 status:142
09-01 14:33:18.547 V/bt_stack( 8588): [VERBOSE1:gatt_api.cc(1276)] GATT_GetConnectionInfor conn_id=0x000e
09-01 14:33:18.547 V/bt_stack( 8588): [VERBOSE1:bta_gattc_act.cc(1309)] bta_gattc_cmpl_cback: conn_id:15 op:6 status:142
09-01 14:33:18.547 V/bt_stack( 8588): [VERBOSE1:gatt_api.cc(1276)] GATT_GetConnectionInfor conn_id=0x000f
09-01 14:33:18.547 V/bt_stack( 8588): [VERBOSE1:bta_gattc_act.cc(1309)] bta_gattc_cmpl_cback: conn_id:16 op:6 status:142
09-01 14:33:18.547 V/bt_stack( 8588): [VERBOSE1:gatt_api.cc(1276)] GATT_GetConnectionInfor conn_id=0x0010
09-01 14:33:18.547 V/bt_stack( 8588): [VERBOSE1:bta_gattc_act.cc(1309)] bta_gattc_cmpl_cback: conn_id:17 op:6 status:142
09-01 14:33:18.547 V/bt_stack( 8588): [VERBOSE1:gatt_api.cc(1276)] GATT_GetConnectionInfor conn_id=0x0011
09-01 14:33:18.550 V/bt_stack( 8588): [VERBOSE1:bta_gattc_main.cc(361)] bta_gattc_hdl_event: Event:BTA_GATTC_API_WRITE_EVT
09-01 14:33:18.550 V/bt_stack( 8588): [VERBOSE1:bta_gattc_main.cc(305)] bta_gattc_sm_execute: State 0x02 [GATTC_CONN_ST], Event 0x1f05[BTA_GATTC_API_WRITE_EVT]
09-01 14:33:18.550 V/bt_stack( 8588): [VERBOSE1:gatt_utils.cc(1191)] gatt_end_operation status=0 op=3 subtype=1
09-01 14:33:18.550 V/bt_stack( 8588): [VERBOSE1:bta_gattc_act.cc(1309)] bta_gattc_cmpl_cback: conn_id:8 op:3 status:0
09-01 14:33:18.550 V/bt_stack( 8588): [VERBOSE1:bta_gattc_main.cc(341)] bta_gattc_sm_execute: GATTC State Change: 0x02 -> 0x02 after Event 0x1f05
09-01 14:33:18.550 V/bt_stack( 8588): [VERBOSE1:bta_gattc_main.cc(361)] bta_gattc_hdl_event: Event:BTA_GATTC_OP_CMPL_EVT
09-01 14:33:18.550 V/bt_stack( 8588): [VERBOSE1:bta_gattc_main.cc(305)] bta_gattc_sm_execute: State 0x02 [GATTC_CONN_ST], Event 0x1f0f[BTA_GATTC_OP_CMPL_EVT]
09-01 14:33:18.550 V/bt_stack( 8588): [VERBOSE1:bta_gattc_act.cc(936)] bta_gattc_op_cmpl: op:3
09-01 14:33:18.550 V/bt_stack( 8588): [VERBOSE1:bta_gattc_main.cc(341)] bta_gattc_sm_execute: GATTC State Change: 0x02 -> 0x02 after Event 0x1f0f
09-01 14:33:18.558 D/[Koin]  (10274): !- ViewModelProvider getting instance
09-01 14:33:18.558 D/[Koin]  (10274): +- get 'com.xiaomi.hm.health.healthdata.viewmodel.NapSleepMonthViewModel'
09-01 14:33:18.558 D/[Koin]  (10274): | create instance for [type:Factory,primary_type:'com.xiaomi.hm.health.healthdata.viewmodel.NapSleepMonthViewModel']
09-01 14:33:18.558 D/[Koin]  (10274): +- get 'com.xiaomi.hm.health.healthdata.repository.NapSleepStatisticsRepo'
09-01 14:33:18.558 D/[Koin]  (10274): | create instance for [type:Factory,scope:'health_data', primary_type:'com.xiaomi.hm.health.healthdata.repository.NapSleepStatisticsRepo']
09-01 14:33:18.558 D/[Koin]  (10274): +- get 'com.xiaomi.hm.health.healthdata.helper.AppExecutors'
09-01 14:33:18.558 D/[Koin]  (10274): | create instance for [type:Factory,scope:'health_data', primary_type:'com.xiaomi.hm.health.healthdata.helper.AppExecutors']
09-01 14:33:18.558 D/[Koin]  (10274): +- got 'com.xiaomi.hm.health.healthdata.helper.AppExecutors' in 0.07776 ms
09-01 14:33:18.558 D/[Koin]  (10274): +- get 'com.xiaomi.hm.health.healthdata.db.NapSleepDataDb'
09-01 14:33:18.558 D/[Koin]  (10274): | create instance for [type:Factory,scope:'health_data', primary_type:'com.xiaomi.hm.health.healthdata.db.NapSleepDataDb']
09-01 14:33:18.558 D/[Koin]  (10274): +- get 'android.content.Context'
09-01 14:33:18.558 D/[Koin]  (10274): +- got 'android.content.Context' in 0.01125 ms
09-01 14:33:18.559 D/[Koin]  (10274): +- got 'com.xiaomi.hm.health.healthdata.db.NapSleepDataDb' in 0.325052 ms
09-01 14:33:18.559 D/[Koin]  (10274): +- get 'com.xiaomi.hm.health.healthdata.api.NapSleepWebApi'
09-01 14:33:18.559 D/[Koin]  (10274): +- got 'com.xiaomi.hm.health.healthdata.api.NapSleepWebApi' in 0.015625 ms
09-01 14:33:18.559 D/[Koin]  (10274): +- got 'com.xiaomi.hm.health.healthdata.repository.NapSleepStatisticsRepo' in 0.865677 ms
09-01 14:33:18.559 D/[Koin]  (10274): +- got 'com.xiaomi.hm.health.healthdata.viewmodel.NapSleepMonthViewModel' in 1.051823 ms
09-01 14:33:18.559 D/[Koin]  (10274): !- ViewModelProvider got instance in 1.166875
09-01 14:33:18.566 W/AsyncHttpResponse(10274): Current thread has not called Looper.prepare().Forcing synchronous mode
09-01 14:33:18.574 V/bt_stack( 8588): [VERBOSE1:gatt_main.cc(1079)] gatt_get_ch_state: ch_state=4
09-01 14:33:18.574 I/bt_stack( 8588): [INFO:gatt_main.cc(912)] gatt_data_process op_code = 27, msg_len = 5
09-01 14:33:18.574 V/bt_stack( 8588): [VERBOSE1:gatt_cl.cc(620)] gatt_process_notification
09-01 14:33:18.574 V/bt_stack( 8588): [VERBOSE1:gatt_auth.cc(364)] gatt_get_link_encrypt_status status=0x8e
09-01 14:33:18.574 V/bt_stack( 8588): [VERBOSE1:bta_gattc_act.cc(1309)] bta_gattc_cmpl_cback: conn_id:3 op:6 status:142
09-01 14:33:18.574 V/bt_stack( 8588): [VERBOSE1:gatt_api.cc(1276)] GATT_GetConnectionInfor conn_id=0x0003
09-01 14:33:18.574 V/bt_stack( 8588): [VERBOSE1:bta_gattc_act.cc(1309)] bta_gattc_cmpl_cback: conn_id:4 op:6 status:142
09-01 14:33:18.574 V/bt_stack( 8588): [VERBOSE1:gatt_api.cc(1276)] GATT_GetConnectionInfor conn_id=0x0004
09-01 14:33:18.574 E/bt_btif ( 8588): bta_gattc_process_indicate, ignore HID ind/notificiation
09-01 14:33:18.574 V/bt_stack( 8588): [VERBOSE1:bta_gattc_act.cc(1309)] bta_gattc_cmpl_cback: conn_id:5 op:6 status:142
09-01 14:33:18.574 V/bt_stack( 8588): [VERBOSE1:gatt_api.cc(1276)] GATT_GetConnectionInfor conn_id=0x0005
09-01 14:33:18.574 V/bt_stack( 8588): [VERBOSE1:bta_gattc_act.cc(1309)] bta_gattc_cmpl_cback: conn_id:6 op:6 status:142
09-01 14:33:18.574 V/bt_stack( 8588): [VERBOSE1:gatt_api.cc(1276)] GATT_GetConnectionInfor conn_id=0x0006
09-01 14:33:18.574 V/bt_stack( 8588): [VERBOSE1:bta_gattc_act.cc(1309)] bta_gattc_cmpl_cback: conn_id:7 op:6 status:142
09-01 14:33:18.574 V/bt_stack( 8588): [VERBOSE1:gatt_api.cc(1276)] GATT_GetConnectionInfor conn_id=0x0007
09-01 14:33:18.574 V/bt_stack( 8588): [VERBOSE1:bta_gattc_act.cc(1309)] bta_gattc_cmpl_cback: conn_id:8 op:6 status:142
09-01 14:33:18.574 V/bt_stack( 8588): [VERBOSE1:gatt_api.cc(1276)] GATT_GetConnectionInfor conn_id=0x0008
09-01 14:33:18.574 V/bt_stack( 8588): [VERBOSE1:bta_gattc_utils.cc(346)] Notification registered!
09-01 14:33:18.574 V/bt_stack( 8588): [VERBOSE1:bta_gattc_act.cc(1212)] bta_gattc_proc_other_indication: check p_data->att_value.handle=62 p_data->handle=0
09-01 14:33:18.574 V/bt_stack( 8588): [VERBOSE1:bta_gattc_act.cc(1216)] is_notify0
09-01 14:33:18.574 V/bt_stack( 8588): [VERBOSE1:bta_gattc_act.cc(1309)] bta_gattc_cmpl_cback: conn_id:9 op:6 status:142
09-01 14:33:18.575 V/bt_stack( 8588): [VERBOSE1:gatt_api.cc(1276)] GATT_GetConnectionInfor conn_id=0x0009
09-01 14:33:18.575 V/bt_stack( 8588): [VERBOSE1:bta_gattc_act.cc(1309)] bta_gattc_cmpl_cback: conn_id:10 op:6 status:142
09-01 14:33:18.575 V/bt_stack( 8588): [VERBOSE1:gatt_api.cc(1276)] GATT_GetConnectionInfor conn_id=0x000a
09-01 14:33:18.575 V/bt_stack( 8588): [VERBOSE1:bta_gattc_act.cc(1309)] bta_gattc_cmpl_cback: conn_id:11 op:6 status:142
09-01 14:33:18.575 V/bt_stack( 8588): [VERBOSE1:gatt_api.cc(1276)] GATT_GetConnectionInfor conn_id=0x000b
09-01 14:33:18.575 V/bt_stack( 8588): [VERBOSE1:bta_gattc_act.cc(1309)] bta_gattc_cmpl_cback: conn_id:12 op:6 status:142
09-01 14:33:18.575 V/bt_stack( 8588): [VERBOSE1:gatt_api.cc(1276)] GATT_GetConnectionInfor conn_id=0x000c
09-01 14:33:18.575 V/bt_stack( 8588): [VERBOSE1:bta_gattc_act.cc(1309)] bta_gattc_cmpl_cback: conn_id:13 op:6 status:142
09-01 14:33:18.575 V/bt_stack( 8588): [VERBOSE1:gatt_api.cc(1276)] GATT_GetConnectionInfor conn_id=0x000d
09-01 14:33:18.575 V/bt_stack( 8588): [VERBOSE1:bta_gattc_act.cc(1309)] bta_gattc_cmpl_cback: conn_id:14 op:6 status:142
09-01 14:33:18.575 V/bt_stack( 8588): [VERBOSE1:gatt_api.cc(1276)] GATT_GetConnectionInfor conn_id=0x000e
09-01 14:33:18.575 V/bt_stack( 8588): [VERBOSE1:bta_gattc_act.cc(1309)] bta_gattc_cmpl_cback: conn_id:15 op:6 status:142
09-01 14:33:18.575 V/bt_stack( 8588): [VERBOSE1:gatt_api.cc(1276)] GATT_GetConnectionInfor conn_id=0x000f
09-01 14:33:18.575 V/bt_stack( 8588): [VERBOSE1:bta_gattc_act.cc(1309)] bta_gattc_cmpl_cback: conn_id:16 op:6 status:142
09-01 14:33:18.575 V/bt_stack( 8588): [VERBOSE1:gatt_api.cc(1276)] GATT_GetConnectionInfor conn_id=0x0010
09-01 14:33:18.575 V/bt_stack( 8588): [VERBOSE1:bta_gattc_act.cc(1309)] bta_gattc_cmpl_cback: conn_id:17 op:6 status:142
09-01 14:33:18.575 V/bt_stack( 8588): [VERBOSE1:gatt_api.cc(1276)] GATT_GetConnectionInfor conn_id=0x0011
09-01 14:33:18.579 V/bt_stack( 8588): [VERBOSE1:bta_gattc_main.cc(361)] bta_gattc_hdl_event: Event:BTA_GATTC_API_WRITE_EVT
09-01 14:33:18.580 V/bt_stack( 8588): [VERBOSE1:bta_gattc_main.cc(305)] bta_gattc_sm_execute: State 0x02 [GATTC_CONN_ST], Event 0x1f05[BTA_GATTC_API_WRITE_EVT]
09-01 14:33:18.580 V/bt_stack( 8588): [VERBOSE1:gatt_utils.cc(1191)] gatt_end_operation status=0 op=3 subtype=1
09-01 14:33:18.580 V/bt_stack( 8588): [VERBOSE1:bta_gattc_act.cc(1309)] bta_gattc_cmpl_cback: conn_id:8 op:3 status:0
09-01 14:33:18.580 V/bt_stack( 8588): [VERBOSE1:bta_gattc_main.cc(341)] bta_gattc_sm_execute: GATTC State Change: 0x02 -> 0x02 after Event 0x1f05
09-01 14:33:18.580 V/bt_stack( 8588): [VERBOSE1:bta_gattc_main.cc(361)] bta_gattc_hdl_event: Event:BTA_GATTC_OP_CMPL_EVT
09-01 14:33:18.580 V/bt_stack( 8588): [VERBOSE1:bta_gattc_main.cc(305)] bta_gattc_sm_execute: State 0x02 [GATTC_CONN_ST], Event 0x1f0f[BTA_GATTC_OP_CMPL_EVT]
09-01 14:33:18.580 V/bt_stack( 8588): [VERBOSE1:bta_gattc_act.cc(936)] bta_gattc_op_cmpl: op:3
09-01 14:33:18.580 V/bt_stack( 8588): [VERBOSE1:bta_gattc_main.cc(341)] bta_gattc_sm_execute: GATTC State Change: 0x02 -> 0x02 after Event 0x1f0f
09-01 14:33:18.604 V/bt_stack( 8588): [VERBOSE1:gatt_main.cc(1079)] gatt_get_ch_state: ch_state=4
09-01 14:33:18.604 I/bt_stack( 8588): [INFO:gatt_main.cc(912)] gatt_data_process op_code = 27, msg_len = 17
09-01 14:33:18.604 V/bt_stack( 8588): [VERBOSE1:gatt_cl.cc(620)] gatt_process_notification
09-01 14:33:18.604 V/bt_stack( 8588): [VERBOSE1:gatt_auth.cc(364)] gatt_get_link_encrypt_status status=0x8e
09-01 14:33:18.604 V/bt_stack( 8588): [VERBOSE1:bta_gattc_act.cc(1309)] bta_gattc_cmpl_cback: conn_id:3 op:6 status:142
09-01 14:33:18.604 V/bt_stack( 8588): [VERBOSE1:gatt_api.cc(1276)] GATT_GetConnectionInfor conn_id=0x0003
09-01 14:33:18.604 V/bt_stack( 8588): [VERBOSE1:bta_gattc_act.cc(1309)] bta_gattc_cmpl_cback: conn_id:4 op:6 status:142
09-01 14:33:18.604 V/bt_stack( 8588): [VERBOSE1:gatt_api.cc(1276)] GATT_GetConnectionInfor conn_id=0x0004
09-01 14:33:18.604 E/bt_btif ( 8588): bta_gattc_process_indicate, ignore HID ind/notificiation
09-01 14:33:18.604 V/bt_stack( 8588): [VERBOSE1:bta_gattc_act.cc(1309)] bta_gattc_cmpl_cback: conn_id:5 op:6 status:142
09-01 14:33:18.604 V/bt_stack( 8588): [VERBOSE1:gatt_api.cc(1276)] GATT_GetConnectionInfor conn_id=0x0005
09-01 14:33:18.604 V/bt_stack( 8588): [VERBOSE1:bta_gattc_act.cc(1309)] bta_gattc_cmpl_cback: conn_id:6 op:6 status:142
09-01 14:33:18.604 V/bt_stack( 8588): [VERBOSE1:gatt_api.cc(1276)] GATT_GetConnectionInfor conn_id=0x0006
09-01 14:33:18.604 V/bt_stack( 8588): [VERBOSE1:bta_gattc_act.cc(1309)] bta_gattc_cmpl_cback: conn_id:7 op:6 status:142
09-01 14:33:18.604 V/bt_stack( 8588): [VERBOSE1:gatt_api.cc(1276)] GATT_GetConnectionInfor conn_id=0x0007
09-01 14:33:18.604 V/bt_stack( 8588): [VERBOSE1:bta_gattc_act.cc(1309)] bta_gattc_cmpl_cback: conn_id:8 op:6 status:142
09-01 14:33:18.604 V/bt_stack( 8588): [VERBOSE1:gatt_api.cc(1276)] GATT_GetConnectionInfor conn_id=0x0008
09-01 14:33:18.604 V/bt_stack( 8588): [VERBOSE1:bta_gattc_utils.cc(346)] Notification registered!
09-01 14:33:18.604 V/bt_stack( 8588): [VERBOSE1:bta_gattc_act.cc(1212)] bta_gattc_proc_other_indication: check p_data->att_value.handle=62 p_data->handle=0
09-01 14:33:18.605 V/bt_stack( 8588): [VERBOSE1:bta_gattc_act.cc(1216)] is_notify0
09-01 14:33:18.605 V/bt_stack( 8588): [VERBOSE1:bta_gattc_act.cc(1309)] bta_gattc_cmpl_cback: conn_id:9 op:6 status:142
09-01 14:33:18.605 V/bt_stack( 8588): [VERBOSE1:gatt_api.cc(1276)] GATT_GetConnectionInfor conn_id=0x0009
09-01 14:33:18.605 V/bt_stack( 8588): [VERBOSE1:bta_gattc_act.cc(1309)] bta_gattc_cmpl_cback: conn_id:10 op:6 status:142
09-01 14:33:18.605 V/bt_stack( 8588): [VERBOSE1:gatt_api.cc(1276)] GATT_GetConnectionInfor conn_id=0x000a
09-01 14:33:18.605 V/bt_stack( 8588): [VERBOSE1:bta_gattc_act.cc(1309)] bta_gattc_cmpl_cback: conn_id:11 op:6 status:142
09-01 14:33:18.605 V/bt_stack( 8588): [VERBOSE1:gatt_api.cc(1276)] GATT_GetConnectionInfor conn_id=0x000b
09-01 14:33:18.605 V/bt_stack( 8588): [VERBOSE1:bta_gattc_act.cc(1309)] bta_gattc_cmpl_cback: conn_id:12 op:6 status:142
09-01 14:33:18.605 V/bt_stack( 8588): [VERBOSE1:gatt_api.cc(1276)] GATT_GetConnectionInfor conn_id=0x000c
09-01 14:33:18.605 V/bt_stack( 8588): [VERBOSE1:bta_gattc_act.cc(1309)] bta_gattc_cmpl_cback: conn_id:13 op:6 status:142
09-01 14:33:18.605 V/bt_stack( 8588): [VERBOSE1:gatt_api.cc(1276)] GATT_GetConnectionInfor conn_id=0x000d
09-01 14:33:18.605 V/bt_stack( 8588): [VERBOSE1:bta_gattc_act.cc(1309)] bta_gattc_cmpl_cback: conn_id:14 op:6 status:142
09-01 14:33:18.605 V/bt_stack( 8588): [VERBOSE1:gatt_api.cc(1276)] GATT_GetConnectionInfor conn_id=0x000e
09-01 14:33:18.605 V/bt_stack( 8588): [VERBOSE1:bta_gattc_act.cc(1309)] bta_gattc_cmpl_cback: conn_id:15 op:6 status:142
09-01 14:33:18.605 V/bt_stack( 8588): [VERBOSE1:gatt_api.cc(1276)] GATT_GetConnectionInfor conn_id=0x000f
09-01 14:33:18.605 V/bt_stack( 8588): [VERBOSE1:bta_gattc_act.cc(1309)] bta_gattc_cmpl_cback: conn_id:16 op:6 status:142
09-01 14:33:18.605 V/bt_stack( 8588): [VERBOSE1:gatt_api.cc(1276)] GATT_GetConnectionInfor conn_id=0x0010
09-01 14:33:18.605 V/bt_stack( 8588): [VERBOSE1:bta_gattc_act.cc(1309)] bta_gattc_cmpl_cback: conn_id:17 op:6 status:142
09-01 14:33:18.605 V/bt_stack( 8588): [VERBOSE1:gatt_api.cc(1276)] GATT_GetConnectionInfor conn_id=0x0011
09-01 14:33:18.612 V/bt_stack( 8588): [VERBOSE1:bta_gattc_main.cc(361)] bta_gattc_hdl_event: Event:BTA_GATTC_API_WRITE_EVT
09-01 14:33:18.612 V/bt_stack( 8588): [VERBOSE1:bta_gattc_main.cc(305)] bta_gattc_sm_execute: State 0x02 [GATTC_CONN_ST], Event 0x1f05[BTA_GATTC_API_WRITE_EVT]
09-01 14:33:18.613 V/bt_stack( 8588): [VERBOSE1:gatt_utils.cc(1191)] gatt_end_operation status=0 op=3 subtype=1
09-01 14:33:18.613 V/bt_stack( 8588): [VERBOSE1:bta_gattc_act.cc(1309)] bta_gattc_cmpl_cback: conn_id:8 op:3 status:0
09-01 14:33:18.613 V/bt_stack( 8588): [VERBOSE1:bta_gattc_main.cc(341)] bta_gattc_sm_execute: GATTC State Change: 0x02 -> 0x02 after Event 0x1f05
09-01 14:33:18.613 V/bt_stack( 8588): [VERBOSE1:bta_gattc_main.cc(361)] bta_gattc_hdl_event: Event:BTA_GATTC_OP_CMPL_EVT
09-01 14:33:18.613 V/bt_stack( 8588): [VERBOSE1:bta_gattc_main.cc(305)] bta_gattc_sm_execute: State 0x02 [GATTC_CONN_ST], Event 0x1f0f[BTA_GATTC_OP_CMPL_EVT]
09-01 14:33:18.613 V/bt_stack( 8588): [VERBOSE1:bta_gattc_act.cc(936)] bta_gattc_op_cmpl: op:3
09-01 14:33:18.613 V/bt_stack( 8588): [VERBOSE1:bta_gattc_main.cc(341)] bta_gattc_sm_execute: GATTC State Change: 0x02 -> 0x02 after Event 0x1f0f
09-01 14:33:18.634 V/bt_stack( 8588): [VERBOSE1:gatt_main.cc(1079)] gatt_get_ch_state: ch_state=4
09-01 14:33:18.634 I/bt_stack( 8588): [INFO:gatt_main.cc(912)] gatt_data_process op_code = 27, msg_len = 23
09-01 14:33:18.634 V/bt_stack( 8588): [VERBOSE1:gatt_cl.cc(620)] gatt_process_notification
09-01 14:33:18.634 V/bt_stack( 8588): [VERBOSE1:gatt_auth.cc(364)] gatt_get_link_encrypt_status status=0x8e
09-01 14:33:18.634 V/bt_stack( 8588): [VERBOSE1:bta_gattc_act.cc(1309)] bta_gattc_cmpl_cback: conn_id:3 op:6 status:142
09-01 14:33:18.634 V/bt_stack( 8588): [VERBOSE1:gatt_api.cc(1276)] GATT_GetConnectionInfor conn_id=0x0003
09-01 14:33:18.634 V/bt_stack( 8588): [VERBOSE1:bta_gattc_act.cc(1309)] bta_gattc_cmpl_cback: conn_id:4 op:6 status:142
09-01 14:33:18.634 V/bt_stack( 8588): [VERBOSE1:gatt_api.cc(1276)] GATT_GetConnectionInfor conn_id=0x0004
09-01 14:33:18.634 E/bt_btif ( 8588): bta_gattc_process_indicate, ignore HID ind/notificiation
09-01 14:33:18.634 V/bt_stack( 8588): [VERBOSE1:bta_gattc_act.cc(1309)] bta_gattc_cmpl_cback: conn_id:5 op:6 status:142
09-01 14:33:18.634 V/bt_stack( 8588): [VERBOSE1:gatt_api.cc(1276)] GATT_GetConnectionInfor conn_id=0x0005
09-01 14:33:18.634 V/bt_stack( 8588): [VERBOSE1:bta_gattc_act.cc(1309)] bta_gattc_cmpl_cback: conn_id:6 op:6 status:142
09-01 14:33:18.635 V/bt_stack( 8588): [VERBOSE1:gatt_api.cc(1276)] GATT_GetConnectionInfor conn_id=0x0006
09-01 14:33:18.635 V/bt_stack( 8588): [VERBOSE1:bta_gattc_act.cc(1309)] bta_gattc_cmpl_cback: conn_id:7 op:6 status:142
09-01 14:33:18.635 V/bt_stack( 8588): [VERBOSE1:gatt_api.cc(1276)] GATT_GetConnectionInfor conn_id=0x0007
09-01 14:33:18.635 V/bt_stack( 8588): [VERBOSE1:bta_gattc_act.cc(1309)] bta_gattc_cmpl_cback: conn_id:8 op:6 status:142
09-01 14:33:18.635 V/bt_stack( 8588): [VERBOSE1:gatt_api.cc(1276)] GATT_GetConnectionInfor conn_id=0x0008
09-01 14:33:18.635 V/bt_stack( 8588): [VERBOSE1:bta_gattc_utils.cc(346)] Notification registered!
09-01 14:33:18.635 V/bt_stack( 8588): [VERBOSE1:bta_gattc_act.cc(1212)] bta_gattc_proc_other_indication: check p_data->att_value.handle=65 p_data->handle=0
09-01 14:33:18.635 V/bt_stack( 8588): [VERBOSE1:bta_gattc_act.cc(1216)] is_notify0
09-01 14:33:18.635 V/bt_stack( 8588): [VERBOSE1:bta_gattc_act.cc(1309)] bta_gattc_cmpl_cback: conn_id:9 op:6 status:142
09-01 14:33:18.635 V/bt_stack( 8588): [VERBOSE1:gatt_api.cc(1276)] GATT_GetConnectionInfor conn_id=0x0009
09-01 14:33:18.635 V/bt_stack( 8588): [VERBOSE1:bta_gattc_act.cc(1309)] bta_gattc_cmpl_cback: conn_id:10 op:6 status:142
09-01 14:33:18.635 V/bt_stack( 8588): [VERBOSE1:gatt_api.cc(1276)] GATT_GetConnectionInfor conn_id=0x000a
09-01 14:33:18.635 V/bt_stack( 8588): [VERBOSE1:bta_gattc_act.cc(1309)] bta_gattc_cmpl_cback: conn_id:11 op:6 status:142
09-01 14:33:18.635 V/bt_stack( 8588): [VERBOSE1:gatt_api.cc(1276)] GATT_GetConnectionInfor conn_id=0x000b
09-01 14:33:18.635 V/bt_stack( 8588): [VERBOSE1:bta_gattc_act.cc(1309)] bta_gattc_cmpl_cback: conn_id:12 op:6 status:142
09-01 14:33:18.635 V/bt_stack( 8588): [VERBOSE1:gatt_api.cc(1276)] GATT_GetConnectionInfor conn_id=0x000c
09-01 14:33:18.635 V/bt_stack( 8588): [VERBOSE1:bta_gattc_act.cc(1309)] bta_gattc_cmpl_cback: conn_id:13 op:6 status:142
09-01 14:33:18.635 V/bt_stack( 8588): [VERBOSE1:gatt_api.cc(1276)] GATT_GetConnectionInfor conn_id=0x000d
09-01 14:33:18.635 V/bt_stack( 8588): [VERBOSE1:bta_gattc_act.cc(1309)] bta_gattc_cmpl_cback: conn_id:14 op:6 status:142
09-01 14:33:18.635 V/bt_stack( 8588): [VERBOSE1:gatt_api.cc(1276)] GATT_GetConnectionInfor conn_id=0x000e
09-01 14:33:18.635 V/bt_stack( 8588): [VERBOSE1:bta_gattc_act.cc(1309)] bta_gattc_cmpl_cback: conn_id:15 op:6 status:142
09-01 14:33:18.635 V/bt_stack( 8588): [VERBOSE1:gatt_api.cc(1276)] GATT_GetConnectionInfor conn_id=0x000f
09-01 14:33:18.635 V/bt_stack( 8588): [VERBOSE1:bta_gattc_act.cc(1309)] bta_gattc_cmpl_cback: conn_id:16 op:6 status:142
09-01 14:33:18.636 V/bt_stack( 8588): [VERBOSE1:gatt_api.cc(1276)] GATT_GetConnectionInfor conn_id=0x0010
09-01 14:33:18.636 V/bt_stack( 8588): [VERBOSE1:bta_gattc_act.cc(1309)] bta_gattc_cmpl_cback: conn_id:17 op:6 status:142
09-01 14:33:18.636 V/bt_stack( 8588): [VERBOSE1:gatt_api.cc(1276)] GATT_GetConnectionInfor conn_id=0x0011
09-01 14:33:18.673 I/vendor.qti.bluetooth@1.0-ibs_handler(19843): ProcessIbsCmd: Received IBS_SLEEP_IND: 0xFE
09-01 14:33:18.678 I/vendor.qti.bluetooth@1.0-ibs_handler(19843): ProcessIbsCmd: Received IBS_WAKE_IND: 0xFD
09-01 14:33:18.678 I/vendor.qti.bluetooth@1.0-ibs_handler(19843): ProcessIbsCmd: Writing IBS_WAKE_ACK
09-01 14:33:18.679 V/bt_stack( 8588): [VERBOSE1:gatt_main.cc(1079)] gatt_get_ch_state: ch_state=4
09-01 14:33:18.679 I/bt_stack( 8588): [INFO:gatt_main.cc(912)] gatt_data_process op_code = 27, msg_len = 5
09-01 14:33:18.679 V/bt_stack( 8588): [VERBOSE1:gatt_cl.cc(620)] gatt_process_notification
09-01 14:33:18.679 V/bt_stack( 8588): [VERBOSE1:gatt_auth.cc(364)] gatt_get_link_encrypt_status status=0x8e
09-01 14:33:18.679 V/bt_stack( 8588): [VERBOSE1:bta_gattc_act.cc(1309)] bta_gattc_cmpl_cback: conn_id:3 op:6 status:142
09-01 14:33:18.679 V/bt_stack( 8588): [VERBOSE1:gatt_api.cc(1276)] GATT_GetConnectionInfor conn_id=0x0003
09-01 14:33:18.679 V/bt_stack( 8588): [VERBOSE1:bta_gattc_act.cc(1309)] bta_gattc_cmpl_cback: conn_id:4 op:6 status:142
09-01 14:33:18.679 V/bt_stack( 8588): [VERBOSE1:gatt_api.cc(1276)] GATT_GetConnectionInfor conn_id=0x0004
09-01 14:33:18.679 E/bt_btif ( 8588): bta_gattc_process_indicate, ignore HID ind/notificiation
09-01 14:33:18.679 V/bt_stack( 8588): [VERBOSE1:bta_gattc_act.cc(1309)] bta_gattc_cmpl_cback: conn_id:5 op:6 status:142
09-01 14:33:18.679 V/bt_stack( 8588): [VERBOSE1:gatt_api.cc(1276)] GATT_GetConnectionInfor conn_id=0x0005
09-01 14:33:18.679 V/bt_stack( 8588): [VERBOSE1:bta_gattc_act.cc(1309)] bta_gattc_cmpl_cback: conn_id:6 op:6 status:142
