--------- beginning of main
09-01 14:33:12.754 I/appium  (10226): Rewrote class name 'androidx.appcompat.app.ActionBar$O0000O0o' to XML node name 'androidx.appcompat.app.ActionBar.O0000O0o'
09-01 14:33:12.756 V/bt_stack( 8588): [VERBOSE1:btm_ble_gap.cc(1923)] btm_ble_process_ext_adv_pkt: bda=6e:9f:2d:a1:ea:cd
09-01 14:33:12.756 V/bt_stack( 8588): [VERBOSE1:btm_ble_gap.cc(1847)] btm_ble_process_adv_addr: bda=6e:9f:2d:a1:ea:cd
09-01 14:33:12.756 V/bt_stack( 8588): [VERBOSE1:btm_ble_gap.cc(2052)]  Waiting for scan response 6e:9f:2d:a1:ea:cd
09-01 14:33:12.756 V/bt_stack( 8588): [VERBOSE1:btm_ble_gap.cc(1923)] btm_ble_process_ext_adv_pkt: bda=12:f7:c7:df:cb:b1
09-01 14:33:12.756 V/bt_stack( 8588): [VERBOSE1:btm_ble_gap.cc(1847)] btm_ble_process_adv_addr: bda=12:f7:c7:df:cb:b1
09-01 14:33:12.757 I/appium  (10226): Rewrote class name 'androidx.appcompat.app.ActionBar$O0000O0o' to XML node name 'androidx.appcompat.app.ActionBar.O0000O0o'
09-01 14:33:12.757 D/BluetoothUtils( 8588): blockedByLocationOff callingUid=1002
09-01 14:33:12.757 I/BluetoothUtils( 8588): packagename is android.uid.bluetooth:1002 ,and its permission is false
09-01 14:33:12.758 D/BluetoothUtils( 8588): blockedByLocationOff callingUid=1002
09-01 14:33:12.758 I/BluetoothUtils( 8588): packagename is android.uid.bluetooth:1002 ,and its permission is false
09-01 14:33:12.758 D/BluetoothUtils( 8588): blockedByLocationOff callingUid=1002
09-01 14:33:12.758 I/BluetoothUtils( 8588): packagename is android.uid.bluetooth:1002 ,and its permission is false
09-01 14:33:12.758 V/bt_stack( 8588): [VERBOSE1:btm_ble_gap.cc(1923)] btm_ble_process_ext_adv_pkt: bda=0a:29:89:b7:c8:4a
09-01 14:33:12.759 V/bt_stack( 8588): [VERBOSE1:btm_ble_gap.cc(1847)] btm_ble_process_adv_addr: bda=0a:29:89:b7:c8:4a
09-01 14:33:12.759 D/BluetoothUtils( 8588): blockedByLocationOff callingUid=1002
09-01 14:33:12.760 I/BluetoothUtils( 8588): packagename is android.uid.bluetooth:1002 ,and its permission is false
09-01 14:33:12.760 D/BluetoothUtils( 8588): blockedByLocationOff callingUid=1002
09-01 14:33:12.760 I/BluetoothUtils( 8588): packagename is android.uid.bluetooth:1002 ,and its permission is false
09-01 14:33:12.760 D/BluetoothUtils( 8588): blockedByLocationOff callingUid=1002
09-01 14:33:12.760 I/BluetoothUtils( 8588): packagename is android.uid.bluetooth:1002 ,and its permission is false
09-01 14:33:12.762 V/bt_stack( 8588): [VERBOSE1:btm_ble_gap.cc(1923)] btm_ble_process_ext_adv_pkt: bda=ac:29:3a:9a:aa:42
09-01 14:33:12.762 V/bt_stack( 8588): [VERBOSE1:btm_ble_gap.cc(1847)] btm_ble_process_adv_addr: bda=ac:29:3a:9a:aa:42
09-01 14:33:12.762 V/bt_stack( 8588): [VERBOSE1:btm_ble_gap.cc(2052)]  Waiting for scan response ac:29:3a:9a:aa:42
09-01 14:33:12.762 V/bt_stack( 8588): [VERBOSE1:btm_ble_gap.cc(1923)] btm_ble_process_ext_adv_pkt: bda=ac:29:3a:9a:aa:42
09-01 14:33:12.762 V/bt_stack( 8588): [VERBOSE1:btm_ble_gap.cc(1847)] btm_ble_process_adv_addr: bda=ac:29:3a:9a:aa:42
09-01 14:33:12.763 D/BluetoothUtils( 8588): blockedByLocationOff callingUid=1002
09-01 14:33:12.763 I/BluetoothUtils( 8588): packagename is android.uid.bluetooth:1002 ,and its permission is false
09-01 14:33:12.764 D/BluetoothUtils( 8588): blockedByLocationOff callingUid=1002
09-01 14:33:12.764 I/BluetoothUtils( 8588): packagename is android.uid.bluetooth:1002 ,and its permission is false
09-01 14:33:12.764 D/BluetoothUtils( 8588): blockedByLocationOff callingUid=1002
09-01 14:33:12.764 I/BluetoothUtils( 8588): packagename is android.uid.bluetooth:1002 ,and its permission is false
09-01 14:33:12.774 V/bt_stack( 8588): [VERBOSE1:btm_ble_gap.cc(1923)] btm_ble_process_ext_adv_pkt: bda=3b:30:35:17:9e:fe
09-01 14:33:12.774 V/bt_stack( 8588): [VERBOSE1:btm_ble_gap.cc(1847)] btm_ble_process_adv_addr: bda=3b:30:35:17:9e:fe
09-01 14:33:12.775 D/BluetoothUtils( 8588): blockedByLocationOff callingUid=1002
09-01 14:33:12.776 I/BluetoothUtils( 8588): packagename is android.uid.bluetooth:1002 ,and its permission is false
09-01 14:33:12.776 D/BluetoothUtils( 8588): blockedByLocationOff callingUid=1002
09-01 14:33:12.776 I/BluetoothUtils( 8588): packagename is android.uid.bluetooth:1002 ,and its permission is false
09-01 14:33:12.776 V/bt_stack( 8588): [VERBOSE1:btm_ble_gap.cc(1923)] btm_ble_process_ext_adv_pkt: bda=1d:3e:e9:7a:79:4a
09-01 14:33:12.776 V/bt_stack( 8588): [VERBOSE1:btm_ble_gap.cc(1847)] btm_ble_process_adv_addr: bda=1d:3e:e9:7a:79:4a
09-01 14:33:12.776 D/BluetoothUtils( 8588): blockedByLocationOff callingUid=1002
09-01 14:33:12.777 I/BluetoothUtils( 8588): packagename is android.uid.bluetooth:1002 ,and its permission is false
09-01 14:33:12.777 D/BluetoothUtils( 8588): blockedByLocationOff callingUid=1002
09-01 14:33:12.777 I/BluetoothUtils( 8588): packagename is android.uid.bluetooth:1002 ,and its permission is false
09-01 14:33:12.778 D/BluetoothUtils( 8588): blockedByLocationOff callingUid=1002
09-01 14:33:12.778 I/BluetoothUtils( 8588): packagename is android.uid.bluetooth:1002 ,and its permission is false
09-01 14:33:12.778 D/BluetoothUtils( 8588): blockedByLocationOff callingUid=1002
09-01 14:33:12.778 I/BluetoothUtils( 8588): packagename is android.uid.bluetooth:1002 ,and its permission is false
09-01 14:33:12.790 V/bt_stack( 8588): [VERBOSE1:btm_ble_gap.cc(1923)] btm_ble_process_ext_adv_pkt: bda=c3:d4:f4:e3:11:ec
09-01 14:33:12.791 V/bt_stack( 8588): [VERBOSE1:btm_ble_gap.cc(1847)] btm_ble_process_adv_addr: bda=c3:d4:f4:e3:11:ec
09-01 14:33:12.791 V/bt_stack( 8588): [VERBOSE1:btm_ble_gap.cc(2052)]  Waiting for scan response c3:d4:f4:e3:11:ec
09-01 14:33:12.791 V/bt_stack( 8588): [VERBOSE1:btm_ble_gap.cc(1923)] btm_ble_process_ext_adv_pkt: bda=c3:d4:f4:e3:11:ec
09-01 14:33:12.791 V/bt_stack( 8588): [VERBOSE1:btm_ble_gap.cc(1847)] btm_ble_process_adv_addr: bda=c3:d4:f4:e3:11:ec
09-01 14:33:12.792 D/BluetoothUtils( 8588): blockedByLocationOff callingUid=1002
09-01 14:33:12.793 I/BluetoothUtils( 8588): packagename is android.uid.bluetooth:1002 ,and its permission is false
09-01 14:33:12.793 V/bt_stack( 8588): [VERBOSE1:btm_ble_gap.cc(1923)] btm_ble_process_ext_adv_pkt: bda=06:fa:50:9b:39:c0
09-01 14:33:12.793 V/bt_stack( 8588): [VERBOSE1:btm_ble_gap.cc(1847)] btm_ble_process_adv_addr: bda=06:fa:50:9b:39:c0
09-01 14:33:12.793 D/BluetoothUtils( 8588): blockedByLocationOff callingUid=1002
09-01 14:33:12.793 I/BluetoothUtils( 8588): packagename is android.uid.bluetooth:1002 ,and its permission is false
09-01 14:33:12.794 D/BluetoothUtils( 8588): blockedByLocationOff callingUid=1002
09-01 14:33:12.794 I/BluetoothUtils( 8588): packagename is android.uid.bluetooth:1002 ,and its permission is false
09-01 14:33:12.795 V/bt_stack( 8588): [VERBOSE1:btm_ble_gap.cc(1923)] btm_ble_process_ext_adv_pkt: bda=0b:95:8c:38:8d:43
09-01 14:33:12.795 V/bt_stack( 8588): [VERBOSE1:btm_ble_gap.cc(1847)] btm_ble_process_adv_addr: bda=0b:95:8c:38:8d:43
09-01 14:33:12.795 D/BluetoothUtils( 8588): blockedByLocationOff callingUid=1002
09-01 14:33:12.795 I/BluetoothUtils( 8588): packagename is android.uid.bluetooth:1002 ,and its permission is false
09-01 14:33:12.795 D/BluetoothUtils( 8588): blockedByLocationOff callingUid=1002
09-01 14:33:12.796 I/BluetoothUtils( 8588): packagename is android.uid.bluetooth:1002 ,and its permission is false
09-01 14:33:12.796 D/BluetoothUtils( 8588): blockedByLocationOff callingUid=1002
09-01 14:33:12.796 I/BluetoothUtils( 8588): packagename is android.uid.bluetooth:1002 ,and its permission is false
09-01 14:33:12.797 D/BluetoothUtils( 8588): blockedByLocationOff callingUid=1002
09-01 14:33:12.797 I/BluetoothUtils( 8588): packagename is android.uid.bluetooth:1002 ,and its permission is false
09-01 14:33:12.797 D/BluetoothUtils( 8588): blockedByLocationOff callingUid=1002
09-01 14:33:12.798 I/BluetoothUtils( 8588): packagename is android.uid.bluetooth:1002 ,and its permission is false
09-01 14:33:12.798 D/BluetoothUtils( 8588): blockedByLocationOff callingUid=1002
09-01 14:33:12.798 I/BluetoothUtils( 8588): packagename is android.uid.bluetooth:1002 ,and its permission is false
09-01 14:33:12.802 V/bt_stack( 8588): [VERBOSE1:btm_ble_gap.cc(1923)] btm_ble_process_ext_adv_pkt: bda=6a:1a:31:28:a4:f8
09-01 14:33:12.803 V/bt_stack( 8588): [VERBOSE1:btm_ble_gap.cc(1847)] btm_ble_process_adv_addr: bda=6a:1a:31:28:a4:f8
09-01 14:33:12.804 D/BluetoothUtils( 8588): blockedByLocationOff callingUid=1002
09-01 14:33:12.804 I/BluetoothUtils( 8588): packagename is android.uid.bluetooth:1002 ,and its permission is false
09-01 14:33:12.804 D/BluetoothUtils( 8588): blockedByLocationOff callingUid=1002
09-01 14:33:12.805 I/BluetoothUtils( 8588): packagename is android.uid.bluetooth:1002 ,and its permission is false
09-01 14:33:12.805 D/BluetoothUtils( 8588): blockedByLocationOff callingUid=1002
09-01 14:33:12.805 I/BluetoothUtils( 8588): packagename is android.uid.bluetooth:1002 ,and its permission is false
09-01 14:33:12.806 V/bt_stack( 8588): [VERBOSE1:btm_ble_gap.cc(1923)] btm_ble_process_ext_adv_pkt: bda=3a:23:cb:4a:85:2d
09-01 14:33:12.806 V/bt_stack( 8588): [VERBOSE1:btm_ble_gap.cc(1847)] btm_ble_process_adv_addr: bda=3a:23:cb:4a:85:2d
09-01 14:33:12.807 D/BluetoothUtils( 8588): blockedByLocationOff callingUid=1002
09-01 14:33:12.807 I/BluetoothUtils( 8588): packagename is android.uid.bluetooth:1002 ,and its permission is false
09-01 14:33:12.807 D/BluetoothUtils( 8588): blockedByLocationOff callingUid=1002
09-01 14:33:12.807 I/BluetoothUtils( 8588): packagename is android.uid.bluetooth:1002 ,and its permission is false
09-01 14:33:12.807 D/BluetoothUtils( 8588): blockedByLocationOff callingUid=1002
09-01 14:33:12.808 I/BluetoothUtils( 8588): packagename is android.uid.bluetooth:1002 ,and its permission is false
09-01 14:33:12.812 V/bt_stack( 8588): [VERBOSE1:btm_ble_gap.cc(1923)] btm_ble_process_ext_adv_pkt: bda=01:f5:30:c0:9b:7a
09-01 14:33:12.812 V/bt_stack( 8588): [VERBOSE1:btm_ble_gap.cc(1847)] btm_ble_process_adv_addr: bda=01:f5:30:c0:9b:7a
09-01 14:33:12.814 D/BluetoothUtils( 8588): blockedByLocationOff callingUid=1002
09-01 14:33:12.814 I/BluetoothUtils( 8588): packagename is android.uid.bluetooth:1002 ,and its permission is false
09-01 14:33:12.814 D/BluetoothUtils( 8588): blockedByLocationOff callingUid=1002
09-01 14:33:12.814 I/BluetoothUtils( 8588): packagename is android.uid.bluetooth:1002 ,and its permission is false
09-01 14:33:12.814 D/BluetoothUtils( 8588): blockedByLocationOff callingUid=1002
09-01 14:33:12.815 I/BluetoothUtils( 8588): packagename is android.uid.bluetooth:1002 ,and its permission is false
09-01 14:33:12.828 V/bt_stack( 8588): [VERBOSE1:btm_ble_gap.cc(1923)] btm_ble_process_ext_adv_pkt: bda=63:4f:86:72:1e:da
09-01 14:33:12.828 V/bt_stack( 8588): [VERBOSE1:btm_ble_gap.cc(1847)] btm_ble_process_adv_addr: bda=63:4f:86:72:1e:da
09-01 14:33:12.828 V/bt_stack( 8588): [VERBOSE1:btm_ble_gap.cc(2052)]  Waiting for scan response 63:4f:86:72:1e:da
09-01 14:33:12.830 V/bt_stack( 8588): [VERBOSE1:btm_ble_gap.cc(1923)] btm_ble_process_ext_adv_pkt: bda=66:3e:07:e0:2b:d4
09-01 14:33:12.830 V/bt_stack( 8588): [VERBOSE1:btm_ble_gap.cc(1847)] btm_ble_process_adv_addr: bda=66:3e:07:e0:2b:d4
09-01 14:33:12.830 V/bt_stack( 8588): [VERBOSE1:btm_ble_gap.cc(2052)]  Waiting for scan response 66:3e:07:e0:2b:d4
09-01 14:33:12.830 V/bt_stack( 8588): [VERBOSE1:btm_ble_gap.cc(1923)] btm_ble_process_ext_adv_pkt: bda=17:7e:29:ab:4e:d0
09-01 14:33:12.830 V/bt_stack( 8588): [VERBOSE1:btm_ble_gap.cc(1847)] btm_ble_process_adv_addr: bda=17:7e:29:ab:4e:d0
09-01 14:33:12.831 D/BluetoothUtils( 8588): blockedByLocationOff callingUid=1002
09-01 14:33:12.832 I/BluetoothUtils( 8588): packagename is android.uid.bluetooth:1002 ,and its permission is false
09-01 14:33:12.832 D/BluetoothUtils( 8588): blockedByLocationOff callingUid=1002
09-01 14:33:12.832 I/BluetoothUtils( 8588): packagename is android.uid.bluetooth:1002 ,and its permission is false
09-01 14:33:12.832 D/BluetoothUtils( 8588): blockedByLocationOff callingUid=1002
09-01 14:33:12.833 I/BluetoothUtils( 8588): packagename is android.uid.bluetooth:1002 ,and its permission is false
09-01 14:33:12.839 V/bt_stack( 8588): [VERBOSE1:btm_ble_gap.cc(1923)] btm_ble_process_ext_adv_pkt: bda=44:ca:73:cc:df:42
09-01 14:33:12.839 V/bt_stack( 8588): [VERBOSE1:btm_ble_gap.cc(1847)] btm_ble_process_adv_addr: bda=44:ca:73:cc:df:42
09-01 14:33:12.840 V/bt_stack( 8588): [VERBOSE1:btm_ble_gap.cc(2052)]  Waiting for scan response 44:ca:73:cc:df:42
09-01 14:33:12.840 V/bt_stack( 8588): [VERBOSE1:btm_ble_gap.cc(1923)] btm_ble_process_ext_adv_pkt: bda=db:10:f5:c4:2c:b0
09-01 14:33:12.840 V/bt_stack( 8588): [VERBOSE1:btm_ble_gap.cc(1847)] btm_ble_process_adv_addr: bda=db:10:f5:c4:2c:b0
09-01 14:33:12.840 V/bt_stack( 8588): [VERBOSE1:btm_ble_gap.cc(2052)]  Waiting for scan response db:10:f5:c4:2c:b0
09-01 14:33:12.840 V/bt_stack( 8588): [VERBOSE1:btm_ble_gap.cc(1923)] btm_ble_process_ext_adv_pkt: bda=db:10:f5:c4:2c:b0
09-01 14:33:12.840 V/bt_stack( 8588): [VERBOSE1:btm_ble_gap.cc(1847)] btm_ble_process_adv_addr: bda=db:10:f5:c4:2c:b0
09-01 14:33:12.841 D/BluetoothUtils( 8588): blockedByLocationOff callingUid=1002
09-01 14:33:12.842 I/BluetoothUtils( 8588): packagename is android.uid.bluetooth:1002 ,and its permission is false
09-01 14:33:12.842 D/BluetoothUtils( 8588): blockedByLocationOff callingUid=1002
09-01 14:33:12.842 I/BluetoothUtils( 8588): packagename is android.uid.bluetooth:1002 ,and its permission is false
09-01 14:33:12.842 D/BluetoothUtils( 8588): blockedByLocationOff callingUid=1002
09-01 14:33:12.843 I/BluetoothUtils( 8588): packagename is android.uid.bluetooth:1002 ,and its permission is false
09-01 14:33:12.847 V/bt_stack( 8588): [VERBOSE1:btm_ble_gap.cc(1923)] btm_ble_process_ext_adv_pkt: bda=2c:e0:b3:78:83:e3
09-01 14:33:12.847 V/bt_stack( 8588): [VERBOSE1:btm_ble_gap.cc(1847)] btm_ble_process_adv_addr: bda=2c:e0:b3:78:83:e3
09-01 14:33:12.848 D/BluetoothUtils( 8588): blockedByLocationOff callingUid=1002
09-01 14:33:12.849 I/BluetoothUtils( 8588): packagename is android.uid.bluetooth:1002 ,and its permission is false
09-01 14:33:12.849 D/BluetoothUtils( 8588): blockedByLocationOff callingUid=1002
09-01 14:33:12.849 I/BluetoothUtils( 8588): packagename is android.uid.bluetooth:1002 ,and its permission is false
09-01 14:33:12.849 D/BluetoothUtils( 8588): blockedByLocationOff callingUid=1002
09-01 14:33:12.849 I/BluetoothUtils( 8588): packagename is android.uid.bluetooth:1002 ,and its permission is false
09-01 14:33:12.852 V/bt_stack( 8588): [VERBOSE1:btm_ble_gap.cc(1923)] btm_ble_process_ext_adv_pkt: bda=19:30:6d:c4:b5:5b
09-01 14:33:12.852 V/bt_stack( 8588): [VERBOSE1:btm_ble_gap.cc(1847)] btm_ble_process_adv_addr: bda=19:30:6d:c4:b5:5b
09-01 14:33:12.853 D/BluetoothUtils( 8588): blockedByLocationOff callingUid=1002
09-01 14:33:12.853 I/BluetoothUtils( 8588): packagename is android.uid.bluetooth:1002 ,and its permission is false
09-01 14:33:12.853 D/BluetoothUtils( 8588): blockedByLocationOff callingUid=1002
09-01 14:33:12.854 I/BluetoothUtils( 8588): packagename is android.uid.bluetooth:1002 ,and its permission is false
09-01 14:33:12.854 V/bt_stack( 8588): [VERBOSE1:btm_ble_gap.cc(1923)] btm_ble_process_ext_adv_pkt: bda=ef:b7:d5:04:a7:8a
09-01 14:33:12.854 V/bt_stack( 8588): [VERBOSE1:btm_ble_gap.cc(1847)] btm_ble_process_adv_addr: bda=ef:b7:d5:04:a7:8a
09-01 14:33:12.854 V/bt_stack( 8588): [VERBOSE1:btm_ble_gap.cc(2052)]  Waiting for scan response ef:b7:d5:04:a7:8a
09-01 14:33:12.854 V/bt_stack( 8588): [VERBOSE1:btm_ble_gap.cc(1923)] btm_ble_process_ext_adv_pkt: bda=ef:b7:d5:04:a7:8a
09-01 14:33:12.854 V/bt_stack( 8588): [VERBOSE1:btm_ble_gap.cc(1847)] btm_ble_process_adv_addr: bda=ef:b7:d5:04:a7:8a
09-01 14:33:12.854 D/BluetoothUtils( 8588): blockedByLocationOff callingUid=1002
09-01 14:33:12.855 I/BluetoothUtils( 8588): packagename is android.uid.bluetooth:1002 ,and its permission is false
09-01 14:33:12.856 I/appium  (10226): AppiumResponse: {"sessionId":"3b8c72a3-7a5f-4eee-8121-946476795ec0","value":{"ELEMENT":"905a216c-60cf-4cb5-aa4c-97bb760e2dd6","element-6066-11e4-a52e-4f735466cecf":"905a216c-60cf-4cb5-aa4c-97bb760e2dd6"}}
09-01 14:33:12.857 D/BluetoothUtils( 8588): blockedByLocationOff callingUid=1002
09-01 14:33:12.858 I/BluetoothUtils( 8588): packagename is android.uid.bluetooth:1002 ,and its permission is false
09-01 14:33:12.858 D/BluetoothUtils( 8588): blockedByLocationOff callingUid=1002
09-01 14:33:12.858 I/BluetoothUtils( 8588): packagename is android.uid.bluetooth:1002 ,and its permission is false
09-01 14:33:12.858 D/BluetoothUtils( 8588): blockedByLocationOff callingUid=1002
09-01 14:33:12.859 I/BluetoothUtils( 8588): packagename is android.uid.bluetooth:1002 ,and its permission is false
09-01 14:33:12.863 V/bt_stack( 8588): [VERBOSE1:btm_ble_gap.cc(1923)] btm_ble_process_ext_adv_pkt: bda=0a:29:89:b7:c8:4a
09-01 14:33:12.864 V/bt_stack( 8588): [VERBOSE1:btm_ble_gap.cc(1847)] btm_ble_process_adv_addr: bda=0a:29:89:b7:c8:4a
09-01 14:33:12.865 D/BluetoothUtils( 8588): blockedByLocationOff callingUid=1002
09-01 14:33:12.866 I/BluetoothUtils( 8588): packagename is android.uid.bluetooth:1002 ,and its permission is false
09-01 14:33:12.866 D/BluetoothUtils( 8588): blockedByLocationOff callingUid=1002
09-01 14:33:12.866 I/BluetoothUtils( 8588): packagename is android.uid.bluetooth:1002 ,and its permission is false
09-01 14:33:12.866 D/BluetoothUtils( 8588): blockedByLocationOff callingUid=1002
09-01 14:33:12.866 I/BluetoothUtils( 8588): packagename is android.uid.bluetooth:1002 ,and its permission is false
09-01 14:33:12.867 V/bt_stack( 8588): [VERBOSE1:btm_ble_gap.cc(1923)] btm_ble_process_ext_adv_pkt: bda=63:e7:6b:57:ac:90
09-01 14:33:12.867 V/bt_stack( 8588): [VERBOSE1:btm_ble_gap.cc(1847)] btm_ble_process_adv_addr: bda=63:e7:6b:57:ac:90
09-01 14:33:12.867 V/bt_stack( 8588): [VERBOSE1:btm_ble_gap.cc(2052)]  Waiting for scan response 63:e7:6b:57:ac:90
09-01 14:33:12.867 V/bt_stack( 8588): [VERBOSE1:btm_ble_gap.cc(1923)] btm_ble_process_ext_adv_pkt: bda=63:e7:6b:57:ac:90
09-01 14:33:12.867 V/bt_stack( 8588): [VERBOSE1:btm_ble_gap.cc(1847)] btm_ble_process_adv_addr: bda=63:e7:6b:57:ac:90
09-01 14:33:12.868 D/BluetoothUtils( 8588): blockedByLocationOff callingUid=1002
09-01 14:33:12.868 I/BluetoothUtils( 8588): packagename is android.uid.bluetooth:1002 ,and its permission is false
09-01 14:33:12.869 D/BluetoothUtils( 8588): blockedByLocationOff callingUid=1002
09-01 14:33:12.869 I/BluetoothUtils( 8588): packagename is android.uid.bluetooth:1002 ,and its permission is false
09-01 14:33:12.869 D/BluetoothUtils( 8588): blockedByLocationOff callingUid=1002
09-01 14:33:12.869 I/BluetoothUtils( 8588): packagename is android.uid.bluetooth:1002 ,and its permission is false
09-01 14:33:12.870 I/appium  (10226): channel read invoked!
09-01 14:33:12.870 I/appium  (10226): channel read: POST /wd/hub/session/3b8c72a3-7a5f-4eee-8121-946476795ec0/element/905a216c-60cf-4cb5-aa4c-97bb760e2dd6/click
09-01 14:33:12.871 I/appium  (10226): Click element command
09-01 14:33:12.882 V/bt_stack( 8588): [VERBOSE1:btm_ble_gap.cc(1923)] btm_ble_process_ext_adv_pkt: bda=04:b0:56:de:30:bf
09-01 14:33:12.882 V/bt_stack( 8588): [VERBOSE1:btm_ble_gap.cc(1847)] btm_ble_process_adv_addr: bda=04:b0:56:de:30:bf
09-01 14:33:12.884 D/BluetoothUtils( 8588): blockedByLocationOff callingUid=1002
09-01 14:33:12.889 I/BluetoothUtils( 8588): packagename is android.uid.bluetooth:1002 ,and its permission is false
09-01 14:33:12.889 D/BluetoothUtils( 8588): blockedByLocationOff callingUid=1002
09-01 14:33:12.890 I/BluetoothUtils( 8588): packagename is android.uid.bluetooth:1002 ,and its permission is false
09-01 14:33:12.890 D/BluetoothUtils( 8588): blockedByLocationOff callingUid=1002
09-01 14:33:12.890 I/BluetoothUtils( 8588): packagename is android.uid.bluetooth:1002 ,and its permission is false
09-01 14:33:12.891 V/bt_stack( 8588): [VERBOSE1:btm_ble_gap.cc(1923)] btm_ble_process_ext_adv_pkt: bda=38:f9:d3:45:87:1e
09-01 14:33:12.891 V/bt_stack( 8588): [VERBOSE1:btm_ble_gap.cc(1847)] btm_ble_process_adv_addr: bda=38:f9:d3:45:87:1e
09-01 14:33:12.891 V/bt_stack( 8588): [VERBOSE1:btm_ble_gap.cc(2052)]  Waiting for scan response 38:f9:d3:45:87:1e
09-01 14:33:12.892 V/bt_stack( 8588): [VERBOSE1:btm_ble_gap.cc(1923)] btm_ble_process_ext_adv_pkt: bda=38:f9:d3:45:87:1e
09-01 14:33:12.892 V/bt_stack( 8588): [VERBOSE1:btm_ble_gap.cc(1847)] btm_ble_process_adv_addr: bda=38:f9:d3:45:87:1e
09-01 14:33:12.892 V/bt_stack( 8588): [VERBOSE1:btm_ble_gap.cc(1923)] btm_ble_process_ext_adv_pkt: bda=07:e4:7f:b4:5f:d9
09-01 14:33:12.892 V/bt_stack( 8588): [VERBOSE1:btm_ble_gap.cc(1847)] btm_ble_process_adv_addr: bda=07:e4:7f:b4:5f:d9
09-01 14:33:12.893 D/BluetoothUtils( 8588): blockedByLocationOff callingUid=1002
09-01 14:33:12.893 I/BluetoothUtils( 8588): packagename is android.uid.bluetooth:1002 ,and its permission is false
09-01 14:33:12.893 D/BluetoothUtils( 8588): blockedByLocationOff callingUid=1002
09-01 14:33:12.894 I/BluetoothUtils( 8588): packagename is android.uid.bluetooth:1002 ,and its permission is false
09-01 14:33:12.894 D/BluetoothUtils( 8588): blockedByLocationOff callingUid=1002
09-01 14:33:12.894 I/BluetoothUtils( 8588): packagename is android.uid.bluetooth:1002 ,and its permission is false
09-01 14:33:12.895 D/BluetoothUtils( 8588): blockedByLocationOff callingUid=1002
09-01 14:33:12.895 I/BluetoothUtils( 8588): packagename is android.uid.bluetooth:1002 ,and its permission is false
09-01 14:33:12.895 D/BluetoothUtils( 8588): blockedByLocationOff callingUid=1002
09-01 14:33:12.895 I/BluetoothUtils( 8588): packagename is android.uid.bluetooth:1002 ,and its permission is false
09-01 14:33:12.896 D/BluetoothUtils( 8588): blockedByLocationOff callingUid=1002
09-01 14:33:12.896 I/BluetoothUtils( 8588): packagename is android.uid.bluetooth:1002 ,and its permission is false
09-01 14:33:12.900 V/bt_stack( 8588): [VERBOSE1:btm_ble_gap.cc(1923)] btm_ble_process_ext_adv_pkt: bda=6c:37:b5:6b:a1:b8
09-01 14:33:12.900 V/bt_stack( 8588): [VERBOSE1:btm_ble_gap.cc(1847)] btm_ble_process_adv_addr: bda=6c:37:b5:6b:a1:b8
09-01 14:33:12.900 V/bt_stack( 8588): [VERBOSE1:btm_ble_gap.cc(2052)]  Waiting for scan response 6c:37:b5:6b:a1:b8
09-01 14:33:12.900 V/bt_stack( 8588): [VERBOSE1:btm_ble_gap.cc(1923)] btm_ble_process_ext_adv_pkt: bda=06:fa:50:9b:39:c0
09-01 14:33:12.900 V/bt_stack( 8588): [VERBOSE1:btm_ble_gap.cc(1847)] btm_ble_process_adv_addr: bda=06:fa:50:9b:39:c0
09-01 14:33:12.901 I/appium  (10226): Waiting up to 10000ms for device to be idle
09-01 14:33:12.901 D/BluetoothUtils( 8588): blockedByLocationOff callingUid=1002
09-01 14:33:12.901 I/BluetoothUtils( 8588): packagename is android.uid.bluetooth:1002 ,and its permission is false
09-01 14:33:12.901 I/appium  (10226): AppiumResponse: {"sessionId":"3b8c72a3-7a5f-4eee-8121-946476795ec0","value":null}
09-01 14:33:12.902 D/BluetoothUtils( 8588): blockedByLocationOff callingUid=1002
09-01 14:33:12.902 I/BluetoothUtils( 8588): packagename is android.uid.bluetooth:1002 ,and its permission is false
09-01 14:33:12.904 D/BluetoothUtils( 8588): blockedByLocationOff callingUid=1002
09-01 14:33:12.904 I/BluetoothUtils( 8588): packagename is android.uid.bluetooth:1002 ,and its permission is false
--------- beginning of system
09-01 14:33:12.905 I/Timeline(10274): Timeline: Activity_launch_request time:211558922
09-01 14:33:12.905 I/SplashScreenServiceDelegate( 1639): None for com.xiaomi.hm.health
09-01 14:33:12.905 I/ActivityTaskManager( 1639): START u0 {flg=0x10000000 cmp=com.xiaomi.hm.health/.healthdata.ui.sleep.sleephome.SleepHomeActivity (has extras)} from uid 10241
09-01 14:33:12.908 V/bt_stack( 8588): [VERBOSE1:btm_ble_gap.cc(1923)] btm_ble_process_ext_adv_pkt: bda=6a:1a:31:28:a4:f8
09-01 14:33:12.909 V/bt_stack( 8588): [VERBOSE1:btm_ble_gap.cc(1847)] btm_ble_process_adv_addr: bda=6a:1a:31:28:a4:f8
09-01 14:33:12.909 D/CompatibilityInfo( 1639): mCompatibilityFlags - 0
09-01 14:33:12.909 D/CompatibilityInfo( 1639): applicationDensity - 440
09-01 14:33:12.909 D/CompatibilityInfo( 1639): applicationScale - 1.0
09-01 14:33:12.909 V/bt_stack( 8588): [VERBOSE1:btm_ble_gap.cc(1923)] btm_ble_process_ext_adv_pkt: bda=53:20:ff:cd:6c:a4
09-01 14:33:12.909 V/bt_stack( 8588): [VERBOSE1:btm_ble_gap.cc(1847)] btm_ble_process_adv_addr: bda=53:20:ff:cd:6c:a4
09-01 14:33:12.909 V/bt_stack( 8588): [VERBOSE1:btm_ble_gap.cc(2052)]  Waiting for scan response 53:20:ff:cd:6c:a4
09-01 14:33:12.909 V/bt_stack( 8588): [VERBOSE1:btm_ble_gap.cc(1923)] btm_ble_process_ext_adv_pkt: bda=53:20:ff:cd:6c:a4
09-01 14:33:12.909 V/bt_stack( 8588): [VERBOSE1:btm_ble_gap.cc(1847)] btm_ble_process_adv_addr: bda=53:20:ff:cd:6c:a4
09-01 14:33:12.909 D/ActivityTrigger( 1639): ActivityTrigger activityPauseTrigger 
09-01 14:33:12.909 D/BluetoothUtils( 8588): blockedByLocationOff callingUid=1002
09-01 14:33:12.910 I/BluetoothUtils( 8588): packagename is android.uid.bluetooth:1002 ,and its permission is false
09-01 14:33:12.910 D/BluetoothUtils( 8588): blockedByLocationOff callingUid=1002
09-01 14:33:12.910 I/BluetoothUtils( 8588): packagename is android.uid.bluetooth:1002 ,and its permission is false
09-01 14:33:12.910 D/BluetoothUtils( 8588): blockedByLocationOff callingUid=1002
09-01 14:33:12.910 D/PerfShielderService( 1639): com.xiaomi.hm.health|com.xiaomi.hm.health/com.xiaomi.hm.health.activity.StatusDetailActivity|283|211556265610234|147|3|2
09-01 14:33:12.911 I/BluetoothUtils( 8588): packagename is android.uid.bluetooth:1002 ,and its permission is false
09-01 14:33:12.911 W/MiuiPerfServiceClient( 4664): interceptAndQueuing:10274|com.xiaomi.hm.health|283|147|unknown|null|com.xiaomi.hm.health/com.xiaomi.hm.health.activity.StatusDetailActivity|211556265610234|Slow handle traversal|2
09-01 14:33:12.911 D/BluetoothUtils( 8588): blockedByLocationOff callingUid=1002
09-01 14:33:12.911 I/BluetoothUtils( 8588): packagename is android.uid.bluetooth:1002 ,and its permission is false
09-01 14:33:12.912 D/BluetoothUtils( 8588): blockedByLocationOff callingUid=1002
09-01 14:33:12.912 I/BluetoothUtils( 8588): packagename is android.uid.bluetooth:1002 ,and its permission is false
09-01 14:33:12.912 D/BluetoothUtils( 8588): blockedByLocationOff callingUid=1002
09-01 14:33:12.912 I/BluetoothUtils( 8588): packagename is android.uid.bluetooth:1002 ,and its permission is false
09-01 14:33:12.913 V/bt_stack( 8588): [VERBOSE1:btm_ble_gap.cc(1923)] btm_ble_process_ext_adv_pkt: bda=53:f2:a2:69:23:e6
09-01 14:33:12.913 V/bt_stack( 8588): [VERBOSE1:btm_ble_gap.cc(1847)] btm_ble_process_adv_addr: bda=53:f2:a2:69:23:e6
09-01 14:33:12.916 I/ActivityTaskManager( 1639): The Process com.xiaomi.hm.health Already Exists in BG. So sending its PID: 10274
09-01 14:33:12.917 D/CompatibilityInfo( 1639): mCompatibilityFlags - 0
09-01 14:33:12.917 D/CompatibilityInfo( 1639): applicationDensity - 440
09-01 14:33:12.917 D/CompatibilityInfo( 1639): applicationScale - 1.0
09-01 14:33:12.917 D/BluetoothUtils( 8588): blockedByLocationOff callingUid=1002
09-01 14:33:12.918 D/WindowManager( 1639): Input focus has changed to null
09-01 14:33:12.918 I/BluetoothUtils( 8588): packagename is android.uid.bluetooth:1002 ,and its permission is false
09-01 14:33:12.918 D/BluetoothUtils( 8588): blockedByLocationOff callingUid=1002
09-01 14:33:12.918 I/BluetoothUtils( 8588): packagename is android.uid.bluetooth:1002 ,and its permission is false
09-01 14:33:12.918 D/BluetoothUtils( 8588): blockedByLocationOff callingUid=1002
09-01 14:33:12.919 I/BluetoothUtils( 8588): packagename is android.uid.bluetooth:1002 ,and its permission is false
09-01 14:33:12.919 I/Timeline( 1639): Timeline: App_transition_ready time:211558936
09-01 14:33:12.920 W/ActivityThread(10274): handleWindowVisibility: no activity for token android.os.BinderProxy@b27ef99
09-01 14:33:12.924 I/appium  (10226): channel read invoked!
09-01 14:33:12.924 I/appium  (10226): channel read: POST /wd/hub/session/3b8c72a3-7a5f-4eee-8121-946476795ec0/element
09-01 14:33:12.925 I/appium  (10226): Find element command using 'id' with selector 'common_title_right_image'.
09-01 14:33:12.925 I/appium  (10226): Waiting up to 10000ms for device to be idle
09-01 14:33:12.929 D/ViewContentFactory(10274): initViewContentFetcherClass
09-01 14:33:12.929 I/ContentCatcher(10274): ViewContentFetcher : ViewContentFetcher
09-01 14:33:12.929 D/ViewContentFactory(10274): createInterceptor took 1ms
09-01 14:33:12.930 V/bt_stack( 8588): [VERBOSE1:btm_ble_gap.cc(1923)] btm_ble_process_ext_adv_pkt: bda=48:14:81:f8:b8:84
09-01 14:33:12.930 V/bt_stack( 8588): [VERBOSE1:btm_ble_gap.cc(1847)] btm_ble_process_adv_addr: bda=48:14:81:f8:b8:84
09-01 14:33:12.930 V/bt_stack( 8588): [VERBOSE1:btm_ble_gap.cc(2052)]  Waiting for scan response 48:14:81:f8:b8:84
09-01 14:33:12.930 V/bt_stack( 8588): [VERBOSE1:btm_ble_gap.cc(1923)] btm_ble_process_ext_adv_pkt: bda=48:14:81:f8:b8:84
09-01 14:33:12.930 V/bt_stack( 8588): [VERBOSE1:btm_ble_gap.cc(1847)] btm_ble_process_adv_addr: bda=48:14:81:f8:b8:84
09-01 14:33:12.931 D/BluetoothUtils( 8588): blockedByLocationOff callingUid=1002
09-01 14:33:12.931 V/bt_stack( 8588): [VERBOSE1:btm_ble_gap.cc(1923)] btm_ble_process_ext_adv_pkt: bda=56:e4:da:79:d5:88
09-01 14:33:12.931 V/bt_stack( 8588): [VERBOSE1:btm_ble_gap.cc(1847)] btm_ble_process_adv_addr: bda=56:e4:da:79:d5:88
09-01 14:33:12.931 V/bt_stack( 8588): [VERBOSE1:btm_ble_gap.cc(2052)]  Waiting for scan response 56:e4:da:79:d5:88
09-01 14:33:12.932 V/bt_stack( 8588): [VERBOSE1:btm_ble_gap.cc(1923)] btm_ble_process_ext_adv_pkt: bda=56:e4:da:79:d5:88
09-01 14:33:12.932 V/bt_stack( 8588): [VERBOSE1:btm_ble_gap.cc(1847)] btm_ble_process_adv_addr: bda=56:e4:da:79:d5:88
09-01 14:33:12.932 I/BluetoothUtils( 8588): packagename is android.uid.bluetooth:1002 ,and its permission is false
09-01 14:33:12.932 D/BluetoothUtils( 8588): blockedByLocationOff callingUid=1002
09-01 14:33:12.932 I/BluetoothUtils( 8588): packagename is android.uid.bluetooth:1002 ,and its permission is false
09-01 14:33:12.932 D/BluetoothUtils( 8588): blockedByLocationOff callingUid=1002
09-01 14:33:12.932 I/BluetoothUtils( 8588): packagename is android.uid.bluetooth:1002 ,and its permission is false
09-01 14:33:12.933 D/BluetoothUtils( 8588): blockedByLocationOff callingUid=1002
09-01 14:33:12.933 I/BluetoothUtils( 8588): packagename is android.uid.bluetooth:1002 ,and its permission is false
09-01 14:33:12.933 D/BluetoothUtils( 8588): blockedByLocationOff callingUid=1002
09-01 14:33:12.934 I/BluetoothUtils( 8588): packagename is android.uid.bluetooth:1002 ,and its permission is false
09-01 14:33:12.934 D/BluetoothUtils( 8588): blockedByLocationOff callingUid=1002
09-01 14:33:12.934 I/BluetoothUtils( 8588): packagename is android.uid.bluetooth:1002 ,and its permission is false
09-01 14:33:12.944 V/bt_stack( 8588): [VERBOSE1:btm_ble_gap.cc(1923)] btm_ble_process_ext_adv_pkt: bda=7c:7c:58:d5:aa:e1
09-01 14:33:12.944 V/bt_stack( 8588): [VERBOSE1:btm_ble_gap.cc(1847)] btm_ble_process_adv_addr: bda=7c:7c:58:d5:aa:e1
09-01 14:33:12.944 V/bt_stack( 8588): [VERBOSE1:btm_ble_gap.cc(2052)]  Waiting for scan response 7c:7c:58:d5:aa:e1
09-01 14:33:12.958 D/BaseTitleActivity(10274): setStyle BACK_DOUBLE_TITLE_SHARE title title darkMode false color -9223462
09-01 14:33:12.959 D/BaseTitleActivity(10274): setTintColor -9223462
09-01 14:33:12.961 V/bt_stack( 8588): [VERBOSE1:btm_ble_gap.cc(1923)] btm_ble_process_ext_adv_pkt: bda=ac:29:3a:9a:aa:42
09-01 14:33:12.961 V/bt_stack( 8588): [VERBOSE1:btm_ble_gap.cc(1847)] btm_ble_process_adv_addr: bda=ac:29:3a:9a:aa:42
09-01 14:33:12.961 V/bt_stack( 8588): [VERBOSE1:btm_ble_gap.cc(2052)]  Waiting for scan response ac:29:3a:9a:aa:42
09-01 14:33:12.961 V/bt_stack( 8588): [VERBOSE1:btm_ble_gap.cc(1923)] btm_ble_process_ext_adv_pkt: bda=19:30:6d:c4:b5:5b
09-01 14:33:12.961 V/bt_stack( 8588): [VERBOSE1:btm_ble_gap.cc(1847)] btm_ble_process_adv_addr: bda=19:30:6d:c4:b5:5b
09-01 14:33:12.962 D/BluetoothUtils( 8588): blockedByLocationOff callingUid=1002
09-01 14:33:12.962 I/BluetoothUtils( 8588): packagename is android.uid.bluetooth:1002 ,and its permission is false
09-01 14:33:12.962 D/BluetoothUtils( 8588): blockedByLocationOff callingUid=1002
09-01 14:33:12.963 I/BluetoothUtils( 8588): packagename is android.uid.bluetooth:1002 ,and its permission is false
09-01 14:33:12.963 D/BluetoothUtils( 8588): blockedByLocationOff callingUid=1002
09-01 14:33:12.964 I/BluetoothUtils( 8588): packagename is android.uid.bluetooth:1002 ,and its permission is false
09-01 14:33:12.971 V/bt_stack( 8588): [VERBOSE1:btm_ble_gap.cc(1923)] btm_ble_process_ext_adv_pkt: bda=2e:17:70:f9:0b:48
09-01 14:33:12.971 V/bt_stack( 8588): [VERBOSE1:btm_ble_gap.cc(1847)] btm_ble_process_adv_addr: bda=2e:17:70:f9:0b:48
09-01 14:33:12.971 D/BluetoothUtils( 8588): blockedByLocationOff callingUid=1002
09-01 14:33:12.972 I/BluetoothUtils( 8588): packagename is android.uid.bluetooth:1002 ,and its permission is false
09-01 14:33:12.972 D/BluetoothUtils( 8588): blockedByLocationOff callingUid=1002
09-01 14:33:12.972 I/BluetoothUtils( 8588): packagename is android.uid.bluetooth:1002 ,and its permission is false
09-01 14:33:12.972 D/BluetoothUtils( 8588): blockedByLocationOff callingUid=1002
09-01 14:33:12.972 I/BluetoothUtils( 8588): packagename is android.uid.bluetooth:1002 ,and its permission is false
09-01 14:33:12.996 V/bt_stack( 8588): [VERBOSE1:btm_ble_gap.cc(1923)] btm_ble_process_ext_adv_pkt: bda=07:e4:7f:b4:5f:d9
09-01 14:33:12.996 V/bt_stack( 8588): [VERBOSE1:btm_ble_gap.cc(1847)] btm_ble_process_adv_addr: bda=07:e4:7f:b4:5f:d9
09-01 14:33:12.997 D/BluetoothUtils( 8588): blockedByLocationOff callingUid=1002
09-01 14:33:12.997 I/BluetoothUtils( 8588): packagename is android.uid.bluetooth:1002 ,and its permission is false
09-01 14:33:12.998 D/BluetoothUtils( 8588): blockedByLocationOff callingUid=1002
09-01 14:33:12.998 I/BluetoothUtils( 8588): packagename is android.uid.bluetooth:1002 ,and its permission is false
09-01 14:33:12.998 D/BluetoothUtils( 8588): blockedByLocationOff callingUid=1002
09-01 14:33:12.998 I/BluetoothUtils( 8588): packagename is android.uid.bluetooth:1002 ,and its permission is false
09-01 14:33:12.999 V/bt_stack( 8588): [VERBOSE1:btm_ble_gap.cc(1923)] btm_ble_process_ext_adv_pkt: bda=36:c9:49:a0:b6:9d
09-01 14:33:12.999 V/bt_stack( 8588): [VERBOSE1:btm_ble_gap.cc(1847)] btm_ble_process_adv_addr: bda=36:c9:49:a0:b6:9d
09-01 14:33:13.000 D/BluetoothUtils( 8588): blockedByLocationOff callingUid=1002
09-01 14:33:13.000 I/BluetoothUtils( 8588): packagename is android.uid.bluetooth:1002 ,and its permission is false
09-01 14:33:13.000 D/BluetoothUtils( 8588): blockedByLocationOff callingUid=1002
09-01 14:33:13.000 I/BluetoothUtils( 8588): packagename is android.uid.bluetooth:1002 ,and its permission is false
09-01 14:33:13.000 D/BluetoothUtils( 8588): blockedByLocationOff callingUid=1002
09-01 14:33:13.001 I/BluetoothUtils( 8588): packagename is android.uid.bluetooth:1002 ,and its permission is false
09-01 14:33:13.003 V/bt_stack( 8588): [VERBOSE1:btm_ble_gap.cc(1923)] btm_ble_process_ext_adv_pkt: bda=06:fa:50:9b:39:c0
09-01 14:33:13.003 V/bt_stack( 8588): [VERBOSE1:btm_ble_gap.cc(1847)] btm_ble_process_adv_addr: bda=06:fa:50:9b:39:c0
09-01 14:33:13.004 D/BluetoothUtils( 8588): blockedByLocationOff callingUid=1002
09-01 14:33:13.004 I/BluetoothUtils( 8588): packagename is android.uid.bluetooth:1002 ,and its permission is false
09-01 14:33:13.004 D/BluetoothUtils( 8588): blockedByLocationOff callingUid=1002
09-01 14:33:13.004 D/RecentsImpl( 7676): mActivityStateObserver com.xiaomi.hm.health.healthdata.ui.sleep.sleephome.SleepHomeActivity
09-01 14:33:13.004 I/BluetoothUtils( 8588): packagename is android.uid.bluetooth:1002 ,and its permission is false
09-01 14:33:13.005 D/BluetoothUtils( 8588): blockedByLocationOff callingUid=1002
09-01 14:33:13.005 I/BluetoothUtils( 8588): packagename is android.uid.bluetooth:1002 ,and its permission is false
09-01 14:33:13.006 V/bt_stack( 8588): [VERBOSE1:btm_ble_gap.cc(1923)] btm_ble_process_ext_adv_pkt: bda=55:a7:aa:ab:14:9f
09-01 14:33:13.006 V/bt_stack( 8588): [VERBOSE1:btm_ble_gap.cc(1847)] btm_ble_process_adv_addr: bda=55:a7:aa:ab:14:9f
09-01 14:33:13.006 V/bt_stack( 8588): [VERBOSE1:btm_ble_gap.cc(2052)]  Waiting for scan response 55:a7:aa:ab:14:9f
09-01 14:33:13.006 V/bt_stack( 8588): [VERBOSE1:btm_ble_gap.cc(1923)] btm_ble_process_ext_adv_pkt: bda=55:a7:aa:ab:14:9f
09-01 14:33:13.006 V/bt_stack( 8588): [VERBOSE1:btm_ble_gap.cc(1847)] btm_ble_process_adv_addr: bda=55:a7:aa:ab:14:9f
09-01 14:33:13.007 D/BluetoothUtils( 8588): blockedByLocationOff callingUid=1002
09-01 14:33:13.007 I/BluetoothUtils( 8588): packagename is android.uid.bluetooth:1002 ,and its permission is false
09-01 14:33:13.007 D/BluetoothUtils( 8588): blockedByLocationOff callingUid=1002
09-01 14:33:13.008 I/BluetoothUtils( 8588): packagename is android.uid.bluetooth:1002 ,and its permission is false
09-01 14:33:13.008 D/BluetoothUtils( 8588): blockedByLocationOff callingUid=1002
09-01 14:33:13.008 I/BluetoothUtils( 8588): packagename is android.uid.bluetooth:1002 ,and its permission is false
09-01 14:33:13.010 V/bt_stack( 8588): [VERBOSE1:btm_ble_gap.cc(1923)] btm_ble_process_ext_adv_pkt: bda=0b:95:8c:38:8d:43
09-01 14:33:13.010 V/bt_stack( 8588): [VERBOSE1:btm_ble_gap.cc(1847)] btm_ble_process_adv_addr: bda=0b:95:8c:38:8d:43
09-01 14:33:13.012 D/BluetoothUtils( 8588): blockedByLocationOff callingUid=1002
09-01 14:33:13.012 I/BluetoothUtils( 8588): packagename is android.uid.bluetooth:1002 ,and its permission is false
09-01 14:33:13.012 D/BluetoothUtils( 8588): blockedByLocationOff callingUid=1002
09-01 14:33:13.012 I/BluetoothUtils( 8588): packagename is android.uid.bluetooth:1002 ,and its permission is false
09-01 14:33:13.012 D/BluetoothUtils( 8588): blockedByLocationOff callingUid=1002
09-01 14:33:13.013 I/BluetoothUtils( 8588): packagename is android.uid.bluetooth:1002 ,and its permission is false
09-01 14:33:13.014 V/bt_stack( 8588): [VERBOSE1:btm_ble_gap.cc(1923)] btm_ble_process_ext_adv_pkt: bda=66:db:a5:b4:54:91
09-01 14:33:13.014 V/bt_stack( 8588): [VERBOSE1:btm_ble_gap.cc(1847)] btm_ble_process_adv_addr: bda=66:db:a5:b4:54:91
09-01 14:33:13.014 V/bt_stack( 8588): [VERBOSE1:btm_ble_gap.cc(2052)]  Waiting for scan response 66:db:a5:b4:54:91
09-01 14:33:13.015 V/bt_stack( 8588): [VERBOSE1:btm_ble_gap.cc(1923)] btm_ble_process_ext_adv_pkt: bda=66:db:a5:b4:54:91
09-01 14:33:13.015 V/bt_stack( 8588): [VERBOSE1:btm_ble_gap.cc(1847)] btm_ble_process_adv_addr: bda=66:db:a5:b4:54:91
09-01 14:33:13.015 D/BluetoothUtils( 8588): blockedByLocationOff callingUid=1002
09-01 14:33:13.016 I/BluetoothUtils( 8588): packagename is android.uid.bluetooth:1002 ,and its permission is false
09-01 14:33:13.016 D/BluetoothUtils( 8588): blockedByLocationOff callingUid=1002
09-01 14:33:13.016 I/BluetoothUtils( 8588): packagename is android.uid.bluetooth:1002 ,and its permission is false
09-01 14:33:13.016 D/BluetoothUtils( 8588): blockedByLocationOff callingUid=1002
09-01 14:33:13.016 I/BluetoothUtils( 8588): packagename is android.uid.bluetooth:1002 ,and its permission is false
09-01 14:33:13.019 V/bt_stack( 8588): [VERBOSE1:btm_ble_gap.cc(1923)] btm_ble_process_ext_adv_pkt: bda=1b:39:55:3e:e3:6c
09-01 14:33:13.019 V/bt_stack( 8588): [VERBOSE1:btm_ble_gap.cc(1847)] btm_ble_process_adv_addr: bda=1b:39:55:3e:e3:6c
09-01 14:33:13.019 V/bt_stack( 8588): [VERBOSE1:btm_ble_gap.cc(1923)] btm_ble_process_ext_adv_pkt: bda=17:be:83:99:5a:17
09-01 14:33:13.019 V/bt_stack( 8588): [VERBOSE1:btm_ble_gap.cc(1847)] btm_ble_process_adv_addr: bda=17:be:83:99:5a:17
09-01 14:33:13.020 D/BluetoothUtils( 8588): blockedByLocationOff callingUid=1002
09-01 14:33:13.020 I/BluetoothUtils( 8588): packagename is android.uid.bluetooth:1002 ,and its permission is false
09-01 14:33:13.020 D/BluetoothUtils( 8588): blockedByLocationOff callingUid=1002
09-01 14:33:13.021 I/BluetoothUtils( 8588): packagename is android.uid.bluetooth:1002 ,and its permission is false
09-01 14:33:13.021 D/BluetoothUtils( 8588): blockedByLocationOff callingUid=1002
09-01 14:33:13.021 I/BluetoothUtils( 8588): packagename is android.uid.bluetooth:1002 ,and its permission is false
09-01 14:33:13.022 D/BluetoothUtils( 8588): blockedByLocationOff callingUid=1002
09-01 14:33:13.022 V/bt_stack( 8588): [VERBOSE1:btm_ble_gap.cc(1923)] btm_ble_process_ext_adv_pkt: bda=53:f2:a2:69:23:e6
09-01 14:33:13.022 V/bt_stack( 8588): [VERBOSE1:btm_ble_gap.cc(1847)] btm_ble_process_adv_addr: bda=53:f2:a2:69:23:e6
09-01 14:33:13.026 I/BluetoothUtils( 8588): packagename is android.uid.bluetooth:1002 ,and its permission is false
09-01 14:33:13.026 D/BluetoothUtils( 8588): blockedByLocationOff callingUid=1002
09-01 14:33:13.026 I/BluetoothUtils( 8588): packagename is android.uid.bluetooth:1002 ,and its permission is false
09-01 14:33:13.026 D/BluetoothUtils( 8588): blockedByLocationOff callingUid=1002
09-01 14:33:13.027 I/BluetoothUtils( 8588): packagename is android.uid.bluetooth:1002 ,and its permission is false
09-01 14:33:13.027 W/RecentsModel( 7676): onTaskStackChangedBackground: start loading
09-01 14:33:13.027 W/RecentsModel( 7676): getTaskInfoIgnoreHomeAndSplit   taskInfo=ComponentInfo{com.xiaomi.hm.health/com.xiaomi.hm.health.activity.MainTabActivity}
09-01 14:33:13.027 D/BluetoothUtils( 8588): blockedByLocationOff callingUid=1002
09-01 14:33:13.028 I/BluetoothUtils( 8588): packagename is android.uid.bluetooth:1002 ,and its permission is false
09-01 14:33:13.028 W/RecentsModel( 7676): getTaskInfoIgnoreHomeAndFreeform   taskInfo=ComponentInfo{com.xiaomi.hm.health/com.xiaomi.hm.health.activity.MainTabActivity}
09-01 14:33:13.028 D/BluetoothUtils( 8588): blockedByLocationOff callingUid=1002
09-01 14:33:13.028 W/RecentsModel( 7676): getTaskInfoIgnoreFreeform   taskInfo=ComponentInfo{com.xiaomi.hm.health/com.xiaomi.hm.health.activity.MainTabActivity}
09-01 14:33:13.028 I/BluetoothUtils( 8588): packagename is android.uid.bluetooth:1002 ,and its permission is false
09-01 14:33:13.028 W/RecentsModel( 7676): onTaskStackChangedBackground: finishLoading loading
09-01 14:33:13.029 D/BluetoothUtils( 8588): blockedByLocationOff callingUid=1002
09-01 14:33:13.029 I/BluetoothUtils( 8588): packagename is android.uid.bluetooth:1002 ,and its permission is false
09-01 14:33:13.035 V/bt_stack( 8588): [VERBOSE1:btm_ble_gap.cc(1923)] btm_ble_process_ext_adv_pkt: bda=17:7e:29:ab:4e:d0
09-01 14:33:13.035 V/bt_stack( 8588): [VERBOSE1:btm_ble_gap.cc(1847)] btm_ble_process_adv_addr: bda=17:7e:29:ab:4e:d0
09-01 14:33:13.036 D/BluetoothUtils( 8588): blockedByLocationOff callingUid=1002
09-01 14:33:13.036 I/BluetoothUtils( 8588): packagename is android.uid.bluetooth:1002 ,and its permission is false
09-01 14:33:13.036 D/BluetoothUtils( 8588): blockedByLocationOff callingUid=1002
09-01 14:33:13.037 I/BluetoothUtils( 8588): packagename is android.uid.bluetooth:1002 ,and its permission is false
09-01 14:33:13.037 D/BluetoothUtils( 8588): blockedByLocationOff callingUid=1002
09-01 14:33:13.037 I/BluetoothUtils( 8588): packagename is android.uid.bluetooth:1002 ,and its permission is false
09-01 14:33:13.043 V/bt_stack( 8588): [VERBOSE1:btm_ble_gap.cc(1923)] btm_ble_process_ext_adv_pkt: bda=12:72:eb:81:32:03
09-01 14:33:13.043 V/bt_stack( 8588): [VERBOSE1:btm_ble_gap.cc(1847)] btm_ble_process_adv_addr: bda=12:72:eb:81:32:03
09-01 14:33:13.044 D/BluetoothUtils( 8588): blockedByLocationOff callingUid=1002
09-01 14:33:13.044 I/BluetoothUtils( 8588): packagename is android.uid.bluetooth:1002 ,and its permission is false
09-01 14:33:13.044 D/BluetoothUtils( 8588): blockedByLocationOff callingUid=1002
09-01 14:33:13.045 I/BluetoothUtils( 8588): packagename is android.uid.bluetooth:1002 ,and its permission is false
09-01 14:33:13.045 D/BluetoothUtils( 8588): blockedByLocationOff callingUid=1002
09-01 14:33:13.045 I/BluetoothUtils( 8588): packagename is android.uid.bluetooth:1002 ,and its permission is false
09-01 14:33:13.052 V/bt_stack( 8588): [VERBOSE1:btm_ble_gap.cc(1923)] btm_ble_process_ext_adv_pkt: bda=2a:1b:52:ac:62:5d
09-01 14:33:13.052 V/bt_stack( 8588): [VERBOSE1:btm_ble_gap.cc(1847)] btm_ble_process_adv_addr: bda=2a:1b:52:ac:62:5d
09-01 14:33:13.053 D/BluetoothUtils( 8588): blockedByLocationOff callingUid=1002
09-01 14:33:13.053 I/BluetoothUtils( 8588): packagename is android.uid.bluetooth:1002 ,and its permission is false
09-01 14:33:13.053 D/BluetoothUtils( 8588): blockedByLocationOff callingUid=1002
09-01 14:33:13.053 I/BluetoothUtils( 8588): packagename is android.uid.bluetooth:1002 ,and its permission is false
09-01 14:33:13.054 D/BluetoothUtils( 8588): blockedByLocationOff callingUid=1002
09-01 14:33:13.054 I/BluetoothUtils( 8588): packagename is android.uid.bluetooth:1002 ,and its permission is false
09-01 14:33:13.062 V/bt_stack( 8588): [VERBOSE1:btm_ble_gap.cc(1923)] btm_ble_process_ext_adv_pkt: bda=2c:e0:b3:78:83:e3
09-01 14:33:13.062 V/bt_stack( 8588): [VERBOSE1:btm_ble_gap.cc(1847)] btm_ble_process_adv_addr: bda=2c:e0:b3:78:83:e3
09-01 14:33:13.063 D/BluetoothUtils( 8588): blockedByLocationOff callingUid=1002
09-01 14:33:13.063 I/BluetoothUtils( 8588): packagename is android.uid.bluetooth:1002 ,and its permission is false
09-01 14:33:13.063 D/BluetoothUtils( 8588): blockedByLocationOff callingUid=1002
09-01 14:33:13.063 I/BluetoothUtils( 8588): packagename is android.uid.bluetooth:1002 ,and its permission is false
09-01 14:33:13.063 D/BluetoothUtils( 8588): blockedByLocationOff callingUid=1002
09-01 14:33:13.064 I/BluetoothUtils( 8588): packagename is android.uid.bluetooth:1002 ,and its permission is false
09-01 14:33:13.075 V/bt_stack( 8588): [VERBOSE1:btm_ble_gap.cc(1923)] btm_ble_process_ext_adv_pkt: bda=0a:29:89:b7:c8:4a
09-01 14:33:13.075 V/bt_stack( 8588): [VERBOSE1:btm_ble_gap.cc(1847)] btm_ble_process_adv_addr: bda=0a:29:89:b7:c8:4a
09-01 14:33:13.076 D/BluetoothUtils( 8588): blockedByLocationOff callingUid=1002
09-01 14:33:13.076 I/BluetoothUtils( 8588): packagename is android.uid.bluetooth:1002 ,and its permission is false
09-01 14:33:13.076 D/BluetoothUtils( 8588): blockedByLocationOff callingUid=1002
09-01 14:33:13.076 I/BluetoothUtils( 8588): packagename is android.uid.bluetooth:1002 ,and its permission is false
09-01 14:33:13.076 D/BluetoothUtils( 8588): blockedByLocationOff callingUid=1002
09-01 14:33:13.077 I/BluetoothUtils( 8588): packagename is android.uid.bluetooth:1002 ,and its permission is false
09-01 14:33:13.077 V/bt_stack( 8588): [VERBOSE1:btm_ble_gap.cc(1923)] btm_ble_process_ext_adv_pkt: bda=2e:17:70:f9:0b:48
09-01 14:33:13.077 V/bt_stack( 8588): [VERBOSE1:btm_ble_gap.cc(1847)] btm_ble_process_adv_addr: bda=2e:17:70:f9:0b:48
09-01 14:33:13.077 D/BluetoothUtils( 8588): blockedByLocationOff callingUid=1002
09-01 14:33:13.078 I/BluetoothUtils( 8588): packagename is android.uid.bluetooth:1002 ,and its permission is false
09-01 14:33:13.078 D/BluetoothUtils( 8588): blockedByLocationOff callingUid=1002
09-01 14:33:13.078 I/BluetoothUtils( 8588): packagename is android.uid.bluetooth:1002 ,and its permission is false
09-01 14:33:13.078 D/BluetoothUtils( 8588): blockedByLocationOff callingUid=1002
09-01 14:33:13.078 I/BluetoothUtils( 8588): packagename is android.uid.bluetooth:1002 ,and its permission is false
09-01 14:33:13.089 V/bt_stack( 8588): [VERBOSE1:btm_ble_gap.cc(1923)] btm_ble_process_ext_adv_pkt: bda=6c:37:b5:6b:a1:b8
09-01 14:33:13.089 V/bt_stack( 8588): [VERBOSE1:btm_ble_gap.cc(1847)] btm_ble_process_adv_addr: bda=6c:37:b5:6b:a1:b8
09-01 14:33:13.089 V/bt_stack( 8588): [VERBOSE1:btm_ble_gap.cc(2052)]  Waiting for scan response 6c:37:b5:6b:a1:b8
09-01 14:33:13.089 V/bt_stack( 8588): [VERBOSE1:btm_ble_gap.cc(1923)] btm_ble_process_ext_adv_pkt: bda=3b:30:35:17:9e:fe
09-01 14:33:13.089 V/bt_stack( 8588): [VERBOSE1:btm_ble_gap.cc(1847)] btm_ble_process_adv_addr: bda=3b:30:35:17:9e:fe
09-01 14:33:13.090 D/BluetoothUtils( 8588): blockedByLocationOff callingUid=1002
09-01 14:33:13.090 I/BluetoothUtils( 8588): packagename is android.uid.bluetooth:1002 ,and its permission is false
09-01 14:33:13.090 D/BluetoothUtils( 8588): blockedByLocationOff callingUid=1002
09-01 14:33:13.090 I/BluetoothUtils( 8588): packagename is android.uid.bluetooth:1002 ,and its permission is false
09-01 14:33:13.090 D/BluetoothUtils( 8588): blockedByLocationOff callingUid=1002
09-01 14:33:13.091 I/BluetoothUtils( 8588): packagename is android.uid.bluetooth:1002 ,and its permission is false
09-01 14:33:13.103 V/bt_stack( 8588): [VERBOSE1:btm_ble_gap.cc(1923)] btm_ble_process_ext_adv_pkt: bda=4b:2f:6d:75:86:77
09-01 14:33:13.103 V/bt_stack( 8588): [VERBOSE1:btm_ble_gap.cc(1847)] btm_ble_process_adv_addr: bda=4b:2f:6d:75:86:77
09-01 14:33:13.103 V/bt_stack( 8588): [VERBOSE1:btm_ble_gap.cc(2052)]  Waiting for scan response 4b:2f:6d:75:86:77
09-01 14:33:13.104 V/bt_stack( 8588): [VERBOSE1:btm_ble_gap.cc(1923)] btm_ble_process_ext_adv_pkt: bda=36:c9:49:a0:b6:9d
09-01 14:33:13.104 V/bt_stack( 8588): [VERBOSE1:btm_ble_gap.cc(1847)] btm_ble_process_adv_addr: bda=36:c9:49:a0:b6:9d
09-01 14:33:13.104 V/bt_stack( 8588): [VERBOSE1:btm_ble_gap.cc(1923)] btm_ble_process_ext_adv_pkt: bda=06:fa:50:9b:39:c0
09-01 14:33:13.104 V/bt_stack( 8588): [VERBOSE1:btm_ble_gap.cc(1847)] btm_ble_process_adv_addr: bda=06:fa:50:9b:39:c0
09-01 14:33:13.104 D/BluetoothUtils( 8588): blockedByLocationOff callingUid=1002
09-01 14:33:13.105 I/BluetoothUtils( 8588): packagename is android.uid.bluetooth:1002 ,and its permission is false
09-01 14:33:13.105 D/BluetoothUtils( 8588): blockedByLocationOff callingUid=1002
09-01 14:33:13.105 I/BluetoothUtils( 8588): packagename is android.uid.bluetooth:1002 ,and its permission is false
09-01 14:33:13.105 D/BluetoothUtils( 8588): blockedByLocationOff callingUid=1002
09-01 14:33:13.105 I/BluetoothUtils( 8588): packagename is android.uid.bluetooth:1002 ,and its permission is false
09-01 14:33:13.106 D/BluetoothUtils( 8588): blockedByLocationOff callingUid=1002
09-01 14:33:13.106 I/BluetoothUtils( 8588): packagename is android.uid.bluetooth:1002 ,and its permission is false
