09-01 14:33:13.931 V/bt_stack( 8588): [VERBOSE1:btm_ble_gap.cc(1923)] btm_ble_process_ext_adv_pkt: bda=44:ca:73:cc:df:42
09-01 14:33:13.931 V/bt_stack( 8588): [VERBOSE1:btm_ble_gap.cc(1847)] btm_ble_process_adv_addr: bda=44:ca:73:cc:df:42
09-01 14:33:13.931 V/bt_stack( 8588): [VERBOSE1:btm_ble_gap.cc(2052)]  Waiting for scan response 44:ca:73:cc:df:42
09-01 14:33:13.931 V/bt_stack( 8588): [VERBOSE1:btm_ble_gap.cc(1923)] btm_ble_process_ext_adv_pkt: bda=44:ca:73:cc:df:42
09-01 14:33:13.931 V/bt_stack( 8588): [VERBOSE1:btm_ble_gap.cc(1847)] btm_ble_process_adv_addr: bda=44:ca:73:cc:df:42
09-01 14:33:13.932 D/BluetoothUtils( 8588): blockedByLocationOff callingUid=1002
09-01 14:33:13.932 I/BluetoothUtils( 8588): packagename is android.uid.bluetooth:1002 ,and its permission is false
09-01 14:33:13.932 D/BluetoothUtils( 8588): blockedByLocationOff callingUid=1002
09-01 14:33:13.933 I/BluetoothUtils( 8588): packagename is android.uid.bluetooth:1002 ,and its permission is false
09-01 14:33:13.933 D/BluetoothUtils( 8588): blockedByLocationOff callingUid=1002
09-01 14:33:13.933 I/BluetoothUtils( 8588): packagename is android.uid.bluetooth:1002 ,and its permission is false
09-01 14:33:13.946 V/bt_stack( 8588): [VERBOSE1:btm_ble_gap.cc(1923)] btm_ble_process_ext_adv_pkt: bda=36:c9:49:a0:b6:9d
09-01 14:33:13.946 V/bt_stack( 8588): [VERBOSE1:btm_ble_gap.cc(1847)] btm_ble_process_adv_addr: bda=36:c9:49:a0:b6:9d
09-01 14:33:13.947 D/BluetoothUtils( 8588): blockedByLocationOff callingUid=1002
09-01 14:33:13.947 I/BluetoothUtils( 8588): packagename is android.uid.bluetooth:1002 ,and its permission is false
09-01 14:33:13.948 D/BluetoothUtils( 8588): blockedByLocationOff callingUid=1002
09-01 14:33:13.948 I/BluetoothUtils( 8588): packagename is android.uid.bluetooth:1002 ,and its permission is false
09-01 14:33:13.948 D/BluetoothUtils( 8588): blockedByLocationOff callingUid=1002
09-01 14:33:13.948 I/BluetoothUtils( 8588): packagename is android.uid.bluetooth:1002 ,and its permission is false
09-01 14:33:13.951 V/bt_stack( 8588): [VERBOSE1:btm_ble_gap.cc(1923)] btm_ble_process_ext_adv_pkt: bda=17:be:83:99:5a:17
09-01 14:33:13.952 V/bt_stack( 8588): [VERBOSE1:btm_ble_gap.cc(1847)] btm_ble_process_adv_addr: bda=17:be:83:99:5a:17
09-01 14:33:13.952 D/BluetoothUtils( 8588): blockedByLocationOff callingUid=1002
09-01 14:33:13.953 I/BluetoothUtils( 8588): packagename is android.uid.bluetooth:1002 ,and its permission is false
09-01 14:33:13.953 D/BluetoothUtils( 8588): blockedByLocationOff callingUid=1002
09-01 14:33:13.953 I/BluetoothUtils( 8588): packagename is android.uid.bluetooth:1002 ,and its permission is false
09-01 14:33:13.953 D/BluetoothUtils( 8588): blockedByLocationOff callingUid=1002
09-01 14:33:13.954 I/BluetoothUtils( 8588): packagename is android.uid.bluetooth:1002 ,and its permission is false
09-01 14:33:13.955 V/bt_stack( 8588): [VERBOSE1:btm_ble_gap.cc(1923)] btm_ble_process_ext_adv_pkt: bda=63:e7:6b:57:ac:90
09-01 14:33:13.955 V/bt_stack( 8588): [VERBOSE1:btm_ble_gap.cc(1847)] btm_ble_process_adv_addr: bda=63:e7:6b:57:ac:90
09-01 14:33:13.955 V/bt_stack( 8588): [VERBOSE1:btm_ble_gap.cc(2052)]  Waiting for scan response 63:e7:6b:57:ac:90
09-01 14:33:13.956 V/bt_stack( 8588): [VERBOSE1:btm_ble_gap.cc(1923)] btm_ble_process_ext_adv_pkt: bda=63:e7:6b:57:ac:90
09-01 14:33:13.956 V/bt_stack( 8588): [VERBOSE1:btm_ble_gap.cc(1847)] btm_ble_process_adv_addr: bda=63:e7:6b:57:ac:90
09-01 14:33:13.956 D/BluetoothUtils( 8588): blockedByLocationOff callingUid=1002
09-01 14:33:13.956 I/BluetoothUtils( 8588): packagename is android.uid.bluetooth:1002 ,and its permission is false
09-01 14:33:13.957 D/BluetoothUtils( 8588): blockedByLocationOff callingUid=1002
09-01 14:33:13.957 I/BluetoothUtils( 8588): packagename is android.uid.bluetooth:1002 ,and its permission is false
09-01 14:33:13.957 D/BluetoothUtils( 8588): blockedByLocationOff callingUid=1002
09-01 14:33:13.957 I/BluetoothUtils( 8588): packagename is android.uid.bluetooth:1002 ,and its permission is false
09-01 14:33:13.967 V/bt_stack( 8588): [VERBOSE1:btm_ble_gap.cc(1923)] btm_ble_process_ext_adv_pkt: bda=01:f5:30:c0:9b:7a
09-01 14:33:13.967 V/bt_stack( 8588): [VERBOSE1:btm_ble_gap.cc(1847)] btm_ble_process_adv_addr: bda=01:f5:30:c0:9b:7a
09-01 14:33:13.968 D/BluetoothUtils( 8588): blockedByLocationOff callingUid=1002
09-01 14:33:13.968 I/BluetoothUtils( 8588): packagename is android.uid.bluetooth:1002 ,and its permission is false
09-01 14:33:13.968 D/BluetoothUtils( 8588): blockedByLocationOff callingUid=1002
09-01 14:33:13.969 I/BluetoothUtils( 8588): packagename is android.uid.bluetooth:1002 ,and its permission is false
09-01 14:33:13.969 D/BluetoothUtils( 8588): blockedByLocationOff callingUid=1002
09-01 14:33:13.970 I/BluetoothUtils( 8588): packagename is android.uid.bluetooth:1002 ,and its permission is false
09-01 14:33:13.977 V/bt_stack( 8588): [VERBOSE1:btm_ble_gap.cc(1923)] btm_ble_process_ext_adv_pkt: bda=78:4f:43:58:80:7a
09-01 14:33:13.977 V/bt_stack( 8588): [VERBOSE1:btm_ble_gap.cc(1847)] btm_ble_process_adv_addr: bda=78:4f:43:58:80:7a
09-01 14:33:13.977 V/bt_stack( 8588): [VERBOSE1:btm_ble_gap.cc(2052)]  Waiting for scan response 78:4f:43:58:80:7a
09-01 14:33:13.977 V/bt_stack( 8588): [VERBOSE1:btm_ble_gap.cc(1923)] btm_ble_process_ext_adv_pkt: bda=2a:1b:52:ac:62:5d
09-01 14:33:13.977 V/bt_stack( 8588): [VERBOSE1:btm_ble_gap.cc(1847)] btm_ble_process_adv_addr: bda=2a:1b:52:ac:62:5d
09-01 14:33:13.978 D/BluetoothUtils( 8588): blockedByLocationOff callingUid=1002
09-01 14:33:13.978 I/BluetoothUtils( 8588): packagename is android.uid.bluetooth:1002 ,and its permission is false
09-01 14:33:13.979 D/BluetoothUtils( 8588): blockedByLocationOff callingUid=1002
09-01 14:33:13.979 I/BluetoothUtils( 8588): packagename is android.uid.bluetooth:1002 ,and its permission is false
09-01 14:33:13.979 D/BluetoothUtils( 8588): blockedByLocationOff callingUid=1002
09-01 14:33:13.979 I/BluetoothUtils( 8588): packagename is android.uid.bluetooth:1002 ,and its permission is false
09-01 14:33:13.982 V/bt_stack( 8588): [VERBOSE1:btm_ble_gap.cc(1923)] btm_ble_process_ext_adv_pkt: bda=67:ec:83:7e:42:50
09-01 14:33:13.982 V/bt_stack( 8588): [VERBOSE1:btm_ble_gap.cc(1847)] btm_ble_process_adv_addr: bda=67:ec:83:7e:42:50
09-01 14:33:13.982 V/bt_stack( 8588): [VERBOSE1:btm_ble_gap.cc(2052)]  Waiting for scan response 67:ec:83:7e:42:50
09-01 14:33:13.982 V/bt_stack( 8588): [VERBOSE1:btm_ble_gap.cc(1923)] btm_ble_process_ext_adv_pkt: bda=67:ec:83:7e:42:50
09-01 14:33:13.982 V/bt_stack( 8588): [VERBOSE1:btm_ble_gap.cc(1847)] btm_ble_process_adv_addr: bda=67:ec:83:7e:42:50
09-01 14:33:13.983 D/BluetoothUtils( 8588): blockedByLocationOff callingUid=1002
09-01 14:33:13.984 I/BluetoothUtils( 8588): packagename is android.uid.bluetooth:1002 ,and its permission is false
09-01 14:33:13.984 D/BluetoothUtils( 8588): blockedByLocationOff callingUid=1002
09-01 14:33:13.984 I/BluetoothUtils( 8588): packagename is android.uid.bluetooth:1002 ,and its permission is false
09-01 14:33:13.984 D/BluetoothUtils( 8588): blockedByLocationOff callingUid=1002
09-01 14:33:13.985 I/BluetoothUtils( 8588): packagename is android.uid.bluetooth:1002 ,and its permission is false
09-01 14:33:13.986 V/bt_stack( 8588): [VERBOSE1:btm_ble_gap.cc(1923)] btm_ble_process_ext_adv_pkt: bda=17:7e:29:ab:4e:d0
09-01 14:33:13.986 V/bt_stack( 8588): [VERBOSE1:btm_ble_gap.cc(1847)] btm_ble_process_adv_addr: bda=17:7e:29:ab:4e:d0
09-01 14:33:13.987 D/BluetoothUtils( 8588): blockedByLocationOff callingUid=1002
09-01 14:33:13.987 I/BluetoothUtils( 8588): packagename is android.uid.bluetooth:1002 ,and its permission is false
09-01 14:33:13.988 D/BluetoothUtils( 8588): blockedByLocationOff callingUid=1002
09-01 14:33:13.988 I/BluetoothUtils( 8588): packagename is android.uid.bluetooth:1002 ,and its permission is false
09-01 14:33:13.988 D/BluetoothUtils( 8588): blockedByLocationOff callingUid=1002
09-01 14:33:13.988 I/BluetoothUtils( 8588): packagename is android.uid.bluetooth:1002 ,and its permission is false
09-01 14:33:13.998 V/bt_stack( 8588): [VERBOSE1:btm_ble_gap.cc(1923)] btm_ble_process_ext_adv_pkt: bda=2c:e0:b3:78:83:e3
09-01 14:33:13.998 V/bt_stack( 8588): [VERBOSE1:btm_ble_gap.cc(1847)] btm_ble_process_adv_addr: bda=2c:e0:b3:78:83:e3
09-01 14:33:13.999 D/BluetoothUtils( 8588): blockedByLocationOff callingUid=1002
09-01 14:33:13.999 I/BluetoothUtils( 8588): packagename is android.uid.bluetooth:1002 ,and its permission is false
09-01 14:33:13.999 D/BluetoothUtils( 8588): blockedByLocationOff callingUid=1002
09-01 14:33:14.000 I/BluetoothUtils( 8588): packagename is android.uid.bluetooth:1002 ,and its permission is false
09-01 14:33:14.000 D/BluetoothUtils( 8588): blockedByLocationOff callingUid=1002
09-01 14:33:14.000 I/BluetoothUtils( 8588): packagename is android.uid.bluetooth:1002 ,and its permission is false
09-01 14:33:14.006 V/bt_stack( 8588): [VERBOSE1:btm_ble_gap.cc(1923)] btm_ble_process_ext_adv_pkt: bda=12:f7:c7:df:cb:b1
09-01 14:33:14.006 V/bt_stack( 8588): [VERBOSE1:btm_ble_gap.cc(1847)] btm_ble_process_adv_addr: bda=12:f7:c7:df:cb:b1
09-01 14:33:14.007 D/BluetoothUtils( 8588): blockedByLocationOff callingUid=1002
09-01 14:33:14.007 I/BluetoothUtils( 8588): packagename is android.uid.bluetooth:1002 ,and its permission is false
09-01 14:33:14.007 D/BluetoothUtils( 8588): blockedByLocationOff callingUid=1002
09-01 14:33:14.007 I/BluetoothUtils( 8588): packagename is android.uid.bluetooth:1002 ,and its permission is false
09-01 14:33:14.007 D/BluetoothUtils( 8588): blockedByLocationOff callingUid=1002
09-01 14:33:14.008 I/BluetoothUtils( 8588): packagename is android.uid.bluetooth:1002 ,and its permission is false
09-01 14:33:14.017 V/bt_stack( 8588): [VERBOSE1:btm_ble_gap.cc(1923)] btm_ble_process_ext_adv_pkt: bda=48:14:81:f8:b8:84
09-01 14:33:14.017 V/bt_stack( 8588): [VERBOSE1:btm_ble_gap.cc(1847)] btm_ble_process_adv_addr: bda=48:14:81:f8:b8:84
09-01 14:33:14.017 V/bt_stack( 8588): [VERBOSE1:btm_ble_gap.cc(2052)]  Waiting for scan response 48:14:81:f8:b8:84
09-01 14:33:14.017 V/bt_stack( 8588): [VERBOSE1:btm_ble_gap.cc(1923)] btm_ble_process_ext_adv_pkt: bda=48:14:81:f8:b8:84
09-01 14:33:14.017 V/bt_stack( 8588): [VERBOSE1:btm_ble_gap.cc(1847)] btm_ble_process_adv_addr: bda=48:14:81:f8:b8:84
09-01 14:33:14.019 D/BluetoothUtils( 8588): blockedByLocationOff callingUid=1002
09-01 14:33:14.019 I/BluetoothUtils( 8588): packagename is android.uid.bluetooth:1002 ,and its permission is false
09-01 14:33:14.019 D/BluetoothUtils( 8588): blockedByLocationOff callingUid=1002
09-01 14:33:14.019 I/BluetoothUtils( 8588): packagename is android.uid.bluetooth:1002 ,and its permission is false
09-01 14:33:14.020 D/BluetoothUtils( 8588): blockedByLocationOff callingUid=1002
09-01 14:33:14.020 I/BluetoothUtils( 8588): packagename is android.uid.bluetooth:1002 ,and its permission is false
09-01 14:33:14.024 V/bt_stack( 8588): [VERBOSE1:btm_ble_gap.cc(1923)] btm_ble_process_ext_adv_pkt: bda=1d:3e:e9:7a:79:4a
09-01 14:33:14.024 V/bt_stack( 8588): [VERBOSE1:btm_ble_gap.cc(1847)] btm_ble_process_adv_addr: bda=1d:3e:e9:7a:79:4a
09-01 14:33:14.025 D/BluetoothUtils( 8588): blockedByLocationOff callingUid=1002
09-01 14:33:14.025 I/BluetoothUtils( 8588): packagename is android.uid.bluetooth:1002 ,and its permission is false
09-01 14:33:14.025 D/BluetoothUtils( 8588): blockedByLocationOff callingUid=1002
09-01 14:33:14.026 I/BluetoothUtils( 8588): packagename is android.uid.bluetooth:1002 ,and its permission is false
09-01 14:33:14.026 D/BluetoothUtils( 8588): blockedByLocationOff callingUid=1002
09-01 14:33:14.026 I/BluetoothUtils( 8588): packagename is android.uid.bluetooth:1002 ,and its permission is false
09-01 14:33:14.036 V/bt_stack( 8588): [VERBOSE1:btm_ble_gap.cc(1923)] btm_ble_process_ext_adv_pkt: bda=fd:32:0c:ad:56:d5
09-01 14:33:14.036 V/bt_stack( 8588): [VERBOSE1:btm_ble_gap.cc(1847)] btm_ble_process_adv_addr: bda=fd:32:0c:ad:56:d5
09-01 14:33:14.036 V/bt_stack( 8588): [VERBOSE1:btm_ble_gap.cc(2052)]  Waiting for scan response fd:32:0c:ad:56:d5
09-01 14:33:14.041 V/bt_stack( 8588): [VERBOSE1:btm_ble_gap.cc(1923)] btm_ble_process_ext_adv_pkt: bda=ac:29:3a:9a:aa:42
09-01 14:33:14.041 V/bt_stack( 8588): [VERBOSE1:btm_ble_gap.cc(1847)] btm_ble_process_adv_addr: bda=ac:29:3a:9a:aa:42
09-01 14:33:14.041 V/bt_stack( 8588): [VERBOSE1:btm_ble_gap.cc(2052)]  Waiting for scan response ac:29:3a:9a:aa:42
09-01 14:33:14.041 V/bt_stack( 8588): [VERBOSE1:btm_ble_gap.cc(1923)] btm_ble_process_ext_adv_pkt: bda=06:fa:50:9b:39:c0
09-01 14:33:14.041 V/bt_stack( 8588): [VERBOSE1:btm_ble_gap.cc(1847)] btm_ble_process_adv_addr: bda=06:fa:50:9b:39:c0
09-01 14:33:14.042 V/bt_stack( 8588): [VERBOSE1:btm_ble_gap.cc(1923)] btm_ble_process_ext_adv_pkt: bda=3b:30:35:17:9e:fe
09-01 14:33:14.042 V/bt_stack( 8588): [VERBOSE1:btm_ble_gap.cc(1847)] btm_ble_process_adv_addr: bda=3b:30:35:17:9e:fe
09-01 14:33:14.042 D/BluetoothUtils( 8588): blockedByLocationOff callingUid=1002
09-01 14:33:14.042 I/BluetoothUtils( 8588): packagename is android.uid.bluetooth:1002 ,and its permission is false
09-01 14:33:14.042 D/BluetoothUtils( 8588): blockedByLocationOff callingUid=1002
09-01 14:33:14.043 I/BluetoothUtils( 8588): packagename is android.uid.bluetooth:1002 ,and its permission is false
09-01 14:33:14.043 D/BluetoothUtils( 8588): blockedByLocationOff callingUid=1002
09-01 14:33:14.043 I/BluetoothUtils( 8588): packagename is android.uid.bluetooth:1002 ,and its permission is false
09-01 14:33:14.044 D/BluetoothUtils( 8588): blockedByLocationOff callingUid=1002
09-01 14:33:14.045 I/BluetoothUtils( 8588): packagename is android.uid.bluetooth:1002 ,and its permission is false
09-01 14:33:14.045 D/BluetoothUtils( 8588): blockedByLocationOff callingUid=1002
09-01 14:33:14.045 I/BluetoothUtils( 8588): packagename is android.uid.bluetooth:1002 ,and its permission is false
09-01 14:33:14.045 D/BluetoothUtils( 8588): blockedByLocationOff callingUid=1002
09-01 14:33:14.046 I/BluetoothUtils( 8588): packagename is android.uid.bluetooth:1002 ,and its permission is false
09-01 14:33:14.054 V/bt_stack( 8588): [VERBOSE1:btm_ble_gap.cc(1923)] btm_ble_process_ext_adv_pkt: bda=56:23:e7:94:9e:a9
09-01 14:33:14.054 V/bt_stack( 8588): [VERBOSE1:btm_ble_gap.cc(1847)] btm_ble_process_adv_addr: bda=56:23:e7:94:9e:a9
09-01 14:33:14.054 V/bt_stack( 8588): [VERBOSE1:btm_ble_gap.cc(2052)]  Waiting for scan response 56:23:e7:94:9e:a9
09-01 14:33:14.056 V/bt_stack( 8588): [VERBOSE1:btm_ble_gap.cc(1923)] btm_ble_process_ext_adv_pkt: bda=fe:e1:62:0f:0c:8e
09-01 14:33:14.057 V/bt_stack( 8588): [VERBOSE1:btm_ble_gap.cc(1847)] btm_ble_process_adv_addr: bda=fe:e1:62:0f:0c:8e
09-01 14:33:14.057 V/bt_stack( 8588): [VERBOSE1:btm_ble_gap.cc(2052)]  Waiting for scan response fe:e1:62:0f:0c:8e
09-01 14:33:14.057 V/bt_stack( 8588): [VERBOSE1:btm_ble_gap.cc(1923)] btm_ble_process_ext_adv_pkt: bda=17:be:83:99:5a:17
09-01 14:33:14.057 V/bt_stack( 8588): [VERBOSE1:btm_ble_gap.cc(1847)] btm_ble_process_adv_addr: bda=17:be:83:99:5a:17
09-01 14:33:14.057 V/bt_stack( 8588): [VERBOSE1:btm_ble_gap.cc(1923)] btm_ble_process_ext_adv_pkt: bda=6a:1a:31:28:a4:f8
09-01 14:33:14.057 V/bt_stack( 8588): [VERBOSE1:btm_ble_gap.cc(1847)] btm_ble_process_adv_addr: bda=6a:1a:31:28:a4:f8
09-01 14:33:14.057 D/BluetoothUtils( 8588): blockedByLocationOff callingUid=1002
09-01 14:33:14.058 I/BluetoothUtils( 8588): packagename is android.uid.bluetooth:1002 ,and its permission is false
09-01 14:33:14.058 D/BluetoothUtils( 8588): blockedByLocationOff callingUid=1002
09-01 14:33:14.059 I/BluetoothUtils( 8588): packagename is android.uid.bluetooth:1002 ,and its permission is false
09-01 14:33:14.059 D/BluetoothUtils( 8588): blockedByLocationOff callingUid=1002
09-01 14:33:14.059 I/BluetoothUtils( 8588): packagename is android.uid.bluetooth:1002 ,and its permission is false
09-01 14:33:14.060 D/BluetoothUtils( 8588): blockedByLocationOff callingUid=1002
09-01 14:33:14.060 I/BluetoothUtils( 8588): packagename is android.uid.bluetooth:1002 ,and its permission is false
09-01 14:33:14.060 D/BluetoothUtils( 8588): blockedByLocationOff callingUid=1002
09-01 14:33:14.061 I/BluetoothUtils( 8588): packagename is android.uid.bluetooth:1002 ,and its permission is false
09-01 14:33:14.061 D/BluetoothUtils( 8588): blockedByLocationOff callingUid=1002
09-01 14:33:14.061 V/bt_stack( 8588): [VERBOSE1:btm_ble_gap.cc(1923)] btm_ble_process_ext_adv_pkt: bda=3a:23:cb:4a:85:2d
09-01 14:33:14.061 V/bt_stack( 8588): [VERBOSE1:btm_ble_gap.cc(1847)] btm_ble_process_adv_addr: bda=3a:23:cb:4a:85:2d
09-01 14:33:14.061 I/BluetoothUtils( 8588): packagename is android.uid.bluetooth:1002 ,and its permission is false
09-01 14:33:14.062 D/BluetoothUtils( 8588): blockedByLocationOff callingUid=1002
09-01 14:33:14.062 I/BluetoothUtils( 8588): packagename is android.uid.bluetooth:1002 ,and its permission is false
09-01 14:33:14.062 D/BluetoothUtils( 8588): blockedByLocationOff callingUid=1002
09-01 14:33:14.063 I/BluetoothUtils( 8588): packagename is android.uid.bluetooth:1002 ,and its permission is false
09-01 14:33:14.064 D/BluetoothUtils( 8588): blockedByLocationOff callingUid=1002
09-01 14:33:14.064 I/BluetoothUtils( 8588): packagename is android.uid.bluetooth:1002 ,and its permission is false
09-01 14:33:14.066 V/bt_stack( 8588): [VERBOSE1:btm_ble_gap.cc(1923)] btm_ble_process_ext_adv_pkt: bda=53:f2:a2:69:23:e6
09-01 14:33:14.066 V/bt_stack( 8588): [VERBOSE1:btm_ble_gap.cc(1847)] btm_ble_process_adv_addr: bda=53:f2:a2:69:23:e6
09-01 14:33:14.066 D/BluetoothUtils( 8588): blockedByLocationOff callingUid=1002
09-01 14:33:14.067 I/BluetoothUtils( 8588): packagename is android.uid.bluetooth:1002 ,and its permission is false
09-01 14:33:14.067 D/BluetoothUtils( 8588): blockedByLocationOff callingUid=1002
09-01 14:33:14.067 V/bt_stack( 8588): [VERBOSE1:btm_ble_gap.cc(1923)] btm_ble_process_ext_adv_pkt: bda=01:f5:30:c0:9b:7a
09-01 14:33:14.067 V/bt_stack( 8588): [VERBOSE1:btm_ble_gap.cc(1847)] btm_ble_process_adv_addr: bda=01:f5:30:c0:9b:7a
09-01 14:33:14.067 I/BluetoothUtils( 8588): packagename is android.uid.bluetooth:1002 ,and its permission is false
09-01 14:33:14.068 D/BluetoothUtils( 8588): blockedByLocationOff callingUid=1002
09-01 14:33:14.068 I/BluetoothUtils( 8588): packagename is android.uid.bluetooth:1002 ,and its permission is false
09-01 14:33:14.068 D/BluetoothUtils( 8588): blockedByLocationOff callingUid=1002
09-01 14:33:14.069 I/BluetoothUtils( 8588): packagename is android.uid.bluetooth:1002 ,and its permission is false
09-01 14:33:14.069 D/BluetoothUtils( 8588): blockedByLocationOff callingUid=1002
09-01 14:33:14.069 I/BluetoothUtils( 8588): packagename is android.uid.bluetooth:1002 ,and its permission is false
09-01 14:33:14.069 D/BluetoothUtils( 8588): blockedByLocationOff callingUid=1002
09-01 14:33:14.069 I/BluetoothUtils( 8588): packagename is android.uid.bluetooth:1002 ,and its permission is false
09-01 14:33:14.079 V/bt_stack( 8588): [VERBOSE1:btm_ble_gap.cc(1923)] btm_ble_process_ext_adv_pkt: bda=f7:46:5c:bc:40:f9
09-01 14:33:14.079 V/bt_stack( 8588): [VERBOSE1:btm_ble_gap.cc(1847)] btm_ble_process_adv_addr: bda=f7:46:5c:bc:40:f9
09-01 14:33:14.079 V/bt_stack( 8588): [VERBOSE1:btm_ble_gap.cc(2052)]  Waiting for scan response f7:46:5c:bc:40:f9
09-01 14:33:14.079 V/bt_stack( 8588): [VERBOSE1:btm_ble_gap.cc(1923)] btm_ble_process_ext_adv_pkt: bda=f7:46:5c:bc:40:f9
09-01 14:33:14.079 V/bt_stack( 8588): [VERBOSE1:btm_ble_gap.cc(1847)] btm_ble_process_adv_addr: bda=f7:46:5c:bc:40:f9
09-01 14:33:14.080 D/BluetoothUtils( 8588): blockedByLocationOff callingUid=1002
09-01 14:33:14.081 I/BluetoothUtils( 8588): packagename is android.uid.bluetooth:1002 ,and its permission is false
09-01 14:33:14.081 D/BluetoothUtils( 8588): blockedByLocationOff callingUid=1002
09-01 14:33:14.081 I/BluetoothUtils( 8588): packagename is android.uid.bluetooth:1002 ,and its permission is false
09-01 14:33:14.081 D/BluetoothUtils( 8588): blockedByLocationOff callingUid=1002
09-01 14:33:14.081 I/BluetoothUtils( 8588): packagename is android.uid.bluetooth:1002 ,and its permission is false
09-01 14:33:14.096 V/bt_stack( 8588): [VERBOSE1:btm_ble_gap.cc(1923)] btm_ble_process_ext_adv_pkt: bda=14:e2:26:b4:fe:52
09-01 14:33:14.096 V/bt_stack( 8588): [VERBOSE1:btm_ble_gap.cc(1847)] btm_ble_process_adv_addr: bda=14:e2:26:b4:fe:52
09-01 14:33:14.097 D/BluetoothUtils( 8588): blockedByLocationOff callingUid=1002
09-01 14:33:14.098 I/BluetoothUtils( 8588): packagename is android.uid.bluetooth:1002 ,and its permission is false
09-01 14:33:14.098 D/BluetoothUtils( 8588): blockedByLocationOff callingUid=1002
09-01 14:33:14.098 I/BluetoothUtils( 8588): packagename is android.uid.bluetooth:1002 ,and its permission is false
09-01 14:33:14.098 D/BluetoothUtils( 8588): blockedByLocationOff callingUid=1002
09-01 14:33:14.099 I/BluetoothUtils( 8588): packagename is android.uid.bluetooth:1002 ,and its permission is false
09-01 14:33:14.101 V/bt_stack( 8588): [VERBOSE1:btm_ble_gap.cc(1923)] btm_ble_process_ext_adv_pkt: bda=63:4f:86:72:1e:da
09-01 14:33:14.101 V/bt_stack( 8588): [VERBOSE1:btm_ble_gap.cc(1847)] btm_ble_process_adv_addr: bda=63:4f:86:72:1e:da
09-01 14:33:14.101 V/bt_stack( 8588): [VERBOSE1:btm_ble_gap.cc(2052)]  Waiting for scan response 63:4f:86:72:1e:da
09-01 14:33:14.102 V/bt_stack( 8588): [VERBOSE1:btm_ble_gap.cc(1923)] btm_ble_process_ext_adv_pkt: bda=44:73:b6:51:63:17
09-01 14:33:14.102 V/bt_stack( 8588): [VERBOSE1:btm_ble_gap.cc(1847)] btm_ble_process_adv_addr: bda=44:73:b6:51:63:17
09-01 14:33:14.102 V/bt_stack( 8588): [VERBOSE1:btm_ble_gap.cc(2052)]  Waiting for scan response 44:73:b6:51:63:17
09-01 14:33:14.112 V/bt_stack( 8588): [VERBOSE1:btm_ble_gap.cc(1923)] btm_ble_process_ext_adv_pkt: bda=66:3e:07:e0:2b:d4
09-01 14:33:14.112 V/bt_stack( 8588): [VERBOSE1:btm_ble_gap.cc(1847)] btm_ble_process_adv_addr: bda=66:3e:07:e0:2b:d4
09-01 14:33:14.112 V/bt_stack( 8588): [VERBOSE1:btm_ble_gap.cc(2052)]  Waiting for scan response 66:3e:07:e0:2b:d4
09-01 14:33:14.115 V/bt_stack( 8588): [VERBOSE1:btm_ble_gap.cc(1923)] btm_ble_process_ext_adv_pkt: bda=77:60:99:3a:74:d9
09-01 14:33:14.115 V/bt_stack( 8588): [VERBOSE1:btm_ble_gap.cc(1847)] btm_ble_process_adv_addr: bda=77:60:99:3a:74:d9
09-01 14:33:14.115 V/bt_stack( 8588): [VERBOSE1:btm_ble_gap.cc(2052)]  Waiting for scan response 77:60:99:3a:74:d9
09-01 14:33:14.115 V/bt_stack( 8588): [VERBOSE1:btm_ble_gap.cc(1923)] btm_ble_process_ext_adv_pkt: bda=12:f7:c7:df:cb:b1
09-01 14:33:14.115 V/bt_stack( 8588): [VERBOSE1:btm_ble_gap.cc(1847)] btm_ble_process_adv_addr: bda=12:f7:c7:df:cb:b1
09-01 14:33:14.116 D/BluetoothUtils( 8588): blockedByLocationOff callingUid=1002
09-01 14:33:14.116 I/BluetoothUtils( 8588): packagename is android.uid.bluetooth:1002 ,and its permission is false
09-01 14:33:14.117 D/BluetoothUtils( 8588): blockedByLocationOff callingUid=1002
09-01 14:33:14.118 I/BluetoothUtils( 8588): packagename is android.uid.bluetooth:1002 ,and its permission is false
09-01 14:33:14.118 D/BluetoothUtils( 8588): blockedByLocationOff callingUid=1002
09-01 14:33:14.118 I/BluetoothUtils( 8588): packagename is android.uid.bluetooth:1002 ,and its permission is false
09-01 14:33:14.135 V/bt_stack( 8588): [VERBOSE1:btm_ble_gap.cc(1923)] btm_ble_process_ext_adv_pkt: bda=55:a7:aa:ab:14:9f
09-01 14:33:14.135 V/bt_stack( 8588): [VERBOSE1:btm_ble_gap.cc(1847)] btm_ble_process_adv_addr: bda=55:a7:aa:ab:14:9f
09-01 14:33:14.135 V/bt_stack( 8588): [VERBOSE1:btm_ble_gap.cc(2052)]  Waiting for scan response 55:a7:aa:ab:14:9f
09-01 14:33:14.141 V/bt_stack( 8588): [VERBOSE1:btm_ble_gap.cc(1923)] btm_ble_process_ext_adv_pkt: bda=44:73:b6:51:63:17
09-01 14:33:14.141 V/bt_stack( 8588): [VERBOSE1:btm_ble_gap.cc(1847)] btm_ble_process_adv_addr: bda=44:73:b6:51:63:17
09-01 14:33:14.141 V/bt_stack( 8588): [VERBOSE1:btm_ble_gap.cc(2052)]  Waiting for scan response 44:73:b6:51:63:17
09-01 14:33:14.141 V/bt_stack( 8588): [VERBOSE1:btm_ble_gap.cc(1923)] btm_ble_process_ext_adv_pkt: bda=06:fa:50:9b:39:c0
09-01 14:33:14.141 V/bt_stack( 8588): [VERBOSE1:btm_ble_gap.cc(1847)] btm_ble_process_adv_addr: bda=06:fa:50:9b:39:c0
09-01 14:33:14.142 D/BluetoothUtils( 8588): blockedByLocationOff callingUid=1002
09-01 14:33:14.143 I/BluetoothUtils( 8588): packagename is android.uid.bluetooth:1002 ,and its permission is false
09-01 14:33:14.143 D/BluetoothUtils( 8588): blockedByLocationOff callingUid=1002
09-01 14:33:14.144 I/BluetoothUtils( 8588): packagename is android.uid.bluetooth:1002 ,and its permission is false
09-01 14:33:14.144 D/BluetoothUtils( 8588): blockedByLocationOff callingUid=1002
09-01 14:33:14.144 I/BluetoothUtils( 8588): packagename is android.uid.bluetooth:1002 ,and its permission is false
09-01 14:33:14.147 V/bt_stack( 8588): [VERBOSE1:btm_ble_gap.cc(1923)] btm_ble_process_ext_adv_pkt: bda=36:c9:49:a0:b6:9d
09-01 14:33:14.147 V/bt_stack( 8588): [VERBOSE1:btm_ble_gap.cc(1847)] btm_ble_process_adv_addr: bda=36:c9:49:a0:b6:9d
09-01 14:33:14.148 D/BluetoothUtils( 8588): blockedByLocationOff callingUid=1002
09-01 14:33:14.148 I/BluetoothUtils( 8588): packagename is android.uid.bluetooth:1002 ,and its permission is false
09-01 14:33:14.149 D/BluetoothUtils( 8588): blockedByLocationOff callingUid=1002
09-01 14:33:14.149 I/BluetoothUtils( 8588): packagename is android.uid.bluetooth:1002 ,and its permission is false
09-01 14:33:14.149 D/BluetoothUtils( 8588): blockedByLocationOff callingUid=1002
09-01 14:33:14.149 I/BluetoothUtils( 8588): packagename is android.uid.bluetooth:1002 ,and its permission is false
09-01 14:33:14.160 V/bt_stack( 8588): [VERBOSE1:btm_ble_gap.cc(1923)] btm_ble_process_ext_adv_pkt: bda=1b:39:55:3e:e3:6c
09-01 14:33:14.160 V/bt_stack( 8588): [VERBOSE1:btm_ble_gap.cc(1847)] btm_ble_process_adv_addr: bda=1b:39:55:3e:e3:6c
09-01 14:33:14.161 D/BluetoothUtils( 8588): blockedByLocationOff callingUid=1002
09-01 14:33:14.162 I/BluetoothUtils( 8588): packagename is android.uid.bluetooth:1002 ,and its permission is false
09-01 14:33:14.162 D/BluetoothUtils( 8588): blockedByLocationOff callingUid=1002
09-01 14:33:14.162 I/BluetoothUtils( 8588): packagename is android.uid.bluetooth:1002 ,and its permission is false
09-01 14:33:14.162 D/BluetoothUtils( 8588): blockedByLocationOff callingUid=1002
09-01 14:33:14.162 I/BluetoothUtils( 8588): packagename is android.uid.bluetooth:1002 ,and its permission is false
09-01 14:33:14.167 V/bt_stack( 8588): [VERBOSE1:btm_ble_gap.cc(1923)] btm_ble_process_ext_adv_pkt: bda=d3:ce:19:45:b1:77
09-01 14:33:14.167 V/bt_stack( 8588): [VERBOSE1:btm_ble_gap.cc(1847)] btm_ble_process_adv_addr: bda=d3:ce:19:45:b1:77
09-01 14:33:14.167 V/bt_stack( 8588): [VERBOSE1:btm_ble_gap.cc(2052)]  Waiting for scan response d3:ce:19:45:b1:77
09-01 14:33:14.167 V/bt_stack( 8588): [VERBOSE1:btm_ble_gap.cc(1923)] btm_ble_process_ext_adv_pkt: bda=6a:1a:31:28:a4:f8
09-01 14:33:14.167 V/bt_stack( 8588): [VERBOSE1:btm_ble_gap.cc(1847)] btm_ble_process_adv_addr: bda=6a:1a:31:28:a4:f8
09-01 14:33:14.168 D/BluetoothUtils( 8588): blockedByLocationOff callingUid=1002
09-01 14:33:14.169 I/BluetoothUtils( 8588): packagename is android.uid.bluetooth:1002 ,and its permission is false
09-01 14:33:14.169 D/BluetoothUtils( 8588): blockedByLocationOff callingUid=1002
09-01 14:33:14.169 V/bt_stack( 8588): [VERBOSE1:btm_ble_gap.cc(1923)] btm_ble_process_ext_adv_pkt: bda=3a:23:cb:4a:85:2d
09-01 14:33:14.169 V/bt_stack( 8588): [VERBOSE1:btm_ble_gap.cc(1847)] btm_ble_process_adv_addr: bda=3a:23:cb:4a:85:2d
09-01 14:33:14.170 I/BluetoothUtils( 8588): packagename is android.uid.bluetooth:1002 ,and its permission is false
09-01 14:33:14.170 D/BluetoothUtils( 8588): blockedByLocationOff callingUid=1002
09-01 14:33:14.171 I/BluetoothUtils( 8588): packagename is android.uid.bluetooth:1002 ,and its permission is false
09-01 14:33:14.171 D/BluetoothUtils( 8588): blockedByLocationOff callingUid=1002
09-01 14:33:14.172 I/BluetoothUtils( 8588): packagename is android.uid.bluetooth:1002 ,and its permission is false
09-01 14:33:14.172 D/BluetoothUtils( 8588): blockedByLocationOff callingUid=1002
09-01 14:33:14.172 V/bt_stack( 8588): [VERBOSE1:btm_ble_gap.cc(1923)] btm_ble_process_ext_adv_pkt: bda=53:f2:a2:69:23:e6
09-01 14:33:14.172 V/bt_stack( 8588): [VERBOSE1:btm_ble_gap.cc(1847)] btm_ble_process_adv_addr: bda=53:f2:a2:69:23:e6
09-01 14:33:14.173 I/BluetoothUtils( 8588): packagename is android.uid.bluetooth:1002 ,and its permission is false
09-01 14:33:14.173 D/BluetoothUtils( 8588): blockedByLocationOff callingUid=1002
09-01 14:33:14.173 I/BluetoothUtils( 8588): packagename is android.uid.bluetooth:1002 ,and its permission is false
09-01 14:33:14.174 D/BluetoothUtils( 8588): blockedByLocationOff callingUid=1002
09-01 14:33:14.174 I/BluetoothUtils( 8588): packagename is android.uid.bluetooth:1002 ,and its permission is false
09-01 14:33:14.174 D/BluetoothUtils( 8588): blockedByLocationOff callingUid=1002
09-01 14:33:14.175 I/BluetoothUtils( 8588): packagename is android.uid.bluetooth:1002 ,and its permission is false
09-01 14:33:14.176 D/BluetoothUtils( 8588): blockedByLocationOff callingUid=1002
09-01 14:33:14.176 I/BluetoothUtils( 8588): packagename is android.uid.bluetooth:1002 ,and its permission is false
09-01 14:33:14.176 V/bt_stack( 8588): [VERBOSE1:btm_ble_gap.cc(1923)] btm_ble_process_ext_adv_pkt: bda=0b:95:8c:38:8d:43
09-01 14:33:14.176 V/bt_stack( 8588): [VERBOSE1:btm_ble_gap.cc(1847)] btm_ble_process_adv_addr: bda=0b:95:8c:38:8d:43
09-01 14:33:14.177 D/BluetoothUtils( 8588): blockedByLocationOff callingUid=1002
09-01 14:33:14.178 I/BluetoothUtils( 8588): packagename is android.uid.bluetooth:1002 ,and its permission is false
09-01 14:33:14.178 D/BluetoothUtils( 8588): blockedByLocationOff callingUid=1002
09-01 14:33:14.178 I/BluetoothUtils( 8588): packagename is android.uid.bluetooth:1002 ,and its permission is false
09-01 14:33:14.178 D/BluetoothUtils( 8588): blockedByLocationOff callingUid=1002
09-01 14:33:14.178 I/BluetoothUtils( 8588): packagename is android.uid.bluetooth:1002 ,and its permission is false
09-01 14:33:14.183 V/bt_stack( 8588): [VERBOSE1:btm_ble_gap.cc(1923)] btm_ble_process_ext_adv_pkt: bda=2a:1b:52:ac:62:5d
09-01 14:33:14.183 V/bt_stack( 8588): [VERBOSE1:btm_ble_gap.cc(1847)] btm_ble_process_adv_addr: bda=2a:1b:52:ac:62:5d
09-01 14:33:14.184 D/BluetoothUtils( 8588): blockedByLocationOff callingUid=1002
09-01 14:33:14.184 I/BluetoothUtils( 8588): packagename is android.uid.bluetooth:1002 ,and its permission is false
09-01 14:33:14.185 D/BluetoothUtils( 8588): blockedByLocationOff callingUid=1002
09-01 14:33:14.185 I/appium  (10226): AppiumResponse: {"sessionId":"3b8c72a3-7a5f-4eee-8121-946476795ec0","value":{"ELEMENT":"57a967a2-1650-47f1-8205-3f3a881b40a2","element-6066-11e4-a52e-4f735466cecf":"57a967a2-1650-47f1-8205-3f3a881b40a2"}}
09-01 14:33:14.185 I/BluetoothUtils( 8588): packagename is android.uid.bluetooth:1002 ,and its permission is false
09-01 14:33:14.185 D/BluetoothUtils( 8588): blockedByLocationOff callingUid=1002
09-01 14:33:14.185 I/BluetoothUtils( 8588): packagename is android.uid.bluetooth:1002 ,and its permission is false
09-01 14:33:14.187 V/bt_stack( 8588): [VERBOSE1:btm_ble_gap.cc(1923)] btm_ble_process_ext_adv_pkt: bda=45:55:7e:66:6f:d0
09-01 14:33:14.187 V/bt_stack( 8588): [VERBOSE1:btm_ble_gap.cc(1847)] btm_ble_process_adv_addr: bda=45:55:7e:66:6f:d0
09-01 14:33:14.187 V/bt_stack( 8588): [VERBOSE1:btm_ble_gap.cc(2052)]  Waiting for scan response 45:55:7e:66:6f:d0
09-01 14:33:14.188 V/bt_stack( 8588): [VERBOSE1:btm_ble_gap.cc(1923)] btm_ble_process_ext_adv_pkt: bda=45:55:7e:66:6f:d0
09-01 14:33:14.188 V/bt_stack( 8588): [VERBOSE1:btm_ble_gap.cc(1847)] btm_ble_process_adv_addr: bda=45:55:7e:66:6f:d0
09-01 14:33:14.188 D/BluetoothUtils( 8588): blockedByLocationOff callingUid=1002
09-01 14:33:14.189 I/BluetoothUtils( 8588): packagename is android.uid.bluetooth:1002 ,and its permission is false
09-01 14:33:14.189 D/BluetoothUtils( 8588): blockedByLocationOff callingUid=1002
09-01 14:33:14.190 I/BluetoothUtils( 8588): packagename is android.uid.bluetooth:1002 ,and its permission is false
09-01 14:33:14.190 D/BluetoothUtils( 8588): blockedByLocationOff callingUid=1002
09-01 14:33:14.190 I/BluetoothUtils( 8588): packagename is android.uid.bluetooth:1002 ,and its permission is false
09-01 14:33:14.200 I/appium  (10226): channel read invoked!
09-01 14:33:14.200 I/appium  (10226): channel read: POST /wd/hub/session/3b8c72a3-7a5f-4eee-8121-946476795ec0/element/57a967a2-1650-47f1-8205-3f3a881b40a2/click
09-01 14:33:14.201 I/appium  (10226): Click element command
09-01 14:33:14.201 V/bt_stack( 8588): [VERBOSE1:btm_ble_gap.cc(1923)] btm_ble_process_ext_adv_pkt: bda=44:73:b6:51:63:17
09-01 14:33:14.201 V/bt_stack( 8588): [VERBOSE1:btm_ble_gap.cc(1847)] btm_ble_process_adv_addr: bda=44:73:b6:51:63:17
09-01 14:33:14.201 V/bt_stack( 8588): [VERBOSE1:btm_ble_gap.cc(2052)]  Waiting for scan response 44:73:b6:51:63:17
09-01 14:33:14.201 V/bt_stack( 8588): [VERBOSE1:btm_ble_gap.cc(1923)] btm_ble_process_ext_adv_pkt: bda=19:30:6d:c4:b5:5b
09-01 14:33:14.201 V/bt_stack( 8588): [VERBOSE1:btm_ble_gap.cc(1847)] btm_ble_process_adv_addr: bda=19:30:6d:c4:b5:5b
09-01 14:33:14.202 D/BluetoothUtils( 8588): blockedByLocationOff callingUid=1002
09-01 14:33:14.203 I/BluetoothUtils( 8588): packagename is android.uid.bluetooth:1002 ,and its permission is false
09-01 14:33:14.203 D/BluetoothUtils( 8588): blockedByLocationOff callingUid=1002
09-01 14:33:14.203 I/BluetoothUtils( 8588): packagename is android.uid.bluetooth:1002 ,and its permission is false
09-01 14:33:14.204 D/BluetoothUtils( 8588): blockedByLocationOff callingUid=1002
09-01 14:33:14.204 V/bt_stack( 8588): [VERBOSE1:btm_ble_gap.cc(1923)] btm_ble_process_ext_adv_pkt: bda=17:7e:29:ab:4e:d0
09-01 14:33:14.204 V/bt_stack( 8588): [VERBOSE1:btm_ble_gap.cc(1847)] btm_ble_process_adv_addr: bda=17:7e:29:ab:4e:d0
09-01 14:33:14.204 I/BluetoothUtils( 8588): packagename is android.uid.bluetooth:1002 ,and its permission is false
09-01 14:33:14.205 D/BluetoothUtils( 8588): blockedByLocationOff callingUid=1002
09-01 14:33:14.205 I/BluetoothUtils( 8588): packagename is android.uid.bluetooth:1002 ,and its permission is false
09-01 14:33:14.205 D/BluetoothUtils( 8588): blockedByLocationOff callingUid=1002
09-01 14:33:14.205 I/BluetoothUtils( 8588): packagename is android.uid.bluetooth:1002 ,and its permission is false
09-01 14:33:14.205 D/BluetoothUtils( 8588): blockedByLocationOff callingUid=1002
09-01 14:33:14.206 I/BluetoothUtils( 8588): packagename is android.uid.bluetooth:1002 ,and its permission is false
09-01 14:33:14.206 V/bt_stack( 8588): [VERBOSE1:btm_ble_gap.cc(1923)] btm_ble_process_ext_adv_pkt: bda=2c:e0:b3:78:83:e3
09-01 14:33:14.207 V/bt_stack( 8588): [VERBOSE1:btm_ble_gap.cc(1847)] btm_ble_process_adv_addr: bda=2c:e0:b3:78:83:e3
09-01 14:33:14.207 D/BluetoothUtils( 8588): blockedByLocationOff callingUid=1002
09-01 14:33:14.208 I/BluetoothUtils( 8588): packagename is android.uid.bluetooth:1002 ,and its permission is false
09-01 14:33:14.208 D/BluetoothUtils( 8588): blockedByLocationOff callingUid=1002
09-01 14:33:14.208 I/BluetoothUtils( 8588): packagename is android.uid.bluetooth:1002 ,and its permission is false
09-01 14:33:14.209 D/BluetoothUtils( 8588): blockedByLocationOff callingUid=1002
09-01 14:33:14.209 I/BluetoothUtils( 8588): packagename is android.uid.bluetooth:1002 ,and its permission is false
09-01 14:33:14.213 D/BluetoothAdapter(10274): stopLeScan()
09-01 14:33:14.214 D/BluetoothAdapter(10274): isLeEnabled(): ON
09-01 14:33:14.214 D/BtGatt.GattService( 8588): stopScan() - queue size =3
09-01 14:33:14.215 I/BtGatt.ScanManager( 8588): msg.what = 1
09-01 14:33:14.215 D/BtGatt.GattService( 8588): unregisterScanner() - scannerId=18
09-01 14:33:14.215 V/bt_stack( 8588): [VERBOSE1:btm_ble_gap.cc(1923)] btm_ble_process_ext_adv_pkt: bda=44:ca:73:cc:df:42
09-01 14:33:14.215 V/bt_stack( 8588): [VERBOSE1:btm_ble_gap.cc(1847)] btm_ble_process_adv_addr: bda=44:ca:73:cc:df:42
09-01 14:33:14.215 V/bt_stack( 8588): [VERBOSE1:btm_ble_gap.cc(2052)]  Waiting for scan response 44:ca:73:cc:df:42
09-01 14:33:14.215 I/vendor.qti.bluetooth@1.0-ibs_handler(19843): DeviceWakeUp: Writing IBS_WAKE_IND
09-01 14:33:14.215 V/bt_stack( 8588): [VERBOSE1:gatt_api.cc(1000)] GATT_Deregister gatt_if=18
09-01 14:33:14.215 V/bt_stack( 8588): [VERBOSE1:gatt_main.cc(1079)] gatt_get_ch_state: ch_state=4
09-01 14:33:14.215 V/bt_stack( 8588): [VERBOSE1:gatt_main.cc(307)] gatt_is_app_holding_linkgatt_if= 18not found;
09-01 14:33:14.216 V/bt_stack( 8588): [VERBOSE1:gatt_main.cc(359)] gatt_update_app_use_link_flag: is_add=0 chk_link=1
09-01 14:33:14.216 V/bt_stack( 8588): [VERBOSE1:gatt_main.cc(325)] gatt_update_app_hold_link_status
09-01 14:33:14.216 V/bt_stack( 8588): [VERBOSE1:gatt_main.cc(338)] attempt to remove nonexisting gatt_if=18
09-01 14:33:14.216 V/bt_stack( 8588): [VERBOSE1:connection_manager.cc(161)] on_app_deregistered : app_id 0x12
09-01 14:33:14.216 V/bt_stack( 8588): [VERBOSE1:btm_ble_gap.cc(1923)] btm_ble_process_ext_adv_pkt: bda=38:f9:d3:45:87:1e
09-01 14:33:14.216 V/bt_stack( 8588): [VERBOSE1:btm_ble_gap.cc(1847)] btm_ble_process_adv_addr: bda=38:f9:d3:45:87:1e
09-01 14:33:14.216 I/vendor.qti.bluetooth@1.0-ibs_handler(19843): ProcessIbsCmd: Received IBS_WAKE_ACK: 0xFC
09-01 14:33:14.216 V/bt_stack( 8588): [VERBOSE1:btm_ble_gap.cc(2052)]  Waiting for scan response 38:f9:d3:45:87:1e
09-01 14:33:14.216 V/bt_stack( 8588): [VERBOSE1:btm_ble_gap.cc(1923)] btm_ble_process_ext_adv_pkt: bda=38:f9:d3:45:87:1e
09-01 14:33:14.216 V/bt_stack( 8588): [VERBOSE1:btm_ble_gap.cc(1847)] btm_ble_process_adv_addr: bda=38:f9:d3:45:87:1e
09-01 14:33:14.216 D/PowerKeeperPolicy( 1639): stopLeScan: BleScanWrapper[mClientIf = 18 mPendingIntent=null] uid=10241BleScanWrapper[mClientIf = 18 mPendingIntent=null]
09-01 14:33:14.217 D/BluetoothAdapter(10274): startLeScan(): null
09-01 14:33:14.217 D/BluetoothUtils( 8588): blockedByLocationOff callingUid=1002
09-01 14:33:14.218 I/BluetoothUtils( 8588): packagename is android.uid.bluetooth:1002 ,and its permission is false
09-01 14:33:14.218 D/BluetoothUtils( 8588): blockedByLocationOff callingUid=1002
09-01 14:33:14.218 D/BluetoothAdapter(10274): isLeEnabled(): ON
09-01 14:33:14.218 I/BluetoothUtils( 8588): packagename is android.uid.bluetooth:1002 ,and its permission is false
09-01 14:33:14.218 D/BtGatt.GattService( 8588): onScanFilterParamsConfigured() - clientIf=18, status=0, action=1, availableSpace=11
09-01 14:33:14.218 D/BtGatt.ScanManager( 8588): callback done for scannerId - 18 status - 0
09-01 14:33:14.219 D/BtGatt.ScanManager( 8588): configureRegularScanParams() - queue=2
09-01 14:33:14.219 D/BtGatt.ScanManager( 8588): configureRegularScanParams() - ScanSetting LE 1M Scan mode=0ScanSetting LE Coded Scan mode=0 mLastConfiguredScanSettingLE1M=2 mLastConfiguredScanSettingLECoded=2scanPhy=255
09-01 14:33:14.219 D/BtGatt.GattService( 8588): registerScanner() - UUID=167e3dd9-d26f-4e7d-8123-5970d6340e9d
09-01 14:33:14.219 E/BtGatt.GattService( 8588): App 'com.xiaomi.hm.health' is scanning too frequently
09-01 14:33:14.219 D/BluetoothLeScanner(10274): onScannerRegistered() - status=6 scannerId=-1 mScannerId=0
09-01 14:33:14.219 D/BtGatt.ScanManager( 8588): configureRegularScanParams - scanInterval LE 1M = 1500configureRegularScanParams - scanWindow LE 1M= 150configureRegularScanParams - scanInterval LE Coded= 1500configureRegularScanParams - scanWindow LE Coded= 150
09-01 14:33:14.220 D/BtGatt.GattService( 8588): onScanParamSetupCompleted : 0
09-01 14:33:14.228 I/appium  (10226): Waiting up to 10000ms for device to be idle
09-01 14:33:14.266 I/vendor.qti.bluetooth@1.0-ibs_handler(19843): ProcessIbsCmd: Received IBS_SLEEP_IND: 0xFE
09-01 14:33:14.838 I/MiuiNetworkPolicy( 1639): bandwidth: 0 KB/s, Max bandwidth: 3727 KB/s
09-01 14:33:14.844 D/NetworkController.MobileSignalController(1)(29730): 4G level = 5
09-01 14:33:15.075 I/appium  (10226): AppiumResponse: {"sessionId":"3b8c72a3-7a5f-4eee-8121-946476795ec0","value":null}
09-01 14:33:15.106 I/appium  (10226): channel read invoked!
09-01 14:33:15.107 I/appium  (10226): channel read: POST /wd/hub/session/3b8c72a3-7a5f-4eee-8121-946476795ec0/element
09-01 14:33:15.109 I/appium  (10226): Find element command using 'id' with selector 'slp_score_desc'.
09-01 14:33:15.110 I/appium  (10226): Waiting up to 10000ms for device to be idle
09-01 14:33:15.145 I/appium  (10226): AppiumResponse: {"sessionId":"3b8c72a3-7a5f-4eee-8121-946476795ec0","value":{"ELEMENT":"60f3eabc-f445-4233-9cf1-6ea36bc109eb","element-6066-11e4-a52e-4f735466cecf":"60f3eabc-f445-4233-9cf1-6ea36bc109eb"}}
09-01 14:33:15.164 I/appium  (10226): channel read invoked!
09-01 14:33:15.164 I/appium  (10226): channel read: GET /wd/hub/session/3b8c72a3-7a5f-4eee-8121-946476795ec0/element/60f3eabc-f445-4233-9cf1-6ea36bc109eb/attribute/text
09-01 14:33:15.165 I/appium  (10226): get attribute of element command
09-01 14:33:15.175 I/appium  (10226): AppiumResponse: {"sessionId":"3b8c72a3-7a5f-4eee-8121-946476795ec0","value":""}
09-01 14:33:15.206 I/appium  (10226): channel read invoked!
09-01 14:33:15.207 I/appium  (10226): channel read: POST /wd/hub/session/3b8c72a3-7a5f-4eee-8121-946476795ec0/element
09-01 14:33:15.209 I/appium  (10226): Find element command using 'id' with selector 'edit'.
09-01 14:33:15.209 I/appium  (10226): Waiting up to 10000ms for device to be idle
09-01 14:33:15.226 I/vendor.qti.bluetooth@1.0-ibs_handler(19843): DeviceSleep: TX Awake, Sending SLEEP_IND
09-01 14:33:15.226 D/vendor.qti.bluetooth@1.0-ibs_handler(19843): SerialClockVote: vote for UART CLK OFF
09-01 14:33:15.275 I/appium  (10226): AppiumResponse: {"sessionId":"3b8c72a3-7a5f-4eee-8121-946476795ec0","value":{"ELEMENT":"352661a9-3d27-4f08-9191-6d21bdf5da03","element-6066-11e4-a52e-4f735466cecf":"352661a9-3d27-4f08-9191-6d21bdf5da03"}}
09-01 14:33:15.302 I/appium  (10226): channel read invoked!
09-01 14:33:15.302 I/appium  (10226): channel read: GET /wd/hub/session/3b8c72a3-7a5f-4eee-8121-946476795ec0/screenshot
09-01 14:33:15.304 I/appium  (10226): Capture screenshot command
09-01 14:33:15.376 D/vendor.qti.bluetooth@1.0-wake_lock(19843): Release wakelock is released 
09-01 14:33:15.450 I/hwservicemanager(  573): getTransport: Cannot find entry android.hardware.graphics.mapper@3.0::IMapper/default in either framework or device manifest.
09-01 14:33:15.452 W/Gralloc3(10592): mapper 3.x is not supported
09-01 14:33:15.463 W/AdrenoUtils(10592): <ReadGpuID_from_sysfs:194>: Failed to open /sys/class/kgsl/kgsl-3d0/gpu_model
09-01 14:33:15.460 W/screencap(10592): type=1400 audit(0.0:63936): avc: denied { search } for name="kgsl" dev="sysfs" ino=55624 scontext=u:r:shell:s0 tcontext=u:object_r:sysfs_kgsl:s0 tclass=dir permissive=0
09-01 14:33:15.464 W/AdrenoUtils(10592): <ReadGpuID:218>: Failed to read chip ID from gpu_model. Fallback to use the GSL path
09-01 14:33:15.521 D/OemNetd (  679): setLimit: disable, rate=0
09-01 14:33:15.745 I/appium  (10226): AppiumResponse: {"sessionId":"3b8c72a3-7a5f-4eee-8121-946476795ec0","value":"iVBORw0KGgoAAAANSUhEUgAABDgAAAkkCAYAAAD508+vAAAAAXNSR0IArs4c6QAAAARzQklUCAgI\nCHwIZIgAACAASURBVHic7N13fBv1\/T\/w1522ZQ1bXnH23pskJBBGBhmQMMKmjEJbWqDfL1Bavi3f\ntr9vd7\/dtMyWL9CWvTJYIYwESALZCdmDkO1ty7Ily5Lufn+cTtJZki1b8pDzej4eEPukO9156e51\...
09-01 14:33:15.941 I/appium  (10226): channel read invoked!
09-01 14:33:15.942 I/appium  (10226): channel read: POST /wd/hub/session/3b8c72a3-7a5f-4eee-8121-946476795ec0/element
09-01 14:33:15.944 I/appium  (10226): Find element command using 'id' with selector 'common_title_right_image'.
09-01 14:33:15.945 I/appium  (10226): Waiting up to 10000ms for device to be idle
09-01 14:33:15.966 I/appium  (10226): AppiumResponse: {"sessionId":"3b8c72a3-7a5f-4eee-8121-946476795ec0","value":{"ELEMENT":"2ab2ff2a-018a-45fb-9aa5-b0ce4c4379be","element-6066-11e4-a52e-4f735466cecf":"2ab2ff2a-018a-45fb-9aa5-b0ce4c4379be"}}
09-01 14:33:15.985 I/appium  (10226): channel read invoked!
09-01 14:33:15.986 I/appium  (10226): channel read: GET /wd/hub/session/3b8c72a3-7a5f-4eee-8121-946476795ec0/element/2ab2ff2a-018a-45fb-9aa5-b0ce4c4379be/attribute/text
09-01 14:33:15.987 I/appium  (10226): get attribute of element command
09-01 14:33:15.996 I/appium  (10226): AppiumResponse: {"sessionId":"3b8c72a3-7a5f-4eee-8121-946476795ec0","value":""}
09-01 14:33:16.044 I/appium  (10226): channel read invoked!
09-01 14:33:16.045 I/appium  (10226): channel read: POST /wd/hub/session/3b8c72a3-7a5f-4eee-8121-946476795ec0/element
09-01 14:33:16.047 I/appium  (10226): Find element command using 'xpath' with selector '//*[contains(@text, "")]'.
09-01 14:33:16.047 I/appium  (10226): Waiting up to 10000ms for device to be idle
09-01 14:33:16.365 I/appium  (10226): AppiumResponse: {"sessionId":"3b8c72a3-7a5f-4eee-8121-946476795ec0","value":{"ELEMENT":"3c1aef42-b945-4eb3-a6c4-82f2eeb01ba1","element-6066-11e4-a52e-4f735466cecf":"3c1aef42-b945-4eb3-a6c4-82f2eeb01ba1"}}
09-01 14:33:16.371 D/StackScroller(29730): applyCurrentState
09-01 14:33:16.384 I/appium  (10226): channel read invoked!
09-01 14:33:16.384 I/appium  (10226): channel read: POST /wd/hub/session/3b8c72a3-7a5f-4eee-8121-946476795ec0/element/3c1aef42-b945-4eb3-a6c4-82f2eeb01ba1/click
09-01 14:33:16.385 I/appium  (10226): Click element command
09-01 14:33:16.419 I/appium  (10226): Waiting up to 10000ms for device to be idle
09-01 14:33:16.420 I/appium  (10226): AppiumResponse: {"sessionId":"3b8c72a3-7a5f-4eee-8121-946476795ec0","value":null}
09-01 14:33:16.445 D/[Koin]  (10274): !- ViewModelProvider getting instance
09-01 14:33:16.447 D/[Koin]  (10274): +- get 'com.xiaomi.hm.health.healthdata.viewmodel.StatisticsMonthAndWeekViewModel'
09-01 14:33:16.448 D/[Koin]  (10274): | create instance for [type:Factory,primary_type:'com.xiaomi.hm.health.healthdata.viewmodel.StatisticsMonthAndWeekViewModel']
09-01 14:33:16.448 D/[Koin]  (10274): !- create scope - id:health_data q:health_data
09-01 14:33:16.448 D/[Koin]  (10274): bind type:'com.xiaomi.hm.health.healthdata.api.NapSleepWebApi' ~ [type:Scoped,scope:'health_data', primary_type:'com.xiaomi.hm.health.healthdata.api.NapSleepWebApi']
09-01 14:33:16.448 D/[Koin]  (10274): bind type:'com.xiaomi.hm.health.healthdata.repository.NapSleepStatisticsRepo' ~ [type:Factory,scope:'health_data', primary_type:'com.xiaomi.hm.health.healthdata.repository.NapSleepStatisticsRepo']
09-01 14:33:16.448 D/[Koin]  (10274): bind type:'com.xiaomi.hm.health.healthdata.repository.NapSleepRepo' ~ [type:Factory,scope:'health_data', primary_type:'com.xiaomi.hm.health.healthdata.repository.NapSleepRepo']
09-01 14:33:16.448 D/[Koin]  (10274): bind type:'com.xiaomi.hm.health.healthdata.repository.NapAndSleepStatisticsRepo' ~ [type:Factory,scope:'health_data', primary_type:'com.xiaomi.hm.health.healthdata.repository.NapAndSleepStatisticsRepo']
09-01 14:33:16.448 D/[Koin]  (10274): bind type:'com.xiaomi.hm.health.healthdata.helper.AppExecutors' ~ [type:Factory,scope:'health_data', primary_type:'com.xiaomi.hm.health.healthdata.helper.AppExecutors']
09-01 14:33:16.448 D/[Koin]  (10274): bind type:'com.xiaomi.hm.health.healthdata.db.NapSleepDataDb' ~ [type:Factory,scope:'health_data', primary_type:'com.xiaomi.hm.health.healthdata.db.NapSleepDataDb']
09-01 14:33:16.448 D/[Koin]  (10274): +- get 'com.xiaomi.hm.health.healthdata.repository.NapAndSleepStatisticsRepo'
09-01 14:33:16.448 D/[Koin]  (10274): | create instance for [type:Factory,scope:'health_data', primary_type:'com.xiaomi.hm.health.healthdata.repository.NapAndSleepStatisticsRepo']
09-01 14:33:16.448 D/[Koin]  (10274): +- get 'com.xiaomi.hm.health.healthdata.helper.AppExecutors'
09-01 14:33:16.448 D/[Koin]  (10274): | create instance for [type:Factory,scope:'health_data', primary_type:'com.xiaomi.hm.health.healthdata.helper.AppExecutors']
09-01 14:33:16.449 D/[Koin]  (10274): +- got 'com.xiaomi.hm.health.healthdata.helper.AppExecutors' in 0.580417 ms
09-01 14:33:16.449 D/[Koin]  (10274): +- get 'com.xiaomi.hm.health.healthdata.db.NapSleepDataDb'
09-01 14:33:16.449 D/[Koin]  (10274): | create instance for [type:Factory,scope:'health_data', primary_type:'com.xiaomi.hm.health.healthdata.db.NapSleepDataDb']
09-01 14:33:16.449 D/[Koin]  (10274): +- get 'android.content.Context'
09-01 14:33:16.449 D/[Koin]  (10274): +- got 'android.content.Context' in 0.026146 ms
09-01 14:33:16.451 D/[Koin]  (10274): +- got 'com.xiaomi.hm.health.healthdata.db.NapSleepDataDb' in 1.566302 ms
09-01 14:33:16.451 D/[Koin]  (10274): +- get 'com.xiaomi.hm.health.healthdata.api.NapSleepWebApi'
09-01 14:33:16.451 D/[Koin]  (10274): | create instance for [type:Scoped,scope:'health_data', primary_type:'com.xiaomi.hm.health.healthdata.api.NapSleepWebApi']
09-01 14:33:16.451 D/[Koin]  (10274): +- got 'com.xiaomi.hm.health.healthdata.api.NapSleepWebApi' in 0.691302 ms
09-01 14:33:16.452 D/[Koin]  (10274): +- got 'com.xiaomi.hm.health.healthdata.repository.NapAndSleepStatisticsRepo' in 4.082708 ms
09-01 14:33:16.453 D/[Koin]  (10274): +- got 'com.xiaomi.hm.health.healthdata.viewmodel.StatisticsMonthAndWeekViewModel' in 5.658593 ms
09-01 14:33:16.453 D/[Koin]  (10274): !- ViewModelProvider got instance in 8.251875
09-01 14:33:16.456 I/appium  (10226): channel read invoked!
09-01 14:33:16.456 I/appium  (10226): channel read: POST /wd/hub/session/3b8c72a3-7a5f-4eee-8121-946476795ec0/element
09-01 14:33:16.458 I/appium  (10226): Find element command using 'xpath' with selector '//*[@resource-id='com.xiaomi.hm.health:id/container']/android.widget.FrameLayout/android.widget.LinearLayout/android.widget.TextView'.
09-01 14:33:16.458 I/appium  (10226): Waiting up to 10000ms for device to be idle
09-01 14:33:16.466 D/[Koin]  (10274): !- ViewModelProvider getting instance
09-01 14:33:16.467 D/[Koin]  (10274): +- get 'com.xiaomi.hm.health.healthdata.viewmodel.StatisticsMonthAndWeekViewModel'
09-01 14:33:16.467 D/[Koin]  (10274): | create instance for [type:Factory,primary_type:'com.xiaomi.hm.health.healthdata.viewmodel.StatisticsMonthAndWeekViewModel']
