--------- beginning of main
09-01 14:41:47.019 I/hwservicemanager(  573): getTransport: Cannot find entry vendor.qti.hardware.servicetracker@1.0::IServicetracker/default in either framework or device manifest.
09-01 14:41:47.023 I/hwservicemanager(  573): getTransport: Cannot find entry vendor.qti.hardware.servicetracker@1.0::IServicetracker/default in either framework or device manifest.
09-01 14:41:47.106 D/vendor.qti.bluetooth@1.0-wake_lock(19843): Release wakelock is released 
09-01 14:41:47.701 D/StackScroller(29730): applyCurrentState
09-01 14:41:48.388 I/MiuiNetworkPolicy( 1639): bandwidth: 0 KB/s, Max bandwidth: 3727 KB/s
09-01 14:41:48.420 I/appium  (13362): channel read invoked!
09-01 14:41:48.421 I/appium  (13362): channel read: POST /wd/hub/session/2b2ac1eb-0e76-40e7-a1ac-672d2e35aa7a/element
09-01 14:41:48.423 I/appium  (13362): Find element command using 'id' with selector 'sport_energy_week'.
09-01 14:41:48.424 I/appium  (13362): Waiting up to 10000ms for device to be idle
09-01 14:41:48.463 I/appium  (13362): AppiumResponse: {"sessionId":"2b2ac1eb-0e76-40e7-a1ac-672d2e35aa7a","value":{"ELEMENT":"e67f02f3-0525-49e9-83fd-21977bc974a6","element-6066-11e4-a52e-4f735466cecf":"e67f02f3-0525-49e9-83fd-21977bc974a6"}}
09-01 14:41:48.491 I/appium  (13362): channel read invoked!
09-01 14:41:48.492 I/appium  (13362): channel read: POST /wd/hub/session/2b2ac1eb-0e76-40e7-a1ac-672d2e35aa7a/element/e67f02f3-0525-49e9-83fd-21977bc974a6/click
09-01 14:41:48.494 I/appium  (13362): Click element command
09-01 14:41:48.534 I/appium  (13362): Waiting up to 10000ms for device to be idle
09-01 14:41:48.536 I/appium  (13362): AppiumResponse: {"sessionId":"2b2ac1eb-0e76-40e7-a1ac-672d2e35aa7a","value":null}
09-01 14:41:48.556 I/appium  (13362): channel read invoked!
09-01 14:41:48.557 I/appium  (13362): channel read: POST /wd/hub/session/2b2ac1eb-0e76-40e7-a1ac-672d2e35aa7a/element
09-01 14:41:48.558 I/appium  (13362): Find element command using 'id' with selector 'sport_energy_desc'.
09-01 14:41:48.558 I/appium  (13362): Waiting up to 10000ms for device to be idle
09-01 14:41:48.580 I/System.out(13415): EventDateDataAnalysisJobFinished : 2014-12-22; stage count = null
09-01 14:41:48.588 I/System.out(13415): 1419177600000 - local data size : 0
09-01 14:41:48.589 I/System.out(13415): 1419177600000 - local data size : 0
09-01 14:41:48.593 I/System.out(13415): 1419177600000 - local data size : 0
09-01 14:41:48.595 I/System.out(13415): 1419177600000 - local data size : 0
09-01 14:41:48.600 I/System.out(13415): 1419177600000 - local data size : 0
09-01 14:41:48.603 I/System.out(13415): 1419177600000 - local data size : 0
09-01 14:41:48.608 W/AsyncHttpResponse(13415): Current thread has not called Looper.prepare().Forcing synchronous mode
09-01 14:41:48.610 I/System.out(13415): 1419177600000 - local data size : 0
09-01 14:41:48.611 I/System.out(13415): 1419177600000 - local data size : 0
09-01 14:41:48.629 I/System.out(13415): 1419782400000 - local data size : 0
09-01 14:41:48.634 I/System.out(13415): 1419782400000 - local data size : 0
09-01 14:41:48.636 I/System.out(13415): EventDateDataAnalysisJobFinished : 2014-12-29; stage count = null
09-01 14:41:48.638 I/System.out(13415): 1419782400000 - local data size : 0
09-01 14:41:48.639 I/System.out(13415): 1419782400000 - local data size : 0
09-01 14:41:48.640 W/AsyncHttpResponse(13415): Current thread has not called Looper.prepare().Forcing synchronous mode
09-01 14:41:48.644 I/System.out(13415): 1419782400000 - local data size : 0
09-01 14:41:48.648 I/System.out(13415): 1419782400000 - local data size : 0
09-01 14:41:48.652 I/System.out(13415): 1419782400000 - local data size : 0
09-01 14:41:48.652 I/System.out(13415): 1419782400000 - local data size : 0
09-01 14:41:48.658 I/System.out(13415): EventDateDataAnalysisJobFinished : 2014-12-29; stage count = null
09-01 14:41:48.664 I/System.out(13415): 1419782400000 - local data size : 0
09-01 14:41:48.669 V/AsyncHttpResponse(13415): Progress 62 from 62 (100%)
09-01 14:41:48.670 I/System.out(13415): 1419782400000 - local data size : 0
09-01 14:41:48.673 I/System.out(13415): 1419782400000 - local data size : 0
09-01 14:41:48.675 I/System.out(13415): 1598803200000 - local data size : 0
09-01 14:41:48.675 I/System.out(13415): 1419782400000 - local data size : 0
09-01 14:41:48.679 I/System.out(13415): 1598803200000 - local data size : 0
09-01 14:41:48.681 D/DeviceCenter(13415): user data:UserData{uid='1092412362', age=27, isMetric=true, weight=75.7, height=242, gender=0, avatarUrl='', avatarPath='', name='username3', isChinaUser=true, buyMifiProUrl='https://api-mifit-cn2.huami.com/apps/redirectPages?lang=zh_CN&userId=1092412362&channel=Normal&redirectType=buy&appplatform=android_phone&cv=113651_4.6.0'}
09-01 14:41:48.685 I/System.out(13415): 1598803200000 - local data size : 0
09-01 14:41:48.685 I/System.out(13415): 1598803200000 - local data size : 0
09-01 14:41:48.687 W/AsyncHttpResponse(13415): Current thread has not called Looper.prepare().Forcing synchronous mode
09-01 14:41:48.689 W/AsyncHttpResponse(13415): Current thread has not called Looper.prepare().Forcing synchronous mode
09-01 14:41:48.690 V/AsyncHttpResponse(13415): Progress 62 from 62 (100%)
09-01 14:41:48.719 I/System.out(13415): 1598198400000 - local data size : 0
09-01 14:41:48.723 I/System.out(13415): 1598198400000 - local data size : 0
09-01 14:41:48.726 D/DeviceCenter(13415): user data:UserData{uid='1092412362', age=27, isMetric=true, weight=75.7, height=242, gender=0, avatarUrl='', avatarPath='', name='username3', isChinaUser=true, buyMifiProUrl='https://api-mifit-cn2.huami.com/apps/redirectPages?lang=zh_CN&userId=1092412362&channel=Normal&redirectType=buy&appplatform=android_phone&cv=113651_4.6.0'}
09-01 14:41:48.730 V/AsyncHttpResponse(13415): Progress 3223 from 3223 (100%)
09-01 14:41:48.731 I/System.out(13415): 1598198400000 - local data size : 0
09-01 14:41:48.733 I/System.out(13415): 1598198400000 - local data size : 0
09-01 14:41:48.736 W/AsyncHttpResponse(13415): Current thread has not called Looper.prepare().Forcing synchronous mode
09-01 14:41:48.737 W/AsyncHttpResponse(13415): Current thread has not called Looper.prepare().Forcing synchronous mode
09-01 14:41:48.740 V/AsyncHttpResponse(13415): Progress 1421 from 1421 (100%)
09-01 14:41:48.784 V/AsyncHttpResponse(13415): Progress 3637 from 4914 (74%)
09-01 14:41:48.784 V/AsyncHttpResponse(13415): Progress 4914 from 4914 (100%)
09-01 14:41:48.793 V/AsyncHttpResponse(13415): Progress 1421 from 1421 (100%)
09-01 14:41:48.807 I/System.out(13415): EventDateDataAnalysisJobFinished : 2020-08-24; stage count = [this.time:0,this.steps:0,this.count:0,this.distance:0 ,this.cal: 0, this.time:1,this.steps:0,this.count:0,this.distance:0 ,this.cal: 0, this.time:2,this.steps:0,this.count:0,this.distance:0 ,this.cal: 0, this.time:3,this.steps:0,this.count:0,this.distance:0 ,this.cal: 0, this.time:4,this.steps:0,this.count:0,this.distance:0 ,this.cal: 0, this.time:5,this.steps:0,this.count:0,this.distance:0 ,this.cal: 0, this.time:6,this.steps:0,this.count:0,this.distance:0 ,this.cal: 0, this.time:7,this.steps:0,this.count:0,this.distance:0 ,this.cal: 0, this.time:8,this.steps:0,this.count:0,this.distance:0 ,this.cal: 0, this.time:9,this.steps:0,this.count:0,this.distance:0 ,this.cal: 0, this.time:10,this.steps:0,this.count:0,this.distance:0 ,this.cal: 0, this.time:11,this.steps:0,this.count:0,this.distance:0 ,this.cal: 0, this.time:12,this.steps:0,this.count:0,this.distance:0 ,this.cal: 0, this.time:13,this.steps:0,this.count:0,this.distance:0 ,this.cal: 0, this.time:14,this.steps:0,this.count:0,this.distance:0 ,this.cal: 0, this.time:15,this.steps:0,this.count:0,this.distance:0 ,this.cal: 0, this.time:16,this.steps:0,this.count:0,this.distance:0 ,this.cal: 0, this.time:17,this.steps:0,this.count:0,this.distance:0 ,this.cal: 0, this.time:18,this.steps:0,this.count:0,this.distance:0 ,this.cal: 0, this.time:19,this.steps:0,this.count:0,this.distance:0 ,this.cal: 0, this.time:20,this.steps:0,this.count:0,this.distance:0 ,this.cal: 0, this.time:21,this.steps:0,this.count:0,this.distance:0 ,this.cal: 0, this.time:22,this.steps:0,this.count:0,this.distance:0 ,this.cal: 0, this.time:23,this.steps:0,this.count:0,this.distance:0 ,this.cal: 0, this.time:24,this.steps:0,this.count:0,this.distance:0 ,this.cal: 0, this.time:25,this.steps:0,this.count:0,this.distance:0 ,this.cal: 0, this.time:26,this.steps:0,this.count:0,this.distance:0 ,this.cal: 0, this.time:27,this.steps:0,this.count:0,this.distance:0 ,this.cal: 0, this.time:28,this.steps:0,this.count:0,this.distance:0 ,this.cal: 0, this.time:29,this.steps:0,this.count:0,this.distance:0 ,this.cal: 0, this.time:30,this.steps:0,this.count:0,this.distance:0 ,this.cal: 0, this.time:31,this.steps:0,this.count:0,this.distance:0 ,this.cal: 0, this.time:32,this.steps:0,this.count:0,this.distance:0 ,this.cal: 0, this.time:33,this.steps:0,this.count:0,this.distance:0 ,this.cal: 0, this.time:34,this.steps:0,this.count:0,this.distance:0 ,this.cal: 0, this.time:35,this.steps:0,this.count:0,this.distance:0 ,this.cal: 0, this.time:36,this.steps:0,this.count:0,this.distance:0 ,this.cal: 0, this.time:37,this.steps:0,this.count:0,this.distance:0 ,this.cal: 0, this.time:38,this.steps:0,this.count:0,this.distance:0 ,this.cal: 0, this.time:39,this.steps:0,this.count:0,this.distance:0 ,this.cal: 0, this.time:40,this.steps:0,this.count:0,this.distance:0 ,this.cal: 0, this.time:41,this.steps:0,this.count:0,this.distance:0 ,this.cal: 0, this.time:42,this.steps:0,this.count:0,this.distance:0 ,this.cal: 0, this.time:43,this.steps:0,this.count:0,this.distance:0 ,this.cal: 0, this.time:44,this.steps:0,this.count:0,this.distance:0 ,this.cal: 0, this.time:45,this.steps:0,this.count:0,this.distance:0 ,this.cal: 0, this.time:46,this.steps:0,this.count:0,this.distance:0 ,this.cal: 0, this.time:47,this.steps:0,this.count:0,this.distance:0 ,this.cal: 0, this.time:48,this.steps:0,this.count:0,this.distance:0 ,this.cal: 0, this.time:49,this.steps:0,this.count:0,this.distance:0 ,this.cal: 0, this.time:50,this.steps:24,this.count:1,this.distance:22 ,this.cal: 1, this.time:51,this.steps:636,this.count:6,this.distance:632 ,this.cal: 29, this.time:52,this.steps:638,this.count:6,this.distance:636 ,this.cal: 30, this.time:53,this.steps:0,this.count:0,this.distance:0 ,this.cal: 0, this.time:54,this.steps:0,this.count:0,this.distance:0 ,this.cal: 0, this.time:55,this.steps:0,this.count:0,this.distance:0 ,this.cal: 0, this.time:56,this.steps:78,this.count:1,this.distance:71 ,this.cal: 3, this.time:57,this.steps:399,this.count:3,this.distance:4
09-01 14:41:48.812 I/System.out(13415): 1598198400000 - local data size : 0
09-01 14:41:48.819 I/System.out(13415): 1598198400000 - local data size : 0
09-01 14:41:48.823 I/System.out(13415): 1598198400000 - local data size : 0
09-01 14:41:48.823 I/System.out(13415): 1598198400000 - local data size : 0
09-01 14:41:48.831 I/System.out(13415): 1598803200000 - local data size : 0
09-01 14:41:48.841 I/System.out(13415): 1598803200000 - local data size : 0
09-01 14:41:48.842 I/System.out(13415): web onCompleted
09-01 14:41:48.854 I/System.out(13415): 1598803200000 - local data size : 0
09-01 14:41:48.856 I/System.out(13415): 1598803200000 - local data size : 0
09-01 14:41:48.898 I/System.out(13415): web onCompleted
09-01 14:41:48.964 I/appium  (13362): AppiumResponse: {"sessionId":"2b2ac1eb-0e76-40e7-a1ac-672d2e35aa7a","value":{"ELEMENT":"adb1010e-f90b-454f-adc3-fa1bbb16ce11","element-6066-11e4-a52e-4f735466cecf":"adb1010e-f90b-454f-adc3-fa1bbb16ce11"}}
09-01 14:41:48.974 I/iaomi.hm.healt(13415): Background concurrent copying GC freed 345904(19MB) AllocSpace objects, 207(6956KB) LOS objects, 47% free, 26MB/50MB, paused 128us total 100.498ms
09-01 14:41:48.988 I/appium  (13362): channel read invoked!
09-01 14:41:48.988 I/appium  (13362): channel read: GET /wd/hub/session/2b2ac1eb-0e76-40e7-a1ac-672d2e35aa7a/element/adb1010e-f90b-454f-adc3-fa1bbb16ce11/attribute/text
09-01 14:41:48.988 I/appium  (13362): get attribute of element command
09-01 14:41:49.331 W/AsyncHttpResponse(13415): Current thread has not called Looper.prepare().Forcing synchronous mode
09-01 14:41:49.340 D/[Koin]  (13415): +- get 'com.huami.stress.domain.O00000oO.O000000o.O000000o'
09-01 14:41:49.340 D/[Koin]  (13415): | create instance for [type:Factory,primary_type:'com.huami.stress.domain.O00000oO.O000000o.O000000o']
09-01 14:41:49.340 D/[Koin]  (13415): +- get 'com.huami.stress.domain.O00000o.O000000o'
09-01 14:41:49.340 D/[Koin]  (13415): | create instance for [type:Factory,primary_type:'com.huami.stress.domain.O00000o.O000000o']
09-01 14:41:49.340 D/[Koin]  (13415): +- got 'com.huami.stress.domain.O00000o.O000000o' in 0.03224 ms
09-01 14:41:49.340 D/[Koin]  (13415): +- got 'com.huami.stress.domain.O00000oO.O000000o.O000000o' in 0.118386 ms
09-01 14:41:49.380 V/AsyncHttpResponse(13415): Progress 12 from 12 (100%)
09-01 14:41:49.401 W/AsyncHttpResponse(13415): Current thread has not called Looper.prepare().Forcing synchronous mode
09-01 14:41:49.438 V/AsyncHttpResponse(13415): Progress 12 from 12 (100%)
09-01 14:41:49.508 I/appium  (13362): AppiumResponse: {"sessionId":"2b2ac1eb-0e76-40e7-a1ac-672d2e35aa7a","value":"2020年8月31日-2020年9月6日"}
09-01 14:41:49.525 I/appium  (13362): channel read invoked!
09-01 14:41:49.525 I/appium  (13362): channel read: GET /wd/hub/session/2b2ac1eb-0e76-40e7-a1ac-672d2e35aa7a/screenshot
09-01 14:41:49.526 I/appium  (13362): Capture screenshot command
09-01 14:41:49.687 I/hwservicemanager(  573): getTransport: Cannot find entry android.hardware.graphics.mapper@3.0::IMapper/default in either framework or device manifest.
09-01 14:41:49.688 W/Gralloc3(13773): mapper 3.x is not supported
09-01 14:41:49.701 W/AdrenoUtils(13773): <ReadGpuID_from_sysfs:194>: Failed to open /sys/class/kgsl/kgsl-3d0/gpu_model
09-01 14:41:49.690 W/screencap(13773): type=1400 audit(0.0:64135): avc: denied { search } for name="kgsl" dev="sysfs" ino=55624 scontext=u:r:shell:s0 tcontext=u:object_r:sysfs_kgsl:s0 tclass=dir permissive=0
09-01 14:41:49.701 W/AdrenoUtils(13773): <ReadGpuID:218>: Failed to read chip ID from gpu_model. Fallback to use the GSL path
09-01 14:41:49.969 I/appium  (13362): AppiumResponse: {"sessionId":"2b2ac1eb-0e76-40e7-a1ac-672d2e35aa7a","value":"iVBORw0KGgoAAAANSUhEUgAABDgAAAkkCAYAAAD508+vAAAAAXNSR0IArs4c6QAAAARzQklUCAgI\nCHwIZIgAACAASURBVHic7N13fFPl\/gfwz8lsm3Qn3S2UJUMFZTpwc1V+AoLKdCsq4gBFcTEc6HXj\ndYJbUFERRVFRUBQERXAgguxVuvfOPr8\/sk6apE2atCXl8369uE1OznPOc9prm\/PJ83wf4bdBOSKI\...
09-01 14:41:50.126 I/BtGatt.ScanManager( 8588): msg.what = 3
09-01 14:41:50.127 D/BtGatt.ScanManager( 8588): configureRegularScanParams() - queue=2
09-01 14:41:50.127 D/BtGatt.ScanManager( 8588): configureRegularScanParams() - ScanSetting LE 1M Scan mode=0ScanSetting LE Coded Scan mode=0 mLastConfiguredScanSettingLE1M=0 mLastConfiguredScanSettingLECoded=0scanPhy=255
09-01 14:41:50.131 D/BtGatt.ScanManager( 8588): configureRegularScanParams - scanInterval LE 1M = 1500configureRegularScanParams - scanWindow LE 1M= 150configureRegularScanParams - scanInterval LE Coded= 1500configureRegularScanParams - scanWindow LE Coded= 150
09-01 14:41:50.132 D/BtGatt.GattService( 8588): onScanParamSetupCompleted : 0
09-01 14:41:50.132 D/vendor.qti.bluetooth@1.0-ibs_handler(19843): SerialClockVote: vote for UART CLK ON
09-01 14:41:50.133 D/vendor.qti.bluetooth@1.0-wake_lock(19843): Acquire wakelock is acquired 
09-01 14:41:50.133 I/vendor.qti.bluetooth@1.0-ibs_handler(19843): DeviceWakeUp: Writing IBS_WAKE_IND
09-01 14:41:50.136 I/vendor.qti.bluetooth@1.0-ibs_handler(19843): ProcessIbsCmd: Received IBS_WAKE_ACK: 0xFC
09-01 14:41:50.138 I/vendor.qti.bluetooth@1.0-ibs_handler(19843): ProcessIbsCmd: Received IBS_WAKE_IND: 0xFD
09-01 14:41:50.138 I/vendor.qti.bluetooth@1.0-ibs_handler(19843): ProcessIbsCmd: Writing IBS_WAKE_ACK
09-01 14:41:50.180 I/vendor.qti.bluetooth@1.0-ibs_handler(19843): ProcessIbsCmd: Received IBS_SLEEP_IND: 0xFE
09-01 14:41:50.187 I/appium  (13362): channel read invoked!
09-01 14:41:50.187 I/appium  (13362): channel read: POST /wd/hub/session/2b2ac1eb-0e76-40e7-a1ac-672d2e35aa7a/element
09-01 14:41:50.189 I/appium  (13362): Find element command using 'id' with selector 'sport_list_energy'.
09-01 14:41:50.189 I/appium  (13362): Waiting up to 10000ms for device to be idle
09-01 14:41:50.225 I/appium  (13362): AppiumResponse: {"sessionId":"2b2ac1eb-0e76-40e7-a1ac-672d2e35aa7a","value":{"error":"no such element","message":"An element could not be located on the page using the given search parameters","stacktrace":"io.appium.uiautomator2.common.exceptions.ElementNotFoundException: An element could not be located on the ...
09-01 14:41:50.754 I/appium  (13362): channel read invoked!
09-01 14:41:50.754 I/appium  (13362): channel read: POST /wd/hub/session/2b2ac1eb-0e76-40e7-a1ac-672d2e35aa7a/element
09-01 14:41:50.756 I/appium  (13362): Find element command using 'id' with selector 'sport_list_energy'.
09-01 14:41:50.757 I/appium  (13362): Waiting up to 10000ms for device to be idle
09-01 14:41:50.798 I/appium  (13362): AppiumResponse: {"sessionId":"2b2ac1eb-0e76-40e7-a1ac-672d2e35aa7a","value":{"error":"no such element","message":"An element could not be located on the page using the given search parameters","stacktrace":"io.appium.uiautomator2.common.exceptions.ElementNotFoundException: An element could not be located on the ...
09-01 14:41:50.982 D/NtpTrustedTime( 1639): currentTimeMillis() cache hit
09-01 14:41:50.984 I/netd    (  679): trafficSwapActiveStatsMap() <0.68ms>
09-01 14:41:50.988 I/netd    (  679): tetherGetStats() <2.18ms>
09-01 14:41:50.996 D/NtpTrustedTime( 1639): currentTimeMillis() cache hit
09-01 14:41:51.000 I/TrafficManageService( 5237): mina mTrafficStatsReceiver onReceive
09-01 14:41:51.002 I/netd    (  679): bandwidthSetGlobalAlert(131072) <0.42ms>
09-01 14:41:51.140 I/vendor.qti.bluetooth@1.0-ibs_handler(19843): DeviceSleep: TX Awake, Sending SLEEP_IND
09-01 14:41:51.140 D/vendor.qti.bluetooth@1.0-ibs_handler(19843): SerialClockVote: vote for UART CLK OFF
09-01 14:41:51.301 D/vendor.qti.bluetooth@1.0-wake_lock(19843): Release wakelock is released 
09-01 14:41:51.352 I/appium  (13362): channel read invoked!
09-01 14:41:51.353 I/appium  (13362): channel read: POST /wd/hub/session/2b2ac1eb-0e76-40e7-a1ac-672d2e35aa7a/element
09-01 14:41:51.355 I/appium  (13362): Find element command using 'id' with selector 'sport_list_energy'.
09-01 14:41:51.356 I/appium  (13362): Waiting up to 10000ms for device to be idle
09-01 14:41:51.393 I/MiuiNetworkPolicy( 1639): bandwidth: 5 KB/s, Max bandwidth: 3727 KB/s
09-01 14:41:51.394 I/appium  (13362): AppiumResponse: {"sessionId":"2b2ac1eb-0e76-40e7-a1ac-672d2e35aa7a","value":{"error":"no such element","message":"An element could not be located on the page using the given search parameters","stacktrace":"io.appium.uiautomator2.common.exceptions.ElementNotFoundException: An element could not be located on the ...
09-01 14:41:51.947 D/BluetoothAdapter(13415): stopLeScan()
09-01 14:41:51.951 I/appium  (13362): channel read invoked!
09-01 14:41:51.952 I/appium  (13362): channel read: POST /wd/hub/session/2b2ac1eb-0e76-40e7-a1ac-672d2e35aa7a/element
09-01 14:41:51.952 D/BluetoothAdapter(13415): isLeEnabled(): ON
09-01 14:41:51.952 D/BluetoothLeScanner(13415): could not find callback wrapper
09-01 14:41:51.953 D/BluetoothAdapter(13415): startLeScan(): null
09-01 14:41:51.954 I/appium  (13362): Find element command using 'id' with selector 'sport_list_energy'.
09-01 14:41:51.954 I/appium  (13362): Waiting up to 10000ms for device to be idle
09-01 14:41:51.956 D/BluetoothAdapter(13415): isLeEnabled(): ON
09-01 14:41:51.957 D/BtGatt.GattService( 8588): registerScanner() - UUID=f83bdbae-ebe5-4b6a-b37c-cae8aff65745
09-01 14:41:51.958 V/bt_stack( 8588): [VERBOSE1:bta_gattc_act.cc(175)] bta_gattc_register: state:2
09-01 14:41:51.958 I/bt_stack( 8588): [INFO:gatt_api.cc(957)] GATT_Register 6b242a35-6fca-3f79-dca1-964d6d54b0ae
09-01 14:41:51.958 I/bt_stack( 8588): [INFO:gatt_api.cc(977)] allocated gatt_if=21
09-01 14:41:51.958 V/bt_stack( 8588): [VERBOSE1:gatt_api.cc(1087)] GATT_StartIf gatt_if=21
09-01 14:41:51.958 V/bt_stack( 8588): [VERBOSE1:gatt_utils.cc(254)] gatt_find_the_connected_bda start_idx=0
09-01 14:41:51.958 D/BtGatt.GattService( 8588): onScannerRegistered() - UUID=f83bdbae-ebe5-4b6a-b37c-cae8aff65745, scannerId=21, status=0
09-01 14:41:51.958 V/bt_stack( 8588): [VERBOSE1:gatt_utils.cc(262)]  bda :c3:d4:f4:e3:11:ec
09-01 14:41:51.958 V/bt_stack( 8588): [VERBOSE1:gatt_utils.cc(266)]  found=1 found_idx=0
09-01 14:41:51.958 V/bt_stack( 8588): [VERBOSE1:gatt_utils.cc(254)] gatt_find_the_connected_bda start_idx=1
09-01 14:41:51.958 V/bt_stack( 8588): [VERBOSE1:gatt_utils.cc(266)]  found=0 found_idx=10
09-01 14:41:51.958 V/bt_stack( 8588): [VERBOSE1:bta_gattc_main.cc(361)] bta_gattc_hdl_event: Event:BTA_GATTC_INT_CONN_EVT
09-01 14:41:51.959 V/bt_stack( 8588): [VERBOSE1:bta_gattc_main.cc(385)] Ignore unknown conn ID: 21
09-01 14:41:51.959 D/BluetoothLeScanner(13415): onScannerRegistered() - status=0 scannerId=21 mScannerId=0
09-01 14:41:51.960 D/PowerKeeperPolicy( 1639): isLeScanAllowed: uid = 10241, allow = true
09-01 14:41:51.961 D/BtGatt.GattService( 8588): start scan with filters. callingPackage: com.xiaomi.hm.health
09-01 14:41:51.964 D/BluetoothUtils( 8588): blockedByLocationOff callingUid=10241
09-01 14:41:51.964 I/BluetoothUtils( 8588): packagename is com.xiaomi.hm.health ,and its permission is false
09-01 14:41:51.967 I/BtGatt.ScanManager( 8588): msg.what = 0
09-01 14:41:51.967 D/BtGatt.ScanManager( 8588): handling starting scan
09-01 14:41:51.968 D/BtGatt.ScanManager( 8588): isAptXLowLatencyModeEnabled: false
09-01 14:41:51.968 D/PowerKeeperPolicy( 1639): startLeScan: BleScanWrapper[mClientIf = 21 mPendingIntent=null] uid=10241
09-01 14:41:51.968 D/PowerKeeperPolicy( 1639): uid = 10241 setAllowed, allowed = true
09-01 14:41:51.969 D/PowerKeeperPolicy( 1639): uid = 10241 setScanning, scanning = true
09-01 14:41:51.969 D/PowerKeeperPolicy( 1639): startLeScan, uid = 10241 is scanning
09-01 14:41:51.969 D/vendor.qti.bluetooth@1.0-ibs_handler(19843): SerialClockVote: vote for UART CLK ON
09-01 14:41:51.969 D/vendor.qti.bluetooth@1.0-wake_lock(19843): Acquire wakelock is acquired 
09-01 14:41:51.969 I/vendor.qti.bluetooth@1.0-ibs_handler(19843): DeviceWakeUp: Writing IBS_WAKE_IND
09-01 14:41:51.970 I/vendor.qti.bluetooth@1.0-ibs_handler(19843): ProcessIbsCmd: Received IBS_WAKE_ACK: 0xFC
09-01 14:41:51.971 I/vendor.qti.bluetooth@1.0-ibs_handler(19843): ProcessIbsCmd: Received IBS_WAKE_IND: 0xFD
09-01 14:41:51.971 I/vendor.qti.bluetooth@1.0-ibs_handler(19843): ProcessIbsCmd: Writing IBS_WAKE_ACK
09-01 14:41:51.973 D/BtGatt.GattService( 8588): onScanFilterEnableDisabled() - clientIf=21, status=0, action=1
09-01 14:41:51.973 D/BtGatt.ScanManager( 8588): callback done for scannerId - 21 status - 0
09-01 14:41:51.974 D/BtGatt.ScanManager( 8588): configureFilterParamter 500 10000 1 0, deliveryMode=0
09-01 14:41:51.975 D/BtGatt.GattService( 8588): onScanFilterParamsConfigured() - clientIf=21, status=0, action=0, availableSpace=10
09-01 14:41:51.975 D/BtGatt.ScanManager( 8588): callback done for scannerId - 21 status - 0
09-01 14:41:51.976 D/BtGatt.ScanManager( 8588): configureRegularScanParams() - queue=3
09-01 14:41:51.976 D/BtGatt.ScanManager( 8588): configureRegularScanParams() - ScanSetting LE 1M Scan mode=2ScanSetting LE Coded Scan mode=2 mLastConfiguredScanSettingLE1M=0 mLastConfiguredScanSettingLECoded=0scanPhy=255
09-01 14:41:51.976 D/BtGatt.ScanManager( 8588): configureRegularScanParams - scanInterval LE 1M = 4096configureRegularScanParams - scanWindow LE 1M= 4096configureRegularScanParams - scanInterval LE Coded= 4096configureRegularScanParams - scanWindow LE Coded= 4096
09-01 14:41:51.976 D/BtGatt.GattService( 8588): onScanParamSetupCompleted : 0
09-01 14:41:51.991 V/bt_stack( 8588): [VERBOSE1:btm_ble_gap.cc(1923)] btm_ble_process_ext_adv_pkt: bda=59:ea:73:03:7b:dc
09-01 14:41:51.992 V/bt_stack( 8588): [VERBOSE1:btm_ble_gap.cc(1847)] btm_ble_process_adv_addr: bda=59:ea:73:03:7b:dc
09-01 14:41:51.993 D/BluetoothUtils( 8588): blockedByLocationOff callingUid=1002
09-01 14:41:51.993 I/BluetoothUtils( 8588): packagename is android.uid.bluetooth:1002 ,and its permission is false
09-01 14:41:51.993 D/BluetoothUtils( 8588): blockedByLocationOff callingUid=1002
09-01 14:41:51.994 I/BluetoothUtils( 8588): packagename is android.uid.bluetooth:1002 ,and its permission is false
09-01 14:41:51.994 D/BluetoothUtils( 8588): blockedByLocationOff callingUid=1002
09-01 14:41:51.995 I/BluetoothUtils( 8588): packagename is android.uid.bluetooth:1002 ,and its permission is false
09-01 14:41:51.997 V/bt_stack( 8588): [VERBOSE1:btm_ble_gap.cc(1923)] btm_ble_process_ext_adv_pkt: bda=77:60:99:3a:74:d9
09-01 14:41:51.997 I/appium  (13362): AppiumResponse: {"sessionId":"2b2ac1eb-0e76-40e7-a1ac-672d2e35aa7a","value":{"error":"no such element","message":"An element could not be located on the page using the given search parameters","stacktrace":"io.appium.uiautomator2.common.exceptions.ElementNotFoundException: An element could not be located on the ...
09-01 14:41:51.998 V/bt_stack( 8588): [VERBOSE1:btm_ble_gap.cc(1847)] btm_ble_process_adv_addr: bda=77:60:99:3a:74:d9
09-01 14:41:51.998 V/bt_stack( 8588): [VERBOSE1:btm_ble_gap.cc(2052)]  Waiting for scan response 77:60:99:3a:74:d9
09-01 14:41:51.998 V/bt_stack( 8588): [VERBOSE1:btm_ble_gap.cc(1923)] btm_ble_process_ext_adv_pkt: bda=44:ca:73:cc:df:42
09-01 14:41:51.998 V/bt_stack( 8588): [VERBOSE1:btm_ble_gap.cc(1847)] btm_ble_process_adv_addr: bda=44:ca:73:cc:df:42
09-01 14:41:51.998 V/bt_stack( 8588): [VERBOSE1:btm_ble_gap.cc(2052)]  Waiting for scan response 44:ca:73:cc:df:42
09-01 14:41:51.998 V/bt_stack( 8588): [VERBOSE1:btm_ble_gap.cc(1923)] btm_ble_process_ext_adv_pkt: bda=44:ca:73:cc:df:42
09-01 14:41:51.998 V/bt_stack( 8588): [VERBOSE1:btm_ble_gap.cc(1847)] btm_ble_process_adv_addr: bda=44:ca:73:cc:df:42
09-01 14:41:52.000 D/BluetoothUtils( 8588): blockedByLocationOff callingUid=1002
09-01 14:41:52.000 I/BluetoothUtils( 8588): packagename is android.uid.bluetooth:1002 ,and its permission is false
09-01 14:41:52.001 D/BluetoothUtils( 8588): blockedByLocationOff callingUid=1002
09-01 14:41:52.001 I/BluetoothUtils( 8588): packagename is android.uid.bluetooth:1002 ,and its permission is false
09-01 14:41:52.001 D/BluetoothUtils( 8588): blockedByLocationOff callingUid=1002
09-01 14:41:52.001 I/BluetoothUtils( 8588): packagename is android.uid.bluetooth:1002 ,and its permission is false
09-01 14:41:52.003 V/bt_stack( 8588): [VERBOSE1:btm_ble_gap.cc(1923)] btm_ble_process_ext_adv_pkt: bda=32:d2:03:03:d2:bd
09-01 14:41:52.003 V/bt_stack( 8588): [VERBOSE1:btm_ble_gap.cc(1847)] btm_ble_process_adv_addr: bda=32:d2:03:03:d2:bd
09-01 14:41:52.005 D/BluetoothUtils( 8588): blockedByLocationOff callingUid=1002
09-01 14:41:52.006 I/BluetoothUtils( 8588): packagename is android.uid.bluetooth:1002 ,and its permission is false
09-01 14:41:52.006 D/BluetoothUtils( 8588): blockedByLocationOff callingUid=1002
09-01 14:41:52.006 I/BluetoothUtils( 8588): packagename is android.uid.bluetooth:1002 ,and its permission is false
09-01 14:41:52.006 V/bt_stack( 8588): [VERBOSE1:btm_ble_gap.cc(1923)] btm_ble_process_ext_adv_pkt: bda=45:55:7e:66:6f:d0
09-01 14:41:52.006 V/bt_stack( 8588): [VERBOSE1:btm_ble_gap.cc(1847)] btm_ble_process_adv_addr: bda=45:55:7e:66:6f:d0
09-01 14:41:52.006 V/bt_stack( 8588): [VERBOSE1:btm_ble_gap.cc(2052)]  Waiting for scan response 45:55:7e:66:6f:d0
09-01 14:41:52.006 V/bt_stack( 8588): [VERBOSE1:btm_ble_gap.cc(1923)] btm_ble_process_ext_adv_pkt: bda=45:55:7e:66:6f:d0
09-01 14:41:52.006 D/BluetoothUtils( 8588): blockedByLocationOff callingUid=1002
09-01 14:41:52.006 V/bt_stack( 8588): [VERBOSE1:btm_ble_gap.cc(1847)] btm_ble_process_adv_addr: bda=45:55:7e:66:6f:d0
09-01 14:41:52.007 I/BluetoothUtils( 8588): packagename is android.uid.bluetooth:1002 ,and its permission is false
09-01 14:41:52.007 D/BluetoothUtils( 8588): blockedByLocationOff callingUid=1002
09-01 14:41:52.007 I/BluetoothUtils( 8588): packagename is android.uid.bluetooth:1002 ,and its permission is false
09-01 14:41:52.008 D/BluetoothUtils( 8588): blockedByLocationOff callingUid=1002
09-01 14:41:52.008 I/BluetoothUtils( 8588): packagename is android.uid.bluetooth:1002 ,and its permission is false
09-01 14:41:52.008 D/BluetoothUtils( 8588): blockedByLocationOff callingUid=1002
09-01 14:41:52.008 I/BluetoothUtils( 8588): packagename is android.uid.bluetooth:1002 ,and its permission is false
09-01 14:41:52.011 V/bt_stack( 8588): [VERBOSE1:btm_ble_gap.cc(1923)] btm_ble_process_ext_adv_pkt: bda=35:45:bf:2c:e1:03
09-01 14:41:52.011 V/bt_stack( 8588): [VERBOSE1:btm_ble_gap.cc(1847)] btm_ble_process_adv_addr: bda=35:45:bf:2c:e1:03
09-01 14:41:52.012 D/BluetoothUtils( 8588): blockedByLocationOff callingUid=1002
09-01 14:41:52.012 I/BluetoothUtils( 8588): packagename is android.uid.bluetooth:1002 ,and its permission is false
09-01 14:41:52.012 D/BluetoothUtils( 8588): blockedByLocationOff callingUid=1002
09-01 14:41:52.012 I/BluetoothUtils( 8588): packagename is android.uid.bluetooth:1002 ,and its permission is false
09-01 14:41:52.013 D/BluetoothUtils( 8588): blockedByLocationOff callingUid=1002
09-01 14:41:52.013 I/BluetoothUtils( 8588): packagename is android.uid.bluetooth:1002 ,and its permission is false
09-01 14:41:52.016 V/bt_stack( 8588): [VERBOSE1:btm_ble_gap.cc(1923)] btm_ble_process_ext_adv_pkt: bda=2c:09:3e:94:80:f3
09-01 14:41:52.016 V/bt_stack( 8588): [VERBOSE1:btm_ble_gap.cc(1847)] btm_ble_process_adv_addr: bda=2c:09:3e:94:80:f3
09-01 14:41:52.017 D/BluetoothUtils( 8588): blockedByLocationOff callingUid=1002
09-01 14:41:52.017 I/BluetoothUtils( 8588): packagename is android.uid.bluetooth:1002 ,and its permission is false
09-01 14:41:52.017 D/BluetoothUtils( 8588): blockedByLocationOff callingUid=1002
09-01 14:41:52.017 I/BluetoothUtils( 8588): packagename is android.uid.bluetooth:1002 ,and its permission is false
09-01 14:41:52.018 D/BluetoothUtils( 8588): blockedByLocationOff callingUid=1002
09-01 14:41:52.018 I/BluetoothUtils( 8588): packagename is android.uid.bluetooth:1002 ,and its permission is false
09-01 14:41:52.042 V/bt_stack( 8588): [VERBOSE1:btm_ble_gap.cc(1923)] btm_ble_process_ext_adv_pkt: bda=44:ca:73:cc:df:42
09-01 14:41:52.042 V/bt_stack( 8588): [VERBOSE1:btm_ble_gap.cc(1847)] btm_ble_process_adv_addr: bda=44:ca:73:cc:df:42
09-01 14:41:52.042 V/bt_stack( 8588): [VERBOSE1:btm_ble_gap.cc(2052)]  Waiting for scan response 44:ca:73:cc:df:42
09-01 14:41:52.047 V/bt_stack( 8588): [VERBOSE1:btm_ble_gap.cc(1923)] btm_ble_process_ext_adv_pkt: bda=46:25:ff:ec:21:0b
09-01 14:41:52.047 V/bt_stack( 8588): [VERBOSE1:btm_ble_gap.cc(1847)] btm_ble_process_adv_addr: bda=46:25:ff:ec:21:0b
09-01 14:41:52.047 V/bt_stack( 8588): [VERBOSE1:btm_ble_gap.cc(2052)]  Waiting for scan response 46:25:ff:ec:21:0b
09-01 14:41:52.048 V/bt_stack( 8588): [VERBOSE1:btm_ble_gap.cc(1923)] btm_ble_process_ext_adv_pkt: bda=6c:40:08:bb:80:d3
09-01 14:41:52.048 V/bt_stack( 8588): [VERBOSE1:btm_ble_gap.cc(1847)] btm_ble_process_adv_addr: bda=6c:40:08:bb:80:d3
09-01 14:41:52.048 V/bt_stack( 8588): [VERBOSE1:btm_ble_gap.cc(2052)]  Waiting for scan response 6c:40:08:bb:80:d3
09-01 14:41:52.048 V/bt_stack( 8588): [VERBOSE1:btm_ble_gap.cc(1923)] btm_ble_process_ext_adv_pkt: bda=6c:40:08:bb:80:d3
09-01 14:41:52.048 V/bt_stack( 8588): [VERBOSE1:btm_ble_gap.cc(1847)] btm_ble_process_adv_addr: bda=6c:40:08:bb:80:d3
09-01 14:41:52.050 D/BluetoothUtils( 8588): blockedByLocationOff callingUid=1002
09-01 14:41:52.051 I/BluetoothUtils( 8588): packagename is android.uid.bluetooth:1002 ,and its permission is false
09-01 14:41:52.051 D/BluetoothUtils( 8588): blockedByLocationOff callingUid=1002
09-01 14:41:52.052 I/BluetoothUtils( 8588): packagename is android.uid.bluetooth:1002 ,and its permission is false
09-01 14:41:52.052 D/BluetoothUtils( 8588): blockedByLocationOff callingUid=1002
09-01 14:41:52.053 I/BluetoothUtils( 8588): packagename is android.uid.bluetooth:1002 ,and its permission is false
09-01 14:41:52.055 V/bt_stack( 8588): [VERBOSE1:btm_ble_gap.cc(1923)] btm_ble_process_ext_adv_pkt: bda=0c:39:e9:d5:de:20
09-01 14:41:52.055 V/bt_stack( 8588): [VERBOSE1:btm_ble_gap.cc(1847)] btm_ble_process_adv_addr: bda=0c:39:e9:d5:de:20
09-01 14:41:52.056 D/BluetoothUtils( 8588): blockedByLocationOff callingUid=1002
09-01 14:41:52.057 I/BluetoothUtils( 8588): packagename is android.uid.bluetooth:1002 ,and its permission is false
09-01 14:41:52.057 D/BluetoothUtils( 8588): blockedByLocationOff callingUid=1002
09-01 14:41:52.057 I/BluetoothUtils( 8588): packagename is android.uid.bluetooth:1002 ,and its permission is false
09-01 14:41:52.057 V/bt_stack( 8588): [VERBOSE1:btm_ble_gap.cc(1923)] btm_ble_process_ext_adv_pkt: bda=06:fa:50:9b:39:c0
09-01 14:41:52.057 D/BluetoothUtils( 8588): blockedByLocationOff callingUid=1002
09-01 14:41:52.058 V/bt_stack( 8588): [VERBOSE1:btm_ble_gap.cc(1847)] btm_ble_process_adv_addr: bda=06:fa:50:9b:39:c0
09-01 14:41:52.058 I/BluetoothUtils( 8588): packagename is android.uid.bluetooth:1002 ,and its permission is false
09-01 14:41:52.058 D/BluetoothUtils( 8588): blockedByLocationOff callingUid=1002
09-01 14:41:52.059 I/BluetoothUtils( 8588): packagename is android.uid.bluetooth:1002 ,and its permission is false
09-01 14:41:52.059 D/BluetoothUtils( 8588): blockedByLocationOff callingUid=1002
09-01 14:41:52.059 I/BluetoothUtils( 8588): packagename is android.uid.bluetooth:1002 ,and its permission is false
09-01 14:41:52.059 V/bt_stack( 8588): [VERBOSE1:btm_ble_gap.cc(1923)] btm_ble_process_ext_adv_pkt: bda=01:f5:30:c0:9b:7a
09-01 14:41:52.059 D/BluetoothUtils( 8588): blockedByLocationOff callingUid=1002
09-01 14:41:52.059 V/bt_stack( 8588): [VERBOSE1:btm_ble_gap.cc(1847)] btm_ble_process_adv_addr: bda=01:f5:30:c0:9b:7a
09-01 14:41:52.060 I/BluetoothUtils( 8588): packagename is android.uid.bluetooth:1002 ,and its permission is false
09-01 14:41:52.060 D/BluetoothUtils( 8588): blockedByLocationOff callingUid=1002
09-01 14:41:52.061 I/BluetoothUtils( 8588): packagename is android.uid.bluetooth:1002 ,and its permission is false
09-01 14:41:52.061 D/BluetoothUtils( 8588): blockedByLocationOff callingUid=1002
09-01 14:41:52.061 I/BluetoothUtils( 8588): packagename is android.uid.bluetooth:1002 ,and its permission is false
09-01 14:41:52.062 D/BluetoothUtils( 8588): blockedByLocationOff callingUid=1002
09-01 14:41:52.062 I/BluetoothUtils( 8588): packagename is android.uid.bluetooth:1002 ,and its permission is false
09-01 14:41:52.071 V/bt_stack( 8588): [VERBOSE1:btm_ble_gap.cc(1923)] btm_ble_process_ext_adv_pkt: bda=49:81:c9:cf:46:12
09-01 14:41:52.071 V/bt_stack( 8588): [VERBOSE1:btm_ble_gap.cc(1847)] btm_ble_process_adv_addr: bda=49:81:c9:cf:46:12
09-01 14:41:52.071 V/bt_stack( 8588): [VERBOSE1:btm_ble_gap.cc(2052)]  Waiting for scan response 49:81:c9:cf:46:12
09-01 14:41:52.071 V/bt_stack( 8588): [VERBOSE1:btm_ble_gap.cc(1923)] btm_ble_process_ext_adv_pkt: bda=63:53:07:fa:3c:f1
09-01 14:41:52.071 V/bt_stack( 8588): [VERBOSE1:btm_ble_gap.cc(1847)] btm_ble_process_adv_addr: bda=63:53:07:fa:3c:f1
09-01 14:41:52.072 D/BluetoothUtils( 8588): blockedByLocationOff callingUid=1002
09-01 14:41:52.073 I/BluetoothUtils( 8588): packagename is android.uid.bluetooth:1002 ,and its permission is false
09-01 14:41:52.073 D/BluetoothUtils( 8588): blockedByLocationOff callingUid=1002
09-01 14:41:52.073 I/BluetoothUtils( 8588): packagename is android.uid.bluetooth:1002 ,and its permission is false
09-01 14:41:52.073 D/BluetoothUtils( 8588): blockedByLocationOff callingUid=1002
09-01 14:41:52.074 I/BluetoothUtils( 8588): packagename is android.uid.bluetooth:1002 ,and its permission is false
09-01 14:41:52.080 V/bt_stack( 8588): [VERBOSE1:btm_ble_gap.cc(1923)] btm_ble_process_ext_adv_pkt: bda=63:4f:86:72:1e:da
09-01 14:41:52.080 V/bt_stack( 8588): [VERBOSE1:btm_ble_gap.cc(1847)] btm_ble_process_adv_addr: bda=63:4f:86:72:1e:da
09-01 14:41:52.080 V/bt_stack( 8588): [VERBOSE1:btm_ble_gap.cc(2052)]  Waiting for scan response 63:4f:86:72:1e:da
09-01 14:41:52.080 V/bt_stack( 8588): [VERBOSE1:btm_ble_gap.cc(1923)] btm_ble_process_ext_adv_pkt: bda=1c:91:72:ba:f7:2e
09-01 14:41:52.080 V/bt_stack( 8588): [VERBOSE1:btm_ble_gap.cc(1847)] btm_ble_process_adv_addr: bda=1c:91:72:ba:f7:2e
09-01 14:41:52.081 D/BluetoothUtils( 8588): blockedByLocationOff callingUid=1002
09-01 14:41:52.082 I/BluetoothUtils( 8588): packagename is android.uid.bluetooth:1002 ,and its permission is false
09-01 14:41:52.082 D/BluetoothUtils( 8588): blockedByLocationOff callingUid=1002
09-01 14:41:52.083 I/BluetoothUtils( 8588): packagename is android.uid.bluetooth:1002 ,and its permission is false
09-01 14:41:52.083 D/BluetoothUtils( 8588): blockedByLocationOff callingUid=1002
09-01 14:41:52.083 I/BluetoothUtils( 8588): packagename is android.uid.bluetooth:1002 ,and its permission is false
09-01 14:41:52.094 V/bt_stack( 8588): [VERBOSE1:btm_ble_gap.cc(1923)] btm_ble_process_ext_adv_pkt: bda=59:ea:73:03:7b:dc
09-01 14:41:52.094 V/bt_stack( 8588): [VERBOSE1:btm_ble_gap.cc(1847)] btm_ble_process_adv_addr: bda=59:ea:73:03:7b:dc
09-01 14:41:52.094 V/bt_stack( 8588): [VERBOSE1:btm_ble_gap.cc(1923)] btm_ble_process_ext_adv_pkt: bda=04:1e:5d:a8:7c:db
09-01 14:41:52.094 V/bt_stack( 8588): [VERBOSE1:btm_ble_gap.cc(1847)] btm_ble_process_adv_addr: bda=04:1e:5d:a8:7c:db
09-01 14:41:52.096 D/BluetoothUtils( 8588): blockedByLocationOff callingUid=1002
09-01 14:41:52.097 I/BluetoothUtils( 8588): packagename is android.uid.bluetooth:1002 ,and its permission is false
09-01 14:41:52.097 D/BluetoothUtils( 8588): blockedByLocationOff callingUid=1002
09-01 14:41:52.097 I/BluetoothUtils( 8588): packagename is android.uid.bluetooth:1002 ,and its permission is false
09-01 14:41:52.097 D/BluetoothUtils( 8588): blockedByLocationOff callingUid=1002
09-01 14:41:52.098 I/BluetoothUtils( 8588): packagename is android.uid.bluetooth:1002 ,and its permission is false
09-01 14:41:52.099 D/BluetoothUtils( 8588): blockedByLocationOff callingUid=1002
09-01 14:41:52.099 I/BluetoothUtils( 8588): packagename is android.uid.bluetooth:1002 ,and its permission is false
09-01 14:41:52.099 D/BluetoothUtils( 8588): blockedByLocationOff callingUid=1002
09-01 14:41:52.100 I/BluetoothUtils( 8588): packagename is android.uid.bluetooth:1002 ,and its permission is false
09-01 14:41:52.100 D/BluetoothUtils( 8588): blockedByLocationOff callingUid=1002
09-01 14:41:52.100 I/BluetoothUtils( 8588): packagename is android.uid.bluetooth:1002 ,and its permission is false
09-01 14:41:52.101 V/bt_stack( 8588): [VERBOSE1:btm_ble_gap.cc(1923)] btm_ble_process_ext_adv_pkt: bda=35:38:49:78:be:f0
09-01 14:41:52.101 V/bt_stack( 8588): [VERBOSE1:btm_ble_gap.cc(1847)] btm_ble_process_adv_addr: bda=35:38:49:78:be:f0
09-01 14:41:52.102 D/BluetoothUtils( 8588): blockedByLocationOff callingUid=1002
09-01 14:41:52.103 I/BluetoothUtils( 8588): packagename is android.uid.bluetooth:1002 ,and its permission is false
09-01 14:41:52.103 D/BluetoothUtils( 8588): blockedByLocationOff callingUid=1002
09-01 14:41:52.103 I/BluetoothUtils( 8588): packagename is android.uid.bluetooth:1002 ,and its permission is false
09-01 14:41:52.103 D/BluetoothUtils( 8588): blockedByLocationOff callingUid=1002
09-01 14:41:52.104 I/BluetoothUtils( 8588): packagename is android.uid.bluetooth:1002 ,and its permission is false
09-01 14:41:52.109 V/bt_stack( 8588): [VERBOSE1:btm_ble_gap.cc(1923)] btm_ble_process_ext_adv_pkt: bda=6b:b4:0f:63:00:12
09-01 14:41:52.109 V/bt_stack( 8588): [VERBOSE1:btm_ble_gap.cc(1847)] btm_ble_process_adv_addr: bda=6b:b4:0f:63:00:12
09-01 14:41:52.109 V/bt_stack( 8588): [VERBOSE1:btm_ble_gap.cc(2052)]  Waiting for scan response 6b:b4:0f:63:00:12
09-01 14:41:52.109 V/bt_stack( 8588): [VERBOSE1:btm_ble_gap.cc(1923)] btm_ble_process_ext_adv_pkt: bda=0d:73:3a:8c:df:7c
09-01 14:41:52.109 V/bt_stack( 8588): [VERBOSE1:btm_ble_gap.cc(1847)] btm_ble_process_adv_addr: bda=0d:73:3a:8c:df:7c
09-01 14:41:52.110 D/BluetoothUtils( 8588): blockedByLocationOff callingUid=1002
09-01 14:41:52.110 I/BluetoothUtils( 8588): packagename is android.uid.bluetooth:1002 ,and its permission is false
09-01 14:41:52.110 D/BluetoothUtils( 8588): blockedByLocationOff callingUid=1002
09-01 14:41:52.111 I/BluetoothUtils( 8588): packagename is android.uid.bluetooth:1002 ,and its permission is false
09-01 14:41:52.111 D/BluetoothUtils( 8588): blockedByLocationOff callingUid=1002
09-01 14:41:52.111 I/BluetoothUtils( 8588): packagename is android.uid.bluetooth:1002 ,and its permission is false
09-01 14:41:52.136 V/bt_stack( 8588): [VERBOSE1:btm_ble_gap.cc(1923)] btm_ble_process_ext_adv_pkt: bda=3c:22:fb:8e:04:19
09-01 14:41:52.136 V/bt_stack( 8588): [VERBOSE1:btm_ble_gap.cc(1847)] btm_ble_process_adv_addr: bda=3c:22:fb:8e:04:19
09-01 14:41:52.136 V/bt_stack( 8588): [VERBOSE1:btm_ble_gap.cc(2052)]  Waiting for scan response 3c:22:fb:8e:04:19
09-01 14:41:52.136 V/bt_stack( 8588): [VERBOSE1:btm_ble_gap.cc(1923)] btm_ble_process_ext_adv_pkt: bda=44:73:b6:51:63:17
09-01 14:41:52.136 V/bt_stack( 8588): [VERBOSE1:btm_ble_gap.cc(1847)] btm_ble_process_adv_addr: bda=44:73:b6:51:63:17
09-01 14:41:52.136 V/bt_stack( 8588): [VERBOSE1:btm_ble_gap.cc(2052)]  Waiting for scan response 44:73:b6:51:63:17
09-01 14:41:52.137 V/bt_stack( 8588): [VERBOSE1:btm_ble_gap.cc(1923)] btm_ble_process_ext_adv_pkt: bda=44:ca:73:cc:df:42
09-01 14:41:52.137 V/bt_stack( 8588): [VERBOSE1:btm_ble_gap.cc(1847)] btm_ble_process_adv_addr: bda=44:ca:73:cc:df:42
09-01 14:41:52.137 V/bt_stack( 8588): [VERBOSE1:btm_ble_gap.cc(2052)]  Waiting for scan response 44:ca:73:cc:df:42
09-01 14:41:52.137 V/bt_stack( 8588): [VERBOSE1:btm_ble_gap.cc(1923)] btm_ble_process_ext_adv_pkt: bda=44:ca:73:cc:df:42
09-01 14:41:52.137 V/bt_stack( 8588): [VERBOSE1:btm_ble_gap.cc(1847)] btm_ble_process_adv_addr: bda=44:ca:73:cc:df:42
09-01 14:41:52.140 D/BluetoothUtils( 8588): blockedByLocationOff callingUid=1002
09-01 14:41:52.141 I/BluetoothUtils( 8588): packagename is android.uid.bluetooth:1002 ,and its permission is false
09-01 14:41:52.141 D/BluetoothUtils( 8588): blockedByLocationOff callingUid=1002
09-01 14:41:52.141 I/BluetoothUtils( 8588): packagename is android.uid.bluetooth:1002 ,and its permission is false
09-01 14:41:52.142 D/BluetoothUtils( 8588): blockedByLocationOff callingUid=1002
09-01 14:41:52.142 I/BluetoothUtils( 8588): packagename is android.uid.bluetooth:1002 ,and its permission is false
09-01 14:41:52.150 V/bt_stack( 8588): [VERBOSE1:btm_ble_gap.cc(1923)] btm_ble_process_ext_adv_pkt: bda=c7:9e:cc:49:b0:5d
09-01 14:41:52.150 V/bt_stack( 8588): [VERBOSE1:btm_ble_gap.cc(1847)] btm_ble_process_adv_addr: bda=c7:9e:cc:49:b0:5d
09-01 14:41:52.150 V/bt_stack( 8588): [VERBOSE1:btm_ble_gap.cc(2052)]  Waiting for scan response c7:9e:cc:49:b0:5d
09-01 14:41:52.150 V/bt_stack( 8588): [VERBOSE1:btm_ble_gap.cc(1923)] btm_ble_process_ext_adv_pkt: bda=c7:9e:cc:49:b0:5d
09-01 14:41:52.150 V/bt_stack( 8588): [VERBOSE1:btm_ble_gap.cc(1847)] btm_ble_process_adv_addr: bda=c7:9e:cc:49:b0:5d
09-01 14:41:52.153 D/BluetoothUtils( 8588): blockedByLocationOff callingUid=1002
09-01 14:41:52.153 I/BluetoothUtils( 8588): packagename is android.uid.bluetooth:1002 ,and its permission is false
09-01 14:41:52.154 D/BluetoothUtils( 8588): blockedByLocationOff callingUid=1002
09-01 14:41:52.154 I/BluetoothUtils( 8588): packagename is android.uid.bluetooth:1002 ,and its permission is false
09-01 14:41:52.154 D/BluetoothUtils( 8588): blockedByLocationOff callingUid=1002
09-01 14:41:52.154 I/BluetoothUtils( 8588): packagename is android.uid.bluetooth:1002 ,and its permission is false
09-01 14:41:52.166 V/bt_stack( 8588): [VERBOSE1:btm_ble_gap.cc(1923)] btm_ble_process_ext_adv_pkt: bda=d3:ce:19:45:b1:77
09-01 14:41:52.166 V/bt_stack( 8588): [VERBOSE1:btm_ble_gap.cc(1847)] btm_ble_process_adv_addr: bda=d3:ce:19:45:b1:77
09-01 14:41:52.166 V/bt_stack( 8588): [VERBOSE1:btm_ble_gap.cc(2052)]  Waiting for scan response d3:ce:19:45:b1:77
09-01 14:41:52.166 V/bt_stack( 8588): [VERBOSE1:btm_ble_gap.cc(1923)] btm_ble_process_ext_adv_pkt: bda=03:d8:93:20:a7:46
09-01 14:41:52.166 V/bt_stack( 8588): [VERBOSE1:btm_ble_gap.cc(1847)] btm_ble_process_adv_addr: bda=03:d8:93:20:a7:46
09-01 14:41:52.168 D/BluetoothUtils( 8588): blockedByLocationOff callingUid=1002
09-01 14:41:52.168 I/BluetoothUtils( 8588): packagename is android.uid.bluetooth:1002 ,and its permission is false
09-01 14:41:52.168 D/BluetoothUtils( 8588): blockedByLocationOff callingUid=1002
09-01 14:41:52.169 I/BluetoothUtils( 8588): packagename is android.uid.bluetooth:1002 ,and its permission is false
09-01 14:41:52.169 D/BluetoothUtils( 8588): blockedByLocationOff callingUid=1002
09-01 14:41:52.169 I/BluetoothUtils( 8588): packagename is android.uid.bluetooth:1002 ,and its permission is false
09-01 14:41:52.170 V/bt_stack( 8588): [VERBOSE1:btm_ble_gap.cc(1923)] btm_ble_process_ext_adv_pkt: bda=5a:e4:79:a8:a5:a9
09-01 14:41:52.170 V/bt_stack( 8588): [VERBOSE1:btm_ble_gap.cc(1847)] btm_ble_process_adv_addr: bda=5a:e4:79:a8:a5:a9
09-01 14:41:52.171 V/bt_stack( 8588): [VERBOSE1:btm_ble_gap.cc(2052)]  Waiting for scan response 5a:e4:79:a8:a5:a9
09-01 14:41:52.171 V/bt_stack( 8588): [VERBOSE1:btm_ble_gap.cc(1923)] btm_ble_process_ext_adv_pkt: bda=5a:e4:79:a8:a5:a9
09-01 14:41:52.171 V/bt_stack( 8588): [VERBOSE1:btm_ble_gap.cc(1847)] btm_ble_process_adv_addr: bda=5a:e4:79:a8:a5:a9
09-01 14:41:52.173 D/BluetoothUtils( 8588): blockedByLocationOff callingUid=1002
09-01 14:41:52.173 I/BluetoothUtils( 8588): packagename is android.uid.bluetooth:1002 ,and its permission is false
09-01 14:41:52.174 D/BluetoothUtils( 8588): blockedByLocationOff callingUid=1002
09-01 14:41:52.174 I/BluetoothUtils( 8588): packagename is android.uid.bluetooth:1002 ,and its permission is false
09-01 14:41:52.174 D/BluetoothUtils( 8588): blockedByLocationOff callingUid=1002
09-01 14:41:52.174 I/BluetoothUtils( 8588): packagename is android.uid.bluetooth:1002 ,and its permission is false
09-01 14:41:52.179 V/bt_stack( 8588): [VERBOSE1:btm_ble_gap.cc(1923)] btm_ble_process_ext_adv_pkt: bda=3e:4e:78:8c:48:a5
09-01 14:41:52.179 V/bt_stack( 8588): [VERBOSE1:btm_ble_gap.cc(1847)] btm_ble_process_adv_addr: bda=3e:4e:78:8c:48:a5
09-01 14:41:52.181 D/BluetoothUtils( 8588): blockedByLocationOff callingUid=1002
09-01 14:41:52.181 I/BluetoothUtils( 8588): packagename is android.uid.bluetooth:1002 ,and its permission is false
09-01 14:41:52.181 D/BluetoothUtils( 8588): blockedByLocationOff callingUid=1002
09-01 14:41:52.182 I/BluetoothUtils( 8588): packagename is android.uid.bluetooth:1002 ,and its permission is false
09-01 14:41:52.182 D/BluetoothUtils( 8588): blockedByLocationOff callingUid=1002
09-01 14:41:52.182 I/BluetoothUtils( 8588): packagename is android.uid.bluetooth:1002 ,and its permission is false
09-01 14:41:52.207 V/bt_stack( 8588): [VERBOSE1:btm_ble_gap.cc(1923)] btm_ble_process_ext_adv_pkt: bda=49:23:89:86:fb:3d
09-01 14:41:52.207 V/bt_stack( 8588): [VERBOSE1:btm_ble_gap.cc(1847)] btm_ble_process_adv_addr: bda=49:23:89:86:fb:3d
09-01 14:41:52.207 V/bt_stack( 8588): [VERBOSE1:btm_ble_gap.cc(2052)]  Waiting for scan response 49:23:89:86:fb:3d
09-01 14:41:52.224 V/bt_stack( 8588): [VERBOSE1:btm_ble_gap.cc(1923)] btm_ble_process_ext_adv_pkt: bda=4b:2f:6d:75:86:77
09-01 14:41:52.224 V/bt_stack( 8588): [VERBOSE1:btm_ble_gap.cc(1847)] btm_ble_process_adv_addr: bda=4b:2f:6d:75:86:77
09-01 14:41:52.225 V/bt_stack( 8588): [VERBOSE1:btm_ble_gap.cc(2052)]  Waiting for scan response 4b:2f:6d:75:86:77
09-01 14:41:52.225 V/bt_stack( 8588): [VERBOSE1:btm_ble_gap.cc(1923)] btm_ble_process_ext_adv_pkt: bda=64:62:50:0c:82:d1
09-01 14:41:52.225 V/bt_stack( 8588): [VERBOSE1:btm_ble_gap.cc(1847)] btm_ble_process_adv_addr: bda=64:62:50:0c:82:d1
09-01 14:41:52.225 V/bt_stack( 8588): [VERBOSE1:btm_ble_gap.cc(2052)]  Waiting for scan response 64:62:50:0c:82:d1
09-01 14:41:52.226 V/bt_stack( 8588): [VERBOSE1:btm_ble_gap.cc(1923)] btm_ble_process_ext_adv_pkt: bda=c5:a0:8f:2d:86:2c
09-01 14:41:52.226 V/bt_stack( 8588): [VERBOSE1:btm_ble_gap.cc(1847)] btm_ble_process_adv_addr: bda=c5:a0:8f:2d:86:2c
09-01 14:41:52.226 V/bt_stack( 8588): [VERBOSE1:btm_ble_gap.cc(2052)]  Waiting for scan response c5:a0:8f:2d:86:2c
09-01 14:41:52.226 V/bt_stack( 8588): [VERBOSE1:btm_ble_gap.cc(1923)] btm_ble_process_ext_adv_pkt: bda=c5:a0:8f:2d:86:2c
09-01 14:41:52.226 V/bt_stack( 8588): [VERBOSE1:btm_ble_gap.cc(1847)] btm_ble_process_adv_addr: bda=c5:a0:8f:2d:86:2c
09-01 14:41:52.229 V/bt_stack( 8588): [VERBOSE1:btm_ble_gap.cc(1923)] btm_ble_process_ext_adv_pkt: bda=24:c2:07:5f:ee:ac
09-01 14:41:52.229 V/bt_stack( 8588): [VERBOSE1:btm_ble_gap.cc(1847)] btm_ble_process_adv_addr: bda=24:c2:07:5f:ee:ac
09-01 14:41:52.229 D/BluetoothUtils( 8588): blockedByLocationOff callingUid=1002
09-01 14:41:52.230 I/BluetoothUtils( 8588): packagename is android.uid.bluetooth:1002 ,and its permission is false
09-01 14:41:52.230 D/BluetoothUtils( 8588): blockedByLocationOff callingUid=1002
09-01 14:41:52.231 I/BluetoothUtils( 8588): packagename is android.uid.bluetooth:1002 ,and its permission is false
09-01 14:41:52.231 D/BluetoothUtils( 8588): blockedByLocationOff callingUid=1002
09-01 14:41:52.232 I/BluetoothUtils( 8588): packagename is android.uid.bluetooth:1002 ,and its permission is false
09-01 14:41:52.234 D/BluetoothUtils( 8588): blockedByLocationOff callingUid=1002
09-01 14:41:52.234 I/BluetoothUtils( 8588): packagename is android.uid.bluetooth:1002 ,and its permission is false
09-01 14:41:52.235 D/BluetoothUtils( 8588): blockedByLocationOff callingUid=1002
09-01 14:41:52.235 I/BluetoothUtils( 8588): packagename is android.uid.bluetooth:1002 ,and its permission is false
09-01 14:41:52.235 D/BluetoothUtils( 8588): blockedByLocationOff callingUid=1002
