09-01 14:40:09.339 I/BluetoothUtils( 8588): packagename is android.uid.bluetooth:1002 ,and its permission is false
09-01 14:40:09.339 D/BluetoothUtils( 8588): blockedByLocationOff callingUid=1002
09-01 14:40:09.339 I/BluetoothUtils( 8588): packagename is android.uid.bluetooth:1002 ,and its permission is false
09-01 14:40:09.340 D/StatusBar(29730): disable<e i a s b h r c s > disable2<q i n g r >
09-01 14:40:09.342 V/bt_stack( 8588): [VERBOSE1:btm_ble_gap.cc(1923)] btm_ble_process_ext_adv_pkt: bda=03:d8:93:20:a7:46
09-01 14:40:09.342 V/bt_stack( 8588): [VERBOSE1:btm_ble_gap.cc(1847)] btm_ble_process_adv_addr: bda=03:d8:93:20:a7:46
09-01 14:40:09.342 D/PhoneStatusBar/NavigationBarView(29730): setDisabledFlags back:false home:false recent:false
09-01 14:40:09.343 D/BluetoothUtils( 8588): blockedByLocationOff callingUid=1002
09-01 14:40:09.343 I/BluetoothUtils( 8588): packagename is android.uid.bluetooth:1002 ,and its permission is false
09-01 14:40:09.343 D/BluetoothUtils( 8588): blockedByLocationOff callingUid=1002
09-01 14:40:09.343 I/BluetoothUtils( 8588): packagename is android.uid.bluetooth:1002 ,and its permission is false
09-01 14:40:09.344 D/BluetoothUtils( 8588): blockedByLocationOff callingUid=1002
09-01 14:40:09.344 I/BluetoothUtils( 8588): packagename is android.uid.bluetooth:1002 ,and its permission is false
09-01 14:40:09.347 V/UidProcStateHelper( 1639): foreground changed:[12702,10241,0]
09-01 14:40:09.347 D/StatusBarClock(29730):  isNormalMode= true clock visible=true
09-01 14:40:09.347 D/PhoneStatusBar/NavigationBarView(29730): onDraw
09-01 14:40:09.348 E/InputDispatcher( 1639): Window handle Window{1dc80e0 u0 com.xiaomi.hm.health/cn.com.smartdevices.bracelet.gps.ui.sport.in.GPSMainActivity} has no registered input channel
09-01 14:40:09.348 I/DeviceCenter(12702): stop
09-01 14:40:09.348 I/DeviceCenter(12702): pause band source:MILI_KONGMING, shoe source:VDEVICE
09-01 14:40:09.348 I/DeviceCenter(12702): deInitDeviceCallback:MILI_KONGMING
09-01 14:40:09.348 I/DeviceCenter(12702): deInitDeviceCallback:VDEVICE
09-01 14:40:09.348 I/DeviceCenter(12702): deInitDeviceCallback:VDEVICE
09-01 14:40:09.349 I/DeviceCenter(12702): not hr device
09-01 14:40:09.349 D/FITRUN_ALG(12702): native_setAutoPauseEnable: enabled:0
09-01 14:40:09.349 D/FITRUN_ALG(12702): getJNIEnv AttachCurrentThread jniEnv:0x7fd5c86560, *jniEnv:0x7508acfb80, **jniEnv:0x7508acfb80
09-01 14:40:09.349 D/FITRUN_ALG(12702): ~NativeRunDataProvider
09-01 14:40:09.349 D/FITRUN_ALG(12702): deleteGpsCallbackGlobalRef: 0x0,0x74974b93d8
09-01 14:40:09.349 D/FITRUN_ALG(12702): deleteStepCallbackGlobalRef: 0x0,0x74974b93e0
09-01 14:40:09.349 D/FITRUN_ALG(12702): deleteBarCallbackGlobalRef: 0x0,0x74974b93f8
09-01 14:40:09.349 D/FITRUN_ALG(12702): deleteHRCallbackGlobalRef: 0x0,0x74974b93f0
09-01 14:40:09.349 D/FITRUN_ALG(12702): deleteStatisticCallbackGlobalRef: 0x0,0x74974b93e8
09-01 14:40:09.349 D/FITRUN_ALG(12702): deleteIndoorLearningCallbackGlobalRef: 0x0,0x74974b9400
09-01 14:40:09.349 D/FITRUN_ALG(12702): deleteAutoPausedCallbackGlobalRef: 0x0,0x74974b9408
09-01 14:40:09.349 D/FITRUN_ALG(12702): deleteLogCallbackGlobalRef: 0x0,0x74974b9418
09-01 14:40:09.349 D/FITRUN_ALG(12702): deleteGpsDataClassGlobalRef: 0x0,0x7499e23730
09-01 14:40:09.349 D/FITRUN_ALG(12702): deleteStepDataClassGlobalRef: 0x0,0x7499e22ee0
09-01 14:40:09.349 D/FITRUN_ALG(12702): deleteBarDataClassGlobalRef: 0x0,0x7499e22ee0
09-01 14:40:09.349 D/FITRUN_ALG(12702): deleteHrDataClassGlobalRef: 0x0,0x0
09-01 14:40:09.349 D/FITRUN_ALG(12702): deleteStatisticsDataClassGlobalRef: 0x0,0x7499e23490,0x0,0x7499e25778
09-01 14:40:09.349 D/FITRUN_ALG(12702): deleteAlignDataClassGlobalRef: 0x0,0x7499e23160
09-01 14:40:09.349 D/FITRUN_ALG(12702): freeCachedPointers: 0x0,0x0,0x0,0x0,0x0,0x0,0x0
09-01 14:40:09.349 D/FITRUN_ALG(12702): finalize: provider
09-01 14:40:09.349 I/NDP     (12702): destroy mNativeContext:0
09-01 14:40:09.350 V/bt_stack( 8588): [VERBOSE1:bta_gattc_main.cc(361)] bta_gattc_hdl_event: Event:BTA_GATTC_API_WRITE_EVT
09-01 14:40:09.350 V/bt_stack( 8588): [VERBOSE1:bta_gattc_main.cc(305)] bta_gattc_sm_execute: State 0x02 [GATTC_CONN_ST], Event 0x1f05[BTA_GATTC_API_WRITE_EVT]
09-01 14:40:09.350 V/bt_stack( 8588): [VERBOSE1:bta_gattc_main.cc(341)] bta_gattc_sm_execute: GATTC State Change: 0x02 -> 0x02 after Event 0x1f05
09-01 14:40:09.351 D/ProcessObserver( 6417): onForegroundServicesChanged, pid: 12702 uid: 10241 serviceTypes: 0
09-01 14:40:09.352 D/Avrcp_ext( 8588): AudioManager Player: ID:4039 -- type:android.media.SoundPool -- u/pid:10141/22367 -- state:idle -- attr:AudioAttributes: usage=USAGE_VOICEASSIST content=CONTENT_TYPE_VOICEASSIST flags=0x800 tags= bundle=null
09-01 14:40:09.352 D/Avrcp_ext( 8588): AudioManager Player: ID:15 -- type:android.media.SoundPool -- u/pid:1000/1639 -- state:idle -- attr:AudioAttributes: usage=USAGE_ASSISTANCE_SONIFICATION content=CONTENT_TYPE_SONIFICATION flags=0x800 tags= bundle=null
09-01 14:40:09.352 D/Avrcp_ext( 8588): AudioManager Player: ID:47 -- type:OpenSL ES AudioPlayer (Buffer Queue) -- u/pid:10108/2503 -- state:stopped -- attr:AudioAttributes: usage=USAGE_MEDIA content=CONTENT_TYPE_UNKNOWN flags=0x0 tags= bundle=null
09-01 14:40:09.352 D/Avrcp_ext( 8588): AudioManager Player: ID:79 -- type:android.media.SoundPool -- u/pid:1027/4689 -- state:idle -- attr:AudioAttributes: usage=USAGE_NOTIFICATION content=CONTENT_TYPE_SONIFICATION flags=0x800 tags= bundle=null
09-01 14:40:09.352 D/Avrcp_ext( 8588): AudioManager Player: ID:3791 -- type:android.media.SoundPool -- u/pid:1000/29730 -- state:idle -- attr:AudioAttributes: usage=USAGE_ASSISTANCE_SONIFICATION content=CONTENT_TYPE_SONIFICATION flags=0x800 tags= bundle=null
09-01 14:40:09.352 D/Avrcp_ext( 8588): AudioManager Player: ID:23 -- type:android.media.SoundPool -- u/pid:1000/1639 -- state:idle -- attr:AudioAttributes: usage=USAGE_ASSISTANCE_SONIFICATION content=CONTENT_TYPE_SONIFICATION flags=0x800 tags= bundle=null
09-01 14:40:09.352 D/Avrcp_ext( 8588): AudioManager Player: ID:279 -- type:android.media.SoundPool -- u/pid:10090/7676 -- state:idle -- attr:AudioAttributes: usage=USAGE_ASSISTANCE_SONIFICATION content=CONTENT_TYPE_SONIFICATION flags=0x800 tags= bundle=null
09-01 14:40:09.352 D/Avrcp_ext( 8588): AudioManager Player: ID:4023 -- type:android.media.SoundPool -- u/pid:10141/22367 -- state:idle -- attr:AudioAttributes: usage=USAGE_VOICE_COMMUNICATION content=CONTENT_TYPE_SPEECH flags=0x800 tags= bundle=null
09-01 14:40:09.352 D/Avrcp_ext( 8588): AudioManager Player: ID:4031 -- type:android.media.SoundPool -- u/pid:10141/22367 -- state:idle -- attr:AudioAttributes: usage=USAGE_VOICEASSIST content=CONTENT_TYPE_VOICEASSIST flags=0x800 tags= bundle=null
09-01 14:40:09.352 W/PushService( 5479): 2020-08-31 23:40:09,352 - [WARN::PushService] - GROUPSUMMARY  : 0onNotificationRemovedcom.xiaomi.hm.health
09-01 14:40:09.352 D/Avrcp_ext( 8588): AudioManager isPlaying: false, mA2dpState: 11, isMusiActive: false
09-01 14:40:09.353 W/PushService( 5479): 2020-08-31 23:40:09,353 - [WARN::PushService] - GROUPSUMMARY  : 0onNotificationRemovedcom.xiaomi.hm.health
09-01 14:40:09.353 D/ActivityTrigger( 1639): ActivityTrigger activityPauseTrigger 
09-01 14:40:09.356 D/StatusBar(29730): onNotificationRemoved key=0|com.xiaomi.hm.health|98888|null|10241 reason=8
09-01 14:40:09.360 D/IMReply:Notif(22367): onNotificationPosted onNotificationRemoved sbn = 98888
09-01 14:40:09.361 V/bt_stack( 8588): [VERBOSE1:btm_ble_gap.cc(1923)] btm_ble_process_ext_adv_pkt: bda=59:5f:ac:32:e1:b7
09-01 14:40:09.361 V/bt_stack( 8588): [VERBOSE1:btm_ble_gap.cc(1847)] btm_ble_process_adv_addr: bda=59:5f:ac:32:e1:b7
09-01 14:40:09.361 V/bt_stack( 8588): [VERBOSE1:btm_ble_gap.cc(2052)]  Waiting for scan response 59:5f:ac:32:e1:b7
09-01 14:40:09.367 D/WindowManager( 1639): Input focus has changed to null
09-01 14:40:09.368 D/StatusBar(29730): removeNotification StatusBarNotification(pkg=com.xiaomi.hm.health user=UserHandle{0} id=98888 tag=null key=0|com.xiaomi.hm.health|98888|null|10241: Notification(channel=O00000o pri=0 contentView=com.xiaomi.hm.health/0x7f0c0326 vibrate=null sound=null defaults=0x0 flags=0x62 color=0xffff5a00 vis=PRIVATE))
09-01 14:40:09.368 D/StatusBar(29730):     pkgName=com.xiaomi.hm.health appUid=10241 sdk=29 imp=2 sysApp=F priApp=F hasShown=F float=F keyguard=F peek=F fullscreen=F
09-01 14:40:09.368 D/StatusBar(29730):     showMiuiAction=F enableFloat=T enableKeyguard=T floatTime=5000 messageCount=1 persistent=F customHeight=F
09-01 14:40:09.368 D/StatusBar(29730): update app badge num: com.xiaomi.hm.health/,num=0,isAllowed=false,userId=0
09-01 14:40:09.369 W/ActivityManager( 1639): Sending non-protected broadcast android.intent.action.APPLICATION_MESSAGE_UPDATE from system 29730:com.android.systemui/1000 pkg com.android.systemui. Callers=
09-01 14:40:09.369 I/Timeline( 1639): Timeline: App_transition_ready time:211975386
09-01 14:40:09.370 V/bt_stack( 8588): [VERBOSE1:btm_ble_gap.cc(1923)] btm_ble_process_ext_adv_pkt: bda=44:73:b6:51:63:17
09-01 14:40:09.370 V/bt_stack( 8588): [VERBOSE1:btm_ble_gap.cc(1847)] btm_ble_process_adv_addr: bda=44:73:b6:51:63:17
09-01 14:40:09.370 V/bt_stack( 8588): [VERBOSE1:btm_ble_gap.cc(2052)]  Waiting for scan response 44:73:b6:51:63:17
09-01 14:40:09.370 V/bt_stack( 8588): [VERBOSE1:btm_ble_gap.cc(1923)] btm_ble_process_ext_adv_pkt: bda=63:53:07:fa:3c:f1
09-01 14:40:09.370 V/bt_stack( 8588): [VERBOSE1:btm_ble_gap.cc(1847)] btm_ble_process_adv_addr: bda=63:53:07:fa:3c:f1
09-01 14:40:09.371 D/BluetoothUtils( 8588): blockedByLocationOff callingUid=1002
09-01 14:40:09.372 I/Launcher.ApplicationsMessage( 7676): onReceive false
09-01 14:40:09.372 I/Launcher.ApplicationsMessage( 7676): update com.xiaomi.hm.health/ to null
09-01 14:40:09.372 I/BluetoothUtils( 8588): packagename is android.uid.bluetooth:1002 ,and its permission is false
09-01 14:40:09.372 D/BluetoothUtils( 8588): blockedByLocationOff callingUid=1002
09-01 14:40:09.372 V/bt_stack( 8588): [VERBOSE1:btm_ble_gap.cc(1923)] btm_ble_process_ext_adv_pkt: bda=44:ca:73:cc:df:42
09-01 14:40:09.372 V/bt_stack( 8588): [VERBOSE1:btm_ble_gap.cc(1847)] btm_ble_process_adv_addr: bda=44:ca:73:cc:df:42
09-01 14:40:09.372 V/bt_stack( 8588): [VERBOSE1:btm_ble_gap.cc(2052)]  Waiting for scan response 44:ca:73:cc:df:42
09-01 14:40:09.373 I/BluetoothUtils( 8588): packagename is android.uid.bluetooth:1002 ,and its permission is false
09-01 14:40:09.373 D/BluetoothUtils( 8588): blockedByLocationOff callingUid=1002
09-01 14:40:09.373 V/bt_stack( 8588): [VERBOSE1:btm_ble_gap.cc(1923)] btm_ble_process_ext_adv_pkt: bda=44:ca:73:cc:df:42
09-01 14:40:09.373 V/bt_stack( 8588): [VERBOSE1:btm_ble_gap.cc(1847)] btm_ble_process_adv_addr: bda=44:ca:73:cc:df:42
09-01 14:40:09.373 I/BluetoothUtils( 8588): packagename is android.uid.bluetooth:1002 ,and its permission is false
09-01 14:40:09.374 D/BluetoothUtils( 8588): blockedByLocationOff callingUid=1002
09-01 14:40:09.374 I/BluetoothUtils( 8588): packagename is android.uid.bluetooth:1002 ,and its permission is false
09-01 14:40:09.374 D/BluetoothUtils( 8588): blockedByLocationOff callingUid=1002
09-01 14:40:09.375 I/BluetoothUtils( 8588): packagename is android.uid.bluetooth:1002 ,and its permission is false
09-01 14:40:09.376 D/BluetoothUtils( 8588): blockedByLocationOff callingUid=1002
09-01 14:40:09.376 I/BluetoothUtils( 8588): packagename is android.uid.bluetooth:1002 ,and its permission is false
09-01 14:40:09.380 D/StackScroller(29730): applyCurrentState
09-01 14:40:09.381 V/bt_stack( 8588): [VERBOSE1:gatt_main.cc(1079)] gatt_get_ch_state: ch_state=4
09-01 14:40:09.381 D/Event   (12702): No subscribers registered for event class com.xiaomi.hm.health.O0000o00.O000OOo0
09-01 14:40:09.381 D/Event   (12702): No subscribers registered for event class O00000Oo.O000000o.O000000o.O0000Oo0
09-01 14:40:09.381 I/bt_stack( 8588): [INFO:gatt_main.cc(912)] gatt_data_process op_code = 19, msg_len = 0
09-01 14:40:09.381 V/bt_stack( 8588): [VERBOSE1:gatt_cl.cc(1094)] gatt_client_handle_server_rsp op_code: 19, len = 0rsp_code: 19
09-01 14:40:09.381 V/bt_stack( 8588): [VERBOSE1:gatt_utils.cc(1191)] gatt_end_operation status=0 op=3 subtype=2
09-01 14:40:09.381 V/bt_stack( 8588): [VERBOSE1:bta_gattc_act.cc(1309)] bta_gattc_cmpl_cback: conn_id:8 op:3 status:0
09-01 14:40:09.381 V/bt_stack( 8588): [VERBOSE1:bta_gattc_main.cc(361)] bta_gattc_hdl_event: Event:BTA_GATTC_OP_CMPL_EVT
09-01 14:40:09.381 V/bt_stack( 8588): [VERBOSE1:bta_gattc_main.cc(305)] bta_gattc_sm_execute: State 0x02 [GATTC_CONN_ST], Event 0x1f0f[BTA_GATTC_OP_CMPL_EVT]
09-01 14:40:09.381 V/bt_stack( 8588): [VERBOSE1:bta_gattc_act.cc(936)] bta_gattc_op_cmpl: op:3
09-01 14:40:09.381 V/bt_stack( 8588): [VERBOSE1:bta_gattc_main.cc(341)] bta_gattc_sm_execute: GATTC State Change: 0x02 -> 0x02 after Event 0x1f0f
09-01 14:40:09.385 V/bt_stack( 8588): [VERBOSE1:bta_gattc_main.cc(361)] bta_gattc_hdl_event: Event:BTA_GATTC_API_WRITE_EVT
09-01 14:40:09.385 V/bt_stack( 8588): [VERBOSE1:bta_gattc_main.cc(305)] bta_gattc_sm_execute: State 0x02 [GATTC_CONN_ST], Event 0x1f05[BTA_GATTC_API_WRITE_EVT]
09-01 14:40:09.385 V/bt_stack( 8588): [VERBOSE1:gatt_utils.cc(1191)] gatt_end_operation status=0 op=3 subtype=1
09-01 14:40:09.385 V/bt_stack( 8588): [VERBOSE1:bta_gattc_act.cc(1309)] bta_gattc_cmpl_cback: conn_id:8 op:3 status:0
09-01 14:40:09.385 V/bt_stack( 8588): [VERBOSE1:bta_gattc_main.cc(341)] bta_gattc_sm_execute: GATTC State Change: 0x02 -> 0x02 after Event 0x1f05
09-01 14:40:09.385 V/bt_stack( 8588): [VERBOSE1:bta_gattc_main.cc(361)] bta_gattc_hdl_event: Event:BTA_GATTC_OP_CMPL_EVT
09-01 14:40:09.385 V/bt_stack( 8588): [VERBOSE1:bta_gattc_main.cc(305)] bta_gattc_sm_execute: State 0x02 [GATTC_CONN_ST], Event 0x1f0f[BTA_GATTC_OP_CMPL_EVT]
09-01 14:40:09.385 V/bt_stack( 8588): [VERBOSE1:bta_gattc_act.cc(936)] bta_gattc_op_cmpl: op:3
09-01 14:40:09.385 V/bt_stack( 8588): [VERBOSE1:bta_gattc_main.cc(341)] bta_gattc_sm_execute: GATTC State Change: 0x02 -> 0x02 after Event 0x1f0f
09-01 14:40:09.386 V/bt_stack( 8588): [VERBOSE1:btm_ble_gap.cc(1923)] btm_ble_process_ext_adv_pkt: bda=79:51:46:d8:72:5f
09-01 14:40:09.386 V/bt_stack( 8588): [VERBOSE1:btm_ble_gap.cc(1847)] btm_ble_process_adv_addr: bda=79:51:46:d8:72:5f
09-01 14:40:09.392 D/BluetoothUtils( 8588): blockedByLocationOff callingUid=1002
09-01 14:40:09.393 I/BluetoothUtils( 8588): packagename is android.uid.bluetooth:1002 ,and its permission is false
09-01 14:40:09.393 D/BluetoothUtils( 8588): blockedByLocationOff callingUid=1002
09-01 14:40:09.394 I/BluetoothUtils( 8588): packagename is android.uid.bluetooth:1002 ,and its permission is false
09-01 14:40:09.394 W/AsyncHttpResponse(12702): Current thread has not called Looper.prepare().Forcing synchronous mode
09-01 14:40:09.395 D/BluetoothUtils( 8588): blockedByLocationOff callingUid=1002
09-01 14:40:09.395 I/BluetoothUtils( 8588): packagename is android.uid.bluetooth:1002 ,and its permission is false
09-01 14:40:09.396 V/bt_stack( 8588): [VERBOSE1:btm_ble_gap.cc(1923)] btm_ble_process_ext_adv_pkt: bda=06:fa:50:9b:39:c0
09-01 14:40:09.396 V/bt_stack( 8588): [VERBOSE1:btm_ble_gap.cc(1847)] btm_ble_process_adv_addr: bda=06:fa:50:9b:39:c0
09-01 14:40:09.397 D/BluetoothUtils( 8588): blockedByLocationOff callingUid=1002
09-01 14:40:09.398 I/BluetoothUtils( 8588): packagename is android.uid.bluetooth:1002 ,and its permission is false
09-01 14:40:09.398 D/BluetoothUtils( 8588): blockedByLocationOff callingUid=1002
09-01 14:40:09.398 I/BluetoothUtils( 8588): packagename is android.uid.bluetooth:1002 ,and its permission is false
09-01 14:40:09.399 D/BluetoothUtils( 8588): blockedByLocationOff callingUid=1002
09-01 14:40:09.399 I/BluetoothUtils( 8588): packagename is android.uid.bluetooth:1002 ,and its permission is false
09-01 14:40:09.399 V/bt_stack( 8588): [VERBOSE1:btm_ble_gap.cc(1923)] btm_ble_process_ext_adv_pkt: bda=38:f9:d3:45:87:1e
09-01 14:40:09.399 V/bt_stack( 8588): [VERBOSE1:btm_ble_gap.cc(1847)] btm_ble_process_adv_addr: bda=38:f9:d3:45:87:1e
09-01 14:40:09.399 V/bt_stack( 8588): [VERBOSE1:btm_ble_gap.cc(2052)]  Waiting for scan response 38:f9:d3:45:87:1e
09-01 14:40:09.400 V/bt_stack( 8588): [VERBOSE1:btm_ble_gap.cc(1923)] btm_ble_process_ext_adv_pkt: bda=38:f9:d3:45:87:1e
09-01 14:40:09.400 V/bt_stack( 8588): [VERBOSE1:btm_ble_gap.cc(1847)] btm_ble_process_adv_addr: bda=38:f9:d3:45:87:1e
09-01 14:40:09.401 D/BluetoothUtils( 8588): blockedByLocationOff callingUid=1002
09-01 14:40:09.401 D/BluetoothGatt(12702): setCharacteristicNotification() - uuid: 00002a37-0000-1000-8000-00805f9b34fb enable: true
09-01 14:40:09.401 D/RecentsImpl( 7676): mActivityStateObserver com.xiaomi.hm.health.activity.MainTabActivity
09-01 14:40:09.401 D/BtGatt.GattService( 8588): registerForNotification() - address=C3:D4:F4:E3:11:EC enable: true
09-01 14:40:09.404 I/BluetoothUtils( 8588): packagename is android.uid.bluetooth:1002 ,and its permission is false
09-01 14:40:09.404 D/BluetoothUtils( 8588): blockedByLocationOff callingUid=1002
09-01 14:40:09.405 I/BluetoothUtils( 8588): packagename is android.uid.bluetooth:1002 ,and its permission is false
09-01 14:40:09.405 D/BluetoothUtils( 8588): blockedByLocationOff callingUid=1002
09-01 14:40:09.405 I/BluetoothUtils( 8588): packagename is android.uid.bluetooth:1002 ,and its permission is false
09-01 14:40:09.405 W/bt_stack( 8588): [WARNING:bta_gattc_api.cc(651)] notification already registered
09-01 14:40:09.405 D/BtGatt.GattService( 8588): onRegisterForNotifications() - address=null, status=0, registered=1, handle=41
09-01 14:40:09.405 V/bt_stack( 8588): [VERBOSE1:bta_gattc_main.cc(361)] bta_gattc_hdl_event: Event:BTA_GATTC_API_WRITE_EVT
09-01 14:40:09.406 V/bt_stack( 8588): [VERBOSE1:bta_gattc_main.cc(305)] bta_gattc_sm_execute: State 0x02 [GATTC_CONN_ST], Event 0x1f05[BTA_GATTC_API_WRITE_EVT]
09-01 14:40:09.406 V/bt_stack( 8588): [VERBOSE1:bta_gattc_main.cc(341)] bta_gattc_sm_execute: GATTC State Change: 0x02 -> 0x02 after Event 0x1f05
09-01 14:40:09.406 W/AsyncHttpResponse(12702): Current thread has not called Looper.prepare().Forcing synchronous mode
09-01 14:40:09.407 V/bt_stack( 8588): [VERBOSE1:btm_ble_gap.cc(1923)] btm_ble_process_ext_adv_pkt: bda=01:f5:30:c0:9b:7a
09-01 14:40:09.407 V/bt_stack( 8588): [VERBOSE1:btm_ble_gap.cc(1847)] btm_ble_process_adv_addr: bda=01:f5:30:c0:9b:7a
09-01 14:40:09.408 D/BluetoothUtils( 8588): blockedByLocationOff callingUid=1002
09-01 14:40:09.409 V/bt_stack( 8588): [VERBOSE1:gatt_main.cc(1079)] gatt_get_ch_state: ch_state=4
09-01 14:40:09.409 I/bt_stack( 8588): [INFO:gatt_main.cc(912)] gatt_data_process op_code = 27, msg_len = 5
09-01 14:40:09.409 V/bt_stack( 8588): [VERBOSE1:gatt_cl.cc(620)] gatt_process_notification
09-01 14:40:09.409 V/bt_stack( 8588): [VERBOSE1:gatt_auth.cc(364)] gatt_get_link_encrypt_status status=0x8e
09-01 14:40:09.409 V/bt_stack( 8588): [VERBOSE1:bta_gattc_act.cc(1309)] bta_gattc_cmpl_cback: conn_id:3 op:6 status:142
09-01 14:40:09.409 V/bt_stack( 8588): [VERBOSE1:gatt_api.cc(1276)] GATT_GetConnectionInfor conn_id=0x0003
09-01 14:40:09.409 V/bt_stack( 8588): [VERBOSE1:bta_gattc_act.cc(1309)] bta_gattc_cmpl_cback: conn_id:4 op:6 status:142
09-01 14:40:09.409 V/bt_stack( 8588): [VERBOSE1:gatt_api.cc(1276)] GATT_GetConnectionInfor conn_id=0x0004
09-01 14:40:09.409 E/bt_btif ( 8588): bta_gattc_process_indicate, ignore HID ind/notificiation
09-01 14:40:09.409 V/bt_stack( 8588): [VERBOSE1:bta_gattc_act.cc(1309)] bta_gattc_cmpl_cback: conn_id:5 op:6 status:142
09-01 14:40:09.409 V/bt_stack( 8588): [VERBOSE1:gatt_api.cc(1276)] GATT_GetConnectionInfor conn_id=0x0005
09-01 14:40:09.409 V/bt_stack( 8588): [VERBOSE1:bta_gattc_act.cc(1309)] bta_gattc_cmpl_cback: conn_id:6 op:6 status:142
09-01 14:40:09.410 V/bt_stack( 8588): [VERBOSE1:gatt_api.cc(1276)] GATT_GetConnectionInfor conn_id=0x0006
09-01 14:40:09.410 V/bt_stack( 8588): [VERBOSE1:bta_gattc_act.cc(1309)] bta_gattc_cmpl_cback: conn_id:7 op:6 status:142
09-01 14:40:09.410 D/NetworkManagement( 1639): wlan0 <====> 1
09-01 14:40:09.410 V/bt_stack( 8588): [VERBOSE1:gatt_api.cc(1276)] GATT_GetConnectionInfor conn_id=0x0007
09-01 14:40:09.410 I/MiuiNetworkPolicy( 1639): label wlan0, uid 10241, active true, tsNanos 596150738135780
09-01 14:40:09.410 V/bt_stack( 8588): [VERBOSE1:bta_gattc_act.cc(1309)] bta_gattc_cmpl_cback: conn_id:8 op:6 status:142
09-01 14:40:09.410 V/bt_stack( 8588): [VERBOSE1:gatt_api.cc(1276)] GATT_GetConnectionInfor conn_id=0x0008
09-01 14:40:09.410 V/bt_stack( 8588): [VERBOSE1:bta_gattc_utils.cc(346)] Notification registered!
09-01 14:40:09.410 V/bt_stack( 8588): [VERBOSE1:bta_gattc_act.cc(1212)] bta_gattc_proc_other_indication: check p_data->att_value.handle=86 p_data->handle=0
09-01 14:40:09.410 V/bt_stack( 8588): [VERBOSE1:bta_gattc_act.cc(1216)] is_notify0
09-01 14:40:09.410 V/bt_stack( 8588): [VERBOSE1:bta_gattc_act.cc(1309)] bta_gattc_cmpl_cback: conn_id:9 op:6 status:142
09-01 14:40:09.410 V/bt_stack( 8588): [VERBOSE1:gatt_api.cc(1276)] GATT_GetConnectionInfor conn_id=0x0009
09-01 14:40:09.410 V/bt_stack( 8588): [VERBOSE1:bta_gattc_act.cc(1309)] bta_gattc_cmpl_cback: conn_id:10 op:6 status:142
09-01 14:40:09.410 V/bt_stack( 8588): [VERBOSE1:gatt_api.cc(1276)] GATT_GetConnectionInfor conn_id=0x000a
09-01 14:40:09.410 D/OemNetd (  679): setLimit: enable, rate=3227614
09-01 14:40:09.410 V/bt_stack( 8588): [VERBOSE1:bta_gattc_act.cc(1309)] bta_gattc_cmpl_cback: conn_id:11 op:6 status:142
09-01 14:40:09.410 V/bt_stack( 8588): [VERBOSE1:gatt_api.cc(1276)] GATT_GetConnectionInfor conn_id=0x000b
09-01 14:40:09.410 V/bt_stack( 8588): [VERBOSE1:bta_gattc_act.cc(1309)] bta_gattc_cmpl_cback: conn_id:12 op:6 status:142
09-01 14:40:09.410 V/bt_stack( 8588): [VERBOSE1:gatt_api.cc(1276)] GATT_GetConnectionInfor conn_id=0x000c
09-01 14:40:09.410 V/bt_stack( 8588): [VERBOSE1:bta_gattc_act.cc(1309)] bta_gattc_cmpl_cback: conn_id:13 op:6 status:142
09-01 14:40:09.410 V/bt_stack( 8588): [VERBOSE1:gatt_api.cc(1276)] GATT_GetConnectionInfor conn_id=0x000d
09-01 14:40:09.410 V/bt_stack( 8588): [VERBOSE1:bta_gattc_act.cc(1309)] bta_gattc_cmpl_cback: conn_id:14 op:6 status:142
09-01 14:40:09.410 V/bt_stack( 8588): [VERBOSE1:gatt_api.cc(1276)] GATT_GetConnectionInfor conn_id=0x000e
09-01 14:40:09.410 I/BluetoothUtils( 8588): packagename is android.uid.bluetooth:1002 ,and its permission is false
09-01 14:40:09.410 V/bt_stack( 8588): [VERBOSE1:bta_gattc_act.cc(1309)] bta_gattc_cmpl_cback: conn_id:15 op:6 status:142
09-01 14:40:09.411 V/bt_stack( 8588): [VERBOSE1:gatt_api.cc(1276)] GATT_GetConnectionInfor conn_id=0x000f
09-01 14:40:09.411 V/bt_stack( 8588): [VERBOSE1:bta_gattc_act.cc(1309)] bta_gattc_cmpl_cback: conn_id:16 op:6 status:142
09-01 14:40:09.411 D/BluetoothUtils( 8588): blockedByLocationOff callingUid=1002
09-01 14:40:09.411 V/bt_stack( 8588): [VERBOSE1:gatt_api.cc(1276)] GATT_GetConnectionInfor conn_id=0x0010
09-01 14:40:09.411 V/bt_stack( 8588): [VERBOSE1:bta_gattc_act.cc(1309)] bta_gattc_cmpl_cback: conn_id:17 op:6 status:142
09-01 14:40:09.411 V/bt_stack( 8588): [VERBOSE1:gatt_api.cc(1276)] GATT_GetConnectionInfor conn_id=0x0011
09-01 14:40:09.411 V/bt_stack( 8588): [VERBOSE1:bta_gattc_act.cc(1309)] bta_gattc_cmpl_cback: conn_id:18 op:6 status:142
09-01 14:40:09.411 V/bt_stack( 8588): [VERBOSE1:gatt_api.cc(1276)] GATT_GetConnectionInfor conn_id=0x0012
09-01 14:40:09.411 V/bt_stack( 8588): [VERBOSE1:bta_gattc_act.cc(1309)] bta_gattc_cmpl_cback: conn_id:19 op:6 status:142
09-01 14:40:09.411 V/bt_stack( 8588): [VERBOSE1:gatt_api.cc(1276)] GATT_GetConnectionInfor conn_id=0x0013
09-01 14:40:09.411 I/BluetoothUtils( 8588): packagename is android.uid.bluetooth:1002 ,and its permission is false
09-01 14:40:09.411 V/bt_stack( 8588): [VERBOSE1:bta_gattc_act.cc(1309)] bta_gattc_cmpl_cback: conn_id:20 op:6 status:142
09-01 14:40:09.411 V/bt_stack( 8588): [VERBOSE1:gatt_api.cc(1276)] GATT_GetConnectionInfor conn_id=0x0014
09-01 14:40:09.411 V/bt_stack( 8588): [VERBOSE1:bta_gattc_act.cc(1309)] bta_gattc_cmpl_cback: conn_id:21 op:6 status:142
09-01 14:40:09.411 V/bt_stack( 8588): [VERBOSE1:gatt_api.cc(1276)] GATT_GetConnectionInfor conn_id=0x0015
09-01 14:40:09.411 D/BluetoothUtils( 8588): blockedByLocationOff callingUid=1002
09-01 14:40:09.411 V/bt_stack( 8588): [VERBOSE1:gatt_main.cc(1079)] gatt_get_ch_state: ch_state=4
09-01 14:40:09.411 I/bt_stack( 8588): [INFO:gatt_main.cc(912)] gatt_data_process op_code = 27, msg_len = 9
09-01 14:40:09.411 V/bt_stack( 8588): [VERBOSE1:gatt_cl.cc(620)] gatt_process_notification
09-01 14:40:09.411 I/BluetoothUtils( 8588): packagename is android.uid.bluetooth:1002 ,and its permission is false
09-01 14:40:09.411 V/bt_stack( 8588): [VERBOSE1:gatt_auth.cc(364)] gatt_get_link_encrypt_status status=0x8e
09-01 14:40:09.411 V/bt_stack( 8588): [VERBOSE1:bta_gattc_act.cc(1309)] bta_gattc_cmpl_cback: conn_id:3 op:6 status:142
09-01 14:40:09.411 V/bt_stack( 8588): [VERBOSE1:gatt_api.cc(1276)] GATT_GetConnectionInfor conn_id=0x0003
09-01 14:40:09.411 V/bt_stack( 8588): [VERBOSE1:bta_gattc_act.cc(1309)] bta_gattc_cmpl_cback: conn_id:4 op:6 status:142
09-01 14:40:09.411 V/bt_stack( 8588): [VERBOSE1:gatt_api.cc(1276)] GATT_GetConnectionInfor conn_id=0x0004
09-01 14:40:09.412 E/bt_btif ( 8588): bta_gattc_process_indicate, ignore HID ind/notificiation
09-01 14:40:09.412 V/bt_stack( 8588): [VERBOSE1:bta_gattc_act.cc(1309)] bta_gattc_cmpl_cback: conn_id:5 op:6 status:142
09-01 14:40:09.412 V/bt_stack( 8588): [VERBOSE1:gatt_api.cc(1276)] GATT_GetConnectionInfor conn_id=0x0005
09-01 14:40:09.412 V/bt_stack( 8588): [VERBOSE1:bta_gattc_act.cc(1309)] bta_gattc_cmpl_cback: conn_id:6 op:6 status:142
09-01 14:40:09.412 V/bt_stack( 8588): [VERBOSE1:gatt_api.cc(1276)] GATT_GetConnectionInfor conn_id=0x0006
09-01 14:40:09.412 V/bt_stack( 8588): [VERBOSE1:bta_gattc_act.cc(1309)] bta_gattc_cmpl_cback: conn_id:7 op:6 status:142
09-01 14:40:09.412 V/bt_stack( 8588): [VERBOSE1:gatt_api.cc(1276)] GATT_GetConnectionInfor conn_id=0x0007
09-01 14:40:09.412 V/bt_stack( 8588): [VERBOSE1:bta_gattc_act.cc(1309)] bta_gattc_cmpl_cback: conn_id:8 op:6 status:142
09-01 14:40:09.412 V/bt_stack( 8588): [VERBOSE1:gatt_api.cc(1276)] GATT_GetConnectionInfor conn_id=0x0008
09-01 14:40:09.412 V/bt_stack( 8588): [VERBOSE1:bta_gattc_utils.cc(346)] Notification registered!
09-01 14:40:09.412 V/bt_stack( 8588): [VERBOSE1:bta_gattc_act.cc(1212)] bta_gattc_proc_other_indication: check p_data->att_value.handle=80 p_data->handle=0
09-01 14:40:09.412 V/bt_stack( 8588): [VERBOSE1:bta_gattc_act.cc(1216)] is_notify0
09-01 14:40:09.412 V/bt_stack( 8588): [VERBOSE1:bta_gattc_act.cc(1309)] bta_gattc_cmpl_cback: conn_id:9 op:6 status:142
09-01 14:40:09.412 V/bt_stack( 8588): [VERBOSE1:gatt_api.cc(1276)] GATT_GetConnectionInfor conn_id=0x0009
09-01 14:40:09.412 V/bt_stack( 8588): [VERBOSE1:bta_gattc_act.cc(1309)] bta_gattc_cmpl_cback: conn_id:10 op:6 status:142
09-01 14:40:09.412 V/bt_stack( 8588): [VERBOSE1:gatt_api.cc(1276)] GATT_GetConnectionInfor conn_id=0x000a
09-01 14:40:09.412 V/bt_stack( 8588): [VERBOSE1:bta_gattc_act.cc(1309)] bta_gattc_cmpl_cback: conn_id:11 op:6 status:142
09-01 14:40:09.412 V/bt_stack( 8588): [VERBOSE1:gatt_api.cc(1276)] GATT_GetConnectionInfor conn_id=0x000b
09-01 14:40:09.412 V/bt_stack( 8588): [VERBOSE1:bta_gattc_act.cc(1309)] bta_gattc_cmpl_cback: conn_id:12 op:6 status:142
09-01 14:40:09.412 V/bt_stack( 8588): [VERBOSE1:gatt_api.cc(1276)] GATT_GetConnectionInfor conn_id=0x000c
09-01 14:40:09.412 V/bt_stack( 8588): [VERBOSE1:bta_gattc_act.cc(1309)] bta_gattc_cmpl_cback: conn_id:13 op:6 status:142
09-01 14:40:09.412 V/bt_stack( 8588): [VERBOSE1:gatt_api.cc(1276)] GATT_GetConnectionInfor conn_id=0x000d
09-01 14:40:09.412 V/bt_stack( 8588): [VERBOSE1:bta_gattc_act.cc(1309)] bta_gattc_cmpl_cback: conn_id:14 op:6 status:142
09-01 14:40:09.412 V/bt_stack( 8588): [VERBOSE1:gatt_api.cc(1276)] GATT_GetConnectionInfor conn_id=0x000e
09-01 14:40:09.412 V/bt_stack( 8588): [VERBOSE1:bta_gattc_act.cc(1309)] bta_gattc_cmpl_cback: conn_id:15 op:6 status:142
09-01 14:40:09.413 V/bt_stack( 8588): [VERBOSE1:gatt_api.cc(1276)] GATT_GetConnectionInfor conn_id=0x000f
09-01 14:40:09.413 V/bt_stack( 8588): [VERBOSE1:bta_gattc_act.cc(1309)] bta_gattc_cmpl_cback: conn_id:16 op:6 status:142
09-01 14:40:09.413 V/bt_stack( 8588): [VERBOSE1:gatt_api.cc(1276)] GATT_GetConnectionInfor conn_id=0x0010
09-01 14:40:09.413 V/bt_stack( 8588): [VERBOSE1:bta_gattc_act.cc(1309)] bta_gattc_cmpl_cback: conn_id:17 op:6 status:142
09-01 14:40:09.413 V/bt_stack( 8588): [VERBOSE1:gatt_api.cc(1276)] GATT_GetConnectionInfor conn_id=0x0011
09-01 14:40:09.413 V/bt_stack( 8588): [VERBOSE1:bta_gattc_act.cc(1309)] bta_gattc_cmpl_cback: conn_id:18 op:6 status:142
09-01 14:40:09.413 V/bt_stack( 8588): [VERBOSE1:gatt_api.cc(1276)] GATT_GetConnectionInfor conn_id=0x0012
09-01 14:40:09.413 V/bt_stack( 8588): [VERBOSE1:bta_gattc_act.cc(1309)] bta_gattc_cmpl_cback: conn_id:19 op:6 status:142
09-01 14:40:09.413 V/bt_stack( 8588): [VERBOSE1:gatt_api.cc(1276)] GATT_GetConnectionInfor conn_id=0x0013
09-01 14:40:09.413 V/bt_stack( 8588): [VERBOSE1:bta_gattc_act.cc(1309)] bta_gattc_cmpl_cback: conn_id:20 op:6 status:142
09-01 14:40:09.413 V/bt_stack( 8588): [VERBOSE1:gatt_api.cc(1276)] GATT_GetConnectionInfor conn_id=0x0014
09-01 14:40:09.413 V/bt_stack( 8588): [VERBOSE1:bta_gattc_act.cc(1309)] bta_gattc_cmpl_cback: conn_id:21 op:6 status:142
09-01 14:40:09.413 V/bt_stack( 8588): [VERBOSE1:gatt_api.cc(1276)] GATT_GetConnectionInfor conn_id=0x0015
09-01 14:40:09.414 D/BluetoothGatt(12702): setCharacteristicNotification() - uuid: 0000000f-0000-3512-2118-0009af100700 enable: false
09-01 14:40:09.414 D/BtGatt.GattService( 8588): registerForNotification() - address=C3:D4:F4:E3:11:EC enable: false
09-01 14:40:09.415 V/bt_stack( 8588): [VERBOSE1:bta_gattc_api.cc(715)] BTA_GATTC_DeregisterForNotifications deregistered bd_addr=c3:d4:f4:e3:11:ec
09-01 14:40:09.415 D/BtGatt.GattService( 8588): onRegisterForNotifications() - address=null, status=0, registered=0, handle=86
09-01 14:40:09.416 V/bt_stack( 8588): [VERBOSE1:btm_ble_gap.cc(1923)] btm_ble_process_ext_adv_pkt: bda=75:55:30:69:5d:bf
09-01 14:40:09.416 V/bt_stack( 8588): [VERBOSE1:btm_ble_gap.cc(1847)] btm_ble_process_adv_addr: bda=75:55:30:69:5d:bf
09-01 14:40:09.416 V/bt_stack( 8588): [VERBOSE1:btm_ble_gap.cc(2052)]  Waiting for scan response 75:55:30:69:5d:bf
09-01 14:40:09.416 V/bt_stack( 8588): [VERBOSE1:btm_ble_gap.cc(1923)] btm_ble_process_ext_adv_pkt: bda=75:55:30:69:5d:bf
09-01 14:40:09.416 V/bt_stack( 8588): [VERBOSE1:btm_ble_gap.cc(1847)] btm_ble_process_adv_addr: bda=75:55:30:69:5d:bf
09-01 14:40:09.417 D/BluetoothUtils( 8588): blockedByLocationOff callingUid=1002
09-01 14:40:09.418 I/BluetoothUtils( 8588): packagename is android.uid.bluetooth:1002 ,and its permission is false
09-01 14:40:09.418 D/BluetoothUtils( 8588): blockedByLocationOff callingUid=1002
09-01 14:40:09.419 I/BluetoothUtils( 8588): packagename is android.uid.bluetooth:1002 ,and its permission is false
09-01 14:40:09.419 D/BluetoothUtils( 8588): blockedByLocationOff callingUid=1002
09-01 14:40:09.419 I/BluetoothUtils( 8588): packagename is android.uid.bluetooth:1002 ,and its permission is false
09-01 14:40:09.423 D/NetworkController.MobileSignalController(1)(29730): 4G level = 5
09-01 14:40:09.424 V/bt_stack( 8588): [VERBOSE1:gatt_main.cc(1079)] gatt_get_ch_state: ch_state=4
09-01 14:40:09.424 I/bt_stack( 8588): [INFO:gatt_main.cc(912)] gatt_data_process op_code = 19, msg_len = 0
09-01 14:40:09.424 V/bt_stack( 8588): [VERBOSE1:gatt_cl.cc(1094)] gatt_client_handle_server_rsp op_code: 19, len = 0rsp_code: 19
09-01 14:40:09.424 V/bt_stack( 8588): [VERBOSE1:gatt_utils.cc(1191)] gatt_end_operation status=0 op=3 subtype=2
09-01 14:40:09.424 V/bt_stack( 8588): [VERBOSE1:bta_gattc_act.cc(1309)] bta_gattc_cmpl_cback: conn_id:8 op:3 status:0
09-01 14:40:09.424 V/bt_stack( 8588): [VERBOSE1:bta_gattc_main.cc(361)] bta_gattc_hdl_event: Event:BTA_GATTC_OP_CMPL_EVT
09-01 14:40:09.424 V/bt_stack( 8588): [VERBOSE1:bta_gattc_main.cc(305)] bta_gattc_sm_execute: State 0x02 [GATTC_CONN_ST], Event 0x1f0f[BTA_GATTC_OP_CMPL_EVT]
09-01 14:40:09.424 V/bt_stack( 8588): [VERBOSE1:bta_gattc_act.cc(936)] bta_gattc_op_cmpl: op:3
09-01 14:40:09.424 V/bt_stack( 8588): [VERBOSE1:bta_gattc_main.cc(341)] bta_gattc_sm_execute: GATTC State Change: 0x02 -> 0x02 after Event 0x1f0f
09-01 14:40:09.426 V/bt_stack( 8588): [VERBOSE1:bta_gattc_main.cc(361)] bta_gattc_hdl_event: Event:BTA_GATTC_API_WRITE_EVT
09-01 14:40:09.426 V/bt_stack( 8588): [VERBOSE1:bta_gattc_main.cc(305)] bta_gattc_sm_execute: State 0x02 [GATTC_CONN_ST], Event 0x1f05[BTA_GATTC_API_WRITE_EVT]
09-01 14:40:09.427 V/bt_stack( 8588): [VERBOSE1:bta_gattc_main.cc(341)] bta_gattc_sm_execute: GATTC State Change: 0x02 -> 0x02 after Event 0x1f05
09-01 14:40:09.453 V/bt_stack( 8588): [VERBOSE1:gatt_main.cc(1079)] gatt_get_ch_state: ch_state=4
09-01 14:40:09.453 I/bt_stack( 8588): [INFO:gatt_main.cc(912)] gatt_data_process op_code = 19, msg_len = 0
09-01 14:40:09.453 V/bt_stack( 8588): [VERBOSE1:gatt_cl.cc(1094)] gatt_client_handle_server_rsp op_code: 19, len = 0rsp_code: 19
09-01 14:40:09.453 V/bt_stack( 8588): [VERBOSE1:gatt_utils.cc(1191)] gatt_end_operation status=0 op=3 subtype=2
09-01 14:40:09.454 V/bt_stack( 8588): [VERBOSE1:bta_gattc_act.cc(1309)] bta_gattc_cmpl_cback: conn_id:8 op:3 status:0
09-01 14:40:09.454 V/bt_stack( 8588): [VERBOSE1:bta_gattc_main.cc(361)] bta_gattc_hdl_event: Event:BTA_GATTC_OP_CMPL_EVT
09-01 14:40:09.454 V/bt_stack( 8588): [VERBOSE1:bta_gattc_main.cc(305)] bta_gattc_sm_execute: State 0x02 [GATTC_CONN_ST], Event 0x1f0f[BTA_GATTC_OP_CMPL_EVT]
09-01 14:40:09.454 V/bt_stack( 8588): [VERBOSE1:bta_gattc_act.cc(936)] bta_gattc_op_cmpl: op:3
09-01 14:40:09.454 V/bt_stack( 8588): [VERBOSE1:bta_gattc_main.cc(341)] bta_gattc_sm_execute: GATTC State Change: 0x02 -> 0x02 after Event 0x1f0f
09-01 14:40:09.456 V/bt_stack( 8588): [VERBOSE1:bta_gattc_main.cc(361)] bta_gattc_hdl_event: Event:BTA_GATTC_API_WRITE_EVT
09-01 14:40:09.456 V/bt_stack( 8588): [VERBOSE1:bta_gattc_main.cc(305)] bta_gattc_sm_execute: State 0x02 [GATTC_CONN_ST], Event 0x1f05[BTA_GATTC_API_WRITE_EVT]
09-01 14:40:09.456 V/bt_stack( 8588): [VERBOSE1:bta_gattc_main.cc(341)] bta_gattc_sm_execute: GATTC State Change: 0x02 -> 0x02 after Event 0x1f05
09-01 14:40:09.457 I/hwservicemanager(  573): getTransport: Cannot find entry android.hardware.graphics.mapper@3.0::IMapper/default in either framework or device manifest.
09-01 14:40:09.457 W/Gralloc3(13148): mapper 3.x is not supported
09-01 14:40:09.464 V/AsyncHttpResponse(12702): Progress 117 from 117 (100%)
09-01 14:40:09.464 V/AsyncHttpResponse(12702): Progress 315 from 315 (100%)
09-01 14:40:09.460 W/screencap(13148): type=1400 audit(0.0:64093): avc: denied { search } for name="kgsl" dev="sysfs" ino=55624 scontext=u:r:shell:s0 tcontext=u:object_r:sysfs_kgsl:s0 tclass=dir permissive=0
09-01 14:40:09.465 W/AdrenoUtils(13148): <ReadGpuID_from_sysfs:194>: Failed to open /sys/class/kgsl/kgsl-3d0/gpu_model
09-01 14:40:09.466 W/AdrenoUtils(13148): <ReadGpuID:218>: Failed to read chip ID from gpu_model. Fallback to use the GSL path
09-01 14:40:09.475 W/RecentsModel( 7676): onTaskStackChangedBackground: start loading
09-01 14:40:09.475 W/RecentsModel( 7676): getTaskInfoIgnoreHomeAndSplit   taskInfo=ComponentInfo{com.xiaomi.hm.health/com.xiaomi.hm.health.activity.MainTabActivity}
09-01 14:40:09.476 W/RecentsModel( 7676): getTaskInfoIgnoreHomeAndFreeform   taskInfo=ComponentInfo{com.xiaomi.hm.health/com.xiaomi.hm.health.activity.MainTabActivity}
09-01 14:40:09.476 W/RecentsModel( 7676): getTaskInfoIgnoreFreeform   taskInfo=ComponentInfo{com.xiaomi.hm.health/com.xiaomi.hm.health.activity.MainTabActivity}
09-01 14:40:09.476 W/RecentsModel( 7676): onTaskStackChangedBackground: finishLoading loading
09-01 14:40:09.486 V/bt_stack( 8588): [VERBOSE1:btm_ble_gap.cc(1923)] btm_ble_process_ext_adv_pkt: bda=7b:37:7f:df:22:35
09-01 14:40:09.486 V/bt_stack( 8588): [VERBOSE1:btm_ble_gap.cc(1847)] btm_ble_process_adv_addr: bda=7b:37:7f:df:22:35
09-01 14:40:09.486 V/bt_stack( 8588): [VERBOSE1:btm_ble_gap.cc(2052)]  Waiting for scan response 7b:37:7f:df:22:35
09-01 14:40:09.486 V/bt_stack( 8588): [VERBOSE1:btm_ble_gap.cc(1923)] btm_ble_process_ext_adv_pkt: bda=1c:91:72:ba:f7:2e
09-01 14:40:09.486 V/bt_stack( 8588): [VERBOSE1:btm_ble_gap.cc(1847)] btm_ble_process_adv_addr: bda=1c:91:72:ba:f7:2e
09-01 14:40:09.487 D/BluetoothUtils( 8588): blockedByLocationOff callingUid=1002
09-01 14:40:09.487 I/BluetoothUtils( 8588): packagename is android.uid.bluetooth:1002 ,and its permission is false
09-01 14:40:09.487 D/BluetoothUtils( 8588): blockedByLocationOff callingUid=1002
09-01 14:40:09.487 I/BluetoothUtils( 8588): packagename is android.uid.bluetooth:1002 ,and its permission is false
09-01 14:40:09.488 D/BluetoothUtils( 8588): blockedByLocationOff callingUid=1002
09-01 14:40:09.488 I/BluetoothUtils( 8588): packagename is android.uid.bluetooth:1002 ,and its permission is false
09-01 14:40:09.492 V/bt_stack( 8588): [VERBOSE1:btm_ble_gap.cc(1923)] btm_ble_process_ext_adv_pkt: bda=32:d2:03:03:d2:bd
09-01 14:40:09.492 V/bt_stack( 8588): [VERBOSE1:btm_ble_gap.cc(1847)] btm_ble_process_adv_addr: bda=32:d2:03:03:d2:bd
09-01 14:40:09.493 D/BluetoothUtils( 8588): blockedByLocationOff callingUid=1002
09-01 14:40:09.493 I/BluetoothUtils( 8588): packagename is android.uid.bluetooth:1002 ,and its permission is false
09-01 14:40:09.493 D/BluetoothUtils( 8588): blockedByLocationOff callingUid=1002
09-01 14:40:09.493 I/BluetoothUtils( 8588): packagename is android.uid.bluetooth:1002 ,and its permission is false
09-01 14:40:09.494 D/BluetoothUtils( 8588): blockedByLocationOff callingUid=1002
09-01 14:40:09.494 I/BluetoothUtils( 8588): packagename is android.uid.bluetooth:1002 ,and its permission is false
09-01 14:40:09.501 V/bt_stack( 8588): [VERBOSE1:btm_ble_gap.cc(1923)] btm_ble_process_ext_adv_pkt: bda=c2:3b:1c:22:11:66
09-01 14:40:09.501 V/bt_stack( 8588): [VERBOSE1:btm_ble_gap.cc(1847)] btm_ble_process_adv_addr: bda=c2:3b:1c:22:11:66
09-01 14:40:09.501 V/bt_stack( 8588): [VERBOSE1:btm_ble_gap.cc(2052)]  Waiting for scan response c2:3b:1c:22:11:66
09-01 14:40:09.501 V/bt_stack( 8588): [VERBOSE1:btm_ble_gap.cc(1923)] btm_ble_process_ext_adv_pkt: bda=c2:3b:1c:22:11:66
09-01 14:40:09.501 V/bt_stack( 8588): [VERBOSE1:btm_ble_gap.cc(1847)] btm_ble_process_adv_addr: bda=c2:3b:1c:22:11:66
09-01 14:40:09.502 D/BluetoothUtils( 8588): blockedByLocationOff callingUid=1002
09-01 14:40:09.502 I/BluetoothUtils( 8588): packagename is android.uid.bluetooth:1002 ,and its permission is false
09-01 14:40:09.502 D/BluetoothUtils( 8588): blockedByLocationOff callingUid=1002
09-01 14:40:09.503 I/BluetoothUtils( 8588): packagename is android.uid.bluetooth:1002 ,and its permission is false
09-01 14:40:09.503 D/BluetoothUtils( 8588): blockedByLocationOff callingUid=1002
09-01 14:40:09.503 V/bt_stack( 8588): [VERBOSE1:btm_ble_gap.cc(1923)] btm_ble_process_ext_adv_pkt: bda=06:fa:50:9b:39:c0
09-01 14:40:09.503 V/bt_stack( 8588): [VERBOSE1:btm_ble_gap.cc(1847)] btm_ble_process_adv_addr: bda=06:fa:50:9b:39:c0
09-01 14:40:09.503 I/BluetoothUtils( 8588): packagename is android.uid.bluetooth:1002 ,and its permission is false
09-01 14:40:09.504 D/BluetoothUtils( 8588): blockedByLocationOff callingUid=1002
09-01 14:40:09.504 I/BluetoothUtils( 8588): packagename is android.uid.bluetooth:1002 ,and its permission is false
09-01 14:40:09.504 D/BluetoothUtils( 8588): blockedByLocationOff callingUid=1002
09-01 14:40:09.504 I/BluetoothUtils( 8588): packagename is android.uid.bluetooth:1002 ,and its permission is false
09-01 14:40:09.504 D/BluetoothUtils( 8588): blockedByLocationOff callingUid=1002
09-01 14:40:09.504 I/BluetoothUtils( 8588): packagename is android.uid.bluetooth:1002 ,and its permission is false
09-01 14:40:09.509 V/bt_stack( 8588): [VERBOSE1:btm_ble_gap.cc(1923)] btm_ble_process_ext_adv_pkt: bda=56:23:e7:94:9e:a9
09-01 14:40:09.509 V/bt_stack( 8588): [VERBOSE1:btm_ble_gap.cc(1847)] btm_ble_process_adv_addr: bda=56:23:e7:94:9e:a9
09-01 14:40:09.509 V/bt_stack( 8588): [VERBOSE1:btm_ble_gap.cc(2052)]  Waiting for scan response 56:23:e7:94:9e:a9
09-01 14:40:09.509 V/bt_stack( 8588): [VERBOSE1:btm_ble_gap.cc(1923)] btm_ble_process_ext_adv_pkt: bda=46:25:ff:ec:21:0b
09-01 14:40:09.509 V/bt_stack( 8588): [VERBOSE1:btm_ble_gap.cc(1847)] btm_ble_process_adv_addr: bda=46:25:ff:ec:21:0b
09-01 14:40:09.509 V/bt_stack( 8588): [VERBOSE1:btm_ble_gap.cc(2052)]  Waiting for scan response 46:25:ff:ec:21:0b
09-01 14:40:09.509 V/bt_stack( 8588): [VERBOSE1:btm_ble_gap.cc(1923)] btm_ble_process_ext_adv_pkt: bda=46:25:ff:ec:21:0b
09-01 14:40:09.509 V/bt_stack( 8588): [VERBOSE1:btm_ble_gap.cc(1847)] btm_ble_process_adv_addr: bda=46:25:ff:ec:21:0b
09-01 14:40:09.510 D/BluetoothUtils( 8588): blockedByLocationOff callingUid=1002
09-01 14:40:09.511 I/BluetoothUtils( 8588): packagename is android.uid.bluetooth:1002 ,and its permission is false
09-01 14:40:09.511 D/BluetoothUtils( 8588): blockedByLocationOff callingUid=1002
09-01 14:40:09.511 I/BluetoothUtils( 8588): packagename is android.uid.bluetooth:1002 ,and its permission is false
09-01 14:40:09.511 D/BluetoothUtils( 8588): blockedByLocationOff callingUid=1002
09-01 14:40:09.511 I/BluetoothUtils( 8588): packagename is android.uid.bluetooth:1002 ,and its permission is false
09-01 14:40:09.513 V/bt_stack( 8588): [VERBOSE1:btm_ble_gap.cc(1923)] btm_ble_process_ext_adv_pkt: bda=66:3e:07:e0:2b:d4
09-01 14:40:09.513 V/bt_stack( 8588): [VERBOSE1:btm_ble_gap.cc(1847)] btm_ble_process_adv_addr: bda=66:3e:07:e0:2b:d4
09-01 14:40:09.513 V/bt_stack( 8588): [VERBOSE1:btm_ble_gap.cc(2052)]  Waiting for scan response 66:3e:07:e0:2b:d4
09-01 14:40:09.513 V/bt_stack( 8588): [VERBOSE1:btm_ble_gap.cc(1923)] btm_ble_process_ext_adv_pkt: bda=66:3e:07:e0:2b:d4
09-01 14:40:09.513 V/bt_stack( 8588): [VERBOSE1:btm_ble_gap.cc(1847)] btm_ble_process_adv_addr: bda=66:3e:07:e0:2b:d4
09-01 14:40:09.513 D/BluetoothUtils( 8588): blockedByLocationOff callingUid=1002
09-01 14:40:09.513 I/BluetoothUtils( 8588): packagename is android.uid.bluetooth:1002 ,and its permission is false
09-01 14:40:09.514 D/BluetoothUtils( 8588): blockedByLocationOff callingUid=1002
09-01 14:40:09.514 I/BluetoothUtils( 8588): packagename is android.uid.bluetooth:1002 ,and its permission is false
09-01 14:40:09.514 D/BluetoothUtils( 8588): blockedByLocationOff callingUid=1002
09-01 14:40:09.514 I/BluetoothUtils( 8588): packagename is android.uid.bluetooth:1002 ,and its permission is false
09-01 14:40:09.516 V/bt_stack( 8588): [VERBOSE1:btm_ble_gap.cc(1923)] btm_ble_process_ext_adv_pkt: bda=01:f5:30:c0:9b:7a
09-01 14:40:09.516 V/bt_stack( 8588): [VERBOSE1:btm_ble_gap.cc(1847)] btm_ble_process_adv_addr: bda=01:f5:30:c0:9b:7a
09-01 14:40:09.517 I/Timeline( 1639): Timeline: App_transition_ready time:211975534
09-01 14:40:09.517 D/BluetoothUtils( 8588): blockedByLocationOff callingUid=1002
09-01 14:40:09.518 I/BluetoothUtils( 8588): packagename is android.uid.bluetooth:1002 ,and its permission is false
09-01 14:40:09.518 D/BluetoothUtils( 8588): blockedByLocationOff callingUid=1002
09-01 14:40:09.518 I/BluetoothUtils( 8588): packagename is android.uid.bluetooth:1002 ,and its permission is false
09-01 14:40:09.518 D/BluetoothUtils( 8588): blockedByLocationOff callingUid=1002
09-01 14:40:09.518 I/BluetoothUtils( 8588): packagename is android.uid.bluetooth:1002 ,and its permission is false
09-01 14:40:09.523 I/Timeline( 1639): Timeline: App_transition_ready time:211975540
09-01 14:40:09.524 D/WindowManager( 1639): Input focus has changed to Window{6a83e2b u0 com.xiaomi.hm.health/com.xiaomi.hm.health.activity.MainTabActivity}
09-01 14:40:09.540 V/bt_stack( 8588): [VERBOSE1:btm_ble_gap.cc(1923)] btm_ble_process_ext_adv_pkt: bda=ef:78:8a:8d:25:f2
09-01 14:40:09.540 D/[Koin]  (12702): +- get 'com.huami.femalehealth.uilib.O00000o0.O0000Oo'
09-01 14:40:09.540 V/bt_stack( 8588): [VERBOSE1:btm_ble_gap.cc(1847)] btm_ble_process_adv_addr: bda=ef:78:8a:8d:25:f2
09-01 14:40:09.540 D/[Koin]  (12702): | create instance for [type:Factory,primary_type:'com.huami.femalehealth.uilib.O00000o0.O0000Oo']
09-01 14:40:09.540 V/bt_stack( 8588): [VERBOSE1:btm_ble_gap.cc(2052)]  Waiting for scan response ef:78:8a:8d:25:f2
09-01 14:40:09.540 D/[Koin]  (12702): +- get 'com.huami.femalehealth.logiclib.O00000oO.O00oOooO'
09-01 14:40:09.540 D/[Koin]  (12702): +- got 'com.huami.femalehealth.logiclib.O00000oO.O00oOooO' in 0.018021 ms
09-01 14:40:09.540 D/[Koin]  (12702): +- get 'com.huami.femalehealth.logiclib.O0000O0o.O00000o'
09-01 14:40:09.540 D/[Koin]  (12702): | create instance for [type:Factory,primary_type:'com.huami.femalehealth.logiclib.O0000O0o.O00000o']
09-01 14:40:09.541 D/[Koin]  (12702): +- get 'com.huami.femalehealth.logiclib.O00000oO.O0000O0o'
09-01 14:40:09.541 D/[Koin]  (12702): +- got 'com.huami.femalehealth.logiclib.O00000oO.O0000O0o' in 0.00599 ms
09-01 14:40:09.541 D/[Koin]  (12702): +- get 'com.huami.femalehealth.logiclib.O000000o.O00000Oo'
09-01 14:40:09.541 D/[Koin]  (12702): +- got 'com.huami.femalehealth.logiclib.O000000o.O00000Oo' in 0.005052 ms
09-01 14:40:09.541 D/[Koin]  (12702): +- get 'com.huami.femalehealth.logiclib.db.FemaleHealthDb'
09-01 14:40:09.541 D/[Koin]  (12702): +- got 'com.huami.femalehealth.logiclib.db.FemaleHealthDb' in 0.005 ms
09-01 14:40:09.541 D/[Koin]  (12702): +- get 'com.huami.femalehealth.logiclib.O00000Oo.O00000o'
09-01 14:40:09.541 D/[Koin]  (12702): | create instance for [type:Factory,primary_type:'com.huami.femalehealth.logiclib.O00000Oo.O00000o']
09-01 14:40:09.541 D/[Koin]  (12702): +- get 'com.huami.femalehealth.logiclib.O00000oO.O0000O0o'
09-01 14:40:09.541 D/[Koin]  (12702): +- got 'com.huami.femalehealth.logiclib.O00000oO.O0000O0o' in 0.004635 ms
09-01 14:40:09.541 D/[Koin]  (12702): +- get 'com.huami.femalehealth.logiclib.O000000o.O00000Oo'
09-01 14:40:09.541 D/[Koin]  (12702): +- got 'com.huami.femalehealth.logiclib.O000000o.O00000Oo' in 0.011615 ms
09-01 14:40:09.541 D/[Koin]  (12702): +- get 'com.huami.femalehealth.logiclib.db.FemaleHealthDb'
09-01 14:40:09.541 D/[Koin]  (12702): +- got 'com.huami.femalehealth.logiclib.db.FemaleHealthDb' in 0.004167 ms
09-01 14:40:09.541 D/[Koin]  (12702): +- get 'com.huami.femalehealth.logiclib.O00000Oo.O00000Oo'
09-01 14:40:09.541 D/[Koin]  (12702): +- got 'com.huami.femalehealth.logiclib.O00000Oo.O00000Oo' in 0.008073 ms
09-01 14:40:09.541 D/[Koin]  (12702): +- get 'com.huami.femalehealth.logiclib.O00000oO.O00oOooO'
09-01 14:40:09.541 D/[Koin]  (12702): +- got 'com.huami.femalehealth.logiclib.O00000oO.O00oOooO' in 0.005521 ms
09-01 14:40:09.541 D/[Koin]  (12702): +- got 'com.huami.femalehealth.logiclib.O00000Oo.O00000o' in 0.231197 ms
09-01 14:40:09.541 D/[Koin]  (12702): +- get 'com.huami.femalehealth.logiclib.O00000Oo.O00000o0'
09-01 14:40:09.541 D/[Koin]  (12702): | create instance for [type:Factory,primary_type:'com.huami.femalehealth.logiclib.O00000Oo.O00000o0']
09-01 14:40:09.541 D/[Koin]  (12702): +- got 'com.huami.femalehealth.logiclib.O00000Oo.O00000o0' in 0.02724 ms
09-01 14:40:09.541 D/[Koin]  (12702): +- got 'com.huami.femalehealth.logiclib.O0000O0o.O00000o' in 0.518021 ms
09-01 14:40:09.541 D/[Koin]  (12702): +- got 'com.huami.femalehealth.uilib.O00000o0.O0000Oo' in 1.013906 ms
09-01 14:40:09.544 I/Timeline( 1639): Timeline: App_transition_ready time:211975561
09-01 14:40:09.550 V/bt_stack( 8588): [VERBOSE1:btm_ble_gap.cc(1923)] btm_ble_process_ext_adv_pkt: bda=41:d6:cb:db:d1:76
09-01 14:40:09.550 V/bt_stack( 8588): [VERBOSE1:btm_ble_gap.cc(1847)] btm_ble_process_adv_addr: bda=41:d6:cb:db:d1:76
09-01 14:40:09.550 V/bt_stack( 8588): [VERBOSE1:btm_ble_gap.cc(2052)]  Waiting for scan response 41:d6:cb:db:d1:76
09-01 14:40:09.550 V/bt_stack( 8588): [VERBOSE1:btm_ble_gap.cc(1923)] btm_ble_process_ext_adv_pkt: bda=17:7e:29:ab:4e:d0
09-01 14:40:09.550 V/bt_stack( 8588): [VERBOSE1:btm_ble_gap.cc(1847)] btm_ble_process_adv_addr: bda=17:7e:29:ab:4e:d0
09-01 14:40:09.551 D/BluetoothUtils( 8588): blockedByLocationOff callingUid=1002
09-01 14:40:09.551 I/BluetoothUtils( 8588): packagename is android.uid.bluetooth:1002 ,and its permission is false
09-01 14:40:09.552 D/BluetoothUtils( 8588): blockedByLocationOff callingUid=1002
09-01 14:40:09.552 I/BluetoothUtils( 8588): packagename is android.uid.bluetooth:1002 ,and its permission is false
09-01 14:40:09.552 D/BluetoothUtils( 8588): blockedByLocationOff callingUid=1002
09-01 14:40:09.552 I/BluetoothUtils( 8588): packagename is android.uid.bluetooth:1002 ,and its permission is false
09-01 14:40:09.557 V/bt_stack( 8588): [VERBOSE1:btm_ble_gap.cc(1923)] btm_ble_process_ext_adv_pkt: bda=03:d8:93:20:a7:46
09-01 14:40:09.557 V/bt_stack( 8588): [VERBOSE1:btm_ble_gap.cc(1847)] btm_ble_process_adv_addr: bda=03:d8:93:20:a7:46
09-01 14:40:09.558 D/BluetoothUtils( 8588): blockedByLocationOff callingUid=1002
09-01 14:40:09.558 I/BluetoothUtils( 8588): packagename is android.uid.bluetooth:1002 ,and its permission is false
09-01 14:40:09.559 D/BluetoothUtils( 8588): blockedByLocationOff callingUid=1002
09-01 14:40:09.559 I/BluetoothUtils( 8588): packagename is android.uid.bluetooth:1002 ,and its permission is false
09-01 14:40:09.559 D/BluetoothUtils( 8588): blockedByLocationOff callingUid=1002
09-01 14:40:09.559 I/BluetoothUtils( 8588): packagename is android.uid.bluetooth:1002 ,and its permission is false
09-01 14:40:09.571 V/bt_stack( 8588): [VERBOSE1:btm_ble_gap.cc(1923)] btm_ble_process_ext_adv_pkt: bda=45:55:7e:66:6f:d0
09-01 14:40:09.571 V/bt_stack( 8588): [VERBOSE1:btm_ble_gap.cc(1847)] btm_ble_process_adv_addr: bda=45:55:7e:66:6f:d0
09-01 14:40:09.571 V/bt_stack( 8588): [VERBOSE1:btm_ble_gap.cc(2052)]  Waiting for scan response 45:55:7e:66:6f:d0
09-01 14:40:09.572 V/bt_stack( 8588): [VERBOSE1:btm_ble_gap.cc(1923)] btm_ble_process_ext_adv_pkt: bda=db:10:f5:c4:2c:b0
09-01 14:40:09.573 V/bt_stack( 8588): [VERBOSE1:btm_ble_gap.cc(1847)] btm_ble_process_adv_addr: bda=db:10:f5:c4:2c:b0
