09-01 14:40:10.456 I/BluetoothUtils( 8588): packagename is android.uid.bluetooth:1002 ,and its permission is false
09-01 14:40:10.456 I/vendor.qti.bluetooth@1.0-ibs_handler(19843): DeviceSleep: TX Awake, Sending SLEEP_IND
09-01 14:40:10.466 V/bt_stack( 8588): [VERBOSE1:btm_ble_gap.cc(1923)] btm_ble_process_ext_adv_pkt: bda=56:e4:da:79:d5:88
09-01 14:40:10.467 V/bt_stack( 8588): [VERBOSE1:btm_ble_gap.cc(1847)] btm_ble_process_adv_addr: bda=56:e4:da:79:d5:88
09-01 14:40:10.467 V/bt_stack( 8588): [VERBOSE1:btm_ble_gap.cc(2052)]  Waiting for scan response 56:e4:da:79:d5:88
09-01 14:40:10.467 V/bt_stack( 8588): [VERBOSE1:btm_ble_gap.cc(1923)] btm_ble_process_ext_adv_pkt: bda=56:e4:da:79:d5:88
09-01 14:40:10.467 V/bt_stack( 8588): [VERBOSE1:btm_ble_gap.cc(1847)] btm_ble_process_adv_addr: bda=56:e4:da:79:d5:88
09-01 14:40:10.468 D/BluetoothUtils( 8588): blockedByLocationOff callingUid=1002
09-01 14:40:10.469 I/BluetoothUtils( 8588): packagename is android.uid.bluetooth:1002 ,and its permission is false
09-01 14:40:10.469 D/BluetoothUtils( 8588): blockedByLocationOff callingUid=1002
09-01 14:40:10.469 I/BluetoothUtils( 8588): packagename is android.uid.bluetooth:1002 ,and its permission is false
09-01 14:40:10.469 D/BluetoothUtils( 8588): blockedByLocationOff callingUid=1002
09-01 14:40:10.469 V/bt_stack( 8588): [VERBOSE1:btm_ble_gap.cc(1923)] btm_ble_process_ext_adv_pkt: bda=05:d9:72:f7:0f:69
09-01 14:40:10.469 V/bt_stack( 8588): [VERBOSE1:btm_ble_gap.cc(1847)] btm_ble_process_adv_addr: bda=05:d9:72:f7:0f:69
09-01 14:40:10.469 I/BluetoothUtils( 8588): packagename is android.uid.bluetooth:1002 ,and its permission is false
09-01 14:40:10.470 D/BluetoothUtils( 8588): blockedByLocationOff callingUid=1002
09-01 14:40:10.471 I/BluetoothUtils( 8588): packagename is android.uid.bluetooth:1002 ,and its permission is false
09-01 14:40:10.471 D/BluetoothUtils( 8588): blockedByLocationOff callingUid=1002
09-01 14:40:10.471 I/BluetoothUtils( 8588): packagename is android.uid.bluetooth:1002 ,and its permission is false
09-01 14:40:10.471 D/BluetoothUtils( 8588): blockedByLocationOff callingUid=1002
09-01 14:40:10.471 I/BluetoothUtils( 8588): packagename is android.uid.bluetooth:1002 ,and its permission is false
09-01 14:40:10.478 V/bt_stack( 8588): [VERBOSE1:btm_ble_gap.cc(1923)] btm_ble_process_ext_adv_pkt: bda=44:ca:73:cc:df:42
09-01 14:40:10.478 V/bt_stack( 8588): [VERBOSE1:btm_ble_gap.cc(1847)] btm_ble_process_adv_addr: bda=44:ca:73:cc:df:42
09-01 14:40:10.478 V/bt_stack( 8588): [VERBOSE1:btm_ble_gap.cc(2052)]  Waiting for scan response 44:ca:73:cc:df:42
09-01 14:40:10.478 V/bt_stack( 8588): [VERBOSE1:btm_ble_gap.cc(1923)] btm_ble_process_ext_adv_pkt: bda=44:ca:73:cc:df:42
09-01 14:40:10.478 V/bt_stack( 8588): [VERBOSE1:btm_ble_gap.cc(1847)] btm_ble_process_adv_addr: bda=44:ca:73:cc:df:42
09-01 14:40:10.480 D/BluetoothUtils( 8588): blockedByLocationOff callingUid=1002
09-01 14:40:10.480 I/BluetoothUtils( 8588): packagename is android.uid.bluetooth:1002 ,and its permission is false
09-01 14:40:10.480 D/BluetoothUtils( 8588): blockedByLocationOff callingUid=1002
09-01 14:40:10.481 I/BluetoothUtils( 8588): packagename is android.uid.bluetooth:1002 ,and its permission is false
09-01 14:40:10.481 D/BluetoothUtils( 8588): blockedByLocationOff callingUid=1002
09-01 14:40:10.481 I/BluetoothUtils( 8588): packagename is android.uid.bluetooth:1002 ,and its permission is false
09-01 14:40:10.485 V/bt_stack( 8588): [VERBOSE1:btm_ble_gap.cc(1923)] btm_ble_process_ext_adv_pkt: bda=d3:ce:19:45:b1:77
09-01 14:40:10.485 V/bt_stack( 8588): [VERBOSE1:btm_ble_gap.cc(1847)] btm_ble_process_adv_addr: bda=d3:ce:19:45:b1:77
09-01 14:40:10.485 V/bt_stack( 8588): [VERBOSE1:btm_ble_gap.cc(2052)]  Waiting for scan response d3:ce:19:45:b1:77
09-01 14:40:10.485 V/bt_stack( 8588): [VERBOSE1:btm_ble_gap.cc(1923)] btm_ble_process_ext_adv_pkt: bda=d3:ce:19:45:b1:77
09-01 14:40:10.485 V/bt_stack( 8588): [VERBOSE1:btm_ble_gap.cc(1847)] btm_ble_process_adv_addr: bda=d3:ce:19:45:b1:77
09-01 14:40:10.486 D/BluetoothUtils( 8588): blockedByLocationOff callingUid=1002
09-01 14:40:10.486 I/BluetoothUtils( 8588): packagename is android.uid.bluetooth:1002 ,and its permission is false
09-01 14:40:10.486 D/BluetoothUtils( 8588): blockedByLocationOff callingUid=1002
09-01 14:40:10.487 I/BluetoothUtils( 8588): packagename is android.uid.bluetooth:1002 ,and its permission is false
09-01 14:40:10.487 D/BluetoothUtils( 8588): blockedByLocationOff callingUid=1002
09-01 14:40:10.487 I/BluetoothUtils( 8588): packagename is android.uid.bluetooth:1002 ,and its permission is false
09-01 14:40:10.496 V/bt_stack( 8588): [VERBOSE1:btm_ble_gap.cc(1923)] btm_ble_process_ext_adv_pkt: bda=03:d8:93:20:a7:46
09-01 14:40:10.496 V/bt_stack( 8588): [VERBOSE1:btm_ble_gap.cc(1847)] btm_ble_process_adv_addr: bda=03:d8:93:20:a7:46
09-01 14:40:10.498 D/BluetoothUtils( 8588): blockedByLocationOff callingUid=1002
09-01 14:40:10.498 I/BluetoothUtils( 8588): packagename is android.uid.bluetooth:1002 ,and its permission is false
09-01 14:40:10.498 D/BluetoothUtils( 8588): blockedByLocationOff callingUid=1002
09-01 14:40:10.499 I/BluetoothUtils( 8588): packagename is android.uid.bluetooth:1002 ,and its permission is false
09-01 14:40:10.499 D/BluetoothUtils( 8588): blockedByLocationOff callingUid=1002
09-01 14:40:10.499 I/BluetoothUtils( 8588): packagename is android.uid.bluetooth:1002 ,and its permission is false
09-01 14:40:10.501 V/bt_stack( 8588): [VERBOSE1:btm_ble_gap.cc(1923)] btm_ble_process_ext_adv_pkt: bda=53:20:ff:cd:6c:a4
09-01 14:40:10.501 V/bt_stack( 8588): [VERBOSE1:btm_ble_gap.cc(1847)] btm_ble_process_adv_addr: bda=53:20:ff:cd:6c:a4
09-01 14:40:10.501 V/bt_stack( 8588): [VERBOSE1:btm_ble_gap.cc(2052)]  Waiting for scan response 53:20:ff:cd:6c:a4
09-01 14:40:10.502 V/bt_stack( 8588): [VERBOSE1:btm_ble_gap.cc(1923)] btm_ble_process_ext_adv_pkt: bda=d3:e3:41:80:f1:8d
09-01 14:40:10.502 V/bt_stack( 8588): [VERBOSE1:btm_ble_gap.cc(1847)] btm_ble_process_adv_addr: bda=d3:e3:41:80:f1:8d
09-01 14:40:10.502 V/bt_stack( 8588): [VERBOSE1:btm_ble_gap.cc(2052)]  Waiting for scan response d3:e3:41:80:f1:8d
09-01 14:40:10.502 V/bt_stack( 8588): [VERBOSE1:btm_ble_gap.cc(1923)] btm_ble_process_ext_adv_pkt: bda=d3:e3:41:80:f1:8d
09-01 14:40:10.502 V/bt_stack( 8588): [VERBOSE1:btm_ble_gap.cc(1847)] btm_ble_process_adv_addr: bda=d3:e3:41:80:f1:8d
09-01 14:40:10.503 D/BluetoothUtils( 8588): blockedByLocationOff callingUid=1002
09-01 14:40:10.504 I/BluetoothUtils( 8588): packagename is android.uid.bluetooth:1002 ,and its permission is false
09-01 14:40:10.504 D/BluetoothUtils( 8588): blockedByLocationOff callingUid=1002
09-01 14:40:10.504 I/BluetoothUtils( 8588): packagename is android.uid.bluetooth:1002 ,and its permission is false
09-01 14:40:10.504 D/BluetoothUtils( 8588): blockedByLocationOff callingUid=1002
09-01 14:40:10.504 I/BluetoothUtils( 8588): packagename is android.uid.bluetooth:1002 ,and its permission is false
09-01 14:40:10.506 V/bt_stack( 8588): [VERBOSE1:btm_ble_gap.cc(1923)] btm_ble_process_ext_adv_pkt: bda=63:53:07:fa:3c:f1
09-01 14:40:10.506 V/bt_stack( 8588): [VERBOSE1:btm_ble_gap.cc(1847)] btm_ble_process_adv_addr: bda=63:53:07:fa:3c:f1
09-01 14:40:10.507 D/BluetoothUtils( 8588): blockedByLocationOff callingUid=1002
09-01 14:40:10.508 I/BluetoothUtils( 8588): packagename is android.uid.bluetooth:1002 ,and its permission is false
09-01 14:40:10.508 D/BluetoothUtils( 8588): blockedByLocationOff callingUid=1002
09-01 14:40:10.508 I/BluetoothUtils( 8588): packagename is android.uid.bluetooth:1002 ,and its permission is false
09-01 14:40:10.508 D/BluetoothUtils( 8588): blockedByLocationOff callingUid=1002
09-01 14:40:10.508 I/BluetoothUtils( 8588): packagename is android.uid.bluetooth:1002 ,and its permission is false
09-01 14:40:10.510 V/bt_stack( 8588): [VERBOSE1:btm_ble_gap.cc(1923)] btm_ble_process_ext_adv_pkt: bda=33:91:15:08:2a:2b
09-01 14:40:10.510 V/bt_stack( 8588): [VERBOSE1:btm_ble_gap.cc(1847)] btm_ble_process_adv_addr: bda=33:91:15:08:2a:2b
09-01 14:40:10.511 D/BluetoothUtils( 8588): blockedByLocationOff callingUid=1002
09-01 14:40:10.511 I/BluetoothUtils( 8588): packagename is android.uid.bluetooth:1002 ,and its permission is false
09-01 14:40:10.511 D/BluetoothUtils( 8588): blockedByLocationOff callingUid=1002
09-01 14:40:10.511 I/BluetoothUtils( 8588): packagename is android.uid.bluetooth:1002 ,and its permission is false
09-01 14:40:10.511 D/BluetoothUtils( 8588): blockedByLocationOff callingUid=1002
09-01 14:40:10.512 I/BluetoothUtils( 8588): packagename is android.uid.bluetooth:1002 ,and its permission is false
09-01 14:40:10.518 V/bt_stack( 8588): [VERBOSE1:btm_ble_gap.cc(1923)] btm_ble_process_ext_adv_pkt: bda=0d:73:3a:8c:df:7c
09-01 14:40:10.518 V/bt_stack( 8588): [VERBOSE1:btm_ble_gap.cc(1847)] btm_ble_process_adv_addr: bda=0d:73:3a:8c:df:7c
09-01 14:40:10.518 D/BluetoothUtils( 8588): blockedByLocationOff callingUid=1002
09-01 14:40:10.519 I/BluetoothUtils( 8588): packagename is android.uid.bluetooth:1002 ,and its permission is false
09-01 14:40:10.519 D/BluetoothUtils( 8588): blockedByLocationOff callingUid=1002
09-01 14:40:10.519 I/BluetoothUtils( 8588): packagename is android.uid.bluetooth:1002 ,and its permission is false
09-01 14:40:10.519 D/BluetoothUtils( 8588): blockedByLocationOff callingUid=1002
09-01 14:40:10.520 I/BluetoothUtils( 8588): packagename is android.uid.bluetooth:1002 ,and its permission is false
09-01 14:40:10.524 V/bt_stack( 8588): [VERBOSE1:btm_ble_gap.cc(1923)] btm_ble_process_ext_adv_pkt: bda=fd:32:0c:ad:56:d5
09-01 14:40:10.524 V/bt_stack( 8588): [VERBOSE1:btm_ble_gap.cc(1847)] btm_ble_process_adv_addr: bda=fd:32:0c:ad:56:d5
09-01 14:40:10.524 V/bt_stack( 8588): [VERBOSE1:btm_ble_gap.cc(2052)]  Waiting for scan response fd:32:0c:ad:56:d5
09-01 14:40:10.527 V/bt_stack( 8588): [VERBOSE1:btm_ble_gap.cc(1923)] btm_ble_process_ext_adv_pkt: bda=56:23:e7:94:9e:a9
09-01 14:40:10.527 V/bt_stack( 8588): [VERBOSE1:btm_ble_gap.cc(1847)] btm_ble_process_adv_addr: bda=56:23:e7:94:9e:a9
09-01 14:40:10.527 V/bt_stack( 8588): [VERBOSE1:btm_ble_gap.cc(2052)]  Waiting for scan response 56:23:e7:94:9e:a9
09-01 14:40:10.527 V/bt_stack( 8588): [VERBOSE1:btm_ble_gap.cc(1923)] btm_ble_process_ext_adv_pkt: bda=1c:91:72:ba:f7:2e
09-01 14:40:10.527 V/bt_stack( 8588): [VERBOSE1:btm_ble_gap.cc(1847)] btm_ble_process_adv_addr: bda=1c:91:72:ba:f7:2e
09-01 14:40:10.528 D/BluetoothUtils( 8588): blockedByLocationOff callingUid=1002
09-01 14:40:10.529 I/BluetoothUtils( 8588): packagename is android.uid.bluetooth:1002 ,and its permission is false
09-01 14:40:10.529 D/BluetoothUtils( 8588): blockedByLocationOff callingUid=1002
09-01 14:40:10.529 I/BluetoothUtils( 8588): packagename is android.uid.bluetooth:1002 ,and its permission is false
09-01 14:40:10.529 D/BluetoothUtils( 8588): blockedByLocationOff callingUid=1002
09-01 14:40:10.529 I/BluetoothUtils( 8588): packagename is android.uid.bluetooth:1002 ,and its permission is false
09-01 14:40:10.547 V/bt_stack( 8588): [VERBOSE1:btm_ble_gap.cc(1923)] btm_ble_process_ext_adv_pkt: bda=35:45:bf:2c:e1:03
09-01 14:40:10.547 V/bt_stack( 8588): [VERBOSE1:btm_ble_gap.cc(1847)] btm_ble_process_adv_addr: bda=35:45:bf:2c:e1:03
09-01 14:40:10.547 V/bt_stack( 8588): [VERBOSE1:btm_ble_gap.cc(1923)] btm_ble_process_ext_adv_pkt: bda=35:38:49:78:be:f0
09-01 14:40:10.547 V/bt_stack( 8588): [VERBOSE1:btm_ble_gap.cc(1847)] btm_ble_process_adv_addr: bda=35:38:49:78:be:f0
09-01 14:40:10.550 D/BluetoothUtils( 8588): blockedByLocationOff callingUid=1002
09-01 14:40:10.551 I/BluetoothUtils( 8588): packagename is android.uid.bluetooth:1002 ,and its permission is false
09-01 14:40:10.551 D/BluetoothUtils( 8588): blockedByLocationOff callingUid=1002
09-01 14:40:10.552 I/BluetoothUtils( 8588): packagename is android.uid.bluetooth:1002 ,and its permission is false
09-01 14:40:10.552 D/BluetoothUtils( 8588): blockedByLocationOff callingUid=1002
09-01 14:40:10.553 I/BluetoothUtils( 8588): packagename is android.uid.bluetooth:1002 ,and its permission is false
09-01 14:40:10.555 D/BluetoothUtils( 8588): blockedByLocationOff callingUid=1002
09-01 14:40:10.556 I/BluetoothUtils( 8588): packagename is android.uid.bluetooth:1002 ,and its permission is false
09-01 14:40:10.556 V/bt_stack( 8588): [VERBOSE1:btm_ble_gap.cc(1923)] btm_ble_process_ext_adv_pkt: bda=e3:b2:3e:c1:93:59
09-01 14:40:10.556 D/BluetoothUtils( 8588): blockedByLocationOff callingUid=1002
09-01 14:40:10.556 V/bt_stack( 8588): [VERBOSE1:btm_ble_gap.cc(1847)] btm_ble_process_adv_addr: bda=e3:b2:3e:c1:93:59
09-01 14:40:10.556 V/bt_stack( 8588): [VERBOSE1:btm_ble_gap.cc(2052)]  Waiting for scan response e3:b2:3e:c1:93:59
09-01 14:40:10.556 I/BluetoothUtils( 8588): packagename is android.uid.bluetooth:1002 ,and its permission is false
09-01 14:40:10.556 V/bt_stack( 8588): [VERBOSE1:btm_ble_gap.cc(1923)] btm_ble_process_ext_adv_pkt: bda=e3:b2:3e:c1:93:59
09-01 14:40:10.556 V/bt_stack( 8588): [VERBOSE1:btm_ble_gap.cc(1847)] btm_ble_process_adv_addr: bda=e3:b2:3e:c1:93:59
09-01 14:40:10.556 D/BluetoothUtils( 8588): blockedByLocationOff callingUid=1002
09-01 14:40:10.556 V/bt_stack( 8588): [VERBOSE1:btm_ble_gap.cc(1923)] btm_ble_process_ext_adv_pkt: bda=06:fa:50:9b:39:c0
09-01 14:40:10.557 V/bt_stack( 8588): [VERBOSE1:btm_ble_gap.cc(1847)] btm_ble_process_adv_addr: bda=06:fa:50:9b:39:c0
09-01 14:40:10.557 I/BluetoothUtils( 8588): packagename is android.uid.bluetooth:1002 ,and its permission is false
09-01 14:40:10.558 D/BluetoothUtils( 8588): blockedByLocationOff callingUid=1002
09-01 14:40:10.559 I/BluetoothUtils( 8588): packagename is android.uid.bluetooth:1002 ,and its permission is false
09-01 14:40:10.559 D/BluetoothUtils( 8588): blockedByLocationOff callingUid=1002
09-01 14:40:10.559 I/BluetoothUtils( 8588): packagename is android.uid.bluetooth:1002 ,and its permission is false
09-01 14:40:10.559 D/BluetoothUtils( 8588): blockedByLocationOff callingUid=1002
09-01 14:40:10.560 I/BluetoothUtils( 8588): packagename is android.uid.bluetooth:1002 ,and its permission is false
09-01 14:40:10.560 D/BluetoothUtils( 8588): blockedByLocationOff callingUid=1002
09-01 14:40:10.561 I/BluetoothUtils( 8588): packagename is android.uid.bluetooth:1002 ,and its permission is false
09-01 14:40:10.561 D/BluetoothUtils( 8588): blockedByLocationOff callingUid=1002
09-01 14:40:10.561 I/BluetoothUtils( 8588): packagename is android.uid.bluetooth:1002 ,and its permission is false
09-01 14:40:10.561 D/BluetoothUtils( 8588): blockedByLocationOff callingUid=1002
09-01 14:40:10.562 I/BluetoothUtils( 8588): packagename is android.uid.bluetooth:1002 ,and its permission is false
09-01 14:40:10.577 V/bt_stack( 8588): [VERBOSE1:btm_ble_gap.cc(1923)] btm_ble_process_ext_adv_pkt: bda=7c:7c:58:d5:aa:e1
09-01 14:40:10.577 V/bt_stack( 8588): [VERBOSE1:btm_ble_gap.cc(1847)] btm_ble_process_adv_addr: bda=7c:7c:58:d5:aa:e1
09-01 14:40:10.577 V/bt_stack( 8588): [VERBOSE1:btm_ble_gap.cc(2052)]  Waiting for scan response 7c:7c:58:d5:aa:e1
09-01 14:40:10.577 V/bt_stack( 8588): [VERBOSE1:btm_ble_gap.cc(1923)] btm_ble_process_ext_adv_pkt: bda=7c:7c:58:d5:aa:e1
09-01 14:40:10.577 V/bt_stack( 8588): [VERBOSE1:btm_ble_gap.cc(1847)] btm_ble_process_adv_addr: bda=7c:7c:58:d5:aa:e1
09-01 14:40:10.579 D/BluetoothUtils( 8588): blockedByLocationOff callingUid=1002
09-01 14:40:10.580 I/BluetoothUtils( 8588): packagename is android.uid.bluetooth:1002 ,and its permission is false
09-01 14:40:10.580 D/BluetoothUtils( 8588): blockedByLocationOff callingUid=1002
09-01 14:40:10.580 I/BluetoothUtils( 8588): packagename is android.uid.bluetooth:1002 ,and its permission is false
09-01 14:40:10.581 D/BluetoothUtils( 8588): blockedByLocationOff callingUid=1002
09-01 14:40:10.581 I/BluetoothUtils( 8588): packagename is android.uid.bluetooth:1002 ,and its permission is false
09-01 14:40:10.586 V/bt_stack( 8588): [VERBOSE1:btm_ble_gap.cc(1923)] btm_ble_process_ext_adv_pkt: bda=6b:b4:0f:63:00:12
09-01 14:40:10.586 V/bt_stack( 8588): [VERBOSE1:btm_ble_gap.cc(1847)] btm_ble_process_adv_addr: bda=6b:b4:0f:63:00:12
09-01 14:40:10.586 V/bt_stack( 8588): [VERBOSE1:btm_ble_gap.cc(2052)]  Waiting for scan response 6b:b4:0f:63:00:12
09-01 14:40:10.587 V/bt_stack( 8588): [VERBOSE1:btm_ble_gap.cc(1923)] btm_ble_process_ext_adv_pkt: bda=6b:b4:0f:63:00:12
09-01 14:40:10.587 V/bt_stack( 8588): [VERBOSE1:btm_ble_gap.cc(1847)] btm_ble_process_adv_addr: bda=6b:b4:0f:63:00:12
09-01 14:40:10.589 D/BluetoothUtils( 8588): blockedByLocationOff callingUid=1002
09-01 14:40:10.589 I/BluetoothUtils( 8588): packagename is android.uid.bluetooth:1002 ,and its permission is false
09-01 14:40:10.589 D/BluetoothUtils( 8588): blockedByLocationOff callingUid=1002
09-01 14:40:10.589 I/BluetoothUtils( 8588): packagename is android.uid.bluetooth:1002 ,and its permission is false
09-01 14:40:10.590 D/BluetoothUtils( 8588): blockedByLocationOff callingUid=1002
09-01 14:40:10.590 I/BluetoothUtils( 8588): packagename is android.uid.bluetooth:1002 ,and its permission is false
09-01 14:40:10.600 V/bt_stack( 8588): [VERBOSE1:btm_ble_gap.cc(1923)] btm_ble_process_ext_adv_pkt: bda=2c:09:3e:94:80:f3
09-01 14:40:10.601 V/bt_stack( 8588): [VERBOSE1:btm_ble_gap.cc(1847)] btm_ble_process_adv_addr: bda=2c:09:3e:94:80:f3
09-01 14:40:10.602 D/BluetoothUtils( 8588): blockedByLocationOff callingUid=1002
09-01 14:40:10.602 I/BluetoothUtils( 8588): packagename is android.uid.bluetooth:1002 ,and its permission is false
09-01 14:40:10.602 D/BluetoothUtils( 8588): blockedByLocationOff callingUid=1002
09-01 14:40:10.603 I/BluetoothUtils( 8588): packagename is android.uid.bluetooth:1002 ,and its permission is false
09-01 14:40:10.603 D/BluetoothUtils( 8588): blockedByLocationOff callingUid=1002
09-01 14:40:10.604 I/BluetoothUtils( 8588): packagename is android.uid.bluetooth:1002 ,and its permission is false
09-01 14:40:10.606 V/bt_stack( 8588): [VERBOSE1:btm_ble_gap.cc(1923)] btm_ble_process_ext_adv_pkt: bda=66:3e:07:e0:2b:d4
09-01 14:40:10.607 V/bt_stack( 8588): [VERBOSE1:btm_ble_gap.cc(1847)] btm_ble_process_adv_addr: bda=66:3e:07:e0:2b:d4
09-01 14:40:10.607 V/bt_stack( 8588): [VERBOSE1:btm_ble_gap.cc(2052)]  Waiting for scan response 66:3e:07:e0:2b:d4
09-01 14:40:10.607 V/bt_stack( 8588): [VERBOSE1:btm_ble_gap.cc(1923)] btm_ble_process_ext_adv_pkt: bda=66:3e:07:e0:2b:d4
09-01 14:40:10.607 V/bt_stack( 8588): [VERBOSE1:btm_ble_gap.cc(1847)] btm_ble_process_adv_addr: bda=66:3e:07:e0:2b:d4
09-01 14:40:10.607 D/BluetoothUtils( 8588): blockedByLocationOff callingUid=1002
09-01 14:40:10.608 I/BluetoothUtils( 8588): packagename is android.uid.bluetooth:1002 ,and its permission is false
09-01 14:40:10.608 D/BluetoothUtils( 8588): blockedByLocationOff callingUid=1002
09-01 14:40:10.608 I/BluetoothUtils( 8588): packagename is android.uid.bluetooth:1002 ,and its permission is false
09-01 14:40:10.608 D/BluetoothUtils( 8588): blockedByLocationOff callingUid=1002
09-01 14:40:10.608 I/BluetoothUtils( 8588): packagename is android.uid.bluetooth:1002 ,and its permission is false
09-01 14:40:10.616 V/bt_stack( 8588): [VERBOSE1:btm_ble_gap.cc(1923)] btm_ble_process_ext_adv_pkt: bda=33:91:15:08:2a:2b
09-01 14:40:10.616 V/bt_stack( 8588): [VERBOSE1:btm_ble_gap.cc(1847)] btm_ble_process_adv_addr: bda=33:91:15:08:2a:2b
09-01 14:40:10.618 D/BluetoothUtils( 8588): blockedByLocationOff callingUid=1002
09-01 14:40:10.619 I/BluetoothUtils( 8588): packagename is android.uid.bluetooth:1002 ,and its permission is false
09-01 14:40:10.619 D/BluetoothUtils( 8588): blockedByLocationOff callingUid=1002
09-01 14:40:10.619 I/BluetoothUtils( 8588): packagename is android.uid.bluetooth:1002 ,and its permission is false
09-01 14:40:10.619 D/BluetoothUtils( 8588): blockedByLocationOff callingUid=1002
09-01 14:40:10.619 I/BluetoothUtils( 8588): packagename is android.uid.bluetooth:1002 ,and its permission is false
09-01 14:40:10.656 V/bt_stack( 8588): [VERBOSE1:btm_ble_gap.cc(1923)] btm_ble_process_ext_adv_pkt: bda=70:33:97:a2:2a:78
09-01 14:40:10.657 V/bt_stack( 8588): [VERBOSE1:btm_ble_gap.cc(1847)] btm_ble_process_adv_addr: bda=70:33:97:a2:2a:78
09-01 14:40:10.657 V/bt_stack( 8588): [VERBOSE1:btm_ble_gap.cc(2052)]  Waiting for scan response 70:33:97:a2:2a:78
09-01 14:40:10.657 V/bt_stack( 8588): [VERBOSE1:btm_ble_gap.cc(1923)] btm_ble_process_ext_adv_pkt: bda=35:45:bf:2c:e1:03
09-01 14:40:10.657 V/bt_stack( 8588): [VERBOSE1:btm_ble_gap.cc(1847)] btm_ble_process_adv_addr: bda=35:45:bf:2c:e1:03
09-01 14:40:10.660 D/BluetoothUtils( 8588): blockedByLocationOff callingUid=1002
09-01 14:40:10.660 I/BluetoothUtils( 8588): packagename is android.uid.bluetooth:1002 ,and its permission is false
09-01 14:40:10.661 D/BluetoothUtils( 8588): blockedByLocationOff callingUid=1002
09-01 14:40:10.661 I/BluetoothUtils( 8588): packagename is android.uid.bluetooth:1002 ,and its permission is false
09-01 14:40:10.661 D/BluetoothUtils( 8588): blockedByLocationOff callingUid=1002
09-01 14:40:10.662 I/BluetoothUtils( 8588): packagename is android.uid.bluetooth:1002 ,and its permission is false
09-01 14:40:10.665 V/bt_stack( 8588): [VERBOSE1:btm_ble_gap.cc(1923)] btm_ble_process_ext_adv_pkt: bda=06:fa:50:9b:39:c0
09-01 14:40:10.665 V/bt_stack( 8588): [VERBOSE1:btm_ble_gap.cc(1847)] btm_ble_process_adv_addr: bda=06:fa:50:9b:39:c0
09-01 14:40:10.667 D/BluetoothUtils( 8588): blockedByLocationOff callingUid=1002
09-01 14:40:10.667 I/BluetoothUtils( 8588): packagename is android.uid.bluetooth:1002 ,and its permission is false
09-01 14:40:10.667 D/BluetoothUtils( 8588): blockedByLocationOff callingUid=1002
09-01 14:40:10.667 I/BluetoothUtils( 8588): packagename is android.uid.bluetooth:1002 ,and its permission is false
09-01 14:40:10.668 D/BluetoothUtils( 8588): blockedByLocationOff callingUid=1002
09-01 14:40:10.668 I/BluetoothUtils( 8588): packagename is android.uid.bluetooth:1002 ,and its permission is false
09-01 14:40:10.677 D/NtpTrustedTime( 1639): currentTimeMillis() cache hit
09-01 14:40:10.681 V/bt_stack( 8588): [VERBOSE1:btm_ble_gap.cc(1923)] btm_ble_process_ext_adv_pkt: bda=01:f5:30:c0:9b:7a
09-01 14:40:10.681 V/bt_stack( 8588): [VERBOSE1:btm_ble_gap.cc(1847)] btm_ble_process_adv_addr: bda=01:f5:30:c0:9b:7a
09-01 14:40:10.681 I/netd    (  679): trafficSwapActiveStatsMap() <3.62ms>
09-01 14:40:10.682 D/BluetoothUtils( 8588): blockedByLocationOff callingUid=1002
09-01 14:40:10.683 I/BluetoothUtils( 8588): packagename is android.uid.bluetooth:1002 ,and its permission is false
09-01 14:40:10.683 D/BluetoothUtils( 8588): blockedByLocationOff callingUid=1002
09-01 14:40:10.683 I/BluetoothUtils( 8588): packagename is android.uid.bluetooth:1002 ,and its permission is false
09-01 14:40:10.684 D/BluetoothUtils( 8588): blockedByLocationOff callingUid=1002
09-01 14:40:10.684 I/BluetoothUtils( 8588): packagename is android.uid.bluetooth:1002 ,and its permission is false
09-01 14:40:10.686 I/netd    (  679): tetherGetStats() <0.83ms>
09-01 14:40:10.694 D/NtpTrustedTime( 1639): currentTimeMillis() cache hit
09-01 14:40:10.695 I/netd    (  679): bandwidthSetGlobalAlert(131072) <0.20ms>
09-01 14:40:10.696 I/TrafficManageService( 5237): mina mTrafficStatsReceiver onReceive
09-01 14:40:10.720 I/vendor.qti.bluetooth@1.0-ibs_handler(19843): ProcessIbsCmd: Received IBS_SLEEP_IND: 0xFE
09-01 14:40:10.720 D/vendor.qti.bluetooth@1.0-ibs_handler(19843): SerialClockVote: vote for UART CLK OFF
09-01 14:40:10.754 I/vendor.qti.bluetooth@1.0-ibs_handler(19843): ProcessIbsCmd: Received IBS_WAKE_IND: 0xFD
09-01 14:40:10.754 D/vendor.qti.bluetooth@1.0-ibs_handler(19843): SerialClockVote: vote for UART CLK ON
09-01 14:40:10.754 I/vendor.qti.bluetooth@1.0-ibs_handler(19843): ProcessIbsCmd: Writing IBS_WAKE_ACK
09-01 14:40:10.755 V/bt_stack( 8588): [VERBOSE1:btm_ble_gap.cc(1923)] btm_ble_process_ext_adv_pkt: bda=44:ca:73:cc:df:42
09-01 14:40:10.755 V/bt_stack( 8588): [VERBOSE1:btm_ble_gap.cc(1847)] btm_ble_process_adv_addr: bda=44:ca:73:cc:df:42
09-01 14:40:10.755 V/bt_stack( 8588): [VERBOSE1:btm_ble_gap.cc(2052)]  Waiting for scan response 44:ca:73:cc:df:42
09-01 14:40:10.768 V/bt_stack( 8588): [VERBOSE1:btm_ble_gap.cc(1923)] btm_ble_process_ext_adv_pkt: bda=7c:7c:58:d5:aa:e1
09-01 14:40:10.768 V/bt_stack( 8588): [VERBOSE1:btm_ble_gap.cc(1847)] btm_ble_process_adv_addr: bda=7c:7c:58:d5:aa:e1
09-01 14:40:10.768 V/bt_stack( 8588): [VERBOSE1:btm_ble_gap.cc(2052)]  Waiting for scan response 7c:7c:58:d5:aa:e1
09-01 14:40:10.768 V/bt_stack( 8588): [VERBOSE1:btm_ble_gap.cc(1923)] btm_ble_process_ext_adv_pkt: bda=06:fa:50:9b:39:c0
09-01 14:40:10.768 V/bt_stack( 8588): [VERBOSE1:btm_ble_gap.cc(1847)] btm_ble_process_adv_addr: bda=06:fa:50:9b:39:c0
09-01 14:40:10.769 D/BluetoothUtils( 8588): blockedByLocationOff callingUid=1002
09-01 14:40:10.769 I/BluetoothUtils( 8588): packagename is android.uid.bluetooth:1002 ,and its permission is false
09-01 14:40:10.769 D/BluetoothUtils( 8588): blockedByLocationOff callingUid=1002
09-01 14:40:10.770 I/BluetoothUtils( 8588): packagename is android.uid.bluetooth:1002 ,and its permission is false
09-01 14:40:10.770 D/BluetoothUtils( 8588): blockedByLocationOff callingUid=1002
09-01 14:40:10.770 I/BluetoothUtils( 8588): packagename is android.uid.bluetooth:1002 ,and its permission is false
09-01 14:40:10.800 V/bt_stack( 8588): [VERBOSE1:btm_ble_gap.cc(1923)] btm_ble_process_ext_adv_pkt: bda=66:3e:07:e0:2b:d4
09-01 14:40:10.800 V/bt_stack( 8588): [VERBOSE1:btm_ble_gap.cc(1847)] btm_ble_process_adv_addr: bda=66:3e:07:e0:2b:d4
09-01 14:40:10.801 V/bt_stack( 8588): [VERBOSE1:btm_ble_gap.cc(2052)]  Waiting for scan response 66:3e:07:e0:2b:d4
09-01 14:40:10.801 V/bt_stack( 8588): [VERBOSE1:btm_ble_gap.cc(1923)] btm_ble_process_ext_adv_pkt: bda=03:d8:93:20:a7:46
09-01 14:40:10.801 V/bt_stack( 8588): [VERBOSE1:btm_ble_gap.cc(1847)] btm_ble_process_adv_addr: bda=03:d8:93:20:a7:46
09-01 14:40:10.802 D/BluetoothUtils( 8588): blockedByLocationOff callingUid=1002
09-01 14:40:10.802 I/BluetoothUtils( 8588): packagename is android.uid.bluetooth:1002 ,and its permission is false
09-01 14:40:10.803 D/BluetoothUtils( 8588): blockedByLocationOff callingUid=1002
09-01 14:40:10.803 I/BluetoothUtils( 8588): packagename is android.uid.bluetooth:1002 ,and its permission is false
09-01 14:40:10.803 D/BluetoothUtils( 8588): blockedByLocationOff callingUid=1002
09-01 14:40:10.804 I/BluetoothUtils( 8588): packagename is android.uid.bluetooth:1002 ,and its permission is false
09-01 14:40:10.807 V/bt_stack( 8588): [VERBOSE1:btm_ble_gap.cc(1923)] btm_ble_process_ext_adv_pkt: bda=53:f2:a2:69:23:e6
09-01 14:40:10.807 V/bt_stack( 8588): [VERBOSE1:btm_ble_gap.cc(1847)] btm_ble_process_adv_addr: bda=53:f2:a2:69:23:e6
09-01 14:40:10.808 D/BluetoothUtils( 8588): blockedByLocationOff callingUid=1002
09-01 14:40:10.809 I/BluetoothUtils( 8588): packagename is android.uid.bluetooth:1002 ,and its permission is false
09-01 14:40:10.809 D/BluetoothUtils( 8588): blockedByLocationOff callingUid=1002
09-01 14:40:10.809 I/BluetoothUtils( 8588): packagename is android.uid.bluetooth:1002 ,and its permission is false
09-01 14:40:10.809 V/bt_stack( 8588): [VERBOSE1:btm_ble_gap.cc(1923)] btm_ble_process_ext_adv_pkt: bda=63:53:07:fa:3c:f1
09-01 14:40:10.809 D/BluetoothUtils( 8588): blockedByLocationOff callingUid=1002
09-01 14:40:10.809 V/bt_stack( 8588): [VERBOSE1:btm_ble_gap.cc(1847)] btm_ble_process_adv_addr: bda=63:53:07:fa:3c:f1
09-01 14:40:10.810 I/BluetoothUtils( 8588): packagename is android.uid.bluetooth:1002 ,and its permission is false
09-01 14:40:10.811 D/BluetoothUtils( 8588): blockedByLocationOff callingUid=1002
09-01 14:40:10.811 I/BluetoothUtils( 8588): packagename is android.uid.bluetooth:1002 ,and its permission is false
09-01 14:40:10.811 D/BluetoothUtils( 8588): blockedByLocationOff callingUid=1002
09-01 14:40:10.811 V/bt_stack( 8588): [VERBOSE1:btm_ble_gap.cc(1923)] btm_ble_process_ext_adv_pkt: bda=f7:46:5c:bc:40:f9
09-01 14:40:10.811 I/BluetoothUtils( 8588): packagename is android.uid.bluetooth:1002 ,and its permission is false
09-01 14:40:10.811 V/bt_stack( 8588): [VERBOSE1:btm_ble_gap.cc(1847)] btm_ble_process_adv_addr: bda=f7:46:5c:bc:40:f9
09-01 14:40:10.811 V/bt_stack( 8588): [VERBOSE1:btm_ble_gap.cc(2052)]  Waiting for scan response f7:46:5c:bc:40:f9
09-01 14:40:10.812 D/BluetoothUtils( 8588): blockedByLocationOff callingUid=1002
09-01 14:40:10.812 V/bt_stack( 8588): [VERBOSE1:btm_ble_gap.cc(1923)] btm_ble_process_ext_adv_pkt: bda=f7:46:5c:bc:40:f9
09-01 14:40:10.812 V/bt_stack( 8588): [VERBOSE1:btm_ble_gap.cc(1847)] btm_ble_process_adv_addr: bda=f7:46:5c:bc:40:f9
09-01 14:40:10.812 I/BluetoothUtils( 8588): packagename is android.uid.bluetooth:1002 ,and its permission is false
09-01 14:40:10.814 D/BluetoothUtils( 8588): blockedByLocationOff callingUid=1002
09-01 14:40:10.814 I/BluetoothUtils( 8588): packagename is android.uid.bluetooth:1002 ,and its permission is false
09-01 14:40:10.814 D/BluetoothUtils( 8588): blockedByLocationOff callingUid=1002
09-01 14:40:10.814 I/BluetoothUtils( 8588): packagename is android.uid.bluetooth:1002 ,and its permission is false
09-01 14:40:10.815 D/BluetoothUtils( 8588): blockedByLocationOff callingUid=1002
09-01 14:40:10.815 I/BluetoothUtils( 8588): packagename is android.uid.bluetooth:1002 ,and its permission is false
09-01 14:40:10.823 V/bt_stack( 8588): [VERBOSE1:btm_ble_gap.cc(1923)] btm_ble_process_ext_adv_pkt: bda=77:60:99:3a:74:d9
09-01 14:40:10.823 V/bt_stack( 8588): [VERBOSE1:btm_ble_gap.cc(1847)] btm_ble_process_adv_addr: bda=77:60:99:3a:74:d9
09-01 14:40:10.824 V/bt_stack( 8588): [VERBOSE1:btm_ble_gap.cc(2052)]  Waiting for scan response 77:60:99:3a:74:d9
09-01 14:40:10.824 V/bt_stack( 8588): [VERBOSE1:btm_ble_gap.cc(1923)] btm_ble_process_ext_adv_pkt: bda=33:91:15:08:2a:2b
09-01 14:40:10.824 V/bt_stack( 8588): [VERBOSE1:btm_ble_gap.cc(1847)] btm_ble_process_adv_addr: bda=33:91:15:08:2a:2b
09-01 14:40:10.825 D/BluetoothUtils( 8588): blockedByLocationOff callingUid=1002
09-01 14:40:10.825 I/BluetoothUtils( 8588): packagename is android.uid.bluetooth:1002 ,and its permission is false
09-01 14:40:10.825 D/BluetoothUtils( 8588): blockedByLocationOff callingUid=1002
09-01 14:40:10.825 I/BluetoothUtils( 8588): packagename is android.uid.bluetooth:1002 ,and its permission is false
09-01 14:40:10.826 D/BluetoothUtils( 8588): blockedByLocationOff callingUid=1002
09-01 14:40:10.826 I/BluetoothUtils( 8588): packagename is android.uid.bluetooth:1002 ,and its permission is false
09-01 14:40:10.831 V/bt_stack( 8588): [VERBOSE1:btm_ble_gap.cc(1923)] btm_ble_process_ext_adv_pkt: bda=70:33:97:a2:2a:78
09-01 14:40:10.831 V/bt_stack( 8588): [VERBOSE1:btm_ble_gap.cc(1847)] btm_ble_process_adv_addr: bda=70:33:97:a2:2a:78
09-01 14:40:10.831 V/bt_stack( 8588): [VERBOSE1:btm_ble_gap.cc(2052)]  Waiting for scan response 70:33:97:a2:2a:78
09-01 14:40:10.831 V/bt_stack( 8588): [VERBOSE1:btm_ble_gap.cc(1923)] btm_ble_process_ext_adv_pkt: bda=70:33:97:a2:2a:78
09-01 14:40:10.831 V/bt_stack( 8588): [VERBOSE1:btm_ble_gap.cc(1847)] btm_ble_process_adv_addr: bda=70:33:97:a2:2a:78
09-01 14:40:10.832 D/BluetoothUtils( 8588): blockedByLocationOff callingUid=1002
09-01 14:40:10.833 I/BluetoothUtils( 8588): packagename is android.uid.bluetooth:1002 ,and its permission is false
09-01 14:40:10.833 D/BluetoothUtils( 8588): blockedByLocationOff callingUid=1002
09-01 14:40:10.834 I/BluetoothUtils( 8588): packagename is android.uid.bluetooth:1002 ,and its permission is false
09-01 14:40:10.834 D/BluetoothUtils( 8588): blockedByLocationOff callingUid=1002
09-01 14:40:10.834 I/BluetoothUtils( 8588): packagename is android.uid.bluetooth:1002 ,and its permission is false
09-01 14:40:10.838 V/bt_stack( 8588): [VERBOSE1:btm_ble_gap.cc(1923)] btm_ble_process_ext_adv_pkt: bda=56:e4:da:79:d5:88
09-01 14:40:10.839 V/bt_stack( 8588): [VERBOSE1:btm_ble_gap.cc(1847)] btm_ble_process_adv_addr: bda=56:e4:da:79:d5:88
09-01 14:40:10.839 V/bt_stack( 8588): [VERBOSE1:btm_ble_gap.cc(2052)]  Waiting for scan response 56:e4:da:79:d5:88
09-01 14:40:10.841 V/bt_stack( 8588): [VERBOSE1:btm_ble_gap.cc(1923)] btm_ble_process_ext_adv_pkt: bda=1c:91:72:ba:f7:2e
09-01 14:40:10.841 V/bt_stack( 8588): [VERBOSE1:btm_ble_gap.cc(1847)] btm_ble_process_adv_addr: bda=1c:91:72:ba:f7:2e
09-01 14:40:10.842 D/BluetoothUtils( 8588): blockedByLocationOff callingUid=1002
09-01 14:40:10.842 I/BluetoothUtils( 8588): packagename is android.uid.bluetooth:1002 ,and its permission is false
09-01 14:40:10.842 D/BluetoothUtils( 8588): blockedByLocationOff callingUid=1002
09-01 14:40:10.843 I/BluetoothUtils( 8588): packagename is android.uid.bluetooth:1002 ,and its permission is false
09-01 14:40:10.843 D/BluetoothUtils( 8588): blockedByLocationOff callingUid=1002
09-01 14:40:10.843 I/BluetoothUtils( 8588): packagename is android.uid.bluetooth:1002 ,and its permission is false
09-01 14:40:10.846 D/StackScroller(29730): applyCurrentState
09-01 14:40:10.860 V/bt_stack( 8588): [VERBOSE1:btm_ble_gap.cc(1923)] btm_ble_process_ext_adv_pkt: bda=6b:b4:0f:63:00:12
09-01 14:40:10.860 V/bt_stack( 8588): [VERBOSE1:btm_ble_gap.cc(1847)] btm_ble_process_adv_addr: bda=6b:b4:0f:63:00:12
09-01 14:40:10.860 V/bt_stack( 8588): [VERBOSE1:btm_ble_gap.cc(2052)]  Waiting for scan response 6b:b4:0f:63:00:12
09-01 14:40:10.860 V/bt_stack( 8588): [VERBOSE1:btm_ble_gap.cc(1923)] btm_ble_process_ext_adv_pkt: bda=35:38:49:78:be:f0
09-01 14:40:10.860 V/bt_stack( 8588): [VERBOSE1:btm_ble_gap.cc(1847)] btm_ble_process_adv_addr: bda=35:38:49:78:be:f0
09-01 14:40:10.862 D/BluetoothUtils( 8588): blockedByLocationOff callingUid=1002
09-01 14:40:10.862 V/bt_stack( 8588): [VERBOSE1:btm_ble_gap.cc(1923)] btm_ble_process_ext_adv_pkt: bda=35:45:bf:2c:e1:03
09-01 14:40:10.862 V/bt_stack( 8588): [VERBOSE1:btm_ble_gap.cc(1847)] btm_ble_process_adv_addr: bda=35:45:bf:2c:e1:03
09-01 14:40:10.862 I/BluetoothUtils( 8588): packagename is android.uid.bluetooth:1002 ,and its permission is false
09-01 14:40:10.862 D/BluetoothUtils( 8588): blockedByLocationOff callingUid=1002
09-01 14:40:10.862 I/BluetoothUtils( 8588): packagename is android.uid.bluetooth:1002 ,and its permission is false
09-01 14:40:10.863 D/BluetoothUtils( 8588): blockedByLocationOff callingUid=1002
09-01 14:40:10.863 I/BluetoothUtils( 8588): packagename is android.uid.bluetooth:1002 ,and its permission is false
09-01 14:40:10.864 D/BluetoothUtils( 8588): blockedByLocationOff callingUid=1002
09-01 14:40:10.864 I/BluetoothUtils( 8588): packagename is android.uid.bluetooth:1002 ,and its permission is false
09-01 14:40:10.864 D/BluetoothUtils( 8588): blockedByLocationOff callingUid=1002
09-01 14:40:10.865 I/BluetoothUtils( 8588): packagename is android.uid.bluetooth:1002 ,and its permission is false
09-01 14:40:10.865 D/BluetoothUtils( 8588): blockedByLocationOff callingUid=1002
09-01 14:40:10.866 I/BluetoothUtils( 8588): packagename is android.uid.bluetooth:1002 ,and its permission is false
09-01 14:40:10.871 V/bt_stack( 8588): [VERBOSE1:btm_ble_gap.cc(1923)] btm_ble_process_ext_adv_pkt: bda=46:25:ff:ec:21:0b
09-01 14:40:10.872 V/bt_stack( 8588): [VERBOSE1:btm_ble_gap.cc(1847)] btm_ble_process_adv_addr: bda=46:25:ff:ec:21:0b
09-01 14:40:10.872 V/bt_stack( 8588): [VERBOSE1:btm_ble_gap.cc(2052)]  Waiting for scan response 46:25:ff:ec:21:0b
09-01 14:40:10.883 V/bt_stack( 8588): [VERBOSE1:btm_ble_gap.cc(1923)] btm_ble_process_ext_adv_pkt: bda=51:d1:5c:e7:f2:93
09-01 14:40:10.883 V/bt_stack( 8588): [VERBOSE1:btm_ble_gap.cc(1847)] btm_ble_process_adv_addr: bda=51:d1:5c:e7:f2:93
09-01 14:40:10.883 V/bt_stack( 8588): [VERBOSE1:btm_ble_gap.cc(2052)]  Waiting for scan response 51:d1:5c:e7:f2:93
09-01 14:40:10.884 V/bt_stack( 8588): [VERBOSE1:btm_ble_gap.cc(1923)] btm_ble_process_ext_adv_pkt: bda=4b:2f:6d:75:86:77
09-01 14:40:10.884 V/bt_stack( 8588): [VERBOSE1:btm_ble_gap.cc(1847)] btm_ble_process_adv_addr: bda=4b:2f:6d:75:86:77
09-01 14:40:10.884 V/bt_stack( 8588): [VERBOSE1:btm_ble_gap.cc(2052)]  Waiting for scan response 4b:2f:6d:75:86:77
09-01 14:40:10.891 D/BluetoothAdapter(12702): stopLeScan()
09-01 14:40:10.892 D/BluetoothAdapter(12702): isLeEnabled(): ON
09-01 14:40:10.892 D/BtGatt.GattService( 8588): stopScan() - queue size =3
09-01 14:40:10.893 I/BtGatt.ScanManager( 8588): msg.what = 1
09-01 14:40:10.894 D/BtGatt.GattService( 8588): unregisterScanner() - scannerId=21
09-01 14:40:10.894 V/bt_stack( 8588): [VERBOSE1:gatt_api.cc(1000)] GATT_Deregister gatt_if=21
09-01 14:40:10.894 V/bt_stack( 8588): [VERBOSE1:gatt_main.cc(1079)] gatt_get_ch_state: ch_state=4
09-01 14:40:10.894 V/bt_stack( 8588): [VERBOSE1:gatt_main.cc(307)] gatt_is_app_holding_linkgatt_if= 21not found;
09-01 14:40:10.894 V/bt_stack( 8588): [VERBOSE1:gatt_main.cc(359)] gatt_update_app_use_link_flag: is_add=0 chk_link=1
09-01 14:40:10.894 V/bt_stack( 8588): [VERBOSE1:gatt_main.cc(325)] gatt_update_app_hold_link_status
09-01 14:40:10.894 V/bt_stack( 8588): [VERBOSE1:gatt_main.cc(338)] attempt to remove nonexisting gatt_if=21
09-01 14:40:10.894 V/bt_stack( 8588): [VERBOSE1:connection_manager.cc(161)] on_app_deregistered : app_id 0x15
09-01 14:40:10.894 I/vendor.qti.bluetooth@1.0-ibs_handler(19843): DeviceWakeUp: Writing IBS_WAKE_IND
09-01 14:40:10.895 I/vendor.qti.bluetooth@1.0-ibs_handler(19843): ProcessIbsCmd: Received IBS_WAKE_ACK: 0xFC
09-01 14:40:10.895 D/PowerKeeperPolicy( 1639): stopLeScan: BleScanWrapper[mClientIf = 21 mPendingIntent=null] uid=10241BleScanWrapper[mClientIf = 21 mPendingIntent=null]
09-01 14:40:10.896 D/BluetoothAdapter(12702): startLeScan(): null
09-01 14:40:10.896 V/bt_stack( 8588): [VERBOSE1:btm_ble_gap.cc(1923)] btm_ble_process_ext_adv_pkt: bda=18:81:0e:e0:a8:6d
09-01 14:40:10.896 V/bt_stack( 8588): [VERBOSE1:btm_ble_gap.cc(1847)] btm_ble_process_adv_addr: bda=18:81:0e:e0:a8:6d
09-01 14:40:10.896 V/bt_stack( 8588): [VERBOSE1:btm_ble_gap.cc(2052)]  Waiting for scan response 18:81:0e:e0:a8:6d
09-01 14:40:10.896 V/bt_stack( 8588): [VERBOSE1:btm_ble_gap.cc(1923)] btm_ble_process_ext_adv_pkt: bda=05:d9:72:f7:0f:69
09-01 14:40:10.896 V/bt_stack( 8588): [VERBOSE1:btm_ble_gap.cc(1847)] btm_ble_process_adv_addr: bda=05:d9:72:f7:0f:69
09-01 14:40:10.897 D/BluetoothAdapter(12702): isLeEnabled(): ON
09-01 14:40:10.897 D/BluetoothUtils( 8588): blockedByLocationOff callingUid=1002
09-01 14:40:10.898 I/BluetoothUtils( 8588): packagename is android.uid.bluetooth:1002 ,and its permission is false
09-01 14:40:10.898 D/BluetoothUtils( 8588): blockedByLocationOff callingUid=1002
09-01 14:40:10.898 I/BluetoothUtils( 8588): packagename is android.uid.bluetooth:1002 ,and its permission is false
09-01 14:40:10.898 D/BtGatt.GattService( 8588): onScanFilterParamsConfigured() - clientIf=21, status=0, action=1, availableSpace=11
09-01 14:40:10.898 D/BtGatt.ScanManager( 8588): callback done for scannerId - 21 status - 0
09-01 14:40:10.898 D/BtGatt.ScanManager( 8588): configureRegularScanParams() - queue=2
09-01 14:40:10.898 D/BtGatt.ScanManager( 8588): configureRegularScanParams() - ScanSetting LE 1M Scan mode=0ScanSetting LE Coded Scan mode=0 mLastConfiguredScanSettingLE1M=2 mLastConfiguredScanSettingLECoded=2scanPhy=255
09-01 14:40:10.899 D/BtGatt.GattService( 8588): registerScanner() - UUID=d03abe6a-a44f-464a-827d-3916bb6c9f8d
09-01 14:40:10.900 D/BtGatt.ScanManager( 8588): configureRegularScanParams - scanInterval LE 1M = 1500configureRegularScanParams - scanWindow LE 1M= 150configureRegularScanParams - scanInterval LE Coded= 1500configureRegularScanParams - scanWindow LE Coded= 150
09-01 14:40:10.900 V/bt_stack( 8588): [VERBOSE1:bta_gattc_act.cc(175)] bta_gattc_register: state:2
09-01 14:40:10.900 D/BtGatt.GattService( 8588): onScanParamSetupCompleted : 0
09-01 14:40:10.900 I/bt_stack( 8588): [INFO:gatt_api.cc(957)] GATT_Register bb22adcf-499f-8e2a-46bd-e281f3ac4d0e
09-01 14:40:10.900 I/bt_stack( 8588): [INFO:gatt_api.cc(977)] allocated gatt_if=21
09-01 14:40:10.900 D/BtGatt.GattService( 8588): onScannerRegistered() - UUID=d03abe6a-a44f-464a-827d-3916bb6c9f8d, scannerId=21, status=0
09-01 14:40:10.900 V/bt_stack( 8588): [VERBOSE1:gatt_api.cc(1087)] GATT_StartIf gatt_if=21
09-01 14:40:10.900 V/bt_stack( 8588): [VERBOSE1:gatt_utils.cc(254)] gatt_find_the_connected_bda start_idx=0
09-01 14:40:10.900 V/bt_stack( 8588): [VERBOSE1:gatt_utils.cc(262)]  bda :c3:d4:f4:e3:11:ec
09-01 14:40:10.900 V/bt_stack( 8588): [VERBOSE1:gatt_utils.cc(266)]  found=1 found_idx=0
09-01 14:40:10.901 V/bt_stack( 8588): [VERBOSE1:gatt_utils.cc(254)] gatt_find_the_connected_bda start_idx=1
09-01 14:40:10.901 V/bt_stack( 8588): [VERBOSE1:gatt_utils.cc(266)]  found=0 found_idx=10
09-01 14:40:10.901 D/BluetoothLeScanner(12702): onScannerRegistered() - status=0 scannerId=21 mScannerId=0
09-01 14:40:10.901 V/bt_stack( 8588): [VERBOSE1:bta_gattc_main.cc(361)] bta_gattc_hdl_event: Event:BTA_GATTC_INT_CONN_EVT
09-01 14:40:10.901 V/bt_stack( 8588): [VERBOSE1:bta_gattc_main.cc(385)] Ignore unknown conn ID: 21
09-01 14:40:10.902 D/PowerKeeperPolicy( 1639): isLeScanAllowed: uid = 10241, allow = true
09-01 14:40:10.903 D/BtGatt.GattService( 8588): start scan with filters. callingPackage: com.xiaomi.hm.health
09-01 14:40:10.904 D/BluetoothUtils( 8588): blockedByLocationOff callingUid=10241
09-01 14:40:10.904 I/BluetoothUtils( 8588): packagename is com.xiaomi.hm.health ,and its permission is false
09-01 14:40:10.906 I/BtGatt.ScanManager( 8588): msg.what = 0
09-01 14:40:10.906 D/BtGatt.ScanManager( 8588): handling starting scan
09-01 14:40:10.907 D/BtGatt.ScanManager( 8588): isAptXLowLatencyModeEnabled: false
09-01 14:40:10.907 D/PowerKeeperPolicy( 1639): startLeScan: BleScanWrapper[mClientIf = 21 mPendingIntent=null] uid=10241
09-01 14:40:10.907 D/PowerKeeperPolicy( 1639): uid = 10241 setAllowed, allowed = true
09-01 14:40:10.907 D/PowerKeeperPolicy( 1639): uid = 10241 setScanning, scanning = true
09-01 14:40:10.908 D/PowerKeeperPolicy( 1639): startLeScan, uid = 10241 is scanning
09-01 14:40:10.911 D/BtGatt.GattService( 8588): onScanFilterEnableDisabled() - clientIf=21, status=0, action=1
09-01 14:40:10.911 D/BtGatt.ScanManager( 8588): callback done for scannerId - 21 status - 0
09-01 14:40:10.911 D/BtGatt.ScanManager( 8588): configureFilterParamter 500 10000 1 0, deliveryMode=0
09-01 14:40:10.912 D/BtGatt.GattService( 8588): onScanFilterParamsConfigured() - clientIf=21, status=0, action=0, availableSpace=10
09-01 14:40:10.912 D/BtGatt.ScanManager( 8588): callback done for scannerId - 21 status - 0
09-01 14:40:10.912 D/BtGatt.ScanManager( 8588): configureRegularScanParams() - queue=3
09-01 14:40:10.912 D/BtGatt.ScanManager( 8588): configureRegularScanParams() - ScanSetting LE 1M Scan mode=2ScanSetting LE Coded Scan mode=2 mLastConfiguredScanSettingLE1M=0 mLastConfiguredScanSettingLECoded=0scanPhy=255
09-01 14:40:10.913 V/bt_stack( 8588): [VERBOSE1:btm_ble_gap.cc(1923)] btm_ble_process_ext_adv_pkt: bda=63:53:07:fa:3c:f1
09-01 14:40:10.913 V/bt_stack( 8588): [VERBOSE1:btm_ble_gap.cc(1847)] btm_ble_process_adv_addr: bda=63:53:07:fa:3c:f1
09-01 14:40:10.913 D/BtGatt.ScanManager( 8588): configureRegularScanParams - scanInterval LE 1M = 4096configureRegularScanParams - scanWindow LE 1M= 4096configureRegularScanParams - scanInterval LE Coded= 4096configureRegularScanParams - scanWindow LE Coded= 4096
09-01 14:40:10.914 D/BluetoothUtils( 8588): blockedByLocationOff callingUid=1002
09-01 14:40:10.914 I/BluetoothUtils( 8588): packagename is android.uid.bluetooth:1002 ,and its permission is false
09-01 14:40:10.914 D/BluetoothUtils( 8588): blockedByLocationOff callingUid=1002
09-01 14:40:10.914 I/BluetoothUtils( 8588): packagename is android.uid.bluetooth:1002 ,and its permission is false
09-01 14:40:10.915 D/BluetoothUtils( 8588): blockedByLocationOff callingUid=1002
09-01 14:40:10.915 I/BluetoothUtils( 8588): packagename is android.uid.bluetooth:1002 ,and its permission is false
09-01 14:40:10.915 D/BtGatt.GattService( 8588): onScanParamSetupCompleted : 0
09-01 14:40:10.956 V/bt_stack( 8588): [VERBOSE1:btm_ble_gap.cc(1923)] btm_ble_process_ext_adv_pkt: bda=7c:7c:58:d5:aa:e1
09-01 14:40:10.956 V/bt_stack( 8588): [VERBOSE1:btm_ble_gap.cc(1847)] btm_ble_process_adv_addr: bda=7c:7c:58:d5:aa:e1
09-01 14:40:10.956 V/bt_stack( 8588): [VERBOSE1:btm_ble_gap.cc(2052)]  Waiting for scan response 7c:7c:58:d5:aa:e1
09-01 14:40:10.956 V/bt_stack( 8588): [VERBOSE1:btm_ble_gap.cc(1923)] btm_ble_process_ext_adv_pkt: bda=05:18:f1:4b:2c:d4
09-01 14:40:10.956 V/bt_stack( 8588): [VERBOSE1:btm_ble_gap.cc(1847)] btm_ble_process_adv_addr: bda=05:18:f1:4b:2c:d4
09-01 14:40:10.959 D/BluetoothUtils( 8588): blockedByLocationOff callingUid=1002
09-01 14:40:10.959 I/BluetoothUtils( 8588): packagename is android.uid.bluetooth:1002 ,and its permission is false
09-01 14:40:10.960 D/BluetoothUtils( 8588): blockedByLocationOff callingUid=1002
09-01 14:40:10.960 I/BluetoothUtils( 8588): packagename is android.uid.bluetooth:1002 ,and its permission is false
09-01 14:40:10.960 D/BluetoothUtils( 8588): blockedByLocationOff callingUid=1002
09-01 14:40:10.960 I/BluetoothUtils( 8588): packagename is android.uid.bluetooth:1002 ,and its permission is false
09-01 14:40:10.963 V/bt_stack( 8588): [VERBOSE1:btm_ble_gap.cc(1923)] btm_ble_process_ext_adv_pkt: bda=35:38:49:78:be:f0
09-01 14:40:10.963 V/bt_stack( 8588): [VERBOSE1:btm_ble_gap.cc(1847)] btm_ble_process_adv_addr: bda=35:38:49:78:be:f0
09-01 14:40:10.964 D/BluetoothUtils( 8588): blockedByLocationOff callingUid=1002
09-01 14:40:10.965 I/BluetoothUtils( 8588): packagename is android.uid.bluetooth:1002 ,and its permission is false
09-01 14:40:10.965 D/BluetoothUtils( 8588): blockedByLocationOff callingUid=1002
09-01 14:40:10.965 I/BluetoothUtils( 8588): packagename is android.uid.bluetooth:1002 ,and its permission is false
09-01 14:40:10.965 D/BluetoothUtils( 8588): blockedByLocationOff callingUid=1002
09-01 14:40:10.966 I/BluetoothUtils( 8588): packagename is android.uid.bluetooth:1002 ,and its permission is false
09-01 14:40:10.968 V/bt_stack( 8588): [VERBOSE1:btm_ble_gap.cc(1923)] btm_ble_process_ext_adv_pkt: bda=35:45:bf:2c:e1:03
09-01 14:40:10.968 V/bt_stack( 8588): [VERBOSE1:btm_ble_gap.cc(1847)] btm_ble_process_adv_addr: bda=35:45:bf:2c:e1:03
09-01 14:40:10.969 D/BluetoothUtils( 8588): blockedByLocationOff callingUid=1002
09-01 14:40:10.969 I/BluetoothUtils( 8588): packagename is android.uid.bluetooth:1002 ,and its permission is false
09-01 14:40:10.969 D/BluetoothUtils( 8588): blockedByLocationOff callingUid=1002
09-01 14:40:10.970 I/BluetoothUtils( 8588): packagename is android.uid.bluetooth:1002 ,and its permission is false
09-01 14:40:10.970 D/BluetoothUtils( 8588): blockedByLocationOff callingUid=1002
09-01 14:40:10.970 I/BluetoothUtils( 8588): packagename is android.uid.bluetooth:1002 ,and its permission is false
09-01 14:40:10.985 V/bt_stack( 8588): [VERBOSE1:btm_ble_gap.cc(1923)] btm_ble_process_ext_adv_pkt: bda=25:4e:aa:3f:5d:41
09-01 14:40:10.985 V/bt_stack( 8588): [VERBOSE1:btm_ble_gap.cc(1847)] btm_ble_process_adv_addr: bda=25:4e:aa:3f:5d:41
09-01 14:40:10.986 D/BluetoothUtils( 8588): blockedByLocationOff callingUid=1002
09-01 14:40:10.987 I/BluetoothUtils( 8588): packagename is android.uid.bluetooth:1002 ,and its permission is false
09-01 14:40:10.987 D/BluetoothUtils( 8588): blockedByLocationOff callingUid=1002
09-01 14:40:10.987 I/BluetoothUtils( 8588): packagename is android.uid.bluetooth:1002 ,and its permission is false
09-01 14:40:10.988 D/BluetoothUtils( 8588): blockedByLocationOff callingUid=1002
09-01 14:40:10.988 I/BluetoothUtils( 8588): packagename is android.uid.bluetooth:1002 ,and its permission is false
09-01 14:40:10.994 I/appium  (12655): AppiumResponse: {"sessionId":"ed2e4256-ae90-4e89-899b-72ebf8d62d5f","value":{"ELEMENT":"80d58e6c-9bbc-44ce-852b-7c2c58ea9390","element-6066-11e4-a52e-4f735466cecf":"80d58e6c-9bbc-44ce-852b-7c2c58ea9390"}}
09-01 14:40:10.995 V/bt_stack( 8588): [VERBOSE1:btm_ble_gap.cc(1923)] btm_ble_process_ext_adv_pkt: bda=60:57:96:a8:f4:cf
09-01 14:40:10.996 V/bt_stack( 8588): [VERBOSE1:btm_ble_gap.cc(1847)] btm_ble_process_adv_addr: bda=60:57:96:a8:f4:cf
09-01 14:40:10.996 V/bt_stack( 8588): [VERBOSE1:btm_ble_gap.cc(2052)]  Waiting for scan response 60:57:96:a8:f4:cf
09-01 14:40:10.996 V/bt_stack( 8588): [VERBOSE1:btm_ble_gap.cc(1923)] btm_ble_process_ext_adv_pkt: bda=60:57:96:a8:f4:cf
09-01 14:40:10.996 V/bt_stack( 8588): [VERBOSE1:btm_ble_gap.cc(1847)] btm_ble_process_adv_addr: bda=60:57:96:a8:f4:cf
09-01 14:40:10.998 D/BluetoothUtils( 8588): blockedByLocationOff callingUid=1002
09-01 14:40:10.998 I/BluetoothUtils( 8588): packagename is android.uid.bluetooth:1002 ,and its permission is false
09-01 14:40:10.998 D/BluetoothUtils( 8588): blockedByLocationOff callingUid=1002
09-01 14:40:10.998 I/BluetoothUtils( 8588): packagename is android.uid.bluetooth:1002 ,and its permission is false
09-01 14:40:10.999 D/BluetoothUtils( 8588): blockedByLocationOff callingUid=1002
09-01 14:40:10.999 I/BluetoothUtils( 8588): packagename is android.uid.bluetooth:1002 ,and its permission is false
09-01 14:40:11.004 V/bt_stack( 8588): [VERBOSE1:btm_ble_gap.cc(1923)] btm_ble_process_ext_adv_pkt: bda=05:d9:72:f7:0f:69
09-01 14:40:11.005 V/bt_stack( 8588): [VERBOSE1:btm_ble_gap.cc(1847)] btm_ble_process_adv_addr: bda=05:d9:72:f7:0f:69
09-01 14:40:11.006 D/BluetoothUtils( 8588): blockedByLocationOff callingUid=1002
09-01 14:40:11.006 I/BluetoothUtils( 8588): packagename is android.uid.bluetooth:1002 ,and its permission is false
09-01 14:40:11.006 D/BluetoothUtils( 8588): blockedByLocationOff callingUid=1002
09-01 14:40:11.006 I/appium  (12655): channel read invoked!
09-01 14:40:11.007 I/appium  (12655): channel read: POST /wd/hub/session/ed2e4256-ae90-4e89-899b-72ebf8d62d5f/element/80d58e6c-9bbc-44ce-852b-7c2c58ea9390/click
09-01 14:40:11.007 I/BluetoothUtils( 8588): packagename is android.uid.bluetooth:1002 ,and its permission is false
09-01 14:40:11.007 D/BluetoothUtils( 8588): blockedByLocationOff callingUid=1002
09-01 14:40:11.007 I/appium  (12655): Click element command
09-01 14:40:11.008 I/BluetoothUtils( 8588): packagename is android.uid.bluetooth:1002 ,and its permission is false
