09-01 14:31:41.328 I/BluetoothUtils( 8588): packagename is android.uid.bluetooth:1002 ,and its permission is false
09-01 14:31:41.329 V/bt_stack( 8588): [VERBOSE1:btm_ble_gap.cc(1923)] btm_ble_process_ext_adv_pkt: bda=06:fa:50:9b:39:c0
09-01 14:31:41.329 V/bt_stack( 8588): [VERBOSE1:btm_ble_gap.cc(1847)] btm_ble_process_adv_addr: bda=06:fa:50:9b:39:c0
09-01 14:31:41.330 D/BluetoothUtils( 8588): blockedByLocationOff callingUid=1002
09-01 14:31:41.330 I/BluetoothUtils( 8588): packagename is android.uid.bluetooth:1002 ,and its permission is false
09-01 14:31:41.331 D/BluetoothUtils( 8588): blockedByLocationOff callingUid=1002
09-01 14:31:41.331 I/BluetoothUtils( 8588): packagename is android.uid.bluetooth:1002 ,and its permission is false
09-01 14:31:41.331 D/BluetoothUtils( 8588): blockedByLocationOff callingUid=1002
09-01 14:31:41.331 I/BluetoothUtils( 8588): packagename is android.uid.bluetooth:1002 ,and its permission is false
09-01 14:31:41.342 I/appium  ( 8902): AppiumResponse: {"sessionId":"ad6d0c78-5f6e-4b34-a966-5b7ce44708b4","value":{"ELEMENT":"d6a36011-a66a-45e9-aa2e-ef77f20e56c6","element-6066-11e4-a52e-4f735466cecf":"d6a36011-a66a-45e9-aa2e-ef77f20e56c6"}}
09-01 14:31:41.364 V/bt_stack( 8588): [VERBOSE1:btm_ble_gap.cc(1923)] btm_ble_process_ext_adv_pkt: bda=56:e4:da:79:d5:88
09-01 14:31:41.364 V/bt_stack( 8588): [VERBOSE1:btm_ble_gap.cc(1847)] btm_ble_process_adv_addr: bda=56:e4:da:79:d5:88
09-01 14:31:41.365 V/bt_stack( 8588): [VERBOSE1:btm_ble_gap.cc(2052)]  Waiting for scan response 56:e4:da:79:d5:88
09-01 14:31:41.365 V/bt_stack( 8588): [VERBOSE1:btm_ble_gap.cc(1923)] btm_ble_process_ext_adv_pkt: bda=56:e4:da:79:d5:88
09-01 14:31:41.365 V/bt_stack( 8588): [VERBOSE1:btm_ble_gap.cc(1847)] btm_ble_process_adv_addr: bda=56:e4:da:79:d5:88
09-01 14:31:41.367 D/BluetoothUtils( 8588): blockedByLocationOff callingUid=1002
09-01 14:31:41.368 I/BluetoothUtils( 8588): packagename is android.uid.bluetooth:1002 ,and its permission is false
09-01 14:31:41.368 D/BluetoothUtils( 8588): blockedByLocationOff callingUid=1002
09-01 14:31:41.369 I/BluetoothUtils( 8588): packagename is android.uid.bluetooth:1002 ,and its permission is false
09-01 14:31:41.369 D/BluetoothUtils( 8588): blockedByLocationOff callingUid=1002
09-01 14:31:41.370 I/BluetoothUtils( 8588): packagename is android.uid.bluetooth:1002 ,and its permission is false
09-01 14:31:41.370 V/bt_stack( 8588): [VERBOSE1:btm_ble_gap.cc(1923)] btm_ble_process_ext_adv_pkt: bda=36:c9:49:a0:b6:9d
09-01 14:31:41.371 V/bt_stack( 8588): [VERBOSE1:btm_ble_gap.cc(1847)] btm_ble_process_adv_addr: bda=36:c9:49:a0:b6:9d
09-01 14:31:41.374 D/BluetoothUtils( 8588): blockedByLocationOff callingUid=1002
09-01 14:31:41.374 I/BluetoothUtils( 8588): packagename is android.uid.bluetooth:1002 ,and its permission is false
09-01 14:31:41.374 D/BluetoothUtils( 8588): blockedByLocationOff callingUid=1002
09-01 14:31:41.375 I/BluetoothUtils( 8588): packagename is android.uid.bluetooth:1002 ,and its permission is false
09-01 14:31:41.375 D/BluetoothUtils( 8588): blockedByLocationOff callingUid=1002
09-01 14:31:41.376 I/BluetoothUtils( 8588): packagename is android.uid.bluetooth:1002 ,and its permission is false
09-01 14:31:41.380 V/bt_stack( 8588): [VERBOSE1:btm_ble_gap.cc(1923)] btm_ble_process_ext_adv_pkt: bda=6c:37:b5:6b:a1:b8
09-01 14:31:41.380 V/bt_stack( 8588): [VERBOSE1:btm_ble_gap.cc(1847)] btm_ble_process_adv_addr: bda=6c:37:b5:6b:a1:b8
09-01 14:31:41.380 V/bt_stack( 8588): [VERBOSE1:btm_ble_gap.cc(2052)]  Waiting for scan response 6c:37:b5:6b:a1:b8
09-01 14:31:41.381 V/bt_stack( 8588): [VERBOSE1:btm_ble_gap.cc(1923)] btm_ble_process_ext_adv_pkt: bda=38:f9:d3:45:87:1e
09-01 14:31:41.381 V/bt_stack( 8588): [VERBOSE1:btm_ble_gap.cc(1847)] btm_ble_process_adv_addr: bda=38:f9:d3:45:87:1e
09-01 14:31:41.381 V/bt_stack( 8588): [VERBOSE1:btm_ble_gap.cc(2052)]  Waiting for scan response 38:f9:d3:45:87:1e
09-01 14:31:41.381 V/bt_stack( 8588): [VERBOSE1:btm_ble_gap.cc(1923)] btm_ble_process_ext_adv_pkt: bda=38:f9:d3:45:87:1e
09-01 14:31:41.381 V/bt_stack( 8588): [VERBOSE1:btm_ble_gap.cc(1847)] btm_ble_process_adv_addr: bda=38:f9:d3:45:87:1e
09-01 14:31:41.382 D/BluetoothUtils( 8588): blockedByLocationOff callingUid=1002
09-01 14:31:41.383 I/BluetoothUtils( 8588): packagename is android.uid.bluetooth:1002 ,and its permission is false
09-01 14:31:41.383 D/BluetoothUtils( 8588): blockedByLocationOff callingUid=1002
09-01 14:31:41.383 I/BluetoothUtils( 8588): packagename is android.uid.bluetooth:1002 ,and its permission is false
09-01 14:31:41.383 D/BluetoothUtils( 8588): blockedByLocationOff callingUid=1002
09-01 14:31:41.384 I/BluetoothUtils( 8588): packagename is android.uid.bluetooth:1002 ,and its permission is false
09-01 14:31:41.384 V/bt_stack( 8588): [VERBOSE1:btm_ble_gap.cc(1923)] btm_ble_process_ext_adv_pkt: bda=17:be:83:99:5a:17
09-01 14:31:41.384 V/bt_stack( 8588): [VERBOSE1:btm_ble_gap.cc(1847)] btm_ble_process_adv_addr: bda=17:be:83:99:5a:17
09-01 14:31:41.385 D/BluetoothUtils( 8588): blockedByLocationOff callingUid=1002
09-01 14:31:41.385 I/BluetoothUtils( 8588): packagename is android.uid.bluetooth:1002 ,and its permission is false
09-01 14:31:41.385 D/BluetoothUtils( 8588): blockedByLocationOff callingUid=1002
09-01 14:31:41.385 I/BluetoothUtils( 8588): packagename is android.uid.bluetooth:1002 ,and its permission is false
09-01 14:31:41.386 D/BluetoothUtils( 8588): blockedByLocationOff callingUid=1002
09-01 14:31:41.386 I/BluetoothUtils( 8588): packagename is android.uid.bluetooth:1002 ,and its permission is false
09-01 14:31:41.386 I/appium  ( 8902): channel read invoked!
09-01 14:31:41.386 I/appium  ( 8902): channel read: GET /wd/hub/session/ad6d0c78-5f6e-4b34-a966-5b7ce44708b4/element/d6a36011-a66a-45e9-aa2e-ef77f20e56c6/attribute/text
09-01 14:31:41.387 I/appium  ( 8902): get attribute of element command
09-01 14:31:41.390 V/bt_stack( 8588): [VERBOSE1:btm_ble_gap.cc(1923)] btm_ble_process_ext_adv_pkt: bda=0c:1a:06:0e:96:57
09-01 14:31:41.390 V/bt_stack( 8588): [VERBOSE1:btm_ble_gap.cc(1847)] btm_ble_process_adv_addr: bda=0c:1a:06:0e:96:57
09-01 14:31:41.391 D/BluetoothUtils( 8588): blockedByLocationOff callingUid=1002
09-01 14:31:41.392 I/BluetoothUtils( 8588): packagename is android.uid.bluetooth:1002 ,and its permission is false
09-01 14:31:41.392 D/BluetoothUtils( 8588): blockedByLocationOff callingUid=1002
09-01 14:31:41.392 I/BluetoothUtils( 8588): packagename is android.uid.bluetooth:1002 ,and its permission is false
09-01 14:31:41.392 D/BluetoothUtils( 8588): blockedByLocationOff callingUid=1002
09-01 14:31:41.393 I/BluetoothUtils( 8588): packagename is android.uid.bluetooth:1002 ,and its permission is false
09-01 14:31:41.393 I/appium  ( 8902): AppiumResponse: {"sessionId":"ad6d0c78-5f6e-4b34-a966-5b7ce44708b4","value":""}
09-01 14:31:41.395 V/bt_stack( 8588): [VERBOSE1:btm_ble_gap.cc(1923)] btm_ble_process_ext_adv_pkt: bda=2a:1b:52:ac:62:5d
09-01 14:31:41.395 V/bt_stack( 8588): [VERBOSE1:btm_ble_gap.cc(1847)] btm_ble_process_adv_addr: bda=2a:1b:52:ac:62:5d
09-01 14:31:41.396 V/bt_stack( 8588): [VERBOSE1:btm_ble_gap.cc(1923)] btm_ble_process_ext_adv_pkt: bda=3a:23:cb:4a:85:2d
09-01 14:31:41.397 V/bt_stack( 8588): [VERBOSE1:btm_ble_gap.cc(1847)] btm_ble_process_adv_addr: bda=3a:23:cb:4a:85:2d
09-01 14:31:41.397 D/BluetoothUtils( 8588): blockedByLocationOff callingUid=1002
09-01 14:31:41.398 I/BluetoothUtils( 8588): packagename is android.uid.bluetooth:1002 ,and its permission is false
09-01 14:31:41.398 D/BluetoothUtils( 8588): blockedByLocationOff callingUid=1002
09-01 14:31:41.398 I/BluetoothUtils( 8588): packagename is android.uid.bluetooth:1002 ,and its permission is false
09-01 14:31:41.398 D/BluetoothUtils( 8588): blockedByLocationOff callingUid=1002
09-01 14:31:41.399 I/BluetoothUtils( 8588): packagename is android.uid.bluetooth:1002 ,and its permission is false
09-01 14:31:41.399 V/bt_stack( 8588): [VERBOSE1:btm_ble_gap.cc(1923)] btm_ble_process_ext_adv_pkt: bda=3b:30:35:17:9e:fe
09-01 14:31:41.399 V/bt_stack( 8588): [VERBOSE1:btm_ble_gap.cc(1847)] btm_ble_process_adv_addr: bda=3b:30:35:17:9e:fe
09-01 14:31:41.400 D/BluetoothUtils( 8588): blockedByLocationOff callingUid=1002
09-01 14:31:41.400 I/BluetoothUtils( 8588): packagename is android.uid.bluetooth:1002 ,and its permission is false
09-01 14:31:41.400 D/BluetoothUtils( 8588): blockedByLocationOff callingUid=1002
09-01 14:31:41.400 I/BluetoothUtils( 8588): packagename is android.uid.bluetooth:1002 ,and its permission is false
09-01 14:31:41.400 D/BluetoothUtils( 8588): blockedByLocationOff callingUid=1002
09-01 14:31:41.401 I/BluetoothUtils( 8588): packagename is android.uid.bluetooth:1002 ,and its permission is false
09-01 14:31:41.401 V/bt_stack( 8588): [VERBOSE1:btm_ble_gap.cc(1923)] btm_ble_process_ext_adv_pkt: bda=6a:1a:31:28:a4:f8
09-01 14:31:41.401 D/BluetoothUtils( 8588): blockedByLocationOff callingUid=1002
09-01 14:31:41.402 V/bt_stack( 8588): [VERBOSE1:btm_ble_gap.cc(1847)] btm_ble_process_adv_addr: bda=6a:1a:31:28:a4:f8
09-01 14:31:41.402 I/BluetoothUtils( 8588): packagename is android.uid.bluetooth:1002 ,and its permission is false
09-01 14:31:41.402 D/BluetoothUtils( 8588): blockedByLocationOff callingUid=1002
09-01 14:31:41.402 I/BluetoothUtils( 8588): packagename is android.uid.bluetooth:1002 ,and its permission is false
09-01 14:31:41.402 D/BluetoothUtils( 8588): blockedByLocationOff callingUid=1002
09-01 14:31:41.402 I/BluetoothUtils( 8588): packagename is android.uid.bluetooth:1002 ,and its permission is false
09-01 14:31:41.403 D/BluetoothUtils( 8588): blockedByLocationOff callingUid=1002
09-01 14:31:41.404 I/BluetoothUtils( 8588): packagename is android.uid.bluetooth:1002 ,and its permission is false
09-01 14:31:41.405 D/BluetoothUtils( 8588): blockedByLocationOff callingUid=1002
09-01 14:31:41.405 I/BluetoothUtils( 8588): packagename is android.uid.bluetooth:1002 ,and its permission is false
09-01 14:31:41.406 D/BluetoothUtils( 8588): blockedByLocationOff callingUid=1002
09-01 14:31:41.406 I/BluetoothUtils( 8588): packagename is android.uid.bluetooth:1002 ,and its permission is false
09-01 14:31:41.411 I/appium  ( 8902): channel read invoked!
09-01 14:31:41.411 I/appium  ( 8902): channel read: GET /wd/hub/session/ad6d0c78-5f6e-4b34-a966-5b7ce44708b4/screenshot
09-01 14:31:41.411 I/appium  ( 8902): Capture screenshot command
09-01 14:31:41.416 V/bt_stack( 8588): [VERBOSE1:btm_ble_gap.cc(1923)] btm_ble_process_ext_adv_pkt: bda=53:20:ff:cd:6c:a4
09-01 14:31:41.416 V/bt_stack( 8588): [VERBOSE1:btm_ble_gap.cc(1847)] btm_ble_process_adv_addr: bda=53:20:ff:cd:6c:a4
09-01 14:31:41.416 V/bt_stack( 8588): [VERBOSE1:btm_ble_gap.cc(2052)]  Waiting for scan response 53:20:ff:cd:6c:a4
09-01 14:31:41.416 V/bt_stack( 8588): [VERBOSE1:btm_ble_gap.cc(1923)] btm_ble_process_ext_adv_pkt: bda=19:30:6d:c4:b5:5b
09-01 14:31:41.416 V/bt_stack( 8588): [VERBOSE1:btm_ble_gap.cc(1847)] btm_ble_process_adv_addr: bda=19:30:6d:c4:b5:5b
09-01 14:31:41.417 D/BluetoothUtils( 8588): blockedByLocationOff callingUid=1002
09-01 14:31:41.417 I/BluetoothUtils( 8588): packagename is android.uid.bluetooth:1002 ,and its permission is false
09-01 14:31:41.417 D/BluetoothUtils( 8588): blockedByLocationOff callingUid=1002
09-01 14:31:41.418 I/BluetoothUtils( 8588): packagename is android.uid.bluetooth:1002 ,and its permission is false
09-01 14:31:41.418 D/BluetoothUtils( 8588): blockedByLocationOff callingUid=1002
09-01 14:31:41.418 I/BluetoothUtils( 8588): packagename is android.uid.bluetooth:1002 ,and its permission is false
09-01 14:31:41.422 V/bt_stack( 8588): [VERBOSE1:btm_ble_gap.cc(1923)] btm_ble_process_ext_adv_pkt: bda=17:7e:29:ab:4e:d0
09-01 14:31:41.422 V/bt_stack( 8588): [VERBOSE1:btm_ble_gap.cc(1847)] btm_ble_process_adv_addr: bda=17:7e:29:ab:4e:d0
09-01 14:31:41.423 D/BluetoothUtils( 8588): blockedByLocationOff callingUid=1002
09-01 14:31:41.423 I/BluetoothUtils( 8588): packagename is android.uid.bluetooth:1002 ,and its permission is false
09-01 14:31:41.424 D/BluetoothUtils( 8588): blockedByLocationOff callingUid=1002
09-01 14:31:41.424 I/BluetoothUtils( 8588): packagename is android.uid.bluetooth:1002 ,and its permission is false
09-01 14:31:41.424 D/BluetoothUtils( 8588): blockedByLocationOff callingUid=1002
09-01 14:31:41.424 I/BluetoothUtils( 8588): packagename is android.uid.bluetooth:1002 ,and its permission is false
09-01 14:31:41.443 V/bt_stack( 8588): [VERBOSE1:btm_ble_gap.cc(1923)] btm_ble_process_ext_adv_pkt: bda=07:e4:7f:b4:5f:d9
09-01 14:31:41.443 V/bt_stack( 8588): [VERBOSE1:btm_ble_gap.cc(1847)] btm_ble_process_adv_addr: bda=07:e4:7f:b4:5f:d9
09-01 14:31:41.444 D/BluetoothUtils( 8588): blockedByLocationOff callingUid=1002
09-01 14:31:41.445 I/BluetoothUtils( 8588): packagename is android.uid.bluetooth:1002 ,and its permission is false
09-01 14:31:41.445 D/BluetoothUtils( 8588): blockedByLocationOff callingUid=1002
09-01 14:31:41.446 I/BluetoothUtils( 8588): packagename is android.uid.bluetooth:1002 ,and its permission is false
09-01 14:31:41.446 D/BluetoothUtils( 8588): blockedByLocationOff callingUid=1002
09-01 14:31:41.446 I/BluetoothUtils( 8588): packagename is android.uid.bluetooth:1002 ,and its permission is false
09-01 14:31:41.452 V/bt_stack( 8588): [VERBOSE1:btm_ble_gap.cc(1923)] btm_ble_process_ext_adv_pkt: bda=21:49:00:85:03:0b
09-01 14:31:41.452 V/bt_stack( 8588): [VERBOSE1:btm_ble_gap.cc(1847)] btm_ble_process_adv_addr: bda=21:49:00:85:03:0b
09-01 14:31:41.453 D/BluetoothUtils( 8588): blockedByLocationOff callingUid=1002
09-01 14:31:41.453 I/BluetoothUtils( 8588): packagename is android.uid.bluetooth:1002 ,and its permission is false
09-01 14:31:41.454 D/BluetoothUtils( 8588): blockedByLocationOff callingUid=1002
09-01 14:31:41.454 I/BluetoothUtils( 8588): packagename is android.uid.bluetooth:1002 ,and its permission is false
09-01 14:31:41.454 D/BluetoothUtils( 8588): blockedByLocationOff callingUid=1002
09-01 14:31:41.455 I/BluetoothUtils( 8588): packagename is android.uid.bluetooth:1002 ,and its permission is false
09-01 14:31:41.466 V/bt_stack( 8588): [VERBOSE1:btm_ble_gap.cc(1923)] btm_ble_process_ext_adv_pkt: bda=d0:24:10:d7:5b:bc
09-01 14:31:41.466 V/bt_stack( 8588): [VERBOSE1:btm_ble_gap.cc(1847)] btm_ble_process_adv_addr: bda=d0:24:10:d7:5b:bc
09-01 14:31:41.466 V/bt_stack( 8588): [VERBOSE1:btm_ble_gap.cc(2052)]  Waiting for scan response d0:24:10:d7:5b:bc
09-01 14:31:41.466 V/bt_stack( 8588): [VERBOSE1:btm_ble_gap.cc(1923)] btm_ble_process_ext_adv_pkt: bda=2e:17:70:f9:0b:48
09-01 14:31:41.466 V/bt_stack( 8588): [VERBOSE1:btm_ble_gap.cc(1847)] btm_ble_process_adv_addr: bda=2e:17:70:f9:0b:48
09-01 14:31:41.468 D/BluetoothUtils( 8588): blockedByLocationOff callingUid=1002
09-01 14:31:41.468 I/BluetoothUtils( 8588): packagename is android.uid.bluetooth:1002 ,and its permission is false
09-01 14:31:41.468 D/BluetoothUtils( 8588): blockedByLocationOff callingUid=1002
09-01 14:31:41.469 I/BluetoothUtils( 8588): packagename is android.uid.bluetooth:1002 ,and its permission is false
09-01 14:31:41.469 D/BluetoothUtils( 8588): blockedByLocationOff callingUid=1002
09-01 14:31:41.470 I/BluetoothUtils( 8588): packagename is android.uid.bluetooth:1002 ,and its permission is false
09-01 14:31:41.475 V/bt_stack( 8588): [VERBOSE1:btm_ble_gap.cc(1923)] btm_ble_process_ext_adv_pkt: bda=18:81:0e:e0:a8:6d
09-01 14:31:41.475 V/bt_stack( 8588): [VERBOSE1:btm_ble_gap.cc(1847)] btm_ble_process_adv_addr: bda=18:81:0e:e0:a8:6d
09-01 14:31:41.475 V/bt_stack( 8588): [VERBOSE1:btm_ble_gap.cc(2052)]  Waiting for scan response 18:81:0e:e0:a8:6d
09-01 14:31:41.475 V/bt_stack( 8588): [VERBOSE1:btm_ble_gap.cc(1923)] btm_ble_process_ext_adv_pkt: bda=36:c9:49:a0:b6:9d
09-01 14:31:41.475 V/bt_stack( 8588): [VERBOSE1:btm_ble_gap.cc(1847)] btm_ble_process_adv_addr: bda=36:c9:49:a0:b6:9d
09-01 14:31:41.476 D/BluetoothUtils( 8588): blockedByLocationOff callingUid=1002
09-01 14:31:41.477 I/BluetoothUtils( 8588): packagename is android.uid.bluetooth:1002 ,and its permission is false
09-01 14:31:41.477 D/BluetoothUtils( 8588): blockedByLocationOff callingUid=1002
09-01 14:31:41.477 I/BluetoothUtils( 8588): packagename is android.uid.bluetooth:1002 ,and its permission is false
09-01 14:31:41.477 D/BluetoothUtils( 8588): blockedByLocationOff callingUid=1002
09-01 14:31:41.477 I/BluetoothUtils( 8588): packagename is android.uid.bluetooth:1002 ,and its permission is false
09-01 14:31:41.499 V/bt_stack( 8588): [VERBOSE1:btm_ble_gap.cc(1923)] btm_ble_process_ext_adv_pkt: bda=3b:30:35:17:9e:fe
09-01 14:31:41.499 V/bt_stack( 8588): [VERBOSE1:btm_ble_gap.cc(1847)] btm_ble_process_adv_addr: bda=3b:30:35:17:9e:fe
09-01 14:31:41.500 D/BluetoothUtils( 8588): blockedByLocationOff callingUid=1002
09-01 14:31:41.500 I/BluetoothUtils( 8588): packagename is android.uid.bluetooth:1002 ,and its permission is false
09-01 14:31:41.501 D/BluetoothUtils( 8588): blockedByLocationOff callingUid=1002
09-01 14:31:41.501 I/BluetoothUtils( 8588): packagename is android.uid.bluetooth:1002 ,and its permission is false
09-01 14:31:41.501 D/BluetoothUtils( 8588): blockedByLocationOff callingUid=1002
09-01 14:31:41.501 I/BluetoothUtils( 8588): packagename is android.uid.bluetooth:1002 ,and its permission is false
09-01 14:31:41.503 V/bt_stack( 8588): [VERBOSE1:btm_ble_gap.cc(1923)] btm_ble_process_ext_adv_pkt: bda=12:f7:c7:df:cb:b1
09-01 14:31:41.503 V/bt_stack( 8588): [VERBOSE1:btm_ble_gap.cc(1847)] btm_ble_process_adv_addr: bda=12:f7:c7:df:cb:b1
09-01 14:31:41.504 D/BluetoothUtils( 8588): blockedByLocationOff callingUid=1002
09-01 14:31:41.504 I/BluetoothUtils( 8588): packagename is android.uid.bluetooth:1002 ,and its permission is false
09-01 14:31:41.504 D/BluetoothUtils( 8588): blockedByLocationOff callingUid=1002
09-01 14:31:41.504 I/BluetoothUtils( 8588): packagename is android.uid.bluetooth:1002 ,and its permission is false
09-01 14:31:41.504 D/BluetoothUtils( 8588): blockedByLocationOff callingUid=1002
09-01 14:31:41.504 V/bt_stack( 8588): [VERBOSE1:btm_ble_gap.cc(1923)] btm_ble_process_ext_adv_pkt: bda=6a:1a:31:28:a4:f8
09-01 14:31:41.505 V/bt_stack( 8588): [VERBOSE1:btm_ble_gap.cc(1847)] btm_ble_process_adv_addr: bda=6a:1a:31:28:a4:f8
09-01 14:31:41.505 I/BluetoothUtils( 8588): packagename is android.uid.bluetooth:1002 ,and its permission is false
09-01 14:31:41.505 D/BluetoothUtils( 8588): blockedByLocationOff callingUid=1002
09-01 14:31:41.506 I/BluetoothUtils( 8588): packagename is android.uid.bluetooth:1002 ,and its permission is false
09-01 14:31:41.506 D/BluetoothUtils( 8588): blockedByLocationOff callingUid=1002
09-01 14:31:41.506 I/BluetoothUtils( 8588): packagename is android.uid.bluetooth:1002 ,and its permission is false
09-01 14:31:41.506 D/BluetoothUtils( 8588): blockedByLocationOff callingUid=1002
09-01 14:31:41.506 I/BluetoothUtils( 8588): packagename is android.uid.bluetooth:1002 ,and its permission is false
09-01 14:31:41.512 V/bt_stack( 8588): [VERBOSE1:btm_ble_gap.cc(1923)] btm_ble_process_ext_adv_pkt: bda=0b:95:8c:38:8d:43
09-01 14:31:41.512 V/bt_stack( 8588): [VERBOSE1:btm_ble_gap.cc(1847)] btm_ble_process_adv_addr: bda=0b:95:8c:38:8d:43
09-01 14:31:41.513 D/BluetoothUtils( 8588): blockedByLocationOff callingUid=1002
09-01 14:31:41.513 I/BluetoothUtils( 8588): packagename is android.uid.bluetooth:1002 ,and its permission is false
09-01 14:31:41.514 D/BluetoothUtils( 8588): blockedByLocationOff callingUid=1002
09-01 14:31:41.514 V/bt_stack( 8588): [VERBOSE1:btm_ble_gap.cc(1923)] btm_ble_process_ext_adv_pkt: bda=04:b0:56:de:30:bf
09-01 14:31:41.514 I/BluetoothUtils( 8588): packagename is android.uid.bluetooth:1002 ,and its permission is false
09-01 14:31:41.514 V/bt_stack( 8588): [VERBOSE1:btm_ble_gap.cc(1847)] btm_ble_process_adv_addr: bda=04:b0:56:de:30:bf
09-01 14:31:41.514 D/BluetoothUtils( 8588): blockedByLocationOff callingUid=1002
09-01 14:31:41.514 I/BluetoothUtils( 8588): packagename is android.uid.bluetooth:1002 ,and its permission is false
09-01 14:31:41.515 D/BluetoothUtils( 8588): blockedByLocationOff callingUid=1002
09-01 14:31:41.515 I/BluetoothUtils( 8588): packagename is android.uid.bluetooth:1002 ,and its permission is false
09-01 14:31:41.515 D/BluetoothUtils( 8588): blockedByLocationOff callingUid=1002
09-01 14:31:41.516 I/BluetoothUtils( 8588): packagename is android.uid.bluetooth:1002 ,and its permission is false
09-01 14:31:41.516 D/BluetoothUtils( 8588): blockedByLocationOff callingUid=1002
09-01 14:31:41.516 I/BluetoothUtils( 8588): packagename is android.uid.bluetooth:1002 ,and its permission is false
09-01 14:31:41.531 V/bt_stack( 8588): [VERBOSE1:btm_ble_gap.cc(1923)] btm_ble_process_ext_adv_pkt: bda=17:7e:29:ab:4e:d0
09-01 14:31:41.531 V/bt_stack( 8588): [VERBOSE1:btm_ble_gap.cc(1847)] btm_ble_process_adv_addr: bda=17:7e:29:ab:4e:d0
09-01 14:31:41.532 D/BluetoothUtils( 8588): blockedByLocationOff callingUid=1002
09-01 14:31:41.533 I/BluetoothUtils( 8588): packagename is android.uid.bluetooth:1002 ,and its permission is false
09-01 14:31:41.533 D/BluetoothUtils( 8588): blockedByLocationOff callingUid=1002
09-01 14:31:41.533 I/BluetoothUtils( 8588): packagename is android.uid.bluetooth:1002 ,and its permission is false
09-01 14:31:41.533 D/BluetoothUtils( 8588): blockedByLocationOff callingUid=1002
09-01 14:31:41.534 I/BluetoothUtils( 8588): packagename is android.uid.bluetooth:1002 ,and its permission is false
09-01 14:31:41.537 V/bt_stack( 8588): [VERBOSE1:btm_ble_gap.cc(1923)] btm_ble_process_ext_adv_pkt: bda=06:fa:50:9b:39:c0
09-01 14:31:41.537 V/bt_stack( 8588): [VERBOSE1:btm_ble_gap.cc(1847)] btm_ble_process_adv_addr: bda=06:fa:50:9b:39:c0
09-01 14:31:41.538 D/BluetoothUtils( 8588): blockedByLocationOff callingUid=1002
09-01 14:31:41.538 I/BluetoothUtils( 8588): packagename is android.uid.bluetooth:1002 ,and its permission is false
09-01 14:31:41.539 D/BluetoothUtils( 8588): blockedByLocationOff callingUid=1002
09-01 14:31:41.539 I/BluetoothUtils( 8588): packagename is android.uid.bluetooth:1002 ,and its permission is false
09-01 14:31:41.539 D/BluetoothUtils( 8588): blockedByLocationOff callingUid=1002
09-01 14:31:41.539 I/BluetoothUtils( 8588): packagename is android.uid.bluetooth:1002 ,and its permission is false
09-01 14:31:41.545 V/bt_stack( 8588): [VERBOSE1:btm_ble_gap.cc(1923)] btm_ble_process_ext_adv_pkt: bda=07:e4:7f:b4:5f:d9
09-01 14:31:41.545 V/bt_stack( 8588): [VERBOSE1:btm_ble_gap.cc(1847)] btm_ble_process_adv_addr: bda=07:e4:7f:b4:5f:d9
09-01 14:31:41.547 D/BluetoothUtils( 8588): blockedByLocationOff callingUid=1002
09-01 14:31:41.548 I/BluetoothUtils( 8588): packagename is android.uid.bluetooth:1002 ,and its permission is false
09-01 14:31:41.548 D/BluetoothUtils( 8588): blockedByLocationOff callingUid=1002
09-01 14:31:41.548 I/BluetoothUtils( 8588): packagename is android.uid.bluetooth:1002 ,and its permission is false
09-01 14:31:41.548 D/BluetoothUtils( 8588): blockedByLocationOff callingUid=1002
09-01 14:31:41.548 I/BluetoothUtils( 8588): packagename is android.uid.bluetooth:1002 ,and its permission is false
09-01 14:31:41.549 I/hwservicemanager(  573): getTransport: Cannot find entry android.hardware.graphics.mapper@3.0::IMapper/default in either framework or device manifest.
09-01 14:31:41.550 W/Gralloc3( 9511): mapper 3.x is not supported
09-01 14:31:41.550 V/bt_stack( 8588): [VERBOSE1:btm_ble_gap.cc(1923)] btm_ble_process_ext_adv_pkt: bda=56:e4:da:79:d5:88
09-01 14:31:41.550 V/bt_stack( 8588): [VERBOSE1:btm_ble_gap.cc(1847)] btm_ble_process_adv_addr: bda=56:e4:da:79:d5:88
09-01 14:31:41.550 V/bt_stack( 8588): [VERBOSE1:btm_ble_gap.cc(2052)]  Waiting for scan response 56:e4:da:79:d5:88
09-01 14:31:41.550 V/bt_stack( 8588): [VERBOSE1:btm_ble_gap.cc(1923)] btm_ble_process_ext_adv_pkt: bda=56:e4:da:79:d5:88
09-01 14:31:41.550 V/bt_stack( 8588): [VERBOSE1:btm_ble_gap.cc(1847)] btm_ble_process_adv_addr: bda=56:e4:da:79:d5:88
09-01 14:31:41.551 D/BluetoothUtils( 8588): blockedByLocationOff callingUid=1002
09-01 14:31:41.552 I/BluetoothUtils( 8588): packagename is android.uid.bluetooth:1002 ,and its permission is false
09-01 14:31:41.552 D/BluetoothUtils( 8588): blockedByLocationOff callingUid=1002
09-01 14:31:41.552 I/BluetoothUtils( 8588): packagename is android.uid.bluetooth:1002 ,and its permission is false
09-01 14:31:41.553 D/BluetoothUtils( 8588): blockedByLocationOff callingUid=1002
09-01 14:31:41.553 I/BluetoothUtils( 8588): packagename is android.uid.bluetooth:1002 ,and its permission is false
09-01 14:31:41.560 W/AdrenoUtils( 9511): <ReadGpuID_from_sysfs:194>: Failed to open /sys/class/kgsl/kgsl-3d0/gpu_model
09-01 14:31:41.550 W/screencap( 9511): type=1400 audit(0.0:63868): avc: denied { search } for name="kgsl" dev="sysfs" ino=55624 scontext=u:r:shell:s0 tcontext=u:object_r:sysfs_kgsl:s0 tclass=dir permissive=0
09-01 14:31:41.560 W/AdrenoUtils( 9511): <ReadGpuID:218>: Failed to read chip ID from gpu_model. Fallback to use the GSL path
09-01 14:31:41.563 V/bt_stack( 8588): [VERBOSE1:btm_ble_gap.cc(1923)] btm_ble_process_ext_adv_pkt: bda=6c:37:b5:6b:a1:b8
09-01 14:31:41.563 V/bt_stack( 8588): [VERBOSE1:btm_ble_gap.cc(1847)] btm_ble_process_adv_addr: bda=6c:37:b5:6b:a1:b8
09-01 14:31:41.563 V/bt_stack( 8588): [VERBOSE1:btm_ble_gap.cc(2052)]  Waiting for scan response 6c:37:b5:6b:a1:b8
09-01 14:31:41.563 V/bt_stack( 8588): [VERBOSE1:btm_ble_gap.cc(1923)] btm_ble_process_ext_adv_pkt: bda=38:f9:d3:45:87:1e
09-01 14:31:41.564 V/bt_stack( 8588): [VERBOSE1:btm_ble_gap.cc(1847)] btm_ble_process_adv_addr: bda=38:f9:d3:45:87:1e
09-01 14:31:41.564 V/bt_stack( 8588): [VERBOSE1:btm_ble_gap.cc(2052)]  Waiting for scan response 38:f9:d3:45:87:1e
09-01 14:31:41.564 V/bt_stack( 8588): [VERBOSE1:btm_ble_gap.cc(1923)] btm_ble_process_ext_adv_pkt: bda=38:f9:d3:45:87:1e
09-01 14:31:41.564 V/bt_stack( 8588): [VERBOSE1:btm_ble_gap.cc(1847)] btm_ble_process_adv_addr: bda=38:f9:d3:45:87:1e
09-01 14:31:41.565 D/BluetoothUtils( 8588): blockedByLocationOff callingUid=1002
09-01 14:31:41.565 I/BluetoothUtils( 8588): packagename is android.uid.bluetooth:1002 ,and its permission is false
09-01 14:31:41.565 D/BluetoothUtils( 8588): blockedByLocationOff callingUid=1002
09-01 14:31:41.565 I/BluetoothUtils( 8588): packagename is android.uid.bluetooth:1002 ,and its permission is false
09-01 14:31:41.566 D/BluetoothUtils( 8588): blockedByLocationOff callingUid=1002
09-01 14:31:41.566 I/BluetoothUtils( 8588): packagename is android.uid.bluetooth:1002 ,and its permission is false
09-01 14:31:41.573 V/bt_stack( 8588): [VERBOSE1:btm_ble_gap.cc(1923)] btm_ble_process_ext_adv_pkt: bda=44:ca:73:cc:df:42
09-01 14:31:41.573 V/bt_stack( 8588): [VERBOSE1:btm_ble_gap.cc(1847)] btm_ble_process_adv_addr: bda=44:ca:73:cc:df:42
09-01 14:31:41.573 V/bt_stack( 8588): [VERBOSE1:btm_ble_gap.cc(2052)]  Waiting for scan response 44:ca:73:cc:df:42
09-01 14:31:41.573 V/bt_stack( 8588): [VERBOSE1:btm_ble_gap.cc(1923)] btm_ble_process_ext_adv_pkt: bda=44:ca:73:cc:df:42
09-01 14:31:41.573 V/bt_stack( 8588): [VERBOSE1:btm_ble_gap.cc(1847)] btm_ble_process_adv_addr: bda=44:ca:73:cc:df:42
09-01 14:31:41.574 D/BluetoothUtils( 8588): blockedByLocationOff callingUid=1002
09-01 14:31:41.575 I/BluetoothUtils( 8588): packagename is android.uid.bluetooth:1002 ,and its permission is false
09-01 14:31:41.575 D/BluetoothUtils( 8588): blockedByLocationOff callingUid=1002
09-01 14:31:41.575 V/bt_stack( 8588): [VERBOSE1:btm_ble_gap.cc(1923)] btm_ble_process_ext_adv_pkt: bda=36:c9:49:a0:b6:9d
09-01 14:31:41.575 V/bt_stack( 8588): [VERBOSE1:btm_ble_gap.cc(1847)] btm_ble_process_adv_addr: bda=36:c9:49:a0:b6:9d
09-01 14:31:41.575 I/BluetoothUtils( 8588): packagename is android.uid.bluetooth:1002 ,and its permission is false
09-01 14:31:41.575 D/BluetoothUtils( 8588): blockedByLocationOff callingUid=1002
09-01 14:31:41.576 I/BluetoothUtils( 8588): packagename is android.uid.bluetooth:1002 ,and its permission is false
09-01 14:31:41.577 D/BluetoothUtils( 8588): blockedByLocationOff callingUid=1002
09-01 14:31:41.577 I/BluetoothUtils( 8588): packagename is android.uid.bluetooth:1002 ,and its permission is false
09-01 14:31:41.577 D/BluetoothUtils( 8588): blockedByLocationOff callingUid=1002
09-01 14:31:41.578 I/BluetoothUtils( 8588): packagename is android.uid.bluetooth:1002 ,and its permission is false
09-01 14:31:41.578 D/BluetoothUtils( 8588): blockedByLocationOff callingUid=1002
09-01 14:31:41.578 I/BluetoothUtils( 8588): packagename is android.uid.bluetooth:1002 ,and its permission is false
09-01 14:31:41.593 V/bt_stack( 8588): [VERBOSE1:btm_ble_gap.cc(1923)] btm_ble_process_ext_adv_pkt: bda=0c:1a:06:0e:96:57
09-01 14:31:41.594 V/bt_stack( 8588): [VERBOSE1:btm_ble_gap.cc(1847)] btm_ble_process_adv_addr: bda=0c:1a:06:0e:96:57
09-01 14:31:41.596 D/BluetoothUtils( 8588): blockedByLocationOff callingUid=1002
09-01 14:31:41.597 I/BluetoothUtils( 8588): packagename is android.uid.bluetooth:1002 ,and its permission is false
09-01 14:31:41.597 D/BluetoothUtils( 8588): blockedByLocationOff callingUid=1002
09-01 14:31:41.597 I/BluetoothUtils( 8588): packagename is android.uid.bluetooth:1002 ,and its permission is false
09-01 14:31:41.598 D/BluetoothUtils( 8588): blockedByLocationOff callingUid=1002
09-01 14:31:41.598 I/BluetoothUtils( 8588): packagename is android.uid.bluetooth:1002 ,and its permission is false
09-01 14:31:41.600 V/bt_stack( 8588): [VERBOSE1:btm_ble_gap.cc(1923)] btm_ble_process_ext_adv_pkt: bda=0a:29:89:b7:c8:4a
09-01 14:31:41.600 V/bt_stack( 8588): [VERBOSE1:btm_ble_gap.cc(1847)] btm_ble_process_adv_addr: bda=0a:29:89:b7:c8:4a
09-01 14:31:41.602 D/BluetoothUtils( 8588): blockedByLocationOff callingUid=1002
09-01 14:31:41.603 I/BluetoothUtils( 8588): packagename is android.uid.bluetooth:1002 ,and its permission is false
09-01 14:31:41.604 D/BluetoothUtils( 8588): blockedByLocationOff callingUid=1002
09-01 14:31:41.604 V/bt_stack( 8588): [VERBOSE1:btm_ble_gap.cc(1923)] btm_ble_process_ext_adv_pkt: bda=3b:30:35:17:9e:fe
09-01 14:31:41.604 V/bt_stack( 8588): [VERBOSE1:btm_ble_gap.cc(1847)] btm_ble_process_adv_addr: bda=3b:30:35:17:9e:fe
09-01 14:31:41.604 I/BluetoothUtils( 8588): packagename is android.uid.bluetooth:1002 ,and its permission is false
09-01 14:31:41.604 D/BluetoothUtils( 8588): blockedByLocationOff callingUid=1002
09-01 14:31:41.604 I/BluetoothUtils( 8588): packagename is android.uid.bluetooth:1002 ,and its permission is false
09-01 14:31:41.605 D/BluetoothUtils( 8588): blockedByLocationOff callingUid=1002
09-01 14:31:41.605 I/BluetoothUtils( 8588): packagename is android.uid.bluetooth:1002 ,and its permission is false
09-01 14:31:41.606 D/BluetoothUtils( 8588): blockedByLocationOff callingUid=1002
09-01 14:31:41.606 V/bt_stack( 8588): [VERBOSE1:btm_ble_gap.cc(1923)] btm_ble_process_ext_adv_pkt: bda=d3:e3:41:80:f1:8d
09-01 14:31:41.606 V/bt_stack( 8588): [VERBOSE1:btm_ble_gap.cc(1847)] btm_ble_process_adv_addr: bda=d3:e3:41:80:f1:8d
09-01 14:31:41.606 I/BluetoothUtils( 8588): packagename is android.uid.bluetooth:1002 ,and its permission is false
09-01 14:31:41.606 V/bt_stack( 8588): [VERBOSE1:btm_ble_gap.cc(2052)]  Waiting for scan response d3:e3:41:80:f1:8d
09-01 14:31:41.606 D/BluetoothUtils( 8588): blockedByLocationOff callingUid=1002
09-01 14:31:41.607 I/BluetoothUtils( 8588): packagename is android.uid.bluetooth:1002 ,and its permission is false
09-01 14:31:41.608 V/bt_stack( 8588): [VERBOSE1:btm_ble_gap.cc(1923)] btm_ble_process_ext_adv_pkt: bda=c5:a0:8f:2d:86:2c
09-01 14:31:41.608 V/bt_stack( 8588): [VERBOSE1:btm_ble_gap.cc(1847)] btm_ble_process_adv_addr: bda=c5:a0:8f:2d:86:2c
09-01 14:31:41.608 V/bt_stack( 8588): [VERBOSE1:btm_ble_gap.cc(2052)]  Waiting for scan response c5:a0:8f:2d:86:2c
09-01 14:31:41.608 V/bt_stack( 8588): [VERBOSE1:btm_ble_gap.cc(1923)] btm_ble_process_ext_adv_pkt: bda=12:f7:c7:df:cb:b1
09-01 14:31:41.608 V/bt_stack( 8588): [VERBOSE1:btm_ble_gap.cc(1847)] btm_ble_process_adv_addr: bda=12:f7:c7:df:cb:b1
09-01 14:31:41.609 D/BluetoothUtils( 8588): blockedByLocationOff callingUid=1002
09-01 14:31:41.609 I/BluetoothUtils( 8588): packagename is android.uid.bluetooth:1002 ,and its permission is false
09-01 14:31:41.609 D/BluetoothUtils( 8588): blockedByLocationOff callingUid=1002
09-01 14:31:41.610 I/BluetoothUtils( 8588): packagename is android.uid.bluetooth:1002 ,and its permission is false
09-01 14:31:41.610 D/BluetoothUtils( 8588): blockedByLocationOff callingUid=1002
09-01 14:31:41.610 I/BluetoothUtils( 8588): packagename is android.uid.bluetooth:1002 ,and its permission is false
09-01 14:31:41.633 V/bt_stack( 8588): [VERBOSE1:btm_ble_gap.cc(1923)] btm_ble_process_ext_adv_pkt: bda=7c:ed:2d:b6:cf:30
09-01 14:31:41.633 V/bt_stack( 8588): [VERBOSE1:btm_ble_gap.cc(1847)] btm_ble_process_adv_addr: bda=7c:ed:2d:b6:cf:30
09-01 14:31:41.634 V/bt_stack( 8588): [VERBOSE1:btm_ble_gap.cc(2052)]  Waiting for scan response 7c:ed:2d:b6:cf:30
09-01 14:31:41.634 V/bt_stack( 8588): [VERBOSE1:btm_ble_gap.cc(1923)] btm_ble_process_ext_adv_pkt: bda=17:7e:29:ab:4e:d0
09-01 14:31:41.634 V/bt_stack( 8588): [VERBOSE1:btm_ble_gap.cc(1847)] btm_ble_process_adv_addr: bda=17:7e:29:ab:4e:d0
09-01 14:31:41.636 D/BluetoothUtils( 8588): blockedByLocationOff callingUid=1002
09-01 14:31:41.637 I/BluetoothUtils( 8588): packagename is android.uid.bluetooth:1002 ,and its permission is false
09-01 14:31:41.637 D/BluetoothUtils( 8588): blockedByLocationOff callingUid=1002
09-01 14:31:41.639 I/BluetoothUtils( 8588): packagename is android.uid.bluetooth:1002 ,and its permission is false
09-01 14:31:41.639 D/BluetoothUtils( 8588): blockedByLocationOff callingUid=1002
09-01 14:31:41.640 I/BluetoothUtils( 8588): packagename is android.uid.bluetooth:1002 ,and its permission is false
09-01 14:31:41.648 V/bt_stack( 8588): [VERBOSE1:btm_ble_gap.cc(1923)] btm_ble_process_ext_adv_pkt: bda=54:e8:6c:52:02:a9
09-01 14:31:41.648 V/bt_stack( 8588): [VERBOSE1:btm_ble_gap.cc(1847)] btm_ble_process_adv_addr: bda=54:e8:6c:52:02:a9
09-01 14:31:41.648 V/bt_stack( 8588): [VERBOSE1:btm_ble_gap.cc(2052)]  Waiting for scan response 54:e8:6c:52:02:a9
09-01 14:31:41.652 V/bt_stack( 8588): [VERBOSE1:btm_ble_gap.cc(1923)] btm_ble_process_ext_adv_pkt: bda=7c:7c:58:d5:aa:e1
09-01 14:31:41.652 V/bt_stack( 8588): [VERBOSE1:btm_ble_gap.cc(1847)] btm_ble_process_adv_addr: bda=7c:7c:58:d5:aa:e1
09-01 14:31:41.652 V/bt_stack( 8588): [VERBOSE1:btm_ble_gap.cc(2052)]  Waiting for scan response 7c:7c:58:d5:aa:e1
09-01 14:31:41.652 V/bt_stack( 8588): [VERBOSE1:btm_ble_gap.cc(1923)] btm_ble_process_ext_adv_pkt: bda=07:e4:7f:b4:5f:d9
09-01 14:31:41.652 V/bt_stack( 8588): [VERBOSE1:btm_ble_gap.cc(1847)] btm_ble_process_adv_addr: bda=07:e4:7f:b4:5f:d9
09-01 14:31:41.653 D/BluetoothUtils( 8588): blockedByLocationOff callingUid=1002
09-01 14:31:41.654 I/BluetoothUtils( 8588): packagename is android.uid.bluetooth:1002 ,and its permission is false
09-01 14:31:41.654 D/BluetoothUtils( 8588): blockedByLocationOff callingUid=1002
09-01 14:31:41.654 I/BluetoothUtils( 8588): packagename is android.uid.bluetooth:1002 ,and its permission is false
09-01 14:31:41.654 D/BluetoothUtils( 8588): blockedByLocationOff callingUid=1002
09-01 14:31:41.655 I/BluetoothUtils( 8588): packagename is android.uid.bluetooth:1002 ,and its permission is false
09-01 14:31:41.661 V/bt_stack( 8588): [VERBOSE1:btm_ble_gap.cc(1923)] btm_ble_process_ext_adv_pkt: bda=66:3e:07:e0:2b:d4
09-01 14:31:41.661 V/bt_stack( 8588): [VERBOSE1:btm_ble_gap.cc(1847)] btm_ble_process_adv_addr: bda=66:3e:07:e0:2b:d4
09-01 14:31:41.661 V/bt_stack( 8588): [VERBOSE1:btm_ble_gap.cc(2052)]  Waiting for scan response 66:3e:07:e0:2b:d4
09-01 14:31:41.661 V/bt_stack( 8588): [VERBOSE1:btm_ble_gap.cc(1923)] btm_ble_process_ext_adv_pkt: bda=66:3e:07:e0:2b:d4
09-01 14:31:41.661 V/bt_stack( 8588): [VERBOSE1:btm_ble_gap.cc(1847)] btm_ble_process_adv_addr: bda=66:3e:07:e0:2b:d4
09-01 14:31:41.662 V/bt_stack( 8588): [VERBOSE1:btm_ble_gap.cc(1923)] btm_ble_process_ext_adv_pkt: bda=21:49:00:85:03:0b
09-01 14:31:41.662 V/bt_stack( 8588): [VERBOSE1:btm_ble_gap.cc(1847)] btm_ble_process_adv_addr: bda=21:49:00:85:03:0b
09-01 14:31:41.662 D/BluetoothUtils( 8588): blockedByLocationOff callingUid=1002
09-01 14:31:41.662 I/BluetoothUtils( 8588): packagename is android.uid.bluetooth:1002 ,and its permission is false
09-01 14:31:41.663 D/BluetoothUtils( 8588): blockedByLocationOff callingUid=1002
09-01 14:31:41.663 I/BluetoothUtils( 8588): packagename is android.uid.bluetooth:1002 ,and its permission is false
09-01 14:31:41.663 D/BluetoothUtils( 8588): blockedByLocationOff callingUid=1002
09-01 14:31:41.664 I/BluetoothUtils( 8588): packagename is android.uid.bluetooth:1002 ,and its permission is false
09-01 14:31:41.665 D/BluetoothUtils( 8588): blockedByLocationOff callingUid=1002
09-01 14:31:41.665 I/BluetoothUtils( 8588): packagename is android.uid.bluetooth:1002 ,and its permission is false
09-01 14:31:41.665 D/BluetoothUtils( 8588): blockedByLocationOff callingUid=1002
09-01 14:31:41.665 I/BluetoothUtils( 8588): packagename is android.uid.bluetooth:1002 ,and its permission is false
09-01 14:31:41.665 D/BluetoothUtils( 8588): blockedByLocationOff callingUid=1002
09-01 14:31:41.666 I/BluetoothUtils( 8588): packagename is android.uid.bluetooth:1002 ,and its permission is false
09-01 14:31:41.676 V/bt_stack( 8588): [VERBOSE1:btm_ble_gap.cc(1923)] btm_ble_process_ext_adv_pkt: bda=2e:17:70:f9:0b:48
09-01 14:31:41.676 V/bt_stack( 8588): [VERBOSE1:btm_ble_gap.cc(1847)] btm_ble_process_adv_addr: bda=2e:17:70:f9:0b:48
09-01 14:31:41.677 D/BluetoothUtils( 8588): blockedByLocationOff callingUid=1002
09-01 14:31:41.678 I/BluetoothUtils( 8588): packagename is android.uid.bluetooth:1002 ,and its permission is false
09-01 14:31:41.678 D/BluetoothUtils( 8588): blockedByLocationOff callingUid=1002
09-01 14:31:41.678 I/BluetoothUtils( 8588): packagename is android.uid.bluetooth:1002 ,and its permission is false
09-01 14:31:41.678 D/BluetoothUtils( 8588): blockedByLocationOff callingUid=1002
09-01 14:31:41.679 I/BluetoothUtils( 8588): packagename is android.uid.bluetooth:1002 ,and its permission is false
09-01 14:31:41.682 V/bt_stack( 8588): [VERBOSE1:btm_ble_gap.cc(1923)] btm_ble_process_ext_adv_pkt: bda=36:c9:49:a0:b6:9d
09-01 14:31:41.682 V/bt_stack( 8588): [VERBOSE1:btm_ble_gap.cc(1847)] btm_ble_process_adv_addr: bda=36:c9:49:a0:b6:9d
09-01 14:31:41.684 D/BluetoothUtils( 8588): blockedByLocationOff callingUid=1002
09-01 14:31:41.684 I/BluetoothUtils( 8588): packagename is android.uid.bluetooth:1002 ,and its permission is false
09-01 14:31:41.684 D/BluetoothUtils( 8588): blockedByLocationOff callingUid=1002
09-01 14:31:41.684 V/bt_stack( 8588): [VERBOSE1:btm_ble_gap.cc(1923)] btm_ble_process_ext_adv_pkt: bda=53:20:ff:cd:6c:a4
09-01 14:31:41.684 V/bt_stack( 8588): [VERBOSE1:btm_ble_gap.cc(1847)] btm_ble_process_adv_addr: bda=53:20:ff:cd:6c:a4
09-01 14:31:41.684 V/bt_stack( 8588): [VERBOSE1:btm_ble_gap.cc(2052)]  Waiting for scan response 53:20:ff:cd:6c:a4
09-01 14:31:41.685 V/bt_stack( 8588): [VERBOSE1:btm_ble_gap.cc(1923)] btm_ble_process_ext_adv_pkt: bda=53:20:ff:cd:6c:a4
09-01 14:31:41.685 I/BluetoothUtils( 8588): packagename is android.uid.bluetooth:1002 ,and its permission is false
09-01 14:31:41.685 V/bt_stack( 8588): [VERBOSE1:btm_ble_gap.cc(1847)] btm_ble_process_adv_addr: bda=53:20:ff:cd:6c:a4
09-01 14:31:41.685 D/BluetoothUtils( 8588): blockedByLocationOff callingUid=1002
09-01 14:31:41.685 I/BluetoothUtils( 8588): packagename is android.uid.bluetooth:1002 ,and its permission is false
09-01 14:31:41.686 D/BluetoothUtils( 8588): blockedByLocationOff callingUid=1002
09-01 14:31:41.686 I/BluetoothUtils( 8588): packagename is android.uid.bluetooth:1002 ,and its permission is false
09-01 14:31:41.686 D/BluetoothUtils( 8588): blockedByLocationOff callingUid=1002
09-01 14:31:41.686 I/BluetoothUtils( 8588): packagename is android.uid.bluetooth:1002 ,and its permission is false
09-01 14:31:41.686 D/BluetoothUtils( 8588): blockedByLocationOff callingUid=1002
09-01 14:31:41.687 I/BluetoothUtils( 8588): packagename is android.uid.bluetooth:1002 ,and its permission is false
09-01 14:31:41.701 V/bt_stack( 8588): [VERBOSE1:btm_ble_gap.cc(1923)] btm_ble_process_ext_adv_pkt: bda=0a:29:89:b7:c8:4a
09-01 14:31:41.701 V/bt_stack( 8588): [VERBOSE1:btm_ble_gap.cc(1847)] btm_ble_process_adv_addr: bda=0a:29:89:b7:c8:4a
09-01 14:31:41.703 D/BluetoothUtils( 8588): blockedByLocationOff callingUid=1002
09-01 14:31:41.703 I/BluetoothUtils( 8588): packagename is android.uid.bluetooth:1002 ,and its permission is false
09-01 14:31:41.703 D/BluetoothUtils( 8588): blockedByLocationOff callingUid=1002
09-01 14:31:41.703 I/BluetoothUtils( 8588): packagename is android.uid.bluetooth:1002 ,and its permission is false
09-01 14:31:41.704 D/BluetoothUtils( 8588): blockedByLocationOff callingUid=1002
09-01 14:31:41.704 I/BluetoothUtils( 8588): packagename is android.uid.bluetooth:1002 ,and its permission is false
09-01 14:31:41.712 V/bt_stack( 8588): [VERBOSE1:btm_ble_gap.cc(1923)] btm_ble_process_ext_adv_pkt: bda=2a:1b:52:ac:62:5d
09-01 14:31:41.712 V/bt_stack( 8588): [VERBOSE1:btm_ble_gap.cc(1847)] btm_ble_process_adv_addr: bda=2a:1b:52:ac:62:5d
09-01 14:31:41.714 D/BluetoothUtils( 8588): blockedByLocationOff callingUid=1002
09-01 14:31:41.714 I/BluetoothUtils( 8588): packagename is android.uid.bluetooth:1002 ,and its permission is false
09-01 14:31:41.714 D/BluetoothUtils( 8588): blockedByLocationOff callingUid=1002
09-01 14:31:41.714 I/BluetoothUtils( 8588): packagename is android.uid.bluetooth:1002 ,and its permission is false
09-01 14:31:41.714 D/BluetoothUtils( 8588): blockedByLocationOff callingUid=1002
09-01 14:31:41.715 I/BluetoothUtils( 8588): packagename is android.uid.bluetooth:1002 ,and its permission is false
09-01 14:31:41.716 V/bt_stack( 8588): [VERBOSE1:btm_ble_gap.cc(1923)] btm_ble_process_ext_adv_pkt: bda=6a:1a:31:28:a4:f8
09-01 14:31:41.716 V/bt_stack( 8588): [VERBOSE1:btm_ble_gap.cc(1847)] btm_ble_process_adv_addr: bda=6a:1a:31:28:a4:f8
09-01 14:31:41.717 D/BluetoothUtils( 8588): blockedByLocationOff callingUid=1002
09-01 14:31:41.717 I/BluetoothUtils( 8588): packagename is android.uid.bluetooth:1002 ,and its permission is false
09-01 14:31:41.717 D/BluetoothUtils( 8588): blockedByLocationOff callingUid=1002
09-01 14:31:41.718 I/BluetoothUtils( 8588): packagename is android.uid.bluetooth:1002 ,and its permission is false
09-01 14:31:41.718 D/BluetoothUtils( 8588): blockedByLocationOff callingUid=1002
09-01 14:31:41.718 I/BluetoothUtils( 8588): packagename is android.uid.bluetooth:1002 ,and its permission is false
09-01 14:31:41.735 V/bt_stack( 8588): [VERBOSE1:btm_ble_gap.cc(1923)] btm_ble_process_ext_adv_pkt: bda=68:d4:4b:57:05:8b
09-01 14:31:41.735 V/bt_stack( 8588): [VERBOSE1:btm_ble_gap.cc(1847)] btm_ble_process_adv_addr: bda=68:d4:4b:57:05:8b
09-01 14:31:41.735 V/bt_stack( 8588): [VERBOSE1:btm_ble_gap.cc(2052)]  Waiting for scan response 68:d4:4b:57:05:8b
09-01 14:31:41.738 V/bt_stack( 8588): [VERBOSE1:btm_ble_gap.cc(1923)] btm_ble_process_ext_adv_pkt: bda=7b:37:7f:df:22:35
09-01 14:31:41.738 V/bt_stack( 8588): [VERBOSE1:btm_ble_gap.cc(1847)] btm_ble_process_adv_addr: bda=7b:37:7f:df:22:35
09-01 14:31:41.738 V/bt_stack( 8588): [VERBOSE1:btm_ble_gap.cc(2052)]  Waiting for scan response 7b:37:7f:df:22:35
09-01 14:31:41.739 V/bt_stack( 8588): [VERBOSE1:btm_ble_gap.cc(1923)] btm_ble_process_ext_adv_pkt: bda=56:e4:da:79:d5:88
09-01 14:31:41.739 V/bt_stack( 8588): [VERBOSE1:btm_ble_gap.cc(1847)] btm_ble_process_adv_addr: bda=56:e4:da:79:d5:88
09-01 14:31:41.739 V/bt_stack( 8588): [VERBOSE1:btm_ble_gap.cc(2052)]  Waiting for scan response 56:e4:da:79:d5:88
09-01 14:31:41.739 V/bt_stack( 8588): [VERBOSE1:btm_ble_gap.cc(1923)] btm_ble_process_ext_adv_pkt: bda=56:e4:da:79:d5:88
09-01 14:31:41.739 V/bt_stack( 8588): [VERBOSE1:btm_ble_gap.cc(1847)] btm_ble_process_adv_addr: bda=56:e4:da:79:d5:88
09-01 14:31:41.741 D/BluetoothUtils( 8588): blockedByLocationOff callingUid=1002
09-01 14:31:41.742 I/BluetoothUtils( 8588): packagename is android.uid.bluetooth:1002 ,and its permission is false
09-01 14:31:41.743 D/BluetoothUtils( 8588): blockedByLocationOff callingUid=1002
09-01 14:31:41.744 I/BluetoothUtils( 8588): packagename is android.uid.bluetooth:1002 ,and its permission is false
09-01 14:31:41.744 D/BluetoothUtils( 8588): blockedByLocationOff callingUid=1002
09-01 14:31:41.744 I/BluetoothUtils( 8588): packagename is android.uid.bluetooth:1002 ,and its permission is false
09-01 14:31:41.753 I/MiuiNetworkPolicy( 1639): bandwidth: 2 KB/s, Max bandwidth: 3727 KB/s
09-01 14:31:41.756 V/bt_stack( 8588): [VERBOSE1:btm_ble_gap.cc(1923)] btm_ble_process_ext_adv_pkt: bda=6c:37:b5:6b:a1:b8
09-01 14:31:41.756 V/bt_stack( 8588): [VERBOSE1:btm_ble_gap.cc(1847)] btm_ble_process_adv_addr: bda=6c:37:b5:6b:a1:b8
09-01 14:31:41.756 V/bt_stack( 8588): [VERBOSE1:btm_ble_gap.cc(2052)]  Waiting for scan response 6c:37:b5:6b:a1:b8
09-01 14:31:41.756 V/bt_stack( 8588): [VERBOSE1:btm_ble_gap.cc(1923)] btm_ble_process_ext_adv_pkt: bda=07:e4:7f:b4:5f:d9
09-01 14:31:41.756 V/bt_stack( 8588): [VERBOSE1:btm_ble_gap.cc(1847)] btm_ble_process_adv_addr: bda=07:e4:7f:b4:5f:d9
09-01 14:31:41.757 D/BluetoothUtils( 8588): blockedByLocationOff callingUid=1002
09-01 14:31:41.758 I/BluetoothUtils( 8588): packagename is android.uid.bluetooth:1002 ,and its permission is false
09-01 14:31:41.758 D/BluetoothUtils( 8588): blockedByLocationOff callingUid=1002
09-01 14:31:41.758 I/BluetoothUtils( 8588): packagename is android.uid.bluetooth:1002 ,and its permission is false
09-01 14:31:41.758 D/BluetoothUtils( 8588): blockedByLocationOff callingUid=1002
09-01 14:31:41.758 I/BluetoothUtils( 8588): packagename is android.uid.bluetooth:1002 ,and its permission is false
09-01 14:31:41.784 V/bt_stack( 8588): [VERBOSE1:btm_ble_gap.cc(1923)] btm_ble_process_ext_adv_pkt: bda=2e:17:70:f9:0b:48
09-01 14:31:41.784 V/bt_stack( 8588): [VERBOSE1:btm_ble_gap.cc(1847)] btm_ble_process_adv_addr: bda=2e:17:70:f9:0b:48
09-01 14:31:41.785 D/BluetoothUtils( 8588): blockedByLocationOff callingUid=1002
09-01 14:31:41.786 I/BluetoothUtils( 8588): packagename is android.uid.bluetooth:1002 ,and its permission is false
09-01 14:31:41.786 D/BluetoothUtils( 8588): blockedByLocationOff callingUid=1002
09-01 14:31:41.786 I/BluetoothUtils( 8588): packagename is android.uid.bluetooth:1002 ,and its permission is false
09-01 14:31:41.786 D/BluetoothUtils( 8588): blockedByLocationOff callingUid=1002
09-01 14:31:41.786 I/BluetoothUtils( 8588): packagename is android.uid.bluetooth:1002 ,and its permission is false
09-01 14:31:41.804 V/bt_stack( 8588): [VERBOSE1:btm_ble_gap.cc(1923)] btm_ble_process_ext_adv_pkt: bda=0a:29:89:b7:c8:4a
09-01 14:31:41.804 V/bt_stack( 8588): [VERBOSE1:btm_ble_gap.cc(1847)] btm_ble_process_adv_addr: bda=0a:29:89:b7:c8:4a
09-01 14:31:41.804 V/bt_stack( 8588): [VERBOSE1:btm_ble_gap.cc(1923)] btm_ble_process_ext_adv_pkt: bda=45:55:7e:66:6f:d0
09-01 14:31:41.805 V/bt_stack( 8588): [VERBOSE1:btm_ble_gap.cc(1847)] btm_ble_process_adv_addr: bda=45:55:7e:66:6f:d0
09-01 14:31:41.805 V/bt_stack( 8588): [VERBOSE1:btm_ble_gap.cc(2052)]  Waiting for scan response 45:55:7e:66:6f:d0
09-01 14:31:41.805 V/bt_stack( 8588): [VERBOSE1:btm_ble_gap.cc(1923)] btm_ble_process_ext_adv_pkt: bda=0c:1a:06:0e:96:57
09-01 14:31:41.805 V/bt_stack( 8588): [VERBOSE1:btm_ble_gap.cc(1847)] btm_ble_process_adv_addr: bda=0c:1a:06:0e:96:57
09-01 14:31:41.806 D/BluetoothUtils( 8588): blockedByLocationOff callingUid=1002
09-01 14:31:41.806 I/BluetoothUtils( 8588): packagename is android.uid.bluetooth:1002 ,and its permission is false
09-01 14:31:41.807 D/BluetoothUtils( 8588): blockedByLocationOff callingUid=1002
09-01 14:31:41.807 I/appium  ( 8902): AppiumResponse: {"sessionId":"ad6d0c78-5f6e-4b34-a966-5b7ce44708b4","value":"iVBORw0KGgoAAAANSUhEUgAABDgAAAkkCAYAAAD508+vAAAAAXNSR0IArs4c6QAAAARzQklUCAgI\nCHwIZIgAACAASURBVHic7N13fBP1\/wfw16XpBNrSQQdQypLxY7UUEMsSRBQBwcEQxQGogLIVFXF+\nXSBTNkUFlD2VKSIgU4EiRcqeFVqa0gFdadre748kl0uTtmlGS8rr+Xgoyd197j5XRnuvfD7vj5Ca\nl...
09-01 14:31:41.807 I/BluetoothUtils( 8588): packagename is android.uid.bluetooth:1002 ,and its permission is false
09-01 14:31:41.807 D/BluetoothUtils( 8588): blockedByLocationOff callingUid=1002
09-01 14:31:41.807 I/BluetoothUtils( 8588): packagename is android.uid.bluetooth:1002 ,and its permission is false
09-01 14:31:41.807 V/bt_stack( 8588): [VERBOSE1:btm_ble_gap.cc(1923)] btm_ble_process_ext_adv_pkt: bda=3a:23:cb:4a:85:2d
09-01 14:31:41.808 V/bt_stack( 8588): [VERBOSE1:btm_ble_gap.cc(1847)] btm_ble_process_adv_addr: bda=3a:23:cb:4a:85:2d
09-01 14:31:41.808 D/BluetoothUtils( 8588): blockedByLocationOff callingUid=1002
09-01 14:31:41.808 I/BluetoothUtils( 8588): packagename is android.uid.bluetooth:1002 ,and its permission is false
09-01 14:31:41.808 D/BluetoothUtils( 8588): blockedByLocationOff callingUid=1002
09-01 14:31:41.809 I/BluetoothUtils( 8588): packagename is android.uid.bluetooth:1002 ,and its permission is false
09-01 14:31:41.809 D/BluetoothUtils( 8588): blockedByLocationOff callingUid=1002
09-01 14:31:41.809 I/BluetoothUtils( 8588): packagename is android.uid.bluetooth:1002 ,and its permission is false
09-01 14:31:41.810 D/BluetoothUtils( 8588): blockedByLocationOff callingUid=1002
09-01 14:31:41.810 I/BluetoothUtils( 8588): packagename is android.uid.bluetooth:1002 ,and its permission is false
09-01 14:31:41.810 D/BluetoothUtils( 8588): blockedByLocationOff callingUid=1002
09-01 14:31:41.811 I/BluetoothUtils( 8588): packagename is android.uid.bluetooth:1002 ,and its permission is false
09-01 14:31:41.811 D/BluetoothUtils( 8588): blockedByLocationOff callingUid=1002
09-01 14:31:41.811 I/BluetoothUtils( 8588): packagename is android.uid.bluetooth:1002 ,and its permission is false
09-01 14:31:41.817 V/bt_stack( 8588): [VERBOSE1:btm_ble_gap.cc(1923)] btm_ble_process_ext_adv_pkt: bda=6a:1a:31:28:a4:f8
09-01 14:31:41.817 V/bt_stack( 8588): [VERBOSE1:btm_ble_gap.cc(1847)] btm_ble_process_adv_addr: bda=6a:1a:31:28:a4:f8
09-01 14:31:41.818 D/BluetoothUtils( 8588): blockedByLocationOff callingUid=1002
