09-01 14:34:26.703 I/appium  (11310): AppiumResponse: {"sessionId":"7457bba7-67d4-46f6-af19-5e3c40fc69d7","value":{"error":"no such element","message":"An element could not be located on the page using the given search parameters","stacktrace":"io.appium.uiautomator2.common.exceptions.ElementNotFoundException: An element could not be located on the ...
09-01 14:34:26.828 D/BluetoothGatt(11356): setCharacteristicNotification() - uuid: 00000014-0000-3512-2118-0009af100700 enable: true
09-01 14:34:26.829 I/chatty  ( 8588): uid=1002(bluetooth) Binder:8588_1 expire 2 lines
09-01 14:34:26.885 I/AudioTrack( 2503): isLongTimeZoreData zoer date time 54 Seconds
09-01 14:34:26.904 I/MiuiNetworkPolicy( 1639): bandwidth: 2 KB/s, Max bandwidth: 3727 KB/s
09-01 14:34:26.914 I/chatty  ( 8588): uid=1002(bluetooth) btu message loo expire 151 lines
09-01 14:34:26.922 I/chatty  ( 8588): uid=1002(bluetooth) BT Service Call expire 218 lines
09-01 14:34:27.009 D/BluetoothGatt(11356): setCharacteristicNotification() - uuid: 00000003-0000-3512-2118-0009af100700 enable: true
09-01 14:34:27.104 I/chatty  ( 8588): uid=1002(bluetooth) btu message loo expire 138 lines
09-01 14:34:27.158 I/Timeline(11356): Timeline: Activity_launch_request time:211633175
09-01 14:34:27.159 I/SplashScreenServiceDelegate( 1639): None for com.xiaomi.hm.health
09-01 14:34:27.160 I/ActivityTaskManager( 1639): START u0 {cmp=com.xiaomi.hm.health/.activity.MainTabActivity} from uid 10241
09-01 14:34:27.168 D/CompatibilityInfo( 1639): mCompatibilityFlags - 0
09-01 14:34:27.168 D/CompatibilityInfo( 1639): applicationDensity - 440
09-01 14:34:27.169 D/CompatibilityInfo( 1639): applicationScale - 1.0
09-01 14:34:27.170 D/ActivityTrigger( 1639): ActivityTrigger activityPauseTrigger 
09-01 14:34:27.183 I/ActivityTaskManager( 1639): The Process com.xiaomi.hm.health Already Exists in BG. So sending its PID: 11356
09-01 14:34:27.184 D/CompatibilityInfo( 1639): mCompatibilityFlags - 0
09-01 14:34:27.184 D/CompatibilityInfo( 1639): applicationDensity - 440
09-01 14:34:27.184 D/CompatibilityInfo( 1639): applicationScale - 1.0
09-01 14:34:27.185 D/WindowManager( 1639): Input focus has changed to null
09-01 14:34:27.186 I/Timeline( 1639): Timeline: App_transition_ready time:211633203
09-01 14:34:27.187 W/ActivityThread(11356): handleWindowVisibility: no activity for token android.os.BinderProxy@7ff6c1e
09-01 14:34:27.188 D/BluetoothGatt(11356): setCharacteristicNotification() - uuid: 00000003-0000-3512-2118-0009af100700 enable: false
09-01 14:34:27.189 I/chatty  ( 8588): uid=1002(bluetooth) Binder:8588_1 expire 3 lines
09-01 14:34:27.204 D/[Koin]  (11356): +- get 'com.huami.femalehealth.uilib.O00000o0.O0000Oo'
09-01 14:34:27.204 D/[Koin]  (11356): | create instance for [type:Factory,primary_type:'com.huami.femalehealth.uilib.O00000o0.O0000Oo']
09-01 14:34:27.204 D/[Koin]  (11356): !- create scope - id:FemaleHealth q:FemaleHealth
09-01 14:34:27.204 D/[Koin]  (11356): bind type:'com.huami.femalehealth.logiclib.O000000o.O00000Oo' ~ [type:Scoped,scope:'FemaleHealth', primary_type:'com.huami.femalehealth.logiclib.O000000o.O00000Oo']
09-01 14:34:27.204 D/[Koin]  (11356): bind type:'com.huami.femalehealth.logiclib.O00000oo.O000O0OO' ~ [type:Scoped,scope:'FemaleHealth', primary_type:'com.huami.femalehealth.logiclib.O00000oo.O000O0OO']
09-01 14:34:27.204 D/[Koin]  (11356): bind type:'com.huami.femalehealth.logiclib.O00000oO.O00oOooO' ~ [type:Scoped,scope:'FemaleHealth', primary_type:'com.huami.femalehealth.logiclib.O00000oO.O00oOooO']
09-01 14:34:27.205 D/[Koin]  (11356): bind type:'com.huami.femalehealth.logiclib.O00000o0.O0000OOo' ~ [type:Scoped,scope:'FemaleHealth', primary_type:'com.huami.femalehealth.logiclib.O00000o0.O0000OOo']
09-01 14:34:27.205 D/[Koin]  (11356): bind type:'com.huami.femalehealth.logiclib.O00000Oo.O00000Oo' ~ [type:Scoped,scope:'FemaleHealth', primary_type:'com.huami.femalehealth.logiclib.O00000Oo.O00000Oo']
09-01 14:34:27.205 D/[Koin]  (11356): bind qualifier:'FemaleHealthWebHost' ~ [type:Scoped,scope:'FemaleHealth', name:'FemaleHealthWebHost', primary_type:'java.lang.String']
09-01 14:34:27.205 D/[Koin]  (11356): bind type:'com.huami.femalehealth.logiclib.db.FemaleHealthDb' ~ [type:Scoped,scope:'FemaleHealth', primary_type:'com.huami.femalehealth.logiclib.db.FemaleHealthDb']
09-01 14:34:27.205 D/[Koin]  (11356): bind type:'com.huami.femalehealth.logiclib.O00000oO.O0000O0o' ~ [type:Scoped,scope:'FemaleHealth', primary_type:'com.huami.femalehealth.logiclib.O00000oO.O0000O0o']
09-01 14:34:27.205 D/[Koin]  (11356): +- get 'com.huami.femalehealth.logiclib.O00000oO.O00oOooO'
09-01 14:34:27.205 D/[Koin]  (11356): | create instance for [type:Scoped,scope:'FemaleHealth', primary_type:'com.huami.femalehealth.logiclib.O00000oO.O00oOooO']
09-01 14:34:27.205 D/[Koin]  (11356): +- get 'com.huami.femalehealth.logiclib.O00000o0.O0000OOo'
09-01 14:34:27.205 D/[Koin]  (11356): | create instance for [type:Scoped,scope:'FemaleHealth', primary_type:'com.huami.femalehealth.logiclib.O00000o0.O0000OOo']
09-01 14:34:27.205 D/[Koin]  (11356): +- get 'java.lang.String'
09-01 14:34:27.205 D/[Koin]  (11356): +- got 'java.lang.String' in 0.009531 ms
09-01 14:34:27.205 D/[Koin]  (11356): +- get 'O00000oO.O0000Ooo.O000000o.O00000Oo'
09-01 14:34:27.205 D/[Koin]  (11356): +- got 'O00000oO.O0000Ooo.O000000o.O00000Oo' in 0.008073 ms
09-01 14:34:27.205 D/[Koin]  (11356): +- get 'O00000oO.O0000Ooo.O000000o.O00000Oo'
09-01 14:34:27.205 D/[Koin]  (11356): +- got 'O00000oO.O0000Ooo.O000000o.O00000Oo' in 0.006719 ms
09-01 14:34:27.205 D/[Koin]  (11356): +- get 'O00000oO.O0000Ooo.O000000o.O00000Oo'
09-01 14:34:27.205 D/[Koin]  (11356): +- got 'O00000oO.O0000Ooo.O000000o.O00000Oo' in 0.007135 ms
09-01 14:34:27.205 D/[Koin]  (11356): +- get 'O00000oO.O0000Ooo.O000000o.O00000Oo'
09-01 14:34:27.205 D/[Koin]  (11356): | create instance for [type:Scoped,scope:'User', name:'Location', primary_type:'O00000oO.O0000Ooo.O000000o.O00000Oo']
09-01 14:34:27.205 D/[Koin]  (11356): +- got 'O00000oO.O0000Ooo.O000000o.O00000Oo' in 0.110937 ms
09-01 14:34:27.205 D/[Koin]  (11356): +- get 'O00000oO.O0000Ooo.O000000o.O00000Oo'
09-01 14:34:27.205 D/[Koin]  (11356): | create instance for [type:Scoped,scope:'User', name:'Summary', primary_type:'O00000oO.O0000Ooo.O000000o.O00000Oo']
09-01 14:34:27.206 D/[Koin]  (11356): +- got 'O00000oO.O0000Ooo.O000000o.O00000Oo' in 0.074062 ms
09-01 14:34:27.206 D/[Koin]  (11356): +- get 'O00000oO.O0000Ooo.O000000o.O00000Oo'
09-01 14:34:27.206 D/[Koin]  (11356): | create instance for [type:Scoped,scope:'User', name:'Type', primary_type:'O00000oO.O0000Ooo.O000000o.O00000Oo']
09-01 14:34:27.206 D/[Koin]  (11356): +- got 'O00000oO.O0000Ooo.O000000o.O00000Oo' in 0.178698 ms
09-01 14:34:27.206 D/[Koin]  (11356): +- got 'com.huami.femalehealth.logiclib.O00000o0.O0000OOo' in 1.204739 ms
09-01 14:34:27.207 D/[Koin]  (11356): +- get 'android.app.Application'
09-01 14:34:27.207 D/[Koin]  (11356): | create instance for [type:Single,primary_type:'android.app.Application']
09-01 14:34:27.207 D/[Koin]  (11356): +- got 'android.app.Application' in 0.060312 ms
09-01 14:34:27.208 D/[Koin]  (11356): +- got 'com.huami.femalehealth.logiclib.O00000oO.O00oOooO' in 3.131563 ms
09-01 14:34:27.208 D/[Koin]  (11356): +- get 'com.huami.femalehealth.logiclib.O0000O0o.O00000o'
09-01 14:34:27.208 D/[Koin]  (11356): | create instance for [type:Factory,primary_type:'com.huami.femalehealth.logiclib.O0000O0o.O00000o']
09-01 14:34:27.208 D/[Koin]  (11356): +- get 'com.huami.femalehealth.logiclib.O00000oO.O0000O0o'
09-01 14:34:27.208 D/[Koin]  (11356): | create instance for [type:Scoped,scope:'FemaleHealth', primary_type:'com.huami.femalehealth.logiclib.O00000oO.O0000O0o']
09-01 14:34:27.208 D/[Koin]  (11356): +- got 'com.huami.femalehealth.logiclib.O00000oO.O0000O0o' in 0.266979 ms
09-01 14:34:27.208 D/[Koin]  (11356): +- get 'com.huami.femalehealth.logiclib.O000000o.O00000Oo'
09-01 14:34:27.209 D/[Koin]  (11356): | create instance for [type:Scoped,scope:'FemaleHealth', primary_type:'com.huami.femalehealth.logiclib.O000000o.O00000Oo']
09-01 14:34:27.209 D/[Koin]  (11356): +- get 'java.lang.String'
09-01 14:34:27.209 D/[Koin]  (11356): | create instance for [type:Scoped,scope:'FemaleHealth', name:'FemaleHealthWebHost', primary_type:'java.lang.String']
09-01 14:34:27.209 D/[Koin]  (11356): +- get 'java.lang.String'
09-01 14:34:27.209 D/[Koin]  (11356): | create instance for [type:Scoped,scope:'User', name:'Host', primary_type:'java.lang.String']
09-01 14:34:27.209 D/[Koin]  (11356): +- got 'java.lang.String' in 0.096771 ms
09-01 14:34:27.209 D/[Koin]  (11356): +- got 'java.lang.String' in 0.210938 ms
09-01 14:34:27.212 D/[Koin]  (11356): +- got 'com.huami.femalehealth.logiclib.O000000o.O00000Oo' in 2.981458 ms
09-01 14:34:27.212 D/[Koin]  (11356): +- get 'com.huami.femalehealth.logiclib.db.FemaleHealthDb'
09-01 14:34:27.212 D/[Koin]  (11356): | create instance for [type:Scoped,scope:'FemaleHealth', primary_type:'com.huami.femalehealth.logiclib.db.FemaleHealthDb']
09-01 14:34:27.212 D/[Koin]  (11356): +- get 'com.huami.femalehealth.logiclib.O00000o0.O0000OOo'
09-01 14:34:27.212 D/[Koin]  (11356): +- got 'com.huami.femalehealth.logiclib.O00000o0.O0000OOo' in 0.009948 ms
09-01 14:34:27.212 D/[Koin]  (11356): +- get 'android.content.Context'
09-01 14:34:27.212 D/[Koin]  (11356): +- got 'android.content.Context' in 0.011615 ms
09-01 14:34:27.214 D/[Koin]  (11356): +- got 'com.huami.femalehealth.logiclib.db.FemaleHealthDb' in 2.664219 ms
09-01 14:34:27.214 D/[Koin]  (11356): +- get 'com.huami.femalehealth.logiclib.O00000Oo.O00000o'
09-01 14:34:27.214 D/[Koin]  (11356): | create instance for [type:Factory,primary_type:'com.huami.femalehealth.logiclib.O00000Oo.O00000o']
09-01 14:34:27.214 D/[Koin]  (11356): +- get 'com.huami.femalehealth.logiclib.O00000oO.O0000O0o'
09-01 14:34:27.215 D/[Koin]  (11356): +- got 'com.huami.femalehealth.logiclib.O00000oO.O0000O0o' in 0.013229 ms
09-01 14:34:27.215 D/[Koin]  (11356): +- get 'com.huami.femalehealth.logiclib.O000000o.O00000Oo'
09-01 14:34:27.215 D/[Koin]  (11356): +- got 'com.huami.femalehealth.logiclib.O000000o.O00000Oo' in 0.009271 ms
09-01 14:34:27.215 D/[Koin]  (11356): +- get 'com.huami.femalehealth.logiclib.db.FemaleHealthDb'
09-01 14:34:27.215 D/[Koin]  (11356): +- got 'com.huami.femalehealth.logiclib.db.FemaleHealthDb' in 0.007761 ms
09-01 14:34:27.215 D/[Koin]  (11356): +- get 'com.huami.femalehealth.logiclib.O00000Oo.O00000Oo'
09-01 14:34:27.215 D/[Koin]  (11356): | create instance for [type:Scoped,scope:'FemaleHealth', primary_type:'com.huami.femalehealth.logiclib.O00000Oo.O00000Oo']
09-01 14:34:27.217 D/[Koin]  (11356): +- got 'com.huami.femalehealth.logiclib.O00000Oo.O00000Oo' in 2.255468 ms
09-01 14:34:27.217 D/[Koin]  (11356): +- get 'com.huami.femalehealth.logiclib.O00000oO.O00oOooO'
09-01 14:34:27.217 D/[Koin]  (11356): +- got 'com.huami.femalehealth.logiclib.O00000oO.O00oOooO' in 0.0225 ms
09-01 14:34:27.222 D/[Koin]  (11356): +- got 'com.huami.femalehealth.logiclib.O00000Oo.O00000o' in 7.070312 ms
09-01 14:34:27.222 D/[Koin]  (11356): +- get 'com.huami.femalehealth.logiclib.O00000Oo.O00000o0'
09-01 14:34:27.222 D/[Koin]  (11356): | create instance for [type:Factory,primary_type:'com.huami.femalehealth.logiclib.O00000Oo.O00000o0']
09-01 14:34:27.222 D/[Koin]  (11356): +- got 'com.huami.femalehealth.logiclib.O00000Oo.O00000o0' in 0.124896 ms
09-01 14:34:27.225 D/[Koin]  (11356): +- got 'com.huami.femalehealth.logiclib.O0000O0o.O00000o' in 16.86125 ms
09-01 14:34:27.227 D/[Koin]  (11356): +- got 'com.huami.femalehealth.uilib.O00000o0.O0000Oo' in 22.811302 ms
09-01 14:34:27.230 D/ViewContentFactory(11356): initViewContentFetcherClass
09-01 14:34:27.230 I/ContentCatcher(11356): ViewContentFetcher : ViewContentFetcher
09-01 14:34:27.230 D/ViewContentFactory(11356): createInterceptor took 0ms
09-01 14:34:27.235 I/appium  (11310): channel read invoked!
09-01 14:34:27.235 I/appium  (11310): channel read: POST /wd/hub/session/7457bba7-67d4-46f6-af19-5e3c40fc69d7/element
09-01 14:34:27.235 I/appium  (11310): Find element command using '-android uiautomator' with selector 'new UiSelector().text("运动")'.
09-01 14:34:27.235 I/appium  (11310): Waiting up to 10000ms for device to be idle
09-01 14:34:27.252 D/BaseTitleActivity(11356): setStyle NONE title  darkMode false color 0
09-01 14:34:27.276 D/BluetoothGatt(11356): setCharacteristicNotification() - uuid: 00000003-0000-3512-2118-0009af100700 enable: true
09-01 14:34:27.291 W/RecentsModel( 7676): onTaskStackChangedBackground: start loading
09-01 14:34:27.292 I/chatty  ( 8588): uid=1002(bluetooth) BT Service Call expire 106 lines
09-01 14:34:27.292 W/RecentsModel( 7676): getTaskInfoIgnoreHomeAndSplit   taskInfo=ComponentInfo{com.xiaomi.hm.health/com.xiaomi.hm.health.activity.MainTabActivity}
09-01 14:34:27.294 W/RecentsModel( 7676): getTaskInfoIgnoreHomeAndFreeform   taskInfo=ComponentInfo{com.xiaomi.hm.health/com.xiaomi.hm.health.activity.MainTabActivity}
09-01 14:34:27.295 W/RecentsModel( 7676): getTaskInfoIgnoreFreeform   taskInfo=ComponentInfo{com.xiaomi.hm.health/com.xiaomi.hm.health.activity.MainTabActivity}
09-01 14:34:27.295 W/RecentsModel( 7676): onTaskStackChangedBackground: finishLoading loading
09-01 14:34:27.316 I/chatty  ( 8588): uid=1002(bluetooth) btu message loo expire 130 lines
09-01 14:34:27.323 V/xiaomi  (11356): [Thread:6392] sdk_version = 3_7_5
09-01 14:34:27.324 D/CompatibilityInfo( 1639): mCompatibilityFlags - 0
09-01 14:34:27.324 D/CompatibilityInfo( 1639): applicationDensity - 440
09-01 14:34:27.324 D/CompatibilityInfo( 1639): applicationScale - 1.0
09-01 14:34:27.325 I/hwservicemanager(  573): getTransport: Cannot find entry vendor.qti.hardware.servicetracker@1.0::IServicetracker/default in either framework or device manifest.
09-01 14:34:27.335 W/PushService( 5479): 2020-08-31 23:34:27,335 - [WARN::PushService] - [Thread:2] onStart() with intent.Action = null, chid = null, pkg = null|com.xiaomi.hm.health, from-bridge = null
09-01 14:34:27.338 I/chatty  ( 3272): uid=1002(bluetooth) Binder:3272_3 expire 18 lines
09-01 14:34:27.342 W/PushService( 5479): 2020-08-31 23:34:27,342 - [WARN::PushService] - [Thread:2] onStart() with intent.Action = null, chid = null, pkg = null|com.xiaomi.hm.health, from-bridge = null
09-01 14:34:27.347 W/AsyncHttpResponse(11356): Current thread has not called Looper.prepare().Forcing synchronous mode
09-01 14:34:27.348 V/xiaomi  (11356): [Thread:6397] (Local) begin execute onCommandResult, command=accept-time, resultCode=0, reason=null
09-01 14:34:27.349 V/xiaomi  (11356): [Thread:6397] (Local) begin execute onCommandResult, command=register, resultCode=0, reason=null
09-01 14:34:27.354 W/PushService( 5479): 2020-08-31 23:34:27,354 - [WARN::PushService] - [Thread:2] onStart() with intent.Action = action_cr_config, chid = null, pkg = null|com.xiaomi.hm.health, from-bridge = null
09-01 14:34:27.354 W/PushService( 5479): 2020-08-31 23:34:27,354 - [WARN::PushService] - [Thread:293] JOB: Handle intent action = action_cr_config
09-01 14:34:27.356 D/CompatibilityInfo( 1639): mCompatibilityFlags - 0
09-01 14:34:27.356 D/CompatibilityInfo( 1639): applicationDensity - 440
09-01 14:34:27.356 D/CompatibilityInfo( 1639): applicationScale - 1.0
09-01 14:34:27.357 I/hwservicemanager(  573): getTransport: Cannot find entry vendor.qti.hardware.servicetracker@1.0::IServicetracker/default in either framework or device manifest.
09-01 14:34:27.373 W/PushService( 5479): 2020-08-31 23:34:27,373 - [WARN::PushService] - [Thread:2] onStart() with intent.Action = com.xiaomi.mipush.SEND_MESSAGE, chid = null, pkg = null|com.xiaomi.hm.health, from-bridge = null
09-01 14:34:27.374 V/xiaomi  (11356): [Thread:6397] ASSEMBLE_PUSH : assemble push register
09-01 14:34:27.374 V/xiaomi  (11356): [Thread:6397] (Local) begin execute onCommandResult, command=set-alias, resultCode=0, reason=null
09-01 14:34:27.374 W/PushService( 5479): 2020-08-31 23:34:27,374 - [WARN::PushService] - [Thread:293] JOB: Handle intent action = com.xiaomi.mipush.SEND_MESSAGE
09-01 14:34:27.374 V/xiaomi  (11356): [Thread:6397] (Local) begin execute onCommandResult, command=set-alias, resultCode=0, reason=null
09-01 14:34:27.374 V/xiaomi  (11356): [Thread:6397] (Local) begin execute onCommandResult, command=subscribe-topic, resultCode=0, reason=null
09-01 14:34:27.374 W/PushService( 5479): 2020-08-31 23:34:27,374 - [WARN::PushService] - [Thread:293] try send mi push message. packagename:com.xiaomi.hm.health action:Subscription
09-01 14:34:27.374 V/xiaomi  (11356): [Thread:6397] (Local) begin execute onCommandResult, command=subscribe-topic, resultCode=0, reason=null
09-01 14:34:27.374 I/chatty  (11356): uid=10241(com.xiaomi.hm.health) pool-21-thread- identical 2 lines
09-01 14:34:27.375 V/xiaomi  (11356): [Thread:6397] (Local) begin execute onCommandResult, command=subscribe-topic, resultCode=0, reason=null
09-01 14:34:27.375 W/PushService( 5479): 2020-08-31 23:34:27,375 - [WARN::PushService] - [Thread:293] [Slim] Wrote {cmd=SECMSG;chid=5;len=303}
09-01 14:34:27.375 V/xiaomi  (11356): [Thread:6397] (Local) begin execute onCommandResult, command=subscribe-topic, resultCode=0, reason=null
09-01 14:34:27.375 V/xiaomi  (11356): [Thread:6397] (Local) begin execute onCommandResult, command=subscribe-topic, resultCode=0, reason=null
09-01 14:34:27.375 W/PushService( 5479): 2020-08-31 23:34:27,375 - [WARN::PushService] - [Thread:293] [Slim] 11:34:27 PM Sent  Blob [SECMSG,5,4QI3U-1334]
09-01 14:34:27.391 W/AsyncHttpResponse(11356): Current thread has not called Looper.prepare().Forcing synchronous mode
09-01 14:34:27.393 V/AsyncHttpResponse(11356): Progress 40 from 40 (100%)
09-01 14:34:27.396 W/AsyncHttpResponse(11356): Current thread has not called Looper.prepare().Forcing synchronous mode
09-01 14:34:27.398 D/AppOpsAdapter( 5211): using permission notify! 32
09-01 14:34:27.402 I/BehaviorRecord-Monitor( 5237): com.xiaomi.hm.health , perm: 32 , operation 2 , current size: 1
09-01 14:34:27.404 W/AsyncHttpResponse(11356): Current thread has not called Looper.prepare().Forcing synchronous mode
09-01 14:34:27.407 W/AsyncHttpResponse(11356): Current thread has not called Looper.prepare().Forcing synchronous mode
09-01 14:34:27.411 W/AsyncHttpResponse(11356): Current thread has not called Looper.prepare().Forcing synchronous mode
09-01 14:34:27.412 D/[Koin]  (11356): +- get 'com.huami.fittime.ui.profile.O0000O0o'
09-01 14:34:27.412 D/[Koin]  (11356): | create instance for [type:Factory,primary_type:'com.huami.fittime.ui.profile.O0000O0o']
09-01 14:34:27.412 D/[Koin]  (11356): !- create scope - id:FitTime q:FitTime
09-01 14:34:27.413 D/[Koin]  (11356): bind type:'com.huami.fittime.O00000o.O00000Oo.O000000o' ~ [type:Scoped,scope:'FitTime', primary_type:'com.huami.fittime.O00000o.O00000Oo.O000000o']
09-01 14:34:27.413 D/[Koin]  (11356): bind type:'com.huami.fittime.O00000oo.O00O0o00' ~ [type:Scoped,scope:'FitTime', primary_type:'com.huami.fittime.O00000oo.O00O0o00']
09-01 14:34:27.413 D/[Koin]  (11356): bind type:'com.huami.fittime.O000000o.O000000o.O000000o' ~ [type:Scoped,scope:'FitTime', primary_type:'com.huami.fittime.O000000o.O000000o.O000000o']
09-01 14:34:27.413 D/[Koin]  (11356): bind type:'com.huami.fittime.O00000oO.O00oOooO' ~ [type:Scoped,scope:'FitTime', primary_type:'com.huami.fittime.O00000oO.O00oOooO']
09-01 14:34:27.413 D/[Koin]  (11356): bind type:'com.huami.fittime.db.FitTimeDb' ~ [type:Scoped,scope:'FitTime', primary_type:'com.huami.fittime.db.FitTimeDb']
09-01 14:34:27.413 D/[Koin]  (11356): bind qualifier:'FitTimeWebHost' ~ [type:Scoped,scope:'FitTime', name:'FitTimeWebHost', primary_type:'java.lang.String']
09-01 14:34:27.413 D/[Koin]  (11356): bind type:'com.huami.fittime.ui.base.O00000Oo' ~ [type:Scoped,scope:'FitTime', primary_type:'com.huami.fittime.ui.base.O00000Oo']
09-01 14:34:27.413 D/[Koin]  (11356): bind type:'com.huami.fittime.O000000o.O000O0o' ~ [type:Scoped,scope:'FitTime', primary_type:'com.huami.fittime.O000000o.O000O0o']
09-01 14:34:27.413 D/[Koin]  (11356): bind type:'com.huami.fittime.O000000o.O0000Oo' ~ [type:Scoped,scope:'FitTime', primary_type:'com.huami.fittime.O000000o.O0000Oo']
09-01 14:34:27.413 D/[Koin]  (11356): bind type:'com.huami.fittime.O000000o.O00000o' ~ [type:Scoped,scope:'FitTime', primary_type:'com.huami.fittime.O000000o.O00000o']
09-01 14:34:27.413 D/[Koin]  (11356): bind type:'com.huami.fittime.O00000oo.O00O0Oo' ~ [type:Scoped,scope:'FitTime', primary_type:'com.huami.fittime.O00000oo.O00O0Oo']
09-01 14:34:27.413 D/[Koin]  (11356): +- get 'com.huami.fittime.ui.profile.O0000OOo'
09-01 14:34:27.413 D/[Koin]  (11356): | create instance for [type:Factory,primary_type:'com.huami.fittime.ui.profile.O0000OOo']
09-01 14:34:27.413 D/[Koin]  (11356): +- get 'com.huami.fittime.O00000oo.O00O0Oo'
09-01 14:34:27.413 D/[Koin]  (11356): | create instance for [type:Scoped,scope:'FitTime', primary_type:'com.huami.fittime.O00000oo.O00O0Oo']
09-01 14:34:27.414 D/[Koin]  (11356): +- got 'com.huami.fittime.O00000oo.O00O0Oo' in 0.326302 ms
09-01 14:34:27.414 D/[Koin]  (11356): +- get 'com.huami.fittime.db.FitTimeDb'
09-01 14:34:27.414 D/[Koin]  (11356): | create instance for [type:Scoped,scope:'FitTime', primary_type:'com.huami.fittime.db.FitTimeDb']
09-01 14:34:27.414 D/[Koin]  (11356): +- get 'com.huami.fittime.O00000oO.O00oOooO'
09-01 14:34:27.414 D/[Koin]  (11356): | create instance for [type:Scoped,scope:'FitTime', primary_type:'com.huami.fittime.O00000oO.O00oOooO']
09-01 14:34:27.414 D/[Koin]  (11356): +- get 'java.lang.String'
09-01 14:34:27.414 D/[Koin]  (11356): +- got 'java.lang.String' in 0.015677 ms
09-01 14:34:27.414 D/[Koin]  (11356): +- get 'O00000oO.O0000Ooo.O000000o.O00000Oo'
09-01 14:34:27.414 D/[Koin]  (11356): +- got 'O00000oO.O0000Ooo.O000000o.O00000Oo' in 0.009011 ms
09-01 14:34:27.414 D/[Koin]  (11356): +- get 'O00000oO.O0000Ooo.O000000o.O00000Oo'
09-01 14:34:27.414 D/[Koin]  (11356): +- got 'O00000oO.O0000Ooo.O000000o.O00000Oo' in 0.006719 ms
09-01 14:34:27.414 D/[Koin]  (11356): +- get 'O00000oO.O0000Ooo.O000000o.O00000Oo'
09-01 14:34:27.414 D/[Koin]  (11356): +- got 'O00000oO.O0000Ooo.O000000o.O00000Oo' in 0.007136 ms
09-01 14:34:27.414 D/[Koin]  (11356): +- get 'O00000oO.O0000Ooo.O000000o.O00000Oo'
09-01 14:34:27.414 D/[Koin]  (11356): +- got 'O00000oO.O0000Ooo.O000000o.O00000Oo' in 0.007083 ms
09-01 14:34:27.414 D/[Koin]  (11356): +- get 'O00000oO.O0000Ooo.O000000o.O00000Oo'
09-01 14:34:27.414 D/[Koin]  (11356): +- got 'O00000oO.O0000Ooo.O000000o.O00000Oo' in 0.013281 ms
09-01 14:34:27.414 D/[Koin]  (11356): +- get 'O00000oO.O0000Ooo.O000000o.O00000Oo'
09-01 14:34:27.414 D/[Koin]  (11356): +- got 'O00000oO.O0000Ooo.O000000o.O00000Oo' in 0.008698 ms
09-01 14:34:27.414 D/[Koin]  (11356): +- got 'com.huami.fittime.O00000oO.O00oOooO' in 0.644531 ms
09-01 14:34:27.414 D/[Koin]  (11356): +- get 'android.content.Context'
09-01 14:34:27.414 D/[Koin]  (11356): +- got 'android.content.Context' in 0.014375 ms
09-01 14:34:27.421 D/[Koin]  (11356): +- got 'com.huami.fittime.db.FitTimeDb' in 7.713489 ms
09-01 14:34:27.421 D/[Koin]  (11356): +- get 'com.huami.fittime.O000000o.O00000o'
09-01 14:34:27.421 D/[Koin]  (11356): | create instance for [type:Scoped,scope:'FitTime', primary_type:'com.huami.fittime.O000000o.O00000o']
09-01 14:34:27.421 D/[Koin]  (11356): +- get 'java.lang.String'
09-01 14:34:27.421 D/[Koin]  (11356): | create instance for [type:Scoped,scope:'FitTime', name:'FitTimeWebHost', primary_type:'java.lang.String']
09-01 14:34:27.422 D/[Koin]  (11356): +- get 'java.lang.String'
09-01 14:34:27.422 D/[Koin]  (11356): +- got 'java.lang.String' in 0.008542 ms
09-01 14:34:27.422 D/[Koin]  (11356): +- got 'java.lang.String' in 0.093385 ms
09-01 14:34:27.425 D/[Koin]  (11356): +- got 'com.huami.fittime.O000000o.O00000o' in 3.377552 ms
09-01 14:34:27.443 D/[Koin]  (11356): +- got 'com.huami.fittime.ui.profile.O0000OOo' in 29.781615 ms
09-01 14:34:27.443 D/[Koin]  (11356): +- get 'com.huami.fittime.ui.O000000o.O00000Oo'
09-01 14:34:27.443 D/[Koin]  (11356): | create instance for [type:Factory,primary_type:'com.huami.fittime.ui.O000000o.O00000Oo']
09-01 14:34:27.443 D/[Koin]  (11356): +- get 'com.huami.fittime.O00000oo.O00O0Oo'
09-01 14:34:27.443 D/[Koin]  (11356): +- got 'com.huami.fittime.O00000oo.O00O0Oo' in 0.013438 ms
09-01 14:34:27.443 D/[Koin]  (11356): +- get 'com.huami.fittime.O000000o.O00000o'
09-01 14:34:27.443 D/[Koin]  (11356): +- got 'com.huami.fittime.O000000o.O00000o' in 0.031667 ms
09-01 14:34:27.443 D/[Koin]  (11356): +- got 'com.huami.fittime.ui.O000000o.O00000Oo' in 0.293854 ms
09-01 14:34:27.443 D/[Koin]  (11356): +- get 'com.huami.fittime.O00000o.O00000Oo.O000000o'
09-01 14:34:27.443 D/[Koin]  (11356): | create instance for [type:Scoped,scope:'FitTime', primary_type:'com.huami.fittime.O00000o.O00000Oo.O000000o']
09-01 14:34:27.443 D/[Koin]  (11356): +- get 'com.huami.fittime.O00000oo.O00O0Oo'
09-01 14:34:27.443 D/[Koin]  (11356): +- got 'com.huami.fittime.O00000oo.O00O0Oo' in 0.008698 ms
09-01 14:34:27.443 D/[Koin]  (11356): +- get 'com.huami.fittime.O000000o.O00000o'
09-01 14:34:27.444 D/[Koin]  (11356): +- got 'com.huami.fittime.O000000o.O00000o' in 0.007136 ms
09-01 14:34:27.444 D/[Koin]  (11356): +- get 'com.huami.fittime.db.FitTimeDb'
09-01 14:34:27.444 D/[Koin]  (11356): +- got 'com.huami.fittime.db.FitTimeDb' in 0.007291 ms
09-01 14:34:27.444 D/[Koin]  (11356): +- get 'com.huami.fittime.ui.base.O00000o0.O000000o'
09-01 14:34:27.444 D/[Koin]  (11356): | create instance for [type:Factory,primary_type:'com.huami.fittime.ui.base.O00000o0.O000000o']
09-01 14:34:27.444 D/[Koin]  (11356): +- get 'com.huami.training.O0000O0o.O000000o.O00000o0'
09-01 14:34:27.444 D/[Koin]  (11356): | create instance for [type:Factory,primary_type:'com.huami.training.O0000O0o.O000000o.O00000o0']
09-01 14:34:27.444 D/[Koin]  (11356): +- get 'com.huami.training.O0000o0.O000OO0o'
09-01 14:34:27.444 D/[Koin]  (11356): | create instance for [type:Factory,primary_type:'com.huami.training.O0000o0.O000OO0o']
09-01 14:34:27.444 D/[Koin]  (11356): +- get 'com.huami.training.O0000Oo.O000000o'
09-01 14:34:27.444 D/[Koin]  (11356): +- got 'com.huami.training.O0000Oo.O000000o' in 0.008125 ms
09-01 14:34:27.444 D/[Koin]  (11356): +- get 'com.huami.training.O0000OOo.O000OO0o'
09-01 14:34:27.444 D/[Koin]  (11356): +- got 'com.huami.training.O0000OOo.O000OO0o' in 0.00724 ms
09-01 14:34:27.444 D/[Koin]  (11356): +- get 'com.huami.training.db.TrainingDb'
09-01 14:34:27.444 D/[Koin]  (11356): +- got 'com.huami.training.db.TrainingDb' in 0.006355 ms
09-01 14:34:27.444 D/[Koin]  (11356): +- get 'com.huami.training.O000000o.O000OO0o'
09-01 14:34:27.444 D/[Koin]  (11356): | create instance for [type:Scoped,scope:'Training', primary_type:'com.huami.training.O000000o.O000OO0o']
09-01 14:34:27.447 D/[Koin]  (11356): +- get 'java.lang.String'
09-01 14:34:27.447 D/[Koin]  (11356): | create instance for [type:Scoped,scope:'Training', name:'TrainingWebHost', primary_type:'java.lang.String']
09-01 14:34:27.447 D/[Koin]  (11356): +- get 'java.lang.String'
09-01 14:34:27.447 D/[Koin]  (11356): +- got 'java.lang.String' in 0.013125 ms
09-01 14:34:27.447 D/[Koin]  (11356): +- got 'java.lang.String' in 0.154427 ms
09-01 14:34:27.447 D/[Koin]  (11356): +- get 'com.huami.training.O0000OOo.O000OO0o'
09-01 14:34:27.447 D/[Koin]  (11356): +- got 'com.huami.training.O0000OOo.O000OO0o' in 0.027136 ms
09-01 14:34:27.447 D/[Koin]  (11356): +- got 'com.huami.training.O000000o.O000OO0o' in 3.059219 ms
09-01 14:34:27.448 D/[Koin]  (11356): +- got 'com.huami.training.O0000o0.O000OO0o' in 4.133646 ms
09-01 14:34:27.448 D/[Koin]  (11356): +- got 'com.huami.training.O0000O0o.O000000o.O00000o0' in 4.288542 ms
09-01 14:34:27.448 V/AsyncHttpResponse(11356): Progress 84 from 84 (100%)
09-01 14:34:27.449 D/[Koin]  (11356): +- got 'com.huami.fittime.ui.base.O00000o0.O000000o' in 5.104271 ms
09-01 14:34:27.449 D/[Koin]  (11356): +- got 'com.huami.fittime.O00000o.O00000Oo.O000000o' in 5.6975 ms
09-01 14:34:27.449 D/[Koin]  (11356): +- get 'com.huami.fittime.O00000oO.O00oOooO'
09-01 14:34:27.449 D/[Koin]  (11356): +- got 'com.huami.fittime.O00000oO.O00oOooO' in 0.025886 ms
09-01 14:34:27.449 D/[Koin]  (11356): +- get 'com.huami.fittime.ui.profile.O00000Oo'
09-01 14:34:27.449 D/[Koin]  (11356): | create instance for [type:Factory,primary_type:'com.huami.fittime.ui.profile.O00000Oo']
09-01 14:34:27.449 D/[Koin]  (11356): +- get 'com.huami.fittime.O00000oo.O00O0Oo'
09-01 14:34:27.449 D/[Koin]  (11356): +- got 'com.huami.fittime.O00000oo.O00O0Oo' in 0.009844 ms
09-01 14:34:27.449 D/[Koin]  (11356): +- get 'com.huami.fittime.db.FitTimeDb'
09-01 14:34:27.449 D/[Koin]  (11356): +- got 'com.huami.fittime.db.FitTimeDb' in 0.011459 ms
09-01 14:34:27.450 D/[Koin]  (11356): +- got 'com.huami.fittime.ui.profile.O00000Oo' in 0.281302 ms
09-01 14:34:27.450 D/[Koin]  (11356): +- get 'com.huami.fittime.ui.diary.O00000o0.O0000OOo'
09-01 14:34:27.450 D/[Koin]  (11356): | create instance for [type:Factory,primary_type:'com.huami.fittime.ui.diary.O00000o0.O0000OOo']
09-01 14:34:27.450 D/[Koin]  (11356): +- get 'com.huami.fittime.O000000o.O00000o'
09-01 14:34:27.450 D/[Koin]  (11356): +- got 'com.huami.fittime.O000000o.O00000o' in 0.010938 ms
09-01 14:34:27.450 D/[Koin]  (11356): +- get 'com.huami.fittime.O00000oO.O00oOooO'
09-01 14:34:27.450 D/[Koin]  (11356): +- got 'com.huami.fittime.O00000oO.O00oOooO' in 0.008021 ms
09-01 14:34:27.450 D/[Koin]  (11356): +- get 'com.huami.fittime.db.FitTimeDb'
09-01 14:34:27.450 D/[Koin]  (11356): +- got 'com.huami.fittime.db.FitTimeDb' in 0.007865 ms
09-01 14:34:27.451 V/AsyncHttpResponse(11356): Progress 3 from 3 (100%)
09-01 14:34:27.451 D/[Koin]  (11356): +- got 'com.huami.fittime.ui.diary.O00000o0.O0000OOo' in 1.136771 ms
09-01 14:34:27.452 D/[Koin]  (11356): +- got 'com.huami.fittime.ui.profile.O0000O0o' in 39.712135 ms
09-01 14:34:27.452 D/[Koin]  (11356): +- get 'com.huami.message.O0000OoO.O0000Oo'
09-01 14:34:27.452 D/[Koin]  (11356): | create instance for [type:Factory,primary_type:'com.huami.message.O0000OoO.O0000Oo']
09-01 14:34:27.452 D/[Koin]  (11356): !- create scope - id:Message q:Message
09-01 14:34:27.453 D/[Koin]  (11356): bind type:'com.huami.message.db.MessageDb' ~ [type:Scoped,scope:'Message', primary_type:'com.huami.message.db.MessageDb']
09-01 14:34:27.453 D/[Koin]  (11356): bind type:'com.huami.training.O0000OOo.O000000o' ~ [type:Scoped,scope:'Message', primary_type:'com.huami.training.O0000OOo.O000000o']
09-01 14:34:27.453 D/[Koin]  (11356): bind type:'com.huami.message.O00000oo.O0000Oo' ~ [type:Scoped,scope:'Message', primary_type:'com.huami.message.O00000oo.O0000Oo']
09-01 14:34:27.453 D/[Koin]  (11356): bind type:'com.huami.message.O0000O0o.O0000OOo' ~ [type:Scoped,scope:'Message', primary_type:'com.huami.message.O0000O0o.O0000OOo']
09-01 14:34:27.453 D/[Koin]  (11356): bind type:'com.huami.message.O000000o.O00000o' ~ [type:Scoped,scope:'Message', primary_type:'com.huami.message.O000000o.O00000o']
09-01 14:34:27.453 D/[Koin]  (11356): bind type:'com.huami.message.O0000Oo0.O000000o' ~ [type:Scoped,scope:'Message', primary_type:'com.huami.message.O0000Oo0.O000000o']
09-01 14:34:27.453 D/[Koin]  (11356): bind qualifier:'MessageWebHost' ~ [type:Scoped,scope:'Message', name:'MessageWebHost', primary_type:'java.lang.String']
09-01 14:34:27.453 D/[Koin]  (11356): bind type:'com.huami.message.O00000o.O0000Oo0' ~ [type:Scoped,scope:'Message', primary_type:'com.huami.message.O00000o.O0000Oo0']
09-01 14:34:27.453 D/[Koin]  (11356): +- get 'com.huami.message.O0000OOo.O000000o'
09-01 14:34:27.453 D/[Koin]  (11356): | create instance for [type:Factory,primary_type:'com.huami.message.O0000OOo.O000000o']
09-01 14:34:27.453 D/[Koin]  (11356): +- get 'com.huami.message.O000000o.O00000o'
09-01 14:34:27.453 D/[Koin]  (11356): | create instance for [type:Scoped,scope:'Message', primary_type:'com.huami.message.O000000o.O00000o']
09-01 14:34:27.454 D/[Koin]  (11356): +- get 'java.lang.String'
09-01 14:34:27.454 D/[Koin]  (11356): | create instance for [type:Scoped,scope:'Message', name:'MessageWebHost', primary_type:'java.lang.String']
09-01 14:34:27.454 D/[Koin]  (11356): +- get 'java.lang.String'
09-01 14:34:27.454 D/[Koin]  (11356): +- got 'java.lang.String' in 0.010364 ms
09-01 14:34:27.454 D/[Koin]  (11356): +- got 'java.lang.String' in 0.128072 ms
09-01 14:34:27.454 D/[Koin]  (11356): +- get 'com.huami.message.O00000o.O0000Oo0'
09-01 14:34:27.454 D/[Koin]  (11356): | create instance for [type:Scoped,scope:'Message', primary_type:'com.huami.message.O00000o.O0000Oo0']
09-01 14:34:27.454 D/[Koin]  (11356): +- get 'java.lang.String'
09-01 14:34:27.454 D/[Koin]  (11356): +- got 'java.lang.String' in 0.012604 ms
09-01 14:34:27.454 D/[Koin]  (11356): +- get 'O00000oO.O0000Ooo.O000000o.O00000Oo'
09-01 14:34:27.454 D/[Koin]  (11356): +- got 'O00000oO.O0000Ooo.O000000o.O00000Oo' in 0.007865 ms
09-01 14:34:27.454 D/[Koin]  (11356): +- get 'O00000oO.O0000Ooo.O000000o.O00000Oo'
09-01 14:34:27.454 V/AsyncHttpResponse(11356): Progress 12 from 12 (100%)
09-01 14:34:27.454 D/[Koin]  (11356): +- got 'O00000oO.O0000Ooo.O000000o.O00000Oo' in 0.008594 ms
09-01 14:34:27.455 D/[Koin]  (11356): +- get 'O00000oO.O0000Ooo.O000000o.O00000Oo'
09-01 14:34:27.455 D/[Koin]  (11356): +- got 'O00000oO.O0000Ooo.O000000o.O00000Oo' in 0.008281 ms
09-01 14:34:27.455 D/[Koin]  (11356): +- get 'O00000oO.O0000Ooo.O000000o.O00000Oo'
09-01 14:34:27.455 D/[Koin]  (11356): +- got 'O00000oO.O0000Ooo.O000000o.O00000Oo' in 0.007656 ms
09-01 14:34:27.455 D/[Koin]  (11356): +- got 'com.huami.message.O00000o.O0000Oo0' in 0.435417 ms
09-01 14:34:27.455 D/[Koin]  (11356): +- got 'com.huami.message.O000000o.O00000o' in 1.655104 ms
09-01 14:34:27.455 D/[Koin]  (11356): +- get 'com.huami.message.db.MessageDb'
09-01 14:34:27.455 D/[Koin]  (11356): | create instance for [type:Scoped,scope:'Message', primary_type:'com.huami.message.db.MessageDb']
09-01 14:34:27.455 D/[Koin]  (11356): +- get 'android.content.Context'
09-01 14:34:27.455 D/[Koin]  (11356): +- got 'android.content.Context' in 0.010104 ms
09-01 14:34:27.455 D/[Koin]  (11356): +- get 'com.huami.message.O00000o.O0000Oo0'
09-01 14:34:27.455 D/[Koin]  (11356): +- got 'com.huami.message.O00000o.O0000Oo0' in 0.008907 ms
09-01 14:34:27.457 D/BluetoothGatt(11356): setCharacteristicNotification() - uuid: 00000003-0000-3512-2118-0009af100700 enable: false
09-01 14:34:27.457 D/[Koin]  (11356): +- got 'com.huami.message.db.MessageDb' in 1.956042 ms
09-01 14:34:27.457 D/[Koin]  (11356): +- get 'com.huami.message.O0000Oo0.O000000o'
09-01 14:34:27.457 D/[Koin]  (11356): | create instance for [type:Scoped,scope:'Message', primary_type:'com.huami.message.O0000Oo0.O000000o']
09-01 14:34:27.457 D/[Koin]  (11356): +- got 'com.huami.message.O0000Oo0.O000000o' in 0.298802 ms
09-01 14:34:27.459 D/[Koin]  (11356): +- got 'com.huami.message.O0000OOo.O000000o' in 5.656927 ms
09-01 14:34:27.460 D/[Koin]  (11356): +- got 'com.huami.message.O0000OoO.O0000Oo' in 7.347448 ms
09-01 14:34:27.461 D/[Koin]  (11356): +- get 'com.huami.femalehealth.uilib.viewmodel.FemaleMifitViewModel'
09-01 14:34:27.461 D/[Koin]  (11356): | create instance for [type:Factory,primary_type:'com.huami.femalehealth.uilib.viewmodel.FemaleMifitViewModel']
09-01 14:34:27.461 D/[Koin]  (11356): +- get 'com.huami.femalehealth.logiclib.O0000O0o.O0000O0o'
09-01 14:34:27.461 D/[Koin]  (11356): | create instance for [type:Factory,primary_type:'com.huami.femalehealth.logiclib.O0000O0o.O0000O0o']
09-01 14:34:27.461 D/[Koin]  (11356): +- get 'com.huami.femalehealth.logiclib.O00000oO.O0000O0o'
09-01 14:34:27.462 D/[Koin]  (11356): +- got 'com.huami.femalehealth.logiclib.O00000oO.O0000O0o' in 0.021198 ms
09-01 14:34:27.462 D/[Koin]  (11356): +- get 'com.huami.femalehealth.logiclib.O000000o.O00000Oo'
09-01 14:34:27.462 D/[Koin]  (11356): +- got 'com.huami.femalehealth.logiclib.O000000o.O00000Oo' in 0.007969 ms
09-01 14:34:27.462 D/[Koin]  (11356): +- get 'com.huami.femalehealth.logiclib.O00000oO.O00oOooO'
09-01 14:34:27.462 D/[Koin]  (11356): +- got 'com.huami.femalehealth.logiclib.O00000oO.O00oOooO' in 0.007761 ms
09-01 14:34:27.462 D/[Koin]  (11356): +- get 'com.huami.femalehealth.logiclib.O00000Oo.O00000o'
09-01 14:34:27.462 D/[Koin]  (11356): | create instance for [type:Factory,primary_type:'com.huami.femalehealth.logiclib.O00000Oo.O00000o']
09-01 14:34:27.462 D/[Koin]  (11356): +- get 'com.huami.femalehealth.logiclib.O00000oO.O0000O0o'
09-01 14:34:27.462 D/[Koin]  (11356): +- got 'com.huami.femalehealth.logiclib.O00000oO.O0000O0o' in 0.022239 ms
09-01 14:34:27.462 D/[Koin]  (11356): +- get 'com.huami.femalehealth.logiclib.O000000o.O00000Oo'
09-01 14:34:27.462 D/[Koin]  (11356): +- got 'com.huami.femalehealth.logiclib.O000000o.O00000Oo' in 0.007239 ms
09-01 14:34:27.462 D/[Koin]  (11356): +- get 'com.huami.femalehealth.logiclib.db.FemaleHealthDb'
09-01 14:34:27.462 D/[Koin]  (11356): +- got 'com.huami.femalehealth.logiclib.db.FemaleHealthDb' in 0.009219 ms
09-01 14:34:27.462 D/[Koin]  (11356): +- get 'com.huami.femalehealth.logiclib.O00000Oo.O00000Oo'
09-01 14:34:27.462 D/[Koin]  (11356): +- got 'com.huami.femalehealth.logiclib.O00000Oo.O00000Oo' in 0.008542 ms
09-01 14:34:27.462 D/[Koin]  (11356): +- get 'com.huami.femalehealth.logiclib.O00000oO.O00oOooO'
09-01 14:34:27.462 D/[Koin]  (11356): +- got 'com.huami.femalehealth.logiclib.O00000oO.O00oOooO' in 0.007656 ms
09-01 14:34:27.462 D/[Koin]  (11356): +- got 'com.huami.femalehealth.logiclib.O00000Oo.O00000o' in 0.260416 ms
09-01 14:34:27.463 D/[Koin]  (11356): +- got 'com.huami.femalehealth.logiclib.O0000O0o.O0000O0o' in 1.223333 ms
09-01 14:34:27.463 D/[Koin]  (11356): +- get 'com.huami.femalehealth.logiclib.O0000O0o.O00000o'
09-01 14:34:27.463 D/[Koin]  (11356): | create instance for [type:Factory,primary_type:'com.huami.femalehealth.logiclib.O0000O0o.O00000o']
09-01 14:34:27.463 D/[Koin]  (11356): +- get 'com.huami.femalehealth.logiclib.O00000oO.O0000O0o'
09-01 14:34:27.463 D/[Koin]  (11356): +- got 'com.huami.femalehealth.logiclib.O00000oO.O0000O0o' in 0.016094 ms
09-01 14:34:27.463 D/[Koin]  (11356): +- get 'com.huami.femalehealth.logiclib.O000000o.O00000Oo'
09-01 14:34:27.463 D/[Koin]  (11356): +- got 'com.huami.femalehealth.logiclib.O000000o.O00000Oo' in 0.010209 ms
09-01 14:34:27.463 D/[Koin]  (11356): +- get 'com.huami.femalehealth.logiclib.db.FemaleHealthDb'
09-01 14:34:27.463 D/[Koin]  (11356): +- got 'com.huami.femalehealth.logiclib.db.FemaleHealthDb' in 0.008385 ms
09-01 14:34:27.463 D/[Koin]  (11356): +- get 'com.huami.femalehealth.logiclib.O00000Oo.O00000o'
09-01 14:34:27.463 D/[Koin]  (11356): | create instance for [type:Factory,primary_type:'com.huami.femalehealth.logiclib.O00000Oo.O00000o']
09-01 14:34:27.463 D/[Koin]  (11356): +- get 'com.huami.femalehealth.logiclib.O00000oO.O0000O0o'
09-01 14:34:27.463 D/[Koin]  (11356): +- got 'com.huami.femalehealth.logiclib.O00000oO.O0000O0o' in 0.008437 ms
09-01 14:34:27.463 D/[Koin]  (11356): +- get 'com.huami.femalehealth.logiclib.O000000o.O00000Oo'
09-01 14:34:27.463 D/[Koin]  (11356): +- got 'com.huami.femalehealth.logiclib.O000000o.O00000Oo' in 0.016614 ms
09-01 14:34:27.463 D/[Koin]  (11356): +- get 'com.huami.femalehealth.logiclib.db.FemaleHealthDb'
09-01 14:34:27.463 D/[Koin]  (11356): +- got 'com.huami.femalehealth.logiclib.db.FemaleHealthDb' in 0.006823 ms
09-01 14:34:27.463 D/[Koin]  (11356): +- get 'com.huami.femalehealth.logiclib.O00000Oo.O00000Oo'
09-01 14:34:27.463 D/[Koin]  (11356): +- got 'com.huami.femalehealth.logiclib.O00000Oo.O00000Oo' in 0.007656 ms
09-01 14:34:27.463 D/[Koin]  (11356): +- get 'com.huami.femalehealth.logiclib.O00000oO.O00oOooO'
09-01 14:34:27.463 D/[Koin]  (11356): +- got 'com.huami.femalehealth.logiclib.O00000oO.O00oOooO' in 0.007969 ms
09-01 14:34:27.463 D/[Koin]  (11356): +- got 'com.huami.femalehealth.logiclib.O00000Oo.O00000o' in 0.263386 ms
09-01 14:34:27.463 D/[Koin]  (11356): +- get 'com.huami.femalehealth.logiclib.O00000Oo.O00000o0'
09-01 14:34:27.463 D/[Koin]  (11356): | create instance for [type:Factory,primary_type:'com.huami.femalehealth.logiclib.O00000Oo.O00000o0']
09-01 14:34:27.463 D/[Koin]  (11356): +- got 'com.huami.femalehealth.logiclib.O00000Oo.O00000o0' in 0.039063 ms
09-01 14:34:27.463 D/[Koin]  (11356): +- got 'com.huami.femalehealth.logiclib.O0000O0o.O00000o' in 0.595989 ms
09-01 14:34:27.464 W/AsyncHttpResponse(11356): Current thread has not called Looper.prepare().Forcing synchronous mode
09-01 14:34:27.466 D/[Koin]  (11356): +- got 'com.huami.femalehealth.uilib.viewmodel.FemaleMifitViewModel' in 4.746458 ms
09-01 14:34:27.473 V/AsyncHttpResponse(11356): Progress 357 from 357 (100%)
09-01 14:34:27.473 D/Event   (11356): No subscribers registered for event class com.xiaomi.hm.health.O0000o00.O000OOo0
09-01 14:34:27.473 D/Event   (11356): No subscribers registered for event class O00000Oo.O000000o.O000000o.O0000Oo0
09-01 14:34:27.480 W/AsyncHttpResponse(11356): Current thread has not called Looper.prepare().Forcing synchronous mode
09-01 14:34:27.481 D/RecentsImpl( 7676): mActivityStateObserver com.xiaomi.hm.health.activity.MainTabActivity
09-01 14:34:27.486 I/appium  (11310): AppiumResponse: {"sessionId":"7457bba7-67d4-46f6-af19-5e3c40fc69d7","value":{"error":"no such element","message":"An element could not be located on the page using the given search parameters","stacktrace":"io.appium.uiautomator2.common.exceptions.ElementNotFoundException: An element could not be located on the ...
09-01 14:34:27.487 W/AsyncHttpResponse(11356): Current thread has not called Looper.prepare().Forcing synchronous mode
09-01 14:34:27.488 V/xiaomi  (11356): [Thread:6397] receive an intent from server, action=com.xiaomi.mipush.RECEIVE_MESSAGE
09-01 14:34:27.488 V/xiaomi  (11356): receiving an empty message, drop
09-01 14:34:27.492 V/xiaomi  (11356): [Thread:6397] receive an intent from server, action=com.xiaomi.mipush.RECEIVE_MESSAGE
09-01 14:34:27.494 V/xiaomi  (11356): receiving an empty message, drop
09-01 14:34:27.495 V/xiaomi  (11356): [Thread:6397] receive an intent from server, action=com.xiaomi.mipush.RECEIVE_MESSAGE
09-01 14:34:27.495 V/xiaomi  (11356): receiving an empty message, drop
09-01 14:34:27.495 V/xiaomi  (11356): [Thread:6397] receive an intent from server, action=com.xiaomi.mipush.RECEIVE_MESSAGE
09-01 14:34:27.495 V/xiaomi  (11356): receiving an empty message, drop
09-01 14:34:27.495 V/xiaomi  (11356): [Thread:6397] receive an intent from server, action=com.xiaomi.mipush.RECEIVE_MESSAGE
09-01 14:34:27.495 V/xiaomi  (11356): receiving an empty message, drop
09-01 14:34:27.495 V/xiaomi  (11356): [Thread:6397] receive an intent from server, action=com.xiaomi.mipush.RECEIVE_MESSAGE
09-01 14:34:27.495 V/xiaomi  (11356): receiving an empty message, drop
09-01 14:34:27.495 V/xiaomi  (11356): [Thread:6397] receive an intent from server, action=com.xiaomi.mipush.RECEIVE_MESSAGE
09-01 14:34:27.495 V/xiaomi  (11356): receiving an empty message, drop
09-01 14:34:27.495 V/xiaomi  (11356): [Thread:6397] receive an intent from server, action=com.xiaomi.mipush.RECEIVE_MESSAGE
09-01 14:34:27.495 V/xiaomi  (11356): receiving an empty message, drop
09-01 14:34:27.495 V/xiaomi  (11356): [Thread:6397] receive an intent from server, action=com.xiaomi.mipush.RECEIVE_MESSAGE
09-01 14:34:27.495 V/xiaomi  (11356): receiving an empty message, drop
09-01 14:34:27.495 V/xiaomi  (11356): [Thread:6397] receive an intent from server, action=com.xiaomi.mipush.RECEIVE_MESSAGE
09-01 14:34:27.495 V/xiaomi  (11356): receiving an empty message, drop
09-01 14:34:27.495 V/AsyncHttpResponse(11356): Progress 2355 from 2355 (100%)
09-01 14:34:27.497 W/System.err(11356): java.lang.ClassNotFoundException: com.xiaomi.hm.health.BuildConfig
09-01 14:34:27.497 W/System.err(11356): 	at java.lang.Class.classForName(Native Method)
09-01 14:34:27.497 W/System.err(11356): 	at java.lang.Class.forName(Class.java:454)
09-01 14:34:27.497 W/System.err(11356): 	at java.lang.Class.forName(Class.java:379)
09-01 14:34:27.497 W/System.err(11356): 	at com.xiaomi.market.sdk.XiaomiUpdateAgent.update(XiaomiUpdateAgent.java:55)
09-01 14:34:27.497 W/System.err(11356): 	at com.xiaomi.hm.health.O00000o.O000000o.O000000o(AppUpgradeManager.java:540)
09-01 14:34:27.497 W/System.err(11356): 	at com.xiaomi.hm.health.O00000o.O000000o.O000000o(AppUpgradeManager.java:620)
09-01 14:34:27.497 W/System.err(11356): 	at com.xiaomi.hm.health.O00000o.O000000o.O000000o(AppUpgradeManager.java:142)
09-01 14:34:27.497 W/System.err(11356): 	at com.xiaomi.hm.health.O00000o.O000000o.O000000o(AppUpgradeManager.java:46)
09-01 14:34:27.497 W/System.err(11356): 	at com.xiaomi.hm.health.O00000o.O000000o$O000000o.onItem(AppUpgradeManager.java:106)
09-01 14:34:27.497 W/System.err(11356): 	at com.huami.O0000o0.O000000o.O00000o.O00000o0.onSuccess(IHMHttpResponseHandler.java:14)
09-01 14:34:27.497 W/System.err(11356): 	at com.huami.O0000o0.O000000o.O00000Oo$1.O000000o(HMHttpRequest.java:158)
09-01 14:34:27.497 W/System.err(11356): 	at com.huami.O0000o0.O000000o.O00000Oo$1.b_(HMHttpRequest.java:141)
09-01 14:34:27.497 W/System.err(11356): 	at io.O000000o.O0000O0o.O00000oO.O00000oO.oOO0O000$O000000o.O00000o(ObservableObserveOn.java:201)
09-01 14:34:27.497 W/System.err(11356): 	at io.O000000o.O0000O0o.O00000oO.O00000oO.oOO0O000$O000000o.run(ObservableObserveOn.java:255)
09-01 14:34:27.497 W/System.err(11356): 	at io.O000000o.O000000o.O00000Oo.O00000Oo$O00000Oo.run(HandlerScheduler.java:109)
09-01 14:34:27.497 W/System.err(11356): 	at android.os.Handler.handleCallback(Handler.java:883)
09-01 14:34:27.497 W/System.err(11356): 	at android.os.Handler.dispatchMessage(Handler.java:100)
09-01 14:34:27.497 W/System.err(11356): 	at android.os.Looper.loop(Looper.java:224)
09-01 14:34:27.497 W/System.err(11356): 	at android.app.ActivityThread.main(ActivityThread.java:7551)
09-01 14:34:27.497 W/System.err(11356): 	at java.lang.reflect.Method.invoke(Native Method)
09-01 14:34:27.497 W/System.err(11356): 	at com.android.internal.os.RuntimeInit$MethodAndArgsCaller.run(RuntimeInit.java:539)
09-01 14:34:27.497 W/System.err(11356): 	at com.android.internal.os.ZygoteInit.main(ZygoteInit.java:950)
09-01 14:34:27.497 W/System.err(11356): Caused by: java.lang.ClassNotFoundException: com.xiaomi.hm.health.BuildConfig
09-01 14:34:27.497 W/System.err(11356): 	... 22 more
09-01 14:34:27.499 V/xiaomi  (11356): [Thread:6397] receive an intent from server, action=com.xiaomi.mipush.RECEIVE_MESSAGE
09-01 14:34:27.500 V/xiaomi  (11356): receiving an empty message, drop
09-01 14:34:27.503 I/chatty  ( 8588): uid=1002(bluetooth) btu message loo expire 127 lines
09-01 14:34:27.504 I/chatty  ( 8588): uid=1002(bluetooth) BT Service Call expire 127 lines
09-01 14:34:27.505 V/AsyncHttpResponse(11356): Progress 12 from 12 (100%)
09-01 14:34:27.506 W/DevicePolicyManager( 1639): Package com.xiaomi.hm.health (uid=10241, pid=11356) cannot access Device IDs
09-01 14:34:27.507 W/TelephonyPermissions( 2698): reportAccessDeniedToReadIdentifiers:com.xiaomi.hm.health:getDeviceId:isPreinstalled=false:isPrivApp=false
09-01 14:34:27.510 E/MarketSdkClient(11356): getDeviceId: The user 10241 does not meet the requirements to access device identifiers.
09-01 14:34:27.510 E/MarketSdkClient(11356): java.lang.SecurityException: getDeviceId: The user 10241 does not meet the requirements to access device identifiers.
09-01 14:34:27.510 E/MarketSdkClient(11356): 	at android.os.Parcel.createException(Parcel.java:2074)
09-01 14:34:27.510 E/MarketSdkClient(11356): 	at android.os.Parcel.readException(Parcel.java:2042)
09-01 14:34:27.510 E/MarketSdkClient(11356): 	at android.os.Parcel.readException(Parcel.java:1990)
09-01 14:34:27.510 E/MarketSdkClient(11356): 	at com.android.internal.telephony.ITelephony$Stub$Proxy.getDeviceId(ITelephony.java:10389)
09-01 14:34:27.510 E/MarketSdkClient(11356): 	at java.lang.reflect.Method.invoke(Native Method)
09-01 14:34:27.510 E/MarketSdkClient(11356): 	at com.jg.bh.b.a.a.invoke(Native Method)
09-01 14:34:27.510 E/MarketSdkClient(11356): 	at java.lang.reflect.Proxy.invoke(Proxy.java:1006)
09-01 14:34:27.510 E/MarketSdkClient(11356): 	at $Proxy5.getDeviceId(Unknown Source)
09-01 14:34:27.510 E/MarketSdkClient(11356): 	at android.telephony.TelephonyManager.getDeviceId(TelephonyManager.java:1619)
09-01 14:34:27.510 E/MarketSdkClient(11356): 	at com.xiaomi.market.sdk.Client.acquireIdentity(Client.java:190)
09-01 14:34:27.510 E/MarketSdkClient(11356): 	at com.xiaomi.market.sdk.Client.init(Client.java:104)
09-01 14:34:27.510 E/MarketSdkClient(11356): 	at com.xiaomi.market.sdk.XiaomiUpdateAgent.update(XiaomiUpdateAgent.java:74)
09-01 14:34:27.510 E/MarketSdkClient(11356): 	at com.xiaomi.market.sdk.XiaomiUpdateAgent.update(XiaomiUpdateAgent.java:61)
09-01 14:34:27.510 E/MarketSdkClient(11356): 	at com.xiaomi.hm.health.O00000o.O000000o.O000000o(AppUpgradeManager.java:540)
09-01 14:34:27.510 E/MarketSdkClient(11356): 	at com.xiaomi.hm.health.O00000o.O000000o.O000000o(AppUpgradeManager.java:620)
09-01 14:34:27.510 E/MarketSdkClient(11356): 	at com.xiaomi.hm.health.O00000o.O000000o.O000000o(AppUpgradeManager.java:142)
09-01 14:34:27.510 E/MarketSdkClient(11356): 	at com.xiaomi.hm.health.O00000o.O000000o.O000000o(AppUpgradeManager.java:46)
09-01 14:34:27.510 E/MarketSdkClient(11356): 	at com.xiaomi.hm.health.O00000o.O000000o$O000000o.onItem(AppUpgradeManager.java:106)
09-01 14:34:27.510 E/MarketSdkClient(11356): 	at com.huami.O0000o0.O000000o.O00000o.O00000o0.onSuccess(IHMHttpResponseHandler.java:14)
09-01 14:34:27.510 E/MarketSdkClient(11356): 	at com.huami.O0000o0.O000000o.O00000Oo$1.O000000o(HMHttpRequest.java:158)
09-01 14:34:27.510 E/MarketSdkClient(11356): 	at com.huami.O0000o0.O000000o.O00000Oo$1.b_(HMHttpRequest.java:141)
09-01 14:34:27.510 E/MarketSdkClient(11356): 	at io.O000000o.O0000O0o.O00000oO.O00000oO.oOO0O000$O000000o.O00000o(ObservableObserveOn.java:201)
