09-01 14:34:16.513 D/msm8974_platform(  771): platform_split_snd_device: snd_device(199) num devices(0) new_snd_devices(0)
09-01 14:34:16.513 E/audio_hw_utils(  771): send_app_type_cfg_for_device: Could not get ctl for mixer cmd - Audio Stream Capture 35 App Type Cfg
09-01 14:34:16.513 D/msm8974_platform(  771): platform_split_snd_device: snd_device(199) num devices(1) new_snd_devices(0)
09-01 14:34:16.514 D/ACDB-LOADER(  771): ACDB -> send_audio_cal, acdb_id = 102, path = 1, app id = 0x11132, sample rate = 48000
09-01 14:34:16.514 D/ACDB-LOADER(  771): ACDB -> send_asm_topology
09-01 14:34:16.514 D/ACDB-LOADER(  771): ACDB -> ACDB_CMD_GET_AUDPROC_STREAM_TOPOLOGY_ID
09-01 14:34:16.514 D/ACDB-LOADER(  771): ACDB -> send_adm_topology
09-01 14:34:16.514 D/ACDB-LOADER(  771): ACDB -> ACDB_CMD_GET_AUDPROC_COMMON_TOPOLOGY_ID
09-01 14:34:16.514 D/ACDB-LOADER(  771): ACDB -> send_audtable
09-01 14:34:16.514 D/ACDB-LOADER(  771): ACDB -> ACDB_CMD_GET_AUDPROC_INSTANCE_COMMON_TABLE_SIZE
09-01 14:34:16.514 D/ACDB-LOADER(  771): ACDB -> ACDB_CMD_GET_AUDPROC_INSTANCE_COMMON_TABLE
09-01 14:34:16.514 D/ACDB-LOADER(  771): ACDB -> AUDIO_SET_AUDPROC_CAL cal_type[11] acdb_id[102] app_type[69938]
09-01 14:34:16.514 D/ACDB-LOADER(  771): ACDB -> ACDB_CMD_GET_AUDPROC_INSTANCE_STREAM_TABLE_SIZE
09-01 14:34:16.514 D/ACDB-LOADER(  771): ACDB -> send_audstrmtable
09-01 14:34:16.514 D/ACDB-LOADER(  771): ACDB -> ACDB_CMD_GET_AUDPROC_INSTANCE_STREAM_TABLE
09-01 14:34:16.514 D/ACDB-LOADER(  771): ACDB -> audstrm_cal->cal_type.cal_data.cal_size = 20
09-01 14:34:16.514 D/ACDB-LOADER(  771): ACDB -> send_afe_topology
09-01 14:34:16.514 D/ACDB-LOADER(  771): ACDB -> ACDB_CMD_GET_AFE_TOPOLOGY_ID
09-01 14:34:16.514 D/ACDB-LOADER(  771): ACDB -> GET_AFE_TOPOLOGY_ID for adcd_id 102, Topology Id 1000b909
09-01 14:34:16.514 D/ACDB-LOADER(  771): ACDB -> send_afe_cal
09-01 14:34:16.514 D/ACDB-LOADER(  771): ACDB -> ACDB_CMD_GET_AFE_INSTANCE_COMMON_TABLE_SIZE
09-01 14:34:16.514 D/ACDB-LOADER(  771): ACDB -> ACDB_CMD_GET_AFE_INSTANCE_COMMON_TABLE
09-01 14:34:16.514 D/ACDB-LOADER(  771): ACDB -> AUDIO_SET_AFE_CAL cal_type[17] acdb_id[102]
09-01 14:34:16.514 D/ACDB-LOADER(  771): ACDB -> send_hw_delay : acdb_id = 102 path = 1
09-01 14:34:16.514 D/ACDB-LOADER(  771): ACDB -> ACDB_AVSYNC_INFO: ACDB_CMD_GET_DEVICE_PROPERTY
09-01 14:34:16.514 D/audio_hw_primary(  771): enable_audio_route: apply mixer and update path: spkr-vi-record
09-01 14:34:16.514 E/audio_route(  771): Path: spkr-vi-record, length: 1
09-01 14:34:16.514 E/audio_route(  771):   id=0: ctl=QUATERNARY_MI2S_RX_VI_FB_MUX
09-01 14:34:16.514 E/audio_route(  771):     id=0 value=1
09-01 14:34:16.514 E/audio_route(  771):     id=1 value=1
09-01 14:34:16.514 D/audio_route(  771): Apply path: spkr-vi-record
09-01 14:34:16.514 D/audio_route(  771): audio_route_apply_and_update_path name spkr-vi-record
09-01 14:34:16.516 E/audio_hw_tfa98xx_feedback(  771): pcm_dev_tx_id = 35
09-01 14:34:16.521 I/chatty  (19843): uid=1002 bluetooth@1.0-s expire 4 lines
09-01 14:34:16.524 V/SettingsProvider( 1639): Notifying for 0: content://settings/global/hidden_api_policy_pre_p_apps
09-01 14:34:16.525 D/PowerKeeperPolicy( 1639): Binder is dead - unregistering client (BleScanWrapper[mClientIf = 19 mPendingIntent=null])! uid=10241
09-01 14:34:16.526 I/chatty  ( 8588): uid=1002(bluetooth) Binder:8588_6 expire 4 lines
09-01 14:34:16.527 W/ActivityManager( 1639): setHasOverlayUi called on unknown pid: 10791
09-01 14:34:16.527 I/chatty  ( 8588): uid=1002(bluetooth) btu message loo expire 107 lines
09-01 14:34:16.527 I/Zygote  (  680): Process 10791 exited due to signal 9 (Killed)
09-01 14:34:16.528 W/ActivityManager( 1639): Sending non-protected broadcast android.bluetooth.ble.BLE_DEVICE_DISCONNECTED from system 8588:com.android.bluetooth/1002 pkg com.android.bluetooth. Callers=
09-01 14:34:16.529 I/libprocessgroup( 1639): Successfully killed process cgroup uid 10241 pid 10791 in 179ms
09-01 14:34:16.529 D/CompatibilityInfo( 1639): mCompatibilityFlags - 0
09-01 14:34:16.529 D/CompatibilityInfo( 1639): applicationDensity - 440
09-01 14:34:16.529 D/CompatibilityInfo( 1639): applicationScale - 1.0
09-01 14:34:16.530 D/PowerKeeperPolicy( 1639): ForceStopLeScan, uid = 10241BleScanWrapper[mClientIf = 19 mPendingIntent=null]
09-01 14:34:16.530 I/chatty  ( 3272): uid=1002(bluetooth) com.xiaomi.bluetooth expire 2 lines
09-01 14:34:16.533 I/audio_hw_utils(  771): audio_extn_utils_update_stream_output_app_type_cfg Allowing 24 and above bits playback on speaker ONLY at default sampling rate
09-01 14:34:16.533 E/soundtrigger(  771): audio_extn_sound_trigger_update_stream_status: invalid input device 0x0, for event 3
09-01 14:34:16.533 D/soundtrigger(  771): audio_extn_sound_trigger_update_stream_status: uc_info->id 1 of type 0 for Event 3, with Raise=0
09-01 14:34:16.533 D/audio_hw_utils(  771): audio_extn_utils_send_app_type_cfg: usecase->out_snd_device speaker
09-01 14:34:16.533 D/msm8974_platform(  771): platform_split_snd_device: snd_device(2) num devices(0) new_snd_devices(0)
09-01 14:34:16.533 D/audio_hw_utils(  771): audio_extn_btsco_get_sample_rate:Not a BT SCO device, need not update sampling rate
09-01 14:34:16.533 I/audio_hw_utils(  771): send_app_type_cfg_for_device PLAYBACK app_type 69937, acdb_dev_id 10011, sample_rate 48000, snd_device_be_idx 39
09-01 14:34:16.534 D/msm8974_platform(  771): platform_split_snd_device: snd_device(2) num devices(1) new_snd_devices(0)
09-01 14:34:16.535 D/audio_hw_utils(  771): audio_extn_btsco_get_sample_rate:Not a BT SCO device, need not update sampling rate
09-01 14:34:16.535 D/ACDB-LOADER(  771): ACDB -> send_audio_cal, acdb_id = 10011, path = 0, app id = 0x11131, sample rate = 48000
09-01 14:34:16.535 D/ACDB-LOADER(  771): ACDB -> send_asm_topology
09-01 14:34:16.535 D/ACDB-LOADER(  771): ACDB -> ACDB_CMD_GET_AUDPROC_STREAM_TOPOLOGY_ID
09-01 14:34:16.535 D/ACDB-LOADER(  771): ACDB -> send_adm_topology
09-01 14:34:16.535 D/ACDB-LOADER(  771): ACDB -> ACDB_CMD_GET_AUDPROC_COMMON_TOPOLOGY_ID
09-01 14:34:16.535 D/ACDB-LOADER(  771): ACDB -> send_audtable
09-01 14:34:16.535 D/ACDB-LOADER(  771): ACDB -> ACDB_CMD_GET_AUDPROC_INSTANCE_COMMON_TABLE_SIZE
09-01 14:34:16.535 D/ACDB-LOADER(  771): ACDB -> ACDB_CMD_GET_AUDPROC_INSTANCE_COMMON_TABLE
09-01 14:34:16.535 D/ACDB-LOADER(  771): ACDB -> AUDIO_SET_AUDPROC_CAL cal_type[11] acdb_id[10011] app_type[69937]
09-01 14:34:16.535 D/ACDB-LOADER(  771): ACDB -> send_audvoltable
09-01 14:34:16.535 D/ACDB-LOADER(  771): ACDB -> ACDB_CMD_GET_AUDPROC_INSTANCE_GAIN_DEP_STEP_TABLE_SIZE
09-01 14:34:16.535 D/ACDB-LOADER(  771): ACDB -> ACDB_CMD_GET_AUDPROC_INSTANCE_GAIN_DEP_STEP_TABLE, vol index 0
09-01 14:34:16.535 D/ACDB-LOADER(  771): ACDB -> AUDIO_SET_VOL_CAL cal type = 12
09-01 14:34:16.535 D/ACDB-LOADER(  771): ACDB -> ACDB_CMD_GET_AUDPROC_INSTANCE_STREAM_TABLE_SIZE
09-01 14:34:16.535 D/ACDB-LOADER(  771): ACDB -> send_audstrmtable
09-01 14:34:16.535 D/ACDB-LOADER(  771): ACDB -> ACDB_CMD_GET_AUDPROC_INSTANCE_STREAM_TABLE
09-01 14:34:16.535 D/ACDB-LOADER(  771): ACDB -> audstrm_cal->cal_type.cal_data.cal_size = 20
09-01 14:34:16.535 D/ACDB-LOADER(  771): ACDB -> send_afe_topology
09-01 14:34:16.535 D/ACDB-LOADER(  771): ACDB -> ACDB_CMD_GET_AFE_TOPOLOGY_ID
09-01 14:34:16.535 D/ACDB-LOADER(  771): ACDB -> GET_AFE_TOPOLOGY_ID for adcd_id 10011, Topology Id 1000b910
09-01 14:34:16.535 D/ACDB-LOADER(  771): ACDB -> send_afe_cal
09-01 14:34:16.535 D/ACDB-LOADER(  771): ACDB -> ACDB_CMD_GET_AFE_INSTANCE_COMMON_TABLE_SIZE
09-01 14:34:16.535 D/ACDB-LOADER(  771): ACDB -> ACDB_CMD_GET_AFE_INSTANCE_COMMON_TABLE
09-01 14:34:16.535 D/ACDB-LOADER(  771): ACDB -> AUDIO_SET_AFE_CAL cal_type[16] acdb_id[10011]
09-01 14:34:16.535 D/ACDB-LOADER(  771): ACDB -> send_hw_delay : acdb_id = 10011 path = 0
09-01 14:34:16.535 D/ACDB-LOADER(  771): ACDB -> ACDB_AVSYNC_INFO: ACDB_CMD_GET_DEVICE_PROPERTY
09-01 14:34:16.535 D/msm8974_platform(  771): platform_split_snd_device: snd_device(2) num devices(0) new_snd_devices(0)
09-01 14:34:16.535 I/msm8974_platform(  771): platform_get_custom_mtmx_params: no matching param with id 0 ip_ch 2 op_ch 2 uc_id 1 snd_dev 2
09-01 14:34:16.535 D/audio_hw_primary(  771): enable_audio_route: apply mixer and update path: low-latency-playback speaker
09-01 14:34:16.535 E/audio_route(  771): Path: low-latency-playback speaker, length: 1
09-01 14:34:16.535 E/audio_route(  771):   id=0: ctl=QUAT_MI2S_RX Audio Mixer MultiMedia5
09-01 14:34:16.535 E/audio_route(  771):     id=0 value=1
09-01 14:34:16.535 E/audio_route(  771):     id=1 value=1
09-01 14:34:16.535 D/audio_route(  771): Apply path: low-latency-playback speaker
09-01 14:34:16.535 D/audio_route(  771): audio_route_apply_and_update_path name low-latency-playback speaker
09-01 14:34:16.538 D/send_data_to_xlog(  771): send_misound_data_to_xlog: enter: usecase(1)
09-01 14:34:16.538 D/audio_hw_primary(  771): select_devices: done
09-01 14:34:16.538 D/audio_hw_primary(  771): start_output_stream: Opening PCM device card_id(0) device_id(13) format(0x4)
09-01 14:34:16.547 V/SettingsProvider( 1639): Notifying for 0: content://settings/global/hidden_api_policy_p_apps
09-01 14:34:16.562 V/SettingsProvider( 1639): Notifying for 0: content://settings/global/hidden_api_policy
09-01 14:34:16.582 D/msm8974_platform(  771): platform_set_channel_map mixer_ctl_name:Playback Channel Map13
09-01 14:34:16.583 D/msm8974_platform(  771): platform_set_channel_map: set mapping(1 2 0 0 0 0 0 0) for channel:2
09-01 14:34:16.584 D/audio_hw_primary(  771): start_output_stream: pcm_prepare
09-01 14:34:16.584 D/audio_hw_primary(  771): start_output_stream: exit
09-01 14:34:16.584 D/audio_hw_primary(  771): check_and_set_karaok_parameters: is karaok rx device 0, is karaok tx device 0
09-01 14:34:16.584 D/audio_hw_primary(  771): out_write: retry previous failed cal level set
09-01 14:34:16.584 D/msm8974_platform(  771): platform_split_snd_device: snd_device(2) num devices(1) new_snd_devices(0)
09-01 14:34:16.584 D/ACDB-LOADER(  771): ACDB -> send_audvoltable
09-01 14:34:16.584 D/ACDB-LOADER(  771): ACDB -> ACDB_CMD_GET_AUDPROC_INSTANCE_GAIN_DEP_STEP_TABLE_SIZE
09-01 14:34:16.584 D/ACDB-LOADER(  771): ACDB -> ACDB_CMD_GET_AUDPROC_INSTANCE_GAIN_DEP_STEP_TABLE, vol index 5
09-01 14:34:16.584 D/ACDB-LOADER(  771): ACDB -> AUDIO_SET_VOL_CAL cal type = 40
09-01 14:34:16.585 W/msm8974_platform(  771): platform_send_gain_dep_cal: Usecase list is empty
09-01 14:34:16.585 D/msm8974_platform(  771): platform_split_snd_device: snd_device(2) num devices(0) new_snd_devices(0)
09-01 14:34:16.585 I/msm8974_platform(  771): platform_get_custom_mtmx_params: no matching param with id 0 ip_ch 2 op_ch 2 uc_id 1 snd_dev 2
09-01 14:34:16.617 I/Timeline( 1639): Timeline: Activity_windows_visible id: ActivityRecord{751966d u0 com.miui.home/.launcher.Launcher t1} time:211622634
09-01 14:34:16.617 D/EventBus(29730): [29730, u0] send(AppTransitionFinishedEvent)
09-01 14:34:16.617 D/EventBus(29730): [29730, u0]  -> ForcedResizableInfoActivityController [0xc4c1163, P1] onBusEvent(AppTransitionFinishedEvent)
09-01 14:34:16.618 D/EventBus(29730): [29730, u0] onBusEvent(AppTransitionFinishedEvent) duration: 21 microseconds, avg: 36
09-01 14:34:16.618 I/Timeline( 1639): Timeline: App_transition_stopped time:211622635
09-01 14:34:16.619 E/RotationHelper( 7676): setCurrentTransitionRequest: request=0
09-01 14:34:16.624 I/MiuiNetworkPolicy( 1639): updateUidState uid = 10062, uidState = 4
09-01 14:34:16.624 D/OemNetd (  679): whiteListUid: uid=10062, wmm=add
09-01 14:34:16.624 D/Launcher.Transfer( 7676): transfer:onResume, extra:null
09-01 14:34:16.626 I/MiuiNetworkPolicy( 1639): updateMLUid uid:10062,old:20,new:4
09-01 14:34:16.626 I/MiuiNetworkPolicy( 1639): isMLEnabled state:20,uid:10062,connect:DISCONNECTED
09-01 14:34:16.626 I/MiuiNetworkPolicy( 1639): isMLEnabled state:4,uid:10062,connect:DISCONNECTED
09-01 14:34:16.628 E/ActivityThread(26104): Failed to find provider info for com.android.bluetooth.deviceinfo_provider
09-01 14:34:16.729 I/AudioTrack( 2503): isLongTimeZoreData zoer date time 44 Seconds
09-01 14:34:16.969 V/SettingsProvider( 1639): Notifying for 0: content://settings/global/hidden_api_policy_pre_p_apps
09-01 14:34:16.976 I//system/vendor/bin/mi_thermald( 1070): thermal_cpu_set_level: set cpu freq of cpu7 to 1804800
09-01 14:34:16.976 I//system/vendor/bin/mi_thermald( 1070): thermal_cpu_set_level: set cpu freq of cpu4 to 1804800
09-01 14:34:17.009 V/SettingsProvider( 1639): Notifying for 0: content://settings/global/hidden_api_policy_p_apps
09-01 14:34:17.054 V/SettingsProvider( 1639): Notifying for 0: content://settings/global/hidden_api_policy
09-01 14:34:17.246 E/adbd    (16935): failed to connect to socket 'tcp:6790': Connection refused
09-01 14:34:17.319 I/ActivityManager( 1639): Force stopping io.appium.uiautomator2.server.test appid=10225 user=0: from process:11286
09-01 14:34:17.330 E/PhoneInterfaceManager( 2698): [PhoneIntfMgr] getCarrierPackageNamesForIntent: No UICC
09-01 14:34:17.331 D/CarrierSvcBindHelper( 2698): No carrier app for: 0
09-01 14:34:17.334 D/CarrierSvcBindHelper( 2698): No carrier app for: 1
09-01 14:34:17.347 D/RegisteredServicesCache( 4689):  Reading service state data always from file
09-01 14:34:17.348 D/RegisteredServicesCache( 4689): ServiceStateFileVersion=1.0
09-01 14:34:17.348 E/RegisteredServicesCache( 4689): Next Tag=services
09-01 14:34:17.348 E/RegisteredServicesCache( 4689): 1invalidateCache:WriteServiceStateToFile
09-01 14:34:17.348 E/RegisteredServicesCache( 4689):  Writing service state Data Always
09-01 14:34:17.363 E/RegisteredAidCache( 4689): updateRoutingLocked(): enter...
09-01 14:34:17.363 D/NfcService( 4689): defaultMifareCLTRoute : 315
09-01 14:34:17.363 D/RegisteredAidCache( 4689):  AID power stateB0693789675600247817route0
09-01 14:34:17.364 D/NfcService( 4689): defaultAidRoute : 315
09-01 14:34:17.364 D/NfcService( 4689): GetDefaultRouteLoc  :1
09-01 14:34:17.364 D/NfcService( 4689): defaultAidRoute : 315
09-01 14:34:17.364 D/NfcService( 4689): GetDefaultRouteLoc  :1
09-01 14:34:17.364 E/AidRoutingManager( 4689): Size of routing table970
09-01 14:34:17.364 E/RegisteredAidCache( 4689): updateRoutingLocked(): exit...
09-01 14:34:17.365 D/RegisteredNfcFServicesCache( 4689): Service unchanged, not updating
09-01 14:34:17.480 I/chatty  (19843): uid=1002(bluetooth) POSIX timer 7 expire 2 lines
09-01 14:34:17.481 E/ResolverController(  679): No valid NAT64 prefix (116, <unspecified>/0)
09-01 14:34:17.521 D/AndroidRuntime(11289): >>>>>> START com.android.internal.os.RuntimeInit uid 2000 <<<<<<
09-01 14:34:17.525 E/libc    (11289): Access denied finding property "persist.device_config.runtime_native_boot.enable_apex_image"
09-01 14:34:17.520 W/app_process(11289): type=1400 audit(0.0:63993): avc: denied { read } for name="u:object_r:device_config_runtime_native_boot_prop:s0" dev="tmpfs" ino=16478 scontext=u:r:shell:s0 tcontext=u:object_r:device_config_runtime_native_boot_prop:s0 tclass=file permissive=0
09-01 14:34:17.520 I/chatty  (11289): uid=2000(shell) main identical 1 line
09-01 14:34:17.520 W/app_process(11289): type=1400 audit(0.0:63995): avc: denied { read } for name="u:object_r:device_config_runtime_native_boot_prop:s0" dev="tmpfs" ino=16478 scontext=u:r:shell:s0 tcontext=u:object_r:device_config_runtime_native_boot_prop:s0 tclass=file permissive=0
09-01 14:34:17.526 I/AndroidRuntime(11289): Using default boot image
09-01 14:34:17.526 E/libc    (11289): Access denied finding property "persist.device_config.runtime_native_boot.disable_lock_profiling"
09-01 14:34:17.526 I/AndroidRuntime(11289): Leaving lock profiling enabled
09-01 14:34:17.526 E/libc    (11289): Access denied finding property "persist.device_config.runtime_native_boot.enable_generational_cc"
09-01 14:34:17.554 I/chatty  ( 8588): uid=1002(bluetooth) com.android.bluetooth expire 2 lines
09-01 14:34:17.555 D/CompatibilityInfo( 1639): mCompatibilityFlags - 0
09-01 14:34:17.555 D/CompatibilityInfo( 1639): applicationDensity - 440
09-01 14:34:17.555 D/CompatibilityInfo( 1639): applicationScale - 1.0
09-01 14:34:17.555 I/TrustAgent(20208): TAG: TrustAgent.Tracker. [BluetoothConnectionTracker] Bluetooth disconnect broadast for Mi Smart Band 5 C3:D4:F4:E3:11:EC [CONTEXT service_id=84 ]
09-01 14:34:17.556 W/BluetoothEventManager(29730): AclStateChangedHandler: activeDevice is null
09-01 14:34:17.556 I/chatty  ( 3272): uid=1002(bluetooth) com.xiaomi.bluetooth expire 3 lines
09-01 14:34:17.556 D/Bluetooth_AIVS_SDK(22367): AIVS:BluetoothBase:onReceive: ACTION_ACL_DISCONNECTED, device:Mi Smart Band 5 type:2
09-01 14:34:17.559 D/CompatibilityInfo( 1639): mCompatibilityFlags - 0
09-01 14:34:17.559 D/CompatibilityInfo( 1639): applicationDensity - 440
09-01 14:34:17.559 D/CompatibilityInfo( 1639): applicationScale - 1.0
09-01 14:34:17.561 I/hwservicemanager(  573): getTransport: Cannot find entry vendor.qti.hardware.servicetracker@1.0::IServicetracker/default in either framework or device manifest.
09-01 14:34:17.569 D/CompatibilityInfo( 1639): mCompatibilityFlags - 0
09-01 14:34:17.569 D/CompatibilityInfo( 1639): applicationDensity - 440
09-01 14:34:17.569 D/CompatibilityInfo( 1639): applicationScale - 1.0
09-01 14:34:17.571 I/hwservicemanager(  573): getTransport: Cannot find entry vendor.qti.hardware.servicetracker@1.0::IServicetracker/default in either framework or device manifest.
09-01 14:34:17.579 I/chatty  (19843): uid=1002 bluetooth@1.0-s expire 10 lines
09-01 14:34:17.582 W/ActivityManager( 1639): Unable to start service Intent { act=android.bluetooth.device.action.ACL_DISCONNECTED cmp=com.google.android.gms/.nearby.discovery.service.DiscoveryService (has extras) } U=0: not found
09-01 14:34:17.597 D/ICU     (11289): Time zone APEX file found: /apex/com.android.tzdata/etc/icu/icu_tzdata.dat
09-01 14:34:17.620 W/app_process(11289): JNI RegisterNativeMethods: attempt to register 0 native methods for android.media.AudioAttributes
09-01 14:34:17.610 W/main    (11289): type=1400 audit(0.0:63996): avc: denied { read } for name="u:object_r:vendor_default_prop:s0" dev="tmpfs" ino=16586 scontext=u:r:shell:s0 tcontext=u:object_r:vendor_default_prop:s0 tclass=file permissive=0
09-01 14:34:17.622 E/libc    (11289): Access denied finding property "persist.vendor.qti.debug.atlogs_enable"
09-01 14:34:17.627 D/AndroidRuntime(11289): Calling main entry com.android.commands.am.Am
09-01 14:34:17.628 I/MiuiNetworkPolicy( 1639): updateUidState uid = 10062, uidState = 16
09-01 14:34:17.629 D/OemNetd (  679): whiteListUid: uid=10062, wmm=del
09-01 14:34:17.633 I/MiuiNetworkPolicy( 1639): updateMLUid uid:10062,old:4,new:16
09-01 14:34:17.633 I/MiuiNetworkPolicy( 1639): isMLEnabled state:4,uid:10062,connect:DISCONNECTED
09-01 14:34:17.633 I/MiuiNetworkPolicy( 1639): isMLEnabled state:16,uid:10062,connect:DISCONNECTED
09-01 14:34:17.637 I/ActivityManager( 1639): Force stopping io.appium.uiautomator2.server appid=10224 user=0: start instr
09-01 14:34:17.638 I/ActivityManager( 1639): Killing 10741:io.appium.uiautomator2.server/u0a224 (adj 0): stop io.appium.uiautomator2.server: start instr
09-01 14:34:17.640 I/hwservicemanager(  573): getTransport: Cannot find entry vendor.qti.hardware.servicetracker@1.0::IServicetracker/default in either framework or device manifest.
09-01 14:34:17.641 W/ActivityManager( 1639): Crash of app io.appium.uiautomator2.server running instrumentation ComponentInfo{io.appium.uiautomator2.server.test/androidx.test.runner.AndroidJUnitRunner}
09-01 14:34:17.641 I/ActivityManager( 1639): Force stopping io.appium.uiautomator2.server appid=10224 user=0: finished inst
09-01 14:34:17.642 W/Binder  ( 1639): Outgoing transactions from this process must be FLAG_ONEWAY
09-01 14:34:17.642 W/Binder  ( 1639): java.lang.Throwable
09-01 14:34:17.642 W/Binder  ( 1639): 	at android.os.BinderProxy.transact(BinderProxy.java:480)
09-01 14:34:17.642 W/Binder  ( 1639): 	at android.app.IInstrumentationWatcher$Stub$Proxy.instrumentationFinished(IInstrumentationWatcher.java:205)
09-01 14:34:17.642 W/Binder  ( 1639): 	at com.android.server.am.InstrumentationReporter$MyThread.run(InstrumentationReporter.java:86)
09-01 14:34:17.642 W/Binder  (10725): Caught a RuntimeException from the binder stub implementation.
09-01 14:34:17.642 W/Binder  (10725): java.lang.SecurityException: Calling from not trusted UID!
09-01 14:34:17.642 W/Binder  (10725): 	at android.app.UiAutomationConnection.throwIfCalledByNotTrustedUidLocked(UiAutomationConnection.java:520)
09-01 14:34:17.642 W/Binder  (10725): 	at android.app.UiAutomationConnection.shutdown(UiAutomationConnection.java:424)
09-01 14:34:17.642 W/Binder  (10725): 	at android.app.IUiAutomationConnection$Stub.onTransact(IUiAutomationConnection.java:390)
09-01 14:34:17.642 W/Binder  (10725): 	at android.os.Binder.execTransactInternal(Binder.java:1021)
09-01 14:34:17.642 W/Binder  (10725): 	at android.os.Binder.execTransact(Binder.java:994)
09-01 14:34:17.646 D/AndroidRuntime(10725): Shutting down VM
09-01 14:34:17.655 I/MiuiNetworkPolicy( 1639): removeUidState uid = 10224
09-01 14:34:17.655 D/OemNetd (  679): whiteListUid: uid=10224, wmm=del
09-01 14:34:17.655 V/UidProcStateHelper( 1639): process died:[10741,10224]
09-01 14:34:17.656 I/MiuiNetworkPolicy( 1639): updateMLUid uid:10224,old:5,new:20
09-01 14:34:17.657 I/MiuiNetworkPolicy( 1639): isMLEnabled state:5,uid:10224,connect:DISCONNECTED
09-01 14:34:17.657 I/MiuiNetworkPolicy( 1639): isMLEnabled state:20,uid:10224,connect:DISCONNECTED
09-01 14:34:17.657 I/MiuiNetworkPolicy( 1639): updateUidState uid = 10224, uidState = 20
09-01 14:34:17.657 D/ActiveStateController( 6417): updateStateForUidActiveChangedLocked, uid: 10224 active: false
09-01 14:34:17.675 D/Zygote  (  680): Forked child process 11310
09-01 14:34:17.677 D/Boost   ( 1639): hostingType=added application, hostingName=io.appium.uiautomator2.server, callerPackage=android, isSystem=true, isBoostNeeded=false.
09-01 14:34:17.678 D/OemNetd (  679): setPidForPackage: packageName=io.appium.uiautomator2.server, pid=11310, pid=10224
09-01 14:34:17.678 I/ActivityManager( 1639): Start proc 11310:io.appium.uiautomator2.server/u0a224 for added application io.appium.uiautomator2.server caller=android
09-01 14:34:17.680 I/tomator2.serve(11310): Late-enabling -Xcheck:jni
09-01 14:34:17.694 E/tomator2.serve(11310): Unknown bits set in runtime_flags: 0x8000
09-01 14:34:17.710 W/WindowManager( 1639): removeWindowToken: Attempted to remove non-existing token: android.os.Binder@b93efca
09-01 14:34:17.710 I/libprocessgroup( 1639): Successfully killed process cgroup uid 10224 pid 10741 in 71ms
09-01 14:34:17.710 I/Zygote  (  680): Process 10741 exited due to signal 9 (Killed)
09-01 14:34:17.712 V/SettingsProvider( 1639): Notifying for 0: content://settings/secure/accessibility_enabled
09-01 14:34:17.720 D/CompatibilityInfo( 1639): mCompatibilityFlags - 0
09-01 14:34:17.720 D/CompatibilityInfo( 1639): applicationDensity - 440
09-01 14:34:17.720 D/CompatibilityInfo( 1639): applicationScale - 1.0
09-01 14:34:17.724 I/MiuiNetworkPolicy( 1639): updateUidState uid = 10224, uidState = 5
09-01 14:34:17.724 D/OemNetd (  679): whiteListUid: uid=10224, wmm=add
09-01 14:34:17.727 I/MiuiNetworkPolicy( 1639): updateMLUid uid:10224,old:20,new:5
09-01 14:34:17.727 I/MiuiNetworkPolicy( 1639): isMLEnabled state:20,uid:10224,connect:DISCONNECTED
09-01 14:34:17.727 I/MiuiNetworkPolicy( 1639): isMLEnabled state:5,uid:10224,connect:DISCONNECTED
09-01 14:34:17.745 I/AudioTrack( 2503): isLongTimeZoreData zoer date time 45 Seconds
09-01 14:34:17.832 D/miuisdk (11310): current sdk level is 20
09-01 14:34:17.835 E/SELinux (  572): avc:  denied  { find } for service=overlay pid=11310 uid=10224 scontext=u:r:untrusted_app_27:s0:c224,c256,c512,c768 tcontext=u:object_r:overlay_service:s0 tclass=service_manager permissive=0
09-01 14:34:17.836 E/IconCustomizerUtils(11310): IOverlayManager is null
09-01 14:34:17.843 W/tomator2.serve(11310): ClassLoaderContext classpath size mismatch. expected=0, found=2 (PCL[]{PCL[/system/framework/android.test.mock.jar*3601177991]{PCL[/system/framework/android.test.base.jar*1299883780]}#PCL[/system/framework/android.test.runner.jar*3312018701]{PCL[/system/framework/android.test.base.jar*1299883780]#PCL[/system/framework/android.test.mock.jar*3601177991]{PCL[/system/framework/android.test.base.jar*1299883780]}}} | PCL[/system/framework/android.test.runner.jar*3312018701:/system/framework/android.test.mock.jar*3601177991])
09-01 14:34:17.844 W/tomator2.serve(11310): ClassLoaderContext classpath size mismatch. expected=0, found=4 (PCL[] | PCL[/system/framework/android.test.runner.jar*3312018701:/system/framework/android.test.mock.jar*3601177991:/data/app/io.appium.uiautomator2.server.test-xiUTBeW1tD0RDVGssLKQjw==/base.apk*4256641845:/data/app/io.appium.uiautomator2.server.test-xiUTBeW1tD0RDVGssLKQjw==/base.apk!classes2.dex*3909004592])
09-01 14:34:17.845 W/tomator2.serve(11310): Found duplicate classes, falling back to extracting from APK : /data/app/io.appium.uiautomator2.server-R860u7MKtILXj95_tECd6A==/base.apk
09-01 14:34:17.845 W/tomator2.serve(11310): NOTE: This wastes RAM and hurts startup performance.
09-01 14:34:17.845 W/tomator2.serve(11310): Found duplicated class when checking oat files: 'Ljunit/runner/BaseTestRunner;' in /system/framework/android.test.runner.jar and /data/app/io.appium.uiautomator2.server-R860u7MKtILXj95_tECd6A==/base.apk
09-01 14:34:17.845 W/tomator2.serve(11310): 
09-01 14:34:17.896 I/MiuiNetworkPolicy( 1639): bandwidth: 0 KB/s, Max bandwidth: 3727 KB/s
09-01 14:34:17.942 I/Perf    (11310): Connecting to perf service.
09-01 14:34:17.950 W/tomator2.serve(11310): ClassLoaderContext classpath size mismatch. expected=0, found=2 (PCL[]{PCL[/system/framework/android.test.mock.jar*3601177991]{PCL[/system/framework/android.test.base.jar*1299883780]}#PCL[/system/framework/android.test.runner.jar*3312018701]{PCL[/system/framework/android.test.base.jar*1299883780]#PCL[/system/framework/android.test.mock.jar*3601177991]{PCL[/system/framework/android.test.base.jar*1299883780]}}} | PCL[/system/framework/android.test.runner.jar*3312018701:/system/framework/android.test.mock.jar*3601177991];PCL[/system/framework/android.test.runner.jar*3312018701:/system/framework/android.test.mock.jar*3601177991:/data/app/io.appium.uiautomator2.server.test-xiUTBeW1tD0RDVGssLKQjw==/base.apk*4256641845:/data/app/io.appium.uiautomator2.server.test-xiUTBeW1tD0RDVGssLKQjw==/base.apk!classes2.dex*3909004592:/data/app/io.appium.uiautomator2.server-R860u7MKtILXj95_tECd6A==/base.apk*2224874488:/data/app/io.appium.uiautomator2.server-R860u7MKtILXj95_tECd6A==/base.apk!classes2.dex*2518648215])
09-01 14:34:17.951 W/tomator2.serve(11310): Found duplicate classes, falling back to extracting from APK : /data/app/io.appium.uiautomator2.server.test-xiUTBeW1tD0RDVGssLKQjw==/base.apk
09-01 14:34:17.951 W/tomator2.serve(11310): NOTE: This wastes RAM and hurts startup performance.
09-01 14:34:17.951 W/tomator2.serve(11310): Found duplicated class when checking oat files: 'Landroidx/test/espresso/AmbiguousViewMatcherException$1;' in /data/app/io.appium.uiautomator2.server.test-xiUTBeW1tD0RDVGssLKQjw==/base.apk and /data/app/io.appium.uiautomator2.server.test-xiUTBeW1tD0RDVGssLKQjw==/base.apk
09-01 14:34:17.951 W/tomator2.serve(11310): 
09-01 14:34:17.974 W/tomator2.serve(11310): ClassLoaderContext classpath size mismatch. expected=0, found=4 (PCL[] | PCL[/system/framework/android.test.runner.jar*3312018701:/system/framework/android.test.mock.jar*3601177991:/data/app/io.appium.uiautomator2.server.test-xiUTBeW1tD0RDVGssLKQjw==/base.apk*4256641845:/data/app/io.appium.uiautomator2.server.test-xiUTBeW1tD0RDVGssLKQjw==/base.apk!classes2.dex*3909004592];PCL[/system/framework/android.test.runner.jar*3312018701:/system/framework/android.test.mock.jar*3601177991:/data/app/io.appium.uiautomator2.server.test-xiUTBeW1tD0RDVGssLKQjw==/base.apk*4256641845:/data/app/io.appium.uiautomator2.server.test-xiUTBeW1tD0RDVGssLKQjw==/base.apk!classes2.dex*3909004592:/data/app/io.appium.uiautomator2.server-R860u7MKtILXj95_tECd6A==/base.apk*2224874488:/data/app/io.appium.uiautomator2.server-R860u7MKtILXj95_tECd6A==/base.apk!classes2.dex*2518648215])
09-01 14:34:17.974 W/tomator2.serve(11310): Found duplicate classes, falling back to extracting from APK : /data/app/io.appium.uiautomator2.server-R860u7MKtILXj95_tECd6A==/base.apk
09-01 14:34:17.974 W/tomator2.serve(11310): NOTE: This wastes RAM and hurts startup performance.
09-01 14:34:17.974 W/tomator2.serve(11310): Found duplicated class when checking oat files: 'Landroid_libs/ub_uiautomator/R;' in /data/app/io.appium.uiautomator2.server-R860u7MKtILXj95_tECd6A==/base.apk!classes2.dex and /data/app/io.appium.uiautomator2.server-R860u7MKtILXj95_tECd6A==/base.apk!classes2.dex
09-01 14:34:17.974 W/tomator2.serve(11310): 
09-01 14:34:18.068 W/tomator2.serve(11310): Accessing hidden method Landroid/app/Instrumentation;->execStartActivity(Landroid/content/Context;Landroid/os/IBinder;Landroid/os/IBinder;Landroid/app/Activity;Landroid/content/Intent;ILandroid/os/Bundle;)Landroid/app/Instrumentation$ActivityResult; (greylist, linking, allowed)
09-01 14:34:18.068 W/tomator2.serve(11310): Accessing hidden method Landroid/app/Instrumentation;->execStartActivity(Landroid/content/Context;Landroid/os/IBinder;Landroid/os/IBinder;Ljava/lang/String;Landroid/content/Intent;ILandroid/os/Bundle;)Landroid/app/Instrumentation$ActivityResult; (greylist, linking, allowed)
09-01 14:34:18.073 D/ForceDarkHelper(11310): io.appium.uiautomator2.server mIsDarkModeSupported = false
09-01 14:34:18.073 D/ForceDarkHelper(11310): io.appium.uiautomator2.server initialize time 1
09-01 14:34:18.079 I/MonitoringInstr(11310): Instrumentation started!
09-01 14:34:18.089 I/MonitoringInstr(11310): Setting context classloader to 'dalvik.system.PathClassLoader[DexPathList[[zip file "/system/framework/android.test.runner.jar", zip file "/system/framework/android.test.mock.jar", zip file "/data/app/io.appium.uiautomator2.server.test-xiUTBeW1tD0RDVGssLKQjw==/base.apk", zip file "/data/app/io.appium.uiautomator2.server-R860u7MKtILXj95_tECd6A==/base.apk"],nativeLibraryDirectories=[/data/app/io.appium.uiautomator2.server.test-xiUTBeW1tD0RDVGssLKQjw==/lib/arm64, /data/app/io.appium.uiautomator2.server-R860u7MKtILXj95_tECd6A==/lib/arm64, /system/lib64, /system/product/lib64]]]', Original: 'dalvik.system.PathClassLoader[DexPathList[[zip file "/system/framework/android.test.runner.jar", zip file "/system/framework/android.test.mock.jar", zip file "/data/app/io.appium.uiautomator2.server.test-xiUTBeW1tD0RDVGssLKQjw==/base.apk", zip file "/data/app/io.appium.uiautomator2.server-R860u7MKtILXj95_tECd6A==/base.apk"],nativeLibraryDirectories=[/data/app/io.appium.uiautomator2.server.test-xiUTBeW1tD0RDVGssLKQjw==/lib/arm64, /data/app/io.appium.uiautomator2.server-R860u7MKtILXj95_tECd6A==/lib/arm64, /system/lib64, /system/product/lib64]]]'
09-01 14:34:18.092 I/FeatureParser(11310): can't find raphael.xml in assets/device_features/,it may be in /system/etc/device_features
09-01 14:34:18.103 E/libc    (11310): Access denied finding property "ro.vendor.df.effect.conflict"
09-01 14:34:18.090 W/tomator2.server(11310): type=1400 audit(0.0:63997): avc: denied { read } for name="u:object_r:vendor_displayfeature_prop:s0" dev="tmpfs" ino=16588 scontext=u:r:untrusted_app_27:s0:c224,c256,c512,c768 tcontext=u:object_r:vendor_displayfeature_prop:s0 tclass=file permissive=0 app=io.appium.uiautomator2.server
09-01 14:34:18.106 I/MonitoringInstr(11310): No JSBridge.
09-01 14:34:18.107 E/Perf    (11310): Fail to get file list io.appium.uiautomator2.server
09-01 14:34:18.107 E/Perf    (11310): getFolderSize() : Exception_1 = java.lang.NullPointerException: Attempt to get length of null array
09-01 14:34:18.107 E/Perf    (11310): Fail to get file list io.appium.uiautomator2.server
09-01 14:34:18.108 E/Perf    (11310): getFolderSize() : Exception_1 = java.lang.NullPointerException: Attempt to get length of null array
09-01 14:34:18.108 E/Perf    (11310): Fail to get file list oat
09-01 14:34:18.108 I/MonitoringInstr(11310): Setting context classloader to 'dalvik.system.PathClassLoader[DexPathList[[zip file "/system/framework/android.test.runner.jar", zip file "/system/framework/android.test.mock.jar", zip file "/data/app/io.appium.uiautomator2.server.test-xiUTBeW1tD0RDVGssLKQjw==/base.apk", zip file "/data/app/io.appium.uiautomator2.server-R860u7MKtILXj95_tECd6A==/base.apk"],nativeLibraryDirectories=[/data/app/io.appium.uiautomator2.server.test-xiUTBeW1tD0RDVGssLKQjw==/lib/arm64, /data/app/io.appium.uiautomator2.server-R860u7MKtILXj95_tECd6A==/lib/arm64, /system/lib64, /system/product/lib64]]]', Original: 'dalvik.system.PathClassLoader[DexPathList[[zip file "/system/framework/android.test.runner.jar", zip file "/system/framework/android.test.mock.jar", zip file "/data/app/io.appium.uiautomator2.server.test-xiUTBeW1tD0RDVGssLKQjw==/base.apk", zip file "/data/app/io.appium.uiautomator2.server-R860u7MKtILXj95_tECd6A==/base.apk"],nativeLibraryDirectories=[/data/app/io.appium.uiautomator2.server.test-xiUTBeW1tD0RDVGssLKQjw==/lib/arm64, /data/app/io.appium.uiautomator2.server-R860u7MKtILXj95_tECd6A==/lib/arm64, /system/lib64, /system/product/lib64]]]'
09-01 14:34:18.108 E/Perf    (11310): getFolderSize() : Exception_1 = java.lang.NullPointerException: Attempt to get length of null array
09-01 14:34:18.133 I/UsageTrackerFacilitator(11310): Usage tracking enabled
09-01 14:34:18.140 I/TestRequestBuilder(11310): Scanning classpath to find tests in paths [/data/app/io.appium.uiautomator2.server.test-xiUTBeW1tD0RDVGssLKQjw==/base.apk]
09-01 14:34:18.142 W/tomator2.serve(11310): Opening an oat file without a class loader. Are you using the deprecated DexFile APIs?
09-01 14:34:18.278 D/TestExecutor(11310): Adding listener androidx.test.internal.runner.listener.LogRunListener
09-01 14:34:18.278 D/TestExecutor(11310): Adding listener androidx.test.internal.runner.listener.InstrumentationResultPrinter
09-01 14:34:18.278 D/TestExecutor(11310): Adding listener androidx.test.internal.runner.listener.ActivityFinisherRunListener
09-01 14:34:18.279 I/TestRunner(11310): run started: 1 tests
09-01 14:34:18.281 I/TestRunner(11310): started: startServer(io.appium.uiautomator2.server.test.AppiumUiAutomator2Server)
09-01 14:34:18.283 I/MonitoringInstr(11310): Activities that are still in CREATED to STOPPED: 0
09-01 14:34:18.285 I/appium  (11310): [AppiumUiAutomator2Server] Starting Server
09-01 14:34:18.357 E/adbd    (16935): failed to connect to socket 'tcp:6790': Connection refused
09-01 14:34:18.532 I/chatty  (19843): uid=1002(bluetooth) POSIX timer 7 expire 2 lines
09-01 14:34:18.671 D/PowerKeeperPolicy( 1639): hasAlarmRestrict uid=10099 tag=*walarm*:com.xiaomi.push.PING_TIMER ret=false
09-01 14:34:18.677 D/CompatibilityInfo( 1639): mCompatibilityFlags - 0
09-01 14:34:18.677 D/CompatibilityInfo( 1639): applicationDensity - 440
09-01 14:34:18.677 D/CompatibilityInfo( 1639): applicationScale - 1.0
09-01 14:34:18.680 W/PushService( 5479): 2020-08-31 23:34:18,679 - [WARN::PushService] - [Thread:2] com.xiaomi.xmsf is the package name
09-01 14:34:18.680 W/PushService( 5479): 2020-08-31 23:34:18,680 - [WARN::PushService] - [Thread:2] Ping XMChannelService on timer
09-01 14:34:18.683 I/chatty  (19843): uid=1002(bluetooth) POSIX timer 4 expire 1 line
09-01 14:34:18.685 W/PushService( 5479): 2020-08-31 23:34:18,684 - [WARN::PushService] - [Thread:2] onStart() with intent.Action = com.xiaomi.push.timer, chid = null, pkg = null|null, from-bridge = null
09-01 14:34:18.686 W/PushService( 5479): 2020-08-31 23:34:18,686 - [WARN::PushService] - [Thread:293] JOB: Handle intent action = com.xiaomi.push.timer
09-01 14:34:18.687 W/PushService( 5479): 2020-08-31 23:34:18,687 - [WARN::PushService] - [Thread:293] Service called on timer
09-01 14:34:18.687 W/PushService( 5479): 2020-08-31 23:34:18,687 - [WARN::PushService] - [Thread:293] register alarm. (false)
09-01 14:34:18.691 W/PushService( 5479): 2020-08-31 23:34:18,691 - [WARN::PushService] - [Thread:293] register timer 1598942658671
09-01 14:34:18.692 W/PushService( 5479): 2020-08-31 23:34:18,692 - [WARN::PushService] - [Thread:293] [Slim] SND ping id=0
09-01 14:34:18.694 W/PushService( 5479): 2020-08-31 23:34:18,694 - [WARN::PushService] - [Thread:293] [Slim] Wrote {cmd=PING;chid=0;len=12}
09-01 14:34:18.694 W/PushService( 5479): 2020-08-31 23:34:18,694 - [WARN::PushService] - [Thread:293] [Slim] 11:34:18 PM Sent  Blob [PING,0,0]
09-01 14:34:18.715 W/PushService( 5479): 2020-08-31 23:34:18,715 - [WARN::PushService] - [Thread:658] [Slim] Read {cmd=PING;chid=0;len=8}
09-01 14:34:18.715 W/PushService( 5479): 2020-08-31 23:34:18,715 - [WARN::PushService] - [Thread:658] [Slim] RCV ping id=0
09-01 14:34:18.715 W/PushService( 5479): 2020-08-31 23:34:18,715 - [WARN::PushService] - [Thread:658] [Slim] 11:34:18 PM RCV  Blob [PING,0,0]
09-01 14:34:18.762 I/AudioTrack( 2503): isLongTimeZoreData zoer date time 46 Seconds
09-01 14:34:19.298 I/appium  (11310): AndroidServer created on port 6790
09-01 14:34:19.299 I/appium  (11310): io.appium.uiautomator2.server started:
09-01 14:34:19.340 I/appium  (11310): Started UiAutomator2 io.appium.uiautomator2.http io.appium.uiautomator2.server on port 6790
09-01 14:34:19.366 E/adbd    (16935): failed to connect to socket 'tcp:6790': Connection refused
09-01 14:34:19.385 W/tomator2.serve(11310): Accessing hidden method Lsun/misc/Unsafe;->allocateMemory(J)J (greylist, linking, allowed)
09-01 14:34:19.385 W/tomator2.serve(11310): Accessing hidden method Lsun/misc/Unsafe;->freeMemory(J)V (greylist, linking, allowed)
09-01 14:34:19.385 W/tomator2.serve(11310): Accessing hidden method Lsun/misc/Unsafe;->addressSize()I (greylist, linking, allowed)
09-01 14:34:19.385 W/tomator2.serve(11310): Accessing hidden method Lsun/misc/Unsafe;->arrayBaseOffset(Ljava/lang/Class;)I (greylist,core-platform-api, linking, allowed)
09-01 14:34:19.385 W/tomator2.serve(11310): Accessing hidden method Lsun/misc/Unsafe;->copyMemory(JJJ)V (greylist, linking, allowed)
09-01 14:34:19.385 W/tomator2.serve(11310): Accessing hidden method Lsun/misc/Unsafe;->getByte(J)B (greylist,core-platform-api, linking, allowed)
09-01 14:34:19.386 W/tomator2.serve(11310): Accessing hidden method Lsun/misc/Unsafe;->getByte(Ljava/lang/Object;J)B (greylist,core-platform-api, linking, allowed)
09-01 14:34:19.386 W/tomator2.serve(11310): Accessing hidden method Lsun/misc/Unsafe;->getInt(J)I (greylist, linking, allowed)
09-01 14:34:19.386 W/tomator2.serve(11310): Accessing hidden method Lsun/misc/Unsafe;->getInt(Ljava/lang/Object;J)I (greylist, linking, allowed)
09-01 14:34:19.386 W/tomator2.serve(11310): Accessing hidden method Lsun/misc/Unsafe;->getLong(J)J (greylist,core-platform-api, linking, allowed)
09-01 14:34:19.386 W/tomator2.serve(11310): Accessing hidden method Lsun/misc/Unsafe;->getLong(Ljava/lang/Object;J)J (greylist,core-platform-api, linking, allowed)
09-01 14:34:19.386 W/tomator2.serve(11310): Accessing hidden method Lsun/misc/Unsafe;->getObject(Ljava/lang/Object;J)Ljava/lang/Object; (greylist, linking, allowed)
09-01 14:34:19.386 W/tomator2.serve(11310): Accessing hidden method Lsun/misc/Unsafe;->getObjectVolatile(Ljava/lang/Object;J)Ljava/lang/Object; (greylist, linking, allowed)
09-01 14:34:19.386 W/tomator2.serve(11310): Accessing hidden method Lsun/misc/Unsafe;->getShort(J)S (greylist, linking, allowed)
09-01 14:34:19.386 W/tomator2.serve(11310): Accessing hidden method Lsun/misc/Unsafe;->getShort(Ljava/lang/Object;J)S (greylist, linking, allowed)
09-01 14:34:19.386 W/tomator2.serve(11310): Accessing hidden method Lsun/misc/Unsafe;->objectFieldOffset(Ljava/lang/reflect/Field;)J (greylist,core-platform-api, linking, allowed)
09-01 14:34:19.386 W/tomator2.serve(11310): Accessing hidden method Lsun/misc/Unsafe;->putByte(JB)V (greylist,core-platform-api, linking, allowed)
09-01 14:34:19.386 W/tomator2.serve(11310): Accessing hidden method Lsun/misc/Unsafe;->putByte(Ljava/lang/Object;JB)V (greylist,core-platform-api, linking, allowed)
09-01 14:34:19.386 W/tomator2.serve(11310): Accessing hidden method Lsun/misc/Unsafe;->putInt(JI)V (greylist, linking, allowed)
09-01 14:34:19.386 W/tomator2.serve(11310): Accessing hidden method Lsun/misc/Unsafe;->putInt(Ljava/lang/Object;JI)V (greylist, linking, allowed)
09-01 14:34:19.386 W/tomator2.serve(11310): Accessing hidden method Lsun/misc/Unsafe;->putLong(JJ)V (greylist, linking, allowed)
09-01 14:34:19.386 W/tomator2.serve(11310): Accessing hidden method Lsun/misc/Unsafe;->putLong(Ljava/lang/Object;JJ)V (greylist, linking, allowed)
09-01 14:34:19.386 W/tomator2.serve(11310): Accessing hidden method Lsun/misc/Unsafe;->putOrderedObject(Ljava/lang/Object;JLjava/lang/Object;)V (greylist, linking, allowed)
09-01 14:34:19.386 W/tomator2.serve(11310): Accessing hidden method Lsun/misc/Unsafe;->putShort(JS)V (greylist, linking, allowed)
09-01 14:34:19.386 W/tomator2.serve(11310): Accessing hidden method Lsun/misc/Unsafe;->putShort(Ljava/lang/Object;JS)V (greylist, linking, allowed)
09-01 14:34:19.386 W/tomator2.serve(11310): Accessing hidden method Lsun/misc/Unsafe;->setMemory(JJB)V (greylist, linking, allowed)
09-01 14:34:19.387 W/tomator2.serve(11310): Accessing hidden field Ljava/nio/Buffer;->address:J (greylist, reflection, allowed)
09-01 14:34:19.387 W/tomator2.serve(11310): Accessing hidden field Lsun/misc/Unsafe;->theUnsafe:Lsun/misc/Unsafe; (greylist, reflection, allowed)
09-01 14:34:19.388 W/tomator2.serve(11310): Accessing hidden method Lsun/misc/VM;->maxDirectMemory()J (greylist, reflection, allowed)
09-01 14:34:19.396 W/tomator2.serve(11310): Accessing hidden field Lsun/nio/ch/SelectorImpl;->selectedKeys:Ljava/util/Set; (greylist, reflection, allowed)
09-01 14:34:19.396 W/tomator2.serve(11310): Accessing hidden field Lsun/nio/ch/SelectorImpl;->publicSelectedKeys:Ljava/util/Set; (greylist, reflection, allowed)
09-01 14:34:19.420 W/Thread-4(11310): type=1400 audit(0.0:63998): avc: denied { read } for name="somaxconn" dev="proc" ino=7220655 scontext=u:r:untrusted_app_27:s0:c224,c256,c512,c768 tcontext=u:object_r:proc_net:s0 tclass=file permissive=0 app=io.appium.uiautomator2.server
09-01 14:34:19.778 I/AudioTrack( 2503): isLongTimeZoreData zoer date time 47 Seconds
09-01 14:34:19.868 D/QCNEJ/WlanStaInfoRelay( 2635): Received action: android.net.wifi.RSSI_CHANGED
09-01 14:34:19.876 D/NetworkStateReceiver(22367): sWifiStrengthLevel = 4
09-01 14:34:19.890 D/StackScroller(29730): applyCurrentState
09-01 14:34:20.450 I/appium  (11310): channel read invoked!
09-01 14:34:20.450 I/appium  (11310): channel read: GET /wd/hub/status
09-01 14:34:20.455 I/appium  (11310): AppiumResponse: {"sessionId":"None","value":{"ready":true,"message":"UiAutomator2 Server is ready to accept commands"}}
09-01 14:34:20.489 I/appium  (11310): channel read invoked!
09-01 14:34:20.489 I/appium  (11310): channel read: POST /wd/hub/session
09-01 14:34:20.493 W/tomator2.serve(11310): Accessing hidden field Landroid/app/UiAutomation;->mOnAccessibilityEventListener:Landroid/app/UiAutomation$OnAccessibilityEventListener; (greylist-max-o, reflection, allowed)
09-01 14:34:20.494 I/appium  (11310): Created the new session with SessionID: 7457bba7-67d4-46f6-af19-5e3c40fc69d7
09-01 14:34:20.495 I/appium  (11310): AppiumResponse: {"sessionId":"7457bba7-67d4-46f6-af19-5e3c40fc69d7","value":{"sessionId":"7457bba7-67d4-46f6-af19-5e3c40fc69d7","capabilities":{"firstMatch":[{"platform":"LINUX","webStorageEnabled":false,"takesScreenshot":true,"javascriptEnabled":true,"databaseEnabled":false,"networkConnectionEnabled":true,"loca...
09-01 14:34:20.553 I/appium  (11310): channel read invoked!
09-01 14:34:20.553 I/appium  (11310): channel read: GET /wd/hub/session/7457bba7-67d4-46f6-af19-5e3c40fc69d7/appium/device/info
09-01 14:34:20.554 I/appium  (11310): Get Device Info command
09-01 14:34:20.555 D/OemNetd (  679): setLimit: enable, rate=3227614
09-01 14:34:20.566 W/tomator2.serve(11310): Accessing hidden field Landroid/net/NetworkCapabilities;->mSignalStrength:I (greylist-max-p, reflection, allowed)
09-01 14:34:20.567 W/tomator2.serve(11310): Accessing hidden field Landroid/net/NetworkCapabilities;->mNetworkSpecifier:Landroid/net/NetworkSpecifier; (greylist-max-o, reflection, allowed)
09-01 14:34:20.567 W/tomator2.serve(11310): Accessing hidden field Landroid/net/NetworkCapabilities;->mSSID:Ljava/lang/String; (greylist-max-o, reflection, allowed)
09-01 14:34:20.572 I/appium  (11310): AppiumResponse: {"sessionId":"7457bba7-67d4-46f6-af19-5e3c40fc69d7","value":{"androidId":"189d1757d16bcd28","manufacturer":"Xiaomi","model":"Redmi K20 Pro","brand":"Xiaomi","apiVersion":"29","platformVersion":"10","carrierName":"小米移动","realDisplaySize":"1080x2340","displayDensity":440,"networks":[{"type":1,"type...
09-01 14:34:20.648 D/MessageMonitor( 1639): Dump Looper message took 1ms
09-01 14:34:19.316 V/SettingsProvider( 1639): Notifying for 0: content://settings/secure/accessibility_enabled
09-01 14:34:20.783 I/ActivityManager( 1639): Force stopping com.xiaomi.hm.health appid=10241 user=0: from process:11344
09-01 14:34:20.652 D/MessageMonitor( 1639): Dump Looper message took 1ms
09-01 14:34:20.794 I/AudioTrack( 2503): isLongTimeZoreData zoer date time 48 Seconds
09-01 14:34:20.798 E/PhoneInterfaceManager( 2698): [PhoneIntfMgr] getCarrierPackageNamesForIntent: No UICC
09-01 14:34:20.798 D/CarrierSvcBindHelper( 2698): No carrier app for: 0
09-01 14:34:20.804 D/CarrierSvcBindHelper( 2698): No carrier app for: 1
09-01 14:34:20.825 D/RegisteredServicesCache( 4689):  Reading service state data always from file
09-01 14:34:20.826 D/RegisteredServicesCache( 4689): ServiceStateFileVersion=1.0
09-01 14:34:20.826 E/RegisteredServicesCache( 4689): Next Tag=services
09-01 14:34:20.826 E/RegisteredServicesCache( 4689): 1invalidateCache:WriteServiceStateToFile
09-01 14:34:20.826 E/RegisteredServicesCache( 4689):  Writing service state Data Always
09-01 14:34:20.833 E/RegisteredAidCache( 4689): updateRoutingLocked(): enter...
09-01 14:34:20.833 D/NfcService( 4689): defaultMifareCLTRoute : 315
09-01 14:34:20.833 D/RegisteredAidCache( 4689):  AID power stateB0693789675600247817route0
09-01 14:34:20.834 D/NfcService( 4689): defaultAidRoute : 315
09-01 14:34:20.834 D/NfcService( 4689): GetDefaultRouteLoc  :1
09-01 14:34:20.834 D/NfcService( 4689): defaultAidRoute : 315
09-01 14:34:20.834 D/NfcService( 4689): GetDefaultRouteLoc  :1
09-01 14:34:20.834 E/AidRoutingManager( 4689): Size of routing table970
09-01 14:34:20.834 E/RegisteredAidCache( 4689): updateRoutingLocked(): exit...
09-01 14:34:20.834 D/RegisteredNfcFServicesCache( 4689): Service unchanged, not updating
09-01 14:34:20.898 I/MiuiNetworkPolicy( 1639): bandwidth: 0 KB/s, Max bandwidth: 3727 KB/s
09-01 14:34:21.041 W/ActivityTaskManager( 1639): aInfo is null for resolve intent: Intent { act=android.intent.action.MAIN cat=[android.intent.category.LAUNCHER] flg=0x10200000 cmp=com.xiaomi.hm.health/activity.StartUpActivity }
09-01 14:34:21.041 W/ActivityTaskManagerServiceInjector( 1639): Intent or aInfo is null!
09-01 14:34:21.041 I/ActivityTaskManager( 1639): START u0 {act=android.intent.action.MAIN cat=[android.intent.category.LAUNCHER] flg=0x10200000 cmp=com.xiaomi.hm.health/activity.StartUpActivity} from uid 2000
09-01 14:34:21.045 W/BpBinder(11344): Slow Binder: BpBinder transact took 262ms, interface=android.app.IActivityManager, code=1598246212 oneway=false
09-01 14:34:21.134 I/ActivityManager( 1639): Force stopping com.xiaomi.hm.health appid=10241 user=0: from process:11349
09-01 14:34:21.149 E/PhoneInterfaceManager( 2698): [PhoneIntfMgr] getCarrierPackageNamesForIntent: No UICC
09-01 14:34:21.150 D/CarrierSvcBindHelper( 2698): No carrier app for: 0
09-01 14:34:21.151 D/CarrierSvcBindHelper( 2698): No carrier app for: 1
09-01 14:34:21.160 D/RegisteredServicesCache( 4689):  Reading service state data always from file
09-01 14:34:21.162 D/RegisteredServicesCache( 4689): ServiceStateFileVersion=1.0
09-01 14:34:21.162 E/RegisteredServicesCache( 4689): Next Tag=services
09-01 14:34:21.162 E/RegisteredServicesCache( 4689): 1invalidateCache:WriteServiceStateToFile
09-01 14:34:21.162 E/RegisteredServicesCache( 4689):  Writing service state Data Always
09-01 14:34:21.171 E/RegisteredAidCache( 4689): updateRoutingLocked(): enter...
09-01 14:34:21.172 D/NfcService( 4689): defaultMifareCLTRoute : 315
09-01 14:34:21.172 D/RegisteredAidCache( 4689):  AID power stateB0693789675600247817route0
09-01 14:34:21.172 D/NfcService( 4689): defaultAidRoute : 315
09-01 14:34:21.172 D/NfcService( 4689): GetDefaultRouteLoc  :1
09-01 14:34:21.172 D/NfcService( 4689): defaultAidRoute : 315
09-01 14:34:21.172 D/NfcService( 4689): GetDefaultRouteLoc  :1
09-01 14:34:21.172 E/AidRoutingManager( 4689): Size of routing table970
09-01 14:34:21.172 E/RegisteredAidCache( 4689): updateRoutingLocked(): exit...
09-01 14:34:21.173 D/RegisteredNfcFServicesCache( 4689): Service unchanged, not updating
09-01 14:34:21.391 I/SplashScreenServiceDelegate( 1639): None for com.xiaomi.hm.health
09-01 14:34:21.392 I/ActivityTaskManager( 1639): START u0 {act=android.intent.action.MAIN cat=[android.intent.category.LAUNCHER] flg=0x10200000 cmp=com.xiaomi.hm.health/.activity.StartUpActivity} from uid 2000
09-01 14:34:21.398 E/ANDR-PERF-LM(  809): AdaptLaunchAction:: applyAction() 151: Failed to aquire perflock, handle = -1
09-01 14:34:21.398 E/ANDR-PERF-JNI( 1639): com_qualcomm_qtiperformance_native_perf_io_prefetch_start
09-01 14:34:21.416 D/CompatibilityInfo( 1639): mCompatibilityFlags - 0
09-01 14:34:21.416 D/CompatibilityInfo( 1639): applicationDensity - 440
09-01 14:34:21.416 D/CompatibilityInfo( 1639): applicationScale - 1.0
09-01 14:34:21.417 D/ActivityTrigger( 1639): ActivityTrigger activityPauseTrigger 
09-01 14:34:21.420 D/Launcher.Lifecycle( 7676): onPause:UserHandle{0},93e149d,true
