09-01 14:34:29.139 D/BluetoothLeScanner(11356): onScannerRegistered() - status=0 scannerId=20 mScannerId=0
09-01 14:34:29.140 D/PowerKeeperPolicy( 1639): isLeScanAllowed: uid = 10241, allow = true
09-01 14:34:29.148 I/chatty  ( 8588): uid=1002(bluetooth) BT Service Call expire 128 lines
09-01 14:34:29.150 W/Parcel  ( 5237): **** enforceInterface() expected 'com.miui.gamebooster.service.ISecurityCenterNotificationListener' but read 'android.service.notification.INotificationListener'
09-01 14:34:29.150 W/Binder  ( 5237): Caught a RuntimeException from the binder stub implementation.
09-01 14:34:29.150 W/Binder  ( 5237): java.lang.SecurityException: Binder invocation to an incorrect interface
09-01 14:34:29.150 W/Binder  ( 5237): 	at android.os.Parcel.nativeEnforceInterface(Native Method)
09-01 14:34:29.150 W/Binder  ( 5237): 	at android.os.Parcel.enforceInterface(Parcel.java:626)
09-01 14:34:29.150 W/Binder  ( 5237): 	at com.miui.gamebooster.service.ISecurityCenterNotificationListener$Stub.onTransact(Unknown Source:22)
09-01 14:34:29.150 W/Binder  ( 5237): 	at android.os.Binder.execTransactInternal(Binder.java:1021)
09-01 14:34:29.150 W/Binder  ( 5237): 	at android.os.Binder.execTransact(Binder.java:994)
09-01 14:34:29.151 I/chatty  ( 8588): uid=1002(bluetooth) btu message loo expire 122 lines
09-01 14:34:29.153 D/PowerKeeperPolicy( 1639): startLeScan: BleScanWrapper[mClientIf = 20 mPendingIntent=null] uid=10241
09-01 14:34:29.154 D/PowerKeeperPolicy( 1639): uid = 10241 setAllowed, allowed = true
09-01 14:34:29.154 D/PowerKeeperPolicy( 1639): uid = 10241 setScanning, scanning = true
09-01 14:34:29.154 D/PowerKeeperPolicy( 1639): startLeScan, uid = 10241 is scanning
09-01 14:34:29.155 V/onNotificationPostedCallBack( 5237): flags=98
09-01 14:34:29.156 V/j       ( 5237): ret=0
09-01 14:34:29.156 D/StatusBar(29730): onNotificationPosted key=0|com.xiaomi.hm.health|4|null|10241 isUpdate=true
09-01 14:34:29.157 D/StatusBar(29730): updateNotification old=StatusBarNotification(pkg=com.xiaomi.hm.health user=UserHandle{0} id=4 tag=null key=0|com.xiaomi.hm.health|4|null|10241: Notification(channel=O000Oo0 pri=0 contentView=null vibrate=null sound=null defaults=0x0 flags=0x62 color=0xffff5a00 vis=PRIVATE))
09-01 14:34:29.157 D/StatusBar(29730):     pkgName=com.xiaomi.hm.health appUid=10241 sdk=29 imp=2 sysApp=F priApp=F hasShown=F float=F keyguard=F peek=F fullscreen=F
09-01 14:34:29.157 D/StatusBar(29730):     showMiuiAction=F enableFloat=T enableKeyguard=T floatTime=5000 messageCount=1 persistent=F customHeight=F
09-01 14:34:29.157 D/IMReply:Notif(22367): onNotificationPosted before sbn = 4
09-01 14:34:29.167 V/AsyncHttpResponse(11356): Progress 76 from 76 (100%)
09-01 14:34:29.171 D/StackScroller(29730): applyCurrentState
09-01 14:34:29.178 D/ExpandableNotificationRow(29730): updateBackground
09-01 14:34:29.178 D/StatusBar(29730): No peeking: unimportant notification: 0|com.xiaomi.hm.health|4|null|10241
09-01 14:34:29.178 D/StatusBar(29730): updateHeadsUp wasHeadsUp=false shouldPeek=false alertAgain=true
09-01 14:34:29.188 D/StackScroller(29730): applyCurrentState
09-01 14:34:29.211 D/BluetoothGatt(11356): setCharacteristicNotification() - uuid: 00000003-0000-3512-2118-0009af100700 enable: false
09-01 14:34:29.211 I/chatty  ( 8588): uid=1002(bluetooth) Binder:8588_1 expire 3 lines
09-01 14:34:29.285 I/OpenGLRenderer(11356): Davey! duration=1806ms; Flags=1, IntendedVsync=211633495402392, Vsync=211633528735724, OldestInputEvent=9223372036854775807, NewestInputEvent=0, HandleInputStart=211633542975881, AnimationStart=211633542993069, PerformTraversalsStart=211633542994163, DrawStart=211635285546141, SyncQueued=211635293074266, SyncStart=211635293422756, IssueDrawCommandsStart=211635293598068, SwapBuffers=211635301278693, FrameCompleted=211635302151818, DequeueBufferDuration=80000, QueueBufferDuration=672000, 
09-01 14:34:29.286 W/Looper  (11356): Slow Looper main: Long Msg: seq=467 plan=14:34:27.478  late=47ms wall=1760ms running=1582ms runnable=60ms io=3ms h=android.view.Choreographer$FrameHandler c=android.view.Choreographer$FrameDisplayEventReceiver
09-01 14:34:29.291 I/Timeline( 1639): Timeline: App_transition_ready time:211635308
09-01 14:34:29.296 I/Choreographer(11356): Skipped 106 frames!  The application may be doing too much work on its main thread.
09-01 14:34:29.298 W/Looper  (11356): Slow Looper main: doFrame is 1768ms late because of 22 msg, msg 1 took 1760ms (seq=467 running=1582ms runnable=60ms io=3ms late=47ms h=android.view.Choreographer$FrameHandler c=android.view.Choreographer$FrameDisplayEventReceiver)
09-01 14:34:29.301 D/BluetoothGatt(11356): setCharacteristicNotification() - uuid: 00000003-0000-3512-2118-0009af100700 enable: true
09-01 14:34:29.303 D/[Koin]  (11356): +- get 'com.huami.femalehealth.uilib.O00000o0.O0000Oo'
09-01 14:34:29.303 D/[Koin]  (11356): | create instance for [type:Factory,primary_type:'com.huami.femalehealth.uilib.O00000o0.O0000Oo']
09-01 14:34:29.303 D/[Koin]  (11356): +- get 'com.huami.femalehealth.logiclib.O00000oO.O00oOooO'
09-01 14:34:29.303 D/[Koin]  (11356): +- got 'com.huami.femalehealth.logiclib.O00000oO.O00oOooO' in 0.033906 ms
09-01 14:34:29.303 D/[Koin]  (11356): +- get 'com.huami.femalehealth.logiclib.O0000O0o.O00000o'
09-01 14:34:29.303 D/[Koin]  (11356): | create instance for [type:Factory,primary_type:'com.huami.femalehealth.logiclib.O0000O0o.O00000o']
09-01 14:34:29.303 D/[Koin]  (11356): +- get 'com.huami.femalehealth.logiclib.O00000oO.O0000O0o'
09-01 14:34:29.303 D/[Koin]  (11356): +- got 'com.huami.femalehealth.logiclib.O00000oO.O0000O0o' in 0.007552 ms
09-01 14:34:29.303 D/[Koin]  (11356): +- get 'com.huami.femalehealth.logiclib.O000000o.O00000Oo'
09-01 14:34:29.303 D/[Koin]  (11356): +- got 'com.huami.femalehealth.logiclib.O000000o.O00000Oo' in 0.006979 ms
09-01 14:34:29.303 D/[Koin]  (11356): +- get 'com.huami.femalehealth.logiclib.db.FemaleHealthDb'
09-01 14:34:29.303 D/[Koin]  (11356): +- got 'com.huami.femalehealth.logiclib.db.FemaleHealthDb' in 0.006042 ms
09-01 14:34:29.303 D/[Koin]  (11356): +- get 'com.huami.femalehealth.logiclib.O00000Oo.O00000o'
09-01 14:34:29.303 D/[Koin]  (11356): | create instance for [type:Factory,primary_type:'com.huami.femalehealth.logiclib.O00000Oo.O00000o']
09-01 14:34:29.303 D/[Koin]  (11356): +- get 'com.huami.femalehealth.logiclib.O00000oO.O0000O0o'
09-01 14:34:29.303 D/[Koin]  (11356): +- got 'com.huami.femalehealth.logiclib.O00000oO.O0000O0o' in 0.005729 ms
09-01 14:34:29.303 D/[Koin]  (11356): +- get 'com.huami.femalehealth.logiclib.O000000o.O00000Oo'
09-01 14:34:29.303 D/[Koin]  (11356): +- got 'com.huami.femalehealth.logiclib.O000000o.O00000Oo' in 0.005677 ms
09-01 14:34:29.303 D/[Koin]  (11356): +- get 'com.huami.femalehealth.logiclib.db.FemaleHealthDb'
09-01 14:34:29.303 D/[Koin]  (11356): +- got 'com.huami.femalehealth.logiclib.db.FemaleHealthDb' in 0.007396 ms
09-01 14:34:29.303 D/[Koin]  (11356): +- get 'com.huami.femalehealth.logiclib.O00000Oo.O00000Oo'
09-01 14:34:29.303 D/[Koin]  (11356): +- got 'com.huami.femalehealth.logiclib.O00000Oo.O00000Oo' in 0.010885 ms
09-01 14:34:29.303 D/[Koin]  (11356): +- get 'com.huami.femalehealth.logiclib.O00000oO.O00oOooO'
09-01 14:34:29.303 D/[Koin]  (11356): +- got 'com.huami.femalehealth.logiclib.O00000oO.O00oOooO' in 0.005313 ms
09-01 14:34:29.303 D/[Koin]  (11356): +- got 'com.huami.femalehealth.logiclib.O00000Oo.O00000o' in 0.250937 ms
09-01 14:34:29.303 D/[Koin]  (11356): +- get 'com.huami.femalehealth.logiclib.O00000Oo.O00000o0'
09-01 14:34:29.303 D/[Koin]  (11356): | create instance for [type:Factory,primary_type:'com.huami.femalehealth.logiclib.O00000Oo.O00000o0']
09-01 14:34:29.303 D/[Koin]  (11356): +- got 'com.huami.femalehealth.logiclib.O00000Oo.O00000o0' in 0.033282 ms
09-01 14:34:29.303 D/[Koin]  (11356): +- got 'com.huami.femalehealth.logiclib.O0000O0o.O00000o' in 0.57776 ms
09-01 14:34:29.304 D/[Koin]  (11356): +- got 'com.huami.femalehealth.uilib.O00000o0.O0000Oo' in 1.031979 ms
09-01 14:34:29.304 I/ActivityTaskManager( 1639): Displayed com.xiaomi.hm.health/.activity.MainTabActivity: +2s132ms
09-01 14:34:29.306 V/xiaomi  (11356): [Thread:6397] receive an intent from server, action=com.xiaomi.mipush.RECEIVE_MESSAGE
09-01 14:34:29.308 I/chatty  ( 8588): uid=1002(bluetooth) BT Service Call expire 126 lines
09-01 14:34:29.310 W/memtrack@1.0-se(  787): type=1400 audit(0.0:64012): avc: denied { search } for name="kgsl" dev="sysfs" ino=55624 scontext=u:r:hal_memtrack_default:s0 tcontext=u:object_r:sysfs_kgsl:s0 tclass=dir permissive=0
09-01 14:34:29.310 W/memtrack@1.0-se(  787): type=1400 audit(0.0:64013): avc: denied { search } for name="kgsl" dev="sysfs" ino=55624 scontext=u:r:hal_memtrack_default:s0 tcontext=u:object_r:sysfs_kgsl:s0 tclass=dir permissive=0
09-01 14:34:29.313 I/chatty  ( 8588): uid=1002(bluetooth) btu message loo expire 235 lines
09-01 14:34:29.316 W/DevicePolicyManager( 1639): Package com.tencent.mm (uid=10227, pid=7359) cannot access Device IDs
09-01 14:34:29.316 W/TelephonyPermissions( 2698): reportAccessDeniedToReadIdentifiers:com.tencent.mm:getSubscriberId:isPreinstalled=false:isPrivApp=false
09-01 14:34:29.319 D/NtpTrustedTime( 1639): currentTimeMillis() cache hit
09-01 14:34:29.319 V/xiaomi  (11356): [Thread:6397] processing a message, action=Subscription
09-01 14:34:29.320 I/netd    (  679): trafficSwapActiveStatsMap() <0.60ms>
09-01 14:34:29.324 I/netd    (  679): tetherGetStats() <1.42ms>
09-01 14:34:29.325 V/xiaomi  (11356): [Thread:6397] begin execute onCommandResult, command=subscribe-topic, resultCode=0, reason=null
09-01 14:34:29.374 D/NtpTrustedTime( 1639): currentTimeMillis() cache hit
09-01 14:34:29.378 I/TrafficManageService( 5237): mina mTrafficStatsReceiver onReceive
09-01 14:34:29.418 D/CompatibilityInfo( 1639): mCompatibilityFlags - 0
09-01 14:34:29.418 D/CompatibilityInfo( 1639): applicationDensity - 440
09-01 14:34:29.418 D/CompatibilityInfo( 1639): applicationScale - 1.0
09-01 14:34:29.434 I/appium  (11310): AppiumResponse: {"sessionId":"7457bba7-67d4-46f6-af19-5e3c40fc69d7","value":{"error":"no such element","message":"An element could not be located on the page using the given search parameters","stacktrace":"io.appium.uiautomator2.common.exceptions.ElementNotFoundException: An element could not be located on the ...
09-01 14:34:29.450 W/Settings(11356): Setting android_id has moved from android.provider.Settings.System to android.provider.Settings.Secure, returning read-only value.
09-01 14:34:29.458 W/AsyncHttpResponse(11356): Current thread has not called Looper.prepare().Forcing synchronous mode
09-01 14:34:29.464 E/ResolverController(  679): No valid NAT64 prefix (116, <unspecified>/0)
09-01 14:34:29.476 I/hwservicemanager(  573): getTransport: Cannot find entry vendor.qti.hardware.servicetracker@1.0::IServicetracker/default in either framework or device manifest.
09-01 14:34:29.482 D/BluetoothGatt(11356): setCharacteristicNotification() - uuid: 00000003-0000-3512-2118-0009af100700 enable: false
09-01 14:34:29.485 E/AppInfoUtil(11356): IOException licence.conf1
09-01 14:34:29.487 I/hwservicemanager(  573): getTransport: Cannot find entry vendor.qti.hardware.servicetracker@1.0::IServicetracker/default in either framework or device manifest.
09-01 14:34:29.489 D/CompatibilityInfo( 1639): mCompatibilityFlags - 0
09-01 14:34:29.489 D/CompatibilityInfo( 1639): applicationDensity - 440
09-01 14:34:29.489 D/CompatibilityInfo( 1639): applicationScale - 1.0
09-01 14:34:29.490 I/hwservicemanager(  573): getTransport: Cannot find entry vendor.qti.hardware.servicetracker@1.0::IServicetracker/default in either framework or device manifest.
09-01 14:34:29.495 I/chatty  ( 8588): uid=1002(bluetooth) BT Service Call expire 146 lines
09-01 14:34:29.495 I/MiuiNetworkPolicy( 1639): updateUidState uid = 10072, uidState = 4
09-01 14:34:29.495 D/OemNetd (  679): whiteListUid: uid=10072, wmm=add
09-01 14:34:29.499 I/MiuiNetworkPolicy( 1639): updateMLUid uid:10072,old:20,new:4
09-01 14:34:29.499 I/MiuiNetworkPolicy( 1639): isMLEnabled state:20,uid:10072,connect:DISCONNECTED
09-01 14:34:29.499 I/MiuiNetworkPolicy( 1639): isMLEnabled state:4,uid:10072,connect:DISCONNECTED
09-01 14:34:29.526 E/Event   (11356): Could not dispatch event: class com.xiaomi.hm.health.device.O00000o.O00000o0 to subscribing class class com.xiaomi.hm.health.O0000o0O.O0000o0
09-01 14:34:29.526 E/Event   (11356): java.lang.NullPointerException
09-01 14:34:29.526 E/Event   (11356): 	at java.util.Objects.requireNonNull(Objects.java:203)
09-01 14:34:29.526 E/Event   (11356): 	at com.xiaomi.hm.health.O0000o0O.O0000o0.O0000o00(MineFragment.java:1129)
09-01 14:34:29.526 E/Event   (11356): 	at com.xiaomi.hm.health.O0000o0O.O0000o0.onEventMainThread(MineFragment.java:1097)
09-01 14:34:29.526 E/Event   (11356): 	at java.lang.reflect.Method.invoke(Native Method)
09-01 14:34:29.526 E/Event   (11356): 	at O00000Oo.O000000o.O000000o.O00000o0.O000000o(EventBus.java:498)
09-01 14:34:29.526 E/Event   (11356): 	at O00000Oo.O000000o.O000000o.O00000o0.O000000o(EventBus.java:433)
09-01 14:34:29.526 E/Event   (11356): 	at O00000Oo.O000000o.O000000o.O00000o0.O000000o(EventBus.java:410)
09-01 14:34:29.526 E/Event   (11356): 	at O00000Oo.O000000o.O000000o.O00000o0.O000000o(EventBus.java:383)
09-01 14:34:29.526 E/Event   (11356): 	at O00000Oo.O000000o.O000000o.O00000o0.O00000oO(EventBus.java:263)
09-01 14:34:29.526 E/Event   (11356): 	at com.xiaomi.hm.health.device.O000000o.O00000o0.O000000o(MyBatteryChangedCallback.java:27)
09-01 14:34:29.526 E/Event   (11356): 	at com.xiaomi.hm.health.device.O000000o.O00000o0.onData(MyBatteryChangedCallback.java:17)
09-01 14:34:29.526 E/Event   (11356): 	at com.xiaomi.hm.health.bt.O00000o0.O0000o00$1.handleMessage(HMCallback.java:42)
09-01 14:34:29.526 E/Event   (11356): 	at android.os.Handler.dispatchMessage(Handler.java:107)
09-01 14:34:29.526 E/Event   (11356): 	at android.os.Looper.loop(Looper.java:224)
09-01 14:34:29.526 E/Event   (11356): 	at android.app.ActivityThread.main(ActivityThread.java:7551)
09-01 14:34:29.526 E/Event   (11356): 	at java.lang.reflect.Method.invoke(Native Method)
09-01 14:34:29.526 E/Event   (11356): 	at com.android.internal.os.RuntimeInit$MethodAndArgsCaller.run(RuntimeInit.java:539)
09-01 14:34:29.526 E/Event   (11356): 	at com.android.internal.os.ZygoteInit.main(ZygoteInit.java:950)
09-01 14:34:29.527 D/Event   (11356): No subscribers registered for event class O00000Oo.O000000o.O000000o.O0000o0
09-01 14:34:29.527 D/AppOpsAdapter( 5211): using permission notify! 32
09-01 14:34:29.529 W/AsyncHttpResponse(11356): Current thread has not called Looper.prepare().Forcing synchronous mode
09-01 14:34:29.533 I/BehaviorRecord-Monitor( 5237): com.xiaomi.hm.health , perm: 32 , operation 2 , current size: 1
09-01 14:34:29.540 D/DeviceCenter(11356): user data:UserData{uid='1092412362', age=27, isMetric=true, weight=75.7, height=242, gender=0, avatarUrl='', avatarPath='', name='username3', isChinaUser=true, buyMifiProUrl='https://api-mifit-cn2.huami.com/apps/redirectPages?lang=zh_CN&userId=1092412362&channel=Normal&redirectType=buy&appplatform=android_phone&cv=113651_4.6.0'}
09-01 14:34:29.549 W/AsyncHttpResponse(11356): Current thread has not called Looper.prepare().Forcing synchronous mode
09-01 14:34:29.550 W/AsyncHttpResponse(11356): Current thread has not called Looper.prepare().Forcing synchronous mode
09-01 14:34:29.559 D/BluetoothGatt(11356): setCharacteristicNotification() - uuid: 00000005-0000-3512-2118-0009af100700 enable: true
09-01 14:34:29.559 I/chatty  ( 8588): uid=1002(bluetooth) Binder:8588_1 expire 3 lines
09-01 14:34:29.575 V/AsyncHttpResponse(11356): Progress 155 from 155 (100%)
09-01 14:34:29.576 E/ResolverController(  679): No valid NAT64 prefix (116, <unspecified>/0)
09-01 14:34:29.579 D/BluetoothGatt(11356): setCharacteristicNotification() - uuid: 00000003-0000-3512-2118-0009af100700 enable: true
09-01 14:34:29.600 V/AsyncHttpResponse(11356): Progress 4096 from 4914 (83%)
09-01 14:34:29.601 V/AsyncHttpResponse(11356): Progress 4914 from 4914 (100%)
09-01 14:34:29.601 D/Event   (11356): No subscribers registered for event class com.xiaomi.hm.health.O0000o00.O000O0OO
09-01 14:34:29.601 D/Event   (11356): No subscribers registered for event class O00000Oo.O000000o.O000000o.O0000Oo0
09-01 14:34:29.602 V/AsyncHttpResponse(11356): Progress 1421 from 1421 (100%)
09-01 14:34:29.625 W/System  (11356): A resource failed to call close. 
09-01 14:34:29.673 V/AsyncHttpResponse(11356): Progress 13 from 13 (100%)
09-01 14:34:29.724 I/chatty  ( 8588): uid=1002(bluetooth) BT Service Call expire 126 lines
09-01 14:34:29.736 I/chatty  ( 8588): uid=1002(bluetooth) btu message loo expire 239 lines
09-01 14:34:29.752 D/BluetoothGatt(11356): setCharacteristicNotification() - uuid: 00000003-0000-3512-2118-0009af100700 enable: false
09-01 14:34:29.772 E/ResolverController(  679): No valid NAT64 prefix (116, <unspecified>/0)
09-01 14:34:29.801 I/Timeline( 1639): Timeline: Activity_windows_visible id: ActivityRecord{f4b77df u0 com.xiaomi.hm.health/.activity.MainTabActivity t488} time:211635818
09-01 14:34:29.801 D/EventBus(29730): [29730, u0] send(AppTransitionFinishedEvent)
09-01 14:34:29.802 D/EventBus(29730): [29730, u0]  -> ForcedResizableInfoActivityController [0xc4c1163, P1] onBusEvent(AppTransitionFinishedEvent)
09-01 14:34:29.802 D/EventBus(29730): [29730, u0] onBusEvent(AppTransitionFinishedEvent) duration: 26 microseconds, avg: 37
09-01 14:34:29.802 D/EventBus(29730): [29730, u0] send(AppTransitionFinishedEvent)
09-01 14:34:29.802 D/EventBus(29730): [29730, u0]  -> ForcedResizableInfoActivityController [0xc4c1163, P1] onBusEvent(AppTransitionFinishedEvent)
09-01 14:34:29.802 D/EventBus(29730): [29730, u0] onBusEvent(AppTransitionFinishedEvent) duration: 16 microseconds, avg: 37
09-01 14:34:29.802 D/EventBus(29730): [29730, u0] send(AppTransitionFinishedEvent)
09-01 14:34:29.802 D/EventBus(29730): [29730, u0]  -> ForcedResizableInfoActivityController [0xc4c1163, P1] onBusEvent(AppTransitionFinishedEvent)
09-01 14:34:29.802 D/EventBus(29730): [29730, u0] onBusEvent(AppTransitionFinishedEvent) duration: 10 microseconds, avg: 36
09-01 14:34:29.803 I/Timeline( 1639): Timeline: App_transition_stopped time:211635820
09-01 14:34:29.803 D/MiWallpaper-MarsSuperWallpaper( 2503): Engine onVisibilityChanged, visible: false mIsPreview = false
09-01 14:34:29.822 D/FOD     (  881): Launcher Changed hasLauncher=0
09-01 14:34:29.840 W/iaomi.hm.healt(11356): Long monitor contention with owner HMBaseDevice (11603) at void sun.misc.Unsafe.park(boolean, long)(Unsafe.java:-2) waiters=1 in int com.xiaomi.hm.health.bt.O00000oO.O00000Oo.O000000o(android.bluetooth.BluetoothGatt, android.bluetooth.BluetoothGattCharacteristic) for 326ms
09-01 14:34:29.859 I/chatty  ( 8588): uid=1002(bluetooth) BT Service Call expire 142 lines
09-01 14:34:29.868 I/hwservicemanager(  573): getTransport: Cannot find entry vendor.qti.hardware.servicetracker@1.0::IServicetracker/default in either framework or device manifest.
09-01 14:34:29.872 D/CompatibilityInfo( 1639): mCompatibilityFlags - 0
09-01 14:34:29.872 D/CompatibilityInfo( 1639): applicationDensity - 440
09-01 14:34:29.872 D/CompatibilityInfo( 1639): applicationScale - 1.0
09-01 14:34:29.875 I/hwservicemanager(  573): getTransport: Cannot find entry vendor.qti.hardware.servicetracker@1.0::IServicetracker/default in either framework or device manifest.
09-01 14:34:29.879 I/MiuiNetworkPolicy( 1639): updateUidState uid = 10173, uidState = 4
09-01 14:34:29.879 I/MiuiNetworkPolicy( 1639): updateMLUid uid:10173,old:6,new:4
09-01 14:34:29.879 I/MiuiNetworkPolicy( 1639): isMLEnabled state:6,uid:10173,connect:DISCONNECTED
09-01 14:34:29.879 I/MiuiNetworkPolicy( 1639): isMLEnabled state:4,uid:10173,connect:DISCONNECTED
09-01 14:34:29.905 I/MiuiNetworkPolicy( 1639): bandwidth: 20 KB/s, Max bandwidth: 3727 KB/s
09-01 14:34:29.933 W/iaomi.hm.healt(11356): Long monitor contention with owner HMBaseDevice (11603) at void sun.misc.Unsafe.park(boolean, long)(Unsafe.java:-2) waiters=2 in int com.xiaomi.hm.health.bt.O00000oO.O00000Oo.O000000o(android.bluetooth.BluetoothGatt, android.bluetooth.BluetoothGattDescriptor, byte[]) for 373ms
09-01 14:34:29.933 D/BluetoothGatt(11356): setCharacteristicNotification() - uuid: 00000007-0000-3512-2118-0009af100700 enable: true
09-01 14:34:29.933 I/AudioTrack( 2503): isLongTimeZoreData zoer date time 57 Seconds
09-01 14:34:29.934 I/chatty  ( 8588): uid=1002(bluetooth) Binder:8588_1 expire 2 lines
09-01 14:34:29.946 I/appium  (11310): channel read invoked!
09-01 14:34:29.946 I/appium  (11310): channel read: POST /wd/hub/session/7457bba7-67d4-46f6-af19-5e3c40fc69d7/element
09-01 14:34:29.947 I/appium  (11310): Find element command using '-android uiautomator' with selector 'new UiSelector().text("运动")'.
09-01 14:34:29.947 I/appium  (11310): Waiting up to 10000ms for device to be idle
09-01 14:34:29.986 W/AsyncHttpResponse(11356): Current thread has not called Looper.prepare().Forcing synchronous mode
09-01 14:34:29.989 W/AsyncHttpResponse(11356): Current thread has not called Looper.prepare().Forcing synchronous mode
09-01 14:34:30.020 D/BluetoothGatt(11356): setCharacteristicNotification() - uuid: 00000004-0000-3512-2118-0009af100700 enable: true
09-01 14:34:30.027 D/NtpTrustedTime( 1639): currentTimeMillis() cache hit
09-01 14:34:30.030 D/AppOpsAdapter( 5211): using permission notify! 32
09-01 14:34:30.032 I/netd    (  679): trafficSwapActiveStatsMap() <4.28ms>
09-01 14:34:30.032 D/AssistContentIndex(11356): connected service android.os.BinderProxy@29553dd
09-01 14:34:30.033 V/AsyncHttpResponse(11356): Progress 3859 from 1 (385900%)
09-01 14:34:30.034 I/DataTransmissionService(28909): onTransact callingPkg = com.xiaomi.hm.health callingUid = 10241
09-01 14:34:30.034 I/netd    (  679): tetherGetStats() <0.75ms>
09-01 14:34:30.035 D/AppOpsAdapter( 5211): using permission notify! 32
09-01 14:34:30.036 V/AsyncHttpResponse(11356): Progress 12 from 12 (100%)
09-01 14:34:30.037 I/hwservicemanager(  573): getTransport: Cannot find entry vendor.qti.hardware.servicetracker@1.0::IServicetracker/default in either framework or device manifest.
09-01 14:34:30.037 I/BehaviorRecord-Monitor( 5237): com.xiaomi.hm.health , perm: 32 , operation 3 , current size: 0
09-01 14:34:30.040 I/BehaviorRecord-Monitor( 5237): com.xiaomi.hm.health , perm: 32 , operation 2 , current size: 1
09-01 14:34:30.041 I/chatty  ( 8588): uid=1002(bluetooth) btu message loo expire 146 lines
09-01 14:34:30.041 D/NtpTrustedTime( 1639): currentTimeMillis() cache hit
09-01 14:34:30.042 I/chatty  ( 8588): uid=1002(bluetooth) BT Service Call expire 181 lines
09-01 14:34:30.043 I/TrafficManageService( 5237): mina mTrafficStatsReceiver onReceive
09-01 14:34:30.054 I/DataTransmissionService(28909): reportAssistData from com.xiaomi.hm.health 1 null 1598942070033
09-01 14:34:30.054 I/netd    (  679): bandwidthSetGlobalAlert(131072) <11.53ms>
09-01 14:34:30.056 I/hwservicemanager(  573): getTransport: Cannot find entry vendor.qti.hardware.servicetracker@1.0::IServicetracker/default in either framework or device manifest.
09-01 14:34:30.057 V/AsyncHttpResponse(11356): Progress 7955 from 1 (795500%)
09-01 14:34:30.057 V/AsyncHttpResponse(11356): Progress 12045 from 1 (1204500%)
09-01 14:34:30.057 V/AsyncHttpResponse(11356): Progress 13995 from 1 (1399500%)
09-01 14:34:30.058 V/AsyncHttpResponse(11356): Progress 18091 from 1 (1809100%)
09-01 14:34:30.058 V/AsyncHttpResponse(11356): Progress 19779 from 1 (1977900%)
09-01 14:34:30.058 V/AsyncHttpResponse(11356): Progress 22675 from 1 (2267500%)
09-01 14:34:30.058 I/hwservicemanager(  573): getTransport: Cannot find entry vendor.qti.hardware.servicetracker@1.0::IServicetracker/default in either framework or device manifest.
09-01 14:34:30.059 W/AsyncHttpResponse(11356): Current thread has not called Looper.prepare().Forcing synchronous mode
09-01 14:34:30.064 I/MiuiNetworkPolicy( 1639): updateUidState uid = 10072, uidState = 11
09-01 14:34:30.065 D/OemNetd (  679): whiteListUid: uid=10072, wmm=del
09-01 14:34:30.067 I/MiuiNetworkPolicy( 1639): updateMLUid uid:10072,old:4,new:11
09-01 14:34:30.067 I/MiuiNetworkPolicy( 1639): isMLEnabled state:4,uid:10072,connect:DISCONNECTED
09-01 14:34:30.067 I/MiuiNetworkPolicy( 1639): isMLEnabled state:11,uid:10072,connect:DISCONNECTED
09-01 14:34:30.067 I/MiuiNetworkPolicy( 1639): updateUidState uid = 10072, uidState = 20
09-01 14:34:30.067 I/MiuiNetworkPolicy( 1639): updateMLUid uid:10072,old:11,new:20
09-01 14:34:30.067 I/MiuiNetworkPolicy( 1639): isMLEnabled state:11,uid:10072,connect:DISCONNECTED
09-01 14:34:30.067 I/MiuiNetworkPolicy( 1639): isMLEnabled state:20,uid:10072,connect:DISCONNECTED
09-01 14:34:30.082 V/AsyncHttpResponse(11356): Progress 25949 from 1 (2594900%)
09-01 14:34:30.088 W/AsyncHttpResponse(11356): Current thread has not called Looper.prepare().Forcing synchronous mode
09-01 14:34:30.094 I/Choreographer(11356): Skipped 31 frames!  The application may be doing too much work on its main thread.
09-01 14:34:30.101 D/AppOpsAdapter( 5211): using permission notify! 32
09-01 14:34:30.106 V/AsyncHttpResponse(11356): Progress 12 from 12 (100%)
09-01 14:34:30.109 I/BehaviorRecord-Monitor( 5237): com.xiaomi.hm.health , perm: 32 , operation 3 , current size: 0
09-01 14:34:30.201 I/iaomi.hm.healt(11356): Background concurrent copying GC freed 402053(22MB) AllocSpace objects, 58(1948KB) LOS objects, 49% free, 18MB/36MB, paused 335us total 112.703ms
09-01 14:34:30.277 I/chatty  ( 8588): uid=1002(bluetooth) btu message loo expire 182 lines
09-01 14:34:30.318 W/Looper  (11356): Slow Looper main: doFrame is 527ms late because of 112 msg, msg 1 took 286ms (seq=1031 running=248ms runnable=14ms late=227ms h=android.view.Choreographer$FrameHandler c=android.view.Choreographer$FrameDisplayEventReceiver)
09-01 14:34:30.318 I/O00000o0(11356): connectingLanguageSettingFlowJudge ------------------ true
09-01 14:34:30.318 I/OpenGLRenderer(11356): Davey! duration=750ms; Flags=0, IntendedVsync=211635584887583, Vsync=211636101554229, OldestInputEvent=9223372036854775807, NewestInputEvent=0, HandleInputStart=211636112324370, AnimationStart=211636112344474, PerformTraversalsStart=211636113081401, DrawStart=211636328239162, SyncQueued=211636331148953, SyncStart=211636331544162, IssueDrawCommandsStart=211636331833589, SwapBuffers=211636335096661, FrameCompleted=211636335485932, DequeueBufferDuration=112000, QueueBufferDuration=174000, 
09-01 14:34:30.319 I/O00000o0(11356): {"device_language":-1,"isFollowSystem":true} >>> (HMCallback.java:34) -> handleMessage() | Thread:main
09-01 14:34:30.329 D/BluetoothGatt(11356): setCharacteristicNotification() - uuid: 00000003-0000-3512-2118-0009af100700 enable: true
09-01 14:34:30.330 I/chatty  ( 8588): uid=1002(bluetooth) Binder:8588_6 expire 1 line
09-01 14:34:30.339 W/AsyncHttpResponse(11356): Current thread has not called Looper.prepare().Forcing synchronous mode
09-01 14:34:30.346 I/hwservicemanager(  573): getTransport: Cannot find entry vendor.qti.hardware.servicetracker@1.0::IServicetracker/default in either framework or device manifest.
09-01 14:34:30.348 W/AsyncHttpResponse(11356): Current thread has not called Looper.prepare().Forcing synchronous mode
09-01 14:34:30.357 D/[Koin]  (11356): +- get 'com.huami.stress.domain.O00000oO.O0000O0o'
09-01 14:34:30.357 D/[Koin]  (11356): | create instance for [type:Factory,primary_type:'com.huami.stress.domain.O00000oO.O0000O0o']
09-01 14:34:30.357 D/[Koin]  (11356): +- get 'com.huami.stress.domain.O00000Oo.O000000o'
09-01 14:34:30.357 D/[Koin]  (11356): +- got 'com.huami.stress.domain.O00000Oo.O000000o' in 0.027656 ms
09-01 14:34:30.357 D/[Koin]  (11356): +- get 'com.huami.stress.domain.O00000Oo.O00000Oo'
09-01 14:34:30.357 D/[Koin]  (11356): +- got 'com.huami.stress.domain.O00000Oo.O00000Oo' in 0.007864 ms
09-01 14:34:30.357 D/[Koin]  (11356): +- got 'com.huami.stress.domain.O00000oO.O0000O0o' in 0.515261 ms
09-01 14:34:30.358 W/WakePathChecker( 1639): MIUILOG-AutoStart, Service/Provider/Broadcast Reject userId= 0 caller= com.xiaomi.hm.health callee= com.facebook.katana classname=com.facebook.katana.provider.AttributionIdProvider action=null wakeType=4
09-01 14:34:30.358 E/iaomi.hm.healt(11356): Invalid ID 0x00000000.
09-01 14:34:30.359 W/ResourceLoader(11356): Received invalid resource id: 0
09-01 14:34:30.359 W/ResourceLoader(11356): android.content.res.Resources$NotFoundException: Unable to find resource ID #0x0
09-01 14:34:30.359 W/ResourceLoader(11356): 	at android.content.res.ResourcesImpl.getResourcePackageName(ResourcesImpl.java:286)
09-01 14:34:30.359 W/ResourceLoader(11356): 	at android.content.res.Resources.getResourcePackageName(Resources.java:2116)
09-01 14:34:30.359 W/ResourceLoader(11356): 	at com.O00000o0.O000000o.O00000o.O00000o0.O000OO.O00000Oo(ResourceLoader.java:43)
09-01 14:34:30.359 W/ResourceLoader(11356): 	at com.O00000o0.O000000o.O00000o.O00000o0.O000OO.O000000o(ResourceLoader.java:35)
09-01 14:34:30.359 W/ResourceLoader(11356): 	at com.O00000o0.O000000o.O00000o.O00000o0.O000OO.O000000o(ResourceLoader.java:20)
09-01 14:34:30.359 W/ResourceLoader(11356): 	at com.O00000o0.O000000o.O00000o.O00000Oo.O0000OOo.O0000o0(DecodeHelper.java:210)
09-01 14:34:30.359 W/ResourceLoader(11356): 	at com.O00000o0.O000000o.O00000o.O00000Oo.O0000OOo.O0000o0O(DecodeHelper.java:223)
09-01 14:34:30.359 W/ResourceLoader(11356): 	at com.O00000o0.O000000o.O00000o.O00000Oo.O00000Oo.<init>(DataCacheGenerator.java:34)
09-01 14:34:30.359 W/ResourceLoader(11356): 	at com.O00000o0.O000000o.O00000o.O00000Oo.O0000Oo0.O0000Oo(DecodeJob.java:287)
09-01 14:34:30.359 W/ResourceLoader(11356): 	at com.O00000o0.O000000o.O00000o.O00000Oo.O0000Oo0.O0000Oo0(DecodeJob.java:268)
09-01 14:34:30.359 W/ResourceLoader(11356): 	at com.O00000o0.O000000o.O00000o.O00000Oo.O0000Oo0.run(DecodeJob.java:233)
09-01 14:34:30.359 W/ResourceLoader(11356): 	at java.util.concurrent.ThreadPoolExecutor.runWorker(ThreadPoolExecutor.java:1167)
09-01 14:34:30.359 W/ResourceLoader(11356): 	at java.util.concurrent.ThreadPoolExecutor$Worker.run(ThreadPoolExecutor.java:641)
09-01 14:34:30.359 W/ResourceLoader(11356): 	at java.lang.Thread.run(Thread.java:919)
09-01 14:34:30.359 W/ResourceLoader(11356): 	at com.O00000o0.O000000o.O00000o.O00000Oo.O00000o0.O000000o$O000000o$1.run(GlideExecutor.java:446)
09-01 14:34:30.359 E/iaomi.hm.healt(11356): Invalid ID 0x00000000.
09-01 14:34:30.359 W/ResourceLoader(11356): Received invalid resource id: 0
09-01 14:34:30.359 W/ResourceLoader(11356): android.content.res.Resources$NotFoundException: Unable to find resource ID #0x0
09-01 14:34:30.359 W/ResourceLoader(11356): 	at android.content.res.ResourcesImpl.getResourcePackageName(ResourcesImpl.java:286)
09-01 14:34:30.359 W/ResourceLoader(11356): 	at android.content.res.Resources.getResourcePackageName(Resources.java:2116)
09-01 14:34:30.359 W/ResourceLoader(11356): 	at com.O00000o0.O000000o.O00000o.O00000o0.O000OO.O00000Oo(ResourceLoader.java:43)
09-01 14:34:30.359 W/ResourceLoader(11356): 	at com.O00000o0.O000000o.O00000o.O00000o0.O000OO.O000000o(ResourceLoader.java:35)
09-01 14:34:30.359 W/ResourceLoader(11356): 	at com.O00000o0.O000000o.O00000o.O00000o0.O000OO.O000000o(ResourceLoader.java:20)
09-01 14:34:30.359 W/ResourceLoader(11356): 	at com.O00000o0.O000000o.O00000o.O00000Oo.O0000OOo.O0000o0(DecodeHelper.java:210)
09-01 14:34:30.359 W/ResourceLoader(11356): 	at com.O00000o0.O000000o.O00000o.O00000Oo.O0000OOo.O0000o0O(DecodeHelper.java:223)
09-01 14:34:30.359 W/ResourceLoader(11356): 	at com.O00000o0.O000000o.O00000o.O00000Oo.O00000Oo.<init>(DataCacheGenerator.java:34)
09-01 14:34:30.359 W/ResourceLoader(11356): 	at com.O00000o0.O000000o.O00000o.O00000Oo.O0000Oo0.O0000Oo(DecodeJob.java:287)
09-01 14:34:30.359 W/ResourceLoader(11356): 	at com.O00000o0.O000000o.O00000o.O00000Oo.O0000Oo0.O0000Oo0(DecodeJob.java:268)
09-01 14:34:30.359 W/ResourceLoader(11356): 	at com.O00000o0.O000000o.O00000o.O00000Oo.O0000Oo0.run(DecodeJob.java:233)
09-01 14:34:30.359 W/ResourceLoader(11356): 	at java.util.concurrent.ThreadPoolExecutor.runWorker(ThreadPoolExecutor.java:1167)
09-01 14:34:30.359 W/ResourceLoader(11356): 	at java.util.concurrent.ThreadPoolExecutor$Worker.run(ThreadPoolExecutor.java:641)
09-01 14:34:30.359 W/ResourceLoader(11356): 	at java.lang.Thread.run(Thread.java:919)
09-01 14:34:30.359 W/ResourceLoader(11356): 	at com.O00000o0.O000000o.O00000o.O00000Oo.O00000o0.O000000o$O000000o$1.run(GlideExecutor.java:446)
09-01 14:34:30.359 E/ActivityThread(11356): Failed to find provider info for com.facebook.katana.provider.AttributionIdProvider
09-01 14:34:30.359 E/iaomi.hm.healt(11356): Invalid ID 0x00000000.
09-01 14:34:30.360 W/ResourceLoader(11356): Received invalid resource id: 0
09-01 14:34:30.360 W/ResourceLoader(11356): android.content.res.Resources$NotFoundException: Unable to find resource ID #0x0
09-01 14:34:30.360 W/ResourceLoader(11356): 	at android.content.res.ResourcesImpl.getResourcePackageName(ResourcesImpl.java:286)
09-01 14:34:30.360 W/ResourceLoader(11356): 	at android.content.res.Resources.getResourcePackageName(Resources.java:2116)
09-01 14:34:30.360 W/ResourceLoader(11356): 	at com.O00000o0.O000000o.O00000o.O00000o0.O000OO.O00000Oo(ResourceLoader.java:43)
09-01 14:34:30.360 W/ResourceLoader(11356): 	at com.O00000o0.O000000o.O00000o.O00000o0.O000OO.O000000o(ResourceLoader.java:35)
09-01 14:34:30.360 W/ResourceLoader(11356): 	at com.O00000o0.O000000o.O00000o.O00000o0.O000OO.O000000o(ResourceLoader.java:20)
09-01 14:34:30.360 W/ResourceLoader(11356): 	at com.O00000o0.O000000o.O00000o.O00000Oo.O0000OOo.O0000o0(DecodeHelper.java:210)
09-01 14:34:30.360 W/ResourceLoader(11356): 	at com.O00000o0.O000000o.O00000o.O00000Oo.O0000OOo.O0000o0O(DecodeHelper.java:223)
09-01 14:34:30.360 W/ResourceLoader(11356): 	at com.O00000o0.O000000o.O00000o.O00000Oo.O00000Oo.<init>(DataCacheGenerator.java:34)
09-01 14:34:30.360 W/ResourceLoader(11356): 	at com.O00000o0.O000000o.O00000o.O00000Oo.O0000Oo0.O0000Oo(DecodeJob.java:287)
09-01 14:34:30.360 W/ResourceLoader(11356): 	at com.O00000o0.O000000o.O00000o.O00000Oo.O0000Oo0.O0000Oo0(DecodeJob.java:268)
09-01 14:34:30.360 W/ResourceLoader(11356): 	at com.O00000o0.O000000o.O00000o.O00000Oo.O0000Oo0.run(DecodeJob.java:233)
09-01 14:34:30.360 W/ResourceLoader(11356): 	at java.util.concurrent.ThreadPoolExecutor.runWorker(ThreadPoolExecutor.java:1167)
09-01 14:34:30.360 W/ResourceLoader(11356): 	at java.util.concurrent.ThreadPoolExecutor$Worker.run(ThreadPoolExecutor.java:641)
09-01 14:34:30.360 W/ResourceLoader(11356): 	at java.lang.Thread.run(Thread.java:919)
09-01 14:34:30.360 W/ResourceLoader(11356): 	at com.O00000o0.O000000o.O00000o.O00000Oo.O00000o0.O000000o$O000000o$1.run(GlideExecutor.java:446)
09-01 14:34:30.360 E/iaomi.hm.healt(11356): Invalid ID 0x00000000.
09-01 14:34:30.360 W/ResourceLoader(11356): Received invalid resource id: 0
09-01 14:34:30.360 W/ResourceLoader(11356): android.content.res.Resources$NotFoundException: Unable to find resource ID #0x0
09-01 14:34:30.360 W/ResourceLoader(11356): 	at android.content.res.ResourcesImpl.getResourcePackageName(ResourcesImpl.java:286)
09-01 14:34:30.360 W/ResourceLoader(11356): 	at android.content.res.Resources.getResourcePackageName(Resources.java:2116)
09-01 14:34:30.360 W/ResourceLoader(11356): 	at com.O00000o0.O000000o.O00000o.O00000o0.O000OO.O00000Oo(ResourceLoader.java:43)
09-01 14:34:30.360 W/ResourceLoader(11356): 	at com.O00000o0.O000000o.O00000o.O00000o0.O000OO.O000000o(ResourceLoader.java:35)
09-01 14:34:30.360 W/ResourceLoader(11356): 	at com.O00000o0.O000000o.O00000o.O00000o0.O000OO.O000000o(ResourceLoader.java:20)
09-01 14:34:30.360 W/ResourceLoader(11356): 	at com.O00000o0.O000000o.O00000o.O00000Oo.O0000OOo.O0000o0(DecodeHelper.java:210)
09-01 14:34:30.360 W/ResourceLoader(11356): 	at com.O00000o0.O000000o.O00000o.O00000Oo.O0000OOo.O0000o0O(DecodeHelper.java:223)
09-01 14:34:30.360 W/ResourceLoader(11356): 	at com.O00000o0.O000000o.O00000o.O00000Oo.O00000Oo.<init>(DataCacheGenerator.java:34)
09-01 14:34:30.360 W/ResourceLoader(11356): 	at com.O00000o0.O000000o.O00000o.O00000Oo.O0000Oo0.O0000Oo(DecodeJob.java:287)
09-01 14:34:30.360 W/ResourceLoader(11356): 	at com.O00000o0.O000000o.O00000o.O00000Oo.O0000Oo0.O0000Oo0(DecodeJob.java:268)
09-01 14:34:30.360 W/ResourceLoader(11356): 	at com.O00000o0.O000000o.O00000o.O00000Oo.O0000Oo0.run(DecodeJob.java:233)
09-01 14:34:30.360 W/ResourceLoader(11356): 	at java.util.concurrent.ThreadPoolExecutor.runWorker(ThreadPoolExecutor.java:1167)
09-01 14:34:30.360 W/ResourceLoader(11356): 	at java.util.concurrent.ThreadPoolExecutor$Worker.run(ThreadPoolExecutor.java:641)
09-01 14:34:30.360 W/ResourceLoader(11356): 	at java.lang.Thread.run(Thread.java:919)
09-01 14:34:30.360 W/ResourceLoader(11356): 	at com.O00000o0.O000000o.O00000o.O00000Oo.O00000o0.O000000o$O000000o$1.run(GlideExecutor.java:446)
09-01 14:34:30.361 E/AppInfoUtil(11356): IOException licence.conf1
09-01 14:34:30.363 I/hwservicemanager(  573): getTransport: Cannot find entry vendor.qti.hardware.servicetracker@1.0::IServicetracker/default in either framework or device manifest.
09-01 14:34:30.367 D/CompatibilityInfo( 1639): mCompatibilityFlags - 0
09-01 14:34:30.367 D/CompatibilityInfo( 1639): applicationDensity - 440
09-01 14:34:30.367 D/CompatibilityInfo( 1639): applicationScale - 1.0
09-01 14:34:30.367 I/hwservicemanager(  573): getTransport: Cannot find entry vendor.qti.hardware.servicetracker@1.0::IServicetracker/default in either framework or device manifest.
09-01 14:34:30.370 I/MiuiNetworkPolicy( 1639): updateUidState uid = 10072, uidState = 4
09-01 14:34:30.370 D/OemNetd (  679): whiteListUid: uid=10072, wmm=add
09-01 14:34:30.376 I/MiuiNetworkPolicy( 1639): updateMLUid uid:10072,old:20,new:4
09-01 14:34:30.376 I/MiuiNetworkPolicy( 1639): isMLEnabled state:20,uid:10072,connect:DISCONNECTED
09-01 14:34:30.376 I/MiuiNetworkPolicy( 1639): isMLEnabled state:4,uid:10072,connect:DISCONNECTED
09-01 14:34:30.381 V/bt_stack( 8588): [VERBOSE1:gatt_api.cc(1276)] GATT_GetConnectionInfor conn_id=0x000e
09-01 14:34:30.381 V/bt_stack( 8588): [VERBOSE1:bta_gattc_act.cc(1309)] bta_gattc_cmpl_cback: conn_id:15 op:6 status:142
09-01 14:34:30.381 V/bt_stack( 8588): [VERBOSE1:gatt_api.cc(1276)] GATT_GetConnectionInfor conn_id=0x000f
09-01 14:34:30.381 V/bt_stack( 8588): [VERBOSE1:bta_gattc_act.cc(1309)] bta_gattc_cmpl_cback: conn_id:16 op:6 status:142
09-01 14:34:30.381 V/bt_stack( 8588): [VERBOSE1:gatt_api.cc(1276)] GATT_GetConnectionInfor conn_id=0x0010
09-01 14:34:30.381 V/bt_stack( 8588): [VERBOSE1:bta_gattc_act.cc(1309)] bta_gattc_cmpl_cback: conn_id:17 op:6 status:142
09-01 14:34:30.381 V/bt_stack( 8588): [VERBOSE1:gatt_api.cc(1276)] GATT_GetConnectionInfor conn_id=0x0011
09-01 14:34:30.381 V/bt_stack( 8588): [VERBOSE1:bta_gattc_act.cc(1309)] bta_gattc_cmpl_cback: conn_id:18 op:6 status:142
09-01 14:34:30.381 V/bt_stack( 8588): [VERBOSE1:gatt_api.cc(1276)] GATT_GetConnectionInfor conn_id=0x0012
09-01 14:34:30.381 V/bt_stack( 8588): [VERBOSE1:bta_gattc_act.cc(1309)] bta_gattc_cmpl_cback: conn_id:19 op:6 status:142
09-01 14:34:30.381 V/bt_stack( 8588): [VERBOSE1:gatt_api.cc(1276)] GATT_GetConnectionInfor conn_id=0x0013
09-01 14:34:30.381 V/bt_stack( 8588): [VERBOSE1:bta_gattc_act.cc(1309)] bta_gattc_cmpl_cback: conn_id:20 op:6 status:142
09-01 14:34:30.381 V/bt_stack( 8588): [VERBOSE1:gatt_api.cc(1276)] GATT_GetConnectionInfor conn_id=0x0014
09-01 14:34:30.381 V/bt_stack( 8588): [VERBOSE1:bta_gattc_main.cc(361)] bta_gattc_hdl_event: Event:BTA_GATTC_OP_CMPL_EVT
09-01 14:34:30.381 V/bt_stack( 8588): [VERBOSE1:bta_gattc_main.cc(305)] bta_gattc_sm_execute: State 0x02 [GATTC_CONN_ST], Event 0x1f0f[BTA_GATTC_OP_CMPL_EVT]
09-01 14:34:30.381 V/bt_stack( 8588): [VERBOSE1:bta_gattc_act.cc(936)] bta_gattc_op_cmpl: op:3
09-01 14:34:30.381 V/bt_stack( 8588): [VERBOSE1:bta_gattc_main.cc(341)] bta_gattc_sm_execute: GATTC State Change: 0x02 -> 0x02 after Event 0x1f0f
09-01 14:34:30.383 V/bt_stack( 8588): [VERBOSE1:bta_gattc_main.cc(361)] bta_gattc_hdl_event: Event:BTA_GATTC_API_WRITE_EVT
09-01 14:34:30.383 V/bt_stack( 8588): [VERBOSE1:bta_gattc_main.cc(305)] bta_gattc_sm_execute: State 0x02 [GATTC_CONN_ST], Event 0x1f05[BTA_GATTC_API_WRITE_EVT]
09-01 14:34:30.384 V/bt_stack( 8588): [VERBOSE1:gatt_utils.cc(1191)] gatt_end_operation status=0 op=3 subtype=1
09-01 14:34:30.384 V/bt_stack( 8588): [VERBOSE1:bta_gattc_act.cc(1309)] bta_gattc_cmpl_cback: conn_id:8 op:3 status:0
09-01 14:34:30.384 V/bt_stack( 8588): [VERBOSE1:bta_gattc_main.cc(341)] bta_gattc_sm_execute: GATTC State Change: 0x02 -> 0x02 after Event 0x1f05
09-01 14:34:30.384 V/bt_stack( 8588): [VERBOSE1:btm_ble_gap.cc(1923)] btm_ble_process_ext_adv_pkt: bda=01:f5:30:c0:9b:7a
09-01 14:34:30.384 V/bt_stack( 8588): [VERBOSE1:btm_ble_gap.cc(1847)] btm_ble_process_adv_addr: bda=01:f5:30:c0:9b:7a
09-01 14:34:30.384 V/bt_stack( 8588): [VERBOSE1:bta_gattc_main.cc(361)] bta_gattc_hdl_event: Event:BTA_GATTC_OP_CMPL_EVT
09-01 14:34:30.384 V/bt_stack( 8588): [VERBOSE1:bta_gattc_main.cc(305)] bta_gattc_sm_execute: State 0x02 [GATTC_CONN_ST], Event 0x1f0f[BTA_GATTC_OP_CMPL_EVT]
09-01 14:34:30.384 V/bt_stack( 8588): [VERBOSE1:bta_gattc_act.cc(936)] bta_gattc_op_cmpl: op:3
09-01 14:34:30.384 V/bt_stack( 8588): [VERBOSE1:bta_gattc_main.cc(341)] bta_gattc_sm_execute: GATTC State Change: 0x02 -> 0x02 after Event 0x1f0f
09-01 14:34:30.386 I/hwservicemanager(  573): getTransport: Cannot find entry vendor.qti.hardware.servicetracker@1.0::IServicetracker/default in either framework or device manifest.
09-01 14:34:30.386 D/BluetoothUtils( 8588): blockedByLocationOff callingUid=1002
09-01 14:34:30.387 V/AsyncHttpResponse(11356): Progress 1190 from 1190 (100%)
09-01 14:34:30.388 I/BluetoothUtils( 8588): packagename is android.uid.bluetooth:1002 ,and its permission is false
09-01 14:34:30.388 D/BluetoothUtils( 8588): blockedByLocationOff callingUid=1002
09-01 14:34:30.389 V/bt_stack( 8588): [VERBOSE1:btm_ble_gap.cc(1923)] btm_ble_process_ext_adv_pkt: bda=5d:4a:e1:72:21:47
09-01 14:34:30.389 V/bt_stack( 8588): [VERBOSE1:btm_ble_gap.cc(1847)] btm_ble_process_adv_addr: bda=5d:4a:e1:72:21:47
09-01 14:34:30.389 V/bt_stack( 8588): [VERBOSE1:btm_ble_gap.cc(2052)]  Waiting for scan response 5d:4a:e1:72:21:47
09-01 14:34:30.389 I/BluetoothUtils( 8588): packagename is android.uid.bluetooth:1002 ,and its permission is false
09-01 14:34:30.389 V/bt_stack( 8588): [VERBOSE1:btm_ble_gap.cc(1923)] btm_ble_process_ext_adv_pkt: bda=5d:4a:e1:72:21:47
09-01 14:34:30.389 V/bt_stack( 8588): [VERBOSE1:btm_ble_gap.cc(1847)] btm_ble_process_adv_addr: bda=5d:4a:e1:72:21:47
09-01 14:34:30.389 D/BluetoothUtils( 8588): blockedByLocationOff callingUid=1002
09-01 14:34:30.389 I/BluetoothUtils( 8588): packagename is android.uid.bluetooth:1002 ,and its permission is false
09-01 14:34:30.390 I/hwservicemanager(  573): getTransport: Cannot find entry vendor.qti.hardware.servicetracker@1.0::IServicetracker/default in either framework or device manifest.
09-01 14:34:30.390 D/BluetoothUtils( 8588): blockedByLocationOff callingUid=1002
09-01 14:34:30.390 I/BluetoothUtils( 8588): packagename is android.uid.bluetooth:1002 ,and its permission is false
09-01 14:34:30.391 D/BluetoothUtils( 8588): blockedByLocationOff callingUid=1002
09-01 14:34:30.391 I/BluetoothUtils( 8588): packagename is android.uid.bluetooth:1002 ,and its permission is false
09-01 14:34:30.391 D/BluetoothUtils( 8588): blockedByLocationOff callingUid=1002
09-01 14:34:30.391 I/BluetoothUtils( 8588): packagename is android.uid.bluetooth:1002 ,and its permission is false
09-01 14:34:30.394 I/MiuiNetworkPolicy( 1639): updateUidState uid = 10173, uidState = 6
09-01 14:34:30.394 I/MiuiNetworkPolicy( 1639): updateMLUid uid:10173,old:4,new:6
09-01 14:34:30.394 I/MiuiNetworkPolicy( 1639): isMLEnabled state:4,uid:10173,connect:DISCONNECTED
09-01 14:34:30.394 I/MiuiNetworkPolicy( 1639): isMLEnabled state:6,uid:10173,connect:DISCONNECTED
09-01 14:34:30.394 V/bt_stack( 8588): [VERBOSE1:btm_ble_gap.cc(1923)] btm_ble_process_ext_adv_pkt: bda=17:7e:29:ab:4e:d0
09-01 14:34:30.395 V/bt_stack( 8588): [VERBOSE1:btm_ble_gap.cc(1847)] btm_ble_process_adv_addr: bda=17:7e:29:ab:4e:d0
09-01 14:34:30.396 D/BluetoothUtils( 8588): blockedByLocationOff callingUid=1002
09-01 14:34:30.396 I/BluetoothUtils( 8588): packagename is android.uid.bluetooth:1002 ,and its permission is false
09-01 14:34:30.396 D/BluetoothUtils( 8588): blockedByLocationOff callingUid=1002
09-01 14:34:30.397 I/BluetoothUtils( 8588): packagename is android.uid.bluetooth:1002 ,and its permission is false
09-01 14:34:30.397 D/BluetoothUtils( 8588): blockedByLocationOff callingUid=1002
09-01 14:34:30.397 I/BluetoothUtils( 8588): packagename is android.uid.bluetooth:1002 ,and its permission is false
09-01 14:34:30.399 V/AsyncHttpResponse(11356): Progress 155 from 155 (100%)
09-01 14:34:30.402 D/[Koin]  (11356): +- get 'com.huami.training.O000000o.O000OO0o'
09-01 14:34:30.402 D/[Koin]  (11356): +- got 'com.huami.training.O000000o.O000OO0o' in 0.063386 ms
09-01 14:34:30.402 D/Event   (11356): No subscribers registered for event class com.xiaomi.hm.health.O0000o00.O000O0OO
09-01 14:34:30.402 D/Event   (11356): No subscribers registered for event class O00000Oo.O000000o.O000000o.O0000Oo0
09-01 14:34:30.408 V/bt_stack( 8588): [VERBOSE1:btm_ble_gap.cc(1923)] btm_ble_process_ext_adv_pkt: bda=66:3e:07:e0:2b:d4
09-01 14:34:30.409 V/bt_stack( 8588): [VERBOSE1:btm_ble_gap.cc(1847)] btm_ble_process_adv_addr: bda=66:3e:07:e0:2b:d4
09-01 14:34:30.409 V/bt_stack( 8588): [VERBOSE1:btm_ble_gap.cc(2052)]  Waiting for scan response 66:3e:07:e0:2b:d4
09-01 14:34:30.409 V/bt_stack( 8588): [VERBOSE1:btm_ble_gap.cc(1923)] btm_ble_process_ext_adv_pkt: bda=66:3e:07:e0:2b:d4
09-01 14:34:30.409 V/bt_stack( 8588): [VERBOSE1:btm_ble_gap.cc(1847)] btm_ble_process_adv_addr: bda=66:3e:07:e0:2b:d4
09-01 14:34:30.409 D/BluetoothUtils( 8588): blockedByLocationOff callingUid=1002
09-01 14:34:30.410 I/BluetoothUtils( 8588): packagename is android.uid.bluetooth:1002 ,and its permission is false
09-01 14:34:30.410 D/BluetoothUtils( 8588): blockedByLocationOff callingUid=1002
09-01 14:34:30.410 I/BluetoothUtils( 8588): packagename is android.uid.bluetooth:1002 ,and its permission is false
09-01 14:34:30.410 D/BluetoothUtils( 8588): blockedByLocationOff callingUid=1002
09-01 14:34:30.411 I/BluetoothUtils( 8588): packagename is android.uid.bluetooth:1002 ,and its permission is false
09-01 14:34:30.413 V/bt_stack( 8588): [VERBOSE1:btm_ble_gap.cc(1923)] btm_ble_process_ext_adv_pkt: bda=2d:8f:df:c2:a9:d4
09-01 14:34:30.413 V/bt_stack( 8588): [VERBOSE1:btm_ble_gap.cc(1847)] btm_ble_process_adv_addr: bda=2d:8f:df:c2:a9:d4
09-01 14:34:30.416 D/BluetoothUtils( 8588): blockedByLocationOff callingUid=1002
09-01 14:34:30.416 W/AsyncHttpResponse(11356): Current thread has not called Looper.prepare().Forcing synchronous mode
09-01 14:34:30.416 I/BluetoothUtils( 8588): packagename is android.uid.bluetooth:1002 ,and its permission is false
09-01 14:34:30.417 D/BluetoothUtils( 8588): blockedByLocationOff callingUid=1002
09-01 14:34:30.418 I/BluetoothUtils( 8588): packagename is android.uid.bluetooth:1002 ,and its permission is false
09-01 14:34:30.418 D/BluetoothUtils( 8588): blockedByLocationOff callingUid=1002
09-01 14:34:30.418 I/BluetoothUtils( 8588): packagename is android.uid.bluetooth:1002 ,and its permission is false
09-01 14:34:30.423 V/bt_stack( 8588): [VERBOSE1:gatt_main.cc(1079)] gatt_get_ch_state: ch_state=4
09-01 14:34:30.423 I/bt_stack( 8588): [INFO:gatt_main.cc(912)] gatt_data_process op_code = 27, msg_len = 5
09-01 14:34:30.424 V/bt_stack( 8588): [VERBOSE1:gatt_cl.cc(620)] gatt_process_notification
09-01 14:34:30.424 V/bt_stack( 8588): [VERBOSE1:gatt_auth.cc(364)] gatt_get_link_encrypt_status status=0x8e
09-01 14:34:30.424 V/bt_stack( 8588): [VERBOSE1:bta_gattc_act.cc(1309)] bta_gattc_cmpl_cback: conn_id:3 op:6 status:142
09-01 14:34:30.424 V/bt_stack( 8588): [VERBOSE1:gatt_api.cc(1276)] GATT_GetConnectionInfor conn_id=0x0003
09-01 14:34:30.424 V/bt_stack( 8588): [VERBOSE1:bta_gattc_act.cc(1309)] bta_gattc_cmpl_cback: conn_id:4 op:6 status:142
09-01 14:34:30.424 V/bt_stack( 8588): [VERBOSE1:gatt_api.cc(1276)] GATT_GetConnectionInfor conn_id=0x0004
09-01 14:34:30.424 E/bt_btif ( 8588): bta_gattc_process_indicate, ignore HID ind/notificiation
09-01 14:34:30.424 V/bt_stack( 8588): [VERBOSE1:bta_gattc_act.cc(1309)] bta_gattc_cmpl_cback: conn_id:5 op:6 status:142
09-01 14:34:30.424 V/bt_stack( 8588): [VERBOSE1:gatt_api.cc(1276)] GATT_GetConnectionInfor conn_id=0x0005
09-01 14:34:30.424 V/bt_stack( 8588): [VERBOSE1:bta_gattc_act.cc(1309)] bta_gattc_cmpl_cback: conn_id:6 op:6 status:142
09-01 14:34:30.424 V/bt_stack( 8588): [VERBOSE1:gatt_api.cc(1276)] GATT_GetConnectionInfor conn_id=0x0006
09-01 14:34:30.424 V/bt_stack( 8588): [VERBOSE1:bta_gattc_act.cc(1309)] bta_gattc_cmpl_cback: conn_id:7 op:6 status:142
09-01 14:34:30.424 V/bt_stack( 8588): [VERBOSE1:gatt_api.cc(1276)] GATT_GetConnectionInfor conn_id=0x0007
09-01 14:34:30.424 V/bt_stack( 8588): [VERBOSE1:bta_gattc_act.cc(1309)] bta_gattc_cmpl_cback: conn_id:8 op:6 status:142
09-01 14:34:30.424 V/bt_stack( 8588): [VERBOSE1:gatt_api.cc(1276)] GATT_GetConnectionInfor conn_id=0x0008
09-01 14:34:30.424 V/bt_stack( 8588): [VERBOSE1:bta_gattc_utils.cc(346)] Notification registered!
09-01 14:34:30.424 V/bt_stack( 8588): [VERBOSE1:bta_gattc_act.cc(1212)] bta_gattc_proc_other_indication: check p_data->att_value.handle=62 p_data->handle=0
09-01 14:34:30.424 V/bt_stack( 8588): [VERBOSE1:bta_gattc_act.cc(1216)] is_notify0
09-01 14:34:30.425 V/bt_stack( 8588): [VERBOSE1:bta_gattc_act.cc(1309)] bta_gattc_cmpl_cback: conn_id:9 op:6 status:142
09-01 14:34:30.425 V/bt_stack( 8588): [VERBOSE1:gatt_api.cc(1276)] GATT_GetConnectionInfor conn_id=0x0009
09-01 14:34:30.425 V/bt_stack( 8588): [VERBOSE1:bta_gattc_act.cc(1309)] bta_gattc_cmpl_cback: conn_id:10 op:6 status:142
