09-01 14:34:23.099 D/[Koin]  (11356): +- get 'com.huami.stress.domain.O00000Oo.O000000o'
09-01 14:34:23.099 D/[Koin]  (11356): +- got 'com.huami.stress.domain.O00000Oo.O000000o' in 0.00927 ms
09-01 14:34:23.099 D/[Koin]  (11356): +- got 'com.huami.stress.domain.O00000oO.O000O0OO' in 0.425052 ms
09-01 14:34:23.099 D/[Koin]  (11356): +- get 'com.xiaomi.hm.health.O000O00o'
09-01 14:34:23.099 D/[Koin]  (11356): +- got 'com.xiaomi.hm.health.O000O00o' in 0.013542 ms
09-01 14:34:23.102 W/DevicePolicyManager( 1639): Package com.xiaomi.hm.health (uid=10241, pid=11356) cannot access Device IDs
09-01 14:34:23.102 W/TelephonyPermissions( 1639): reportAccessDeniedToReadIdentifiers:com.xiaomi.hm.health:getSerial:isPreinstalled=false:isPrivApp=false
09-01 14:34:23.104 W/System.err(11356): java.lang.SecurityException: getSerial: The user 10241 does not meet the requirements to access device identifiers.
09-01 14:34:23.104 W/System.err(11356): 	at android.os.Parcel.createException(Parcel.java:2074)
09-01 14:34:23.104 W/System.err(11356): 	at android.os.Parcel.readException(Parcel.java:2042)
09-01 14:34:23.104 W/System.err(11356): 	at android.os.Parcel.readException(Parcel.java:1990)
09-01 14:34:23.104 W/System.err(11356): 	at android.os.IDeviceIdentifiersPolicyService$Stub$Proxy.getSerialForPackage(IDeviceIdentifiersPolicyService.java:159)
09-01 14:34:23.104 W/System.err(11356): 	at android.os.Build.getSerial(Build.java:162)
09-01 14:34:23.104 W/System.err(11356): 	at com.weibo.ssosdk.O00000Oo.O00000o(MfpBuilder.java:532)
09-01 14:34:23.104 W/System.err(11356): 	at com.weibo.ssosdk.O00000Oo.O00000o0(MfpBuilder.java:496)
09-01 14:34:23.104 W/System.err(11356): 	at com.weibo.ssosdk.O00000Oo.O00000oO(MfpBuilder.java:251)
09-01 14:34:23.104 W/System.err(11356): 	at com.weibo.ssosdk.O00000Oo.O00000Oo(MfpBuilder.java:186)
09-01 14:34:23.104 W/System.err(11356): 	at com.weibo.ssosdk.WeiboSsoSdk.O000000o(WeiboSsoSdk.java:273)
09-01 14:34:23.104 W/System.err(11356): 	at com.weibo.ssosdk.WeiboSsoSdk.O000000o(WeiboSsoSdk.java:22)
09-01 14:34:23.104 W/System.err(11356): 	at com.weibo.ssosdk.WeiboSsoSdk$5.run(WeiboSsoSdk.java:352)
09-01 14:34:23.104 W/System.err(11356): 	at java.lang.Thread.run(Thread.java:919)
09-01 14:34:23.105 W/System.err(11356): Caused by: android.os.RemoteException: Remote stack trace:
09-01 14:34:23.105 W/System.err(11356): 	at com.android.internal.telephony.TelephonyPermissions.reportAccessDeniedToReadIdentifiers(TelephonyPermissions.java:421)
09-01 14:34:23.105 W/System.err(11356): 	at com.android.internal.telephony.TelephonyPermissions.checkReadDeviceIdentifiers(TelephonyPermissions.java:353)
09-01 14:34:23.105 W/System.err(11356): 	at com.android.internal.telephony.TelephonyPermissions.checkCallingOrSelfReadDeviceIdentifiers(TelephonyPermissions.java:278)
09-01 14:34:23.105 W/System.err(11356): 	at com.android.internal.telephony.TelephonyPermissions.checkCallingOrSelfReadDeviceIdentifiers(TelephonyPermissions.java:255)
09-01 14:34:23.105 W/System.err(11356): 	at com.android.server.os.DeviceIdentifiersPolicyService$DeviceIdentifiersPolicy.getSerialForPackage(DeviceIdentifiersPolicyService.java:67)
09-01 14:34:23.111 W/AsyncHttpResponse(11356): Current thread has not called Looper.prepare().Forcing synchronous mode
09-01 14:34:23.116 D/Event   (11356): No subscribers registered for event class com.xiaomi.hm.health.O0000o00.O0000O0o
09-01 14:34:23.116 D/Event   (11356): No subscribers registered for event class O00000Oo.O000000o.O000000o.O0000Oo0
09-01 14:34:23.118 D/BluetoothAdapter(11356): startLeScan(): null
09-01 14:34:23.119 D/BluetoothAdapter(11356): isLeEnabled(): ON
09-01 14:34:23.120 D/ssosdk  (11356): 1: 
09-01 14:34:23.120 D/ssosdk  (11356): lo
09-01 14:34:23.120 D/ssosdk  (11356): 00:00:00:00:00:00
09-01 14:34:23.120 D/ssosdk  (11356): 2: 
09-01 14:34:23.120 D/ssosdk  (11356): bond0
09-01 14:34:23.120 D/ssosdk  (11356): fe:32:e4:fa:c1:a1
09-01 14:34:23.120 D/ssosdk  (11356): 3: 
09-01 14:34:23.120 D/ssosdk  (11356): dummy0
09-01 14:34:23.120 D/ssosdk  (11356): 6e:24:06:e2:42:9f
09-01 14:34:23.120 D/ssosdk  (11356): 4: 
09-01 14:34:23.120 D/ssosdk  (11356): ip_vti0
09-01 14:34:23.120 D/ssosdk  (11356): 0.0.0.0
09-01 14:34:23.120 D/ssosdk  (11356): 5: 
09-01 14:34:23.120 D/ssosdk  (11356): ip6_vti0
09-01 14:34:23.120 D/ssosdk  (11356): ::
09-01 14:34:23.120 D/ssosdk  (11356): 6: 
09-01 14:34:23.120 D/ssosdk  (11356): sit0
09-01 14:34:23.120 D/ssosdk  (11356): 0.0.0.0
09-01 14:34:23.120 D/ssosdk  (11356): 7: 
09-01 14:34:23.120 D/ssosdk  (11356): ip6tnl0
09-01 14:34:23.120 D/ssosdk  (11356): ::
09-01 14:34:23.120 D/ssosdk  (11356): 8: 
09-01 14:34:23.120 D/ssosdk  (11356): rmnet_ipa0
09-01 14:34:23.120 D/ssosdk  (11356): 10: 
09-01 14:34:23.120 D/ssosdk  (11356): rmnet_data0
09-01 14:34:23.120 D/ssosdk  (11356): 11: 
09-01 14:34:23.120 D/ssosdk  (11356): rmnet_data1
09-01 14:34:23.120 D/ssosdk  (11356): 12: 
09-01 14:34:23.120 D/ssosdk  (11356): rmnet_data2
09-01 14:34:23.120 D/ssosdk  (11356): 13: 
09-01 14:34:23.120 D/ssosdk  (11356): rmnet_data3
09-01 14:34:23.120 D/ssosdk  (11356): 14: 
09-01 14:34:23.120 D/ssosdk  (11356): rmnet_data4
09-01 14:34:23.120 D/ssosdk  (11356): 15: 
09-01 14:34:23.120 D/ssosdk  (11356): rmnet_data5
09-01 14:34:23.120 D/ssosdk  (11356): 16: 
09-01 14:34:23.120 D/ssosdk  (11356): rmnet_data6
09-01 14:34:23.120 D/ssosdk  (11356): 17: 
09-01 14:34:23.120 D/ssosdk  (11356): rmnet_data7
09-01 14:34:23.120 D/ssosdk  (11356): 18: 
09-01 14:34:23.120 D/ssosdk  (11356): rmnet_data8
09-01 14:34:23.120 D/ssosdk  (11356): 19: 
09-01 14:34:23.120 D/ssosdk  (11356): rmnet_data9
09-01 14:34:23.120 D/ssosdk  (11356): 20: 
09-01 14:34:23.120 D/ssosdk  (11356): rmnet_data10
09-01 14:34:23.120 D/ssosdk  (11356): 21: 
09-01 14:34:23.120 D/ssosdk  (11356): r_rmnet_data0
09-01 14:34:23.120 D/ssosdk  (11356): 22: 
09-01 14:34:23.120 D/ssosdk  (11356): r_rmnet_data1
09-01 14:34:23.120 D/ssosdk  (11356): 23: 
09-01 14:34:23.120 D/ssosdk  (11356): r_rmnet_data2
09-01 14:34:23.120 D/ssosdk  (11356): 24: 
09-01 14:34:23.120 D/ssosdk  (11356): r_rmnet_data3
09-01 14:34:23.120 D/ssosdk  (11356): 25: 
09-01 14:34:23.120 D/ssosdk  (11356): r_rmnet_data4
09-01 14:34:23.120 D/ssosdk  (11356): 26: 
09-01 14:34:23.120 D/ssosdk  (11356): r_rmnet_data5
09-01 14:34:23.120 D/ssosdk  (11356): 27: 
09-01 14:34:23.120 D/ssosdk  (11356): r_rmnet_data6
09-01 14:34:23.120 D/ssosdk  (11356): 28: 
09-01 14:34:23.120 D/ssosdk  (11356): r_rmnet_data7
09-01 14:34:23.120 D/ssosdk  (11356): 29: 
09-01 14:34:23.120 D/ssosdk  (11356): r_rmnet_data8
09-01 14:34:23.120 D/ssosdk  (11356): 30: 
09-01 14:34:23.120 D/ssosdk  (11356): wlan0
09-01 14:34:23.120 D/ssosdk  (11356): e0:dc:ff:d6:c8:3f
09-01 14:34:23.120 D/ssosdk  (11356): 31: 
09-01 14:34:23.120 D/ssosdk  (11356): wlan1
09-01 14:34:23.120 D/ssosdk  (11356): e0:dc:ff:5b:c8:3f
09-01 14:34:23.120 D/ssosdk  (11356): 32: 
09-01 14:34:23.120 D/ssosdk  (11356): p2p0
09-01 14:34:23.120 D/ssosdk  (11356): e2:dc:ff:5c:c8:3f
09-01 14:34:23.120 E/libc    (11356): Access denied finding property "ro.serialno"
09-01 14:34:23.120 D/ssosdk  (11356): build_post_msg() succ: data=SB%2BY1XDZVYrnM0Idp77tHea5eQFuOJ3LZ8iEAbNqwluG%2FRZEenjn4b8CPo4n%2FIpT6v%2BcSebH%0AF3OgVYk%2Bs1gCVGJQL4j6PwJBLcSmRdewY%2BPhamdJ2gNeZVoNH%2FwjST8AR4nO91Tj9BMVERKC%0AtuvIMdkXWwsmL6RFUXMWMKaZKRfHL66Psf4O6fGkVudLUJijl78BeWCC8x8q9X30%2FNoFE95S%0AgJTkD%2BfEgMaLvu2VNLSuXvf5LzpfE7xcBH%2FXBD18WK7Bdzso3EjJ8bjp9kyHRTXy%2BQ7J9%2ByM%0Ack%2F4wHIuSSHthpxEGh9sSyVz2WJVo5fFdZJ7aow9lvqFkIaoa%2FGR47KfO77f6HMI2Kn1ZKpK%0Ao6TLCMfVHiiHNSJ0OhnICI%2F96wkqXYZR5UzMsYvTPGQsj7fBa%2FrMEbzZvQHBpTDuttSqaPO7%0AWoHWHf50F62gUlu68KUmyWeiU8z2fB%2FbU282eMEceRgkzdR3t4PTAUDJxQMJddRcuqShy%2FYZ%0AArnBzf%2FN%2F%2BThxcuRtXRqRh3IdfbvaA22o4t00TXuoX5Jd6Wu1TvJBJ3xmU2GOSAf4dR7XPef%0AXSKlP44HQGaSQl0Je5JPWW%2FQmBRmV4Oitckx6mYljLILztQVlqg8HF%2BezeQaZgMoLsUk53Yb%0ASm7%2FMD%2F06qFEZJp00JU884Aavuw2IXK81JCakB8uR4flQ3YKTyqr9L1R5%2FhgX8RlB52Lp4JA%0AQyJe%2BVEJLad9l%2BKt5a2rCCcry%2BK83Hco65dsaEOf3KPYYJgkT8iZR1kdYWKzdDfLC8DSMwWc%0AkqhoI7GWLn8OFuaIpH5Nof4VqiExzuDCKvGfJGCvYZy%2FiEL%2B6D9GEu3uKkNEdRMSiBLESNXZ%0AZ6p5X8%2FQlgVd%2Fin9ID%2FHWbaSeLF
09-01 14:34:23.122 E/ResolverController(  679): No valid NAT64 prefix (116, <unspecified>/0)
09-01 14:34:23.122 D/BluetoothLeScanner(11356): onScannerRegistered() - status=0 scannerId=20 mScannerId=0
09-01 14:34:23.125 D/PowerKeeperPolicy( 1639): isLeScanAllowed: uid = 10241, allow = true
09-01 14:34:23.129 D/PowerKeeperPolicy( 1639): startLeScan: BleScanWrapper[mClientIf = 20 mPendingIntent=null] uid=10241
09-01 14:34:23.129 D/PowerKeeperPolicy( 1639): uid = 10241 setAllowed, allowed = true
09-01 14:34:23.129 D/PowerKeeperPolicy( 1639): uid = 10241 setScanning, scanning = true
09-01 14:34:23.130 D/PowerKeeperPolicy( 1639): startLeScan, uid = 10241 is scanning
09-01 14:34:23.133 E/ResolverController(  679): No valid NAT64 prefix (116, <unspecified>/0)
09-01 14:34:23.133 E/ResolverController(  679): No valid NAT64 prefix (116, <unspecified>/0)
09-01 14:34:23.151 W/AsyncHttpResponse(11356): Current thread has not called Looper.prepare().Forcing synchronous mode
09-01 14:34:23.164 W/AsyncHttpResponse(11356): Current thread has not called Looper.prepare().Forcing synchronous mode
09-01 14:34:23.165 W/Looper  (11356): Slow Looper main: Activity com.xiaomi.hm.health/.activity.StartUpActivity is 1472ms late (wall=220ms running=190ms ClientTransaction{ callbacks=[android.app.servertransaction.LaunchActivityItem] lifecycleRequest=android.app.servertransaction.ResumeActivityItem }) because of 2 msg, msg 2 took 1466ms (seq=2 running=1130ms runnable=31ms io=2ms late=6ms h=android.app.ActivityThread$H w=110)
09-01 14:34:23.165 W/Looper  (11356): Slow Looper main: Activity com.xiaomi.hm.health/.activity.StartUpActivity is 1693ms late (wall=0ms running=0ms ClientTransaction{ callbacks=[android.app.servertransaction.TopResumedActivityChangeItem] }) because of 3 msg, msg 2 took 1466ms (seq=2 running=1130ms runnable=31ms io=2ms late=6ms h=android.app.ActivityThread$H w=110), msg 3 took 220ms (seq=3 running=190ms runnable=13ms late=1472ms h=android.app.ActivityThread$H w=159)
09-01 14:34:23.166 D/RecentsImpl( 7676): mActivityStateObserver com.xiaomi.hm.health.activity.StartUpActivity
09-01 14:34:23.168 V/AsyncHttpResponse(11356): Progress 3 from 3 (100%)
09-01 14:34:23.176 W/System.err(11356): java.lang.Exception: visitor login failed
09-01 14:34:23.176 W/System.err(11356): 	at com.weibo.ssosdk.WeiboSsoSdk.O00000o0(WeiboSsoSdk.java:363)
09-01 14:34:23.176 W/System.err(11356): 	at com.sina.weibo.sdk.sso.WeiboSsoManager.initAid(WeiboSsoManager.java:42)
09-01 14:34:23.176 W/System.err(11356): 	at com.sina.weibo.sdk.sso.WeiboSsoManager.init(WeiboSsoManager.java:37)
09-01 14:34:23.176 W/System.err(11356): 	at com.sina.weibo.sdk.WbSdk.install(WbSdk.java:33)
09-01 14:34:23.176 W/System.err(11356): 	at com.xiaomi.hm.health.thirdbind.weibo.O0000o00.O0000OOo(WeiboHealthManager.java:66)
09-01 14:34:23.176 W/System.err(11356): 	at com.xiaomi.hm.health.thirdbind.weibo.O0000o00.lambda$r2nmmGVVG8XJLLJhw5-DZnsP8Rs(Unknown Source:0)
09-01 14:34:23.176 W/System.err(11356): 	at com.xiaomi.hm.health.thirdbind.weibo.-$$Lambda$O0000o00$r2nmmGVVG8XJLLJhw5-DZnsP8Rs.run(Unknown Source:2)
09-01 14:34:23.176 W/System.err(11356): 	at java.util.concurrent.ThreadPoolExecutor.runWorker(ThreadPoolExecutor.java:1167)
09-01 14:34:23.176 W/System.err(11356): 	at java.util.concurrent.ThreadPoolExecutor$Worker.run(ThreadPoolExecutor.java:641)
09-01 14:34:23.176 W/System.err(11356): 	at java.lang.Thread.run(Thread.java:919)
09-01 14:34:23.185 V/AsyncHttpResponse(11356): Progress 3 from 3 (100%)
09-01 14:34:23.222 D/Event   (11356): No subscribers registered for event class com.xiaomi.hm.health.O0000o00.O00O00o
09-01 14:34:23.222 D/Event   (11356): No subscribers registered for event class O00000Oo.O000000o.O000000o.O0000Oo0
09-01 14:34:23.230 I/Timeline( 1639): Timeline: App_transition_ready time:211629247
09-01 14:34:23.231 I/Timeline( 1639): Timeline: App_transition_ready time:211629247
09-01 14:34:23.231 D/WindowManager( 1639): Input focus has changed to Window{5c7d496 u0 com.xiaomi.hm.health/com.xiaomi.hm.health.activity.StartUpActivity}
09-01 14:34:23.232 I/AdrenoGLES(11356): QUALCOMM build                   : e0436c5, Ib165d46056
09-01 14:34:23.232 I/AdrenoGLES(11356): Build Date                       : 09/10/19
09-01 14:34:23.232 I/AdrenoGLES(11356): OpenGL ES Shader Compiler Version: EV031.27.05.01
09-01 14:34:23.232 I/AdrenoGLES(11356): Local Branch                     : 
09-01 14:34:23.232 I/AdrenoGLES(11356): Remote Branch                    : quic/gfx-adreno.lnx.1.0.r74-rel
09-01 14:34:23.232 I/AdrenoGLES(11356): Remote Branch                    : NONE
09-01 14:34:23.232 I/AdrenoGLES(11356): Reconstruct Branch               : NOTHING
09-01 14:34:23.232 I/AdrenoGLES(11356): Build Config                     : S P 8.0.11 AArch64
09-01 14:34:23.235 I/AdrenoGLES(11356): PFP: 0x016ee187, ME: 0x00000000
09-01 14:34:23.236 W/AdrenoUtils(11356): <ReadGpuID_from_sysfs:194>: Failed to open /sys/class/kgsl/kgsl-3d0/gpu_model
09-01 14:34:23.236 W/AdrenoUtils(11356): <ReadGpuID:218>: Failed to read chip ID from gpu_model. Fallback to use the GSL path
09-01 14:34:23.250 I/hwservicemanager(  573): getTransport: Cannot find entry android.hardware.graphics.mapper@3.0::IMapper/default in either framework or device manifest.
09-01 14:34:23.250 W/Gralloc3(11356): mapper 3.x is not supported
09-01 14:34:23.264 I/Timeline( 1639): Timeline: App_transition_ready time:211629281
09-01 14:34:23.267 W/BpBinder(11349): Slow Binder: BpBinder transact took 2134ms, interface=android.app.IActivityManager, code=1598246212 oneway=false
09-01 14:34:23.267 D/StatusBar(29730): disable<e i a s b h r c s > disable2<q i n g r >
09-01 14:34:23.270 D/PhoneStatusBar/NavigationBarView(29730): setDisabledFlags back:false home:false recent:false
09-01 14:34:23.271 D/StatusBarClock(29730):  isNormalMode= true clock visible=true
09-01 14:34:23.271 I/ActivityTaskManager( 1639): Displayed com.xiaomi.hm.health/.activity.StartUpActivity: +1s873ms
09-01 14:34:23.275 V/AsyncHttpResponse(11356): Progress 76 from 76 (100%)
09-01 14:34:23.279 V/AsyncHttpResponse(11356): Progress 3 from 3 (100%)
09-01 14:34:23.283 D/PhoneStatusBar/NavigationBarView(29730): onDraw
09-01 14:34:23.284 I/appium  (11310): channel read invoked!
09-01 14:34:23.284 I/appium  (11310): channel read: GET /wd/hub/session/7457bba7-67d4-46f6-af19-5e3c40fc69d7/appium/device/pixel_ratio
09-01 14:34:23.285 I/appium  (11310): Get device pixel ratio
09-01 14:34:23.286 I/appium  (11310): AppiumResponse: {"sessionId":"7457bba7-67d4-46f6-af19-5e3c40fc69d7","value":2.75}
09-01 14:34:23.286 V/AsyncHttpResponse(11356): Progress 50 from 50 (100%)
09-01 14:34:23.291 I/appium  (11310): channel read invoked!
09-01 14:34:23.291 I/appium  (11310): channel read: GET /wd/hub/session/7457bba7-67d4-46f6-af19-5e3c40fc69d7/appium/device/system_bars
09-01 14:34:23.291 I/appium  (11310): Get status bar height of the device
09-01 14:34:23.292 I/appium  (11310): AppiumResponse: {"sessionId":"7457bba7-67d4-46f6-af19-5e3c40fc69d7","value":{"statusBar":96}}
09-01 14:34:23.293 D/AudioManager(11356): getStreamVolume isRestricted mode = 0
09-01 14:34:23.294 W/Parcel  ( 5237): **** enforceInterface() expected 'com.miui.gamebooster.service.ISecurityCenterNotificationListener' but read 'android.service.notification.INotificationListener'
09-01 14:34:23.294 I/DeviceCenter(11356): onServiceConnected
09-01 14:34:23.294 W/Binder  ( 5237): Caught a RuntimeException from the binder stub implementation.
09-01 14:34:23.294 W/Binder  ( 5237): java.lang.SecurityException: Binder invocation to an incorrect interface
09-01 14:34:23.294 W/Binder  ( 5237): 	at android.os.Parcel.nativeEnforceInterface(Native Method)
09-01 14:34:23.294 W/Binder  ( 5237): 	at android.os.Parcel.enforceInterface(Parcel.java:626)
09-01 14:34:23.294 W/Binder  ( 5237): 	at com.miui.gamebooster.service.ISecurityCenterNotificationListener$Stub.onTransact(Unknown Source:22)
09-01 14:34:23.294 W/Binder  ( 5237): 	at android.os.Binder.execTransactInternal(Binder.java:1021)
09-01 14:34:23.294 W/Binder  ( 5237): 	at android.os.Binder.execTransact(Binder.java:994)
09-01 14:34:23.294 I/DeviceCenter(11356): onServiceConnected....out
09-01 14:34:23.296 I/appium  (11310): channel read invoked!
09-01 14:34:23.297 I/appium  (11310): channel read: GET /wd/hub/session/7457bba7-67d4-46f6-af19-5e3c40fc69d7/window/current/size
09-01 14:34:23.297 I/appium  (11310): Get window size of the device
09-01 14:34:23.298 I/appium  (11310): AppiumResponse: {"sessionId":"7457bba7-67d4-46f6-af19-5e3c40fc69d7","value":{"height":2210,"width":1080}}
09-01 14:34:23.301 W/Parcel  ( 5237): **** enforceInterface() expected 'com.miui.gamebooster.service.ISecurityCenterNotificationListener' but read 'android.service.notification.INotificationListener'
09-01 14:34:23.302 W/Binder  ( 5237): Caught a RuntimeException from the binder stub implementation.
09-01 14:34:23.302 W/Binder  ( 5237): java.lang.SecurityException: Binder invocation to an incorrect interface
09-01 14:34:23.302 W/Binder  ( 5237): 	at android.os.Parcel.nativeEnforceInterface(Native Method)
09-01 14:34:23.302 W/Binder  ( 5237): 	at android.os.Parcel.enforceInterface(Parcel.java:626)
09-01 14:34:23.302 W/Binder  ( 5237): 	at com.miui.gamebooster.service.ISecurityCenterNotificationListener$Stub.onTransact(Unknown Source:22)
09-01 14:34:23.302 W/Binder  ( 5237): 	at android.os.Binder.execTransactInternal(Binder.java:1021)
09-01 14:34:23.302 W/Binder  ( 5237): 	at android.os.Binder.execTransact(Binder.java:994)
09-01 14:34:23.305 D/IMReply:Notif(22367): onNotificationPosted before sbn = 4
09-01 14:34:23.305 I/hwservicemanager(  573): getTransport: Cannot find entry vendor.qti.hardware.servicetracker@1.0::IServicetracker/default in either framework or device manifest.
09-01 14:34:23.306 V/onNotificationPostedCallBack( 5237): flags=98
09-01 14:34:23.306 D/StatusBar(29730): onNotificationPosted key=0|com.xiaomi.hm.health|4|null|10241 isUpdate=false
09-01 14:34:23.306 V/j       ( 5237): ret=0
09-01 14:34:23.307 D/CompatibilityInfo( 1639): mCompatibilityFlags - 0
09-01 14:34:23.307 D/CompatibilityInfo( 1639): applicationDensity - 440
09-01 14:34:23.307 D/CompatibilityInfo( 1639): applicationScale - 1.0
09-01 14:34:23.308 I/hwservicemanager(  573): getTransport: Cannot find entry vendor.qti.hardware.servicetracker@1.0::IServicetracker/default in either framework or device manifest.
09-01 14:34:23.310 V/onNotificationPostedCallBack( 5237): flags=98
09-01 14:34:23.311 V/j       ( 5237): ret=0
09-01 14:34:23.312 D/IMReply:Notif(22367): onNotificationPosted before sbn = 4
09-01 14:34:23.320 D/StatusBar(29730): No peeking: unimportant notification: 0|com.xiaomi.hm.health|4|null|10241
09-01 14:34:23.320 D/StatusBar(29730): onNotificationPosted key=0|com.xiaomi.hm.health|4|null|10241 isUpdate=false
09-01 14:34:23.322 I/SplashScreenServiceDelegate( 1639): None for com.xiaomi.hm.health
09-01 14:34:23.324 D/ExpandableNotificationRow(29730): updateBackground
09-01 14:34:23.324 D/ExpandableNotificationRow(29730): updateBackground
09-01 14:34:23.326 D/StatusBar(29730): No peeking: unimportant notification: 0|com.xiaomi.hm.health|4|null|10241
09-01 14:34:23.327 I/chatty  ( 8588): uid=1002(bluetooth) BT Service Call expire 132 lines
09-01 14:34:23.328 D/AppOpsAdapter( 5211): using permission notify! 32
09-01 14:34:23.329 D/ExpandableNotificationRow(29730): updateBackground
09-01 14:34:23.329 D/ExpandableNotificationRow(29730): updateBackground
09-01 14:34:23.335 I/WifiService( 1639): startScan uid=10241
09-01 14:34:23.341 D/AppOpsAdapter( 5211): using permission notify! 32
09-01 14:34:23.344 I/chatty  ( 8588): uid=1002(bluetooth) btu message loo expire 240 lines
09-01 14:34:23.351 D/ExpandableNotificationRow(29730): updateBackground
09-01 14:34:23.351 D/StatusBar(29730): No peeking: unimportant notification: 0|com.xiaomi.hm.health|4|null|10241
09-01 14:34:23.356 I/appium  (11310): channel read invoked!
09-01 14:34:23.356 I/appium  (11310): channel read: POST /wd/hub/session/7457bba7-67d4-46f6-af19-5e3c40fc69d7/element
09-01 14:34:23.356 I/appium  (11310): Find element command using '-android uiautomator' with selector 'new UiSelector().text("运动")'.
09-01 14:34:23.357 D/StackScroller(29730): applyCurrentState
09-01 14:34:23.358 I/appium  (11310): Waiting up to 10000ms for device to be idle
09-01 14:34:23.359 D/AppOpsAdapter( 5211): using permission notify! 32
09-01 14:34:23.361 D/AppOpsAdapter( 5211): using permission notify! 32
09-01 14:34:23.366 D/StackScroller(29730): applyCurrentState
09-01 14:34:23.402 E/ResolverController(  679): No valid NAT64 prefix (116, <unspecified>/0)
09-01 14:34:23.440 I//system/vendor/bin/mi_thermald( 1070): thermal_cpu_set_level: set cpu freq of cpu4 to 1804800
09-01 14:34:23.478 I//system/vendor/bin/mi_thermald( 1070): thermal_cpu_set_level: set cpu freq of cpu7 to 1804800
09-01 14:34:23.512 D/Event   (11356): No subscribers registered for event class com.xiaomi.hm.health.locweather.O00000Oo.O000000o
09-01 14:34:23.512 D/Event   (11356): No subscribers registered for event class O00000Oo.O000000o.O000000o.O0000Oo0
09-01 14:34:23.566 I/Timeline( 1639): Timeline: Activity_windows_visible id: ActivityRecord{e5703e5 u0 com.xiaomi.hm.health/.activity.StartUpActivity t488} time:211629582
09-01 14:34:23.570 I/Timeline( 1639): Timeline: App_transition_stopped time:211629587
09-01 14:34:23.570 D/EventBus(29730): [29730, u0] send(AppTransitionFinishedEvent)
09-01 14:34:23.571 D/EventBus(29730): [29730, u0]  -> ForcedResizableInfoActivityController [0xc4c1163, P1] onBusEvent(AppTransitionFinishedEvent)
09-01 14:34:23.572 D/EventBus(29730): [29730, u0] onBusEvent(AppTransitionFinishedEvent) duration: 680 microseconds, avg: 37
09-01 14:34:23.633 D/BluetoothGatt(11356): onClientConnectionState() - status=0 clientIf=8 device=C3:D4:F4:E3:11:EC
09-01 14:34:23.635 I/chatty  ( 8588): uid=1002(bluetooth) BT Service Call expire 138 lines
09-01 14:34:23.636 W/BluetoothEventManager(29730): AclStateChangedHandler: activeDevice is null
09-01 14:34:23.636 D/Bluetooth_AIVS_SDK(22367): AIVS:BluetoothBase:onConnection Find device :C3:D4:F4:E3:11:EC not exist.
09-01 14:34:23.636 I/chatty  ( 3272): uid=1002(bluetooth) com.xiaomi.bluetooth expire 1 line
09-01 14:34:23.638 D/BluetoothGatt(11356): discoverServices() - device: C3:D4:F4:E3:11:EC
09-01 14:34:23.638 D/Bluetooth_AIVS_SDK(22367): AIVS:BluetoothBase:onReceive: ACTION_ACL_CONNECTED,  device : BluetoothDeviceInfo{ mCurrentOpType: 2 Device Ble='Mi Smart Band 5; C3:D4:F4:E3:11:EC vid:0xffff pid:0x ffff MandatoryUpgrade:false channelStatus:0bleStatus:0 sppStatus:0 authStage:0 PowerMode:0 mBackUpMode:-1 FailedReason:0x0}
09-01 14:34:23.640 D/CompatibilityInfo( 1639): mCompatibilityFlags - 0
09-01 14:34:23.640 D/CompatibilityInfo( 1639): applicationDensity - 440
09-01 14:34:23.640 D/CompatibilityInfo( 1639): applicationScale - 1.0
09-01 14:34:23.641 I/chatty  ( 8588): uid=1002(bluetooth) Binder:8588_4 expire 1 line
09-01 14:34:23.642 I/BluetoothProxy(22367): onBleStatus: device = bluetoothDeviceExt{ mCurrentOpType: 2, Device Ble='Mi Smart Band 5; C3:D4:F4:E3:11:EC, vid:0xffff, pid:0x ffff, Status : MandatoryUpgrade:false, PowerMode:0, mChannelType:-1, DualBackupFlag:-1, mRssi:-9999, mConnectType:0, mIsBoundByOtherDevice:false, mIsDirectlyConnectSpp:false, mIsEdrConnectedByOtherDevice:false, color type:0, count:0, mFailedReason:0x0}, status = 4
09-01 14:34:23.642 I/BaseBluetoothBusEvent(22367): onBleStatus: bluetoothDevice = bluetoothDeviceExt{ mCurrentOpType: 2, Device Ble='Mi Smart Band 5; C3:D4:F4:E3:11:EC, vid:0xffff, pid:0x ffff, Status : MandatoryUpgrade:false, PowerMode:0, mChannelType:-1, DualBackupFlag:-1, mRssi:-9999, mConnectType:0, mIsBoundByOtherDevice:false, mIsDirectlyConnectSpp:false, mIsEdrConnectedByOtherDevice:false, color type:0, count:0, mFailedReason:0x0} , status = 4
09-01 14:34:23.640 W/memtrack@1.0-se(  787): type=1400 audit(0.0:64010): avc: denied { search } for name="kgsl" dev="sysfs" ino=55624 scontext=u:r:hal_memtrack_default:s0 tcontext=u:object_r:sysfs_kgsl:s0 tclass=dir permissive=0
09-01 14:34:23.643 I/TrustAgent(20208): TAG: TrustAgent.Tracker. [BluetoothConnectionTracker] Bluetooth connect broadast for Mi Smart Band 5 C3:D4:F4:E3:11:EC [CONTEXT service_id=84 ]
09-01 14:34:23.640 W/memtrack@1.0-se(  787): type=1400 audit(0.0:64011): avc: denied { search } for name="kgsl" dev="sysfs" ino=55624 scontext=u:r:hal_memtrack_default:s0 tcontext=u:object_r:sysfs_kgsl:s0 tclass=dir permissive=0
09-01 14:34:23.670 W/ActivityManager( 1639): Unable to start service Intent { act=android.bluetooth.device.action.ACL_CONNECTED cmp=com.google.android.gms/.nearby.discovery.service.DiscoveryService (has extras) } U=0: not found
09-01 14:34:23.680 D/AppOpsAdapter( 5211): using permission notify! 32
09-01 14:34:23.695 D/AppOpsAdapter( 5211): using permission notify! 32
09-01 14:34:23.696 D/AppOpsAdapter( 5211): using permission notify! 32
09-01 14:34:23.700 D/AppOpsAdapter( 5211): using permission notify! 32
09-01 14:34:23.709 D/AppOpsAdapter( 5211): using permission notify! 32
09-01 14:34:23.709 D/IdProviderImpl(11356): getOAID
09-01 14:34:23.712 I/BehaviorRecord-Monitor( 5237): com.xiaomi.hm.health , perm: 32 , operation 2 , current size: 1
09-01 14:34:23.714 D/AppOpsAdapter( 5211): using permission notify! 32
09-01 14:34:23.716 D/AppOpsAdapter( 5211): using permission notify! 32
09-01 14:34:23.716 I/BehaviorRecord-Monitor( 5237): com.xiaomi.hm.health , perm: 32 , operation 3 , current size: 0
09-01 14:34:23.719 I/BehaviorRecord-Monitor( 5237): com.xiaomi.hm.health , perm: 32 , operation 2 , current size: 1
09-01 14:34:23.760 V/onNotificationPostedCallBack( 5237): flags=98
09-01 14:34:23.760 V/j       ( 5237): ret=0
09-01 14:34:23.760 W/Parcel  ( 5237): **** enforceInterface() expected 'com.miui.gamebooster.service.ISecurityCenterNotificationListener' but read 'android.service.notification.INotificationListener'
09-01 14:34:23.761 W/Binder  ( 5237): Caught a RuntimeException from the binder stub implementation.
09-01 14:34:23.761 W/Binder  ( 5237): java.lang.SecurityException: Binder invocation to an incorrect interface
09-01 14:34:23.761 W/Binder  ( 5237): 	at android.os.Parcel.nativeEnforceInterface(Native Method)
09-01 14:34:23.761 W/Binder  ( 5237): 	at android.os.Parcel.enforceInterface(Parcel.java:626)
09-01 14:34:23.761 W/Binder  ( 5237): 	at com.miui.gamebooster.service.ISecurityCenterNotificationListener$Stub.onTransact(Unknown Source:22)
09-01 14:34:23.761 W/Binder  ( 5237): 	at android.os.Binder.execTransactInternal(Binder.java:1021)
09-01 14:34:23.761 W/Binder  ( 5237): 	at android.os.Binder.execTransact(Binder.java:994)
09-01 14:34:23.763 D/StatusBar(29730): onNotificationPosted key=0|com.xiaomi.hm.health|4|null|10241 isUpdate=true
09-01 14:34:23.763 D/IMReply:Notif(22367): onNotificationPosted before sbn = 4
09-01 14:34:23.764 D/StatusBar(29730): updateNotification old=StatusBarNotification(pkg=com.xiaomi.hm.health user=UserHandle{0} id=4 tag=null key=0|com.xiaomi.hm.health|4|null|10241: Notification(channel=O000Oo0 pri=0 contentView=null vibrate=null sound=null defaults=0x0 flags=0x62 color=0xffff5a00 vis=PRIVATE))
09-01 14:34:23.764 D/StatusBar(29730):     pkgName=com.xiaomi.hm.health appUid=10241 sdk=29 imp=2 sysApp=F priApp=F hasShown=F float=F keyguard=F peek=F fullscreen=F
09-01 14:34:23.764 D/StatusBar(29730):     showMiuiAction=F enableFloat=T enableKeyguard=T floatTime=5000 messageCount=1 persistent=F customHeight=F
09-01 14:34:23.769 W/Parcel  ( 5237): **** enforceInterface() expected 'com.miui.gamebooster.service.ISecurityCenterNotificationListener' but read 'android.service.notification.INotificationListener'
09-01 14:34:23.770 W/Binder  ( 5237): Caught a RuntimeException from the binder stub implementation.
09-01 14:34:23.770 W/Binder  ( 5237): java.lang.SecurityException: Binder invocation to an incorrect interface
09-01 14:34:23.770 W/Binder  ( 5237): 	at android.os.Parcel.nativeEnforceInterface(Native Method)
09-01 14:34:23.770 W/Binder  ( 5237): 	at android.os.Parcel.enforceInterface(Parcel.java:626)
09-01 14:34:23.770 W/Binder  ( 5237): 	at com.miui.gamebooster.service.ISecurityCenterNotificationListener$Stub.onTransact(Unknown Source:22)
09-01 14:34:23.770 W/Binder  ( 5237): 	at android.os.Binder.execTransactInternal(Binder.java:1021)
09-01 14:34:23.770 W/Binder  ( 5237): 	at android.os.Binder.execTransact(Binder.java:994)
09-01 14:34:23.777 V/onNotificationPostedCallBack( 5237): flags=98
09-01 14:34:23.777 D/IMReply:Notif(22367): onNotificationPosted before sbn = 4
09-01 14:34:23.778 V/j       ( 5237): ret=0
09-01 14:34:23.780 D/StackScroller(29730): applyCurrentState
09-01 14:34:23.792 D/ExpandableNotificationRow(29730): updateBackground
09-01 14:34:23.792 D/StatusBar(29730): No peeking: unimportant notification: 0|com.xiaomi.hm.health|4|null|10241
09-01 14:34:23.793 D/StatusBar(29730): updateHeadsUp wasHeadsUp=false shouldPeek=false alertAgain=true
09-01 14:34:23.798 D/StackScroller(29730): applyCurrentState
09-01 14:34:23.800 D/StatusBar(29730): onNotificationPosted key=0|com.xiaomi.hm.health|4|null|10241 isUpdate=true
09-01 14:34:23.802 D/StatusBar(29730): updateNotification old=StatusBarNotification(pkg=com.xiaomi.hm.health user=UserHandle{0} id=4 tag=null key=0|com.xiaomi.hm.health|4|null|10241: Notification(channel=O000Oo0 pri=0 contentView=null vibrate=null sound=null defaults=0x0 flags=0x62 color=0xffff5a00 vis=PRIVATE))
09-01 14:34:23.802 D/StatusBar(29730):     pkgName=com.xiaomi.hm.health appUid=10241 sdk=29 imp=2 sysApp=F priApp=F hasShown=F float=F keyguard=F peek=F fullscreen=F
09-01 14:34:23.802 D/StatusBar(29730):     showMiuiAction=F enableFloat=T enableKeyguard=T floatTime=5000 messageCount=1 persistent=F customHeight=F
09-01 14:34:23.813 D/StackScroller(29730): applyCurrentState
09-01 14:34:23.821 D/ExpandableNotificationRow(29730): updateBackground
09-01 14:34:23.822 D/StatusBar(29730): No peeking: unimportant notification: 0|com.xiaomi.hm.health|4|null|10241
09-01 14:34:23.822 D/StatusBar(29730): updateHeadsUp wasHeadsUp=false shouldPeek=false alertAgain=true
09-01 14:34:23.824 W/System  ( 1639): A resource failed to call close. 
09-01 14:34:23.824 I/chatty  ( 1639): uid=1000(system) FinalizerDaemon identical 1 line
09-01 14:34:23.824 W/System  ( 1639): A resource failed to call close. 
09-01 14:34:23.831 D/StackScroller(29730): applyCurrentState
09-01 14:34:23.841 I/AudioTrack( 2503): isLongTimeZoreData zoer date time 51 Seconds
09-01 14:34:23.900 D/Event   (11356): No subscribers registered for event class com.xiaomi.hm.health.locweather.O00000Oo.O000000o
09-01 14:34:23.900 D/Event   (11356): No subscribers registered for event class O00000Oo.O000000o.O000000o.O0000Oo0
09-01 14:34:23.900 I/MiuiNetworkPolicy( 1639): bandwidth: 40 KB/s, Max bandwidth: 3727 KB/s
09-01 14:34:23.902 D/AppOpsAdapter( 5211): using permission notify! 32
09-01 14:34:23.905 I/BehaviorRecord-Monitor( 5237): com.xiaomi.hm.health , perm: 32 , operation 3 , current size: 0
09-01 14:34:23.972 I/chatty  ( 8588): uid=1002(bluetooth) btu message loo expire 137 lines
09-01 14:34:23.973 I/chatty  ( 8588): uid=1002(bluetooth) BT Service Call expire 224 lines
09-01 14:34:23.984 I/appium  (11310): AppiumResponse: {"sessionId":"7457bba7-67d4-46f6-af19-5e3c40fc69d7","value":{"error":"no such element","message":"An element could not be located on the page using the given search parameters","stacktrace":"io.appium.uiautomator2.common.exceptions.ElementNotFoundException: An element could not be located on the ...
09-01 14:34:24.172 D/BluetoothGatt(11356): onConnectionUpdated() - Device=C3:D4:F4:E3:11:EC interval=6 latency=0 timeout=500 status=0
09-01 14:34:24.289 I/chatty  ( 8588): uid=1002(bluetooth) btu message loo expire 304 lines
09-01 14:34:24.481 I/chatty  ( 8588): uid=1002(bluetooth) BT Service Call expire 196 lines
09-01 14:34:24.494 I/appium  (11310): channel read invoked!
09-01 14:34:24.494 I/appium  (11310): channel read: POST /wd/hub/session/7457bba7-67d4-46f6-af19-5e3c40fc69d7/element
09-01 14:34:24.496 I/appium  (11310): Find element command using '-android uiautomator' with selector 'new UiSelector().text("运动")'.
09-01 14:34:24.496 I/appium  (11310): Waiting up to 10000ms for device to be idle
09-01 14:34:24.511 I/appium  (11310): AppiumResponse: {"sessionId":"7457bba7-67d4-46f6-af19-5e3c40fc69d7","value":{"error":"no such element","message":"An element could not be located on the page using the given search parameters","stacktrace":"io.appium.uiautomator2.common.exceptions.ElementNotFoundException: An element could not be located on the ...
09-01 14:34:24.709 I/chatty  ( 8588): uid=1002(bluetooth) btu message loo expire 362 lines
09-01 14:34:24.857 I/AudioTrack( 2503): isLongTimeZoreData zoer date time 52 Seconds
09-01 14:34:24.972 I/chatty  ( 8588): uid=1002(bluetooth) BT Service Call expire 146 lines
09-01 14:34:25.039 I/appium  (11310): channel read invoked!
09-01 14:34:25.040 I/appium  (11310): channel read: POST /wd/hub/session/7457bba7-67d4-46f6-af19-5e3c40fc69d7/element
09-01 14:34:25.042 I/appium  (11310): Find element command using '-android uiautomator' with selector 'new UiSelector().text("运动")'.
09-01 14:34:25.043 I/appium  (11310): Waiting up to 10000ms for device to be idle
09-01 14:34:25.057 I/appium  (11310): AppiumResponse: {"sessionId":"7457bba7-67d4-46f6-af19-5e3c40fc69d7","value":{"error":"no such element","message":"An element could not be located on the page using the given search parameters","stacktrace":"io.appium.uiautomator2.common.exceptions.ElementNotFoundException: An element could not be located on the ...
09-01 14:34:25.285 I/chatty  ( 8588): uid=1002(bluetooth) btu message loo expire 274 lines
09-01 14:34:25.496 I/chatty  ( 8588): uid=1002(bluetooth) BT Service Call expire 147 lines
09-01 14:34:25.527 D/WificondControl( 1639): Scan result ready event
09-01 14:34:25.528 I/LOWI-8.6.0.59( 1269): [LOWI-Scan] lowi_close_record:Scan done in 595794630ms, 36 APs in scan results
09-01 14:34:25.540 D/BluetoothGatt(11356): onSearchComplete() = Device=C3:D4:F4:E3:11:EC Status=0
09-01 14:34:25.542 I/AppScanObserverService( 1639): Start to match app observer
09-01 14:34:25.580 D/AppOpsAdapter( 5211): using permission notify! 32
09-01 14:34:25.584 I/BehaviorRecord-Monitor( 5237): com.xiaomi.hm.health , perm: 32 , operation 2 , current size: 1
09-01 14:34:25.588 I/appium  (11310): channel read invoked!
09-01 14:34:25.588 I/appium  (11310): channel read: POST /wd/hub/session/7457bba7-67d4-46f6-af19-5e3c40fc69d7/element
09-01 14:34:25.589 I/appium  (11310): Find element command using '-android uiautomator' with selector 'new UiSelector().text("运动")'.
09-01 14:34:25.589 I/appium  (11310): Waiting up to 10000ms for device to be idle
09-01 14:34:25.592 D/Event   (11356): No subscribers registered for event class com.xiaomi.hm.health.locweather.O00000Oo.O000000o
09-01 14:34:25.592 D/Event   (11356): No subscribers registered for event class O00000Oo.O000000o.O000000o.O0000Oo0
09-01 14:34:25.599 D/AppOpsAdapter( 5211): using permission notify! 32
09-01 14:34:25.603 I/BehaviorRecord-Monitor( 5237): com.xiaomi.hm.health , perm: 32 , operation 3 , current size: 0
09-01 14:34:25.604 D/BluetoothGatt(11356): setCharacteristicNotification() - uuid: 00000020-0000-3512-2118-0009af100700 enable: true
09-01 14:34:25.604 I/chatty  ( 8588): uid=1002(bluetooth) Binder:8588_1 expire 3 lines
09-01 14:34:25.605 D/AppOpsAdapter( 5211): using permission notify! 32
09-01 14:34:25.606 I/appium  (11310): AppiumResponse: {"sessionId":"7457bba7-67d4-46f6-af19-5e3c40fc69d7","value":{"error":"no such element","message":"An element could not be located on the page using the given search parameters","stacktrace":"io.appium.uiautomator2.common.exceptions.ElementNotFoundException: An element could not be located on the ...
09-01 14:34:25.608 D/Event   (11356): No subscribers registered for event class com.xiaomi.hm.health.locweather.O00000Oo.O000000o
09-01 14:34:25.608 D/Event   (11356): No subscribers registered for event class O00000Oo.O000000o.O000000o.O0000Oo0
09-01 14:34:25.610 D/AppOpsAdapter( 5211): using permission notify! 32
09-01 14:34:25.611 I/BehaviorRecord-Monitor( 5237): com.xiaomi.hm.health , perm: 32 , operation 2 , current size: 1
09-01 14:34:25.613 I/BehaviorRecord-Monitor( 5237): com.xiaomi.hm.health , perm: 32 , operation 3 , current size: 0
09-01 14:34:25.655 I/chatty  ( 8588): uid=1002(bluetooth) btu message loo expire 156 lines
09-01 14:34:25.655 I/chatty  ( 8588): uid=1002(bluetooth) BT Service Call expire 192 lines
09-01 14:34:25.656 D/BluetoothGatt(11356): onConnectionUpdated() - Device=C3:D4:F4:E3:11:EC interval=36 latency=0 timeout=500 status=0
09-01 14:34:25.659 W/Parcel  ( 5237): **** enforceInterface() expected 'com.miui.gamebooster.service.ISecurityCenterNotificationListener' but read 'android.service.notification.INotificationListener'
09-01 14:34:25.660 W/Binder  ( 5237): Caught a RuntimeException from the binder stub implementation.
09-01 14:34:25.660 W/Binder  ( 5237): java.lang.SecurityException: Binder invocation to an incorrect interface
09-01 14:34:25.660 W/Binder  ( 5237): 	at android.os.Parcel.nativeEnforceInterface(Native Method)
09-01 14:34:25.660 W/Binder  ( 5237): 	at android.os.Parcel.enforceInterface(Parcel.java:626)
09-01 14:34:25.660 W/Binder  ( 5237): 	at com.miui.gamebooster.service.ISecurityCenterNotificationListener$Stub.onTransact(Unknown Source:22)
09-01 14:34:25.660 W/Binder  ( 5237): 	at android.os.Binder.execTransactInternal(Binder.java:1021)
09-01 14:34:25.660 W/Binder  ( 5237): 	at android.os.Binder.execTransact(Binder.java:994)
09-01 14:34:25.664 D/StatusBar(29730): onNotificationPosted key=0|com.xiaomi.hm.health|4|null|10241 isUpdate=true
09-01 14:34:25.665 D/StatusBar(29730): updateNotification old=StatusBarNotification(pkg=com.xiaomi.hm.health user=UserHandle{0} id=4 tag=null key=0|com.xiaomi.hm.health|4|null|10241: Notification(channel=O000Oo0 pri=0 contentView=null vibrate=null sound=null defaults=0x0 flags=0x62 color=0xffff5a00 vis=PRIVATE))
09-01 14:34:25.665 D/StatusBar(29730):     pkgName=com.xiaomi.hm.health appUid=10241 sdk=29 imp=2 sysApp=F priApp=F hasShown=F float=F keyguard=F peek=F fullscreen=F
09-01 14:34:25.665 D/StatusBar(29730):     showMiuiAction=F enableFloat=T enableKeyguard=T floatTime=5000 messageCount=1 persistent=F customHeight=F
09-01 14:34:25.666 V/onNotificationPostedCallBack( 5237): flags=98
09-01 14:34:25.668 V/j       ( 5237): ret=0
09-01 14:34:25.671 D/IMReply:Notif(22367): onNotificationPosted before sbn = 4
09-01 14:34:25.671 D/StackScroller(29730): applyCurrentState
09-01 14:34:25.682 D/AppOpsAdapter( 5211): using permission notify! 32
09-01 14:34:25.684 D/ExpandableNotificationRow(29730): updateBackground
09-01 14:34:25.684 D/BluetoothGatt(11356): setCharacteristicNotification() - uuid: 00000014-0000-3512-2118-0009af100700 enable: true
09-01 14:34:25.684 D/StatusBar(29730): No peeking: unimportant notification: 0|com.xiaomi.hm.health|4|null|10241
09-01 14:34:25.684 D/StatusBar(29730): updateHeadsUp wasHeadsUp=false shouldPeek=false alertAgain=true
09-01 14:34:25.688 D/Event   (11356): No subscribers registered for event class com.xiaomi.hm.health.locweather.O00000Oo.O000000o
09-01 14:34:25.688 D/Event   (11356): No subscribers registered for event class O00000Oo.O000000o.O000000o.O0000Oo0
09-01 14:34:25.690 D/StackScroller(29730): applyCurrentState
09-01 14:34:25.692 D/AppOpsAdapter( 5211): using permission notify! 32
09-01 14:34:25.692 I/BehaviorRecord-Monitor( 5237): com.xiaomi.hm.health , perm: 32 , operation 2 , current size: 1
09-01 14:34:25.694 I/BehaviorRecord-Monitor( 5237): com.xiaomi.hm.health , perm: 32 , operation 3 , current size: 0
09-01 14:34:25.698 D/AppOpsAdapter( 5211): using permission notify! 32
09-01 14:34:25.698 W/Parcel  ( 5237): **** enforceInterface() expected 'com.miui.gamebooster.service.ISecurityCenterNotificationListener' but read 'android.service.notification.INotificationListener'
09-01 14:34:25.698 W/Binder  ( 5237): Caught a RuntimeException from the binder stub implementation.
09-01 14:34:25.698 W/Binder  ( 5237): java.lang.SecurityException: Binder invocation to an incorrect interface
09-01 14:34:25.698 W/Binder  ( 5237): 	at android.os.Parcel.nativeEnforceInterface(Native Method)
09-01 14:34:25.698 W/Binder  ( 5237): 	at android.os.Parcel.enforceInterface(Parcel.java:626)
09-01 14:34:25.698 W/Binder  ( 5237): 	at com.miui.gamebooster.service.ISecurityCenterNotificationListener$Stub.onTransact(Unknown Source:22)
09-01 14:34:25.698 W/Binder  ( 5237): 	at android.os.Binder.execTransactInternal(Binder.java:1021)
09-01 14:34:25.698 W/Binder  ( 5237): 	at android.os.Binder.execTransact(Binder.java:994)
09-01 14:34:25.702 I/BehaviorRecord-Monitor( 5237): com.xiaomi.hm.health , perm: 32 , operation 2 , current size: 1
09-01 14:34:25.702 D/AppOpsAdapter( 5211): using permission notify! 32
09-01 14:34:25.704 D/StatusBar(29730): onNotificationPosted key=0|com.xiaomi.hm.health|4|null|10241 isUpdate=true
09-01 14:34:25.705 D/StatusBar(29730): updateNotification old=StatusBarNotification(pkg=com.xiaomi.hm.health user=UserHandle{0} id=4 tag=null key=0|com.xiaomi.hm.health|4|null|10241: Notification(channel=O000Oo0 pri=0 contentView=null vibrate=null sound=null defaults=0x0 flags=0x62 color=0xffff5a00 vis=PRIVATE))
09-01 14:34:25.705 D/StatusBar(29730):     pkgName=com.xiaomi.hm.health appUid=10241 sdk=29 imp=2 sysApp=F priApp=F hasShown=F float=F keyguard=F peek=F fullscreen=F
09-01 14:34:25.705 D/StatusBar(29730):     showMiuiAction=F enableFloat=T enableKeyguard=T floatTime=5000 messageCount=1 persistent=F customHeight=F
09-01 14:34:25.706 V/onNotificationPostedCallBack( 5237): flags=98
09-01 14:34:25.706 V/j       ( 5237): ret=0
09-01 14:34:25.706 I/BehaviorRecord-Monitor( 5237): com.xiaomi.hm.health , perm: 32 , operation 3 , current size: 0
09-01 14:34:25.708 D/IMReply:Notif(22367): onNotificationPosted before sbn = 4
09-01 14:34:25.721 D/StackScroller(29730): applyCurrentState
09-01 14:34:25.729 D/ExpandableNotificationRow(29730): updateBackground
09-01 14:34:25.729 D/StatusBar(29730): No peeking: unimportant notification: 0|com.xiaomi.hm.health|4|null|10241
09-01 14:34:25.730 D/StatusBar(29730): updateHeadsUp wasHeadsUp=false shouldPeek=false alertAgain=true
09-01 14:34:25.739 D/StackScroller(29730): applyCurrentState
09-01 14:34:25.780 W/Parcel  ( 5237): **** enforceInterface() expected 'com.miui.gamebooster.service.ISecurityCenterNotificationListener' but read 'android.service.notification.INotificationListener'
09-01 14:34:25.780 W/Binder  ( 5237): Caught a RuntimeException from the binder stub implementation.
09-01 14:34:25.780 W/Binder  ( 5237): java.lang.SecurityException: Binder invocation to an incorrect interface
09-01 14:34:25.780 W/Binder  ( 5237): 	at android.os.Parcel.nativeEnforceInterface(Native Method)
09-01 14:34:25.780 W/Binder  ( 5237): 	at android.os.Parcel.enforceInterface(Parcel.java:626)
09-01 14:34:25.780 W/Binder  ( 5237): 	at com.miui.gamebooster.service.ISecurityCenterNotificationListener$Stub.onTransact(Unknown Source:22)
09-01 14:34:25.780 W/Binder  ( 5237): 	at android.os.Binder.execTransactInternal(Binder.java:1021)
09-01 14:34:25.780 W/Binder  ( 5237): 	at android.os.Binder.execTransact(Binder.java:994)
09-01 14:34:25.784 D/IMReply:Notif(22367): onNotificationPosted before sbn = 4
09-01 14:34:25.787 D/StatusBar(29730): onNotificationPosted key=0|com.xiaomi.hm.health|4|null|10241 isUpdate=true
09-01 14:34:25.788 D/StatusBar(29730): updateNotification old=StatusBarNotification(pkg=com.xiaomi.hm.health user=UserHandle{0} id=4 tag=null key=0|com.xiaomi.hm.health|4|null|10241: Notification(channel=O000Oo0 pri=0 contentView=null vibrate=null sound=null defaults=0x0 flags=0x62 color=0xffff5a00 vis=PRIVATE))
09-01 14:34:25.788 D/StatusBar(29730):     pkgName=com.xiaomi.hm.health appUid=10241 sdk=29 imp=2 sysApp=F priApp=F hasShown=F float=F keyguard=F peek=F fullscreen=F
09-01 14:34:25.788 D/StatusBar(29730):     showMiuiAction=F enableFloat=T enableKeyguard=T floatTime=5000 messageCount=1 persistent=F customHeight=F
09-01 14:34:25.788 V/onNotificationPostedCallBack( 5237): flags=98
09-01 14:34:25.789 V/j       ( 5237): ret=0
09-01 14:34:25.792 W/Parcel  ( 5237): **** enforceInterface() expected 'com.miui.gamebooster.service.ISecurityCenterNotificationListener' but read 'android.service.notification.INotificationListener'
09-01 14:34:25.792 W/Binder  ( 5237): Caught a RuntimeException from the binder stub implementation.
09-01 14:34:25.792 W/Binder  ( 5237): java.lang.SecurityException: Binder invocation to an incorrect interface
09-01 14:34:25.792 W/Binder  ( 5237): 	at android.os.Parcel.nativeEnforceInterface(Native Method)
09-01 14:34:25.792 W/Binder  ( 5237): 	at android.os.Parcel.enforceInterface(Parcel.java:626)
09-01 14:34:25.792 W/Binder  ( 5237): 	at com.miui.gamebooster.service.ISecurityCenterNotificationListener$Stub.onTransact(Unknown Source:22)
09-01 14:34:25.792 W/Binder  ( 5237): 	at android.os.Binder.execTransactInternal(Binder.java:1021)
09-01 14:34:25.792 W/Binder  ( 5237): 	at android.os.Binder.execTransact(Binder.java:994)
09-01 14:34:25.796 V/onNotificationPostedCallBack( 5237): flags=98
09-01 14:34:25.796 V/j       ( 5237): ret=0
09-01 14:34:25.801 D/IMReply:Notif(22367): onNotificationPosted before sbn = 4
09-01 14:34:25.804 D/StackScroller(29730): applyCurrentState
09-01 14:34:25.825 D/ExpandableNotificationRow(29730): updateBackground
09-01 14:34:25.826 D/StatusBar(29730): No peeking: unimportant notification: 0|com.xiaomi.hm.health|4|null|10241
09-01 14:34:25.826 D/StatusBar(29730): updateHeadsUp wasHeadsUp=false shouldPeek=false alertAgain=true
09-01 14:34:25.826 D/StatusBar(29730): onNotificationPosted key=0|com.xiaomi.hm.health|4|null|10241 isUpdate=true
09-01 14:34:25.827 D/StatusBar(29730): updateNotification old=StatusBarNotification(pkg=com.xiaomi.hm.health user=UserHandle{0} id=4 tag=null key=0|com.xiaomi.hm.health|4|null|10241: Notification(channel=O000Oo0 pri=0 contentView=null vibrate=null sound=null defaults=0x0 flags=0x62 color=0xffff5a00 vis=PRIVATE))
09-01 14:34:25.827 D/StatusBar(29730):     pkgName=com.xiaomi.hm.health appUid=10241 sdk=29 imp=2 sysApp=F priApp=F hasShown=F float=F keyguard=F peek=F fullscreen=F
09-01 14:34:25.827 D/StatusBar(29730):     showMiuiAction=F enableFloat=T enableKeyguard=T floatTime=5000 messageCount=1 persistent=F customHeight=F
09-01 14:34:25.837 D/BluetoothGatt(11356): setCharacteristicNotification() - uuid: 00000009-0000-3512-2118-0009af100700 enable: true
09-01 14:34:25.844 D/StackScroller(29730): applyCurrentState
09-01 14:34:25.850 D/ExpandableNotificationRow(29730): updateBackground
09-01 14:34:25.851 D/StatusBar(29730): No peeking: unimportant notification: 0|com.xiaomi.hm.health|4|null|10241
09-01 14:34:25.851 D/StatusBar(29730): updateHeadsUp wasHeadsUp=false shouldPeek=false alertAgain=true
09-01 14:34:25.855 D/StackScroller(29730): applyCurrentState
09-01 14:34:25.862 I/chatty  ( 8588): uid=1002(bluetooth) btu message loo expire 336 lines
09-01 14:34:25.873 I/AudioTrack( 2503): isLongTimeZoreData zoer date time 53 Seconds
09-01 14:34:25.959 I/tomator2.serve(11310): ProcessProfilingInfo new_methods=0 is saved saved_to_disk=0 resolve_classes_delay=8000
09-01 14:34:26.076 I/chatty  ( 8588): uid=1002(bluetooth) BT Service Call expire 78 lines
09-01 14:34:26.137 I/appium  (11310): channel read invoked!
09-01 14:34:26.137 I/appium  (11310): channel read: POST /wd/hub/session/7457bba7-67d4-46f6-af19-5e3c40fc69d7/element
09-01 14:34:26.138 I/appium  (11310): Find element command using '-android uiautomator' with selector 'new UiSelector().text("运动")'.
09-01 14:34:26.138 I/appium  (11310): Waiting up to 10000ms for device to be idle
09-01 14:34:26.150 I/appium  (11310): AppiumResponse: {"sessionId":"7457bba7-67d4-46f6-af19-5e3c40fc69d7","value":{"error":"no such element","message":"An element could not be located on the page using the given search parameters","stacktrace":"io.appium.uiautomator2.common.exceptions.ElementNotFoundException: An element could not be located on the ...
09-01 14:34:26.199 D/Event   (11356): No subscribers registered for event class com.xiaomi.hm.health.device.O00000o.O00000Oo
09-01 14:34:26.199 D/Event   (11356): No subscribers registered for event class O00000Oo.O000000o.O000000o.O0000Oo0
09-01 14:34:26.200 D/BluetoothGatt(11356): setCharacteristicNotification() - uuid: 00000009-0000-3512-2118-0009af100700 enable: false
09-01 14:34:26.201 I/chatty  ( 8588): uid=1002(bluetooth) Binder:8588_1 expire 1 line
09-01 14:34:26.284 I/chatty  ( 8588): uid=1002(bluetooth) btu message loo expire 144 lines
09-01 14:34:26.294 I/chatty  ( 8588): uid=1002(bluetooth) BT Service Call expire 108 lines
09-01 14:34:26.416 I/chatty  (19843): uid=1002 bluetooth@1.0-s expire 3 lines
09-01 14:34:26.498 D/NetworkController.MobileSignalController(1)(29730): 4G level = 5
09-01 14:34:26.676 I/chatty  ( 8588): uid=1002(bluetooth) btu message loo expire 132 lines
09-01 14:34:26.676 I/chatty  ( 8588): uid=1002(bluetooth) BT Service Call expire 122 lines
09-01 14:34:26.689 I/appium  (11310): channel read invoked!
09-01 14:34:26.689 I/appium  (11310): channel read: POST /wd/hub/session/7457bba7-67d4-46f6-af19-5e3c40fc69d7/element
09-01 14:34:26.691 I/appium  (11310): Find element command using '-android uiautomator' with selector 'new UiSelector().text("运动")'.
09-01 14:34:26.692 I/appium  (11310): Waiting up to 10000ms for device to be idle
