09-01 14:38:32.050 D/BluetoothUtils( 8588): blockedByLocationOff callingUid=1002
09-01 14:38:32.051 I/BluetoothUtils( 8588): packagename is android.uid.bluetooth:1002 ,and its permission is false
09-01 14:38:32.051 D/BluetoothUtils( 8588): blockedByLocationOff callingUid=1002
09-01 14:38:32.051 I/BluetoothUtils( 8588): packagename is android.uid.bluetooth:1002 ,and its permission is false
09-01 14:38:32.052 D/BluetoothUtils( 8588): blockedByLocationOff callingUid=1002
09-01 14:38:32.052 I/BluetoothUtils( 8588): packagename is android.uid.bluetooth:1002 ,and its permission is false
09-01 14:38:32.052 D/BluetoothUtils( 8588): blockedByLocationOff callingUid=1002
09-01 14:38:32.052 I/BluetoothUtils( 8588): packagename is android.uid.bluetooth:1002 ,and its permission is false
09-01 14:38:32.060 V/bt_stack( 8588): [VERBOSE1:btm_ble_gap.cc(1923)] btm_ble_process_ext_adv_pkt: bda=24:36:26:fc:bf:e5
09-01 14:38:32.060 V/bt_stack( 8588): [VERBOSE1:btm_ble_gap.cc(1847)] btm_ble_process_adv_addr: bda=24:36:26:fc:bf:e5
09-01 14:38:32.061 D/BluetoothUtils( 8588): blockedByLocationOff callingUid=1002
09-01 14:38:32.061 I/BluetoothUtils( 8588): packagename is android.uid.bluetooth:1002 ,and its permission is false
09-01 14:38:32.061 D/BluetoothUtils( 8588): blockedByLocationOff callingUid=1002
09-01 14:38:32.061 I/BluetoothUtils( 8588): packagename is android.uid.bluetooth:1002 ,and its permission is false
09-01 14:38:32.062 D/BluetoothUtils( 8588): blockedByLocationOff callingUid=1002
09-01 14:38:32.062 I/BluetoothUtils( 8588): packagename is android.uid.bluetooth:1002 ,and its permission is false
09-01 14:38:32.068 V/bt_stack( 8588): [VERBOSE1:btm_ble_gap.cc(1923)] btm_ble_process_ext_adv_pkt: bda=53:f2:a2:69:23:e6
09-01 14:38:32.068 V/bt_stack( 8588): [VERBOSE1:btm_ble_gap.cc(1847)] btm_ble_process_adv_addr: bda=53:f2:a2:69:23:e6
09-01 14:38:32.069 D/BluetoothUtils( 8588): blockedByLocationOff callingUid=1002
09-01 14:38:32.069 I/BluetoothUtils( 8588): packagename is android.uid.bluetooth:1002 ,and its permission is false
09-01 14:38:32.069 D/BluetoothUtils( 8588): blockedByLocationOff callingUid=1002
09-01 14:38:32.070 I/BluetoothUtils( 8588): packagename is android.uid.bluetooth:1002 ,and its permission is false
09-01 14:38:32.070 D/BluetoothUtils( 8588): blockedByLocationOff callingUid=1002
09-01 14:38:32.070 I/BluetoothUtils( 8588): packagename is android.uid.bluetooth:1002 ,and its permission is false
09-01 14:38:32.075 V/bt_stack( 8588): [VERBOSE1:btm_ble_gap.cc(1923)] btm_ble_process_ext_adv_pkt: bda=01:f5:30:c0:9b:7a
09-01 14:38:32.075 V/bt_stack( 8588): [VERBOSE1:btm_ble_gap.cc(1847)] btm_ble_process_adv_addr: bda=01:f5:30:c0:9b:7a
09-01 14:38:32.076 D/BluetoothUtils( 8588): blockedByLocationOff callingUid=1002
09-01 14:38:32.076 I/BluetoothUtils( 8588): packagename is android.uid.bluetooth:1002 ,and its permission is false
09-01 14:38:32.076 D/BluetoothUtils( 8588): blockedByLocationOff callingUid=1002
09-01 14:38:32.076 I/BluetoothUtils( 8588): packagename is android.uid.bluetooth:1002 ,and its permission is false
09-01 14:38:32.076 D/BluetoothUtils( 8588): blockedByLocationOff callingUid=1002
09-01 14:38:32.077 I/BluetoothUtils( 8588): packagename is android.uid.bluetooth:1002 ,and its permission is false
09-01 14:38:32.080 V/bt_stack( 8588): [VERBOSE1:btm_ble_gap.cc(1923)] btm_ble_process_ext_adv_pkt: bda=65:4b:eb:fb:21:09
09-01 14:38:32.080 V/bt_stack( 8588): [VERBOSE1:btm_ble_gap.cc(1847)] btm_ble_process_adv_addr: bda=65:4b:eb:fb:21:09
09-01 14:38:32.081 D/BluetoothUtils( 8588): blockedByLocationOff callingUid=1002
09-01 14:38:32.081 I/BluetoothUtils( 8588): packagename is android.uid.bluetooth:1002 ,and its permission is false
09-01 14:38:32.081 D/BluetoothUtils( 8588): blockedByLocationOff callingUid=1002
09-01 14:38:32.082 I/BluetoothUtils( 8588): packagename is android.uid.bluetooth:1002 ,and its permission is false
09-01 14:38:32.082 D/BluetoothUtils( 8588): blockedByLocationOff callingUid=1002
09-01 14:38:32.082 I/BluetoothUtils( 8588): packagename is android.uid.bluetooth:1002 ,and its permission is false
09-01 14:38:32.083 V/AsyncHttpResponse(11356): Progress 12 from 12 (100%)
09-01 14:38:32.088 V/bt_stack( 8588): [VERBOSE1:btm_ble_gap.cc(1923)] btm_ble_process_ext_adv_pkt: bda=59:5f:ac:32:e1:b7
09-01 14:38:32.088 V/bt_stack( 8588): [VERBOSE1:btm_ble_gap.cc(1847)] btm_ble_process_adv_addr: bda=59:5f:ac:32:e1:b7
09-01 14:38:32.088 V/bt_stack( 8588): [VERBOSE1:btm_ble_gap.cc(2052)]  Waiting for scan response 59:5f:ac:32:e1:b7
09-01 14:38:32.088 V/bt_stack( 8588): [VERBOSE1:btm_ble_gap.cc(1923)] btm_ble_process_ext_adv_pkt: bda=59:5f:ac:32:e1:b7
09-01 14:38:32.088 V/bt_stack( 8588): [VERBOSE1:btm_ble_gap.cc(1847)] btm_ble_process_adv_addr: bda=59:5f:ac:32:e1:b7
09-01 14:38:32.089 D/BluetoothUtils( 8588): blockedByLocationOff callingUid=1002
09-01 14:38:32.089 I/BluetoothUtils( 8588): packagename is android.uid.bluetooth:1002 ,and its permission is false
09-01 14:38:32.090 D/BluetoothUtils( 8588): blockedByLocationOff callingUid=1002
09-01 14:38:32.090 I/BluetoothUtils( 8588): packagename is android.uid.bluetooth:1002 ,and its permission is false
09-01 14:38:32.090 D/BluetoothUtils( 8588): blockedByLocationOff callingUid=1002
09-01 14:38:32.090 V/bt_stack( 8588): [VERBOSE1:btm_ble_gap.cc(1923)] btm_ble_process_ext_adv_pkt: bda=38:f9:d3:45:87:1e
09-01 14:38:32.090 V/bt_stack( 8588): [VERBOSE1:btm_ble_gap.cc(1847)] btm_ble_process_adv_addr: bda=38:f9:d3:45:87:1e
09-01 14:38:32.090 V/bt_stack( 8588): [VERBOSE1:btm_ble_gap.cc(2052)]  Waiting for scan response 38:f9:d3:45:87:1e
09-01 14:38:32.090 I/BluetoothUtils( 8588): packagename is android.uid.bluetooth:1002 ,and its permission is false
09-01 14:38:32.090 V/bt_stack( 8588): [VERBOSE1:btm_ble_gap.cc(1923)] btm_ble_process_ext_adv_pkt: bda=38:f9:d3:45:87:1e
09-01 14:38:32.091 V/bt_stack( 8588): [VERBOSE1:btm_ble_gap.cc(1847)] btm_ble_process_adv_addr: bda=38:f9:d3:45:87:1e
09-01 14:38:32.091 D/BluetoothUtils( 8588): blockedByLocationOff callingUid=1002
09-01 14:38:32.092 I/BluetoothUtils( 8588): packagename is android.uid.bluetooth:1002 ,and its permission is false
09-01 14:38:32.092 D/BluetoothUtils( 8588): blockedByLocationOff callingUid=1002
09-01 14:38:32.092 I/BluetoothUtils( 8588): packagename is android.uid.bluetooth:1002 ,and its permission is false
09-01 14:38:32.092 D/BluetoothUtils( 8588): blockedByLocationOff callingUid=1002
09-01 14:38:32.092 I/BluetoothUtils( 8588): packagename is android.uid.bluetooth:1002 ,and its permission is false
09-01 14:38:32.101 V/bt_stack( 8588): [VERBOSE1:btm_ble_gap.cc(1923)] btm_ble_process_ext_adv_pkt: bda=c2:3b:1c:22:11:66
09-01 14:38:32.101 V/bt_stack( 8588): [VERBOSE1:btm_ble_gap.cc(1847)] btm_ble_process_adv_addr: bda=c2:3b:1c:22:11:66
09-01 14:38:32.101 V/bt_stack( 8588): [VERBOSE1:btm_ble_gap.cc(2052)]  Waiting for scan response c2:3b:1c:22:11:66
09-01 14:38:32.103 V/bt_stack( 8588): [VERBOSE1:btm_ble_gap.cc(1923)] btm_ble_process_ext_adv_pkt: bda=56:e4:da:79:d5:88
09-01 14:38:32.103 V/bt_stack( 8588): [VERBOSE1:btm_ble_gap.cc(1847)] btm_ble_process_adv_addr: bda=56:e4:da:79:d5:88
09-01 14:38:32.103 V/bt_stack( 8588): [VERBOSE1:btm_ble_gap.cc(2052)]  Waiting for scan response 56:e4:da:79:d5:88
09-01 14:38:32.103 V/bt_stack( 8588): [VERBOSE1:btm_ble_gap.cc(1923)] btm_ble_process_ext_adv_pkt: bda=56:e4:da:79:d5:88
09-01 14:38:32.103 V/bt_stack( 8588): [VERBOSE1:btm_ble_gap.cc(1847)] btm_ble_process_adv_addr: bda=56:e4:da:79:d5:88
09-01 14:38:32.104 D/BluetoothUtils( 8588): blockedByLocationOff callingUid=1002
09-01 14:38:32.105 I/BluetoothUtils( 8588): packagename is android.uid.bluetooth:1002 ,and its permission is false
09-01 14:38:32.105 D/BluetoothUtils( 8588): blockedByLocationOff callingUid=1002
09-01 14:38:32.105 I/BluetoothUtils( 8588): packagename is android.uid.bluetooth:1002 ,and its permission is false
09-01 14:38:32.106 D/BluetoothUtils( 8588): blockedByLocationOff callingUid=1002
09-01 14:38:32.106 V/bt_stack( 8588): [VERBOSE1:btm_ble_gap.cc(1923)] btm_ble_process_ext_adv_pkt: bda=06:fa:50:9b:39:c0
09-01 14:38:32.106 V/bt_stack( 8588): [VERBOSE1:btm_ble_gap.cc(1847)] btm_ble_process_adv_addr: bda=06:fa:50:9b:39:c0
09-01 14:38:32.106 I/BluetoothUtils( 8588): packagename is android.uid.bluetooth:1002 ,and its permission is false
09-01 14:38:32.107 D/BluetoothUtils( 8588): blockedByLocationOff callingUid=1002
09-01 14:38:32.107 I/BluetoothUtils( 8588): packagename is android.uid.bluetooth:1002 ,and its permission is false
09-01 14:38:32.107 D/BluetoothUtils( 8588): blockedByLocationOff callingUid=1002
09-01 14:38:32.107 I/BluetoothUtils( 8588): packagename is android.uid.bluetooth:1002 ,and its permission is false
09-01 14:38:32.107 D/BluetoothUtils( 8588): blockedByLocationOff callingUid=1002
09-01 14:38:32.108 I/BluetoothUtils( 8588): packagename is android.uid.bluetooth:1002 ,and its permission is false
09-01 14:38:32.112 D/[Koin]  (11356): +- get 'com.huami.stress.domain.O00000oO.O000000o.O000000o'
09-01 14:38:32.112 D/[Koin]  (11356): | create instance for [type:Factory,primary_type:'com.huami.stress.domain.O00000oO.O000000o.O000000o']
09-01 14:38:32.112 D/[Koin]  (11356): +- get 'com.huami.stress.domain.O00000o.O000000o'
09-01 14:38:32.112 D/[Koin]  (11356): | create instance for [type:Factory,primary_type:'com.huami.stress.domain.O00000o.O000000o']
09-01 14:38:32.112 D/[Koin]  (11356): +- got 'com.huami.stress.domain.O00000o.O000000o' in 0.028281 ms
09-01 14:38:32.112 D/[Koin]  (11356): +- got 'com.huami.stress.domain.O00000oO.O000000o.O000000o' in 0.135469 ms
09-01 14:38:32.116 V/bt_stack( 8588): [VERBOSE1:btm_ble_gap.cc(1923)] btm_ble_process_ext_adv_pkt: bda=75:55:30:69:5d:bf
09-01 14:38:32.116 V/bt_stack( 8588): [VERBOSE1:btm_ble_gap.cc(1847)] btm_ble_process_adv_addr: bda=75:55:30:69:5d:bf
09-01 14:38:32.116 V/bt_stack( 8588): [VERBOSE1:btm_ble_gap.cc(2052)]  Waiting for scan response 75:55:30:69:5d:bf
09-01 14:38:32.116 V/bt_stack( 8588): [VERBOSE1:btm_ble_gap.cc(1923)] btm_ble_process_ext_adv_pkt: bda=35:45:bf:2c:e1:03
09-01 14:38:32.116 V/bt_stack( 8588): [VERBOSE1:btm_ble_gap.cc(1847)] btm_ble_process_adv_addr: bda=35:45:bf:2c:e1:03
09-01 14:38:32.117 D/BluetoothUtils( 8588): blockedByLocationOff callingUid=1002
09-01 14:38:32.118 I/BluetoothUtils( 8588): packagename is android.uid.bluetooth:1002 ,and its permission is false
09-01 14:38:32.118 D/BluetoothUtils( 8588): blockedByLocationOff callingUid=1002
09-01 14:38:32.118 I/BluetoothUtils( 8588): packagename is android.uid.bluetooth:1002 ,and its permission is false
09-01 14:38:32.118 D/BluetoothUtils( 8588): blockedByLocationOff callingUid=1002
09-01 14:38:32.118 I/BluetoothUtils( 8588): packagename is android.uid.bluetooth:1002 ,and its permission is false
09-01 14:38:32.136 V/bt_stack( 8588): [VERBOSE1:btm_ble_gap.cc(1923)] btm_ble_process_ext_adv_pkt: bda=56:e4:da:79:d5:88
09-01 14:38:32.137 V/bt_stack( 8588): [VERBOSE1:btm_ble_gap.cc(1847)] btm_ble_process_adv_addr: bda=56:e4:da:79:d5:88
09-01 14:38:32.137 V/bt_stack( 8588): [VERBOSE1:btm_ble_gap.cc(2052)]  Waiting for scan response 56:e4:da:79:d5:88
09-01 14:38:32.137 V/bt_stack( 8588): [VERBOSE1:btm_ble_gap.cc(1923)] btm_ble_process_ext_adv_pkt: bda=56:e4:da:79:d5:88
09-01 14:38:32.137 V/bt_stack( 8588): [VERBOSE1:btm_ble_gap.cc(1847)] btm_ble_process_adv_addr: bda=56:e4:da:79:d5:88
09-01 14:38:32.137 D/BluetoothUtils( 8588): blockedByLocationOff callingUid=1002
09-01 14:38:32.138 I/BluetoothUtils( 8588): packagename is android.uid.bluetooth:1002 ,and its permission is false
09-01 14:38:32.138 D/BluetoothUtils( 8588): blockedByLocationOff callingUid=1002
09-01 14:38:32.138 I/BluetoothUtils( 8588): packagename is android.uid.bluetooth:1002 ,and its permission is false
09-01 14:38:32.138 D/BluetoothUtils( 8588): blockedByLocationOff callingUid=1002
09-01 14:38:32.138 I/BluetoothUtils( 8588): packagename is android.uid.bluetooth:1002 ,and its permission is false
09-01 14:38:32.176 I/vendor.qti.bluetooth@1.0-ibs_handler(19843): ProcessIbsCmd: Received IBS_SLEEP_IND: 0xFE
09-01 14:38:32.176 D/vendor.qti.bluetooth@1.0-ibs_handler(19843): SerialClockVote: vote for UART CLK OFF
09-01 14:38:32.197 I/vendor.qti.bluetooth@1.0-ibs_handler(19843): ProcessIbsCmd: Received IBS_WAKE_IND: 0xFD
09-01 14:38:32.197 D/vendor.qti.bluetooth@1.0-ibs_handler(19843): SerialClockVote: vote for UART CLK ON
09-01 14:38:32.197 I/vendor.qti.bluetooth@1.0-ibs_handler(19843): ProcessIbsCmd: Writing IBS_WAKE_ACK
09-01 14:38:32.198 V/bt_stack( 8588): [VERBOSE1:btm_ble_gap.cc(1923)] btm_ble_process_ext_adv_pkt: bda=32:d2:03:03:d2:bd
09-01 14:38:32.198 V/bt_stack( 8588): [VERBOSE1:btm_ble_gap.cc(1847)] btm_ble_process_adv_addr: bda=32:d2:03:03:d2:bd
09-01 14:38:32.199 D/BluetoothUtils( 8588): blockedByLocationOff callingUid=1002
09-01 14:38:32.199 I/BluetoothUtils( 8588): packagename is android.uid.bluetooth:1002 ,and its permission is false
09-01 14:38:32.199 D/BluetoothUtils( 8588): blockedByLocationOff callingUid=1002
09-01 14:38:32.200 I/BluetoothUtils( 8588): packagename is android.uid.bluetooth:1002 ,and its permission is false
09-01 14:38:32.200 D/BluetoothUtils( 8588): blockedByLocationOff callingUid=1002
09-01 14:38:32.200 I/BluetoothUtils( 8588): packagename is android.uid.bluetooth:1002 ,and its permission is false
09-01 14:38:32.200 V/bt_stack( 8588): [VERBOSE1:btm_ble_gap.cc(1923)] btm_ble_process_ext_adv_pkt: bda=38:f9:d3:45:87:1e
09-01 14:38:32.200 V/bt_stack( 8588): [VERBOSE1:btm_ble_gap.cc(1847)] btm_ble_process_adv_addr: bda=38:f9:d3:45:87:1e
09-01 14:38:32.200 V/bt_stack( 8588): [VERBOSE1:btm_ble_gap.cc(2052)]  Waiting for scan response 38:f9:d3:45:87:1e
09-01 14:38:32.201 V/bt_stack( 8588): [VERBOSE1:btm_ble_gap.cc(1923)] btm_ble_process_ext_adv_pkt: bda=38:f9:d3:45:87:1e
09-01 14:38:32.201 V/bt_stack( 8588): [VERBOSE1:btm_ble_gap.cc(1847)] btm_ble_process_adv_addr: bda=38:f9:d3:45:87:1e
09-01 14:38:32.201 D/BluetoothUtils( 8588): blockedByLocationOff callingUid=1002
09-01 14:38:32.202 I/BluetoothUtils( 8588): packagename is android.uid.bluetooth:1002 ,and its permission is false
09-01 14:38:32.202 D/BluetoothUtils( 8588): blockedByLocationOff callingUid=1002
09-01 14:38:32.202 I/BluetoothUtils( 8588): packagename is android.uid.bluetooth:1002 ,and its permission is false
09-01 14:38:32.202 D/BluetoothUtils( 8588): blockedByLocationOff callingUid=1002
09-01 14:38:32.202 I/BluetoothUtils( 8588): packagename is android.uid.bluetooth:1002 ,and its permission is false
09-01 14:38:32.210 V/bt_stack( 8588): [VERBOSE1:btm_ble_gap.cc(1923)] btm_ble_process_ext_adv_pkt: bda=56:e4:da:79:d5:88
09-01 14:38:32.210 V/bt_stack( 8588): [VERBOSE1:btm_ble_gap.cc(1847)] btm_ble_process_adv_addr: bda=56:e4:da:79:d5:88
09-01 14:38:32.210 V/bt_stack( 8588): [VERBOSE1:btm_ble_gap.cc(2052)]  Waiting for scan response 56:e4:da:79:d5:88
09-01 14:38:32.210 V/bt_stack( 8588): [VERBOSE1:btm_ble_gap.cc(1923)] btm_ble_process_ext_adv_pkt: bda=56:e4:da:79:d5:88
09-01 14:38:32.210 V/bt_stack( 8588): [VERBOSE1:btm_ble_gap.cc(1847)] btm_ble_process_adv_addr: bda=56:e4:da:79:d5:88
09-01 14:38:32.211 D/BluetoothUtils( 8588): blockedByLocationOff callingUid=1002
09-01 14:38:32.211 I/BluetoothUtils( 8588): packagename is android.uid.bluetooth:1002 ,and its permission is false
09-01 14:38:32.211 D/BluetoothUtils( 8588): blockedByLocationOff callingUid=1002
09-01 14:38:32.212 I/BluetoothUtils( 8588): packagename is android.uid.bluetooth:1002 ,and its permission is false
09-01 14:38:32.212 D/BluetoothUtils( 8588): blockedByLocationOff callingUid=1002
09-01 14:38:32.212 I/BluetoothUtils( 8588): packagename is android.uid.bluetooth:1002 ,and its permission is false
09-01 14:38:32.219 V/bt_stack( 8588): [VERBOSE1:btm_ble_gap.cc(1923)] btm_ble_process_ext_adv_pkt: bda=35:45:bf:2c:e1:03
09-01 14:38:32.219 V/bt_stack( 8588): [VERBOSE1:btm_ble_gap.cc(1847)] btm_ble_process_adv_addr: bda=35:45:bf:2c:e1:03
09-01 14:38:32.220 D/BluetoothUtils( 8588): blockedByLocationOff callingUid=1002
09-01 14:38:32.220 I/BluetoothUtils( 8588): packagename is android.uid.bluetooth:1002 ,and its permission is false
09-01 14:38:32.220 D/BluetoothUtils( 8588): blockedByLocationOff callingUid=1002
09-01 14:38:32.220 I/BluetoothUtils( 8588): packagename is android.uid.bluetooth:1002 ,and its permission is false
09-01 14:38:32.220 D/BluetoothUtils( 8588): blockedByLocationOff callingUid=1002
09-01 14:38:32.221 I/BluetoothUtils( 8588): packagename is android.uid.bluetooth:1002 ,and its permission is false
09-01 14:38:32.225 V/bt_stack( 8588): [VERBOSE1:btm_ble_gap.cc(1923)] btm_ble_process_ext_adv_pkt: bda=6b:b4:0f:63:00:12
09-01 14:38:32.225 V/bt_stack( 8588): [VERBOSE1:btm_ble_gap.cc(1847)] btm_ble_process_adv_addr: bda=6b:b4:0f:63:00:12
09-01 14:38:32.225 V/bt_stack( 8588): [VERBOSE1:btm_ble_gap.cc(2052)]  Waiting for scan response 6b:b4:0f:63:00:12
09-01 14:38:32.225 V/bt_stack( 8588): [VERBOSE1:btm_ble_gap.cc(1923)] btm_ble_process_ext_adv_pkt: bda=6b:b4:0f:63:00:12
09-01 14:38:32.225 V/bt_stack( 8588): [VERBOSE1:btm_ble_gap.cc(1847)] btm_ble_process_adv_addr: bda=6b:b4:0f:63:00:12
09-01 14:38:32.226 D/BluetoothUtils( 8588): blockedByLocationOff callingUid=1002
09-01 14:38:32.226 I/BluetoothUtils( 8588): packagename is android.uid.bluetooth:1002 ,and its permission is false
09-01 14:38:32.226 D/BluetoothUtils( 8588): blockedByLocationOff callingUid=1002
09-01 14:38:32.227 I/BluetoothUtils( 8588): packagename is android.uid.bluetooth:1002 ,and its permission is false
09-01 14:38:32.227 D/BluetoothUtils( 8588): blockedByLocationOff callingUid=1002
09-01 14:38:32.227 I/BluetoothUtils( 8588): packagename is android.uid.bluetooth:1002 ,and its permission is false
09-01 14:38:32.230 V/bt_stack( 8588): [VERBOSE1:btm_ble_gap.cc(1923)] btm_ble_process_ext_adv_pkt: bda=6c:40:08:bb:80:d3
09-01 14:38:32.230 V/bt_stack( 8588): [VERBOSE1:btm_ble_gap.cc(1847)] btm_ble_process_adv_addr: bda=6c:40:08:bb:80:d3
09-01 14:38:32.230 V/bt_stack( 8588): [VERBOSE1:btm_ble_gap.cc(2052)]  Waiting for scan response 6c:40:08:bb:80:d3
09-01 14:38:32.231 V/bt_stack( 8588): [VERBOSE1:btm_ble_gap.cc(1923)] btm_ble_process_ext_adv_pkt: bda=6c:40:08:bb:80:d3
09-01 14:38:32.231 V/bt_stack( 8588): [VERBOSE1:btm_ble_gap.cc(1847)] btm_ble_process_adv_addr: bda=6c:40:08:bb:80:d3
09-01 14:38:32.231 D/BluetoothUtils( 8588): blockedByLocationOff callingUid=1002
09-01 14:38:32.231 I/BluetoothUtils( 8588): packagename is android.uid.bluetooth:1002 ,and its permission is false
09-01 14:38:32.231 D/BluetoothUtils( 8588): blockedByLocationOff callingUid=1002
09-01 14:38:32.232 I/BluetoothUtils( 8588): packagename is android.uid.bluetooth:1002 ,and its permission is false
09-01 14:38:32.232 D/BluetoothUtils( 8588): blockedByLocationOff callingUid=1002
09-01 14:38:32.232 I/BluetoothUtils( 8588): packagename is android.uid.bluetooth:1002 ,and its permission is false
09-01 14:38:32.234 V/bt_stack( 8588): [VERBOSE1:btm_ble_gap.cc(1923)] btm_ble_process_ext_adv_pkt: bda=38:f9:d3:45:87:1e
09-01 14:38:32.234 V/bt_stack( 8588): [VERBOSE1:btm_ble_gap.cc(1847)] btm_ble_process_adv_addr: bda=38:f9:d3:45:87:1e
09-01 14:38:32.234 V/bt_stack( 8588): [VERBOSE1:btm_ble_gap.cc(2052)]  Waiting for scan response 38:f9:d3:45:87:1e
09-01 14:38:32.234 V/bt_stack( 8588): [VERBOSE1:btm_ble_gap.cc(1923)] btm_ble_process_ext_adv_pkt: bda=38:f9:d3:45:87:1e
09-01 14:38:32.234 V/bt_stack( 8588): [VERBOSE1:btm_ble_gap.cc(1847)] btm_ble_process_adv_addr: bda=38:f9:d3:45:87:1e
09-01 14:38:32.235 D/BluetoothUtils( 8588): blockedByLocationOff callingUid=1002
09-01 14:38:32.235 V/bt_stack( 8588): [VERBOSE1:btm_ble_gap.cc(1923)] btm_ble_process_ext_adv_pkt: bda=17:7e:29:ab:4e:d0
09-01 14:38:32.235 V/bt_stack( 8588): [VERBOSE1:btm_ble_gap.cc(1847)] btm_ble_process_adv_addr: bda=17:7e:29:ab:4e:d0
09-01 14:38:32.237 I/BluetoothUtils( 8588): packagename is android.uid.bluetooth:1002 ,and its permission is false
09-01 14:38:32.237 D/BluetoothUtils( 8588): blockedByLocationOff callingUid=1002
09-01 14:38:32.237 I/BluetoothUtils( 8588): packagename is android.uid.bluetooth:1002 ,and its permission is false
09-01 14:38:32.237 D/BluetoothUtils( 8588): blockedByLocationOff callingUid=1002
09-01 14:38:32.238 I/BluetoothUtils( 8588): packagename is android.uid.bluetooth:1002 ,and its permission is false
09-01 14:38:32.238 D/BluetoothUtils( 8588): blockedByLocationOff callingUid=1002
09-01 14:38:32.238 I/BluetoothUtils( 8588): packagename is android.uid.bluetooth:1002 ,and its permission is false
09-01 14:38:32.239 D/BluetoothUtils( 8588): blockedByLocationOff callingUid=1002
09-01 14:38:32.239 I/BluetoothUtils( 8588): packagename is android.uid.bluetooth:1002 ,and its permission is false
09-01 14:38:32.239 D/BluetoothUtils( 8588): blockedByLocationOff callingUid=1002
09-01 14:38:32.239 I/BluetoothUtils( 8588): packagename is android.uid.bluetooth:1002 ,and its permission is false
09-01 14:38:32.250 V/bt_stack( 8588): [VERBOSE1:btm_ble_gap.cc(1923)] btm_ble_process_ext_adv_pkt: bda=56:e4:da:79:d5:88
09-01 14:38:32.250 V/bt_stack( 8588): [VERBOSE1:btm_ble_gap.cc(1847)] btm_ble_process_adv_addr: bda=56:e4:da:79:d5:88
09-01 14:38:32.250 V/bt_stack( 8588): [VERBOSE1:btm_ble_gap.cc(2052)]  Waiting for scan response 56:e4:da:79:d5:88
09-01 14:38:32.250 V/bt_stack( 8588): [VERBOSE1:btm_ble_gap.cc(1923)] btm_ble_process_ext_adv_pkt: bda=56:e4:da:79:d5:88
09-01 14:38:32.250 V/bt_stack( 8588): [VERBOSE1:btm_ble_gap.cc(1847)] btm_ble_process_adv_addr: bda=56:e4:da:79:d5:88
09-01 14:38:32.251 D/BluetoothUtils( 8588): blockedByLocationOff callingUid=1002
09-01 14:38:32.251 I/BluetoothUtils( 8588): packagename is android.uid.bluetooth:1002 ,and its permission is false
09-01 14:38:32.251 D/BluetoothUtils( 8588): blockedByLocationOff callingUid=1002
09-01 14:38:32.252 I/BluetoothUtils( 8588): packagename is android.uid.bluetooth:1002 ,and its permission is false
09-01 14:38:32.252 D/BluetoothUtils( 8588): blockedByLocationOff callingUid=1002
09-01 14:38:32.252 I/BluetoothUtils( 8588): packagename is android.uid.bluetooth:1002 ,and its permission is false
09-01 14:38:32.262 V/bt_stack( 8588): [VERBOSE1:btm_ble_gap.cc(1923)] btm_ble_process_ext_adv_pkt: bda=0a:29:89:b7:c8:4a
09-01 14:38:32.262 V/bt_stack( 8588): [VERBOSE1:btm_ble_gap.cc(1847)] btm_ble_process_adv_addr: bda=0a:29:89:b7:c8:4a
09-01 14:38:32.263 D/BluetoothUtils( 8588): blockedByLocationOff callingUid=1002
09-01 14:38:32.263 I/BluetoothUtils( 8588): packagename is android.uid.bluetooth:1002 ,and its permission is false
09-01 14:38:32.263 D/BluetoothUtils( 8588): blockedByLocationOff callingUid=1002
09-01 14:38:32.264 I/BluetoothUtils( 8588): packagename is android.uid.bluetooth:1002 ,and its permission is false
09-01 14:38:32.264 D/BluetoothUtils( 8588): blockedByLocationOff callingUid=1002
09-01 14:38:32.264 I/BluetoothUtils( 8588): packagename is android.uid.bluetooth:1002 ,and its permission is false
09-01 14:38:32.266 W/AsyncHttpResponse(11356): Current thread has not called Looper.prepare().Forcing synchronous mode
09-01 14:38:32.270 V/bt_stack( 8588): [VERBOSE1:btm_ble_gap.cc(1923)] btm_ble_process_ext_adv_pkt: bda=30:31:51:23:9b:e3
09-01 14:38:32.271 V/bt_stack( 8588): [VERBOSE1:btm_ble_gap.cc(1847)] btm_ble_process_adv_addr: bda=30:31:51:23:9b:e3
09-01 14:38:32.272 D/BluetoothUtils( 8588): blockedByLocationOff callingUid=1002
09-01 14:38:32.272 I/BluetoothUtils( 8588): packagename is android.uid.bluetooth:1002 ,and its permission is false
09-01 14:38:32.272 D/BluetoothUtils( 8588): blockedByLocationOff callingUid=1002
09-01 14:38:32.272 I/BluetoothUtils( 8588): packagename is android.uid.bluetooth:1002 ,and its permission is false
09-01 14:38:32.272 D/BluetoothUtils( 8588): blockedByLocationOff callingUid=1002
09-01 14:38:32.273 I/BluetoothUtils( 8588): packagename is android.uid.bluetooth:1002 ,and its permission is false
09-01 14:38:32.280 V/bt_stack( 8588): [VERBOSE1:btm_ble_gap.cc(1923)] btm_ble_process_ext_adv_pkt: bda=2a:1b:52:ac:62:5d
09-01 14:38:32.280 V/bt_stack( 8588): [VERBOSE1:btm_ble_gap.cc(1847)] btm_ble_process_adv_addr: bda=2a:1b:52:ac:62:5d
09-01 14:38:32.281 D/BluetoothUtils( 8588): blockedByLocationOff callingUid=1002
09-01 14:38:32.281 I/BluetoothUtils( 8588): packagename is android.uid.bluetooth:1002 ,and its permission is false
09-01 14:38:32.281 D/BluetoothUtils( 8588): blockedByLocationOff callingUid=1002
09-01 14:38:32.281 I/BluetoothUtils( 8588): packagename is android.uid.bluetooth:1002 ,and its permission is false
09-01 14:38:32.281 V/bt_stack( 8588): [VERBOSE1:btm_ble_gap.cc(1923)] btm_ble_process_ext_adv_pkt: bda=56:e4:da:79:d5:88
09-01 14:38:32.281 V/bt_stack( 8588): [VERBOSE1:btm_ble_gap.cc(1847)] btm_ble_process_adv_addr: bda=56:e4:da:79:d5:88
09-01 14:38:32.281 D/BluetoothUtils( 8588): blockedByLocationOff callingUid=1002
09-01 14:38:32.281 V/bt_stack( 8588): [VERBOSE1:btm_ble_gap.cc(2052)]  Waiting for scan response 56:e4:da:79:d5:88
09-01 14:38:32.282 I/BluetoothUtils( 8588): packagename is android.uid.bluetooth:1002 ,and its permission is false
09-01 14:38:32.283 V/bt_stack( 8588): [VERBOSE1:btm_ble_gap.cc(1923)] btm_ble_process_ext_adv_pkt: bda=56:e4:da:79:d5:88
09-01 14:38:32.283 V/bt_stack( 8588): [VERBOSE1:btm_ble_gap.cc(1847)] btm_ble_process_adv_addr: bda=56:e4:da:79:d5:88
09-01 14:38:32.283 D/BluetoothUtils( 8588): blockedByLocationOff callingUid=1002
09-01 14:38:32.284 I/BluetoothUtils( 8588): packagename is android.uid.bluetooth:1002 ,and its permission is false
09-01 14:38:32.284 V/bt_stack( 8588): [VERBOSE1:btm_ble_gap.cc(1923)] btm_ble_process_ext_adv_pkt: bda=78:e7:79:bd:c0:21
09-01 14:38:32.284 D/BluetoothUtils( 8588): blockedByLocationOff callingUid=1002
09-01 14:38:32.284 V/bt_stack( 8588): [VERBOSE1:btm_ble_gap.cc(1847)] btm_ble_process_adv_addr: bda=78:e7:79:bd:c0:21
09-01 14:38:32.284 V/bt_stack( 8588): [VERBOSE1:btm_ble_gap.cc(2052)]  Waiting for scan response 78:e7:79:bd:c0:21
09-01 14:38:32.284 V/bt_stack( 8588): [VERBOSE1:btm_ble_gap.cc(1923)] btm_ble_process_ext_adv_pkt: bda=15:60:5f:ab:4f:6e
09-01 14:38:32.284 V/bt_stack( 8588): [VERBOSE1:btm_ble_gap.cc(1847)] btm_ble_process_adv_addr: bda=15:60:5f:ab:4f:6e
09-01 14:38:32.284 I/BluetoothUtils( 8588): packagename is android.uid.bluetooth:1002 ,and its permission is false
09-01 14:38:32.285 D/BluetoothUtils( 8588): blockedByLocationOff callingUid=1002
09-01 14:38:32.285 I/BluetoothUtils( 8588): packagename is android.uid.bluetooth:1002 ,and its permission is false
09-01 14:38:32.285 D/BluetoothUtils( 8588): blockedByLocationOff callingUid=1002
09-01 14:38:32.286 I/BluetoothUtils( 8588): packagename is android.uid.bluetooth:1002 ,and its permission is false
09-01 14:38:32.286 V/bt_stack( 8588): [VERBOSE1:btm_ble_gap.cc(1923)] btm_ble_process_ext_adv_pkt: bda=01:f5:30:c0:9b:7a
09-01 14:38:32.286 D/BluetoothUtils( 8588): blockedByLocationOff callingUid=1002
09-01 14:38:32.286 V/bt_stack( 8588): [VERBOSE1:btm_ble_gap.cc(1847)] btm_ble_process_adv_addr: bda=01:f5:30:c0:9b:7a
09-01 14:38:32.286 I/BluetoothUtils( 8588): packagename is android.uid.bluetooth:1002 ,and its permission is false
09-01 14:38:32.286 D/BluetoothUtils( 8588): blockedByLocationOff callingUid=1002
09-01 14:38:32.287 I/BluetoothUtils( 8588): packagename is android.uid.bluetooth:1002 ,and its permission is false
09-01 14:38:32.287 D/[Koin]  (11356): +- get 'com.huami.stress.domain.O00000oO.O000000o.O000000o'
09-01 14:38:32.287 D/[Koin]  (11356): | create instance for [type:Factory,primary_type:'com.huami.stress.domain.O00000oO.O000000o.O000000o']
09-01 14:38:32.287 D/[Koin]  (11356): +- get 'com.huami.stress.domain.O00000o.O000000o'
09-01 14:38:32.287 D/[Koin]  (11356): | create instance for [type:Factory,primary_type:'com.huami.stress.domain.O00000o.O000000o']
09-01 14:38:32.287 D/BluetoothUtils( 8588): blockedByLocationOff callingUid=1002
09-01 14:38:32.287 D/[Koin]  (11356): +- got 'com.huami.stress.domain.O00000o.O000000o' in 0.079115 ms
09-01 14:38:32.287 D/[Koin]  (11356): +- got 'com.huami.stress.domain.O00000oO.O000000o.O000000o' in 0.189271 ms
09-01 14:38:32.287 I/BluetoothUtils( 8588): packagename is android.uid.bluetooth:1002 ,and its permission is false
09-01 14:38:32.288 D/BluetoothUtils( 8588): blockedByLocationOff callingUid=1002
09-01 14:38:32.288 I/BluetoothUtils( 8588): packagename is android.uid.bluetooth:1002 ,and its permission is false
09-01 14:38:32.288 D/BluetoothUtils( 8588): blockedByLocationOff callingUid=1002
09-01 14:38:32.288 I/BluetoothUtils( 8588): packagename is android.uid.bluetooth:1002 ,and its permission is false
09-01 14:38:32.306 V/bt_stack( 8588): [VERBOSE1:btm_ble_gap.cc(1923)] btm_ble_process_ext_adv_pkt: bda=32:d2:03:03:d2:bd
09-01 14:38:32.306 V/bt_stack( 8588): [VERBOSE1:btm_ble_gap.cc(1847)] btm_ble_process_adv_addr: bda=32:d2:03:03:d2:bd
09-01 14:38:32.306 D/BluetoothUtils( 8588): blockedByLocationOff callingUid=1002
09-01 14:38:32.307 I/BluetoothUtils( 8588): packagename is android.uid.bluetooth:1002 ,and its permission is false
09-01 14:38:32.307 D/BluetoothUtils( 8588): blockedByLocationOff callingUid=1002
09-01 14:38:32.307 I/BluetoothUtils( 8588): packagename is android.uid.bluetooth:1002 ,and its permission is false
09-01 14:38:32.307 D/BluetoothUtils( 8588): blockedByLocationOff callingUid=1002
09-01 14:38:32.307 I/BluetoothUtils( 8588): packagename is android.uid.bluetooth:1002 ,and its permission is false
09-01 14:38:32.307 V/bt_stack( 8588): [VERBOSE1:btm_ble_gap.cc(1923)] btm_ble_process_ext_adv_pkt: bda=38:f9:d3:45:87:1e
09-01 14:38:32.308 V/bt_stack( 8588): [VERBOSE1:btm_ble_gap.cc(1847)] btm_ble_process_adv_addr: bda=38:f9:d3:45:87:1e
09-01 14:38:32.308 V/bt_stack( 8588): [VERBOSE1:btm_ble_gap.cc(2052)]  Waiting for scan response 38:f9:d3:45:87:1e
09-01 14:38:32.308 V/bt_stack( 8588): [VERBOSE1:btm_ble_gap.cc(1923)] btm_ble_process_ext_adv_pkt: bda=38:f9:d3:45:87:1e
09-01 14:38:32.308 V/bt_stack( 8588): [VERBOSE1:btm_ble_gap.cc(1847)] btm_ble_process_adv_addr: bda=38:f9:d3:45:87:1e
09-01 14:38:32.308 D/BluetoothUtils( 8588): blockedByLocationOff callingUid=1002
09-01 14:38:32.308 I/BluetoothUtils( 8588): packagename is android.uid.bluetooth:1002 ,and its permission is false
09-01 14:38:32.309 D/BluetoothUtils( 8588): blockedByLocationOff callingUid=1002
09-01 14:38:32.309 I/BluetoothUtils( 8588): packagename is android.uid.bluetooth:1002 ,and its permission is false
09-01 14:38:32.309 D/BluetoothUtils( 8588): blockedByLocationOff callingUid=1002
09-01 14:38:32.309 I/BluetoothUtils( 8588): packagename is android.uid.bluetooth:1002 ,and its permission is false
09-01 14:38:32.318 V/AsyncHttpResponse(11356): Progress 12 from 12 (100%)
09-01 14:38:32.319 V/bt_stack( 8588): [VERBOSE1:btm_ble_gap.cc(1923)] btm_ble_process_ext_adv_pkt: bda=56:e4:da:79:d5:88
09-01 14:38:32.319 V/bt_stack( 8588): [VERBOSE1:btm_ble_gap.cc(1847)] btm_ble_process_adv_addr: bda=56:e4:da:79:d5:88
09-01 14:38:32.319 V/bt_stack( 8588): [VERBOSE1:btm_ble_gap.cc(2052)]  Waiting for scan response 56:e4:da:79:d5:88
09-01 14:38:32.319 V/bt_stack( 8588): [VERBOSE1:btm_ble_gap.cc(1923)] btm_ble_process_ext_adv_pkt: bda=56:e4:da:79:d5:88
09-01 14:38:32.319 V/bt_stack( 8588): [VERBOSE1:btm_ble_gap.cc(1847)] btm_ble_process_adv_addr: bda=56:e4:da:79:d5:88
09-01 14:38:32.320 D/BluetoothUtils( 8588): blockedByLocationOff callingUid=1002
09-01 14:38:32.321 I/BluetoothUtils( 8588): packagename is android.uid.bluetooth:1002 ,and its permission is false
09-01 14:38:32.321 D/BluetoothUtils( 8588): blockedByLocationOff callingUid=1002
09-01 14:38:32.321 I/BluetoothUtils( 8588): packagename is android.uid.bluetooth:1002 ,and its permission is false
09-01 14:38:32.321 D/BluetoothUtils( 8588): blockedByLocationOff callingUid=1002
09-01 14:38:32.321 I/BluetoothUtils( 8588): packagename is android.uid.bluetooth:1002 ,and its permission is false
09-01 14:38:32.331 V/bt_stack( 8588): [VERBOSE1:btm_ble_gap.cc(1923)] btm_ble_process_ext_adv_pkt: bda=7a:5d:64:2b:34:77
09-01 14:38:32.331 V/bt_stack( 8588): [VERBOSE1:btm_ble_gap.cc(1847)] btm_ble_process_adv_addr: bda=7a:5d:64:2b:34:77
09-01 14:38:32.331 V/bt_stack( 8588): [VERBOSE1:btm_ble_gap.cc(2052)]  Waiting for scan response 7a:5d:64:2b:34:77
09-01 14:38:32.331 V/bt_stack( 8588): [VERBOSE1:btm_ble_gap.cc(1923)] btm_ble_process_ext_adv_pkt: bda=00:35:64:83:a4:98
09-01 14:38:32.331 V/bt_stack( 8588): [VERBOSE1:btm_ble_gap.cc(1847)] btm_ble_process_adv_addr: bda=00:35:64:83:a4:98
09-01 14:38:32.332 D/BluetoothUtils( 8588): blockedByLocationOff callingUid=1002
09-01 14:38:32.332 I/BluetoothUtils( 8588): packagename is android.uid.bluetooth:1002 ,and its permission is false
09-01 14:38:32.332 D/BluetoothUtils( 8588): blockedByLocationOff callingUid=1002
09-01 14:38:32.333 I/BluetoothUtils( 8588): packagename is android.uid.bluetooth:1002 ,and its permission is false
09-01 14:38:32.333 D/BluetoothUtils( 8588): blockedByLocationOff callingUid=1002
09-01 14:38:32.333 I/BluetoothUtils( 8588): packagename is android.uid.bluetooth:1002 ,and its permission is false
09-01 14:38:32.335 W/AsyncHttpResponse(11356): Current thread has not called Looper.prepare().Forcing synchronous mode
09-01 14:38:32.335 V/bt_stack( 8588): [VERBOSE1:btm_ble_gap.cc(1923)] btm_ble_process_ext_adv_pkt: bda=66:3e:07:e0:2b:d4
09-01 14:38:32.335 V/bt_stack( 8588): [VERBOSE1:btm_ble_gap.cc(1847)] btm_ble_process_adv_addr: bda=66:3e:07:e0:2b:d4
09-01 14:38:32.335 V/bt_stack( 8588): [VERBOSE1:btm_ble_gap.cc(2052)]  Waiting for scan response 66:3e:07:e0:2b:d4
09-01 14:38:32.335 V/bt_stack( 8588): [VERBOSE1:btm_ble_gap.cc(1923)] btm_ble_process_ext_adv_pkt: bda=66:3e:07:e0:2b:d4
09-01 14:38:32.335 V/bt_stack( 8588): [VERBOSE1:btm_ble_gap.cc(1847)] btm_ble_process_adv_addr: bda=66:3e:07:e0:2b:d4
09-01 14:38:32.336 D/BluetoothUtils( 8588): blockedByLocationOff callingUid=1002
09-01 14:38:32.337 I/BluetoothUtils( 8588): packagename is android.uid.bluetooth:1002 ,and its permission is false
09-01 14:38:32.337 D/BluetoothUtils( 8588): blockedByLocationOff callingUid=1002
09-01 14:38:32.337 I/BluetoothUtils( 8588): packagename is android.uid.bluetooth:1002 ,and its permission is false
09-01 14:38:32.338 D/BluetoothUtils( 8588): blockedByLocationOff callingUid=1002
09-01 14:38:32.338 I/BluetoothUtils( 8588): packagename is android.uid.bluetooth:1002 ,and its permission is false
09-01 14:38:32.352 V/bt_stack( 8588): [VERBOSE1:btm_ble_gap.cc(1923)] btm_ble_process_ext_adv_pkt: bda=63:53:07:fa:3c:f1
09-01 14:38:32.352 V/bt_stack( 8588): [VERBOSE1:btm_ble_gap.cc(1847)] btm_ble_process_adv_addr: bda=63:53:07:fa:3c:f1
09-01 14:38:32.353 D/BluetoothUtils( 8588): blockedByLocationOff callingUid=1002
09-01 14:38:32.354 I/BluetoothUtils( 8588): packagename is android.uid.bluetooth:1002 ,and its permission is false
09-01 14:38:32.354 D/BluetoothUtils( 8588): blockedByLocationOff callingUid=1002
09-01 14:38:32.354 I/BluetoothUtils( 8588): packagename is android.uid.bluetooth:1002 ,and its permission is false
09-01 14:38:32.354 D/BluetoothUtils( 8588): blockedByLocationOff callingUid=1002
09-01 14:38:32.355 I/BluetoothUtils( 8588): packagename is android.uid.bluetooth:1002 ,and its permission is false
09-01 14:38:32.356 V/bt_stack( 8588): [VERBOSE1:btm_ble_gap.cc(1923)] btm_ble_process_ext_adv_pkt: bda=0c:39:e9:d5:de:20
09-01 14:38:32.356 V/bt_stack( 8588): [VERBOSE1:btm_ble_gap.cc(1847)] btm_ble_process_adv_addr: bda=0c:39:e9:d5:de:20
09-01 14:38:32.357 V/bt_stack( 8588): [VERBOSE1:btm_ble_gap.cc(1923)] btm_ble_process_ext_adv_pkt: bda=56:e4:da:79:d5:88
09-01 14:38:32.357 V/bt_stack( 8588): [VERBOSE1:btm_ble_gap.cc(1847)] btm_ble_process_adv_addr: bda=56:e4:da:79:d5:88
09-01 14:38:32.357 V/bt_stack( 8588): [VERBOSE1:btm_ble_gap.cc(2052)]  Waiting for scan response 56:e4:da:79:d5:88
09-01 14:38:32.357 V/bt_stack( 8588): [VERBOSE1:btm_ble_gap.cc(1923)] btm_ble_process_ext_adv_pkt: bda=56:e4:da:79:d5:88
09-01 14:38:32.357 V/bt_stack( 8588): [VERBOSE1:btm_ble_gap.cc(1847)] btm_ble_process_adv_addr: bda=56:e4:da:79:d5:88
09-01 14:38:32.357 D/BluetoothUtils( 8588): blockedByLocationOff callingUid=1002
09-01 14:38:32.357 I/BluetoothUtils( 8588): packagename is android.uid.bluetooth:1002 ,and its permission is false
09-01 14:38:32.358 D/BluetoothUtils( 8588): blockedByLocationOff callingUid=1002
09-01 14:38:32.358 I/BluetoothUtils( 8588): packagename is android.uid.bluetooth:1002 ,and its permission is false
09-01 14:38:32.358 D/BluetoothUtils( 8588): blockedByLocationOff callingUid=1002
09-01 14:38:32.358 I/BluetoothUtils( 8588): packagename is android.uid.bluetooth:1002 ,and its permission is false
09-01 14:38:32.359 D/BluetoothUtils( 8588): blockedByLocationOff callingUid=1002
09-01 14:38:32.359 I/BluetoothUtils( 8588): packagename is android.uid.bluetooth:1002 ,and its permission is false
09-01 14:38:32.359 D/BluetoothUtils( 8588): blockedByLocationOff callingUid=1002
09-01 14:38:32.359 I/BluetoothUtils( 8588): packagename is android.uid.bluetooth:1002 ,and its permission is false
09-01 14:38:32.359 D/BluetoothUtils( 8588): blockedByLocationOff callingUid=1002
09-01 14:38:32.360 I/BluetoothUtils( 8588): packagename is android.uid.bluetooth:1002 ,and its permission is false
09-01 14:38:32.360 V/bt_stack( 8588): [VERBOSE1:btm_ble_gap.cc(1923)] btm_ble_process_ext_adv_pkt: bda=59:5f:ac:32:e1:b7
09-01 14:38:32.360 V/bt_stack( 8588): [VERBOSE1:btm_ble_gap.cc(1847)] btm_ble_process_adv_addr: bda=59:5f:ac:32:e1:b7
09-01 14:38:32.360 V/bt_stack( 8588): [VERBOSE1:btm_ble_gap.cc(2052)]  Waiting for scan response 59:5f:ac:32:e1:b7
09-01 14:38:32.360 V/bt_stack( 8588): [VERBOSE1:btm_ble_gap.cc(1923)] btm_ble_process_ext_adv_pkt: bda=59:5f:ac:32:e1:b7
09-01 14:38:32.360 V/bt_stack( 8588): [VERBOSE1:btm_ble_gap.cc(1847)] btm_ble_process_adv_addr: bda=59:5f:ac:32:e1:b7
09-01 14:38:32.361 D/BluetoothUtils( 8588): blockedByLocationOff callingUid=1002
09-01 14:38:32.362 I/BluetoothUtils( 8588): packagename is android.uid.bluetooth:1002 ,and its permission is false
09-01 14:38:32.362 D/BluetoothUtils( 8588): blockedByLocationOff callingUid=1002
09-01 14:38:32.362 I/BluetoothUtils( 8588): packagename is android.uid.bluetooth:1002 ,and its permission is false
09-01 14:38:32.362 D/BluetoothUtils( 8588): blockedByLocationOff callingUid=1002
09-01 14:38:32.362 I/BluetoothUtils( 8588): packagename is android.uid.bluetooth:1002 ,and its permission is false
09-01 14:38:32.367 V/bt_stack( 8588): [VERBOSE1:btm_ble_gap.cc(1923)] btm_ble_process_ext_adv_pkt: bda=0a:29:89:b7:c8:4a
09-01 14:38:32.367 V/bt_stack( 8588): [VERBOSE1:btm_ble_gap.cc(1847)] btm_ble_process_adv_addr: bda=0a:29:89:b7:c8:4a
09-01 14:38:32.368 D/BluetoothUtils( 8588): blockedByLocationOff callingUid=1002
09-01 14:38:32.368 I/BluetoothUtils( 8588): packagename is android.uid.bluetooth:1002 ,and its permission is false
09-01 14:38:32.369 D/BluetoothUtils( 8588): blockedByLocationOff callingUid=1002
09-01 14:38:32.369 I/BluetoothUtils( 8588): packagename is android.uid.bluetooth:1002 ,and its permission is false
09-01 14:38:32.369 D/BluetoothUtils( 8588): blockedByLocationOff callingUid=1002
09-01 14:38:32.369 I/BluetoothUtils( 8588): packagename is android.uid.bluetooth:1002 ,and its permission is false
09-01 14:38:32.371 V/bt_stack( 8588): [VERBOSE1:btm_ble_gap.cc(1923)] btm_ble_process_ext_adv_pkt: bda=24:36:26:fc:bf:e5
09-01 14:38:32.371 V/bt_stack( 8588): [VERBOSE1:btm_ble_gap.cc(1847)] btm_ble_process_adv_addr: bda=24:36:26:fc:bf:e5
09-01 14:38:32.372 D/BluetoothUtils( 8588): blockedByLocationOff callingUid=1002
09-01 14:38:32.373 I/BluetoothUtils( 8588): packagename is android.uid.bluetooth:1002 ,and its permission is false
09-01 14:38:32.373 D/BluetoothUtils( 8588): blockedByLocationOff callingUid=1002
09-01 14:38:32.373 I/BluetoothUtils( 8588): packagename is android.uid.bluetooth:1002 ,and its permission is false
09-01 14:38:32.373 D/BluetoothUtils( 8588): blockedByLocationOff callingUid=1002
09-01 14:38:32.373 I/BluetoothUtils( 8588): packagename is android.uid.bluetooth:1002 ,and its permission is false
09-01 14:38:32.376 V/bt_stack( 8588): [VERBOSE1:btm_ble_gap.cc(1923)] btm_ble_process_ext_adv_pkt: bda=30:31:51:23:9b:e3
09-01 14:38:32.376 V/bt_stack( 8588): [VERBOSE1:btm_ble_gap.cc(1847)] btm_ble_process_adv_addr: bda=30:31:51:23:9b:e3
09-01 14:38:32.378 D/BluetoothUtils( 8588): blockedByLocationOff callingUid=1002
09-01 14:38:32.378 I/BluetoothUtils( 8588): packagename is android.uid.bluetooth:1002 ,and its permission is false
09-01 14:38:32.378 D/BluetoothUtils( 8588): blockedByLocationOff callingUid=1002
09-01 14:38:32.379 I/BluetoothUtils( 8588): packagename is android.uid.bluetooth:1002 ,and its permission is false
09-01 14:38:32.379 D/BluetoothUtils( 8588): blockedByLocationOff callingUid=1002
09-01 14:38:32.379 I/BluetoothUtils( 8588): packagename is android.uid.bluetooth:1002 ,and its permission is false
09-01 14:38:32.380 V/bt_stack( 8588): [VERBOSE1:btm_ble_gap.cc(1923)] btm_ble_process_ext_adv_pkt: bda=38:f9:d3:45:87:1e
09-01 14:38:32.380 V/bt_stack( 8588): [VERBOSE1:btm_ble_gap.cc(1847)] btm_ble_process_adv_addr: bda=38:f9:d3:45:87:1e
09-01 14:38:32.380 V/bt_stack( 8588): [VERBOSE1:btm_ble_gap.cc(2052)]  Waiting for scan response 38:f9:d3:45:87:1e
09-01 14:38:32.380 V/bt_stack( 8588): [VERBOSE1:btm_ble_gap.cc(1923)] btm_ble_process_ext_adv_pkt: bda=38:f9:d3:45:87:1e
09-01 14:38:32.380 V/bt_stack( 8588): [VERBOSE1:btm_ble_gap.cc(1847)] btm_ble_process_adv_addr: bda=38:f9:d3:45:87:1e
09-01 14:38:32.381 D/BluetoothUtils( 8588): blockedByLocationOff callingUid=1002
09-01 14:38:32.381 I/BluetoothUtils( 8588): packagename is android.uid.bluetooth:1002 ,and its permission is false
09-01 14:38:32.381 D/BluetoothUtils( 8588): blockedByLocationOff callingUid=1002
09-01 14:38:32.382 I/BluetoothUtils( 8588): packagename is android.uid.bluetooth:1002 ,and its permission is false
09-01 14:38:32.382 D/BluetoothUtils( 8588): blockedByLocationOff callingUid=1002
09-01 14:38:32.382 I/BluetoothUtils( 8588): packagename is android.uid.bluetooth:1002 ,and its permission is false
09-01 14:38:32.383 V/AsyncHttpResponse(11356): Progress 12 from 12 (100%)
09-01 14:38:32.387 I/SplashScreenServiceDelegate( 1639): None for com.xiaomi.hm.health
09-01 14:38:32.387 V/bt_stack( 8588): [VERBOSE1:btm_ble_gap.cc(1923)] btm_ble_process_ext_adv_pkt: bda=01:f5:30:c0:9b:7a
09-01 14:38:32.387 V/bt_stack( 8588): [VERBOSE1:btm_ble_gap.cc(1847)] btm_ble_process_adv_addr: bda=01:f5:30:c0:9b:7a
09-01 14:38:32.388 D/BluetoothUtils( 8588): blockedByLocationOff callingUid=1002
09-01 14:38:32.388 I/BluetoothUtils( 8588): packagename is android.uid.bluetooth:1002 ,and its permission is false
09-01 14:38:32.388 D/BluetoothUtils( 8588): blockedByLocationOff callingUid=1002
09-01 14:38:32.389 I/BluetoothUtils( 8588): packagename is android.uid.bluetooth:1002 ,and its permission is false
09-01 14:38:32.389 D/BluetoothUtils( 8588): blockedByLocationOff callingUid=1002
09-01 14:38:32.389 I/BluetoothUtils( 8588): packagename is android.uid.bluetooth:1002 ,and its permission is false
09-01 14:38:32.395 V/bt_stack( 8588): [VERBOSE1:btm_ble_gap.cc(1923)] btm_ble_process_ext_adv_pkt: bda=56:e4:da:79:d5:88
09-01 14:38:32.395 V/bt_stack( 8588): [VERBOSE1:btm_ble_gap.cc(1847)] btm_ble_process_adv_addr: bda=56:e4:da:79:d5:88
09-01 14:38:32.395 V/bt_stack( 8588): [VERBOSE1:btm_ble_gap.cc(2052)]  Waiting for scan response 56:e4:da:79:d5:88
09-01 14:38:32.397 I/MiuiNetworkPolicy( 1639): updateUidState uid = 10069, uidState = 20
09-01 14:38:32.397 V/bt_stack( 8588): [VERBOSE1:btm_ble_gap.cc(1923)] btm_ble_process_ext_adv_pkt: bda=56:e4:da:79:d5:88
09-01 14:38:32.397 V/bt_stack( 8588): [VERBOSE1:btm_ble_gap.cc(1847)] btm_ble_process_adv_addr: bda=56:e4:da:79:d5:88
09-01 14:38:32.398 D/BluetoothUtils( 8588): blockedByLocationOff callingUid=1002
09-01 14:38:32.399 I/BluetoothUtils( 8588): packagename is android.uid.bluetooth:1002 ,and its permission is false
09-01 14:38:32.399 D/BluetoothUtils( 8588): blockedByLocationOff callingUid=1002
09-01 14:38:32.400 I/BluetoothUtils( 8588): packagename is android.uid.bluetooth:1002 ,and its permission is false
09-01 14:38:32.400 D/BluetoothUtils( 8588): blockedByLocationOff callingUid=1002
09-01 14:38:32.401 I/BluetoothUtils( 8588): packagename is android.uid.bluetooth:1002 ,and its permission is false
09-01 14:38:32.410 D/Zygote  (  680): Forked child process 12268
09-01 14:38:32.412 D/Boost   ( 1639): hostingType=FastRestart, hostingName=com.android.camera, callerPackage=system, isSystem=true, isBoostNeeded=false.
09-01 14:38:32.412 V/bt_stack( 8588): [VERBOSE1:btm_ble_gap.cc(1923)] btm_ble_process_ext_adv_pkt: bda=ef:b7:d5:04:a7:8a
09-01 14:38:32.412 V/bt_stack( 8588): [VERBOSE1:btm_ble_gap.cc(1847)] btm_ble_process_adv_addr: bda=ef:b7:d5:04:a7:8a
09-01 14:38:32.412 V/bt_stack( 8588): [VERBOSE1:btm_ble_gap.cc(2052)]  Waiting for scan response ef:b7:d5:04:a7:8a
09-01 14:38:32.412 D/OemNetd (  679): setPidForPackage: packageName=com.android.camera, pid=12268, pid=10069
09-01 14:38:32.412 I/ActivityManager( 1639): Start proc 12268:com.android.camera/u0a69 for FastRestart com.android.camera caller=system
09-01 14:38:32.418 V/bt_stack( 8588): [VERBOSE1:btm_ble_gap.cc(1923)] btm_ble_process_ext_adv_pkt: bda=6c:40:08:bb:80:d3
09-01 14:38:32.418 V/bt_stack( 8588): [VERBOSE1:btm_ble_gap.cc(1847)] btm_ble_process_adv_addr: bda=6c:40:08:bb:80:d3
09-01 14:38:32.418 V/bt_stack( 8588): [VERBOSE1:btm_ble_gap.cc(2052)]  Waiting for scan response 6c:40:08:bb:80:d3
09-01 14:38:32.418 V/bt_stack( 8588): [VERBOSE1:btm_ble_gap.cc(1923)] btm_ble_process_ext_adv_pkt: bda=1c:91:72:ba:f7:2e
09-01 14:38:32.418 V/bt_stack( 8588): [VERBOSE1:btm_ble_gap.cc(1847)] btm_ble_process_adv_addr: bda=1c:91:72:ba:f7:2e
09-01 14:38:32.419 D/BluetoothUtils( 8588): blockedByLocationOff callingUid=1002
09-01 14:38:32.419 I/BluetoothUtils( 8588): packagename is android.uid.bluetooth:1002 ,and its permission is false
09-01 14:38:32.419 D/BluetoothUtils( 8588): blockedByLocationOff callingUid=1002
09-01 14:38:32.419 I/BluetoothUtils( 8588): packagename is android.uid.bluetooth:1002 ,and its permission is false
09-01 14:38:32.420 D/BluetoothUtils( 8588): blockedByLocationOff callingUid=1002
09-01 14:38:32.420 I/BluetoothUtils( 8588): packagename is android.uid.bluetooth:1002 ,and its permission is false
09-01 14:38:32.431 V/bt_stack( 8588): [VERBOSE1:btm_ble_gap.cc(1923)] btm_ble_process_ext_adv_pkt: bda=56:e4:da:79:d5:88
09-01 14:38:32.431 V/bt_stack( 8588): [VERBOSE1:btm_ble_gap.cc(1847)] btm_ble_process_adv_addr: bda=56:e4:da:79:d5:88
09-01 14:38:32.431 V/bt_stack( 8588): [VERBOSE1:btm_ble_gap.cc(2052)]  Waiting for scan response 56:e4:da:79:d5:88
09-01 14:38:32.432 V/bt_stack( 8588): [VERBOSE1:btm_ble_gap.cc(1923)] btm_ble_process_ext_adv_pkt: bda=56:e4:da:79:d5:88
09-01 14:38:32.432 V/bt_stack( 8588): [VERBOSE1:btm_ble_gap.cc(1847)] btm_ble_process_adv_addr: bda=56:e4:da:79:d5:88
09-01 14:38:32.432 D/BluetoothUtils( 8588): blockedByLocationOff callingUid=1002
09-01 14:38:32.433 I/BluetoothUtils( 8588): packagename is android.uid.bluetooth:1002 ,and its permission is false
09-01 14:38:32.433 D/BluetoothUtils( 8588): blockedByLocationOff callingUid=1002
09-01 14:38:32.434 I/BluetoothUtils( 8588): packagename is android.uid.bluetooth:1002 ,and its permission is false
09-01 14:38:32.434 D/BluetoothUtils( 8588): blockedByLocationOff callingUid=1002
09-01 14:38:32.434 I/BluetoothUtils( 8588): packagename is android.uid.bluetooth:1002 ,and its permission is false
09-01 14:38:32.437 D/CompatibilityInfo( 1639): mCompatibilityFlags - 0
09-01 14:38:32.438 D/CompatibilityInfo( 1639): applicationDensity - 440
09-01 14:38:32.438 D/CompatibilityInfo( 1639): applicationScale - 1.0
09-01 14:38:32.438 V/bt_stack( 8588): [VERBOSE1:btm_ble_gap.cc(1923)] btm_ble_process_ext_adv_pkt: bda=00:35:64:83:a4:98
09-01 14:38:32.439 V/bt_stack( 8588): [VERBOSE1:btm_ble_gap.cc(1847)] btm_ble_process_adv_addr: bda=00:35:64:83:a4:98
09-01 14:38:32.439 D/BluetoothUtils( 8588): blockedByLocationOff callingUid=1002
09-01 14:38:32.441 V/bt_stack( 8588): [VERBOSE1:btm_ble_gap.cc(1923)] btm_ble_process_ext_adv_pkt: bda=17:7e:29:ab:4e:d0
09-01 14:38:32.441 V/bt_stack( 8588): [VERBOSE1:btm_ble_gap.cc(1847)] btm_ble_process_adv_addr: bda=17:7e:29:ab:4e:d0
09-01 14:38:32.443 I/BluetoothUtils( 8588): packagename is android.uid.bluetooth:1002 ,and its permission is false
09-01 14:38:32.443 D/BluetoothUtils( 8588): blockedByLocationOff callingUid=1002
09-01 14:38:32.444 I/BluetoothUtils( 8588): packagename is android.uid.bluetooth:1002 ,and its permission is false
09-01 14:38:32.444 D/BluetoothUtils( 8588): blockedByLocationOff callingUid=1002
09-01 14:38:32.444 I/BluetoothUtils( 8588): packagename is android.uid.bluetooth:1002 ,and its permission is false
09-01 14:38:32.445 D/BluetoothUtils( 8588): blockedByLocationOff callingUid=1002
09-01 14:38:32.445 I/BluetoothUtils( 8588): packagename is android.uid.bluetooth:1002 ,and its permission is false
09-01 14:38:32.445 D/BluetoothUtils( 8588): blockedByLocationOff callingUid=1002
09-01 14:38:32.445 I/BluetoothUtils( 8588): packagename is android.uid.bluetooth:1002 ,and its permission is false
09-01 14:38:32.445 D/BluetoothUtils( 8588): blockedByLocationOff callingUid=1002
09-01 14:38:32.446 I/BluetoothUtils( 8588): packagename is android.uid.bluetooth:1002 ,and its permission is false
09-01 14:38:32.446 V/bt_stack( 8588): [VERBOSE1:btm_ble_gap.cc(1923)] btm_ble_process_ext_adv_pkt: bda=44:ca:73:cc:df:42
09-01 14:38:32.446 V/bt_stack( 8588): [VERBOSE1:btm_ble_gap.cc(1847)] btm_ble_process_adv_addr: bda=44:ca:73:cc:df:42
09-01 14:38:32.446 V/bt_stack( 8588): [VERBOSE1:btm_ble_gap.cc(2052)]  Waiting for scan response 44:ca:73:cc:df:42
09-01 14:38:32.446 V/bt_stack( 8588): [VERBOSE1:btm_ble_gap.cc(1923)] btm_ble_process_ext_adv_pkt: bda=44:ca:73:cc:df:42
09-01 14:38:32.446 V/bt_stack( 8588): [VERBOSE1:btm_ble_gap.cc(1847)] btm_ble_process_adv_addr: bda=44:ca:73:cc:df:42
09-01 14:38:32.447 D/BluetoothUtils( 8588): blockedByLocationOff callingUid=1002
