09-01 14:38:32.447 I/BluetoothUtils( 8588): packagename is android.uid.bluetooth:1002 ,and its permission is false
09-01 14:38:32.447 D/BluetoothUtils( 8588): blockedByLocationOff callingUid=1002
09-01 14:38:32.447 I/BluetoothUtils( 8588): packagename is android.uid.bluetooth:1002 ,and its permission is false
09-01 14:38:32.448 D/BluetoothUtils( 8588): blockedByLocationOff callingUid=1002
09-01 14:38:32.448 I/BluetoothUtils( 8588): packagename is android.uid.bluetooth:1002 ,and its permission is false
09-01 14:38:32.449 V/bt_stack( 8588): [VERBOSE1:btm_ble_gap.cc(1923)] btm_ble_process_ext_adv_pkt: bda=38:f9:d3:45:87:1e
09-01 14:38:32.449 V/bt_stack( 8588): [VERBOSE1:btm_ble_gap.cc(1847)] btm_ble_process_adv_addr: bda=38:f9:d3:45:87:1e
09-01 14:38:32.449 V/bt_stack( 8588): [VERBOSE1:btm_ble_gap.cc(2052)]  Waiting for scan response 38:f9:d3:45:87:1e
09-01 14:38:32.449 V/bt_stack( 8588): [VERBOSE1:btm_ble_gap.cc(1923)] btm_ble_process_ext_adv_pkt: bda=38:f9:d3:45:87:1e
09-01 14:38:32.449 V/bt_stack( 8588): [VERBOSE1:btm_ble_gap.cc(1847)] btm_ble_process_adv_addr: bda=38:f9:d3:45:87:1e
09-01 14:38:32.449 D/BluetoothUtils( 8588): blockedByLocationOff callingUid=1002
09-01 14:38:32.450 I/BluetoothUtils( 8588): packagename is android.uid.bluetooth:1002 ,and its permission is false
09-01 14:38:32.450 D/BluetoothUtils( 8588): blockedByLocationOff callingUid=1002
09-01 14:38:32.450 I/BluetoothUtils( 8588): packagename is android.uid.bluetooth:1002 ,and its permission is false
09-01 14:38:32.450 D/BluetoothUtils( 8588): blockedByLocationOff callingUid=1002
09-01 14:38:32.450 I/BluetoothUtils( 8588): packagename is android.uid.bluetooth:1002 ,and its permission is false
09-01 14:38:32.453 V/bt_stack( 8588): [VERBOSE1:btm_ble_gap.cc(1923)] btm_ble_process_ext_adv_pkt: bda=63:53:07:fa:3c:f1
09-01 14:38:32.454 V/bt_stack( 8588): [VERBOSE1:btm_ble_gap.cc(1847)] btm_ble_process_adv_addr: bda=63:53:07:fa:3c:f1
09-01 14:38:32.454 D/BluetoothUtils( 8588): blockedByLocationOff callingUid=1002
09-01 14:38:32.455 I/BluetoothUtils( 8588): packagename is android.uid.bluetooth:1002 ,and its permission is false
09-01 14:38:32.455 D/BluetoothUtils( 8588): blockedByLocationOff callingUid=1002
09-01 14:38:32.455 I/BluetoothUtils( 8588): packagename is android.uid.bluetooth:1002 ,and its permission is false
09-01 14:38:32.455 D/BluetoothUtils( 8588): blockedByLocationOff callingUid=1002
09-01 14:38:32.455 I/BluetoothUtils( 8588): packagename is android.uid.bluetooth:1002 ,and its permission is false
09-01 14:38:32.461 V/bt_stack( 8588): [VERBOSE1:btm_ble_gap.cc(1923)] btm_ble_process_ext_adv_pkt: bda=0c:39:e9:d5:de:20
09-01 14:38:32.461 V/bt_stack( 8588): [VERBOSE1:btm_ble_gap.cc(1847)] btm_ble_process_adv_addr: bda=0c:39:e9:d5:de:20
09-01 14:38:32.462 D/BluetoothUtils( 8588): blockedByLocationOff callingUid=1002
09-01 14:38:32.462 I/BluetoothUtils( 8588): packagename is android.uid.bluetooth:1002 ,and its permission is false
09-01 14:38:32.463 D/BluetoothUtils( 8588): blockedByLocationOff callingUid=1002
09-01 14:38:32.463 I/BluetoothUtils( 8588): packagename is android.uid.bluetooth:1002 ,and its permission is false
09-01 14:38:32.463 D/BluetoothUtils( 8588): blockedByLocationOff callingUid=1002
09-01 14:38:32.463 I/BluetoothUtils( 8588): packagename is android.uid.bluetooth:1002 ,and its permission is false
09-01 14:38:32.464 I/Timeline( 1639): Timeline: Activity_windows_visible id: ActivityRecord{392fd81 u0 com.xiaomi.hm.health/.activity.StatusDetailActivity t488} time:211878481
09-01 14:38:32.465 D/EventBus(29730): [29730, u0] send(AppTransitionFinishedEvent)
09-01 14:38:32.465 D/EventBus(29730): [29730, u0]  -> ForcedResizableInfoActivityController [0xc4c1163, P1] onBusEvent(AppTransitionFinishedEvent)
09-01 14:38:32.465 D/EventBus(29730): [29730, u0] onBusEvent(AppTransitionFinishedEvent) duration: 11 microseconds, avg: 36
09-01 14:38:32.465 D/EventBus(29730): [29730, u0] send(AppTransitionFinishedEvent)
09-01 14:38:32.465 D/EventBus(29730): [29730, u0]  -> ForcedResizableInfoActivityController [0xc4c1163, P1] onBusEvent(AppTransitionFinishedEvent)
09-01 14:38:32.465 D/EventBus(29730): [29730, u0] onBusEvent(AppTransitionFinishedEvent) duration: 5 microseconds, avg: 36
09-01 14:38:32.466 I/Timeline( 1639): Timeline: App_transition_stopped time:211878483
09-01 14:38:32.467 I/SplashScreenServiceDelegate( 1639): None for com.xiaomi.hm.health
09-01 14:38:32.471 V/bt_stack( 8588): [VERBOSE1:btm_ble_gap.cc(1923)] btm_ble_process_ext_adv_pkt: bda=56:e4:da:79:d5:88
09-01 14:38:32.471 V/bt_stack( 8588): [VERBOSE1:btm_ble_gap.cc(1847)] btm_ble_process_adv_addr: bda=56:e4:da:79:d5:88
09-01 14:38:32.471 V/bt_stack( 8588): [VERBOSE1:btm_ble_gap.cc(2052)]  Waiting for scan response 56:e4:da:79:d5:88
09-01 14:38:32.471 V/bt_stack( 8588): [VERBOSE1:btm_ble_gap.cc(1923)] btm_ble_process_ext_adv_pkt: bda=56:e4:da:79:d5:88
09-01 14:38:32.471 V/bt_stack( 8588): [VERBOSE1:btm_ble_gap.cc(1847)] btm_ble_process_adv_addr: bda=56:e4:da:79:d5:88
09-01 14:38:32.472 D/BluetoothUtils( 8588): blockedByLocationOff callingUid=1002
09-01 14:38:32.473 I/BluetoothUtils( 8588): packagename is android.uid.bluetooth:1002 ,and its permission is false
09-01 14:38:32.473 D/BluetoothUtils( 8588): blockedByLocationOff callingUid=1002
09-01 14:38:32.473 I/BluetoothUtils( 8588): packagename is android.uid.bluetooth:1002 ,and its permission is false
09-01 14:38:32.473 D/BluetoothUtils( 8588): blockedByLocationOff callingUid=1002
09-01 14:38:32.473 I/BluetoothUtils( 8588): packagename is android.uid.bluetooth:1002 ,and its permission is false
09-01 14:38:32.476 V/bt_stack( 8588): [VERBOSE1:btm_ble_gap.cc(1923)] btm_ble_process_ext_adv_pkt: bda=0a:29:89:b7:c8:4a
09-01 14:38:32.476 V/bt_stack( 8588): [VERBOSE1:btm_ble_gap.cc(1847)] btm_ble_process_adv_addr: bda=0a:29:89:b7:c8:4a
09-01 14:38:32.477 D/BluetoothUtils( 8588): blockedByLocationOff callingUid=1002
09-01 14:38:32.477 I/BluetoothUtils( 8588): packagename is android.uid.bluetooth:1002 ,and its permission is false
09-01 14:38:32.477 D/BluetoothUtils( 8588): blockedByLocationOff callingUid=1002
09-01 14:38:32.478 I/BluetoothUtils( 8588): packagename is android.uid.bluetooth:1002 ,and its permission is false
09-01 14:38:32.478 D/BluetoothUtils( 8588): blockedByLocationOff callingUid=1002
09-01 14:38:32.478 I/BluetoothUtils( 8588): packagename is android.uid.bluetooth:1002 ,and its permission is false
09-01 14:38:32.484 V/bt_stack( 8588): [VERBOSE1:btm_ble_gap.cc(1923)] btm_ble_process_ext_adv_pkt: bda=38:f9:d3:45:87:1e
09-01 14:38:32.484 V/bt_stack( 8588): [VERBOSE1:btm_ble_gap.cc(1847)] btm_ble_process_adv_addr: bda=38:f9:d3:45:87:1e
09-01 14:38:32.484 V/bt_stack( 8588): [VERBOSE1:btm_ble_gap.cc(2052)]  Waiting for scan response 38:f9:d3:45:87:1e
09-01 14:38:32.484 V/bt_stack( 8588): [VERBOSE1:btm_ble_gap.cc(1923)] btm_ble_process_ext_adv_pkt: bda=38:f9:d3:45:87:1e
09-01 14:38:32.484 V/bt_stack( 8588): [VERBOSE1:btm_ble_gap.cc(1847)] btm_ble_process_adv_addr: bda=38:f9:d3:45:87:1e
09-01 14:38:32.485 D/BluetoothUtils( 8588): blockedByLocationOff callingUid=1002
09-01 14:38:32.485 I/BluetoothUtils( 8588): packagename is android.uid.bluetooth:1002 ,and its permission is false
09-01 14:38:32.485 D/BluetoothUtils( 8588): blockedByLocationOff callingUid=1002
09-01 14:38:32.486 I/BluetoothUtils( 8588): packagename is android.uid.bluetooth:1002 ,and its permission is false
09-01 14:38:32.486 D/BluetoothUtils( 8588): blockedByLocationOff callingUid=1002
09-01 14:38:32.486 I/BluetoothUtils( 8588): packagename is android.uid.bluetooth:1002 ,and its permission is false
09-01 14:38:32.486 V/bt_stack( 8588): [VERBOSE1:btm_ble_gap.cc(1923)] btm_ble_process_ext_adv_pkt: bda=2a:1b:52:ac:62:5d
09-01 14:38:32.486 V/bt_stack( 8588): [VERBOSE1:btm_ble_gap.cc(1847)] btm_ble_process_adv_addr: bda=2a:1b:52:ac:62:5d
09-01 14:38:32.487 D/BluetoothUtils( 8588): blockedByLocationOff callingUid=1002
09-01 14:38:32.488 I/BluetoothUtils( 8588): packagename is android.uid.bluetooth:1002 ,and its permission is false
09-01 14:38:32.488 D/BluetoothUtils( 8588): blockedByLocationOff callingUid=1002
09-01 14:38:32.489 I/BluetoothUtils( 8588): packagename is android.uid.bluetooth:1002 ,and its permission is false
09-01 14:38:32.489 D/BluetoothUtils( 8588): blockedByLocationOff callingUid=1002
09-01 14:38:32.489 V/bt_stack( 8588): [VERBOSE1:btm_ble_gap.cc(1923)] btm_ble_process_ext_adv_pkt: bda=01:f5:30:c0:9b:7a
09-01 14:38:32.489 V/bt_stack( 8588): [VERBOSE1:btm_ble_gap.cc(1847)] btm_ble_process_adv_addr: bda=01:f5:30:c0:9b:7a
09-01 14:38:32.489 I/BluetoothUtils( 8588): packagename is android.uid.bluetooth:1002 ,and its permission is false
09-01 14:38:32.490 D/BluetoothUtils( 8588): blockedByLocationOff callingUid=1002
09-01 14:38:32.490 I/BluetoothUtils( 8588): packagename is android.uid.bluetooth:1002 ,and its permission is false
09-01 14:38:32.491 D/BluetoothUtils( 8588): blockedByLocationOff callingUid=1002
09-01 14:38:32.491 I/BluetoothUtils( 8588): packagename is android.uid.bluetooth:1002 ,and its permission is false
09-01 14:38:32.491 D/BluetoothUtils( 8588): blockedByLocationOff callingUid=1002
09-01 14:38:32.491 I/BluetoothUtils( 8588): packagename is android.uid.bluetooth:1002 ,and its permission is false
09-01 14:38:32.494 V/bt_stack( 8588): [VERBOSE1:btm_ble_gap.cc(1923)] btm_ble_process_ext_adv_pkt: bda=7a:11:28:6c:23:6e
09-01 14:38:32.494 V/bt_stack( 8588): [VERBOSE1:btm_ble_gap.cc(1847)] btm_ble_process_adv_addr: bda=7a:11:28:6c:23:6e
09-01 14:38:32.494 V/bt_stack( 8588): [VERBOSE1:btm_ble_gap.cc(2052)]  Waiting for scan response 7a:11:28:6c:23:6e
09-01 14:38:32.494 V/bt_stack( 8588): [VERBOSE1:btm_ble_gap.cc(1923)] btm_ble_process_ext_adv_pkt: bda=15:60:5f:ab:4f:6e
09-01 14:38:32.495 V/bt_stack( 8588): [VERBOSE1:btm_ble_gap.cc(1847)] btm_ble_process_adv_addr: bda=15:60:5f:ab:4f:6e
09-01 14:38:32.495 D/EventBus(29730): [29730, u0] send(AppTransitionFinishedEvent)
09-01 14:38:32.495 D/EventBus(29730): [29730, u0]  -> ForcedResizableInfoActivityController [0xc4c1163, P1] onBusEvent(AppTransitionFinishedEvent)
09-01 14:38:32.495 D/EventBus(29730): [29730, u0] onBusEvent(AppTransitionFinishedEvent) duration: 12 microseconds, avg: 36
09-01 14:38:32.496 I//system/vendor/bin/mi_thermald( 1070): thermal_cpu_set_level: set cpu freq of cpu4 to 2016000
09-01 14:38:32.496 D/BluetoothUtils( 8588): blockedByLocationOff callingUid=1002
09-01 14:38:32.496 V/bt_stack( 8588): [VERBOSE1:btm_ble_gap.cc(1923)] btm_ble_process_ext_adv_pkt: bda=2d:8f:df:c2:a9:d4
09-01 14:38:32.496 I/BluetoothUtils( 8588): packagename is android.uid.bluetooth:1002 ,and its permission is false
09-01 14:38:32.496 V/bt_stack( 8588): [VERBOSE1:btm_ble_gap.cc(1847)] btm_ble_process_adv_addr: bda=2d:8f:df:c2:a9:d4
09-01 14:38:32.496 D/BluetoothUtils( 8588): blockedByLocationOff callingUid=1002
09-01 14:38:32.496 I/BluetoothUtils( 8588): packagename is android.uid.bluetooth:1002 ,and its permission is false
09-01 14:38:32.496 D/BluetoothUtils( 8588): blockedByLocationOff callingUid=1002
09-01 14:38:32.497 I/BluetoothUtils( 8588): packagename is android.uid.bluetooth:1002 ,and its permission is false
09-01 14:38:32.497 D/BluetoothUtils( 8588): blockedByLocationOff callingUid=1002
09-01 14:38:32.498 I/BluetoothUtils( 8588): packagename is android.uid.bluetooth:1002 ,and its permission is false
09-01 14:38:32.498 D/BluetoothUtils( 8588): blockedByLocationOff callingUid=1002
09-01 14:38:32.498 I/BluetoothUtils( 8588): packagename is android.uid.bluetooth:1002 ,and its permission is false
09-01 14:38:32.498 D/BluetoothUtils( 8588): blockedByLocationOff callingUid=1002
09-01 14:38:32.498 I/BluetoothUtils( 8588): packagename is android.uid.bluetooth:1002 ,and its permission is false
09-01 14:38:32.509 V/bt_stack( 8588): [VERBOSE1:btm_ble_gap.cc(1923)] btm_ble_process_ext_adv_pkt: bda=56:e4:da:79:d5:88
09-01 14:38:32.509 V/bt_stack( 8588): [VERBOSE1:btm_ble_gap.cc(1847)] btm_ble_process_adv_addr: bda=56:e4:da:79:d5:88
09-01 14:38:32.509 V/bt_stack( 8588): [VERBOSE1:btm_ble_gap.cc(2052)]  Waiting for scan response 56:e4:da:79:d5:88
09-01 14:38:32.509 V/bt_stack( 8588): [VERBOSE1:btm_ble_gap.cc(1923)] btm_ble_process_ext_adv_pkt: bda=56:e4:da:79:d5:88
09-01 14:38:32.509 V/bt_stack( 8588): [VERBOSE1:btm_ble_gap.cc(1847)] btm_ble_process_adv_addr: bda=56:e4:da:79:d5:88
09-01 14:38:32.511 D/BluetoothUtils( 8588): blockedByLocationOff callingUid=1002
09-01 14:38:32.511 I/BluetoothUtils( 8588): packagename is android.uid.bluetooth:1002 ,and its permission is false
09-01 14:38:32.512 D/BluetoothUtils( 8588): blockedByLocationOff callingUid=1002
09-01 14:38:32.512 I/BluetoothUtils( 8588): packagename is android.uid.bluetooth:1002 ,and its permission is false
09-01 14:38:32.512 D/BluetoothUtils( 8588): blockedByLocationOff callingUid=1002
09-01 14:38:32.512 I/BluetoothUtils( 8588): packagename is android.uid.bluetooth:1002 ,and its permission is false
09-01 14:38:32.517 V/bt_stack( 8588): [VERBOSE1:btm_ble_gap.cc(1923)] btm_ble_process_ext_adv_pkt: bda=e5:71:12:cc:be:d8
09-01 14:38:32.517 V/bt_stack( 8588): [VERBOSE1:btm_ble_gap.cc(1847)] btm_ble_process_adv_addr: bda=e5:71:12:cc:be:d8
09-01 14:38:32.517 V/bt_stack( 8588): [VERBOSE1:btm_ble_gap.cc(2052)]  Waiting for scan response e5:71:12:cc:be:d8
09-01 14:38:32.518 V/bt_stack( 8588): [VERBOSE1:btm_ble_gap.cc(1923)] btm_ble_process_ext_adv_pkt: bda=66:3e:07:e0:2b:d4
09-01 14:38:32.518 V/bt_stack( 8588): [VERBOSE1:btm_ble_gap.cc(1847)] btm_ble_process_adv_addr: bda=66:3e:07:e0:2b:d4
09-01 14:38:32.518 V/bt_stack( 8588): [VERBOSE1:btm_ble_gap.cc(2052)]  Waiting for scan response 66:3e:07:e0:2b:d4
09-01 14:38:32.518 V/bt_stack( 8588): [VERBOSE1:btm_ble_gap.cc(1923)] btm_ble_process_ext_adv_pkt: bda=66:3e:07:e0:2b:d4
09-01 14:38:32.518 V/bt_stack( 8588): [VERBOSE1:btm_ble_gap.cc(1847)] btm_ble_process_adv_addr: bda=66:3e:07:e0:2b:d4
09-01 14:38:32.519 D/BluetoothUtils( 8588): blockedByLocationOff callingUid=1002
09-01 14:38:32.519 I/BluetoothUtils( 8588): packagename is android.uid.bluetooth:1002 ,and its permission is false
09-01 14:38:32.519 D/BluetoothUtils( 8588): blockedByLocationOff callingUid=1002
09-01 14:38:32.519 I/BluetoothUtils( 8588): packagename is android.uid.bluetooth:1002 ,and its permission is false
09-01 14:38:32.519 D/BluetoothUtils( 8588): blockedByLocationOff callingUid=1002
09-01 14:38:32.520 I/BluetoothUtils( 8588): packagename is android.uid.bluetooth:1002 ,and its permission is false
09-01 14:38:32.520 V/bt_stack( 8588): [VERBOSE1:btm_ble_gap.cc(1923)] btm_ble_process_ext_adv_pkt: bda=38:f9:d3:45:87:1e
09-01 14:38:32.520 V/bt_stack( 8588): [VERBOSE1:btm_ble_gap.cc(1847)] btm_ble_process_adv_addr: bda=38:f9:d3:45:87:1e
09-01 14:38:32.520 V/bt_stack( 8588): [VERBOSE1:btm_ble_gap.cc(2052)]  Waiting for scan response 38:f9:d3:45:87:1e
09-01 14:38:32.520 V/bt_stack( 8588): [VERBOSE1:btm_ble_gap.cc(1923)] btm_ble_process_ext_adv_pkt: bda=38:f9:d3:45:87:1e
09-01 14:38:32.520 V/bt_stack( 8588): [VERBOSE1:btm_ble_gap.cc(1847)] btm_ble_process_adv_addr: bda=38:f9:d3:45:87:1e
09-01 14:38:32.521 D/BluetoothUtils( 8588): blockedByLocationOff callingUid=1002
09-01 14:38:32.521 I/BluetoothUtils( 8588): packagename is android.uid.bluetooth:1002 ,and its permission is false
09-01 14:38:32.521 D/BluetoothUtils( 8588): blockedByLocationOff callingUid=1002
09-01 14:38:32.521 I/BluetoothUtils( 8588): packagename is android.uid.bluetooth:1002 ,and its permission is false
09-01 14:38:32.521 D/BluetoothUtils( 8588): blockedByLocationOff callingUid=1002
09-01 14:38:32.522 I/BluetoothUtils( 8588): packagename is android.uid.bluetooth:1002 ,and its permission is false
09-01 14:38:32.527 V/bt_stack( 8588): [VERBOSE1:btm_ble_gap.cc(1923)] btm_ble_process_ext_adv_pkt: bda=46:25:ff:ec:21:0b
09-01 14:38:32.527 V/bt_stack( 8588): [VERBOSE1:btm_ble_gap.cc(1847)] btm_ble_process_adv_addr: bda=46:25:ff:ec:21:0b
09-01 14:38:32.527 V/bt_stack( 8588): [VERBOSE1:btm_ble_gap.cc(2052)]  Waiting for scan response 46:25:ff:ec:21:0b
09-01 14:38:32.527 V/bt_stack( 8588): [VERBOSE1:btm_ble_gap.cc(1923)] btm_ble_process_ext_adv_pkt: bda=46:25:ff:ec:21:0b
09-01 14:38:32.527 V/bt_stack( 8588): [VERBOSE1:btm_ble_gap.cc(1847)] btm_ble_process_adv_addr: bda=46:25:ff:ec:21:0b
09-01 14:38:32.528 D/BluetoothUtils( 8588): blockedByLocationOff callingUid=1002
09-01 14:38:32.529 I/BluetoothUtils( 8588): packagename is android.uid.bluetooth:1002 ,and its permission is false
09-01 14:38:32.529 D/BluetoothUtils( 8588): blockedByLocationOff callingUid=1002
09-01 14:38:32.529 I/BluetoothUtils( 8588): packagename is android.uid.bluetooth:1002 ,and its permission is false
09-01 14:38:32.529 D/BluetoothUtils( 8588): blockedByLocationOff callingUid=1002
09-01 14:38:32.530 I/BluetoothUtils( 8588): packagename is android.uid.bluetooth:1002 ,and its permission is false
09-01 14:38:32.532 V/bt_stack( 8588): [VERBOSE1:btm_ble_gap.cc(1923)] btm_ble_process_ext_adv_pkt: bda=0d:a0:9b:d0:d9:48
09-01 14:38:32.532 V/bt_stack( 8588): [VERBOSE1:btm_ble_gap.cc(1847)] btm_ble_process_adv_addr: bda=0d:a0:9b:d0:d9:48
09-01 14:38:32.532 D/BluetoothUtils( 8588): blockedByLocationOff callingUid=1002
09-01 14:38:32.533 I/BluetoothUtils( 8588): packagename is android.uid.bluetooth:1002 ,and its permission is false
09-01 14:38:32.533 D/BluetoothUtils( 8588): blockedByLocationOff callingUid=1002
09-01 14:38:32.533 I/BluetoothUtils( 8588): packagename is android.uid.bluetooth:1002 ,and its permission is false
09-01 14:38:32.533 D/BluetoothUtils( 8588): blockedByLocationOff callingUid=1002
09-01 14:38:32.534 I/BluetoothUtils( 8588): packagename is android.uid.bluetooth:1002 ,and its permission is false
09-01 14:38:32.535 V/bt_stack( 8588): [VERBOSE1:btm_ble_gap.cc(1923)] btm_ble_process_ext_adv_pkt: bda=35:45:bf:2c:e1:03
09-01 14:38:32.535 V/bt_stack( 8588): [VERBOSE1:btm_ble_gap.cc(1847)] btm_ble_process_adv_addr: bda=35:45:bf:2c:e1:03
09-01 14:38:32.536 D/BluetoothUtils( 8588): blockedByLocationOff callingUid=1002
09-01 14:38:32.536 I/BluetoothUtils( 8588): packagename is android.uid.bluetooth:1002 ,and its permission is false
09-01 14:38:32.536 D/BluetoothUtils( 8588): blockedByLocationOff callingUid=1002
09-01 14:38:32.537 I/BluetoothUtils( 8588): packagename is android.uid.bluetooth:1002 ,and its permission is false
09-01 14:38:32.537 D/BluetoothUtils( 8588): blockedByLocationOff callingUid=1002
09-01 14:38:32.537 I/BluetoothUtils( 8588): packagename is android.uid.bluetooth:1002 ,and its permission is false
09-01 14:38:32.545 V/bt_stack( 8588): [VERBOSE1:btm_ble_gap.cc(1923)] btm_ble_process_ext_adv_pkt: bda=28:f0:76:67:1f:c7
09-01 14:38:32.545 V/bt_stack( 8588): [VERBOSE1:btm_ble_gap.cc(1847)] btm_ble_process_adv_addr: bda=28:f0:76:67:1f:c7
09-01 14:38:32.545 V/bt_stack( 8588): [VERBOSE1:btm_ble_gap.cc(2052)]  Waiting for scan response 28:f0:76:67:1f:c7
09-01 14:38:32.545 V/bt_stack( 8588): [VERBOSE1:btm_ble_gap.cc(1923)] btm_ble_process_ext_adv_pkt: bda=17:7e:29:ab:4e:d0
09-01 14:38:32.545 V/bt_stack( 8588): [VERBOSE1:btm_ble_gap.cc(1847)] btm_ble_process_adv_addr: bda=17:7e:29:ab:4e:d0
09-01 14:38:32.547 V/bt_stack( 8588): [VERBOSE1:btm_ble_gap.cc(1923)] btm_ble_process_ext_adv_pkt: bda=00:35:64:83:a4:98
09-01 14:38:32.547 V/bt_stack( 8588): [VERBOSE1:btm_ble_gap.cc(1847)] btm_ble_process_adv_addr: bda=00:35:64:83:a4:98
09-01 14:38:32.547 D/BluetoothUtils( 8588): blockedByLocationOff callingUid=1002
09-01 14:38:32.547 I/BluetoothUtils( 8588): packagename is android.uid.bluetooth:1002 ,and its permission is false
09-01 14:38:32.547 D/BluetoothUtils( 8588): blockedByLocationOff callingUid=1002
09-01 14:38:32.548 I/BluetoothUtils( 8588): packagename is android.uid.bluetooth:1002 ,and its permission is false
09-01 14:38:32.548 D/BluetoothUtils( 8588): blockedByLocationOff callingUid=1002
09-01 14:38:32.548 I/BluetoothUtils( 8588): packagename is android.uid.bluetooth:1002 ,and its permission is false
09-01 14:38:32.549 D/BluetoothUtils( 8588): blockedByLocationOff callingUid=1002
09-01 14:38:32.549 V/bt_stack( 8588): [VERBOSE1:btm_ble_gap.cc(1923)] btm_ble_process_ext_adv_pkt: bda=56:e4:da:79:d5:88
09-01 14:38:32.549 V/bt_stack( 8588): [VERBOSE1:btm_ble_gap.cc(1847)] btm_ble_process_adv_addr: bda=56:e4:da:79:d5:88
09-01 14:38:32.549 V/bt_stack( 8588): [VERBOSE1:btm_ble_gap.cc(2052)]  Waiting for scan response 56:e4:da:79:d5:88
09-01 14:38:32.549 V/bt_stack( 8588): [VERBOSE1:btm_ble_gap.cc(1923)] btm_ble_process_ext_adv_pkt: bda=56:e4:da:79:d5:88
09-01 14:38:32.549 V/bt_stack( 8588): [VERBOSE1:btm_ble_gap.cc(1847)] btm_ble_process_adv_addr: bda=56:e4:da:79:d5:88
09-01 14:38:32.549 I/BluetoothUtils( 8588): packagename is android.uid.bluetooth:1002 ,and its permission is false
09-01 14:38:32.549 D/BluetoothUtils( 8588): blockedByLocationOff callingUid=1002
09-01 14:38:32.550 I/BluetoothUtils( 8588): packagename is android.uid.bluetooth:1002 ,and its permission is false
09-01 14:38:32.550 D/BluetoothUtils( 8588): blockedByLocationOff callingUid=1002
09-01 14:38:32.550 I/BluetoothUtils( 8588): packagename is android.uid.bluetooth:1002 ,and its permission is false
09-01 14:38:32.550 D/BluetoothUtils( 8588): blockedByLocationOff callingUid=1002
09-01 14:38:32.551 I/BluetoothUtils( 8588): packagename is android.uid.bluetooth:1002 ,and its permission is false
09-01 14:38:32.551 D/BluetoothUtils( 8588): blockedByLocationOff callingUid=1002
09-01 14:38:32.551 I/BluetoothUtils( 8588): packagename is android.uid.bluetooth:1002 ,and its permission is false
09-01 14:38:32.551 D/BluetoothUtils( 8588): blockedByLocationOff callingUid=1002
09-01 14:38:32.552 I/BluetoothUtils( 8588): packagename is android.uid.bluetooth:1002 ,and its permission is false
09-01 14:38:32.556 V/bt_stack( 8588): [VERBOSE1:btm_ble_gap.cc(1923)] btm_ble_process_ext_adv_pkt: bda=63:53:07:fa:3c:f1
09-01 14:38:32.556 V/bt_stack( 8588): [VERBOSE1:btm_ble_gap.cc(1847)] btm_ble_process_adv_addr: bda=63:53:07:fa:3c:f1
09-01 14:38:32.557 V/bt_stack( 8588): [VERBOSE1:btm_ble_gap.cc(1923)] btm_ble_process_ext_adv_pkt: bda=38:f9:d3:45:87:1e
09-01 14:38:32.557 D/BluetoothUtils( 8588): blockedByLocationOff callingUid=1002
09-01 14:38:32.557 V/bt_stack( 8588): [VERBOSE1:btm_ble_gap.cc(1847)] btm_ble_process_adv_addr: bda=38:f9:d3:45:87:1e
09-01 14:38:32.557 V/bt_stack( 8588): [VERBOSE1:btm_ble_gap.cc(2052)]  Waiting for scan response 38:f9:d3:45:87:1e
09-01 14:38:32.558 I/BluetoothUtils( 8588): packagename is android.uid.bluetooth:1002 ,and its permission is false
09-01 14:38:32.558 V/bt_stack( 8588): [VERBOSE1:btm_ble_gap.cc(1923)] btm_ble_process_ext_adv_pkt: bda=38:f9:d3:45:87:1e
09-01 14:38:32.558 V/bt_stack( 8588): [VERBOSE1:btm_ble_gap.cc(1847)] btm_ble_process_adv_addr: bda=38:f9:d3:45:87:1e
09-01 14:38:32.558 D/BluetoothUtils( 8588): blockedByLocationOff callingUid=1002
09-01 14:38:32.558 I/BluetoothUtils( 8588): packagename is android.uid.bluetooth:1002 ,and its permission is false
09-01 14:38:32.558 D/BluetoothUtils( 8588): blockedByLocationOff callingUid=1002
09-01 14:38:32.558 I/BluetoothUtils( 8588): packagename is android.uid.bluetooth:1002 ,and its permission is false
09-01 14:38:32.559 D/BluetoothUtils( 8588): blockedByLocationOff callingUid=1002
09-01 14:38:32.559 I/BluetoothUtils( 8588): packagename is android.uid.bluetooth:1002 ,and its permission is false
09-01 14:38:32.559 D/BluetoothUtils( 8588): blockedByLocationOff callingUid=1002
09-01 14:38:32.560 I/BluetoothUtils( 8588): packagename is android.uid.bluetooth:1002 ,and its permission is false
09-01 14:38:32.560 D/BluetoothUtils( 8588): blockedByLocationOff callingUid=1002
09-01 14:38:32.560 I/BluetoothUtils( 8588): packagename is android.uid.bluetooth:1002 ,and its permission is false
09-01 14:38:32.574 D/miuisdk (12268): current sdk level is 20
09-01 14:38:32.577 V/bt_stack( 8588): [VERBOSE1:btm_ble_gap.cc(1923)] btm_ble_process_ext_adv_pkt: bda=0a:29:89:b7:c8:4a
09-01 14:38:32.577 V/bt_stack( 8588): [VERBOSE1:btm_ble_gap.cc(1847)] btm_ble_process_adv_addr: bda=0a:29:89:b7:c8:4a
09-01 14:38:32.579 D/BluetoothUtils( 8588): blockedByLocationOff callingUid=1002
09-01 14:38:32.579 I/BluetoothUtils( 8588): packagename is android.uid.bluetooth:1002 ,and its permission is false
09-01 14:38:32.580 D/BluetoothUtils( 8588): blockedByLocationOff callingUid=1002
09-01 14:38:32.580 I/BluetoothUtils( 8588): packagename is android.uid.bluetooth:1002 ,and its permission is false
09-01 14:38:32.580 D/BluetoothUtils( 8588): blockedByLocationOff callingUid=1002
09-01 14:38:32.580 I/BluetoothUtils( 8588): packagename is android.uid.bluetooth:1002 ,and its permission is false
09-01 14:38:32.581 V/bt_stack( 8588): [VERBOSE1:btm_ble_gap.cc(1923)] btm_ble_process_ext_adv_pkt: bda=24:36:26:fc:bf:e5
09-01 14:38:32.581 V/bt_stack( 8588): [VERBOSE1:btm_ble_gap.cc(1847)] btm_ble_process_adv_addr: bda=24:36:26:fc:bf:e5
09-01 14:38:32.582 D/BluetoothUtils( 8588): blockedByLocationOff callingUid=1002
09-01 14:38:32.582 I/BluetoothUtils( 8588): packagename is android.uid.bluetooth:1002 ,and its permission is false
09-01 14:38:32.582 D/BluetoothUtils( 8588): blockedByLocationOff callingUid=1002
09-01 14:38:32.583 I/BluetoothUtils( 8588): packagename is android.uid.bluetooth:1002 ,and its permission is false
09-01 14:38:32.583 D/BluetoothUtils( 8588): blockedByLocationOff callingUid=1002
09-01 14:38:32.583 I/BluetoothUtils( 8588): packagename is android.uid.bluetooth:1002 ,and its permission is false
09-01 14:38:32.587 V/bt_stack( 8588): [VERBOSE1:btm_ble_gap.cc(1923)] btm_ble_process_ext_adv_pkt: bda=38:f9:d3:45:87:1e
09-01 14:38:32.588 V/bt_stack( 8588): [VERBOSE1:btm_ble_gap.cc(1847)] btm_ble_process_adv_addr: bda=38:f9:d3:45:87:1e
09-01 14:38:32.588 V/bt_stack( 8588): [VERBOSE1:btm_ble_gap.cc(2052)]  Waiting for scan response 38:f9:d3:45:87:1e
09-01 14:38:32.588 V/bt_stack( 8588): [VERBOSE1:btm_ble_gap.cc(1923)] btm_ble_process_ext_adv_pkt: bda=38:f9:d3:45:87:1e
09-01 14:38:32.588 V/bt_stack( 8588): [VERBOSE1:btm_ble_gap.cc(1847)] btm_ble_process_adv_addr: bda=38:f9:d3:45:87:1e
09-01 14:38:32.589 D/BluetoothUtils( 8588): blockedByLocationOff callingUid=1002
09-01 14:38:32.590 I/BluetoothUtils( 8588): packagename is android.uid.bluetooth:1002 ,and its permission is false
09-01 14:38:32.590 D/BluetoothUtils( 8588): blockedByLocationOff callingUid=1002
09-01 14:38:32.590 I/BluetoothUtils( 8588): packagename is android.uid.bluetooth:1002 ,and its permission is false
09-01 14:38:32.590 D/BluetoothUtils( 8588): blockedByLocationOff callingUid=1002
09-01 14:38:32.590 V/bt_stack( 8588): [VERBOSE1:btm_ble_gap.cc(1923)] btm_ble_process_ext_adv_pkt: bda=56:e4:da:79:d5:88
09-01 14:38:32.590 V/bt_stack( 8588): [VERBOSE1:btm_ble_gap.cc(1847)] btm_ble_process_adv_addr: bda=56:e4:da:79:d5:88
09-01 14:38:32.590 V/bt_stack( 8588): [VERBOSE1:btm_ble_gap.cc(2052)]  Waiting for scan response 56:e4:da:79:d5:88
09-01 14:38:32.591 I/BluetoothUtils( 8588): packagename is android.uid.bluetooth:1002 ,and its permission is false
09-01 14:38:32.591 V/bt_stack( 8588): [VERBOSE1:btm_ble_gap.cc(1923)] btm_ble_process_ext_adv_pkt: bda=56:e4:da:79:d5:88
09-01 14:38:32.591 V/bt_stack( 8588): [VERBOSE1:btm_ble_gap.cc(1847)] btm_ble_process_adv_addr: bda=56:e4:da:79:d5:88
09-01 14:38:32.591 V/bt_stack( 8588): [VERBOSE1:btm_ble_gap.cc(1923)] btm_ble_process_ext_adv_pkt: bda=2a:1b:52:ac:62:5d
09-01 14:38:32.591 V/bt_stack( 8588): [VERBOSE1:btm_ble_gap.cc(1847)] btm_ble_process_adv_addr: bda=2a:1b:52:ac:62:5d
09-01 14:38:32.592 I//system/vendor/bin/mi_thermald( 1070): thermal_cpu_set_level: set cpu freq of cpu7 to 2016000
09-01 14:38:32.592 D/BluetoothUtils( 8588): blockedByLocationOff callingUid=1002
09-01 14:38:32.592 E/IconCustomizer(12268): setIconShapeOverlayEnable err : setEnabled: Neither user 10069 nor current process has android.permission.CHANGE_OVERLAY_PACKAGES.
09-01 14:38:32.593 I/BluetoothUtils( 8588): packagename is android.uid.bluetooth:1002 ,and its permission is false
09-01 14:38:32.593 V/bt_stack( 8588): [VERBOSE1:btm_ble_gap.cc(1923)] btm_ble_process_ext_adv_pkt: bda=01:f5:30:c0:9b:7a
09-01 14:38:32.593 D/BluetoothUtils( 8588): blockedByLocationOff callingUid=1002
09-01 14:38:32.593 V/bt_stack( 8588): [VERBOSE1:btm_ble_gap.cc(1847)] btm_ble_process_adv_addr: bda=01:f5:30:c0:9b:7a
09-01 14:38:32.593 I/BluetoothUtils( 8588): packagename is android.uid.bluetooth:1002 ,and its permission is false
09-01 14:38:32.593 D/BluetoothUtils( 8588): blockedByLocationOff callingUid=1002
09-01 14:38:32.594 I/BluetoothUtils( 8588): packagename is android.uid.bluetooth:1002 ,and its permission is false
09-01 14:38:32.595 D/BluetoothUtils( 8588): blockedByLocationOff callingUid=1002
09-01 14:38:32.595 I/BluetoothUtils( 8588): packagename is android.uid.bluetooth:1002 ,and its permission is false
09-01 14:38:32.595 D/BluetoothUtils( 8588): blockedByLocationOff callingUid=1002
09-01 14:38:32.595 I/BluetoothUtils( 8588): packagename is android.uid.bluetooth:1002 ,and its permission is false
09-01 14:38:32.595 D/BluetoothUtils( 8588): blockedByLocationOff callingUid=1002
09-01 14:38:32.596 I/BluetoothUtils( 8588): packagename is android.uid.bluetooth:1002 ,and its permission is false
09-01 14:38:32.596 D/BluetoothUtils( 8588): blockedByLocationOff callingUid=1002
09-01 14:38:32.597 I/BluetoothUtils( 8588): packagename is android.uid.bluetooth:1002 ,and its permission is false
09-01 14:38:32.597 D/BluetoothUtils( 8588): blockedByLocationOff callingUid=1002
09-01 14:38:32.597 I/BluetoothUtils( 8588): packagename is android.uid.bluetooth:1002 ,and its permission is false
09-01 14:38:32.597 D/BluetoothUtils( 8588): blockedByLocationOff callingUid=1002
09-01 14:38:32.598 V/bt_stack( 8588): [VERBOSE1:btm_ble_gap.cc(1923)] btm_ble_process_ext_adv_pkt: bda=6c:40:08:bb:80:d3
09-01 14:38:32.598 I/BluetoothUtils( 8588): packagename is android.uid.bluetooth:1002 ,and its permission is false
09-01 14:38:32.598 V/bt_stack( 8588): [VERBOSE1:btm_ble_gap.cc(1847)] btm_ble_process_adv_addr: bda=6c:40:08:bb:80:d3
09-01 14:38:32.598 V/bt_stack( 8588): [VERBOSE1:btm_ble_gap.cc(2052)]  Waiting for scan response 6c:40:08:bb:80:d3
09-01 14:38:32.598 V/bt_stack( 8588): [VERBOSE1:btm_ble_gap.cc(1923)] btm_ble_process_ext_adv_pkt: bda=6c:40:08:bb:80:d3
09-01 14:38:32.598 V/bt_stack( 8588): [VERBOSE1:btm_ble_gap.cc(1847)] btm_ble_process_adv_addr: bda=6c:40:08:bb:80:d3
09-01 14:38:32.598 D/BluetoothUtils( 8588): blockedByLocationOff callingUid=1002
09-01 14:38:32.598 I/BluetoothUtils( 8588): packagename is android.uid.bluetooth:1002 ,and its permission is false
09-01 14:38:32.598 D/BluetoothUtils( 8588): blockedByLocationOff callingUid=1002
09-01 14:38:32.599 I/BluetoothUtils( 8588): packagename is android.uid.bluetooth:1002 ,and its permission is false
09-01 14:38:32.599 D/BluetoothUtils( 8588): blockedByLocationOff callingUid=1002
09-01 14:38:32.599 I/BluetoothUtils( 8588): packagename is android.uid.bluetooth:1002 ,and its permission is false
09-01 14:38:32.602 D/NtpTrustedTime( 1639): currentTimeMillis() cache hit
09-01 14:38:32.604 I/netd    (  679): trafficSwapActiveStatsMap() <1.94ms>
09-01 14:38:32.605 V/bt_stack( 8588): [VERBOSE1:btm_ble_gap.cc(1923)] btm_ble_process_ext_adv_pkt: bda=2d:8f:df:c2:a9:d4
09-01 14:38:32.605 V/bt_stack( 8588): [VERBOSE1:btm_ble_gap.cc(1847)] btm_ble_process_adv_addr: bda=2d:8f:df:c2:a9:d4
09-01 14:38:32.605 D/BluetoothUtils( 8588): blockedByLocationOff callingUid=1002
09-01 14:38:32.605 I/netd    (  679): tetherGetStats() <0.67ms>
09-01 14:38:32.606 I/BluetoothUtils( 8588): packagename is android.uid.bluetooth:1002 ,and its permission is false
09-01 14:38:32.606 D/BluetoothUtils( 8588): blockedByLocationOff callingUid=1002
09-01 14:38:32.606 I/BluetoothUtils( 8588): packagename is android.uid.bluetooth:1002 ,and its permission is false
09-01 14:38:32.607 D/BluetoothUtils( 8588): blockedByLocationOff callingUid=1002
09-01 14:38:32.607 V/bt_stack( 8588): [VERBOSE1:btm_ble_gap.cc(1923)] btm_ble_process_ext_adv_pkt: bda=65:4b:eb:fb:21:09
09-01 14:38:32.607 V/bt_stack( 8588): [VERBOSE1:btm_ble_gap.cc(1847)] btm_ble_process_adv_addr: bda=65:4b:eb:fb:21:09
09-01 14:38:32.607 I/BluetoothUtils( 8588): packagename is android.uid.bluetooth:1002 ,and its permission is false
09-01 14:38:32.607 D/BluetoothUtils( 8588): blockedByLocationOff callingUid=1002
09-01 14:38:32.608 I/BluetoothUtils( 8588): packagename is android.uid.bluetooth:1002 ,and its permission is false
09-01 14:38:32.608 D/BluetoothUtils( 8588): blockedByLocationOff callingUid=1002
09-01 14:38:32.608 I/BluetoothUtils( 8588): packagename is android.uid.bluetooth:1002 ,and its permission is false
09-01 14:38:32.608 D/BluetoothUtils( 8588): blockedByLocationOff callingUid=1002
09-01 14:38:32.609 I/BluetoothUtils( 8588): packagename is android.uid.bluetooth:1002 ,and its permission is false
09-01 14:38:32.610 D/NtpTrustedTime( 1639): currentTimeMillis() cache hit
09-01 14:38:32.611 I/netd    (  679): bandwidthSetGlobalAlert(131072) <0.15ms>
09-01 14:38:32.611 I/TrafficManageService( 5237): mina mTrafficStatsReceiver onReceive
09-01 14:38:32.627 V/bt_stack( 8588): [VERBOSE1:btm_ble_gap.cc(1923)] btm_ble_process_ext_adv_pkt: bda=38:f9:d3:45:87:1e
09-01 14:38:32.627 V/bt_stack( 8588): [VERBOSE1:btm_ble_gap.cc(1847)] btm_ble_process_adv_addr: bda=38:f9:d3:45:87:1e
09-01 14:38:32.627 V/bt_stack( 8588): [VERBOSE1:btm_ble_gap.cc(2052)]  Waiting for scan response 38:f9:d3:45:87:1e
09-01 14:38:32.627 V/bt_stack( 8588): [VERBOSE1:btm_ble_gap.cc(1923)] btm_ble_process_ext_adv_pkt: bda=38:f9:d3:45:87:1e
09-01 14:38:32.627 V/bt_stack( 8588): [VERBOSE1:btm_ble_gap.cc(1847)] btm_ble_process_adv_addr: bda=38:f9:d3:45:87:1e
09-01 14:38:32.629 D/BluetoothUtils( 8588): blockedByLocationOff callingUid=1002
09-01 14:38:32.629 I/BluetoothUtils( 8588): packagename is android.uid.bluetooth:1002 ,and its permission is false
09-01 14:38:32.630 D/BluetoothUtils( 8588): blockedByLocationOff callingUid=1002
09-01 14:38:32.630 I/BluetoothUtils( 8588): packagename is android.uid.bluetooth:1002 ,and its permission is false
09-01 14:38:32.630 D/BluetoothUtils( 8588): blockedByLocationOff callingUid=1002
09-01 14:38:32.631 I/BluetoothUtils( 8588): packagename is android.uid.bluetooth:1002 ,and its permission is false
09-01 14:38:32.636 V/bt_stack( 8588): [VERBOSE1:btm_ble_gap.cc(1923)] btm_ble_process_ext_adv_pkt: bda=06:fa:50:9b:39:c0
09-01 14:38:32.636 V/bt_stack( 8588): [VERBOSE1:btm_ble_gap.cc(1847)] btm_ble_process_adv_addr: bda=06:fa:50:9b:39:c0
09-01 14:38:32.637 D/BluetoothUtils( 8588): blockedByLocationOff callingUid=1002
09-01 14:38:32.637 I/BluetoothUtils( 8588): packagename is android.uid.bluetooth:1002 ,and its permission is false
09-01 14:38:32.637 D/BluetoothUtils( 8588): blockedByLocationOff callingUid=1002
09-01 14:38:32.638 I/BluetoothUtils( 8588): packagename is android.uid.bluetooth:1002 ,and its permission is false
09-01 14:38:32.638 D/BluetoothUtils( 8588): blockedByLocationOff callingUid=1002
09-01 14:38:32.638 I/BluetoothUtils( 8588): packagename is android.uid.bluetooth:1002 ,and its permission is false
09-01 14:38:32.644 V/bt_stack( 8588): [VERBOSE1:btm_ble_gap.cc(1923)] btm_ble_process_ext_adv_pkt: bda=35:45:bf:2c:e1:03
09-01 14:38:32.644 V/bt_stack( 8588): [VERBOSE1:btm_ble_gap.cc(1847)] btm_ble_process_adv_addr: bda=35:45:bf:2c:e1:03
09-01 14:38:32.645 D/BluetoothUtils( 8588): blockedByLocationOff callingUid=1002
09-01 14:38:32.646 I/BluetoothUtils( 8588): packagename is android.uid.bluetooth:1002 ,and its permission is false
09-01 14:38:32.646 D/BluetoothUtils( 8588): blockedByLocationOff callingUid=1002
09-01 14:38:32.646 I/BluetoothUtils( 8588): packagename is android.uid.bluetooth:1002 ,and its permission is false
09-01 14:38:32.646 D/BluetoothUtils( 8588): blockedByLocationOff callingUid=1002
09-01 14:38:32.647 I/BluetoothUtils( 8588): packagename is android.uid.bluetooth:1002 ,and its permission is false
09-01 14:38:32.653 V/bt_stack( 8588): [VERBOSE1:btm_ble_gap.cc(1923)] btm_ble_process_ext_adv_pkt: bda=ed:f6:4a:96:0d:93
09-01 14:38:32.653 V/bt_stack( 8588): [VERBOSE1:btm_ble_gap.cc(1847)] btm_ble_process_adv_addr: bda=ed:f6:4a:96:0d:93
09-01 14:38:32.653 V/bt_stack( 8588): [VERBOSE1:btm_ble_gap.cc(2052)]  Waiting for scan response ed:f6:4a:96:0d:93
09-01 14:38:32.654 V/bt_stack( 8588): [VERBOSE1:btm_ble_gap.cc(1923)] btm_ble_process_ext_adv_pkt: bda=38:f9:d3:45:87:1e
09-01 14:38:32.654 V/bt_stack( 8588): [VERBOSE1:btm_ble_gap.cc(1847)] btm_ble_process_adv_addr: bda=38:f9:d3:45:87:1e
09-01 14:38:32.654 V/bt_stack( 8588): [VERBOSE1:btm_ble_gap.cc(2052)]  Waiting for scan response 38:f9:d3:45:87:1e
09-01 14:38:32.654 V/bt_stack( 8588): [VERBOSE1:btm_ble_gap.cc(1923)] btm_ble_process_ext_adv_pkt: bda=38:f9:d3:45:87:1e
09-01 14:38:32.654 V/bt_stack( 8588): [VERBOSE1:btm_ble_gap.cc(1847)] btm_ble_process_adv_addr: bda=38:f9:d3:45:87:1e
09-01 14:38:32.655 D/BluetoothUtils( 8588): blockedByLocationOff callingUid=1002
09-01 14:38:32.655 I/BluetoothUtils( 8588): packagename is android.uid.bluetooth:1002 ,and its permission is false
09-01 14:38:32.656 D/BluetoothUtils( 8588): blockedByLocationOff callingUid=1002
09-01 14:38:32.656 I/BluetoothUtils( 8588): packagename is android.uid.bluetooth:1002 ,and its permission is false
09-01 14:38:32.656 D/BluetoothUtils( 8588): blockedByLocationOff callingUid=1002
09-01 14:38:32.656 I/BluetoothUtils( 8588): packagename is android.uid.bluetooth:1002 ,and its permission is false
09-01 14:38:32.660 V/bt_stack( 8588): [VERBOSE1:btm_ble_gap.cc(1923)] btm_ble_process_ext_adv_pkt: bda=56:e4:da:79:d5:88
09-01 14:38:32.660 V/bt_stack( 8588): [VERBOSE1:btm_ble_gap.cc(1847)] btm_ble_process_adv_addr: bda=56:e4:da:79:d5:88
09-01 14:38:32.660 V/bt_stack( 8588): [VERBOSE1:btm_ble_gap.cc(2052)]  Waiting for scan response 56:e4:da:79:d5:88
09-01 14:38:32.660 V/bt_stack( 8588): [VERBOSE1:btm_ble_gap.cc(1923)] btm_ble_process_ext_adv_pkt: bda=63:53:07:fa:3c:f1
09-01 14:38:32.660 V/bt_stack( 8588): [VERBOSE1:btm_ble_gap.cc(1847)] btm_ble_process_adv_addr: bda=63:53:07:fa:3c:f1
09-01 14:38:32.661 D/BluetoothUtils( 8588): blockedByLocationOff callingUid=1002
09-01 14:38:32.661 I/BluetoothUtils( 8588): packagename is android.uid.bluetooth:1002 ,and its permission is false
09-01 14:38:32.661 D/BluetoothUtils( 8588): blockedByLocationOff callingUid=1002
09-01 14:38:32.662 I/BluetoothUtils( 8588): packagename is android.uid.bluetooth:1002 ,and its permission is false
09-01 14:38:32.662 D/BluetoothUtils( 8588): blockedByLocationOff callingUid=1002
09-01 14:38:32.662 V/bt_stack( 8588): [VERBOSE1:btm_ble_gap.cc(1923)] btm_ble_process_ext_adv_pkt: bda=24:c2:07:5f:ee:ac
09-01 14:38:32.662 V/bt_stack( 8588): [VERBOSE1:btm_ble_gap.cc(1847)] btm_ble_process_adv_addr: bda=24:c2:07:5f:ee:ac
09-01 14:38:32.662 I/BluetoothUtils( 8588): packagename is android.uid.bluetooth:1002 ,and its permission is false
09-01 14:38:32.663 D/BluetoothUtils( 8588): blockedByLocationOff callingUid=1002
09-01 14:38:32.663 I/BluetoothUtils( 8588): packagename is android.uid.bluetooth:1002 ,and its permission is false
09-01 14:38:32.664 D/BluetoothUtils( 8588): blockedByLocationOff callingUid=1002
09-01 14:38:32.664 I/BluetoothUtils( 8588): packagename is android.uid.bluetooth:1002 ,and its permission is false
09-01 14:38:32.664 D/BluetoothUtils( 8588): blockedByLocationOff callingUid=1002
09-01 14:38:32.664 I/BluetoothUtils( 8588): packagename is android.uid.bluetooth:1002 ,and its permission is false
09-01 14:38:32.670 V/bt_stack( 8588): [VERBOSE1:btm_ble_gap.cc(1923)] btm_ble_process_ext_adv_pkt: bda=0c:39:e9:d5:de:20
09-01 14:38:32.670 V/bt_stack( 8588): [VERBOSE1:btm_ble_gap.cc(1847)] btm_ble_process_adv_addr: bda=0c:39:e9:d5:de:20
09-01 14:38:32.672 D/BluetoothUtils( 8588): blockedByLocationOff callingUid=1002
09-01 14:38:32.672 I/BluetoothUtils( 8588): packagename is android.uid.bluetooth:1002 ,and its permission is false
09-01 14:38:32.673 D/BluetoothUtils( 8588): blockedByLocationOff callingUid=1002
09-01 14:38:32.673 I/BluetoothUtils( 8588): packagename is android.uid.bluetooth:1002 ,and its permission is false
09-01 14:38:32.673 D/BluetoothUtils( 8588): blockedByLocationOff callingUid=1002
09-01 14:38:32.674 I/BluetoothUtils( 8588): packagename is android.uid.bluetooth:1002 ,and its permission is false
09-01 14:38:32.683 V/bt_stack( 8588): [VERBOSE1:btm_ble_gap.cc(1923)] btm_ble_process_ext_adv_pkt: bda=0a:29:89:b7:c8:4a
09-01 14:38:32.683 V/bt_stack( 8588): [VERBOSE1:btm_ble_gap.cc(1847)] btm_ble_process_adv_addr: bda=0a:29:89:b7:c8:4a
09-01 14:38:32.685 D/BluetoothUtils( 8588): blockedByLocationOff callingUid=1002
09-01 14:38:32.685 I/BluetoothUtils( 8588): packagename is android.uid.bluetooth:1002 ,and its permission is false
09-01 14:38:32.685 D/BluetoothUtils( 8588): blockedByLocationOff callingUid=1002
09-01 14:38:32.686 I/BluetoothUtils( 8588): packagename is android.uid.bluetooth:1002 ,and its permission is false
09-01 14:38:32.686 D/BluetoothUtils( 8588): blockedByLocationOff callingUid=1002
09-01 14:38:32.686 I/BluetoothUtils( 8588): packagename is android.uid.bluetooth:1002 ,and its permission is false
09-01 14:38:32.698 V/bt_stack( 8588): [VERBOSE1:btm_ble_gap.cc(1923)] btm_ble_process_ext_adv_pkt: bda=7a:5d:64:2b:34:77
09-01 14:38:32.699 V/bt_stack( 8588): [VERBOSE1:btm_ble_gap.cc(1847)] btm_ble_process_adv_addr: bda=7a:5d:64:2b:34:77
09-01 14:38:32.699 V/bt_stack( 8588): [VERBOSE1:btm_ble_gap.cc(2052)]  Waiting for scan response 7a:5d:64:2b:34:77
09-01 14:38:32.711 V/bt_stack( 8588): [VERBOSE1:btm_ble_gap.cc(1923)] btm_ble_process_ext_adv_pkt: bda=66:3e:07:e0:2b:d4
09-01 14:38:32.711 V/bt_stack( 8588): [VERBOSE1:btm_ble_gap.cc(1847)] btm_ble_process_adv_addr: bda=66:3e:07:e0:2b:d4
09-01 14:38:32.711 V/bt_stack( 8588): [VERBOSE1:btm_ble_gap.cc(2052)]  Waiting for scan response 66:3e:07:e0:2b:d4
09-01 14:38:32.711 V/bt_stack( 8588): [VERBOSE1:btm_ble_gap.cc(1923)] btm_ble_process_ext_adv_pkt: bda=2d:8f:df:c2:a9:d4
09-01 14:38:32.711 V/bt_stack( 8588): [VERBOSE1:btm_ble_gap.cc(1847)] btm_ble_process_adv_addr: bda=2d:8f:df:c2:a9:d4
09-01 14:38:32.713 D/BluetoothUtils( 8588): blockedByLocationOff callingUid=1002
09-01 14:38:32.714 I/BluetoothUtils( 8588): packagename is android.uid.bluetooth:1002 ,and its permission is false
09-01 14:38:32.714 D/BluetoothUtils( 8588): blockedByLocationOff callingUid=1002
09-01 14:38:32.714 I/BluetoothUtils( 8588): packagename is android.uid.bluetooth:1002 ,and its permission is false
09-01 14:38:32.714 D/BluetoothUtils( 8588): blockedByLocationOff callingUid=1002
09-01 14:38:32.714 I/BluetoothUtils( 8588): packagename is android.uid.bluetooth:1002 ,and its permission is false
09-01 14:38:32.721 V/bt_stack( 8588): [VERBOSE1:btm_ble_gap.cc(1923)] btm_ble_process_ext_adv_pkt: bda=38:f9:d3:45:87:1e
09-01 14:38:32.722 V/bt_stack( 8588): [VERBOSE1:btm_ble_gap.cc(1847)] btm_ble_process_adv_addr: bda=38:f9:d3:45:87:1e
09-01 14:38:32.722 V/bt_stack( 8588): [VERBOSE1:btm_ble_gap.cc(2052)]  Waiting for scan response 38:f9:d3:45:87:1e
09-01 14:38:32.722 V/bt_stack( 8588): [VERBOSE1:btm_ble_gap.cc(1923)] btm_ble_process_ext_adv_pkt: bda=38:f9:d3:45:87:1e
09-01 14:38:32.722 V/bt_stack( 8588): [VERBOSE1:btm_ble_gap.cc(1847)] btm_ble_process_adv_addr: bda=38:f9:d3:45:87:1e
09-01 14:38:32.724 D/BluetoothUtils( 8588): blockedByLocationOff callingUid=1002
09-01 14:38:32.724 I/BluetoothUtils( 8588): packagename is android.uid.bluetooth:1002 ,and its permission is false
09-01 14:38:32.724 D/BluetoothUtils( 8588): blockedByLocationOff callingUid=1002
09-01 14:38:32.725 I/BluetoothUtils( 8588): packagename is android.uid.bluetooth:1002 ,and its permission is false
09-01 14:38:32.725 D/BluetoothUtils( 8588): blockedByLocationOff callingUid=1002
09-01 14:38:32.725 I/BluetoothUtils( 8588): packagename is android.uid.bluetooth:1002 ,and its permission is false
09-01 14:38:32.726 V/bt_stack( 8588): [VERBOSE1:btm_ble_gap.cc(1923)] btm_ble_process_ext_adv_pkt: bda=56:e4:da:79:d5:88
09-01 14:38:32.726 V/bt_stack( 8588): [VERBOSE1:btm_ble_gap.cc(1847)] btm_ble_process_adv_addr: bda=56:e4:da:79:d5:88
09-01 14:38:32.727 V/bt_stack( 8588): [VERBOSE1:btm_ble_gap.cc(2052)]  Waiting for scan response 56:e4:da:79:d5:88
09-01 14:38:32.727 V/bt_stack( 8588): [VERBOSE1:btm_ble_gap.cc(1923)] btm_ble_process_ext_adv_pkt: bda=56:e4:da:79:d5:88
09-01 14:38:32.727 V/bt_stack( 8588): [VERBOSE1:btm_ble_gap.cc(1847)] btm_ble_process_adv_addr: bda=56:e4:da:79:d5:88
09-01 14:38:32.727 D/BluetoothUtils( 8588): blockedByLocationOff callingUid=1002
09-01 14:38:32.728 I/BluetoothUtils( 8588): packagename is android.uid.bluetooth:1002 ,and its permission is false
09-01 14:38:32.728 D/BluetoothUtils( 8588): blockedByLocationOff callingUid=1002
09-01 14:38:32.728 I/BluetoothUtils( 8588): packagename is android.uid.bluetooth:1002 ,and its permission is false
09-01 14:38:32.729 D/BluetoothUtils( 8588): blockedByLocationOff callingUid=1002
09-01 14:38:32.729 I/BluetoothUtils( 8588): packagename is android.uid.bluetooth:1002 ,and its permission is false
09-01 14:38:32.734 V/bt_stack( 8588): [VERBOSE1:btm_ble_gap.cc(1923)] btm_ble_process_ext_adv_pkt: bda=32:d2:03:03:d2:bd
09-01 14:38:32.734 V/bt_stack( 8588): [VERBOSE1:btm_ble_gap.cc(1847)] btm_ble_process_adv_addr: bda=32:d2:03:03:d2:bd
09-01 14:38:32.736 D/BluetoothUtils( 8588): blockedByLocationOff callingUid=1002
09-01 14:38:32.737 I/BluetoothUtils( 8588): packagename is android.uid.bluetooth:1002 ,and its permission is false
09-01 14:38:32.737 D/BluetoothUtils( 8588): blockedByLocationOff callingUid=1002
09-01 14:38:32.737 I/BluetoothUtils( 8588): packagename is android.uid.bluetooth:1002 ,and its permission is false
09-01 14:38:32.737 D/BluetoothUtils( 8588): blockedByLocationOff callingUid=1002
09-01 14:38:32.738 I/BluetoothUtils( 8588): packagename is android.uid.bluetooth:1002 ,and its permission is false
09-01 14:38:32.740 V/bt_stack( 8588): [VERBOSE1:btm_ble_gap.cc(1923)] btm_ble_process_ext_adv_pkt: bda=06:fa:50:9b:39:c0
09-01 14:38:32.740 V/bt_stack( 8588): [VERBOSE1:btm_ble_gap.cc(1847)] btm_ble_process_adv_addr: bda=06:fa:50:9b:39:c0
09-01 14:38:32.741 D/BluetoothUtils( 8588): blockedByLocationOff callingUid=1002
09-01 14:38:32.741 I/BluetoothUtils( 8588): packagename is android.uid.bluetooth:1002 ,and its permission is false
09-01 14:38:32.742 D/BluetoothUtils( 8588): blockedByLocationOff callingUid=1002
09-01 14:38:32.742 I/BluetoothUtils( 8588): packagename is android.uid.bluetooth:1002 ,and its permission is false
09-01 14:38:32.742 D/BluetoothUtils( 8588): blockedByLocationOff callingUid=1002
09-01 14:38:32.742 I/BluetoothUtils( 8588): packagename is android.uid.bluetooth:1002 ,and its permission is false
09-01 14:38:32.751 V/bt_stack( 8588): [VERBOSE1:btm_ble_gap.cc(1923)] btm_ble_process_ext_adv_pkt: bda=38:f9:d3:45:87:1e
09-01 14:38:32.752 V/bt_stack( 8588): [VERBOSE1:btm_ble_gap.cc(1847)] btm_ble_process_adv_addr: bda=38:f9:d3:45:87:1e
09-01 14:38:32.752 V/bt_stack( 8588): [VERBOSE1:btm_ble_gap.cc(2052)]  Waiting for scan response 38:f9:d3:45:87:1e
09-01 14:38:32.752 V/bt_stack( 8588): [VERBOSE1:btm_ble_gap.cc(1923)] btm_ble_process_ext_adv_pkt: bda=38:f9:d3:45:87:1e
09-01 14:38:32.752 V/bt_stack( 8588): [VERBOSE1:btm_ble_gap.cc(1847)] btm_ble_process_adv_addr: bda=38:f9:d3:45:87:1e
09-01 14:38:32.754 D/BluetoothUtils( 8588): blockedByLocationOff callingUid=1002
09-01 14:38:32.755 I/BluetoothUtils( 8588): packagename is android.uid.bluetooth:1002 ,and its permission is false
09-01 14:38:32.755 D/BluetoothUtils( 8588): blockedByLocationOff callingUid=1002
09-01 14:38:32.755 I/BluetoothUtils( 8588): packagename is android.uid.bluetooth:1002 ,and its permission is false
09-01 14:38:32.755 D/BluetoothUtils( 8588): blockedByLocationOff callingUid=1002
09-01 14:38:32.756 I/BluetoothUtils( 8588): packagename is android.uid.bluetooth:1002 ,and its permission is false
09-01 14:38:32.758 V/bt_stack( 8588): [VERBOSE1:btm_ble_gap.cc(1923)] btm_ble_process_ext_adv_pkt: bda=00:35:64:83:a4:98
09-01 14:38:32.758 V/bt_stack( 8588): [VERBOSE1:btm_ble_gap.cc(1847)] btm_ble_process_adv_addr: bda=00:35:64:83:a4:98
09-01 14:38:32.758 V/bt_stack( 8588): [VERBOSE1:btm_ble_gap.cc(1923)] btm_ble_process_ext_adv_pkt: bda=17:7e:29:ab:4e:d0
09-01 14:38:32.759 V/bt_stack( 8588): [VERBOSE1:btm_ble_gap.cc(1847)] btm_ble_process_adv_addr: bda=17:7e:29:ab:4e:d0
09-01 14:38:32.759 D/BluetoothUtils( 8588): blockedByLocationOff callingUid=1002
09-01 14:38:32.759 I/BluetoothUtils( 8588): packagename is android.uid.bluetooth:1002 ,and its permission is false
09-01 14:38:32.760 D/BluetoothUtils( 8588): blockedByLocationOff callingUid=1002
09-01 14:38:32.760 I/BluetoothUtils( 8588): packagename is android.uid.bluetooth:1002 ,and its permission is false
09-01 14:38:32.761 D/BluetoothUtils( 8588): blockedByLocationOff callingUid=1002
09-01 14:38:32.761 I/BluetoothUtils( 8588): packagename is android.uid.bluetooth:1002 ,and its permission is false
09-01 14:38:32.761 V/bt_stack( 8588): [VERBOSE1:btm_ble_gap.cc(1923)] btm_ble_process_ext_adv_pkt: bda=63:53:07:fa:3c:f1
09-01 14:38:32.761 V/bt_stack( 8588): [VERBOSE1:btm_ble_gap.cc(1847)] btm_ble_process_adv_addr: bda=63:53:07:fa:3c:f1
09-01 14:38:32.762 D/BluetoothUtils( 8588): blockedByLocationOff callingUid=1002
09-01 14:38:32.763 I/BluetoothUtils( 8588): packagename is android.uid.bluetooth:1002 ,and its permission is false
09-01 14:38:32.763 D/BluetoothUtils( 8588): blockedByLocationOff callingUid=1002
09-01 14:38:32.763 I/BluetoothUtils( 8588): packagename is android.uid.bluetooth:1002 ,and its permission is false
09-01 14:38:32.763 D/BluetoothUtils( 8588): blockedByLocationOff callingUid=1002
09-01 14:38:32.763 I/BluetoothUtils( 8588): packagename is android.uid.bluetooth:1002 ,and its permission is false
09-01 14:38:32.764 D/BluetoothUtils( 8588): blockedByLocationOff callingUid=1002
09-01 14:38:32.765 V/bt_stack( 8588): [VERBOSE1:btm_ble_gap.cc(1923)] btm_ble_process_ext_adv_pkt: bda=24:c2:07:5f:ee:ac
09-01 14:38:32.765 V/bt_stack( 8588): [VERBOSE1:btm_ble_gap.cc(1847)] btm_ble_process_adv_addr: bda=24:c2:07:5f:ee:ac
