09-01 14:34:49.089 D/BluetoothUtils( 8588): blockedByLocationOff callingUid=1002
09-01 14:34:49.089 I/BluetoothUtils( 8588): packagename is android.uid.bluetooth:1002 ,and its permission is false
09-01 14:34:49.089 D/BluetoothUtils( 8588): blockedByLocationOff callingUid=1002
09-01 14:34:49.089 I/BluetoothUtils( 8588): packagename is android.uid.bluetooth:1002 ,and its permission is false
09-01 14:34:49.093 I/appium  (11310): AppiumResponse: {"sessionId":"7457bba7-67d4-46f6-af19-5e3c40fc69d7","value":null}
09-01 14:34:49.097 V/bt_stack( 8588): [VERBOSE1:btm_ble_gap.cc(1923)] btm_ble_process_ext_adv_pkt: bda=56:e4:da:79:d5:88
09-01 14:34:49.097 V/bt_stack( 8588): [VERBOSE1:btm_ble_gap.cc(1847)] btm_ble_process_adv_addr: bda=56:e4:da:79:d5:88
09-01 14:34:49.097 V/bt_stack( 8588): [VERBOSE1:btm_ble_gap.cc(2052)]  Waiting for scan response 56:e4:da:79:d5:88
09-01 14:34:49.097 V/bt_stack( 8588): [VERBOSE1:btm_ble_gap.cc(1923)] btm_ble_process_ext_adv_pkt: bda=56:e4:da:79:d5:88
09-01 14:34:49.097 V/bt_stack( 8588): [VERBOSE1:btm_ble_gap.cc(1847)] btm_ble_process_adv_addr: bda=56:e4:da:79:d5:88
09-01 14:34:49.099 D/BluetoothUtils( 8588): blockedByLocationOff callingUid=1002
09-01 14:34:49.099 I/BluetoothUtils( 8588): packagename is android.uid.bluetooth:1002 ,and its permission is false
09-01 14:34:49.099 D/BluetoothUtils( 8588): blockedByLocationOff callingUid=1002
09-01 14:34:49.099 I/BluetoothUtils( 8588): packagename is android.uid.bluetooth:1002 ,and its permission is false
09-01 14:34:49.099 D/BluetoothUtils( 8588): blockedByLocationOff callingUid=1002
09-01 14:34:49.100 I/BluetoothUtils( 8588): packagename is android.uid.bluetooth:1002 ,and its permission is false
09-01 14:34:49.105 V/bt_stack( 8588): [VERBOSE1:btm_ble_gap.cc(1923)] btm_ble_process_ext_adv_pkt: bda=01:f5:30:c0:9b:7a
09-01 14:34:49.105 V/bt_stack( 8588): [VERBOSE1:btm_ble_gap.cc(1847)] btm_ble_process_adv_addr: bda=01:f5:30:c0:9b:7a
09-01 14:34:49.106 D/BluetoothUtils( 8588): blockedByLocationOff callingUid=1002
09-01 14:34:49.106 V/bt_stack( 8588): [VERBOSE1:btm_ble_gap.cc(1923)] btm_ble_process_ext_adv_pkt: bda=0a:29:89:b7:c8:4a
09-01 14:34:49.106 V/bt_stack( 8588): [VERBOSE1:btm_ble_gap.cc(1847)] btm_ble_process_adv_addr: bda=0a:29:89:b7:c8:4a
09-01 14:34:49.106 I/BluetoothUtils( 8588): packagename is android.uid.bluetooth:1002 ,and its permission is false
09-01 14:34:49.106 D/BluetoothUtils( 8588): blockedByLocationOff callingUid=1002
09-01 14:34:49.107 I/BluetoothUtils( 8588): packagename is android.uid.bluetooth:1002 ,and its permission is false
09-01 14:34:49.107 D/BluetoothUtils( 8588): blockedByLocationOff callingUid=1002
09-01 14:34:49.107 I/BluetoothUtils( 8588): packagename is android.uid.bluetooth:1002 ,and its permission is false
09-01 14:34:49.108 D/BluetoothUtils( 8588): blockedByLocationOff callingUid=1002
09-01 14:34:49.108 I/BluetoothUtils( 8588): packagename is android.uid.bluetooth:1002 ,and its permission is false
09-01 14:34:49.108 D/BluetoothUtils( 8588): blockedByLocationOff callingUid=1002
09-01 14:34:49.108 I/BluetoothUtils( 8588): packagename is android.uid.bluetooth:1002 ,and its permission is false
09-01 14:34:49.108 D/BluetoothUtils( 8588): blockedByLocationOff callingUid=1002
09-01 14:34:49.108 I/BluetoothUtils( 8588): packagename is android.uid.bluetooth:1002 ,and its permission is false
09-01 14:34:49.111 V/bt_stack( 8588): [VERBOSE1:btm_ble_gap.cc(1923)] btm_ble_process_ext_adv_pkt: bda=2e:5b:f3:6f:6b:fb
09-01 14:34:49.111 V/bt_stack( 8588): [VERBOSE1:btm_ble_gap.cc(1847)] btm_ble_process_adv_addr: bda=2e:5b:f3:6f:6b:fb
09-01 14:34:49.113 D/BluetoothUtils( 8588): blockedByLocationOff callingUid=1002
09-01 14:34:49.113 I/BluetoothUtils( 8588): packagename is android.uid.bluetooth:1002 ,and its permission is false
09-01 14:34:49.113 D/BluetoothUtils( 8588): blockedByLocationOff callingUid=1002
09-01 14:34:49.113 I/BluetoothUtils( 8588): packagename is android.uid.bluetooth:1002 ,and its permission is false
09-01 14:34:49.113 D/BluetoothUtils( 8588): blockedByLocationOff callingUid=1002
09-01 14:34:49.114 I/BluetoothUtils( 8588): packagename is android.uid.bluetooth:1002 ,and its permission is false
09-01 14:34:49.122 V/bt_stack( 8588): [VERBOSE1:btm_ble_gap.cc(1923)] btm_ble_process_ext_adv_pkt: bda=07:e4:7f:b4:5f:d9
09-01 14:34:49.122 V/bt_stack( 8588): [VERBOSE1:btm_ble_gap.cc(1847)] btm_ble_process_adv_addr: bda=07:e4:7f:b4:5f:d9
09-01 14:34:49.123 D/BluetoothUtils( 8588): blockedByLocationOff callingUid=1002
09-01 14:34:49.124 I/BluetoothUtils( 8588): packagename is android.uid.bluetooth:1002 ,and its permission is false
09-01 14:34:49.124 D/BluetoothUtils( 8588): blockedByLocationOff callingUid=1002
09-01 14:34:49.124 I/BluetoothUtils( 8588): packagename is android.uid.bluetooth:1002 ,and its permission is false
09-01 14:34:49.124 D/BluetoothUtils( 8588): blockedByLocationOff callingUid=1002
09-01 14:34:49.125 I/BluetoothUtils( 8588): packagename is android.uid.bluetooth:1002 ,and its permission is false
09-01 14:34:49.127 V/bt_stack( 8588): [VERBOSE1:btm_ble_gap.cc(1923)] btm_ble_process_ext_adv_pkt: bda=56:e4:da:79:d5:88
09-01 14:34:49.127 V/bt_stack( 8588): [VERBOSE1:btm_ble_gap.cc(1847)] btm_ble_process_adv_addr: bda=56:e4:da:79:d5:88
09-01 14:34:49.127 V/bt_stack( 8588): [VERBOSE1:btm_ble_gap.cc(2052)]  Waiting for scan response 56:e4:da:79:d5:88
09-01 14:34:49.127 V/bt_stack( 8588): [VERBOSE1:btm_ble_gap.cc(1923)] btm_ble_process_ext_adv_pkt: bda=56:e4:da:79:d5:88
09-01 14:34:49.127 V/bt_stack( 8588): [VERBOSE1:btm_ble_gap.cc(1847)] btm_ble_process_adv_addr: bda=56:e4:da:79:d5:88
09-01 14:34:49.128 D/BluetoothUtils( 8588): blockedByLocationOff callingUid=1002
09-01 14:34:49.128 I/BluetoothUtils( 8588): packagename is android.uid.bluetooth:1002 ,and its permission is false
09-01 14:34:49.128 D/BluetoothUtils( 8588): blockedByLocationOff callingUid=1002
09-01 14:34:49.129 I/BluetoothUtils( 8588): packagename is android.uid.bluetooth:1002 ,and its permission is false
09-01 14:34:49.129 D/BluetoothUtils( 8588): blockedByLocationOff callingUid=1002
09-01 14:34:49.129 I/BluetoothUtils( 8588): packagename is android.uid.bluetooth:1002 ,and its permission is false
09-01 14:34:49.138 V/bt_stack( 8588): [VERBOSE1:btm_ble_gap.cc(1923)] btm_ble_process_ext_adv_pkt: bda=28:f0:76:67:1f:c7
09-01 14:34:49.138 V/bt_stack( 8588): [VERBOSE1:btm_ble_gap.cc(1847)] btm_ble_process_adv_addr: bda=28:f0:76:67:1f:c7
09-01 14:34:49.138 V/bt_stack( 8588): [VERBOSE1:btm_ble_gap.cc(2052)]  Waiting for scan response 28:f0:76:67:1f:c7
09-01 14:34:49.154 V/bt_stack( 8588): [VERBOSE1:btm_ble_gap.cc(1923)] btm_ble_process_ext_adv_pkt: bda=7a:11:28:6c:23:6e
09-01 14:34:49.154 V/bt_stack( 8588): [VERBOSE1:btm_ble_gap.cc(1847)] btm_ble_process_adv_addr: bda=7a:11:28:6c:23:6e
09-01 14:34:49.154 V/bt_stack( 8588): [VERBOSE1:btm_ble_gap.cc(2052)]  Waiting for scan response 7a:11:28:6c:23:6e
09-01 14:34:49.161 V/bt_stack( 8588): [VERBOSE1:btm_ble_gap.cc(1923)] btm_ble_process_ext_adv_pkt: bda=6e:3b:40:73:ff:b3
09-01 14:34:49.161 V/bt_stack( 8588): [VERBOSE1:btm_ble_gap.cc(1847)] btm_ble_process_adv_addr: bda=6e:3b:40:73:ff:b3
09-01 14:34:49.161 V/bt_stack( 8588): [VERBOSE1:btm_ble_gap.cc(2052)]  Waiting for scan response 6e:3b:40:73:ff:b3
09-01 14:34:49.161 V/bt_stack( 8588): [VERBOSE1:btm_ble_gap.cc(1923)] btm_ble_process_ext_adv_pkt: bda=17:7e:29:ab:4e:d0
09-01 14:34:49.161 V/bt_stack( 8588): [VERBOSE1:btm_ble_gap.cc(1847)] btm_ble_process_adv_addr: bda=17:7e:29:ab:4e:d0
09-01 14:34:49.163 V/bt_stack( 8588): [VERBOSE1:btm_ble_gap.cc(1923)] btm_ble_process_ext_adv_pkt: bda=56:e4:da:79:d5:88
09-01 14:34:49.163 V/bt_stack( 8588): [VERBOSE1:btm_ble_gap.cc(1847)] btm_ble_process_adv_addr: bda=56:e4:da:79:d5:88
09-01 14:34:49.163 V/bt_stack( 8588): [VERBOSE1:btm_ble_gap.cc(2052)]  Waiting for scan response 56:e4:da:79:d5:88
09-01 14:34:49.163 V/bt_stack( 8588): [VERBOSE1:btm_ble_gap.cc(1923)] btm_ble_process_ext_adv_pkt: bda=56:e4:da:79:d5:88
09-01 14:34:49.163 V/bt_stack( 8588): [VERBOSE1:btm_ble_gap.cc(1847)] btm_ble_process_adv_addr: bda=56:e4:da:79:d5:88
09-01 14:34:49.164 D/BluetoothUtils( 8588): blockedByLocationOff callingUid=1002
09-01 14:34:49.164 V/bt_stack( 8588): [VERBOSE1:btm_ble_gap.cc(1923)] btm_ble_process_ext_adv_pkt: bda=32:d2:03:03:d2:bd
09-01 14:34:49.164 V/bt_stack( 8588): [VERBOSE1:btm_ble_gap.cc(1847)] btm_ble_process_adv_addr: bda=32:d2:03:03:d2:bd
09-01 14:34:49.164 I/BluetoothUtils( 8588): packagename is android.uid.bluetooth:1002 ,and its permission is false
09-01 14:34:49.165 D/BluetoothUtils( 8588): blockedByLocationOff callingUid=1002
09-01 14:34:49.165 I/BluetoothUtils( 8588): packagename is android.uid.bluetooth:1002 ,and its permission is false
09-01 14:34:49.165 D/BluetoothUtils( 8588): blockedByLocationOff callingUid=1002
09-01 14:34:49.165 I/BluetoothUtils( 8588): packagename is android.uid.bluetooth:1002 ,and its permission is false
09-01 14:34:49.166 D/BluetoothUtils( 8588): blockedByLocationOff callingUid=1002
09-01 14:34:49.167 I/BluetoothUtils( 8588): packagename is android.uid.bluetooth:1002 ,and its permission is false
09-01 14:34:49.167 D/BluetoothUtils( 8588): blockedByLocationOff callingUid=1002
09-01 14:34:49.167 I/BluetoothUtils( 8588): packagename is android.uid.bluetooth:1002 ,and its permission is false
09-01 14:34:49.167 D/BluetoothUtils( 8588): blockedByLocationOff callingUid=1002
09-01 14:34:49.168 I/BluetoothUtils( 8588): packagename is android.uid.bluetooth:1002 ,and its permission is false
09-01 14:34:49.169 D/BluetoothUtils( 8588): blockedByLocationOff callingUid=1002
09-01 14:34:49.169 I/BluetoothUtils( 8588): packagename is android.uid.bluetooth:1002 ,and its permission is false
09-01 14:34:49.169 D/BluetoothUtils( 8588): blockedByLocationOff callingUid=1002
09-01 14:34:49.169 I/BluetoothUtils( 8588): packagename is android.uid.bluetooth:1002 ,and its permission is false
09-01 14:34:49.170 D/BluetoothUtils( 8588): blockedByLocationOff callingUid=1002
09-01 14:34:49.170 I/BluetoothUtils( 8588): packagename is android.uid.bluetooth:1002 ,and its permission is false
09-01 14:34:49.173 V/bt_stack( 8588): [VERBOSE1:btm_ble_gap.cc(1923)] btm_ble_process_ext_adv_pkt: bda=38:f9:d3:45:87:1e
09-01 14:34:49.173 V/bt_stack( 8588): [VERBOSE1:btm_ble_gap.cc(1847)] btm_ble_process_adv_addr: bda=38:f9:d3:45:87:1e
09-01 14:34:49.173 V/bt_stack( 8588): [VERBOSE1:btm_ble_gap.cc(2052)]  Waiting for scan response 38:f9:d3:45:87:1e
09-01 14:34:49.174 V/bt_stack( 8588): [VERBOSE1:btm_ble_gap.cc(1923)] btm_ble_process_ext_adv_pkt: bda=38:f9:d3:45:87:1e
09-01 14:34:49.174 V/bt_stack( 8588): [VERBOSE1:btm_ble_gap.cc(1847)] btm_ble_process_adv_addr: bda=38:f9:d3:45:87:1e
09-01 14:34:49.175 D/BluetoothUtils( 8588): blockedByLocationOff callingUid=1002
09-01 14:34:49.175 I/BluetoothUtils( 8588): packagename is android.uid.bluetooth:1002 ,and its permission is false
09-01 14:34:49.175 D/BluetoothUtils( 8588): blockedByLocationOff callingUid=1002
09-01 14:34:49.175 I/BluetoothUtils( 8588): packagename is android.uid.bluetooth:1002 ,and its permission is false
09-01 14:34:49.175 D/BluetoothUtils( 8588): blockedByLocationOff callingUid=1002
09-01 14:34:49.176 I/BluetoothUtils( 8588): packagename is android.uid.bluetooth:1002 ,and its permission is false
09-01 14:34:49.176 I/appium  (11310): channel read invoked!
09-01 14:34:49.176 I/appium  (11310): channel read: POST /wd/hub/session/7457bba7-67d4-46f6-af19-5e3c40fc69d7/element
09-01 14:34:49.178 I/appium  (11310): Find element command using 'id' with selector 'pai_frame_value'.
09-01 14:34:49.179 I/appium  (11310): Waiting up to 10000ms for device to be idle
09-01 14:34:49.182 V/bt_stack( 8588): [VERBOSE1:btm_ble_gap.cc(1923)] btm_ble_process_ext_adv_pkt: bda=1c:91:72:ba:f7:2e
09-01 14:34:49.183 V/bt_stack( 8588): [VERBOSE1:btm_ble_gap.cc(1847)] btm_ble_process_adv_addr: bda=1c:91:72:ba:f7:2e
09-01 14:34:49.184 D/BluetoothUtils( 8588): blockedByLocationOff callingUid=1002
09-01 14:34:49.184 I/BluetoothUtils( 8588): packagename is android.uid.bluetooth:1002 ,and its permission is false
09-01 14:34:49.184 D/BluetoothUtils( 8588): blockedByLocationOff callingUid=1002
09-01 14:34:49.185 I/BluetoothUtils( 8588): packagename is android.uid.bluetooth:1002 ,and its permission is false
09-01 14:34:49.185 D/BluetoothUtils( 8588): blockedByLocationOff callingUid=1002
09-01 14:34:49.185 I/BluetoothUtils( 8588): packagename is android.uid.bluetooth:1002 ,and its permission is false
09-01 14:34:49.188 V/bt_stack( 8588): [VERBOSE1:btm_ble_gap.cc(1923)] btm_ble_process_ext_adv_pkt: bda=35:45:bf:2c:e1:03
09-01 14:34:49.188 V/bt_stack( 8588): [VERBOSE1:btm_ble_gap.cc(1847)] btm_ble_process_adv_addr: bda=35:45:bf:2c:e1:03
09-01 14:34:49.190 D/BluetoothUtils( 8588): blockedByLocationOff callingUid=1002
09-01 14:34:49.190 V/bt_stack( 8588): [VERBOSE1:btm_ble_gap.cc(1923)] btm_ble_process_ext_adv_pkt: bda=6a:1a:31:28:a4:f8
09-01 14:34:49.190 V/bt_stack( 8588): [VERBOSE1:btm_ble_gap.cc(1847)] btm_ble_process_adv_addr: bda=6a:1a:31:28:a4:f8
09-01 14:34:49.190 I/BluetoothUtils( 8588): packagename is android.uid.bluetooth:1002 ,and its permission is false
09-01 14:34:49.190 D/BluetoothUtils( 8588): blockedByLocationOff callingUid=1002
09-01 14:34:49.191 I/BluetoothUtils( 8588): packagename is android.uid.bluetooth:1002 ,and its permission is false
09-01 14:34:49.191 D/BluetoothUtils( 8588): blockedByLocationOff callingUid=1002
09-01 14:34:49.191 I/BluetoothUtils( 8588): packagename is android.uid.bluetooth:1002 ,and its permission is false
09-01 14:34:49.192 D/BluetoothUtils( 8588): blockedByLocationOff callingUid=1002
09-01 14:34:49.192 I/BluetoothUtils( 8588): packagename is android.uid.bluetooth:1002 ,and its permission is false
09-01 14:34:49.192 D/BluetoothUtils( 8588): blockedByLocationOff callingUid=1002
09-01 14:34:49.193 I/BluetoothUtils( 8588): packagename is android.uid.bluetooth:1002 ,and its permission is false
09-01 14:34:49.193 D/BluetoothUtils( 8588): blockedByLocationOff callingUid=1002
09-01 14:34:49.193 I/BluetoothUtils( 8588): packagename is android.uid.bluetooth:1002 ,and its permission is false
09-01 14:34:49.200 I/appium  (11310): AppiumResponse: {"sessionId":"7457bba7-67d4-46f6-af19-5e3c40fc69d7","value":{"ELEMENT":"3655e563-9acb-46eb-a57d-312cc61484b9","element-6066-11e4-a52e-4f735466cecf":"3655e563-9acb-46eb-a57d-312cc61484b9"}}
09-01 14:34:49.203 V/bt_stack( 8588): [VERBOSE1:btm_ble_gap.cc(1923)] btm_ble_process_ext_adv_pkt: bda=d0:24:10:d7:5b:bc
09-01 14:34:49.203 V/bt_stack( 8588): [VERBOSE1:btm_ble_gap.cc(1847)] btm_ble_process_adv_addr: bda=d0:24:10:d7:5b:bc
09-01 14:34:49.204 V/bt_stack( 8588): [VERBOSE1:btm_ble_gap.cc(2052)]  Waiting for scan response d0:24:10:d7:5b:bc
09-01 14:34:49.204 V/bt_stack( 8588): [VERBOSE1:btm_ble_gap.cc(1923)] btm_ble_process_ext_adv_pkt: bda=d0:24:10:d7:5b:bc
09-01 14:34:49.204 V/bt_stack( 8588): [VERBOSE1:btm_ble_gap.cc(1847)] btm_ble_process_adv_addr: bda=d0:24:10:d7:5b:bc
09-01 14:34:49.205 D/BluetoothUtils( 8588): blockedByLocationOff callingUid=1002
09-01 14:34:49.205 I/BluetoothUtils( 8588): packagename is android.uid.bluetooth:1002 ,and its permission is false
09-01 14:34:49.205 D/BluetoothUtils( 8588): blockedByLocationOff callingUid=1002
09-01 14:34:49.206 I/BluetoothUtils( 8588): packagename is android.uid.bluetooth:1002 ,and its permission is false
09-01 14:34:49.206 D/BluetoothUtils( 8588): blockedByLocationOff callingUid=1002
09-01 14:34:49.206 I/BluetoothUtils( 8588): packagename is android.uid.bluetooth:1002 ,and its permission is false
09-01 14:34:49.206 V/bt_stack( 8588): [VERBOSE1:btm_ble_gap.cc(1923)] btm_ble_process_ext_adv_pkt: bda=38:f9:d3:45:87:1e
09-01 14:34:49.206 V/bt_stack( 8588): [VERBOSE1:btm_ble_gap.cc(1847)] btm_ble_process_adv_addr: bda=38:f9:d3:45:87:1e
09-01 14:34:49.206 V/bt_stack( 8588): [VERBOSE1:btm_ble_gap.cc(2052)]  Waiting for scan response 38:f9:d3:45:87:1e
09-01 14:34:49.207 V/bt_stack( 8588): [VERBOSE1:btm_ble_gap.cc(1923)] btm_ble_process_ext_adv_pkt: bda=38:f9:d3:45:87:1e
09-01 14:34:49.207 V/bt_stack( 8588): [VERBOSE1:btm_ble_gap.cc(1847)] btm_ble_process_adv_addr: bda=38:f9:d3:45:87:1e
09-01 14:34:49.208 D/BluetoothUtils( 8588): blockedByLocationOff callingUid=1002
09-01 14:34:49.208 I/BluetoothUtils( 8588): packagename is android.uid.bluetooth:1002 ,and its permission is false
09-01 14:34:49.209 D/BluetoothUtils( 8588): blockedByLocationOff callingUid=1002
09-01 14:34:49.209 V/bt_stack( 8588): [VERBOSE1:btm_ble_gap.cc(1923)] btm_ble_process_ext_adv_pkt: bda=01:f5:30:c0:9b:7a
09-01 14:34:49.209 I/BluetoothUtils( 8588): packagename is android.uid.bluetooth:1002 ,and its permission is false
09-01 14:34:49.209 V/bt_stack( 8588): [VERBOSE1:btm_ble_gap.cc(1847)] btm_ble_process_adv_addr: bda=01:f5:30:c0:9b:7a
09-01 14:34:49.209 D/BluetoothUtils( 8588): blockedByLocationOff callingUid=1002
09-01 14:34:49.209 I/BluetoothUtils( 8588): packagename is android.uid.bluetooth:1002 ,and its permission is false
09-01 14:34:49.210 D/BluetoothUtils( 8588): blockedByLocationOff callingUid=1002
09-01 14:34:49.210 I/BluetoothUtils( 8588): packagename is android.uid.bluetooth:1002 ,and its permission is false
09-01 14:34:49.210 D/BluetoothUtils( 8588): blockedByLocationOff callingUid=1002
09-01 14:34:49.210 I/BluetoothUtils( 8588): packagename is android.uid.bluetooth:1002 ,and its permission is false
09-01 14:34:49.211 D/BluetoothUtils( 8588): blockedByLocationOff callingUid=1002
09-01 14:34:49.211 I/BluetoothUtils( 8588): packagename is android.uid.bluetooth:1002 ,and its permission is false
09-01 14:34:49.211 V/bt_stack( 8588): [VERBOSE1:btm_ble_gap.cc(1923)] btm_ble_process_ext_adv_pkt: bda=0b:95:8c:38:8d:43
09-01 14:34:49.211 V/bt_stack( 8588): [VERBOSE1:btm_ble_gap.cc(1847)] btm_ble_process_adv_addr: bda=0b:95:8c:38:8d:43
09-01 14:34:49.212 V/bt_stack( 8588): [VERBOSE1:btm_ble_gap.cc(1923)] btm_ble_process_ext_adv_pkt: bda=2e:5b:f3:6f:6b:fb
09-01 14:34:49.212 V/bt_stack( 8588): [VERBOSE1:btm_ble_gap.cc(1847)] btm_ble_process_adv_addr: bda=2e:5b:f3:6f:6b:fb
09-01 14:34:49.213 D/BluetoothUtils( 8588): blockedByLocationOff callingUid=1002
09-01 14:34:49.213 I/BluetoothUtils( 8588): packagename is android.uid.bluetooth:1002 ,and its permission is false
09-01 14:34:49.213 D/BluetoothUtils( 8588): blockedByLocationOff callingUid=1002
09-01 14:34:49.214 I/BluetoothUtils( 8588): packagename is android.uid.bluetooth:1002 ,and its permission is false
09-01 14:34:49.214 D/BluetoothUtils( 8588): blockedByLocationOff callingUid=1002
09-01 14:34:49.214 I/BluetoothUtils( 8588): packagename is android.uid.bluetooth:1002 ,and its permission is false
09-01 14:34:49.215 D/BluetoothUtils( 8588): blockedByLocationOff callingUid=1002
09-01 14:34:49.215 I/BluetoothUtils( 8588): packagename is android.uid.bluetooth:1002 ,and its permission is false
09-01 14:34:49.215 D/BluetoothUtils( 8588): blockedByLocationOff callingUid=1002
09-01 14:34:49.215 I/BluetoothUtils( 8588): packagename is android.uid.bluetooth:1002 ,and its permission is false
09-01 14:34:49.216 D/BluetoothUtils( 8588): blockedByLocationOff callingUid=1002
09-01 14:34:49.216 I/BluetoothUtils( 8588): packagename is android.uid.bluetooth:1002 ,and its permission is false
09-01 14:34:49.218 I/appium  (11310): channel read invoked!
09-01 14:34:49.218 I/appium  (11310): channel read: GET /wd/hub/session/7457bba7-67d4-46f6-af19-5e3c40fc69d7/element/3655e563-9acb-46eb-a57d-312cc61484b9/attribute/text
09-01 14:34:49.218 I/appium  (11310): get attribute of element command
09-01 14:34:49.222 I/appium  (11310): AppiumResponse: {"sessionId":"7457bba7-67d4-46f6-af19-5e3c40fc69d7","value":"9"}
09-01 14:34:49.223 V/bt_stack( 8588): [VERBOSE1:btm_ble_gap.cc(1923)] btm_ble_process_ext_adv_pkt: bda=70:33:97:a2:2a:78
09-01 14:34:49.224 V/bt_stack( 8588): [VERBOSE1:btm_ble_gap.cc(1847)] btm_ble_process_adv_addr: bda=70:33:97:a2:2a:78
09-01 14:34:49.224 V/bt_stack( 8588): [VERBOSE1:btm_ble_gap.cc(2052)]  Waiting for scan response 70:33:97:a2:2a:78
09-01 14:34:49.224 V/bt_stack( 8588): [VERBOSE1:btm_ble_gap.cc(1923)] btm_ble_process_ext_adv_pkt: bda=70:33:97:a2:2a:78
09-01 14:34:49.224 V/bt_stack( 8588): [VERBOSE1:btm_ble_gap.cc(1847)] btm_ble_process_adv_addr: bda=70:33:97:a2:2a:78
09-01 14:34:49.224 D/BluetoothUtils( 8588): blockedByLocationOff callingUid=1002
09-01 14:34:49.225 I/BluetoothUtils( 8588): packagename is android.uid.bluetooth:1002 ,and its permission is false
09-01 14:34:49.225 D/BluetoothUtils( 8588): blockedByLocationOff callingUid=1002
09-01 14:34:49.225 I/BluetoothUtils( 8588): packagename is android.uid.bluetooth:1002 ,and its permission is false
09-01 14:34:49.225 D/BluetoothUtils( 8588): blockedByLocationOff callingUid=1002
09-01 14:34:49.226 I/BluetoothUtils( 8588): packagename is android.uid.bluetooth:1002 ,and its permission is false
09-01 14:34:49.226 V/bt_stack( 8588): [VERBOSE1:btm_ble_gap.cc(1923)] btm_ble_process_ext_adv_pkt: bda=56:e4:da:79:d5:88
09-01 14:34:49.226 V/bt_stack( 8588): [VERBOSE1:btm_ble_gap.cc(1847)] btm_ble_process_adv_addr: bda=56:e4:da:79:d5:88
09-01 14:34:49.226 V/bt_stack( 8588): [VERBOSE1:btm_ble_gap.cc(2052)]  Waiting for scan response 56:e4:da:79:d5:88
09-01 14:34:49.226 V/bt_stack( 8588): [VERBOSE1:btm_ble_gap.cc(1923)] btm_ble_process_ext_adv_pkt: bda=56:e4:da:79:d5:88
09-01 14:34:49.226 V/bt_stack( 8588): [VERBOSE1:btm_ble_gap.cc(1847)] btm_ble_process_adv_addr: bda=56:e4:da:79:d5:88
09-01 14:34:49.228 D/BluetoothUtils( 8588): blockedByLocationOff callingUid=1002
09-01 14:34:49.228 I/BluetoothUtils( 8588): packagename is android.uid.bluetooth:1002 ,and its permission is false
09-01 14:34:49.228 D/BluetoothUtils( 8588): blockedByLocationOff callingUid=1002
09-01 14:34:49.228 I/BluetoothUtils( 8588): packagename is android.uid.bluetooth:1002 ,and its permission is false
09-01 14:34:49.228 D/BluetoothUtils( 8588): blockedByLocationOff callingUid=1002
09-01 14:34:49.229 I/BluetoothUtils( 8588): packagename is android.uid.bluetooth:1002 ,and its permission is false
09-01 14:34:49.231 V/bt_stack( 8588): [VERBOSE1:btm_ble_gap.cc(1923)] btm_ble_process_ext_adv_pkt: bda=07:e4:7f:b4:5f:d9
09-01 14:34:49.231 V/bt_stack( 8588): [VERBOSE1:btm_ble_gap.cc(1847)] btm_ble_process_adv_addr: bda=07:e4:7f:b4:5f:d9
09-01 14:34:49.232 D/BluetoothUtils( 8588): blockedByLocationOff callingUid=1002
09-01 14:34:49.232 I/BluetoothUtils( 8588): packagename is android.uid.bluetooth:1002 ,and its permission is false
09-01 14:34:49.232 D/BluetoothUtils( 8588): blockedByLocationOff callingUid=1002
09-01 14:34:49.232 I/BluetoothUtils( 8588): packagename is android.uid.bluetooth:1002 ,and its permission is false
09-01 14:34:49.232 D/BluetoothUtils( 8588): blockedByLocationOff callingUid=1002
09-01 14:34:49.233 I/BluetoothUtils( 8588): packagename is android.uid.bluetooth:1002 ,and its permission is false
09-01 14:34:49.252 V/bt_stack( 8588): [VERBOSE1:btm_ble_gap.cc(1923)] btm_ble_process_ext_adv_pkt: bda=53:20:ff:cd:6c:a4
09-01 14:34:49.252 V/bt_stack( 8588): [VERBOSE1:btm_ble_gap.cc(1847)] btm_ble_process_adv_addr: bda=53:20:ff:cd:6c:a4
09-01 14:34:49.252 V/bt_stack( 8588): [VERBOSE1:btm_ble_gap.cc(2052)]  Waiting for scan response 53:20:ff:cd:6c:a4
09-01 14:34:49.252 V/bt_stack( 8588): [VERBOSE1:btm_ble_gap.cc(1923)] btm_ble_process_ext_adv_pkt: bda=65:4b:eb:fb:21:09
09-01 14:34:49.252 V/bt_stack( 8588): [VERBOSE1:btm_ble_gap.cc(1847)] btm_ble_process_adv_addr: bda=65:4b:eb:fb:21:09
09-01 14:34:49.253 D/BluetoothUtils( 8588): blockedByLocationOff callingUid=1002
09-01 14:34:49.254 I/BluetoothUtils( 8588): packagename is android.uid.bluetooth:1002 ,and its permission is false
09-01 14:34:49.254 D/BluetoothUtils( 8588): blockedByLocationOff callingUid=1002
09-01 14:34:49.254 I/BluetoothUtils( 8588): packagename is android.uid.bluetooth:1002 ,and its permission is false
09-01 14:34:49.254 D/BluetoothUtils( 8588): blockedByLocationOff callingUid=1002
09-01 14:34:49.254 I/BluetoothUtils( 8588): packagename is android.uid.bluetooth:1002 ,and its permission is false
09-01 14:34:49.255 I/appium  (11310): channel read invoked!
09-01 14:34:49.255 I/appium  (11310): channel read: POST /wd/hub/session/7457bba7-67d4-46f6-af19-5e3c40fc69d7/element
09-01 14:34:49.257 I/appium  (11310): Find element command using 'id' with selector 'pai_hreat_title_day_value'.
09-01 14:34:49.257 I/appium  (11310): Waiting up to 10000ms for device to be idle
09-01 14:34:49.260 V/bt_stack( 8588): [VERBOSE1:btm_ble_gap.cc(1923)] btm_ble_process_ext_adv_pkt: bda=56:e4:da:79:d5:88
09-01 14:34:49.261 V/bt_stack( 8588): [VERBOSE1:btm_ble_gap.cc(1847)] btm_ble_process_adv_addr: bda=56:e4:da:79:d5:88
09-01 14:34:49.261 V/bt_stack( 8588): [VERBOSE1:btm_ble_gap.cc(2052)]  Waiting for scan response 56:e4:da:79:d5:88
09-01 14:34:49.261 V/bt_stack( 8588): [VERBOSE1:btm_ble_gap.cc(1923)] btm_ble_process_ext_adv_pkt: bda=56:e4:da:79:d5:88
09-01 14:34:49.261 V/bt_stack( 8588): [VERBOSE1:btm_ble_gap.cc(1847)] btm_ble_process_adv_addr: bda=56:e4:da:79:d5:88
09-01 14:34:49.262 D/BluetoothUtils( 8588): blockedByLocationOff callingUid=1002
09-01 14:34:49.262 I/BluetoothUtils( 8588): packagename is android.uid.bluetooth:1002 ,and its permission is false
09-01 14:34:49.263 D/BluetoothUtils( 8588): blockedByLocationOff callingUid=1002
09-01 14:34:49.263 I/BluetoothUtils( 8588): packagename is android.uid.bluetooth:1002 ,and its permission is false
09-01 14:34:49.263 D/BluetoothUtils( 8588): blockedByLocationOff callingUid=1002
09-01 14:34:49.263 I/BluetoothUtils( 8588): packagename is android.uid.bluetooth:1002 ,and its permission is false
09-01 14:34:49.269 V/bt_stack( 8588): [VERBOSE1:btm_ble_gap.cc(1923)] btm_ble_process_ext_adv_pkt: bda=17:7e:29:ab:4e:d0
09-01 14:34:49.269 V/bt_stack( 8588): [VERBOSE1:btm_ble_gap.cc(1847)] btm_ble_process_adv_addr: bda=17:7e:29:ab:4e:d0
09-01 14:34:49.270 D/BluetoothUtils( 8588): blockedByLocationOff callingUid=1002
09-01 14:34:49.271 I/BluetoothUtils( 8588): packagename is android.uid.bluetooth:1002 ,and its permission is false
09-01 14:34:49.271 D/BluetoothUtils( 8588): blockedByLocationOff callingUid=1002
09-01 14:34:49.271 I/BluetoothUtils( 8588): packagename is android.uid.bluetooth:1002 ,and its permission is false
09-01 14:34:49.271 D/BluetoothUtils( 8588): blockedByLocationOff callingUid=1002
09-01 14:34:49.272 I/BluetoothUtils( 8588): packagename is android.uid.bluetooth:1002 ,and its permission is false
09-01 14:34:49.272 V/bt_stack( 8588): [VERBOSE1:btm_ble_gap.cc(1923)] btm_ble_process_ext_adv_pkt: bda=32:d2:03:03:d2:bd
09-01 14:34:49.272 V/bt_stack( 8588): [VERBOSE1:btm_ble_gap.cc(1847)] btm_ble_process_adv_addr: bda=32:d2:03:03:d2:bd
09-01 14:34:49.274 V/bt_stack( 8588): [VERBOSE1:btm_ble_gap.cc(1923)] btm_ble_process_ext_adv_pkt: bda=38:f9:d3:45:87:1e
09-01 14:34:49.274 V/bt_stack( 8588): [VERBOSE1:btm_ble_gap.cc(1847)] btm_ble_process_adv_addr: bda=38:f9:d3:45:87:1e
09-01 14:34:49.274 V/bt_stack( 8588): [VERBOSE1:btm_ble_gap.cc(2052)]  Waiting for scan response 38:f9:d3:45:87:1e
09-01 14:34:49.274 V/bt_stack( 8588): [VERBOSE1:btm_ble_gap.cc(1923)] btm_ble_process_ext_adv_pkt: bda=38:f9:d3:45:87:1e
09-01 14:34:49.274 V/bt_stack( 8588): [VERBOSE1:btm_ble_gap.cc(1847)] btm_ble_process_adv_addr: bda=38:f9:d3:45:87:1e
09-01 14:34:49.274 D/BluetoothUtils( 8588): blockedByLocationOff callingUid=1002
09-01 14:34:49.274 I/BluetoothUtils( 8588): packagename is android.uid.bluetooth:1002 ,and its permission is false
09-01 14:34:49.274 D/BluetoothUtils( 8588): blockedByLocationOff callingUid=1002
09-01 14:34:49.275 I/BluetoothUtils( 8588): packagename is android.uid.bluetooth:1002 ,and its permission is false
09-01 14:34:49.275 D/BluetoothUtils( 8588): blockedByLocationOff callingUid=1002
09-01 14:34:49.275 I/BluetoothUtils( 8588): packagename is android.uid.bluetooth:1002 ,and its permission is false
09-01 14:34:49.276 D/BluetoothUtils( 8588): blockedByLocationOff callingUid=1002
09-01 14:34:49.276 I/BluetoothUtils( 8588): packagename is android.uid.bluetooth:1002 ,and its permission is false
09-01 14:34:49.276 D/BluetoothUtils( 8588): blockedByLocationOff callingUid=1002
09-01 14:34:49.276 I/BluetoothUtils( 8588): packagename is android.uid.bluetooth:1002 ,and its permission is false
09-01 14:34:49.276 D/BluetoothUtils( 8588): blockedByLocationOff callingUid=1002
09-01 14:34:49.277 I/BluetoothUtils( 8588): packagename is android.uid.bluetooth:1002 ,and its permission is false
09-01 14:34:49.298 V/bt_stack( 8588): [VERBOSE1:btm_ble_gap.cc(1923)] btm_ble_process_ext_adv_pkt: bda=6a:1a:31:28:a4:f8
09-01 14:34:49.298 V/bt_stack( 8588): [VERBOSE1:btm_ble_gap.cc(1847)] btm_ble_process_adv_addr: bda=6a:1a:31:28:a4:f8
09-01 14:34:49.299 D/BluetoothUtils( 8588): blockedByLocationOff callingUid=1002
09-01 14:34:49.300 I/BluetoothUtils( 8588): packagename is android.uid.bluetooth:1002 ,and its permission is false
09-01 14:34:49.300 D/BluetoothUtils( 8588): blockedByLocationOff callingUid=1002
09-01 14:34:49.300 I/BluetoothUtils( 8588): packagename is android.uid.bluetooth:1002 ,and its permission is false
09-01 14:34:49.301 D/BluetoothUtils( 8588): blockedByLocationOff callingUid=1002
09-01 14:34:49.301 I/BluetoothUtils( 8588): packagename is android.uid.bluetooth:1002 ,and its permission is false
09-01 14:34:49.309 I/appium  (11310): AppiumResponse: {"sessionId":"7457bba7-67d4-46f6-af19-5e3c40fc69d7","value":{"ELEMENT":"737f791b-22cf-4e04-aca0-73daba2273e8","element-6066-11e4-a52e-4f735466cecf":"737f791b-22cf-4e04-aca0-73daba2273e8"}}
09-01 14:34:49.310 V/bt_stack( 8588): [VERBOSE1:btm_ble_gap.cc(1923)] btm_ble_process_ext_adv_pkt: bda=5d:59:4a:0e:04:eb
09-01 14:34:49.310 V/bt_stack( 8588): [VERBOSE1:btm_ble_gap.cc(1847)] btm_ble_process_adv_addr: bda=5d:59:4a:0e:04:eb
09-01 14:34:49.310 V/bt_stack( 8588): [VERBOSE1:btm_ble_gap.cc(2052)]  Waiting for scan response 5d:59:4a:0e:04:eb
09-01 14:34:49.316 V/bt_stack( 8588): [VERBOSE1:btm_ble_gap.cc(1923)] btm_ble_process_ext_adv_pkt: bda=44:ca:73:cc:df:42
09-01 14:34:49.317 V/bt_stack( 8588): [VERBOSE1:btm_ble_gap.cc(1847)] btm_ble_process_adv_addr: bda=44:ca:73:cc:df:42
09-01 14:34:49.317 V/bt_stack( 8588): [VERBOSE1:btm_ble_gap.cc(2052)]  Waiting for scan response 44:ca:73:cc:df:42
09-01 14:34:49.317 V/bt_stack( 8588): [VERBOSE1:btm_ble_gap.cc(1923)] btm_ble_process_ext_adv_pkt: bda=0a:29:89:b7:c8:4a
09-01 14:34:49.317 V/bt_stack( 8588): [VERBOSE1:btm_ble_gap.cc(1847)] btm_ble_process_adv_addr: bda=0a:29:89:b7:c8:4a
09-01 14:34:49.318 D/BluetoothUtils( 8588): blockedByLocationOff callingUid=1002
09-01 14:34:49.318 V/bt_stack( 8588): [VERBOSE1:btm_ble_gap.cc(1923)] btm_ble_process_ext_adv_pkt: bda=0b:95:8c:38:8d:43
09-01 14:34:49.318 V/bt_stack( 8588): [VERBOSE1:btm_ble_gap.cc(1847)] btm_ble_process_adv_addr: bda=0b:95:8c:38:8d:43
09-01 14:34:49.319 I/BluetoothUtils( 8588): packagename is android.uid.bluetooth:1002 ,and its permission is false
09-01 14:34:49.319 D/BluetoothUtils( 8588): blockedByLocationOff callingUid=1002
09-01 14:34:49.319 I/BluetoothUtils( 8588): packagename is android.uid.bluetooth:1002 ,and its permission is false
09-01 14:34:49.319 D/BluetoothUtils( 8588): blockedByLocationOff callingUid=1002
09-01 14:34:49.319 I/BluetoothUtils( 8588): packagename is android.uid.bluetooth:1002 ,and its permission is false
09-01 14:34:49.320 D/BluetoothUtils( 8588): blockedByLocationOff callingUid=1002
09-01 14:34:49.320 I/BluetoothUtils( 8588): packagename is android.uid.bluetooth:1002 ,and its permission is false
09-01 14:34:49.321 D/BluetoothUtils( 8588): blockedByLocationOff callingUid=1002
09-01 14:34:49.321 I/BluetoothUtils( 8588): packagename is android.uid.bluetooth:1002 ,and its permission is false
09-01 14:34:49.321 D/BluetoothUtils( 8588): blockedByLocationOff callingUid=1002
09-01 14:34:49.321 I/BluetoothUtils( 8588): packagename is android.uid.bluetooth:1002 ,and its permission is false
09-01 14:34:49.324 I/appium  (11310): channel read invoked!
09-01 14:34:49.324 I/appium  (11310): channel read: GET /wd/hub/session/7457bba7-67d4-46f6-af19-5e3c40fc69d7/element/737f791b-22cf-4e04-aca0-73daba2273e8/attribute/text
09-01 14:34:49.325 I/appium  (11310): get attribute of element command
09-01 14:34:49.331 I/appium  (11310): AppiumResponse: {"sessionId":"7457bba7-67d4-46f6-af19-5e3c40fc69d7","value":"2PAI"}
09-01 14:34:49.332 V/bt_stack( 8588): [VERBOSE1:btm_ble_gap.cc(1923)] btm_ble_process_ext_adv_pkt: bda=64:62:50:0c:82:d1
09-01 14:34:49.332 V/bt_stack( 8588): [VERBOSE1:btm_ble_gap.cc(1847)] btm_ble_process_adv_addr: bda=64:62:50:0c:82:d1
09-01 14:34:49.332 V/bt_stack( 8588): [VERBOSE1:btm_ble_gap.cc(2052)]  Waiting for scan response 64:62:50:0c:82:d1
09-01 14:34:49.334 V/bt_stack( 8588): [VERBOSE1:btm_ble_gap.cc(1923)] btm_ble_process_ext_adv_pkt: bda=56:e4:da:79:d5:88
09-01 14:34:49.334 V/bt_stack( 8588): [VERBOSE1:btm_ble_gap.cc(1847)] btm_ble_process_adv_addr: bda=56:e4:da:79:d5:88
09-01 14:34:49.334 V/bt_stack( 8588): [VERBOSE1:btm_ble_gap.cc(2052)]  Waiting for scan response 56:e4:da:79:d5:88
09-01 14:34:49.334 V/bt_stack( 8588): [VERBOSE1:btm_ble_gap.cc(1923)] btm_ble_process_ext_adv_pkt: bda=56:e4:da:79:d5:88
09-01 14:34:49.334 V/bt_stack( 8588): [VERBOSE1:btm_ble_gap.cc(1847)] btm_ble_process_adv_addr: bda=56:e4:da:79:d5:88
09-01 14:34:49.335 V/bt_stack( 8588): [VERBOSE1:btm_ble_gap.cc(1923)] btm_ble_process_ext_adv_pkt: bda=3b:30:35:17:9e:fe
09-01 14:34:49.335 D/BluetoothUtils( 8588): blockedByLocationOff callingUid=1002
09-01 14:34:49.336 V/bt_stack( 8588): [VERBOSE1:btm_ble_gap.cc(1847)] btm_ble_process_adv_addr: bda=3b:30:35:17:9e:fe
09-01 14:34:49.336 I/BluetoothUtils( 8588): packagename is android.uid.bluetooth:1002 ,and its permission is false
09-01 14:34:49.336 D/BluetoothUtils( 8588): blockedByLocationOff callingUid=1002
09-01 14:34:49.336 I/BluetoothUtils( 8588): packagename is android.uid.bluetooth:1002 ,and its permission is false
09-01 14:34:49.336 D/BluetoothUtils( 8588): blockedByLocationOff callingUid=1002
09-01 14:34:49.337 I/BluetoothUtils( 8588): packagename is android.uid.bluetooth:1002 ,and its permission is false
09-01 14:34:49.337 D/BluetoothUtils( 8588): blockedByLocationOff callingUid=1002
09-01 14:34:49.338 I/BluetoothUtils( 8588): packagename is android.uid.bluetooth:1002 ,and its permission is false
09-01 14:34:49.338 D/BluetoothUtils( 8588): blockedByLocationOff callingUid=1002
09-01 14:34:49.338 I/BluetoothUtils( 8588): packagename is android.uid.bluetooth:1002 ,and its permission is false
09-01 14:34:49.338 D/BluetoothUtils( 8588): blockedByLocationOff callingUid=1002
09-01 14:34:49.338 I/BluetoothUtils( 8588): packagename is android.uid.bluetooth:1002 ,and its permission is false
09-01 14:34:49.348 I/appium  (11310): channel read invoked!
09-01 14:34:49.348 I/appium  (11310): channel read: GET /wd/hub/session/7457bba7-67d4-46f6-af19-5e3c40fc69d7/screenshot
09-01 14:34:49.349 I/appium  (11310): Capture screenshot command
09-01 14:34:49.351 V/bt_stack( 8588): [VERBOSE1:btm_ble_gap.cc(1923)] btm_ble_process_ext_adv_pkt: bda=45:55:7e:66:6f:d0
09-01 14:34:49.351 V/bt_stack( 8588): [VERBOSE1:btm_ble_gap.cc(1847)] btm_ble_process_adv_addr: bda=45:55:7e:66:6f:d0
09-01 14:34:49.351 V/bt_stack( 8588): [VERBOSE1:btm_ble_gap.cc(2052)]  Waiting for scan response 45:55:7e:66:6f:d0
09-01 14:34:49.351 V/bt_stack( 8588): [VERBOSE1:btm_ble_gap.cc(1923)] btm_ble_process_ext_adv_pkt: bda=12:f7:c7:df:cb:b1
09-01 14:34:49.351 V/bt_stack( 8588): [VERBOSE1:btm_ble_gap.cc(1847)] btm_ble_process_adv_addr: bda=12:f7:c7:df:cb:b1
09-01 14:34:49.352 V/bt_stack( 8588): [VERBOSE1:btm_ble_gap.cc(1923)] btm_ble_process_ext_adv_pkt: bda=38:f9:d3:45:87:1e
09-01 14:34:49.352 V/bt_stack( 8588): [VERBOSE1:btm_ble_gap.cc(1847)] btm_ble_process_adv_addr: bda=38:f9:d3:45:87:1e
09-01 14:34:49.352 V/bt_stack( 8588): [VERBOSE1:btm_ble_gap.cc(2052)]  Waiting for scan response 38:f9:d3:45:87:1e
09-01 14:34:49.352 V/bt_stack( 8588): [VERBOSE1:btm_ble_gap.cc(1923)] btm_ble_process_ext_adv_pkt: bda=38:f9:d3:45:87:1e
09-01 14:34:49.352 V/bt_stack( 8588): [VERBOSE1:btm_ble_gap.cc(1847)] btm_ble_process_adv_addr: bda=38:f9:d3:45:87:1e
09-01 14:34:49.353 D/BluetoothUtils( 8588): blockedByLocationOff callingUid=1002
09-01 14:34:49.354 I/BluetoothUtils( 8588): packagename is android.uid.bluetooth:1002 ,and its permission is false
09-01 14:34:49.354 D/BluetoothUtils( 8588): blockedByLocationOff callingUid=1002
09-01 14:34:49.354 I/BluetoothUtils( 8588): packagename is android.uid.bluetooth:1002 ,and its permission is false
09-01 14:34:49.354 D/BluetoothUtils( 8588): blockedByLocationOff callingUid=1002
09-01 14:34:49.354 I/BluetoothUtils( 8588): packagename is android.uid.bluetooth:1002 ,and its permission is false
09-01 14:34:49.355 D/BluetoothUtils( 8588): blockedByLocationOff callingUid=1002
09-01 14:34:49.355 I/BluetoothUtils( 8588): packagename is android.uid.bluetooth:1002 ,and its permission is false
09-01 14:34:49.355 D/BluetoothUtils( 8588): blockedByLocationOff callingUid=1002
09-01 14:34:49.356 I/BluetoothUtils( 8588): packagename is android.uid.bluetooth:1002 ,and its permission is false
09-01 14:34:49.356 D/BluetoothUtils( 8588): blockedByLocationOff callingUid=1002
09-01 14:34:49.356 I/BluetoothUtils( 8588): packagename is android.uid.bluetooth:1002 ,and its permission is false
09-01 14:34:49.362 V/bt_stack( 8588): [VERBOSE1:btm_ble_gap.cc(1923)] btm_ble_process_ext_adv_pkt: bda=65:4b:eb:fb:21:09
09-01 14:34:49.362 V/bt_stack( 8588): [VERBOSE1:btm_ble_gap.cc(1847)] btm_ble_process_adv_addr: bda=65:4b:eb:fb:21:09
09-01 14:34:49.364 D/BluetoothUtils( 8588): blockedByLocationOff callingUid=1002
09-01 14:34:49.366 I/BluetoothUtils( 8588): packagename is android.uid.bluetooth:1002 ,and its permission is false
09-01 14:34:49.367 D/BluetoothUtils( 8588): blockedByLocationOff callingUid=1002
09-01 14:34:49.369 I/BluetoothUtils( 8588): packagename is android.uid.bluetooth:1002 ,and its permission is false
09-01 14:34:49.369 D/BluetoothUtils( 8588): blockedByLocationOff callingUid=1002
09-01 14:34:49.370 I/BluetoothUtils( 8588): packagename is android.uid.bluetooth:1002 ,and its permission is false
09-01 14:34:49.370 V/bt_stack( 8588): [VERBOSE1:btm_ble_gap.cc(1923)] btm_ble_process_ext_adv_pkt: bda=28:f0:76:67:1f:c7
09-01 14:34:49.370 V/bt_stack( 8588): [VERBOSE1:btm_ble_gap.cc(1847)] btm_ble_process_adv_addr: bda=28:f0:76:67:1f:c7
09-01 14:34:49.370 V/bt_stack( 8588): [VERBOSE1:btm_ble_gap.cc(2052)]  Waiting for scan response 28:f0:76:67:1f:c7
09-01 14:34:49.371 V/bt_stack( 8588): [VERBOSE1:btm_ble_gap.cc(1923)] btm_ble_process_ext_adv_pkt: bda=56:e4:da:79:d5:88
09-01 14:34:49.372 V/bt_stack( 8588): [VERBOSE1:btm_ble_gap.cc(1847)] btm_ble_process_adv_addr: bda=56:e4:da:79:d5:88
09-01 14:34:49.372 V/bt_stack( 8588): [VERBOSE1:btm_ble_gap.cc(2052)]  Waiting for scan response 56:e4:da:79:d5:88
09-01 14:34:49.372 V/bt_stack( 8588): [VERBOSE1:btm_ble_gap.cc(1923)] btm_ble_process_ext_adv_pkt: bda=56:e4:da:79:d5:88
09-01 14:34:49.372 V/bt_stack( 8588): [VERBOSE1:btm_ble_gap.cc(1847)] btm_ble_process_adv_addr: bda=56:e4:da:79:d5:88
09-01 14:34:49.372 D/BluetoothUtils( 8588): blockedByLocationOff callingUid=1002
09-01 14:34:49.373 I/BluetoothUtils( 8588): packagename is android.uid.bluetooth:1002 ,and its permission is false
09-01 14:34:49.373 D/BluetoothUtils( 8588): blockedByLocationOff callingUid=1002
09-01 14:34:49.374 I/BluetoothUtils( 8588): packagename is android.uid.bluetooth:1002 ,and its permission is false
09-01 14:34:49.374 D/BluetoothUtils( 8588): blockedByLocationOff callingUid=1002
09-01 14:34:49.374 V/bt_stack( 8588): [VERBOSE1:btm_ble_gap.cc(1923)] btm_ble_process_ext_adv_pkt: bda=32:d2:03:03:d2:bd
09-01 14:34:49.374 V/bt_stack( 8588): [VERBOSE1:btm_ble_gap.cc(1847)] btm_ble_process_adv_addr: bda=32:d2:03:03:d2:bd
09-01 14:34:49.374 I/BluetoothUtils( 8588): packagename is android.uid.bluetooth:1002 ,and its permission is false
09-01 14:34:49.376 D/BluetoothUtils( 8588): blockedByLocationOff callingUid=1002
09-01 14:34:49.376 I/BluetoothUtils( 8588): packagename is android.uid.bluetooth:1002 ,and its permission is false
09-01 14:34:49.376 D/BluetoothUtils( 8588): blockedByLocationOff callingUid=1002
09-01 14:34:49.377 I/BluetoothUtils( 8588): packagename is android.uid.bluetooth:1002 ,and its permission is false
09-01 14:34:49.377 D/BluetoothUtils( 8588): blockedByLocationOff callingUid=1002
09-01 14:34:49.377 I/BluetoothUtils( 8588): packagename is android.uid.bluetooth:1002 ,and its permission is false
09-01 14:34:49.379 V/bt_stack( 8588): [VERBOSE1:btm_ble_gap.cc(1923)] btm_ble_process_ext_adv_pkt: bda=2d:8f:df:c2:a9:d4
09-01 14:34:49.379 V/bt_stack( 8588): [VERBOSE1:btm_ble_gap.cc(1847)] btm_ble_process_adv_addr: bda=2d:8f:df:c2:a9:d4
09-01 14:34:49.380 D/BluetoothUtils( 8588): blockedByLocationOff callingUid=1002
09-01 14:34:49.381 I/BluetoothUtils( 8588): packagename is android.uid.bluetooth:1002 ,and its permission is false
09-01 14:34:49.381 D/BluetoothUtils( 8588): blockedByLocationOff callingUid=1002
09-01 14:34:49.381 I/BluetoothUtils( 8588): packagename is android.uid.bluetooth:1002 ,and its permission is false
09-01 14:34:49.383 D/BluetoothUtils( 8588): blockedByLocationOff callingUid=1002
09-01 14:34:49.383 I/BluetoothUtils( 8588): packagename is android.uid.bluetooth:1002 ,and its permission is false
09-01 14:34:49.387 V/bt_stack( 8588): [VERBOSE1:btm_ble_gap.cc(1923)] btm_ble_process_ext_adv_pkt: bda=1c:91:72:ba:f7:2e
09-01 14:34:49.387 V/bt_stack( 8588): [VERBOSE1:btm_ble_gap.cc(1847)] btm_ble_process_adv_addr: bda=1c:91:72:ba:f7:2e
09-01 14:34:49.388 D/BluetoothUtils( 8588): blockedByLocationOff callingUid=1002
09-01 14:34:49.389 I/BluetoothUtils( 8588): packagename is android.uid.bluetooth:1002 ,and its permission is false
09-01 14:34:49.389 D/BluetoothUtils( 8588): blockedByLocationOff callingUid=1002
09-01 14:34:49.389 I/BluetoothUtils( 8588): packagename is android.uid.bluetooth:1002 ,and its permission is false
09-01 14:34:49.389 V/bt_stack( 8588): [VERBOSE1:btm_ble_gap.cc(1923)] btm_ble_process_ext_adv_pkt: bda=38:f9:d3:45:87:1e
09-01 14:34:49.389 V/bt_stack( 8588): [VERBOSE1:btm_ble_gap.cc(1847)] btm_ble_process_adv_addr: bda=38:f9:d3:45:87:1e
09-01 14:34:49.389 D/BluetoothUtils( 8588): blockedByLocationOff callingUid=1002
09-01 14:34:49.389 V/bt_stack( 8588): [VERBOSE1:btm_ble_gap.cc(2052)]  Waiting for scan response 38:f9:d3:45:87:1e
09-01 14:34:49.389 I/BluetoothUtils( 8588): packagename is android.uid.bluetooth:1002 ,and its permission is false
09-01 14:34:49.390 V/bt_stack( 8588): [VERBOSE1:btm_ble_gap.cc(1923)] btm_ble_process_ext_adv_pkt: bda=38:f9:d3:45:87:1e
09-01 14:34:49.390 V/bt_stack( 8588): [VERBOSE1:btm_ble_gap.cc(1847)] btm_ble_process_adv_addr: bda=38:f9:d3:45:87:1e
09-01 14:34:49.390 V/bt_stack( 8588): [VERBOSE1:btm_ble_gap.cc(1923)] btm_ble_process_ext_adv_pkt: bda=19:30:6d:c4:b5:5b
09-01 14:34:49.390 V/bt_stack( 8588): [VERBOSE1:btm_ble_gap.cc(1847)] btm_ble_process_adv_addr: bda=19:30:6d:c4:b5:5b
09-01 14:34:49.390 D/BluetoothUtils( 8588): blockedByLocationOff callingUid=1002
09-01 14:34:49.391 I/BluetoothUtils( 8588): packagename is android.uid.bluetooth:1002 ,and its permission is false
09-01 14:34:49.391 D/BluetoothUtils( 8588): blockedByLocationOff callingUid=1002
09-01 14:34:49.391 V/bt_stack( 8588): [VERBOSE1:btm_ble_gap.cc(1923)] btm_ble_process_ext_adv_pkt: bda=35:45:bf:2c:e1:03
09-01 14:34:49.391 V/bt_stack( 8588): [VERBOSE1:btm_ble_gap.cc(1847)] btm_ble_process_adv_addr: bda=35:45:bf:2c:e1:03
09-01 14:34:49.391 I/BluetoothUtils( 8588): packagename is android.uid.bluetooth:1002 ,and its permission is false
09-01 14:34:49.391 D/BluetoothUtils( 8588): blockedByLocationOff callingUid=1002
09-01 14:34:49.392 I/BluetoothUtils( 8588): packagename is android.uid.bluetooth:1002 ,and its permission is false
09-01 14:34:49.392 D/BluetoothUtils( 8588): blockedByLocationOff callingUid=1002
09-01 14:34:49.393 I/BluetoothUtils( 8588): packagename is android.uid.bluetooth:1002 ,and its permission is false
09-01 14:34:49.393 D/BluetoothUtils( 8588): blockedByLocationOff callingUid=1002
09-01 14:34:49.393 I/BluetoothUtils( 8588): packagename is android.uid.bluetooth:1002 ,and its permission is false
09-01 14:34:49.393 D/BluetoothUtils( 8588): blockedByLocationOff callingUid=1002
09-01 14:34:49.393 I/BluetoothUtils( 8588): packagename is android.uid.bluetooth:1002 ,and its permission is false
09-01 14:34:49.394 V/bt_stack( 8588): [VERBOSE1:btm_ble_gap.cc(1923)] btm_ble_process_ext_adv_pkt: bda=06:fa:50:9b:39:c0
09-01 14:34:49.394 V/bt_stack( 8588): [VERBOSE1:btm_ble_gap.cc(1847)] btm_ble_process_adv_addr: bda=06:fa:50:9b:39:c0
09-01 14:34:49.394 D/BluetoothUtils( 8588): blockedByLocationOff callingUid=1002
09-01 14:34:49.395 I/BluetoothUtils( 8588): packagename is android.uid.bluetooth:1002 ,and its permission is false
09-01 14:34:49.395 D/BluetoothUtils( 8588): blockedByLocationOff callingUid=1002
09-01 14:34:49.395 I/BluetoothUtils( 8588): packagename is android.uid.bluetooth:1002 ,and its permission is false
09-01 14:34:49.395 D/BluetoothUtils( 8588): blockedByLocationOff callingUid=1002
09-01 14:34:49.395 I/BluetoothUtils( 8588): packagename is android.uid.bluetooth:1002 ,and its permission is false
09-01 14:34:49.396 D/BluetoothUtils( 8588): blockedByLocationOff callingUid=1002
09-01 14:34:49.396 I/BluetoothUtils( 8588): packagename is android.uid.bluetooth:1002 ,and its permission is false
09-01 14:34:49.397 D/BluetoothUtils( 8588): blockedByLocationOff callingUid=1002
09-01 14:34:49.397 I/BluetoothUtils( 8588): packagename is android.uid.bluetooth:1002 ,and its permission is false
09-01 14:34:49.397 D/BluetoothUtils( 8588): blockedByLocationOff callingUid=1002
09-01 14:34:49.397 I/BluetoothUtils( 8588): packagename is android.uid.bluetooth:1002 ,and its permission is false
09-01 14:34:49.408 V/bt_stack( 8588): [VERBOSE1:btm_ble_gap.cc(1923)] btm_ble_process_ext_adv_pkt: bda=56:e4:da:79:d5:88
09-01 14:34:49.408 V/bt_stack( 8588): [VERBOSE1:btm_ble_gap.cc(1847)] btm_ble_process_adv_addr: bda=56:e4:da:79:d5:88
09-01 14:34:49.408 V/bt_stack( 8588): [VERBOSE1:btm_ble_gap.cc(2052)]  Waiting for scan response 56:e4:da:79:d5:88
09-01 14:34:49.408 V/bt_stack( 8588): [VERBOSE1:btm_ble_gap.cc(1923)] btm_ble_process_ext_adv_pkt: bda=56:e4:da:79:d5:88
09-01 14:34:49.408 V/bt_stack( 8588): [VERBOSE1:btm_ble_gap.cc(1847)] btm_ble_process_adv_addr: bda=56:e4:da:79:d5:88
09-01 14:34:49.409 D/BluetoothUtils( 8588): blockedByLocationOff callingUid=1002
09-01 14:34:49.410 I/BluetoothUtils( 8588): packagename is android.uid.bluetooth:1002 ,and its permission is false
09-01 14:34:49.410 D/BluetoothUtils( 8588): blockedByLocationOff callingUid=1002
09-01 14:34:49.410 I/BluetoothUtils( 8588): packagename is android.uid.bluetooth:1002 ,and its permission is false
09-01 14:34:49.410 D/BluetoothUtils( 8588): blockedByLocationOff callingUid=1002
09-01 14:34:49.410 I/BluetoothUtils( 8588): packagename is android.uid.bluetooth:1002 ,and its permission is false
09-01 14:34:49.416 V/bt_stack( 8588): [VERBOSE1:btm_ble_gap.cc(1923)] btm_ble_process_ext_adv_pkt: bda=70:33:97:a2:2a:78
09-01 14:34:49.416 V/bt_stack( 8588): [VERBOSE1:btm_ble_gap.cc(1847)] btm_ble_process_adv_addr: bda=70:33:97:a2:2a:78
09-01 14:34:49.416 V/bt_stack( 8588): [VERBOSE1:btm_ble_gap.cc(2052)]  Waiting for scan response 70:33:97:a2:2a:78
09-01 14:34:49.416 V/bt_stack( 8588): [VERBOSE1:btm_ble_gap.cc(1923)] btm_ble_process_ext_adv_pkt: bda=70:33:97:a2:2a:78
09-01 14:34:49.416 V/bt_stack( 8588): [VERBOSE1:btm_ble_gap.cc(1847)] btm_ble_process_adv_addr: bda=70:33:97:a2:2a:78
09-01 14:34:49.417 D/BluetoothUtils( 8588): blockedByLocationOff callingUid=1002
09-01 14:34:49.417 I/BluetoothUtils( 8588): packagename is android.uid.bluetooth:1002 ,and its permission is false
09-01 14:34:49.418 D/BluetoothUtils( 8588): blockedByLocationOff callingUid=1002
09-01 14:34:49.418 I/BluetoothUtils( 8588): packagename is android.uid.bluetooth:1002 ,and its permission is false
09-01 14:34:49.418 D/BluetoothUtils( 8588): blockedByLocationOff callingUid=1002
09-01 14:34:49.418 I/BluetoothUtils( 8588): packagename is android.uid.bluetooth:1002 ,and its permission is false
09-01 14:34:49.456 I/vendor.qti.bluetooth@1.0-ibs_handler(19843): ProcessIbsCmd: Received IBS_SLEEP_IND: 0xFE
09-01 14:34:49.456 D/vendor.qti.bluetooth@1.0-ibs_handler(19843): SerialClockVote: vote for UART CLK OFF
09-01 14:34:49.475 I/vendor.qti.bluetooth@1.0-ibs_handler(19843): ProcessIbsCmd: Received IBS_WAKE_IND: 0xFD
09-01 14:34:49.475 D/vendor.qti.bluetooth@1.0-ibs_handler(19843): SerialClockVote: vote for UART CLK ON
09-01 14:34:49.475 I/vendor.qti.bluetooth@1.0-ibs_handler(19843): ProcessIbsCmd: Writing IBS_WAKE_ACK
09-01 14:34:49.475 V/bt_stack( 8588): [VERBOSE1:btm_ble_gap.cc(1923)] btm_ble_process_ext_adv_pkt: bda=53:fe:39:ad:bd:44
09-01 14:34:49.476 V/bt_stack( 8588): [VERBOSE1:btm_ble_gap.cc(1847)] btm_ble_process_adv_addr: bda=53:fe:39:ad:bd:44
09-01 14:34:49.477 D/BluetoothUtils( 8588): blockedByLocationOff callingUid=1002
09-01 14:34:49.477 I/BluetoothUtils( 8588): packagename is android.uid.bluetooth:1002 ,and its permission is false
09-01 14:34:49.477 D/BluetoothUtils( 8588): blockedByLocationOff callingUid=1002
09-01 14:34:49.478 I/BluetoothUtils( 8588): packagename is android.uid.bluetooth:1002 ,and its permission is false
09-01 14:34:49.478 D/BluetoothUtils( 8588): blockedByLocationOff callingUid=1002
09-01 14:34:49.478 I/BluetoothUtils( 8588): packagename is android.uid.bluetooth:1002 ,and its permission is false
09-01 14:34:49.483 V/bt_stack( 8588): [VERBOSE1:btm_ble_gap.cc(1923)] btm_ble_process_ext_adv_pkt: bda=32:d2:03:03:d2:bd
09-01 14:34:49.483 V/bt_stack( 8588): [VERBOSE1:btm_ble_gap.cc(1847)] btm_ble_process_adv_addr: bda=32:d2:03:03:d2:bd
09-01 14:34:49.484 D/BluetoothUtils( 8588): blockedByLocationOff callingUid=1002
09-01 14:34:49.484 I/BluetoothUtils( 8588): packagename is android.uid.bluetooth:1002 ,and its permission is false
09-01 14:34:49.485 D/BluetoothUtils( 8588): blockedByLocationOff callingUid=1002
