09-01 14:34:49.836 I/BluetoothUtils( 8588): packagename is android.uid.bluetooth:1002 ,and its permission is false
09-01 14:34:49.837 D/BluetoothUtils( 8588): blockedByLocationOff callingUid=1002
09-01 14:34:49.837 I/BluetoothUtils( 8588): packagename is android.uid.bluetooth:1002 ,and its permission is false
09-01 14:34:49.837 D/BluetoothUtils( 8588): blockedByLocationOff callingUid=1002
09-01 14:34:49.838 I/BluetoothUtils( 8588): packagename is android.uid.bluetooth:1002 ,and its permission is false
09-01 14:34:49.838 D/BluetoothUtils( 8588): blockedByLocationOff callingUid=1002
09-01 14:34:49.838 I/BluetoothUtils( 8588): packagename is android.uid.bluetooth:1002 ,and its permission is false
09-01 14:34:49.857 V/bt_stack( 8588): [VERBOSE1:btm_ble_gap.cc(1923)] btm_ble_process_ext_adv_pkt: bda=70:33:97:a2:2a:78
09-01 14:34:49.857 V/bt_stack( 8588): [VERBOSE1:btm_ble_gap.cc(1847)] btm_ble_process_adv_addr: bda=70:33:97:a2:2a:78
09-01 14:34:49.857 V/bt_stack( 8588): [VERBOSE1:btm_ble_gap.cc(2052)]  Waiting for scan response 70:33:97:a2:2a:78
09-01 14:34:49.858 V/bt_stack( 8588): [VERBOSE1:btm_ble_gap.cc(1923)] btm_ble_process_ext_adv_pkt: bda=3b:30:35:17:9e:fe
09-01 14:34:49.858 V/bt_stack( 8588): [VERBOSE1:btm_ble_gap.cc(1847)] btm_ble_process_adv_addr: bda=3b:30:35:17:9e:fe
09-01 14:34:49.859 V/bt_stack( 8588): [VERBOSE1:btm_ble_gap.cc(1923)] btm_ble_process_ext_adv_pkt: bda=07:e4:7f:b4:5f:d9
09-01 14:34:49.859 V/bt_stack( 8588): [VERBOSE1:btm_ble_gap.cc(1847)] btm_ble_process_adv_addr: bda=07:e4:7f:b4:5f:d9
09-01 14:34:49.860 D/BluetoothUtils( 8588): blockedByLocationOff callingUid=1002
09-01 14:34:49.860 I/BluetoothUtils( 8588): packagename is android.uid.bluetooth:1002 ,and its permission is false
09-01 14:34:49.860 D/BluetoothUtils( 8588): blockedByLocationOff callingUid=1002
09-01 14:34:49.861 I/BluetoothUtils( 8588): packagename is android.uid.bluetooth:1002 ,and its permission is false
09-01 14:34:49.861 D/BluetoothUtils( 8588): blockedByLocationOff callingUid=1002
09-01 14:34:49.861 I/BluetoothUtils( 8588): packagename is android.uid.bluetooth:1002 ,and its permission is false
09-01 14:34:49.862 V/bt_stack( 8588): [VERBOSE1:btm_ble_gap.cc(1923)] btm_ble_process_ext_adv_pkt: bda=44:ca:73:cc:df:42
09-01 14:34:49.862 D/BluetoothUtils( 8588): blockedByLocationOff callingUid=1002
09-01 14:34:49.862 V/bt_stack( 8588): [VERBOSE1:btm_ble_gap.cc(1847)] btm_ble_process_adv_addr: bda=44:ca:73:cc:df:42
09-01 14:34:49.862 V/bt_stack( 8588): [VERBOSE1:btm_ble_gap.cc(2052)]  Waiting for scan response 44:ca:73:cc:df:42
09-01 14:34:49.863 I/BluetoothUtils( 8588): packagename is android.uid.bluetooth:1002 ,and its permission is false
09-01 14:34:49.863 D/BluetoothUtils( 8588): blockedByLocationOff callingUid=1002
09-01 14:34:49.863 V/bt_stack( 8588): [VERBOSE1:btm_ble_gap.cc(1923)] btm_ble_process_ext_adv_pkt: bda=44:ca:73:cc:df:42
09-01 14:34:49.863 V/bt_stack( 8588): [VERBOSE1:btm_ble_gap.cc(1847)] btm_ble_process_adv_addr: bda=44:ca:73:cc:df:42
09-01 14:34:49.865 I/BluetoothUtils( 8588): packagename is android.uid.bluetooth:1002 ,and its permission is false
09-01 14:34:49.865 D/BluetoothUtils( 8588): blockedByLocationOff callingUid=1002
09-01 14:34:49.865 I/BluetoothUtils( 8588): packagename is android.uid.bluetooth:1002 ,and its permission is false
09-01 14:34:49.866 D/BluetoothUtils( 8588): blockedByLocationOff callingUid=1002
09-01 14:34:49.866 I/BluetoothUtils( 8588): packagename is android.uid.bluetooth:1002 ,and its permission is false
09-01 14:34:49.867 D/BluetoothUtils( 8588): blockedByLocationOff callingUid=1002
09-01 14:34:49.867 I/BluetoothUtils( 8588): packagename is android.uid.bluetooth:1002 ,and its permission is false
09-01 14:34:49.867 D/BluetoothUtils( 8588): blockedByLocationOff callingUid=1002
09-01 14:34:49.867 I/BluetoothUtils( 8588): packagename is android.uid.bluetooth:1002 ,and its permission is false
09-01 14:34:49.875 V/bt_stack( 8588): [VERBOSE1:btm_ble_gap.cc(1923)] btm_ble_process_ext_adv_pkt: bda=12:f7:c7:df:cb:b1
09-01 14:34:49.875 V/bt_stack( 8588): [VERBOSE1:btm_ble_gap.cc(1847)] btm_ble_process_adv_addr: bda=12:f7:c7:df:cb:b1
09-01 14:34:49.877 D/BluetoothUtils( 8588): blockedByLocationOff callingUid=1002
09-01 14:34:49.877 I/BluetoothUtils( 8588): packagename is android.uid.bluetooth:1002 ,and its permission is false
09-01 14:34:49.877 D/BluetoothUtils( 8588): blockedByLocationOff callingUid=1002
09-01 14:34:49.878 I/BluetoothUtils( 8588): packagename is android.uid.bluetooth:1002 ,and its permission is false
09-01 14:34:49.878 D/BluetoothUtils( 8588): blockedByLocationOff callingUid=1002
09-01 14:34:49.878 I/BluetoothUtils( 8588): packagename is android.uid.bluetooth:1002 ,and its permission is false
09-01 14:34:49.889 V/bt_stack( 8588): [VERBOSE1:btm_ble_gap.cc(1923)] btm_ble_process_ext_adv_pkt: bda=45:55:7e:66:6f:d0
09-01 14:34:49.889 V/bt_stack( 8588): [VERBOSE1:btm_ble_gap.cc(1847)] btm_ble_process_adv_addr: bda=45:55:7e:66:6f:d0
09-01 14:34:49.889 V/bt_stack( 8588): [VERBOSE1:btm_ble_gap.cc(2052)]  Waiting for scan response 45:55:7e:66:6f:d0
09-01 14:34:49.889 V/bt_stack( 8588): [VERBOSE1:btm_ble_gap.cc(1923)] btm_ble_process_ext_adv_pkt: bda=63:e7:6b:57:ac:90
09-01 14:34:49.889 V/bt_stack( 8588): [VERBOSE1:btm_ble_gap.cc(1847)] btm_ble_process_adv_addr: bda=63:e7:6b:57:ac:90
09-01 14:34:49.889 V/bt_stack( 8588): [VERBOSE1:btm_ble_gap.cc(2052)]  Waiting for scan response 63:e7:6b:57:ac:90
09-01 14:34:49.889 V/bt_stack( 8588): [VERBOSE1:btm_ble_gap.cc(1923)] btm_ble_process_ext_adv_pkt: bda=63:e7:6b:57:ac:90
09-01 14:34:49.889 V/bt_stack( 8588): [VERBOSE1:btm_ble_gap.cc(1847)] btm_ble_process_adv_addr: bda=63:e7:6b:57:ac:90
09-01 14:34:49.891 D/BluetoothUtils( 8588): blockedByLocationOff callingUid=1002
09-01 14:34:49.891 I/BluetoothUtils( 8588): packagename is android.uid.bluetooth:1002 ,and its permission is false
09-01 14:34:49.892 D/BluetoothUtils( 8588): blockedByLocationOff callingUid=1002
09-01 14:34:49.892 I/BluetoothUtils( 8588): packagename is android.uid.bluetooth:1002 ,and its permission is false
09-01 14:34:49.892 D/BluetoothUtils( 8588): blockedByLocationOff callingUid=1002
09-01 14:34:49.892 V/bt_stack( 8588): [VERBOSE1:btm_ble_gap.cc(1923)] btm_ble_process_ext_adv_pkt: bda=17:7e:29:ab:4e:d0
09-01 14:34:49.892 V/bt_stack( 8588): [VERBOSE1:btm_ble_gap.cc(1847)] btm_ble_process_adv_addr: bda=17:7e:29:ab:4e:d0
09-01 14:34:49.893 I/BluetoothUtils( 8588): packagename is android.uid.bluetooth:1002 ,and its permission is false
09-01 14:34:49.894 D/BluetoothUtils( 8588): blockedByLocationOff callingUid=1002
09-01 14:34:49.894 I/BluetoothUtils( 8588): packagename is android.uid.bluetooth:1002 ,and its permission is false
09-01 14:34:49.894 D/BluetoothUtils( 8588): blockedByLocationOff callingUid=1002
09-01 14:34:49.895 I/BluetoothUtils( 8588): packagename is android.uid.bluetooth:1002 ,and its permission is false
09-01 14:34:49.895 D/BluetoothUtils( 8588): blockedByLocationOff callingUid=1002
09-01 14:34:49.895 I/BluetoothUtils( 8588): packagename is android.uid.bluetooth:1002 ,and its permission is false
09-01 14:34:49.902 V/bt_stack( 8588): [VERBOSE1:btm_ble_gap.cc(1923)] btm_ble_process_ext_adv_pkt: bda=1c:91:72:ba:f7:2e
09-01 14:34:49.902 V/bt_stack( 8588): [VERBOSE1:btm_ble_gap.cc(1847)] btm_ble_process_adv_addr: bda=1c:91:72:ba:f7:2e
09-01 14:34:49.903 D/BluetoothUtils( 8588): blockedByLocationOff callingUid=1002
09-01 14:34:49.904 I/BluetoothUtils( 8588): packagename is android.uid.bluetooth:1002 ,and its permission is false
09-01 14:34:49.904 D/BluetoothUtils( 8588): blockedByLocationOff callingUid=1002
09-01 14:34:49.904 I/BluetoothUtils( 8588): packagename is android.uid.bluetooth:1002 ,and its permission is false
09-01 14:34:49.904 D/BluetoothUtils( 8588): blockedByLocationOff callingUid=1002
09-01 14:34:49.904 I/BluetoothUtils( 8588): packagename is android.uid.bluetooth:1002 ,and its permission is false
09-01 14:34:49.913 V/bt_stack( 8588): [VERBOSE1:btm_ble_gap.cc(1923)] btm_ble_process_ext_adv_pkt: bda=56:e4:da:79:d5:88
09-01 14:34:49.913 V/bt_stack( 8588): [VERBOSE1:btm_ble_gap.cc(1847)] btm_ble_process_adv_addr: bda=56:e4:da:79:d5:88
09-01 14:34:49.913 V/bt_stack( 8588): [VERBOSE1:btm_ble_gap.cc(2052)]  Waiting for scan response 56:e4:da:79:d5:88
09-01 14:34:49.914 V/bt_stack( 8588): [VERBOSE1:btm_ble_gap.cc(1923)] btm_ble_process_ext_adv_pkt: bda=ef:78:8a:8d:25:f2
09-01 14:34:49.914 V/bt_stack( 8588): [VERBOSE1:btm_ble_gap.cc(1847)] btm_ble_process_adv_addr: bda=ef:78:8a:8d:25:f2
09-01 14:34:49.914 V/bt_stack( 8588): [VERBOSE1:btm_ble_gap.cc(2052)]  Waiting for scan response ef:78:8a:8d:25:f2
09-01 14:34:49.914 V/bt_stack( 8588): [VERBOSE1:btm_ble_gap.cc(1923)] btm_ble_process_ext_adv_pkt: bda=ef:78:8a:8d:25:f2
09-01 14:34:49.914 V/bt_stack( 8588): [VERBOSE1:btm_ble_gap.cc(1847)] btm_ble_process_adv_addr: bda=ef:78:8a:8d:25:f2
09-01 14:34:49.915 D/BluetoothUtils( 8588): blockedByLocationOff callingUid=1002
09-01 14:34:49.916 I/BluetoothUtils( 8588): packagename is android.uid.bluetooth:1002 ,and its permission is false
09-01 14:34:49.916 D/BluetoothUtils( 8588): blockedByLocationOff callingUid=1002
09-01 14:34:49.916 I/BluetoothUtils( 8588): packagename is android.uid.bluetooth:1002 ,and its permission is false
09-01 14:34:49.917 D/BluetoothUtils( 8588): blockedByLocationOff callingUid=1002
09-01 14:34:49.917 I/BluetoothUtils( 8588): packagename is android.uid.bluetooth:1002 ,and its permission is false
09-01 14:34:49.921 V/bt_stack( 8588): [VERBOSE1:btm_ble_gap.cc(1923)] btm_ble_process_ext_adv_pkt: bda=19:30:6d:c4:b5:5b
09-01 14:34:49.922 V/bt_stack( 8588): [VERBOSE1:btm_ble_gap.cc(1847)] btm_ble_process_adv_addr: bda=19:30:6d:c4:b5:5b
09-01 14:34:49.922 D/BluetoothUtils( 8588): blockedByLocationOff callingUid=1002
09-01 14:34:49.923 I/BluetoothUtils( 8588): packagename is android.uid.bluetooth:1002 ,and its permission is false
09-01 14:34:49.923 D/BluetoothUtils( 8588): blockedByLocationOff callingUid=1002
09-01 14:34:49.924 I/BluetoothUtils( 8588): packagename is android.uid.bluetooth:1002 ,and its permission is false
09-01 14:34:49.924 D/BluetoothUtils( 8588): blockedByLocationOff callingUid=1002
09-01 14:34:49.924 I/BluetoothUtils( 8588): packagename is android.uid.bluetooth:1002 ,and its permission is false
09-01 14:34:49.926 V/bt_stack( 8588): [VERBOSE1:btm_ble_gap.cc(1923)] btm_ble_process_ext_adv_pkt: bda=06:fa:50:9b:39:c0
09-01 14:34:49.927 V/bt_stack( 8588): [VERBOSE1:btm_ble_gap.cc(1847)] btm_ble_process_adv_addr: bda=06:fa:50:9b:39:c0
09-01 14:34:49.928 D/BluetoothUtils( 8588): blockedByLocationOff callingUid=1002
09-01 14:34:49.928 I/BluetoothUtils( 8588): packagename is android.uid.bluetooth:1002 ,and its permission is false
09-01 14:34:49.930 D/BluetoothUtils( 8588): blockedByLocationOff callingUid=1002
09-01 14:34:49.930 I/BluetoothUtils( 8588): packagename is android.uid.bluetooth:1002 ,and its permission is false
09-01 14:34:49.931 D/BluetoothUtils( 8588): blockedByLocationOff callingUid=1002
09-01 14:34:49.931 I/BluetoothUtils( 8588): packagename is android.uid.bluetooth:1002 ,and its permission is false
09-01 14:34:49.934 V/bt_stack( 8588): [VERBOSE1:btm_ble_gap.cc(1923)] btm_ble_process_ext_adv_pkt: bda=51:d1:5c:e7:f2:93
09-01 14:34:49.934 V/bt_stack( 8588): [VERBOSE1:btm_ble_gap.cc(1847)] btm_ble_process_adv_addr: bda=51:d1:5c:e7:f2:93
09-01 14:34:49.934 V/bt_stack( 8588): [VERBOSE1:btm_ble_gap.cc(2052)]  Waiting for scan response 51:d1:5c:e7:f2:93
09-01 14:34:49.934 V/bt_stack( 8588): [VERBOSE1:btm_ble_gap.cc(1923)] btm_ble_process_ext_adv_pkt: bda=0b:95:8c:38:8d:43
09-01 14:34:49.934 V/bt_stack( 8588): [VERBOSE1:btm_ble_gap.cc(1847)] btm_ble_process_adv_addr: bda=0b:95:8c:38:8d:43
09-01 14:34:49.935 D/BluetoothUtils( 8588): blockedByLocationOff callingUid=1002
09-01 14:34:49.936 V/bt_stack( 8588): [VERBOSE1:btm_ble_gap.cc(1923)] btm_ble_process_ext_adv_pkt: bda=0a:29:89:b7:c8:4a
09-01 14:34:49.936 V/bt_stack( 8588): [VERBOSE1:btm_ble_gap.cc(1847)] btm_ble_process_adv_addr: bda=0a:29:89:b7:c8:4a
09-01 14:34:49.936 I/BluetoothUtils( 8588): packagename is android.uid.bluetooth:1002 ,and its permission is false
09-01 14:34:49.936 D/BluetoothUtils( 8588): blockedByLocationOff callingUid=1002
09-01 14:34:49.936 I/BluetoothUtils( 8588): packagename is android.uid.bluetooth:1002 ,and its permission is false
09-01 14:34:49.936 D/BluetoothUtils( 8588): blockedByLocationOff callingUid=1002
09-01 14:34:49.937 I/BluetoothUtils( 8588): packagename is android.uid.bluetooth:1002 ,and its permission is false
09-01 14:34:49.937 D/BluetoothUtils( 8588): blockedByLocationOff callingUid=1002
09-01 14:34:49.937 I/BluetoothUtils( 8588): packagename is android.uid.bluetooth:1002 ,and its permission is false
09-01 14:34:49.937 D/BluetoothUtils( 8588): blockedByLocationOff callingUid=1002
09-01 14:34:49.938 I/BluetoothUtils( 8588): packagename is android.uid.bluetooth:1002 ,and its permission is false
09-01 14:34:49.938 D/BluetoothUtils( 8588): blockedByLocationOff callingUid=1002
09-01 14:34:49.938 I/BluetoothUtils( 8588): packagename is android.uid.bluetooth:1002 ,and its permission is false
09-01 14:34:49.941 V/bt_stack( 8588): [VERBOSE1:btm_ble_gap.cc(1923)] btm_ble_process_ext_adv_pkt: bda=2a:1b:52:ac:62:5d
09-01 14:34:49.941 V/bt_stack( 8588): [VERBOSE1:btm_ble_gap.cc(1847)] btm_ble_process_adv_addr: bda=2a:1b:52:ac:62:5d
09-01 14:34:49.943 D/BluetoothUtils( 8588): blockedByLocationOff callingUid=1002
09-01 14:34:49.943 I/BluetoothUtils( 8588): packagename is android.uid.bluetooth:1002 ,and its permission is false
09-01 14:34:49.943 D/BluetoothUtils( 8588): blockedByLocationOff callingUid=1002
09-01 14:34:49.943 I/BluetoothUtils( 8588): packagename is android.uid.bluetooth:1002 ,and its permission is false
09-01 14:34:49.943 D/BluetoothUtils( 8588): blockedByLocationOff callingUid=1002
09-01 14:34:49.944 I/BluetoothUtils( 8588): packagename is android.uid.bluetooth:1002 ,and its permission is false
09-01 14:34:49.949 V/bt_stack( 8588): [VERBOSE1:btm_ble_gap.cc(1923)] btm_ble_process_ext_adv_pkt: bda=7a:11:28:6c:23:6e
09-01 14:34:49.949 V/bt_stack( 8588): [VERBOSE1:btm_ble_gap.cc(1847)] btm_ble_process_adv_addr: bda=7a:11:28:6c:23:6e
09-01 14:34:49.949 V/bt_stack( 8588): [VERBOSE1:btm_ble_gap.cc(2052)]  Waiting for scan response 7a:11:28:6c:23:6e
09-01 14:34:49.949 V/bt_stack( 8588): [VERBOSE1:btm_ble_gap.cc(1923)] btm_ble_process_ext_adv_pkt: bda=7a:11:28:6c:23:6e
09-01 14:34:49.949 V/bt_stack( 8588): [VERBOSE1:btm_ble_gap.cc(1847)] btm_ble_process_adv_addr: bda=7a:11:28:6c:23:6e
09-01 14:34:49.950 D/BluetoothUtils( 8588): blockedByLocationOff callingUid=1002
09-01 14:34:49.950 I/BluetoothUtils( 8588): packagename is android.uid.bluetooth:1002 ,and its permission is false
09-01 14:34:49.950 D/BluetoothUtils( 8588): blockedByLocationOff callingUid=1002
09-01 14:34:49.951 I/BluetoothUtils( 8588): packagename is android.uid.bluetooth:1002 ,and its permission is false
09-01 14:34:49.951 D/BluetoothUtils( 8588): blockedByLocationOff callingUid=1002
09-01 14:34:49.951 I/BluetoothUtils( 8588): packagename is android.uid.bluetooth:1002 ,and its permission is false
09-01 14:34:49.952 V/bt_stack( 8588): [VERBOSE1:btm_ble_gap.cc(1923)] btm_ble_process_ext_adv_pkt: bda=38:f9:d3:45:87:1e
09-01 14:34:49.952 V/bt_stack( 8588): [VERBOSE1:btm_ble_gap.cc(1847)] btm_ble_process_adv_addr: bda=38:f9:d3:45:87:1e
09-01 14:34:49.952 V/bt_stack( 8588): [VERBOSE1:btm_ble_gap.cc(2052)]  Waiting for scan response 38:f9:d3:45:87:1e
09-01 14:34:49.952 V/bt_stack( 8588): [VERBOSE1:btm_ble_gap.cc(1923)] btm_ble_process_ext_adv_pkt: bda=38:f9:d3:45:87:1e
09-01 14:34:49.953 V/bt_stack( 8588): [VERBOSE1:btm_ble_gap.cc(1847)] btm_ble_process_adv_addr: bda=38:f9:d3:45:87:1e
09-01 14:34:49.953 D/BluetoothUtils( 8588): blockedByLocationOff callingUid=1002
09-01 14:34:49.954 I/BluetoothUtils( 8588): packagename is android.uid.bluetooth:1002 ,and its permission is false
09-01 14:34:49.954 D/BluetoothUtils( 8588): blockedByLocationOff callingUid=1002
09-01 14:34:49.954 I/BluetoothUtils( 8588): packagename is android.uid.bluetooth:1002 ,and its permission is false
09-01 14:34:49.954 D/BluetoothUtils( 8588): blockedByLocationOff callingUid=1002
09-01 14:34:49.954 I/BluetoothUtils( 8588): packagename is android.uid.bluetooth:1002 ,and its permission is false
09-01 14:34:49.962 V/bt_stack( 8588): [VERBOSE1:btm_ble_gap.cc(1923)] btm_ble_process_ext_adv_pkt: bda=3b:30:35:17:9e:fe
09-01 14:34:49.962 V/bt_stack( 8588): [VERBOSE1:btm_ble_gap.cc(1847)] btm_ble_process_adv_addr: bda=3b:30:35:17:9e:fe
09-01 14:34:49.963 D/BluetoothUtils( 8588): blockedByLocationOff callingUid=1002
09-01 14:34:49.964 I/BluetoothUtils( 8588): packagename is android.uid.bluetooth:1002 ,and its permission is false
09-01 14:34:49.964 D/BluetoothUtils( 8588): blockedByLocationOff callingUid=1002
09-01 14:34:49.964 I/BluetoothUtils( 8588): packagename is android.uid.bluetooth:1002 ,and its permission is false
09-01 14:34:49.964 D/BluetoothUtils( 8588): blockedByLocationOff callingUid=1002
09-01 14:34:49.965 I/BluetoothUtils( 8588): packagename is android.uid.bluetooth:1002 ,and its permission is false
09-01 14:34:49.974 V/bt_stack( 8588): [VERBOSE1:btm_ble_gap.cc(1923)] btm_ble_process_ext_adv_pkt: bda=12:f7:c7:df:cb:b1
09-01 14:34:49.974 V/bt_stack( 8588): [VERBOSE1:btm_ble_gap.cc(1847)] btm_ble_process_adv_addr: bda=12:f7:c7:df:cb:b1
09-01 14:34:49.975 V/bt_stack( 8588): [VERBOSE1:btm_ble_gap.cc(1923)] btm_ble_process_ext_adv_pkt: bda=65:4b:eb:fb:21:09
09-01 14:34:49.975 V/bt_stack( 8588): [VERBOSE1:btm_ble_gap.cc(1847)] btm_ble_process_adv_addr: bda=65:4b:eb:fb:21:09
09-01 14:34:49.976 D/BluetoothUtils( 8588): blockedByLocationOff callingUid=1002
09-01 14:34:49.976 I/BluetoothUtils( 8588): packagename is android.uid.bluetooth:1002 ,and its permission is false
09-01 14:34:49.977 D/BluetoothUtils( 8588): blockedByLocationOff callingUid=1002
09-01 14:34:49.977 I/BluetoothUtils( 8588): packagename is android.uid.bluetooth:1002 ,and its permission is false
09-01 14:34:49.977 D/BluetoothUtils( 8588): blockedByLocationOff callingUid=1002
09-01 14:34:49.977 I/BluetoothUtils( 8588): packagename is android.uid.bluetooth:1002 ,and its permission is false
09-01 14:34:49.978 D/BluetoothUtils( 8588): blockedByLocationOff callingUid=1002
09-01 14:34:49.978 I/BluetoothUtils( 8588): packagename is android.uid.bluetooth:1002 ,and its permission is false
09-01 14:34:49.979 D/BluetoothUtils( 8588): blockedByLocationOff callingUid=1002
09-01 14:34:49.979 I/BluetoothUtils( 8588): packagename is android.uid.bluetooth:1002 ,and its permission is false
09-01 14:34:49.979 D/BluetoothUtils( 8588): blockedByLocationOff callingUid=1002
09-01 14:34:49.979 V/bt_stack( 8588): [VERBOSE1:btm_ble_gap.cc(1923)] btm_ble_process_ext_adv_pkt: bda=56:e4:da:79:d5:88
09-01 14:34:49.979 V/bt_stack( 8588): [VERBOSE1:btm_ble_gap.cc(1847)] btm_ble_process_adv_addr: bda=56:e4:da:79:d5:88
09-01 14:34:49.979 V/bt_stack( 8588): [VERBOSE1:btm_ble_gap.cc(2052)]  Waiting for scan response 56:e4:da:79:d5:88
09-01 14:34:49.979 I/BluetoothUtils( 8588): packagename is android.uid.bluetooth:1002 ,and its permission is false
09-01 14:34:49.979 V/bt_stack( 8588): [VERBOSE1:btm_ble_gap.cc(1923)] btm_ble_process_ext_adv_pkt: bda=56:e4:da:79:d5:88
09-01 14:34:49.980 V/bt_stack( 8588): [VERBOSE1:btm_ble_gap.cc(1847)] btm_ble_process_adv_addr: bda=56:e4:da:79:d5:88
09-01 14:34:49.981 D/BluetoothUtils( 8588): blockedByLocationOff callingUid=1002
09-01 14:34:49.981 I/BluetoothUtils( 8588): packagename is android.uid.bluetooth:1002 ,and its permission is false
09-01 14:34:49.982 D/BluetoothUtils( 8588): blockedByLocationOff callingUid=1002
09-01 14:34:49.982 I/BluetoothUtils( 8588): packagename is android.uid.bluetooth:1002 ,and its permission is false
09-01 14:34:49.982 D/BluetoothUtils( 8588): blockedByLocationOff callingUid=1002
09-01 14:34:49.982 I/BluetoothUtils( 8588): packagename is android.uid.bluetooth:1002 ,and its permission is false
09-01 14:34:49.984 V/bt_stack( 8588): [VERBOSE1:btm_ble_gap.cc(1923)] btm_ble_process_ext_adv_pkt: bda=24:c2:07:5f:ee:ac
09-01 14:34:49.985 V/bt_stack( 8588): [VERBOSE1:btm_ble_gap.cc(1847)] btm_ble_process_adv_addr: bda=24:c2:07:5f:ee:ac
09-01 14:34:49.985 V/bt_stack( 8588): [VERBOSE1:btm_ble_gap.cc(1923)] btm_ble_process_ext_adv_pkt: bda=38:f9:d3:45:87:1e
09-01 14:34:49.985 V/bt_stack( 8588): [VERBOSE1:btm_ble_gap.cc(1847)] btm_ble_process_adv_addr: bda=38:f9:d3:45:87:1e
09-01 14:34:49.985 V/bt_stack( 8588): [VERBOSE1:btm_ble_gap.cc(2052)]  Waiting for scan response 38:f9:d3:45:87:1e
09-01 14:34:49.985 V/bt_stack( 8588): [VERBOSE1:btm_ble_gap.cc(1923)] btm_ble_process_ext_adv_pkt: bda=38:f9:d3:45:87:1e
09-01 14:34:49.985 V/bt_stack( 8588): [VERBOSE1:btm_ble_gap.cc(1847)] btm_ble_process_adv_addr: bda=38:f9:d3:45:87:1e
09-01 14:34:49.986 D/BluetoothUtils( 8588): blockedByLocationOff callingUid=1002
09-01 14:34:49.986 I/BluetoothUtils( 8588): packagename is android.uid.bluetooth:1002 ,and its permission is false
09-01 14:34:49.986 D/BluetoothUtils( 8588): blockedByLocationOff callingUid=1002
09-01 14:34:49.987 I/BluetoothUtils( 8588): packagename is android.uid.bluetooth:1002 ,and its permission is false
09-01 14:34:49.987 D/BluetoothUtils( 8588): blockedByLocationOff callingUid=1002
09-01 14:34:49.987 I/BluetoothUtils( 8588): packagename is android.uid.bluetooth:1002 ,and its permission is false
09-01 14:34:49.987 D/BluetoothUtils( 8588): blockedByLocationOff callingUid=1002
09-01 14:34:49.988 I/BluetoothUtils( 8588): packagename is android.uid.bluetooth:1002 ,and its permission is false
09-01 14:34:49.988 D/BluetoothUtils( 8588): blockedByLocationOff callingUid=1002
09-01 14:34:49.988 I/BluetoothUtils( 8588): packagename is android.uid.bluetooth:1002 ,and its permission is false
09-01 14:34:49.988 D/BluetoothUtils( 8588): blockedByLocationOff callingUid=1002
09-01 14:34:49.988 I/BluetoothUtils( 8588): packagename is android.uid.bluetooth:1002 ,and its permission is false
09-01 14:34:49.996 V/bt_stack( 8588): [VERBOSE1:btm_ble_gap.cc(1923)] btm_ble_process_ext_adv_pkt: bda=17:7e:29:ab:4e:d0
09-01 14:34:49.996 V/bt_stack( 8588): [VERBOSE1:btm_ble_gap.cc(1847)] btm_ble_process_adv_addr: bda=17:7e:29:ab:4e:d0
09-01 14:34:49.997 D/BluetoothUtils( 8588): blockedByLocationOff callingUid=1002
09-01 14:34:49.998 I/BluetoothUtils( 8588): packagename is android.uid.bluetooth:1002 ,and its permission is false
09-01 14:34:49.998 D/BluetoothUtils( 8588): blockedByLocationOff callingUid=1002
09-01 14:34:49.998 I/BluetoothUtils( 8588): packagename is android.uid.bluetooth:1002 ,and its permission is false
09-01 14:34:49.998 D/BluetoothUtils( 8588): blockedByLocationOff callingUid=1002
09-01 14:34:49.998 I/BluetoothUtils( 8588): packagename is android.uid.bluetooth:1002 ,and its permission is false
09-01 14:34:50.006 V/bt_stack( 8588): [VERBOSE1:btm_ble_gap.cc(1923)] btm_ble_process_ext_adv_pkt: bda=67:ec:83:7e:42:50
09-01 14:34:50.006 V/bt_stack( 8588): [VERBOSE1:btm_ble_gap.cc(1847)] btm_ble_process_adv_addr: bda=67:ec:83:7e:42:50
09-01 14:34:50.006 V/bt_stack( 8588): [VERBOSE1:btm_ble_gap.cc(2052)]  Waiting for scan response 67:ec:83:7e:42:50
09-01 14:34:50.006 V/bt_stack( 8588): [VERBOSE1:btm_ble_gap.cc(1923)] btm_ble_process_ext_adv_pkt: bda=67:ec:83:7e:42:50
09-01 14:34:50.006 V/bt_stack( 8588): [VERBOSE1:btm_ble_gap.cc(1847)] btm_ble_process_adv_addr: bda=67:ec:83:7e:42:50
09-01 14:34:50.007 D/BluetoothUtils( 8588): blockedByLocationOff callingUid=1002
09-01 14:34:50.008 I/BluetoothUtils( 8588): packagename is android.uid.bluetooth:1002 ,and its permission is false
09-01 14:34:50.008 D/BluetoothUtils( 8588): blockedByLocationOff callingUid=1002
09-01 14:34:50.008 I/BluetoothUtils( 8588): packagename is android.uid.bluetooth:1002 ,and its permission is false
09-01 14:34:50.009 D/BluetoothUtils( 8588): blockedByLocationOff callingUid=1002
09-01 14:34:50.009 I/BluetoothUtils( 8588): packagename is android.uid.bluetooth:1002 ,and its permission is false
09-01 14:34:50.019 V/bt_stack( 8588): [VERBOSE1:btm_ble_gap.cc(1923)] btm_ble_process_ext_adv_pkt: bda=72:1f:5b:cb:e4:06
09-01 14:34:50.020 V/bt_stack( 8588): [VERBOSE1:btm_ble_gap.cc(1847)] btm_ble_process_adv_addr: bda=72:1f:5b:cb:e4:06
09-01 14:34:50.020 V/bt_stack( 8588): [VERBOSE1:btm_ble_gap.cc(2052)]  Waiting for scan response 72:1f:5b:cb:e4:06
09-01 14:34:50.020 V/bt_stack( 8588): [VERBOSE1:btm_ble_gap.cc(1923)] btm_ble_process_ext_adv_pkt: bda=19:30:6d:c4:b5:5b
09-01 14:34:50.020 V/bt_stack( 8588): [VERBOSE1:btm_ble_gap.cc(1847)] btm_ble_process_adv_addr: bda=19:30:6d:c4:b5:5b
09-01 14:34:50.021 D/BluetoothUtils( 8588): blockedByLocationOff callingUid=1002
09-01 14:34:50.022 I/BluetoothUtils( 8588): packagename is android.uid.bluetooth:1002 ,and its permission is false
09-01 14:34:50.022 D/BluetoothUtils( 8588): blockedByLocationOff callingUid=1002
09-01 14:34:50.022 I/BluetoothUtils( 8588): packagename is android.uid.bluetooth:1002 ,and its permission is false
09-01 14:34:50.022 D/BluetoothUtils( 8588): blockedByLocationOff callingUid=1002
09-01 14:34:50.023 I/BluetoothUtils( 8588): packagename is android.uid.bluetooth:1002 ,and its permission is false
09-01 14:34:50.036 V/bt_stack( 8588): [VERBOSE1:btm_ble_gap.cc(1923)] btm_ble_process_ext_adv_pkt: bda=0a:29:89:b7:c8:4a
09-01 14:34:50.037 V/bt_stack( 8588): [VERBOSE1:btm_ble_gap.cc(1847)] btm_ble_process_adv_addr: bda=0a:29:89:b7:c8:4a
09-01 14:34:50.038 D/BluetoothUtils( 8588): blockedByLocationOff callingUid=1002
09-01 14:34:50.038 I/BluetoothUtils( 8588): packagename is android.uid.bluetooth:1002 ,and its permission is false
09-01 14:34:50.039 D/BluetoothUtils( 8588): blockedByLocationOff callingUid=1002
09-01 14:34:50.039 I/appium  (11310): channel read invoked!
09-01 14:34:50.039 I/appium  (11310): channel read: POST /wd/hub/session/7457bba7-67d4-46f6-af19-5e3c40fc69d7/element
09-01 14:34:50.039 I/BluetoothUtils( 8588): packagename is android.uid.bluetooth:1002 ,and its permission is false
09-01 14:34:50.039 D/BluetoothUtils( 8588): blockedByLocationOff callingUid=1002
09-01 14:34:50.039 I/BluetoothUtils( 8588): packagename is android.uid.bluetooth:1002 ,and its permission is false
09-01 14:34:50.041 I/appium  (11310): Find element command using 'id' with selector 'com.xiaomi.hm.health:id/common_title_left_image'.
09-01 14:34:50.041 I/appium  (11310): Waiting up to 10000ms for device to be idle
09-01 14:34:50.046 V/bt_stack( 8588): [VERBOSE1:btm_ble_gap.cc(1923)] btm_ble_process_ext_adv_pkt: bda=6a:1a:31:28:a4:f8
09-01 14:34:50.047 V/bt_stack( 8588): [VERBOSE1:btm_ble_gap.cc(1847)] btm_ble_process_adv_addr: bda=6a:1a:31:28:a4:f8
09-01 14:34:50.048 D/BluetoothUtils( 8588): blockedByLocationOff callingUid=1002
09-01 14:34:50.048 I/BluetoothUtils( 8588): packagename is android.uid.bluetooth:1002 ,and its permission is false
09-01 14:34:50.048 D/BluetoothUtils( 8588): blockedByLocationOff callingUid=1002
09-01 14:34:50.049 I/BluetoothUtils( 8588): packagename is android.uid.bluetooth:1002 ,and its permission is false
09-01 14:34:50.049 D/BluetoothUtils( 8588): blockedByLocationOff callingUid=1002
09-01 14:34:50.049 I/BluetoothUtils( 8588): packagename is android.uid.bluetooth:1002 ,and its permission is false
09-01 14:34:50.051 V/bt_stack( 8588): [VERBOSE1:btm_ble_gap.cc(1923)] btm_ble_process_ext_adv_pkt: bda=56:e4:da:79:d5:88
09-01 14:34:50.051 V/bt_stack( 8588): [VERBOSE1:btm_ble_gap.cc(1847)] btm_ble_process_adv_addr: bda=56:e4:da:79:d5:88
09-01 14:34:50.051 V/bt_stack( 8588): [VERBOSE1:btm_ble_gap.cc(2052)]  Waiting for scan response 56:e4:da:79:d5:88
09-01 14:34:50.051 V/bt_stack( 8588): [VERBOSE1:btm_ble_gap.cc(1923)] btm_ble_process_ext_adv_pkt: bda=56:e4:da:79:d5:88
09-01 14:34:50.051 V/bt_stack( 8588): [VERBOSE1:btm_ble_gap.cc(1847)] btm_ble_process_adv_addr: bda=56:e4:da:79:d5:88
09-01 14:34:50.052 V/bt_stack( 8588): [VERBOSE1:btm_ble_gap.cc(1923)] btm_ble_process_ext_adv_pkt: bda=38:f9:d3:45:87:1e
09-01 14:34:50.052 V/bt_stack( 8588): [VERBOSE1:btm_ble_gap.cc(1847)] btm_ble_process_adv_addr: bda=38:f9:d3:45:87:1e
09-01 14:34:50.052 V/bt_stack( 8588): [VERBOSE1:btm_ble_gap.cc(2052)]  Waiting for scan response 38:f9:d3:45:87:1e
09-01 14:34:50.052 V/bt_stack( 8588): [VERBOSE1:btm_ble_gap.cc(1923)] btm_ble_process_ext_adv_pkt: bda=38:f9:d3:45:87:1e
09-01 14:34:50.052 V/bt_stack( 8588): [VERBOSE1:btm_ble_gap.cc(1847)] btm_ble_process_adv_addr: bda=38:f9:d3:45:87:1e
09-01 14:34:50.052 D/BluetoothUtils( 8588): blockedByLocationOff callingUid=1002
09-01 14:34:50.053 I/BluetoothUtils( 8588): packagename is android.uid.bluetooth:1002 ,and its permission is false
09-01 14:34:50.053 D/BluetoothUtils( 8588): blockedByLocationOff callingUid=1002
09-01 14:34:50.053 I/BluetoothUtils( 8588): packagename is android.uid.bluetooth:1002 ,and its permission is false
09-01 14:34:50.053 D/BluetoothUtils( 8588): blockedByLocationOff callingUid=1002
09-01 14:34:50.054 I/BluetoothUtils( 8588): packagename is android.uid.bluetooth:1002 ,and its permission is false
09-01 14:34:50.054 D/BluetoothUtils( 8588): blockedByLocationOff callingUid=1002
09-01 14:34:50.055 I/BluetoothUtils( 8588): packagename is android.uid.bluetooth:1002 ,and its permission is false
09-01 14:34:50.055 D/BluetoothUtils( 8588): blockedByLocationOff callingUid=1002
09-01 14:34:50.055 I/appium  (11310): AppiumResponse: {"sessionId":"7457bba7-67d4-46f6-af19-5e3c40fc69d7","value":{"ELEMENT":"2ed1d01e-bf34-431b-97f5-37af410a2cdb","element-6066-11e4-a52e-4f735466cecf":"2ed1d01e-bf34-431b-97f5-37af410a2cdb"}}
09-01 14:34:50.055 I/BluetoothUtils( 8588): packagename is android.uid.bluetooth:1002 ,and its permission is false
09-01 14:34:50.055 D/BluetoothUtils( 8588): blockedByLocationOff callingUid=1002
09-01 14:34:50.056 I/BluetoothUtils( 8588): packagename is android.uid.bluetooth:1002 ,and its permission is false
09-01 14:34:50.062 V/bt_stack( 8588): [VERBOSE1:btm_ble_gap.cc(1923)] btm_ble_process_ext_adv_pkt: bda=7a:5d:64:2b:34:77
09-01 14:34:50.062 V/bt_stack( 8588): [VERBOSE1:btm_ble_gap.cc(1847)] btm_ble_process_adv_addr: bda=7a:5d:64:2b:34:77
09-01 14:34:50.062 V/bt_stack( 8588): [VERBOSE1:btm_ble_gap.cc(2052)]  Waiting for scan response 7a:5d:64:2b:34:77
09-01 14:34:50.063 V/bt_stack( 8588): [VERBOSE1:btm_ble_gap.cc(1923)] btm_ble_process_ext_adv_pkt: bda=d0:24:10:d7:5b:bc
09-01 14:34:50.063 V/bt_stack( 8588): [VERBOSE1:btm_ble_gap.cc(1847)] btm_ble_process_adv_addr: bda=d0:24:10:d7:5b:bc
09-01 14:34:50.063 V/bt_stack( 8588): [VERBOSE1:btm_ble_gap.cc(2052)]  Waiting for scan response d0:24:10:d7:5b:bc
09-01 14:34:50.063 V/bt_stack( 8588): [VERBOSE1:btm_ble_gap.cc(1923)] btm_ble_process_ext_adv_pkt: bda=d0:24:10:d7:5b:bc
09-01 14:34:50.063 V/bt_stack( 8588): [VERBOSE1:btm_ble_gap.cc(1847)] btm_ble_process_adv_addr: bda=d0:24:10:d7:5b:bc
09-01 14:34:50.064 D/BluetoothUtils( 8588): blockedByLocationOff callingUid=1002
09-01 14:34:50.065 I/BluetoothUtils( 8588): packagename is android.uid.bluetooth:1002 ,and its permission is false
09-01 14:34:50.065 D/BluetoothUtils( 8588): blockedByLocationOff callingUid=1002
09-01 14:34:50.065 I/BluetoothUtils( 8588): packagename is android.uid.bluetooth:1002 ,and its permission is false
09-01 14:34:50.065 D/BluetoothUtils( 8588): blockedByLocationOff callingUid=1002
09-01 14:34:50.065 I/BluetoothUtils( 8588): packagename is android.uid.bluetooth:1002 ,and its permission is false
09-01 14:34:50.082 V/bt_stack( 8588): [VERBOSE1:btm_ble_gap.cc(1923)] btm_ble_process_ext_adv_pkt: bda=24:c2:07:5f:ee:ac
09-01 14:34:50.082 V/bt_stack( 8588): [VERBOSE1:btm_ble_gap.cc(1847)] btm_ble_process_adv_addr: bda=24:c2:07:5f:ee:ac
09-01 14:34:50.084 D/BluetoothUtils( 8588): blockedByLocationOff callingUid=1002
09-01 14:34:50.084 I/BluetoothUtils( 8588): packagename is android.uid.bluetooth:1002 ,and its permission is false
09-01 14:34:50.085 D/BluetoothUtils( 8588): blockedByLocationOff callingUid=1002
09-01 14:34:50.085 I/BluetoothUtils( 8588): packagename is android.uid.bluetooth:1002 ,and its permission is false
09-01 14:34:50.085 D/BluetoothUtils( 8588): blockedByLocationOff callingUid=1002
09-01 14:34:50.085 I/BluetoothUtils( 8588): packagename is android.uid.bluetooth:1002 ,and its permission is false
09-01 14:34:50.087 V/bt_stack( 8588): [VERBOSE1:btm_ble_gap.cc(1923)] btm_ble_process_ext_adv_pkt: bda=38:f9:d3:45:87:1e
09-01 14:34:50.087 V/bt_stack( 8588): [VERBOSE1:btm_ble_gap.cc(1847)] btm_ble_process_adv_addr: bda=38:f9:d3:45:87:1e
09-01 14:34:50.087 V/bt_stack( 8588): [VERBOSE1:btm_ble_gap.cc(2052)]  Waiting for scan response 38:f9:d3:45:87:1e
09-01 14:34:50.087 V/bt_stack( 8588): [VERBOSE1:btm_ble_gap.cc(1923)] btm_ble_process_ext_adv_pkt: bda=38:f9:d3:45:87:1e
09-01 14:34:50.087 V/bt_stack( 8588): [VERBOSE1:btm_ble_gap.cc(1847)] btm_ble_process_adv_addr: bda=38:f9:d3:45:87:1e
09-01 14:34:50.087 I/appium  (11310): channel read invoked!
09-01 14:34:50.087 I/appium  (11310): channel read: POST /wd/hub/session/7457bba7-67d4-46f6-af19-5e3c40fc69d7/element/2ed1d01e-bf34-431b-97f5-37af410a2cdb/click
09-01 14:34:50.088 D/BluetoothUtils( 8588): blockedByLocationOff callingUid=1002
09-01 14:34:50.088 I/appium  (11310): Click element command
09-01 14:34:50.088 I/BluetoothUtils( 8588): packagename is android.uid.bluetooth:1002 ,and its permission is false
09-01 14:34:50.088 D/BluetoothUtils( 8588): blockedByLocationOff callingUid=1002
09-01 14:34:50.089 I/BluetoothUtils( 8588): packagename is android.uid.bluetooth:1002 ,and its permission is false
09-01 14:34:50.089 D/BluetoothUtils( 8588): blockedByLocationOff callingUid=1002
09-01 14:34:50.090 I/BluetoothUtils( 8588): packagename is android.uid.bluetooth:1002 ,and its permission is false
09-01 14:34:50.105 V/bt_stack( 8588): [VERBOSE1:btm_ble_gap.cc(1923)] btm_ble_process_ext_adv_pkt: bda=17:7e:29:ab:4e:d0
09-01 14:34:50.105 V/bt_stack( 8588): [VERBOSE1:btm_ble_gap.cc(1847)] btm_ble_process_adv_addr: bda=17:7e:29:ab:4e:d0
09-01 14:34:50.107 D/BluetoothUtils( 8588): blockedByLocationOff callingUid=1002
09-01 14:34:50.107 I/BluetoothUtils( 8588): packagename is android.uid.bluetooth:1002 ,and its permission is false
09-01 14:34:50.107 D/BluetoothUtils( 8588): blockedByLocationOff callingUid=1002
09-01 14:34:50.108 I/BluetoothUtils( 8588): packagename is android.uid.bluetooth:1002 ,and its permission is false
09-01 14:34:50.108 D/BluetoothUtils( 8588): blockedByLocationOff callingUid=1002
09-01 14:34:50.108 I/BluetoothUtils( 8588): packagename is android.uid.bluetooth:1002 ,and its permission is false
09-01 14:34:50.119 D/ActivityTrigger( 1639): ActivityTrigger activityPauseTrigger 
09-01 14:34:50.126 V/bt_stack( 8588): [VERBOSE1:btm_ble_gap.cc(1923)] btm_ble_process_ext_adv_pkt: bda=19:30:6d:c4:b5:5b
09-01 14:34:50.126 D/WindowManager( 1639): Input focus has changed to null
09-01 14:34:50.126 V/bt_stack( 8588): [VERBOSE1:btm_ble_gap.cc(1847)] btm_ble_process_adv_addr: bda=19:30:6d:c4:b5:5b
09-01 14:34:50.127 D/BluetoothUtils( 8588): blockedByLocationOff callingUid=1002
09-01 14:34:50.127 I/BluetoothUtils( 8588): packagename is android.uid.bluetooth:1002 ,and its permission is false
09-01 14:34:50.127 D/BluetoothUtils( 8588): blockedByLocationOff callingUid=1002
09-01 14:34:50.128 I/BluetoothUtils( 8588): packagename is android.uid.bluetooth:1002 ,and its permission is false
09-01 14:34:50.128 D/BluetoothUtils( 8588): blockedByLocationOff callingUid=1002
09-01 14:34:50.128 I/BluetoothUtils( 8588): packagename is android.uid.bluetooth:1002 ,and its permission is false
09-01 14:34:50.129 I/appium  (11310): Waiting up to 10000ms for device to be idle
09-01 14:34:50.130 I/appium  (11310): AppiumResponse: {"sessionId":"7457bba7-67d4-46f6-af19-5e3c40fc69d7","value":null}
09-01 14:34:50.132 I/Timeline( 1639): Timeline: App_transition_ready time:211656149
09-01 14:34:50.133 V/bt_stack( 8588): [VERBOSE1:btm_ble_gap.cc(1923)] btm_ble_process_ext_adv_pkt: bda=44:ca:73:cc:df:42
09-01 14:34:50.133 V/bt_stack( 8588): [VERBOSE1:btm_ble_gap.cc(1847)] btm_ble_process_adv_addr: bda=44:ca:73:cc:df:42
09-01 14:34:50.133 V/bt_stack( 8588): [VERBOSE1:btm_ble_gap.cc(2052)]  Waiting for scan response 44:ca:73:cc:df:42
09-01 14:34:50.135 V/bt_stack( 8588): [VERBOSE1:btm_ble_gap.cc(1923)] btm_ble_process_ext_adv_pkt: bda=44:ca:73:cc:df:42
09-01 14:34:50.135 V/bt_stack( 8588): [VERBOSE1:btm_ble_gap.cc(1847)] btm_ble_process_adv_addr: bda=44:ca:73:cc:df:42
09-01 14:34:50.136 D/BluetoothUtils( 8588): blockedByLocationOff callingUid=1002
09-01 14:34:50.136 I/BluetoothUtils( 8588): packagename is android.uid.bluetooth:1002 ,and its permission is false
09-01 14:34:50.136 D/BluetoothUtils( 8588): blockedByLocationOff callingUid=1002
09-01 14:34:50.136 I/BluetoothUtils( 8588): packagename is android.uid.bluetooth:1002 ,and its permission is false
09-01 14:34:50.136 D/BluetoothUtils( 8588): blockedByLocationOff callingUid=1002
09-01 14:34:50.136 I/BluetoothUtils( 8588): packagename is android.uid.bluetooth:1002 ,and its permission is false
09-01 14:34:50.137 V/bt_stack( 8588): [VERBOSE1:btm_ble_gap.cc(1923)] btm_ble_process_ext_adv_pkt: bda=06:fa:50:9b:39:c0
09-01 14:34:50.137 V/bt_stack( 8588): [VERBOSE1:btm_ble_gap.cc(1847)] btm_ble_process_adv_addr: bda=06:fa:50:9b:39:c0
09-01 14:34:50.138 D/BluetoothUtils( 8588): blockedByLocationOff callingUid=1002
09-01 14:34:50.138 I/BluetoothUtils( 8588): packagename is android.uid.bluetooth:1002 ,and its permission is false
09-01 14:34:50.139 D/BluetoothUtils( 8588): blockedByLocationOff callingUid=1002
09-01 14:34:50.139 I/BluetoothUtils( 8588): packagename is android.uid.bluetooth:1002 ,and its permission is false
09-01 14:34:50.139 D/BluetoothUtils( 8588): blockedByLocationOff callingUid=1002
09-01 14:34:50.139 I/BluetoothUtils( 8588): packagename is android.uid.bluetooth:1002 ,and its permission is false
09-01 14:34:50.139 I/Timeline( 1639): Timeline: App_transition_ready time:211656156
09-01 14:34:50.142 V/bt_stack( 8588): [VERBOSE1:btm_ble_gap.cc(1923)] btm_ble_process_ext_adv_pkt: bda=0a:29:89:b7:c8:4a
09-01 14:34:50.142 V/bt_stack( 8588): [VERBOSE1:btm_ble_gap.cc(1847)] btm_ble_process_adv_addr: bda=0a:29:89:b7:c8:4a
09-01 14:34:50.143 D/BluetoothUtils( 8588): blockedByLocationOff callingUid=1002
09-01 14:34:50.143 I/BluetoothUtils( 8588): packagename is android.uid.bluetooth:1002 ,and its permission is false
09-01 14:34:50.144 D/BluetoothUtils( 8588): blockedByLocationOff callingUid=1002
09-01 14:34:50.145 I/BluetoothUtils( 8588): packagename is android.uid.bluetooth:1002 ,and its permission is false
09-01 14:34:50.145 D/BluetoothUtils( 8588): blockedByLocationOff callingUid=1002
09-01 14:34:50.145 I/BluetoothUtils( 8588): packagename is android.uid.bluetooth:1002 ,and its permission is false
09-01 14:34:50.151 V/bt_stack( 8588): [VERBOSE1:btm_ble_gap.cc(1923)] btm_ble_process_ext_adv_pkt: bda=56:e4:da:79:d5:88
09-01 14:34:50.151 V/bt_stack( 8588): [VERBOSE1:btm_ble_gap.cc(1847)] btm_ble_process_adv_addr: bda=56:e4:da:79:d5:88
09-01 14:34:50.151 V/bt_stack( 8588): [VERBOSE1:btm_ble_gap.cc(2052)]  Waiting for scan response 56:e4:da:79:d5:88
09-01 14:34:50.151 V/bt_stack( 8588): [VERBOSE1:btm_ble_gap.cc(1923)] btm_ble_process_ext_adv_pkt: bda=56:e4:da:79:d5:88
09-01 14:34:50.151 V/bt_stack( 8588): [VERBOSE1:btm_ble_gap.cc(1847)] btm_ble_process_adv_addr: bda=56:e4:da:79:d5:88
09-01 14:34:50.153 D/BluetoothUtils( 8588): blockedByLocationOff callingUid=1002
09-01 14:34:50.154 V/bt_stack( 8588): [VERBOSE1:btm_ble_gap.cc(1923)] btm_ble_process_ext_adv_pkt: bda=45:55:7e:66:6f:d0
09-01 14:34:50.155 V/bt_stack( 8588): [VERBOSE1:btm_ble_gap.cc(1847)] btm_ble_process_adv_addr: bda=45:55:7e:66:6f:d0
09-01 14:34:50.155 V/bt_stack( 8588): [VERBOSE1:btm_ble_gap.cc(2052)]  Waiting for scan response 45:55:7e:66:6f:d0
09-01 14:34:50.155 I/BluetoothUtils( 8588): packagename is android.uid.bluetooth:1002 ,and its permission is false
09-01 14:34:50.155 V/bt_stack( 8588): [VERBOSE1:btm_ble_gap.cc(1923)] btm_ble_process_ext_adv_pkt: bda=6a:1a:31:28:a4:f8
09-01 14:34:50.155 V/bt_stack( 8588): [VERBOSE1:btm_ble_gap.cc(1847)] btm_ble_process_adv_addr: bda=6a:1a:31:28:a4:f8
09-01 14:34:50.155 D/BluetoothUtils( 8588): blockedByLocationOff callingUid=1002
09-01 14:34:50.155 I/BluetoothUtils( 8588): packagename is android.uid.bluetooth:1002 ,and its permission is false
09-01 14:34:50.155 D/BluetoothUtils( 8588): blockedByLocationOff callingUid=1002
09-01 14:34:50.156 V/bt_stack( 8588): [VERBOSE1:btm_ble_gap.cc(1923)] btm_ble_process_ext_adv_pkt: bda=2c:e0:b3:78:83:e3
09-01 14:34:50.156 V/bt_stack( 8588): [VERBOSE1:btm_ble_gap.cc(1847)] btm_ble_process_adv_addr: bda=2c:e0:b3:78:83:e3
09-01 14:34:50.156 I/BluetoothUtils( 8588): packagename is android.uid.bluetooth:1002 ,and its permission is false
09-01 14:34:50.158 D/BluetoothUtils( 8588): blockedByLocationOff callingUid=1002
09-01 14:34:50.159 I/BluetoothUtils( 8588): packagename is android.uid.bluetooth:1002 ,and its permission is false
09-01 14:34:50.159 D/BluetoothUtils( 8588): blockedByLocationOff callingUid=1002
09-01 14:34:50.159 I/BluetoothUtils( 8588): packagename is android.uid.bluetooth:1002 ,and its permission is false
09-01 14:34:50.159 D/BluetoothUtils( 8588): blockedByLocationOff callingUid=1002
09-01 14:34:50.159 I/BluetoothUtils( 8588): packagename is android.uid.bluetooth:1002 ,and its permission is false
09-01 14:34:50.160 D/BluetoothUtils( 8588): blockedByLocationOff callingUid=1002
09-01 14:34:50.160 I/BluetoothUtils( 8588): packagename is android.uid.bluetooth:1002 ,and its permission is false
09-01 14:34:50.160 D/BluetoothUtils( 8588): blockedByLocationOff callingUid=1002
09-01 14:34:50.160 D/RecentsImpl( 7676): mActivityStateObserver com.xiaomi.hm.health.activity.StatusDetailActivity
09-01 14:34:50.160 I/BluetoothUtils( 8588): packagename is android.uid.bluetooth:1002 ,and its permission is false
09-01 14:34:50.161 D/BluetoothUtils( 8588): blockedByLocationOff callingUid=1002
09-01 14:34:50.161 I/BluetoothUtils( 8588): packagename is android.uid.bluetooth:1002 ,and its permission is false
09-01 14:34:50.165 I/Timeline( 1639): Timeline: App_transition_ready time:211656182
09-01 14:34:50.166 D/WindowManager( 1639): Input focus has changed to Window{81e46b2 u0 com.xiaomi.hm.health/com.xiaomi.hm.health.activity.StatusDetailActivity}
09-01 14:34:50.168 V/bt_stack( 8588): [VERBOSE1:btm_ble_gap.cc(1923)] btm_ble_process_ext_adv_pkt: bda=4b:2f:6d:75:86:77
09-01 14:34:50.168 V/bt_stack( 8588): [VERBOSE1:btm_ble_gap.cc(1847)] btm_ble_process_adv_addr: bda=4b:2f:6d:75:86:77
09-01 14:34:50.168 V/bt_stack( 8588): [VERBOSE1:btm_ble_gap.cc(2052)]  Waiting for scan response 4b:2f:6d:75:86:77
09-01 14:34:50.168 V/bt_stack( 8588): [VERBOSE1:btm_ble_gap.cc(1923)] btm_ble_process_ext_adv_pkt: bda=3b:30:35:17:9e:fe
09-01 14:34:50.168 V/bt_stack( 8588): [VERBOSE1:btm_ble_gap.cc(1847)] btm_ble_process_adv_addr: bda=3b:30:35:17:9e:fe
09-01 14:34:50.169 D/BluetoothUtils( 8588): blockedByLocationOff callingUid=1002
09-01 14:34:50.169 I/BluetoothUtils( 8588): packagename is android.uid.bluetooth:1002 ,and its permission is false
09-01 14:34:50.169 D/BluetoothUtils( 8588): blockedByLocationOff callingUid=1002
09-01 14:34:50.170 I/BluetoothUtils( 8588): packagename is android.uid.bluetooth:1002 ,and its permission is false
09-01 14:34:50.170 D/BluetoothUtils( 8588): blockedByLocationOff callingUid=1002
09-01 14:34:50.170 I/BluetoothUtils( 8588): packagename is android.uid.bluetooth:1002 ,and its permission is false
09-01 14:34:50.176 V/bt_stack( 8588): [VERBOSE1:btm_ble_gap.cc(1923)] btm_ble_process_ext_adv_pkt: bda=56:e4:da:79:d5:88
09-01 14:34:50.176 V/bt_stack( 8588): [VERBOSE1:btm_ble_gap.cc(1847)] btm_ble_process_adv_addr: bda=56:e4:da:79:d5:88
09-01 14:34:50.177 V/bt_stack( 8588): [VERBOSE1:btm_ble_gap.cc(2052)]  Waiting for scan response 56:e4:da:79:d5:88
09-01 14:34:50.177 V/bt_stack( 8588): [VERBOSE1:btm_ble_gap.cc(1923)] btm_ble_process_ext_adv_pkt: bda=56:e4:da:79:d5:88
09-01 14:34:50.177 V/bt_stack( 8588): [VERBOSE1:btm_ble_gap.cc(1847)] btm_ble_process_adv_addr: bda=56:e4:da:79:d5:88
09-01 14:34:50.179 D/BluetoothUtils( 8588): blockedByLocationOff callingUid=1002
09-01 14:34:50.179 I/BluetoothUtils( 8588): packagename is android.uid.bluetooth:1002 ,and its permission is false
09-01 14:34:50.179 D/BluetoothUtils( 8588): blockedByLocationOff callingUid=1002
09-01 14:34:50.179 I/BluetoothUtils( 8588): packagename is android.uid.bluetooth:1002 ,and its permission is false
09-01 14:34:50.180 D/BluetoothUtils( 8588): blockedByLocationOff callingUid=1002
09-01 14:34:50.180 I/BluetoothUtils( 8588): packagename is android.uid.bluetooth:1002 ,and its permission is false
09-01 14:34:50.183 V/bt_stack( 8588): [VERBOSE1:btm_ble_gap.cc(1923)] btm_ble_process_ext_adv_pkt: bda=12:f7:c7:df:cb:b1
09-01 14:34:50.183 V/bt_stack( 8588): [VERBOSE1:btm_ble_gap.cc(1847)] btm_ble_process_adv_addr: bda=12:f7:c7:df:cb:b1
09-01 14:34:50.185 D/BluetoothUtils( 8588): blockedByLocationOff callingUid=1002
09-01 14:34:50.185 I/BluetoothUtils( 8588): packagename is android.uid.bluetooth:1002 ,and its permission is false
09-01 14:34:50.185 D/BluetoothUtils( 8588): blockedByLocationOff callingUid=1002
09-01 14:34:50.186 I/BluetoothUtils( 8588): packagename is android.uid.bluetooth:1002 ,and its permission is false
09-01 14:34:50.186 D/BluetoothUtils( 8588): blockedByLocationOff callingUid=1002
09-01 14:34:50.186 I/BluetoothUtils( 8588): packagename is android.uid.bluetooth:1002 ,and its permission is false
09-01 14:34:50.186 V/bt_stack( 8588): [VERBOSE1:btm_ble_gap.cc(1923)] btm_ble_process_ext_adv_pkt: bda=38:f9:d3:45:87:1e
09-01 14:34:50.187 V/bt_stack( 8588): [VERBOSE1:btm_ble_gap.cc(1847)] btm_ble_process_adv_addr: bda=38:f9:d3:45:87:1e
09-01 14:34:50.187 V/bt_stack( 8588): [VERBOSE1:btm_ble_gap.cc(2052)]  Waiting for scan response 38:f9:d3:45:87:1e
09-01 14:34:50.187 V/bt_stack( 8588): [VERBOSE1:btm_ble_gap.cc(1923)] btm_ble_process_ext_adv_pkt: bda=38:f9:d3:45:87:1e
09-01 14:34:50.187 V/bt_stack( 8588): [VERBOSE1:btm_ble_gap.cc(1847)] btm_ble_process_adv_addr: bda=38:f9:d3:45:87:1e
09-01 14:34:50.187 D/BluetoothUtils( 8588): blockedByLocationOff callingUid=1002
09-01 14:34:50.188 I/BluetoothUtils( 8588): packagename is android.uid.bluetooth:1002 ,and its permission is false
09-01 14:34:50.188 D/BluetoothUtils( 8588): blockedByLocationOff callingUid=1002
09-01 14:34:50.188 I/BluetoothUtils( 8588): packagename is android.uid.bluetooth:1002 ,and its permission is false
09-01 14:34:50.188 D/BluetoothUtils( 8588): blockedByLocationOff callingUid=1002
09-01 14:34:50.188 I/BluetoothUtils( 8588): packagename is android.uid.bluetooth:1002 ,and its permission is false
09-01 14:34:50.196 I/Timeline( 1639): Timeline: App_transition_ready time:211656213
09-01 14:34:50.205 V/bt_stack( 8588): [VERBOSE1:btm_ble_gap.cc(1923)] btm_ble_process_ext_adv_pkt: bda=17:7e:29:ab:4e:d0
09-01 14:34:50.205 V/bt_stack( 8588): [VERBOSE1:btm_ble_gap.cc(1847)] btm_ble_process_adv_addr: bda=17:7e:29:ab:4e:d0
09-01 14:34:50.206 D/BluetoothUtils( 8588): blockedByLocationOff callingUid=1002
09-01 14:34:50.207 I/BluetoothUtils( 8588): packagename is android.uid.bluetooth:1002 ,and its permission is false
09-01 14:34:50.207 D/BluetoothUtils( 8588): blockedByLocationOff callingUid=1002
09-01 14:34:50.207 I/BluetoothUtils( 8588): packagename is android.uid.bluetooth:1002 ,and its permission is false
09-01 14:34:50.207 D/BluetoothUtils( 8588): blockedByLocationOff callingUid=1002
09-01 14:34:50.207 I/BluetoothUtils( 8588): packagename is android.uid.bluetooth:1002 ,and its permission is false
09-01 14:34:50.209 W/AsyncHttpResponse(11356): Current thread has not called Looper.prepare().Forcing synchronous mode
09-01 14:34:50.236 V/bt_stack( 8588): [VERBOSE1:btm_ble_gap.cc(1923)] btm_ble_process_ext_adv_pkt: bda=24:65:c8:81:ba:6f
09-01 14:34:50.236 V/bt_stack( 8588): [VERBOSE1:btm_ble_gap.cc(1847)] btm_ble_process_adv_addr: bda=24:65:c8:81:ba:6f
09-01 14:34:50.237 D/BluetoothUtils( 8588): blockedByLocationOff callingUid=1002
09-01 14:34:50.237 I/BluetoothUtils( 8588): packagename is android.uid.bluetooth:1002 ,and its permission is false
09-01 14:34:50.238 D/BluetoothUtils( 8588): blockedByLocationOff callingUid=1002
09-01 14:34:50.238 W/RecentsModel( 7676): onTaskStackChangedBackground: start loading
09-01 14:34:50.238 I/BluetoothUtils( 8588): packagename is android.uid.bluetooth:1002 ,and its permission is false
09-01 14:34:50.238 D/BluetoothUtils( 8588): blockedByLocationOff callingUid=1002
09-01 14:34:50.238 W/RecentsModel( 7676): getTaskInfoIgnoreHomeAndSplit   taskInfo=ComponentInfo{com.xiaomi.hm.health/com.xiaomi.hm.health.activity.MainTabActivity}
09-01 14:34:50.238 I/BluetoothUtils( 8588): packagename is android.uid.bluetooth:1002 ,and its permission is false
09-01 14:34:50.238 W/RecentsModel( 7676): getTaskInfoIgnoreHomeAndFreeform   taskInfo=ComponentInfo{com.xiaomi.hm.health/com.xiaomi.hm.health.activity.MainTabActivity}
09-01 14:34:50.239 W/RecentsModel( 7676): getTaskInfoIgnoreFreeform   taskInfo=ComponentInfo{com.xiaomi.hm.health/com.xiaomi.hm.health.activity.MainTabActivity}
09-01 14:34:50.239 W/RecentsModel( 7676): onTaskStackChangedBackground: finishLoading loading
09-01 14:34:50.245 V/bt_stack( 8588): [VERBOSE1:btm_ble_gap.cc(1923)] btm_ble_process_ext_adv_pkt: bda=6e:3b:40:73:ff:b3
09-01 14:34:50.245 V/bt_stack( 8588): [VERBOSE1:btm_ble_gap.cc(1847)] btm_ble_process_adv_addr: bda=6e:3b:40:73:ff:b3
09-01 14:34:50.245 V/bt_stack( 8588): [VERBOSE1:btm_ble_gap.cc(2052)]  Waiting for scan response 6e:3b:40:73:ff:b3
09-01 14:34:50.245 V/bt_stack( 8588): [VERBOSE1:btm_ble_gap.cc(1923)] btm_ble_process_ext_adv_pkt: bda=06:fa:50:9b:39:c0
09-01 14:34:50.245 V/bt_stack( 8588): [VERBOSE1:btm_ble_gap.cc(1847)] btm_ble_process_adv_addr: bda=06:fa:50:9b:39:c0
09-01 14:34:50.246 D/BluetoothUtils( 8588): blockedByLocationOff callingUid=1002
09-01 14:34:50.246 I/BluetoothUtils( 8588): packagename is android.uid.bluetooth:1002 ,and its permission is false
09-01 14:34:50.246 D/BluetoothUtils( 8588): blockedByLocationOff callingUid=1002
