09-01 14:33:53.266 I/BluetoothUtils( 8588): packagename is android.uid.bluetooth:1002 ,and its permission is false
09-01 14:33:53.266 D/BluetoothUtils( 8588): blockedByLocationOff callingUid=1002
09-01 14:33:53.267 I/BluetoothUtils( 8588): packagename is android.uid.bluetooth:1002 ,and its permission is false
09-01 14:33:53.267 V/bt_stack( 8588): [VERBOSE1:btm_ble_gap.cc(1923)] btm_ble_process_ext_adv_pkt: bda=19:30:6d:c4:b5:5b
09-01 14:33:53.267 V/bt_stack( 8588): [VERBOSE1:btm_ble_gap.cc(1847)] btm_ble_process_adv_addr: bda=19:30:6d:c4:b5:5b
09-01 14:33:53.269 D/BluetoothUtils( 8588): blockedByLocationOff callingUid=1002
09-01 14:33:53.269 I/BluetoothUtils( 8588): packagename is android.uid.bluetooth:1002 ,and its permission is false
09-01 14:33:53.269 D/BluetoothUtils( 8588): blockedByLocationOff callingUid=1002
09-01 14:33:53.269 I/BluetoothUtils( 8588): packagename is android.uid.bluetooth:1002 ,and its permission is false
09-01 14:33:53.269 D/BluetoothUtils( 8588): blockedByLocationOff callingUid=1002
09-01 14:33:53.270 I/BluetoothUtils( 8588): packagename is android.uid.bluetooth:1002 ,and its permission is false
09-01 14:33:53.278 V/bt_stack( 8588): [VERBOSE1:btm_ble_gap.cc(1923)] btm_ble_process_ext_adv_pkt: bda=55:a7:aa:ab:14:9f
09-01 14:33:53.278 V/bt_stack( 8588): [VERBOSE1:btm_ble_gap.cc(1847)] btm_ble_process_adv_addr: bda=55:a7:aa:ab:14:9f
09-01 14:33:53.278 V/bt_stack( 8588): [VERBOSE1:btm_ble_gap.cc(2052)]  Waiting for scan response 55:a7:aa:ab:14:9f
09-01 14:33:53.278 V/bt_stack( 8588): [VERBOSE1:btm_ble_gap.cc(1923)] btm_ble_process_ext_adv_pkt: bda=0c:39:e9:d5:de:20
09-01 14:33:53.278 V/bt_stack( 8588): [VERBOSE1:btm_ble_gap.cc(1847)] btm_ble_process_adv_addr: bda=0c:39:e9:d5:de:20
09-01 14:33:53.279 D/BluetoothUtils( 8588): blockedByLocationOff callingUid=1002
09-01 14:33:53.279 I/BluetoothUtils( 8588): packagename is android.uid.bluetooth:1002 ,and its permission is false
09-01 14:33:53.280 D/BluetoothUtils( 8588): blockedByLocationOff callingUid=1002
09-01 14:33:53.280 I/BluetoothUtils( 8588): packagename is android.uid.bluetooth:1002 ,and its permission is false
09-01 14:33:53.280 D/BluetoothUtils( 8588): blockedByLocationOff callingUid=1002
09-01 14:33:53.280 I/BluetoothUtils( 8588): packagename is android.uid.bluetooth:1002 ,and its permission is false
09-01 14:33:53.281 V/bt_stack( 8588): [VERBOSE1:btm_ble_gap.cc(1923)] btm_ble_process_ext_adv_pkt: bda=3b:30:35:17:9e:fe
09-01 14:33:53.281 V/bt_stack( 8588): [VERBOSE1:btm_ble_gap.cc(1847)] btm_ble_process_adv_addr: bda=3b:30:35:17:9e:fe
09-01 14:33:53.282 V/bt_stack( 8588): [VERBOSE1:btm_ble_gap.cc(1923)] btm_ble_process_ext_adv_pkt: bda=17:7e:29:ab:4e:d0
09-01 14:33:53.282 V/bt_stack( 8588): [VERBOSE1:btm_ble_gap.cc(1847)] btm_ble_process_adv_addr: bda=17:7e:29:ab:4e:d0
09-01 14:33:53.283 D/BluetoothUtils( 8588): blockedByLocationOff callingUid=1002
09-01 14:33:53.283 I/BluetoothUtils( 8588): packagename is android.uid.bluetooth:1002 ,and its permission is false
09-01 14:33:53.283 D/BluetoothUtils( 8588): blockedByLocationOff callingUid=1002
09-01 14:33:53.284 I/BluetoothUtils( 8588): packagename is android.uid.bluetooth:1002 ,and its permission is false
09-01 14:33:53.284 D/BluetoothUtils( 8588): blockedByLocationOff callingUid=1002
09-01 14:33:53.284 I/BluetoothUtils( 8588): packagename is android.uid.bluetooth:1002 ,and its permission is false
09-01 14:33:53.285 D/BluetoothUtils( 8588): blockedByLocationOff callingUid=1002
09-01 14:33:53.285 I/BluetoothUtils( 8588): packagename is android.uid.bluetooth:1002 ,and its permission is false
09-01 14:33:53.285 D/BluetoothUtils( 8588): blockedByLocationOff callingUid=1002
09-01 14:33:53.286 I/BluetoothUtils( 8588): packagename is android.uid.bluetooth:1002 ,and its permission is false
09-01 14:33:53.286 D/BluetoothUtils( 8588): blockedByLocationOff callingUid=1002
09-01 14:33:53.286 I/BluetoothUtils( 8588): packagename is android.uid.bluetooth:1002 ,and its permission is false
09-01 14:33:53.294 V/bt_stack( 8588): [VERBOSE1:btm_ble_gap.cc(1923)] btm_ble_process_ext_adv_pkt: bda=56:e4:da:79:d5:88
09-01 14:33:53.295 V/bt_stack( 8588): [VERBOSE1:btm_ble_gap.cc(1847)] btm_ble_process_adv_addr: bda=56:e4:da:79:d5:88
09-01 14:33:53.295 V/bt_stack( 8588): [VERBOSE1:btm_ble_gap.cc(2052)]  Waiting for scan response 56:e4:da:79:d5:88
09-01 14:33:53.295 V/bt_stack( 8588): [VERBOSE1:btm_ble_gap.cc(1923)] btm_ble_process_ext_adv_pkt: bda=56:e4:da:79:d5:88
09-01 14:33:53.295 V/bt_stack( 8588): [VERBOSE1:btm_ble_gap.cc(1847)] btm_ble_process_adv_addr: bda=56:e4:da:79:d5:88
09-01 14:33:53.296 D/BluetoothUtils( 8588): blockedByLocationOff callingUid=1002
09-01 14:33:53.296 I/BluetoothUtils( 8588): packagename is android.uid.bluetooth:1002 ,and its permission is false
09-01 14:33:53.297 D/BluetoothUtils( 8588): blockedByLocationOff callingUid=1002
09-01 14:33:53.297 I/BluetoothUtils( 8588): packagename is android.uid.bluetooth:1002 ,and its permission is false
09-01 14:33:53.297 D/BluetoothUtils( 8588): blockedByLocationOff callingUid=1002
09-01 14:33:53.298 I/BluetoothUtils( 8588): packagename is android.uid.bluetooth:1002 ,and its permission is false
09-01 14:33:53.301 V/bt_stack( 8588): [VERBOSE1:btm_ble_gap.cc(1923)] btm_ble_process_ext_adv_pkt: bda=70:33:97:a2:2a:78
09-01 14:33:53.301 V/bt_stack( 8588): [VERBOSE1:btm_ble_gap.cc(1847)] btm_ble_process_adv_addr: bda=70:33:97:a2:2a:78
09-01 14:33:53.301 V/bt_stack( 8588): [VERBOSE1:btm_ble_gap.cc(2052)]  Waiting for scan response 70:33:97:a2:2a:78
09-01 14:33:53.301 V/bt_stack( 8588): [VERBOSE1:btm_ble_gap.cc(1923)] btm_ble_process_ext_adv_pkt: bda=0b:95:8c:38:8d:43
09-01 14:33:53.301 V/bt_stack( 8588): [VERBOSE1:btm_ble_gap.cc(1847)] btm_ble_process_adv_addr: bda=0b:95:8c:38:8d:43
09-01 14:33:53.302 D/BluetoothUtils( 8588): blockedByLocationOff callingUid=1002
09-01 14:33:53.303 I/BluetoothUtils( 8588): packagename is android.uid.bluetooth:1002 ,and its permission is false
09-01 14:33:53.303 D/BluetoothUtils( 8588): blockedByLocationOff callingUid=1002
09-01 14:33:53.303 I/BluetoothUtils( 8588): packagename is android.uid.bluetooth:1002 ,and its permission is false
09-01 14:33:53.303 V/bt_stack( 8588): [VERBOSE1:btm_ble_gap.cc(1923)] btm_ble_process_ext_adv_pkt: bda=38:f9:d3:45:87:1e
09-01 14:33:53.303 V/bt_stack( 8588): [VERBOSE1:btm_ble_gap.cc(1847)] btm_ble_process_adv_addr: bda=38:f9:d3:45:87:1e
09-01 14:33:53.303 D/BluetoothUtils( 8588): blockedByLocationOff callingUid=1002
09-01 14:33:53.303 V/bt_stack( 8588): [VERBOSE1:btm_ble_gap.cc(2052)]  Waiting for scan response 38:f9:d3:45:87:1e
09-01 14:33:53.303 V/bt_stack( 8588): [VERBOSE1:btm_ble_gap.cc(1923)] btm_ble_process_ext_adv_pkt: bda=38:f9:d3:45:87:1e
09-01 14:33:53.303 V/bt_stack( 8588): [VERBOSE1:btm_ble_gap.cc(1847)] btm_ble_process_adv_addr: bda=38:f9:d3:45:87:1e
09-01 14:33:53.303 I/BluetoothUtils( 8588): packagename is android.uid.bluetooth:1002 ,and its permission is false
09-01 14:33:53.304 D/BluetoothUtils( 8588): blockedByLocationOff callingUid=1002
09-01 14:33:53.304 I/BluetoothUtils( 8588): packagename is android.uid.bluetooth:1002 ,and its permission is false
09-01 14:33:53.305 D/BluetoothUtils( 8588): blockedByLocationOff callingUid=1002
09-01 14:33:53.305 I/BluetoothUtils( 8588): packagename is android.uid.bluetooth:1002 ,and its permission is false
09-01 14:33:53.305 D/BluetoothUtils( 8588): blockedByLocationOff callingUid=1002
09-01 14:33:53.305 V/bt_stack( 8588): [VERBOSE1:btm_ble_gap.cc(1923)] btm_ble_process_ext_adv_pkt: bda=01:f5:30:c0:9b:7a
09-01 14:33:53.305 V/bt_stack( 8588): [VERBOSE1:btm_ble_gap.cc(1847)] btm_ble_process_adv_addr: bda=01:f5:30:c0:9b:7a
09-01 14:33:53.305 I/BluetoothUtils( 8588): packagename is android.uid.bluetooth:1002 ,and its permission is false
09-01 14:33:53.306 D/BluetoothUtils( 8588): blockedByLocationOff callingUid=1002
09-01 14:33:53.306 I/BluetoothUtils( 8588): packagename is android.uid.bluetooth:1002 ,and its permission is false
09-01 14:33:53.307 D/BluetoothUtils( 8588): blockedByLocationOff callingUid=1002
09-01 14:33:53.307 I/BluetoothUtils( 8588): packagename is android.uid.bluetooth:1002 ,and its permission is false
09-01 14:33:53.307 D/BluetoothUtils( 8588): blockedByLocationOff callingUid=1002
09-01 14:33:53.307 I/BluetoothUtils( 8588): packagename is android.uid.bluetooth:1002 ,and its permission is false
09-01 14:33:53.318 V/bt_stack( 8588): [VERBOSE1:btm_ble_gap.cc(1923)] btm_ble_process_ext_adv_pkt: bda=1b:39:55:3e:e3:6c
09-01 14:33:53.318 V/bt_stack( 8588): [VERBOSE1:btm_ble_gap.cc(1847)] btm_ble_process_adv_addr: bda=1b:39:55:3e:e3:6c
09-01 14:33:53.320 D/BluetoothUtils( 8588): blockedByLocationOff callingUid=1002
09-01 14:33:53.320 I/BluetoothUtils( 8588): packagename is android.uid.bluetooth:1002 ,and its permission is false
09-01 14:33:53.320 D/BluetoothUtils( 8588): blockedByLocationOff callingUid=1002
09-01 14:33:53.321 I/BluetoothUtils( 8588): packagename is android.uid.bluetooth:1002 ,and its permission is false
09-01 14:33:53.321 D/BluetoothUtils( 8588): blockedByLocationOff callingUid=1002
09-01 14:33:53.321 I/BluetoothUtils( 8588): packagename is android.uid.bluetooth:1002 ,and its permission is false
09-01 14:33:53.321 V/bt_stack( 8588): [VERBOSE1:btm_ble_gap.cc(1923)] btm_ble_process_ext_adv_pkt: bda=7b:37:7f:df:22:35
09-01 14:33:53.321 V/bt_stack( 8588): [VERBOSE1:btm_ble_gap.cc(1847)] btm_ble_process_adv_addr: bda=7b:37:7f:df:22:35
09-01 14:33:53.321 V/bt_stack( 8588): [VERBOSE1:btm_ble_gap.cc(2052)]  Waiting for scan response 7b:37:7f:df:22:35
09-01 14:33:53.321 V/bt_stack( 8588): [VERBOSE1:btm_ble_gap.cc(1923)] btm_ble_process_ext_adv_pkt: bda=2c:e0:b3:78:83:e3
09-01 14:33:53.321 V/bt_stack( 8588): [VERBOSE1:btm_ble_gap.cc(1847)] btm_ble_process_adv_addr: bda=2c:e0:b3:78:83:e3
09-01 14:33:53.322 D/BluetoothUtils( 8588): blockedByLocationOff callingUid=1002
09-01 14:33:53.323 I/BluetoothUtils( 8588): packagename is android.uid.bluetooth:1002 ,and its permission is false
09-01 14:33:53.323 D/BluetoothUtils( 8588): blockedByLocationOff callingUid=1002
09-01 14:33:53.324 I/BluetoothUtils( 8588): packagename is android.uid.bluetooth:1002 ,and its permission is false
09-01 14:33:53.324 D/BluetoothUtils( 8588): blockedByLocationOff callingUid=1002
09-01 14:33:53.324 I/BluetoothUtils( 8588): packagename is android.uid.bluetooth:1002 ,and its permission is false
09-01 14:33:53.328 V/bt_stack( 8588): [VERBOSE1:btm_ble_gap.cc(1923)] btm_ble_process_ext_adv_pkt: bda=6a:1a:31:28:a4:f8
09-01 14:33:53.329 V/bt_stack( 8588): [VERBOSE1:btm_ble_gap.cc(1847)] btm_ble_process_adv_addr: bda=6a:1a:31:28:a4:f8
09-01 14:33:53.330 D/BluetoothUtils( 8588): blockedByLocationOff callingUid=1002
09-01 14:33:53.330 I/BluetoothUtils( 8588): packagename is android.uid.bluetooth:1002 ,and its permission is false
09-01 14:33:53.330 D/BluetoothUtils( 8588): blockedByLocationOff callingUid=1002
09-01 14:33:53.330 I/BluetoothUtils( 8588): packagename is android.uid.bluetooth:1002 ,and its permission is false
09-01 14:33:53.331 D/BluetoothUtils( 8588): blockedByLocationOff callingUid=1002
09-01 14:33:53.331 I/BluetoothUtils( 8588): packagename is android.uid.bluetooth:1002 ,and its permission is false
09-01 14:33:53.332 V/bt_stack( 8588): [VERBOSE1:btm_ble_gap.cc(1923)] btm_ble_process_ext_adv_pkt: bda=56:e4:da:79:d5:88
09-01 14:33:53.332 V/bt_stack( 8588): [VERBOSE1:btm_ble_gap.cc(1847)] btm_ble_process_adv_addr: bda=56:e4:da:79:d5:88
09-01 14:33:53.332 V/bt_stack( 8588): [VERBOSE1:btm_ble_gap.cc(2052)]  Waiting for scan response 56:e4:da:79:d5:88
09-01 14:33:53.332 V/bt_stack( 8588): [VERBOSE1:btm_ble_gap.cc(1923)] btm_ble_process_ext_adv_pkt: bda=56:e4:da:79:d5:88
09-01 14:33:53.332 V/bt_stack( 8588): [VERBOSE1:btm_ble_gap.cc(1847)] btm_ble_process_adv_addr: bda=56:e4:da:79:d5:88
09-01 14:33:53.333 D/BluetoothUtils( 8588): blockedByLocationOff callingUid=1002
09-01 14:33:53.334 I/BluetoothUtils( 8588): packagename is android.uid.bluetooth:1002 ,and its permission is false
09-01 14:33:53.334 D/BluetoothUtils( 8588): blockedByLocationOff callingUid=1002
09-01 14:33:53.334 I/BluetoothUtils( 8588): packagename is android.uid.bluetooth:1002 ,and its permission is false
09-01 14:33:53.334 D/BluetoothUtils( 8588): blockedByLocationOff callingUid=1002
09-01 14:33:53.334 I/BluetoothUtils( 8588): packagename is android.uid.bluetooth:1002 ,and its permission is false
09-01 14:33:53.339 V/bt_stack( 8588): [VERBOSE1:btm_ble_gap.cc(1923)] btm_ble_process_ext_adv_pkt: bda=38:f9:d3:45:87:1e
09-01 14:33:53.339 V/bt_stack( 8588): [VERBOSE1:btm_ble_gap.cc(1847)] btm_ble_process_adv_addr: bda=38:f9:d3:45:87:1e
09-01 14:33:53.339 V/bt_stack( 8588): [VERBOSE1:btm_ble_gap.cc(2052)]  Waiting for scan response 38:f9:d3:45:87:1e
09-01 14:33:53.339 V/bt_stack( 8588): [VERBOSE1:btm_ble_gap.cc(1923)] btm_ble_process_ext_adv_pkt: bda=38:f9:d3:45:87:1e
09-01 14:33:53.339 V/bt_stack( 8588): [VERBOSE1:btm_ble_gap.cc(1847)] btm_ble_process_adv_addr: bda=38:f9:d3:45:87:1e
09-01 14:33:53.340 D/BluetoothUtils( 8588): blockedByLocationOff callingUid=1002
09-01 14:33:53.341 I/BluetoothUtils( 8588): packagename is android.uid.bluetooth:1002 ,and its permission is false
09-01 14:33:53.341 D/BluetoothUtils( 8588): blockedByLocationOff callingUid=1002
09-01 14:33:53.341 I/BluetoothUtils( 8588): packagename is android.uid.bluetooth:1002 ,and its permission is false
09-01 14:33:53.341 D/BluetoothUtils( 8588): blockedByLocationOff callingUid=1002
09-01 14:33:53.342 I/BluetoothUtils( 8588): packagename is android.uid.bluetooth:1002 ,and its permission is false
09-01 14:33:53.345 V/bt_stack( 8588): [VERBOSE1:btm_ble_gap.cc(1923)] btm_ble_process_ext_adv_pkt: bda=53:f2:a2:69:23:e6
09-01 14:33:53.345 V/bt_stack( 8588): [VERBOSE1:btm_ble_gap.cc(1847)] btm_ble_process_adv_addr: bda=53:f2:a2:69:23:e6
09-01 14:33:53.346 D/BluetoothUtils( 8588): blockedByLocationOff callingUid=1002
09-01 14:33:53.346 I/BluetoothUtils( 8588): packagename is android.uid.bluetooth:1002 ,and its permission is false
09-01 14:33:53.347 D/BluetoothUtils( 8588): blockedByLocationOff callingUid=1002
09-01 14:33:53.347 I/BluetoothUtils( 8588): packagename is android.uid.bluetooth:1002 ,and its permission is false
09-01 14:33:53.347 D/BluetoothUtils( 8588): blockedByLocationOff callingUid=1002
09-01 14:33:53.348 I/BluetoothUtils( 8588): packagename is android.uid.bluetooth:1002 ,and its permission is false
09-01 14:33:53.348 V/bt_stack( 8588): [VERBOSE1:btm_ble_gap.cc(1923)] btm_ble_process_ext_adv_pkt: bda=2a:1b:52:ac:62:5d
09-01 14:33:53.348 V/bt_stack( 8588): [VERBOSE1:btm_ble_gap.cc(1847)] btm_ble_process_adv_addr: bda=2a:1b:52:ac:62:5d
09-01 14:33:53.349 D/BluetoothUtils( 8588): blockedByLocationOff callingUid=1002
09-01 14:33:53.349 I/BluetoothUtils( 8588): packagename is android.uid.bluetooth:1002 ,and its permission is false
09-01 14:33:53.349 D/BluetoothUtils( 8588): blockedByLocationOff callingUid=1002
09-01 14:33:53.350 I/BluetoothUtils( 8588): packagename is android.uid.bluetooth:1002 ,and its permission is false
09-01 14:33:53.350 D/BluetoothUtils( 8588): blockedByLocationOff callingUid=1002
09-01 14:33:53.350 I/BluetoothUtils( 8588): packagename is android.uid.bluetooth:1002 ,and its permission is false
09-01 14:33:53.351 V/bt_stack( 8588): [VERBOSE1:btm_ble_gap.cc(1923)] btm_ble_process_ext_adv_pkt: bda=1c:91:72:ba:f7:2e
09-01 14:33:53.351 V/bt_stack( 8588): [VERBOSE1:btm_ble_gap.cc(1847)] btm_ble_process_adv_addr: bda=1c:91:72:ba:f7:2e
09-01 14:33:53.353 D/BluetoothUtils( 8588): blockedByLocationOff callingUid=1002
09-01 14:33:53.353 I/BluetoothUtils( 8588): packagename is android.uid.bluetooth:1002 ,and its permission is false
09-01 14:33:53.353 D/BluetoothUtils( 8588): blockedByLocationOff callingUid=1002
09-01 14:33:53.354 I/BluetoothUtils( 8588): packagename is android.uid.bluetooth:1002 ,and its permission is false
09-01 14:33:53.354 D/BluetoothUtils( 8588): blockedByLocationOff callingUid=1002
09-01 14:33:53.354 I/BluetoothUtils( 8588): packagename is android.uid.bluetooth:1002 ,and its permission is false
09-01 14:33:53.364 V/bt_stack( 8588): [VERBOSE1:btm_ble_gap.cc(1923)] btm_ble_process_ext_adv_pkt: bda=56:e4:da:79:d5:88
09-01 14:33:53.365 V/bt_stack( 8588): [VERBOSE1:btm_ble_gap.cc(1847)] btm_ble_process_adv_addr: bda=56:e4:da:79:d5:88
09-01 14:33:53.365 V/bt_stack( 8588): [VERBOSE1:btm_ble_gap.cc(2052)]  Waiting for scan response 56:e4:da:79:d5:88
09-01 14:33:53.365 V/bt_stack( 8588): [VERBOSE1:btm_ble_gap.cc(1923)] btm_ble_process_ext_adv_pkt: bda=56:e4:da:79:d5:88
09-01 14:33:53.365 V/bt_stack( 8588): [VERBOSE1:btm_ble_gap.cc(1847)] btm_ble_process_adv_addr: bda=56:e4:da:79:d5:88
09-01 14:33:53.366 D/BluetoothUtils( 8588): blockedByLocationOff callingUid=1002
09-01 14:33:53.366 I/BluetoothUtils( 8588): packagename is android.uid.bluetooth:1002 ,and its permission is false
09-01 14:33:53.366 D/BluetoothUtils( 8588): blockedByLocationOff callingUid=1002
09-01 14:33:53.367 I/BluetoothUtils( 8588): packagename is android.uid.bluetooth:1002 ,and its permission is false
09-01 14:33:53.367 D/BluetoothUtils( 8588): blockedByLocationOff callingUid=1002
09-01 14:33:53.367 I/BluetoothUtils( 8588): packagename is android.uid.bluetooth:1002 ,and its permission is false
09-01 14:33:53.367 V/bt_stack( 8588): [VERBOSE1:btm_ble_gap.cc(1923)] btm_ble_process_ext_adv_pkt: bda=19:30:6d:c4:b5:5b
09-01 14:33:53.367 V/bt_stack( 8588): [VERBOSE1:btm_ble_gap.cc(1847)] btm_ble_process_adv_addr: bda=19:30:6d:c4:b5:5b
09-01 14:33:53.368 D/BluetoothUtils( 8588): blockedByLocationOff callingUid=1002
09-01 14:33:53.369 I/BluetoothUtils( 8588): packagename is android.uid.bluetooth:1002 ,and its permission is false
09-01 14:33:53.369 D/BluetoothUtils( 8588): blockedByLocationOff callingUid=1002
09-01 14:33:53.369 I/BluetoothUtils( 8588): packagename is android.uid.bluetooth:1002 ,and its permission is false
09-01 14:33:53.369 D/BluetoothUtils( 8588): blockedByLocationOff callingUid=1002
09-01 14:33:53.370 D/BluetoothAdapter(10791): stopLeScan()
09-01 14:33:53.370 I/BluetoothUtils( 8588): packagename is android.uid.bluetooth:1002 ,and its permission is false
09-01 14:33:53.371 D/BluetoothAdapter(10791): isLeEnabled(): ON
09-01 14:33:53.371 D/BtGatt.GattService( 8588): stopScan() - queue size =3
09-01 14:33:53.371 V/bt_stack( 8588): [VERBOSE1:btm_ble_gap.cc(1923)] btm_ble_process_ext_adv_pkt: bda=63:e7:6b:57:ac:90
09-01 14:33:53.371 V/bt_stack( 8588): [VERBOSE1:btm_ble_gap.cc(1847)] btm_ble_process_adv_addr: bda=63:e7:6b:57:ac:90
09-01 14:33:53.372 V/bt_stack( 8588): [VERBOSE1:btm_ble_gap.cc(2052)]  Waiting for scan response 63:e7:6b:57:ac:90
09-01 14:33:53.372 V/bt_stack( 8588): [VERBOSE1:btm_ble_gap.cc(1923)] btm_ble_process_ext_adv_pkt: bda=63:e7:6b:57:ac:90
09-01 14:33:53.372 V/bt_stack( 8588): [VERBOSE1:btm_ble_gap.cc(1847)] btm_ble_process_adv_addr: bda=63:e7:6b:57:ac:90
09-01 14:33:53.372 I/BtGatt.ScanManager( 8588): msg.what = 1
09-01 14:33:53.372 D/BtGatt.GattService( 8588): unregisterScanner() - scannerId=19
09-01 14:33:53.372 V/bt_stack( 8588): [VERBOSE1:gatt_api.cc(1000)] GATT_Deregister gatt_if=19
09-01 14:33:53.372 V/bt_stack( 8588): [VERBOSE1:gatt_main.cc(1079)] gatt_get_ch_state: ch_state=4
09-01 14:33:53.372 V/bt_stack( 8588): [VERBOSE1:gatt_main.cc(307)] gatt_is_app_holding_linkgatt_if= 19not found;
09-01 14:33:53.372 V/bt_stack( 8588): [VERBOSE1:gatt_main.cc(359)] gatt_update_app_use_link_flag: is_add=0 chk_link=1
09-01 14:33:53.372 V/bt_stack( 8588): [VERBOSE1:gatt_main.cc(325)] gatt_update_app_hold_link_status
09-01 14:33:53.372 V/bt_stack( 8588): [VERBOSE1:gatt_main.cc(338)] attempt to remove nonexisting gatt_if=19
09-01 14:33:53.372 V/bt_stack( 8588): [VERBOSE1:connection_manager.cc(161)] on_app_deregistered : app_id 0x13
09-01 14:33:53.372 D/BluetoothUtils( 8588): blockedByLocationOff callingUid=1002
09-01 14:33:53.372 I/vendor.qti.bluetooth@1.0-ibs_handler(19843): DeviceWakeUp: Writing IBS_WAKE_IND
09-01 14:33:53.373 I/BluetoothUtils( 8588): packagename is android.uid.bluetooth:1002 ,and its permission is false
09-01 14:33:53.373 D/BluetoothUtils( 8588): blockedByLocationOff callingUid=1002
09-01 14:33:53.373 I/BluetoothUtils( 8588): packagename is android.uid.bluetooth:1002 ,and its permission is false
09-01 14:33:53.373 I/vendor.qti.bluetooth@1.0-ibs_handler(19843): ProcessIbsCmd: Received IBS_WAKE_ACK: 0xFC
09-01 14:33:53.374 D/PowerKeeperPolicy( 1639): stopLeScan: BleScanWrapper[mClientIf = 19 mPendingIntent=null] uid=10241BleScanWrapper[mClientIf = 19 mPendingIntent=null]
09-01 14:33:53.374 D/BtGatt.GattService( 8588): onScanFilterParamsConfigured() - clientIf=19, status=0, action=1, availableSpace=11
09-01 14:33:53.374 D/BtGatt.ScanManager( 8588): callback done for scannerId - 19 status - 0
09-01 14:33:53.374 D/BtGatt.ScanManager( 8588): configureRegularScanParams() - queue=2
09-01 14:33:53.374 D/BtGatt.ScanManager( 8588): configureRegularScanParams() - ScanSetting LE 1M Scan mode=0ScanSetting LE Coded Scan mode=0 mLastConfiguredScanSettingLE1M=2 mLastConfiguredScanSettingLECoded=2scanPhy=255
09-01 14:33:53.375 D/BtGatt.ScanManager( 8588): configureRegularScanParams - scanInterval LE 1M = 1500configureRegularScanParams - scanWindow LE 1M= 150configureRegularScanParams - scanInterval LE Coded= 1500configureRegularScanParams - scanWindow LE Coded= 150
09-01 14:33:53.376 D/BtGatt.GattService( 8588): onScanParamSetupCompleted : 0
09-01 14:33:53.376 D/BluetoothAdapter(10791): startLeScan(): null
09-01 14:33:53.377 D/BluetoothAdapter(10791): isLeEnabled(): ON
09-01 14:33:53.378 D/BtGatt.GattService( 8588): registerScanner() - UUID=1430ae2e-1ecc-45bb-b66b-b31433ad20db
09-01 14:33:53.378 V/bt_stack( 8588): [VERBOSE1:bta_gattc_act.cc(175)] bta_gattc_register: state:2
09-01 14:33:53.378 I/bt_stack( 8588): [INFO:gatt_api.cc(957)] GATT_Register f2104164-dd64-1ed4-43bb-fd9868d1dd76
09-01 14:33:53.378 I/bt_stack( 8588): [INFO:gatt_api.cc(977)] allocated gatt_if=19
09-01 14:33:53.378 V/bt_stack( 8588): [VERBOSE1:gatt_api.cc(1087)] GATT_StartIf gatt_if=19
09-01 14:33:53.378 D/BtGatt.GattService( 8588): onScannerRegistered() - UUID=1430ae2e-1ecc-45bb-b66b-b31433ad20db, scannerId=19, status=0
09-01 14:33:53.378 V/bt_stack( 8588): [VERBOSE1:gatt_utils.cc(254)] gatt_find_the_connected_bda start_idx=0
09-01 14:33:53.378 V/bt_stack( 8588): [VERBOSE1:gatt_utils.cc(262)]  bda :c3:d4:f4:e3:11:ec
09-01 14:33:53.378 V/bt_stack( 8588): [VERBOSE1:gatt_utils.cc(266)]  found=1 found_idx=0
09-01 14:33:53.378 V/bt_stack( 8588): [VERBOSE1:gatt_utils.cc(254)] gatt_find_the_connected_bda start_idx=1
09-01 14:33:53.378 V/bt_stack( 8588): [VERBOSE1:gatt_utils.cc(266)]  found=0 found_idx=10
09-01 14:33:53.379 V/bt_stack( 8588): [VERBOSE1:bta_gattc_main.cc(361)] bta_gattc_hdl_event: Event:BTA_GATTC_INT_CONN_EVT
09-01 14:33:53.379 D/BluetoothLeScanner(10791): onScannerRegistered() - status=0 scannerId=19 mScannerId=0
09-01 14:33:53.379 V/bt_stack( 8588): [VERBOSE1:bta_gattc_main.cc(385)] Ignore unknown conn ID: 19
09-01 14:33:53.379 D/PowerKeeperPolicy( 1639): isLeScanAllowed: uid = 10241, allow = true
09-01 14:33:53.379 D/BtGatt.GattService( 8588): start scan with filters. callingPackage: com.xiaomi.hm.health
09-01 14:33:53.380 D/BluetoothUtils( 8588): blockedByLocationOff callingUid=10241
09-01 14:33:53.381 I/BluetoothUtils( 8588): packagename is com.xiaomi.hm.health ,and its permission is false
09-01 14:33:53.382 I/BtGatt.ScanManager( 8588): msg.what = 0
09-01 14:33:53.382 D/BtGatt.ScanManager( 8588): handling starting scan
09-01 14:33:53.383 D/BtGatt.ScanManager( 8588): isAptXLowLatencyModeEnabled: false
09-01 14:33:53.384 D/PowerKeeperPolicy( 1639): startLeScan: BleScanWrapper[mClientIf = 19 mPendingIntent=null] uid=10241
09-01 14:33:53.384 D/PowerKeeperPolicy( 1639): uid = 10241 setAllowed, allowed = true
09-01 14:33:53.384 D/PowerKeeperPolicy( 1639): uid = 10241 setScanning, scanning = true
09-01 14:33:53.384 D/PowerKeeperPolicy( 1639): startLeScan, uid = 10241 is scanning
09-01 14:33:53.387 D/BtGatt.GattService( 8588): onScanFilterEnableDisabled() - clientIf=19, status=0, action=1
09-01 14:33:53.387 D/BtGatt.ScanManager( 8588): callback done for scannerId - 19 status - 0
09-01 14:33:53.387 D/BtGatt.ScanManager( 8588): configureFilterParamter 500 10000 1 0, deliveryMode=0
09-01 14:33:53.389 D/BtGatt.GattService( 8588): onScanFilterParamsConfigured() - clientIf=19, status=0, action=0, availableSpace=10
09-01 14:33:53.389 D/BtGatt.ScanManager( 8588): callback done for scannerId - 19 status - 0
09-01 14:33:53.389 D/BtGatt.ScanManager( 8588): configureRegularScanParams() - queue=3
09-01 14:33:53.389 D/BtGatt.ScanManager( 8588): configureRegularScanParams() - ScanSetting LE 1M Scan mode=2ScanSetting LE Coded Scan mode=2 mLastConfiguredScanSettingLE1M=0 mLastConfiguredScanSettingLECoded=0scanPhy=255
09-01 14:33:53.389 D/BtGatt.ScanManager( 8588): configureRegularScanParams - scanInterval LE 1M = 4096configureRegularScanParams - scanWindow LE 1M= 4096configureRegularScanParams - scanInterval LE Coded= 4096configureRegularScanParams - scanWindow LE Coded= 4096
09-01 14:33:53.389 D/BtGatt.GattService( 8588): onScanParamSetupCompleted : 0
09-01 14:33:53.391 V/bt_stack( 8588): [VERBOSE1:btm_ble_gap.cc(1923)] btm_ble_process_ext_adv_pkt: bda=17:7e:29:ab:4e:d0
09-01 14:33:53.391 V/bt_stack( 8588): [VERBOSE1:btm_ble_gap.cc(1847)] btm_ble_process_adv_addr: bda=17:7e:29:ab:4e:d0
09-01 14:33:53.392 D/BluetoothUtils( 8588): blockedByLocationOff callingUid=1002
09-01 14:33:53.392 I/BluetoothUtils( 8588): packagename is android.uid.bluetooth:1002 ,and its permission is false
09-01 14:33:53.392 D/BluetoothUtils( 8588): blockedByLocationOff callingUid=1002
09-01 14:33:53.393 I/BluetoothUtils( 8588): packagename is android.uid.bluetooth:1002 ,and its permission is false
09-01 14:33:53.393 D/BluetoothUtils( 8588): blockedByLocationOff callingUid=1002
09-01 14:33:53.393 I/BluetoothUtils( 8588): packagename is android.uid.bluetooth:1002 ,and its permission is false
09-01 14:33:53.405 V/bt_stack( 8588): [VERBOSE1:btm_ble_gap.cc(1923)] btm_ble_process_ext_adv_pkt: bda=01:f5:30:c0:9b:7a
09-01 14:33:53.405 V/bt_stack( 8588): [VERBOSE1:btm_ble_gap.cc(1847)] btm_ble_process_adv_addr: bda=01:f5:30:c0:9b:7a
09-01 14:33:53.406 D/BluetoothUtils( 8588): blockedByLocationOff callingUid=1002
09-01 14:33:53.407 I/BluetoothUtils( 8588): packagename is android.uid.bluetooth:1002 ,and its permission is false
09-01 14:33:53.407 D/BluetoothUtils( 8588): blockedByLocationOff callingUid=1002
09-01 14:33:53.407 I/BluetoothUtils( 8588): packagename is android.uid.bluetooth:1002 ,and its permission is false
09-01 14:33:53.407 D/BluetoothUtils( 8588): blockedByLocationOff callingUid=1002
09-01 14:33:53.407 I/BluetoothUtils( 8588): packagename is android.uid.bluetooth:1002 ,and its permission is false
09-01 14:33:53.422 V/bt_stack( 8588): [VERBOSE1:btm_ble_gap.cc(1923)] btm_ble_process_ext_adv_pkt: bda=7c:ed:2d:b6:cf:30
09-01 14:33:53.423 V/bt_stack( 8588): [VERBOSE1:btm_ble_gap.cc(1847)] btm_ble_process_adv_addr: bda=7c:ed:2d:b6:cf:30
09-01 14:33:53.423 V/bt_stack( 8588): [VERBOSE1:btm_ble_gap.cc(2052)]  Waiting for scan response 7c:ed:2d:b6:cf:30
09-01 14:33:53.423 V/bt_stack( 8588): [VERBOSE1:btm_ble_gap.cc(1923)] btm_ble_process_ext_adv_pkt: bda=56:e4:da:79:d5:88
09-01 14:33:53.423 V/bt_stack( 8588): [VERBOSE1:btm_ble_gap.cc(1847)] btm_ble_process_adv_addr: bda=56:e4:da:79:d5:88
09-01 14:33:53.423 V/bt_stack( 8588): [VERBOSE1:btm_ble_gap.cc(2052)]  Waiting for scan response 56:e4:da:79:d5:88
09-01 14:33:53.423 V/bt_stack( 8588): [VERBOSE1:btm_ble_gap.cc(1923)] btm_ble_process_ext_adv_pkt: bda=56:e4:da:79:d5:88
09-01 14:33:53.423 V/bt_stack( 8588): [VERBOSE1:btm_ble_gap.cc(1847)] btm_ble_process_adv_addr: bda=56:e4:da:79:d5:88
09-01 14:33:53.425 D/BluetoothUtils( 8588): blockedByLocationOff callingUid=1002
09-01 14:33:53.426 I/BluetoothUtils( 8588): packagename is android.uid.bluetooth:1002 ,and its permission is false
09-01 14:33:53.426 D/BluetoothUtils( 8588): blockedByLocationOff callingUid=1002
09-01 14:33:53.427 I/BluetoothUtils( 8588): packagename is android.uid.bluetooth:1002 ,and its permission is false
09-01 14:33:53.427 D/BluetoothUtils( 8588): blockedByLocationOff callingUid=1002
09-01 14:33:53.427 I/BluetoothUtils( 8588): packagename is android.uid.bluetooth:1002 ,and its permission is false
09-01 14:33:53.429 V/bt_stack( 8588): [VERBOSE1:btm_ble_gap.cc(1923)] btm_ble_process_ext_adv_pkt: bda=6a:1a:31:28:a4:f8
09-01 14:33:53.429 V/bt_stack( 8588): [VERBOSE1:btm_ble_gap.cc(1847)] btm_ble_process_adv_addr: bda=6a:1a:31:28:a4:f8
09-01 14:33:53.431 D/BluetoothUtils( 8588): blockedByLocationOff callingUid=1002
09-01 14:33:53.432 I/BluetoothUtils( 8588): packagename is android.uid.bluetooth:1002 ,and its permission is false
09-01 14:33:53.433 D/BluetoothUtils( 8588): blockedByLocationOff callingUid=1002
09-01 14:33:53.434 I/BluetoothUtils( 8588): packagename is android.uid.bluetooth:1002 ,and its permission is false
09-01 14:33:53.434 D/BluetoothUtils( 8588): blockedByLocationOff callingUid=1002
09-01 14:33:53.434 I/BluetoothUtils( 8588): packagename is android.uid.bluetooth:1002 ,and its permission is false
09-01 14:33:53.435 V/bt_stack( 8588): [VERBOSE1:btm_ble_gap.cc(1923)] btm_ble_process_ext_adv_pkt: bda=04:b0:56:de:30:bf
09-01 14:33:53.435 V/bt_stack( 8588): [VERBOSE1:btm_ble_gap.cc(1847)] btm_ble_process_adv_addr: bda=04:b0:56:de:30:bf
09-01 14:33:53.436 D/BluetoothUtils( 8588): blockedByLocationOff callingUid=1002
09-01 14:33:53.437 I/BluetoothUtils( 8588): packagename is android.uid.bluetooth:1002 ,and its permission is false
09-01 14:33:53.437 D/BluetoothUtils( 8588): blockedByLocationOff callingUid=1002
09-01 14:33:53.437 I/BluetoothUtils( 8588): packagename is android.uid.bluetooth:1002 ,and its permission is false
09-01 14:33:53.437 D/BluetoothUtils( 8588): blockedByLocationOff callingUid=1002
09-01 14:33:53.438 I/BluetoothUtils( 8588): packagename is android.uid.bluetooth:1002 ,and its permission is false
09-01 14:33:53.445 V/bt_stack( 8588): [VERBOSE1:btm_ble_gap.cc(1923)] btm_ble_process_ext_adv_pkt: bda=5d:4a:e1:72:21:47
09-01 14:33:53.445 V/bt_stack( 8588): [VERBOSE1:btm_ble_gap.cc(1847)] btm_ble_process_adv_addr: bda=5d:4a:e1:72:21:47
09-01 14:33:53.445 V/bt_stack( 8588): [VERBOSE1:btm_ble_gap.cc(2052)]  Waiting for scan response 5d:4a:e1:72:21:47
09-01 14:33:53.451 V/bt_stack( 8588): [VERBOSE1:btm_ble_gap.cc(1923)] btm_ble_process_ext_adv_pkt: bda=67:ec:83:7e:42:50
09-01 14:33:53.451 V/bt_stack( 8588): [VERBOSE1:btm_ble_gap.cc(1847)] btm_ble_process_adv_addr: bda=67:ec:83:7e:42:50
09-01 14:33:53.451 V/bt_stack( 8588): [VERBOSE1:btm_ble_gap.cc(2052)]  Waiting for scan response 67:ec:83:7e:42:50
09-01 14:33:53.451 V/bt_stack( 8588): [VERBOSE1:btm_ble_gap.cc(1923)] btm_ble_process_ext_adv_pkt: bda=1c:91:72:ba:f7:2e
09-01 14:33:53.451 V/bt_stack( 8588): [VERBOSE1:btm_ble_gap.cc(1847)] btm_ble_process_adv_addr: bda=1c:91:72:ba:f7:2e
09-01 14:33:53.453 D/BluetoothUtils( 8588): blockedByLocationOff callingUid=1002
09-01 14:33:53.453 I/BluetoothUtils( 8588): packagename is android.uid.bluetooth:1002 ,and its permission is false
09-01 14:33:53.454 D/BluetoothUtils( 8588): blockedByLocationOff callingUid=1002
09-01 14:33:53.454 I/BluetoothUtils( 8588): packagename is android.uid.bluetooth:1002 ,and its permission is false
09-01 14:33:53.454 D/BluetoothUtils( 8588): blockedByLocationOff callingUid=1002
09-01 14:33:53.454 I/BluetoothUtils( 8588): packagename is android.uid.bluetooth:1002 ,and its permission is false
09-01 14:33:53.465 V/bt_stack( 8588): [VERBOSE1:btm_ble_gap.cc(1923)] btm_ble_process_ext_adv_pkt: bda=72:1f:5b:cb:e4:06
09-01 14:33:53.466 V/bt_stack( 8588): [VERBOSE1:btm_ble_gap.cc(1847)] btm_ble_process_adv_addr: bda=72:1f:5b:cb:e4:06
09-01 14:33:53.466 V/bt_stack( 8588): [VERBOSE1:btm_ble_gap.cc(2052)]  Waiting for scan response 72:1f:5b:cb:e4:06
09-01 14:33:53.466 V/bt_stack( 8588): [VERBOSE1:btm_ble_gap.cc(1923)] btm_ble_process_ext_adv_pkt: bda=2d:8f:df:c2:a9:d4
09-01 14:33:53.466 V/bt_stack( 8588): [VERBOSE1:btm_ble_gap.cc(1847)] btm_ble_process_adv_addr: bda=2d:8f:df:c2:a9:d4
09-01 14:33:53.467 D/BluetoothUtils( 8588): blockedByLocationOff callingUid=1002
09-01 14:33:53.468 I/BluetoothUtils( 8588): packagename is android.uid.bluetooth:1002 ,and its permission is false
09-01 14:33:53.468 D/BluetoothUtils( 8588): blockedByLocationOff callingUid=1002
09-01 14:33:53.468 I/BluetoothUtils( 8588): packagename is android.uid.bluetooth:1002 ,and its permission is false
09-01 14:33:53.468 D/BluetoothUtils( 8588): blockedByLocationOff callingUid=1002
09-01 14:33:53.468 I/BluetoothUtils( 8588): packagename is android.uid.bluetooth:1002 ,and its permission is false
09-01 14:33:53.469 V/bt_stack( 8588): [VERBOSE1:btm_ble_gap.cc(1923)] btm_ble_process_ext_adv_pkt: bda=24:65:c8:81:ba:6f
09-01 14:33:53.469 V/bt_stack( 8588): [VERBOSE1:btm_ble_gap.cc(1847)] btm_ble_process_adv_addr: bda=24:65:c8:81:ba:6f
09-01 14:33:53.469 V/bt_stack( 8588): [VERBOSE1:btm_ble_gap.cc(1923)] btm_ble_process_ext_adv_pkt: bda=19:30:6d:c4:b5:5b
09-01 14:33:53.469 V/bt_stack( 8588): [VERBOSE1:btm_ble_gap.cc(1847)] btm_ble_process_adv_addr: bda=19:30:6d:c4:b5:5b
09-01 14:33:53.471 D/BluetoothUtils( 8588): blockedByLocationOff callingUid=1002
09-01 14:33:53.471 I/BluetoothUtils( 8588): packagename is android.uid.bluetooth:1002 ,and its permission is false
09-01 14:33:53.471 D/BluetoothUtils( 8588): blockedByLocationOff callingUid=1002
09-01 14:33:53.472 I/BluetoothUtils( 8588): packagename is android.uid.bluetooth:1002 ,and its permission is false
09-01 14:33:53.472 D/BluetoothUtils( 8588): blockedByLocationOff callingUid=1002
09-01 14:33:53.472 I/BluetoothUtils( 8588): packagename is android.uid.bluetooth:1002 ,and its permission is false
09-01 14:33:53.473 D/BluetoothUtils( 8588): blockedByLocationOff callingUid=1002
09-01 14:33:53.473 I/BluetoothUtils( 8588): packagename is android.uid.bluetooth:1002 ,and its permission is false
09-01 14:33:53.473 D/BluetoothUtils( 8588): blockedByLocationOff callingUid=1002
09-01 14:33:53.473 I/BluetoothUtils( 8588): packagename is android.uid.bluetooth:1002 ,and its permission is false
09-01 14:33:53.474 D/BluetoothUtils( 8588): blockedByLocationOff callingUid=1002
09-01 14:33:53.474 I/BluetoothUtils( 8588): packagename is android.uid.bluetooth:1002 ,and its permission is false
09-01 14:33:53.477 V/bt_stack( 8588): [VERBOSE1:btm_ble_gap.cc(1923)] btm_ble_process_ext_adv_pkt: bda=fd:32:0c:ad:56:d5
09-01 14:33:53.477 V/bt_stack( 8588): [VERBOSE1:btm_ble_gap.cc(1847)] btm_ble_process_adv_addr: bda=fd:32:0c:ad:56:d5
09-01 14:33:53.477 V/bt_stack( 8588): [VERBOSE1:btm_ble_gap.cc(2052)]  Waiting for scan response fd:32:0c:ad:56:d5
09-01 14:33:53.477 V/bt_stack( 8588): [VERBOSE1:btm_ble_gap.cc(1923)] btm_ble_process_ext_adv_pkt: bda=fd:32:0c:ad:56:d5
09-01 14:33:53.477 V/bt_stack( 8588): [VERBOSE1:btm_ble_gap.cc(1847)] btm_ble_process_adv_addr: bda=fd:32:0c:ad:56:d5
09-01 14:33:53.480 D/BluetoothUtils( 8588): blockedByLocationOff callingUid=1002
09-01 14:33:53.480 V/bt_stack( 8588): [VERBOSE1:btm_ble_gap.cc(1923)] btm_ble_process_ext_adv_pkt: bda=35:38:49:78:be:f0
09-01 14:33:53.480 V/bt_stack( 8588): [VERBOSE1:btm_ble_gap.cc(1847)] btm_ble_process_adv_addr: bda=35:38:49:78:be:f0
09-01 14:33:53.480 I/BluetoothUtils( 8588): packagename is android.uid.bluetooth:1002 ,and its permission is false
09-01 14:33:53.481 D/BluetoothUtils( 8588): blockedByLocationOff callingUid=1002
09-01 14:33:53.481 I/BluetoothUtils( 8588): packagename is android.uid.bluetooth:1002 ,and its permission is false
09-01 14:33:53.481 D/BluetoothUtils( 8588): blockedByLocationOff callingUid=1002
09-01 14:33:53.481 I/BluetoothUtils( 8588): packagename is android.uid.bluetooth:1002 ,and its permission is false
09-01 14:33:53.482 D/BluetoothUtils( 8588): blockedByLocationOff callingUid=1002
09-01 14:33:53.483 I/BluetoothUtils( 8588): packagename is android.uid.bluetooth:1002 ,and its permission is false
09-01 14:33:53.483 D/BluetoothUtils( 8588): blockedByLocationOff callingUid=1002
09-01 14:33:53.484 I/BluetoothUtils( 8588): packagename is android.uid.bluetooth:1002 ,and its permission is false
09-01 14:33:53.485 D/BluetoothUtils( 8588): blockedByLocationOff callingUid=1002
09-01 14:33:53.485 I/BluetoothUtils( 8588): packagename is android.uid.bluetooth:1002 ,and its permission is false
09-01 14:33:53.485 V/bt_stack( 8588): [VERBOSE1:btm_ble_gap.cc(1923)] btm_ble_process_ext_adv_pkt: bda=12:f7:c7:df:cb:b1
09-01 14:33:53.485 V/bt_stack( 8588): [VERBOSE1:btm_ble_gap.cc(1847)] btm_ble_process_adv_addr: bda=12:f7:c7:df:cb:b1
09-01 14:33:53.486 D/BluetoothUtils( 8588): blockedByLocationOff callingUid=1002
09-01 14:33:53.486 I/BluetoothUtils( 8588): packagename is android.uid.bluetooth:1002 ,and its permission is false
09-01 14:33:53.487 D/BluetoothUtils( 8588): blockedByLocationOff callingUid=1002
09-01 14:33:53.487 I/BluetoothUtils( 8588): packagename is android.uid.bluetooth:1002 ,and its permission is false
09-01 14:33:53.487 D/BluetoothUtils( 8588): blockedByLocationOff callingUid=1002
09-01 14:33:53.487 I/BluetoothUtils( 8588): packagename is android.uid.bluetooth:1002 ,and its permission is false
09-01 14:33:53.492 I/appium  (10741): AppiumResponse: {"sessionId":"a4d7b541-3cc2-4590-a0d7-423994c151e3","value":"iVBORw0KGgoAAAANSUhEUgAABDgAAAkkCAYAAAD508+vAAAAAXNSR0IArs4c6QAAAARzQklUCAgI\nCHwIZIgAACAASURBVHic7N15XFTl\/gfwzwwDKCCgLIKg4pJLLqmJa6amV9OrlQvuVraYS6VZaWqW\n23WrTFP06q1fZbkvmZmWS+JSprikormFuICyiezLwJzfHzPncM4sMDADOPh5v17knDNneQ7pzJzP\nf...
09-01 14:33:53.496 V/bt_stack( 8588): [VERBOSE1:btm_ble_gap.cc(1923)] btm_ble_process_ext_adv_pkt: bda=3b:30:35:17:9e:fe
09-01 14:33:53.496 V/bt_stack( 8588): [VERBOSE1:btm_ble_gap.cc(1847)] btm_ble_process_adv_addr: bda=3b:30:35:17:9e:fe
09-01 14:33:53.498 D/BluetoothUtils( 8588): blockedByLocationOff callingUid=1002
09-01 14:33:53.498 I/BluetoothUtils( 8588): packagename is android.uid.bluetooth:1002 ,and its permission is false
09-01 14:33:53.498 D/BluetoothUtils( 8588): blockedByLocationOff callingUid=1002
09-01 14:33:53.499 I/BluetoothUtils( 8588): packagename is android.uid.bluetooth:1002 ,and its permission is false
09-01 14:33:53.499 D/BluetoothUtils( 8588): blockedByLocationOff callingUid=1002
09-01 14:33:53.499 I/BluetoothUtils( 8588): packagename is android.uid.bluetooth:1002 ,and its permission is false
09-01 14:33:53.500 V/bt_stack( 8588): [VERBOSE1:btm_ble_gap.cc(1923)] btm_ble_process_ext_adv_pkt: bda=fe:e1:62:0f:0c:8e
09-01 14:33:53.500 V/bt_stack( 8588): [VERBOSE1:btm_ble_gap.cc(1847)] btm_ble_process_adv_addr: bda=fe:e1:62:0f:0c:8e
09-01 14:33:53.500 V/bt_stack( 8588): [VERBOSE1:btm_ble_gap.cc(2052)]  Waiting for scan response fe:e1:62:0f:0c:8e
09-01 14:33:53.500 V/bt_stack( 8588): [VERBOSE1:btm_ble_gap.cc(1923)] btm_ble_process_ext_adv_pkt: bda=17:7e:29:ab:4e:d0
09-01 14:33:53.500 V/bt_stack( 8588): [VERBOSE1:btm_ble_gap.cc(1847)] btm_ble_process_adv_addr: bda=17:7e:29:ab:4e:d0
09-01 14:33:53.501 D/BluetoothUtils( 8588): blockedByLocationOff callingUid=1002
09-01 14:33:53.501 I/BluetoothUtils( 8588): packagename is android.uid.bluetooth:1002 ,and its permission is false
09-01 14:33:53.502 D/BluetoothUtils( 8588): blockedByLocationOff callingUid=1002
09-01 14:33:53.502 I/BluetoothUtils( 8588): packagename is android.uid.bluetooth:1002 ,and its permission is false
09-01 14:33:53.502 D/BluetoothUtils( 8588): blockedByLocationOff callingUid=1002
09-01 14:33:53.502 I/BluetoothUtils( 8588): packagename is android.uid.bluetooth:1002 ,and its permission is false
09-01 14:33:53.505 V/bt_stack( 8588): [VERBOSE1:btm_ble_gap.cc(1923)] btm_ble_process_ext_adv_pkt: bda=01:f5:30:c0:9b:7a
09-01 14:33:53.505 V/bt_stack( 8588): [VERBOSE1:btm_ble_gap.cc(1847)] btm_ble_process_adv_addr: bda=01:f5:30:c0:9b:7a
09-01 14:33:53.506 D/BluetoothUtils( 8588): blockedByLocationOff callingUid=1002
09-01 14:33:53.507 I/BluetoothUtils( 8588): packagename is android.uid.bluetooth:1002 ,and its permission is false
09-01 14:33:53.507 D/BluetoothUtils( 8588): blockedByLocationOff callingUid=1002
09-01 14:33:53.507 I/BluetoothUtils( 8588): packagename is android.uid.bluetooth:1002 ,and its permission is false
09-01 14:33:53.507 D/BluetoothUtils( 8588): blockedByLocationOff callingUid=1002
09-01 14:33:53.508 I/BluetoothUtils( 8588): packagename is android.uid.bluetooth:1002 ,and its permission is false
09-01 14:33:53.537 V/bt_stack( 8588): [VERBOSE1:btm_ble_gap.cc(1923)] btm_ble_process_ext_adv_pkt: bda=6a:1a:31:28:a4:f8
09-01 14:33:53.537 V/bt_stack( 8588): [VERBOSE1:btm_ble_gap.cc(1847)] btm_ble_process_adv_addr: bda=6a:1a:31:28:a4:f8
09-01 14:33:53.540 D/BluetoothUtils( 8588): blockedByLocationOff callingUid=1002
09-01 14:33:53.541 I/BluetoothUtils( 8588): packagename is android.uid.bluetooth:1002 ,and its permission is false
09-01 14:33:53.541 D/BluetoothUtils( 8588): blockedByLocationOff callingUid=1002
09-01 14:33:53.542 I/BluetoothUtils( 8588): packagename is android.uid.bluetooth:1002 ,and its permission is false
09-01 14:33:53.542 D/BluetoothUtils( 8588): blockedByLocationOff callingUid=1002
09-01 14:33:53.542 I/BluetoothUtils( 8588): packagename is android.uid.bluetooth:1002 ,and its permission is false
09-01 14:33:53.543 V/bt_stack( 8588): [VERBOSE1:btm_ble_gap.cc(1923)] btm_ble_process_ext_adv_pkt: bda=35:30:8d:fa:af:e0
09-01 14:33:53.543 V/bt_stack( 8588): [VERBOSE1:btm_ble_gap.cc(1847)] btm_ble_process_adv_addr: bda=35:30:8d:fa:af:e0
09-01 14:33:53.545 D/BluetoothUtils( 8588): blockedByLocationOff callingUid=1002
09-01 14:33:53.546 I/BluetoothUtils( 8588): packagename is android.uid.bluetooth:1002 ,and its permission is false
09-01 14:33:53.546 D/BluetoothUtils( 8588): blockedByLocationOff callingUid=1002
09-01 14:33:53.546 I/BluetoothUtils( 8588): packagename is android.uid.bluetooth:1002 ,and its permission is false
09-01 14:33:53.546 D/BluetoothUtils( 8588): blockedByLocationOff callingUid=1002
09-01 14:33:53.547 I/BluetoothUtils( 8588): packagename is android.uid.bluetooth:1002 ,and its permission is false
09-01 14:33:53.551 V/bt_stack( 8588): [VERBOSE1:btm_ble_gap.cc(1923)] btm_ble_process_ext_adv_pkt: bda=6e:3b:40:73:ff:b3
09-01 14:33:53.552 V/bt_stack( 8588): [VERBOSE1:btm_ble_gap.cc(1847)] btm_ble_process_adv_addr: bda=6e:3b:40:73:ff:b3
09-01 14:33:53.552 V/bt_stack( 8588): [VERBOSE1:btm_ble_gap.cc(2052)]  Waiting for scan response 6e:3b:40:73:ff:b3
09-01 14:33:53.552 V/bt_stack( 8588): [VERBOSE1:btm_ble_gap.cc(1923)] btm_ble_process_ext_adv_pkt: bda=2a:1b:52:ac:62:5d
09-01 14:33:53.552 V/bt_stack( 8588): [VERBOSE1:btm_ble_gap.cc(1847)] btm_ble_process_adv_addr: bda=2a:1b:52:ac:62:5d
09-01 14:33:53.554 D/BluetoothUtils( 8588): blockedByLocationOff callingUid=1002
09-01 14:33:53.554 I/BluetoothUtils( 8588): packagename is android.uid.bluetooth:1002 ,and its permission is false
09-01 14:33:53.554 D/BluetoothUtils( 8588): blockedByLocationOff callingUid=1002
09-01 14:33:53.554 I/BluetoothUtils( 8588): packagename is android.uid.bluetooth:1002 ,and its permission is false
09-01 14:33:53.555 D/BluetoothUtils( 8588): blockedByLocationOff callingUid=1002
09-01 14:33:53.555 I/BluetoothUtils( 8588): packagename is android.uid.bluetooth:1002 ,and its permission is false
09-01 14:33:53.555 V/bt_stack( 8588): [VERBOSE1:btm_ble_gap.cc(1923)] btm_ble_process_ext_adv_pkt: bda=1c:91:72:ba:f7:2e
09-01 14:33:53.555 V/bt_stack( 8588): [VERBOSE1:btm_ble_gap.cc(1847)] btm_ble_process_adv_addr: bda=1c:91:72:ba:f7:2e
09-01 14:33:53.557 V/bt_stack( 8588): [VERBOSE1:btm_ble_gap.cc(1923)] btm_ble_process_ext_adv_pkt: bda=32:d2:03:03:d2:bd
09-01 14:33:53.557 D/BluetoothUtils( 8588): blockedByLocationOff callingUid=1002
09-01 14:33:53.557 V/bt_stack( 8588): [VERBOSE1:btm_ble_gap.cc(1847)] btm_ble_process_adv_addr: bda=32:d2:03:03:d2:bd
09-01 14:33:53.557 I/BluetoothUtils( 8588): packagename is android.uid.bluetooth:1002 ,and its permission is false
09-01 14:33:53.557 D/BluetoothUtils( 8588): blockedByLocationOff callingUid=1002
09-01 14:33:53.558 I/BluetoothUtils( 8588): packagename is android.uid.bluetooth:1002 ,and its permission is false
09-01 14:33:53.558 D/BluetoothUtils( 8588): blockedByLocationOff callingUid=1002
09-01 14:33:53.558 I/BluetoothUtils( 8588): packagename is android.uid.bluetooth:1002 ,and its permission is false
09-01 14:33:53.559 D/BluetoothUtils( 8588): blockedByLocationOff callingUid=1002
09-01 14:33:53.559 I/BluetoothUtils( 8588): packagename is android.uid.bluetooth:1002 ,and its permission is false
09-01 14:33:53.559 D/BluetoothUtils( 8588): blockedByLocationOff callingUid=1002
09-01 14:33:53.560 I/BluetoothUtils( 8588): packagename is android.uid.bluetooth:1002 ,and its permission is false
09-01 14:33:53.560 D/BluetoothUtils( 8588): blockedByLocationOff callingUid=1002
09-01 14:33:53.560 I/BluetoothUtils( 8588): packagename is android.uid.bluetooth:1002 ,and its permission is false
09-01 14:33:53.588 V/bt_stack( 8588): [VERBOSE1:btm_ble_gap.cc(1923)] btm_ble_process_ext_adv_pkt: bda=35:38:49:78:be:f0
09-01 14:33:53.588 V/bt_stack( 8588): [VERBOSE1:btm_ble_gap.cc(1847)] btm_ble_process_adv_addr: bda=35:38:49:78:be:f0
09-01 14:33:53.590 D/BluetoothUtils( 8588): blockedByLocationOff callingUid=1002
09-01 14:33:53.591 I/BluetoothUtils( 8588): packagename is android.uid.bluetooth:1002 ,and its permission is false
09-01 14:33:53.591 D/BluetoothUtils( 8588): blockedByLocationOff callingUid=1002
09-01 14:33:53.591 I/BluetoothUtils( 8588): packagename is android.uid.bluetooth:1002 ,and its permission is false
09-01 14:33:53.591 D/BluetoothUtils( 8588): blockedByLocationOff callingUid=1002
09-01 14:33:53.592 I/BluetoothUtils( 8588): packagename is android.uid.bluetooth:1002 ,and its permission is false
09-01 14:33:53.604 V/bt_stack( 8588): [VERBOSE1:btm_ble_gap.cc(1923)] btm_ble_process_ext_adv_pkt: bda=7b:37:7f:df:22:35
09-01 14:33:53.604 V/bt_stack( 8588): [VERBOSE1:btm_ble_gap.cc(1847)] btm_ble_process_adv_addr: bda=7b:37:7f:df:22:35
09-01 14:33:53.604 V/bt_stack( 8588): [VERBOSE1:btm_ble_gap.cc(2052)]  Waiting for scan response 7b:37:7f:df:22:35
09-01 14:33:53.605 V/bt_stack( 8588): [VERBOSE1:btm_ble_gap.cc(1923)] btm_ble_process_ext_adv_pkt: bda=56:e4:da:79:d5:88
09-01 14:33:53.605 V/bt_stack( 8588): [VERBOSE1:btm_ble_gap.cc(1847)] btm_ble_process_adv_addr: bda=56:e4:da:79:d5:88
09-01 14:33:53.605 V/bt_stack( 8588): [VERBOSE1:btm_ble_gap.cc(2052)]  Waiting for scan response 56:e4:da:79:d5:88
09-01 14:33:53.605 V/bt_stack( 8588): [VERBOSE1:btm_ble_gap.cc(1923)] btm_ble_process_ext_adv_pkt: bda=56:e4:da:79:d5:88
09-01 14:33:53.605 V/bt_stack( 8588): [VERBOSE1:btm_ble_gap.cc(1847)] btm_ble_process_adv_addr: bda=56:e4:da:79:d5:88
09-01 14:33:53.607 D/BluetoothUtils( 8588): blockedByLocationOff callingUid=1002
09-01 14:33:53.607 I/BluetoothUtils( 8588): packagename is android.uid.bluetooth:1002 ,and its permission is false
09-01 14:33:53.607 D/BluetoothUtils( 8588): blockedByLocationOff callingUid=1002
09-01 14:33:53.608 I/BluetoothUtils( 8588): packagename is android.uid.bluetooth:1002 ,and its permission is false
09-01 14:33:53.608 D/BluetoothUtils( 8588): blockedByLocationOff callingUid=1002
09-01 14:33:53.608 I/BluetoothUtils( 8588): packagename is android.uid.bluetooth:1002 ,and its permission is false
09-01 14:33:53.611 V/bt_stack( 8588): [VERBOSE1:btm_ble_gap.cc(1923)] btm_ble_process_ext_adv_pkt: bda=0b:95:8c:38:8d:43
09-01 14:33:53.611 V/bt_stack( 8588): [VERBOSE1:btm_ble_gap.cc(1847)] btm_ble_process_adv_addr: bda=0b:95:8c:38:8d:43
09-01 14:33:53.613 D/BluetoothUtils( 8588): blockedByLocationOff callingUid=1002
09-01 14:33:53.613 I/BluetoothUtils( 8588): packagename is android.uid.bluetooth:1002 ,and its permission is false
09-01 14:33:53.613 D/BluetoothUtils( 8588): blockedByLocationOff callingUid=1002
09-01 14:33:53.614 I/BluetoothUtils( 8588): packagename is android.uid.bluetooth:1002 ,and its permission is false
09-01 14:33:53.614 D/BluetoothUtils( 8588): blockedByLocationOff callingUid=1002
09-01 14:33:53.614 I/BluetoothUtils( 8588): packagename is android.uid.bluetooth:1002 ,and its permission is false
09-01 14:33:53.615 V/bt_stack( 8588): [VERBOSE1:btm_ble_gap.cc(1923)] btm_ble_process_ext_adv_pkt: bda=07:e4:7f:b4:5f:d9
09-01 14:33:53.615 V/bt_stack( 8588): [VERBOSE1:btm_ble_gap.cc(1847)] btm_ble_process_adv_addr: bda=07:e4:7f:b4:5f:d9
09-01 14:33:53.617 D/BluetoothUtils( 8588): blockedByLocationOff callingUid=1002
09-01 14:33:53.617 I/BluetoothUtils( 8588): packagename is android.uid.bluetooth:1002 ,and its permission is false
09-01 14:33:53.617 V/bt_stack( 8588): [VERBOSE1:btm_ble_gap.cc(1923)] btm_ble_process_ext_adv_pkt: bda=65:4b:eb:fb:21:09
09-01 14:33:53.617 V/bt_stack( 8588): [VERBOSE1:btm_ble_gap.cc(1847)] btm_ble_process_adv_addr: bda=65:4b:eb:fb:21:09
09-01 14:33:53.617 D/BluetoothUtils( 8588): blockedByLocationOff callingUid=1002
09-01 14:33:53.617 I/BluetoothUtils( 8588): packagename is android.uid.bluetooth:1002 ,and its permission is false
09-01 14:33:53.618 D/BluetoothUtils( 8588): blockedByLocationOff callingUid=1002
09-01 14:33:53.618 I/BluetoothUtils( 8588): packagename is android.uid.bluetooth:1002 ,and its permission is false
09-01 14:33:53.618 D/BluetoothUtils( 8588): blockedByLocationOff callingUid=1002
09-01 14:33:53.619 I/BluetoothUtils( 8588): packagename is android.uid.bluetooth:1002 ,and its permission is false
09-01 14:33:53.619 D/BluetoothUtils( 8588): blockedByLocationOff callingUid=1002
09-01 14:33:53.619 I/BluetoothUtils( 8588): packagename is android.uid.bluetooth:1002 ,and its permission is false
09-01 14:33:53.619 D/BluetoothUtils( 8588): blockedByLocationOff callingUid=1002
09-01 14:33:53.620 I/BluetoothUtils( 8588): packagename is android.uid.bluetooth:1002 ,and its permission is false
09-01 14:33:53.637 V/bt_stack( 8588): [VERBOSE1:btm_ble_gap.cc(1923)] btm_ble_process_ext_adv_pkt: bda=45:55:7e:66:6f:d0
09-01 14:33:53.637 V/bt_stack( 8588): [VERBOSE1:btm_ble_gap.cc(1847)] btm_ble_process_adv_addr: bda=45:55:7e:66:6f:d0
