09-01 14:39:42.047 I/BluetoothUtils( 8588): packagename is android.uid.bluetooth:1002 ,and its permission is false
09-01 14:39:42.047 D/BluetoothUtils( 8588): blockedByLocationOff callingUid=1002
09-01 14:39:42.047 I/BluetoothUtils( 8588): packagename is android.uid.bluetooth:1002 ,and its permission is false
09-01 14:39:42.047 D/BluetoothUtils( 8588): blockedByLocationOff callingUid=1002
09-01 14:39:42.048 I/BluetoothUtils( 8588): packagename is android.uid.bluetooth:1002 ,and its permission is false
09-01 14:39:42.056 I/appium  (12655): channel read invoked!
09-01 14:39:42.057 I/appium  (12655): channel read: POST /wd/hub/session/ed2e4256-ae90-4e89-899b-72ebf8d62d5f/element/7d298382-3d68-4828-9d21-3ffe8d142433/click
09-01 14:39:42.058 I/appium  (12655): Click element command
09-01 14:39:42.061 V/bt_stack( 8588): [VERBOSE1:btm_ble_gap.cc(1923)] btm_ble_process_ext_adv_pkt: bda=fd:32:0c:ad:56:d5
09-01 14:39:42.061 V/bt_stack( 8588): [VERBOSE1:btm_ble_gap.cc(1847)] btm_ble_process_adv_addr: bda=fd:32:0c:ad:56:d5
09-01 14:39:42.061 V/bt_stack( 8588): [VERBOSE1:btm_ble_gap.cc(2052)]  Waiting for scan response fd:32:0c:ad:56:d5
09-01 14:39:42.062 V/bt_stack( 8588): [VERBOSE1:btm_ble_gap.cc(1923)] btm_ble_process_ext_adv_pkt: bda=fd:32:0c:ad:56:d5
09-01 14:39:42.062 V/bt_stack( 8588): [VERBOSE1:btm_ble_gap.cc(1847)] btm_ble_process_adv_addr: bda=fd:32:0c:ad:56:d5
09-01 14:39:42.064 D/BluetoothUtils( 8588): blockedByLocationOff callingUid=1002
09-01 14:39:42.065 I/BluetoothUtils( 8588): packagename is android.uid.bluetooth:1002 ,and its permission is false
09-01 14:39:42.065 D/BluetoothUtils( 8588): blockedByLocationOff callingUid=1002
09-01 14:39:42.065 I/BluetoothUtils( 8588): packagename is android.uid.bluetooth:1002 ,and its permission is false
09-01 14:39:42.066 D/BluetoothUtils( 8588): blockedByLocationOff callingUid=1002
09-01 14:39:42.066 I/BluetoothUtils( 8588): packagename is android.uid.bluetooth:1002 ,and its permission is false
09-01 14:39:42.067 V/bt_stack( 8588): [VERBOSE1:btm_ble_gap.cc(1923)] btm_ble_process_ext_adv_pkt: bda=66:3e:07:e0:2b:d4
09-01 14:39:42.067 V/bt_stack( 8588): [VERBOSE1:btm_ble_gap.cc(1847)] btm_ble_process_adv_addr: bda=66:3e:07:e0:2b:d4
09-01 14:39:42.067 V/bt_stack( 8588): [VERBOSE1:btm_ble_gap.cc(2052)]  Waiting for scan response 66:3e:07:e0:2b:d4
09-01 14:39:42.067 V/bt_stack( 8588): [VERBOSE1:btm_ble_gap.cc(1923)] btm_ble_process_ext_adv_pkt: bda=66:3e:07:e0:2b:d4
09-01 14:39:42.067 V/bt_stack( 8588): [VERBOSE1:btm_ble_gap.cc(1847)] btm_ble_process_adv_addr: bda=66:3e:07:e0:2b:d4
09-01 14:39:42.068 D/BluetoothUtils( 8588): blockedByLocationOff callingUid=1002
09-01 14:39:42.069 I/BluetoothUtils( 8588): packagename is android.uid.bluetooth:1002 ,and its permission is false
09-01 14:39:42.069 D/BluetoothUtils( 8588): blockedByLocationOff callingUid=1002
09-01 14:39:42.069 I/BluetoothUtils( 8588): packagename is android.uid.bluetooth:1002 ,and its permission is false
09-01 14:39:42.069 D/BluetoothUtils( 8588): blockedByLocationOff callingUid=1002
09-01 14:39:42.069 V/bt_stack( 8588): [VERBOSE1:btm_ble_gap.cc(1923)] btm_ble_process_ext_adv_pkt: bda=2c:09:3e:94:80:f3
09-01 14:39:42.069 I/BluetoothUtils( 8588): packagename is android.uid.bluetooth:1002 ,and its permission is false
09-01 14:39:42.069 V/bt_stack( 8588): [VERBOSE1:btm_ble_gap.cc(1847)] btm_ble_process_adv_addr: bda=2c:09:3e:94:80:f3
09-01 14:39:42.071 D/BluetoothUtils( 8588): blockedByLocationOff callingUid=1002
09-01 14:39:42.071 I/BluetoothUtils( 8588): packagename is android.uid.bluetooth:1002 ,and its permission is false
09-01 14:39:42.071 D/BluetoothUtils( 8588): blockedByLocationOff callingUid=1002
09-01 14:39:42.072 I/BluetoothUtils( 8588): packagename is android.uid.bluetooth:1002 ,and its permission is false
09-01 14:39:42.072 D/BluetoothUtils( 8588): blockedByLocationOff callingUid=1002
09-01 14:39:42.072 I/BluetoothUtils( 8588): packagename is android.uid.bluetooth:1002 ,and its permission is false
09-01 14:39:42.082 D/ActivityTrigger( 1639): ActivityTrigger activityPauseTrigger 
09-01 14:39:42.088 V/bt_stack( 8588): [VERBOSE1:btm_ble_gap.cc(1923)] btm_ble_process_ext_adv_pkt: bda=44:73:b6:51:63:17
09-01 14:39:42.088 V/bt_stack( 8588): [VERBOSE1:btm_ble_gap.cc(1847)] btm_ble_process_adv_addr: bda=44:73:b6:51:63:17
09-01 14:39:42.088 V/bt_stack( 8588): [VERBOSE1:btm_ble_gap.cc(2052)]  Waiting for scan response 44:73:b6:51:63:17
09-01 14:39:42.088 V/bt_stack( 8588): [VERBOSE1:btm_ble_gap.cc(1923)] btm_ble_process_ext_adv_pkt: bda=03:d8:93:20:a7:46
09-01 14:39:42.088 V/bt_stack( 8588): [VERBOSE1:btm_ble_gap.cc(1847)] btm_ble_process_adv_addr: bda=03:d8:93:20:a7:46
09-01 14:39:42.090 D/WindowManager( 1639): Input focus has changed to null
09-01 14:39:42.091 I/appium  (12655): Waiting up to 10000ms for device to be idle
09-01 14:39:42.092 I/Timeline( 1639): Timeline: App_transition_ready time:211948109
09-01 14:39:42.092 I/appium  (12655): AppiumResponse: {"sessionId":"ed2e4256-ae90-4e89-899b-72ebf8d62d5f","value":null}
09-01 14:39:42.094 D/BluetoothUtils( 8588): blockedByLocationOff callingUid=1002
09-01 14:39:42.094 I/BluetoothUtils( 8588): packagename is android.uid.bluetooth:1002 ,and its permission is false
09-01 14:39:42.094 D/BluetoothUtils( 8588): blockedByLocationOff callingUid=1002
09-01 14:39:42.094 I/BluetoothUtils( 8588): packagename is android.uid.bluetooth:1002 ,and its permission is false
09-01 14:39:42.095 D/BluetoothUtils( 8588): blockedByLocationOff callingUid=1002
09-01 14:39:42.095 I/BluetoothUtils( 8588): packagename is android.uid.bluetooth:1002 ,and its permission is false
09-01 14:39:42.110 D/Event   (12702): No subscribers registered for event class com.xiaomi.hm.health.O0000o00.O000OOo0
09-01 14:39:42.110 D/Event   (12702): No subscribers registered for event class O00000Oo.O000000o.O000000o.O0000Oo0
09-01 14:39:42.110 V/bt_stack( 8588): [VERBOSE1:btm_ble_gap.cc(1923)] btm_ble_process_ext_adv_pkt: bda=45:55:7e:66:6f:d0
09-01 14:39:42.110 V/bt_stack( 8588): [VERBOSE1:btm_ble_gap.cc(1847)] btm_ble_process_adv_addr: bda=45:55:7e:66:6f:d0
09-01 14:39:42.110 V/bt_stack( 8588): [VERBOSE1:btm_ble_gap.cc(2052)]  Waiting for scan response 45:55:7e:66:6f:d0
09-01 14:39:42.110 V/bt_stack( 8588): [VERBOSE1:btm_ble_gap.cc(1923)] btm_ble_process_ext_adv_pkt: bda=17:7e:29:ab:4e:d0
09-01 14:39:42.110 V/bt_stack( 8588): [VERBOSE1:btm_ble_gap.cc(1847)] btm_ble_process_adv_addr: bda=17:7e:29:ab:4e:d0
09-01 14:39:42.111 D/BluetoothUtils( 8588): blockedByLocationOff callingUid=1002
09-01 14:39:42.112 I/BluetoothUtils( 8588): packagename is android.uid.bluetooth:1002 ,and its permission is false
09-01 14:39:42.112 D/BluetoothUtils( 8588): blockedByLocationOff callingUid=1002
09-01 14:39:42.112 I/BluetoothUtils( 8588): packagename is android.uid.bluetooth:1002 ,and its permission is false
09-01 14:39:42.113 D/BluetoothUtils( 8588): blockedByLocationOff callingUid=1002
09-01 14:39:42.113 I/BluetoothUtils( 8588): packagename is android.uid.bluetooth:1002 ,and its permission is false
09-01 14:39:42.114 V/bt_stack( 8588): [VERBOSE1:btm_ble_gap.cc(1923)] btm_ble_process_ext_adv_pkt: bda=35:38:49:78:be:f0
09-01 14:39:42.114 V/bt_stack( 8588): [VERBOSE1:btm_ble_gap.cc(1847)] btm_ble_process_adv_addr: bda=35:38:49:78:be:f0
09-01 14:39:42.115 D/BluetoothUtils( 8588): blockedByLocationOff callingUid=1002
09-01 14:39:42.115 I/appium  (12655): channel read invoked!
09-01 14:39:42.115 I/BluetoothUtils( 8588): packagename is android.uid.bluetooth:1002 ,and its permission is false
09-01 14:39:42.115 I/appium  (12655): channel read: POST /wd/hub/session/ed2e4256-ae90-4e89-899b-72ebf8d62d5f/element
09-01 14:39:42.115 D/BluetoothUtils( 8588): blockedByLocationOff callingUid=1002
09-01 14:39:42.116 I/BluetoothUtils( 8588): packagename is android.uid.bluetooth:1002 ,and its permission is false
09-01 14:39:42.116 D/BluetoothUtils( 8588): blockedByLocationOff callingUid=1002
09-01 14:39:42.116 I/BluetoothUtils( 8588): packagename is android.uid.bluetooth:1002 ,and its permission is false
09-01 14:39:42.116 W/AsyncHttpResponse(12702): Current thread has not called Looper.prepare().Forcing synchronous mode
09-01 14:39:42.117 I/appium  (12655): Find element command using '-android uiautomator' with selector 'new UiSelector().text("")'.
09-01 14:39:42.118 I/appium  (12655): Waiting up to 10000ms for device to be idle
09-01 14:39:42.121 V/bt_stack( 8588): [VERBOSE1:btm_ble_gap.cc(1923)] btm_ble_process_ext_adv_pkt: bda=63:53:07:fa:3c:f1
09-01 14:39:42.122 V/bt_stack( 8588): [VERBOSE1:btm_ble_gap.cc(1847)] btm_ble_process_adv_addr: bda=63:53:07:fa:3c:f1
09-01 14:39:42.122 W/AsyncHttpResponse(12702): Current thread has not called Looper.prepare().Forcing synchronous mode
09-01 14:39:42.122 D/BluetoothUtils( 8588): blockedByLocationOff callingUid=1002
09-01 14:39:42.123 I/BluetoothUtils( 8588): packagename is android.uid.bluetooth:1002 ,and its permission is false
09-01 14:39:42.123 D/BluetoothUtils( 8588): blockedByLocationOff callingUid=1002
09-01 14:39:42.124 I/BluetoothUtils( 8588): packagename is android.uid.bluetooth:1002 ,and its permission is false
09-01 14:39:42.124 D/BluetoothUtils( 8588): blockedByLocationOff callingUid=1002
09-01 14:39:42.124 I/BluetoothUtils( 8588): packagename is android.uid.bluetooth:1002 ,and its permission is false
09-01 14:39:42.126 D/RecentsImpl( 7676): mActivityStateObserver com.xiaomi.hm.health.activity.MainTabActivity
09-01 14:39:42.127 V/bt_stack( 8588): [VERBOSE1:btm_ble_gap.cc(1923)] btm_ble_process_ext_adv_pkt: bda=06:fa:50:9b:39:c0
09-01 14:39:42.127 V/bt_stack( 8588): [VERBOSE1:btm_ble_gap.cc(1847)] btm_ble_process_adv_addr: bda=06:fa:50:9b:39:c0
09-01 14:39:42.128 D/BluetoothUtils( 8588): blockedByLocationOff callingUid=1002
09-01 14:39:42.128 I/BluetoothUtils( 8588): packagename is android.uid.bluetooth:1002 ,and its permission is false
09-01 14:39:42.128 D/BluetoothUtils( 8588): blockedByLocationOff callingUid=1002
09-01 14:39:42.128 I/BluetoothUtils( 8588): packagename is android.uid.bluetooth:1002 ,and its permission is false
09-01 14:39:42.129 D/BluetoothUtils( 8588): blockedByLocationOff callingUid=1002
09-01 14:39:42.129 I/BluetoothUtils( 8588): packagename is android.uid.bluetooth:1002 ,and its permission is false
09-01 14:39:42.131 I/Timeline( 1639): Timeline: App_transition_ready time:211948148
09-01 14:39:42.131 D/WindowManager( 1639): Input focus has changed to Window{6a83e2b u0 com.xiaomi.hm.health/com.xiaomi.hm.health.activity.MainTabActivity}
09-01 14:39:42.148 D/[Koin]  (12702): +- get 'com.huami.femalehealth.uilib.O00000o0.O0000Oo'
09-01 14:39:42.148 D/[Koin]  (12702): | create instance for [type:Factory,primary_type:'com.huami.femalehealth.uilib.O00000o0.O0000Oo']
09-01 14:39:42.148 D/[Koin]  (12702): +- get 'com.huami.femalehealth.logiclib.O00000oO.O00oOooO'
09-01 14:39:42.148 D/[Koin]  (12702): +- got 'com.huami.femalehealth.logiclib.O00000oO.O00oOooO' in 0.027969 ms
09-01 14:39:42.148 D/[Koin]  (12702): +- get 'com.huami.femalehealth.logiclib.O0000O0o.O00000o'
09-01 14:39:42.149 D/[Koin]  (12702): | create instance for [type:Factory,primary_type:'com.huami.femalehealth.logiclib.O0000O0o.O00000o']
09-01 14:39:42.149 D/[Koin]  (12702): +- get 'com.huami.femalehealth.logiclib.O00000oO.O0000O0o'
09-01 14:39:42.149 D/[Koin]  (12702): +- got 'com.huami.femalehealth.logiclib.O00000oO.O0000O0o' in 0.007656 ms
09-01 14:39:42.149 D/[Koin]  (12702): +- get 'com.huami.femalehealth.logiclib.O000000o.O00000Oo'
09-01 14:39:42.149 D/[Koin]  (12702): +- got 'com.huami.femalehealth.logiclib.O000000o.O00000Oo' in 0.006146 ms
09-01 14:39:42.149 D/[Koin]  (12702): +- get 'com.huami.femalehealth.logiclib.db.FemaleHealthDb'
09-01 14:39:42.149 D/[Koin]  (12702): +- got 'com.huami.femalehealth.logiclib.db.FemaleHealthDb' in 0.005782 ms
09-01 14:39:42.149 D/[Koin]  (12702): +- get 'com.huami.femalehealth.logiclib.O00000Oo.O00000o'
09-01 14:39:42.149 D/[Koin]  (12702): | create instance for [type:Factory,primary_type:'com.huami.femalehealth.logiclib.O00000Oo.O00000o']
09-01 14:39:42.149 D/[Koin]  (12702): +- get 'com.huami.femalehealth.logiclib.O00000oO.O0000O0o'
09-01 14:39:42.149 D/[Koin]  (12702): +- got 'com.huami.femalehealth.logiclib.O00000oO.O0000O0o' in 0.006563 ms
09-01 14:39:42.149 D/[Koin]  (12702): +- get 'com.huami.femalehealth.logiclib.O000000o.O00000Oo'
09-01 14:39:42.149 D/[Koin]  (12702): +- got 'com.huami.femalehealth.logiclib.O000000o.O00000Oo' in 0.005573 ms
09-01 14:39:42.149 D/[Koin]  (12702): +- get 'com.huami.femalehealth.logiclib.db.FemaleHealthDb'
09-01 14:39:42.149 D/[Koin]  (12702): +- got 'com.huami.femalehealth.logiclib.db.FemaleHealthDb' in 0.006145 ms
09-01 14:39:42.149 D/[Koin]  (12702): +- get 'com.huami.femalehealth.logiclib.O00000Oo.O00000Oo'
09-01 14:39:42.149 D/[Koin]  (12702): +- got 'com.huami.femalehealth.logiclib.O00000Oo.O00000Oo' in 0.010834 ms
09-01 14:39:42.149 D/[Koin]  (12702): +- get 'com.huami.femalehealth.logiclib.O00000oO.O00oOooO'
09-01 14:39:42.149 D/[Koin]  (12702): +- got 'com.huami.femalehealth.logiclib.O00000oO.O00oOooO' in 0.005937 ms
09-01 14:39:42.149 D/[Koin]  (12702): +- got 'com.huami.femalehealth.logiclib.O00000Oo.O00000o' in 0.276459 ms
09-01 14:39:42.149 D/[Koin]  (12702): +- get 'com.huami.femalehealth.logiclib.O00000Oo.O00000o0'
09-01 14:39:42.149 D/[Koin]  (12702): | create instance for [type:Factory,primary_type:'com.huami.femalehealth.logiclib.O00000Oo.O00000o0']
09-01 14:39:42.149 D/[Koin]  (12702): +- got 'com.huami.femalehealth.logiclib.O00000Oo.O00000o0' in 0.045729 ms
09-01 14:39:42.149 D/[Koin]  (12702): +- got 'com.huami.femalehealth.logiclib.O0000O0o.O00000o' in 0.639322 ms
09-01 14:39:42.149 D/[Koin]  (12702): +- got 'com.huami.femalehealth.uilib.O00000o0.O0000Oo' in 1.139219 ms
09-01 14:39:42.151 V/bt_stack( 8588): [VERBOSE1:btm_ble_gap.cc(1923)] btm_ble_process_ext_adv_pkt: bda=05:18:f1:4b:2c:d4
09-01 14:39:42.151 V/bt_stack( 8588): [VERBOSE1:btm_ble_gap.cc(1847)] btm_ble_process_adv_addr: bda=05:18:f1:4b:2c:d4
09-01 14:39:42.151 I/Timeline( 1639): Timeline: App_transition_ready time:211948168
09-01 14:39:42.152 D/BluetoothUtils( 8588): blockedByLocationOff callingUid=1002
09-01 14:39:42.154 I/BluetoothUtils( 8588): packagename is android.uid.bluetooth:1002 ,and its permission is false
09-01 14:39:42.154 D/BluetoothUtils( 8588): blockedByLocationOff callingUid=1002
09-01 14:39:42.154 I/BluetoothUtils( 8588): packagename is android.uid.bluetooth:1002 ,and its permission is false
09-01 14:39:42.155 D/BluetoothUtils( 8588): blockedByLocationOff callingUid=1002
09-01 14:39:42.156 I/BluetoothUtils( 8588): packagename is android.uid.bluetooth:1002 ,and its permission is false
09-01 14:39:42.162 V/AsyncHttpResponse(12702): Progress 117 from 117 (100%)
09-01 14:39:42.164 V/AsyncHttpResponse(12702): Progress 315 from 315 (100%)
09-01 14:39:42.164 V/bt_stack( 8588): [VERBOSE1:btm_ble_gap.cc(1923)] btm_ble_process_ext_adv_pkt: bda=59:5f:ac:32:e1:b7
09-01 14:39:42.164 V/bt_stack( 8588): [VERBOSE1:btm_ble_gap.cc(1847)] btm_ble_process_adv_addr: bda=59:5f:ac:32:e1:b7
09-01 14:39:42.164 V/bt_stack( 8588): [VERBOSE1:btm_ble_gap.cc(2052)]  Waiting for scan response 59:5f:ac:32:e1:b7
09-01 14:39:42.164 V/bt_stack( 8588): [VERBOSE1:btm_ble_gap.cc(1923)] btm_ble_process_ext_adv_pkt: bda=59:5f:ac:32:e1:b7
09-01 14:39:42.164 V/bt_stack( 8588): [VERBOSE1:btm_ble_gap.cc(1847)] btm_ble_process_adv_addr: bda=59:5f:ac:32:e1:b7
09-01 14:39:42.165 D/BluetoothUtils( 8588): blockedByLocationOff callingUid=1002
09-01 14:39:42.168 I/BluetoothUtils( 8588): packagename is android.uid.bluetooth:1002 ,and its permission is false
09-01 14:39:42.169 D/BluetoothUtils( 8588): blockedByLocationOff callingUid=1002
09-01 14:39:42.169 I/BluetoothUtils( 8588): packagename is android.uid.bluetooth:1002 ,and its permission is false
09-01 14:39:42.169 D/BluetoothUtils( 8588): blockedByLocationOff callingUid=1002
09-01 14:39:42.169 I/BluetoothUtils( 8588): packagename is android.uid.bluetooth:1002 ,and its permission is false
09-01 14:39:42.196 V/bt_stack( 8588): [VERBOSE1:btm_ble_gap.cc(1923)] btm_ble_process_ext_adv_pkt: bda=78:e7:79:bd:c0:21
09-01 14:39:42.196 V/bt_stack( 8588): [VERBOSE1:btm_ble_gap.cc(1847)] btm_ble_process_adv_addr: bda=78:e7:79:bd:c0:21
09-01 14:39:42.196 V/bt_stack( 8588): [VERBOSE1:btm_ble_gap.cc(2052)]  Waiting for scan response 78:e7:79:bd:c0:21
09-01 14:39:42.196 V/bt_stack( 8588): [VERBOSE1:btm_ble_gap.cc(1923)] btm_ble_process_ext_adv_pkt: bda=05:d9:72:f7:0f:69
09-01 14:39:42.196 V/bt_stack( 8588): [VERBOSE1:btm_ble_gap.cc(1847)] btm_ble_process_adv_addr: bda=05:d9:72:f7:0f:69
09-01 14:39:42.197 D/BluetoothUtils( 8588): blockedByLocationOff callingUid=1002
09-01 14:39:42.197 I/BluetoothUtils( 8588): packagename is android.uid.bluetooth:1002 ,and its permission is false
09-01 14:39:42.197 D/BluetoothUtils( 8588): blockedByLocationOff callingUid=1002
09-01 14:39:42.197 I/BluetoothUtils( 8588): packagename is android.uid.bluetooth:1002 ,and its permission is false
09-01 14:39:42.197 D/BluetoothUtils( 8588): blockedByLocationOff callingUid=1002
09-01 14:39:42.197 I/BluetoothUtils( 8588): packagename is android.uid.bluetooth:1002 ,and its permission is false
09-01 14:39:42.199 W/RecentsModel( 7676): onTaskStackChangedBackground: start loading
09-01 14:39:42.200 W/RecentsModel( 7676): getTaskInfoIgnoreHomeAndSplit   taskInfo=ComponentInfo{com.xiaomi.hm.health/com.xiaomi.hm.health.activity.MainTabActivity}
09-01 14:39:42.201 W/RecentsModel( 7676): getTaskInfoIgnoreHomeAndFreeform   taskInfo=ComponentInfo{com.xiaomi.hm.health/com.xiaomi.hm.health.activity.MainTabActivity}
09-01 14:39:42.201 W/RecentsModel( 7676): getTaskInfoIgnoreFreeform   taskInfo=ComponentInfo{com.xiaomi.hm.health/com.xiaomi.hm.health.activity.MainTabActivity}
09-01 14:39:42.201 W/RecentsModel( 7676): onTaskStackChangedBackground: finishLoading loading
09-01 14:39:42.216 V/bt_stack( 8588): [VERBOSE1:btm_ble_gap.cc(1923)] btm_ble_process_ext_adv_pkt: bda=35:38:49:78:be:f0
09-01 14:39:42.216 V/bt_stack( 8588): [VERBOSE1:btm_ble_gap.cc(1847)] btm_ble_process_adv_addr: bda=35:38:49:78:be:f0
09-01 14:39:42.217 D/BluetoothUtils( 8588): blockedByLocationOff callingUid=1002
09-01 14:39:42.217 I/BluetoothUtils( 8588): packagename is android.uid.bluetooth:1002 ,and its permission is false
09-01 14:39:42.217 D/BluetoothUtils( 8588): blockedByLocationOff callingUid=1002
09-01 14:39:42.217 I/BluetoothUtils( 8588): packagename is android.uid.bluetooth:1002 ,and its permission is false
09-01 14:39:42.217 D/BluetoothUtils( 8588): blockedByLocationOff callingUid=1002
09-01 14:39:42.217 I/BluetoothUtils( 8588): packagename is android.uid.bluetooth:1002 ,and its permission is false
09-01 14:39:42.220 V/bt_stack( 8588): [VERBOSE1:btm_ble_gap.cc(1923)] btm_ble_process_ext_adv_pkt: bda=30:31:51:23:9b:e3
09-01 14:39:42.220 V/bt_stack( 8588): [VERBOSE1:btm_ble_gap.cc(1847)] btm_ble_process_adv_addr: bda=30:31:51:23:9b:e3
09-01 14:39:42.220 D/BluetoothUtils( 8588): blockedByLocationOff callingUid=1002
09-01 14:39:42.221 I/BluetoothUtils( 8588): packagename is android.uid.bluetooth:1002 ,and its permission is false
09-01 14:39:42.221 D/BluetoothUtils( 8588): blockedByLocationOff callingUid=1002
09-01 14:39:42.221 I/BluetoothUtils( 8588): packagename is android.uid.bluetooth:1002 ,and its permission is false
09-01 14:39:42.221 D/BluetoothUtils( 8588): blockedByLocationOff callingUid=1002
09-01 14:39:42.221 I/BluetoothUtils( 8588): packagename is android.uid.bluetooth:1002 ,and its permission is false
09-01 14:39:42.226 V/bt_stack( 8588): [VERBOSE1:btm_ble_gap.cc(1923)] btm_ble_process_ext_adv_pkt: bda=63:53:07:fa:3c:f1
09-01 14:39:42.226 V/bt_stack( 8588): [VERBOSE1:btm_ble_gap.cc(1847)] btm_ble_process_adv_addr: bda=63:53:07:fa:3c:f1
09-01 14:39:42.227 D/BluetoothUtils( 8588): blockedByLocationOff callingUid=1002
09-01 14:39:42.227 I/BluetoothUtils( 8588): packagename is android.uid.bluetooth:1002 ,and its permission is false
09-01 14:39:42.227 D/BluetoothUtils( 8588): blockedByLocationOff callingUid=1002
09-01 14:39:42.228 I/BluetoothUtils( 8588): packagename is android.uid.bluetooth:1002 ,and its permission is false
09-01 14:39:42.228 D/BluetoothUtils( 8588): blockedByLocationOff callingUid=1002
09-01 14:39:42.228 I/BluetoothUtils( 8588): packagename is android.uid.bluetooth:1002 ,and its permission is false
09-01 14:39:42.240 D/[Koin]  (12702): +- get 'com.huami.femalehealth.uilib.O00000o0.O0000Oo'
09-01 14:39:42.240 D/[Koin]  (12702): | create instance for [type:Factory,primary_type:'com.huami.femalehealth.uilib.O00000o0.O0000Oo']
09-01 14:39:42.240 D/[Koin]  (12702): +- get 'com.huami.femalehealth.logiclib.O00000oO.O00oOooO'
09-01 14:39:42.240 D/[Koin]  (12702): +- got 'com.huami.femalehealth.logiclib.O00000oO.O00oOooO' in 0.016458 ms
09-01 14:39:42.240 D/[Koin]  (12702): +- get 'com.huami.femalehealth.logiclib.O0000O0o.O00000o'
09-01 14:39:42.240 D/[Koin]  (12702): | create instance for [type:Factory,primary_type:'com.huami.femalehealth.logiclib.O0000O0o.O00000o']
09-01 14:39:42.240 D/[Koin]  (12702): +- get 'com.huami.femalehealth.logiclib.O00000oO.O0000O0o'
09-01 14:39:42.240 D/[Koin]  (12702): +- got 'com.huami.femalehealth.logiclib.O00000oO.O0000O0o' in 0.010989 ms
09-01 14:39:42.240 D/[Koin]  (12702): +- get 'com.huami.femalehealth.logiclib.O000000o.O00000Oo'
09-01 14:39:42.240 D/[Koin]  (12702): +- got 'com.huami.femalehealth.logiclib.O000000o.O00000Oo' in 0.005208 ms
09-01 14:39:42.240 D/[Koin]  (12702): +- get 'com.huami.femalehealth.logiclib.db.FemaleHealthDb'
09-01 14:39:42.240 D/[Koin]  (12702): +- got 'com.huami.femalehealth.logiclib.db.FemaleHealthDb' in 0.005625 ms
09-01 14:39:42.240 D/[Koin]  (12702): +- get 'com.huami.femalehealth.logiclib.O00000Oo.O00000o'
09-01 14:39:42.240 D/[Koin]  (12702): | create instance for [type:Factory,primary_type:'com.huami.femalehealth.logiclib.O00000Oo.O00000o']
09-01 14:39:42.240 D/[Koin]  (12702): +- get 'com.huami.femalehealth.logiclib.O00000oO.O0000O0o'
09-01 14:39:42.240 D/[Koin]  (12702): +- got 'com.huami.femalehealth.logiclib.O00000oO.O0000O0o' in 0.005989 ms
09-01 14:39:42.240 D/[Koin]  (12702): +- get 'com.huami.femalehealth.logiclib.O000000o.O00000Oo'
09-01 14:39:42.240 D/[Koin]  (12702): +- got 'com.huami.femalehealth.logiclib.O000000o.O00000Oo' in 0.004219 ms
09-01 14:39:42.240 D/[Koin]  (12702): +- get 'com.huami.femalehealth.logiclib.db.FemaleHealthDb'
09-01 14:39:42.240 D/[Koin]  (12702): +- got 'com.huami.femalehealth.logiclib.db.FemaleHealthDb' in 0.004219 ms
09-01 14:39:42.240 D/[Koin]  (12702): +- get 'com.huami.femalehealth.logiclib.O00000Oo.O00000Oo'
09-01 14:39:42.240 D/[Koin]  (12702): +- got 'com.huami.femalehealth.logiclib.O00000Oo.O00000Oo' in 0.010156 ms
09-01 14:39:42.240 D/[Koin]  (12702): +- get 'com.huami.femalehealth.logiclib.O00000oO.O00oOooO'
09-01 14:39:42.240 D/[Koin]  (12702): +- got 'com.huami.femalehealth.logiclib.O00000oO.O00oOooO' in 0.003906 ms
09-01 14:39:42.241 D/[Koin]  (12702): +- got 'com.huami.femalehealth.logiclib.O00000Oo.O00000o' in 0.209479 ms
09-01 14:39:42.241 D/[Koin]  (12702): +- get 'com.huami.femalehealth.logiclib.O00000Oo.O00000o0'
09-01 14:39:42.241 D/[Koin]  (12702): | create instance for [type:Factory,primary_type:'com.huami.femalehealth.logiclib.O00000Oo.O00000o0']
09-01 14:39:42.241 V/bt_stack( 8588): [VERBOSE1:btm_ble_gap.cc(1923)] btm_ble_process_ext_adv_pkt: bda=3c:22:fb:6a:ee:2c
09-01 14:39:42.241 D/[Koin]  (12702): +- got 'com.huami.femalehealth.logiclib.O00000Oo.O00000o0' in 0.120729 ms
09-01 14:39:42.241 V/bt_stack( 8588): [VERBOSE1:btm_ble_gap.cc(1847)] btm_ble_process_adv_addr: bda=3c:22:fb:6a:ee:2c
09-01 14:39:42.241 D/[Koin]  (12702): +- got 'com.huami.femalehealth.logiclib.O0000O0o.O00000o' in 0.611146 ms
09-01 14:39:42.241 V/bt_stack( 8588): [VERBOSE1:btm_ble_gap.cc(2052)]  Waiting for scan response 3c:22:fb:6a:ee:2c
09-01 14:39:42.241 D/[Koin]  (12702): +- got 'com.huami.femalehealth.uilib.O00000o0.O0000Oo' in 1.02448 ms
09-01 14:39:42.242 I/SplashScreenServiceDelegate( 1639): None for com.xiaomi.hm.health
09-01 14:39:42.247 V/bt_stack( 8588): [VERBOSE1:btm_ble_gap.cc(1923)] btm_ble_process_ext_adv_pkt: bda=76:43:75:32:34:8f
09-01 14:39:42.247 V/bt_stack( 8588): [VERBOSE1:btm_ble_gap.cc(1847)] btm_ble_process_adv_addr: bda=76:43:75:32:34:8f
09-01 14:39:42.247 V/bt_stack( 8588): [VERBOSE1:btm_ble_gap.cc(2052)]  Waiting for scan response 76:43:75:32:34:8f
09-01 14:39:42.247 V/bt_stack( 8588): [VERBOSE1:btm_ble_gap.cc(1923)] btm_ble_process_ext_adv_pkt: bda=0e:10:bb:c2:00:89
09-01 14:39:42.247 V/bt_stack( 8588): [VERBOSE1:btm_ble_gap.cc(1847)] btm_ble_process_adv_addr: bda=0e:10:bb:c2:00:89
09-01 14:39:42.248 D/BluetoothUtils( 8588): blockedByLocationOff callingUid=1002
09-01 14:39:42.248 I/BluetoothUtils( 8588): packagename is android.uid.bluetooth:1002 ,and its permission is false
09-01 14:39:42.248 D/BluetoothUtils( 8588): blockedByLocationOff callingUid=1002
09-01 14:39:42.248 I/BluetoothUtils( 8588): packagename is android.uid.bluetooth:1002 ,and its permission is false
09-01 14:39:42.248 D/BluetoothUtils( 8588): blockedByLocationOff callingUid=1002
09-01 14:39:42.249 I/BluetoothUtils( 8588): packagename is android.uid.bluetooth:1002 ,and its permission is false
09-01 14:39:42.251 I/MiuiNetworkPolicy( 1639): bandwidth: 0 KB/s, Max bandwidth: 3727 KB/s
09-01 14:39:42.252 V/bt_stack( 8588): [VERBOSE1:btm_ble_gap.cc(1923)] btm_ble_process_ext_adv_pkt: bda=44:73:b6:51:63:17
09-01 14:39:42.252 V/bt_stack( 8588): [VERBOSE1:btm_ble_gap.cc(1847)] btm_ble_process_adv_addr: bda=44:73:b6:51:63:17
09-01 14:39:42.252 V/bt_stack( 8588): [VERBOSE1:btm_ble_gap.cc(2052)]  Waiting for scan response 44:73:b6:51:63:17
09-01 14:39:42.253 V/bt_stack( 8588): [VERBOSE1:btm_ble_gap.cc(1923)] btm_ble_process_ext_adv_pkt: bda=66:3e:07:e0:2b:d4
09-01 14:39:42.253 V/bt_stack( 8588): [VERBOSE1:btm_ble_gap.cc(1847)] btm_ble_process_adv_addr: bda=66:3e:07:e0:2b:d4
09-01 14:39:42.253 V/bt_stack( 8588): [VERBOSE1:btm_ble_gap.cc(2052)]  Waiting for scan response 66:3e:07:e0:2b:d4
09-01 14:39:42.253 V/bt_stack( 8588): [VERBOSE1:btm_ble_gap.cc(1923)] btm_ble_process_ext_adv_pkt: bda=66:3e:07:e0:2b:d4
09-01 14:39:42.253 V/bt_stack( 8588): [VERBOSE1:btm_ble_gap.cc(1847)] btm_ble_process_adv_addr: bda=66:3e:07:e0:2b:d4
09-01 14:39:42.254 D/BluetoothUtils( 8588): blockedByLocationOff callingUid=1002
09-01 14:39:42.254 I/BluetoothUtils( 8588): packagename is android.uid.bluetooth:1002 ,and its permission is false
09-01 14:39:42.254 D/BluetoothUtils( 8588): blockedByLocationOff callingUid=1002
09-01 14:39:42.254 I/BluetoothUtils( 8588): packagename is android.uid.bluetooth:1002 ,and its permission is false
09-01 14:39:42.254 D/BluetoothUtils( 8588): blockedByLocationOff callingUid=1002
09-01 14:39:42.255 I/BluetoothUtils( 8588): packagename is android.uid.bluetooth:1002 ,and its permission is false
09-01 14:39:42.257 V/bt_stack( 8588): [VERBOSE1:btm_ble_gap.cc(1923)] btm_ble_process_ext_adv_pkt: bda=05:18:f1:4b:2c:d4
09-01 14:39:42.257 V/bt_stack( 8588): [VERBOSE1:btm_ble_gap.cc(1847)] btm_ble_process_adv_addr: bda=05:18:f1:4b:2c:d4
09-01 14:39:42.258 D/BluetoothUtils( 8588): blockedByLocationOff callingUid=1002
09-01 14:39:42.258 I/BluetoothUtils( 8588): packagename is android.uid.bluetooth:1002 ,and its permission is false
09-01 14:39:42.258 D/BluetoothUtils( 8588): blockedByLocationOff callingUid=1002
09-01 14:39:42.258 I/BluetoothUtils( 8588): packagename is android.uid.bluetooth:1002 ,and its permission is false
09-01 14:39:42.258 D/BluetoothUtils( 8588): blockedByLocationOff callingUid=1002
09-01 14:39:42.259 I/BluetoothUtils( 8588): packagename is android.uid.bluetooth:1002 ,and its permission is false
09-01 14:39:42.276 V/bt_stack( 8588): [VERBOSE1:btm_ble_gap.cc(1923)] btm_ble_process_ext_adv_pkt: bda=28:bc:17:6a:f4:4d
09-01 14:39:42.276 V/bt_stack( 8588): [VERBOSE1:btm_ble_gap.cc(1847)] btm_ble_process_adv_addr: bda=28:bc:17:6a:f4:4d
09-01 14:39:42.277 D/BluetoothUtils( 8588): blockedByLocationOff callingUid=1002
09-01 14:39:42.277 I/BluetoothUtils( 8588): packagename is android.uid.bluetooth:1002 ,and its permission is false
09-01 14:39:42.278 D/BluetoothUtils( 8588): blockedByLocationOff callingUid=1002
09-01 14:39:42.278 I/BluetoothUtils( 8588): packagename is android.uid.bluetooth:1002 ,and its permission is false
09-01 14:39:42.278 D/BluetoothUtils( 8588): blockedByLocationOff callingUid=1002
09-01 14:39:42.278 I/BluetoothUtils( 8588): packagename is android.uid.bluetooth:1002 ,and its permission is false
09-01 14:39:42.279 V/bt_stack( 8588): [VERBOSE1:btm_ble_gap.cc(1923)] btm_ble_process_ext_adv_pkt: bda=2c:09:3e:94:80:f3
09-01 14:39:42.279 V/bt_stack( 8588): [VERBOSE1:btm_ble_gap.cc(1847)] btm_ble_process_adv_addr: bda=2c:09:3e:94:80:f3
09-01 14:39:42.280 D/BluetoothUtils( 8588): blockedByLocationOff callingUid=1002
09-01 14:39:42.281 I/BluetoothUtils( 8588): packagename is android.uid.bluetooth:1002 ,and its permission is false
09-01 14:39:42.281 D/BluetoothUtils( 8588): blockedByLocationOff callingUid=1002
09-01 14:39:42.281 I/BluetoothUtils( 8588): packagename is android.uid.bluetooth:1002 ,and its permission is false
09-01 14:39:42.281 D/BluetoothUtils( 8588): blockedByLocationOff callingUid=1002
09-01 14:39:42.282 I/BluetoothUtils( 8588): packagename is android.uid.bluetooth:1002 ,and its permission is false
09-01 14:39:42.295 V/bt_stack( 8588): [VERBOSE1:btm_ble_gap.cc(1923)] btm_ble_process_ext_adv_pkt: bda=14:07:18:00:04:52
09-01 14:39:42.295 V/bt_stack( 8588): [VERBOSE1:btm_ble_gap.cc(1847)] btm_ble_process_adv_addr: bda=14:07:18:00:04:52
09-01 14:39:42.295 V/bt_stack( 8588): [VERBOSE1:btm_ble_gap.cc(2052)]  Waiting for scan response 14:07:18:00:04:52
09-01 14:39:42.302 V/bt_stack( 8588): [VERBOSE1:btm_ble_gap.cc(1923)] btm_ble_process_ext_adv_pkt: bda=64:62:50:0c:82:d1
09-01 14:39:42.302 V/bt_stack( 8588): [VERBOSE1:btm_ble_gap.cc(1847)] btm_ble_process_adv_addr: bda=64:62:50:0c:82:d1
09-01 14:39:42.302 V/bt_stack( 8588): [VERBOSE1:btm_ble_gap.cc(2052)]  Waiting for scan response 64:62:50:0c:82:d1
09-01 14:39:42.302 V/bt_stack( 8588): [VERBOSE1:btm_ble_gap.cc(1923)] btm_ble_process_ext_adv_pkt: bda=03:d8:93:20:a7:46
09-01 14:39:42.302 V/bt_stack( 8588): [VERBOSE1:btm_ble_gap.cc(1847)] btm_ble_process_adv_addr: bda=03:d8:93:20:a7:46
09-01 14:39:42.303 D/BluetoothUtils( 8588): blockedByLocationOff callingUid=1002
09-01 14:39:42.303 I/BluetoothUtils( 8588): packagename is android.uid.bluetooth:1002 ,and its permission is false
09-01 14:39:42.303 D/BluetoothUtils( 8588): blockedByLocationOff callingUid=1002
09-01 14:39:42.303 I/BluetoothUtils( 8588): packagename is android.uid.bluetooth:1002 ,and its permission is false
09-01 14:39:42.303 D/BluetoothUtils( 8588): blockedByLocationOff callingUid=1002
09-01 14:39:42.303 I/BluetoothUtils( 8588): packagename is android.uid.bluetooth:1002 ,and its permission is false
09-01 14:39:42.307 V/bt_stack( 8588): [VERBOSE1:btm_ble_gap.cc(1923)] btm_ble_process_ext_adv_pkt: bda=1c:91:72:ba:f7:2e
09-01 14:39:42.307 V/bt_stack( 8588): [VERBOSE1:btm_ble_gap.cc(1847)] btm_ble_process_adv_addr: bda=1c:91:72:ba:f7:2e
09-01 14:39:42.308 D/BluetoothUtils( 8588): blockedByLocationOff callingUid=1002
09-01 14:39:42.308 I/BluetoothUtils( 8588): packagename is android.uid.bluetooth:1002 ,and its permission is false
09-01 14:39:42.308 D/BluetoothUtils( 8588): blockedByLocationOff callingUid=1002
09-01 14:39:42.309 I/BluetoothUtils( 8588): packagename is android.uid.bluetooth:1002 ,and its permission is false
09-01 14:39:42.309 D/BluetoothUtils( 8588): blockedByLocationOff callingUid=1002
09-01 14:39:42.309 I/BluetoothUtils( 8588): packagename is android.uid.bluetooth:1002 ,and its permission is false
09-01 14:39:42.313 V/bt_stack( 8588): [VERBOSE1:btm_ble_gap.cc(1923)] btm_ble_process_ext_adv_pkt: bda=17:7e:29:ab:4e:d0
09-01 14:39:42.313 V/bt_stack( 8588): [VERBOSE1:btm_ble_gap.cc(1847)] btm_ble_process_adv_addr: bda=17:7e:29:ab:4e:d0
09-01 14:39:42.313 D/BluetoothUtils( 8588): blockedByLocationOff callingUid=1002
09-01 14:39:42.314 I/BluetoothUtils( 8588): packagename is android.uid.bluetooth:1002 ,and its permission is false
09-01 14:39:42.314 D/BluetoothUtils( 8588): blockedByLocationOff callingUid=1002
09-01 14:39:42.314 I/BluetoothUtils( 8588): packagename is android.uid.bluetooth:1002 ,and its permission is false
09-01 14:39:42.314 D/BluetoothUtils( 8588): blockedByLocationOff callingUid=1002
09-01 14:39:42.314 I/BluetoothUtils( 8588): packagename is android.uid.bluetooth:1002 ,and its permission is false
09-01 14:39:42.316 V/bt_stack( 8588): [VERBOSE1:btm_ble_gap.cc(1923)] btm_ble_process_ext_adv_pkt: bda=35:45:bf:2c:e1:03
09-01 14:39:42.316 V/bt_stack( 8588): [VERBOSE1:btm_ble_gap.cc(1847)] btm_ble_process_adv_addr: bda=35:45:bf:2c:e1:03
09-01 14:39:42.316 D/BluetoothUtils( 8588): blockedByLocationOff callingUid=1002
09-01 14:39:42.317 I/BluetoothUtils( 8588): packagename is android.uid.bluetooth:1002 ,and its permission is false
09-01 14:39:42.317 D/BluetoothUtils( 8588): blockedByLocationOff callingUid=1002
09-01 14:39:42.317 I/BluetoothUtils( 8588): packagename is android.uid.bluetooth:1002 ,and its permission is false
09-01 14:39:42.317 D/BluetoothUtils( 8588): blockedByLocationOff callingUid=1002
09-01 14:39:42.317 I/BluetoothUtils( 8588): packagename is android.uid.bluetooth:1002 ,and its permission is false
09-01 14:39:42.317 V/bt_stack( 8588): [VERBOSE1:btm_ble_gap.cc(1923)] btm_ble_process_ext_adv_pkt: bda=32:d2:03:03:d2:bd
09-01 14:39:42.317 V/bt_stack( 8588): [VERBOSE1:btm_ble_gap.cc(1847)] btm_ble_process_adv_addr: bda=32:d2:03:03:d2:bd
09-01 14:39:42.318 D/BluetoothUtils( 8588): blockedByLocationOff callingUid=1002
09-01 14:39:42.318 I/BluetoothUtils( 8588): packagename is android.uid.bluetooth:1002 ,and its permission is false
09-01 14:39:42.318 D/BluetoothUtils( 8588): blockedByLocationOff callingUid=1002
09-01 14:39:42.318 I/BluetoothUtils( 8588): packagename is android.uid.bluetooth:1002 ,and its permission is false
09-01 14:39:42.318 D/BluetoothUtils( 8588): blockedByLocationOff callingUid=1002
09-01 14:39:42.319 I/BluetoothUtils( 8588): packagename is android.uid.bluetooth:1002 ,and its permission is false
09-01 14:39:42.321 V/bt_stack( 8588): [VERBOSE1:btm_ble_gap.cc(1923)] btm_ble_process_ext_adv_pkt: bda=35:38:49:78:be:f0
09-01 14:39:42.321 V/bt_stack( 8588): [VERBOSE1:btm_ble_gap.cc(1847)] btm_ble_process_adv_addr: bda=35:38:49:78:be:f0
09-01 14:39:42.322 D/BluetoothUtils( 8588): blockedByLocationOff callingUid=1002
09-01 14:39:42.322 I/BluetoothUtils( 8588): packagename is android.uid.bluetooth:1002 ,and its permission is false
09-01 14:39:42.322 D/BluetoothUtils( 8588): blockedByLocationOff callingUid=1002
09-01 14:39:42.323 I/BluetoothUtils( 8588): packagename is android.uid.bluetooth:1002 ,and its permission is false
09-01 14:39:42.323 D/BluetoothUtils( 8588): blockedByLocationOff callingUid=1002
09-01 14:39:42.323 I/BluetoothUtils( 8588): packagename is android.uid.bluetooth:1002 ,and its permission is false
09-01 14:39:42.324 V/bt_stack( 8588): [VERBOSE1:btm_ble_gap.cc(1923)] btm_ble_process_ext_adv_pkt: bda=63:53:07:fa:3c:f1
09-01 14:39:42.324 V/bt_stack( 8588): [VERBOSE1:btm_ble_gap.cc(1847)] btm_ble_process_adv_addr: bda=63:53:07:fa:3c:f1
09-01 14:39:42.325 D/BluetoothUtils( 8588): blockedByLocationOff callingUid=1002
09-01 14:39:42.326 I/BluetoothUtils( 8588): packagename is android.uid.bluetooth:1002 ,and its permission is false
09-01 14:39:42.326 D/BluetoothUtils( 8588): blockedByLocationOff callingUid=1002
09-01 14:39:42.326 I/BluetoothUtils( 8588): packagename is android.uid.bluetooth:1002 ,and its permission is false
09-01 14:39:42.326 D/BluetoothUtils( 8588): blockedByLocationOff callingUid=1002
09-01 14:39:42.326 V/bt_stack( 8588): [VERBOSE1:btm_ble_gap.cc(1923)] btm_ble_process_ext_adv_pkt: bda=01:f5:30:c0:9b:7a
09-01 14:39:42.326 I/BluetoothUtils( 8588): packagename is android.uid.bluetooth:1002 ,and its permission is false
09-01 14:39:42.326 V/bt_stack( 8588): [VERBOSE1:btm_ble_gap.cc(1847)] btm_ble_process_adv_addr: bda=01:f5:30:c0:9b:7a
09-01 14:39:42.327 D/BluetoothUtils( 8588): blockedByLocationOff callingUid=1002
09-01 14:39:42.327 I/BluetoothUtils( 8588): packagename is android.uid.bluetooth:1002 ,and its permission is false
09-01 14:39:42.328 D/BluetoothUtils( 8588): blockedByLocationOff callingUid=1002
09-01 14:39:42.328 I/BluetoothUtils( 8588): packagename is android.uid.bluetooth:1002 ,and its permission is false
09-01 14:39:42.328 D/BluetoothUtils( 8588): blockedByLocationOff callingUid=1002
09-01 14:39:42.328 I/BluetoothUtils( 8588): packagename is android.uid.bluetooth:1002 ,and its permission is false
09-01 14:39:42.329 V/bt_stack( 8588): [VERBOSE1:btm_ble_gap.cc(1923)] btm_ble_process_ext_adv_pkt: bda=d0:24:10:d7:5b:bc
09-01 14:39:42.329 V/bt_stack( 8588): [VERBOSE1:btm_ble_gap.cc(1847)] btm_ble_process_adv_addr: bda=d0:24:10:d7:5b:bc
09-01 14:39:42.329 V/bt_stack( 8588): [VERBOSE1:btm_ble_gap.cc(2052)]  Waiting for scan response d0:24:10:d7:5b:bc
09-01 14:39:42.329 V/bt_stack( 8588): [VERBOSE1:btm_ble_gap.cc(1923)] btm_ble_process_ext_adv_pkt: bda=d0:24:10:d7:5b:bc
09-01 14:39:42.329 V/bt_stack( 8588): [VERBOSE1:btm_ble_gap.cc(1847)] btm_ble_process_adv_addr: bda=d0:24:10:d7:5b:bc
09-01 14:39:42.330 D/BluetoothUtils( 8588): blockedByLocationOff callingUid=1002
09-01 14:39:42.330 I/BluetoothUtils( 8588): packagename is android.uid.bluetooth:1002 ,and its permission is false
09-01 14:39:42.330 D/BluetoothUtils( 8588): blockedByLocationOff callingUid=1002
09-01 14:39:42.330 I/BluetoothUtils( 8588): packagename is android.uid.bluetooth:1002 ,and its permission is false
09-01 14:39:42.331 D/BluetoothUtils( 8588): blockedByLocationOff callingUid=1002
09-01 14:39:42.331 I/BluetoothUtils( 8588): packagename is android.uid.bluetooth:1002 ,and its permission is false
09-01 14:39:42.342 V/bt_stack( 8588): [VERBOSE1:btm_ble_gap.cc(1923)] btm_ble_process_ext_adv_pkt: bda=66:db:a5:b4:54:91
09-01 14:39:42.342 V/bt_stack( 8588): [VERBOSE1:btm_ble_gap.cc(1847)] btm_ble_process_adv_addr: bda=66:db:a5:b4:54:91
09-01 14:39:42.342 V/bt_stack( 8588): [VERBOSE1:btm_ble_gap.cc(2052)]  Waiting for scan response 66:db:a5:b4:54:91
09-01 14:39:42.342 V/bt_stack( 8588): [VERBOSE1:btm_ble_gap.cc(1923)] btm_ble_process_ext_adv_pkt: bda=46:25:ff:ec:21:0b
09-01 14:39:42.342 V/bt_stack( 8588): [VERBOSE1:btm_ble_gap.cc(1847)] btm_ble_process_adv_addr: bda=46:25:ff:ec:21:0b
09-01 14:39:42.342 V/bt_stack( 8588): [VERBOSE1:btm_ble_gap.cc(2052)]  Waiting for scan response 46:25:ff:ec:21:0b
09-01 14:39:42.342 V/bt_stack( 8588): [VERBOSE1:btm_ble_gap.cc(1923)] btm_ble_process_ext_adv_pkt: bda=46:25:ff:ec:21:0b
09-01 14:39:42.342 V/bt_stack( 8588): [VERBOSE1:btm_ble_gap.cc(1847)] btm_ble_process_adv_addr: bda=46:25:ff:ec:21:0b
09-01 14:39:42.343 D/BluetoothUtils( 8588): blockedByLocationOff callingUid=1002
09-01 14:39:42.344 I/BluetoothUtils( 8588): packagename is android.uid.bluetooth:1002 ,and its permission is false
09-01 14:39:42.344 D/BluetoothUtils( 8588): blockedByLocationOff callingUid=1002
09-01 14:39:42.344 I/BluetoothUtils( 8588): packagename is android.uid.bluetooth:1002 ,and its permission is false
09-01 14:39:42.344 D/BluetoothUtils( 8588): blockedByLocationOff callingUid=1002
09-01 14:39:42.344 I/BluetoothUtils( 8588): packagename is android.uid.bluetooth:1002 ,and its permission is false
09-01 14:39:42.347 V/bt_stack( 8588): [VERBOSE1:btm_ble_gap.cc(1923)] btm_ble_process_ext_adv_pkt: bda=0c:39:e9:d5:de:20
09-01 14:39:42.348 V/bt_stack( 8588): [VERBOSE1:btm_ble_gap.cc(1847)] btm_ble_process_adv_addr: bda=0c:39:e9:d5:de:20
09-01 14:39:42.348 D/BluetoothUtils( 8588): blockedByLocationOff callingUid=1002
09-01 14:39:42.349 I/BluetoothUtils( 8588): packagename is android.uid.bluetooth:1002 ,and its permission is false
09-01 14:39:42.349 D/BluetoothUtils( 8588): blockedByLocationOff callingUid=1002
09-01 14:39:42.349 I/BluetoothUtils( 8588): packagename is android.uid.bluetooth:1002 ,and its permission is false
09-01 14:39:42.349 D/BluetoothUtils( 8588): blockedByLocationOff callingUid=1002
09-01 14:39:42.349 I/BluetoothUtils( 8588): packagename is android.uid.bluetooth:1002 ,and its permission is false
09-01 14:39:42.354 V/bt_stack( 8588): [VERBOSE1:btm_ble_gap.cc(1923)] btm_ble_process_ext_adv_pkt: bda=0e:10:bb:c2:00:89
09-01 14:39:42.354 V/bt_stack( 8588): [VERBOSE1:btm_ble_gap.cc(1847)] btm_ble_process_adv_addr: bda=0e:10:bb:c2:00:89
09-01 14:39:42.355 D/BluetoothUtils( 8588): blockedByLocationOff callingUid=1002
09-01 14:39:42.355 I/BluetoothUtils( 8588): packagename is android.uid.bluetooth:1002 ,and its permission is false
09-01 14:39:42.355 D/BluetoothUtils( 8588): blockedByLocationOff callingUid=1002
09-01 14:39:42.356 I/BluetoothUtils( 8588): packagename is android.uid.bluetooth:1002 ,and its permission is false
09-01 14:39:42.356 D/BluetoothUtils( 8588): blockedByLocationOff callingUid=1002
09-01 14:39:42.356 I/BluetoothUtils( 8588): packagename is android.uid.bluetooth:1002 ,and its permission is false
09-01 14:39:42.366 V/bt_stack( 8588): [VERBOSE1:btm_ble_gap.cc(1923)] btm_ble_process_ext_adv_pkt: bda=64:62:50:0c:82:d1
09-01 14:39:42.366 V/bt_stack( 8588): [VERBOSE1:btm_ble_gap.cc(1847)] btm_ble_process_adv_addr: bda=64:62:50:0c:82:d1
09-01 14:39:42.366 V/bt_stack( 8588): [VERBOSE1:btm_ble_gap.cc(2052)]  Waiting for scan response 64:62:50:0c:82:d1
09-01 14:39:42.366 V/bt_stack( 8588): [VERBOSE1:btm_ble_gap.cc(1923)] btm_ble_process_ext_adv_pkt: bda=05:18:f1:4b:2c:d4
09-01 14:39:42.366 V/bt_stack( 8588): [VERBOSE1:btm_ble_gap.cc(1847)] btm_ble_process_adv_addr: bda=05:18:f1:4b:2c:d4
09-01 14:39:42.367 D/BluetoothUtils( 8588): blockedByLocationOff callingUid=1002
09-01 14:39:42.367 I/BluetoothUtils( 8588): packagename is android.uid.bluetooth:1002 ,and its permission is false
09-01 14:39:42.367 D/BluetoothUtils( 8588): blockedByLocationOff callingUid=1002
09-01 14:39:42.368 I/BluetoothUtils( 8588): packagename is android.uid.bluetooth:1002 ,and its permission is false
09-01 14:39:42.368 D/BluetoothUtils( 8588): blockedByLocationOff callingUid=1002
09-01 14:39:42.368 I/BluetoothUtils( 8588): packagename is android.uid.bluetooth:1002 ,and its permission is false
09-01 14:39:42.376 V/bt_stack( 8588): [VERBOSE1:btm_ble_gap.cc(1923)] btm_ble_process_ext_adv_pkt: bda=51:d1:5c:e7:f2:93
09-01 14:39:42.376 V/bt_stack( 8588): [VERBOSE1:btm_ble_gap.cc(1847)] btm_ble_process_adv_addr: bda=51:d1:5c:e7:f2:93
09-01 14:39:42.376 V/bt_stack( 8588): [VERBOSE1:btm_ble_gap.cc(2052)]  Waiting for scan response 51:d1:5c:e7:f2:93
09-01 14:39:42.377 V/bt_stack( 8588): [VERBOSE1:btm_ble_gap.cc(1923)] btm_ble_process_ext_adv_pkt: bda=44:ca:73:cc:df:42
09-01 14:39:42.377 V/bt_stack( 8588): [VERBOSE1:btm_ble_gap.cc(1847)] btm_ble_process_adv_addr: bda=44:ca:73:cc:df:42
09-01 14:39:42.377 V/bt_stack( 8588): [VERBOSE1:btm_ble_gap.cc(2052)]  Waiting for scan response 44:ca:73:cc:df:42
09-01 14:39:42.377 V/bt_stack( 8588): [VERBOSE1:btm_ble_gap.cc(1923)] btm_ble_process_ext_adv_pkt: bda=44:ca:73:cc:df:42
09-01 14:39:42.377 V/bt_stack( 8588): [VERBOSE1:btm_ble_gap.cc(1847)] btm_ble_process_adv_addr: bda=44:ca:73:cc:df:42
09-01 14:39:42.378 D/BluetoothUtils( 8588): blockedByLocationOff callingUid=1002
09-01 14:39:42.378 I/BluetoothUtils( 8588): packagename is android.uid.bluetooth:1002 ,and its permission is false
09-01 14:39:42.378 D/BluetoothUtils( 8588): blockedByLocationOff callingUid=1002
09-01 14:39:42.379 I/BluetoothUtils( 8588): packagename is android.uid.bluetooth:1002 ,and its permission is false
09-01 14:39:42.379 D/BluetoothUtils( 8588): blockedByLocationOff callingUid=1002
09-01 14:39:42.379 I/BluetoothUtils( 8588): packagename is android.uid.bluetooth:1002 ,and its permission is false
09-01 14:39:42.379 V/bt_stack( 8588): [VERBOSE1:btm_ble_gap.cc(1923)] btm_ble_process_ext_adv_pkt: bda=2c:09:3e:94:80:f3
09-01 14:39:42.379 V/bt_stack( 8588): [VERBOSE1:btm_ble_gap.cc(1847)] btm_ble_process_adv_addr: bda=2c:09:3e:94:80:f3
09-01 14:39:42.380 D/BluetoothUtils( 8588): blockedByLocationOff callingUid=1002
09-01 14:39:42.381 I/BluetoothUtils( 8588): packagename is android.uid.bluetooth:1002 ,and its permission is false
09-01 14:39:42.381 D/BluetoothUtils( 8588): blockedByLocationOff callingUid=1002
09-01 14:39:42.381 I/BluetoothUtils( 8588): packagename is android.uid.bluetooth:1002 ,and its permission is false
09-01 14:39:42.381 D/BluetoothUtils( 8588): blockedByLocationOff callingUid=1002
09-01 14:39:42.381 I/BluetoothUtils( 8588): packagename is android.uid.bluetooth:1002 ,and its permission is false
09-01 14:39:42.419 I/vendor.qti.bluetooth@1.0-ibs_handler(19843): ProcessIbsCmd: Received IBS_SLEEP_IND: 0xFE
09-01 14:39:42.419 D/vendor.qti.bluetooth@1.0-ibs_handler(19843): SerialClockVote: vote for UART CLK OFF
09-01 14:39:42.419 I/vendor.qti.bluetooth@1.0-ibs_handler(19843): ProcessIbsCmd: Received IBS_WAKE_IND: 0xFD
09-01 14:39:42.419 D/vendor.qti.bluetooth@1.0-ibs_handler(19843): SerialClockVote: vote for UART CLK ON
09-01 14:39:42.419 I/vendor.qti.bluetooth@1.0-ibs_handler(19843): ProcessIbsCmd: Writing IBS_WAKE_ACK
09-01 14:39:42.422 V/bt_stack( 8588): [VERBOSE1:btm_ble_gap.cc(1923)] btm_ble_process_ext_adv_pkt: bda=64:62:50:0c:82:d1
09-01 14:39:42.422 V/bt_stack( 8588): [VERBOSE1:btm_ble_gap.cc(1847)] btm_ble_process_adv_addr: bda=64:62:50:0c:82:d1
09-01 14:39:42.422 V/bt_stack( 8588): [VERBOSE1:btm_ble_gap.cc(2052)]  Waiting for scan response 64:62:50:0c:82:d1
09-01 14:39:42.422 V/bt_stack( 8588): [VERBOSE1:btm_ble_gap.cc(1923)] btm_ble_process_ext_adv_pkt: bda=35:45:bf:2c:e1:03
09-01 14:39:42.422 V/bt_stack( 8588): [VERBOSE1:btm_ble_gap.cc(1847)] btm_ble_process_adv_addr: bda=35:45:bf:2c:e1:03
09-01 14:39:42.422 V/bt_stack( 8588): [VERBOSE1:btm_ble_gap.cc(1923)] btm_ble_process_ext_adv_pkt: bda=17:7e:29:ab:4e:d0
09-01 14:39:42.422 V/bt_stack( 8588): [VERBOSE1:btm_ble_gap.cc(1847)] btm_ble_process_adv_addr: bda=17:7e:29:ab:4e:d0
09-01 14:39:42.423 D/BluetoothUtils( 8588): blockedByLocationOff callingUid=1002
09-01 14:39:42.423 I/BluetoothUtils( 8588): packagename is android.uid.bluetooth:1002 ,and its permission is false
09-01 14:39:42.423 D/BluetoothUtils( 8588): blockedByLocationOff callingUid=1002
09-01 14:39:42.423 I/BluetoothUtils( 8588): packagename is android.uid.bluetooth:1002 ,and its permission is false
09-01 14:39:42.423 D/BluetoothUtils( 8588): blockedByLocationOff callingUid=1002
09-01 14:39:42.424 I/BluetoothUtils( 8588): packagename is android.uid.bluetooth:1002 ,and its permission is false
09-01 14:39:42.424 D/BluetoothUtils( 8588): blockedByLocationOff callingUid=1002
09-01 14:39:42.424 I/BluetoothUtils( 8588): packagename is android.uid.bluetooth:1002 ,and its permission is false
09-01 14:39:42.424 D/BluetoothUtils( 8588): blockedByLocationOff callingUid=1002
09-01 14:39:42.425 I/BluetoothUtils( 8588): packagename is android.uid.bluetooth:1002 ,and its permission is false
09-01 14:39:42.425 D/BluetoothUtils( 8588): blockedByLocationOff callingUid=1002
09-01 14:39:42.425 I/BluetoothUtils( 8588): packagename is android.uid.bluetooth:1002 ,and its permission is false
09-01 14:39:42.427 V/bt_stack( 8588): [VERBOSE1:btm_ble_gap.cc(1923)] btm_ble_process_ext_adv_pkt: bda=01:f5:30:c0:9b:7a
09-01 14:39:42.427 V/bt_stack( 8588): [VERBOSE1:btm_ble_gap.cc(1847)] btm_ble_process_adv_addr: bda=01:f5:30:c0:9b:7a
09-01 14:39:42.428 D/BluetoothUtils( 8588): blockedByLocationOff callingUid=1002
09-01 14:39:42.428 I/BluetoothUtils( 8588): packagename is android.uid.bluetooth:1002 ,and its permission is false
09-01 14:39:42.428 D/BluetoothUtils( 8588): blockedByLocationOff callingUid=1002
09-01 14:39:42.428 I/BluetoothUtils( 8588): packagename is android.uid.bluetooth:1002 ,and its permission is false
09-01 14:39:42.429 D/BluetoothUtils( 8588): blockedByLocationOff callingUid=1002
09-01 14:39:42.429 I/BluetoothUtils( 8588): packagename is android.uid.bluetooth:1002 ,and its permission is false
09-01 14:39:42.436 V/bt_stack( 8588): [VERBOSE1:btm_ble_gap.cc(1923)] btm_ble_process_ext_adv_pkt: bda=59:5f:ac:32:e1:b7
09-01 14:39:42.436 V/bt_stack( 8588): [VERBOSE1:btm_ble_gap.cc(1847)] btm_ble_process_adv_addr: bda=59:5f:ac:32:e1:b7
09-01 14:39:42.436 V/bt_stack( 8588): [VERBOSE1:btm_ble_gap.cc(2052)]  Waiting for scan response 59:5f:ac:32:e1:b7
09-01 14:39:42.436 V/bt_stack( 8588): [VERBOSE1:btm_ble_gap.cc(1923)] btm_ble_process_ext_adv_pkt: bda=59:5f:ac:32:e1:b7
09-01 14:39:42.436 V/bt_stack( 8588): [VERBOSE1:btm_ble_gap.cc(1847)] btm_ble_process_adv_addr: bda=59:5f:ac:32:e1:b7
09-01 14:39:42.437 D/BluetoothUtils( 8588): blockedByLocationOff callingUid=1002
09-01 14:39:42.437 I/BluetoothUtils( 8588): packagename is android.uid.bluetooth:1002 ,and its permission is false
09-01 14:39:42.437 D/BluetoothUtils( 8588): blockedByLocationOff callingUid=1002
09-01 14:39:42.437 I/BluetoothUtils( 8588): packagename is android.uid.bluetooth:1002 ,and its permission is false
09-01 14:39:42.438 D/BluetoothUtils( 8588): blockedByLocationOff callingUid=1002
09-01 14:39:42.438 I/BluetoothUtils( 8588): packagename is android.uid.bluetooth:1002 ,and its permission is false
09-01 14:39:42.449 V/bt_stack( 8588): [VERBOSE1:btm_ble_gap.cc(1923)] btm_ble_process_ext_adv_pkt: bda=28:f0:76:67:1f:c7
09-01 14:39:42.449 V/bt_stack( 8588): [VERBOSE1:btm_ble_gap.cc(1847)] btm_ble_process_adv_addr: bda=28:f0:76:67:1f:c7
09-01 14:39:42.449 V/bt_stack( 8588): [VERBOSE1:btm_ble_gap.cc(2052)]  Waiting for scan response 28:f0:76:67:1f:c7
09-01 14:39:42.449 V/bt_stack( 8588): [VERBOSE1:btm_ble_gap.cc(1923)] btm_ble_process_ext_adv_pkt: bda=0c:39:e9:d5:de:20
09-01 14:39:42.449 V/bt_stack( 8588): [VERBOSE1:btm_ble_gap.cc(1847)] btm_ble_process_adv_addr: bda=0c:39:e9:d5:de:20
09-01 14:39:42.450 D/BluetoothUtils( 8588): blockedByLocationOff callingUid=1002
09-01 14:39:42.450 I/BluetoothUtils( 8588): packagename is android.uid.bluetooth:1002 ,and its permission is false
09-01 14:39:42.450 D/BluetoothUtils( 8588): blockedByLocationOff callingUid=1002
