09-01 14:32:54.225 D/[Koin]  (10274): +- got 'com.huami.femalehealth.logiclib.O00000oO.O00oOooO' in 0.022187 ms
09-01 14:32:54.229 D/[Koin]  (10274): +- got 'com.huami.femalehealth.logiclib.O00000Oo.O00000o' in 6.704218 ms
09-01 14:32:54.229 D/[Koin]  (10274): +- get 'com.huami.femalehealth.logiclib.O00000Oo.O00000o0'
09-01 14:32:54.229 D/[Koin]  (10274): | create instance for [type:Factory,primary_type:'com.huami.femalehealth.logiclib.O00000Oo.O00000o0']
09-01 14:32:54.229 D/[Koin]  (10274): +- got 'com.huami.femalehealth.logiclib.O00000Oo.O00000o0' in 0.117292 ms
09-01 14:32:54.233 D/[Koin]  (10274): +- got 'com.huami.femalehealth.logiclib.O0000O0o.O00000o' in 16.824375 ms
09-01 14:32:54.234 D/[Koin]  (10274): +- got 'com.huami.femalehealth.uilib.O00000o0.O0000Oo' in 22.995 ms
09-01 14:32:54.237 D/ViewContentFactory(10274): initViewContentFetcherClass
09-01 14:32:54.237 I/ContentCatcher(10274): ViewContentFetcher : ViewContentFetcher
09-01 14:32:54.237 D/ViewContentFactory(10274): createInterceptor took 0ms
09-01 14:32:54.255 I/chatty  (19843): uid=1002 bluetooth@1.0-s expire 3 lines
09-01 14:32:54.258 D/BaseTitleActivity(10274): setStyle NONE title  darkMode false color 0
09-01 14:32:54.304 W/RecentsModel( 7676): onTaskStackChangedBackground: start loading
09-01 14:32:54.305 W/RecentsModel( 7676): getTaskInfoIgnoreHomeAndSplit   taskInfo=ComponentInfo{com.xiaomi.hm.health/com.xiaomi.hm.health.activity.MainTabActivity}
09-01 14:32:54.306 W/RecentsModel( 7676): getTaskInfoIgnoreHomeAndFreeform   taskInfo=ComponentInfo{com.xiaomi.hm.health/com.xiaomi.hm.health.activity.MainTabActivity}
09-01 14:32:54.306 D/BluetoothGatt(10274): setCharacteristicNotification() - uuid: 00000003-0000-3512-2118-0009af100700 enable: false
09-01 14:32:54.306 W/RecentsModel( 7676): getTaskInfoIgnoreFreeform   taskInfo=ComponentInfo{com.xiaomi.hm.health/com.xiaomi.hm.health.activity.MainTabActivity}
09-01 14:32:54.307 W/RecentsModel( 7676): onTaskStackChangedBackground: finishLoading loading
09-01 14:32:54.332 V/xiaomi  (10274): [Thread:6375] sdk_version = 3_7_5
09-01 14:32:54.334 D/CompatibilityInfo( 1639): mCompatibilityFlags - 0
09-01 14:32:54.334 D/CompatibilityInfo( 1639): applicationDensity - 440
09-01 14:32:54.334 D/CompatibilityInfo( 1639): applicationScale - 1.0
09-01 14:32:54.335 I/hwservicemanager(  573): getTransport: Cannot find entry vendor.qti.hardware.servicetracker@1.0::IServicetracker/default in either framework or device manifest.
09-01 14:32:54.344 V/xiaomi  (10274): [Thread:6380] (Local) begin execute onCommandResult, command=accept-time, resultCode=0, reason=null
09-01 14:32:54.344 W/PushService( 5479): 2020-08-31 23:32:54,344 - [WARN::PushService] - [Thread:2] onStart() with intent.Action = null, chid = null, pkg = null|com.xiaomi.hm.health, from-bridge = null
09-01 14:32:54.345 I/chatty  ( 3272): uid=1002(bluetooth) Binder:3272_3 expire 14 lines
09-01 14:32:54.345 W/PushService( 5479): 2020-08-31 23:32:54,345 - [WARN::PushService] - [Thread:2] onStart() with intent.Action = null, chid = null, pkg = null|com.xiaomi.hm.health, from-bridge = null
09-01 14:32:54.346 V/xiaomi  (10274): [Thread:6380] (Local) begin execute onCommandResult, command=register, resultCode=0, reason=null
09-01 14:32:54.348 W/AsyncHttpResponse(10274): Current thread has not called Looper.prepare().Forcing synchronous mode
09-01 14:32:54.354 I/chatty  ( 3272): uid=1002(bluetooth) Binder:3272_7 expire 4 lines
09-01 14:32:54.356 W/PushService( 5479): 2020-08-31 23:32:54,356 - [WARN::PushService] - [Thread:2] onStart() with intent.Action = action_cr_config, chid = null, pkg = null|com.xiaomi.hm.health, from-bridge = null
09-01 14:32:54.357 W/PushService( 5479): 2020-08-31 23:32:54,357 - [WARN::PushService] - [Thread:293] JOB: Handle intent action = action_cr_config
09-01 14:32:54.359 D/CompatibilityInfo( 1639): mCompatibilityFlags - 0
09-01 14:32:54.359 D/CompatibilityInfo( 1639): applicationDensity - 440
09-01 14:32:54.359 D/CompatibilityInfo( 1639): applicationScale - 1.0
09-01 14:32:54.360 I/hwservicemanager(  573): getTransport: Cannot find entry vendor.qti.hardware.servicetracker@1.0::IServicetracker/default in either framework or device manifest.
09-01 14:32:54.377 W/PushService( 5479): 2020-08-31 23:32:54,377 - [WARN::PushService] - [Thread:2] onStart() with intent.Action = com.xiaomi.mipush.SEND_MESSAGE, chid = null, pkg = null|com.xiaomi.hm.health, from-bridge = null
09-01 14:32:54.377 V/xiaomi  (10274): [Thread:6380] ASSEMBLE_PUSH : assemble push register
09-01 14:32:54.377 V/xiaomi  (10274): [Thread:6380] (Local) begin execute onCommandResult, command=set-alias, resultCode=0, reason=null
09-01 14:32:54.377 W/PushService( 5479): 2020-08-31 23:32:54,377 - [WARN::PushService] - [Thread:293] JOB: Handle intent action = com.xiaomi.mipush.SEND_MESSAGE
09-01 14:32:54.378 V/xiaomi  (10274): [Thread:6380] (Local) begin execute onCommandResult, command=set-alias, resultCode=0, reason=null
09-01 14:32:54.378 V/xiaomi  (10274): [Thread:6380] (Local) begin execute onCommandResult, command=subscribe-topic, resultCode=0, reason=null
09-01 14:32:54.378 I/chatty  (10274): uid=10241(com.xiaomi.hm.health) pool-21-thread- identical 3 lines
09-01 14:32:54.378 V/xiaomi  (10274): [Thread:6380] (Local) begin execute onCommandResult, command=subscribe-topic, resultCode=0, reason=null
09-01 14:32:54.378 W/PushService( 5479): 2020-08-31 23:32:54,378 - [WARN::PushService] - [Thread:293] try send mi push message. packagename:com.xiaomi.hm.health action:Subscription
09-01 14:32:54.378 V/xiaomi  (10274): [Thread:6380] (Local) begin execute onCommandResult, command=subscribe-topic, resultCode=0, reason=null
09-01 14:32:54.378 V/xiaomi  (10274): [Thread:6380] (Local) begin execute onCommandResult, command=subscribe-topic, resultCode=0, reason=null
09-01 14:32:54.379 W/PushService( 5479): 2020-08-31 23:32:54,379 - [WARN::PushService] - [Thread:293] [Slim] Wrote {cmd=SECMSG;chid=5;len=303}
09-01 14:32:54.379 W/PushService( 5479): 2020-08-31 23:32:54,379 - [WARN::PushService] - [Thread:293] [Slim] 11:32:54 PM Sent  Blob [SECMSG,5,4QI3U-1331]
09-01 14:32:54.387 I/chatty  ( 8588): uid=1002(bluetooth) btu message loo expire 121 lines
09-01 14:32:54.388 I/chatty  ( 8588): uid=1002(bluetooth) BT Service Call expire 133 lines
09-01 14:32:54.397 D/BluetoothGatt(10274): setCharacteristicNotification() - uuid: 00000003-0000-3512-2118-0009af100700 enable: true
09-01 14:32:54.397 I/chatty  ( 8588): uid=1002(bluetooth) Binder:8588_6 expire 3 lines
09-01 14:32:54.401 V/AsyncHttpResponse(10274): Progress 40 from 40 (100%)
09-01 14:32:54.403 W/AsyncHttpResponse(10274): Current thread has not called Looper.prepare().Forcing synchronous mode
09-01 14:32:54.407 W/AsyncHttpResponse(10274): Current thread has not called Looper.prepare().Forcing synchronous mode
09-01 14:32:54.411 D/AppOpsAdapter( 5211): using permission notify! 32
09-01 14:32:54.413 I/BehaviorRecord-Monitor( 5237): com.xiaomi.hm.health , perm: 32 , operation 2 , current size: 1
09-01 14:32:54.414 W/AsyncHttpResponse(10274): Current thread has not called Looper.prepare().Forcing synchronous mode
09-01 14:32:54.417 W/AsyncHttpResponse(10274): Current thread has not called Looper.prepare().Forcing synchronous mode
09-01 14:32:54.422 W/AsyncHttpResponse(10274): Current thread has not called Looper.prepare().Forcing synchronous mode
09-01 14:32:54.424 D/[Koin]  (10274): +- get 'com.huami.fittime.ui.profile.O0000O0o'
09-01 14:32:54.424 D/[Koin]  (10274): | create instance for [type:Factory,primary_type:'com.huami.fittime.ui.profile.O0000O0o']
09-01 14:32:54.424 D/[Koin]  (10274): !- create scope - id:FitTime q:FitTime
09-01 14:32:54.424 D/[Koin]  (10274): bind type:'com.huami.fittime.O000000o.O000000o.O000000o' ~ [type:Scoped,scope:'FitTime', primary_type:'com.huami.fittime.O000000o.O000000o.O000000o']
09-01 14:32:54.424 D/[Koin]  (10274): bind type:'com.huami.fittime.O00000oO.O00oOooO' ~ [type:Scoped,scope:'FitTime', primary_type:'com.huami.fittime.O00000oO.O00oOooO']
09-01 14:32:54.424 D/[Koin]  (10274): bind type:'com.huami.fittime.O00000o.O00000Oo.O000000o' ~ [type:Scoped,scope:'FitTime', primary_type:'com.huami.fittime.O00000o.O00000Oo.O000000o']
09-01 14:32:54.424 D/[Koin]  (10274): bind type:'com.huami.fittime.O000000o.O000O0o' ~ [type:Scoped,scope:'FitTime', primary_type:'com.huami.fittime.O000000o.O000O0o']
09-01 14:32:54.424 D/[Koin]  (10274): bind type:'com.huami.fittime.O00000oo.O00O0Oo' ~ [type:Scoped,scope:'FitTime', primary_type:'com.huami.fittime.O00000oo.O00O0Oo']
09-01 14:32:54.424 D/[Koin]  (10274): bind type:'com.huami.fittime.O000000o.O0000Oo' ~ [type:Scoped,scope:'FitTime', primary_type:'com.huami.fittime.O000000o.O0000Oo']
09-01 14:32:54.424 D/[Koin]  (10274): bind qualifier:'FitTimeWebHost' ~ [type:Scoped,scope:'FitTime', name:'FitTimeWebHost', primary_type:'java.lang.String']
09-01 14:32:54.424 D/[Koin]  (10274): bind type:'com.huami.fittime.ui.base.O00000Oo' ~ [type:Scoped,scope:'FitTime', primary_type:'com.huami.fittime.ui.base.O00000Oo']
09-01 14:32:54.424 D/[Koin]  (10274): bind type:'com.huami.fittime.db.FitTimeDb' ~ [type:Scoped,scope:'FitTime', primary_type:'com.huami.fittime.db.FitTimeDb']
09-01 14:32:54.424 D/[Koin]  (10274): bind type:'com.huami.fittime.O000000o.O00000o' ~ [type:Scoped,scope:'FitTime', primary_type:'com.huami.fittime.O000000o.O00000o']
09-01 14:32:54.424 D/[Koin]  (10274): bind type:'com.huami.fittime.O00000oo.O00O0o00' ~ [type:Scoped,scope:'FitTime', primary_type:'com.huami.fittime.O00000oo.O00O0o00']
09-01 14:32:54.424 D/[Koin]  (10274): +- get 'com.huami.fittime.ui.profile.O0000OOo'
09-01 14:32:54.424 D/[Koin]  (10274): | create instance for [type:Factory,primary_type:'com.huami.fittime.ui.profile.O0000OOo']
09-01 14:32:54.424 D/[Koin]  (10274): +- get 'com.huami.fittime.O00000oo.O00O0Oo'
09-01 14:32:54.424 D/[Koin]  (10274): | create instance for [type:Scoped,scope:'FitTime', primary_type:'com.huami.fittime.O00000oo.O00O0Oo']
09-01 14:32:54.425 D/[Koin]  (10274): +- got 'com.huami.fittime.O00000oo.O00O0Oo' in 0.311875 ms
09-01 14:32:54.425 D/[Koin]  (10274): +- get 'com.huami.fittime.db.FitTimeDb'
09-01 14:32:54.425 D/[Koin]  (10274): | create instance for [type:Scoped,scope:'FitTime', primary_type:'com.huami.fittime.db.FitTimeDb']
09-01 14:32:54.425 D/[Koin]  (10274): +- get 'com.huami.fittime.O00000oO.O00oOooO'
09-01 14:32:54.425 D/[Koin]  (10274): | create instance for [type:Scoped,scope:'FitTime', primary_type:'com.huami.fittime.O00000oO.O00oOooO']
09-01 14:32:54.425 D/[Koin]  (10274): +- get 'java.lang.String'
09-01 14:32:54.425 D/[Koin]  (10274): +- got 'java.lang.String' in 0.008854 ms
09-01 14:32:54.425 D/[Koin]  (10274): +- get 'O00000oO.O0000Ooo.O000000o.O00000Oo'
09-01 14:32:54.425 D/[Koin]  (10274): +- got 'O00000oO.O0000Ooo.O000000o.O00000Oo' in 0.00776 ms
09-01 14:32:54.425 D/[Koin]  (10274): +- get 'O00000oO.O0000Ooo.O000000o.O00000Oo'
09-01 14:32:54.425 D/[Koin]  (10274): +- got 'O00000oO.O0000Ooo.O000000o.O00000Oo' in 0.00625 ms
09-01 14:32:54.425 D/[Koin]  (10274): +- get 'O00000oO.O0000Ooo.O000000o.O00000Oo'
09-01 14:32:54.425 D/[Koin]  (10274): +- got 'O00000oO.O0000Ooo.O000000o.O00000Oo' in 0.006041 ms
09-01 14:32:54.425 D/[Koin]  (10274): +- get 'O00000oO.O0000Ooo.O000000o.O00000Oo'
09-01 14:32:54.425 D/[Koin]  (10274): +- got 'O00000oO.O0000Ooo.O000000o.O00000Oo' in 0.006667 ms
09-01 14:32:54.425 D/[Koin]  (10274): +- get 'O00000oO.O0000Ooo.O000000o.O00000Oo'
09-01 14:32:54.425 D/[Koin]  (10274): +- got 'O00000oO.O0000Ooo.O000000o.O00000Oo' in 0.006563 ms
09-01 14:32:54.425 D/[Koin]  (10274): +- get 'O00000oO.O0000Ooo.O000000o.O00000Oo'
09-01 14:32:54.425 D/[Koin]  (10274): +- got 'O00000oO.O0000Ooo.O000000o.O00000Oo' in 0.005937 ms
09-01 14:32:54.425 D/[Koin]  (10274): +- got 'com.huami.fittime.O00000oO.O00oOooO' in 0.557344 ms
09-01 14:32:54.425 D/[Koin]  (10274): +- get 'android.content.Context'
09-01 14:32:54.426 D/[Koin]  (10274): +- got 'android.content.Context' in 0.012292 ms
09-01 14:32:54.432 D/[Koin]  (10274): +- got 'com.huami.fittime.db.FitTimeDb' in 7.642709 ms
09-01 14:32:54.433 D/[Koin]  (10274): +- get 'com.huami.fittime.O000000o.O00000o'
09-01 14:32:54.433 D/[Koin]  (10274): | create instance for [type:Scoped,scope:'FitTime', primary_type:'com.huami.fittime.O000000o.O00000o']
09-01 14:32:54.433 D/[Koin]  (10274): +- get 'java.lang.String'
09-01 14:32:54.433 D/[Koin]  (10274): | create instance for [type:Scoped,scope:'FitTime', name:'FitTimeWebHost', primary_type:'java.lang.String']
09-01 14:32:54.433 D/[Koin]  (10274): +- get 'java.lang.String'
09-01 14:32:54.433 D/[Koin]  (10274): +- got 'java.lang.String' in 0.00849 ms
09-01 14:32:54.433 D/[Koin]  (10274): +- got 'java.lang.String' in 0.090833 ms
09-01 14:32:54.435 D/[Koin]  (10274): +- got 'com.huami.fittime.O000000o.O00000o' in 2.915364 ms
09-01 14:32:54.444 V/AsyncHttpResponse(10274): Progress 84 from 84 (100%)
09-01 14:32:54.452 D/[Koin]  (10274): +- got 'com.huami.fittime.ui.profile.O0000OOo' in 27.989322 ms
09-01 14:32:54.452 D/[Koin]  (10274): +- get 'com.huami.fittime.ui.O000000o.O00000Oo'
09-01 14:32:54.452 D/[Koin]  (10274): | create instance for [type:Factory,primary_type:'com.huami.fittime.ui.O000000o.O00000Oo']
09-01 14:32:54.453 D/[Koin]  (10274): +- get 'com.huami.fittime.O00000oo.O00O0Oo'
09-01 14:32:54.453 D/[Koin]  (10274): +- got 'com.huami.fittime.O00000oo.O00O0Oo' in 0.012604 ms
09-01 14:32:54.453 D/[Koin]  (10274): +- get 'com.huami.fittime.O000000o.O00000o'
09-01 14:32:54.453 D/[Koin]  (10274): +- got 'com.huami.fittime.O000000o.O00000o' in 0.012032 ms
09-01 14:32:54.453 D/[Koin]  (10274): +- got 'com.huami.fittime.ui.O000000o.O00000Oo' in 0.298177 ms
09-01 14:32:54.453 D/[Koin]  (10274): +- get 'com.huami.fittime.O00000o.O00000Oo.O000000o'
09-01 14:32:54.453 D/[Koin]  (10274): | create instance for [type:Scoped,scope:'FitTime', primary_type:'com.huami.fittime.O00000o.O00000Oo.O000000o']
09-01 14:32:54.453 D/[Koin]  (10274): +- get 'com.huami.fittime.O00000oo.O00O0Oo'
09-01 14:32:54.453 D/[Koin]  (10274): +- got 'com.huami.fittime.O00000oo.O00O0Oo' in 0.011042 ms
09-01 14:32:54.453 D/[Koin]  (10274): +- get 'com.huami.fittime.O000000o.O00000o'
09-01 14:32:54.453 D/[Koin]  (10274): +- got 'com.huami.fittime.O000000o.O00000o' in 0.006771 ms
09-01 14:32:54.453 D/[Koin]  (10274): +- get 'com.huami.fittime.db.FitTimeDb'
09-01 14:32:54.453 D/[Koin]  (10274): +- got 'com.huami.fittime.db.FitTimeDb' in 0.008073 ms
09-01 14:32:54.453 D/[Koin]  (10274): +- get 'com.huami.fittime.ui.base.O00000o0.O000000o'
09-01 14:32:54.453 D/[Koin]  (10274): | create instance for [type:Factory,primary_type:'com.huami.fittime.ui.base.O00000o0.O000000o']
09-01 14:32:54.453 D/[Koin]  (10274): +- get 'com.huami.training.O0000O0o.O000000o.O00000o0'
09-01 14:32:54.453 D/[Koin]  (10274): | create instance for [type:Factory,primary_type:'com.huami.training.O0000O0o.O000000o.O00000o0']
09-01 14:32:54.453 D/[Koin]  (10274): +- get 'com.huami.training.O0000o0.O000OO0o'
09-01 14:32:54.453 D/[Koin]  (10274): | create instance for [type:Factory,primary_type:'com.huami.training.O0000o0.O000OO0o']
09-01 14:32:54.453 D/[Koin]  (10274): +- get 'com.huami.training.O0000Oo.O000000o'
09-01 14:32:54.453 D/[Koin]  (10274): +- got 'com.huami.training.O0000Oo.O000000o' in 0.007135 ms
09-01 14:32:54.453 D/[Koin]  (10274): +- get 'com.huami.training.O0000OOo.O000OO0o'
09-01 14:32:54.453 D/[Koin]  (10274): +- got 'com.huami.training.O0000OOo.O000OO0o' in 0.007552 ms
09-01 14:32:54.453 D/[Koin]  (10274): +- get 'com.huami.training.db.TrainingDb'
09-01 14:32:54.453 D/[Koin]  (10274): +- got 'com.huami.training.db.TrainingDb' in 0.008333 ms
09-01 14:32:54.453 D/[Koin]  (10274): +- get 'com.huami.training.O000000o.O000OO0o'
09-01 14:32:54.453 D/[Koin]  (10274): | create instance for [type:Scoped,scope:'Training', primary_type:'com.huami.training.O000000o.O000OO0o']
09-01 14:32:54.456 D/[Koin]  (10274): +- get 'java.lang.String'
09-01 14:32:54.456 D/[Koin]  (10274): | create instance for [type:Scoped,scope:'Training', name:'TrainingWebHost', primary_type:'java.lang.String']
09-01 14:32:54.456 D/[Koin]  (10274): +- get 'java.lang.String'
09-01 14:32:54.456 D/[Koin]  (10274): +- got 'java.lang.String' in 0.010417 ms
09-01 14:32:54.456 D/[Koin]  (10274): +- got 'java.lang.String' in 0.133073 ms
09-01 14:32:54.456 D/[Koin]  (10274): +- get 'com.huami.training.O0000OOo.O000OO0o'
09-01 14:32:54.456 D/[Koin]  (10274): +- got 'com.huami.training.O0000OOo.O000OO0o' in 0.008333 ms
09-01 14:32:54.456 D/[Koin]  (10274): +- got 'com.huami.training.O000000o.O000OO0o' in 2.84875 ms
09-01 14:32:54.457 D/[Koin]  (10274): +- got 'com.huami.training.O0000o0.O000OO0o' in 3.788646 ms
09-01 14:32:54.457 D/[Koin]  (10274): +- got 'com.huami.training.O0000O0o.O000000o.O00000o0' in 3.897708 ms
09-01 14:32:54.458 D/[Koin]  (10274): +- got 'com.huami.fittime.ui.base.O00000o0.O000000o' in 4.58224 ms
09-01 14:32:54.458 D/[Koin]  (10274): +- got 'com.huami.fittime.O00000o.O00000Oo.O000000o' in 5.107708 ms
09-01 14:32:54.458 D/[Koin]  (10274): +- get 'com.huami.fittime.O00000oO.O00oOooO'
09-01 14:32:54.458 V/AsyncHttpResponse(10274): Progress 12 from 12 (100%)
09-01 14:32:54.458 D/[Koin]  (10274): +- got 'com.huami.fittime.O00000oO.O00oOooO' in 0.023229 ms
09-01 14:32:54.458 V/AsyncHttpResponse(10274): Progress 3 from 3 (100%)
09-01 14:32:54.458 D/[Koin]  (10274): +- get 'com.huami.fittime.ui.profile.O00000Oo'
09-01 14:32:54.458 D/[Koin]  (10274): | create instance for [type:Factory,primary_type:'com.huami.fittime.ui.profile.O00000Oo']
09-01 14:32:54.458 D/[Koin]  (10274): +- get 'com.huami.fittime.O00000oo.O00O0Oo'
09-01 14:32:54.458 D/[Koin]  (10274): +- got 'com.huami.fittime.O00000oo.O00O0Oo' in 0.009271 ms
09-01 14:32:54.458 D/[Koin]  (10274): +- get 'com.huami.fittime.db.FitTimeDb'
09-01 14:32:54.458 D/[Koin]  (10274): +- got 'com.huami.fittime.db.FitTimeDb' in 0.012084 ms
09-01 14:32:54.458 D/[Koin]  (10274): +- got 'com.huami.fittime.ui.profile.O00000Oo' in 0.270833 ms
09-01 14:32:54.458 D/[Koin]  (10274): +- get 'com.huami.fittime.ui.diary.O00000o0.O0000OOo'
09-01 14:32:54.458 D/[Koin]  (10274): | create instance for [type:Factory,primary_type:'com.huami.fittime.ui.diary.O00000o0.O0000OOo']
09-01 14:32:54.458 D/[Koin]  (10274): +- get 'com.huami.fittime.O000000o.O00000o'
09-01 14:32:54.458 D/[Koin]  (10274): +- got 'com.huami.fittime.O000000o.O00000o' in 0.011354 ms
09-01 14:32:54.458 D/[Koin]  (10274): +- get 'com.huami.fittime.O00000oO.O00oOooO'
09-01 14:32:54.458 D/[Koin]  (10274): +- got 'com.huami.fittime.O00000oO.O00oOooO' in 0.008125 ms
09-01 14:32:54.458 D/[Koin]  (10274): +- get 'com.huami.fittime.db.FitTimeDb'
09-01 14:32:54.458 D/[Koin]  (10274): +- got 'com.huami.fittime.db.FitTimeDb' in 0.00724 ms
09-01 14:32:54.459 D/[Koin]  (10274): +- got 'com.huami.fittime.ui.diary.O00000o0.O0000OOo' in 1.026459 ms
09-01 14:32:54.460 D/[Koin]  (10274): +- got 'com.huami.fittime.ui.profile.O0000O0o' in 36.435677 ms
09-01 14:32:54.460 D/[Koin]  (10274): +- get 'com.huami.message.O0000OoO.O0000Oo'
09-01 14:32:54.460 D/[Koin]  (10274): | create instance for [type:Factory,primary_type:'com.huami.message.O0000OoO.O0000Oo']
09-01 14:32:54.460 D/[Koin]  (10274): !- create scope - id:Message q:Message
09-01 14:32:54.461 D/[Koin]  (10274): bind type:'com.huami.message.O000000o.O00000o' ~ [type:Scoped,scope:'Message', primary_type:'com.huami.message.O000000o.O00000o']
09-01 14:32:54.461 D/[Koin]  (10274): bind type:'com.huami.message.O0000O0o.O0000OOo' ~ [type:Scoped,scope:'Message', primary_type:'com.huami.message.O0000O0o.O0000OOo']
09-01 14:32:54.461 D/[Koin]  (10274): bind type:'com.huami.message.db.MessageDb' ~ [type:Scoped,scope:'Message', primary_type:'com.huami.message.db.MessageDb']
09-01 14:32:54.461 D/[Koin]  (10274): bind type:'com.huami.message.O00000oo.O0000Oo' ~ [type:Scoped,scope:'Message', primary_type:'com.huami.message.O00000oo.O0000Oo']
09-01 14:32:54.461 D/[Koin]  (10274): bind type:'com.huami.message.O0000Oo0.O000000o' ~ [type:Scoped,scope:'Message', primary_type:'com.huami.message.O0000Oo0.O000000o']
09-01 14:32:54.461 D/[Koin]  (10274): bind qualifier:'MessageWebHost' ~ [type:Scoped,scope:'Message', name:'MessageWebHost', primary_type:'java.lang.String']
09-01 14:32:54.461 D/[Koin]  (10274): bind type:'com.huami.message.O00000o.O0000Oo0' ~ [type:Scoped,scope:'Message', primary_type:'com.huami.message.O00000o.O0000Oo0']
09-01 14:32:54.461 D/[Koin]  (10274): bind type:'com.huami.training.O0000OOo.O000000o' ~ [type:Scoped,scope:'Message', primary_type:'com.huami.training.O0000OOo.O000000o']
09-01 14:32:54.461 D/[Koin]  (10274): +- get 'com.huami.message.O0000OOo.O000000o'
09-01 14:32:54.461 D/[Koin]  (10274): | create instance for [type:Factory,primary_type:'com.huami.message.O0000OOo.O000000o']
09-01 14:32:54.461 D/[Koin]  (10274): +- get 'com.huami.message.O000000o.O00000o'
09-01 14:32:54.461 D/[Koin]  (10274): | create instance for [type:Scoped,scope:'Message', primary_type:'com.huami.message.O000000o.O00000o']
09-01 14:32:54.462 D/[Koin]  (10274): +- get 'java.lang.String'
09-01 14:32:54.462 D/[Koin]  (10274): | create instance for [type:Scoped,scope:'Message', name:'MessageWebHost', primary_type:'java.lang.String']
09-01 14:32:54.462 D/[Koin]  (10274): +- get 'java.lang.String'
09-01 14:32:54.462 D/[Koin]  (10274): +- got 'java.lang.String' in 0.009479 ms
09-01 14:32:54.462 D/[Koin]  (10274): +- got 'java.lang.String' in 0.112343 ms
09-01 14:32:54.462 D/[Koin]  (10274): +- get 'com.huami.message.O00000o.O0000Oo0'
09-01 14:32:54.462 D/[Koin]  (10274): | create instance for [type:Scoped,scope:'Message', primary_type:'com.huami.message.O00000o.O0000Oo0']
09-01 14:32:54.462 D/[Koin]  (10274): +- get 'java.lang.String'
09-01 14:32:54.462 D/[Koin]  (10274): +- got 'java.lang.String' in 0.010521 ms
09-01 14:32:54.462 D/[Koin]  (10274): +- get 'O00000oO.O0000Ooo.O000000o.O00000Oo'
09-01 14:32:54.462 D/[Koin]  (10274): +- got 'O00000oO.O0000Ooo.O000000o.O00000Oo' in 0.007813 ms
09-01 14:32:54.462 D/[Koin]  (10274): +- get 'O00000oO.O0000Ooo.O000000o.O00000Oo'
09-01 14:32:54.462 D/[Koin]  (10274): +- got 'O00000oO.O0000Ooo.O000000o.O00000Oo' in 0.007187 ms
09-01 14:32:54.462 D/[Koin]  (10274): +- get 'O00000oO.O0000Ooo.O000000o.O00000Oo'
09-01 14:32:54.462 D/[Koin]  (10274): +- got 'O00000oO.O0000Ooo.O000000o.O00000Oo' in 0.007188 ms
09-01 14:32:54.462 D/[Koin]  (10274): +- get 'O00000oO.O0000Ooo.O000000o.O00000Oo'
09-01 14:32:54.462 D/[Koin]  (10274): +- got 'O00000oO.O0000Ooo.O000000o.O00000Oo' in 0.007865 ms
09-01 14:32:54.462 D/[Koin]  (10274): +- got 'com.huami.message.O00000o.O0000Oo0' in 0.385052 ms
09-01 14:32:54.462 D/[Koin]  (10274): +- got 'com.huami.message.O000000o.O00000o' in 1.407084 ms
09-01 14:32:54.462 D/[Koin]  (10274): +- get 'com.huami.message.db.MessageDb'
09-01 14:32:54.462 D/[Koin]  (10274): | create instance for [type:Scoped,scope:'Message', primary_type:'com.huami.message.db.MessageDb']
09-01 14:32:54.462 D/[Koin]  (10274): +- get 'android.content.Context'
09-01 14:32:54.462 D/[Koin]  (10274): +- got 'android.content.Context' in 0.01099 ms
09-01 14:32:54.462 D/[Koin]  (10274): +- get 'com.huami.message.O00000o.O0000Oo0'
09-01 14:32:54.462 D/[Koin]  (10274): +- got 'com.huami.message.O00000o.O0000Oo0' in 0.008646 ms
09-01 14:32:54.464 D/[Koin]  (10274): +- got 'com.huami.message.db.MessageDb' in 1.832083 ms
09-01 14:32:54.464 D/[Koin]  (10274): +- get 'com.huami.message.O0000Oo0.O000000o'
09-01 14:32:54.464 D/[Koin]  (10274): | create instance for [type:Scoped,scope:'Message', primary_type:'com.huami.message.O0000Oo0.O000000o']
09-01 14:32:54.464 D/[Koin]  (10274): +- got 'com.huami.message.O0000Oo0.O000000o' in 0.240573 ms
09-01 14:32:54.466 D/[Koin]  (10274): +- got 'com.huami.message.O0000OOo.O000000o' in 4.765 ms
09-01 14:32:54.467 D/[Koin]  (10274): +- got 'com.huami.message.O0000OoO.O0000Oo' in 6.222292 ms
09-01 14:32:54.467 W/AsyncHttpResponse(10274): Current thread has not called Looper.prepare().Forcing synchronous mode
09-01 14:32:54.468 D/[Koin]  (10274): +- get 'com.huami.femalehealth.uilib.viewmodel.FemaleMifitViewModel'
09-01 14:32:54.468 D/[Koin]  (10274): | create instance for [type:Factory,primary_type:'com.huami.femalehealth.uilib.viewmodel.FemaleMifitViewModel']
09-01 14:32:54.468 D/[Koin]  (10274): +- get 'com.huami.femalehealth.logiclib.O0000O0o.O0000O0o'
09-01 14:32:54.469 D/[Koin]  (10274): | create instance for [type:Factory,primary_type:'com.huami.femalehealth.logiclib.O0000O0o.O0000O0o']
09-01 14:32:54.469 D/[Koin]  (10274): +- get 'com.huami.femalehealth.logiclib.O00000oO.O0000O0o'
09-01 14:32:54.469 D/[Koin]  (10274): +- got 'com.huami.femalehealth.logiclib.O00000oO.O0000O0o' in 0.01875 ms
09-01 14:32:54.469 D/[Koin]  (10274): +- get 'com.huami.femalehealth.logiclib.O000000o.O00000Oo'
09-01 14:32:54.469 D/[Koin]  (10274): +- got 'com.huami.femalehealth.logiclib.O000000o.O00000Oo' in 0.007865 ms
09-01 14:32:54.469 D/[Koin]  (10274): +- get 'com.huami.femalehealth.logiclib.O00000oO.O00oOooO'
09-01 14:32:54.469 D/[Koin]  (10274): +- got 'com.huami.femalehealth.logiclib.O00000oO.O00oOooO' in 0.027292 ms
09-01 14:32:54.469 D/[Koin]  (10274): +- get 'com.huami.femalehealth.logiclib.O00000Oo.O00000o'
09-01 14:32:54.469 D/[Koin]  (10274): | create instance for [type:Factory,primary_type:'com.huami.femalehealth.logiclib.O00000Oo.O00000o']
09-01 14:32:54.469 D/[Koin]  (10274): +- get 'com.huami.femalehealth.logiclib.O00000oO.O0000O0o'
09-01 14:32:54.469 D/[Koin]  (10274): +- got 'com.huami.femalehealth.logiclib.O00000oO.O0000O0o' in 0.007032 ms
09-01 14:32:54.469 D/[Koin]  (10274): +- get 'com.huami.femalehealth.logiclib.O000000o.O00000Oo'
09-01 14:32:54.469 D/[Koin]  (10274): +- got 'com.huami.femalehealth.logiclib.O000000o.O00000Oo' in 0.006198 ms
09-01 14:32:54.469 D/[Koin]  (10274): +- get 'com.huami.femalehealth.logiclib.db.FemaleHealthDb'
09-01 14:32:54.469 D/[Koin]  (10274): +- got 'com.huami.femalehealth.logiclib.db.FemaleHealthDb' in 0.007396 ms
09-01 14:32:54.469 D/[Koin]  (10274): +- get 'com.huami.femalehealth.logiclib.O00000Oo.O00000Oo'
09-01 14:32:54.469 D/[Koin]  (10274): +- got 'com.huami.femalehealth.logiclib.O00000Oo.O00000Oo' in 0.007761 ms
09-01 14:32:54.469 D/[Koin]  (10274): +- get 'com.huami.femalehealth.logiclib.O00000oO.O00oOooO'
09-01 14:32:54.469 D/[Koin]  (10274): +- got 'com.huami.femalehealth.logiclib.O00000oO.O00oOooO' in 0.006719 ms
09-01 14:32:54.469 D/[Koin]  (10274): +- got 'com.huami.femalehealth.logiclib.O00000Oo.O00000o' in 0.225053 ms
09-01 14:32:54.470 D/[Koin]  (10274): +- got 'com.huami.femalehealth.logiclib.O0000O0o.O0000O0o' in 1.084688 ms
09-01 14:32:54.470 D/[Koin]  (10274): +- get 'com.huami.femalehealth.logiclib.O0000O0o.O00000o'
09-01 14:32:54.470 D/[Koin]  (10274): | create instance for [type:Factory,primary_type:'com.huami.femalehealth.logiclib.O0000O0o.O00000o']
09-01 14:32:54.470 D/[Koin]  (10274): +- get 'com.huami.femalehealth.logiclib.O00000oO.O0000O0o'
09-01 14:32:54.470 D/[Koin]  (10274): +- got 'com.huami.femalehealth.logiclib.O00000oO.O0000O0o' in 0.015625 ms
09-01 14:32:54.470 D/[Koin]  (10274): +- get 'com.huami.femalehealth.logiclib.O000000o.O00000Oo'
09-01 14:32:54.470 D/[Koin]  (10274): +- got 'com.huami.femalehealth.logiclib.O000000o.O00000Oo' in 0.010052 ms
09-01 14:32:54.470 D/[Koin]  (10274): +- get 'com.huami.femalehealth.logiclib.db.FemaleHealthDb'
09-01 14:32:54.470 D/[Koin]  (10274): +- got 'com.huami.femalehealth.logiclib.db.FemaleHealthDb' in 0.006823 ms
09-01 14:32:54.470 D/[Koin]  (10274): +- get 'com.huami.femalehealth.logiclib.O00000Oo.O00000o'
09-01 14:32:54.470 D/[Koin]  (10274): | create instance for [type:Factory,primary_type:'com.huami.femalehealth.logiclib.O00000Oo.O00000o']
09-01 14:32:54.470 D/[Koin]  (10274): +- get 'com.huami.femalehealth.logiclib.O00000oO.O0000O0o'
09-01 14:32:54.470 D/[Koin]  (10274): +- got 'com.huami.femalehealth.logiclib.O00000oO.O0000O0o' in 0.007188 ms
09-01 14:32:54.470 D/[Koin]  (10274): +- get 'com.huami.femalehealth.logiclib.O000000o.O00000Oo'
09-01 14:32:54.470 D/[Koin]  (10274): +- got 'com.huami.femalehealth.logiclib.O000000o.O00000Oo' in 0.006667 ms
09-01 14:32:54.470 D/[Koin]  (10274): +- get 'com.huami.femalehealth.logiclib.db.FemaleHealthDb'
09-01 14:32:54.470 D/[Koin]  (10274): +- got 'com.huami.femalehealth.logiclib.db.FemaleHealthDb' in 0.006458 ms
09-01 14:32:54.470 D/[Koin]  (10274): +- get 'com.huami.femalehealth.logiclib.O00000Oo.O00000Oo'
09-01 14:32:54.470 D/[Koin]  (10274): +- got 'com.huami.femalehealth.logiclib.O00000Oo.O00000Oo' in 0.007604 ms
09-01 14:32:54.470 D/[Koin]  (10274): +- get 'com.huami.femalehealth.logiclib.O00000oO.O00oOooO'
09-01 14:32:54.470 D/[Koin]  (10274): +- got 'com.huami.femalehealth.logiclib.O00000oO.O00oOooO' in 0.00724 ms
09-01 14:32:54.470 D/[Koin]  (10274): +- got 'com.huami.femalehealth.logiclib.O00000Oo.O00000o' in 0.203698 ms
09-01 14:32:54.470 D/[Koin]  (10274): +- get 'com.huami.femalehealth.logiclib.O00000Oo.O00000o0'
09-01 14:32:54.470 D/[Koin]  (10274): | create instance for [type:Factory,primary_type:'com.huami.femalehealth.logiclib.O00000Oo.O00000o0']
09-01 14:32:54.470 D/[Koin]  (10274): +- got 'com.huami.femalehealth.logiclib.O00000Oo.O00000o0' in 0.032344 ms
09-01 14:32:54.470 D/[Koin]  (10274): +- got 'com.huami.femalehealth.logiclib.O0000O0o.O00000o' in 0.489219 ms
09-01 14:32:54.472 V/AsyncHttpResponse(10274): Progress 357 from 357 (100%)
09-01 14:32:54.472 D/[Koin]  (10274): +- got 'com.huami.femalehealth.uilib.viewmodel.FemaleMifitViewModel' in 4.057969 ms
09-01 14:32:54.481 D/Event   (10274): No subscribers registered for event class com.xiaomi.hm.health.O0000o00.O000OOo0
09-01 14:32:54.481 D/Event   (10274): No subscribers registered for event class O00000Oo.O000000o.O000000o.O0000Oo0
09-01 14:32:54.483 W/AsyncHttpResponse(10274): Current thread has not called Looper.prepare().Forcing synchronous mode
09-01 14:32:54.488 D/RecentsImpl( 7676): mActivityStateObserver com.xiaomi.hm.health.activity.MainTabActivity
09-01 14:32:54.494 V/xiaomi  (10274): [Thread:6380] receive an intent from server, action=com.xiaomi.mipush.RECEIVE_MESSAGE
09-01 14:32:54.494 V/xiaomi  (10274): receiving an empty message, drop
09-01 14:32:54.496 V/xiaomi  (10274): [Thread:6380] receive an intent from server, action=com.xiaomi.mipush.RECEIVE_MESSAGE
09-01 14:32:54.496 V/xiaomi  (10274): receiving an empty message, drop
09-01 14:32:54.496 V/xiaomi  (10274): [Thread:6380] receive an intent from server, action=com.xiaomi.mipush.RECEIVE_MESSAGE
09-01 14:32:54.496 V/xiaomi  (10274): receiving an empty message, drop
09-01 14:32:54.497 V/AsyncHttpResponse(10274): Progress 2355 from 2355 (100%)
09-01 14:32:54.503 V/xiaomi  (10274): [Thread:6380] receive an intent from server, action=com.xiaomi.mipush.RECEIVE_MESSAGE
09-01 14:32:54.503 V/xiaomi  (10274): receiving an empty message, drop
09-01 14:32:54.504 V/xiaomi  (10274): [Thread:6380] receive an intent from server, action=com.xiaomi.mipush.RECEIVE_MESSAGE
09-01 14:32:54.504 V/xiaomi  (10274): receiving an empty message, drop
09-01 14:32:54.505 V/xiaomi  (10274): [Thread:6380] receive an intent from server, action=com.xiaomi.mipush.RECEIVE_MESSAGE
09-01 14:32:54.505 V/xiaomi  (10274): receiving an empty message, drop
09-01 14:32:54.507 W/System.err(10274): java.lang.ClassNotFoundException: com.xiaomi.hm.health.BuildConfig
09-01 14:32:54.507 W/System.err(10274): 	at java.lang.Class.classForName(Native Method)
09-01 14:32:54.507 W/System.err(10274): 	at java.lang.Class.forName(Class.java:454)
09-01 14:32:54.507 W/System.err(10274): 	at java.lang.Class.forName(Class.java:379)
09-01 14:32:54.507 W/System.err(10274): 	at com.xiaomi.market.sdk.XiaomiUpdateAgent.update(XiaomiUpdateAgent.java:55)
09-01 14:32:54.507 W/System.err(10274): 	at com.xiaomi.hm.health.O00000o.O000000o.O000000o(AppUpgradeManager.java:540)
09-01 14:32:54.507 W/System.err(10274): 	at com.xiaomi.hm.health.O00000o.O000000o.O000000o(AppUpgradeManager.java:620)
09-01 14:32:54.507 W/System.err(10274): 	at com.xiaomi.hm.health.O00000o.O000000o.O000000o(AppUpgradeManager.java:142)
09-01 14:32:54.507 W/System.err(10274): 	at com.xiaomi.hm.health.O00000o.O000000o.O000000o(AppUpgradeManager.java:46)
09-01 14:32:54.507 W/System.err(10274): 	at com.xiaomi.hm.health.O00000o.O000000o$O000000o.onItem(AppUpgradeManager.java:106)
09-01 14:32:54.507 W/System.err(10274): 	at com.huami.O0000o0.O000000o.O00000o.O00000o0.onSuccess(IHMHttpResponseHandler.java:14)
09-01 14:32:54.507 W/System.err(10274): 	at com.huami.O0000o0.O000000o.O00000Oo$1.O000000o(HMHttpRequest.java:158)
09-01 14:32:54.507 W/System.err(10274): 	at com.huami.O0000o0.O000000o.O00000Oo$1.b_(HMHttpRequest.java:141)
09-01 14:32:54.507 V/xiaomi  (10274): [Thread:6380] receive an intent from server, action=com.xiaomi.mipush.RECEIVE_MESSAGE
09-01 14:32:54.507 W/System.err(10274): 	at io.O000000o.O0000O0o.O00000oO.O00000oO.oOO0O000$O000000o.O00000o(ObservableObserveOn.java:201)
09-01 14:32:54.507 V/xiaomi  (10274): receiving an empty message, drop
09-01 14:32:54.507 W/System.err(10274): 	at io.O000000o.O0000O0o.O00000oO.O00000oO.oOO0O000$O000000o.run(ObservableObserveOn.java:255)
09-01 14:32:54.507 W/System.err(10274): 	at io.O000000o.O000000o.O00000Oo.O00000Oo$O00000Oo.run(HandlerScheduler.java:109)
09-01 14:32:54.507 W/System.err(10274): 	at android.os.Handler.handleCallback(Handler.java:883)
09-01 14:32:54.507 W/System.err(10274): 	at android.os.Handler.dispatchMessage(Handler.java:100)
09-01 14:32:54.507 W/System.err(10274): 	at android.os.Looper.loop(Looper.java:224)
09-01 14:32:54.507 W/System.err(10274): 	at android.app.ActivityThread.main(ActivityThread.java:7551)
09-01 14:32:54.507 W/System.err(10274): 	at java.lang.reflect.Method.invoke(Native Method)
09-01 14:32:54.507 W/System.err(10274): 	at com.android.internal.os.RuntimeInit$MethodAndArgsCaller.run(RuntimeInit.java:539)
09-01 14:32:54.507 W/System.err(10274): 	at com.android.internal.os.ZygoteInit.main(ZygoteInit.java:950)
09-01 14:32:54.507 W/System.err(10274): Caused by: java.lang.ClassNotFoundException: com.xiaomi.hm.health.BuildConfig
09-01 14:32:54.507 W/System.err(10274): 	... 22 more
09-01 14:32:54.508 V/xiaomi  (10274): [Thread:6380] receive an intent from server, action=com.xiaomi.mipush.RECEIVE_MESSAGE
09-01 14:32:54.508 V/xiaomi  (10274): receiving an empty message, drop
09-01 14:32:54.508 V/AsyncHttpResponse(10274): Progress 12 from 12 (100%)
09-01 14:32:54.508 V/xiaomi  (10274): [Thread:6380] receive an intent from server, action=com.xiaomi.mipush.RECEIVE_MESSAGE
09-01 14:32:54.508 V/xiaomi  (10274): receiving an empty message, drop
09-01 14:32:54.510 V/xiaomi  (10274): [Thread:6380] receive an intent from server, action=com.xiaomi.mipush.RECEIVE_MESSAGE
09-01 14:32:54.510 V/xiaomi  (10274): receiving an empty message, drop
09-01 14:32:54.511 V/xiaomi  (10274): [Thread:6380] receive an intent from server, action=com.xiaomi.mipush.RECEIVE_MESSAGE
09-01 14:32:54.511 V/xiaomi  (10274): receiving an empty message, drop
09-01 14:32:54.511 W/AsyncHttpResponse(10274): Current thread has not called Looper.prepare().Forcing synchronous mode
09-01 14:32:54.520 W/DevicePolicyManager( 1639): Package com.xiaomi.hm.health (uid=10241, pid=10274) cannot access Device IDs
09-01 14:32:54.521 W/TelephonyPermissions( 2698): reportAccessDeniedToReadIdentifiers:com.xiaomi.hm.health:getDeviceId:isPreinstalled=false:isPrivApp=false
09-01 14:32:54.521 E/MarketSdkClient(10274): getDeviceId: The user 10241 does not meet the requirements to access device identifiers.
09-01 14:32:54.521 E/MarketSdkClient(10274): java.lang.SecurityException: getDeviceId: The user 10241 does not meet the requirements to access device identifiers.
09-01 14:32:54.521 E/MarketSdkClient(10274): 	at android.os.Parcel.createException(Parcel.java:2074)
09-01 14:32:54.521 E/MarketSdkClient(10274): 	at android.os.Parcel.readException(Parcel.java:2042)
09-01 14:32:54.521 E/MarketSdkClient(10274): 	at android.os.Parcel.readException(Parcel.java:1990)
09-01 14:32:54.521 E/MarketSdkClient(10274): 	at com.android.internal.telephony.ITelephony$Stub$Proxy.getDeviceId(ITelephony.java:10389)
09-01 14:32:54.521 E/MarketSdkClient(10274): 	at java.lang.reflect.Method.invoke(Native Method)
09-01 14:32:54.521 E/MarketSdkClient(10274): 	at com.jg.bh.b.a.a.invoke(Native Method)
09-01 14:32:54.521 E/MarketSdkClient(10274): 	at java.lang.reflect.Proxy.invoke(Proxy.java:1006)
09-01 14:32:54.521 E/MarketSdkClient(10274): 	at $Proxy5.getDeviceId(Unknown Source)
09-01 14:32:54.521 E/MarketSdkClient(10274): 	at android.telephony.TelephonyManager.getDeviceId(TelephonyManager.java:1619)
09-01 14:32:54.521 E/MarketSdkClient(10274): 	at com.xiaomi.market.sdk.Client.acquireIdentity(Client.java:190)
09-01 14:32:54.521 E/MarketSdkClient(10274): 	at com.xiaomi.market.sdk.Client.init(Client.java:104)
09-01 14:32:54.521 E/MarketSdkClient(10274): 	at com.xiaomi.market.sdk.XiaomiUpdateAgent.update(XiaomiUpdateAgent.java:74)
09-01 14:32:54.521 E/MarketSdkClient(10274): 	at com.xiaomi.market.sdk.XiaomiUpdateAgent.update(XiaomiUpdateAgent.java:61)
09-01 14:32:54.521 E/MarketSdkClient(10274): 	at com.xiaomi.hm.health.O00000o.O000000o.O000000o(AppUpgradeManager.java:540)
09-01 14:32:54.521 E/MarketSdkClient(10274): 	at com.xiaomi.hm.health.O00000o.O000000o.O000000o(AppUpgradeManager.java:620)
09-01 14:32:54.521 E/MarketSdkClient(10274): 	at com.xiaomi.hm.health.O00000o.O000000o.O000000o(AppUpgradeManager.java:142)
09-01 14:32:54.521 E/MarketSdkClient(10274): 	at com.xiaomi.hm.health.O00000o.O000000o.O000000o(AppUpgradeManager.java:46)
09-01 14:32:54.521 E/MarketSdkClient(10274): 	at com.xiaomi.hm.health.O00000o.O000000o$O000000o.onItem(AppUpgradeManager.java:106)
09-01 14:32:54.521 E/MarketSdkClient(10274): 	at com.huami.O0000o0.O000000o.O00000o.O00000o0.onSuccess(IHMHttpResponseHandler.java:14)
09-01 14:32:54.521 E/MarketSdkClient(10274): 	at com.huami.O0000o0.O000000o.O00000Oo$1.O000000o(HMHttpRequest.java:158)
09-01 14:32:54.521 E/MarketSdkClient(10274): 	at com.huami.O0000o0.O000000o.O00000Oo$1.b_(HMHttpRequest.java:141)
09-01 14:32:54.521 E/MarketSdkClient(10274): 	at io.O000000o.O0000O0o.O00000oO.O00000oO.oOO0O000$O000000o.O00000o(ObservableObserveOn.java:201)
09-01 14:32:54.521 E/MarketSdkClient(10274): 	at io.O000000o.O0000O0o.O00000oO.O00000oO.oOO0O000$O000000o.run(ObservableObserveOn.java:255)
09-01 14:32:54.521 E/MarketSdkClient(10274): 	at io.O000000o.O000000o.O00000Oo.O00000Oo$O00000Oo.run(HandlerScheduler.java:109)
09-01 14:32:54.521 E/MarketSdkClient(10274): 	at android.os.Handler.handleCallback(Handler.java:883)
09-01 14:32:54.521 E/MarketSdkClient(10274): 	at android.os.Handler.dispatchMessage(Handler.java:100)
09-01 14:32:54.521 E/MarketSdkClient(10274): 	at android.os.Looper.loop(Looper.java:224)
09-01 14:32:54.521 E/MarketSdkClient(10274): 	at android.app.ActivityThread.main(ActivityThread.java:7551)
09-01 14:32:54.521 E/MarketSdkClient(10274): 	at java.lang.reflect.Method.invoke(Native Method)
09-01 14:32:54.521 E/MarketSdkClient(10274): 	at com.android.internal.os.RuntimeInit$MethodAndArgsCaller.run(RuntimeInit.java:539)
09-01 14:32:54.521 E/MarketSdkClient(10274): 	at com.android.internal.os.ZygoteInit.main(ZygoteInit.java:950)
09-01 14:32:54.524 D/MarketUpdateAgent(10274): start to check update
09-01 14:32:54.525 E/MarketPatcher(10274): load patcher library failed : java.lang.UnsatisfiedLinkError: dalvik.system.PathClassLoader[DexPathList[[zip file "/data/app/com.xiaomi.hm.health-ooUo9xQvewNmlnoHhfDwKQ==/base.apk", dex file "/data/app/com.xiaomi.hm.health-ooUo9xQvewNmlnoHhfDwKQ==/base.apk"],nativeLibraryDirectories=[/data/app/com.xiaomi.hm.health-ooUo9xQvewNmlnoHhfDwKQ==/lib/arm64, /data/app/com.xiaomi.hm.health-ooUo9xQvewNmlnoHhfDwKQ==/base.apk!/lib/arm64-v8a, /system/lib64, /system/product/lib64]]] couldn't find "libsdk_patcher_jni.so"
09-01 14:32:54.526 V/AsyncHttpResponse(10274): Progress 156 from 156 (100%)
09-01 14:32:54.532 D/AppOpsAdapter( 5211): using permission notify! 32
09-01 14:32:54.534 D/Event   (10274): No subscribers registered for event class com.xiaomi.hm.health.bodyfat.O00000Oo.O00oOooO
09-01 14:32:54.534 D/Event   (10274): No subscribers registered for event class O00000Oo.O000000o.O000000o.O0000Oo0
09-01 14:32:54.536 I/BehaviorRecord-Monitor( 5237): com.xiaomi.hm.health , perm: 32 , operation 3 , current size: 0
09-01 14:32:54.543 D/[Koin]  (10274): +- get 'com.huami.femalehealth.uilib.O00000o0.O0000Oo'
09-01 14:32:54.543 D/[Koin]  (10274): | create instance for [type:Factory,primary_type:'com.huami.femalehealth.uilib.O00000o0.O0000Oo']
09-01 14:32:54.543 D/[Koin]  (10274): +- get 'com.huami.femalehealth.logiclib.O00000oO.O00oOooO'
09-01 14:32:54.543 D/[Koin]  (10274): +- got 'com.huami.femalehealth.logiclib.O00000oO.O00oOooO' in 0.02 ms
09-01 14:32:54.543 D/[Koin]  (10274): +- get 'com.huami.femalehealth.logiclib.O0000O0o.O00000o'
09-01 14:32:54.543 D/[Koin]  (10274): | create instance for [type:Factory,primary_type:'com.huami.femalehealth.logiclib.O0000O0o.O00000o']
09-01 14:32:54.543 D/[Koin]  (10274): +- get 'com.huami.femalehealth.logiclib.O00000oO.O0000O0o'
09-01 14:32:54.544 D/[Koin]  (10274): +- got 'com.huami.femalehealth.logiclib.O00000oO.O0000O0o' in 0.009375 ms
09-01 14:32:54.544 D/[Koin]  (10274): +- get 'com.huami.femalehealth.logiclib.O000000o.O00000Oo'
09-01 14:32:54.544 D/[Koin]  (10274): +- got 'com.huami.femalehealth.logiclib.O000000o.O00000Oo' in 0.007292 ms
09-01 14:32:54.544 D/[Koin]  (10274): +- get 'com.huami.femalehealth.logiclib.db.FemaleHealthDb'
09-01 14:32:54.544 D/[Koin]  (10274): +- got 'com.huami.femalehealth.logiclib.db.FemaleHealthDb' in 0.010468 ms
09-01 14:32:54.544 D/[Koin]  (10274): +- get 'com.huami.femalehealth.logiclib.O00000Oo.O00000o'
09-01 14:32:54.544 D/[Koin]  (10274): | create instance for [type:Factory,primary_type:'com.huami.femalehealth.logiclib.O00000Oo.O00000o']
09-01 14:32:54.544 D/[Koin]  (10274): +- get 'com.huami.femalehealth.logiclib.O00000oO.O0000O0o'
09-01 14:32:54.544 D/[Koin]  (10274): +- got 'com.huami.femalehealth.logiclib.O00000oO.O0000O0o' in 0.008334 ms
09-01 14:32:54.544 D/[Koin]  (10274): +- get 'com.huami.femalehealth.logiclib.O000000o.O00000Oo'
09-01 14:32:54.544 D/[Koin]  (10274): +- got 'com.huami.femalehealth.logiclib.O000000o.O00000Oo' in 0.01151 ms
09-01 14:32:54.544 D/[Koin]  (10274): +- get 'com.huami.femalehealth.logiclib.db.FemaleHealthDb'
09-01 14:32:54.544 D/[Koin]  (10274): +- got 'com.huami.femalehealth.logiclib.db.FemaleHealthDb' in 0.009323 ms
09-01 14:32:54.544 D/[Koin]  (10274): +- get 'com.huami.femalehealth.logiclib.O00000Oo.O00000Oo'
09-01 14:32:54.544 D/[Koin]  (10274): +- got 'com.huami.femalehealth.logiclib.O00000Oo.O00000Oo' in 0.008645 ms
09-01 14:32:54.544 D/[Koin]  (10274): +- get 'com.huami.femalehealth.logiclib.O00000oO.O00oOooO'
09-01 14:32:54.544 D/[Koin]  (10274): +- got 'com.huami.femalehealth.logiclib.O00000oO.O00oOooO' in 0.010938 ms
09-01 14:32:54.544 D/[Koin]  (10274): +- got 'com.huami.femalehealth.logiclib.O00000Oo.O00000o' in 0.263282 ms
09-01 14:32:54.544 D/[Koin]  (10274): +- get 'com.huami.femalehealth.logiclib.O00000Oo.O00000o0'
09-01 14:32:54.544 D/[Koin]  (10274): | create instance for [type:Factory,primary_type:'com.huami.femalehealth.logiclib.O00000Oo.O00000o0']
09-01 14:32:54.544 D/[Koin]  (10274): +- got 'com.huami.femalehealth.logiclib.O00000Oo.O00000o0' in 0.037916 ms
09-01 14:32:54.544 D/[Koin]  (10274): +- got 'com.huami.femalehealth.logiclib.O0000O0o.O00000o' in 0.587083 ms
09-01 14:32:54.544 D/[Koin]  (10274): +- got 'com.huami.femalehealth.uilib.O00000o0.O0000Oo' in 1.009115 ms
09-01 14:32:54.548 V/AsyncHttpResponse(10274): Progress 315 from 315 (100%)
09-01 14:32:54.559 W/AsyncHttpResponse(10274): Current thread has not called Looper.prepare().Forcing synchronous mode
09-01 14:32:54.562 D/[Koin]  (10274): +- get 'com.huami.message.O0000OoO.O0000Oo'
09-01 14:32:54.562 D/[Koin]  (10274): | create instance for [type:Factory,primary_type:'com.huami.message.O0000OoO.O0000Oo']
09-01 14:32:54.562 D/[Koin]  (10274): +- get 'com.huami.message.O0000OOo.O000000o'
09-01 14:32:54.563 D/[Koin]  (10274): | create instance for [type:Factory,primary_type:'com.huami.message.O0000OOo.O000000o']
09-01 14:32:54.563 D/[Koin]  (10274): +- get 'com.huami.message.O000000o.O00000o'
09-01 14:32:54.563 D/[Koin]  (10274): +- got 'com.huami.message.O000000o.O00000o' in 0.018334 ms
09-01 14:32:54.563 D/[Koin]  (10274): +- get 'com.huami.message.db.MessageDb'
09-01 14:32:54.563 D/[Koin]  (10274): +- got 'com.huami.message.db.MessageDb' in 0.008386 ms
09-01 14:32:54.563 D/[Koin]  (10274): +- get 'com.huami.message.O0000Oo0.O000000o'
09-01 14:32:54.563 D/[Koin]  (10274): +- got 'com.huami.message.O0000Oo0.O000000o' in 0.006771 ms
09-01 14:32:54.563 D/[Koin]  (10274): +- got 'com.huami.message.O0000OOo.O000000o' in 0.311875 ms
09-01 14:32:54.563 D/[Koin]  (10274): +- got 'com.huami.message.O0000OoO.O0000Oo' in 0.511458 ms
09-01 14:32:54.570 W/AsyncHttpResponse(10274): Current thread has not called Looper.prepare().Forcing synchronous mode
09-01 14:32:54.575 I/chatty  ( 8588): uid=1002(bluetooth) btu message loo expire 118 lines
09-01 14:32:54.576 D/BluetoothGatt(10274): setCharacteristicNotification() - uuid: 00000003-0000-3512-2118-0009af100700 enable: false
09-01 14:32:54.576 I/chatty  ( 8588): uid=1002(bluetooth) BT Service Call expire 254 lines
09-01 14:32:54.595 V/AsyncHttpResponse(10274): Progress 315 from 315 (100%)
09-01 14:32:54.607 V/AsyncHttpResponse(10274): Progress 162 from 162 (100%)
09-01 14:32:54.644 D/[Koin]  (10274): +- get 'com.huami.femalehealth.uilib.O00000o0.O00000o0'
09-01 14:32:54.644 D/[Koin]  (10274): | create instance for [type:Single,primary_type:'com.huami.femalehealth.uilib.O00000o0.O00000o0']
09-01 14:32:54.644 D/[Koin]  (10274): +- get 'android.content.Context'
09-01 14:32:54.644 D/[Koin]  (10274): +- got 'android.content.Context' in 0.006406 ms
09-01 14:32:54.644 D/[Koin]  (10274): +- got 'com.huami.femalehealth.uilib.O00000o0.O00000o0' in 0.201094 ms
09-01 14:32:54.665 I/appium  (10226): channel read invoked!
09-01 14:32:54.665 I/appium  (10226): channel read: POST /wd/hub/session/3b8c72a3-7a5f-4eee-8121-946476795ec0/element
09-01 14:32:54.665 D/BluetoothGatt(10274): setCharacteristicNotification() - uuid: 00000003-0000-3512-2118-0009af100700 enable: true
09-01 14:32:54.666 I/appium  (10226): Find element command using '-android uiautomator' with selector 'new UiSelector().text("运动")'.
09-01 14:32:54.666 I/appium  (10226): Waiting up to 10000ms for device to be idle
09-01 14:32:54.678 D/[Koin]  (10274): +- get 'com.huami.femalehealth.uilib.viewmodel.FemaleMifitViewModel'
09-01 14:32:54.678 D/[Koin]  (10274): | create instance for [type:Factory,primary_type:'com.huami.femalehealth.uilib.viewmodel.FemaleMifitViewModel']
09-01 14:32:54.678 D/[Koin]  (10274): +- get 'com.huami.femalehealth.logiclib.O0000O0o.O0000O0o'
09-01 14:32:54.678 D/[Koin]  (10274): | create instance for [type:Factory,primary_type:'com.huami.femalehealth.logiclib.O0000O0o.O0000O0o']
09-01 14:32:54.678 D/[Koin]  (10274): +- get 'com.huami.femalehealth.logiclib.O00000oO.O0000O0o'
09-01 14:32:54.678 D/[Koin]  (10274): +- got 'com.huami.femalehealth.logiclib.O00000oO.O0000O0o' in 0.017864 ms
09-01 14:32:54.678 D/[Koin]  (10274): +- get 'com.huami.femalehealth.logiclib.O000000o.O00000Oo'
09-01 14:32:54.678 D/[Koin]  (10274): +- got 'com.huami.femalehealth.logiclib.O000000o.O00000Oo' in 0.005312 ms
09-01 14:32:54.678 D/[Koin]  (10274): +- get 'com.huami.femalehealth.logiclib.O00000oO.O00oOooO'
09-01 14:32:54.678 D/[Koin]  (10274): +- got 'com.huami.femalehealth.logiclib.O00000oO.O00oOooO' in 0.005156 ms
09-01 14:32:54.678 D/[Koin]  (10274): +- get 'com.huami.femalehealth.logiclib.O00000Oo.O00000o'
09-01 14:32:54.678 D/[Koin]  (10274): | create instance for [type:Factory,primary_type:'com.huami.femalehealth.logiclib.O00000Oo.O00000o']
09-01 14:32:54.678 D/[Koin]  (10274): +- get 'com.huami.femalehealth.logiclib.O00000oO.O0000O0o'
09-01 14:32:54.678 D/[Koin]  (10274): +- got 'com.huami.femalehealth.logiclib.O00000oO.O0000O0o' in 0.005469 ms
09-01 14:32:54.678 D/[Koin]  (10274): +- get 'com.huami.femalehealth.logiclib.O000000o.O00000Oo'
09-01 14:32:54.678 D/[Koin]  (10274): +- got 'com.huami.femalehealth.logiclib.O000000o.O00000Oo' in 0.004271 ms
09-01 14:32:54.678 D/[Koin]  (10274): +- get 'com.huami.femalehealth.logiclib.db.FemaleHealthDb'
09-01 14:32:54.678 D/[Koin]  (10274): +- got 'com.huami.femalehealth.logiclib.db.FemaleHealthDb' in 0.006042 ms
09-01 14:32:54.678 D/[Koin]  (10274): +- get 'com.huami.femalehealth.logiclib.O00000Oo.O00000Oo'
09-01 14:32:54.678 D/[Koin]  (10274): +- got 'com.huami.femalehealth.logiclib.O00000Oo.O00000Oo' in 0.006042 ms
09-01 14:32:54.678 D/[Koin]  (10274): +- get 'com.huami.femalehealth.logiclib.O00000oO.O00oOooO'
09-01 14:32:54.678 D/[Koin]  (10274): +- got 'com.huami.femalehealth.logiclib.O00000oO.O00oOooO' in 0.005364 ms
09-01 14:32:54.678 D/[Koin]  (10274): +- got 'com.huami.femalehealth.logiclib.O00000Oo.O00000o' in 0.171771 ms
09-01 14:32:54.678 D/[Koin]  (10274): +- got 'com.huami.femalehealth.logiclib.O0000O0o.O0000O0o' in 0.345833 ms
09-01 14:32:54.678 D/[Koin]  (10274): +- get 'com.huami.femalehealth.logiclib.O0000O0o.O00000o'
09-01 14:32:54.678 D/[Koin]  (10274): | create instance for [type:Factory,primary_type:'com.huami.femalehealth.logiclib.O0000O0o.O00000o']
09-01 14:32:54.678 D/[Koin]  (10274): +- get 'com.huami.femalehealth.logiclib.O00000oO.O0000O0o'
09-01 14:32:54.678 D/[Koin]  (10274): +- got 'com.huami.femalehealth.logiclib.O00000oO.O0000O0o' in 0.004739 ms
09-01 14:32:54.678 D/[Koin]  (10274): +- get 'com.huami.femalehealth.logiclib.O000000o.O00000Oo'
09-01 14:32:54.678 D/[Koin]  (10274): +- got 'com.huami.femalehealth.logiclib.O000000o.O00000Oo' in 0.004375 ms
09-01 14:32:54.678 D/[Koin]  (10274): +- get 'com.huami.femalehealth.logiclib.db.FemaleHealthDb'
