09-01 14:32:49.343 D/[Koin]  (10274): bind type:'com.huami.mastercard.O000000o.O000000o.O000000o' ~ [type:Single,primary_type:'com.huami.mastercard.O000000o.O000000o.O000000o']
09-01 14:32:49.343 D/[Koin]  (10274): bind type:'com.huami.mastercard.O000000o.O000000o.O00000o0' ~ [type:Single,primary_type:'com.huami.mastercard.O000000o.O000000o.O00000o0']
09-01 14:32:49.343 D/[Koin]  (10274): bind type:'com.huami.mastercard.O000000o.O00000oo.O00000o' ~ [type:Single,primary_type:'com.huami.mastercard.O000000o.O00000oo.O00000o']
09-01 14:32:49.343 D/[Koin]  (10274): bind qualifier:'MASTER_DEVICE_PROVIDER' ~ [type:Single,name:'MASTER_DEVICE_PROVIDER', primary_type:'com.huami.components.O000000o.O0000Oo0']
09-01 14:32:49.343 D/[Koin]  (10274): bind qualifier:'UP_DEVICE_PROVIDER' ~ [type:Single,name:'UP_DEVICE_PROVIDER', primary_type:'com.huami.components.O000000o.O0000Oo0']
09-01 14:32:49.343 D/[Koin]  (10274): bind type:'com.huami.nfc.unionpay.api.UnionpayAppletApi' ~ [type:Single,primary_type:'com.huami.nfc.unionpay.api.UnionpayAppletApi']
09-01 14:32:49.343 D/[Koin]  (10274): bind type:'com.huami.nfc.unionpay.api.UnionpayWebApi' ~ [type:Single,primary_type:'com.huami.nfc.unionpay.api.UnionpayWebApi']
09-01 14:32:49.343 D/[Koin]  (10274): bind type:'com.huami.nfc.unionpay.api.UnionpaySdkApi' ~ [type:Single,primary_type:'com.huami.nfc.unionpay.api.UnionpaySdkApi']
09-01 14:32:49.343 D/[Koin]  (10274): bind type:'com.huami.wallet.unionpay.unionpayuimifit.repo.O00000o.O0000Oo0' ~ [type:Single,primary_type:'com.huami.wallet.unionpay.unionpayuimifit.repo.O00000o.O0000Oo0']
09-01 14:32:49.343 D/[Koin]  (10274): bind type:'com.huami.wallet.unionpay.unionpayuimifit.repo.O000000o.O00000Oo' ~ [type:Single,primary_type:'com.huami.wallet.unionpay.unionpayuimifit.repo.O000000o.O00000Oo']
09-01 14:32:49.343 D/[Koin]  (10274): bind type:'com.huami.wallet.unionpay.unionpayuimifit.repo.O000000o.O0000O0o' ~ [type:Single,primary_type:'com.huami.wallet.unionpay.unionpayuimifit.repo.O000000o.O0000O0o']
09-01 14:32:49.343 D/[Koin]  (10274): bind type:'com.huami.wallet.unionpay.unionpayuimifit.repo.O0000OOo.O0000O0o' ~ [type:Factory,primary_type:'com.huami.wallet.unionpay.unionpayuimifit.repo.O0000OOo.O0000O0o']
09-01 14:32:49.343 D/[Koin]  (10274): bind type:'com.huami.wallet.unionpay.unionpayuimifit.repo.O0000OOo.O00000o' ~ [type:Factory,primary_type:'com.huami.wallet.unionpay.unionpayuimifit.repo.O0000OOo.O00000o']
09-01 14:32:49.343 D/[Koin]  (10274): bind type:'com.huami.wallet.unionpay.unionpayuimifit.repo.O0000OOo.O00000o0' ~ [type:Factory,primary_type:'com.huami.wallet.unionpay.unionpayuimifit.repo.O0000OOo.O00000o0']
09-01 14:32:49.343 D/[Koin]  (10274): bind type:'com.huami.wallet.unionpay.unionpayuimifit.repo.O0000OOo.O0000OOo' ~ [type:Factory,primary_type:'com.huami.wallet.unionpay.unionpayuimifit.repo.O0000OOo.O0000OOo']
09-01 14:32:49.343 D/[Koin]  (10274): bind type:'com.huami.wallet.unionpay.unionpayuimifit.repo.O000000o.O0000OOo' ~ [type:Single,primary_type:'com.huami.wallet.unionpay.unionpayuimifit.repo.O000000o.O0000OOo']
09-01 14:32:49.343 D/[Koin]  (10274): bind type:'com.huami.wallet.unionpay.unionpayuimifit.repo.O000000o.O00000o' ~ [type:Single,primary_type:'com.huami.wallet.unionpay.unionpayuimifit.repo.O000000o.O00000o']
09-01 14:32:49.344 D/[Koin]  (10274): bind type:'com.huami.wallet.unionpay.unionpayuimifit.repo.O000000o.O00000o0' ~ [type:Single,primary_type:'com.huami.wallet.unionpay.unionpayuimifit.repo.O000000o.O00000o0']
09-01 14:32:49.344 D/[Koin]  (10274): bind type:'com.huami.wallet.unionpay.unionpayuimifit.O0000O0o.O00000o0' ~ [type:Single,primary_type:'com.huami.wallet.unionpay.unionpayuimifit.O0000O0o.O00000o0']
09-01 14:32:49.344 D/[Koin]  (10274): bind type:'com.huami.wallet.unionpay.unionpayuimifit.repo.O00000Oo.O00000Oo' ~ [type:Single,primary_type:'com.huami.wallet.unionpay.unionpayuimifit.repo.O00000Oo.O00000Oo']
09-01 14:32:49.344 D/[Koin]  (10274): bind type:'com.huami.wallet.unionpay.unionpayuimifit.O00000oo.O00000o' ~ [type:Single,primary_type:'com.huami.wallet.unionpay.unionpayuimifit.O00000oo.O00000o']
09-01 14:32:49.347 D/[Koin]  (10274): total 375 registered definitions
09-01 14:32:49.347 D/[Koin]  (10274): load modules in 10.925989 ms
09-01 14:32:49.348 D/[Koin]  (10274): | create instance for [type:Factory,primary_type:'com.huami.worldclock.add.O00000o']
09-01 14:32:49.349 D/[Koin]  (10274): | create instance for [type:Single,primary_type:'com.huami.worldclock.O00000o.O00000o0']
09-01 14:32:49.349 D/[Koin]  (10274): | create instance for [type:Factory,primary_type:'com.huami.worldclock.home.O00000o']
09-01 14:32:49.350 D/[Koin]  (10274): instances started in 2.293438 ms
09-01 14:32:49.408 I/speech  (10274): speech event bus register >>> (BraceletApp.java:333) -> onCreate() | Thread:main
09-01 14:32:49.531 I/MiuiNetworkPolicy( 1639): updateUidState uid = 10062, uidState = 4
09-01 14:32:49.531 D/OemNetd (  679): whiteListUid: uid=10062, wmm=add
09-01 14:32:49.534 I/MiuiNetworkPolicy( 1639): updateMLUid uid:10062,old:16,new:4
09-01 14:32:49.534 I/MiuiNetworkPolicy( 1639): isMLEnabled state:16,uid:10062,connect:DISCONNECTED
09-01 14:32:49.534 I/MiuiNetworkPolicy( 1639): isMLEnabled state:4,uid:10062,connect:DISCONNECTED
09-01 14:32:49.596 I/ACRA    (10274): ACRA is enabled for com.xiaomi.hm.health
09-01 14:32:49.649 D/[Koin]  (10274): !- create scope - id:User q:User
09-01 14:32:49.649 D/[Koin]  (10274): bind qualifier:'UserId' ~ [type:Scoped,scope:'User', name:'UserId', primary_type:'java.lang.String']
09-01 14:32:49.650 D/[Koin]  (10274): bind type:'com.xiaomi.hm.health.O000O00o' ~ [type:Scoped,scope:'User', primary_type:'com.xiaomi.hm.health.O000O00o']
09-01 14:32:49.650 D/[Koin]  (10274): bind qualifier:'Location' ~ [type:Scoped,scope:'User', name:'Location', primary_type:'O00000oO.O0000Ooo.O000000o.O00000Oo']
09-01 14:32:49.650 D/[Koin]  (10274): bind qualifier:'Nickname' ~ [type:Scoped,scope:'User', name:'Nickname', primary_type:'O00000oO.O0000Ooo.O000000o.O00000Oo']
09-01 14:32:49.650 D/[Koin]  (10274): bind qualifier:'Summary' ~ [type:Scoped,scope:'User', name:'Summary', primary_type:'O00000oO.O0000Ooo.O000000o.O00000Oo']
09-01 14:32:49.650 D/[Koin]  (10274): bind qualifier:'Avatar' ~ [type:Scoped,scope:'User', name:'Avatar', primary_type:'O00000oO.O0000Ooo.O000000o.O00000Oo']
09-01 14:32:49.650 D/[Koin]  (10274): bind qualifier:'Host' ~ [type:Scoped,scope:'User', name:'Host', primary_type:'java.lang.String']
09-01 14:32:49.650 D/[Koin]  (10274): bind qualifier:'BoundHrDevice' ~ [type:Scoped,scope:'User', name:'BoundHrDevice', primary_type:'O00000oO.O0000Ooo.O000000o.O00000Oo']
09-01 14:32:49.650 D/[Koin]  (10274): bind qualifier:'Token' ~ [type:Scoped,scope:'User', name:'Token', primary_type:'java.lang.String']
09-01 14:32:49.650 D/[Koin]  (10274): bind qualifier:'Age' ~ [type:Scoped,scope:'User', name:'Age', primary_type:'O00000oO.O0000Ooo.O000000o.O00000Oo']
09-01 14:32:49.650 D/[Koin]  (10274): bind qualifier:'Gender' ~ [type:Scoped,scope:'User', name:'Gender', primary_type:'O00000oO.O0000Ooo.O000000o.O00000Oo']
09-01 14:32:49.650 D/[Koin]  (10274): bind qualifier:'Type' ~ [type:Scoped,scope:'User', name:'Type', primary_type:'O00000oO.O0000Ooo.O000000o.O00000Oo']
09-01 14:32:49.650 D/[Koin]  (10274): +- get 'com.xiaomi.hm.health.O000O00o'
09-01 14:32:49.650 D/[Koin]  (10274): | create instance for [type:Scoped,scope:'User', primary_type:'com.xiaomi.hm.health.O000O00o']
09-01 14:32:49.651 D/[Koin]  (10274): +- got 'com.xiaomi.hm.health.O000O00o' in 0.537292 ms
09-01 14:32:49.653 D/[Koin]  (10274): closing scope:'User'
09-01 14:32:49.653 D/[Koin]  (10274): releasing 'Scope[id:'User',set:'User']' ~ [type:Scoped,scope:'User', name:'UserId', primary_type:'java.lang.String'] 
09-01 14:32:49.653 D/[Koin]  (10274): releasing 'Scope[id:'User',set:'User']' ~ [type:Scoped,scope:'User', primary_type:'com.xiaomi.hm.health.O000O00o'] 
09-01 14:32:49.653 D/[Koin]  (10274): releasing 'Scope[id:'User',set:'User']' ~ [type:Scoped,scope:'User', name:'Location', primary_type:'O00000oO.O0000Ooo.O000000o.O00000Oo'] 
09-01 14:32:49.653 D/[Koin]  (10274): releasing 'Scope[id:'User',set:'User']' ~ [type:Scoped,scope:'User', name:'Nickname', primary_type:'O00000oO.O0000Ooo.O000000o.O00000Oo'] 
09-01 14:32:49.653 D/[Koin]  (10274): releasing 'Scope[id:'User',set:'User']' ~ [type:Scoped,scope:'User', name:'Summary', primary_type:'O00000oO.O0000Ooo.O000000o.O00000Oo'] 
09-01 14:32:49.653 D/[Koin]  (10274): releasing 'Scope[id:'User',set:'User']' ~ [type:Scoped,scope:'User', name:'Avatar', primary_type:'O00000oO.O0000Ooo.O000000o.O00000Oo'] 
09-01 14:32:49.653 D/[Koin]  (10274): releasing 'Scope[id:'User',set:'User']' ~ [type:Scoped,scope:'User', name:'Host', primary_type:'java.lang.String'] 
09-01 14:32:49.653 D/[Koin]  (10274): releasing 'Scope[id:'User',set:'User']' ~ [type:Scoped,scope:'User', name:'BoundHrDevice', primary_type:'O00000oO.O0000Ooo.O000000o.O00000Oo'] 
09-01 14:32:49.653 D/[Koin]  (10274): releasing 'Scope[id:'User',set:'User']' ~ [type:Scoped,scope:'User', name:'Token', primary_type:'java.lang.String'] 
09-01 14:32:49.653 D/[Koin]  (10274): releasing 'Scope[id:'User',set:'User']' ~ [type:Scoped,scope:'User', name:'Age', primary_type:'O00000oO.O0000Ooo.O000000o.O00000Oo'] 
09-01 14:32:49.653 D/[Koin]  (10274): releasing 'Scope[id:'User',set:'User']' ~ [type:Scoped,scope:'User', name:'Gender', primary_type:'O00000oO.O0000Ooo.O000000o.O00000Oo'] 
09-01 14:32:49.653 D/[Koin]  (10274): releasing 'Scope[id:'User',set:'User']' ~ [type:Scoped,scope:'User', name:'Type', primary_type:'O00000oO.O0000Ooo.O000000o.O00000Oo'] 
09-01 14:32:49.654 D/[Koin]  (10274): !- create scope - id:Training q:Training
09-01 14:32:49.654 D/[Koin]  (10274): bind type:'com.huami.training.O000000o.O000OO0o' ~ [type:Scoped,scope:'Training', primary_type:'com.huami.training.O000000o.O000OO0o']
09-01 14:32:49.654 D/[Koin]  (10274): bind type:'com.huami.training.O0000o00.O00000o0' ~ [type:Scoped,scope:'Training', primary_type:'com.huami.training.O0000o00.O00000o0']
09-01 14:32:49.654 D/[Koin]  (10274): bind qualifier:'TrainingWebHost' ~ [type:Scoped,scope:'Training', name:'TrainingWebHost', primary_type:'java.lang.String']
09-01 14:32:49.654 D/[Koin]  (10274): bind type:'com.huami.training.O0000Ooo.O000o00' ~ [type:Scoped,scope:'Training', primary_type:'com.huami.training.O0000Ooo.O000o00']
09-01 14:32:49.654 D/[Koin]  (10274): bind type:'com.huami.training.db.TrainingDb' ~ [type:Scoped,scope:'Training', primary_type:'com.huami.training.db.TrainingDb']
09-01 14:32:49.654 D/[Koin]  (10274): bind type:'com.huami.training.O0000o00.O00000Oo' ~ [type:Scoped,scope:'Training', primary_type:'com.huami.training.O0000o00.O00000Oo']
09-01 14:32:49.654 D/[Koin]  (10274): bind type:'com.huami.training.O0000OOo.O000OO0o' ~ [type:Scoped,scope:'Training', primary_type:'com.huami.training.O0000OOo.O000OO0o']
09-01 14:32:49.654 D/[Koin]  (10274): bind type:'com.huami.training.O0000Oo.O000000o' ~ [type:Scoped,scope:'Training', primary_type:'com.huami.training.O0000Oo.O000000o']
09-01 14:32:49.654 D/[Koin]  (10274): bind type:'com.huami.training.O0000o0O.O00000Oo' ~ [type:Scoped,scope:'Training', primary_type:'com.huami.training.O0000o0O.O00000Oo']
09-01 14:32:49.654 D/[Koin]  (10274): bind type:'com.huami.training.O0000OOo.O000000o' ~ [type:Scoped,scope:'Training', primary_type:'com.huami.training.O0000OOo.O000000o']
09-01 14:32:49.654 D/[Koin]  (10274): +- get 'com.huami.training.db.TrainingDb'
09-01 14:32:49.654 D/[Koin]  (10274): | create instance for [type:Scoped,scope:'Training', primary_type:'com.huami.training.db.TrainingDb']
09-01 14:32:49.655 D/[Koin]  (10274): +- get 'android.content.Context'
09-01 14:32:49.655 D/[Koin]  (10274): | create instance for [type:Single,primary_type:'android.content.Context']
09-01 14:32:49.655 D/[Koin]  (10274): +- got 'android.content.Context' in 0.069791 ms
09-01 14:32:49.655 D/[Koin]  (10274): +- get 'com.huami.training.O0000OOo.O000OO0o'
09-01 14:32:49.655 D/[Koin]  (10274): | create instance for [type:Scoped,scope:'Training', primary_type:'com.huami.training.O0000OOo.O000OO0o']
09-01 14:32:49.655 D/[Koin]  (10274): !- create scope - id:User q:User
09-01 14:32:49.656 D/[Koin]  (10274): bind qualifier:'UserId' ~ [type:Scoped,scope:'User', name:'UserId', primary_type:'java.lang.String']
09-01 14:32:49.656 D/[Koin]  (10274): bind type:'com.xiaomi.hm.health.O000O00o' ~ [type:Scoped,scope:'User', primary_type:'com.xiaomi.hm.health.O000O00o']
09-01 14:32:49.656 D/[Koin]  (10274): bind qualifier:'Location' ~ [type:Scoped,scope:'User', name:'Location', primary_type:'O00000oO.O0000Ooo.O000000o.O00000Oo']
09-01 14:32:49.656 D/[Koin]  (10274): bind qualifier:'Nickname' ~ [type:Scoped,scope:'User', name:'Nickname', primary_type:'O00000oO.O0000Ooo.O000000o.O00000Oo']
09-01 14:32:49.656 D/[Koin]  (10274): bind qualifier:'Summary' ~ [type:Scoped,scope:'User', name:'Summary', primary_type:'O00000oO.O0000Ooo.O000000o.O00000Oo']
09-01 14:32:49.656 D/[Koin]  (10274): bind qualifier:'Avatar' ~ [type:Scoped,scope:'User', name:'Avatar', primary_type:'O00000oO.O0000Ooo.O000000o.O00000Oo']
09-01 14:32:49.656 D/[Koin]  (10274): bind qualifier:'Host' ~ [type:Scoped,scope:'User', name:'Host', primary_type:'java.lang.String']
09-01 14:32:49.656 D/[Koin]  (10274): bind qualifier:'BoundHrDevice' ~ [type:Scoped,scope:'User', name:'BoundHrDevice', primary_type:'O00000oO.O0000Ooo.O000000o.O00000Oo']
09-01 14:32:49.656 D/[Koin]  (10274): bind qualifier:'Token' ~ [type:Scoped,scope:'User', name:'Token', primary_type:'java.lang.String']
09-01 14:32:49.656 D/[Koin]  (10274): bind qualifier:'Age' ~ [type:Scoped,scope:'User', name:'Age', primary_type:'O00000oO.O0000Ooo.O000000o.O00000Oo']
09-01 14:32:49.656 D/[Koin]  (10274): bind qualifier:'Gender' ~ [type:Scoped,scope:'User', name:'Gender', primary_type:'O00000oO.O0000Ooo.O000000o.O00000Oo']
09-01 14:32:49.656 D/[Koin]  (10274): bind qualifier:'Type' ~ [type:Scoped,scope:'User', name:'Type', primary_type:'O00000oO.O0000Ooo.O000000o.O00000Oo']
09-01 14:32:49.656 D/[Koin]  (10274): +- get 'java.lang.String'
09-01 14:32:49.656 D/[Koin]  (10274): | create instance for [type:Scoped,scope:'User', name:'UserId', primary_type:'java.lang.String']
09-01 14:32:49.656 D/[Koin]  (10274): +- got 'java.lang.String' in 0.068698 ms
09-01 14:32:49.656 D/[Koin]  (10274): +- get 'O00000oO.O0000Ooo.O000000o.O00000Oo'
09-01 14:32:49.656 D/[Koin]  (10274): | create instance for [type:Scoped,scope:'User', name:'Avatar', primary_type:'O00000oO.O0000Ooo.O000000o.O00000Oo']
09-01 14:32:49.656 D/[Koin]  (10274): +- got 'O00000oO.O0000Ooo.O000000o.O00000Oo' in 0.134062 ms
09-01 14:32:49.656 D/[Koin]  (10274): +- get 'O00000oO.O0000Ooo.O000000o.O00000Oo'
09-01 14:32:49.656 D/[Koin]  (10274): | create instance for [type:Scoped,scope:'User', name:'Nickname', primary_type:'O00000oO.O0000Ooo.O000000o.O00000Oo']
09-01 14:32:49.656 D/[Koin]  (10274): +- got 'O00000oO.O0000Ooo.O000000o.O00000Oo' in 0.068698 ms
09-01 14:32:49.656 D/[Koin]  (10274): +- get 'O00000oO.O0000Ooo.O000000o.O00000Oo'
09-01 14:32:49.656 D/[Koin]  (10274): | create instance for [type:Scoped,scope:'User', name:'Age', primary_type:'O00000oO.O0000Ooo.O000000o.O00000Oo']
09-01 14:32:49.657 D/[Koin]  (10274): +- got 'O00000oO.O0000Ooo.O000000o.O00000Oo' in 0.074688 ms
09-01 14:32:49.657 D/[Koin]  (10274): +- get 'O00000oO.O0000Ooo.O000000o.O00000Oo'
09-01 14:32:49.657 D/[Koin]  (10274): | create instance for [type:Scoped,scope:'User', name:'Gender', primary_type:'O00000oO.O0000Ooo.O000000o.O00000Oo']
09-01 14:32:49.657 D/[Koin]  (10274): +- got 'O00000oO.O0000Ooo.O000000o.O00000Oo' in 0.072031 ms
09-01 14:32:49.657 D/[Koin]  (10274): +- get 'O00000oO.O0000Ooo.O000000o.O00000Oo'
09-01 14:32:49.657 D/[Koin]  (10274): | create instance for [type:Scoped,scope:'User', name:'BoundHrDevice', primary_type:'O00000oO.O0000Ooo.O000000o.O00000Oo']
09-01 14:32:49.657 D/[Koin]  (10274): +- got 'O00000oO.O0000Ooo.O000000o.O00000Oo' in 0.074062 ms
09-01 14:32:49.657 D/[Koin]  (10274): +- got 'com.huami.training.O0000OOo.O000OO0o' in 1.550364 ms
09-01 14:32:49.660 D/BluetoothGatt(10274): connect() - device: C3:D4:F4:E3:11:EC, auto: false
09-01 14:32:49.660 D/BluetoothGatt(10274): registerApp()
09-01 14:32:49.660 D/BluetoothGatt(10274): registerApp() - UUID=d7cad111-c788-4fb4-8474-fb5544b060ae
09-01 14:32:49.661 I/chatty  ( 8588): uid=1002(bluetooth) Binder:8588_2 expire 2 lines
09-01 14:32:49.662 D/BluetoothGatt(10274): onClientRegistered() - status=0 clientIf=8
09-01 14:32:49.663 I/chatty  (19843): uid=1002 bluetooth@1.0-s expire 3 lines
09-01 14:32:49.665 D/[Koin]  (10274): +- got 'com.huami.training.db.TrainingDb' in 11.190833 ms
09-01 14:32:49.666 D/[Koin]  (10274): +- get 'com.huami.training.db.TrainingDb'
09-01 14:32:49.666 D/[Koin]  (10274): +- got 'com.huami.training.db.TrainingDb' in 0.029531 ms
09-01 14:32:49.666 D/[Koin]  (10274): +- get 'com.huami.training.O0000Oo.O000000o'
09-01 14:32:49.666 D/[Koin]  (10274): | create instance for [type:Scoped,scope:'Training', primary_type:'com.huami.training.O0000Oo.O000000o']
09-01 14:32:49.666 D/[Koin]  (10274): +- got 'com.huami.training.O0000Oo.O000000o' in 0.28302 ms
09-01 14:32:49.667 D/[Koin]  (10274): +- get 'com.huami.training.O0000o0O.O00000Oo'
09-01 14:32:49.667 D/Event   (10274): No subscribers registered for event class com.xiaomi.hm.health.traininglib.O00000o0.O00000Oo
09-01 14:32:49.667 D/Event   (10274): No subscribers registered for event class O00000Oo.O000000o.O000000o.O0000Oo0
09-01 14:32:49.667 D/[Koin]  (10274): | create instance for [type:Scoped,scope:'Training', primary_type:'com.huami.training.O0000o0O.O00000Oo']
09-01 14:32:49.668 D/[Koin]  (10274): +- get 'android.content.Context'
09-01 14:32:49.668 D/[Koin]  (10274): +- got 'android.content.Context' in 0.024166 ms
09-01 14:32:49.668 D/[Koin]  (10274): +- get 'com.huami.training.O0000Oo.O000000o'
09-01 14:32:49.668 D/[Koin]  (10274): +- got 'com.huami.training.O0000Oo.O000000o' in 0.015208 ms
09-01 14:32:49.668 D/[Koin]  (10274): +- get 'com.huami.training.O0000OOo.O000OO0o'
09-01 14:32:49.668 D/[Koin]  (10274): +- got 'com.huami.training.O0000OOo.O000OO0o' in 0.009739 ms
09-01 14:32:49.670 D/[Koin]  (10274): +- got 'com.huami.training.O0000o0O.O00000Oo' in 2.938802 ms
09-01 14:32:49.671 I/MiuiNetworkPolicy( 1639): updateUidState uid = 10062, uidState = 16
09-01 14:32:49.672 D/OemNetd (  679): whiteListUid: uid=10062, wmm=del
09-01 14:32:49.673 I/MiuiNetworkPolicy( 1639): updateMLUid uid:10062,old:4,new:16
09-01 14:32:49.673 I/MiuiNetworkPolicy( 1639): isMLEnabled state:4,uid:10062,connect:DISCONNECTED
09-01 14:32:49.673 I/MiuiNetworkPolicy( 1639): isMLEnabled state:16,uid:10062,connect:DISCONNECTED
09-01 14:32:49.697 D/[Koin]  (10274): +- get 'com.huami.stress.domain.O00000oO.O000O00o'
09-01 14:32:49.697 D/[Koin]  (10274): | create instance for [type:Factory,primary_type:'com.huami.stress.domain.O00000oO.O000O00o']
09-01 14:32:49.697 D/[Koin]  (10274): !- create scope - id:Stress q:Stress
09-01 14:32:49.697 D/[Koin]  (10274): bind type:'com.huami.stress.domain.data.local.StressDatabase' ~ [type:Scoped,scope:'Stress', primary_type:'com.huami.stress.domain.data.local.StressDatabase']
09-01 14:32:49.697 D/[Koin]  (10274): bind type:'com.huami.stress.domain.O00000Oo.O000000o' ~ [type:Scoped,scope:'Stress', primary_type:'com.huami.stress.domain.O00000Oo.O000000o']
09-01 14:32:49.697 D/[Koin]  (10274): bind type:'com.huami.stress.domain.O00000Oo.O00000Oo' ~ [type:Scoped,scope:'Stress', primary_type:'com.huami.stress.domain.O00000Oo.O00000Oo']
09-01 14:32:49.697 D/[Koin]  (10274): +- get 'com.huami.stress.domain.O00000Oo.O00000Oo'
09-01 14:32:49.697 D/[Koin]  (10274): | create instance for [type:Scoped,scope:'Stress', primary_type:'com.huami.stress.domain.O00000Oo.O00000Oo']
09-01 14:32:49.697 D/[Koin]  (10274): +- get 'com.huami.stress.domain.data.local.StressDatabase'
09-01 14:32:49.697 D/[Koin]  (10274): | create instance for [type:Scoped,scope:'Stress', primary_type:'com.huami.stress.domain.data.local.StressDatabase']
09-01 14:32:49.697 D/[Koin]  (10274): +- get 'com.huami.stress.mifit.O000000o.O000000o'
09-01 14:32:49.697 D/[Koin]  (10274): | create instance for [type:Factory,primary_type:'com.huami.stress.mifit.O000000o.O000000o']
09-01 14:32:49.698 D/[Koin]  (10274): +- got 'com.huami.stress.mifit.O000000o.O000000o' in 0.595729 ms
09-01 14:32:49.698 D/[Koin]  (10274): +- get 'java.lang.String'
09-01 14:32:49.698 D/[Koin]  (10274): +- got 'java.lang.String' in 0.017395 ms
09-01 14:32:49.698 D/[Koin]  (10274): +- get 'android.content.Context'
09-01 14:32:49.698 D/[Koin]  (10274): +- got 'android.content.Context' in 0.012917 ms
09-01 14:32:49.700 D/[Koin]  (10274): +- got 'com.huami.stress.domain.data.local.StressDatabase' in 2.255625 ms
09-01 14:32:49.700 D/[Koin]  (10274): +- get 'com.huami.stress.domain.data.O00000Oo.O000000o'
09-01 14:32:49.700 D/[Koin]  (10274): | create instance for [type:Single,primary_type:'com.huami.stress.domain.data.O00000Oo.O000000o']
09-01 14:32:49.701 D/[Koin]  (10274): +- got 'com.huami.stress.domain.data.O00000Oo.O000000o' in 0.300833 ms
09-01 14:32:49.701 D/[Koin]  (10274): +- get 'com.huami.stress.domain.data.O00000o0.O00000Oo'
09-01 14:32:49.701 D/[Koin]  (10274): | create instance for [type:Single,primary_type:'com.huami.stress.domain.data.O00000o0.O00000Oo']
09-01 14:32:49.701 D/[Koin]  (10274): +- got 'com.huami.stress.domain.data.O00000o0.O00000Oo' in 0.403489 ms
09-01 14:32:49.703 D/[Koin]  (10274): +- got 'com.huami.stress.domain.O00000Oo.O00000Oo' in 6.069063 ms
09-01 14:32:49.703 D/[Koin]  (10274): +- get 'com.huami.stress.domain.O00000Oo.O000000o'
09-01 14:32:49.703 D/[Koin]  (10274): | create instance for [type:Scoped,scope:'Stress', primary_type:'com.huami.stress.domain.O00000Oo.O000000o']
09-01 14:32:49.703 D/[Koin]  (10274): +- get 'com.huami.stress.domain.data.local.StressDatabase'
09-01 14:32:49.703 D/[Koin]  (10274): +- got 'com.huami.stress.domain.data.local.StressDatabase' in 0.010208 ms
09-01 14:32:49.704 D/[Koin]  (10274): +- get 'com.huami.stress.domain.data.O00000Oo.O000000o'
09-01 14:32:49.704 D/[Koin]  (10274): +- got 'com.huami.stress.domain.data.O00000Oo.O000000o' in 0.015417 ms
09-01 14:32:49.704 D/[Koin]  (10274): +- get 'com.huami.stress.domain.data.O00000o0.O00000Oo'
09-01 14:32:49.704 D/[Koin]  (10274): +- got 'com.huami.stress.domain.data.O00000o0.O00000Oo' in 0.008854 ms
09-01 14:32:49.706 D/[Koin]  (10274): +- got 'com.huami.stress.domain.O00000Oo.O000000o' in 2.453906 ms
09-01 14:32:49.706 D/[Koin]  (10274): +- got 'com.huami.stress.domain.O00000oO.O000O00o' in 9.212084 ms
09-01 14:32:49.706 D/[Koin]  (10274): +- get 'com.xiaomi.hm.health.O000O00o'
09-01 14:32:49.706 D/[Koin]  (10274): | create instance for [type:Scoped,scope:'User', primary_type:'com.xiaomi.hm.health.O000O00o']
09-01 14:32:49.706 D/[Koin]  (10274): +- got 'com.xiaomi.hm.health.O000O00o' in 0.069531 ms
09-01 14:32:49.715 D/Event   (10274): No subscribers registered for event class com.xiaomi.hm.health.O0000o00.O00Oo00o
09-01 14:32:49.715 D/Event   (10274): No subscribers registered for event class O00000Oo.O000000o.O000000o.O0000Oo0
09-01 14:32:49.746 D/Event   (10274): No subscribers registered for event class com.xiaomi.hm.health.O0000o00.O000OOo
09-01 14:32:49.746 D/Event   (10274): No subscribers registered for event class O00000Oo.O000000o.O000000o.O0000Oo0
09-01 14:32:49.764 E/ResolverController(  679): No valid NAT64 prefix (116, <unspecified>/0)
09-01 14:32:49.765 E/ResolverController(  679): No valid NAT64 prefix (116, <unspecified>/0)
09-01 14:32:49.766 E/ResolverController(  679): No valid NAT64 prefix (116, <unspecified>/0)
09-01 14:32:49.776 W/AsyncHttpResponse(10274): Current thread has not called Looper.prepare().Forcing synchronous mode
09-01 14:32:49.776 W/AsyncHttpResponse(10274): Current thread has not called Looper.prepare().Forcing synchronous mode
09-01 14:32:49.777 W/AsyncHttpResponse(10274): Current thread has not called Looper.prepare().Forcing synchronous mode
09-01 14:32:49.777 D/Event   (10274): No subscribers registered for event class com.xiaomi.hm.health.O0000o00.O00OO0O
09-01 14:32:49.777 D/Event   (10274): No subscribers registered for event class O00000Oo.O000000o.O000000o.O0000Oo0
09-01 14:32:49.777 D/Event   (10274): No subscribers registered for event class com.xiaomi.hm.health.O0000o00.O0000o0
09-01 14:32:49.777 D/Event   (10274): No subscribers registered for event class O00000Oo.O000000o.O000000o.O0000Oo0
09-01 14:32:49.786 D/Event   (10274): No subscribers registered for event class com.xiaomi.hm.health.locweather.O00000o.O0000OOo
09-01 14:32:49.786 D/Event   (10274): No subscribers registered for event class O00000Oo.O000000o.O000000o.O0000Oo0
09-01 14:32:49.787 D/Event   (10274): No subscribers registered for event class com.xiaomi.hm.health.locweather.O00000Oo.O00000Oo
09-01 14:32:49.787 D/Event   (10274): No subscribers registered for event class O00000Oo.O000000o.O000000o.O0000Oo0
09-01 14:32:49.790 D/Event   (10274): No subscribers registered for event class com.xiaomi.hm.health.O0000o00.O00OOOo
09-01 14:32:49.790 D/Event   (10274): No subscribers registered for event class O00000Oo.O000000o.O000000o.O0000Oo0
09-01 14:32:49.791 I/hwservicemanager(  573): getTransport: Cannot find entry vendor.qti.hardware.servicetracker@1.0::IServicetracker/default in either framework or device manifest.
09-01 14:32:49.797 D/CompatibilityInfo( 1639): mCompatibilityFlags - 0
09-01 14:32:49.797 D/CompatibilityInfo( 1639): applicationDensity - 440
09-01 14:32:49.797 D/CompatibilityInfo( 1639): applicationScale - 1.0
09-01 14:32:49.798 I/hwservicemanager(  573): getTransport: Cannot find entry vendor.qti.hardware.servicetracker@1.0::IServicetracker/default in either framework or device manifest.
09-01 14:32:49.801 I/hwservicemanager(  573): getTransport: Cannot find entry vendor.qti.hardware.servicetracker@1.0::IServicetracker/default in either framework or device manifest.
09-01 14:32:49.803 D/Event   (10274): No subscribers registered for event class com.xiaomi.hm.health.O0000o00.O00OO0O
09-01 14:32:49.803 D/Event   (10274): No subscribers registered for event class O00000Oo.O000000o.O000000o.O0000Oo0
09-01 14:32:49.803 D/Event   (10274): No subscribers registered for event class com.xiaomi.hm.health.O0000o00.O00O000o
09-01 14:32:49.803 D/Event   (10274): No subscribers registered for event class O00000Oo.O000000o.O000000o.O0000Oo0
09-01 14:32:49.810 W/AsyncHttpResponse(10274): Current thread has not called Looper.prepare().Forcing synchronous mode
09-01 14:32:49.811 D/CompatibilityInfo( 1639): mCompatibilityFlags - 0
09-01 14:32:49.811 D/CompatibilityInfo( 1639): applicationDensity - 440
09-01 14:32:49.811 D/CompatibilityInfo( 1639): applicationScale - 1.0
09-01 14:32:49.811 I/hwservicemanager(  573): getTransport: Cannot find entry vendor.qti.hardware.servicetracker@1.0::IServicetracker/default in either framework or device manifest.
09-01 14:32:49.812 V/UidProcStateHelper( 1639): foreground changed:[10274,10241,0]
09-01 14:32:49.814 D/ProcessObserver( 6417): onForegroundServicesChanged, pid: 10274 uid: 10241 serviceTypes: 0
09-01 14:32:49.814 D/Event   (10274): No subscribers registered for event class com.xiaomi.hm.health.O0000o00.O00OO0O
09-01 14:32:49.814 D/Event   (10274): No subscribers registered for event class O00000Oo.O000000o.O000000o.O0000Oo0
09-01 14:32:49.814 D/Event   (10274): No subscribers registered for event class com.xiaomi.hm.health.O0000o00.O00O000o
09-01 14:32:49.814 D/Event   (10274): No subscribers registered for event class O00000Oo.O000000o.O000000o.O0000Oo0
09-01 14:32:49.814 D/ProcessObserver( 6417): Uid: 10241 foreground service added 
09-01 14:32:49.815 I/DeviceCenter(10274): init
09-01 14:32:49.815 D/HideModeStateMachine( 6417): updateForForegroundServiceUidChangedLocked: uid = 10241 foreground = true
09-01 14:32:49.816 W/AsyncHttpResponse(10274): Current thread has not called Looper.prepare().Forcing synchronous mode
09-01 14:32:49.817 I/hwservicemanager(  573): getTransport: Cannot find entry vendor.qti.hardware.servicetracker@1.0::IServicetracker/default in either framework or device manifest.
09-01 14:32:49.817 W/AsyncHttpResponse(10274): Current thread has not called Looper.prepare().Forcing synchronous mode
09-01 14:32:49.825 W/JobInfo (10274): Requested interval +10m0s0ms for job 272 is too small; raising to +15m0s0ms
09-01 14:32:49.833 E/ResolverController(  679): No valid NAT64 prefix (116, <unspecified>/0)
09-01 14:32:49.844 D/AudioManager(10274): getStreamVolume isRestricted mode = 0
09-01 14:32:49.845 D/AudioManager(10274): getStreamVolume isRestricted mode = 0
09-01 14:32:49.871 D/JG-JNILOG(10274): packageName = com.xiaomi.hm.health packnameLen = 20
09-01 14:32:49.872 D/JG-JNILOG(10274): hexpack = 48A79A484EBCCB6ADBF965128A3FE16B
09-01 14:32:49.872 D/JG-JNILOG(10274): hexsign = 34EF92B36AB6FEFF6E6E9DEC480A2B8D
09-01 14:32:49.893 E/ResolverController(  679): No valid NAT64 prefix (116, <unspecified>/0)
09-01 14:32:49.893 E/ResolverController(  679): No valid NAT64 prefix (116, <unspecified>/0)
09-01 14:32:49.893 E/ResolverController(  679): No valid NAT64 prefix (116, <unspecified>/0)
09-01 14:32:49.893 E/ResolverController(  679): No valid NAT64 prefix (116, <unspecified>/0)
09-01 14:32:49.893 E/ResolverController(  679): No valid NAT64 prefix (116, <unspecified>/0)
09-01 14:32:49.894 E/ResolverController(  679): No valid NAT64 prefix (116, <unspecified>/0)
09-01 14:32:49.953 W/Looper  (10274): Slow Looper main: Long Msg: seq=2 plan=14:32:48.511  late=2ms wall=1440ms running=1119ms runnable=37ms io=2ms h=android.app.ActivityThread$H w=110
09-01 14:32:49.972 E/Perf    (10274): Fail to get file list com.xiaomi.hm.health
09-01 14:32:49.972 E/Perf    (10274): getFolderSize() : Exception_1 = java.lang.NullPointerException: Attempt to get length of null array
09-01 14:32:49.972 E/Perf    (10274): Fail to get file list oat
09-01 14:32:49.972 E/Perf    (10274): getFolderSize() : Exception_1 = java.lang.NullPointerException: Attempt to get length of null array
09-01 14:32:49.982 D/View    (10274): com.xiaomi.hm.health initForcedUseForceDark: 1
09-01 14:32:49.980 W/Binder:intercep(10274): type=1400 audit(0.0:63918): avc: denied { getattr } for path="/data/data/com.miui.contentcatcher" dev="sda31" ino=3276849 scontext=u:r:untrusted_app:s0:c241,c256,c512,c768 tcontext=u:object_r:system_app_data_file:s0 tclass=dir permissive=0 app=com.xiaomi.hm.health
09-01 14:32:49.980 W/Binder:intercep(10274): type=1400 audit(0.0:63919): avc: denied { getattr } for path="/data/data/com.miui.contentcatcher" dev="sda31" ino=3276849 scontext=u:r:untrusted_app:s0:c241,c256,c512,c768 tcontext=u:object_r:system_app_data_file:s0 tclass=dir permissive=0 app=com.xiaomi.hm.health
09-01 14:32:49.991 D/ViewContentFactory(10274): initViewContentFetcherClass
09-01 14:32:49.991 D/ViewContentFactory(10274): getInterceptorPackageInfo
09-01 14:32:49.991 D/ViewContentFactory(10274): getInitialApplication took 0ms
09-01 14:32:49.991 D/ViewContentFactory(10274): packageInfo.packageName: com.miui.catcherpatch
09-01 14:32:49.980 W/Binder:intercep(10274): type=1400 audit(0.0:63920): avc: denied { getattr } for path="/data/data/com.miui.contentcatcher" dev="sda31" ino=3276849 scontext=u:r:untrusted_app:s0:c241,c256,c512,c768 tcontext=u:object_r:system_app_data_file:s0 tclass=dir permissive=0 app=com.xiaomi.hm.health
09-01 14:32:49.980 W/Binder:intercep(10274): type=1400 audit(0.0:63921): avc: denied { getattr } for path="/data/data/com.miui.contentcatcher" dev="sda31" ino=3276849 scontext=u:r:untrusted_app:s0:c241,c256,c512,c768 tcontext=u:object_r:system_app_data_file:s0 tclass=dir permissive=0 app=com.xiaomi.hm.health
09-01 14:32:49.997 D/ViewContentFactory(10274): initViewContentFetcherClass took 6ms
09-01 14:32:49.997 I/ContentCatcher(10274): ViewContentFetcher : ViewContentFetcher
09-01 14:32:49.990 W/Binder:intercep(10274): type=1400 audit(0.0:63922): avc: denied { getattr } for path="/data/data/com.miui.catcherpatch" dev="sda31" ino=3277206 scontext=u:r:untrusted_app:s0:c241,c256,c512,c768 tcontext=u:object_r:system_app_data_file:s0 tclass=dir permissive=0 app=com.xiaomi.hm.health
09-01 14:32:49.997 D/ViewContentFactory(10274): createInterceptor took 6ms
09-01 14:32:49.990 W/Binder:intercep(10274): type=1400 audit(0.0:63923): avc: denied { getattr } for path="/data/data/com.miui.catcherpatch" dev="sda31" ino=3277206 scontext=u:r:untrusted_app:s0:c241,c256,c512,c768 tcontext=u:object_r:system_app_data_file:s0 tclass=dir permissive=0 app=com.xiaomi.hm.health
09-01 14:32:50.038 V/AsyncHttpResponse(10274): Progress 97 from 97 (100%)
09-01 14:32:50.040 V/AsyncHttpResponse(10274): Progress 3637 from 4047 (90%)
09-01 14:32:50.040 V/AsyncHttpResponse(10274): Progress 4047 from 4047 (100%)
09-01 14:32:50.040 V/AsyncHttpResponse(10274): Progress 253 from 253 (100%)
09-01 14:32:50.054 V/AsyncHttpResponse(10274): Progress 85 from 85 (100%)
09-01 14:32:50.054 W/AsyncHttpResponse(10274): Current thread has not called Looper.prepare().Forcing synchronous mode
09-01 14:32:50.058 V/AsyncHttpResponse(10274): Progress 82 from 82 (100%)
09-01 14:32:50.058 V/AsyncHttpResponse(10274): Progress 41 from 41 (100%)
09-01 14:32:50.059 W/AsyncHttpResponse(10274): Current thread has not called Looper.prepare().Forcing synchronous mode
09-01 14:32:50.060 D/BaseTitleActivity(10274): setStyle NONE title  darkMode true color 0
09-01 14:32:50.072 W/DevicePolicyManager( 1639): Package com.xiaomi.hm.health (uid=10241, pid=10274) cannot access Device IDs
09-01 14:32:50.073 W/TelephonyPermissions( 2698): reportAccessDeniedToReadIdentifiers:com.xiaomi.hm.health:getDeviceId:isPreinstalled=false:isPrivApp=false
09-01 14:32:50.076 W/DevicePolicyManager( 1639): Package com.xiaomi.hm.health (uid=10241, pid=10274) cannot access Device IDs
09-01 14:32:50.077 W/TelephonyPermissions( 2698): reportAccessDeniedToReadIdentifiers:com.xiaomi.hm.health:getDeviceId:isPreinstalled=false:isPrivApp=false
09-01 14:32:50.078 I/AudioTrack( 2503): isLongTimeZoreData zoer date time 5 Seconds
09-01 14:32:50.080 W/AsyncHttpResponse(10274): Current thread has not called Looper.prepare().Forcing synchronous mode
09-01 14:32:50.083 W/DevicePolicyManager( 1639): Package com.xiaomi.hm.health (uid=10241, pid=10274) cannot access Device IDs
09-01 14:32:50.084 W/TelephonyPermissions( 2698): reportAccessDeniedToReadIdentifiers:com.xiaomi.hm.health:getSubscriberId:isPreinstalled=false:isPrivApp=false
09-01 14:32:50.086 E/openSDK_LOG(10274): com.xiaomi.hm.health SDK_VERSION:3.3.0.lite
09-01 14:32:50.086 I/openSDK_LOG.Tencent(10274): createInstance()  -- start, appId = 1103177325
09-01 14:32:50.087 I/openSDK_LOG.QQAuth(10274): QQAuth -- createInstance() --start
09-01 14:32:50.087 I/openSDK_LOG.QQAuth(10274): new QQAuth() --start
09-01 14:32:50.089 I/openSDK_LOG.AuthAgent(10274): is arm64-v8a architecture
09-01 14:32:50.090 W/System.err(10274): java.lang.ClassNotFoundException: com.tencent.stat.StatConfig
09-01 14:32:50.090 W/System.err(10274): 	at java.lang.Class.classForName(Native Method)
09-01 14:32:50.090 W/System.err(10274): 	at java.lang.Class.forName(Class.java:454)
09-01 14:32:50.090 W/System.err(10274): 	at java.lang.Class.forName(Class.java:379)
09-01 14:32:50.090 W/System.err(10274): 	at com.tencent.connect.a.a.c(ProGuard:58)
09-01 14:32:50.090 W/System.err(10274): 	at com.tencent.connect.auth.c.<init>(ProGuard:42)
09-01 14:32:50.090 W/System.err(10274): 	at com.tencent.connect.auth.c.a(ProGuard:77)
09-01 14:32:50.090 W/System.err(10274): 	at com.tencent.tauth.Tencent.<init>(ProGuard:59)
09-01 14:32:50.090 W/System.err(10274): 	at com.tencent.tauth.Tencent.createInstance(ProGuard:67)
09-01 14:32:50.090 W/System.err(10274): 	at com.xiaomi.hm.health.thirdbind.O00000o0.O000000o.<init>(QQLogin.java:65)
09-01 14:32:50.090 W/System.err(10274): 	at com.xiaomi.hm.health.thirdbind.O00000o0.O000000o.O00000Oo(QQLogin.java:93)
09-01 14:32:50.090 W/System.err(10274): 	at com.xiaomi.hm.health.datautil.HMDataCacheCenter.syncDsdToThirdPartner(HMDataCacheCenter.java:658)
09-01 14:32:50.090 W/System.err(10274): 	at com.xiaomi.hm.health.O00oOooo.O00000o0.O0000Oo.run(HMSportDataPostToServerJob.java:40)
09-01 14:32:50.090 W/System.err(10274): 	at java.util.concurrent.ThreadPoolExecutor.runWorker(ThreadPoolExecutor.java:1167)
09-01 14:32:50.090 W/System.err(10274): 	at java.util.concurrent.ThreadPoolExecutor$Worker.run(ThreadPoolExecutor.java:641)
09-01 14:32:50.090 W/System.err(10274): 	at java.lang.Thread.run(Thread.java:919)
09-01 14:32:50.090 W/System.err(10274): Caused by: java.lang.ClassNotFoundException: com.tencent.stat.StatConfig
09-01 14:32:50.090 W/System.err(10274): 	... 15 more
09-01 14:32:50.090 I/openSDK_LOG.QQAuth(10274): new QQAuth() --end
09-01 14:32:50.091 I/openSDK_LOG.QQAuth(10274): QQAuth -- createInstance()  --end
09-01 14:32:50.092 I/openSDK_LOG.Tencent(10274): createInstance()  -- end
09-01 14:32:50.094 W/DevicePolicyManager( 1639): Package com.xiaomi.hm.health (uid=10241, pid=10274) cannot access Device IDs
09-01 14:32:50.095 W/TelephonyPermissions( 2698): reportAccessDeniedToReadIdentifiers:com.xiaomi.hm.health:getIccSerialNumber:isPreinstalled=false:isPrivApp=false
09-01 14:32:50.096 E/ResolverController(  679): No valid NAT64 prefix (116, <unspecified>/0)
09-01 14:32:50.098 E/ResolverController(  679): No valid NAT64 prefix (116, <unspecified>/0)
09-01 14:32:50.100 D/[Koin]  (10274): +- get 'com.huami.stress.domain.O00000oO.O000O0OO'
09-01 14:32:50.100 W/DevicePolicyManager( 1639): Package com.xiaomi.hm.health (uid=10241, pid=10274) cannot access Device IDs
09-01 14:32:50.100 D/[Koin]  (10274): | create instance for [type:Factory,primary_type:'com.huami.stress.domain.O00000oO.O000O0OO']
09-01 14:32:50.100 D/[Koin]  (10274): +- get 'com.huami.stress.domain.O00000Oo.O00000Oo'
09-01 14:32:50.100 W/TelephonyPermissions( 1639): reportAccessDeniedToReadIdentifiers:com.xiaomi.hm.health:getSerial:isPreinstalled=false:isPrivApp=false
09-01 14:32:50.100 D/[Koin]  (10274): +- got 'com.huami.stress.domain.O00000Oo.O00000Oo' in 0.017396 ms
09-01 14:32:50.100 D/[Koin]  (10274): +- get 'com.huami.stress.domain.O00000Oo.O000000o'
09-01 14:32:50.100 D/[Koin]  (10274): +- got 'com.huami.stress.domain.O00000Oo.O000000o' in 0.009271 ms
09-01 14:32:50.100 D/[Koin]  (10274): +- got 'com.huami.stress.domain.O00000oO.O000O0OO' in 0.405469 ms
09-01 14:32:50.100 D/[Koin]  (10274): +- get 'com.xiaomi.hm.health.O000O00o'
09-01 14:32:50.101 D/[Koin]  (10274): +- got 'com.xiaomi.hm.health.O000O00o' in 0.0125 ms
09-01 14:32:50.101 W/System.err(10274): java.lang.SecurityException: getSerial: The user 10241 does not meet the requirements to access device identifiers.
09-01 14:32:50.101 W/System.err(10274): 	at android.os.Parcel.createException(Parcel.java:2074)
09-01 14:32:50.101 W/System.err(10274): 	at android.os.Parcel.readException(Parcel.java:2042)
09-01 14:32:50.101 W/System.err(10274): 	at android.os.Parcel.readException(Parcel.java:1990)
09-01 14:32:50.101 W/System.err(10274): 	at android.os.IDeviceIdentifiersPolicyService$Stub$Proxy.getSerialForPackage(IDeviceIdentifiersPolicyService.java:159)
09-01 14:32:50.101 W/System.err(10274): 	at android.os.Build.getSerial(Build.java:162)
09-01 14:32:50.101 W/System.err(10274): 	at com.weibo.ssosdk.O00000Oo.O00000o(MfpBuilder.java:532)
09-01 14:32:50.101 W/System.err(10274): 	at com.weibo.ssosdk.O00000Oo.O00000o0(MfpBuilder.java:496)
09-01 14:32:50.101 W/System.err(10274): 	at com.weibo.ssosdk.O00000Oo.O00000oO(MfpBuilder.java:251)
09-01 14:32:50.101 W/System.err(10274): 	at com.weibo.ssosdk.O00000Oo.O00000Oo(MfpBuilder.java:186)
09-01 14:32:50.101 W/System.err(10274): 	at com.weibo.ssosdk.WeiboSsoSdk.O000000o(WeiboSsoSdk.java:273)
09-01 14:32:50.101 W/System.err(10274): 	at com.weibo.ssosdk.WeiboSsoSdk.O000000o(WeiboSsoSdk.java:22)
09-01 14:32:50.101 W/System.err(10274): 	at com.weibo.ssosdk.WeiboSsoSdk$5.run(WeiboSsoSdk.java:352)
09-01 14:32:50.101 W/System.err(10274): 	at java.lang.Thread.run(Thread.java:919)
09-01 14:32:50.101 W/System.err(10274): Caused by: android.os.RemoteException: Remote stack trace:
09-01 14:32:50.101 W/System.err(10274): 	at com.android.internal.telephony.TelephonyPermissions.reportAccessDeniedToReadIdentifiers(TelephonyPermissions.java:421)
09-01 14:32:50.101 W/System.err(10274): 	at com.android.internal.telephony.TelephonyPermissions.checkReadDeviceIdentifiers(TelephonyPermissions.java:353)
09-01 14:32:50.101 W/System.err(10274): 	at com.android.internal.telephony.TelephonyPermissions.checkCallingOrSelfReadDeviceIdentifiers(TelephonyPermissions.java:278)
09-01 14:32:50.101 W/System.err(10274): 	at com.android.internal.telephony.TelephonyPermissions.checkCallingOrSelfReadDeviceIdentifiers(TelephonyPermissions.java:255)
09-01 14:32:50.101 W/System.err(10274): 	at com.android.server.os.DeviceIdentifiersPolicyService$DeviceIdentifiersPolicy.getSerialForPackage(DeviceIdentifiersPolicyService.java:67)
09-01 14:32:50.109 D/ssosdk  (10274): 1: 
09-01 14:32:50.109 D/ssosdk  (10274): lo
09-01 14:32:50.109 D/ssosdk  (10274): 00:00:00:00:00:00
09-01 14:32:50.109 D/ssosdk  (10274): 2: 
09-01 14:32:50.109 D/ssosdk  (10274): bond0
09-01 14:32:50.109 D/ssosdk  (10274): fe:32:e4:fa:c1:a1
09-01 14:32:50.109 D/ssosdk  (10274): 3: 
09-01 14:32:50.109 D/ssosdk  (10274): dummy0
09-01 14:32:50.109 D/ssosdk  (10274): 6e:24:06:e2:42:9f
09-01 14:32:50.109 D/ssosdk  (10274): 4: 
09-01 14:32:50.100 W/Thread-31(10274): type=1400 audit(0.0:63924): avc: denied { read } for name="u:object_r:serialno_prop:s0" dev="tmpfs" ino=16557 scontext=u:r:untrusted_app:s0:c241,c256,c512,c768 tcontext=u:object_r:serialno_prop:s0 tclass=file permissive=0 app=com.xiaomi.hm.health
09-01 14:32:50.109 D/ssosdk  (10274): ip_vti0
09-01 14:32:50.109 D/ssosdk  (10274): 0.0.0.0
09-01 14:32:50.109 D/ssosdk  (10274): 5: 
09-01 14:32:50.109 D/ssosdk  (10274): ip6_vti0
09-01 14:32:50.109 D/ssosdk  (10274): ::
09-01 14:32:50.109 D/ssosdk  (10274): 6: 
09-01 14:32:50.109 D/ssosdk  (10274): sit0
09-01 14:32:50.109 D/ssosdk  (10274): 0.0.0.0
09-01 14:32:50.109 D/ssosdk  (10274): 7: 
09-01 14:32:50.109 D/ssosdk  (10274): ip6tnl0
09-01 14:32:50.109 D/ssosdk  (10274): ::
09-01 14:32:50.109 D/ssosdk  (10274): 8: 
09-01 14:32:50.109 D/ssosdk  (10274): rmnet_ipa0
09-01 14:32:50.109 D/ssosdk  (10274): 10: 
09-01 14:32:50.109 D/ssosdk  (10274): rmnet_data0
09-01 14:32:50.109 D/ssosdk  (10274): 11: 
09-01 14:32:50.109 D/ssosdk  (10274): rmnet_data1
09-01 14:32:50.109 D/ssosdk  (10274): 12: 
09-01 14:32:50.109 D/ssosdk  (10274): rmnet_data2
09-01 14:32:50.109 D/ssosdk  (10274): 13: 
09-01 14:32:50.109 D/ssosdk  (10274): rmnet_data3
09-01 14:32:50.109 D/ssosdk  (10274): 14: 
09-01 14:32:50.109 D/ssosdk  (10274): rmnet_data4
09-01 14:32:50.109 D/ssosdk  (10274): 15: 
09-01 14:32:50.109 D/ssosdk  (10274): rmnet_data5
09-01 14:32:50.109 D/ssosdk  (10274): 16: 
09-01 14:32:50.109 D/ssosdk  (10274): rmnet_data6
09-01 14:32:50.109 D/ssosdk  (10274): 17: 
09-01 14:32:50.109 D/ssosdk  (10274): rmnet_data7
09-01 14:32:50.109 D/ssosdk  (10274): 18: 
09-01 14:32:50.109 D/ssosdk  (10274): rmnet_data8
09-01 14:32:50.109 D/ssosdk  (10274): 19: 
09-01 14:32:50.109 D/ssosdk  (10274): rmnet_data9
09-01 14:32:50.109 D/ssosdk  (10274): 20: 
09-01 14:32:50.109 D/ssosdk  (10274): rmnet_data10
09-01 14:32:50.109 D/ssosdk  (10274): 21: 
09-01 14:32:50.109 D/ssosdk  (10274): r_rmnet_data0
09-01 14:32:50.109 D/ssosdk  (10274): 22: 
09-01 14:32:50.109 D/ssosdk  (10274): r_rmnet_data1
09-01 14:32:50.109 D/ssosdk  (10274): 23: 
09-01 14:32:50.109 D/ssosdk  (10274): r_rmnet_data2
09-01 14:32:50.109 D/ssosdk  (10274): 24: 
09-01 14:32:50.109 D/ssosdk  (10274): r_rmnet_data3
09-01 14:32:50.109 D/ssosdk  (10274): 25: 
09-01 14:32:50.109 D/ssosdk  (10274): r_rmnet_data4
09-01 14:32:50.109 D/ssosdk  (10274): 26: 
09-01 14:32:50.109 D/ssosdk  (10274): r_rmnet_data5
09-01 14:32:50.109 D/ssosdk  (10274): 27: 
09-01 14:32:50.109 D/ssosdk  (10274): r_rmnet_data6
09-01 14:32:50.109 D/ssosdk  (10274): 28: 
09-01 14:32:50.109 D/ssosdk  (10274): r_rmnet_data7
09-01 14:32:50.109 D/ssosdk  (10274): 29: 
09-01 14:32:50.109 D/ssosdk  (10274): r_rmnet_data8
09-01 14:32:50.109 D/ssosdk  (10274): 30: 
09-01 14:32:50.109 D/ssosdk  (10274): wlan0
09-01 14:32:50.109 D/ssosdk  (10274): e0:dc:ff:d6:c8:3f
09-01 14:32:50.109 D/ssosdk  (10274): 31: 
09-01 14:32:50.109 D/ssosdk  (10274): wlan1
09-01 14:32:50.109 D/ssosdk  (10274): e0:dc:ff:5b:c8:3f
09-01 14:32:50.109 D/ssosdk  (10274): 32: 
09-01 14:32:50.109 D/ssosdk  (10274): p2p0
09-01 14:32:50.109 D/ssosdk  (10274): e2:dc:ff:5c:c8:3f
09-01 14:32:50.109 E/libc    (10274): Access denied finding property "ro.serialno"
09-01 14:32:50.109 D/ssosdk  (10274): build_post_msg() succ: data=SB%2BY1XDZVYrnM0Idp77tHea5eQFuOJ3LZ8iEAbNqwluG%2FRZEenjn4b8CPo4n%2FIpT6v%2BcSebH%0AF3OgVYk%2Bs1gCVGJQL4j6PwJBLcSmRdewY%2BPhamdJ2gNeZVoNH%2FwjST8AR4nO91Tj9BMVERKC%0AtuvIMdkXWwsmL6RFUXMWMKaZKRfHL66Psf4O6fGkVudLUJijl78BeWCC8x8q9X30%2FNoFE95S%0AgJTkD%2BfEgMaLvu2VNLSuXvf5LzpfE7xcBH%2FXBD18WK7Bdzso3EjJ8bjp9kyHRTXy%2BQ7J9%2ByM%0Ack%2F4wHIuSSHthpxEGh9sSyVz2WJVo5fFdZJ7aow9lvqFkIaoa%2FGR47KfO77f6HMI2Kn1ZKpK%0Ao6TLCMfVHiiHNSJ0OhnICI%2F96wkqXYZR5UzMsYvTPGQsj7fBa%2FrMEbzZvQHBpTDuttSqaPO7%0AWoHWHf50F62gUlu68KUmyWeiU8z2fB%2FbU282eMEceRgkzdR3t4PTAUDJxQMJddRcuqShy%2FYZ%0AArnBzf%2FN%2F%2BThxcuRtXRqRh3IdfbvaA22o4t00TXuoX5Jd6Wu1TvJBJ3xmU2GOSAf4dR7XPef%0AXSKlP44HQGaSQl0Je5JPWW%2FQmBRmV4Oitckx6mYljLILztQVlqg8HF%2BezeQaZgMoLsUk53Yb%0ASm7%2FMD%2F06qFEZJp00JU884Aavuw2IXK81JCakB8uR4flQ3YKTyqr9L1R5%2FhgX8RlB52Lp4JA%0AQyJe%2BVEJLad9l%2BKt5a2rCCcry%2BK83Hco65dsaEOf3KPYYJgkT8iZR1kdYWKzdDfLC8DSMwWc%0AkqhoI7GWLn8OFuaIpH5Nof4VqiExzuDCKvGfJGCvYZy%2FiEL%2B6D9GEu3uKkNEdRMSiBLESNXZ%0AZ6p5X8%2FQlgVd%2Fin9ID%2FHWbaSeLF
09-01 14:32:50.115 W/AsyncHttpResponse(10274): Current thread has not called Looper.prepare().Forcing synchronous mode
09-01 14:32:50.121 D/BluetoothAdapter(10274): startLeScan(): null
09-01 14:32:50.122 D/Event   (10274): No subscribers registered for event class com.xiaomi.hm.health.O0000o00.O0000O0o
09-01 14:32:50.122 D/Event   (10274): No subscribers registered for event class O00000Oo.O000000o.O000000o.O0000Oo0
09-01 14:32:50.122 D/BluetoothAdapter(10274): isLeEnabled(): ON
09-01 14:32:50.126 I/chatty  ( 8588): uid=1002(bluetooth) Binder:8588_4 expire 10 lines
09-01 14:32:50.126 D/BluetoothLeScanner(10274): onScannerRegistered() - status=0 scannerId=18 mScannerId=0
09-01 14:32:50.129 D/PowerKeeperPolicy( 1639): isLeScanAllowed: uid = 10241, allow = true
09-01 14:32:50.134 D/PowerKeeperPolicy( 1639): startLeScan: BleScanWrapper[mClientIf = 18 mPendingIntent=null] uid=10241
09-01 14:32:50.134 D/PowerKeeperPolicy( 1639): uid = 10241 setAllowed, allowed = true
09-01 14:32:50.134 D/PowerKeeperPolicy( 1639): uid = 10241 setScanning, scanning = true
09-01 14:32:50.135 D/PowerKeeperPolicy( 1639): startLeScan, uid = 10241 is scanning
09-01 14:32:50.135 D/BluetoothAdapter(10274): stopLeScan()
09-01 14:32:50.136 D/BluetoothAdapter(10274): isLeEnabled(): ON
09-01 14:32:50.140 D/BluetoothAdapter(10274): startLeScan(): null
09-01 14:32:50.140 D/PowerKeeperPolicy( 1639): stopLeScan: BleScanWrapper[mClientIf = 18 mPendingIntent=null] uid=10241BleScanWrapper[mClientIf = 18 mPendingIntent=null]
09-01 14:32:50.142 D/NetworkController.MobileSignalController(1)(29730): 4G level = 5
09-01 14:32:50.143 E/ResolverController(  679): No valid NAT64 prefix (116, <unspecified>/0)
09-01 14:32:50.144 D/BluetoothAdapter(10274): isLeEnabled(): ON
09-01 14:32:50.146 D/BluetoothLeScanner(10274): onScannerRegistered() - status=0 scannerId=18 mScannerId=0
09-01 14:32:50.146 D/PowerKeeperPolicy( 1639): isLeScanAllowed: uid = 10241, allow = true
09-01 14:32:50.150 D/PowerKeeperPolicy( 1639): startLeScan: BleScanWrapper[mClientIf = 18 mPendingIntent=null] uid=10241
09-01 14:32:50.150 D/PowerKeeperPolicy( 1639): uid = 10241 setAllowed, allowed = true
09-01 14:32:50.150 D/PowerKeeperPolicy( 1639): uid = 10241 setScanning, scanning = true
09-01 14:32:50.150 D/PowerKeeperPolicy( 1639): startLeScan, uid = 10241 is scanning
09-01 14:32:50.154 W/AsyncHttpResponse(10274): Current thread has not called Looper.prepare().Forcing synchronous mode
09-01 14:32:50.165 W/AsyncHttpResponse(10274): Current thread has not called Looper.prepare().Forcing synchronous mode
09-01 14:32:50.168 W/Looper  (10274): Slow Looper main: Activity com.xiaomi.hm.health/.activity.StartUpActivity is 1441ms late (wall=215ms running=182ms ClientTransaction{ callbacks=[android.app.servertransaction.LaunchActivityItem] lifecycleRequest=android.app.servertransaction.ResumeActivityItem }) because of 2 msg, msg 2 took 1440ms (seq=2 running=1119ms runnable=37ms io=2ms late=2ms h=android.app.ActivityThread$H w=110)
09-01 14:32:50.168 W/Looper  (10274): Slow Looper main: Activity com.xiaomi.hm.health/.activity.StartUpActivity is 1655ms late (wall=0ms running=0ms ClientTransaction{ callbacks=[android.app.servertransaction.TopResumedActivityChangeItem] }) because of 3 msg, msg 2 took 1440ms (seq=2 running=1119ms runnable=37ms io=2ms late=2ms h=android.app.ActivityThread$H w=110), msg 3 took 215ms (seq=3 running=182ms runnable=15ms late=1441ms h=android.app.ActivityThread$H w=159)
09-01 14:32:50.168 D/RecentsImpl( 7676): mActivityStateObserver com.xiaomi.hm.health.activity.StartUpActivity
09-01 14:32:50.177 V/AsyncHttpResponse(10274): Progress 3 from 3 (100%)
09-01 14:32:50.179 V/AsyncHttpResponse(10274): Progress 3 from 3 (100%)
09-01 14:32:50.207 W/System.err(10274): java.lang.Exception: visitor login failed
09-01 14:32:50.207 W/System.err(10274): 	at com.weibo.ssosdk.WeiboSsoSdk.O00000o0(WeiboSsoSdk.java:363)
09-01 14:32:50.207 W/System.err(10274): 	at com.sina.weibo.sdk.sso.WeiboSsoManager.initAid(WeiboSsoManager.java:42)
09-01 14:32:50.207 W/System.err(10274): 	at com.sina.weibo.sdk.sso.WeiboSsoManager.init(WeiboSsoManager.java:37)
