09-01 14:32:43.571 D/EventBus(29730): [29730, u0] send(AppTransitionFinishedEvent)
09-01 14:32:43.571 D/EventBus(29730): [29730, u0]  -> ForcedResizableInfoActivityController [0xc4c1163, P1] onBusEvent(AppTransitionFinishedEvent)
09-01 14:32:43.572 D/EventBus(29730): [29730, u0] onBusEvent(AppTransitionFinishedEvent) duration: 22 microseconds, avg: 37
09-01 14:32:43.574 D/Launcher.Transfer( 7676): transfer:onResume, extra:null
09-01 14:32:43.575 I/MiuiNetworkPolicy( 1639): updateUidState uid = 10062, uidState = 4
09-01 14:32:43.575 D/OemNetd (  679): whiteListUid: uid=10062, wmm=add
09-01 14:32:43.576 E/ActivityThread(26104): Failed to find provider info for com.android.bluetooth.deviceinfo_provider
09-01 14:32:43.579 I/MiuiNetworkPolicy( 1639): updateMLUid uid:10062,old:20,new:4
09-01 14:32:43.579 I/MiuiNetworkPolicy( 1639): isMLEnabled state:20,uid:10062,connect:DISCONNECTED
09-01 14:32:43.579 I/MiuiNetworkPolicy( 1639): isMLEnabled state:4,uid:10062,connect:DISCONNECTED
09-01 14:32:43.906 V/SettingsProvider( 1639): Notifying for 0: content://settings/global/hidden_api_policy_pre_p_apps
09-01 14:32:43.935 I//system/vendor/bin/mi_thermald( 1070): thermal_cpu_set_level: set cpu freq of cpu7 to 2016000
09-01 14:32:43.935 I//system/vendor/bin/mi_thermald( 1070): thermal_cpu_set_level: set cpu freq of cpu4 to 2016000
09-01 14:32:43.949 V/SettingsProvider( 1639): Notifying for 0: content://settings/global/hidden_api_policy_p_apps
09-01 14:32:43.983 I/AudioTrack( 2503): isLongTimeZoreData zoer date time 59 Seconds
09-01 14:32:43.992 V/SettingsProvider( 1639): Notifying for 0: content://settings/global/hidden_api_policy
09-01 14:32:43.994 D/NetworkController.MobileSignalController(1)(29730): 4G level = 5
09-01 14:32:44.308 E/adbd    (16935): failed to connect to socket 'tcp:6790': Connection refused
09-01 14:32:44.386 I/ActivityManager( 1639): Force stopping io.appium.uiautomator2.server.test appid=10225 user=0: from process:10201
09-01 14:32:44.391 E/PhoneInterfaceManager( 2698): [PhoneIntfMgr] getCarrierPackageNamesForIntent: No UICC
09-01 14:32:44.392 D/CarrierSvcBindHelper( 2698): No carrier app for: 0
09-01 14:32:44.395 D/CarrierSvcBindHelper( 2698): No carrier app for: 1
09-01 14:32:44.411 D/RegisteredServicesCache( 4689):  Reading service state data always from file
09-01 14:32:44.412 D/RegisteredServicesCache( 4689): ServiceStateFileVersion=1.0
09-01 14:32:44.412 E/RegisteredServicesCache( 4689): Next Tag=services
09-01 14:32:44.412 E/RegisteredServicesCache( 4689): 1invalidateCache:WriteServiceStateToFile
09-01 14:32:44.412 E/RegisteredServicesCache( 4689):  Writing service state Data Always
09-01 14:32:44.429 E/RegisteredAidCache( 4689): updateRoutingLocked(): enter...
09-01 14:32:44.430 D/NfcService( 4689): defaultMifareCLTRoute : 315
09-01 14:32:44.430 D/RegisteredAidCache( 4689):  AID power stateB0693789675600247817route0
09-01 14:32:44.430 D/NfcService( 4689): defaultAidRoute : 315
09-01 14:32:44.430 D/NfcService( 4689): GetDefaultRouteLoc  :1
09-01 14:32:44.430 D/NfcService( 4689): defaultAidRoute : 315
09-01 14:32:44.430 D/NfcService( 4689): GetDefaultRouteLoc  :1
09-01 14:32:44.430 E/AidRoutingManager( 4689): Size of routing table970
09-01 14:32:44.430 E/RegisteredAidCache( 4689): updateRoutingLocked(): exit...
09-01 14:32:44.432 D/RegisteredNfcFServicesCache( 4689): Service unchanged, not updating
09-01 14:32:44.468 I/chatty  ( 8588): uid=1002(bluetooth) btu message loo expire 97 lines
09-01 14:32:44.468 I/chatty  ( 8588): uid=1002(bluetooth) BT Service Call expire 109 lines
09-01 14:32:44.472 I/chatty  ( 8588): uid=1002(bluetooth) com.android.bluetooth expire 2 lines
09-01 14:32:44.472 W/BluetoothEventManager(29730): AclStateChangedHandler: activeDevice is null
09-01 14:32:44.474 I/TrustAgent(20208): TAG: TrustAgent.Tracker. [BluetoothConnectionTracker] Bluetooth disconnect broadast for Mi Smart Band 5 C3:D4:F4:E3:11:EC [CONTEXT service_id=84 ]
09-01 14:32:44.475 D/Bluetooth_AIVS_SDK(22367): AIVS:BluetoothBase:onReceive: ACTION_ACL_DISCONNECTED, device:Mi Smart Band 5 type:2
09-01 14:32:44.476 D/CompatibilityInfo( 1639): mCompatibilityFlags - 0
09-01 14:32:44.476 D/CompatibilityInfo( 1639): applicationDensity - 440
09-01 14:32:44.476 D/CompatibilityInfo( 1639): applicationScale - 1.0
09-01 14:32:44.484 D/CompatibilityInfo( 1639): mCompatibilityFlags - 0
09-01 14:32:44.484 D/CompatibilityInfo( 1639): applicationDensity - 440
09-01 14:32:44.484 D/CompatibilityInfo( 1639): applicationScale - 1.0
09-01 14:32:44.486 I/hwservicemanager(  573): getTransport: Cannot find entry vendor.qti.hardware.servicetracker@1.0::IServicetracker/default in either framework or device manifest.
09-01 14:32:44.493 D/CompatibilityInfo( 1639): mCompatibilityFlags - 0
09-01 14:32:44.493 D/CompatibilityInfo( 1639): applicationDensity - 440
09-01 14:32:44.493 D/CompatibilityInfo( 1639): applicationScale - 1.0
09-01 14:32:44.494 I/hwservicemanager(  573): getTransport: Cannot find entry vendor.qti.hardware.servicetracker@1.0::IServicetracker/default in either framework or device manifest.
09-01 14:32:44.504 I/chatty  (19843): uid=1002 bluetooth@1.0-s expire 7 lines
09-01 14:32:44.506 E/ResolverController(  679): No valid NAT64 prefix (116, <unspecified>/0)
09-01 14:32:44.507 W/ActivityManager( 1639): Unable to start service Intent { act=android.bluetooth.device.action.ACL_DISCONNECTED cmp=com.google.android.gms/.nearby.discovery.service.DiscoveryService (has extras) } U=0: not found
09-01 14:32:44.579 I/MiuiNetworkPolicy( 1639): updateUidState uid = 10062, uidState = 16
09-01 14:32:44.580 D/OemNetd (  679): whiteListUid: uid=10062, wmm=del
09-01 14:32:44.582 I/MiuiNetworkPolicy( 1639): updateMLUid uid:10062,old:4,new:16
09-01 14:32:44.582 I/MiuiNetworkPolicy( 1639): isMLEnabled state:4,uid:10062,connect:DISCONNECTED
09-01 14:32:44.582 I/MiuiNetworkPolicy( 1639): isMLEnabled state:16,uid:10062,connect:DISCONNECTED
09-01 14:32:44.590 D/AndroidRuntime(10204): >>>>>> START com.android.internal.os.RuntimeInit uid 2000 <<<<<<
09-01 14:32:44.590 W/app_process(10204): type=1400 audit(0.0:63909): avc: denied { read } for name="u:object_r:device_config_runtime_native_boot_prop:s0" dev="tmpfs" ino=16478 scontext=u:r:shell:s0 tcontext=u:object_r:device_config_runtime_native_boot_prop:s0 tclass=file permissive=0
09-01 14:32:44.593 E/libc    (10204): Access denied finding property "persist.device_config.runtime_native_boot.enable_apex_image"
09-01 14:32:44.593 I/AndroidRuntime(10204): Using default boot image
09-01 14:32:44.593 E/libc    (10204): Access denied finding property "persist.device_config.runtime_native_boot.disable_lock_profiling"
09-01 14:32:44.593 I/AndroidRuntime(10204): Leaving lock profiling enabled
09-01 14:32:44.593 E/libc    (10204): Access denied finding property "persist.device_config.runtime_native_boot.enable_generational_cc"
09-01 14:32:44.590 W/app_process(10204): type=1400 audit(0.0:63910): avc: denied { read } for name="u:object_r:device_config_runtime_native_boot_prop:s0" dev="tmpfs" ino=16478 scontext=u:r:shell:s0 tcontext=u:object_r:device_config_runtime_native_boot_prop:s0 tclass=file permissive=0
09-01 14:32:44.590 W/app_process(10204): type=1400 audit(0.0:63911): avc: denied { read } for name="u:object_r:device_config_runtime_native_boot_prop:s0" dev="tmpfs" ino=16478 scontext=u:r:shell:s0 tcontext=u:object_r:device_config_runtime_native_boot_prop:s0 tclass=file permissive=0
09-01 14:32:44.658 D/ICU     (10204): Time zone APEX file found: /apex/com.android.tzdata/etc/icu/icu_tzdata.dat
09-01 14:32:44.680 W/app_process(10204): JNI RegisterNativeMethods: attempt to register 0 native methods for android.media.AudioAttributes
09-01 14:32:44.682 E/libc    (10204): Access denied finding property "persist.vendor.qti.debug.atlogs_enable"
09-01 14:32:44.670 W/main    (10204): type=1400 audit(0.0:63912): avc: denied { read } for name="u:object_r:vendor_default_prop:s0" dev="tmpfs" ino=16586 scontext=u:r:shell:s0 tcontext=u:object_r:vendor_default_prop:s0 tclass=file permissive=0
09-01 14:32:44.686 D/AndroidRuntime(10204): Calling main entry com.android.commands.am.Am
09-01 14:32:44.691 I/ActivityManager( 1639): Force stopping io.appium.uiautomator2.server appid=10224 user=0: start instr
09-01 14:32:44.692 I/ActivityManager( 1639): Killing 9696:io.appium.uiautomator2.server/u0a224 (adj 0): stop io.appium.uiautomator2.server: start instr
09-01 14:32:44.693 I/hwservicemanager(  573): getTransport: Cannot find entry vendor.qti.hardware.servicetracker@1.0::IServicetracker/default in either framework or device manifest.
09-01 14:32:44.694 W/ActivityManager( 1639): Crash of app io.appium.uiautomator2.server running instrumentation ComponentInfo{io.appium.uiautomator2.server.test/androidx.test.runner.AndroidJUnitRunner}
09-01 14:32:44.695 I/ActivityManager( 1639): Force stopping io.appium.uiautomator2.server appid=10224 user=0: finished inst
09-01 14:32:44.695 W/Binder  ( 9676): Caught a RuntimeException from the binder stub implementation.
09-01 14:32:44.695 W/Binder  ( 9676): java.lang.SecurityException: Calling from not trusted UID!
09-01 14:32:44.695 W/Binder  ( 9676): 	at android.app.UiAutomationConnection.throwIfCalledByNotTrustedUidLocked(UiAutomationConnection.java:520)
09-01 14:32:44.695 W/Binder  ( 9676): 	at android.app.UiAutomationConnection.shutdown(UiAutomationConnection.java:424)
09-01 14:32:44.695 W/Binder  ( 9676): 	at android.app.IUiAutomationConnection$Stub.onTransact(IUiAutomationConnection.java:390)
09-01 14:32:44.695 W/Binder  ( 9676): 	at android.os.Binder.execTransactInternal(Binder.java:1021)
09-01 14:32:44.695 W/Binder  ( 9676): 	at android.os.Binder.execTransact(Binder.java:994)
09-01 14:32:44.698 W/Binder  ( 1639): Outgoing transactions from this process must be FLAG_ONEWAY
09-01 14:32:44.698 W/Binder  ( 1639): java.lang.Throwable
09-01 14:32:44.698 W/Binder  ( 1639): 	at android.os.BinderProxy.transact(BinderProxy.java:480)
09-01 14:32:44.698 W/Binder  ( 1639): 	at android.app.IInstrumentationWatcher$Stub$Proxy.instrumentationFinished(IInstrumentationWatcher.java:205)
09-01 14:32:44.698 W/Binder  ( 1639): 	at com.android.server.am.InstrumentationReporter$MyThread.run(InstrumentationReporter.java:86)
09-01 14:32:44.700 D/AndroidRuntime( 9676): Shutting down VM
09-01 14:32:44.705 I/MiuiNetworkPolicy( 1639): removeUidState uid = 10224
09-01 14:32:44.705 D/OemNetd (  679): whiteListUid: uid=10224, wmm=del
09-01 14:32:44.706 V/UidProcStateHelper( 1639): process died:[9696,10224]
09-01 14:32:44.715 I/MiuiNetworkPolicy( 1639): updateMLUid uid:10224,old:5,new:20
09-01 14:32:44.716 I/MiuiNetworkPolicy( 1639): isMLEnabled state:5,uid:10224,connect:DISCONNECTED
09-01 14:32:44.716 I/MiuiNetworkPolicy( 1639): isMLEnabled state:20,uid:10224,connect:DISCONNECTED
09-01 14:32:44.716 I/MiuiNetworkPolicy( 1639): updateUidState uid = 10224, uidState = 20
09-01 14:32:44.722 D/ActiveStateController( 6417): updateStateForUidActiveChangedLocked, uid: 10224 active: false
09-01 14:32:44.726 D/Zygote  (  680): Forked child process 10226
09-01 14:32:44.727 D/Boost   ( 1639): hostingType=added application, hostingName=io.appium.uiautomator2.server, callerPackage=android, isSystem=true, isBoostNeeded=false.
09-01 14:32:44.728 D/OemNetd (  679): setPidForPackage: packageName=io.appium.uiautomator2.server, pid=10226, pid=10224
09-01 14:32:44.728 I/ActivityManager( 1639): Start proc 10226:io.appium.uiautomator2.server/u0a224 for added application io.appium.uiautomator2.server caller=android
09-01 14:32:44.730 I/tomator2.serve(10226): Late-enabling -Xcheck:jni
09-01 14:32:44.743 E/tomator2.serve(10226): Unknown bits set in runtime_flags: 0x8000
09-01 14:32:44.743 W/WindowManager( 1639): removeWindowToken: Attempted to remove non-existing token: android.os.Binder@f5fe434
09-01 14:32:44.744 I/Zygote  (  680): Process 9696 exited due to signal 9 (Killed)
09-01 14:32:44.746 V/SettingsProvider( 1639): Notifying for 0: content://settings/secure/accessibility_enabled
09-01 14:32:44.748 I/libprocessgroup( 1639): Successfully killed process cgroup uid 10224 pid 9696 in 55ms
09-01 14:32:44.771 D/CompatibilityInfo( 1639): mCompatibilityFlags - 0
09-01 14:32:44.771 D/CompatibilityInfo( 1639): applicationDensity - 440
09-01 14:32:44.772 D/CompatibilityInfo( 1639): applicationScale - 1.0
09-01 14:32:44.778 I/MiuiNetworkPolicy( 1639): updateUidState uid = 10224, uidState = 5
09-01 14:32:44.778 D/OemNetd (  679): whiteListUid: uid=10224, wmm=add
09-01 14:32:44.779 I/MiuiNetworkPolicy( 1639): updateMLUid uid:10224,old:20,new:5
09-01 14:32:44.779 I/MiuiNetworkPolicy( 1639): isMLEnabled state:20,uid:10224,connect:DISCONNECTED
09-01 14:32:44.779 I/MiuiNetworkPolicy( 1639): isMLEnabled state:5,uid:10224,connect:DISCONNECTED
09-01 14:32:44.812 I/MiuiNetworkPolicy( 1639): bandwidth: 0 KB/s, Max bandwidth: 3727 KB/s
09-01 14:32:44.910 D/miuisdk (10226): current sdk level is 20
09-01 14:32:44.913 E/SELinux (  572): avc:  denied  { find } for service=overlay pid=10226 uid=10224 scontext=u:r:untrusted_app_27:s0:c224,c256,c512,c768 tcontext=u:object_r:overlay_service:s0 tclass=service_manager permissive=0
09-01 14:32:44.914 E/IconCustomizerUtils(10226): IOverlayManager is null
09-01 14:32:44.920 W/tomator2.serve(10226): ClassLoaderContext classpath size mismatch. expected=0, found=2 (PCL[]{PCL[/system/framework/android.test.mock.jar*3601177991]{PCL[/system/framework/android.test.base.jar*1299883780]}#PCL[/system/framework/android.test.runner.jar*3312018701]{PCL[/system/framework/android.test.base.jar*1299883780]#PCL[/system/framework/android.test.mock.jar*3601177991]{PCL[/system/framework/android.test.base.jar*1299883780]}}} | PCL[/system/framework/android.test.runner.jar*3312018701:/system/framework/android.test.mock.jar*3601177991])
09-01 14:32:44.921 W/tomator2.serve(10226): ClassLoaderContext classpath size mismatch. expected=0, found=4 (PCL[] | PCL[/system/framework/android.test.runner.jar*3312018701:/system/framework/android.test.mock.jar*3601177991:/data/app/io.appium.uiautomator2.server.test-xiUTBeW1tD0RDVGssLKQjw==/base.apk*4256641845:/data/app/io.appium.uiautomator2.server.test-xiUTBeW1tD0RDVGssLKQjw==/base.apk!classes2.dex*3909004592])
09-01 14:32:44.921 W/tomator2.serve(10226): Found duplicate classes, falling back to extracting from APK : /data/app/io.appium.uiautomator2.server-R860u7MKtILXj95_tECd6A==/base.apk
09-01 14:32:44.922 W/tomator2.serve(10226): NOTE: This wastes RAM and hurts startup performance.
09-01 14:32:44.922 W/tomator2.serve(10226): Found duplicated class when checking oat files: 'Ljunit/runner/BaseTestRunner;' in /system/framework/android.test.runner.jar and /data/app/io.appium.uiautomator2.server-R860u7MKtILXj95_tECd6A==/base.apk
09-01 14:32:44.922 W/tomator2.serve(10226): 
09-01 14:32:44.999 I/AudioTrack( 2503): isLongTimeZoreData out of time 0S 0mS
09-01 14:32:45.003 I/AudioTrack( 2503): isLongTimeZoreData zoer date time 0 Seconds
09-01 14:32:45.009 I/Perf    (10226): Connecting to perf service.
09-01 14:32:45.017 W/tomator2.serve(10226): ClassLoaderContext classpath size mismatch. expected=0, found=2 (PCL[]{PCL[/system/framework/android.test.mock.jar*3601177991]{PCL[/system/framework/android.test.base.jar*1299883780]}#PCL[/system/framework/android.test.runner.jar*3312018701]{PCL[/system/framework/android.test.base.jar*1299883780]#PCL[/system/framework/android.test.mock.jar*3601177991]{PCL[/system/framework/android.test.base.jar*1299883780]}}} | PCL[/system/framework/android.test.runner.jar*3312018701:/system/framework/android.test.mock.jar*3601177991];PCL[/system/framework/android.test.runner.jar*3312018701:/system/framework/android.test.mock.jar*3601177991:/data/app/io.appium.uiautomator2.server.test-xiUTBeW1tD0RDVGssLKQjw==/base.apk*4256641845:/data/app/io.appium.uiautomator2.server.test-xiUTBeW1tD0RDVGssLKQjw==/base.apk!classes2.dex*3909004592:/data/app/io.appium.uiautomator2.server-R860u7MKtILXj95_tECd6A==/base.apk*2224874488:/data/app/io.appium.uiautomator2.server-R860u7MKtILXj95_tECd6A==/base.apk!classes2.dex*2518648215])
09-01 14:32:45.017 W/tomator2.serve(10226): Found duplicate classes, falling back to extracting from APK : /data/app/io.appium.uiautomator2.server.test-xiUTBeW1tD0RDVGssLKQjw==/base.apk
09-01 14:32:45.017 W/tomator2.serve(10226): NOTE: This wastes RAM and hurts startup performance.
09-01 14:32:45.017 W/tomator2.serve(10226): Found duplicated class when checking oat files: 'Landroidx/test/espresso/AmbiguousViewMatcherException$1;' in /data/app/io.appium.uiautomator2.server.test-xiUTBeW1tD0RDVGssLKQjw==/base.apk and /data/app/io.appium.uiautomator2.server.test-xiUTBeW1tD0RDVGssLKQjw==/base.apk
09-01 14:32:45.017 W/tomator2.serve(10226): 
09-01 14:32:45.039 W/tomator2.serve(10226): ClassLoaderContext classpath size mismatch. expected=0, found=4 (PCL[] | PCL[/system/framework/android.test.runner.jar*3312018701:/system/framework/android.test.mock.jar*3601177991:/data/app/io.appium.uiautomator2.server.test-xiUTBeW1tD0RDVGssLKQjw==/base.apk*4256641845:/data/app/io.appium.uiautomator2.server.test-xiUTBeW1tD0RDVGssLKQjw==/base.apk!classes2.dex*3909004592];PCL[/system/framework/android.test.runner.jar*3312018701:/system/framework/android.test.mock.jar*3601177991:/data/app/io.appium.uiautomator2.server.test-xiUTBeW1tD0RDVGssLKQjw==/base.apk*4256641845:/data/app/io.appium.uiautomator2.server.test-xiUTBeW1tD0RDVGssLKQjw==/base.apk!classes2.dex*3909004592:/data/app/io.appium.uiautomator2.server-R860u7MKtILXj95_tECd6A==/base.apk*2224874488:/data/app/io.appium.uiautomator2.server-R860u7MKtILXj95_tECd6A==/base.apk!classes2.dex*2518648215])
09-01 14:32:45.039 W/tomator2.serve(10226): Found duplicate classes, falling back to extracting from APK : /data/app/io.appium.uiautomator2.server-R860u7MKtILXj95_tECd6A==/base.apk
09-01 14:32:45.039 W/tomator2.serve(10226): NOTE: This wastes RAM and hurts startup performance.
09-01 14:32:45.039 W/tomator2.serve(10226): Found duplicated class when checking oat files: 'Landroid_libs/ub_uiautomator/R;' in /data/app/io.appium.uiautomator2.server-R860u7MKtILXj95_tECd6A==/base.apk!classes2.dex and /data/app/io.appium.uiautomator2.server-R860u7MKtILXj95_tECd6A==/base.apk!classes2.dex
09-01 14:32:45.039 W/tomator2.serve(10226): 
09-01 14:32:45.122 W/tomator2.serve(10226): Accessing hidden method Landroid/app/Instrumentation;->execStartActivity(Landroid/content/Context;Landroid/os/IBinder;Landroid/os/IBinder;Landroid/app/Activity;Landroid/content/Intent;ILandroid/os/Bundle;)Landroid/app/Instrumentation$ActivityResult; (greylist, linking, allowed)
09-01 14:32:45.122 W/tomator2.serve(10226): Accessing hidden method Landroid/app/Instrumentation;->execStartActivity(Landroid/content/Context;Landroid/os/IBinder;Landroid/os/IBinder;Ljava/lang/String;Landroid/content/Intent;ILandroid/os/Bundle;)Landroid/app/Instrumentation$ActivityResult; (greylist, linking, allowed)
09-01 14:32:45.127 D/ForceDarkHelper(10226): io.appium.uiautomator2.server mIsDarkModeSupported = false
09-01 14:32:45.127 D/ForceDarkHelper(10226): io.appium.uiautomator2.server initialize time 1
09-01 14:32:45.133 I/MonitoringInstr(10226): Instrumentation started!
09-01 14:32:45.142 I/MonitoringInstr(10226): Setting context classloader to 'dalvik.system.PathClassLoader[DexPathList[[zip file "/system/framework/android.test.runner.jar", zip file "/system/framework/android.test.mock.jar", zip file "/data/app/io.appium.uiautomator2.server.test-xiUTBeW1tD0RDVGssLKQjw==/base.apk", zip file "/data/app/io.appium.uiautomator2.server-R860u7MKtILXj95_tECd6A==/base.apk"],nativeLibraryDirectories=[/data/app/io.appium.uiautomator2.server.test-xiUTBeW1tD0RDVGssLKQjw==/lib/arm64, /data/app/io.appium.uiautomator2.server-R860u7MKtILXj95_tECd6A==/lib/arm64, /system/lib64, /system/product/lib64]]]', Original: 'dalvik.system.PathClassLoader[DexPathList[[zip file "/system/framework/android.test.runner.jar", zip file "/system/framework/android.test.mock.jar", zip file "/data/app/io.appium.uiautomator2.server.test-xiUTBeW1tD0RDVGssLKQjw==/base.apk", zip file "/data/app/io.appium.uiautomator2.server-R860u7MKtILXj95_tECd6A==/base.apk"],nativeLibraryDirectories=[/data/app/io.appium.uiautomator2.server.test-xiUTBeW1tD0RDVGssLKQjw==/lib/arm64, /data/app/io.appium.uiautomator2.server-R860u7MKtILXj95_tECd6A==/lib/arm64, /system/lib64, /system/product/lib64]]]'
09-01 14:32:45.147 I/FeatureParser(10226): can't find raphael.xml in assets/device_features/,it may be in /system/etc/device_features
09-01 14:32:45.157 E/libc    (10226): Access denied finding property "ro.vendor.df.effect.conflict"
09-01 14:32:45.150 W/tomator2.server(10226): type=1400 audit(0.0:63913): avc: denied { read } for name="u:object_r:vendor_displayfeature_prop:s0" dev="tmpfs" ino=16588 scontext=u:r:untrusted_app_27:s0:c224,c256,c512,c768 tcontext=u:object_r:vendor_displayfeature_prop:s0 tclass=file permissive=0 app=io.appium.uiautomator2.server
09-01 14:32:45.160 I/MonitoringInstr(10226): No JSBridge.
09-01 14:32:45.162 I/MonitoringInstr(10226): Setting context classloader to 'dalvik.system.PathClassLoader[DexPathList[[zip file "/system/framework/android.test.runner.jar", zip file "/system/framework/android.test.mock.jar", zip file "/data/app/io.appium.uiautomator2.server.test-xiUTBeW1tD0RDVGssLKQjw==/base.apk", zip file "/data/app/io.appium.uiautomator2.server-R860u7MKtILXj95_tECd6A==/base.apk"],nativeLibraryDirectories=[/data/app/io.appium.uiautomator2.server.test-xiUTBeW1tD0RDVGssLKQjw==/lib/arm64, /data/app/io.appium.uiautomator2.server-R860u7MKtILXj95_tECd6A==/lib/arm64, /system/lib64, /system/product/lib64]]]', Original: 'dalvik.system.PathClassLoader[DexPathList[[zip file "/system/framework/android.test.runner.jar", zip file "/system/framework/android.test.mock.jar", zip file "/data/app/io.appium.uiautomator2.server.test-xiUTBeW1tD0RDVGssLKQjw==/base.apk", zip file "/data/app/io.appium.uiautomator2.server-R860u7MKtILXj95_tECd6A==/base.apk"],nativeLibraryDirectories=[/data/app/io.appium.uiautomator2.server.test-xiUTBeW1tD0RDVGssLKQjw==/lib/arm64, /data/app/io.appium.uiautomator2.server-R860u7MKtILXj95_tECd6A==/lib/arm64, /system/lib64, /system/product/lib64]]]'
09-01 14:32:45.162 E/Perf    (10226): Fail to get file list io.appium.uiautomator2.server
09-01 14:32:45.162 E/Perf    (10226): getFolderSize() : Exception_1 = java.lang.NullPointerException: Attempt to get length of null array
09-01 14:32:45.162 E/Perf    (10226): Fail to get file list io.appium.uiautomator2.server
09-01 14:32:45.162 E/Perf    (10226): getFolderSize() : Exception_1 = java.lang.NullPointerException: Attempt to get length of null array
09-01 14:32:45.163 E/Perf    (10226): Fail to get file list oat
09-01 14:32:45.164 E/Perf    (10226): getFolderSize() : Exception_1 = java.lang.NullPointerException: Attempt to get length of null array
09-01 14:32:45.185 I/UsageTrackerFacilitator(10226): Usage tracking enabled
09-01 14:32:45.187 I/TestRequestBuilder(10226): Scanning classpath to find tests in paths [/data/app/io.appium.uiautomator2.server.test-xiUTBeW1tD0RDVGssLKQjw==/base.apk]
09-01 14:32:45.188 W/tomator2.serve(10226): Opening an oat file without a class loader. Are you using the deprecated DexFile APIs?
09-01 14:32:45.316 D/TestExecutor(10226): Adding listener androidx.test.internal.runner.listener.LogRunListener
09-01 14:32:45.316 D/TestExecutor(10226): Adding listener androidx.test.internal.runner.listener.InstrumentationResultPrinter
09-01 14:32:45.316 D/TestExecutor(10226): Adding listener androidx.test.internal.runner.listener.ActivityFinisherRunListener
09-01 14:32:45.317 I/TestRunner(10226): run started: 1 tests
09-01 14:32:45.319 I/TestRunner(10226): started: startServer(io.appium.uiautomator2.server.test.AppiumUiAutomator2Server)
09-01 14:32:45.321 I/MonitoringInstr(10226): Activities that are still in CREATED to STOPPED: 0
09-01 14:32:45.322 I/appium  (10226): [AppiumUiAutomator2Server] Starting Server
09-01 14:32:45.422 E/adbd    (16935): failed to connect to socket 'tcp:6790': Connection refused
09-01 14:32:45.459 I/chatty  (19843): uid=1002(bluetooth) POSIX timer 7 expire 2 lines
09-01 14:32:45.507 D/OemNetd (  679): setLimit: disable, rate=0
09-01 14:32:45.620 I/chatty  (19843): uid=1002(bluetooth) POSIX timer 4 expire 1 line
09-01 14:32:46.015 I/AudioTrack( 2503): isLongTimeZoreData zoer date time 1 Seconds
09-01 14:32:46.146 D/StackScroller(29730): applyCurrentState
09-01 14:32:46.335 I/appium  (10226): AndroidServer created on port 6790
09-01 14:32:46.336 I/appium  (10226): io.appium.uiautomator2.server started:
09-01 14:32:46.384 I/appium  (10226): Started UiAutomator2 io.appium.uiautomator2.http io.appium.uiautomator2.server on port 6790
09-01 14:32:46.438 E/adbd    (16935): failed to connect to socket 'tcp:6790': Connection refused
09-01 14:32:46.438 W/tomator2.serve(10226): Accessing hidden method Lsun/misc/Unsafe;->allocateMemory(J)J (greylist, linking, allowed)
09-01 14:32:46.438 W/tomator2.serve(10226): Accessing hidden method Lsun/misc/Unsafe;->freeMemory(J)V (greylist, linking, allowed)
09-01 14:32:46.439 W/tomator2.serve(10226): Accessing hidden method Lsun/misc/Unsafe;->addressSize()I (greylist, linking, allowed)
09-01 14:32:46.439 W/tomator2.serve(10226): Accessing hidden method Lsun/misc/Unsafe;->arrayBaseOffset(Ljava/lang/Class;)I (greylist,core-platform-api, linking, allowed)
09-01 14:32:46.439 W/tomator2.serve(10226): Accessing hidden method Lsun/misc/Unsafe;->copyMemory(JJJ)V (greylist, linking, allowed)
09-01 14:32:46.439 W/tomator2.serve(10226): Accessing hidden method Lsun/misc/Unsafe;->getByte(J)B (greylist,core-platform-api, linking, allowed)
09-01 14:32:46.439 W/tomator2.serve(10226): Accessing hidden method Lsun/misc/Unsafe;->getByte(Ljava/lang/Object;J)B (greylist,core-platform-api, linking, allowed)
09-01 14:32:46.439 W/tomator2.serve(10226): Accessing hidden method Lsun/misc/Unsafe;->getInt(J)I (greylist, linking, allowed)
09-01 14:32:46.439 W/tomator2.serve(10226): Accessing hidden method Lsun/misc/Unsafe;->getInt(Ljava/lang/Object;J)I (greylist, linking, allowed)
09-01 14:32:46.439 W/tomator2.serve(10226): Accessing hidden method Lsun/misc/Unsafe;->getLong(J)J (greylist,core-platform-api, linking, allowed)
09-01 14:32:46.439 W/tomator2.serve(10226): Accessing hidden method Lsun/misc/Unsafe;->getLong(Ljava/lang/Object;J)J (greylist,core-platform-api, linking, allowed)
09-01 14:32:46.439 W/tomator2.serve(10226): Accessing hidden method Lsun/misc/Unsafe;->getObject(Ljava/lang/Object;J)Ljava/lang/Object; (greylist, linking, allowed)
09-01 14:32:46.439 W/tomator2.serve(10226): Accessing hidden method Lsun/misc/Unsafe;->getObjectVolatile(Ljava/lang/Object;J)Ljava/lang/Object; (greylist, linking, allowed)
09-01 14:32:46.439 W/tomator2.serve(10226): Accessing hidden method Lsun/misc/Unsafe;->getShort(J)S (greylist, linking, allowed)
09-01 14:32:46.439 W/tomator2.serve(10226): Accessing hidden method Lsun/misc/Unsafe;->getShort(Ljava/lang/Object;J)S (greylist, linking, allowed)
09-01 14:32:46.439 W/tomator2.serve(10226): Accessing hidden method Lsun/misc/Unsafe;->objectFieldOffset(Ljava/lang/reflect/Field;)J (greylist,core-platform-api, linking, allowed)
09-01 14:32:46.439 W/tomator2.serve(10226): Accessing hidden method Lsun/misc/Unsafe;->putByte(JB)V (greylist,core-platform-api, linking, allowed)
09-01 14:32:46.439 W/tomator2.serve(10226): Accessing hidden method Lsun/misc/Unsafe;->putByte(Ljava/lang/Object;JB)V (greylist,core-platform-api, linking, allowed)
09-01 14:32:46.439 W/tomator2.serve(10226): Accessing hidden method Lsun/misc/Unsafe;->putInt(JI)V (greylist, linking, allowed)
09-01 14:32:46.439 W/tomator2.serve(10226): Accessing hidden method Lsun/misc/Unsafe;->putInt(Ljava/lang/Object;JI)V (greylist, linking, allowed)
09-01 14:32:46.439 W/tomator2.serve(10226): Accessing hidden method Lsun/misc/Unsafe;->putLong(JJ)V (greylist, linking, allowed)
09-01 14:32:46.439 W/tomator2.serve(10226): Accessing hidden method Lsun/misc/Unsafe;->putLong(Ljava/lang/Object;JJ)V (greylist, linking, allowed)
09-01 14:32:46.439 W/tomator2.serve(10226): Accessing hidden method Lsun/misc/Unsafe;->putOrderedObject(Ljava/lang/Object;JLjava/lang/Object;)V (greylist, linking, allowed)
09-01 14:32:46.439 W/tomator2.serve(10226): Accessing hidden method Lsun/misc/Unsafe;->putShort(JS)V (greylist, linking, allowed)
09-01 14:32:46.439 W/tomator2.serve(10226): Accessing hidden method Lsun/misc/Unsafe;->putShort(Ljava/lang/Object;JS)V (greylist, linking, allowed)
09-01 14:32:46.439 W/tomator2.serve(10226): Accessing hidden method Lsun/misc/Unsafe;->setMemory(JJB)V (greylist, linking, allowed)
09-01 14:32:46.440 W/tomator2.serve(10226): Accessing hidden field Ljava/nio/Buffer;->address:J (greylist, reflection, allowed)
09-01 14:32:46.440 W/tomator2.serve(10226): Accessing hidden field Lsun/misc/Unsafe;->theUnsafe:Lsun/misc/Unsafe; (greylist, reflection, allowed)
09-01 14:32:46.441 W/tomator2.serve(10226): Accessing hidden method Lsun/misc/VM;->maxDirectMemory()J (greylist, reflection, allowed)
09-01 14:32:46.448 W/tomator2.serve(10226): Accessing hidden field Lsun/nio/ch/SelectorImpl;->selectedKeys:Ljava/util/Set; (greylist, reflection, allowed)
09-01 14:32:46.449 W/tomator2.serve(10226): Accessing hidden field Lsun/nio/ch/SelectorImpl;->publicSelectedKeys:Ljava/util/Set; (greylist, reflection, allowed)
09-01 14:32:46.460 W/Thread-4(10226): type=1400 audit(0.0:63914): avc: denied { read } for name="somaxconn" dev="proc" ino=7220655 scontext=u:r:untrusted_app_27:s0:c224,c256,c512,c768 tcontext=u:object_r:proc_net:s0 tclass=file permissive=0 app=io.appium.uiautomator2.server
09-01 14:32:46.626 W/System  ( 1639): A resource failed to call close. 
09-01 14:32:46.626 I/chatty  ( 1639): uid=1000(system) FinalizerDaemon identical 1 line
09-01 14:32:46.626 W/System  ( 1639): A resource failed to call close. 
09-01 14:32:47.030 I/AudioTrack( 2503): isLongTimeZoreData zoer date time 2 Seconds
09-01 14:32:47.514 I/appium  (10226): channel read invoked!
09-01 14:32:47.514 I/appium  (10226): channel read: GET /wd/hub/status
09-01 14:32:47.518 I/appium  (10226): AppiumResponse: {"sessionId":"None","value":{"ready":true,"message":"UiAutomator2 Server is ready to accept commands"}}
09-01 14:32:47.539 I/appium  (10226): channel read invoked!
09-01 14:32:47.539 I/appium  (10226): channel read: POST /wd/hub/session
09-01 14:32:47.544 W/tomator2.serve(10226): Accessing hidden field Landroid/app/UiAutomation;->mOnAccessibilityEventListener:Landroid/app/UiAutomation$OnAccessibilityEventListener; (greylist-max-o, reflection, allowed)
09-01 14:32:47.544 I/appium  (10226): Created the new session with SessionID: 3b8c72a3-7a5f-4eee-8121-946476795ec0
09-01 14:32:47.545 I/appium  (10226): AppiumResponse: {"sessionId":"3b8c72a3-7a5f-4eee-8121-946476795ec0","value":{"sessionId":"3b8c72a3-7a5f-4eee-8121-946476795ec0","capabilities":{"firstMatch":[{"platform":"LINUX","webStorageEnabled":false,"takesScreenshot":true,"javascriptEnabled":true,"databaseEnabled":false,"networkConnectionEnabled":true,"loca...
09-01 14:32:47.580 I/appium  (10226): channel read invoked!
09-01 14:32:47.580 I/appium  (10226): channel read: GET /wd/hub/session/3b8c72a3-7a5f-4eee-8121-946476795ec0/appium/device/info
09-01 14:32:47.580 I/appium  (10226): Get Device Info command
09-01 14:32:47.600 W/tomator2.serve(10226): Accessing hidden field Landroid/net/NetworkCapabilities;->mSignalStrength:I (greylist-max-p, reflection, allowed)
09-01 14:32:47.600 W/tomator2.serve(10226): Accessing hidden field Landroid/net/NetworkCapabilities;->mNetworkSpecifier:Landroid/net/NetworkSpecifier; (greylist-max-o, reflection, allowed)
09-01 14:32:47.600 W/tomator2.serve(10226): Accessing hidden field Landroid/net/NetworkCapabilities;->mSSID:Ljava/lang/String; (greylist-max-o, reflection, allowed)
09-01 14:32:47.609 I/appium  (10226): AppiumResponse: {"sessionId":"3b8c72a3-7a5f-4eee-8121-946476795ec0","value":{"androidId":"189d1757d16bcd28","manufacturer":"Xiaomi","model":"Redmi K20 Pro","brand":"Xiaomi","apiVersion":"29","platformVersion":"10","carrierName":"小米移动","realDisplaySize":"1080x2340","displayDensity":440,"networks":[{"type":1,"type...
09-01 14:32:47.687 D/MessageMonitor( 1639): Dump Looper message took 1ms
09-01 14:32:47.691 D/MessageMonitor( 1639): Dump Looper message took 1ms
09-01 14:32:47.814 I/MiuiNetworkPolicy( 1639): bandwidth: 0 KB/s, Max bandwidth: 3727 KB/s
09-01 14:32:46.362 V/SettingsProvider( 1639): Notifying for 0: content://settings/secure/accessibility_enabled
09-01 14:32:47.827 I/ActivityManager( 1639): Force stopping com.xiaomi.hm.health appid=10241 user=0: from process:10261
09-01 14:32:47.838 E/PhoneInterfaceManager( 2698): [PhoneIntfMgr] getCarrierPackageNamesForIntent: No UICC
09-01 14:32:47.841 D/CarrierSvcBindHelper( 2698): No carrier app for: 0
09-01 14:32:47.843 D/CarrierSvcBindHelper( 2698): No carrier app for: 1
09-01 14:32:47.850 D/RegisteredServicesCache( 4689):  Reading service state data always from file
09-01 14:32:47.851 D/RegisteredServicesCache( 4689): ServiceStateFileVersion=1.0
09-01 14:32:47.851 E/RegisteredServicesCache( 4689): Next Tag=services
09-01 14:32:47.852 E/RegisteredServicesCache( 4689): 1invalidateCache:WriteServiceStateToFile
09-01 14:32:47.852 E/RegisteredServicesCache( 4689):  Writing service state Data Always
09-01 14:32:47.864 E/RegisteredAidCache( 4689): updateRoutingLocked(): enter...
09-01 14:32:47.864 D/NfcService( 4689): defaultMifareCLTRoute : 315
09-01 14:32:47.864 D/RegisteredAidCache( 4689):  AID power stateB0693789675600247817route0
09-01 14:32:47.864 D/NfcService( 4689): defaultAidRoute : 315
09-01 14:32:47.864 D/NfcService( 4689): GetDefaultRouteLoc  :1
09-01 14:32:47.864 D/NfcService( 4689): defaultAidRoute : 315
09-01 14:32:47.864 D/NfcService( 4689): GetDefaultRouteLoc  :1
09-01 14:32:47.864 E/AidRoutingManager( 4689): Size of routing table970
09-01 14:32:47.864 E/RegisteredAidCache( 4689): updateRoutingLocked(): exit...
09-01 14:32:47.865 D/RegisteredNfcFServicesCache( 4689): Service unchanged, not updating
09-01 14:32:48.046 I/AudioTrack( 2503): isLongTimeZoreData zoer date time 3 Seconds
09-01 14:32:48.084 W/ActivityTaskManager( 1639): aInfo is null for resolve intent: Intent { act=android.intent.action.MAIN cat=[android.intent.category.LAUNCHER] flg=0x10200000 cmp=com.xiaomi.hm.health/activity.StartUpActivity }
09-01 14:32:48.084 W/ActivityTaskManagerServiceInjector( 1639): Intent or aInfo is null!
09-01 14:32:48.084 I/ActivityTaskManager( 1639): START u0 {act=android.intent.action.MAIN cat=[android.intent.category.LAUNCHER] flg=0x10200000 cmp=com.xiaomi.hm.health/activity.StartUpActivity} from uid 2000
09-01 14:32:48.087 W/BpBinder(10261): Slow Binder: BpBinder transact took 260ms, interface=android.app.IActivityManager, code=1598246212 oneway=false
09-01 14:32:48.177 I/ActivityManager( 1639): Force stopping com.xiaomi.hm.health appid=10241 user=0: from process:10266
09-01 14:32:48.184 E/PhoneInterfaceManager( 2698): [PhoneIntfMgr] getCarrierPackageNamesForIntent: No UICC
09-01 14:32:48.184 D/CarrierSvcBindHelper( 2698): No carrier app for: 0
09-01 14:32:48.188 D/CarrierSvcBindHelper( 2698): No carrier app for: 1
09-01 14:32:48.202 D/RegisteredServicesCache( 4689):  Reading service state data always from file
09-01 14:32:48.205 D/RegisteredServicesCache( 4689): ServiceStateFileVersion=1.0
09-01 14:32:48.205 E/RegisteredServicesCache( 4689): Next Tag=services
09-01 14:32:48.205 E/RegisteredServicesCache( 4689): 1invalidateCache:WriteServiceStateToFile
09-01 14:32:48.205 E/RegisteredServicesCache( 4689):  Writing service state Data Always
09-01 14:32:48.214 E/RegisteredAidCache( 4689): updateRoutingLocked(): enter...
09-01 14:32:48.215 D/NfcService( 4689): defaultMifareCLTRoute : 315
09-01 14:32:48.215 D/RegisteredAidCache( 4689):  AID power stateB0693789675600247817route0
09-01 14:32:48.215 D/NfcService( 4689): defaultAidRoute : 315
09-01 14:32:48.215 D/NfcService( 4689): GetDefaultRouteLoc  :1
09-01 14:32:48.215 D/NfcService( 4689): defaultAidRoute : 315
09-01 14:32:48.215 D/NfcService( 4689): GetDefaultRouteLoc  :1
09-01 14:32:48.215 E/AidRoutingManager( 4689): Size of routing table970
09-01 14:32:48.215 E/RegisteredAidCache( 4689): updateRoutingLocked(): exit...
09-01 14:32:48.217 D/RegisteredNfcFServicesCache( 4689): Service unchanged, not updating
09-01 14:32:48.434 I/SplashScreenServiceDelegate( 1639): None for com.xiaomi.hm.health
09-01 14:32:48.435 I/ActivityTaskManager( 1639): START u0 {act=android.intent.action.MAIN cat=[android.intent.category.LAUNCHER] flg=0x10200000 cmp=com.xiaomi.hm.health/.activity.StartUpActivity} from uid 2000
09-01 14:32:48.441 E/ANDR-PERF-LM(  809): AdaptLaunchAction:: applyAction() 151: Failed to aquire perflock, handle = -1
09-01 14:32:48.441 E/ANDR-PERF-JNI( 1639): com_qualcomm_qtiperformance_native_perf_io_prefetch_start
09-01 14:32:48.454 D/CompatibilityInfo( 1639): mCompatibilityFlags - 0
09-01 14:32:48.454 D/CompatibilityInfo( 1639): applicationDensity - 440
09-01 14:32:48.454 D/CompatibilityInfo( 1639): applicationScale - 1.0
09-01 14:32:48.455 D/ActivityTrigger( 1639): ActivityTrigger activityPauseTrigger 
09-01 14:32:48.458 E/ANDR-IOP( 2131): io prefetch is disabled
09-01 14:32:48.459 D/Launcher.Lifecycle( 7676): onPause:UserHandle{0},93e149d,true
09-01 14:32:48.459 D/Launcher_UnlockAnimationStateMachine( 7676): setState:PAUSE_WAIT
09-01 14:32:48.463 D/ScreenElementRoot( 7676): pause
09-01 14:32:48.464 D/ScreenElementRoot( 7676): pause
09-01 14:32:48.468 I/NotifierManager( 7676): onUnregister: miui.maml.NotifierManager$MultiBroadcastNotifier@bb30fa3
09-01 14:32:48.468 I/RenderThread( 7676): RenderThread paused, waiting for signal
09-01 14:32:48.488 D/Zygote  (  680): Forked child process 10274
09-01 14:32:48.489 D/BufferQueueLayer(  881): Launcher new frame Arrived
09-01 14:32:48.490 D/StatusBarClockController( 7676): show status bar clock
09-01 14:32:48.491 D/Boost   ( 1639): hostingType=activity, hostingName={com.xiaomi.hm.health/com.xiaomi.hm.health.activity.StartUpActivity}, callerPackage=null, isSystem=true, isBoostNeeded=false.
09-01 14:32:48.492 D/OemNetd (  679): setPidForPackage: packageName=com.xiaomi.hm.health, pid=10274, pid=10241
09-01 14:32:48.492 I/ActivityManager( 1639): Start proc 10274:com.xiaomi.hm.health/u0a241 for activity {com.xiaomi.hm.health/com.xiaomi.hm.health.activity.StartUpActivity} caller=null
09-01 14:32:48.495 D/Launcher_WallpaperUtils( 7676): changeStatusBarMode:false
09-01 14:32:48.498 D/BufferQueueLayer(  881): Launcher new frame Arrived
09-01 14:32:48.509 D/CompatibilityInfo( 1639): mCompatibilityFlags - 0
09-01 14:32:48.509 D/CompatibilityInfo( 1639): applicationDensity - 440
09-01 14:32:48.509 D/CompatibilityInfo( 1639): applicationScale - 1.0
09-01 14:32:48.511 D/CompatibilityInfo( 1639): mCompatibilityFlags - 0
09-01 14:32:48.511 D/CompatibilityInfo( 1639): applicationDensity - 440
09-01 14:32:48.511 D/CompatibilityInfo( 1639): applicationScale - 1.0
09-01 14:32:48.512 D/WindowManager( 1639): Input focus has changed to null
09-01 14:32:48.513 I/qspmsvc-client( 1639): inside perf_hint_qspm
09-01 14:32:48.514 I/Timeline( 1639): Timeline: App_transition_ready time:211534531
09-01 14:32:48.515 D/ProcessObserver( 6417): onScreenAppChanged, FgUid: 10241, FgPackageName: com.xiaomi.hm.health
09-01 14:32:48.514 I/ProcessMonitor( 5237): onForegroundInfoChanged: ForegroundInfo{mForegroundPackageName='com.xiaomi.hm.health', mForegroundUid=10241, mForegroundPid=10274, mLastForegroundPackageName='com.miui.home', mLastForegroundUid=10090, mLastForegroundPid=7676, mMultiWindowForegroundPackageName='null', mMultiWindowForegroundUid=-1, mFlags=1}
09-01 14:32:48.515 D/PowerKeeper( 6417): PowerStateMachine:Enter power state id=0 name=normal
09-01 14:32:48.515 D/ProcessObserver( 6417): onScreenAppChanged, PreTaskUid: 10090, PreTaskPackageName: com.miui.home
09-01 14:32:48.515 I/GameBoosterService( 5237): onForegroundInfoChanged: Cur=com.xiaomi.hm.health	 last=com.miui.home
09-01 14:32:48.515 D/ProcessObserver( 6417): Uid: 10241 Foreground
09-01 14:32:48.515 I/set_top_app( 1639): success /proc/10274/top_app:1
09-01 14:32:48.515 D/PowerCheckerService( 6417): updateForFgUidChangedLocked, mScreenOn = true uid = 10241 foreground = true
09-01 14:32:48.515 D/AppActiveChecker( 6417): updateDownloadStateForFgUidChangedLocked, mScreenOn = true uid = 10241 foreground = true
09-01 14:32:48.515 D/AppActiveChecker( 6417): removeMessages: hasMessage, uid = 10241
09-01 14:32:48.515 D/DeviceIdleAppRuleChecker( 6417): updateStateForInteractiveUidChangedLocked: uid = 10241 foreground = true
09-01 14:32:48.516 D/KillProcessAppRuleChecker( 6417): updateStateForInteractiveUidChangedLocked: uid = 10241 foreground = true
09-01 14:32:48.516 D/HideModeStateMachine( 6417): updateForForegroundUidChangedLocked: uid = 10241 foreground = true
09-01 14:32:48.516 I/HideModeStateMachine( 6417): Uid: 10241 State: inactive_level_1st |-> setForegroundActive
09-01 14:32:48.516 I/HideModeStateMachine( 6417): Uid: 10241 State: inactive_level_1st Feature: location |-> setSubStateForegroundActive
09-01 14:32:48.516 I/set_top_app( 1639): success /proc/7676/top_app:0
09-01 14:32:48.516 I/HideModeStateMachine( 6417): Uid: 10241 State: inactive_level_1st Feature: sensor |-> setSubStateForegroundActive
09-01 14:32:48.516 I/HideModeStateMachine( 6417): Uid: 10241 State: inactive_level_1st Feature: appIdle |-> setSubStateForegroundActive
09-01 14:32:48.516 I/HideModeStateMachine( 6417): Uid: 10241 State: active |-> setForegroundActive
09-01 14:32:48.516 I/set_top_app( 1639): success /proc/13261/top_app:0
09-01 14:32:48.516 D/ActiveStateController( 6417): updateStateForFgUidChangedLocked: uid = 10241 foreground = true
09-01 14:32:48.516 D/ActiveStateController( 6417): updateRuleForUidLocked, uid = 10241 property = 0
09-01 14:32:48.516 D/PowerChecker.BaStats( 6417): uid = 10241, uidForeground = true, lastBytes = 71013248, curBytes = 71015394, deltaBytes = 2146
09-01 14:32:48.517 I/octvm_power( 3400): power mode [normal] start 1598941968
09-01 14:32:48.517 I/octvm_drv( 3400): common drv: get_current_battery_uAh will return 0
09-01 14:32:48.517 I/octvm_power( 3400): Action: set_bcbc_cust_state(disable) for [foreground_change]
09-01 14:32:48.517 V/UidProcStateHelper( 1639): foreground changed:[10274,10241,true]
09-01 14:32:48.512 D/PowerKeeper( 6417): PerfEngineController:ForegroundInfo{mForegroundPackageName='com.xiaomi.hm.health', mForegroundUid=10241, mForegroundPid=10274, mLastForegroundPackageName='com.miui.home', mLastForegroundUid=10090, mLastForegroundPid=7676, mMultiWindowForegroundPackageName='null', mMultiWindowForegroundUid=-1, mFlags=1}
09-01 14:32:48.518 I/chatty  ( 8588): uid=1002(bluetooth) BluetoothScanMa expire 19 lines
09-01 14:32:48.518 D/ProcessObserver( 6417): onForegroundActivitiesChanged, pid: 10274 uid: 10241 foregroundActivities: true
09-01 14:32:48.518 D/Launcher.Lifecycle( 7676): onWindowFocusChanged:false,UserHandle{0},93e149d,true
09-01 14:32:48.519 D/PowerKeeperConfigureProvider( 6417): appActiveTable insert 577
09-01 14:32:48.520 I/MiuiNetworkPolicy( 1639): updateUidState uid = 10241, uidState = 2
09-01 14:32:48.520 I/MiuiNetworkPolicy( 1639): updateWmmForUidState uid: 10241 state: 2 wmm: 1
09-01 14:32:48.520 D/DisplayFeatureHal(  825): setFeatureEnable(displayId=0 caseId=18 modeId=0 cookie=0)
09-01 14:32:48.520 D/DisplayFeatureHal(  825): current wcg state 0, setting to 0
09-01 14:32:48.520 D/DisplayFeatureHal(  825): notifySFWcgState enable = 0
09-01 14:32:48.520 D/OemNetd (  679): updateWmm: uid=10241, wmm=1
09-01 14:32:48.521 I/SDM     (  784): CoreInterface::SetWCGStatus: SetWCGStatus wcg enable 0
09-01 14:32:48.521 D/DisplayFeatureHal(  825): notifyQservice cmd 48 value 0 ret 0
09-01 14:32:48.521 I/octvm_drv_xm( 3400): platform_set_bcbc_cust_state disable success
09-01 14:32:48.521 I/octvm_power( 3400): Action: set_dfps_cust_state(disable) for [foreground_change]
09-01 14:32:48.521 I/octvm_drv( 3400): common drv: platform_set_dfps_cust_state -> platform not support
09-01 14:32:48.521 I/octvm_power( 3400): Action: set_lcd_mode(default) for [foreground_change]
09-01 14:32:48.522 D/DisplayFeatureHal(  825): HandleBCBCCustom  enable:0
09-01 14:32:48.522 I/CloudSettingsProvider(22222): uriMatch : 2
09-01 14:32:48.522 D/OemNetd (  679): whiteListUid: uid=10241, wmm=add
09-01 14:32:48.524 I/MiuiNetworkPolicy( 1639): updateMLUid uid:10241,old:20,new:2
09-01 14:32:48.524 I/MiuiNetworkPolicy( 1639): isMLEnabled state:20,uid:10241,connect:DISCONNECTED
09-01 14:32:48.524 I/MiuiNetworkPolicy( 1639): isMLEnabled state:2,uid:10241,connect:DISCONNECTED
09-01 14:32:48.524 I/CloudSettingsProvider(22222): uriMatch : 2
09-01 14:32:48.525 D/ActivityUtils(22367): packageNameComponentInfo{com.xiaomi.hm.health/com.xiaomi.hm.health.activity.StartUpActivity}
09-01 14:32:48.527 D/GameBoosterService( 5237): onGameStatusChange foreground:ForegroundInfo{mForegroundPackageName='com.xiaomi.hm.health', mForegroundUid=10241, mForegroundPid=10274, mLastForegroundPackageName='com.miui.home', mLastForegroundUid=10090, mLastForegroundPid=7676, mMultiWindowForegroundPackageName='null', mMultiWindowForegroundUid=-1, mFlags=1}
09-01 14:32:48.527 I/GameBoosterService( 5237): onForegroundInfoChanged: Exit
09-01 14:32:48.527 I/VideoBoxUtils( 5237): isSupportVideoBox: false
09-01 14:32:48.528 I/VideoToolBoxService( 5237): onForegroundInfoChanged: Exit Vtb
09-01 14:32:48.531 D/DisplayFeatureHal(  825): setFeatureEnable(displayId=0 caseId=7 modeId=1 cookie=0)
09-01 14:32:48.531 D/DisplayFeatureHal(  825): current wcg state 0, setting to 0
09-01 14:32:48.531 D/DisplayFeatureHal(  825): notifySFWcgState enable = 0
09-01 14:32:48.531 I/SDM     (  784): CoreInterface::SetWCGStatus: SetWCGStatus wcg enable 0
09-01 14:32:48.531 D/DisplayFeatureHal(  825): notifyQservice cmd 48 value 0 ret 0
09-01 14:32:48.531 D/DisplayFeatureHal(  825): HandleCabcModeCustom enter 1 0
09-01 14:32:48.531 W/DisplayFeatureHal(  825): ---skip setting acl feature currently, return!
09-01 14:32:48.531 D/DisplayFeatureHal(  825): HandleCabcModeCustom exit 0x1000
09-01 14:32:48.531 I/octvm_drv_xm( 3400): platform_set_lcd_mode default(1) success
09-01 14:32:48.531 I/octvm_power( 3400): Action: set_thermal_config(restore) for [foreground_change]
09-01 14:32:48.532 I/octvm_drv( 3400): platform_set_thermal_mode cur_global_config:[], target mode:[restore], profile=0, ret=0
09-01 14:32:48.532 I/octvm_drv( 3400): common drv: get_current_battery_uAh will return 0
09-01 14:32:48.532 I/octvm_power( 3400): onPowerModeChanged[normal] called
09-01 14:32:48.551 D/miuisdk (10274): current sdk level is 20
09-01 14:32:48.552 E/SELinux (  572): avc:  denied  { find } for service=overlay pid=10274 uid=10241 scontext=u:r:untrusted_app:s0:c241,c256,c512,c768 tcontext=u:object_r:overlay_service:s0 tclass=service_manager permissive=0
09-01 14:32:48.553 E/IconCustomizerUtils(10274): IOverlayManager is null
09-01 14:32:48.563 E/LoadedApk(10274): Unable to instantiate appComponentFactory
09-01 14:32:48.563 E/LoadedApk(10274): java.lang.ClassNotFoundException: Didn't find class "androidx.core.app.CoreComponentFactory" on path: DexPathList[[zip file "/data/app/com.xiaomi.hm.health-ooUo9xQvewNmlnoHhfDwKQ==/base.apk"],nativeLibraryDirectories=[/data/app/com.xiaomi.hm.health-ooUo9xQvewNmlnoHhfDwKQ==/lib/arm64, /data/app/com.xiaomi.hm.health-ooUo9xQvewNmlnoHhfDwKQ==/base.apk!/lib/arm64-v8a, /system/lib64, /system/product/lib64]]
09-01 14:32:48.563 E/LoadedApk(10274): 	at dalvik.system.BaseDexClassLoader.findClass(BaseDexClassLoader.java:230)
09-01 14:32:48.563 E/LoadedApk(10274): 	at java.lang.ClassLoader.loadClass(ClassLoader.java:379)
09-01 14:32:48.563 E/LoadedApk(10274): 	at java.lang.ClassLoader.loadClass(ClassLoader.java:312)
09-01 14:32:48.563 E/LoadedApk(10274): 	at android.app.LoadedApk.createAppFactory(LoadedApk.java:258)
09-01 14:32:48.563 E/LoadedApk(10274): 	at android.app.LoadedApk.createOrUpdateClassLoaderLocked(LoadedApk.java:857)
09-01 14:32:48.563 E/LoadedApk(10274): 	at android.app.LoadedApk.getClassLoader(LoadedApk.java:952)
09-01 14:32:48.563 E/LoadedApk(10274): 	at android.app.LoadedApk.getResources(LoadedApk.java:1190)
09-01 14:32:48.563 E/LoadedApk(10274): 	at android.app.ContextImpl.createAppContext(ContextImpl.java:2474)
09-01 14:32:48.563 E/LoadedApk(10274): 	at android.app.ContextImpl.createAppContext(ContextImpl.java:2466)
09-01 14:32:48.563 E/LoadedApk(10274): 	at android.app.ActivityThread.handleBindApplication(ActivityThread.java:6442)
09-01 14:32:48.563 E/LoadedApk(10274): 	at android.app.ActivityThread.access$1400(ActivityThread.java:224)
09-01 14:32:48.563 E/LoadedApk(10274): 	at android.app.ActivityThread$H.handleMessage(ActivityThread.java:1887)
09-01 14:32:48.563 E/LoadedApk(10274): 	at android.os.Handler.dispatchMessage(Handler.java:107)
09-01 14:32:48.563 E/LoadedApk(10274): 	at android.os.Looper.loop(Looper.java:224)
09-01 14:32:48.563 E/LoadedApk(10274): 	at android.app.ActivityThread.main(ActivityThread.java:7551)
09-01 14:32:48.563 E/LoadedApk(10274): 	at java.lang.reflect.Method.invoke(Native Method)
09-01 14:32:48.563 E/LoadedApk(10274): 	at com.android.internal.os.RuntimeInit$MethodAndArgsCaller.run(RuntimeInit.java:539)
09-01 14:32:48.563 E/LoadedApk(10274): 	at com.android.internal.os.ZygoteInit.main(ZygoteInit.java:950)
09-01 14:32:48.567 I/Perf    (10274): Connecting to perf service.
09-01 14:32:48.569 W/RecentsModel( 7676): onTaskStackChangedBackground: start loading
09-01 14:32:48.570 D/ForceDarkHelper(10274): com.xiaomi.hm.health mIsDarkModeSupported = false
09-01 14:32:48.570 D/ForceDarkHelper(10274): com.xiaomi.hm.health initialize time 1
09-01 14:32:48.570 W/RecentsModel( 7676): getTaskInfoIgnoreHomeAndSplit   taskInfo=ComponentInfo{com.xiaomi.hm.health/com.xiaomi.hm.health.activity.StartUpActivity}
09-01 14:32:48.571 W/RecentsModel( 7676): getTaskInfoIgnoreHomeAndFreeform   taskInfo=ComponentInfo{com.xiaomi.hm.health/com.xiaomi.hm.health.activity.StartUpActivity}
