09-01 14:32:54.679 D/[Koin]  (10274): +- got 'com.huami.femalehealth.logiclib.db.FemaleHealthDb' in 0.006094 ms
09-01 14:32:54.679 D/[Koin]  (10274): +- get 'com.huami.femalehealth.logiclib.O00000Oo.O00000o'
09-01 14:32:54.679 D/[Koin]  (10274): | create instance for [type:Factory,primary_type:'com.huami.femalehealth.logiclib.O00000Oo.O00000o']
09-01 14:32:54.679 D/[Koin]  (10274): +- get 'com.huami.femalehealth.logiclib.O00000oO.O0000O0o'
09-01 14:32:54.679 D/[Koin]  (10274): +- got 'com.huami.femalehealth.logiclib.O00000oO.O0000O0o' in 0.004062 ms
09-01 14:32:54.679 D/[Koin]  (10274): +- get 'com.huami.femalehealth.logiclib.O000000o.O00000Oo'
09-01 14:32:54.679 D/[Koin]  (10274): +- got 'com.huami.femalehealth.logiclib.O000000o.O00000Oo' in 0.004115 ms
09-01 14:32:54.679 D/[Koin]  (10274): +- get 'com.huami.femalehealth.logiclib.db.FemaleHealthDb'
09-01 14:32:54.679 D/[Koin]  (10274): +- got 'com.huami.femalehealth.logiclib.db.FemaleHealthDb' in 0.004062 ms
09-01 14:32:54.679 D/[Koin]  (10274): +- get 'com.huami.femalehealth.logiclib.O00000Oo.O00000Oo'
09-01 14:32:54.679 D/[Koin]  (10274): +- got 'com.huami.femalehealth.logiclib.O00000Oo.O00000Oo' in 0.009063 ms
09-01 14:32:54.679 D/[Koin]  (10274): +- get 'com.huami.femalehealth.logiclib.O00000oO.O00oOooO'
09-01 14:32:54.679 D/[Koin]  (10274): +- got 'com.huami.femalehealth.logiclib.O00000oO.O00oOooO' in 0.005 ms
09-01 14:32:54.679 D/[Koin]  (10274): +- got 'com.huami.femalehealth.logiclib.O00000Oo.O00000o' in 0.160885 ms
09-01 14:32:54.679 D/[Koin]  (10274): +- get 'com.huami.femalehealth.logiclib.O00000Oo.O00000o0'
09-01 14:32:54.679 D/[Koin]  (10274): | create instance for [type:Factory,primary_type:'com.huami.femalehealth.logiclib.O00000Oo.O00000o0']
09-01 14:32:54.679 D/[Koin]  (10274): +- got 'com.huami.femalehealth.logiclib.O00000Oo.O00000o0' in 0.030989 ms
09-01 14:32:54.679 D/[Koin]  (10274): +- got 'com.huami.femalehealth.logiclib.O0000O0o.O00000o' in 0.401406 ms
09-01 14:32:54.679 D/[Koin]  (10274): +- got 'com.huami.femalehealth.uilib.viewmodel.FemaleMifitViewModel' in 0.961667 ms
09-01 14:32:54.680 D/[Koin]  (10274): +- get 'com.huami.femalehealth.uilib.viewmodel.StatusViewModel'
09-01 14:32:54.680 D/[Koin]  (10274): | create instance for [type:Factory,primary_type:'com.huami.femalehealth.uilib.viewmodel.StatusViewModel']
09-01 14:32:54.680 D/[Koin]  (10274): +- get 'com.huami.femalehealth.logiclib.O0000O0o.O00000o'
09-01 14:32:54.680 D/[Koin]  (10274): | create instance for [type:Factory,primary_type:'com.huami.femalehealth.logiclib.O0000O0o.O00000o']
09-01 14:32:54.680 D/[Koin]  (10274): +- get 'com.huami.femalehealth.logiclib.O00000oO.O0000O0o'
09-01 14:32:54.680 D/[Koin]  (10274): +- got 'com.huami.femalehealth.logiclib.O00000oO.O0000O0o' in 0.04 ms
09-01 14:32:54.680 D/[Koin]  (10274): +- get 'com.huami.femalehealth.logiclib.O000000o.O00000Oo'
09-01 14:32:54.680 D/[Koin]  (10274): +- got 'com.huami.femalehealth.logiclib.O000000o.O00000Oo' in 0.006927 ms
09-01 14:32:54.680 D/[Koin]  (10274): +- get 'com.huami.femalehealth.logiclib.db.FemaleHealthDb'
09-01 14:32:54.680 D/[Koin]  (10274): +- got 'com.huami.femalehealth.logiclib.db.FemaleHealthDb' in 0.005572 ms
09-01 14:32:54.680 D/[Koin]  (10274): +- get 'com.huami.femalehealth.logiclib.O00000Oo.O00000o'
09-01 14:32:54.680 D/[Koin]  (10274): | create instance for [type:Factory,primary_type:'com.huami.femalehealth.logiclib.O00000Oo.O00000o']
09-01 14:32:54.680 D/[Koin]  (10274): +- get 'com.huami.femalehealth.logiclib.O00000oO.O0000O0o'
09-01 14:32:54.680 D/[Koin]  (10274): +- got 'com.huami.femalehealth.logiclib.O00000oO.O0000O0o' in 0.004531 ms
09-01 14:32:54.680 D/[Koin]  (10274): +- get 'com.huami.femalehealth.logiclib.O000000o.O00000Oo'
09-01 14:32:54.680 D/[Koin]  (10274): +- got 'com.huami.femalehealth.logiclib.O000000o.O00000Oo' in 0.004323 ms
09-01 14:32:54.681 D/[Koin]  (10274): +- get 'com.huami.femalehealth.logiclib.db.FemaleHealthDb'
09-01 14:32:54.681 D/[Koin]  (10274): +- got 'com.huami.femalehealth.logiclib.db.FemaleHealthDb' in 0.003959 ms
09-01 14:32:54.681 D/[Koin]  (10274): +- get 'com.huami.femalehealth.logiclib.O00000Oo.O00000Oo'
09-01 14:32:54.681 D/[Koin]  (10274): +- got 'com.huami.femalehealth.logiclib.O00000Oo.O00000Oo' in 0.005468 ms
09-01 14:32:54.681 D/[Koin]  (10274): +- get 'com.huami.femalehealth.logiclib.O00000oO.O00oOooO'
09-01 14:32:54.681 D/[Koin]  (10274): +- got 'com.huami.femalehealth.logiclib.O00000oO.O00oOooO' in 0.004687 ms
09-01 14:32:54.681 D/[Koin]  (10274): +- got 'com.huami.femalehealth.logiclib.O00000Oo.O00000o' in 0.158698 ms
09-01 14:32:54.681 D/[Koin]  (10274): +- get 'com.huami.femalehealth.logiclib.O00000Oo.O00000o0'
09-01 14:32:54.681 D/[Koin]  (10274): | create instance for [type:Factory,primary_type:'com.huami.femalehealth.logiclib.O00000Oo.O00000o0']
09-01 14:32:54.681 D/[Koin]  (10274): +- got 'com.huami.femalehealth.logiclib.O00000Oo.O00000o0' in 0.023802 ms
09-01 14:32:54.681 D/[Koin]  (10274): +- got 'com.huami.femalehealth.logiclib.O0000O0o.O00000o' in 0.454636 ms
09-01 14:32:54.681 D/[Koin]  (10274): +- get 'com.huami.femalehealth.logiclib.O00000Oo.O00000o'
09-01 14:32:54.681 D/[Koin]  (10274): | create instance for [type:Factory,primary_type:'com.huami.femalehealth.logiclib.O00000Oo.O00000o']
09-01 14:32:54.681 D/[Koin]  (10274): +- get 'com.huami.femalehealth.logiclib.O00000oO.O0000O0o'
09-01 14:32:54.681 D/[Koin]  (10274): +- got 'com.huami.femalehealth.logiclib.O00000oO.O0000O0o' in 0.006771 ms
09-01 14:32:54.681 D/[Koin]  (10274): +- get 'com.huami.femalehealth.logiclib.O000000o.O00000Oo'
09-01 14:32:54.681 D/[Koin]  (10274): +- got 'com.huami.femalehealth.logiclib.O000000o.O00000Oo' in 0.004739 ms
09-01 14:32:54.681 D/[Koin]  (10274): +- get 'com.huami.femalehealth.logiclib.db.FemaleHealthDb'
09-01 14:32:54.681 D/[Koin]  (10274): +- got 'com.huami.femalehealth.logiclib.db.FemaleHealthDb' in 0.004479 ms
09-01 14:32:54.681 D/[Koin]  (10274): +- get 'com.huami.femalehealth.logiclib.O00000Oo.O00000Oo'
09-01 14:32:54.681 D/[Koin]  (10274): +- got 'com.huami.femalehealth.logiclib.O00000Oo.O00000Oo' in 0.004896 ms
09-01 14:32:54.681 D/[Koin]  (10274): +- get 'com.huami.femalehealth.logiclib.O00000oO.O00oOooO'
09-01 14:32:54.681 D/[Koin]  (10274): +- got 'com.huami.femalehealth.logiclib.O00000oO.O00oOooO' in 0.005313 ms
09-01 14:32:54.681 D/[Koin]  (10274): +- got 'com.huami.femalehealth.logiclib.O00000Oo.O00000o' in 0.151979 ms
09-01 14:32:54.684 D/[Koin]  (10274): +- got 'com.huami.femalehealth.uilib.viewmodel.StatusViewModel' in 3.36125 ms
09-01 14:32:54.700 W/AsyncHttpResponse(10274): Current thread has not called Looper.prepare().Forcing synchronous mode
09-01 14:32:54.709 W/PushService( 5479): 2020-08-31 23:32:54,709 - [WARN::PushService] - [Thread:658] [Slim] Read {cmd=SECMSG;chid=5;len=419}
09-01 14:32:54.709 W/PushService( 5479): 2020-08-31 23:32:54,709 - [WARN::PushService] - [Thread:658] [Slim] 11:32:54 PM RCV  Blob [SECMSG,5,IplH0]
09-01 14:32:54.710 W/PushService( 5479): 2020-08-31 23:32:54,710 - [WARN::PushService] - [Thread:293] receive a message, appid=2882303761517163841, msgid= IplH0
09-01 14:32:54.715 D/CompatibilityInfo( 1639): mCompatibilityFlags - 0
09-01 14:32:54.715 D/CompatibilityInfo( 1639): applicationDensity - 440
09-01 14:32:54.715 D/CompatibilityInfo( 1639): applicationScale - 1.0
09-01 14:32:54.746 V/AsyncHttpResponse(10274): Progress 12 from 12 (100%)
09-01 14:32:54.793 W/AsyncHttpResponse(10274): Current thread has not called Looper.prepare().Forcing synchronous mode
09-01 14:32:54.801 I/chatty  ( 8588): uid=1002(bluetooth) btu message loo expire 135 lines
09-01 14:32:54.827 V/AsyncHttpResponse(10274): Progress 12 from 12 (100%)
09-01 14:32:54.849 W/System.err(10274): java.lang.NoSuchFieldException: No field mObservers in class Landroidx/lifecycle/LiveData; (declaration of 'androidx.lifecycle.LiveData' appears in /data/data/com.xiaomi.hm.health/.jiagu/classes.dex)
09-01 14:32:54.850 W/System.err(10274): 	at java.lang.Class.getDeclaredField(Native Method)
09-01 14:32:54.850 W/System.err(10274): 	at com.xiaomi.hm.health.training.api.O00000Oo.O00000Oo$O000000o.O00000o0(LiveDataBus.java:116)
09-01 14:32:54.850 W/System.err(10274): 	at com.xiaomi.hm.health.training.api.O00000Oo.O00000Oo$O000000o.O000000o(LiveDataBus.java:88)
09-01 14:32:54.850 W/System.err(10274): 	at com.xiaomi.hm.health.O0000o0O.O000OOo.O0000oOo(StatusNewFragment.java:1408)
09-01 14:32:54.850 W/System.err(10274): 	at com.xiaomi.hm.health.O0000o0O.O000OOo.onCreateView(StatusNewFragment.java:421)
09-01 14:32:54.850 W/System.err(10274): 	at androidx.fragment.app.Fragment.performCreateView(Fragment.java:2698)
09-01 14:32:54.850 W/System.err(10274): 	at androidx.fragment.app.O000O0o.O000000o(FragmentStateManager.java:310)
09-01 14:32:54.850 W/System.err(10274): 	at androidx.fragment.app.O0000o0.O000000o(FragmentManager.java:1185)
09-01 14:32:54.850 W/System.err(10274): 	at androidx.fragment.app.O0000o0.O0000O0o(FragmentManager.java:1354)
09-01 14:32:54.850 W/System.err(10274): 	at androidx.fragment.app.O0000o0.O0000OOo(FragmentManager.java:1432)
09-01 14:32:54.850 W/System.err(10274): 	at androidx.fragment.app.O0000o0.O000000o(FragmentManager.java:1495)
09-01 14:32:54.850 W/System.err(10274): 	at androidx.fragment.app.O000000o.O0000OoO(BackStackRecord.java:447)
09-01 14:32:54.850 W/System.err(10274): 	at androidx.fragment.app.O0000o0.O00000Oo(FragmentManager.java:2167)
09-01 14:32:54.850 W/System.err(10274): 	at androidx.fragment.app.O0000o0.O000000o(FragmentManager.java:1990)
09-01 14:32:54.850 W/System.err(10274): 	at androidx.fragment.app.O0000o0.O00000Oo(FragmentManager.java:1945)
09-01 14:32:54.850 W/System.err(10274): 	at androidx.fragment.app.O0000o0.O00000Oo(FragmentManager.java:1816)
09-01 14:32:54.850 W/System.err(10274): 	at androidx.fragment.app.O000000o.O0000Oo(BackStackRecord.java:303)
09-01 14:32:54.850 W/System.err(10274): 	at androidx.fragment.app.O000OO00.finishUpdate(FragmentStatePagerAdapter.java:262)
09-01 14:32:54.850 W/System.err(10274): 	at androidx.viewpager.widget.ViewPager.populate(ViewPager.java:1244)
09-01 14:32:54.850 W/System.err(10274): 	at androidx.viewpager.widget.ViewPager.populate(ViewPager.java:1092)
09-01 14:32:54.850 W/System.err(10274): 	at androidx.viewpager.widget.ViewPager.onMeasure(ViewPager.java:1622)
09-01 14:32:54.850 W/System.err(10274): 	at android.view.View.measure(View.java:24962)
09-01 14:32:54.850 W/System.err(10274): 	at android.widget.RelativeLayout.measureChildHorizontal(RelativeLayout.java:735)
09-01 14:32:54.850 W/System.err(10274): 	at android.widget.RelativeLayout.onMeasure(RelativeLayout.java:481)
09-01 14:32:54.850 W/System.err(10274): 	at android.view.View.measure(View.java:24962)
09-01 14:32:54.850 W/System.err(10274): 	at android.view.ViewGroup.measureChildWithMargins(ViewGroup.java:6901)
09-01 14:32:54.850 W/System.err(10274): 	at android.widget.FrameLayout.onMeasure(FrameLayout.java:194)
09-01 14:32:54.850 W/System.err(10274): 	at android.view.View.measure(View.java:24962)
09-01 14:32:54.850 W/System.err(10274): 	at android.view.ViewGroup.measureChildWithMargins(ViewGroup.java:6901)
09-01 14:32:54.850 W/System.err(10274): 	at android.widget.FrameLayout.onMeasure(FrameLayout.java:194)
09-01 14:32:54.850 W/System.err(10274): 	at androidx.appcompat.widget.ContentFrameLayout.onMeasure(ContentFrameLayout.java:143)
09-01 14:32:54.850 W/System.err(10274): 	at android.view.View.measure(View.java:24962)
09-01 14:32:54.850 W/System.err(10274): 	at android.view.ViewGroup.measureChildWithMargins(ViewGroup.java:6901)
09-01 14:32:54.850 W/System.err(10274): 	at android.widget.LinearLayout.measureChildBeforeLayout(LinearLayout.java:1552)
09-01 14:32:54.850 W/System.err(10274): 	at android.widget.LinearLayout.measureVertical(LinearLayout.java:842)
09-01 14:32:54.850 W/System.err(10274): 	at android.widget.LinearLayout.onMeasure(LinearLayout.java:721)
09-01 14:32:54.850 W/System.err(10274): 	at android.view.View.measure(View.java:24962)
09-01 14:32:54.850 W/System.err(10274): 	at android.view.ViewGroup.measureChildWithMargins(ViewGroup.java:6901)
09-01 14:32:54.850 W/System.err(10274): 	at android.widget.FrameLayout.onMeasure(FrameLayout.java:194)
09-01 14:32:54.850 W/System.err(10274): 	at android.view.View.measure(View.java:24962)
09-01 14:32:54.850 W/System.err(10274): 	at android.view.ViewGroup.measureChildWithMargins(ViewGroup.java:6901)
09-01 14:32:54.850 W/System.err(10274): 	at android.widget.LinearLayout.measureChildBeforeLayout(LinearLayout.java:1552)
09-01 14:32:54.850 W/System.err(10274): 	at android.widget.LinearLayout.measureVertical(LinearLayout.java:842)
09-01 14:32:54.850 W/System.err(10274): 	at android.widget.LinearLayout.onMeasure(LinearLayout.java:721)
09-01 14:32:54.850 W/System.err(10274): 	at android.view.View.measure(View.java:24962)
09-01 14:32:54.850 W/System.err(10274): 	at android.view.ViewGroup.measureChildWithMargins(ViewGroup.java:6901)
09-01 14:32:54.850 W/System.err(10274): 	at android.widget.FrameLayout.onMeasure(FrameLayout.java:194)
09-01 14:32:54.850 W/System.err(10274): 	at com.android.internal.policy.DecorView.onMeasure(DecorView.java:774)
09-01 14:32:54.850 W/System.err(10274): 	at android.view.View.measure(View.java:24962)
09-01 14:32:54.850 W/System.err(10274): 	at android.view.ViewRootImpl.performMeasure(ViewRootImpl.java:3087)
09-01 14:32:54.850 W/System.err(10274): 	at android.view.ViewRootImpl.measureHierarchy(ViewRootImpl.java:1903)
09-01 14:32:54.850 W/System.err(10274): 	at android.view.ViewRootImpl.performTraversals(ViewRootImpl.java:2195)
09-01 14:32:54.850 W/System.err(10274): 	at android.view.ViewRootImpl.doTraversal(ViewRootImpl.java:1791)
09-01 14:32:54.850 W/System.err(10274): 	at android.view.ViewRootImpl$TraversalRunnable.run(ViewRootImpl.java:7783)
09-01 14:32:54.850 W/System.err(10274): 	at android.view.Choreographer$CallbackRecord.run(Choreographer.java:1031)
09-01 14:32:54.850 W/System.err(10274): 	at android.view.Choreographer.doCallbacks(Choreographer.java:854)
09-01 14:32:54.850 W/System.err(10274): 	at android.view.Choreographer.doFrame(Choreographer.java:789)
09-01 14:32:54.850 W/System.err(10274): 	at android.view.Choreographer$FrameDisplayEventReceiver.run(Choreographer.java:1016)
09-01 14:32:54.850 W/System.err(10274): 	at android.os.Handler.handleCallback(Handler.java:883)
09-01 14:32:54.850 W/System.err(10274): 	at android.os.Handler.dispatchMessage(Handler.java:100)
09-01 14:32:54.850 W/System.err(10274): 	at android.os.Looper.loop(Looper.java:224)
09-01 14:32:54.850 W/System.err(10274): 	at android.app.ActivityThread.main(ActivityThread.java:7551)
09-01 14:32:54.850 W/System.err(10274): 	at java.lang.reflect.Method.invoke(Native Method)
09-01 14:32:54.850 W/System.err(10274): 	at com.android.internal.os.RuntimeInit$MethodAndArgsCaller.run(RuntimeInit.java:539)
09-01 14:32:54.850 W/System.err(10274): 	at com.android.internal.os.ZygoteInit.main(ZygoteInit.java:950)
09-01 14:32:54.851 W/AsyncHttpResponse(10274): Current thread has not called Looper.prepare().Forcing synchronous mode
09-01 14:32:54.860 W/AsyncHttpResponse(10274): Current thread has not called Looper.prepare().Forcing synchronous mode
09-01 14:32:54.863 W/AsyncHttpResponse(10274): Current thread has not called Looper.prepare().Forcing synchronous mode
09-01 14:32:54.864 D/DeviceCenter(10274): user data:UserData{uid='1092412362', age=27, isMetric=true, weight=75.7, height=242, gender=0, avatarUrl='', avatarPath='', name='username3', isChinaUser=true, buyMifiProUrl='https://api-mifit-cn2.huami.com/apps/redirectPages?lang=zh_CN&userId=1092412362&channel=Normal&redirectType=buy&appplatform=android_phone&cv=113651_4.6.0'}
09-01 14:32:54.870 W/AsyncHttpResponse(10274): Current thread has not called Looper.prepare().Forcing synchronous mode
09-01 14:32:54.888 V/AsyncHttpResponse(10274): Progress 3 from 3 (100%)
09-01 14:32:54.907 V/AsyncHttpResponse(10274): Progress 2371 from 2371 (100%)
09-01 14:32:54.916 V/AsyncHttpResponse(10274): Progress 100 from 100 (100%)
09-01 14:32:54.916 V/AsyncHttpResponse(10274): Progress 205 from 205 (100%)
09-01 14:32:54.937 D/BluetoothGatt(10274): setCharacteristicNotification() - uuid: 00000006-0000-3512-2118-0009af100700 enable: true
09-01 14:32:54.938 I/chatty  ( 8588): uid=1002(bluetooth) Binder:8588_6 expire 2 lines
09-01 14:32:54.939 I//system/vendor/bin/mi_thermald( 1070): thermal_cpu_set_level: set cpu freq of cpu7 to 2016000
09-01 14:32:54.940 I//system/vendor/bin/mi_thermald( 1070): thermal_cpu_set_level: set cpu freq of cpu4 to 2016000
09-01 14:32:54.986 D/[Koin]  (10274): +- get 'com.huami.training.ui.O000000o.O000000o'
09-01 14:32:54.986 D/[Koin]  (10274): | create instance for [type:Factory,primary_type:'com.huami.training.ui.O000000o.O000000o']
09-01 14:32:54.986 D/[Koin]  (10274): +- got 'com.huami.training.ui.O000000o.O000000o' in 0.080938 ms
09-01 14:32:54.992 D/[Koin]  (10274): +- get 'com.huami.training.O0000Oo.O000000o'
09-01 14:32:54.992 D/[Koin]  (10274): +- got 'com.huami.training.O0000Oo.O000000o' in 0.033802 ms
09-01 14:32:55.017 I/chatty  ( 8588): uid=1002(bluetooth) BT Service Call expire 148 lines
09-01 14:32:55.021 I/chatty  ( 8588): uid=1002(bluetooth) btu message loo expire 242 lines
09-01 14:32:55.025 D/BluetoothGatt(10274): setCharacteristicNotification() - uuid: 00000003-0000-3512-2118-0009af100700 enable: true
09-01 14:32:55.129 D/[Koin]  (10274): +- get 'com.huami.fittime.ui.home.O00000o0'
09-01 14:32:55.129 D/[Koin]  (10274): | create instance for [type:Factory,primary_type:'com.huami.fittime.ui.home.O00000o0']
09-01 14:32:55.129 D/[Koin]  (10274): +- get 'android.app.Application'
09-01 14:32:55.129 D/[Koin]  (10274): +- got 'android.app.Application' in 0.015 ms
09-01 14:32:55.129 D/[Koin]  (10274): +- get 'com.huami.fittime.ui.profile.O0000OOo'
09-01 14:32:55.129 D/[Koin]  (10274): | create instance for [type:Factory,primary_type:'com.huami.fittime.ui.profile.O0000OOo']
09-01 14:32:55.129 D/[Koin]  (10274): +- get 'com.huami.fittime.O00000oo.O00O0Oo'
09-01 14:32:55.129 D/[Koin]  (10274): +- got 'com.huami.fittime.O00000oo.O00O0Oo' in 0.01724 ms
09-01 14:32:55.129 D/[Koin]  (10274): +- get 'com.huami.fittime.db.FitTimeDb'
09-01 14:32:55.129 D/[Koin]  (10274): +- got 'com.huami.fittime.db.FitTimeDb' in 0.005521 ms
09-01 14:32:55.129 D/[Koin]  (10274): +- get 'com.huami.fittime.O000000o.O00000o'
09-01 14:32:55.129 D/[Koin]  (10274): +- got 'com.huami.fittime.O000000o.O00000o' in 0.005209 ms
09-01 14:32:55.129 D/[Koin]  (10274): +- got 'com.huami.fittime.ui.profile.O0000OOo' in 0.175781 ms
09-01 14:32:55.129 D/[Koin]  (10274): +- get 'com.huami.fittime.ui.diary.O00000o0.O0000OOo'
09-01 14:32:55.129 D/[Koin]  (10274): | create instance for [type:Factory,primary_type:'com.huami.fittime.ui.diary.O00000o0.O0000OOo']
09-01 14:32:55.129 D/[Koin]  (10274): +- get 'com.huami.fittime.O000000o.O00000o'
09-01 14:32:55.129 D/[Koin]  (10274): +- got 'com.huami.fittime.O000000o.O00000o' in 0.00573 ms
09-01 14:32:55.129 D/[Koin]  (10274): +- get 'com.huami.fittime.O00000oO.O00oOooO'
09-01 14:32:55.129 D/[Koin]  (10274): +- got 'com.huami.fittime.O00000oO.O00oOooO' in 0.007396 ms
09-01 14:32:55.129 D/[Koin]  (10274): +- get 'com.huami.fittime.db.FitTimeDb'
09-01 14:32:55.129 D/[Koin]  (10274): +- got 'com.huami.fittime.db.FitTimeDb' in 0.004792 ms
09-01 14:32:55.130 D/[Koin]  (10274): +- got 'com.huami.fittime.ui.diary.O00000o0.O0000OOo' in 0.170781 ms
09-01 14:32:55.136 D/[Koin]  (10274): +- got 'com.huami.fittime.ui.home.O00000o0' in 7.137135 ms
09-01 14:32:55.144 W/AsyncHttpResponse(10274): Current thread has not called Looper.prepare().Forcing synchronous mode
09-01 14:32:55.148 W/AsyncHttpResponse(10274): Current thread has not called Looper.prepare().Forcing synchronous mode
09-01 14:32:55.158 I/AudioTrack( 2503): isLongTimeZoreData zoer date time 10 Seconds
09-01 14:32:55.186 D/[Koin]  (10274): +- get 'com.huami.femalehealth.uilib.viewmodel.FemaleMifitViewModel'
09-01 14:32:55.186 D/[Koin]  (10274): | create instance for [type:Factory,primary_type:'com.huami.femalehealth.uilib.viewmodel.FemaleMifitViewModel']
09-01 14:32:55.186 D/[Koin]  (10274): +- get 'com.huami.femalehealth.logiclib.O0000O0o.O0000O0o'
09-01 14:32:55.186 D/[Koin]  (10274): | create instance for [type:Factory,primary_type:'com.huami.femalehealth.logiclib.O0000O0o.O0000O0o']
09-01 14:32:55.186 D/[Koin]  (10274): +- get 'com.huami.femalehealth.logiclib.O00000oO.O0000O0o'
09-01 14:32:55.186 D/[Koin]  (10274): +- got 'com.huami.femalehealth.logiclib.O00000oO.O0000O0o' in 0.024584 ms
09-01 14:32:55.186 D/[Koin]  (10274): +- get 'com.huami.femalehealth.logiclib.O000000o.O00000Oo'
09-01 14:32:55.186 D/[Koin]  (10274): +- got 'com.huami.femalehealth.logiclib.O000000o.O00000Oo' in 0.006146 ms
09-01 14:32:55.186 D/[Koin]  (10274): +- get 'com.huami.femalehealth.logiclib.O00000oO.O00oOooO'
09-01 14:32:55.186 D/[Koin]  (10274): +- got 'com.huami.femalehealth.logiclib.O00000oO.O00oOooO' in 0.006302 ms
09-01 14:32:55.186 D/[Koin]  (10274): +- get 'com.huami.femalehealth.logiclib.O00000Oo.O00000o'
09-01 14:32:55.186 D/[Koin]  (10274): | create instance for [type:Factory,primary_type:'com.huami.femalehealth.logiclib.O00000Oo.O00000o']
09-01 14:32:55.186 D/[Koin]  (10274): +- get 'com.huami.femalehealth.logiclib.O00000oO.O0000O0o'
09-01 14:32:55.186 D/[Koin]  (10274): +- got 'com.huami.femalehealth.logiclib.O00000oO.O0000O0o' in 0.005364 ms
09-01 14:32:55.186 D/[Koin]  (10274): +- get 'com.huami.femalehealth.logiclib.O000000o.O00000Oo'
09-01 14:32:55.186 D/[Koin]  (10274): +- got 'com.huami.femalehealth.logiclib.O000000o.O00000Oo' in 0.006771 ms
09-01 14:32:55.186 D/[Koin]  (10274): +- get 'com.huami.femalehealth.logiclib.db.FemaleHealthDb'
09-01 14:32:55.186 D/[Koin]  (10274): +- got 'com.huami.femalehealth.logiclib.db.FemaleHealthDb' in 0.006823 ms
09-01 14:32:55.186 D/[Koin]  (10274): +- get 'com.huami.femalehealth.logiclib.O00000Oo.O00000Oo'
09-01 14:32:55.186 D/[Koin]  (10274): +- got 'com.huami.femalehealth.logiclib.O00000Oo.O00000Oo' in 0.007292 ms
09-01 14:32:55.186 D/[Koin]  (10274): +- get 'com.huami.femalehealth.logiclib.O00000oO.O00oOooO'
09-01 14:32:55.186 D/[Koin]  (10274): +- got 'com.huami.femalehealth.logiclib.O00000oO.O00oOooO' in 0.005365 ms
09-01 14:32:55.186 D/[Koin]  (10274): +- got 'com.huami.femalehealth.logiclib.O00000Oo.O00000o' in 0.225469 ms
09-01 14:32:55.186 D/[Koin]  (10274): +- got 'com.huami.femalehealth.logiclib.O0000O0o.O0000O0o' in 0.466614 ms
09-01 14:32:55.186 D/[Koin]  (10274): +- get 'com.huami.femalehealth.logiclib.O0000O0o.O00000o'
09-01 14:32:55.186 D/[Koin]  (10274): | create instance for [type:Factory,primary_type:'com.huami.femalehealth.logiclib.O0000O0o.O00000o']
09-01 14:32:55.186 D/[Koin]  (10274): +- get 'com.huami.femalehealth.logiclib.O00000oO.O0000O0o'
09-01 14:32:55.186 D/[Koin]  (10274): +- got 'com.huami.femalehealth.logiclib.O00000oO.O0000O0o' in 0.030677 ms
09-01 14:32:55.186 D/[Koin]  (10274): +- get 'com.huami.femalehealth.logiclib.O000000o.O00000Oo'
09-01 14:32:55.186 D/[Koin]  (10274): +- got 'com.huami.femalehealth.logiclib.O000000o.O00000Oo' in 0.006458 ms
09-01 14:32:55.186 D/[Koin]  (10274): +- get 'com.huami.femalehealth.logiclib.db.FemaleHealthDb'
09-01 14:32:55.186 D/[Koin]  (10274): +- got 'com.huami.femalehealth.logiclib.db.FemaleHealthDb' in 0.005469 ms
09-01 14:32:55.187 D/[Koin]  (10274): +- get 'com.huami.femalehealth.logiclib.O00000Oo.O00000o'
09-01 14:32:55.187 D/[Koin]  (10274): | create instance for [type:Factory,primary_type:'com.huami.femalehealth.logiclib.O00000Oo.O00000o']
09-01 14:32:55.187 D/[Koin]  (10274): +- get 'com.huami.femalehealth.logiclib.O00000oO.O0000O0o'
09-01 14:32:55.187 D/[Koin]  (10274): +- got 'com.huami.femalehealth.logiclib.O00000oO.O0000O0o' in 0.005417 ms
09-01 14:32:55.187 D/[Koin]  (10274): +- get 'com.huami.femalehealth.logiclib.O000000o.O00000Oo'
09-01 14:32:55.187 D/[Koin]  (10274): +- got 'com.huami.femalehealth.logiclib.O000000o.O00000Oo' in 0.005313 ms
09-01 14:32:55.187 D/[Koin]  (10274): +- get 'com.huami.femalehealth.logiclib.db.FemaleHealthDb'
09-01 14:32:55.187 D/[Koin]  (10274): +- got 'com.huami.femalehealth.logiclib.db.FemaleHealthDb' in 0.005469 ms
09-01 14:32:55.187 D/[Koin]  (10274): +- get 'com.huami.femalehealth.logiclib.O00000Oo.O00000Oo'
09-01 14:32:55.187 D/[Koin]  (10274): +- got 'com.huami.femalehealth.logiclib.O00000Oo.O00000Oo' in 0.005782 ms
09-01 14:32:55.187 D/[Koin]  (10274): +- get 'com.huami.femalehealth.logiclib.O00000oO.O00oOooO'
09-01 14:32:55.187 D/[Koin]  (10274): +- got 'com.huami.femalehealth.logiclib.O00000oO.O00oOooO' in 0.005156 ms
09-01 14:32:55.187 D/[Koin]  (10274): +- got 'com.huami.femalehealth.logiclib.O00000Oo.O00000o' in 0.205989 ms
09-01 14:32:55.187 D/[Koin]  (10274): +- get 'com.huami.femalehealth.logiclib.O00000Oo.O00000o0'
09-01 14:32:55.187 D/[Koin]  (10274): | create instance for [type:Factory,primary_type:'com.huami.femalehealth.logiclib.O00000Oo.O00000o0']
09-01 14:32:55.187 D/[Koin]  (10274): +- got 'com.huami.femalehealth.logiclib.O00000Oo.O00000o0' in 0.033282 ms
09-01 14:32:55.187 D/[Koin]  (10274): +- got 'com.huami.femalehealth.logiclib.O0000O0o.O00000o' in 0.514948 ms
09-01 14:32:55.187 D/[Koin]  (10274): +- got 'com.huami.femalehealth.uilib.viewmodel.FemaleMifitViewModel' in 1.210833 ms
09-01 14:32:55.188 D/[Koin]  (10274): +- get 'com.huami.femalehealth.uilib.viewmodel.StatusViewModel'
09-01 14:32:55.188 D/[Koin]  (10274): | create instance for [type:Factory,primary_type:'com.huami.femalehealth.uilib.viewmodel.StatusViewModel']
09-01 14:32:55.188 D/[Koin]  (10274): +- get 'com.huami.femalehealth.logiclib.O0000O0o.O00000o'
09-01 14:32:55.188 D/[Koin]  (10274): | create instance for [type:Factory,primary_type:'com.huami.femalehealth.logiclib.O0000O0o.O00000o']
09-01 14:32:55.188 D/[Koin]  (10274): +- get 'com.huami.femalehealth.logiclib.O00000oO.O0000O0o'
09-01 14:32:55.188 D/[Koin]  (10274): +- got 'com.huami.femalehealth.logiclib.O00000oO.O0000O0o' in 0.023282 ms
09-01 14:32:55.188 D/[Koin]  (10274): +- get 'com.huami.femalehealth.logiclib.O000000o.O00000Oo'
09-01 14:32:55.188 D/[Koin]  (10274): +- got 'com.huami.femalehealth.logiclib.O000000o.O00000Oo' in 0.005989 ms
09-01 14:32:55.188 D/[Koin]  (10274): +- get 'com.huami.femalehealth.logiclib.db.FemaleHealthDb'
09-01 14:32:55.188 D/[Koin]  (10274): +- got 'com.huami.femalehealth.logiclib.db.FemaleHealthDb' in 0.005729 ms
09-01 14:32:55.188 D/[Koin]  (10274): +- get 'com.huami.femalehealth.logiclib.O00000Oo.O00000o'
09-01 14:32:55.188 D/[Koin]  (10274): | create instance for [type:Factory,primary_type:'com.huami.femalehealth.logiclib.O00000Oo.O00000o']
09-01 14:32:55.188 D/[Koin]  (10274): +- get 'com.huami.femalehealth.logiclib.O00000oO.O0000O0o'
09-01 14:32:55.188 D/[Koin]  (10274): +- got 'com.huami.femalehealth.logiclib.O00000oO.O0000O0o' in 0.005261 ms
09-01 14:32:55.188 D/[Koin]  (10274): +- get 'com.huami.femalehealth.logiclib.O000000o.O00000Oo'
09-01 14:32:55.188 D/[Koin]  (10274): +- got 'com.huami.femalehealth.logiclib.O000000o.O00000Oo' in 0.004739 ms
09-01 14:32:55.188 D/[Koin]  (10274): +- get 'com.huami.femalehealth.logiclib.db.FemaleHealthDb'
09-01 14:32:55.188 D/[Koin]  (10274): +- got 'com.huami.femalehealth.logiclib.db.FemaleHealthDb' in 0.005157 ms
09-01 14:32:55.188 D/[Koin]  (10274): +- get 'com.huami.femalehealth.logiclib.O00000Oo.O00000Oo'
09-01 14:32:55.188 D/[Koin]  (10274): +- got 'com.huami.femalehealth.logiclib.O00000Oo.O00000Oo' in 0.006302 ms
09-01 14:32:55.188 D/[Koin]  (10274): +- get 'com.huami.femalehealth.logiclib.O00000oO.O00oOooO'
09-01 14:32:55.188 D/[Koin]  (10274): +- got 'com.huami.femalehealth.logiclib.O00000oO.O00oOooO' in 0.005677 ms
09-01 14:32:55.188 D/[Koin]  (10274): +- got 'com.huami.femalehealth.logiclib.O00000Oo.O00000o' in 0.206407 ms
09-01 14:32:55.188 D/[Koin]  (10274): +- get 'com.huami.femalehealth.logiclib.O00000Oo.O00000o0'
09-01 14:32:55.188 D/[Koin]  (10274): | create instance for [type:Factory,primary_type:'com.huami.femalehealth.logiclib.O00000Oo.O00000o0']
09-01 14:32:55.188 D/[Koin]  (10274): +- got 'com.huami.femalehealth.logiclib.O00000Oo.O00000o0' in 0.029479 ms
09-01 14:32:55.188 D/[Koin]  (10274): +- got 'com.huami.femalehealth.logiclib.O0000O0o.O00000o' in 0.510729 ms
09-01 14:32:55.188 D/[Koin]  (10274): +- get 'com.huami.femalehealth.logiclib.O00000Oo.O00000o'
09-01 14:32:55.188 D/[Koin]  (10274): | create instance for [type:Factory,primary_type:'com.huami.femalehealth.logiclib.O00000Oo.O00000o']
09-01 14:32:55.189 D/[Koin]  (10274): +- get 'com.huami.femalehealth.logiclib.O00000oO.O0000O0o'
09-01 14:32:55.189 D/[Koin]  (10274): +- got 'com.huami.femalehealth.logiclib.O00000oO.O0000O0o' in 0.005312 ms
09-01 14:32:55.189 D/[Koin]  (10274): +- get 'com.huami.femalehealth.logiclib.O000000o.O00000Oo'
09-01 14:32:55.189 D/[Koin]  (10274): +- got 'com.huami.femalehealth.logiclib.O000000o.O00000Oo' in 0.006042 ms
09-01 14:32:55.189 D/[Koin]  (10274): +- get 'com.huami.femalehealth.logiclib.db.FemaleHealthDb'
09-01 14:32:55.189 D/[Koin]  (10274): +- got 'com.huami.femalehealth.logiclib.db.FemaleHealthDb' in 0.005052 ms
09-01 14:32:55.189 D/[Koin]  (10274): +- get 'com.huami.femalehealth.logiclib.O00000Oo.O00000Oo'
09-01 14:32:55.189 D/[Koin]  (10274): +- got 'com.huami.femalehealth.logiclib.O00000Oo.O00000Oo' in 0.005938 ms
09-01 14:32:55.189 D/[Koin]  (10274): +- get 'com.huami.femalehealth.logiclib.O00000oO.O00oOooO'
09-01 14:32:55.189 D/[Koin]  (10274): +- got 'com.huami.femalehealth.logiclib.O00000oO.O00oOooO' in 0.005521 ms
09-01 14:32:55.189 D/[Koin]  (10274): +- got 'com.huami.femalehealth.logiclib.O00000Oo.O00000o' in 0.192292 ms
09-01 14:32:55.190 D/[Koin]  (10274): +- got 'com.huami.femalehealth.uilib.viewmodel.StatusViewModel' in 1.681511 ms
09-01 14:32:55.190 V/AsyncHttpResponse(10274): Progress 117 from 117 (100%)
09-01 14:32:55.193 W/AsyncHttpResponse(10274): Current thread has not called Looper.prepare().Forcing synchronous mode
09-01 14:32:55.198 V/AsyncHttpResponse(10274): Progress 156 from 156 (100%)
09-01 14:32:55.205 D/BluetoothGatt(10274): setCharacteristicNotification() - uuid: 00000003-0000-3512-2118-0009af100700 enable: false
09-01 14:32:55.206 I/chatty  ( 8588): uid=1002(bluetooth) Binder:8588_6 expire 2 lines
09-01 14:32:55.206 I/chatty  ( 8588): uid=1002(bluetooth) BT Service Call expire 247 lines
09-01 14:32:55.234 V/AsyncHttpResponse(10274): Progress 12 from 12 (100%)
09-01 14:32:55.256 W/AsyncHttpResponse(10274): Current thread has not called Looper.prepare().Forcing synchronous mode
09-01 14:32:55.294 V/AsyncHttpResponse(10274): Progress 12 from 12 (100%)
09-01 14:32:55.297 D/BluetoothGatt(10274): setCharacteristicNotification() - uuid: 00000010-0000-3512-2118-0009af100700 enable: true
09-01 14:32:55.365 D/DeviceCenter(10274): user data:UserData{uid='1092412362', age=27, isMetric=true, weight=75.7, height=242, gender=0, avatarUrl='', avatarPath='', name='username3', isChinaUser=true, buyMifiProUrl='https://api-mifit-cn2.huami.com/apps/redirectPages?lang=zh_CN&userId=1092412362&channel=Normal&redirectType=buy&appplatform=android_phone&cv=113651_4.6.0'}
09-01 14:32:55.366 D/[Koin]  (10274): +- get 'com.huami.fittime.ui.widget.hottopic.O00000Oo'
09-01 14:32:55.366 D/[Koin]  (10274): | create instance for [type:Factory,primary_type:'com.huami.fittime.ui.widget.hottopic.O00000Oo']
09-01 14:32:55.366 D/[Koin]  (10274): +- get 'com.huami.fittime.ui.widget.hottopic.O000000o'
09-01 14:32:55.366 D/[Koin]  (10274): | create instance for [type:Factory,primary_type:'com.huami.fittime.ui.widget.hottopic.O000000o']
09-01 14:32:55.366 D/[Koin]  (10274): +- get 'com.huami.fittime.db.FitTimeDb'
09-01 14:32:55.366 D/[Koin]  (10274): +- got 'com.huami.fittime.db.FitTimeDb' in 0.025937 ms
09-01 14:32:55.366 D/[Koin]  (10274): +- get 'com.huami.fittime.O000000o.O0000Oo'
09-01 14:32:55.367 D/[Koin]  (10274): | create instance for [type:Scoped,scope:'FitTime', primary_type:'com.huami.fittime.O000000o.O0000Oo']
09-01 14:32:55.367 D/[Koin]  (10274): +- get 'java.lang.String'
09-01 14:32:55.367 D/[Koin]  (10274): +- got 'java.lang.String' in 0.006667 ms
09-01 14:32:55.367 D/[Koin]  (10274): +- got 'com.huami.fittime.O000000o.O0000Oo' in 0.425573 ms
09-01 14:32:55.367 D/[Koin]  (10274): +- get 'android.content.Context'
09-01 14:32:55.367 D/[Koin]  (10274): +- got 'android.content.Context' in 0.014896 ms
09-01 14:32:55.368 D/[Koin]  (10274): +- got 'com.huami.fittime.ui.widget.hottopic.O000000o' in 1.832448 ms
09-01 14:32:55.369 D/[Koin]  (10274): +- got 'com.huami.fittime.ui.widget.hottopic.O00000Oo' in 2.34651 ms
09-01 14:32:55.369 W/AsyncHttpResponse(10274): Current thread has not called Looper.prepare().Forcing synchronous mode
09-01 14:32:55.371 W/AsyncHttpResponse(10274): Current thread has not called Looper.prepare().Forcing synchronous mode
09-01 14:32:55.372 D/Event   (10274): No subscribers registered for event class com.xiaomi.hm.health.O0000o00.O00O0o00
09-01 14:32:55.372 D/Event   (10274): No subscribers registered for event class O00000Oo.O000000o.O000000o.O0000Oo0
09-01 14:32:55.377 W/AsyncHttpResponse(10274): Current thread has not called Looper.prepare().Forcing synchronous mode
09-01 14:32:55.384 I/chatty  ( 8588): uid=1002(bluetooth) btu message loo expire 123 lines
09-01 14:32:55.419 V/AsyncHttpResponse(10274): Progress 1421 from 1421 (100%)
09-01 14:32:55.423 V/AsyncHttpResponse(10274): Progress 3751 from 1 (375100%)
09-01 14:32:55.423 V/AsyncHttpResponse(10274): Progress 6857 from 1 (685700%)
09-01 14:32:55.427 V/AsyncHttpResponse(10274): Progress 3637 from 4914 (74%)
09-01 14:32:55.427 V/AsyncHttpResponse(10274): Progress 4914 from 4914 (100%)
09-01 14:32:55.520 D/BluetoothGatt(10274): setCharacteristicNotification() - uuid: 00000012-0000-3512-2118-0009af100700 enable: true
09-01 14:32:55.520 I/chatty  ( 8588): uid=1002(bluetooth) Binder:8588_6 expire 2 lines
09-01 14:32:55.614 D/BluetoothGatt(10274): setCharacteristicNotification() - uuid: 00000017-0000-3512-2118-0009af100700 enable: true
09-01 14:32:55.615 I/chatty  ( 8588): uid=1002(bluetooth) BT Service Call expire 143 lines
09-01 14:32:55.616 I/chatty  ( 8588): uid=1002(bluetooth) btu message loo expire 247 lines
09-01 14:32:55.656 I/hwservicemanager(  573): getTransport: Cannot find entry vendor.qti.hardware.servicetracker@1.0::IServicetracker/default in either framework or device manifest.
09-01 14:32:55.661 D/CompatibilityInfo( 1639): mCompatibilityFlags - 0
09-01 14:32:55.661 D/CompatibilityInfo( 1639): applicationDensity - 440
09-01 14:32:55.661 D/CompatibilityInfo( 1639): applicationScale - 1.0
09-01 14:32:55.663 I/hwservicemanager(  573): getTransport: Cannot find entry vendor.qti.hardware.servicetracker@1.0::IServicetracker/default in either framework or device manifest.
09-01 14:32:55.660 W/memtrack@1.0-se(  787): type=1400 audit(0.0:63926): avc: denied { search } for name="kgsl" dev="sysfs" ino=55624 scontext=u:r:hal_memtrack_default:s0 tcontext=u:object_r:sysfs_kgsl:s0 tclass=dir permissive=0
09-01 14:32:55.660 W/memtrack@1.0-se(  787): type=1400 audit(0.0:63927): avc: denied { search } for name="kgsl" dev="sysfs" ino=55624 scontext=u:r:hal_memtrack_default:s0 tcontext=u:object_r:sysfs_kgsl:s0 tclass=dir permissive=0
09-01 14:32:55.667 I/MiuiNetworkPolicy( 1639): updateUidState uid = 10173, uidState = 4
09-01 14:32:55.667 I/MiuiNetworkPolicy( 1639): updateMLUid uid:10173,old:6,new:4
09-01 14:32:55.667 I/MiuiNetworkPolicy( 1639): isMLEnabled state:6,uid:10173,connect:DISCONNECTED
09-01 14:32:55.667 I/MiuiNetworkPolicy( 1639): isMLEnabled state:4,uid:10173,connect:DISCONNECTED
09-01 14:32:55.731 I/PlatformDependent(10274): Your platform does not provide complete low-level API for accessing direct buffers reliably. Unless explicitly requested, heap buffer will always be preferred to avoid potential system instability.
09-01 14:32:55.792 I/speech  (10274): device connect,begin set voice callback >>> (SpeechEventBusRegister.kt:37) -> onEventBackgroundThread() | Thread:HMBaseBleDevice
09-01 14:32:55.792 I/speech  (10274): add speech entrance >>> (SpeechEventBusRegister.kt:37) -> onEventBackgroundThread() | Thread:HMBaseBleDevice
09-01 14:32:55.794 I/speech  (10274): get module class by feature ：17 >>> (SpeechEventBusRegister.kt:1) -> O000000o() | Thread:HMBaseBleDevice
09-01 14:32:55.794 I/speech  (10274): get module by module class >>> (SpeechEventBusRegister.kt:1) -> O000000o() | Thread:HMBaseBleDevice
09-01 14:32:55.797 I/speech  (10274): call voiceCallback destroy >>> (SpeechEventBusRegister.kt:1) -> O000000o() | Thread:HMBaseBleDevice
09-01 14:32:55.797 I/speech  (10274): set Voice callback >>> (SpeechEventBusRegister.kt:1) -> O000000o() | Thread:HMBaseBleDevice
09-01 14:32:55.837 I/chatty  ( 8588): uid=1002(bluetooth) BT Service Call expire 116 lines
09-01 14:32:55.875 I/Timeline( 1639): Timeline: App_transition_ready time:211541892
09-01 14:32:55.876 I/Timeline( 1639): Timeline: App_transition_ready time:211541893
09-01 14:32:55.877 D/WindowManager( 1639): Input focus has changed to Window{4c0e57e u0 com.xiaomi.hm.health/com.xiaomi.hm.health.activity.MainTabActivity}
09-01 14:32:55.885 I/iaomi.hm.healt(10274): NativeAlloc concurrent copying GC freed 357366(18MB) AllocSpace objects, 15(2592KB) LOS objects, 49% free, 20MB/40MB, paused 67us total 103.114ms
09-01 14:32:55.886 D/[Koin]  (10274): +- get 'com.huami.worldclock.O00000o.O00000o0'
09-01 14:32:55.886 D/[Koin]  (10274): +- got 'com.huami.worldclock.O00000o.O00000o0' in 0.015208 ms
09-01 14:32:55.888 W/AsyncHttpResponse(10274): Current thread has not called Looper.prepare().Forcing synchronous mode
09-01 14:32:55.889 W/System  (10274): A resource failed to call close. 
09-01 14:32:55.889 I/HMCoreService(10274): The current world clock information is valid and does not need to be pushed to the device 
09-01 14:32:55.891 I/O00000o0(10274): connectingLanguageSettingFlowJudge --------------
09-01 14:32:55.897 D/Event   (10274): No subscribers registered for event class com.xiaomi.hm.health.device.O00000o.O000000o
09-01 14:32:55.897 D/Event   (10274): No subscribers registered for event class O00000Oo.O000000o.O000000o.O0000Oo0
09-01 14:32:55.906 D/BluetoothGatt(10274): setCharacteristicNotification() - uuid: 00000003-0000-3512-2118-0009af100700 enable: true
09-01 14:32:55.907 I/chatty  ( 8588): uid=1002(bluetooth) Binder:8588_6 expire 1 line
09-01 14:32:56.003 W/Parcel  ( 5237): **** enforceInterface() expected 'com.miui.gamebooster.service.ISecurityCenterNotificationListener' but read 'android.service.notification.INotificationListener'
09-01 14:32:56.003 W/Binder  ( 5237): Caught a RuntimeException from the binder stub implementation.
09-01 14:32:56.003 W/Binder  ( 5237): java.lang.SecurityException: Binder invocation to an incorrect interface
09-01 14:32:56.003 W/Binder  ( 5237): 	at android.os.Parcel.nativeEnforceInterface(Native Method)
09-01 14:32:56.003 W/Binder  ( 5237): 	at android.os.Parcel.enforceInterface(Parcel.java:626)
09-01 14:32:56.003 W/Binder  ( 5237): 	at com.miui.gamebooster.service.ISecurityCenterNotificationListener$Stub.onTransact(Unknown Source:22)
09-01 14:32:56.003 W/Binder  ( 5237): 	at android.os.Binder.execTransactInternal(Binder.java:1021)
09-01 14:32:56.003 W/Binder  ( 5237): 	at android.os.Binder.execTransact(Binder.java:994)
09-01 14:32:56.011 D/StatusBar(29730): onNotificationPosted key=0|com.xiaomi.hm.health|4|null|10241 isUpdate=true
09-01 14:32:56.011 V/onNotificationPostedCallBack( 5237): flags=98
09-01 14:32:56.012 V/j       ( 5237): ret=0
09-01 14:32:56.012 D/StatusBar(29730): updateNotification old=StatusBarNotification(pkg=com.xiaomi.hm.health user=UserHandle{0} id=4 tag=null key=0|com.xiaomi.hm.health|4|null|10241: Notification(channel=O000Oo0 pri=0 contentView=null vibrate=null sound=null defaults=0x0 flags=0x62 color=0xffff5a00 vis=PRIVATE))
09-01 14:32:56.012 D/StatusBar(29730):     pkgName=com.xiaomi.hm.health appUid=10241 sdk=29 imp=2 sysApp=F priApp=F hasShown=F float=F keyguard=F peek=F fullscreen=F
09-01 14:32:56.012 D/StatusBar(29730):     showMiuiAction=F enableFloat=T enableKeyguard=T floatTime=5000 messageCount=1 persistent=F customHeight=F
09-01 14:32:56.013 I/chatty  (19843): uid=1002 bluetooth@1.0-s expire 3 lines
09-01 14:32:56.014 D/IMReply:Notif(22367): onNotificationPosted before sbn = 4
09-01 14:32:56.023 D/StackScroller(29730): applyCurrentState
09-01 14:32:56.043 D/ExpandableNotificationRow(29730): updateBackground
09-01 14:32:56.045 I/chatty  ( 8588): uid=1002(bluetooth) BT Service Call expire 114 lines
09-01 14:32:56.046 D/StatusBar(29730): No peeking: unimportant notification: 0|com.xiaomi.hm.health|4|null|10241
09-01 14:32:56.046 D/StatusBar(29730): updateHeadsUp wasHeadsUp=false shouldPeek=false alertAgain=true
09-01 14:32:56.056 D/StackScroller(29730): applyCurrentState
09-01 14:32:56.059 I/chatty  ( 8588): uid=1002(bluetooth) btu message loo expire 122 lines
09-01 14:32:56.061 D/BluetoothGatt(10274): setCharacteristicNotification() - uuid: 00000003-0000-3512-2118-0009af100700 enable: false
09-01 14:32:56.062 I/chatty  ( 8588): uid=1002(bluetooth) Binder:8588_6 expire 7 lines
09-01 14:32:56.073 I/OpenGLRenderer(10274): Davey! duration=1576ms; Flags=1, IntendedVsync=211540513439897, Vsync=211540546773229, OldestInputEvent=9223372036854775807, NewestInputEvent=0, HandleInputStart=211540562629250, AnimationStart=211540562645136, PerformTraversalsStart=211540562646333, DrawStart=211542067458885, SyncQueued=211542074461593, SyncStart=211542074841645, IssueDrawCommandsStart=211542075811229, SwapBuffers=211542089629406, FrameCompleted=211542090597479, DequeueBufferDuration=126000, QueueBufferDuration=703000, 
09-01 14:32:56.074 W/Looper  (10274): Slow Looper main: Long Msg: seq=550 plan=14:32:54.497  late=49ms wall=1529ms running=1360ms runnable=58ms io=3ms h=android.view.Choreographer$FrameHandler c=android.view.Choreographer$FrameDisplayEventReceiver
09-01 14:32:56.083 I/Timeline( 1639): Timeline: App_transition_ready time:211542100
09-01 14:32:56.085 I/Choreographer(10274): Skipped 91 frames!  The application may be doing too much work on its main thread.
09-01 14:32:56.087 W/Looper  (10274): Slow Looper main: doFrame is 1523ms late because of 36 msg, msg 1 took 1529ms (seq=550 running=1360ms runnable=58ms io=3ms late=49ms h=android.view.Choreographer$FrameHandler c=android.view.Choreographer$FrameDisplayEventReceiver)
09-01 14:32:56.088 D/[Koin]  (10274): +- get 'com.huami.femalehealth.uilib.O00000o0.O0000Oo'
09-01 14:32:56.088 D/[Koin]  (10274): | create instance for [type:Factory,primary_type:'com.huami.femalehealth.uilib.O00000o0.O0000Oo']
09-01 14:32:56.088 D/[Koin]  (10274): +- get 'com.huami.femalehealth.logiclib.O00000oO.O00oOooO'
09-01 14:32:56.088 D/[Koin]  (10274): +- got 'com.huami.femalehealth.logiclib.O00000oO.O00oOooO' in 0.033542 ms
09-01 14:32:56.088 D/[Koin]  (10274): +- get 'com.huami.femalehealth.logiclib.O0000O0o.O00000o'
09-01 14:32:56.088 D/[Koin]  (10274): | create instance for [type:Factory,primary_type:'com.huami.femalehealth.logiclib.O0000O0o.O00000o']
09-01 14:32:56.088 D/[Koin]  (10274): +- get 'com.huami.femalehealth.logiclib.O00000oO.O0000O0o'
09-01 14:32:56.088 D/[Koin]  (10274): +- got 'com.huami.femalehealth.logiclib.O00000oO.O0000O0o' in 0.007031 ms
09-01 14:32:56.088 D/[Koin]  (10274): +- get 'com.huami.femalehealth.logiclib.O000000o.O00000Oo'
09-01 14:32:56.088 D/[Koin]  (10274): +- got 'com.huami.femalehealth.logiclib.O000000o.O00000Oo' in 0.006146 ms
09-01 14:32:56.088 D/[Koin]  (10274): +- get 'com.huami.femalehealth.logiclib.db.FemaleHealthDb'
09-01 14:32:56.088 D/[Koin]  (10274): +- got 'com.huami.femalehealth.logiclib.db.FemaleHealthDb' in 0.005625 ms
09-01 14:32:56.088 D/[Koin]  (10274): +- get 'com.huami.femalehealth.logiclib.O00000Oo.O00000o'
09-01 14:32:56.088 D/[Koin]  (10274): | create instance for [type:Factory,primary_type:'com.huami.femalehealth.logiclib.O00000Oo.O00000o']
09-01 14:32:56.088 D/[Koin]  (10274): +- get 'com.huami.femalehealth.logiclib.O00000oO.O0000O0o'
09-01 14:32:56.088 D/[Koin]  (10274): +- got 'com.huami.femalehealth.logiclib.O00000oO.O0000O0o' in 0.005469 ms
09-01 14:32:56.088 D/[Koin]  (10274): +- get 'com.huami.femalehealth.logiclib.O000000o.O00000Oo'
09-01 14:32:56.088 D/[Koin]  (10274): +- got 'com.huami.femalehealth.logiclib.O000000o.O00000Oo' in 0.005365 ms
09-01 14:32:56.089 D/[Koin]  (10274): +- get 'com.huami.femalehealth.logiclib.db.FemaleHealthDb'
09-01 14:32:56.089 D/[Koin]  (10274): +- got 'com.huami.femalehealth.logiclib.db.FemaleHealthDb' in 0.006563 ms
09-01 14:32:56.089 D/[Koin]  (10274): +- get 'com.huami.femalehealth.logiclib.O00000Oo.O00000Oo'
09-01 14:32:56.089 D/[Koin]  (10274): +- got 'com.huami.femalehealth.logiclib.O00000Oo.O00000Oo' in 0.015365 ms
09-01 14:32:56.089 D/[Koin]  (10274): +- get 'com.huami.femalehealth.logiclib.O00000oO.O00oOooO'
09-01 14:32:56.089 D/[Koin]  (10274): +- got 'com.huami.femalehealth.logiclib.O00000oO.O00oOooO' in 0.004948 ms
09-01 14:32:56.089 D/[Koin]  (10274): +- got 'com.huami.femalehealth.logiclib.O00000Oo.O00000o' in 0.224791 ms
09-01 14:32:56.089 D/[Koin]  (10274): +- get 'com.huami.femalehealth.logiclib.O00000Oo.O00000o0'
09-01 14:32:56.089 D/[Koin]  (10274): | create instance for [type:Factory,primary_type:'com.huami.femalehealth.logiclib.O00000Oo.O00000o0']
09-01 14:32:56.089 D/[Koin]  (10274): +- got 'com.huami.femalehealth.logiclib.O00000Oo.O00000o0' in 0.033281 ms
09-01 14:32:56.089 D/[Koin]  (10274): +- got 'com.huami.femalehealth.logiclib.O0000O0o.O00000o' in 0.536823 ms
09-01 14:32:56.089 D/[Koin]  (10274): +- got 'com.huami.femalehealth.uilib.O00000o0.O0000Oo' in 0.950052 ms
09-01 14:32:56.098 I/ActivityTaskManager( 1639): Displayed com.xiaomi.hm.health/.activity.MainTabActivity: +1s917ms
09-01 14:32:56.103 I/appium  (10226): AppiumResponse: {"sessionId":"3b8c72a3-7a5f-4eee-8121-946476795ec0","value":{"error":"no such element","message":"An element could not be located on the page using the given search parameters","stacktrace":"io.appium.uiautomator2.common.exceptions.ElementNotFoundException: An element could not be located on the ...
09-01 14:32:56.123 V/AsyncHttpResponse(10274): Progress 76 from 76 (100%)
09-01 14:32:56.148 V/xiaomi  (10274): [Thread:6380] receive an intent from server, action=com.xiaomi.mipush.RECEIVE_MESSAGE
09-01 14:32:56.151 V/xiaomi  (10274): [Thread:6380] processing a message, action=Subscription
09-01 14:32:56.152 D/BluetoothAdapter(10274): stopLeScan()
09-01 14:32:56.153 D/BluetoothGatt(10274): setCharacteristicNotification() - uuid: 00000003-0000-3512-2118-0009af100700 enable: true
09-01 14:32:56.153 D/BluetoothAdapter(10274): isLeEnabled(): ON
09-01 14:32:56.153 I/chatty  ( 8588): uid=1002(bluetooth) Binder:8588_2 expire 1 line
09-01 14:32:56.156 D/PowerKeeperPolicy( 1639): stopLeScan: BleScanWrapper[mClientIf = 18 mPendingIntent=null] uid=10241BleScanWrapper[mClientIf = 18 mPendingIntent=null]
09-01 14:32:56.157 I/chatty  ( 8588): uid=1002(bluetooth) BluetoothScanMa expire 11 lines
09-01 14:32:56.163 D/BluetoothAdapter(10274): startLeScan(): null
09-01 14:32:56.163 V/xiaomi  (10274): [Thread:6380] begin execute onCommandResult, command=subscribe-topic, resultCode=0, reason=null
09-01 14:32:56.166 D/BluetoothAdapter(10274): isLeEnabled(): ON
09-01 14:32:56.172 D/BluetoothLeScanner(10274): onScannerRegistered() - status=0 scannerId=18 mScannerId=0
09-01 14:32:56.174 D/PowerKeeperPolicy( 1639): isLeScanAllowed: uid = 10241, allow = true
09-01 14:32:56.174 I/AudioTrack( 2503): isLongTimeZoreData zoer date time 11 Seconds
09-01 14:32:56.178 D/PowerKeeperPolicy( 1639): startLeScan: BleScanWrapper[mClientIf = 18 mPendingIntent=null] uid=10241
09-01 14:32:56.178 D/PowerKeeperPolicy( 1639): uid = 10241 setAllowed, allowed = true
09-01 14:32:56.178 D/PowerKeeperPolicy( 1639): uid = 10241 setScanning, scanning = true
09-01 14:32:56.178 D/PowerKeeperPolicy( 1639): startLeScan, uid = 10241 is scanning
09-01 14:32:56.208 W/Settings(10274): Setting android_id has moved from android.provider.Settings.System to android.provider.Settings.Secure, returning read-only value.
09-01 14:32:56.215 W/AsyncHttpResponse(10274): Current thread has not called Looper.prepare().Forcing synchronous mode
09-01 14:32:56.219 E/ResolverController(  679): No valid NAT64 prefix (116, <unspecified>/0)
09-01 14:32:56.231 I/hwservicemanager(  573): getTransport: Cannot find entry vendor.qti.hardware.servicetracker@1.0::IServicetracker/default in either framework or device manifest.
09-01 14:32:56.235 I/chatty  ( 8588): uid=1002(bluetooth) BT Service Call expire 126 lines
09-01 14:32:56.239 I/chatty  ( 8588): uid=1002(bluetooth) btu message loo expire 127 lines
09-01 14:32:56.241 E/AppInfoUtil(10274): IOException licence.conf1
09-01 14:32:56.241 E/ResolverController(  679): No valid NAT64 prefix (116, <unspecified>/0)
09-01 14:32:56.242 I/hwservicemanager(  573): getTransport: Cannot find entry vendor.qti.hardware.servicetracker@1.0::IServicetracker/default in either framework or device manifest.
09-01 14:32:56.246 I/hwservicemanager(  573): getTransport: Cannot find entry vendor.qti.hardware.servicetracker@1.0::IServicetracker/default in either framework or device manifest.
09-01 14:32:56.250 I/hwservicemanager(  573): getTransport: Cannot find entry vendor.qti.hardware.servicetracker@1.0::IServicetracker/default in either framework or device manifest.
09-01 14:32:56.252 D/CompatibilityInfo( 1639): mCompatibilityFlags - 0
09-01 14:32:56.252 D/CompatibilityInfo( 1639): applicationDensity - 440
09-01 14:32:56.252 D/CompatibilityInfo( 1639): applicationScale - 1.0
09-01 14:32:56.256 I/hwservicemanager(  573): getTransport: Cannot find entry vendor.qti.hardware.servicetracker@1.0::IServicetracker/default in either framework or device manifest.
09-01 14:32:56.258 I/MiuiNetworkPolicy( 1639): updateUidState uid = 10173, uidState = 6
09-01 14:32:56.259 I/MiuiNetworkPolicy( 1639): updateMLUid uid:10173,old:4,new:6
