09-01 14:27:27.209 I/appium  ( 5831): Waiting up to 10000ms for device to be idle
09-01 14:27:27.312 I/chatty  ( 8588): uid=1002(bluetooth) btu message loo expire 206 lines
09-01 14:27:27.422 I/appium  ( 5831): AppiumResponse: {"sessionId":"d650adbf-79f6-48fe-ab3c-6dc97a3fb522","value":"<?xml version='1.0' encoding='UTF-8' standalone='yes' ?>\r\n<hierarchy index=\"0\" class=\"hierarchy\" rotation=\"0\" width=\"1080\" height=\"2210\">\r\n  <android.widget.FrameLayout index=\"0\" package=\"com.xiaomi.hm.health\" class=\"...
09-01 14:27:27.423 I/chatty  ( 8588): uid=1002(bluetooth) BT Service Call expire 285 lines
09-01 14:27:27.578 I/chatty  ( 8588): uid=1002(bluetooth) btu message loo expire 229 lines
09-01 14:27:27.681 D/NetworkController.MobileSignalController(1)(29730): 4G level = 5
09-01 14:27:27.724 I/chatty  ( 8588): uid=1002(bluetooth) BT Service Call expire 132 lines
09-01 14:27:27.857 I/chatty  (19843): uid=1002 bluetooth@1.0-s expire 5 lines
09-01 14:27:27.954 I/chatty  ( 8588): uid=1002(bluetooth) btu message loo expire 109 lines
09-01 14:27:27.956 I/chatty  ( 8588): uid=1002(bluetooth) BT Service Call expire 304 lines
09-01 14:27:28.118 I/chatty  ( 8588): uid=1002(bluetooth) btu message loo expire 198 lines
09-01 14:27:28.314 I/chatty  ( 8588): uid=1002(bluetooth) BT Service Call expire 135 lines
09-01 14:27:28.399 D/BluetoothAdapter( 5885): stopLeScan()
09-01 14:27:28.400 D/BluetoothAdapter( 5885): isLeEnabled(): ON
09-01 14:27:28.400 I/chatty  ( 8588): uid=1002(bluetooth) Binder:8588_1 expire 6 lines
09-01 14:27:28.401 I/chatty  ( 8588): uid=1002(bluetooth) BluetoothScanMa expire 11 lines
09-01 14:27:28.401 I/chatty  (19843): uid=1002 bluetooth@1.0-s expire 1 line
09-01 14:27:28.402 I/chatty  (19843): uid=1002 bluetooth@1.0-s expire 1 line
09-01 14:27:28.403 D/PowerKeeperPolicy( 1639): stopLeScan: BleScanWrapper[mClientIf = 13 mPendingIntent=null] uid=10241BleScanWrapper[mClientIf = 13 mPendingIntent=null]
09-01 14:27:28.403 D/BluetoothAdapter( 5885): startLeScan(): null
09-01 14:27:28.404 D/BluetoothAdapter( 5885): isLeEnabled(): ON
09-01 14:27:28.406 D/BluetoothLeScanner( 5885): onScannerRegistered() - status=0 scannerId=13 mScannerId=0
09-01 14:27:28.407 D/PowerKeeperPolicy( 1639): isLeScanAllowed: uid = 10241, allow = true
09-01 14:27:28.411 D/PowerKeeperPolicy( 1639): startLeScan: BleScanWrapper[mClientIf = 13 mPendingIntent=null] uid=10241
09-01 14:27:28.412 D/PowerKeeperPolicy( 1639): uid = 10241 setAllowed, allowed = true
09-01 14:27:28.412 D/PowerKeeperPolicy( 1639): uid = 10241 setScanning, scanning = true
09-01 14:27:28.412 D/PowerKeeperPolicy( 1639): startLeScan, uid = 10241 is scanning
09-01 14:27:28.512 I/chatty  ( 8588): uid=1002(bluetooth) BT Service Call expire 167 lines
09-01 14:27:28.523 I/chatty  ( 8588): uid=1002(bluetooth) btu message loo expire 180 lines
09-01 14:27:28.771 I/chatty  ( 8588): uid=1002(bluetooth) BT Service Call expire 160 lines
09-01 14:27:28.961 I/chatty  (19843): uid=1002 bluetooth@1.0-s expire 9 lines
09-01 14:27:29.086 I/chatty  ( 8588): uid=1002(bluetooth) BT Service Call expire 169 lines
09-01 14:27:29.097 I/chatty  ( 8588): uid=1002(bluetooth) btu message loo expire 169 lines
09-01 14:27:29.410 I/chatty  ( 8588): uid=1002(bluetooth) BT Service Call expire 165 lines
09-01 14:27:29.423 I/chatty  (19843): uid=1002(bluetooth) POSIX timer 7 expire 1 line
09-01 14:27:29.512 I/MiuiNetworkPolicy( 1639): bandwidth: 0 KB/s, Max bandwidth: 3727 KB/s
09-01 14:27:29.630 I/chatty  ( 8588): uid=1002(bluetooth) BT Service Call expire 176 lines
09-01 14:27:29.652 I/chatty  ( 8588): uid=1002(bluetooth) btu message loo expire 168 lines
09-01 14:27:29.863 I/chatty  ( 8588): uid=1002(bluetooth) BT Service Call expire 331 lines
09-01 14:27:30.066 I/chatty  ( 8588): uid=1002(bluetooth) btu message loo expire 172 lines
09-01 14:27:30.285 I/chatty  ( 8588): uid=1002(bluetooth) BT Service Call expire 168 lines
09-01 14:27:30.419 I/chatty  (19843): uid=1002 bluetooth@1.0-s expire 10 lines
09-01 14:27:30.466 I/appium  ( 5831): channel read invoked!
09-01 14:27:30.466 I/appium  ( 5831): channel read: POST /wd/hub/session/d650adbf-79f6-48fe-ab3c-6dc97a3fb522/element
09-01 14:27:30.468 I/appium  ( 5831): Find element command using 'id' with selector 'mine_message'.
09-01 14:27:30.468 I/appium  ( 5831): Waiting up to 10000ms for device to be idle
09-01 14:27:30.541 I/appium  ( 5831): AppiumResponse: {"sessionId":"d650adbf-79f6-48fe-ab3c-6dc97a3fb522","value":{"error":"no such element","message":"An element could not be located on the page using the given search parameters","stacktrace":"io.appium.uiautomator2.common.exceptions.ElementNotFoundException: An element could not be located on the ...
09-01 14:27:30.596 I/chatty  ( 8588): uid=1002(bluetooth) BT Service Call expire 162 lines
09-01 14:27:30.602 I/chatty  ( 8588): uid=1002(bluetooth) btu message loo expire 170 lines
09-01 14:27:30.860 I/chatty  ( 8588): uid=1002(bluetooth) BT Service Call expire 346 lines
09-01 14:27:31.066 I/appium  ( 5831): channel read invoked!
09-01 14:27:31.067 I/appium  ( 5831): channel read: POST /wd/hub/session/d650adbf-79f6-48fe-ab3c-6dc97a3fb522/element
09-01 14:27:31.069 I/appium  ( 5831): Find element command using 'id' with selector 'mine_message'.
09-01 14:27:31.070 I/appium  ( 5831): Waiting up to 10000ms for device to be idle
09-01 14:27:31.084 I/chatty  ( 8588): uid=1002(bluetooth) btu message loo expire 173 lines
09-01 14:27:31.133 I/appium  ( 5831): AppiumResponse: {"sessionId":"d650adbf-79f6-48fe-ab3c-6dc97a3fb522","value":{"error":"no such element","message":"An element could not be located on the page using the given search parameters","stacktrace":"io.appium.uiautomator2.common.exceptions.ElementNotFoundException: An element could not be located on the ...
09-01 14:27:31.300 I/chatty  ( 8588): uid=1002(bluetooth) BT Service Call expire 319 lines
09-01 14:27:31.569 I/chatty  ( 8588): uid=1002(bluetooth) btu message loo expire 95 lines
09-01 14:27:31.657 I/appium  ( 5831): channel read invoked!
09-01 14:27:31.657 I/appium  ( 5831): channel read: POST /wd/hub/session/d650adbf-79f6-48fe-ab3c-6dc97a3fb522/element
09-01 14:27:31.659 I/appium  ( 5831): Find element command using 'id' with selector 'mine_message'.
09-01 14:27:31.659 I/appium  ( 5831): Waiting up to 10000ms for device to be idle
09-01 14:27:31.686 I/chatty  (19843): uid=1002 bluetooth@1.0-s expire 5 lines
09-01 14:27:31.723 I/appium  ( 5831): AppiumResponse: {"sessionId":"d650adbf-79f6-48fe-ab3c-6dc97a3fb522","value":{"error":"no such element","message":"An element could not be located on the page using the given search parameters","stacktrace":"io.appium.uiautomator2.common.exceptions.ElementNotFoundException: An element could not be located on the ...
09-01 14:27:31.802 I/chatty  ( 8588): uid=1002(bluetooth) BT Service Call expire 163 lines
09-01 14:27:31.804 I/chatty  ( 8588): uid=1002(bluetooth) btu message loo expire 194 lines
09-01 14:27:32.071 I/chatty  ( 8588): uid=1002(bluetooth) BT Service Call expire 312 lines
09-01 14:27:32.246 I/appium  ( 5831): channel read invoked!
09-01 14:27:32.246 I/appium  ( 5831): channel read: POST /wd/hub/session/d650adbf-79f6-48fe-ab3c-6dc97a3fb522/element
09-01 14:27:32.248 I/appium  ( 5831): Find element command using 'id' with selector 'mine_message'.
09-01 14:27:32.249 I/appium  ( 5831): Waiting up to 10000ms for device to be idle
09-01 14:27:32.264 I/chatty  ( 8588): uid=1002(bluetooth) btu message loo expire 207 lines
09-01 14:27:32.318 I/appium  ( 5831): AppiumResponse: {"sessionId":"d650adbf-79f6-48fe-ab3c-6dc97a3fb522","value":{"error":"no such element","message":"An element could not be located on the page using the given search parameters","stacktrace":"io.appium.uiautomator2.common.exceptions.ElementNotFoundException: An element could not be located on the ...
09-01 14:27:32.478 I/chatty  ( 8588): uid=1002(bluetooth) BT Service Call expire 302 lines
09-01 14:27:32.514 I/MiuiNetworkPolicy( 1639): bandwidth: 0 KB/s, Max bandwidth: 3727 KB/s
09-01 14:27:32.680 I/chatty  ( 8588): uid=1002(bluetooth) btu message loo expire 195 lines
09-01 14:27:32.846 I/appium  ( 5831): channel read invoked!
09-01 14:27:32.847 I/appium  ( 5831): channel read: POST /wd/hub/session/d650adbf-79f6-48fe-ab3c-6dc97a3fb522/element
09-01 14:27:32.848 I/appium  ( 5831): Find element command using 'id' with selector 'mine_message'.
09-01 14:27:32.848 I/appium  ( 5831): Waiting up to 10000ms for device to be idle
09-01 14:27:32.850 I/chatty  ( 8588): uid=1002(bluetooth) BT Service Call expire 152 lines
09-01 14:27:32.913 I/appium  ( 5831): AppiumResponse: {"sessionId":"d650adbf-79f6-48fe-ab3c-6dc97a3fb522","value":{"error":"no such element","message":"An element could not be located on the page using the given search parameters","stacktrace":"io.appium.uiautomator2.common.exceptions.ElementNotFoundException: An element could not be located on the ...
09-01 14:27:32.962 I/chatty  (19843): uid=1002 bluetooth@1.0-s expire 5 lines
09-01 14:27:33.089 I/chatty  ( 8588): uid=1002(bluetooth) BT Service Call expire 146 lines
09-01 14:27:33.098 I/chatty  ( 8588): uid=1002(bluetooth) btu message loo expire 209 lines
09-01 14:27:33.113 D/MSF.D.QLog(25307): QLog clear logs
09-01 14:27:33.265 I/chatty  ( 8588): uid=1002(bluetooth) BT Service Call expire 308 lines
09-01 14:27:33.442 I/appium  ( 5831): channel read invoked!
09-01 14:27:33.442 I/appium  ( 5831): channel read: POST /wd/hub/session/d650adbf-79f6-48fe-ab3c-6dc97a3fb522/element
09-01 14:27:33.444 I/appium  ( 5831): Find element command using 'id' with selector 'mine_message'.
09-01 14:27:33.445 I/appium  ( 5831): Waiting up to 10000ms for device to be idle
09-01 14:27:33.478 I/chatty  ( 8588): uid=1002(bluetooth) btu message loo expire 202 lines
09-01 14:27:33.518 I/appium  ( 5831): AppiumResponse: {"sessionId":"d650adbf-79f6-48fe-ab3c-6dc97a3fb522","value":{"error":"no such element","message":"An element could not be located on the page using the given search parameters","stacktrace":"io.appium.uiautomator2.common.exceptions.ElementNotFoundException: An element could not be located on the ...
09-01 14:27:33.674 I/chatty  ( 8588): uid=1002(bluetooth) BT Service Call expire 304 lines
09-01 14:27:33.855 I/chatty  ( 8588): uid=1002(bluetooth) btu message loo expire 217 lines
09-01 14:27:34.014 I/chatty  ( 8588): uid=1002(bluetooth) BT Service Call expire 267 lines
09-01 14:27:34.041 I/appium  ( 5831): channel read invoked!
09-01 14:27:34.042 I/appium  ( 5831): channel read: POST /wd/hub/session/d650adbf-79f6-48fe-ab3c-6dc97a3fb522/element
09-01 14:27:34.043 I/appium  ( 5831): Find element command using 'id' with selector 'mine_message'.
09-01 14:27:34.044 I/appium  ( 5831): Waiting up to 10000ms for device to be idle
09-01 14:27:34.110 I/appium  ( 5831): AppiumResponse: {"sessionId":"d650adbf-79f6-48fe-ab3c-6dc97a3fb522","value":{"error":"no such element","message":"An element could not be located on the page using the given search parameters","stacktrace":"io.appium.uiautomator2.common.exceptions.ElementNotFoundException: An element could not be located on the ...
09-01 14:27:34.205 I/chatty  ( 8588): uid=1002(bluetooth) btu message loo expire 96 lines
09-01 14:27:34.246 I/chatty  (19843): uid=1002 bluetooth@1.0-s expire 10 lines
09-01 14:27:34.412 D/BluetoothAdapter( 5885): stopLeScan()
09-01 14:27:34.413 D/BluetoothAdapter( 5885): isLeEnabled(): ON
09-01 14:27:34.413 I/chatty  ( 8588): uid=1002(bluetooth) Binder:8588_1 expire 8 lines
09-01 14:27:34.414 I/chatty  ( 8588): uid=1002(bluetooth) BluetoothScanMa expire 11 lines
09-01 14:27:34.415 I/chatty  (19843): uid=1002 bluetooth@1.0-s expire 4 lines
09-01 14:27:34.416 D/PowerKeeperPolicy( 1639): stopLeScan: BleScanWrapper[mClientIf = 13 mPendingIntent=null] uid=10241BleScanWrapper[mClientIf = 13 mPendingIntent=null]
09-01 14:27:34.416 D/BluetoothAdapter( 5885): startLeScan(): null
09-01 14:27:34.417 D/BluetoothAdapter( 5885): isLeEnabled(): ON
09-01 14:27:34.418 D/BluetoothLeScanner( 5885): onScannerRegistered() - status=6 scannerId=-1 mScannerId=0
09-01 14:27:34.580 D/StackScroller(29730): applyCurrentState
09-01 14:27:34.641 I/appium  ( 5831): channel read invoked!
09-01 14:27:34.641 I/appium  ( 5831): channel read: POST /wd/hub/session/d650adbf-79f6-48fe-ab3c-6dc97a3fb522/element
09-01 14:27:34.644 I/appium  ( 5831): Find element command using 'id' with selector 'mine_message'.
09-01 14:27:34.644 I/appium  ( 5831): Waiting up to 10000ms for device to be idle
09-01 14:27:34.704 I/appium  ( 5831): AppiumResponse: {"sessionId":"d650adbf-79f6-48fe-ab3c-6dc97a3fb522","value":{"error":"no such element","message":"An element could not be located on the page using the given search parameters","stacktrace":"io.appium.uiautomator2.common.exceptions.ElementNotFoundException: An element could not be located on the ...
09-01 14:27:35.235 I/appium  ( 5831): channel read invoked!
09-01 14:27:35.236 I/appium  ( 5831): channel read: POST /wd/hub/session/d650adbf-79f6-48fe-ab3c-6dc97a3fb522/element
09-01 14:27:35.238 I/appium  ( 5831): Find element command using 'id' with selector 'mine_message'.
09-01 14:27:35.238 I/appium  ( 5831): Waiting up to 10000ms for device to be idle
09-01 14:27:35.282 I/appium  ( 5831): AppiumResponse: {"sessionId":"d650adbf-79f6-48fe-ab3c-6dc97a3fb522","value":{"error":"no such element","message":"An element could not be located on the page using the given search parameters","stacktrace":"io.appium.uiautomator2.common.exceptions.ElementNotFoundException: An element could not be located on the ...
09-01 14:27:35.423 I/chatty  (19843): uid=1002(bluetooth) POSIX timer 7 expire 2 lines
09-01 14:27:35.519 I/MiuiNetworkPolicy( 1639): bandwidth: 0 KB/s, Max bandwidth: 3727 KB/s
09-01 14:27:35.584 I/chatty  (19843): uid=1002(bluetooth) POSIX timer 4 expire 1 line
09-01 14:27:35.812 I/appium  ( 5831): channel read invoked!
09-01 14:27:35.812 I/appium  ( 5831): channel read: POST /wd/hub/session/d650adbf-79f6-48fe-ab3c-6dc97a3fb522/element
09-01 14:27:35.814 I/appium  ( 5831): Find element command using 'id' with selector 'mine_message'.
09-01 14:27:35.815 I/appium  ( 5831): Waiting up to 10000ms for device to be idle
09-01 14:27:35.850 I/BatteryInfoReceiver( 5237): ACTION_BATTERY_CHANGED
09-01 14:27:35.850 D/NfcService( 4689): Received android.intent.action.BATTERY_CHANGED
09-01 14:27:35.850 D/QtiCarrierConfigHelper( 2698): WARNING, no carrier configs on phone Id: 0
09-01 14:27:35.852 D/PowerCheckerService( 6417): onBatteryChanged, mBatteryLevel = 100, status = 5, level = 100, plug = 2, scale = 100
09-01 14:27:35.854 D/KeyguardUpdateMonitor(29730): received broadcast android.intent.action.BATTERY_CHANGED
09-01 14:27:35.854 D/ThermalTempInfoHelper( 6417): thermal sensor73 temp is 40239
09-01 14:27:35.856 D/ThermalTempInfoHelper( 6417): thermal sensor73 temp is 40242
09-01 14:27:35.879 I/appium  ( 5831): AppiumResponse: {"sessionId":"d650adbf-79f6-48fe-ab3c-6dc97a3fb522","value":{"error":"no such element","message":"An element could not be located on the page using the given search parameters","stacktrace":"io.appium.uiautomator2.common.exceptions.ElementNotFoundException: An element could not be located on the ...
09-01 14:27:36.406 I/appium  ( 5831): channel read invoked!
09-01 14:27:36.407 I/appium  ( 5831): channel read: POST /wd/hub/session/d650adbf-79f6-48fe-ab3c-6dc97a3fb522/element
09-01 14:27:36.408 I/appium  ( 5831): Find element command using 'id' with selector 'mine_message'.
09-01 14:27:36.409 I/appium  ( 5831): Waiting up to 10000ms for device to be idle
09-01 14:27:36.454 I/appium  ( 5831): AppiumResponse: {"sessionId":"d650adbf-79f6-48fe-ab3c-6dc97a3fb522","value":{"error":"no such element","message":"An element could not be located on the page using the given search parameters","stacktrace":"io.appium.uiautomator2.common.exceptions.ElementNotFoundException: An element could not be located on the ...
09-01 14:27:36.926 D/NetworkController.MobileSignalController(1)(29730): 4G level = 5
09-01 14:27:36.982 I/appium  ( 5831): channel read invoked!
09-01 14:27:36.982 I/appium  ( 5831): channel read: POST /wd/hub/session/d650adbf-79f6-48fe-ab3c-6dc97a3fb522/element
09-01 14:27:36.985 I/appium  ( 5831): Find element command using 'id' with selector 'mine_message'.
09-01 14:27:36.985 I/appium  ( 5831): Waiting up to 10000ms for device to be idle
09-01 14:27:37.032 I/appium  ( 5831): AppiumResponse: {"sessionId":"d650adbf-79f6-48fe-ab3c-6dc97a3fb522","value":{"error":"no such element","message":"An element could not be located on the page using the given search parameters","stacktrace":"io.appium.uiautomator2.common.exceptions.ElementNotFoundException: An element could not be located on the ...
09-01 14:27:37.560 I/appium  ( 5831): channel read invoked!
09-01 14:27:37.560 I/appium  ( 5831): channel read: POST /wd/hub/session/d650adbf-79f6-48fe-ab3c-6dc97a3fb522/element
09-01 14:27:37.562 I/appium  ( 5831): Find element command using 'id' with selector 'mine_message'.
09-01 14:27:37.563 I/appium  ( 5831): Waiting up to 10000ms for device to be idle
09-01 14:27:37.609 I/appium  ( 5831): AppiumResponse: {"sessionId":"d650adbf-79f6-48fe-ab3c-6dc97a3fb522","value":{"error":"no such element","message":"An element could not be located on the page using the given search parameters","stacktrace":"io.appium.uiautomator2.common.exceptions.ElementNotFoundException: An element could not be located on the ...
09-01 14:27:38.146 I/appium  ( 5831): channel read invoked!
09-01 14:27:38.147 I/appium  ( 5831): channel read: POST /wd/hub/session/d650adbf-79f6-48fe-ab3c-6dc97a3fb522/element
09-01 14:27:38.149 I/appium  ( 5831): Find element command using 'id' with selector 'mine_message'.
09-01 14:27:38.149 I/appium  ( 5831): Waiting up to 10000ms for device to be idle
09-01 14:27:38.192 I/appium  ( 5831): AppiumResponse: {"sessionId":"d650adbf-79f6-48fe-ab3c-6dc97a3fb522","value":{"error":"no such element","message":"An element could not be located on the page using the given search parameters","stacktrace":"io.appium.uiautomator2.common.exceptions.ElementNotFoundException: An element could not be located on the ...
09-01 14:27:38.524 I/MiuiNetworkPolicy( 1639): bandwidth: 0 KB/s, Max bandwidth: 3727 KB/s
09-01 14:27:38.717 I/appium  ( 5831): channel read invoked!
09-01 14:27:38.718 I/appium  ( 5831): channel read: POST /wd/hub/session/d650adbf-79f6-48fe-ab3c-6dc97a3fb522/element
09-01 14:27:38.720 I/appium  ( 5831): Find element command using 'id' with selector 'mine_message'.
09-01 14:27:38.721 I/appium  ( 5831): Waiting up to 10000ms for device to be idle
09-01 14:27:38.769 I/appium  ( 5831): AppiumResponse: {"sessionId":"d650adbf-79f6-48fe-ab3c-6dc97a3fb522","value":{"error":"no such element","message":"An element could not be located on the page using the given search parameters","stacktrace":"io.appium.uiautomator2.common.exceptions.ElementNotFoundException: An element could not be located on the ...
09-01 14:27:39.300 I/appium  ( 5831): channel read invoked!
09-01 14:27:39.300 I/appium  ( 5831): channel read: POST /wd/hub/session/d650adbf-79f6-48fe-ab3c-6dc97a3fb522/element
09-01 14:27:39.303 I/appium  ( 5831): Find element command using 'id' with selector 'mine_message'.
09-01 14:27:39.303 I/appium  ( 5831): Waiting up to 10000ms for device to be idle
09-01 14:27:39.347 I/appium  ( 5831): AppiumResponse: {"sessionId":"d650adbf-79f6-48fe-ab3c-6dc97a3fb522","value":{"error":"no such element","message":"An element could not be located on the page using the given search parameters","stacktrace":"io.appium.uiautomator2.common.exceptions.ElementNotFoundException: An element could not be located on the ...
09-01 14:27:39.880 I/appium  ( 5831): channel read invoked!
09-01 14:27:39.881 I/appium  ( 5831): channel read: POST /wd/hub/session/d650adbf-79f6-48fe-ab3c-6dc97a3fb522/element
09-01 14:27:39.883 I/appium  ( 5831): Find element command using 'id' with selector 'mine_message'.
09-01 14:27:39.884 I/appium  ( 5831): Waiting up to 10000ms for device to be idle
09-01 14:27:39.930 I/appium  ( 5831): AppiumResponse: {"sessionId":"d650adbf-79f6-48fe-ab3c-6dc97a3fb522","value":{"error":"no such element","message":"An element could not be located on the page using the given search parameters","stacktrace":"io.appium.uiautomator2.common.exceptions.ElementNotFoundException: An element could not be located on the ...
09-01 14:27:40.429 D/BluetoothAdapter( 5885): stopLeScan()
09-01 14:27:40.432 D/BluetoothAdapter( 5885): isLeEnabled(): ON
09-01 14:27:40.433 D/BluetoothLeScanner( 5885): could not find callback wrapper
09-01 14:27:40.434 D/BluetoothAdapter( 5885): startLeScan(): null
09-01 14:27:40.435 D/BluetoothAdapter( 5885): isLeEnabled(): ON
09-01 14:27:40.438 D/BluetoothLeScanner( 5885): onScannerRegistered() - status=0 scannerId=13 mScannerId=0
09-01 14:27:40.439 D/PowerKeeperPolicy( 1639): isLeScanAllowed: uid = 10241, allow = true
09-01 14:27:40.445 D/PowerKeeperPolicy( 1639): startLeScan: BleScanWrapper[mClientIf = 13 mPendingIntent=null] uid=10241
09-01 14:27:40.446 D/PowerKeeperPolicy( 1639): uid = 10241 setAllowed, allowed = true
09-01 14:27:40.446 D/PowerKeeperPolicy( 1639): uid = 10241 setScanning, scanning = true
09-01 14:27:40.446 D/PowerKeeperPolicy( 1639): startLeScan, uid = 10241 is scanning
09-01 14:27:40.458 I/appium  ( 5831): channel read invoked!
09-01 14:27:40.458 I/appium  ( 5831): channel read: POST /wd/hub/session/d650adbf-79f6-48fe-ab3c-6dc97a3fb522/element
09-01 14:27:40.460 I/appium  ( 5831): Find element command using 'id' with selector 'mine_message'.
09-01 14:27:40.460 I/appium  ( 5831): Waiting up to 10000ms for device to be idle
09-01 14:27:40.482 I/chatty  ( 8588): uid=1002(bluetooth) btu message loo expire 101 lines
09-01 14:27:40.484 I/chatty  ( 8588): uid=1002(bluetooth) BT Service Call expire 151 lines
09-01 14:27:40.529 I/appium  ( 5831): AppiumResponse: {"sessionId":"d650adbf-79f6-48fe-ab3c-6dc97a3fb522","value":{"error":"no such element","message":"An element could not be located on the page using the given search parameters","stacktrace":"io.appium.uiautomator2.common.exceptions.ElementNotFoundException: An element could not be located on the ...
09-01 14:27:40.658 I/chatty  (19843): uid=1002 bluetooth@1.0-s expire 3 lines
09-01 14:27:40.696 I/chatty  ( 8588): uid=1002(bluetooth) BT Service Call expire 167 lines
09-01 14:27:40.697 I/chatty  ( 8588): uid=1002(bluetooth) btu message loo expire 176 lines
09-01 14:27:40.889 I/chatty  ( 8588): uid=1002(bluetooth) BT Service Call expire 334 lines
09-01 14:27:41.058 I/appium  ( 5831): channel read invoked!
09-01 14:27:41.058 I/appium  ( 5831): channel read: POST /wd/hub/session/d650adbf-79f6-48fe-ab3c-6dc97a3fb522/element
09-01 14:27:41.060 I/appium  ( 5831): Find element command using 'id' with selector 'mine_message'.
09-01 14:27:41.061 I/appium  ( 5831): Waiting up to 10000ms for device to be idle
09-01 14:27:41.097 I/chatty  ( 8588): uid=1002(bluetooth) btu message loo expire 175 lines
09-01 14:27:41.133 I/appium  ( 5831): AppiumResponse: {"sessionId":"d650adbf-79f6-48fe-ab3c-6dc97a3fb522","value":{"error":"no such element","message":"An element could not be located on the page using the given search parameters","stacktrace":"io.appium.uiautomator2.common.exceptions.ElementNotFoundException: An element could not be located on the ...
09-01 14:27:41.292 I/chatty  ( 8588): uid=1002(bluetooth) BT Service Call expire 167 lines
09-01 14:27:41.476 I/chatty  (19843): uid=1002(bluetooth) POSIX timer 7 expire 1 line
09-01 14:27:41.498 I/chatty  ( 8588): uid=1002(bluetooth) BT Service Call expire 152 lines
09-01 14:27:41.509 I/chatty  ( 8588): uid=1002(bluetooth) btu message loo expire 193 lines
09-01 14:27:41.528 I/MiuiNetworkPolicy( 1639): bandwidth: 0 KB/s, Max bandwidth: 3727 KB/s
09-01 14:27:41.655 I/appium  ( 5831): channel read invoked!
09-01 14:27:41.655 I/appium  ( 5831): channel read: POST /wd/hub/session/d650adbf-79f6-48fe-ab3c-6dc97a3fb522/element
09-01 14:27:41.657 I/appium  ( 5831): Find element command using 'id' with selector 'mine_message'.
09-01 14:27:41.657 I/appium  ( 5831): Waiting up to 10000ms for device to be idle
09-01 14:27:41.719 I/appium  ( 5831): AppiumResponse: {"sessionId":"d650adbf-79f6-48fe-ab3c-6dc97a3fb522","value":{"error":"no such element","message":"An element could not be located on the page using the given search parameters","stacktrace":"io.appium.uiautomator2.common.exceptions.ElementNotFoundException: An element could not be located on the ...
09-01 14:27:41.753 I/chatty  ( 8588): uid=1002(bluetooth) BT Service Call expire 160 lines
09-01 14:27:41.917 I/chatty  (19843): uid=1002 bluetooth@1.0-s expire 5 lines
09-01 14:27:42.016 I/chatty  ( 8588): uid=1002(bluetooth) BT Service Call expire 169 lines
09-01 14:27:42.029 I/chatty  ( 8588): uid=1002(bluetooth) btu message loo expire 162 lines
09-01 14:27:42.235 I/chatty  ( 8588): uid=1002(bluetooth) BT Service Call expire 344 lines
09-01 14:27:42.247 I/appium  ( 5831): channel read invoked!
09-01 14:27:42.247 I/appium  ( 5831): channel read: POST /wd/hub/session/d650adbf-79f6-48fe-ab3c-6dc97a3fb522/element
09-01 14:27:42.249 I/appium  ( 5831): Find element command using 'id' with selector 'mine_message'.
09-01 14:27:42.249 I/appium  ( 5831): Waiting up to 10000ms for device to be idle
09-01 14:27:42.267 D/OemNetd (  679): setLimit: disable, rate=0
09-01 14:27:42.320 I/appium  ( 5831): AppiumResponse: {"sessionId":"d650adbf-79f6-48fe-ab3c-6dc97a3fb522","value":{"error":"no such element","message":"An element could not be located on the page using the given search parameters","stacktrace":"io.appium.uiautomator2.common.exceptions.ElementNotFoundException: An element could not be located on the ...
09-01 14:27:42.477 I/chatty  ( 8588): uid=1002(bluetooth) btu message loo expire 181 lines
09-01 14:27:42.669 I/chatty  ( 8588): uid=1002(bluetooth) BT Service Call expire 321 lines
09-01 14:27:42.882 I/chatty  ( 8588): uid=1002(bluetooth) btu message loo expire 194 lines
09-01 14:27:42.907 I/appium  ( 5831): channel read invoked!
09-01 14:27:42.908 I/appium  ( 5831): channel read: POST /wd/hub/session/d650adbf-79f6-48fe-ab3c-6dc97a3fb522/element
09-01 14:27:42.909 I/appium  ( 5831): Find element command using 'id' with selector 'mine_message'.
09-01 14:27:42.910 I/appium  ( 5831): Waiting up to 10000ms for device to be idle
09-01 14:27:42.972 I/appium  ( 5831): AppiumResponse: {"sessionId":"d650adbf-79f6-48fe-ab3c-6dc97a3fb522","value":{"error":"no such element","message":"An element could not be located on the page using the given search parameters","stacktrace":"io.appium.uiautomator2.common.exceptions.ElementNotFoundException: An element could not be located on the ...
09-01 14:27:43.082 I/chatty  ( 8588): uid=1002(bluetooth) BT Service Call expire 154 lines
09-01 14:27:43.211 I/chatty  (19843): uid=1002 bluetooth@1.0-s expire 10 lines
09-01 14:27:43.387 I/chatty  ( 8588): uid=1002(bluetooth) BT Service Call expire 161 lines
09-01 14:27:43.394 I/chatty  ( 8588): uid=1002(bluetooth) btu message loo expire 178 lines
09-01 14:27:43.498 I/appium  ( 5831): channel read invoked!
09-01 14:27:43.498 I/appium  ( 5831): channel read: POST /wd/hub/session/d650adbf-79f6-48fe-ab3c-6dc97a3fb522/element
09-01 14:27:43.500 I/appium  ( 5831): Find element command using 'id' with selector 'mine_message'.
09-01 14:27:43.500 I/appium  ( 5831): Waiting up to 10000ms for device to be idle
09-01 14:27:43.563 I/appium  ( 5831): AppiumResponse: {"sessionId":"d650adbf-79f6-48fe-ab3c-6dc97a3fb522","value":{"error":"no such element","message":"An element could not be located on the page using the given search parameters","stacktrace":"io.appium.uiautomator2.common.exceptions.ElementNotFoundException: An element could not be located on the ...
09-01 14:27:43.640 I/chatty  ( 8588): uid=1002(bluetooth) BT Service Call expire 330 lines
09-01 14:27:43.824 I/chatty  ( 8588): uid=1002(bluetooth) btu message loo expire 88 lines
09-01 14:27:44.069 I/chatty  (19843): uid=1002 bluetooth@1.0-s expire 5 lines
09-01 14:27:44.071 I/chatty  ( 8588): uid=1002(bluetooth) btu message loo expire 95 lines
09-01 14:27:44.074 I/chatty  ( 8588): uid=1002(bluetooth) BT Service Call expire 156 lines
09-01 14:27:44.088 I/appium  ( 5831): channel read invoked!
09-01 14:27:44.088 I/appium  ( 5831): channel read: POST /wd/hub/session/d650adbf-79f6-48fe-ab3c-6dc97a3fb522/element
09-01 14:27:44.090 I/appium  ( 5831): Find element command using 'id' with selector 'mine_message'.
09-01 14:27:44.090 I/appium  ( 5831): Waiting up to 10000ms for device to be idle
09-01 14:27:44.148 I/chatty  ( 3272): uid=1002(bluetooth) FastConnectServ expire 2 lines
09-01 14:27:44.162 I/appium  ( 5831): AppiumResponse: {"sessionId":"d650adbf-79f6-48fe-ab3c-6dc97a3fb522","value":{"error":"no such element","message":"An element could not be located on the page using the given search parameters","stacktrace":"io.appium.uiautomator2.common.exceptions.ElementNotFoundException: An element could not be located on the ...
09-01 14:27:44.258 I/chatty  ( 8588): uid=1002(bluetooth) btu message loo expire 92 lines
09-01 14:27:44.260 I/chatty  ( 8588): uid=1002(bluetooth) BT Service Call expire 319 lines
09-01 14:27:44.449 I/chatty  ( 8588): uid=1002(bluetooth) btu message loo expire 94 lines
09-01 14:27:44.498 I/chatty  (19843): uid=1002 bluetooth@1.0-s expire 5 lines
09-01 14:27:44.531 I/MiuiNetworkPolicy( 1639): bandwidth: 0 KB/s, Max bandwidth: 3727 KB/s
09-01 14:27:44.655 I/chatty  ( 8588): uid=1002(bluetooth) BT Service Call expire 158 lines
09-01 14:27:44.656 I/chatty  ( 8588): uid=1002(bluetooth) btu message loo expire 182 lines
09-01 14:27:44.686 I/appium  ( 5831): channel read invoked!
09-01 14:27:44.686 I/appium  ( 5831): channel read: POST /wd/hub/session/d650adbf-79f6-48fe-ab3c-6dc97a3fb522/element
09-01 14:27:44.688 I/appium  ( 5831): Find element command using 'id' with selector 'mine_message'.
09-01 14:27:44.689 I/appium  ( 5831): Waiting up to 10000ms for device to be idle
09-01 14:27:44.758 I/appium  ( 5831): AppiumResponse: {"sessionId":"d650adbf-79f6-48fe-ab3c-6dc97a3fb522","value":{"error":"no such element","message":"An element could not be located on the page using the given search parameters","stacktrace":"io.appium.uiautomator2.common.exceptions.ElementNotFoundException: An element could not be located on the ...
09-01 14:27:44.894 I/chatty  ( 8588): uid=1002(bluetooth) BT Service Call expire 165 lines
09-01 14:27:45.021 I/chatty  (19843): uid=1002 bluetooth@1.0-s expire 5 lines
09-01 14:27:45.118 I/chatty  ( 8588): uid=1002(bluetooth) btu message loo expire 88 lines
09-01 14:27:45.119 I/chatty  ( 8588): uid=1002(bluetooth) BT Service Call expire 336 lines
09-01 14:27:45.185 D/NetworkManagement( 1639): wlan0 <====> 1
09-01 14:27:45.185 I/MiuiNetworkPolicy( 1639): label wlan0, uid -1, active false, tsNanos 595393882475653
09-01 14:27:45.291 I/appium  ( 5831): channel read invoked!
09-01 14:27:45.292 I/appium  ( 5831): channel read: POST /wd/hub/session/d650adbf-79f6-48fe-ab3c-6dc97a3fb522/element
09-01 14:27:45.293 I/appium  ( 5831): Find element command using 'id' with selector 'mine_message'.
09-01 14:27:45.294 I/appium  ( 5831): Waiting up to 10000ms for device to be idle
09-01 14:27:45.339 I/chatty  ( 8588): uid=1002(bluetooth) btu message loo expire 178 lines
09-01 14:27:45.365 I/appium  ( 5831): AppiumResponse: {"sessionId":"d650adbf-79f6-48fe-ab3c-6dc97a3fb522","value":{"error":"no such element","message":"An element could not be located on the page using the given search parameters","stacktrace":"io.appium.uiautomator2.common.exceptions.ElementNotFoundException: An element could not be located on the ...
09-01 14:27:45.527 I/chatty  ( 8588): uid=1002(bluetooth) BT Service Call expire 322 lines
09-01 14:27:45.708 I/chatty  ( 8588): uid=1002(bluetooth) btu message loo expire 91 lines
09-01 14:27:45.767 I/chatty  (19843): uid=1002 bluetooth@1.0-s expire 6 lines
09-01 14:27:45.892 I/appium  ( 5831): channel read invoked!
09-01 14:27:45.892 I/appium  ( 5831): channel read: DELETE /wd/hub/session/d650adbf-79f6-48fe-ab3c-6dc97a3fb522
09-01 14:27:45.893 I/appium  ( 5831): Delete session command
09-01 14:27:45.896 I/appium  ( 5831): Stopping uiautomator2 io.appium.uiautomator2.http io.appium.uiautomator2.server
09-01 14:27:45.898 I/appium  ( 5831): AppiumResponse: {"sessionId":"d650adbf-79f6-48fe-ab3c-6dc97a3fb522","value":null}
09-01 14:27:45.933 I/chatty  ( 8588): uid=1002(bluetooth) BT Service Call expire 135 lines
09-01 14:27:45.934 I/chatty  ( 8588): uid=1002(bluetooth) btu message loo expire 68 lines
09-01 14:27:45.994 I/ActivityManager( 1639): Force stopping com.xiaomi.hm.health appid=10241 user=0: from process:6245
09-01 14:27:45.997 I/ActivityManager( 1639): Killing 5885:com.xiaomi.hm.health/u0a241 (adj 0): stop com.xiaomi.hm.health: from process:6245
09-01 14:27:46.004 I/ProcessManager( 1639): remove no clear notification:StatusBarNotification(pkg=com.xiaomi.hm.health user=UserHandle{0} id=4 tag=null key=0|com.xiaomi.hm.health|4|null|10241: Notification(channel=O000Oo0 pri=0 contentView=null vibrate=null sound=null defaults=0x0 flags=0x62 color=0xffff5a00 vis=PRIVATE))
09-01 14:27:46.005 I/hwservicemanager(  573): getTransport: Cannot find entry vendor.qti.hardware.servicetracker@1.0::IServicetracker/default in either framework or device manifest.
09-01 14:27:46.007 I/hwservicemanager(  573): getTransport: Cannot find entry vendor.qti.hardware.servicetracker@1.0::IServicetracker/default in either framework or device manifest.
09-01 14:27:46.011 W/PushService( 5479): 2020-08-31 23:27:46,011 - [WARN::PushService] - GROUPSUMMARY  : 0onNotificationRemovedcom.xiaomi.hm.health
09-01 14:27:46.013 D/StatusBar(29730): onNotificationRemoved key=0|com.xiaomi.hm.health|4|null|10241 reason=8
09-01 14:27:46.013 I/hwservicemanager(  573): getTransport: Cannot find entry vendor.qti.hardware.servicetracker@1.0::IServicetracker/default in either framework or device manifest.
09-01 14:27:46.014 I/AutoStartManagerService( 1639): MIUILOG- Reject RestartService packageName :com.xiaomi.hm.health uid : 10241
09-01 14:27:46.014 D/IMReply:Notif(22367): onNotificationPosted onNotificationRemoved sbn = 4
09-01 14:27:46.015 I/hwservicemanager(  573): getTransport: Cannot find entry vendor.qti.hardware.servicetracker@1.0::IServicetracker/default in either framework or device manifest.
09-01 14:27:46.017 W/ActivityTaskManager( 1639): Force removing ActivityRecord{4bcbd92 u0 com.xiaomi.hm.health/com.huami.message.ui.home.MessageCenterActivity t479 f}: app died, no saved state
09-01 14:27:46.018 D/WindowManager( 1639): Input focus has changed to null
09-01 14:27:46.019 D/StatusBar(29730): removeNotification StatusBarNotification(pkg=com.xiaomi.hm.health user=UserHandle{0} id=4 tag=null key=0|com.xiaomi.hm.health|4|null|10241: Notification(channel=O000Oo0 pri=0 contentView=null vibrate=null sound=null defaults=0x0 flags=0x62 color=0xffff5a00 vis=PRIVATE))
09-01 14:27:46.019 D/StatusBar(29730):     pkgName=com.xiaomi.hm.health appUid=10241 sdk=29 imp=2 sysApp=F priApp=F hasShown=F float=F keyguard=F peek=F fullscreen=F
09-01 14:27:46.019 D/StatusBar(29730):     showMiuiAction=F enableFloat=T enableKeyguard=T floatTime=5000 messageCount=1 persistent=F customHeight=F
09-01 14:27:46.019 D/StatusBar(29730): update app badge num: com.xiaomi.hm.health/,num=0,isAllowed=false,userId=0
09-01 14:27:46.020 W/PushService( 5479): 2020-08-31 23:27:46,020 - [WARN::PushService] - GROUPSUMMARY  : 0onNotificationRemovedcom.xiaomi.hm.health
09-01 14:27:46.027 W/ActivityTaskManager( 1639): Force removing ActivityRecord{acf4688 u0 com.xiaomi.hm.health/.activity.MainTabActivity t479 f}: app died, no saved state
09-01 14:27:46.035 D/PowerKeeper( 6417): PerfEngineController:ForegroundInfo{mForegroundPackageName='com.miui.home', mForegroundUid=10090, mForegroundPid=7676, mLastForegroundPackageName='com.xiaomi.hm.health', mLastForegroundUid=10241, mLastForegroundPid=5885, mMultiWindowForegroundPackageName='null', mMultiWindowForegroundUid=-1, mFlags=0}
09-01 14:27:46.035 I/ProcessMonitor( 5237): onForegroundInfoChanged: ForegroundInfo{mForegroundPackageName='com.miui.home', mForegroundUid=10090, mForegroundPid=7676, mLastForegroundPackageName='com.xiaomi.hm.health', mLastForegroundUid=10241, mLastForegroundPid=5885, mMultiWindowForegroundPackageName='null', mMultiWindowForegroundUid=-1, mFlags=0}
09-01 14:27:46.035 I/GameBoosterService( 5237): onForegroundInfoChanged: Cur=com.miui.home	 last=com.xiaomi.hm.health
09-01 14:27:46.035 I/Timeline( 1639): Timeline: App_transition_ready time:211232052
09-01 14:27:46.037 D/PowerKeeper( 6417): PowerStateMachine:Enter power state id=3 name=home
09-01 14:27:46.037 D/ProcessObserver( 6417): onScreenAppChanged, FgUid: 10090, FgPackageName: com.miui.home
09-01 14:27:46.037 D/ProcessObserver( 6417): onScreenAppChanged, PreTaskUid: 10241, PreTaskPackageName: com.xiaomi.hm.health
09-01 14:27:46.037 D/ProcessObserver( 6417): Uid: 10090 Foreground
09-01 14:27:46.037 D/PowerCheckerService( 6417): updateForFgUidChangedLocked, mScreenOn = true uid = 10090 foreground = true
09-01 14:27:46.038 D/AppActiveChecker( 6417): updateDownloadStateForFgUidChangedLocked, mScreenOn = true uid = 10090 foreground = true
09-01 14:27:46.038 D/AppActiveChecker( 6417): updateAppActiveStateForUidLocked, uid = 10090 appActiveState = 0
09-01 14:27:46.038 D/DeviceIdleAppRuleChecker( 6417): updateStateForInteractiveUidChangedLocked: uid = 10090 foreground = true
09-01 14:27:46.038 D/KillProcessAppRuleChecker( 6417): updateStateForInteractiveUidChangedLocked: uid = 10090 foreground = true
09-01 14:27:46.038 D/HideModeStateMachine( 6417): updateForForegroundUidChangedLocked: uid = 10090 foreground = true
09-01 14:27:46.038 I/HideModeStateMachine( 6417): Uid: 10090 State: inactive_level_1st |-> setForegroundActive
09-01 14:27:46.038 I/HideModeStateMachine( 6417): Uid: 10090 State: inactive_level_1st Feature: location |-> setSubStateForegroundActive
09-01 14:27:46.038 I/HideModeStateMachine( 6417): Uid: 10090 State: inactive_level_1st Feature: sensor |-> setSubStateForegroundActive
09-01 14:27:46.038 I/HideModeStateMachine( 6417): Uid: 10090 State: inactive_level_1st Feature: appIdle |-> setSubStateForegroundActive
09-01 14:27:46.038 I/HideModeStateMachine( 6417): Uid: 10090 State: active |-> setForegroundActive
09-01 14:27:46.038 D/ActiveStateController( 6417): updateStateForFgUidChangedLocked: uid = 10090 foreground = true
09-01 14:27:46.038 I/octvm_power( 3400): power mode [home] start 1598941666
09-01 14:27:46.039 I/octvm_drv( 3400): common drv: get_current_battery_uAh will return 0
09-01 14:27:46.039 I/octvm_power( 3400): Action: set_bcbc_cust_state(disable) for [foreground_change]
09-01 14:27:46.040 D/GameBoosterService( 5237): onGameStatusChange foreground:ForegroundInfo{mForegroundPackageName='com.miui.home', mForegroundUid=10090, mForegroundPid=7676, mLastForegroundPackageName='com.xiaomi.hm.health', mLastForegroundUid=10241, mLastForegroundPid=5885, mMultiWindowForegroundPackageName='null', mMultiWindowForegroundUid=-1, mFlags=0}
09-01 14:27:46.040 I/GameBoosterService( 5237): onForegroundInfoChanged: Exit
09-01 14:27:46.040 D/PowerChecker.BaStats( 6417): uid = 10090, uidForeground = true, lastBytes = 39165, curBytes = 39165, deltaBytes = 0
09-01 14:27:46.040 I/VideoBoxUtils( 5237): isSupportVideoBox: false
09-01 14:27:46.040 I/VideoToolBoxService( 5237): onForegroundInfoChanged: Exit Vtb
09-01 14:27:46.041 D/Launcher.Lifecycle( 7676): onStart:UserHandle{0},93e149d,false
09-01 14:27:46.041 I/RenderThread( 7676): RenderThread resumed
09-01 14:27:46.041 D/ScreenElementRoot( 7676): resume
09-01 14:27:46.043 D/DisplayFeatureHal(  825): setFeatureEnable(displayId=0 caseId=18 modeId=0 cookie=0)
09-01 14:27:46.043 D/DisplayFeatureHal(  825): current wcg state 0, setting to 0
09-01 14:27:46.043 D/DisplayFeatureHal(  825): notifySFWcgState enable = 0
09-01 14:27:46.043 I/set_top_app( 1639): success /proc/7676/top_app:1
09-01 14:27:46.044 I/set_top_app( 1639): success /proc/13261/top_app:2
09-01 14:27:46.044 I/SDM     (  784): CoreInterface::SetWCGStatus: SetWCGStatus wcg enable 0
09-01 14:27:46.044 D/DisplayFeatureHal(  825): notifyQservice cmd 48 value 0 ret 0
09-01 14:27:46.045 D/DisplayFeatureHal(  825): HandleBCBCCustom  enable:0
09-01 14:27:46.045 I/octvm_drv_xm( 3400): platform_set_bcbc_cust_state disable success
09-01 14:27:46.045 I/octvm_power( 3400): Action: set_dfps_cust_state(disable) for [foreground_change]
09-01 14:27:46.045 I/octvm_drv( 3400): common drv: platform_set_dfps_cust_state -> platform not support
09-01 14:27:46.045 I/octvm_power( 3400): Action: set_lcd_mode(default) for [foreground_change]
09-01 14:27:46.046 I/MiuiNetworkPolicy( 1639): removeUidState uid = 10241
09-01 14:27:46.046 I/MiuiNetworkPolicy( 1639): updateWmmForUidState uid: 10241 state: 20 wmm: 0
09-01 14:27:46.046 I/hwservicemanager(  573): getTransport: Cannot find entry vendor.qti.hardware.servicetracker@1.0::IServicetracker/default in either framework or device manifest.
09-01 14:27:46.046 D/OemNetd (  679): updateWmm: uid=10241, wmm=0
09-01 14:27:46.047 I/chatty  ( 8588): uid=1002(bluetooth) BluetoothScanMa expire 11 lines
09-01 14:27:46.047 D/DisplayFeatureHal(  825): setFeatureEnable(displayId=0 caseId=7 modeId=1 cookie=0)
09-01 14:27:46.047 D/DisplayFeatureHal(  825): current wcg state 0, setting to 0
09-01 14:27:46.047 D/DisplayFeatureHal(  825): notifySFWcgState enable = 0
09-01 14:27:46.048 I/SDM     (  784): CoreInterface::SetWCGStatus: SetWCGStatus wcg enable 0
09-01 14:27:46.048 D/DisplayFeatureHal(  825): notifyQservice cmd 48 value 0 ret 0
09-01 14:27:46.048 I/octvm_drv_xm( 3400): platform_set_lcd_mode default(1) success
09-01 14:27:46.048 I/octvm_power( 3400): Action: set_thermal_config(restore) for [foreground_change]
09-01 14:27:46.048 D/DisplayFeatureHal(  825): HandleCabcModeCustom enter 1 0
09-01 14:27:46.048 W/DisplayFeatureHal(  825): ---skip setting acl feature currently, return!
09-01 14:27:46.048 D/DisplayFeatureHal(  825): HandleCabcModeCustom exit 0x1000
09-01 14:27:46.048 I/octvm_drv( 3400): platform_set_thermal_mode cur_global_config:[], target mode:[restore], profile=0, ret=0
09-01 14:27:46.048 I/octvm_drv( 3400): common drv: get_current_battery_uAh will return 0
09-01 14:27:46.048 I/octvm_power( 3400): onPowerModeChanged[home] called
09-01 14:27:46.049 I/Timeline( 1639): Timeline: App_transition_ready time:211232066
09-01 14:27:46.049 I/chatty  (19843): uid=1002 bluetooth@1.0-s expire 1 line
09-01 14:27:46.050 D/OemNetd (  679): whiteListUid: uid=10241, wmm=del
09-01 14:27:46.050 I/MiuiNetworkPolicy( 1639): updateMLUid uid:10241,old:2,new:20
09-01 14:27:46.050 I/MiuiNetworkPolicy( 1639): isMLEnabled state:2,uid:10241,connect:DISCONNECTED
09-01 14:27:46.050 I/MiuiNetworkPolicy( 1639): isMLEnabled state:20,uid:10241,connect:DISCONNECTED
09-01 14:27:46.050 I/MiuiNetworkPolicy( 1639): updateUidState uid = 10121, uidState = 4
09-01 14:27:46.051 D/OemNetd (  679): whiteListUid: uid=10121, wmm=add
09-01 14:27:46.051 I/MiuiNetworkPolicy( 1639): updateMLUid uid:10121,old:6,new:4
09-01 14:27:46.051 I/MiuiNetworkPolicy( 1639): isMLEnabled state:6,uid:10121,connect:DISCONNECTED
09-01 14:27:46.051 I/MiuiNetworkPolicy( 1639): isMLEnabled state:4,uid:10121,connect:DISCONNECTED
09-01 14:27:46.051 I/MiuiNetworkPolicy( 1639): updateUidState uid = 10090, uidState = 2
09-01 14:27:46.051 I/MiuiNetworkPolicy( 1639): updateWmmForUidState uid: 10090 state: 2 wmm: 1
09-01 14:27:46.051 D/OemNetd (  679): updateWmm: uid=10090, wmm=1
09-01 14:27:46.052 D/OemNetd (  679): whiteListUid: uid=10090, wmm=add
09-01 14:27:46.050 W/memtrack@1.0-se(  787): type=1400 audit(0.0:63661): avc: denied { search } for name="kgsl" dev="sysfs" ino=55624 scontext=u:r:hal_memtrack_default:s0 tcontext=u:object_r:sysfs_kgsl:s0 tclass=dir permissive=0
09-01 14:27:46.055 I/MiuiNetworkPolicy( 1639): updateMLUid uid:10090,old:6,new:2
09-01 14:27:46.055 I/MiuiNetworkPolicy( 1639): isMLEnabled state:6,uid:10090,connect:DISCONNECTED
09-01 14:27:46.055 I/MiuiNetworkPolicy( 1639): isMLEnabled state:2,uid:10090,connect:DISCONNECTED
09-01 14:27:46.055 W/ActivityManager( 1639): Sending non-protected broadcast android.intent.action.APPLICATION_MESSAGE_UPDATE from system 29730:com.android.systemui/1000 pkg com.android.systemui. Callers=
09-01 14:27:46.057 D/StackScroller(29730): applyCurrentState
09-01 14:27:46.059 D/Launcher.Lifecycle( 7676): onResume:UserHandle{0},93e149d,false
09-01 14:27:46.059 D/NetworkManagement( 1639): wlan0 <====> 1
09-01 14:27:46.059 I/MiuiNetworkPolicy( 1639): label wlan0, uid 10241, active true, tsNanos 595407376930595
09-01 14:27:46.050 W/memtrack@1.0-se(  787): type=1400 audit(0.0:63662): avc: denied { search } for name="kgsl" dev="sysfs" ino=55624 scontext=u:r:hal_memtrack_default:s0 tcontext=u:object_r:sysfs_kgsl:s0 tclass=dir permissive=0
09-01 14:27:46.059 D/Launcher.XOutUtils( 7676): canRecommendScreenShow, isShowXout=false
09-01 14:27:46.059 D/Launcher.RecommendController( 7676): don't request, because recommend screen can't show
09-01 14:27:46.059 D/Launcher.RecommendController( 7676): folder display and try to request recommend list
09-01 14:27:46.059 D/OemNetd (  679): setLimit: enable, rate=3227614
09-01 14:27:46.059 I/CloudSettingsProvider(22222): uriMatch : 2
09-01 14:27:46.060 E/PhoneInterfaceManager( 2698): [PhoneIntfMgr] getCarrierPackageNamesForIntent: No UICC
09-01 14:27:46.060 D/StatusBarClockController( 7676): show status bar clock
09-01 14:27:46.060 D/CarrierSvcBindHelper( 2698): No carrier app for: 0
09-01 14:27:46.062 D/ProcessObserver( 6417): onForegroundActivitiesChanged, pid: 7676 uid: 10090 foregroundActivities: true
09-01 14:27:46.062 V/UidProcStateHelper( 1639): foreground changed:[7676,10090,true]
09-01 14:27:46.063 D/CarrierSvcBindHelper( 2698): No carrier app for: 1
09-01 14:27:46.063 V/UidProcStateHelper( 1639): process died:[5885,10241]
09-01 14:27:46.063 D/ProcessObserver( 6417): Uid: 10241 Background
09-01 14:27:46.064 D/ProcessObserver( 6417): Uid: 10241 foreground service removed 
09-01 14:27:46.064 I/NotifierManager( 7676): onRegister: miui.maml.NotifierManager$MultiBroadcastNotifier@bb30fa3
09-01 14:27:46.064 D/PowerCheckerService( 6417): updateForFgUidChangedLocked, mScreenOn = true uid = 10241 foreground = false
09-01 14:27:46.064 D/ScreenElementRoot( 7676): resume
09-01 14:27:46.066 D/PowerChecker.BaStats( 6417): uid = 10241, uidForeground = false, lastBytes = 55896056, curBytes = 56529391, deltaBytes = 633335
09-01 14:27:46.066 D/Layer   (  881): ---setAlpha Launcher=1.000000
09-01 14:27:46.066 I/Timeline( 1639): Timeline: App_transition_ready time:211232083
09-01 14:27:46.067 D/WindowManager( 1639): Input focus has changed to Window{fa1ce05 u0 com.miui.home/com.miui.home.launcher.Launcher}
09-01 14:27:46.069 D/Layer   (  881): ---setAlpha Launcher=1.000000
09-01 14:27:46.069 D/AppActiveChecker( 6417): updateDownloadStateForFgUidChangedLocked, mScreenOn = true uid = 10241 foreground = false
09-01 14:27:46.069 D/Layer   (  881): ---setAlpha Launcher=1.000000
09-01 14:27:46.070 I/Timeline( 1639): Timeline: App_transition_ready time:211232086
09-01 14:27:46.071 D/StatusBar(29730): recevie broadbcast ACTION_APPLICATION_MESSAGE_QUERY, requestFirstTime=false
09-01 14:27:46.071 D/EventBus(29730): [29730, u0] send(AppTransitionFinishedEvent)
09-01 14:27:46.071 D/EventBus(29730): [29730, u0]  -> ForcedResizableInfoActivityController [0xc4c1163, P1] onBusEvent(AppTransitionFinishedEvent)
09-01 14:27:46.071 D/EventBus(29730): [29730, u0] onBusEvent(AppTransitionFinishedEvent) duration: 23 microseconds, avg: 38
09-01 14:27:46.071 D/EventBus(29730): [29730, u0] send(AppTransitionFinishedEvent)
09-01 14:27:46.071 D/EventBus(29730): [29730, u0]  -> ForcedResizableInfoActivityController [0xc4c1163, P1] onBusEvent(AppTransitionFinishedEvent)
09-01 14:27:46.071 D/EventBus(29730): [29730, u0] onBusEvent(AppTransitionFinishedEvent) duration: 14 microseconds, avg: 38
09-01 14:27:46.072 D/AppActiveChecker( 6417): sendMessageDelayed: uid = 10241 delayMillis = 180000 elapsedRealtime = 595587402
09-01 14:27:46.072 D/AppActiveChecker( 6417): updateAppActiveStateForUidLocked, uid = 10241 appActiveState = 0
09-01 14:27:46.073 D/DeviceIdleAppRuleChecker( 6417): updateStateForInteractiveUidChangedLocked: uid = 10241 foreground = false
09-01 14:27:46.073 D/KillProcessAppRuleChecker( 6417): updateStateForInteractiveUidChangedLocked: uid = 10241 foreground = false
09-01 14:27:46.073 D/HideModeStateMachine( 6417): updateForForegroundUidChangedLocked: uid = 10241 foreground = false
09-01 14:27:46.073 I/HideModeStateMachine( 6417): Uid: 10241 State: inactive_level_1st |-> startRun
09-01 14:27:46.073 I/HideModeStateMachine( 6417): Uid: 10241 State: inactive_level_1st Feature: location |-> startRun
09-01 14:27:46.073 I/HideModeStateMachine( 6417): Uid: 10241 State: inactive_level_1st Feature: location |-> setActive
09-01 14:27:46.073 I/HideModeStateMachine( 6417): Uid: 10241 State: inactive_level_1st Feature: sensor |-> startRun
09-01 14:27:46.073 I/HideModeStateMachine( 6417): Uid: 10241 State: inactive_level_1st Feature: sensor |-> setActive
09-01 14:27:46.073 I/HideModeStateMachine( 6417): Uid: 10241 State: inactive_level_1st Feature: appIdle |-> startRun
09-01 14:27:46.073 I/HideModeStateMachine( 6417): Uid: 10241 State: inactive_level_1st Feature: appIdle |-> setActive
09-01 14:27:46.073 D/ActiveStateController( 6417): updateStateForFgUidChangedLocked: uid = 10241 foreground = false
09-01 14:27:46.073 D/ActiveStateController( 6417): updateRuleForUidLocked, uid = 10241 property = 32
09-01 14:27:46.078 D/PowerKeeperConfigureProvider( 6417): appActiveTable insert 550
09-01 14:27:46.079 D/ActivityUtils(22367): packageNameComponentInfo{com.miui.home/com.miui.home.launcher.Launcher}
09-01 14:27:46.081 D/ScreenView_MultiSeekBarIndicator( 7676): dispatchDraw:0
