09-01 14:27:50.871 D/[Koin]  ( 6385): bind type:'com.huami.nfc.web.O000o000' ~ [type:Single,primary_type:'com.huami.nfc.web.O000o000']
09-01 14:27:50.872 D/[Koin]  ( 6385): bind type:'com.huami.wallet.O000000o.O00000Oo.O00000o' ~ [type:Single,primary_type:'com.huami.wallet.O000000o.O00000Oo.O00000o']
09-01 14:27:50.872 D/[Koin]  ( 6385): bind type:'com.unionpay.tsmservice.blesdk.O000000o' ~ [type:Single,primary_type:'com.unionpay.tsmservice.blesdk.O000000o']
09-01 14:27:50.872 D/[Koin]  ( 6385): bind type:'com.huami.wallet.O000000o.O000000o.O000000o' ~ [type:Single,primary_type:'com.huami.wallet.O000000o.O000000o.O000000o']
09-01 14:27:50.872 D/[Koin]  ( 6385): bind type:'com.huami.nfc.O00000o.O000000o.O00000Oo' ~ [type:Single,primary_type:'com.huami.nfc.O00000o.O000000o.O00000Oo']
09-01 14:27:50.872 D/[Koin]  ( 6385): bind type:'com.huami.wallet.ui.O0000o0.O00000o0' ~ [type:Factory,primary_type:'com.huami.wallet.ui.O0000o0.O00000o0']
09-01 14:27:50.872 D/[Koin]  ( 6385): bind type:'com.huami.wallet.ui.O0000o0.O00000o' ~ [type:Factory,primary_type:'com.huami.wallet.ui.O0000o0.O00000o']
09-01 14:27:50.872 D/[Koin]  ( 6385): bind type:'com.huami.wallet.ui.O0000o0.O0000O0o' ~ [type:Factory,primary_type:'com.huami.wallet.ui.O0000o0.O0000O0o']
09-01 14:27:50.872 D/[Koin]  ( 6385): bind type:'com.huami.wallet.ui.O0000o0.O0000OOo' ~ [type:Factory,primary_type:'com.huami.wallet.ui.O0000o0.O0000OOo']
09-01 14:27:50.872 D/[Koin]  ( 6385): bind type:'com.huami.wallet.ui.O0000o0.O0000Oo0' ~ [type:Factory,primary_type:'com.huami.wallet.ui.O0000o0.O0000Oo0']
09-01 14:27:50.872 D/[Koin]  ( 6385): bind type:'com.huami.wallet.ui.O0000o0.O0000Oo' ~ [type:Factory,primary_type:'com.huami.wallet.ui.O0000o0.O0000Oo']
09-01 14:27:50.872 D/[Koin]  ( 6385): bind type:'com.huami.wallet.ui.O0000o0.O0000o00' ~ [type:Factory,primary_type:'com.huami.wallet.ui.O0000o0.O0000o00']
09-01 14:27:50.872 D/[Koin]  ( 6385): bind type:'com.huami.wallet.ui.O0000o0.O0000o' ~ [type:Factory,primary_type:'com.huami.wallet.ui.O0000o0.O0000o']
09-01 14:27:50.872 D/[Koin]  ( 6385): bind type:'com.huami.wallet.ui.O0000o0.O00oOooO' ~ [type:Factory,primary_type:'com.huami.wallet.ui.O0000o0.O00oOooO']
09-01 14:27:50.872 D/[Koin]  ( 6385): bind type:'com.huami.wallet.ui.O0000o0.O000O00o' ~ [type:Factory,primary_type:'com.huami.wallet.ui.O0000o0.O000O00o']
09-01 14:27:50.872 D/[Koin]  ( 6385): bind type:'com.huami.wallet.ui.O0000o0.O000O0OO' ~ [type:Factory,primary_type:'com.huami.wallet.ui.O0000o0.O000O0OO']
09-01 14:27:50.872 D/[Koin]  ( 6385): bind type:'com.huami.wallet.ui.O0000o0.O000O0o' ~ [type:Factory,primary_type:'com.huami.wallet.ui.O0000o0.O000O0o']
09-01 14:27:50.872 D/[Koin]  ( 6385): bind type:'com.huami.wallet.ui.O0000o0.O000OOOo' ~ [type:Factory,primary_type:'com.huami.wallet.ui.O0000o0.O000OOOo']
09-01 14:27:50.872 D/[Koin]  ( 6385): bind type:'com.huami.wallet.ui.O0000o0.O000OO0o' ~ [type:Factory,primary_type:'com.huami.wallet.ui.O0000o0.O000OO0o']
09-01 14:27:50.872 D/[Koin]  ( 6385): bind type:'com.huami.wallet.ui.O0000o0.O000OO' ~ [type:Factory,primary_type:'com.huami.wallet.ui.O0000o0.O000OO']
09-01 14:27:50.872 D/[Koin]  ( 6385): bind type:'com.huami.wallet.ui.O0000o0.O000O0o0' ~ [type:Factory,primary_type:'com.huami.wallet.ui.O0000o0.O000O0o0']
09-01 14:27:50.872 D/[Koin]  ( 6385): bind type:'com.huami.wallet.ui.O0000o0.O000OO00' ~ [type:Factory,primary_type:'com.huami.wallet.ui.O0000o0.O000OO00']
09-01 14:27:50.872 D/[Koin]  ( 6385): bind type:'com.huami.wallet.ui.O0000o0.O0000o0' ~ [type:Factory,primary_type:'com.huami.wallet.ui.O0000o0.O0000o0']
09-01 14:27:50.872 D/[Koin]  ( 6385): bind type:'com.huami.wallet.ui.O0000Oo0.O000000o' ~ [type:Single,primary_type:'com.huami.wallet.ui.O0000Oo0.O000000o']
09-01 14:27:50.872 D/[Koin]  ( 6385): bind type:'com.huami.wallet.ui.O00000Oo.O00000o0' ~ [type:Single,primary_type:'com.huami.wallet.ui.O00000Oo.O00000o0']
09-01 14:27:50.872 D/[Koin]  ( 6385): bind type:'com.huami.wallet.ui.O0000OoO.O0000o00' ~ [type:Single,primary_type:'com.huami.wallet.ui.O0000OoO.O0000o00']
09-01 14:27:50.872 D/[Koin]  ( 6385): bind type:'com.huami.wallet.ui.O0000OoO.O0000o0' ~ [type:Single,primary_type:'com.huami.wallet.ui.O0000OoO.O0000o0']
09-01 14:27:50.872 D/[Koin]  ( 6385): bind type:'com.huami.wallet.ui.O0000OoO.O000O00o' ~ [type:Single,primary_type:'com.huami.wallet.ui.O0000OoO.O000O00o']
09-01 14:27:50.872 D/[Koin]  ( 6385): bind type:'com.huami.wallet.ui.O0000OoO.O00oOooO' ~ [type:Single,primary_type:'com.huami.wallet.ui.O0000OoO.O00oOooO']
09-01 14:27:50.872 D/[Koin]  ( 6385): bind type:'com.huami.wallet.ui.O0000OoO.O0000o' ~ [type:Single,primary_type:'com.huami.wallet.ui.O0000OoO.O0000o']
09-01 14:27:50.872 D/[Koin]  ( 6385): bind type:'com.huami.wallet.accessdoor.O00000Oo.O0000O0o' ~ [type:Single,primary_type:'com.huami.wallet.accessdoor.O00000Oo.O0000O0o']
09-01 14:27:50.872 D/[Koin]  ( 6385): bind qualifier:'DOOR_CONFIG_APP_NAME' ~ [type:Factory,name:'DOOR_CONFIG_APP_NAME', primary_type:'java.lang.String']
09-01 14:27:50.873 D/[Koin]  ( 6385): bind type:'com.huami.wallet.accessdoor.O00000Oo.O00000o0.O000000o' ~ [type:Single,primary_type:'com.huami.wallet.accessdoor.O00000Oo.O00000o0.O000000o']
09-01 14:27:50.873 D/[Koin]  ( 6385): bind type:'com.huami.wallet.accessdoor.O0000Oo0.O0000OOo' ~ [type:Factory,primary_type:'com.huami.wallet.accessdoor.O0000Oo0.O0000OOo']
09-01 14:27:50.873 D/[Koin]  ( 6385): bind type:'com.huami.wallet.accessdoor.O0000Oo0.O000000o' ~ [type:Factory,primary_type:'com.huami.wallet.accessdoor.O0000Oo0.O000000o']
09-01 14:27:50.873 D/[Koin]  ( 6385): bind type:'com.huami.wallet.accessdoor.O0000Oo0.O00000Oo' ~ [type:Factory,primary_type:'com.huami.wallet.accessdoor.O0000Oo0.O00000Oo']
09-01 14:27:50.873 D/[Koin]  ( 6385): bind type:'com.huami.wallet.accessdoor.O0000Oo0.O0000O0o' ~ [type:Factory,primary_type:'com.huami.wallet.accessdoor.O0000Oo0.O0000O0o']
09-01 14:27:50.873 D/[Koin]  ( 6385): bind type:'com.huami.wallet.accessdoor.O0000Oo0.O0000Oo0' ~ [type:Factory,primary_type:'com.huami.wallet.accessdoor.O0000Oo0.O0000Oo0']
09-01 14:27:50.873 D/[Koin]  ( 6385): bind type:'com.huami.wallet.accessdoor.O0000Oo0.O0000Oo' ~ [type:Factory,primary_type:'com.huami.wallet.accessdoor.O0000Oo0.O0000Oo']
09-01 14:27:50.873 D/[Koin]  ( 6385): bind type:'com.huami.wallet.accessdoor.O0000Oo0.O0000o00' ~ [type:Factory,primary_type:'com.huami.wallet.accessdoor.O0000Oo0.O0000o00']
09-01 14:27:50.873 D/[Koin]  ( 6385): bind type:'com.huami.wallet.accessdoor.O0000Oo0.O00oOooO' ~ [type:Factory,primary_type:'com.huami.wallet.accessdoor.O0000Oo0.O00oOooO']
09-01 14:27:50.873 D/[Koin]  ( 6385): bind type:'com.huami.wallet.accessdoor.O0000Oo0.O000O00o' ~ [type:Factory,primary_type:'com.huami.wallet.accessdoor.O0000Oo0.O000O00o']
09-01 14:27:50.873 D/[Koin]  ( 6385): bind type:'com.huami.wallet.accessdoor.O0000Oo0.O000O0o' ~ [type:Factory,primary_type:'com.huami.wallet.accessdoor.O0000Oo0.O000O0o']
09-01 14:27:50.873 D/[Koin]  ( 6385): bind type:'com.huami.wallet.accessdoor.O0000Oo0.O000O0OO' ~ [type:Factory,primary_type:'com.huami.wallet.accessdoor.O0000Oo0.O000O0OO']
09-01 14:27:50.873 D/[Koin]  ( 6385): bind type:'com.huami.wallet.accessdoor.O0000Oo0.O0000o0' ~ [type:Factory,primary_type:'com.huami.wallet.accessdoor.O0000Oo0.O0000o0']
09-01 14:27:50.873 D/[Koin]  ( 6385): bind type:'com.huami.wallet.accessdoor.O0000Oo0.O000O0o0' ~ [type:Factory,primary_type:'com.huami.wallet.accessdoor.O0000Oo0.O000O0o0']
09-01 14:27:50.873 D/[Koin]  ( 6385): bind type:'com.huami.wallet.accessdoor.O0000Oo0.O000OO00' ~ [type:Factory,primary_type:'com.huami.wallet.accessdoor.O0000Oo0.O000OO00']
09-01 14:27:50.873 D/[Koin]  ( 6385): bind type:'com.huami.message.ui.O00000Oo.O00000o' ~ [type:Factory,primary_type:'com.huami.message.ui.O00000Oo.O00000o']
09-01 14:27:50.873 D/[Koin]  ( 6385): bind type:'com.huami.message.O0000OoO.O0000Oo' ~ [type:Factory,primary_type:'com.huami.message.O0000OoO.O0000Oo']
09-01 14:27:50.873 D/[Koin]  ( 6385): bind type:'com.huami.message.ui.submessage.O0000OOo' ~ [type:Factory,primary_type:'com.huami.message.ui.submessage.O0000OOo']
09-01 14:27:50.873 D/[Koin]  ( 6385): bind type:'com.huami.message.ui.O00000o0.O0000OOo' ~ [type:Factory,primary_type:'com.huami.message.ui.O00000o0.O0000OOo']
09-01 14:27:50.873 D/[Koin]  ( 6385): bind type:'com.huami.message.O0000OOo.O0000O0o' ~ [type:Factory,primary_type:'com.huami.message.O0000OOo.O0000O0o']
09-01 14:27:50.873 D/[Koin]  ( 6385): bind type:'com.huami.message.O0000OOo.O0000OOo' ~ [type:Factory,primary_type:'com.huami.message.O0000OOo.O0000OOo']
09-01 14:27:50.873 D/[Koin]  ( 6385): bind type:'com.huami.message.O0000OOo.O000000o' ~ [type:Factory,primary_type:'com.huami.message.O0000OOo.O000000o']
09-01 14:27:50.873 D/[Koin]  ( 6385): bind type:'com.huami.sleepassistant.lib.O0000OOo.O0000O0o' ~ [type:Factory,primary_type:'com.huami.sleepassistant.lib.O0000OOo.O0000O0o']
09-01 14:27:50.873 D/[Koin]  ( 6385): bind type:'com.huami.sleepassistant.lib.O0000OOo.O00000Oo' ~ [type:Factory,primary_type:'com.huami.sleepassistant.lib.O0000OOo.O00000Oo']
09-01 14:27:50.873 D/[Koin]  ( 6385): bind type:'com.huami.sleepassistant.lib.O0000OOo.O0000OOo' ~ [type:Factory,primary_type:'com.huami.sleepassistant.lib.O0000OOo.O0000OOo']
09-01 14:27:50.873 D/[Koin]  ( 6385): bind type:'com.huami.sleepassistant.lib.O0000OOo.O00000o' ~ [type:Factory,primary_type:'com.huami.sleepassistant.lib.O0000OOo.O00000o']
09-01 14:27:50.874 D/[Koin]  ( 6385): bind type:'com.huami.sleepassistant.lib.O0000OOo.O000000o' ~ [type:Factory,primary_type:'com.huami.sleepassistant.lib.O0000OOo.O000000o']
09-01 14:27:50.874 D/[Koin]  ( 6385): bind type:'com.huami.sleepassistant.lib.ui.temperament.O00000o.O00000Oo' ~ [type:Factory,primary_type:'com.huami.sleepassistant.lib.ui.temperament.O00000o.O00000Oo']
09-01 14:27:50.874 D/[Koin]  ( 6385): bind type:'com.huami.sleepassistant.lib.ui.temperament.O00000Oo.O0000Oo' ~ [type:Factory,primary_type:'com.huami.sleepassistant.lib.ui.temperament.O00000Oo.O0000Oo']
09-01 14:27:50.874 D/[Koin]  ( 6385): bind type:'com.huami.sleepassistant.lib.ui.temperament.media.O000000o' ~ [type:Factory,primary_type:'com.huami.sleepassistant.lib.ui.temperament.media.O000000o']
09-01 14:27:50.874 D/[Koin]  ( 6385): bind type:'com.huami.sleepassistant.lib.ui.temperament.sort.O0000O0o' ~ [type:Factory,primary_type:'com.huami.sleepassistant.lib.ui.temperament.sort.O0000O0o']
09-01 14:27:50.874 D/[Koin]  ( 6385): bind type:'com.huami.sleepassistant.lib.ui.breathe.begins.O000000o' ~ [type:Factory,primary_type:'com.huami.sleepassistant.lib.ui.breathe.begins.O000000o']
09-01 14:27:50.874 D/[Koin]  ( 6385): bind type:'com.xiaomi.hm.health.healthdata.viewmodel.NapSleepDayViewModel' ~ [type:Factory,primary_type:'com.xiaomi.hm.health.healthdata.viewmodel.NapSleepDayViewModel']
09-01 14:27:50.874 D/[Koin]  ( 6385): bind type:'com.xiaomi.hm.health.healthdata.viewmodel.NapSleepWeekViewModel' ~ [type:Factory,primary_type:'com.xiaomi.hm.health.healthdata.viewmodel.NapSleepWeekViewModel']
09-01 14:27:50.874 D/[Koin]  ( 6385): bind type:'com.xiaomi.hm.health.healthdata.viewmodel.NapSleepMonthViewModel' ~ [type:Factory,primary_type:'com.xiaomi.hm.health.healthdata.viewmodel.NapSleepMonthViewModel']
09-01 14:27:50.874 D/[Koin]  ( 6385): bind type:'com.xiaomi.hm.health.healthdata.viewmodel.NapSleepYearViewModel' ~ [type:Factory,primary_type:'com.xiaomi.hm.health.healthdata.viewmodel.NapSleepYearViewModel']
09-01 14:27:50.874 D/[Koin]  ( 6385): bind type:'com.xiaomi.hm.health.healthdata.viewmodel.StatisticsMonthAndWeekViewModel' ~ [type:Factory,primary_type:'com.xiaomi.hm.health.healthdata.viewmodel.StatisticsMonthAndWeekViewModel']
09-01 14:27:50.874 D/[Koin]  ( 6385): bind type:'com.huami.stress.domain.O00000oO.O00000o0' ~ [type:Factory,primary_type:'com.huami.stress.domain.O00000oO.O00000o0']
09-01 14:27:50.874 D/[Koin]  ( 6385): bind type:'com.huami.stress.domain.O00000oO.O00000o' ~ [type:Factory,primary_type:'com.huami.stress.domain.O00000oO.O00000o']
09-01 14:27:50.874 D/[Koin]  ( 6385): bind type:'com.huami.stress.domain.O00000oO.O0000Oo' ~ [type:Factory,primary_type:'com.huami.stress.domain.O00000oO.O0000Oo']
09-01 14:27:50.874 D/[Koin]  ( 6385): bind type:'com.huami.stress.domain.O00000oO.O0000o00' ~ [type:Factory,primary_type:'com.huami.stress.domain.O00000oO.O0000o00']
09-01 14:27:50.874 D/[Koin]  ( 6385): bind type:'com.huami.stress.domain.O00000oO.O0000o0' ~ [type:Factory,primary_type:'com.huami.stress.domain.O00000oO.O0000o0']
09-01 14:27:50.874 D/[Koin]  ( 6385): bind type:'com.huami.stress.domain.O00000oO.O000O00o' ~ [type:Factory,primary_type:'com.huami.stress.domain.O00000oO.O000O00o']
09-01 14:27:50.874 D/[Koin]  ( 6385): bind type:'com.huami.stress.domain.O00000oO.O000O0OO' ~ [type:Factory,primary_type:'com.huami.stress.domain.O00000oO.O000O0OO']
09-01 14:27:50.874 D/[Koin]  ( 6385): bind type:'com.huami.stress.domain.O00000oO.O0000Oo0' ~ [type:Factory,primary_type:'com.huami.stress.domain.O00000oO.O0000Oo0']
09-01 14:27:50.874 D/[Koin]  ( 6385): bind type:'com.huami.stress.domain.O00000oO.O0000O0o' ~ [type:Factory,primary_type:'com.huami.stress.domain.O00000oO.O0000O0o']
09-01 14:27:50.874 D/[Koin]  ( 6385): bind type:'com.huami.stress.domain.O00000oO.O000000o.O000000o' ~ [type:Factory,primary_type:'com.huami.stress.domain.O00000oO.O000000o.O000000o']
09-01 14:27:50.874 D/[Koin]  ( 6385): bind type:'com.huami.stress.mifit.ui.O00000o' ~ [type:Factory,primary_type:'com.huami.stress.mifit.ui.O00000o']
09-01 14:27:50.874 D/[Koin]  ( 6385): bind type:'com.huami.stress.mifit.ui.O00000Oo' ~ [type:Factory,primary_type:'com.huami.stress.mifit.ui.O00000Oo']
09-01 14:27:50.874 D/[Koin]  ( 6385): bind type:'com.huami.stress.mifit.O000000o.O000000o' ~ [type:Factory,primary_type:'com.huami.stress.mifit.O000000o.O000000o']
09-01 14:27:50.874 D/[Koin]  ( 6385): bind type:'com.huami.stress.domain.O00000o.O000000o' ~ [type:Factory,primary_type:'com.huami.stress.domain.O00000o.O000000o']
09-01 14:27:50.874 D/[Koin]  ( 6385): bind type:'com.huami.stress.domain.data.O00000Oo.O000000o' ~ [type:Single,primary_type:'com.huami.stress.domain.data.O00000Oo.O000000o']
09-01 14:27:50.874 D/[Koin]  ( 6385): bind type:'com.huami.stress.domain.data.O00000o0.O00000Oo' ~ [type:Single,primary_type:'com.huami.stress.domain.data.O00000o0.O00000Oo']
09-01 14:27:50.874 D/[Koin]  ( 6385): bind type:'com.huami.femalehealth.uilib.O00000o0.O0000Oo' ~ [type:Factory,primary_type:'com.huami.femalehealth.uilib.O00000o0.O0000Oo']
09-01 14:27:50.874 D/[Koin]  ( 6385): bind type:'com.huami.femalehealth.uilib.O00000o0.O00000o0' ~ [type:Single,primary_type:'com.huami.femalehealth.uilib.O00000o0.O00000o0']
09-01 14:27:50.874 D/[Koin]  ( 6385): bind type:'com.huami.femalehealth.logiclib.O00000Oo.O00000o' ~ [type:Factory,primary_type:'com.huami.femalehealth.logiclib.O00000Oo.O00000o']
09-01 14:27:50.874 D/[Koin]  ( 6385): bind type:'com.huami.femalehealth.logiclib.O0000O0o.O0000OOo' ~ [type:Factory,primary_type:'com.huami.femalehealth.logiclib.O0000O0o.O0000OOo']
09-01 14:27:50.874 D/[Koin]  ( 6385): bind type:'com.huami.femalehealth.logiclib.O0000O0o.O00000Oo' ~ [type:Factory,primary_type:'com.huami.femalehealth.logiclib.O0000O0o.O00000Oo']
09-01 14:27:50.874 D/[Koin]  ( 6385): bind type:'com.huami.femalehealth.logiclib.O0000O0o.O000000o' ~ [type:Factory,primary_type:'com.huami.femalehealth.logiclib.O0000O0o.O000000o']
09-01 14:27:50.875 D/[Koin]  ( 6385): bind type:'com.huami.femalehealth.logiclib.O0000O0o.O00000o' ~ [type:Factory,primary_type:'com.huami.femalehealth.logiclib.O0000O0o.O00000o']
09-01 14:27:50.875 D/[Koin]  ( 6385): bind type:'com.huami.femalehealth.logiclib.O0000O0o.O0000O0o' ~ [type:Factory,primary_type:'com.huami.femalehealth.logiclib.O0000O0o.O0000O0o']
09-01 14:27:50.875 D/[Koin]  ( 6385): bind type:'com.huami.femalehealth.uilib.O00000Oo' ~ [type:Factory,primary_type:'com.huami.femalehealth.uilib.O00000Oo']
09-01 14:27:50.875 D/[Koin]  ( 6385): bind type:'com.huami.femalehealth.uilib.ui.O00000Oo' ~ [type:Factory,primary_type:'com.huami.femalehealth.uilib.ui.O00000Oo']
09-01 14:27:50.875 D/[Koin]  ( 6385): bind type:'com.huami.femalehealth.uilib.viewmodel.FemaleHealthViewModel' ~ [type:Factory,primary_type:'com.huami.femalehealth.uilib.viewmodel.FemaleHealthViewModel']
09-01 14:27:50.875 D/[Koin]  ( 6385): bind type:'com.huami.femalehealth.uilib.viewmodel.MenstruationHistoryViewModel' ~ [type:Factory,primary_type:'com.huami.femalehealth.uilib.viewmodel.MenstruationHistoryViewModel']
09-01 14:27:50.875 D/[Koin]  ( 6385): bind type:'com.huami.femalehealth.uilib.viewmodel.MenstruationHistoryDetailViewModel' ~ [type:Factory,primary_type:'com.huami.femalehealth.uilib.viewmodel.MenstruationHistoryDetailViewModel']
09-01 14:27:50.875 D/[Koin]  ( 6385): bind type:'com.huami.femalehealth.uilib.viewmodel.TrainingViewModel' ~ [type:Factory,primary_type:'com.huami.femalehealth.uilib.viewmodel.TrainingViewModel']
09-01 14:27:50.875 D/[Koin]  ( 6385): bind type:'com.huami.femalehealth.uilib.viewmodel.StatusViewModel' ~ [type:Factory,primary_type:'com.huami.femalehealth.uilib.viewmodel.StatusViewModel']
09-01 14:27:50.875 D/[Koin]  ( 6385): bind type:'com.huami.femalehealth.uilib.viewmodel.SettingViewModel' ~ [type:Factory,primary_type:'com.huami.femalehealth.uilib.viewmodel.SettingViewModel']
09-01 14:27:50.875 D/[Koin]  ( 6385): bind type:'com.huami.femalehealth.uilib.viewmodel.FemaleMifitViewModel' ~ [type:Factory,primary_type:'com.huami.femalehealth.uilib.viewmodel.FemaleMifitViewModel']
09-01 14:27:50.875 D/[Koin]  ( 6385): bind type:'com.huami.femalehealth.uilib.viewmodel.EditDetailViewModel' ~ [type:Factory,primary_type:'com.huami.femalehealth.uilib.viewmodel.EditDetailViewModel']
09-01 14:27:50.875 D/[Koin]  ( 6385): bind type:'com.huami.femalehealth.logiclib.O00000Oo.O00000o0' ~ [type:Factory,primary_type:'com.huami.femalehealth.logiclib.O00000Oo.O00000o0']
09-01 14:27:50.875 D/[Koin]  ( 6385): bind type:'com.huami.worldclock.home.O00000o' ~ [type:Factory,primary_type:'com.huami.worldclock.home.O00000o']
09-01 14:27:50.875 D/[Koin]  ( 6385): bind type:'com.huami.worldclock.add.O00000o' ~ [type:Factory,primary_type:'com.huami.worldclock.add.O00000o']
09-01 14:27:50.875 D/[Koin]  ( 6385): bind type:'com.huami.worldclock.O00000o.O00000o0' ~ [type:Single,primary_type:'com.huami.worldclock.O00000o.O00000o0']
09-01 14:27:50.875 D/[Koin]  ( 6385): bind type:'com.xiaomi.hm.health.O0000OOo.O00000o0.O000000o' ~ [type:Single,primary_type:'com.xiaomi.hm.health.O0000OOo.O00000o0.O000000o']
09-01 14:27:50.875 D/[Koin]  ( 6385): bind qualifier:'MASTER_CONFIG_APP_NAME' ~ [type:Factory,name:'MASTER_CONFIG_APP_NAME', primary_type:'java.lang.String']
09-01 14:27:50.875 D/[Koin]  ( 6385): bind type:'com.huami.mastercard.ui.mifit.O0000O0o.O0000Oo' ~ [type:Factory,primary_type:'com.huami.mastercard.ui.mifit.O0000O0o.O0000Oo']
09-01 14:27:50.875 D/[Koin]  ( 6385): bind type:'com.huami.mastercard.ui.mifit.O0000O0o.O0000O0o' ~ [type:Factory,primary_type:'com.huami.mastercard.ui.mifit.O0000O0o.O0000O0o']
09-01 14:27:50.875 D/[Koin]  ( 6385): bind type:'com.huami.mastercard.ui.mifit.O0000O0o.O0000o' ~ [type:Factory,primary_type:'com.huami.mastercard.ui.mifit.O0000O0o.O0000o']
09-01 14:27:50.875 D/[Koin]  ( 6385): bind type:'com.huami.mastercard.ui.mifit.O0000O0o.O00000Oo' ~ [type:Factory,primary_type:'com.huami.mastercard.ui.mifit.O0000O0o.O00000Oo']
09-01 14:27:50.875 D/[Koin]  ( 6385): bind type:'com.huami.mastercard.ui.mifit.O0000O0o.O0000o0' ~ [type:Factory,primary_type:'com.huami.mastercard.ui.mifit.O0000O0o.O0000o0']
09-01 14:27:50.875 D/[Koin]  ( 6385): bind type:'com.huami.mastercard.ui.mifit.O0000O0o.O00000o0' ~ [type:Factory,primary_type:'com.huami.mastercard.ui.mifit.O0000O0o.O00000o0']
09-01 14:27:50.875 D/[Koin]  ( 6385): bind type:'com.huami.mastercard.ui.mifit.O0000O0o.O0000OOo' ~ [type:Factory,primary_type:'com.huami.mastercard.ui.mifit.O0000O0o.O0000OOo']
09-01 14:27:50.875 D/[Koin]  ( 6385): bind type:'com.huami.mastercard.ui.mifit.O0000O0o.O000O0OO' ~ [type:Factory,primary_type:'com.huami.mastercard.ui.mifit.O0000O0o.O000O0OO']
09-01 14:27:50.875 D/[Koin]  ( 6385): bind type:'com.huami.mastercard.ui.mifit.O0000O0o.O00oOooO' ~ [type:Factory,primary_type:'com.huami.mastercard.ui.mifit.O0000O0o.O00oOooO']
09-01 14:27:50.875 D/[Koin]  ( 6385): bind type:'com.huami.mastercard.ui.mifit.O0000O0o.O000O00o' ~ [type:Factory,primary_type:'com.huami.mastercard.ui.mifit.O0000O0o.O000O00o']
09-01 14:27:50.875 D/[Koin]  ( 6385): bind type:'com.huami.mastercard.ui.mifit.O0000O0o.O0000o00' ~ [type:Factory,primary_type:'com.huami.mastercard.ui.mifit.O0000O0o.O0000o00']
09-01 14:27:50.875 D/[Koin]  ( 6385): bind type:'com.huami.mastercard.ui.mifit.O0000O0o.O00000o' ~ [type:Factory,primary_type:'com.huami.mastercard.ui.mifit.O0000O0o.O00000o']
09-01 14:27:50.875 D/[Koin]  ( 6385): bind type:'com.huami.mastercard.ui.mifit.O0000O0o.O000000o' ~ [type:Factory,primary_type:'com.huami.mastercard.ui.mifit.O0000O0o.O000000o']
09-01 14:27:50.875 D/[Koin]  ( 6385): bind type:'com.huami.mastercard.O000000o.O000000o.O00000o' ~ [type:Single,primary_type:'com.huami.mastercard.O000000o.O000000o.O00000o']
09-01 14:27:50.876 D/[Koin]  ( 6385): bind type:'com.huami.wallet.unionpay.unionpayuimifit.repo.O000000o.O00000o' ~ [type:Single,primary_type:'com.huami.wallet.unionpay.unionpayuimifit.repo.O000000o.O00000o']
09-01 14:27:50.876 D/[Koin]  ( 6385): bind type:'com.huami.wallet.unionpay.unionpayuimifit.repo.O000000o.O00000o0' ~ [type:Single,primary_type:'com.huami.wallet.unionpay.unionpayuimifit.repo.O000000o.O00000o0']
09-01 14:27:50.876 D/[Koin]  ( 6385): bind type:'com.huami.wallet.unionpay.unionpayuimifit.O0000O0o.O00000o0' ~ [type:Single,primary_type:'com.huami.wallet.unionpay.unionpayuimifit.O0000O0o.O00000o0']
09-01 14:27:50.876 D/[Koin]  ( 6385): bind type:'com.huami.wallet.unionpay.unionpayuimifit.repo.O00000Oo.O00000Oo' ~ [type:Single,primary_type:'com.huami.wallet.unionpay.unionpayuimifit.repo.O00000Oo.O00000Oo']
09-01 14:27:50.876 D/[Koin]  ( 6385): bind type:'com.huami.wallet.unionpay.unionpayuimifit.O00000oo.O00000o' ~ [type:Single,primary_type:'com.huami.wallet.unionpay.unionpayuimifit.O00000oo.O00000o']
09-01 14:27:50.880 D/[Koin]  ( 6385): total 375 registered definitions
09-01 14:27:50.880 D/[Koin]  ( 6385): load modules in 10.847813 ms
09-01 14:27:50.880 D/[Koin]  ( 6385): | create instance for [type:Factory,primary_type:'com.huami.worldclock.home.O00000o']
09-01 14:27:50.882 D/[Koin]  ( 6385): | create instance for [type:Single,primary_type:'com.huami.worldclock.O00000o.O00000o0']
09-01 14:27:50.882 D/[Koin]  ( 6385): | create instance for [type:Factory,primary_type:'com.huami.worldclock.add.O00000o']
09-01 14:27:50.882 D/[Koin]  ( 6385): instances started in 2.355104 ms
09-01 14:27:50.940 E/ResolverController(  679): No valid NAT64 prefix (116, <unspecified>/0)
09-01 14:27:50.940 E/ResolverController(  679): No valid NAT64 prefix (116, <unspecified>/0)
09-01 14:27:50.940 E/ResolverController(  679): No valid NAT64 prefix (116, <unspecified>/0)
09-01 14:27:50.941 I/speech  ( 6385): speech event bus register >>> (BraceletApp.java:333) -> onCreate() | Thread:main
09-01 14:27:51.070 I/MiuiNetworkPolicy( 1639): updateUidState uid = 10062, uidState = 4
09-01 14:27:51.071 D/OemNetd (  679): whiteListUid: uid=10062, wmm=add
09-01 14:27:51.073 I/MiuiNetworkPolicy( 1639): updateMLUid uid:10062,old:16,new:4
09-01 14:27:51.073 I/MiuiNetworkPolicy( 1639): isMLEnabled state:16,uid:10062,connect:DISCONNECTED
09-01 14:27:51.073 I/MiuiNetworkPolicy( 1639): isMLEnabled state:4,uid:10062,connect:DISCONNECTED
09-01 14:27:51.129 I/ACRA    ( 6385): ACRA is enabled for com.xiaomi.hm.health
09-01 14:27:51.180 D/[Koin]  ( 6385): !- create scope - id:User q:User
09-01 14:27:51.181 D/[Koin]  ( 6385): bind qualifier:'UserId' ~ [type:Scoped,scope:'User', name:'UserId', primary_type:'java.lang.String']
09-01 14:27:51.181 D/[Koin]  ( 6385): bind qualifier:'Gender' ~ [type:Scoped,scope:'User', name:'Gender', primary_type:'O00000oO.O0000Ooo.O000000o.O00000Oo']
09-01 14:27:51.181 D/[Koin]  ( 6385): bind qualifier:'Type' ~ [type:Scoped,scope:'User', name:'Type', primary_type:'O00000oO.O0000Ooo.O000000o.O00000Oo']
09-01 14:27:51.181 D/[Koin]  ( 6385): bind type:'com.xiaomi.hm.health.O000O00o' ~ [type:Scoped,scope:'User', primary_type:'com.xiaomi.hm.health.O000O00o']
09-01 14:27:51.181 D/[Koin]  ( 6385): bind qualifier:'Age' ~ [type:Scoped,scope:'User', name:'Age', primary_type:'O00000oO.O0000Ooo.O000000o.O00000Oo']
09-01 14:27:51.181 D/[Koin]  ( 6385): bind qualifier:'Avatar' ~ [type:Scoped,scope:'User', name:'Avatar', primary_type:'O00000oO.O0000Ooo.O000000o.O00000Oo']
09-01 14:27:51.181 D/[Koin]  ( 6385): bind qualifier:'Location' ~ [type:Scoped,scope:'User', name:'Location', primary_type:'O00000oO.O0000Ooo.O000000o.O00000Oo']
09-01 14:27:51.181 D/[Koin]  ( 6385): bind qualifier:'Nickname' ~ [type:Scoped,scope:'User', name:'Nickname', primary_type:'O00000oO.O0000Ooo.O000000o.O00000Oo']
09-01 14:27:51.181 D/[Koin]  ( 6385): bind qualifier:'Summary' ~ [type:Scoped,scope:'User', name:'Summary', primary_type:'O00000oO.O0000Ooo.O000000o.O00000Oo']
09-01 14:27:51.181 D/[Koin]  ( 6385): bind qualifier:'Host' ~ [type:Scoped,scope:'User', name:'Host', primary_type:'java.lang.String']
09-01 14:27:51.181 D/[Koin]  ( 6385): bind qualifier:'Token' ~ [type:Scoped,scope:'User', name:'Token', primary_type:'java.lang.String']
09-01 14:27:51.181 D/[Koin]  ( 6385): bind qualifier:'BoundHrDevice' ~ [type:Scoped,scope:'User', name:'BoundHrDevice', primary_type:'O00000oO.O0000Ooo.O000000o.O00000Oo']
09-01 14:27:51.181 D/[Koin]  ( 6385): +- get 'com.xiaomi.hm.health.O000O00o'
09-01 14:27:51.181 D/[Koin]  ( 6385): | create instance for [type:Scoped,scope:'User', primary_type:'com.xiaomi.hm.health.O000O00o']
09-01 14:27:51.182 D/[Koin]  ( 6385): +- got 'com.xiaomi.hm.health.O000O00o' in 0.514948 ms
09-01 14:27:51.184 D/[Koin]  ( 6385): closing scope:'User'
09-01 14:27:51.184 D/[Koin]  ( 6385): releasing 'Scope[id:'User',set:'User']' ~ [type:Scoped,scope:'User', name:'UserId', primary_type:'java.lang.String'] 
09-01 14:27:51.184 D/[Koin]  ( 6385): releasing 'Scope[id:'User',set:'User']' ~ [type:Scoped,scope:'User', name:'Gender', primary_type:'O00000oO.O0000Ooo.O000000o.O00000Oo'] 
09-01 14:27:51.184 D/[Koin]  ( 6385): releasing 'Scope[id:'User',set:'User']' ~ [type:Scoped,scope:'User', name:'Type', primary_type:'O00000oO.O0000Ooo.O000000o.O00000Oo'] 
09-01 14:27:51.184 D/[Koin]  ( 6385): releasing 'Scope[id:'User',set:'User']' ~ [type:Scoped,scope:'User', primary_type:'com.xiaomi.hm.health.O000O00o'] 
09-01 14:27:51.184 D/[Koin]  ( 6385): releasing 'Scope[id:'User',set:'User']' ~ [type:Scoped,scope:'User', name:'Age', primary_type:'O00000oO.O0000Ooo.O000000o.O00000Oo'] 
09-01 14:27:51.184 D/[Koin]  ( 6385): releasing 'Scope[id:'User',set:'User']' ~ [type:Scoped,scope:'User', name:'Avatar', primary_type:'O00000oO.O0000Ooo.O000000o.O00000Oo'] 
09-01 14:27:51.184 D/[Koin]  ( 6385): releasing 'Scope[id:'User',set:'User']' ~ [type:Scoped,scope:'User', name:'Location', primary_type:'O00000oO.O0000Ooo.O000000o.O00000Oo'] 
09-01 14:27:51.184 D/[Koin]  ( 6385): releasing 'Scope[id:'User',set:'User']' ~ [type:Scoped,scope:'User', name:'Nickname', primary_type:'O00000oO.O0000Ooo.O000000o.O00000Oo'] 
09-01 14:27:51.184 D/[Koin]  ( 6385): releasing 'Scope[id:'User',set:'User']' ~ [type:Scoped,scope:'User', name:'Summary', primary_type:'O00000oO.O0000Ooo.O000000o.O00000Oo'] 
09-01 14:27:51.184 D/[Koin]  ( 6385): releasing 'Scope[id:'User',set:'User']' ~ [type:Scoped,scope:'User', name:'Host', primary_type:'java.lang.String'] 
09-01 14:27:51.184 D/[Koin]  ( 6385): releasing 'Scope[id:'User',set:'User']' ~ [type:Scoped,scope:'User', name:'Token', primary_type:'java.lang.String'] 
09-01 14:27:51.184 D/[Koin]  ( 6385): releasing 'Scope[id:'User',set:'User']' ~ [type:Scoped,scope:'User', name:'BoundHrDevice', primary_type:'O00000oO.O0000Ooo.O000000o.O00000Oo'] 
09-01 14:27:51.185 D/[Koin]  ( 6385): !- create scope - id:Training q:Training
09-01 14:27:51.185 D/[Koin]  ( 6385): bind type:'com.huami.training.O0000OOo.O000000o' ~ [type:Scoped,scope:'Training', primary_type:'com.huami.training.O0000OOo.O000000o']
09-01 14:27:51.185 D/[Koin]  ( 6385): bind type:'com.huami.training.O0000OOo.O000OO0o' ~ [type:Scoped,scope:'Training', primary_type:'com.huami.training.O0000OOo.O000OO0o']
09-01 14:27:51.185 D/[Koin]  ( 6385): bind qualifier:'TrainingWebHost' ~ [type:Scoped,scope:'Training', name:'TrainingWebHost', primary_type:'java.lang.String']
09-01 14:27:51.185 D/[Koin]  ( 6385): bind type:'com.huami.training.O000000o.O000OO0o' ~ [type:Scoped,scope:'Training', primary_type:'com.huami.training.O000000o.O000OO0o']
09-01 14:27:51.185 D/[Koin]  ( 6385): bind type:'com.huami.training.db.TrainingDb' ~ [type:Scoped,scope:'Training', primary_type:'com.huami.training.db.TrainingDb']
09-01 14:27:51.185 D/[Koin]  ( 6385): bind type:'com.huami.training.O0000Ooo.O000o00' ~ [type:Scoped,scope:'Training', primary_type:'com.huami.training.O0000Ooo.O000o00']
09-01 14:27:51.185 D/[Koin]  ( 6385): bind type:'com.huami.training.O0000Oo.O000000o' ~ [type:Scoped,scope:'Training', primary_type:'com.huami.training.O0000Oo.O000000o']
09-01 14:27:51.185 D/[Koin]  ( 6385): bind type:'com.huami.training.O0000o00.O00000o0' ~ [type:Scoped,scope:'Training', primary_type:'com.huami.training.O0000o00.O00000o0']
09-01 14:27:51.185 D/[Koin]  ( 6385): bind type:'com.huami.training.O0000o00.O00000Oo' ~ [type:Scoped,scope:'Training', primary_type:'com.huami.training.O0000o00.O00000Oo']
09-01 14:27:51.185 D/[Koin]  ( 6385): bind type:'com.huami.training.O0000o0O.O00000Oo' ~ [type:Scoped,scope:'Training', primary_type:'com.huami.training.O0000o0O.O00000Oo']
09-01 14:27:51.185 D/[Koin]  ( 6385): +- get 'com.huami.training.db.TrainingDb'
09-01 14:27:51.185 D/[Koin]  ( 6385): | create instance for [type:Scoped,scope:'Training', primary_type:'com.huami.training.db.TrainingDb']
09-01 14:27:51.186 D/[Koin]  ( 6385): +- get 'android.content.Context'
09-01 14:27:51.187 D/[Koin]  ( 6385): | create instance for [type:Single,primary_type:'android.content.Context']
09-01 14:27:51.187 D/[Koin]  ( 6385): +- got 'android.content.Context' in 0.163489 ms
09-01 14:27:51.187 D/[Koin]  ( 6385): +- get 'com.huami.training.O0000OOo.O000OO0o'
09-01 14:27:51.187 D/[Koin]  ( 6385): | create instance for [type:Scoped,scope:'Training', primary_type:'com.huami.training.O0000OOo.O000OO0o']
09-01 14:27:51.187 D/[Koin]  ( 6385): !- create scope - id:User q:User
09-01 14:27:51.187 D/[Koin]  ( 6385): bind qualifier:'UserId' ~ [type:Scoped,scope:'User', name:'UserId', primary_type:'java.lang.String']
09-01 14:27:51.187 D/[Koin]  ( 6385): bind qualifier:'Gender' ~ [type:Scoped,scope:'User', name:'Gender', primary_type:'O00000oO.O0000Ooo.O000000o.O00000Oo']
09-01 14:27:51.187 D/[Koin]  ( 6385): bind qualifier:'Type' ~ [type:Scoped,scope:'User', name:'Type', primary_type:'O00000oO.O0000Ooo.O000000o.O00000Oo']
09-01 14:27:51.187 D/[Koin]  ( 6385): bind type:'com.xiaomi.hm.health.O000O00o' ~ [type:Scoped,scope:'User', primary_type:'com.xiaomi.hm.health.O000O00o']
09-01 14:27:51.187 D/[Koin]  ( 6385): bind qualifier:'Age' ~ [type:Scoped,scope:'User', name:'Age', primary_type:'O00000oO.O0000Ooo.O000000o.O00000Oo']
09-01 14:27:51.187 D/[Koin]  ( 6385): bind qualifier:'Avatar' ~ [type:Scoped,scope:'User', name:'Avatar', primary_type:'O00000oO.O0000Ooo.O000000o.O00000Oo']
09-01 14:27:51.187 D/[Koin]  ( 6385): bind qualifier:'Location' ~ [type:Scoped,scope:'User', name:'Location', primary_type:'O00000oO.O0000Ooo.O000000o.O00000Oo']
09-01 14:27:51.187 D/[Koin]  ( 6385): bind qualifier:'Nickname' ~ [type:Scoped,scope:'User', name:'Nickname', primary_type:'O00000oO.O0000Ooo.O000000o.O00000Oo']
09-01 14:27:51.187 D/[Koin]  ( 6385): bind qualifier:'Summary' ~ [type:Scoped,scope:'User', name:'Summary', primary_type:'O00000oO.O0000Ooo.O000000o.O00000Oo']
09-01 14:27:51.187 D/[Koin]  ( 6385): bind qualifier:'Host' ~ [type:Scoped,scope:'User', name:'Host', primary_type:'java.lang.String']
09-01 14:27:51.187 D/[Koin]  ( 6385): bind qualifier:'Token' ~ [type:Scoped,scope:'User', name:'Token', primary_type:'java.lang.String']
09-01 14:27:51.187 D/[Koin]  ( 6385): bind qualifier:'BoundHrDevice' ~ [type:Scoped,scope:'User', name:'BoundHrDevice', primary_type:'O00000oO.O0000Ooo.O000000o.O00000Oo']
09-01 14:27:51.187 D/[Koin]  ( 6385): +- get 'java.lang.String'
09-01 14:27:51.187 D/[Koin]  ( 6385): | create instance for [type:Scoped,scope:'User', name:'UserId', primary_type:'java.lang.String']
09-01 14:27:51.188 D/[Koin]  ( 6385): +- got 'java.lang.String' in 0.06026 ms
09-01 14:27:51.188 D/[Koin]  ( 6385): +- get 'O00000oO.O0000Ooo.O000000o.O00000Oo'
09-01 14:27:51.188 D/[Koin]  ( 6385): | create instance for [type:Scoped,scope:'User', name:'Avatar', primary_type:'O00000oO.O0000Ooo.O000000o.O00000Oo']
09-01 14:27:51.188 D/[Koin]  ( 6385): +- got 'O00000oO.O0000Ooo.O000000o.O00000Oo' in 0.125625 ms
09-01 14:27:51.188 D/[Koin]  ( 6385): +- get 'O00000oO.O0000Ooo.O000000o.O00000Oo'
09-01 14:27:51.188 D/[Koin]  ( 6385): | create instance for [type:Scoped,scope:'User', name:'Nickname', primary_type:'O00000oO.O0000Ooo.O000000o.O00000Oo']
09-01 14:27:51.188 D/[Koin]  ( 6385): +- got 'O00000oO.O0000Ooo.O000000o.O00000Oo' in 0.093334 ms
09-01 14:27:51.188 D/[Koin]  ( 6385): +- get 'O00000oO.O0000Ooo.O000000o.O00000Oo'
09-01 14:27:51.188 D/[Koin]  ( 6385): | create instance for [type:Scoped,scope:'User', name:'Age', primary_type:'O00000oO.O0000Ooo.O000000o.O00000Oo']
09-01 14:27:51.188 D/[Koin]  ( 6385): +- got 'O00000oO.O0000Ooo.O000000o.O00000Oo' in 0.072135 ms
09-01 14:27:51.188 D/[Koin]  ( 6385): +- get 'O00000oO.O0000Ooo.O000000o.O00000Oo'
09-01 14:27:51.188 D/[Koin]  ( 6385): | create instance for [type:Scoped,scope:'User', name:'Gender', primary_type:'O00000oO.O0000Ooo.O000000o.O00000Oo']
09-01 14:27:51.188 D/[Koin]  ( 6385): +- got 'O00000oO.O0000Ooo.O000000o.O00000Oo' in 0.066823 ms
09-01 14:27:51.188 D/[Koin]  ( 6385): +- get 'O00000oO.O0000Ooo.O000000o.O00000Oo'
09-01 14:27:51.188 D/[Koin]  ( 6385): | create instance for [type:Scoped,scope:'User', name:'BoundHrDevice', primary_type:'O00000oO.O0000Ooo.O000000o.O00000Oo']
09-01 14:27:51.188 D/[Koin]  ( 6385): +- got 'O00000oO.O0000Ooo.O000000o.O00000Oo' in 0.069636 ms
09-01 14:27:51.188 D/[Koin]  ( 6385): +- got 'com.huami.training.O0000OOo.O000OO0o' in 1.554583 ms
09-01 14:27:51.189 D/BluetoothGatt( 6385): connect() - device: C3:D4:F4:E3:11:EC, auto: false
09-01 14:27:51.189 D/BluetoothGatt( 6385): registerApp()
09-01 14:27:51.189 D/BluetoothGatt( 6385): registerApp() - UUID=f05b9bfc-7b76-432d-b51f-df7b709c2567
09-01 14:27:51.189 I/chatty  ( 8588): uid=1002(bluetooth) Binder:8588_4 expire 6 lines
09-01 14:27:51.190 D/BluetoothGatt( 6385): onClientRegistered() - status=0 clientIf=8
09-01 14:27:51.192 I/chatty  (19843): uid=1002 bluetooth@1.0-s expire 3 lines
09-01 14:27:51.195 D/[Koin]  ( 6385): +- got 'com.huami.training.db.TrainingDb' in 9.75099 ms
09-01 14:27:51.196 D/[Koin]  ( 6385): +- get 'com.huami.training.db.TrainingDb'
09-01 14:27:51.196 D/[Koin]  ( 6385): +- got 'com.huami.training.db.TrainingDb' in 0.027187 ms
09-01 14:27:51.196 D/[Koin]  ( 6385): +- get 'com.huami.training.O0000Oo.O000000o'
09-01 14:27:51.196 D/[Koin]  ( 6385): | create instance for [type:Scoped,scope:'Training', primary_type:'com.huami.training.O0000Oo.O000000o']
09-01 14:27:51.196 D/[Koin]  ( 6385): +- got 'com.huami.training.O0000Oo.O000000o' in 0.238906 ms
09-01 14:27:51.197 D/Event   ( 6385): No subscribers registered for event class com.xiaomi.hm.health.traininglib.O00000o0.O00000Oo
09-01 14:27:51.197 D/Event   ( 6385): No subscribers registered for event class O00000Oo.O000000o.O000000o.O0000Oo0
09-01 14:27:51.199 D/[Koin]  ( 6385): +- get 'com.huami.training.O0000o0O.O00000Oo'
09-01 14:27:51.199 D/[Koin]  ( 6385): | create instance for [type:Scoped,scope:'Training', primary_type:'com.huami.training.O0000o0O.O00000Oo']
09-01 14:27:51.199 D/[Koin]  ( 6385): +- get 'android.content.Context'
09-01 14:27:51.199 D/[Koin]  ( 6385): +- got 'android.content.Context' in 0.021927 ms
09-01 14:27:51.199 D/[Koin]  ( 6385): +- get 'com.huami.training.O0000Oo.O000000o'
09-01 14:27:51.199 D/[Koin]  ( 6385): +- got 'com.huami.training.O0000Oo.O000000o' in 0.015209 ms
09-01 14:27:51.199 D/[Koin]  ( 6385): +- get 'com.huami.training.O0000OOo.O000OO0o'
09-01 14:27:51.199 D/[Koin]  ( 6385): +- got 'com.huami.training.O0000OOo.O000OO0o' in 0.010156 ms
09-01 14:27:51.201 D/[Koin]  ( 6385): +- got 'com.huami.training.O0000o0O.O00000Oo' in 2.108073 ms
09-01 14:27:51.208 I/MiuiNetworkPolicy( 1639): updateUidState uid = 10062, uidState = 16
09-01 14:27:51.208 D/OemNetd (  679): whiteListUid: uid=10062, wmm=del
09-01 14:27:51.209 I/MiuiNetworkPolicy( 1639): updateMLUid uid:10062,old:4,new:16
09-01 14:27:51.209 I/MiuiNetworkPolicy( 1639): isMLEnabled state:4,uid:10062,connect:DISCONNECTED
09-01 14:27:51.209 I/MiuiNetworkPolicy( 1639): isMLEnabled state:16,uid:10062,connect:DISCONNECTED
09-01 14:27:51.226 D/[Koin]  ( 6385): +- get 'com.huami.stress.domain.O00000oO.O000O00o'
09-01 14:27:51.226 D/[Koin]  ( 6385): | create instance for [type:Factory,primary_type:'com.huami.stress.domain.O00000oO.O000O00o']
09-01 14:27:51.226 D/[Koin]  ( 6385): !- create scope - id:Stress q:Stress
09-01 14:27:51.226 D/[Koin]  ( 6385): bind type:'com.huami.stress.domain.data.local.StressDatabase' ~ [type:Scoped,scope:'Stress', primary_type:'com.huami.stress.domain.data.local.StressDatabase']
09-01 14:27:51.226 D/[Koin]  ( 6385): bind type:'com.huami.stress.domain.O00000Oo.O000000o' ~ [type:Scoped,scope:'Stress', primary_type:'com.huami.stress.domain.O00000Oo.O000000o']
09-01 14:27:51.226 D/[Koin]  ( 6385): bind type:'com.huami.stress.domain.O00000Oo.O00000Oo' ~ [type:Scoped,scope:'Stress', primary_type:'com.huami.stress.domain.O00000Oo.O00000Oo']
09-01 14:27:51.226 D/[Koin]  ( 6385): +- get 'com.huami.stress.domain.O00000Oo.O00000Oo'
09-01 14:27:51.226 D/[Koin]  ( 6385): | create instance for [type:Scoped,scope:'Stress', primary_type:'com.huami.stress.domain.O00000Oo.O00000Oo']
09-01 14:27:51.226 D/[Koin]  ( 6385): +- get 'com.huami.stress.domain.data.local.StressDatabase'
09-01 14:27:51.226 D/[Koin]  ( 6385): | create instance for [type:Scoped,scope:'Stress', primary_type:'com.huami.stress.domain.data.local.StressDatabase']
09-01 14:27:51.226 D/[Koin]  ( 6385): +- get 'com.huami.stress.mifit.O000000o.O000000o'
09-01 14:27:51.226 D/[Koin]  ( 6385): | create instance for [type:Factory,primary_type:'com.huami.stress.mifit.O000000o.O000000o']
09-01 14:27:51.227 D/[Koin]  ( 6385): +- got 'com.huami.stress.mifit.O000000o.O000000o' in 0.539011 ms
09-01 14:27:51.227 D/[Koin]  ( 6385): +- get 'java.lang.String'
09-01 14:27:51.227 D/[Koin]  ( 6385): +- got 'java.lang.String' in 0.01625 ms
09-01 14:27:51.227 D/[Koin]  ( 6385): +- get 'android.content.Context'
09-01 14:27:51.227 D/[Koin]  ( 6385): +- got 'android.content.Context' in 0.013125 ms
09-01 14:27:51.229 D/[Koin]  ( 6385): +- got 'com.huami.stress.domain.data.local.StressDatabase' in 2.183229 ms
09-01 14:27:51.229 D/[Koin]  ( 6385): +- get 'com.huami.stress.domain.data.O00000Oo.O000000o'
09-01 14:27:51.229 D/[Koin]  ( 6385): | create instance for [type:Single,primary_type:'com.huami.stress.domain.data.O00000Oo.O000000o']
09-01 14:27:51.230 D/[Koin]  ( 6385): +- got 'com.huami.stress.domain.data.O00000Oo.O000000o' in 0.279687 ms
09-01 14:27:51.230 D/[Koin]  ( 6385): +- get 'com.huami.stress.domain.data.O00000o0.O00000Oo'
09-01 14:27:51.230 D/[Koin]  ( 6385): | create instance for [type:Single,primary_type:'com.huami.stress.domain.data.O00000o0.O00000Oo']
09-01 14:27:51.230 D/[Koin]  ( 6385): +- got 'com.huami.stress.domain.data.O00000o0.O00000Oo' in 0.376771 ms
09-01 14:27:51.232 D/[Koin]  ( 6385): +- got 'com.huami.stress.domain.O00000Oo.O00000Oo' in 5.805468 ms
09-01 14:27:51.232 D/[Koin]  ( 6385): +- get 'com.huami.stress.domain.O00000Oo.O000000o'
09-01 14:27:51.232 D/[Koin]  ( 6385): | create instance for [type:Scoped,scope:'Stress', primary_type:'com.huami.stress.domain.O00000Oo.O000000o']
09-01 14:27:51.232 D/[Koin]  ( 6385): +- get 'com.huami.stress.domain.data.local.StressDatabase'
09-01 14:27:51.232 D/[Koin]  ( 6385): +- got 'com.huami.stress.domain.data.local.StressDatabase' in 0.009948 ms
09-01 14:27:51.233 D/[Koin]  ( 6385): +- get 'com.huami.stress.domain.data.O00000Oo.O000000o'
09-01 14:27:51.233 D/[Koin]  ( 6385): +- got 'com.huami.stress.domain.data.O00000Oo.O000000o' in 0.0175 ms
09-01 14:27:51.233 D/[Koin]  ( 6385): +- get 'com.huami.stress.domain.data.O00000o0.O00000Oo'
09-01 14:27:51.233 D/[Koin]  ( 6385): +- got 'com.huami.stress.domain.data.O00000o0.O00000Oo' in 0.008645 ms
09-01 14:27:51.235 D/[Koin]  ( 6385): +- got 'com.huami.stress.domain.O00000Oo.O000000o' in 2.461667 ms
09-01 14:27:51.235 D/[Koin]  ( 6385): +- got 'com.huami.stress.domain.O00000oO.O000O00o' in 8.958333 ms
09-01 14:27:51.235 D/[Koin]  ( 6385): +- get 'com.xiaomi.hm.health.O000O00o'
09-01 14:27:51.235 D/[Koin]  ( 6385): | create instance for [type:Scoped,scope:'User', primary_type:'com.xiaomi.hm.health.O000O00o']
09-01 14:27:51.235 D/[Koin]  ( 6385): +- got 'com.xiaomi.hm.health.O000O00o' in 0.074375 ms
09-01 14:27:51.243 D/Event   ( 6385): No subscribers registered for event class com.xiaomi.hm.health.O0000o00.O00Oo00o
09-01 14:27:51.243 D/Event   ( 6385): No subscribers registered for event class O00000Oo.O000000o.O000000o.O0000Oo0
09-01 14:27:51.275 D/Event   ( 6385): No subscribers registered for event class com.xiaomi.hm.health.O0000o00.O000OOo
09-01 14:27:51.275 D/Event   ( 6385): No subscribers registered for event class O00000Oo.O000000o.O000000o.O0000Oo0
09-01 14:27:51.299 W/AsyncHttpResponse( 6385): Current thread has not called Looper.prepare().Forcing synchronous mode
09-01 14:27:51.299 W/AsyncHttpResponse( 6385): Current thread has not called Looper.prepare().Forcing synchronous mode
09-01 14:27:51.306 D/Event   ( 6385): No subscribers registered for event class com.xiaomi.hm.health.O0000o00.O00OO0O
09-01 14:27:51.306 D/Event   ( 6385): No subscribers registered for event class O00000Oo.O000000o.O000000o.O0000Oo0
09-01 14:27:51.306 D/Event   ( 6385): No subscribers registered for event class com.xiaomi.hm.health.O0000o00.O0000o0
09-01 14:27:51.306 D/Event   ( 6385): No subscribers registered for event class O00000Oo.O000000o.O000000o.O0000Oo0
09-01 14:27:51.312 D/Event   ( 6385): No subscribers registered for event class com.xiaomi.hm.health.locweather.O00000o.O0000OOo
09-01 14:27:51.312 D/Event   ( 6385): No subscribers registered for event class O00000Oo.O000000o.O000000o.O0000Oo0
09-01 14:27:51.312 D/Event   ( 6385): No subscribers registered for event class com.xiaomi.hm.health.locweather.O00000Oo.O00000Oo
09-01 14:27:51.312 D/Event   ( 6385): No subscribers registered for event class O00000Oo.O000000o.O000000o.O0000Oo0
09-01 14:27:51.314 I/hwservicemanager(  573): getTransport: Cannot find entry vendor.qti.hardware.servicetracker@1.0::IServicetracker/default in either framework or device manifest.
09-01 14:27:51.318 D/CompatibilityInfo( 1639): mCompatibilityFlags - 0
09-01 14:27:51.318 D/CompatibilityInfo( 1639): applicationDensity - 440
09-01 14:27:51.318 D/CompatibilityInfo( 1639): applicationScale - 1.0
09-01 14:27:51.319 I/hwservicemanager(  573): getTransport: Cannot find entry vendor.qti.hardware.servicetracker@1.0::IServicetracker/default in either framework or device manifest.
09-01 14:27:51.323 I/hwservicemanager(  573): getTransport: Cannot find entry vendor.qti.hardware.servicetracker@1.0::IServicetracker/default in either framework or device manifest.
09-01 14:27:51.325 D/Event   ( 6385): No subscribers registered for event class com.xiaomi.hm.health.O0000o00.O00OOOo
09-01 14:27:51.325 D/Event   ( 6385): No subscribers registered for event class O00000Oo.O000000o.O000000o.O0000Oo0
09-01 14:27:51.337 D/CompatibilityInfo( 1639): mCompatibilityFlags - 0
09-01 14:27:51.337 D/CompatibilityInfo( 1639): applicationDensity - 440
09-01 14:27:51.337 D/CompatibilityInfo( 1639): applicationScale - 1.0
09-01 14:27:51.337 I/hwservicemanager(  573): getTransport: Cannot find entry vendor.qti.hardware.servicetracker@1.0::IServicetracker/default in either framework or device manifest.
09-01 14:27:51.338 D/Event   ( 6385): No subscribers registered for event class com.xiaomi.hm.health.O0000o00.O00OO0O
09-01 14:27:51.338 D/Event   ( 6385): No subscribers registered for event class O00000Oo.O000000o.O000000o.O0000Oo0
09-01 14:27:51.338 D/Event   ( 6385): No subscribers registered for event class com.xiaomi.hm.health.O0000o00.O00O000o
09-01 14:27:51.338 D/Event   ( 6385): No subscribers registered for event class O00000Oo.O000000o.O000000o.O0000Oo0
09-01 14:27:51.338 V/UidProcStateHelper( 1639): foreground changed:[6385,10241,0]
09-01 14:27:51.339 D/ProcessObserver( 6417): onForegroundServicesChanged, pid: 6385 uid: 10241 serviceTypes: 0
09-01 14:27:51.339 D/ProcessObserver( 6417): Uid: 10241 foreground service added 
09-01 14:27:51.340 D/HideModeStateMachine( 6417): updateForForegroundServiceUidChangedLocked: uid = 10241 foreground = true
09-01 14:27:51.340 I/DeviceCenter( 6385): init
09-01 14:27:51.342 I/hwservicemanager(  573): getTransport: Cannot find entry vendor.qti.hardware.servicetracker@1.0::IServicetracker/default in either framework or device manifest.
09-01 14:27:51.349 D/Event   ( 6385): No subscribers registered for event class com.xiaomi.hm.health.O0000o00.O00OO0O
09-01 14:27:51.349 D/Event   ( 6385): No subscribers registered for event class O00000Oo.O000000o.O000000o.O0000Oo0
09-01 14:27:51.349 D/Event   ( 6385): No subscribers registered for event class com.xiaomi.hm.health.O0000o00.O00O000o
09-01 14:27:51.349 D/Event   ( 6385): No subscribers registered for event class O00000Oo.O000000o.O000000o.O0000Oo0
09-01 14:27:51.350 W/JobInfo ( 6385): Requested interval +10m0s0ms for job 272 is too small; raising to +15m0s0ms
09-01 14:27:51.369 D/AudioManager( 6385): getStreamVolume isRestricted mode = 0
09-01 14:27:51.369 D/AudioManager( 6385): getStreamVolume isRestricted mode = 0
09-01 14:27:51.384 E/ResolverController(  679): No valid NAT64 prefix (116, <unspecified>/0)
09-01 14:27:51.384 E/ResolverController(  679): No valid NAT64 prefix (116, <unspecified>/0)
09-01 14:27:51.384 E/ResolverController(  679): No valid NAT64 prefix (116, <unspecified>/0)
09-01 14:27:51.384 E/ResolverController(  679): No valid NAT64 prefix (116, <unspecified>/0)
09-01 14:27:51.385 E/ResolverController(  679): No valid NAT64 prefix (116, <unspecified>/0)
09-01 14:27:51.386 E/ResolverController(  679): No valid NAT64 prefix (116, <unspecified>/0)
09-01 14:27:51.396 D/JG-JNILOG( 6385): packageName = com.xiaomi.hm.health packnameLen = 20
09-01 14:27:51.397 D/JG-JNILOG( 6385): hexpack = 48A79A484EBCCB6ADBF965128A3FE16B
09-01 14:27:51.397 D/JG-JNILOG( 6385): hexsign = 34EF92B36AB6FEFF6E6E9DEC480A2B8D
09-01 14:27:51.413 W/AsyncHttpResponse( 6385): Current thread has not called Looper.prepare().Forcing synchronous mode
09-01 14:27:51.415 W/AsyncHttpResponse( 6385): Current thread has not called Looper.prepare().Forcing synchronous mode
09-01 14:27:51.416 W/AsyncHttpResponse( 6385): Current thread has not called Looper.prepare().Forcing synchronous mode
09-01 14:27:51.418 W/AsyncHttpResponse( 6385): Current thread has not called Looper.prepare().Forcing synchronous mode
09-01 14:27:51.479 W/Looper  ( 6385): Slow Looper main: Long Msg: seq=2 plan=14:27:50.039  late=3ms wall=1436ms running=1126ms runnable=24ms io=2ms h=android.app.ActivityThread$H w=110
09-01 14:27:51.490 E/Perf    ( 6385): Fail to get file list com.xiaomi.hm.health
09-01 14:27:51.490 E/Perf    ( 6385): getFolderSize() : Exception_1 = java.lang.NullPointerException: Attempt to get length of null array
09-01 14:27:51.490 E/Perf    ( 6385): Fail to get file list oat
09-01 14:27:51.490 E/Perf    ( 6385): getFolderSize() : Exception_1 = java.lang.NullPointerException: Attempt to get length of null array
09-01 14:27:51.508 D/View    ( 6385): com.xiaomi.hm.health initForcedUseForceDark: 1
09-01 14:27:51.510 W/Binder:intercep( 6385): type=1400 audit(0.0:63674): avc: denied { getattr } for path="/data/data/com.miui.contentcatcher" dev="sda31" ino=3276849 scontext=u:r:untrusted_app:s0:c241,c256,c512,c768 tcontext=u:object_r:system_app_data_file:s0 tclass=dir permissive=0 app=com.xiaomi.hm.health
09-01 14:27:51.510 I/chatty  ( 6385): uid=10241(com.xiaomi.hm.health) identical 2 lines
09-01 14:27:51.510 W/Binder:intercep( 6385): type=1400 audit(0.0:63677): avc: denied { getattr } for path="/data/data/com.miui.contentcatcher" dev="sda31" ino=3276849 scontext=u:r:untrusted_app:s0:c241,c256,c512,c768 tcontext=u:object_r:system_app_data_file:s0 tclass=dir permissive=0 app=com.xiaomi.hm.health
09-01 14:27:51.519 D/ViewContentFactory( 6385): initViewContentFetcherClass
09-01 14:27:51.519 D/ViewContentFactory( 6385): getInterceptorPackageInfo
09-01 14:27:51.519 D/ViewContentFactory( 6385): getInitialApplication took 0ms
09-01 14:27:51.519 D/ViewContentFactory( 6385): packageInfo.packageName: com.miui.catcherpatch
09-01 14:27:51.524 D/ViewContentFactory( 6385): initViewContentFetcherClass took 5ms
09-01 14:27:51.524 I/ContentCatcher( 6385): ViewContentFetcher : ViewContentFetcher
09-01 14:27:51.524 D/ViewContentFactory( 6385): createInterceptor took 5ms
09-01 14:27:51.581 W/AsyncHttpResponse( 6385): Current thread has not called Looper.prepare().Forcing synchronous mode
09-01 14:27:51.582 E/ResolverController(  679): No valid NAT64 prefix (116, <unspecified>/0)
09-01 14:27:51.582 E/ResolverController(  679): No valid NAT64 prefix (116, <unspecified>/0)
09-01 14:27:51.583 E/ResolverController(  679): No valid NAT64 prefix (116, <unspecified>/0)
09-01 14:27:51.583 E/ResolverController(  679): No valid NAT64 prefix (116, <unspecified>/0)
