09-01 14:27:51.584 E/ResolverController(  679): No valid NAT64 prefix (116, <unspecified>/0)
09-01 14:27:51.588 E/ResolverController(  679): No valid NAT64 prefix (116, <unspecified>/0)
09-01 14:27:51.588 D/BaseTitleActivity( 6385): setStyle NONE title  darkMode true color 0
09-01 14:27:51.595 W/AsyncHttpResponse( 6385): Current thread has not called Looper.prepare().Forcing synchronous mode
09-01 14:27:51.615 E/openSDK_LOG( 6385): com.xiaomi.hm.health SDK_VERSION:3.3.0.lite
09-01 14:27:51.615 I/openSDK_LOG.Tencent( 6385): createInstance()  -- start, appId = 1103177325
09-01 14:27:51.615 W/AsyncHttpResponse( 6385): Current thread has not called Looper.prepare().Forcing synchronous mode
09-01 14:27:51.615 W/DevicePolicyManager( 1639): Package com.xiaomi.hm.health (uid=10241, pid=6385) cannot access Device IDs
09-01 14:27:51.615 I/openSDK_LOG.QQAuth( 6385): QQAuth -- createInstance() --start
09-01 14:27:51.616 W/TelephonyPermissions( 2698): reportAccessDeniedToReadIdentifiers:com.xiaomi.hm.health:getDeviceId:isPreinstalled=false:isPrivApp=false
09-01 14:27:51.616 I/openSDK_LOG.QQAuth( 6385): new QQAuth() --start
09-01 14:27:51.618 I/openSDK_LOG.AuthAgent( 6385): is arm64-v8a architecture
09-01 14:27:51.618 W/System.err( 6385): java.lang.ClassNotFoundException: com.tencent.stat.StatConfig
09-01 14:27:51.618 W/System.err( 6385): 	at java.lang.Class.classForName(Native Method)
09-01 14:27:51.618 W/System.err( 6385): 	at java.lang.Class.forName(Class.java:454)
09-01 14:27:51.618 W/System.err( 6385): 	at java.lang.Class.forName(Class.java:379)
09-01 14:27:51.618 W/System.err( 6385): 	at com.tencent.connect.a.a.c(ProGuard:58)
09-01 14:27:51.618 W/System.err( 6385): 	at com.tencent.connect.auth.c.<init>(ProGuard:42)
09-01 14:27:51.618 W/System.err( 6385): 	at com.tencent.connect.auth.c.a(ProGuard:77)
09-01 14:27:51.618 W/System.err( 6385): 	at com.tencent.tauth.Tencent.<init>(ProGuard:59)
09-01 14:27:51.618 W/System.err( 6385): 	at com.tencent.tauth.Tencent.createInstance(ProGuard:67)
09-01 14:27:51.618 W/System.err( 6385): 	at com.xiaomi.hm.health.thirdbind.O00000o0.O000000o.<init>(QQLogin.java:65)
09-01 14:27:51.618 W/System.err( 6385): 	at com.xiaomi.hm.health.thirdbind.O00000o0.O000000o.O00000Oo(QQLogin.java:93)
09-01 14:27:51.618 W/System.err( 6385): 	at com.xiaomi.hm.health.datautil.HMDataCacheCenter.syncDsdToThirdPartner(HMDataCacheCenter.java:658)
09-01 14:27:51.618 W/System.err( 6385): 	at com.xiaomi.hm.health.O00oOooo.O00000o0.O0000Oo.run(HMSportDataPostToServerJob.java:40)
09-01 14:27:51.618 W/System.err( 6385): 	at java.util.concurrent.ThreadPoolExecutor.runWorker(ThreadPoolExecutor.java:1167)
09-01 14:27:51.618 W/System.err( 6385): 	at java.util.concurrent.ThreadPoolExecutor$Worker.run(ThreadPoolExecutor.java:641)
09-01 14:27:51.618 W/System.err( 6385): 	at java.lang.Thread.run(Thread.java:919)
09-01 14:27:51.618 W/System.err( 6385): Caused by: java.lang.ClassNotFoundException: com.tencent.stat.StatConfig
09-01 14:27:51.618 W/System.err( 6385): 	... 15 more
09-01 14:27:51.618 I/openSDK_LOG.QQAuth( 6385): new QQAuth() --end
09-01 14:27:51.619 I/openSDK_LOG.QQAuth( 6385): QQAuth -- createInstance()  --end
09-01 14:27:51.620 I/openSDK_LOG.Tencent( 6385): createInstance()  -- end
09-01 14:27:51.621 W/DevicePolicyManager( 1639): Package com.xiaomi.hm.health (uid=10241, pid=6385) cannot access Device IDs
09-01 14:27:51.622 W/TelephonyPermissions( 2698): reportAccessDeniedToReadIdentifiers:com.xiaomi.hm.health:getDeviceId:isPreinstalled=false:isPrivApp=false
09-01 14:27:51.626 E/ResolverController(  679): No valid NAT64 prefix (116, <unspecified>/0)
09-01 14:27:51.628 W/DevicePolicyManager( 1639): Package com.xiaomi.hm.health (uid=10241, pid=6385) cannot access Device IDs
09-01 14:27:51.628 W/TelephonyPermissions( 2698): reportAccessDeniedToReadIdentifiers:com.xiaomi.hm.health:getSubscriberId:isPreinstalled=false:isPrivApp=false
09-01 14:27:51.635 D/[Koin]  ( 6385): +- get 'com.huami.stress.domain.O00000oO.O000O0OO'
09-01 14:27:51.635 D/[Koin]  ( 6385): | create instance for [type:Factory,primary_type:'com.huami.stress.domain.O00000oO.O000O0OO']
09-01 14:27:51.635 D/[Koin]  ( 6385): +- get 'com.huami.stress.domain.O00000Oo.O00000Oo'
09-01 14:27:51.635 D/[Koin]  ( 6385): +- got 'com.huami.stress.domain.O00000Oo.O00000Oo' in 0.027864 ms
09-01 14:27:51.635 D/[Koin]  ( 6385): +- get 'com.huami.stress.domain.O00000Oo.O000000o'
09-01 14:27:51.636 D/[Koin]  ( 6385): +- got 'com.huami.stress.domain.O00000Oo.O000000o' in 0.010573 ms
09-01 14:27:51.636 D/[Koin]  ( 6385): +- got 'com.huami.stress.domain.O00000oO.O000O0OO' in 0.445521 ms
09-01 14:27:51.636 D/[Koin]  ( 6385): +- get 'com.xiaomi.hm.health.O000O00o'
09-01 14:27:51.636 D/[Koin]  ( 6385): +- got 'com.xiaomi.hm.health.O000O00o' in 0.014791 ms
09-01 14:27:51.636 W/DevicePolicyManager( 1639): Package com.xiaomi.hm.health (uid=10241, pid=6385) cannot access Device IDs
09-01 14:27:51.637 W/TelephonyPermissions( 2698): reportAccessDeniedToReadIdentifiers:com.xiaomi.hm.health:getIccSerialNumber:isPreinstalled=false:isPrivApp=false
09-01 14:27:51.643 W/DevicePolicyManager( 1639): Package com.xiaomi.hm.health (uid=10241, pid=6385) cannot access Device IDs
09-01 14:27:51.643 W/TelephonyPermissions( 1639): reportAccessDeniedToReadIdentifiers:com.xiaomi.hm.health:getSerial:isPreinstalled=false:isPrivApp=false
09-01 14:27:51.652 W/System.err( 6385): java.lang.SecurityException: getSerial: The user 10241 does not meet the requirements to access device identifiers.
09-01 14:27:51.653 W/System.err( 6385): 	at android.os.Parcel.createException(Parcel.java:2074)
09-01 14:27:51.653 W/System.err( 6385): 	at android.os.Parcel.readException(Parcel.java:2042)
09-01 14:27:51.653 W/System.err( 6385): 	at android.os.Parcel.readException(Parcel.java:1990)
09-01 14:27:51.653 W/System.err( 6385): 	at android.os.IDeviceIdentifiersPolicyService$Stub$Proxy.getSerialForPackage(IDeviceIdentifiersPolicyService.java:159)
09-01 14:27:51.653 W/System.err( 6385): 	at android.os.Build.getSerial(Build.java:162)
09-01 14:27:51.653 W/System.err( 6385): 	at com.weibo.ssosdk.O00000Oo.O00000o(MfpBuilder.java:532)
09-01 14:27:51.653 W/System.err( 6385): 	at com.weibo.ssosdk.O00000Oo.O00000o0(MfpBuilder.java:496)
09-01 14:27:51.653 W/System.err( 6385): 	at com.weibo.ssosdk.O00000Oo.O00000oO(MfpBuilder.java:251)
09-01 14:27:51.653 W/System.err( 6385): 	at com.weibo.ssosdk.O00000Oo.O00000Oo(MfpBuilder.java:186)
09-01 14:27:51.653 W/System.err( 6385): 	at com.weibo.ssosdk.WeiboSsoSdk.O000000o(WeiboSsoSdk.java:273)
09-01 14:27:51.653 W/System.err( 6385): 	at com.weibo.ssosdk.WeiboSsoSdk.O000000o(WeiboSsoSdk.java:22)
09-01 14:27:51.653 W/System.err( 6385): 	at com.weibo.ssosdk.WeiboSsoSdk$5.run(WeiboSsoSdk.java:352)
09-01 14:27:51.653 W/System.err( 6385): 	at java.lang.Thread.run(Thread.java:919)
09-01 14:27:51.654 W/System.err( 6385): Caused by: android.os.RemoteException: Remote stack trace:
09-01 14:27:51.654 W/System.err( 6385): 	at com.android.internal.telephony.TelephonyPermissions.reportAccessDeniedToReadIdentifiers(TelephonyPermissions.java:421)
09-01 14:27:51.654 W/System.err( 6385): 	at com.android.internal.telephony.TelephonyPermissions.checkReadDeviceIdentifiers(TelephonyPermissions.java:353)
09-01 14:27:51.654 W/System.err( 6385): 	at com.android.internal.telephony.TelephonyPermissions.checkCallingOrSelfReadDeviceIdentifiers(TelephonyPermissions.java:278)
09-01 14:27:51.654 W/System.err( 6385): 	at com.android.internal.telephony.TelephonyPermissions.checkCallingOrSelfReadDeviceIdentifiers(TelephonyPermissions.java:255)
09-01 14:27:51.654 W/System.err( 6385): 	at com.android.server.os.DeviceIdentifiersPolicyService$DeviceIdentifiersPolicy.getSerialForPackage(DeviceIdentifiersPolicyService.java:67)
09-01 14:27:51.659 D/BluetoothAdapter( 6385): startLeScan(): null
09-01 14:27:51.660 D/Event   ( 6385): No subscribers registered for event class com.xiaomi.hm.health.O0000o00.O0000O0o
09-01 14:27:51.660 D/Event   ( 6385): No subscribers registered for event class O00000Oo.O000000o.O000000o.O0000Oo0
09-01 14:27:51.662 D/BluetoothAdapter( 6385): isLeEnabled(): ON
09-01 14:27:51.663 D/ssosdk  ( 6385): 1: 
09-01 14:27:51.663 D/ssosdk  ( 6385): lo
09-01 14:27:51.663 D/ssosdk  ( 6385): 00:00:00:00:00:00
09-01 14:27:51.663 D/ssosdk  ( 6385): 2: 
09-01 14:27:51.663 D/ssosdk  ( 6385): bond0
09-01 14:27:51.663 D/ssosdk  ( 6385): fe:32:e4:fa:c1:a1
09-01 14:27:51.663 D/ssosdk  ( 6385): 3: 
09-01 14:27:51.663 D/ssosdk  ( 6385): dummy0
09-01 14:27:51.664 D/ssosdk  ( 6385): 6e:24:06:e2:42:9f
09-01 14:27:51.664 D/ssosdk  ( 6385): 4: 
09-01 14:27:51.664 D/ssosdk  ( 6385): ip_vti0
09-01 14:27:51.664 D/ssosdk  ( 6385): 0.0.0.0
09-01 14:27:51.664 D/ssosdk  ( 6385): 5: 
09-01 14:27:51.663 D/BluetoothLeScanner( 6385): onScannerRegistered() - status=0 scannerId=14 mScannerId=0
09-01 14:27:51.664 D/ssosdk  ( 6385): ip6_vti0
09-01 14:27:51.664 D/ssosdk  ( 6385): ::
09-01 14:27:51.664 D/ssosdk  ( 6385): 6: 
09-01 14:27:51.664 D/ssosdk  ( 6385): sit0
09-01 14:27:51.664 D/ssosdk  ( 6385): 0.0.0.0
09-01 14:27:51.664 D/ssosdk  ( 6385): 7: 
09-01 14:27:51.664 D/ssosdk  ( 6385): ip6tnl0
09-01 14:27:51.664 D/ssosdk  ( 6385): ::
09-01 14:27:51.664 D/ssosdk  ( 6385): 8: 
09-01 14:27:51.664 D/ssosdk  ( 6385): rmnet_ipa0
09-01 14:27:51.664 D/ssosdk  ( 6385): 10: 
09-01 14:27:51.664 D/ssosdk  ( 6385): rmnet_data0
09-01 14:27:51.664 D/ssosdk  ( 6385): 11: 
09-01 14:27:51.664 D/ssosdk  ( 6385): rmnet_data1
09-01 14:27:51.664 D/ssosdk  ( 6385): 12: 
09-01 14:27:51.664 D/ssosdk  ( 6385): rmnet_data2
09-01 14:27:51.664 D/ssosdk  ( 6385): 13: 
09-01 14:27:51.664 D/ssosdk  ( 6385): rmnet_data3
09-01 14:27:51.664 D/ssosdk  ( 6385): 14: 
09-01 14:27:51.664 D/ssosdk  ( 6385): rmnet_data4
09-01 14:27:51.664 D/ssosdk  ( 6385): 15: 
09-01 14:27:51.664 D/ssosdk  ( 6385): rmnet_data5
09-01 14:27:51.664 D/ssosdk  ( 6385): 16: 
09-01 14:27:51.664 D/ssosdk  ( 6385): rmnet_data6
09-01 14:27:51.664 D/ssosdk  ( 6385): 17: 
09-01 14:27:51.664 D/ssosdk  ( 6385): rmnet_data7
09-01 14:27:51.664 D/ssosdk  ( 6385): 18: 
09-01 14:27:51.664 D/ssosdk  ( 6385): rmnet_data8
09-01 14:27:51.664 D/ssosdk  ( 6385): 19: 
09-01 14:27:51.664 D/ssosdk  ( 6385): rmnet_data9
09-01 14:27:51.664 D/ssosdk  ( 6385): 20: 
09-01 14:27:51.664 D/ssosdk  ( 6385): rmnet_data10
09-01 14:27:51.664 D/ssosdk  ( 6385): 21: 
09-01 14:27:51.664 D/ssosdk  ( 6385): r_rmnet_data0
09-01 14:27:51.664 D/ssosdk  ( 6385): 22: 
09-01 14:27:51.664 D/ssosdk  ( 6385): r_rmnet_data1
09-01 14:27:51.664 D/ssosdk  ( 6385): 23: 
09-01 14:27:51.664 D/ssosdk  ( 6385): r_rmnet_data2
09-01 14:27:51.664 D/ssosdk  ( 6385): 24: 
09-01 14:27:51.664 D/ssosdk  ( 6385): r_rmnet_data3
09-01 14:27:51.664 D/ssosdk  ( 6385): 25: 
09-01 14:27:51.664 D/ssosdk  ( 6385): r_rmnet_data4
09-01 14:27:51.664 D/ssosdk  ( 6385): 26: 
09-01 14:27:51.664 D/ssosdk  ( 6385): r_rmnet_data5
09-01 14:27:51.664 D/ssosdk  ( 6385): 27: 
09-01 14:27:51.664 D/ssosdk  ( 6385): r_rmnet_data6
09-01 14:27:51.664 D/ssosdk  ( 6385): 28: 
09-01 14:27:51.664 D/ssosdk  ( 6385): r_rmnet_data7
09-01 14:27:51.664 D/ssosdk  ( 6385): 29: 
09-01 14:27:51.664 D/ssosdk  ( 6385): r_rmnet_data8
09-01 14:27:51.664 D/ssosdk  ( 6385): 30: 
09-01 14:27:51.664 D/ssosdk  ( 6385): wlan0
09-01 14:27:51.664 D/ssosdk  ( 6385): e0:dc:ff:d6:c8:3f
09-01 14:27:51.664 D/ssosdk  ( 6385): 31: 
09-01 14:27:51.664 D/ssosdk  ( 6385): wlan1
09-01 14:27:51.664 D/ssosdk  ( 6385): e0:dc:ff:5b:c8:3f
09-01 14:27:51.664 D/ssosdk  ( 6385): 32: 
09-01 14:27:51.664 D/ssosdk  ( 6385): p2p0
09-01 14:27:51.664 D/ssosdk  ( 6385): e2:dc:ff:5c:c8:3f
09-01 14:27:51.664 E/libc    ( 6385): Access denied finding property "ro.serialno"
09-01 14:27:51.664 D/ssosdk  ( 6385): build_post_msg() succ: data=SB%2BY1XDZVYrnM0Idp77tHea5eQFuOJ3LZ8iEAbNqwluG%2FRZEenjn4b8CPo4n%2FIpT6v%2BcSebH%0AF3OgVYk%2Bs1gCVGJQL4j6PwJBLcSmRdewY%2BPhamdJ2gNeZVoNH%2FwjST8AR4nO91Tj9BMVERKC%0AtuvIMdkXWwsmL6RFUXMWMKaZKRfHL66Psf4O6fGkVudLUJijl78BeWCC8x8q9X30%2FNoFE95S%0AgJTkD%2BfEgMaLvu2VNLSuXvf5LzpfE7xcBH%2FXBD18WK7Bdzso3EjJ8bjp9kyHRTXy%2BQ7J9%2ByM%0Ack%2F4wHIuSSHthpxEGh9sSyVz2WJVo5fFdZJ7aow9lvqFkIaoa%2FGR47KfO77f6HMI2Kn1ZKpK%0Ao6TLCMfVHiiHNSJ0OhnICI%2F96wkqXYZR5UzMsYvTPGQsj7fBa%2FrMEbzZvQHBpTDuttSqaPO7%0AWoHWHf50F62gUlu68KUmyWeiU8z2fB%2FbU282eMEceRgkzdR3t4PTAUDJxQMJddRcuqShy%2FYZ%0AArnBzf%2FN%2F%2BThxcuRtXRqRh3IdfbvaA22o4t00TXuoX5Jd6Wu1TvJBJ3xmU2GOSAf4dR7XPef%0AXSKlP44HQGaSQl0Je5JPWW%2FQmBRmV4Oitckx6mYljLILztQVlqg8HF%2BezeQaZgMoLsUk53Yb%0ASm7%2FMD%2F06qFEZJp00JU884Aavuw2IXK81JCakB8uR4flQ3YKTyqr9L1R5%2FhgX8RlB52Lp4JA%0AQyJe%2BVEJLad9l%2BKt5a2rCCcry%2BK83Hco65dsaEOf3KPYYJgkT8iZR1kdYWKzdDfLC8DSMwWc%0AkqhoI7GWLn8OFuaIpH5Nof4VqiExzuDCKvGfJGCvYZy%2FiEL%2B6D9GEu3uKkNEdRMSiBLESNXZ%0AZ6p5X8%2FQlgVd%2Fin9ID%2FHWbaSeLF
09-01 14:27:51.667 D/PowerKeeperPolicy( 1639): isLeScanAllowed: uid = 10241, allow = true
09-01 14:27:51.676 D/PowerKeeperPolicy( 1639): startLeScan: BleScanWrapper[mClientIf = 14 mPendingIntent=null] uid=10241
09-01 14:27:51.676 D/PowerKeeperPolicy( 1639): uid = 10241 setAllowed, allowed = true
09-01 14:27:51.676 D/PowerKeeperPolicy( 1639): uid = 10241 setScanning, scanning = true
09-01 14:27:51.676 D/PowerKeeperPolicy( 1639): startLeScan, uid = 10241 is scanning
09-01 14:27:51.688 E/ResolverController(  679): No valid NAT64 prefix (116, <unspecified>/0)
09-01 14:27:51.694 W/AsyncHttpResponse( 6385): Current thread has not called Looper.prepare().Forcing synchronous mode
09-01 14:27:51.701 W/AsyncHttpResponse( 6385): Current thread has not called Looper.prepare().Forcing synchronous mode
09-01 14:27:51.705 E/ResolverController(  679): No valid NAT64 prefix (116, <unspecified>/0)
09-01 14:27:51.707 W/Looper  ( 6385): Slow Looper main: Activity com.xiaomi.hm.health/.activity.StartUpActivity is 1439ms late (wall=228ms running=187ms ClientTransaction{ callbacks=[android.app.servertransaction.LaunchActivityItem] lifecycleRequest=android.app.servertransaction.ResumeActivityItem }) because of 2 msg, msg 2 took 1436ms (seq=2 running=1126ms runnable=24ms io=2ms late=3ms h=android.app.ActivityThread$H w=110)
09-01 14:27:51.707 W/Looper  ( 6385): Slow Looper main: Activity com.xiaomi.hm.health/.activity.StartUpActivity is 1666ms late (wall=0ms running=0ms ClientTransaction{ callbacks=[android.app.servertransaction.TopResumedActivityChangeItem] }) because of 3 msg, msg 2 took 1436ms (seq=2 running=1126ms runnable=24ms io=2ms late=3ms h=android.app.ActivityThread$H w=110), msg 3 took 228ms (seq=3 running=187ms runnable=18ms late=1439ms h=android.app.ActivityThread$H w=159)
09-01 14:27:51.708 D/RecentsImpl( 7676): mActivityStateObserver com.xiaomi.hm.health.activity.StartUpActivity
09-01 14:27:51.711 V/AsyncHttpResponse( 6385): Progress 97 from 97 (100%)
09-01 14:27:51.713 I/chatty  ( 8588): uid=1002(bluetooth) btu message loo expire 87 lines
09-01 14:27:51.714 I/chatty  ( 8588): uid=1002(bluetooth) BT Service Call expire 162 lines
09-01 14:27:51.716 V/AsyncHttpResponse( 6385): Progress 253 from 253 (100%)
09-01 14:27:51.716 V/AsyncHttpResponse( 6385): Progress 2637 from 2637 (100%)
09-01 14:27:51.724 V/AsyncHttpResponse( 6385): Progress 82 from 82 (100%)
09-01 14:27:51.729 V/AsyncHttpResponse( 6385): Progress 3 from 3 (100%)
09-01 14:27:51.732 V/AsyncHttpResponse( 6385): Progress 41 from 41 (100%)
09-01 14:27:51.734 V/AsyncHttpResponse( 6385): Progress 85 from 85 (100%)
09-01 14:27:51.762 D/Event   ( 6385): No subscribers registered for event class com.xiaomi.hm.health.O0000o00.O00O00o
09-01 14:27:51.762 W/System.err( 6385): java.lang.Exception: visitor login failed
09-01 14:27:51.762 W/System.err( 6385): 	at com.weibo.ssosdk.WeiboSsoSdk.O00000o0(WeiboSsoSdk.java:363)
09-01 14:27:51.762 W/System.err( 6385): 	at com.sina.weibo.sdk.sso.WeiboSsoManager.initAid(WeiboSsoManager.java:42)
09-01 14:27:51.762 W/System.err( 6385): 	at com.sina.weibo.sdk.sso.WeiboSsoManager.init(WeiboSsoManager.java:37)
09-01 14:27:51.762 W/System.err( 6385): 	at com.sina.weibo.sdk.WbSdk.install(WbSdk.java:33)
09-01 14:27:51.762 W/System.err( 6385): 	at com.xiaomi.hm.health.thirdbind.weibo.O0000o00.O0000OOo(WeiboHealthManager.java:66)
09-01 14:27:51.762 W/System.err( 6385): 	at com.xiaomi.hm.health.thirdbind.weibo.O0000o00.lambda$r2nmmGVVG8XJLLJhw5-DZnsP8Rs(Unknown Source:0)
09-01 14:27:51.762 W/System.err( 6385): 	at com.xiaomi.hm.health.thirdbind.weibo.-$$Lambda$O0000o00$r2nmmGVVG8XJLLJhw5-DZnsP8Rs.run(Unknown Source:2)
09-01 14:27:51.762 W/System.err( 6385): 	at java.util.concurrent.ThreadPoolExecutor.runWorker(ThreadPoolExecutor.java:1167)
09-01 14:27:51.762 W/System.err( 6385): 	at java.util.concurrent.ThreadPoolExecutor$Worker.run(ThreadPoolExecutor.java:641)
09-01 14:27:51.762 W/System.err( 6385): 	at java.lang.Thread.run(Thread.java:919)
09-01 14:27:51.762 D/Event   ( 6385): No subscribers registered for event class O00000Oo.O000000o.O000000o.O0000Oo0
09-01 14:27:51.765 I/Timeline( 1639): Timeline: App_transition_ready time:211237782
09-01 14:27:51.766 I/Timeline( 1639): Timeline: App_transition_ready time:211237783
09-01 14:27:51.766 D/WindowManager( 1639): Input focus has changed to Window{264d524 u0 com.xiaomi.hm.health/com.xiaomi.hm.health.activity.StartUpActivity}
09-01 14:27:51.767 I/AdrenoGLES( 6385): QUALCOMM build                   : e0436c5, Ib165d46056
09-01 14:27:51.767 I/AdrenoGLES( 6385): Build Date                       : 09/10/19
09-01 14:27:51.767 I/AdrenoGLES( 6385): OpenGL ES Shader Compiler Version: EV031.27.05.01
09-01 14:27:51.767 I/AdrenoGLES( 6385): Local Branch                     : 
09-01 14:27:51.767 I/AdrenoGLES( 6385): Remote Branch                    : quic/gfx-adreno.lnx.1.0.r74-rel
09-01 14:27:51.767 I/AdrenoGLES( 6385): Remote Branch                    : NONE
09-01 14:27:51.767 I/AdrenoGLES( 6385): Reconstruct Branch               : NOTHING
09-01 14:27:51.767 I/AdrenoGLES( 6385): Build Config                     : S P 8.0.11 AArch64
09-01 14:27:51.770 I/AdrenoGLES( 6385): PFP: 0x016ee187, ME: 0x00000000
09-01 14:27:51.771 W/AdrenoUtils( 6385): <ReadGpuID_from_sysfs:194>: Failed to open /sys/class/kgsl/kgsl-3d0/gpu_model
09-01 14:27:51.771 W/AdrenoUtils( 6385): <ReadGpuID:218>: Failed to read chip ID from gpu_model. Fallback to use the GSL path
09-01 14:27:51.785 V/AsyncHttpResponse( 6385): Progress 3 from 3 (100%)
09-01 14:27:51.787 I/hwservicemanager(  573): getTransport: Cannot find entry android.hardware.graphics.mapper@3.0::IMapper/default in either framework or device manifest.
09-01 14:27:51.787 W/Gralloc3( 6385): mapper 3.x is not supported
09-01 14:27:51.798 I/Timeline( 1639): Timeline: App_transition_ready time:211237815
09-01 14:27:51.800 W/BpBinder( 6378): Slow Binder: BpBinder transact took 2087ms, interface=android.app.IActivityManager, code=1598246212 oneway=false
09-01 14:27:51.804 V/AsyncHttpResponse( 6385): Progress 76 from 76 (100%)
09-01 14:27:51.807 D/StatusBar(29730): disable<e i a s b h r c s > disable2<q i n g r >
09-01 14:27:51.808 V/AsyncHttpResponse( 6385): Progress 50 from 50 (100%)
09-01 14:27:51.808 D/PhoneStatusBar/NavigationBarView(29730): setDisabledFlags back:false home:false recent:false
09-01 14:27:51.808 D/StatusBarClock(29730):  isNormalMode= true clock visible=true
09-01 14:27:51.809 I/ActivityTaskManager( 1639): Displayed com.xiaomi.hm.health/.activity.StartUpActivity: +1s826ms
09-01 14:27:51.815 I/appium  ( 6329): channel read invoked!
09-01 14:27:51.815 I/appium  ( 6329): channel read: GET /wd/hub/session/f644ab3b-6e78-456c-8699-d60f6d2648b0/appium/device/pixel_ratio
09-01 14:27:51.815 I/appium  ( 6329): Get device pixel ratio
09-01 14:27:51.817 I/appium  ( 6329): AppiumResponse: {"sessionId":"f644ab3b-6e78-456c-8699-d60f6d2648b0","value":2.75}
09-01 14:27:51.821 D/PhoneStatusBar/NavigationBarView(29730): onDraw
09-01 14:27:51.823 I/appium  ( 6329): channel read invoked!
09-01 14:27:51.824 I/appium  ( 6329): channel read: GET /wd/hub/session/f644ab3b-6e78-456c-8699-d60f6d2648b0/appium/device/system_bars
09-01 14:27:51.824 I/appium  ( 6329): Get status bar height of the device
09-01 14:27:51.825 I/appium  ( 6329): AppiumResponse: {"sessionId":"f644ab3b-6e78-456c-8699-d60f6d2648b0","value":{"statusBar":96}}
09-01 14:27:51.829 I/hwservicemanager(  573): getTransport: Cannot find entry vendor.qti.hardware.servicetracker@1.0::IServicetracker/default in either framework or device manifest.
09-01 14:27:51.830 D/CompatibilityInfo( 1639): mCompatibilityFlags - 0
09-01 14:27:51.830 D/CompatibilityInfo( 1639): applicationDensity - 440
09-01 14:27:51.830 D/CompatibilityInfo( 1639): applicationScale - 1.0
09-01 14:27:51.830 I/hwservicemanager(  573): getTransport: Cannot find entry vendor.qti.hardware.servicetracker@1.0::IServicetracker/default in either framework or device manifest.
09-01 14:27:51.833 I/appium  ( 6329): channel read invoked!
09-01 14:27:51.833 I/appium  ( 6329): channel read: GET /wd/hub/session/f644ab3b-6e78-456c-8699-d60f6d2648b0/window/current/size
09-01 14:27:51.833 I/appium  ( 6329): Get window size of the device
09-01 14:27:51.835 I/appium  ( 6329): AppiumResponse: {"sessionId":"f644ab3b-6e78-456c-8699-d60f6d2648b0","value":{"height":2210,"width":1080}}
09-01 14:27:51.835 D/AudioManager( 6385): getStreamVolume isRestricted mode = 0
09-01 14:27:51.836 I/DeviceCenter( 6385): onServiceConnected
09-01 14:27:51.836 I/DeviceCenter( 6385): onServiceConnected....out
09-01 14:27:51.836 W/Parcel  ( 5237): **** enforceInterface() expected 'com.miui.gamebooster.service.ISecurityCenterNotificationListener' but read 'android.service.notification.INotificationListener'
09-01 14:27:51.837 W/Binder  ( 5237): Caught a RuntimeException from the binder stub implementation.
09-01 14:27:51.837 W/Binder  ( 5237): java.lang.SecurityException: Binder invocation to an incorrect interface
09-01 14:27:51.837 W/Binder  ( 5237): 	at android.os.Parcel.nativeEnforceInterface(Native Method)
09-01 14:27:51.837 W/Binder  ( 5237): 	at android.os.Parcel.enforceInterface(Parcel.java:626)
09-01 14:27:51.837 W/Binder  ( 5237): 	at com.miui.gamebooster.service.ISecurityCenterNotificationListener$Stub.onTransact(Unknown Source:22)
09-01 14:27:51.837 W/Binder  ( 5237): 	at android.os.Binder.execTransactInternal(Binder.java:1021)
09-01 14:27:51.837 W/Binder  ( 5237): 	at android.os.Binder.execTransact(Binder.java:994)
09-01 14:27:51.839 V/onNotificationPostedCallBack( 5237): flags=98
09-01 14:27:51.839 V/j       ( 5237): ret=0
09-01 14:27:51.843 D/StatusBar(29730): onNotificationPosted key=0|com.xiaomi.hm.health|4|null|10241 isUpdate=false
09-01 14:27:51.844 I/chatty  (19843): uid=1002 bluetooth@1.0-s expire 9 lines
09-01 14:27:51.847 D/IMReply:Notif(22367): onNotificationPosted before sbn = 4
09-01 14:27:51.847 W/Parcel  ( 5237): **** enforceInterface() expected 'com.miui.gamebooster.service.ISecurityCenterNotificationListener' but read 'android.service.notification.INotificationListener'
09-01 14:27:51.847 W/Binder  ( 5237): Caught a RuntimeException from the binder stub implementation.
09-01 14:27:51.847 W/Binder  ( 5237): java.lang.SecurityException: Binder invocation to an incorrect interface
09-01 14:27:51.847 W/Binder  ( 5237): 	at android.os.Parcel.nativeEnforceInterface(Native Method)
09-01 14:27:51.847 W/Binder  ( 5237): 	at android.os.Parcel.enforceInterface(Parcel.java:626)
09-01 14:27:51.847 W/Binder  ( 5237): 	at com.miui.gamebooster.service.ISecurityCenterNotificationListener$Stub.onTransact(Unknown Source:22)
09-01 14:27:51.847 W/Binder  ( 5237): 	at android.os.Binder.execTransactInternal(Binder.java:1021)
09-01 14:27:51.847 W/Binder  ( 5237): 	at android.os.Binder.execTransact(Binder.java:994)
09-01 14:27:51.849 D/StatusBar(29730): No peeking: unimportant notification: 0|com.xiaomi.hm.health|4|null|10241
09-01 14:27:51.850 V/onNotificationPostedCallBack( 5237): flags=98
09-01 14:27:51.850 V/j       ( 5237): ret=0
09-01 14:27:51.853 D/IMReply:Notif(22367): onNotificationPosted before sbn = 4
09-01 14:27:51.855 D/StatusBar(29730): onNotificationPosted key=0|com.xiaomi.hm.health|4|null|10241 isUpdate=false
09-01 14:27:51.858 I/SplashScreenServiceDelegate( 1639): None for com.xiaomi.hm.health
09-01 14:27:51.862 D/StatusBar(29730): No peeking: unimportant notification: 0|com.xiaomi.hm.health|4|null|10241
09-01 14:27:51.862 D/AppOpsAdapter( 5211): using permission notify! 32
09-01 14:27:51.864 D/ExpandableNotificationRow(29730): updateBackground
09-01 14:27:51.864 D/ExpandableNotificationRow(29730): updateBackground
09-01 14:27:51.868 D/ExpandableNotificationRow(29730): updateBackground
09-01 14:27:51.868 I/WifiService( 1639): startScan uid=10241
09-01 14:27:51.868 D/ExpandableNotificationRow(29730): updateBackground
09-01 14:27:51.874 D/AppOpsAdapter( 5211): using permission notify! 32
09-01 14:27:51.874 I/AudioTrack( 2503): isLongTimeZoreData zoer date time 51 Seconds
09-01 14:27:51.887 I/appium  ( 6329): channel read invoked!
09-01 14:27:51.887 I/appium  ( 6329): channel read: POST /wd/hub/session/f644ab3b-6e78-456c-8699-d60f6d2648b0/element
09-01 14:27:51.887 I/appium  ( 6329): Find element command using '-android uiautomator' with selector 'new UiSelector().text("我的")'.
09-01 14:27:51.889 I/appium  ( 6329): Waiting up to 10000ms for device to be idle
09-01 14:27:51.895 D/ExpandableNotificationRow(29730): updateBackground
09-01 14:27:51.895 D/StatusBar(29730): No peeking: unimportant notification: 0|com.xiaomi.hm.health|4|null|10241
09-01 14:27:51.897 D/AppOpsAdapter( 5211): using permission notify! 32
09-01 14:27:51.900 D/AppOpsAdapter( 5211): using permission notify! 32
09-01 14:27:51.901 D/StackScroller(29730): applyCurrentState
09-01 14:27:51.907 D/StackScroller(29730): applyCurrentState
09-01 14:27:51.915 D/NetworkController.MobileSignalController(1)(29730): 4G level = 5
09-01 14:27:51.916 D/Event   ( 6385): No subscribers registered for event class com.xiaomi.hm.health.locweather.O00000Oo.O000000o
09-01 14:27:51.916 D/Event   ( 6385): No subscribers registered for event class O00000Oo.O000000o.O000000o.O0000Oo0
09-01 14:27:51.923 D/AppOpsAdapter( 5211): using permission notify! 32
09-01 14:27:51.941 D/AppOpsAdapter( 5211): using permission notify! 32
09-01 14:27:51.942 I/chatty  ( 5211): uid=10071(com.lbe.security.miui) Binder:5211_1 identical 1 line
09-01 14:27:51.945 D/AppOpsAdapter( 5211): using permission notify! 32
09-01 14:27:52.030 I/chatty  ( 8588): uid=1002(bluetooth) btu message loo expire 101 lines
09-01 14:27:52.031 I/chatty  ( 8588): uid=1002(bluetooth) BT Service Call expire 280 lines
09-01 14:27:52.102 I/Timeline( 1639): Timeline: Activity_windows_visible id: ActivityRecord{df2810b u0 com.xiaomi.hm.health/.activity.StartUpActivity t480} time:211238118
09-01 14:27:52.102 I/Timeline( 1639): Timeline: App_transition_stopped time:211238119
09-01 14:27:52.104 D/EventBus(29730): [29730, u0] send(AppTransitionFinishedEvent)
09-01 14:27:52.104 D/EventBus(29730): [29730, u0]  -> ForcedResizableInfoActivityController [0xc4c1163, P1] onBusEvent(AppTransitionFinishedEvent)
09-01 14:27:52.104 D/EventBus(29730): [29730, u0] onBusEvent(AppTransitionFinishedEvent) duration: 11 microseconds, avg: 38
09-01 14:27:52.111 V/AsyncHttpResponse( 6385): Progress 3 from 3 (100%)
09-01 14:27:52.295 I//system/vendor/bin/mi_thermald( 1070): thermal_cpu_set_level: set cpu freq of cpu7 to 2419200
09-01 14:27:52.309 I/chatty  ( 8588): uid=1002(bluetooth) btu message loo expire 125 lines
09-01 14:27:52.313 W/BluetoothEventManager(29730): AclStateChangedHandler: activeDevice is null
09-01 14:27:52.313 D/BluetoothGatt( 6385): onClientConnectionState() - status=0 clientIf=8 device=C3:D4:F4:E3:11:EC
09-01 14:27:52.315 D/Bluetooth_AIVS_SDK(22367): AIVS:BluetoothBase:onConnection Find device :C3:D4:F4:E3:11:EC not exist.
09-01 14:27:52.316 I/chatty  ( 3272): uid=1002(bluetooth) com.xiaomi.bluetooth expire 1 line
09-01 14:27:52.320 D/Bluetooth_AIVS_SDK(22367): AIVS:BluetoothBase:onReceive: ACTION_ACL_CONNECTED,  device : BluetoothDeviceInfo{ mCurrentOpType: 2 Device Ble='Mi Smart Band 5; C3:D4:F4:E3:11:EC vid:0xffff pid:0x ffff MandatoryUpgrade:false channelStatus:0bleStatus:0 sppStatus:0 authStage:0 PowerMode:0 mBackUpMode:-1 FailedReason:0x0}
09-01 14:27:52.320 D/CompatibilityInfo( 1639): mCompatibilityFlags - 0
09-01 14:27:52.321 D/CompatibilityInfo( 1639): applicationDensity - 440
09-01 14:27:52.321 D/CompatibilityInfo( 1639): applicationScale - 1.0
09-01 14:27:52.323 I/BluetoothProxy(22367): onBleStatus: device = bluetoothDeviceExt{ mCurrentOpType: 2, Device Ble='Mi Smart Band 5; C3:D4:F4:E3:11:EC, vid:0xffff, pid:0x ffff, Status : MandatoryUpgrade:false, PowerMode:0, mChannelType:-1, DualBackupFlag:-1, mRssi:-9999, mConnectType:0, mIsBoundByOtherDevice:false, mIsDirectlyConnectSpp:false, mIsEdrConnectedByOtherDevice:false, color type:0, count:0, mFailedReason:0x0}, status = 4
09-01 14:27:52.323 I/BaseBluetoothBusEvent(22367): onBleStatus: bluetoothDevice = bluetoothDeviceExt{ mCurrentOpType: 2, Device Ble='Mi Smart Band 5; C3:D4:F4:E3:11:EC, vid:0xffff, pid:0x ffff, Status : MandatoryUpgrade:false, PowerMode:0, mChannelType:-1, DualBackupFlag:-1, mRssi:-9999, mConnectType:0, mIsBoundByOtherDevice:false, mIsDirectlyConnectSpp:false, mIsEdrConnectedByOtherDevice:false, color type:0, count:0, mFailedReason:0x0} , status = 4
09-01 14:27:52.324 D/BluetoothGatt( 6385): discoverServices() - device: C3:D4:F4:E3:11:EC
09-01 14:27:52.324 I/chatty  ( 8588): uid=1002(bluetooth) Binder:8588_4 expire 1 line
09-01 14:27:52.325 I/TrustAgent(20208): TAG: TrustAgent.Tracker. [BluetoothConnectionTracker] Bluetooth connect broadast for Mi Smart Band 5 C3:D4:F4:E3:11:EC [CONTEXT service_id=84 ]
09-01 14:27:52.340 W/ActivityManager( 1639): Unable to start service Intent { act=android.bluetooth.device.action.ACL_CONNECTED cmp=com.google.android.gms/.nearby.discovery.service.DiscoveryService (has extras) } U=0: not found
09-01 14:27:52.353 D/AppOpsAdapter( 5211): using permission notify! 32
09-01 14:27:52.356 I/BehaviorRecord-Monitor( 5237): com.xiaomi.hm.health , perm: 32 , operation 2 , current size: 1
09-01 14:27:52.358 D/IdProviderImpl( 6385): getOAID
09-01 14:27:52.390 W/System  ( 1639): A resource failed to call close. 
09-01 14:27:52.390 I/chatty  ( 1639): uid=1000(system) FinalizerDaemon identical 1 line
09-01 14:27:52.390 W/System  ( 1639): A resource failed to call close. 
09-01 14:27:52.409 E/ResolverController(  679): No valid NAT64 prefix (116, <unspecified>/0)
09-01 14:27:52.441 W/Parcel  ( 5237): **** enforceInterface() expected 'com.miui.gamebooster.service.ISecurityCenterNotificationListener' but read 'android.service.notification.INotificationListener'
09-01 14:27:52.441 W/Binder  ( 5237): Caught a RuntimeException from the binder stub implementation.
09-01 14:27:52.441 W/Binder  ( 5237): java.lang.SecurityException: Binder invocation to an incorrect interface
09-01 14:27:52.441 W/Binder  ( 5237): 	at android.os.Parcel.nativeEnforceInterface(Native Method)
09-01 14:27:52.441 W/Binder  ( 5237): 	at android.os.Parcel.enforceInterface(Parcel.java:626)
09-01 14:27:52.441 W/Binder  ( 5237): 	at com.miui.gamebooster.service.ISecurityCenterNotificationListener$Stub.onTransact(Unknown Source:22)
09-01 14:27:52.441 W/Binder  ( 5237): 	at android.os.Binder.execTransactInternal(Binder.java:1021)
09-01 14:27:52.441 W/Binder  ( 5237): 	at android.os.Binder.execTransact(Binder.java:994)
09-01 14:27:52.446 D/IMReply:Notif(22367): onNotificationPosted before sbn = 4
09-01 14:27:52.447 D/StatusBar(29730): onNotificationPosted key=0|com.xiaomi.hm.health|4|null|10241 isUpdate=true
09-01 14:27:52.448 V/onNotificationPostedCallBack( 5237): flags=98
09-01 14:27:52.448 D/StatusBar(29730): updateNotification old=StatusBarNotification(pkg=com.xiaomi.hm.health user=UserHandle{0} id=4 tag=null key=0|com.xiaomi.hm.health|4|null|10241: Notification(channel=O000Oo0 pri=0 contentView=null vibrate=null sound=null defaults=0x0 flags=0x62 color=0xffff5a00 vis=PRIVATE))
09-01 14:27:52.448 D/StatusBar(29730):     pkgName=com.xiaomi.hm.health appUid=10241 sdk=29 imp=2 sysApp=F priApp=F hasShown=F float=F keyguard=F peek=F fullscreen=F
09-01 14:27:52.448 D/StatusBar(29730):     showMiuiAction=F enableFloat=T enableKeyguard=T floatTime=5000 messageCount=1 persistent=F customHeight=F
09-01 14:27:52.449 V/j       ( 5237): ret=0
09-01 14:27:52.450 W/Parcel  ( 5237): **** enforceInterface() expected 'com.miui.gamebooster.service.ISecurityCenterNotificationListener' but read 'android.service.notification.INotificationListener'
09-01 14:27:52.451 W/Binder  ( 5237): Caught a RuntimeException from the binder stub implementation.
09-01 14:27:52.451 W/Binder  ( 5237): java.lang.SecurityException: Binder invocation to an incorrect interface
09-01 14:27:52.451 W/Binder  ( 5237): 	at android.os.Parcel.nativeEnforceInterface(Native Method)
09-01 14:27:52.451 W/Binder  ( 5237): 	at android.os.Parcel.enforceInterface(Parcel.java:626)
09-01 14:27:52.451 W/Binder  ( 5237): 	at com.miui.gamebooster.service.ISecurityCenterNotificationListener$Stub.onTransact(Unknown Source:22)
09-01 14:27:52.451 W/Binder  ( 5237): 	at android.os.Binder.execTransactInternal(Binder.java:1021)
09-01 14:27:52.451 W/Binder  ( 5237): 	at android.os.Binder.execTransact(Binder.java:994)
09-01 14:27:52.456 D/IMReply:Notif(22367): onNotificationPosted before sbn = 4
09-01 14:27:52.458 V/onNotificationPostedCallBack( 5237): flags=98
09-01 14:27:52.458 V/j       ( 5237): ret=0
09-01 14:27:52.467 D/StackScroller(29730): applyCurrentState
09-01 14:27:52.475 D/ExpandableNotificationRow(29730): updateBackground
09-01 14:27:52.475 D/StatusBar(29730): No peeking: unimportant notification: 0|com.xiaomi.hm.health|4|null|10241
09-01 14:27:52.476 D/StatusBar(29730): updateHeadsUp wasHeadsUp=false shouldPeek=false alertAgain=true
09-01 14:27:52.485 D/StackScroller(29730): applyCurrentState
09-01 14:27:52.487 D/StatusBar(29730): onNotificationPosted key=0|com.xiaomi.hm.health|4|null|10241 isUpdate=true
09-01 14:27:52.488 D/StatusBar(29730): updateNotification old=StatusBarNotification(pkg=com.xiaomi.hm.health user=UserHandle{0} id=4 tag=null key=0|com.xiaomi.hm.health|4|null|10241: Notification(channel=O000Oo0 pri=0 contentView=null vibrate=null sound=null defaults=0x0 flags=0x62 color=0xffff5a00 vis=PRIVATE))
09-01 14:27:52.488 D/StatusBar(29730):     pkgName=com.xiaomi.hm.health appUid=10241 sdk=29 imp=2 sysApp=F priApp=F hasShown=F float=F keyguard=F peek=F fullscreen=F
09-01 14:27:52.488 D/StatusBar(29730):     showMiuiAction=F enableFloat=T enableKeyguard=T floatTime=5000 messageCount=1 persistent=F customHeight=F
09-01 14:27:52.496 I/chatty  ( 8588): uid=1002(bluetooth) BT Service Call expire 155 lines
09-01 14:27:52.499 D/StackScroller(29730): applyCurrentState
09-01 14:27:52.501 I/chatty  ( 8588): uid=1002(bluetooth) btu message loo expire 242 lines
09-01 14:27:52.506 D/ExpandableNotificationRow(29730): updateBackground
09-01 14:27:52.507 D/StatusBar(29730): No peeking: unimportant notification: 0|com.xiaomi.hm.health|4|null|10241
09-01 14:27:52.507 D/StatusBar(29730): updateHeadsUp wasHeadsUp=false shouldPeek=false alertAgain=true
09-01 14:27:52.517 D/StackScroller(29730): applyCurrentState
09-01 14:27:52.526 I/appium  ( 6329): AppiumResponse: {"sessionId":"f644ab3b-6e78-456c-8699-d60f6d2648b0","value":{"error":"no such element","message":"An element could not be located on the page using the given search parameters","stacktrace":"io.appium.uiautomator2.common.exceptions.ElementNotFoundException: An element could not be located on the ...
09-01 14:27:52.559 D/Event   ( 6385): No subscribers registered for event class com.xiaomi.hm.health.locweather.O00000Oo.O000000o
09-01 14:27:52.559 D/Event   ( 6385): No subscribers registered for event class O00000Oo.O000000o.O000000o.O0000Oo0
09-01 14:27:52.559 D/AppOpsAdapter( 5211): using permission notify! 32
09-01 14:27:52.562 D/AppOpsAdapter( 5211): using permission notify! 32
09-01 14:27:52.562 I/BehaviorRecord-Monitor( 5237): com.xiaomi.hm.health , perm: 32 , operation 3 , current size: 0
09-01 14:27:52.564 I/BehaviorRecord-Monitor( 5237): com.xiaomi.hm.health , perm: 32 , operation 2 , current size: 1
09-01 14:27:52.565 D/AppOpsAdapter( 5211): using permission notify! 32
09-01 14:27:52.567 I/BehaviorRecord-Monitor( 5237): com.xiaomi.hm.health , perm: 32 , operation 3 , current size: 0
09-01 14:27:52.726 I/hwservicemanager(  573): getTransport: Cannot find entry vendor.qti.hardware.servicetracker@1.0::IServicetracker/default in either framework or device manifest.
09-01 14:27:52.728 D/CompatibilityInfo( 1639): mCompatibilityFlags - 0
09-01 14:27:52.728 D/CompatibilityInfo( 1639): applicationDensity - 440
09-01 14:27:52.728 D/CompatibilityInfo( 1639): applicationScale - 1.0
09-01 14:27:52.729 I/hwservicemanager(  573): getTransport: Cannot find entry vendor.qti.hardware.servicetracker@1.0::IServicetracker/default in either framework or device manifest.
09-01 14:27:52.731 I/chatty  ( 8588): uid=1002(bluetooth) BT Service Call expire 212 lines
09-01 14:27:52.732 I/MiuiNetworkPolicy( 1639): updateUidState uid = 10173, uidState = 4
09-01 14:27:52.732 I/MiuiNetworkPolicy( 1639): updateMLUid uid:10173,old:6,new:4
09-01 14:27:52.732 I/MiuiNetworkPolicy( 1639): isMLEnabled state:6,uid:10173,connect:DISCONNECTED
09-01 14:27:52.732 I/MiuiNetworkPolicy( 1639): isMLEnabled state:4,uid:10173,connect:DISCONNECTED
09-01 14:27:52.735 I/hwservicemanager(  573): getTransport: Cannot find entry vendor.qti.hardware.servicetracker@1.0::IServicetracker/default in either framework or device manifest.
09-01 14:27:52.736 I/hwservicemanager(  573): getTransport: Cannot find entry vendor.qti.hardware.servicetracker@1.0::IServicetracker/default in either framework or device manifest.
09-01 14:27:52.741 I/MiuiNetworkPolicy( 1639): updateUidState uid = 10173, uidState = 6
09-01 14:27:52.741 I/MiuiNetworkPolicy( 1639): updateMLUid uid:10173,old:4,new:6
09-01 14:27:52.741 I/MiuiNetworkPolicy( 1639): isMLEnabled state:4,uid:10173,connect:DISCONNECTED
09-01 14:27:52.741 I/MiuiNetworkPolicy( 1639): isMLEnabled state:6,uid:10173,connect:DISCONNECTED
09-01 14:27:52.745 W/WakePathChecker( 1639): MIUILOG-AutoStart, Service/Provider/Broadcast Reject userId= 0 caller= com.xiaomi.hm.health callee= com.facebook.katana classname=com.facebook.katana.provider.AttributionIdProvider action=null wakeType=4
09-01 14:27:52.745 E/ActivityThread( 6385): Failed to find provider info for com.facebook.katana.provider.AttributionIdProvider
09-01 14:27:52.850 D/BluetoothGatt( 6385): onConnectionUpdated() - Device=C3:D4:F4:E3:11:EC interval=6 latency=0 timeout=500 status=0
09-01 14:27:52.890 I/AudioTrack( 2503): isLongTimeZoreData zoer date time 52 Seconds
09-01 14:27:52.954 I/chatty  ( 8588): uid=1002(bluetooth) btu message loo expire 301 lines
09-01 14:27:53.040 I/appium  ( 6329): channel read invoked!
09-01 14:27:53.040 I/appium  ( 6329): channel read: POST /wd/hub/session/f644ab3b-6e78-456c-8699-d60f6d2648b0/element
09-01 14:27:53.042 I/appium  ( 6329): Find element command using '-android uiautomator' with selector 'new UiSelector().text("我的")'.
09-01 14:27:53.042 I/appium  ( 6329): Waiting up to 10000ms for device to be idle
09-01 14:27:53.061 I/appium  ( 6329): AppiumResponse: {"sessionId":"f644ab3b-6e78-456c-8699-d60f6d2648b0","value":{"error":"no such element","message":"An element could not be located on the page using the given search parameters","stacktrace":"io.appium.uiautomator2.common.exceptions.ElementNotFoundException: An element could not be located on the ...
09-01 14:27:53.153 I/chatty  ( 8588): uid=1002(bluetooth) BT Service Call expire 199 lines
09-01 14:27:53.339 I/chatty  ( 8588): uid=1002(bluetooth) btu message loo expire 305 lines
09-01 14:27:53.536 I/MiuiNetworkPolicy( 1639): bandwidth: 37 KB/s, Max bandwidth: 3727 KB/s
09-01 14:27:53.589 I/appium  ( 6329): channel read invoked!
09-01 14:27:53.589 I/appium  ( 6329): channel read: POST /wd/hub/session/f644ab3b-6e78-456c-8699-d60f6d2648b0/element
09-01 14:27:53.590 I/appium  ( 6329): Find element command using '-android uiautomator' with selector 'new UiSelector().text("我的")'.
09-01 14:27:53.590 I/appium  ( 6329): Waiting up to 10000ms for device to be idle
09-01 14:27:53.599 I/appium  ( 6329): AppiumResponse: {"sessionId":"f644ab3b-6e78-456c-8699-d60f6d2648b0","value":{"error":"no such element","message":"An element could not be located on the page using the given search parameters","stacktrace":"io.appium.uiautomator2.common.exceptions.ElementNotFoundException: An element could not be located on the ...
09-01 14:27:53.641 I/chatty  ( 8588): uid=1002(bluetooth) BT Service Call expire 221 lines
09-01 14:27:53.787 I/chatty  ( 8588): uid=1002(bluetooth) btu message loo expire 322 lines
09-01 14:27:53.803 D/NetworkController.MobileSignalController(1)(29730): 4G level = 5
09-01 14:27:53.906 I/AudioTrack( 2503): isLongTimeZoreData zoer date time 53 Seconds
09-01 14:27:54.001 I/chatty  ( 8588): uid=1002(bluetooth) BT Service Call expire 246 lines
09-01 14:27:54.053 D/WificondControl( 1639): Scan result ready event
09-01 14:27:54.059 D/WifiGbk ( 1639): removing bss - Bss("海淀无线网":ae:79:67:03:38:16, isGbk=false, security=NONE, level=-61, frequency=2412)
09-01 14:27:54.067 I/LOWI-8.6.0.59( 1269): [LOWI-Scan] lowi_close_record:Scan done in 595403169ms, 33 APs in scan results
09-01 14:27:54.071 I/AppScanObserverService( 1639): Start to match app observer
09-01 14:27:54.138 I/appium  ( 6329): channel read invoked!
09-01 14:27:54.138 I/appium  ( 6329): channel read: POST /wd/hub/session/f644ab3b-6e78-456c-8699-d60f6d2648b0/element
09-01 14:27:54.139 I/appium  ( 6329): Find element command using '-android uiautomator' with selector 'new UiSelector().text("我的")'.
09-01 14:27:54.139 I/appium  ( 6329): Waiting up to 10000ms for device to be idle
09-01 14:27:54.147 I/appium  ( 6329): AppiumResponse: {"sessionId":"f644ab3b-6e78-456c-8699-d60f6d2648b0","value":{"error":"no such element","message":"An element could not be located on the page using the given search parameters","stacktrace":"io.appium.uiautomator2.common.exceptions.ElementNotFoundException: An element could not be located on the ...
09-01 14:27:54.206 I/chatty  ( 8588): uid=1002(bluetooth) btu message loo expire 97 lines
09-01 14:27:54.231 D/BluetoothGatt( 6385): onSearchComplete() = Device=C3:D4:F4:E3:11:EC Status=0
09-01 14:27:54.264 D/AppOpsAdapter( 5211): using permission notify! 32
09-01 14:27:54.267 I/BehaviorRecord-Monitor( 5237): com.xiaomi.hm.health , perm: 32 , operation 2 , current size: 1
09-01 14:27:54.269 D/Event   ( 6385): No subscribers registered for event class com.xiaomi.hm.health.locweather.O00000Oo.O000000o
09-01 14:27:54.269 D/Event   ( 6385): No subscribers registered for event class O00000Oo.O000000o.O000000o.O0000Oo0
09-01 14:27:54.271 D/AppOpsAdapter( 5211): using permission notify! 32
09-01 14:27:54.274 I/BehaviorRecord-Monitor( 5237): com.xiaomi.hm.health , perm: 32 , operation 3 , current size: 0
09-01 14:27:54.289 D/AppOpsAdapter( 5211): using permission notify! 32
09-01 14:27:54.291 D/BluetoothGatt( 6385): setCharacteristicNotification() - uuid: 00000020-0000-3512-2118-0009af100700 enable: true
09-01 14:27:54.291 I/chatty  ( 8588): uid=1002(bluetooth) Binder:8588_7 expire 3 lines
09-01 14:27:54.292 I/BehaviorRecord-Monitor( 5237): com.xiaomi.hm.health , perm: 32 , operation 2 , current size: 1
09-01 14:27:54.292 D/Event   ( 6385): No subscribers registered for event class com.xiaomi.hm.health.locweather.O00000Oo.O000000o
09-01 14:27:54.292 D/Event   ( 6385): No subscribers registered for event class O00000Oo.O000000o.O000000o.O0000Oo0
09-01 14:27:54.294 D/AppOpsAdapter( 5211): using permission notify! 32
09-01 14:27:54.297 I/BehaviorRecord-Monitor( 5237): com.xiaomi.hm.health , perm: 32 , operation 3 , current size: 0
09-01 14:27:54.317 D/BluetoothGatt( 6385): setCharacteristicNotification() - uuid: 00000014-0000-3512-2118-0009af100700 enable: true
09-01 14:27:54.323 D/AppOpsAdapter( 5211): using permission notify! 32
09-01 14:27:54.325 I/BehaviorRecord-Monitor( 5237): com.xiaomi.hm.health , perm: 32 , operation 2 , current size: 1
09-01 14:27:54.326 D/Event   ( 6385): No subscribers registered for event class com.xiaomi.hm.health.locweather.O00000Oo.O000000o
09-01 14:27:54.326 D/Event   ( 6385): No subscribers registered for event class O00000Oo.O000000o.O000000o.O0000Oo0
09-01 14:27:54.327 D/AppOpsAdapter( 5211): using permission notify! 32
09-01 14:27:54.328 D/AppOpsAdapter( 5211): using permission notify! 32
09-01 14:27:54.329 I/BehaviorRecord-Monitor( 5237): com.xiaomi.hm.health , perm: 32 , operation 3 , current size: 0
09-01 14:27:54.330 D/AppOpsAdapter( 5211): using permission notify! 32
09-01 14:27:54.333 I/BehaviorRecord-Monitor( 5237): com.xiaomi.hm.health , perm: 32 , operation 2 , current size: 1
09-01 14:27:54.334 I/BehaviorRecord-Monitor( 5237): com.xiaomi.hm.health , perm: 32 , operation 3 , current size: 0
09-01 14:27:54.335 D/BluetoothGatt( 6385): onConnectionUpdated() - Device=C3:D4:F4:E3:11:EC interval=36 latency=0 timeout=500 status=0
09-01 14:27:54.350 W/Parcel  ( 5237): **** enforceInterface() expected 'com.miui.gamebooster.service.ISecurityCenterNotificationListener' but read 'android.service.notification.INotificationListener'
09-01 14:27:54.350 W/Binder  ( 5237): Caught a RuntimeException from the binder stub implementation.
09-01 14:27:54.350 W/Binder  ( 5237): java.lang.SecurityException: Binder invocation to an incorrect interface
09-01 14:27:54.350 W/Binder  ( 5237): 	at android.os.Parcel.nativeEnforceInterface(Native Method)
09-01 14:27:54.350 W/Binder  ( 5237): 	at android.os.Parcel.enforceInterface(Parcel.java:626)
09-01 14:27:54.350 W/Binder  ( 5237): 	at com.miui.gamebooster.service.ISecurityCenterNotificationListener$Stub.onTransact(Unknown Source:22)
09-01 14:27:54.350 W/Binder  ( 5237): 	at android.os.Binder.execTransactInternal(Binder.java:1021)
09-01 14:27:54.350 W/Binder  ( 5237): 	at android.os.Binder.execTransact(Binder.java:994)
09-01 14:27:54.356 D/StatusBar(29730): onNotificationPosted key=0|com.xiaomi.hm.health|4|null|10241 isUpdate=true
09-01 14:27:54.356 D/IMReply:Notif(22367): onNotificationPosted before sbn = 4
09-01 14:27:54.356 V/onNotificationPostedCallBack( 5237): flags=98
09-01 14:27:54.357 D/StatusBar(29730): updateNotification old=StatusBarNotification(pkg=com.xiaomi.hm.health user=UserHandle{0} id=4 tag=null key=0|com.xiaomi.hm.health|4|null|10241: Notification(channel=O000Oo0 pri=0 contentView=null vibrate=null sound=null defaults=0x0 flags=0x62 color=0xffff5a00 vis=PRIVATE))
09-01 14:27:54.357 D/StatusBar(29730):     pkgName=com.xiaomi.hm.health appUid=10241 sdk=29 imp=2 sysApp=F priApp=F hasShown=F float=F keyguard=F peek=F fullscreen=F
09-01 14:27:54.357 D/StatusBar(29730):     showMiuiAction=F enableFloat=T enableKeyguard=T floatTime=5000 messageCount=1 persistent=F customHeight=F
09-01 14:27:54.357 V/j       ( 5237): ret=0
09-01 14:27:54.363 I/chatty  ( 8588): uid=1002(bluetooth) BT Service Call expire 132 lines
09-01 14:27:54.368 I/chatty  ( 8588): uid=1002(bluetooth) btu message loo expire 277 lines
09-01 14:27:54.373 D/StackScroller(29730): applyCurrentState
09-01 14:27:54.381 W/Parcel  ( 5237): **** enforceInterface() expected 'com.miui.gamebooster.service.ISecurityCenterNotificationListener' but read 'android.service.notification.INotificationListener'
09-01 14:27:54.386 W/Binder  ( 5237): Caught a RuntimeException from the binder stub implementation.
09-01 14:27:54.386 W/Binder  ( 5237): java.lang.SecurityException: Binder invocation to an incorrect interface
09-01 14:27:54.386 W/Binder  ( 5237): 	at android.os.Parcel.nativeEnforceInterface(Native Method)
09-01 14:27:54.386 W/Binder  ( 5237): 	at android.os.Parcel.enforceInterface(Parcel.java:626)
09-01 14:27:54.386 W/Binder  ( 5237): 	at com.miui.gamebooster.service.ISecurityCenterNotificationListener$Stub.onTransact(Unknown Source:22)
09-01 14:27:54.386 W/Binder  ( 5237): 	at android.os.Binder.execTransactInternal(Binder.java:1021)
09-01 14:27:54.386 W/Binder  ( 5237): 	at android.os.Binder.execTransact(Binder.java:994)
09-01 14:27:54.387 V/onNotificationPostedCallBack( 5237): flags=98
09-01 14:27:54.388 V/j       ( 5237): ret=0
09-01 14:27:54.395 D/IMReply:Notif(22367): onNotificationPosted before sbn = 4
09-01 14:27:54.397 D/ExpandableNotificationRow(29730): updateBackground
09-01 14:27:54.397 D/StatusBar(29730): No peeking: unimportant notification: 0|com.xiaomi.hm.health|4|null|10241
09-01 14:27:54.399 D/StatusBar(29730): updateHeadsUp wasHeadsUp=false shouldPeek=false alertAgain=true
09-01 14:27:54.403 D/StackScroller(29730): applyCurrentState
09-01 14:27:54.406 D/StatusBar(29730): onNotificationPosted key=0|com.xiaomi.hm.health|4|null|10241 isUpdate=true
09-01 14:27:54.407 D/StatusBar(29730): updateNotification old=StatusBarNotification(pkg=com.xiaomi.hm.health user=UserHandle{0} id=4 tag=null key=0|com.xiaomi.hm.health|4|null|10241: Notification(channel=O000Oo0 pri=0 contentView=null vibrate=null sound=null defaults=0x0 flags=0x62 color=0xffff5a00 vis=PRIVATE))
09-01 14:27:54.407 D/StatusBar(29730):     pkgName=com.xiaomi.hm.health appUid=10241 sdk=29 imp=2 sysApp=F priApp=F hasShown=F float=F keyguard=F peek=F fullscreen=F
09-01 14:27:54.407 D/StatusBar(29730):     showMiuiAction=F enableFloat=T enableKeyguard=T floatTime=5000 messageCount=1 persistent=F customHeight=F
09-01 14:27:54.415 W/Parcel  ( 5237): **** enforceInterface() expected 'com.miui.gamebooster.service.ISecurityCenterNotificationListener' but read 'android.service.notification.INotificationListener'
09-01 14:27:54.416 W/Binder  ( 5237): Caught a RuntimeException from the binder stub implementation.
09-01 14:27:54.416 W/Binder  ( 5237): java.lang.SecurityException: Binder invocation to an incorrect interface
09-01 14:27:54.416 W/Binder  ( 5237): 	at android.os.Parcel.nativeEnforceInterface(Native Method)
09-01 14:27:54.416 W/Binder  ( 5237): 	at android.os.Parcel.enforceInterface(Parcel.java:626)
