09-01 14:27:54.416 W/Binder  ( 5237): 	at com.miui.gamebooster.service.ISecurityCenterNotificationListener$Stub.onTransact(Unknown Source:22)
09-01 14:27:54.416 W/Binder  ( 5237): 	at android.os.Binder.execTransactInternal(Binder.java:1021)
09-01 14:27:54.416 W/Binder  ( 5237): 	at android.os.Binder.execTransact(Binder.java:994)
09-01 14:27:54.421 D/IMReply:Notif(22367): onNotificationPosted before sbn = 4
09-01 14:27:54.421 W/Parcel  ( 5237): **** enforceInterface() expected 'com.miui.gamebooster.service.ISecurityCenterNotificationListener' but read 'android.service.notification.INotificationListener'
09-01 14:27:54.421 W/Binder  ( 5237): Caught a RuntimeException from the binder stub implementation.
09-01 14:27:54.421 W/Binder  ( 5237): java.lang.SecurityException: Binder invocation to an incorrect interface
09-01 14:27:54.421 W/Binder  ( 5237): 	at android.os.Parcel.nativeEnforceInterface(Native Method)
09-01 14:27:54.421 W/Binder  ( 5237): 	at android.os.Parcel.enforceInterface(Parcel.java:626)
09-01 14:27:54.421 W/Binder  ( 5237): 	at com.miui.gamebooster.service.ISecurityCenterNotificationListener$Stub.onTransact(Unknown Source:22)
09-01 14:27:54.421 W/Binder  ( 5237): 	at android.os.Binder.execTransactInternal(Binder.java:1021)
09-01 14:27:54.421 W/Binder  ( 5237): 	at android.os.Binder.execTransact(Binder.java:994)
09-01 14:27:54.422 D/StackScroller(29730): applyCurrentState
09-01 14:27:54.427 D/ExpandableNotificationRow(29730): updateBackground
09-01 14:27:54.427 D/StatusBar(29730): No peeking: unimportant notification: 0|com.xiaomi.hm.health|4|null|10241
09-01 14:27:54.427 D/StatusBar(29730): updateHeadsUp wasHeadsUp=false shouldPeek=false alertAgain=true
09-01 14:27:54.428 V/onNotificationPostedCallBack( 5237): flags=98
09-01 14:27:54.428 V/j       ( 5237): ret=0
09-01 14:27:54.430 D/IMReply:Notif(22367): onNotificationPosted before sbn = 4
09-01 14:27:54.430 V/onNotificationPostedCallBack( 5237): flags=98
09-01 14:27:54.431 V/j       ( 5237): ret=0
09-01 14:27:54.440 D/StackScroller(29730): applyCurrentState
09-01 14:27:54.443 D/StatusBar(29730): onNotificationPosted key=0|com.xiaomi.hm.health|4|null|10241 isUpdate=true
09-01 14:27:54.443 D/StatusBar(29730): updateNotification old=StatusBarNotification(pkg=com.xiaomi.hm.health user=UserHandle{0} id=4 tag=null key=0|com.xiaomi.hm.health|4|null|10241: Notification(channel=O000Oo0 pri=0 contentView=null vibrate=null sound=null defaults=0x0 flags=0x62 color=0xffff5a00 vis=PRIVATE))
09-01 14:27:54.443 D/StatusBar(29730):     pkgName=com.xiaomi.hm.health appUid=10241 sdk=29 imp=2 sysApp=F priApp=F hasShown=F float=F keyguard=F peek=F fullscreen=F
09-01 14:27:54.443 D/StatusBar(29730):     showMiuiAction=F enableFloat=T enableKeyguard=T floatTime=5000 messageCount=1 persistent=F customHeight=F
09-01 14:27:54.456 D/StackScroller(29730): applyCurrentState
09-01 14:27:54.457 D/StatusBar(29730): onNotificationPosted key=0|com.xiaomi.hm.health|4|null|10241 isUpdate=true
09-01 14:27:54.458 D/StatusBar(29730): updateNotification old=StatusBarNotification(pkg=com.xiaomi.hm.health user=UserHandle{0} id=4 tag=null key=0|com.xiaomi.hm.health|4|null|10241: Notification(channel=O000Oo0 pri=0 contentView=null vibrate=null sound=null defaults=0x0 flags=0x62 color=0xffff5a00 vis=PRIVATE))
09-01 14:27:54.458 D/StatusBar(29730):     pkgName=com.xiaomi.hm.health appUid=10241 sdk=29 imp=2 sysApp=F priApp=F hasShown=F float=F keyguard=F peek=F fullscreen=F
09-01 14:27:54.458 D/StatusBar(29730):     showMiuiAction=F enableFloat=T enableKeyguard=T floatTime=5000 messageCount=1 persistent=F customHeight=F
09-01 14:27:54.472 D/BluetoothGatt( 6385): setCharacteristicNotification() - uuid: 00000009-0000-3512-2118-0009af100700 enable: true
09-01 14:27:54.473 D/StackScroller(29730): applyCurrentState
09-01 14:27:54.479 D/ExpandableNotificationRow(29730): updateBackground
09-01 14:27:54.480 D/StatusBar(29730): No peeking: unimportant notification: 0|com.xiaomi.hm.health|4|null|10241
09-01 14:27:54.480 D/StatusBar(29730): updateHeadsUp wasHeadsUp=false shouldPeek=false alertAgain=true
09-01 14:27:54.490 D/StackScroller(29730): applyCurrentState
09-01 14:27:54.550 I/chatty  ( 8588): uid=1002(bluetooth) BT Service Call expire 97 lines
09-01 14:27:54.688 I/appium  ( 6329): channel read invoked!
09-01 14:27:54.688 I/appium  ( 6329): channel read: POST /wd/hub/session/f644ab3b-6e78-456c-8699-d60f6d2648b0/element
09-01 14:27:54.689 I/appium  ( 6329): Find element command using '-android uiautomator' with selector 'new UiSelector().text("我的")'.
09-01 14:27:54.689 I/appium  ( 6329): Waiting up to 10000ms for device to be idle
09-01 14:27:54.697 I/appium  ( 6329): AppiumResponse: {"sessionId":"f644ab3b-6e78-456c-8699-d60f6d2648b0","value":{"error":"no such element","message":"An element could not be located on the page using the given search parameters","stacktrace":"io.appium.uiautomator2.common.exceptions.ElementNotFoundException: An element could not be located on the ...
09-01 14:27:54.734 I/chatty  (19843): uid=1002 bluetooth@1.0-s expire 3 lines
09-01 14:27:54.749 I/chatty  ( 8588): uid=1002(bluetooth) btu message loo expire 132 lines
09-01 14:27:54.757 I/chatty  ( 8588): uid=1002(bluetooth) BT Service Call expire 122 lines
09-01 14:27:54.834 D/Event   ( 6385): No subscribers registered for event class com.xiaomi.hm.health.device.O00000o.O00000Oo
09-01 14:27:54.834 D/Event   ( 6385): No subscribers registered for event class O00000Oo.O000000o.O000000o.O0000Oo0
09-01 14:27:54.834 D/BluetoothGatt( 6385): setCharacteristicNotification() - uuid: 00000009-0000-3512-2118-0009af100700 enable: false
09-01 14:27:54.835 I/chatty  ( 8588): uid=1002(bluetooth) Binder:8588_7 expire 1 line
09-01 14:27:54.922 I/AudioTrack( 2503): isLongTimeZoreData zoer date time 54 Seconds
09-01 14:27:54.926 I/hwservicemanager(  573): getTransport: Cannot find entry vendor.qti.hardware.servicetracker@1.0::IServicetracker/default in either framework or device manifest.
09-01 14:27:54.928 D/CompatibilityInfo( 1639): mCompatibilityFlags - 0
09-01 14:27:54.928 D/CompatibilityInfo( 1639): applicationDensity - 440
09-01 14:27:54.928 D/CompatibilityInfo( 1639): applicationScale - 1.0
09-01 14:27:54.929 I/hwservicemanager(  573): getTransport: Cannot find entry vendor.qti.hardware.servicetracker@1.0::IServicetracker/default in either framework or device manifest.
09-01 14:27:54.931 I/MiuiNetworkPolicy( 1639): updateUidState uid = 10173, uidState = 4
09-01 14:27:54.931 I/MiuiNetworkPolicy( 1639): updateMLUid uid:10173,old:6,new:4
09-01 14:27:54.931 I/MiuiNetworkPolicy( 1639): isMLEnabled state:6,uid:10173,connect:DISCONNECTED
09-01 14:27:54.931 I/MiuiNetworkPolicy( 1639): isMLEnabled state:4,uid:10173,connect:DISCONNECTED
09-01 14:27:54.931 I/chatty  ( 8588): uid=1002(bluetooth) BT Service Call expire 150 lines
09-01 14:27:54.935 I/hwservicemanager(  573): getTransport: Cannot find entry vendor.qti.hardware.servicetracker@1.0::IServicetracker/default in either framework or device manifest.
09-01 14:27:54.936 I/hwservicemanager(  573): getTransport: Cannot find entry vendor.qti.hardware.servicetracker@1.0::IServicetracker/default in either framework or device manifest.
09-01 14:27:54.940 I/MiuiNetworkPolicy( 1639): updateUidState uid = 10173, uidState = 6
09-01 14:27:54.940 I/MiuiNetworkPolicy( 1639): updateMLUid uid:10173,old:4,new:6
09-01 14:27:54.940 I/MiuiNetworkPolicy( 1639): isMLEnabled state:4,uid:10173,connect:DISCONNECTED
09-01 14:27:54.940 I/MiuiNetworkPolicy( 1639): isMLEnabled state:6,uid:10173,connect:DISCONNECTED
09-01 14:27:54.953 I/chatty  ( 8588): uid=1002(bluetooth) btu message loo expire 232 lines
09-01 14:27:55.133 I/chatty  ( 8588): uid=1002(bluetooth) BT Service Call expire 272 lines
09-01 14:27:55.240 I/appium  ( 6329): channel read invoked!
09-01 14:27:55.240 I/appium  ( 6329): channel read: POST /wd/hub/session/f644ab3b-6e78-456c-8699-d60f6d2648b0/element
09-01 14:27:55.242 I/appium  ( 6329): Find element command using '-android uiautomator' with selector 'new UiSelector().text("我的")'.
09-01 14:27:55.242 I/appium  ( 6329): Waiting up to 10000ms for device to be idle
09-01 14:27:55.254 I/appium  ( 6329): AppiumResponse: {"sessionId":"f644ab3b-6e78-456c-8699-d60f6d2648b0","value":{"error":"no such element","message":"An element could not be located on the page using the given search parameters","stacktrace":"io.appium.uiautomator2.common.exceptions.ElementNotFoundException: An element could not be located on the ...
09-01 14:27:55.309 I/chatty  ( 8588): uid=1002(bluetooth) btu message loo expire 110 lines
09-01 14:27:55.438 I/tomator2.serve( 6329): ProcessProfilingInfo new_methods=0 is saved saved_to_disk=0 resolve_classes_delay=8000
09-01 14:27:55.466 D/BluetoothGatt( 6385): setCharacteristicNotification() - uuid: 00000014-0000-3512-2118-0009af100700 enable: true
09-01 14:27:55.467 I/chatty  ( 8588): uid=1002(bluetooth) Binder:8588_7 expire 2 lines
09-01 14:27:55.531 I/chatty  ( 8588): uid=1002(bluetooth) btu message loo expire 128 lines
09-01 14:27:55.532 I/chatty  ( 8588): uid=1002(bluetooth) BT Service Call expire 232 lines
09-01 14:27:55.651 D/BluetoothGatt( 6385): setCharacteristicNotification() - uuid: 00000003-0000-3512-2118-0009af100700 enable: true
09-01 14:27:55.699 I/chatty  ( 8588): uid=1002(bluetooth) btu message loo expire 129 lines
09-01 14:27:55.700 I/Timeline( 6385): Timeline: Activity_launch_request time:211241717
09-01 14:27:55.701 I/SplashScreenServiceDelegate( 1639): None for com.xiaomi.hm.health
09-01 14:27:55.701 I/ActivityTaskManager( 1639): START u0 {cmp=com.xiaomi.hm.health/.activity.MainTabActivity} from uid 10241
09-01 14:27:55.709 D/CompatibilityInfo( 1639): mCompatibilityFlags - 0
09-01 14:27:55.709 D/CompatibilityInfo( 1639): applicationDensity - 440
09-01 14:27:55.709 D/CompatibilityInfo( 1639): applicationScale - 1.0
09-01 14:27:55.710 D/ActivityTrigger( 1639): ActivityTrigger activityPauseTrigger 
09-01 14:27:55.719 I/ActivityTaskManager( 1639): The Process com.xiaomi.hm.health Already Exists in BG. So sending its PID: 6385
09-01 14:27:55.722 D/CompatibilityInfo( 1639): mCompatibilityFlags - 0
09-01 14:27:55.722 D/CompatibilityInfo( 1639): applicationDensity - 440
09-01 14:27:55.722 D/CompatibilityInfo( 1639): applicationScale - 1.0
09-01 14:27:55.724 D/WindowManager( 1639): Input focus has changed to null
09-01 14:27:55.726 I/Timeline( 1639): Timeline: App_transition_ready time:211241743
09-01 14:27:55.726 W/ActivityThread( 6385): handleWindowVisibility: no activity for token android.os.BinderProxy@9db572
09-01 14:27:55.740 D/[Koin]  ( 6385): +- get 'com.huami.femalehealth.uilib.O00000o0.O0000Oo'
09-01 14:27:55.740 D/[Koin]  ( 6385): | create instance for [type:Factory,primary_type:'com.huami.femalehealth.uilib.O00000o0.O0000Oo']
09-01 14:27:55.741 D/[Koin]  ( 6385): !- create scope - id:FemaleHealth q:FemaleHealth
09-01 14:27:55.741 D/[Koin]  ( 6385): bind type:'com.huami.femalehealth.logiclib.O000000o.O00000Oo' ~ [type:Scoped,scope:'FemaleHealth', primary_type:'com.huami.femalehealth.logiclib.O000000o.O00000Oo']
09-01 14:27:55.741 D/[Koin]  ( 6385): bind type:'com.huami.femalehealth.logiclib.O00000oo.O000O0OO' ~ [type:Scoped,scope:'FemaleHealth', primary_type:'com.huami.femalehealth.logiclib.O00000oo.O000O0OO']
09-01 14:27:55.741 D/[Koin]  ( 6385): bind type:'com.huami.femalehealth.logiclib.O00000oO.O00oOooO' ~ [type:Scoped,scope:'FemaleHealth', primary_type:'com.huami.femalehealth.logiclib.O00000oO.O00oOooO']
09-01 14:27:55.741 D/[Koin]  ( 6385): bind type:'com.huami.femalehealth.logiclib.O00000o0.O0000OOo' ~ [type:Scoped,scope:'FemaleHealth', primary_type:'com.huami.femalehealth.logiclib.O00000o0.O0000OOo']
09-01 14:27:55.741 D/[Koin]  ( 6385): bind type:'com.huami.femalehealth.logiclib.O00000Oo.O00000Oo' ~ [type:Scoped,scope:'FemaleHealth', primary_type:'com.huami.femalehealth.logiclib.O00000Oo.O00000Oo']
09-01 14:27:55.741 D/[Koin]  ( 6385): bind qualifier:'FemaleHealthWebHost' ~ [type:Scoped,scope:'FemaleHealth', name:'FemaleHealthWebHost', primary_type:'java.lang.String']
09-01 14:27:55.741 D/[Koin]  ( 6385): bind type:'com.huami.femalehealth.logiclib.db.FemaleHealthDb' ~ [type:Scoped,scope:'FemaleHealth', primary_type:'com.huami.femalehealth.logiclib.db.FemaleHealthDb']
09-01 14:27:55.741 D/[Koin]  ( 6385): bind type:'com.huami.femalehealth.logiclib.O00000oO.O0000O0o' ~ [type:Scoped,scope:'FemaleHealth', primary_type:'com.huami.femalehealth.logiclib.O00000oO.O0000O0o']
09-01 14:27:55.741 D/[Koin]  ( 6385): +- get 'com.huami.femalehealth.logiclib.O00000oO.O00oOooO'
09-01 14:27:55.741 D/[Koin]  ( 6385): | create instance for [type:Scoped,scope:'FemaleHealth', primary_type:'com.huami.femalehealth.logiclib.O00000oO.O00oOooO']
09-01 14:27:55.741 D/[Koin]  ( 6385): +- get 'com.huami.femalehealth.logiclib.O00000o0.O0000OOo'
09-01 14:27:55.741 D/[Koin]  ( 6385): | create instance for [type:Scoped,scope:'FemaleHealth', primary_type:'com.huami.femalehealth.logiclib.O00000o0.O0000OOo']
09-01 14:27:55.741 D/[Koin]  ( 6385): +- get 'java.lang.String'
09-01 14:27:55.741 D/[Koin]  ( 6385): +- got 'java.lang.String' in 0.011302 ms
09-01 14:27:55.741 D/[Koin]  ( 6385): +- get 'O00000oO.O0000Ooo.O000000o.O00000Oo'
09-01 14:27:55.742 D/[Koin]  ( 6385): +- got 'O00000oO.O0000Ooo.O000000o.O00000Oo' in 0.009062 ms
09-01 14:27:55.742 D/[Koin]  ( 6385): +- get 'O00000oO.O0000Ooo.O000000o.O00000Oo'
09-01 14:27:55.742 D/[Koin]  ( 6385): +- got 'O00000oO.O0000Ooo.O000000o.O00000Oo' in 0.007761 ms
09-01 14:27:55.742 D/[Koin]  ( 6385): +- get 'O00000oO.O0000Ooo.O000000o.O00000Oo'
09-01 14:27:55.742 D/[Koin]  ( 6385): +- got 'O00000oO.O0000Ooo.O000000o.O00000Oo' in 0.007813 ms
09-01 14:27:55.742 D/[Koin]  ( 6385): +- get 'O00000oO.O0000Ooo.O000000o.O00000Oo'
09-01 14:27:55.742 D/[Koin]  ( 6385): | create instance for [type:Scoped,scope:'User', name:'Location', primary_type:'O00000oO.O0000Ooo.O000000o.O00000Oo']
09-01 14:27:55.742 D/[Koin]  ( 6385): +- got 'O00000oO.O0000Ooo.O000000o.O00000Oo' in 0.114584 ms
09-01 14:27:55.742 D/[Koin]  ( 6385): +- get 'O00000oO.O0000Ooo.O000000o.O00000Oo'
09-01 14:27:55.742 D/[Koin]  ( 6385): | create instance for [type:Scoped,scope:'User', name:'Summary', primary_type:'O00000oO.O0000Ooo.O000000o.O00000Oo']
09-01 14:27:55.742 D/[Koin]  ( 6385): +- got 'O00000oO.O0000Ooo.O000000o.O00000Oo' in 0.094011 ms
09-01 14:27:55.742 D/[Koin]  ( 6385): +- get 'O00000oO.O0000Ooo.O000000o.O00000Oo'
09-01 14:27:55.742 D/[Koin]  ( 6385): | create instance for [type:Scoped,scope:'User', name:'Type', primary_type:'O00000oO.O0000Ooo.O000000o.O00000Oo']
09-01 14:27:55.742 D/[Koin]  ( 6385): +- got 'O00000oO.O0000Ooo.O000000o.O00000Oo' in 0.189687 ms
09-01 14:27:55.743 D/[Koin]  ( 6385): +- got 'com.huami.femalehealth.logiclib.O00000o0.O0000OOo' in 1.455 ms
09-01 14:27:55.743 D/[Koin]  ( 6385): +- get 'android.app.Application'
09-01 14:27:55.744 D/[Koin]  ( 6385): | create instance for [type:Single,primary_type:'android.app.Application']
09-01 14:27:55.744 D/[Koin]  ( 6385): +- got 'android.app.Application' in 0.06776 ms
09-01 14:27:55.745 D/[Koin]  ( 6385): +- got 'com.huami.femalehealth.logiclib.O00000oO.O00oOooO' in 3.552553 ms
09-01 14:27:55.745 D/[Koin]  ( 6385): +- get 'com.huami.femalehealth.logiclib.O0000O0o.O00000o'
09-01 14:27:55.745 D/[Koin]  ( 6385): | create instance for [type:Factory,primary_type:'com.huami.femalehealth.logiclib.O0000O0o.O00000o']
09-01 14:27:55.745 D/[Koin]  ( 6385): +- get 'com.huami.femalehealth.logiclib.O00000oO.O0000O0o'
09-01 14:27:55.745 D/[Koin]  ( 6385): | create instance for [type:Scoped,scope:'FemaleHealth', primary_type:'com.huami.femalehealth.logiclib.O00000oO.O0000O0o']
09-01 14:27:55.745 D/[Koin]  ( 6385): +- got 'com.huami.femalehealth.logiclib.O00000oO.O0000O0o' in 0.255365 ms
09-01 14:27:55.745 D/[Koin]  ( 6385): +- get 'com.huami.femalehealth.logiclib.O000000o.O00000Oo'
09-01 14:27:55.745 D/[Koin]  ( 6385): | create instance for [type:Scoped,scope:'FemaleHealth', primary_type:'com.huami.femalehealth.logiclib.O000000o.O00000Oo']
09-01 14:27:55.745 D/[Koin]  ( 6385): +- get 'java.lang.String'
09-01 14:27:55.745 D/[Koin]  ( 6385): | create instance for [type:Scoped,scope:'FemaleHealth', name:'FemaleHealthWebHost', primary_type:'java.lang.String']
09-01 14:27:55.745 D/[Koin]  ( 6385): +- get 'java.lang.String'
09-01 14:27:55.745 D/[Koin]  ( 6385): | create instance for [type:Scoped,scope:'User', name:'Host', primary_type:'java.lang.String']
09-01 14:27:55.746 D/[Koin]  ( 6385): +- got 'java.lang.String' in 0.0925 ms
09-01 14:27:55.746 D/[Koin]  ( 6385): +- got 'java.lang.String' in 0.217604 ms
09-01 14:27:55.748 D/[Koin]  ( 6385): +- got 'com.huami.femalehealth.logiclib.O000000o.O00000Oo' in 2.876927 ms
09-01 14:27:55.748 D/[Koin]  ( 6385): +- get 'com.huami.femalehealth.logiclib.db.FemaleHealthDb'
09-01 14:27:55.748 D/[Koin]  ( 6385): | create instance for [type:Scoped,scope:'FemaleHealth', primary_type:'com.huami.femalehealth.logiclib.db.FemaleHealthDb']
09-01 14:27:55.748 D/[Koin]  ( 6385): +- get 'com.huami.femalehealth.logiclib.O00000o0.O0000OOo'
09-01 14:27:55.748 D/[Koin]  ( 6385): +- got 'com.huami.femalehealth.logiclib.O00000o0.O0000OOo' in 0.012917 ms
09-01 14:27:55.749 D/[Koin]  ( 6385): +- get 'android.content.Context'
09-01 14:27:55.749 D/[Koin]  ( 6385): +- got 'android.content.Context' in 0.015105 ms
09-01 14:27:55.751 D/[Koin]  ( 6385): +- got 'com.huami.femalehealth.logiclib.db.FemaleHealthDb' in 2.551979 ms
09-01 14:27:55.751 D/[Koin]  ( 6385): +- get 'com.huami.femalehealth.logiclib.O00000Oo.O00000o'
09-01 14:27:55.751 D/[Koin]  ( 6385): | create instance for [type:Factory,primary_type:'com.huami.femalehealth.logiclib.O00000Oo.O00000o']
09-01 14:27:55.751 D/[Koin]  ( 6385): +- get 'com.huami.femalehealth.logiclib.O00000oO.O0000O0o'
09-01 14:27:55.751 D/[Koin]  ( 6385): +- got 'com.huami.femalehealth.logiclib.O00000oO.O0000O0o' in 0.01625 ms
09-01 14:27:55.751 D/[Koin]  ( 6385): +- get 'com.huami.femalehealth.logiclib.O000000o.O00000Oo'
09-01 14:27:55.751 D/[Koin]  ( 6385): +- got 'com.huami.femalehealth.logiclib.O000000o.O00000Oo' in 0.009375 ms
09-01 14:27:55.751 D/[Koin]  ( 6385): +- get 'com.huami.femalehealth.logiclib.db.FemaleHealthDb'
09-01 14:27:55.751 D/[Koin]  ( 6385): +- got 'com.huami.femalehealth.logiclib.db.FemaleHealthDb' in 0.007135 ms
09-01 14:27:55.751 D/[Koin]  ( 6385): +- get 'com.huami.femalehealth.logiclib.O00000Oo.O00000Oo'
09-01 14:27:55.751 D/[Koin]  ( 6385): | create instance for [type:Scoped,scope:'FemaleHealth', primary_type:'com.huami.femalehealth.logiclib.O00000Oo.O00000Oo']
09-01 14:27:55.753 D/[Koin]  ( 6385): +- got 'com.huami.femalehealth.logiclib.O00000Oo.O00000Oo' in 2.091666 ms
09-01 14:27:55.753 D/[Koin]  ( 6385): +- get 'com.huami.femalehealth.logiclib.O00000oO.O00oOooO'
09-01 14:27:55.754 D/[Koin]  ( 6385): +- got 'com.huami.femalehealth.logiclib.O00000oO.O00oOooO' in 0.023021 ms
09-01 14:27:55.758 D/[Koin]  ( 6385): +- got 'com.huami.femalehealth.logiclib.O00000Oo.O00000o' in 6.619583 ms
09-01 14:27:55.758 D/[Koin]  ( 6385): +- get 'com.huami.femalehealth.logiclib.O00000Oo.O00000o0'
09-01 14:27:55.758 D/[Koin]  ( 6385): | create instance for [type:Factory,primary_type:'com.huami.femalehealth.logiclib.O00000Oo.O00000o0']
09-01 14:27:55.758 D/[Koin]  ( 6385): +- got 'com.huami.femalehealth.logiclib.O00000Oo.O00000o0' in 0.109844 ms
09-01 14:27:55.761 D/[Koin]  ( 6385): +- got 'com.huami.femalehealth.logiclib.O0000O0o.O00000o' in 16.430625 ms
09-01 14:27:55.763 D/[Koin]  ( 6385): +- got 'com.huami.femalehealth.uilib.O00000o0.O0000Oo' in 22.796302 ms
09-01 14:27:55.766 D/ViewContentFactory( 6385): initViewContentFetcherClass
09-01 14:27:55.766 I/ContentCatcher( 6385): ViewContentFetcher : ViewContentFetcher
09-01 14:27:55.766 D/ViewContentFactory( 6385): createInterceptor took 0ms
09-01 14:27:55.786 I/appium  ( 6329): channel read invoked!
09-01 14:27:55.786 I/appium  ( 6329): channel read: POST /wd/hub/session/f644ab3b-6e78-456c-8699-d60f6d2648b0/element
09-01 14:27:55.787 I/appium  ( 6329): Find element command using '-android uiautomator' with selector 'new UiSelector().text("我的")'.
09-01 14:27:55.787 I/appium  ( 6329): Waiting up to 10000ms for device to be idle
09-01 14:27:55.788 D/BaseTitleActivity( 6385): setStyle NONE title  darkMode false color 0
09-01 14:27:55.820 D/BluetoothGatt( 6385): setCharacteristicNotification() - uuid: 00000003-0000-3512-2118-0009af100700 enable: false
09-01 14:27:55.821 I/chatty  ( 8588): uid=1002(bluetooth) Binder:8588_7 expire 2 lines
09-01 14:27:55.831 W/RecentsModel( 7676): onTaskStackChangedBackground: start loading
09-01 14:27:55.831 W/RecentsModel( 7676): getTaskInfoIgnoreHomeAndSplit   taskInfo=ComponentInfo{com.xiaomi.hm.health/com.xiaomi.hm.health.activity.MainTabActivity}
09-01 14:27:55.832 W/RecentsModel( 7676): getTaskInfoIgnoreHomeAndFreeform   taskInfo=ComponentInfo{com.xiaomi.hm.health/com.xiaomi.hm.health.activity.MainTabActivity}
09-01 14:27:55.832 W/RecentsModel( 7676): getTaskInfoIgnoreFreeform   taskInfo=ComponentInfo{com.xiaomi.hm.health/com.xiaomi.hm.health.activity.MainTabActivity}
09-01 14:27:55.832 W/RecentsModel( 7676): onTaskStackChangedBackground: finishLoading loading
09-01 14:27:55.856 V/xiaomi  ( 6385): [Thread:6313] sdk_version = 3_7_5
09-01 14:27:55.859 D/CompatibilityInfo( 1639): mCompatibilityFlags - 0
09-01 14:27:55.859 D/CompatibilityInfo( 1639): applicationDensity - 440
09-01 14:27:55.859 D/CompatibilityInfo( 1639): applicationScale - 1.0
09-01 14:27:55.860 I/hwservicemanager(  573): getTransport: Cannot find entry vendor.qti.hardware.servicetracker@1.0::IServicetracker/default in either framework or device manifest.
09-01 14:27:55.867 W/PushService( 5479): 2020-08-31 23:27:55,867 - [WARN::PushService] - [Thread:2] onStart() with intent.Action = null, chid = null, pkg = null|com.xiaomi.hm.health, from-bridge = null
09-01 14:27:55.867 V/xiaomi  ( 6385): [Thread:6317] (Local) begin execute onCommandResult, command=accept-time, resultCode=0, reason=null
09-01 14:27:55.867 V/xiaomi  ( 6385): [Thread:6317] (Local) begin execute onCommandResult, command=register, resultCode=0, reason=null
09-01 14:27:55.871 I/chatty  ( 3272): uid=1002(bluetooth) Binder:3272_3 expire 18 lines
09-01 14:27:55.872 W/PushService( 5479): 2020-08-31 23:27:55,872 - [WARN::PushService] - [Thread:2] onStart() with intent.Action = null, chid = null, pkg = null|com.xiaomi.hm.health, from-bridge = null
09-01 14:27:55.883 W/AsyncHttpResponse( 6385): Current thread has not called Looper.prepare().Forcing synchronous mode
09-01 14:27:55.892 W/PushService( 5479): 2020-08-31 23:27:55,892 - [WARN::PushService] - [Thread:2] onStart() with intent.Action = com.xiaomi.mipush.SEND_MESSAGE, chid = null, pkg = null|com.xiaomi.hm.health, from-bridge = null
09-01 14:27:55.892 W/PushService( 5479): 2020-08-31 23:27:55,892 - [WARN::PushService] - [Thread:293] JOB: Handle intent action = com.xiaomi.mipush.SEND_MESSAGE
09-01 14:27:55.893 V/xiaomi  ( 6385): [Thread:6317] ASSEMBLE_PUSH : assemble push register
09-01 14:27:55.893 V/xiaomi  ( 6385): [Thread:6317] (Local) begin execute onCommandResult, command=set-alias, resultCode=0, reason=null
09-01 14:27:55.893 W/PushService( 5479): 2020-08-31 23:27:55,893 - [WARN::PushService] - [Thread:2] onStart() with intent.Action = com.xiaomi.mipush.SEND_MESSAGE, chid = null, pkg = null|com.xiaomi.hm.health, from-bridge = null
09-01 14:27:55.893 W/PushService( 5479): 2020-08-31 23:27:55,893 - [WARN::PushService] - [Thread:293] try send mi push message. packagename:com.xiaomi.hm.health action:Notification
09-01 14:27:55.893 V/xiaomi  ( 6385): [Thread:6317] (Local) begin execute onCommandResult, command=set-alias, resultCode=0, reason=null
09-01 14:27:55.893 V/xiaomi  ( 6385): [Thread:6317] (Local) begin execute onCommandResult, command=subscribe-topic, resultCode=0, reason=null
09-01 14:27:55.893 I/chatty  ( 6385): uid=10241(com.xiaomi.hm.health) identical 1 line
09-01 14:27:55.893 V/xiaomi  ( 6385): [Thread:6317] (Local) begin execute onCommandResult, command=subscribe-topic, resultCode=0, reason=null
09-01 14:27:55.893 W/PushService( 5479): 2020-08-31 23:27:55,893 - [WARN::PushService] - [Thread:293] [Slim] Wrote {cmd=SECMSG;chid=5;len=277}
09-01 14:27:55.893 V/xiaomi  ( 6385): [Thread:6317] (Local) begin execute onCommandResult, command=subscribe-topic, resultCode=0, reason=null
09-01 14:27:55.893 V/xiaomi  ( 6385): [Thread:6317] (Local) begin execute onCommandResult, command=subscribe-topic, resultCode=0, reason=null
09-01 14:27:55.894 W/PushService( 5479): 2020-08-31 23:27:55,894 - [WARN::PushService] - [Thread:293] [Slim] 11:27:55 PM Sent  Blob [SECMSG,5,4QI3U-1324]
09-01 14:27:55.894 V/xiaomi  ( 6385): [Thread:6317] (Local) begin execute onCommandResult, command=subscribe-topic, resultCode=0, reason=null
09-01 14:27:55.894 W/PushService( 5479): 2020-08-31 23:27:55,894 - [WARN::PushService] - [Thread:293] JOB: Handle intent action = com.xiaomi.mipush.SEND_MESSAGE
09-01 14:27:55.894 V/xiaomi  ( 6385): [Thread:6317] (Local) begin execute onCommandResult, command=subscribe-topic, resultCode=0, reason=null
09-01 14:27:55.895 W/PushService( 5479): 2020-08-31 23:27:55,894 - [WARN::PushService] - [Thread:293] try send mi push message. packagename:com.xiaomi.hm.health action:Subscription
09-01 14:27:55.895 W/PushService( 5479): 2020-08-31 23:27:55,895 - [WARN::PushService] - [Thread:293] [Slim] Wrote {cmd=SECMSG;chid=5;len=303}
09-01 14:27:55.895 W/PushService( 5479): 2020-08-31 23:27:55,895 - [WARN::PushService] - [Thread:293] [Slim] 11:27:55 PM Sent  Blob [SECMSG,5,4QI3U-1325]
09-01 14:27:55.897 W/PushService( 5479): 2020-08-31 23:27:55,897 - [WARN::PushService] - [Thread:2] onStart() with intent.Action = action_cr_config, chid = null, pkg = null|com.xiaomi.hm.health, from-bridge = null
09-01 14:27:55.898 D/CompatibilityInfo( 1639): mCompatibilityFlags - 0
09-01 14:27:55.898 D/CompatibilityInfo( 1639): applicationDensity - 440
09-01 14:27:55.898 D/CompatibilityInfo( 1639): applicationScale - 1.0
09-01 14:27:55.899 W/PushService( 5479): 2020-08-31 23:27:55,897 - [WARN::PushService] - [Thread:293] JOB: Handle intent action = action_cr_config
09-01 14:27:55.899 I/hwservicemanager(  573): getTransport: Cannot find entry vendor.qti.hardware.servicetracker@1.0::IServicetracker/default in either framework or device manifest.
09-01 14:27:55.910 D/BluetoothGatt( 6385): setCharacteristicNotification() - uuid: 00000003-0000-3512-2118-0009af100700 enable: true
09-01 14:27:55.921 I/chatty  ( 8588): uid=1002(bluetooth) btu message loo expire 132 lines
09-01 14:27:55.922 I/chatty  ( 8588): uid=1002(bluetooth) BT Service Call expire 119 lines
09-01 14:27:55.926 W/AsyncHttpResponse( 6385): Current thread has not called Looper.prepare().Forcing synchronous mode
09-01 14:27:55.931 W/AsyncHttpResponse( 6385): Current thread has not called Looper.prepare().Forcing synchronous mode
09-01 14:27:55.932 D/AppOpsAdapter( 5211): using permission notify! 32
09-01 14:27:55.933 W/AsyncHttpResponse( 6385): Current thread has not called Looper.prepare().Forcing synchronous mode
09-01 14:27:55.936 I/BehaviorRecord-Monitor( 5237): com.xiaomi.hm.health , perm: 32 , operation 2 , current size: 1
09-01 14:27:55.936 V/AsyncHttpResponse( 6385): Progress 40 from 40 (100%)
09-01 14:27:55.938 I/AudioTrack( 2503): isLongTimeZoreData zoer date time 55 Seconds
09-01 14:27:55.940 W/AsyncHttpResponse( 6385): Current thread has not called Looper.prepare().Forcing synchronous mode
09-01 14:27:55.946 W/AsyncHttpResponse( 6385): Current thread has not called Looper.prepare().Forcing synchronous mode
09-01 14:27:55.947 D/[Koin]  ( 6385): +- get 'com.huami.fittime.ui.profile.O0000O0o'
09-01 14:27:55.947 D/[Koin]  ( 6385): | create instance for [type:Factory,primary_type:'com.huami.fittime.ui.profile.O0000O0o']
09-01 14:27:55.947 D/[Koin]  ( 6385): !- create scope - id:FitTime q:FitTime
09-01 14:27:55.947 D/[Koin]  ( 6385): bind type:'com.huami.fittime.O00000o.O00000Oo.O000000o' ~ [type:Scoped,scope:'FitTime', primary_type:'com.huami.fittime.O00000o.O00000Oo.O000000o']
09-01 14:27:55.947 D/[Koin]  ( 6385): bind type:'com.huami.fittime.O00000oo.O00O0o00' ~ [type:Scoped,scope:'FitTime', primary_type:'com.huami.fittime.O00000oo.O00O0o00']
09-01 14:27:55.947 D/[Koin]  ( 6385): bind type:'com.huami.fittime.O000000o.O000000o.O000000o' ~ [type:Scoped,scope:'FitTime', primary_type:'com.huami.fittime.O000000o.O000000o.O000000o']
09-01 14:27:55.947 D/[Koin]  ( 6385): bind type:'com.huami.fittime.O00000oO.O00oOooO' ~ [type:Scoped,scope:'FitTime', primary_type:'com.huami.fittime.O00000oO.O00oOooO']
09-01 14:27:55.947 D/[Koin]  ( 6385): bind type:'com.huami.fittime.db.FitTimeDb' ~ [type:Scoped,scope:'FitTime', primary_type:'com.huami.fittime.db.FitTimeDb']
09-01 14:27:55.947 D/[Koin]  ( 6385): bind qualifier:'FitTimeWebHost' ~ [type:Scoped,scope:'FitTime', name:'FitTimeWebHost', primary_type:'java.lang.String']
09-01 14:27:55.947 D/[Koin]  ( 6385): bind type:'com.huami.fittime.ui.base.O00000Oo' ~ [type:Scoped,scope:'FitTime', primary_type:'com.huami.fittime.ui.base.O00000Oo']
09-01 14:27:55.947 D/[Koin]  ( 6385): bind type:'com.huami.fittime.O000000o.O000O0o' ~ [type:Scoped,scope:'FitTime', primary_type:'com.huami.fittime.O000000o.O000O0o']
09-01 14:27:55.947 D/[Koin]  ( 6385): bind type:'com.huami.fittime.O000000o.O0000Oo' ~ [type:Scoped,scope:'FitTime', primary_type:'com.huami.fittime.O000000o.O0000Oo']
09-01 14:27:55.947 D/[Koin]  ( 6385): bind type:'com.huami.fittime.O000000o.O00000o' ~ [type:Scoped,scope:'FitTime', primary_type:'com.huami.fittime.O000000o.O00000o']
09-01 14:27:55.947 D/[Koin]  ( 6385): bind type:'com.huami.fittime.O00000oo.O00O0Oo' ~ [type:Scoped,scope:'FitTime', primary_type:'com.huami.fittime.O00000oo.O00O0Oo']
09-01 14:27:55.947 D/[Koin]  ( 6385): +- get 'com.huami.fittime.ui.profile.O0000OOo'
09-01 14:27:55.948 D/[Koin]  ( 6385): | create instance for [type:Factory,primary_type:'com.huami.fittime.ui.profile.O0000OOo']
09-01 14:27:55.948 D/[Koin]  ( 6385): +- get 'com.huami.fittime.O00000oo.O00O0Oo'
09-01 14:27:55.948 D/[Koin]  ( 6385): | create instance for [type:Scoped,scope:'FitTime', primary_type:'com.huami.fittime.O00000oo.O00O0Oo']
09-01 14:27:55.948 D/[Koin]  ( 6385): +- got 'com.huami.fittime.O00000oo.O00O0Oo' in 0.337031 ms
09-01 14:27:55.948 D/[Koin]  ( 6385): +- get 'com.huami.fittime.db.FitTimeDb'
09-01 14:27:55.948 D/[Koin]  ( 6385): | create instance for [type:Scoped,scope:'FitTime', primary_type:'com.huami.fittime.db.FitTimeDb']
09-01 14:27:55.948 E/ResolverController(  679): No valid NAT64 prefix (116, <unspecified>/0)
09-01 14:27:55.948 D/[Koin]  ( 6385): +- get 'com.huami.fittime.O00000oO.O00oOooO'
09-01 14:27:55.948 D/[Koin]  ( 6385): | create instance for [type:Scoped,scope:'FitTime', primary_type:'com.huami.fittime.O00000oO.O00oOooO']
09-01 14:27:55.948 D/[Koin]  ( 6385): +- get 'java.lang.String'
09-01 14:27:55.948 D/[Koin]  ( 6385): +- got 'java.lang.String' in 0.010052 ms
09-01 14:27:55.948 D/[Koin]  ( 6385): +- get 'O00000oO.O0000Ooo.O000000o.O00000Oo'
09-01 14:27:55.948 D/[Koin]  ( 6385): +- got 'O00000oO.O0000Ooo.O000000o.O00000Oo' in 0.007604 ms
09-01 14:27:55.948 D/[Koin]  ( 6385): +- get 'O00000oO.O0000Ooo.O000000o.O00000Oo'
09-01 14:27:55.948 D/[Koin]  ( 6385): +- got 'O00000oO.O0000Ooo.O000000o.O00000Oo' in 0.007708 ms
09-01 14:27:55.948 D/[Koin]  ( 6385): +- get 'O00000oO.O0000Ooo.O000000o.O00000Oo'
09-01 14:27:55.948 D/[Koin]  ( 6385): +- got 'O00000oO.O0000Ooo.O000000o.O00000Oo' in 0.007292 ms
09-01 14:27:55.948 D/[Koin]  ( 6385): +- get 'O00000oO.O0000Ooo.O000000o.O00000Oo'
09-01 14:27:55.948 D/[Koin]  ( 6385): +- got 'O00000oO.O0000Ooo.O000000o.O00000Oo' in 0.006979 ms
09-01 14:27:55.948 D/[Koin]  ( 6385): +- get 'O00000oO.O0000Ooo.O000000o.O00000Oo'
09-01 14:27:55.948 D/[Koin]  ( 6385): +- got 'O00000oO.O0000Ooo.O000000o.O00000Oo' in 0.008697 ms
09-01 14:27:55.948 D/[Koin]  ( 6385): +- get 'O00000oO.O0000Ooo.O000000o.O00000Oo'
09-01 14:27:55.948 D/[Koin]  ( 6385): +- got 'O00000oO.O0000Ooo.O000000o.O00000Oo' in 0.008125 ms
09-01 14:27:55.949 D/[Koin]  ( 6385): +- got 'com.huami.fittime.O00000oO.O00oOooO' in 0.615104 ms
09-01 14:27:55.949 D/[Koin]  ( 6385): +- get 'android.content.Context'
09-01 14:27:55.949 D/[Koin]  ( 6385): +- got 'android.content.Context' in 0.013802 ms
09-01 14:27:55.956 D/[Koin]  ( 6385): +- got 'com.huami.fittime.db.FitTimeDb' in 7.7975 ms
09-01 14:27:55.956 D/[Koin]  ( 6385): +- get 'com.huami.fittime.O000000o.O00000o'
09-01 14:27:55.956 D/[Koin]  ( 6385): | create instance for [type:Scoped,scope:'FitTime', primary_type:'com.huami.fittime.O000000o.O00000o']
09-01 14:27:55.956 D/[Koin]  ( 6385): +- get 'java.lang.String'
09-01 14:27:55.956 D/[Koin]  ( 6385): | create instance for [type:Scoped,scope:'FitTime', name:'FitTimeWebHost', primary_type:'java.lang.String']
09-01 14:27:55.956 D/[Koin]  ( 6385): +- get 'java.lang.String'
09-01 14:27:55.956 D/[Koin]  ( 6385): +- got 'java.lang.String' in 0.008854 ms
09-01 14:27:55.956 D/[Koin]  ( 6385): +- got 'java.lang.String' in 0.090365 ms
09-01 14:27:55.959 D/[Koin]  ( 6385): +- got 'com.huami.fittime.O000000o.O00000o' in 3.095625 ms
09-01 14:27:55.974 V/AsyncHttpResponse( 6385): Progress 3 from 3 (100%)
09-01 14:27:55.978 D/[Koin]  ( 6385): +- got 'com.huami.fittime.ui.profile.O0000OOo' in 30.067136 ms
09-01 14:27:55.978 D/[Koin]  ( 6385): +- get 'com.huami.fittime.ui.O000000o.O00000Oo'
09-01 14:27:55.978 D/[Koin]  ( 6385): | create instance for [type:Factory,primary_type:'com.huami.fittime.ui.O000000o.O00000Oo']
09-01 14:27:55.978 D/[Koin]  ( 6385): +- get 'com.huami.fittime.O00000oo.O00O0Oo'
09-01 14:27:55.978 D/[Koin]  ( 6385): +- got 'com.huami.fittime.O00000oo.O00O0Oo' in 0.013854 ms
09-01 14:27:55.978 D/[Koin]  ( 6385): +- get 'com.huami.fittime.O000000o.O00000o'
09-01 14:27:55.978 D/[Koin]  ( 6385): +- got 'com.huami.fittime.O000000o.O00000o' in 0.014115 ms
09-01 14:27:55.978 D/[Koin]  ( 6385): +- got 'com.huami.fittime.ui.O000000o.O00000Oo' in 0.323594 ms
09-01 14:27:55.978 D/[Koin]  ( 6385): +- get 'com.huami.fittime.O00000o.O00000Oo.O000000o'
09-01 14:27:55.978 D/[Koin]  ( 6385): | create instance for [type:Scoped,scope:'FitTime', primary_type:'com.huami.fittime.O00000o.O00000Oo.O000000o']
09-01 14:27:55.978 D/[Koin]  ( 6385): +- get 'com.huami.fittime.O00000oo.O00O0Oo'
09-01 14:27:55.978 D/[Koin]  ( 6385): +- got 'com.huami.fittime.O00000oo.O00O0Oo' in 0.008177 ms
09-01 14:27:55.978 D/[Koin]  ( 6385): +- get 'com.huami.fittime.O000000o.O00000o'
09-01 14:27:55.978 D/[Koin]  ( 6385): +- got 'com.huami.fittime.O000000o.O00000o' in 0.007865 ms
09-01 14:27:55.978 D/[Koin]  ( 6385): +- get 'com.huami.fittime.db.FitTimeDb'
09-01 14:27:55.978 D/[Koin]  ( 6385): +- got 'com.huami.fittime.db.FitTimeDb' in 0.007448 ms
09-01 14:27:55.978 D/[Koin]  ( 6385): +- get 'com.huami.fittime.ui.base.O00000o0.O000000o'
09-01 14:27:55.978 D/[Koin]  ( 6385): | create instance for [type:Factory,primary_type:'com.huami.fittime.ui.base.O00000o0.O000000o']
09-01 14:27:55.978 D/[Koin]  ( 6385): +- get 'com.huami.training.O0000O0o.O000000o.O00000o0'
09-01 14:27:55.978 D/[Koin]  ( 6385): | create instance for [type:Factory,primary_type:'com.huami.training.O0000O0o.O000000o.O00000o0']
09-01 14:27:55.978 D/[Koin]  ( 6385): +- get 'com.huami.training.O0000o0.O000OO0o'
09-01 14:27:55.978 D/[Koin]  ( 6385): | create instance for [type:Factory,primary_type:'com.huami.training.O0000o0.O000OO0o']
09-01 14:27:55.979 D/[Koin]  ( 6385): +- get 'com.huami.training.O0000Oo.O000000o'
09-01 14:27:55.979 D/[Koin]  ( 6385): +- got 'com.huami.training.O0000Oo.O000000o' in 0.00875 ms
09-01 14:27:55.979 D/[Koin]  ( 6385): +- get 'com.huami.training.O0000OOo.O000OO0o'
09-01 14:27:55.979 D/[Koin]  ( 6385): +- got 'com.huami.training.O0000OOo.O000OO0o' in 0.008073 ms
09-01 14:27:55.979 D/[Koin]  ( 6385): +- get 'com.huami.training.db.TrainingDb'
09-01 14:27:55.979 D/[Koin]  ( 6385): +- got 'com.huami.training.db.TrainingDb' in 0.006406 ms
09-01 14:27:55.979 D/[Koin]  ( 6385): +- get 'com.huami.training.O000000o.O000OO0o'
09-01 14:27:55.979 D/[Koin]  ( 6385): | create instance for [type:Scoped,scope:'Training', primary_type:'com.huami.training.O000000o.O000OO0o']
09-01 14:27:55.979 V/AsyncHttpResponse( 6385): Progress 12 from 12 (100%)
09-01 14:27:55.979 V/AsyncHttpResponse( 6385): Progress 84 from 84 (100%)
09-01 14:27:55.982 D/[Koin]  ( 6385): +- get 'java.lang.String'
09-01 14:27:55.982 D/[Koin]  ( 6385): | create instance for [type:Scoped,scope:'Training', name:'TrainingWebHost', primary_type:'java.lang.String']
09-01 14:27:55.982 D/[Koin]  ( 6385): +- get 'java.lang.String'
09-01 14:27:55.982 D/[Koin]  ( 6385): +- got 'java.lang.String' in 0.011197 ms
09-01 14:27:55.982 D/[Koin]  ( 6385): +- got 'java.lang.String' in 0.137135 ms
09-01 14:27:55.982 D/[Koin]  ( 6385): +- get 'com.huami.training.O0000OOo.O000OO0o'
09-01 14:27:55.982 D/[Koin]  ( 6385): +- got 'com.huami.training.O0000OOo.O000OO0o' in 0.009219 ms
09-01 14:27:55.982 D/[Koin]  ( 6385): +- got 'com.huami.training.O000000o.O000OO0o' in 3.200833 ms
09-01 14:27:55.983 D/[Koin]  ( 6385): +- got 'com.huami.training.O0000o0.O000OO0o' in 4.213542 ms
09-01 14:27:55.983 D/[Koin]  ( 6385): +- got 'com.huami.training.O0000O0o.O000000o.O00000o0' in 4.352865 ms
09-01 14:27:55.984 D/[Koin]  ( 6385): +- got 'com.huami.fittime.ui.base.O00000o0.O000000o' in 5.141614 ms
09-01 14:27:55.984 D/[Koin]  ( 6385): +- got 'com.huami.fittime.O00000o.O00000Oo.O000000o' in 5.760417 ms
09-01 14:27:55.984 D/[Koin]  ( 6385): +- get 'com.huami.fittime.O00000oO.O00oOooO'
09-01 14:27:55.984 D/[Koin]  ( 6385): +- got 'com.huami.fittime.O00000oO.O00oOooO' in 0.021042 ms
09-01 14:27:55.984 D/[Koin]  ( 6385): +- get 'com.huami.fittime.ui.profile.O00000Oo'
09-01 14:27:55.984 D/[Koin]  ( 6385): | create instance for [type:Factory,primary_type:'com.huami.fittime.ui.profile.O00000Oo']
09-01 14:27:55.984 D/[Koin]  ( 6385): +- get 'com.huami.fittime.O00000oo.O00O0Oo'
09-01 14:27:55.984 D/[Koin]  ( 6385): +- got 'com.huami.fittime.O00000oo.O00O0Oo' in 0.030938 ms
09-01 14:27:55.984 D/[Koin]  ( 6385): +- get 'com.huami.fittime.db.FitTimeDb'
09-01 14:27:55.984 D/[Koin]  ( 6385): +- got 'com.huami.fittime.db.FitTimeDb' in 0.014219 ms
09-01 14:27:55.984 D/[Koin]  ( 6385): +- got 'com.huami.fittime.ui.profile.O00000Oo' in 0.270209 ms
09-01 14:27:55.984 D/[Koin]  ( 6385): +- get 'com.huami.fittime.ui.diary.O00000o0.O0000OOo'
09-01 14:27:55.984 D/[Koin]  ( 6385): | create instance for [type:Factory,primary_type:'com.huami.fittime.ui.diary.O00000o0.O0000OOo']
09-01 14:27:55.984 D/[Koin]  ( 6385): +- get 'com.huami.fittime.O000000o.O00000o'
09-01 14:27:55.984 D/[Koin]  ( 6385): +- got 'com.huami.fittime.O000000o.O00000o' in 0.009791 ms
09-01 14:27:55.984 D/[Koin]  ( 6385): +- get 'com.huami.fittime.O00000oO.O00oOooO'
09-01 14:27:55.984 D/[Koin]  ( 6385): +- got 'com.huami.fittime.O00000oO.O00oOooO' in 0.007865 ms
09-01 14:27:55.984 D/[Koin]  ( 6385): +- get 'com.huami.fittime.db.FitTimeDb'
09-01 14:27:55.984 D/[Koin]  ( 6385): +- got 'com.huami.fittime.db.FitTimeDb' in 0.006771 ms
09-01 14:27:55.985 D/[Koin]  ( 6385): +- got 'com.huami.fittime.ui.diary.O00000o0.O0000OOo' in 1.069167 ms
09-01 14:27:55.986 D/[Koin]  ( 6385): +- got 'com.huami.fittime.ui.profile.O0000O0o' in 39.450208 ms
09-01 14:27:55.987 D/[Koin]  ( 6385): +- get 'com.huami.message.O0000OoO.O0000Oo'
09-01 14:27:55.987 D/[Koin]  ( 6385): | create instance for [type:Factory,primary_type:'com.huami.message.O0000OoO.O0000Oo']
09-01 14:27:55.987 D/[Koin]  ( 6385): !- create scope - id:Message q:Message
09-01 14:27:55.987 D/[Koin]  ( 6385): bind type:'com.huami.message.db.MessageDb' ~ [type:Scoped,scope:'Message', primary_type:'com.huami.message.db.MessageDb']
09-01 14:27:55.987 D/[Koin]  ( 6385): bind type:'com.huami.training.O0000OOo.O000000o' ~ [type:Scoped,scope:'Message', primary_type:'com.huami.training.O0000OOo.O000000o']
09-01 14:27:55.987 D/[Koin]  ( 6385): bind type:'com.huami.message.O00000oo.O0000Oo' ~ [type:Scoped,scope:'Message', primary_type:'com.huami.message.O00000oo.O0000Oo']
09-01 14:27:55.987 D/[Koin]  ( 6385): bind type:'com.huami.message.O0000O0o.O0000OOo' ~ [type:Scoped,scope:'Message', primary_type:'com.huami.message.O0000O0o.O0000OOo']
09-01 14:27:55.987 D/[Koin]  ( 6385): bind type:'com.huami.message.O000000o.O00000o' ~ [type:Scoped,scope:'Message', primary_type:'com.huami.message.O000000o.O00000o']
09-01 14:27:55.987 D/[Koin]  ( 6385): bind type:'com.huami.message.O0000Oo0.O000000o' ~ [type:Scoped,scope:'Message', primary_type:'com.huami.message.O0000Oo0.O000000o']
09-01 14:27:55.987 D/[Koin]  ( 6385): bind qualifier:'MessageWebHost' ~ [type:Scoped,scope:'Message', name:'MessageWebHost', primary_type:'java.lang.String']
09-01 14:27:55.987 D/[Koin]  ( 6385): bind type:'com.huami.message.O00000o.O0000Oo0' ~ [type:Scoped,scope:'Message', primary_type:'com.huami.message.O00000o.O0000Oo0']
09-01 14:27:55.987 D/[Koin]  ( 6385): +- get 'com.huami.message.O0000OOo.O000000o'
09-01 14:27:55.987 D/[Koin]  ( 6385): | create instance for [type:Factory,primary_type:'com.huami.message.O0000OOo.O000000o']
09-01 14:27:55.987 D/[Koin]  ( 6385): +- get 'com.huami.message.O000000o.O00000o'
09-01 14:27:55.987 D/[Koin]  ( 6385): | create instance for [type:Scoped,scope:'Message', primary_type:'com.huami.message.O000000o.O00000o']
09-01 14:27:55.988 D/[Koin]  ( 6385): +- get 'java.lang.String'
09-01 14:27:55.988 D/[Koin]  ( 6385): | create instance for [type:Scoped,scope:'Message', name:'MessageWebHost', primary_type:'java.lang.String']
09-01 14:27:55.988 D/[Koin]  ( 6385): +- get 'java.lang.String'
09-01 14:27:55.988 D/[Koin]  ( 6385): +- got 'java.lang.String' in 0.011146 ms
09-01 14:27:55.988 D/[Koin]  ( 6385): +- got 'java.lang.String' in 0.133334 ms
09-01 14:27:55.988 D/[Koin]  ( 6385): +- get 'com.huami.message.O00000o.O0000Oo0'
09-01 14:27:55.988 D/[Koin]  ( 6385): | create instance for [type:Scoped,scope:'Message', primary_type:'com.huami.message.O00000o.O0000Oo0']
09-01 14:27:55.989 D/[Koin]  ( 6385): +- get 'java.lang.String'
09-01 14:27:55.989 D/[Koin]  ( 6385): +- got 'java.lang.String' in 0.012709 ms
09-01 14:27:55.989 D/[Koin]  ( 6385): +- get 'O00000oO.O0000Ooo.O000000o.O00000Oo'
09-01 14:27:55.989 D/[Koin]  ( 6385): +- got 'O00000oO.O0000Ooo.O000000o.O00000Oo' in 0.008594 ms
09-01 14:27:55.989 D/[Koin]  ( 6385): +- get 'O00000oO.O0000Ooo.O000000o.O00000Oo'
09-01 14:27:55.989 D/[Koin]  ( 6385): +- got 'O00000oO.O0000Ooo.O000000o.O00000Oo' in 0.007552 ms
09-01 14:27:55.989 D/[Koin]  ( 6385): +- get 'O00000oO.O0000Ooo.O000000o.O00000Oo'
09-01 14:27:55.989 D/[Koin]  ( 6385): +- got 'O00000oO.O0000Ooo.O000000o.O00000Oo' in 0.008125 ms
09-01 14:27:55.989 D/[Koin]  ( 6385): +- get 'O00000oO.O0000Ooo.O000000o.O00000Oo'
09-01 14:27:55.989 D/[Koin]  ( 6385): +- got 'O00000oO.O0000Ooo.O000000o.O00000Oo' in 0.007813 ms
09-01 14:27:55.989 D/[Koin]  ( 6385): +- got 'com.huami.message.O00000o.O0000Oo0' in 0.42276 ms
09-01 14:27:55.989 D/[Koin]  ( 6385): +- got 'com.huami.message.O000000o.O00000o' in 1.636511 ms
09-01 14:27:55.989 D/[Koin]  ( 6385): +- get 'com.huami.message.db.MessageDb'
09-01 14:27:55.989 D/[Koin]  ( 6385): | create instance for [type:Scoped,scope:'Message', primary_type:'com.huami.message.db.MessageDb']
09-01 14:27:55.989 D/[Koin]  ( 6385): +- get 'android.content.Context'
09-01 14:27:55.989 D/[Koin]  ( 6385): +- got 'android.content.Context' in 0.012083 ms
09-01 14:27:55.989 D/[Koin]  ( 6385): +- get 'com.huami.message.O00000o.O0000Oo0'
09-01 14:27:55.989 D/[Koin]  ( 6385): +- got 'com.huami.message.O00000o.O0000Oo0' in 0.01125 ms
09-01 14:27:55.991 D/[Koin]  ( 6385): +- got 'com.huami.message.db.MessageDb' in 1.943906 ms
09-01 14:27:55.991 D/[Koin]  ( 6385): +- get 'com.huami.message.O0000Oo0.O000000o'
09-01 14:27:55.991 D/[Koin]  ( 6385): | create instance for [type:Scoped,scope:'Message', primary_type:'com.huami.message.O0000Oo0.O000000o']
09-01 14:27:55.991 D/[Koin]  ( 6385): +- got 'com.huami.message.O0000Oo0.O000000o' in 0.336354 ms
09-01 14:27:55.992 W/AsyncHttpResponse( 6385): Current thread has not called Looper.prepare().Forcing synchronous mode
09-01 14:27:55.993 D/[Koin]  ( 6385): +- got 'com.huami.message.O0000OOo.O000000o' in 5.551614 ms
09-01 14:27:55.994 D/[Koin]  ( 6385): +- got 'com.huami.message.O0000OoO.O0000Oo' in 7.229844 ms
09-01 14:27:55.995 D/[Koin]  ( 6385): +- get 'com.huami.femalehealth.uilib.viewmodel.FemaleMifitViewModel'
09-01 14:27:55.995 D/[Koin]  ( 6385): | create instance for [type:Factory,primary_type:'com.huami.femalehealth.uilib.viewmodel.FemaleMifitViewModel']
09-01 14:27:55.996 D/[Koin]  ( 6385): +- get 'com.huami.femalehealth.logiclib.O0000O0o.O0000O0o'
09-01 14:27:55.996 D/[Koin]  ( 6385): | create instance for [type:Factory,primary_type:'com.huami.femalehealth.logiclib.O0000O0o.O0000O0o']
09-01 14:27:55.996 D/[Koin]  ( 6385): +- get 'com.huami.femalehealth.logiclib.O00000oO.O0000O0o'
09-01 14:27:55.996 D/[Koin]  ( 6385): +- got 'com.huami.femalehealth.logiclib.O00000oO.O0000O0o' in 0.018646 ms
09-01 14:27:55.996 D/[Koin]  ( 6385): +- get 'com.huami.femalehealth.logiclib.O000000o.O00000Oo'
09-01 14:27:55.996 D/[Koin]  ( 6385): +- got 'com.huami.femalehealth.logiclib.O000000o.O00000Oo' in 0.01401 ms
09-01 14:27:55.996 D/[Koin]  ( 6385): +- get 'com.huami.femalehealth.logiclib.O00000oO.O00oOooO'
09-01 14:27:55.996 D/[Koin]  ( 6385): +- got 'com.huami.femalehealth.logiclib.O00000oO.O00oOooO' in 0.007709 ms
09-01 14:27:55.996 D/[Koin]  ( 6385): +- get 'com.huami.femalehealth.logiclib.O00000Oo.O00000o'
09-01 14:27:55.996 D/[Koin]  ( 6385): | create instance for [type:Factory,primary_type:'com.huami.femalehealth.logiclib.O00000Oo.O00000o']
09-01 14:27:55.996 D/[Koin]  ( 6385): +- get 'com.huami.femalehealth.logiclib.O00000oO.O0000O0o'
09-01 14:27:55.996 D/[Koin]  ( 6385): +- got 'com.huami.femalehealth.logiclib.O00000oO.O0000O0o' in 0.008281 ms
09-01 14:27:55.996 D/[Koin]  ( 6385): +- get 'com.huami.femalehealth.logiclib.O000000o.O00000Oo'
09-01 14:27:55.996 D/[Koin]  ( 6385): +- got 'com.huami.femalehealth.logiclib.O000000o.O00000Oo' in 0.007187 ms
09-01 14:27:55.996 D/[Koin]  ( 6385): +- get 'com.huami.femalehealth.logiclib.db.FemaleHealthDb'
09-01 14:27:55.996 D/[Koin]  ( 6385): +- got 'com.huami.femalehealth.logiclib.db.FemaleHealthDb' in 0.009375 ms
09-01 14:27:55.996 D/[Koin]  ( 6385): +- get 'com.huami.femalehealth.logiclib.O00000Oo.O00000Oo'
09-01 14:27:55.996 D/[Koin]  ( 6385): +- got 'com.huami.femalehealth.logiclib.O00000Oo.O00000Oo' in 0.008646 ms
09-01 14:27:55.996 D/[Koin]  ( 6385): +- get 'com.huami.femalehealth.logiclib.O00000oO.O00oOooO'
09-01 14:27:55.996 D/[Koin]  ( 6385): +- got 'com.huami.femalehealth.logiclib.O00000oO.O00oOooO' in 0.007552 ms
09-01 14:27:55.996 D/[Koin]  ( 6385): +- got 'com.huami.femalehealth.logiclib.O00000Oo.O00000o' in 0.242396 ms
09-01 14:27:55.997 D/[Koin]  ( 6385): +- got 'com.huami.femalehealth.logiclib.O0000O0o.O0000O0o' in 1.180625 ms
09-01 14:27:55.997 D/[Koin]  ( 6385): +- get 'com.huami.femalehealth.logiclib.O0000O0o.O00000o'
09-01 14:27:55.997 D/[Koin]  ( 6385): | create instance for [type:Factory,primary_type:'com.huami.femalehealth.logiclib.O0000O0o.O00000o']
09-01 14:27:55.997 D/[Koin]  ( 6385): +- get 'com.huami.femalehealth.logiclib.O00000oO.O0000O0o'
09-01 14:27:55.997 D/[Koin]  ( 6385): +- got 'com.huami.femalehealth.logiclib.O00000oO.O0000O0o' in 0.01724 ms
09-01 14:27:55.997 D/[Koin]  ( 6385): +- get 'com.huami.femalehealth.logiclib.O000000o.O00000Oo'
09-01 14:27:55.997 D/[Koin]  ( 6385): +- got 'com.huami.femalehealth.logiclib.O000000o.O00000Oo' in 0.011979 ms
09-01 14:27:55.997 D/[Koin]  ( 6385): +- get 'com.huami.femalehealth.logiclib.db.FemaleHealthDb'
09-01 14:27:55.997 D/[Koin]  ( 6385): +- got 'com.huami.femalehealth.logiclib.db.FemaleHealthDb' in 0.008698 ms
09-01 14:27:55.997 D/[Koin]  ( 6385): +- get 'com.huami.femalehealth.logiclib.O00000Oo.O00000o'
09-01 14:27:55.997 D/[Koin]  ( 6385): | create instance for [type:Factory,primary_type:'com.huami.femalehealth.logiclib.O00000Oo.O00000o']
09-01 14:27:55.997 D/[Koin]  ( 6385): +- get 'com.huami.femalehealth.logiclib.O00000oO.O0000O0o'
09-01 14:27:55.997 D/[Koin]  ( 6385): +- got 'com.huami.femalehealth.logiclib.O00000oO.O0000O0o' in 0.008125 ms
09-01 14:27:55.997 D/[Koin]  ( 6385): +- get 'com.huami.femalehealth.logiclib.O000000o.O00000Oo'
09-01 14:27:55.997 D/[Koin]  ( 6385): +- got 'com.huami.femalehealth.logiclib.O000000o.O00000Oo' in 0.008177 ms
09-01 14:27:55.997 D/[Koin]  ( 6385): +- get 'com.huami.femalehealth.logiclib.db.FemaleHealthDb'
09-01 14:27:55.997 D/[Koin]  ( 6385): +- got 'com.huami.femalehealth.logiclib.db.FemaleHealthDb' in 0.007031 ms
09-01 14:27:55.997 D/[Koin]  ( 6385): +- get 'com.huami.femalehealth.logiclib.O00000Oo.O00000Oo'
09-01 14:27:55.997 D/[Koin]  ( 6385): +- got 'com.huami.femalehealth.logiclib.O00000Oo.O00000Oo' in 0.00849 ms
09-01 14:27:55.997 D/[Koin]  ( 6385): +- get 'com.huami.femalehealth.logiclib.O00000oO.O00oOooO'
09-01 14:27:55.997 D/[Koin]  ( 6385): +- got 'com.huami.femalehealth.logiclib.O00000oO.O00oOooO' in 0.007657 ms
09-01 14:27:55.997 D/[Koin]  ( 6385): +- got 'com.huami.femalehealth.logiclib.O00000Oo.O00000o' in 0.226197 ms
09-01 14:27:55.998 D/[Koin]  ( 6385): +- get 'com.huami.femalehealth.logiclib.O00000Oo.O00000o0'
09-01 14:27:55.998 D/[Koin]  ( 6385): | create instance for [type:Factory,primary_type:'com.huami.femalehealth.logiclib.O00000Oo.O00000o0']
09-01 14:27:55.998 D/[Koin]  ( 6385): +- got 'com.huami.femalehealth.logiclib.O00000Oo.O00000o0' in 0.03151 ms
09-01 14:27:55.998 D/[Koin]  ( 6385): +- got 'com.huami.femalehealth.logiclib.O0000O0o.O00000o' in 0.569844 ms
09-01 14:27:56.000 D/[Koin]  ( 6385): +- got 'com.huami.femalehealth.uilib.viewmodel.FemaleMifitViewModel' in 4.577552 ms
09-01 14:27:56.002 E/ResolverController(  679): No valid NAT64 prefix (116, <unspecified>/0)
09-01 14:27:56.006 D/Event   ( 6385): No subscribers registered for event class com.xiaomi.hm.health.O0000o00.O000OOo0
