09-01 14:42:27.984 E/audio_route(  771): Path: vi-feedback, length: 0
09-01 14:42:27.984 D/audio_route(  771): Apply path: vi-feedback
09-01 14:42:27.984 D/audio_route(  771): audio_route_apply_and_update_path name vi-feedback
09-01 14:42:27.984 D/soundtrigger(  771): audio_extn_sound_trigger_update_stream_status: uc_info->id 50 of type 1 for Event 3, with Raise=1
09-01 14:42:27.984 D/soundtrigger(  771):  audio_extn_sound_trigger_update_stream_status ignore stream event for devcie 199
09-01 14:42:27.984 D/audio_hw_utils(  771): audio_extn_utils_send_app_type_cfg: usecase->in_snd_device vi-feedback
09-01 14:42:27.984 E/voice   (  771): voice_is_in_call_rec_stream: input stream is NULL
09-01 14:42:27.984 D/msm8974_platform(  771): platform_split_snd_device: snd_device(199) num devices(0) new_snd_devices(0)
09-01 14:42:27.984 E/audio_hw_utils(  771): send_app_type_cfg_for_device: Could not get ctl for mixer cmd - Audio Stream Capture 35 App Type Cfg
09-01 14:42:27.984 D/msm8974_platform(  771): platform_split_snd_device: snd_device(199) num devices(1) new_snd_devices(0)
09-01 14:42:27.984 D/ACDB-LOADER(  771): ACDB -> send_audio_cal, acdb_id = 102, path = 1, app id = 0x11132, sample rate = 48000
09-01 14:42:27.985 D/ACDB-LOADER(  771): ACDB -> send_asm_topology
09-01 14:42:27.985 D/ACDB-LOADER(  771): ACDB -> ACDB_CMD_GET_AUDPROC_STREAM_TOPOLOGY_ID
09-01 14:42:27.985 D/ACDB-LOADER(  771): ACDB -> send_adm_topology
09-01 14:42:27.985 D/ACDB-LOADER(  771): ACDB -> ACDB_CMD_GET_AUDPROC_COMMON_TOPOLOGY_ID
09-01 14:42:27.985 D/ACDB-LOADER(  771): ACDB -> send_audtable
09-01 14:42:27.985 D/ACDB-LOADER(  771): ACDB -> ACDB_CMD_GET_AUDPROC_INSTANCE_COMMON_TABLE_SIZE
09-01 14:42:27.985 D/ACDB-LOADER(  771): ACDB -> ACDB_CMD_GET_AUDPROC_INSTANCE_COMMON_TABLE
09-01 14:42:27.985 D/ACDB-LOADER(  771): ACDB -> AUDIO_SET_AUDPROC_CAL cal_type[11] acdb_id[102] app_type[69938]
09-01 14:42:27.985 D/ACDB-LOADER(  771): ACDB -> ACDB_CMD_GET_AUDPROC_INSTANCE_STREAM_TABLE_SIZE
09-01 14:42:27.985 D/ACDB-LOADER(  771): ACDB -> send_audstrmtable
09-01 14:42:27.985 D/ACDB-LOADER(  771): ACDB -> ACDB_CMD_GET_AUDPROC_INSTANCE_STREAM_TABLE
09-01 14:42:27.985 D/ACDB-LOADER(  771): ACDB -> audstrm_cal->cal_type.cal_data.cal_size = 20
09-01 14:42:27.985 D/ACDB-LOADER(  771): ACDB -> send_afe_topology
09-01 14:42:27.985 D/ACDB-LOADER(  771): ACDB -> ACDB_CMD_GET_AFE_TOPOLOGY_ID
09-01 14:42:27.985 D/ACDB-LOADER(  771): ACDB -> GET_AFE_TOPOLOGY_ID for adcd_id 102, Topology Id 1000b909
09-01 14:42:27.985 D/ACDB-LOADER(  771): ACDB -> send_afe_cal
09-01 14:42:27.985 D/ACDB-LOADER(  771): ACDB -> ACDB_CMD_GET_AFE_INSTANCE_COMMON_TABLE_SIZE
09-01 14:42:27.985 D/ACDB-LOADER(  771): ACDB -> ACDB_CMD_GET_AFE_INSTANCE_COMMON_TABLE
09-01 14:42:27.985 D/ACDB-LOADER(  771): ACDB -> AUDIO_SET_AFE_CAL cal_type[17] acdb_id[102]
09-01 14:42:27.985 D/ACDB-LOADER(  771): ACDB -> send_hw_delay : acdb_id = 102 path = 1
09-01 14:42:27.985 D/ACDB-LOADER(  771): ACDB -> ACDB_AVSYNC_INFO: ACDB_CMD_GET_DEVICE_PROPERTY
09-01 14:42:27.985 D/audio_hw_primary(  771): enable_audio_route: apply mixer and update path: spkr-vi-record
09-01 14:42:27.985 E/audio_route(  771): Path: spkr-vi-record, length: 1
09-01 14:42:27.985 E/audio_route(  771):   id=0: ctl=QUATERNARY_MI2S_RX_VI_FB_MUX
09-01 14:42:27.985 E/audio_route(  771):     id=0 value=1
09-01 14:42:27.985 E/audio_route(  771):     id=1 value=1
09-01 14:42:27.985 D/audio_route(  771): Apply path: spkr-vi-record
09-01 14:42:27.985 D/audio_route(  771): audio_route_apply_and_update_path name spkr-vi-record
09-01 14:42:27.980 W/perf@2.0-servic(  809): type=1400 audit(0.0:64150): avc: denied { search } for name="771" dev="proc" ino=7088293 scontext=u:r:hal_perf_default:s0 tcontext=u:r:hal_audio_default:s0 tclass=dir permissive=0
09-01 14:42:27.987 E/audio_hw_tfa98xx_feedback(  771): pcm_dev_tx_id = 35
09-01 14:42:27.995 E/InputDispatcher( 1639): Window handle Window{a9108c3 u0 com.xiaomi.hm.health/com.xiaomi.hm.health.activity.StatusDetailActivity} has no registered input channel
09-01 14:42:28.001 I/audio_hw_utils(  771): audio_extn_utils_update_stream_output_app_type_cfg Allowing 24 and above bits playback on speaker ONLY at default sampling rate
09-01 14:42:28.001 E/soundtrigger(  771): audio_extn_sound_trigger_update_stream_status: invalid input device 0x0, for event 3
09-01 14:42:28.001 D/soundtrigger(  771): audio_extn_sound_trigger_update_stream_status: uc_info->id 1 of type 0 for Event 3, with Raise=0
09-01 14:42:28.001 D/audio_hw_utils(  771): audio_extn_utils_send_app_type_cfg: usecase->out_snd_device speaker
09-01 14:42:28.001 D/msm8974_platform(  771): platform_split_snd_device: snd_device(2) num devices(0) new_snd_devices(0)
09-01 14:42:28.001 D/audio_hw_utils(  771): audio_extn_btsco_get_sample_rate:Not a BT SCO device, need not update sampling rate
09-01 14:42:28.001 I/audio_hw_utils(  771): send_app_type_cfg_for_device PLAYBACK app_type 69937, acdb_dev_id 10011, sample_rate 48000, snd_device_be_idx 39
09-01 14:42:28.002 D/msm8974_platform(  771): platform_split_snd_device: snd_device(2) num devices(1) new_snd_devices(0)
09-01 14:42:28.002 D/audio_hw_utils(  771): audio_extn_btsco_get_sample_rate:Not a BT SCO device, need not update sampling rate
09-01 14:42:28.003 D/ACDB-LOADER(  771): ACDB -> send_audio_cal, acdb_id = 10011, path = 0, app id = 0x11131, sample rate = 48000
09-01 14:42:28.003 D/ACDB-LOADER(  771): ACDB -> send_asm_topology
09-01 14:42:28.003 D/ACDB-LOADER(  771): ACDB -> ACDB_CMD_GET_AUDPROC_STREAM_TOPOLOGY_ID
09-01 14:42:28.003 D/ACDB-LOADER(  771): ACDB -> send_adm_topology
09-01 14:42:28.003 D/ACDB-LOADER(  771): ACDB -> ACDB_CMD_GET_AUDPROC_COMMON_TOPOLOGY_ID
09-01 14:42:28.003 D/ACDB-LOADER(  771): ACDB -> send_audtable
09-01 14:42:28.003 D/ACDB-LOADER(  771): ACDB -> ACDB_CMD_GET_AUDPROC_INSTANCE_COMMON_TABLE_SIZE
09-01 14:42:28.003 D/ACDB-LOADER(  771): ACDB -> ACDB_CMD_GET_AUDPROC_INSTANCE_COMMON_TABLE
09-01 14:42:28.003 D/ACDB-LOADER(  771): ACDB -> AUDIO_SET_AUDPROC_CAL cal_type[11] acdb_id[10011] app_type[69937]
09-01 14:42:28.003 D/ACDB-LOADER(  771): ACDB -> send_audvoltable
09-01 14:42:28.003 D/ACDB-LOADER(  771): ACDB -> ACDB_CMD_GET_AUDPROC_INSTANCE_GAIN_DEP_STEP_TABLE_SIZE
09-01 14:42:28.003 D/ACDB-LOADER(  771): ACDB -> ACDB_CMD_GET_AUDPROC_INSTANCE_GAIN_DEP_STEP_TABLE, vol index 0
09-01 14:42:28.003 D/ACDB-LOADER(  771): ACDB -> AUDIO_SET_VOL_CAL cal type = 12
09-01 14:42:28.003 D/ACDB-LOADER(  771): ACDB -> ACDB_CMD_GET_AUDPROC_INSTANCE_STREAM_TABLE_SIZE
09-01 14:42:28.003 D/ACDB-LOADER(  771): ACDB -> send_audstrmtable
09-01 14:42:28.003 D/ACDB-LOADER(  771): ACDB -> ACDB_CMD_GET_AUDPROC_INSTANCE_STREAM_TABLE
09-01 14:42:28.003 D/ACDB-LOADER(  771): ACDB -> audstrm_cal->cal_type.cal_data.cal_size = 20
09-01 14:42:28.003 D/ACDB-LOADER(  771): ACDB -> send_afe_topology
09-01 14:42:28.003 D/ACDB-LOADER(  771): ACDB -> ACDB_CMD_GET_AFE_TOPOLOGY_ID
09-01 14:42:28.003 D/ACDB-LOADER(  771): ACDB -> GET_AFE_TOPOLOGY_ID for adcd_id 10011, Topology Id 1000b910
09-01 14:42:28.003 D/ACDB-LOADER(  771): ACDB -> send_afe_cal
09-01 14:42:28.003 D/ACDB-LOADER(  771): ACDB -> ACDB_CMD_GET_AFE_INSTANCE_COMMON_TABLE_SIZE
09-01 14:42:28.003 D/ACDB-LOADER(  771): ACDB -> ACDB_CMD_GET_AFE_INSTANCE_COMMON_TABLE
09-01 14:42:28.003 D/ACDB-LOADER(  771): ACDB -> AUDIO_SET_AFE_CAL cal_type[16] acdb_id[10011]
09-01 14:42:28.003 D/ACDB-LOADER(  771): ACDB -> send_hw_delay : acdb_id = 10011 path = 0
09-01 14:42:28.003 D/ACDB-LOADER(  771): ACDB -> ACDB_AVSYNC_INFO: ACDB_CMD_GET_DEVICE_PROPERTY
09-01 14:42:28.003 D/msm8974_platform(  771): platform_split_snd_device: snd_device(2) num devices(0) new_snd_devices(0)
09-01 14:42:28.003 I/msm8974_platform(  771): platform_get_custom_mtmx_params: no matching param with id 0 ip_ch 2 op_ch 2 uc_id 1 snd_dev 2
09-01 14:42:28.003 D/audio_hw_primary(  771): enable_audio_route: apply mixer and update path: low-latency-playback speaker
09-01 14:42:28.003 E/audio_route(  771): Path: low-latency-playback speaker, length: 1
09-01 14:42:28.003 E/audio_route(  771):   id=0: ctl=QUAT_MI2S_RX Audio Mixer MultiMedia5
09-01 14:42:28.003 E/audio_route(  771):     id=0 value=1
09-01 14:42:28.003 E/audio_route(  771):     id=1 value=1
09-01 14:42:28.003 D/audio_route(  771): Apply path: low-latency-playback speaker
09-01 14:42:28.003 D/audio_route(  771): audio_route_apply_and_update_path name low-latency-playback speaker
09-01 14:42:28.006 D/send_data_to_xlog(  771): send_misound_data_to_xlog: enter: usecase(1)
09-01 14:42:28.006 D/audio_hw_primary(  771): select_devices: done
09-01 14:42:28.006 D/audio_hw_primary(  771): start_output_stream: Opening PCM device card_id(0) device_id(13) format(0x4)
09-01 14:42:28.012 E/InputDispatcher( 1639): Window handle Window{a9108c3 u0 com.xiaomi.hm.health/com.xiaomi.hm.health.activity.StatusDetailActivity} has no registered input channel
09-01 14:42:28.013 V/SettingsProvider( 1639): Notifying for 0: content://settings/global/hidden_api_policy_pre_p_apps
09-01 14:42:28.030 V/SettingsProvider( 1639): Notifying for 0: content://settings/global/hidden_api_policy_p_apps
09-01 14:42:28.028 E/InputDispatcher( 1639): Window handle Window{a9108c3 u0 com.xiaomi.hm.health/com.xiaomi.hm.health.activity.StatusDetailActivity} has no registered input channel
09-01 14:42:28.045 E/InputDispatcher( 1639): Window handle Window{a9108c3 u0 com.xiaomi.hm.health/com.xiaomi.hm.health.activity.StatusDetailActivity} has no registered input channel
09-01 14:42:28.053 D/msm8974_platform(  771): platform_set_channel_map mixer_ctl_name:Playback Channel Map13
09-01 14:42:28.053 D/msm8974_platform(  771): platform_set_channel_map: set mapping(1 2 0 0 0 0 0 0) for channel:2
09-01 14:42:28.054 D/audio_hw_primary(  771): start_output_stream: pcm_prepare
09-01 14:42:28.055 D/audio_hw_primary(  771): start_output_stream: exit
09-01 14:42:28.055 D/audio_hw_primary(  771): check_and_set_karaok_parameters: is karaok rx device 0, is karaok tx device 0
09-01 14:42:28.055 D/audio_hw_primary(  771): out_write: retry previous failed cal level set
09-01 14:42:28.055 D/msm8974_platform(  771): platform_split_snd_device: snd_device(2) num devices(1) new_snd_devices(0)
09-01 14:42:28.055 D/ACDB-LOADER(  771): ACDB -> send_audvoltable
09-01 14:42:28.055 D/ACDB-LOADER(  771): ACDB -> ACDB_CMD_GET_AUDPROC_INSTANCE_GAIN_DEP_STEP_TABLE_SIZE
09-01 14:42:28.055 D/ACDB-LOADER(  771): ACDB -> ACDB_CMD_GET_AUDPROC_INSTANCE_GAIN_DEP_STEP_TABLE, vol index 5
09-01 14:42:28.055 D/ACDB-LOADER(  771): ACDB -> AUDIO_SET_VOL_CAL cal type = 40
09-01 14:42:28.055 V/SettingsProvider( 1639): Notifying for 0: content://settings/global/hidden_api_policy
09-01 14:42:28.055 W/msm8974_platform(  771): platform_send_gain_dep_cal: Usecase list is empty
09-01 14:42:28.055 D/msm8974_platform(  771): platform_split_snd_device: snd_device(2) num devices(0) new_snd_devices(0)
09-01 14:42:28.055 I/msm8974_platform(  771): platform_get_custom_mtmx_params: no matching param with id 0 ip_ch 2 op_ch 2 uc_id 1 snd_dev 2
09-01 14:42:28.061 E/InputDispatcher( 1639): Window handle Window{a9108c3 u0 com.xiaomi.hm.health/com.xiaomi.hm.health.activity.StatusDetailActivity} has no registered input channel
09-01 14:42:28.067 I/AudioTrack( 2503): isLongTimeZoreData zoer date time 52 Seconds
09-01 14:42:28.078 E/InputDispatcher( 1639): Window handle Window{a9108c3 u0 com.xiaomi.hm.health/com.xiaomi.hm.health.activity.StatusDetailActivity} has no registered input channel
09-01 14:42:28.094 I/Timeline( 1639): Timeline: Activity_windows_visible id: ActivityRecord{751966d u0 com.miui.home/.launcher.Launcher t1} time:212114111
09-01 14:42:28.094 E/InputDispatcher( 1639): Window handle Window{a9108c3 u0 com.xiaomi.hm.health/com.xiaomi.hm.health.activity.StatusDetailActivity} has no registered input channel
09-01 14:42:28.095 E/RotationHelper( 7676): setCurrentTransitionRequest: request=0
09-01 14:42:28.096 D/EventBus(29730): [29730, u0] send(AppTransitionFinishedEvent)
09-01 14:42:28.096 D/EventBus(29730): [29730, u0]  -> ForcedResizableInfoActivityController [0xc4c1163, P1] onBusEvent(AppTransitionFinishedEvent)
09-01 14:42:28.096 D/EventBus(29730): [29730, u0] onBusEvent(AppTransitionFinishedEvent) duration: 19 microseconds, avg: 35
09-01 14:42:28.104 I/MiuiNetworkPolicy( 1639): updateUidState uid = 10062, uidState = 4
09-01 14:42:28.104 D/OemNetd (  679): whiteListUid: uid=10062, wmm=add
09-01 14:42:28.104 D/Launcher.Transfer( 7676): transfer:onResume, extra:null
09-01 14:42:28.105 I/MiuiNetworkPolicy( 1639): updateMLUid uid:10062,old:20,new:4
09-01 14:42:28.105 I/MiuiNetworkPolicy( 1639): isMLEnabled state:20,uid:10062,connect:DISCONNECTED
09-01 14:42:28.105 I/MiuiNetworkPolicy( 1639): isMLEnabled state:4,uid:10062,connect:DISCONNECTED
09-01 14:42:28.109 E/ActivityThread(26104): Failed to find provider info for com.android.bluetooth.deviceinfo_provider
09-01 14:42:28.111 E/InputDispatcher( 1639): Window handle Window{a9108c3 u0 com.xiaomi.hm.health/com.xiaomi.hm.health.activity.StatusDetailActivity} has no registered input channel
09-01 14:42:28.144 I/chatty  ( 1639): uid=1000(system) Binder:1639_1B identical 7 lines
09-01 14:42:28.160 E/InputDispatcher( 1639): Window handle Window{a9108c3 u0 com.xiaomi.hm.health/com.xiaomi.hm.health.activity.StatusDetailActivity} has no registered input channel
09-01 14:42:28.162 D/NtpTrustedTime( 1639): currentTimeMillis() cache hit
09-01 14:42:28.163 I/netd    (  679): trafficSwapActiveStatsMap() <0.27ms>
09-01 14:42:28.164 I/netd    (  679): tetherGetStats() <0.40ms>
09-01 14:42:28.167 D/NtpTrustedTime( 1639): currentTimeMillis() cache hit
09-01 14:42:28.168 I/netd    (  679): bandwidthSetGlobalAlert(131072) <0.15ms>
09-01 14:42:28.168 I/TrafficManageService( 5237): mina mTrafficStatsReceiver onReceive
09-01 14:42:28.177 E/InputDispatcher( 1639): Window handle Window{a9108c3 u0 com.xiaomi.hm.health/com.xiaomi.hm.health.activity.StatusDetailActivity} has no registered input channel
09-01 14:42:28.227 E/InputDispatcher( 1639): Window handle Window{a9108c3 u0 com.xiaomi.hm.health/com.xiaomi.hm.health.activity.StatusDetailActivity} has no registered input channel
09-01 14:42:28.238 D/NetworkController.MobileSignalController(1)(29730): 4G level = 5
09-01 14:42:28.244 E/InputDispatcher( 1639): Window handle Window{a9108c3 u0 com.xiaomi.hm.health/com.xiaomi.hm.health.activity.StatusDetailActivity} has no registered input channel
09-01 14:42:28.313 E/InputDispatcher( 1639): Window handle Window{a9108c3 u0 com.xiaomi.hm.health/com.xiaomi.hm.health.activity.StatusDetailActivity} has no registered input channel
09-01 14:42:28.323 I/TestRunner(13362): finished: startServer(io.appium.uiautomator2.server.test.AppiumUiAutomator2Server)
09-01 14:42:28.327 E/InputDispatcher( 1639): Window handle Window{a9108c3 u0 com.xiaomi.hm.health/com.xiaomi.hm.health.activity.StatusDetailActivity} has no registered input channel
09-01 14:42:28.328 I/MonitoringInstr(13362): Activities that are still in CREATED to STOPPED: 0
09-01 14:42:28.330 I/Timeline( 1639): Timeline: App_transition_stopped time:212114347
09-01 14:42:28.330 I/TestRunner(13362): run finished: 1 tests, 0 failed, 0 ignored
09-01 14:42:28.332 D/EventBus(29730): [29730, u0] send(AppTransitionFinishedEvent)
09-01 14:42:28.332 D/EventBus(29730): [29730, u0]  -> ForcedResizableInfoActivityController [0xc4c1163, P1] onBusEvent(AppTransitionFinishedEvent)
09-01 14:42:28.332 D/EventBus(29730): [29730, u0] onBusEvent(AppTransitionFinishedEvent) duration: 24 microseconds, avg: 35
09-01 14:42:28.332 D/EventBus(29730): [29730, u0] send(AppTransitionFinishedEvent)
09-01 14:42:28.332 D/EventBus(29730): [29730, u0]  -> ForcedResizableInfoActivityController [0xc4c1163, P1] onBusEvent(AppTransitionFinishedEvent)
09-01 14:42:28.332 W/ActivityManager( 1639): setHasOverlayUi called on unknown pid: 13415
09-01 14:42:28.333 D/EventBus(29730): [29730, u0] onBusEvent(AppTransitionFinishedEvent) duration: 10 microseconds, avg: 35
09-01 14:42:28.333 D/EventBus(29730): [29730, u0] send(AppTransitionFinishedEvent)
09-01 14:42:28.333 D/EventBus(29730): [29730, u0]  -> ForcedResizableInfoActivityController [0xc4c1163, P1] onBusEvent(AppTransitionFinishedEvent)
09-01 14:42:28.333 D/EventBus(29730): [29730, u0] onBusEvent(AppTransitionFinishedEvent) duration: 9 microseconds, avg: 35
09-01 14:42:28.333 D/EventBus(29730): [29730, u0] send(AppTransitionFinishedEvent)
09-01 14:42:28.334 D/EventBus(29730): [29730, u0]  -> ForcedResizableInfoActivityController [0xc4c1163, P1] onBusEvent(AppTransitionFinishedEvent)
09-01 14:42:28.334 D/EventBus(29730): [29730, u0] onBusEvent(AppTransitionFinishedEvent) duration: 10 microseconds, avg: 35
09-01 14:42:28.352 D/NetworkSecurityConfig(13362): No Network Security Config specified, using platform default
09-01 14:42:28.354 V/SettingsProvider( 1639): Notifying for 0: content://settings/global/hidden_api_policy_pre_p_apps
09-01 14:42:28.392 V/SettingsProvider( 1639): Notifying for 0: content://settings/global/hidden_api_policy_p_apps
09-01 14:42:28.432 V/SettingsProvider( 1639): Notifying for 0: content://settings/global/hidden_api_policy
09-01 14:42:28.519 E/ResolverController(  679): No valid NAT64 prefix (116, <unspecified>/0)
09-01 14:42:28.536 I//system/vendor/bin/mi_thermald( 1070): thermal_cpu_set_level: set cpu freq of cpu4 to 2016000
09-01 14:42:28.661 E/adbd    (16935): failed to connect to socket 'tcp:6790': Connection refused
09-01 14:42:28.680 I//system/vendor/bin/mi_thermald( 1070): thermal_cpu_set_level: set cpu freq of cpu7 to 2016000
09-01 14:42:28.781 I/ActivityManager( 1639): Force stopping io.appium.uiautomator2.server.test appid=10225 user=0: from process:13874
09-01 14:42:28.797 E/PhoneInterfaceManager( 2698): [PhoneIntfMgr] getCarrierPackageNamesForIntent: No UICC
09-01 14:42:28.797 D/CarrierSvcBindHelper( 2698): No carrier app for: 0
09-01 14:42:28.802 D/RegisteredServicesCache( 4689):  Reading service state data always from file
09-01 14:42:28.803 D/RegisteredServicesCache( 4689): ServiceStateFileVersion=1.0
09-01 14:42:28.803 E/RegisteredServicesCache( 4689): Next Tag=services
09-01 14:42:28.803 E/RegisteredServicesCache( 4689): 1invalidateCache:WriteServiceStateToFile
09-01 14:42:28.803 E/RegisteredServicesCache( 4689):  Writing service state Data Always
09-01 14:42:28.805 D/CarrierSvcBindHelper( 2698): No carrier app for: 1
09-01 14:42:28.818 E/RegisteredAidCache( 4689): updateRoutingLocked(): enter...
09-01 14:42:28.818 D/NfcService( 4689): defaultMifareCLTRoute : 315
09-01 14:42:28.818 D/RegisteredAidCache( 4689):  AID power stateB0693789675600247817route0
09-01 14:42:28.818 D/NfcService( 4689): defaultAidRoute : 315
09-01 14:42:28.818 D/NfcService( 4689): GetDefaultRouteLoc  :1
09-01 14:42:28.818 D/NfcService( 4689): defaultAidRoute : 315
09-01 14:42:28.818 D/NfcService( 4689): GetDefaultRouteLoc  :1
09-01 14:42:28.818 E/AidRoutingManager( 4689): Size of routing table970
09-01 14:42:28.818 E/RegisteredAidCache( 4689): updateRoutingLocked(): exit...
09-01 14:42:28.820 D/RegisteredNfcFServicesCache( 4689): Service unchanged, not updating
09-01 14:42:28.975 D/AndroidRuntime(13877): >>>>>> START com.android.internal.os.RuntimeInit uid 2000 <<<<<<
09-01 14:42:28.978 E/libc    (13877): Access denied finding property "persist.device_config.runtime_native_boot.enable_apex_image"
09-01 14:42:28.978 I/AndroidRuntime(13877): Using default boot image
09-01 14:42:28.970 W/app_process(13877): type=1400 audit(0.0:64151): avc: denied { read } for name="u:object_r:device_config_runtime_native_boot_prop:s0" dev="tmpfs" ino=16478 scontext=u:r:shell:s0 tcontext=u:object_r:device_config_runtime_native_boot_prop:s0 tclass=file permissive=0
09-01 14:42:28.979 E/libc    (13877): Access denied finding property "persist.device_config.runtime_native_boot.disable_lock_profiling"
09-01 14:42:28.979 I/AndroidRuntime(13877): Leaving lock profiling enabled
09-01 14:42:28.979 E/libc    (13877): Access denied finding property "persist.device_config.runtime_native_boot.enable_generational_cc"
09-01 14:42:28.970 W/app_process(13877): type=1400 audit(0.0:64152): avc: denied { read } for name="u:object_r:device_config_runtime_native_boot_prop:s0" dev="tmpfs" ino=16478 scontext=u:r:shell:s0 tcontext=u:object_r:device_config_runtime_native_boot_prop:s0 tclass=file permissive=0
09-01 14:42:28.970 W/app_process(13877): type=1400 audit(0.0:64153): avc: denied { read } for name="u:object_r:device_config_runtime_native_boot_prop:s0" dev="tmpfs" ino=16478 scontext=u:r:shell:s0 tcontext=u:object_r:device_config_runtime_native_boot_prop:s0 tclass=file permissive=0
09-01 14:42:29.010 I/chatty  ( 8588): uid=1002(bluetooth) com.android.bluetooth expire 2 lines
09-01 14:42:29.012 D/CompatibilityInfo( 1639): mCompatibilityFlags - 0
09-01 14:42:29.012 D/CompatibilityInfo( 1639): applicationDensity - 440
09-01 14:42:29.012 D/CompatibilityInfo( 1639): applicationScale - 1.0
09-01 14:42:29.012 W/BluetoothEventManager(29730): AclStateChangedHandler: activeDevice is null
09-01 14:42:29.016 D/Bluetooth_AIVS_SDK(22367): AIVS:BluetoothBase:onReceive: ACTION_ACL_DISCONNECTED, device:Mi Smart Band 5 type:2
09-01 14:42:29.016 I/TrustAgent(20208): TAG: TrustAgent.Tracker. [BluetoothConnectionTracker] Bluetooth disconnect broadast for Mi Smart Band 5 C3:D4:F4:E3:11:EC [CONTEXT service_id=84 ]
09-01 14:42:29.020 D/CompatibilityInfo( 1639): mCompatibilityFlags - 0
09-01 14:42:29.020 D/CompatibilityInfo( 1639): applicationDensity - 440
09-01 14:42:29.020 D/CompatibilityInfo( 1639): applicationScale - 1.0
09-01 14:42:29.021 I/hwservicemanager(  573): getTransport: Cannot find entry vendor.qti.hardware.servicetracker@1.0::IServicetracker/default in either framework or device manifest.
09-01 14:42:29.026 D/CompatibilityInfo( 1639): mCompatibilityFlags - 0
09-01 14:42:29.026 D/CompatibilityInfo( 1639): applicationDensity - 440
09-01 14:42:29.026 D/CompatibilityInfo( 1639): applicationScale - 1.0
09-01 14:42:29.027 I/hwservicemanager(  573): getTransport: Cannot find entry vendor.qti.hardware.servicetracker@1.0::IServicetracker/default in either framework or device manifest.
09-01 14:42:29.039 I/chatty  (19843): uid=1002 bluetooth@1.0-s expire 14 lines
09-01 14:42:29.042 W/ActivityManager( 1639): Unable to start service Intent { act=android.bluetooth.device.action.ACL_DISCONNECTED cmp=com.google.android.gms/.nearby.discovery.service.DiscoveryService (has extras) } U=0: not found
09-01 14:42:29.044 D/ICU     (13877): Time zone APEX file found: /apex/com.android.tzdata/etc/icu/icu_tzdata.dat
09-01 14:42:29.063 W/app_process(13877): JNI RegisterNativeMethods: attempt to register 0 native methods for android.media.AudioAttributes
09-01 14:42:29.060 W/main    (13877): type=1400 audit(0.0:64154): avc: denied { read } for name="u:object_r:vendor_default_prop:s0" dev="tmpfs" ino=16586 scontext=u:r:shell:s0 tcontext=u:object_r:vendor_default_prop:s0 tclass=file permissive=0
09-01 14:42:29.066 E/libc    (13877): Access denied finding property "persist.vendor.qti.debug.atlogs_enable"
09-01 14:42:29.070 D/AndroidRuntime(13877): Calling main entry com.android.commands.am.Am
09-01 14:42:29.074 I/ActivityManager( 1639): Force stopping io.appium.uiautomator2.server appid=10224 user=0: start instr
09-01 14:42:29.075 I/ActivityManager( 1639): Killing 13362:io.appium.uiautomator2.server/u0a224 (adj 0): stop io.appium.uiautomator2.server: start instr
09-01 14:42:29.077 I/hwservicemanager(  573): getTransport: Cannot find entry vendor.qti.hardware.servicetracker@1.0::IServicetracker/default in either framework or device manifest.
09-01 14:42:29.078 W/ActivityManager( 1639): Crash of app io.appium.uiautomator2.server running instrumentation ComponentInfo{io.appium.uiautomator2.server.test/androidx.test.runner.AndroidJUnitRunner}
09-01 14:42:29.079 I/ActivityManager( 1639): Force stopping io.appium.uiautomator2.server appid=10224 user=0: finished inst
09-01 14:42:29.079 W/Binder  (13345): Caught a RuntimeException from the binder stub implementation.
09-01 14:42:29.079 W/Binder  (13345): java.lang.SecurityException: Calling from not trusted UID!
09-01 14:42:29.079 W/Binder  (13345): 	at android.app.UiAutomationConnection.throwIfCalledByNotTrustedUidLocked(UiAutomationConnection.java:520)
09-01 14:42:29.079 W/Binder  (13345): 	at android.app.UiAutomationConnection.shutdown(UiAutomationConnection.java:424)
09-01 14:42:29.079 W/Binder  (13345): 	at android.app.IUiAutomationConnection$Stub.onTransact(IUiAutomationConnection.java:390)
09-01 14:42:29.079 W/Binder  (13345): 	at android.os.Binder.execTransactInternal(Binder.java:1021)
09-01 14:42:29.079 W/Binder  (13345): 	at android.os.Binder.execTransact(Binder.java:994)
09-01 14:42:29.080 W/Binder  ( 1639): Outgoing transactions from this process must be FLAG_ONEWAY
09-01 14:42:29.080 W/Binder  ( 1639): java.lang.Throwable
09-01 14:42:29.080 W/Binder  ( 1639): 	at android.os.BinderProxy.transact(BinderProxy.java:480)
09-01 14:42:29.080 W/Binder  ( 1639): 	at android.app.IInstrumentationWatcher$Stub$Proxy.instrumentationFinished(IInstrumentationWatcher.java:205)
09-01 14:42:29.080 W/Binder  ( 1639): 	at com.android.server.am.InstrumentationReporter$MyThread.run(InstrumentationReporter.java:86)
09-01 14:42:29.081 D/AndroidRuntime(13345): Shutting down VM
09-01 14:42:29.084 I/AudioTrack( 2503): isLongTimeZoreData zoer date time 53 Seconds
09-01 14:42:29.090 I/MiuiNetworkPolicy( 1639): removeUidState uid = 10224
09-01 14:42:29.090 D/OemNetd (  679): whiteListUid: uid=10224, wmm=del
09-01 14:42:29.091 V/UidProcStateHelper( 1639): process died:[13362,10224]
09-01 14:42:29.100 I/MiuiNetworkPolicy( 1639): updateMLUid uid:10224,old:5,new:20
09-01 14:42:29.100 I/MiuiNetworkPolicy( 1639): isMLEnabled state:5,uid:10224,connect:DISCONNECTED
09-01 14:42:29.100 I/MiuiNetworkPolicy( 1639): isMLEnabled state:20,uid:10224,connect:DISCONNECTED
09-01 14:42:29.100 I/MiuiNetworkPolicy( 1639): updateUidState uid = 10224, uidState = 20
09-01 14:42:29.101 D/ActiveStateController( 6417): updateStateForUidActiveChangedLocked, uid: 10224 active: false
09-01 14:42:29.113 I/MiuiNetworkPolicy( 1639): updateUidState uid = 10062, uidState = 16
09-01 14:42:29.114 D/OemNetd (  679): whiteListUid: uid=10062, wmm=del
09-01 14:42:29.116 D/Zygote  (  680): Forked child process 13898
09-01 14:42:29.117 I/MiuiNetworkPolicy( 1639): updateMLUid uid:10062,old:4,new:16
09-01 14:42:29.118 I/MiuiNetworkPolicy( 1639): isMLEnabled state:4,uid:10062,connect:DISCONNECTED
09-01 14:42:29.118 I/MiuiNetworkPolicy( 1639): isMLEnabled state:16,uid:10062,connect:DISCONNECTED
09-01 14:42:29.118 D/Boost   ( 1639): hostingType=added application, hostingName=io.appium.uiautomator2.server, callerPackage=android, isSystem=true, isBoostNeeded=false.
09-01 14:42:29.119 D/OemNetd (  679): setPidForPackage: packageName=io.appium.uiautomator2.server, pid=13898, pid=10224
09-01 14:42:29.119 I/ActivityManager( 1639): Start proc 13898:io.appium.uiautomator2.server/u0a224 for added application io.appium.uiautomator2.server caller=android
09-01 14:42:29.120 I/tomator2.serve(13898): Late-enabling -Xcheck:jni
09-01 14:42:29.128 W/WindowManager( 1639): removeWindowToken: Attempted to remove non-existing token: android.os.Binder@7acb628
09-01 14:42:29.128 I/Zygote  (  680): Process 13362 exited due to signal 9 (Killed)
09-01 14:42:29.130 V/SettingsProvider( 1639): Notifying for 0: content://settings/secure/accessibility_enabled
09-01 14:42:29.132 I/libprocessgroup( 1639): Successfully killed process cgroup uid 10224 pid 13362 in 56ms
09-01 14:42:29.134 E/tomator2.serve(13898): Unknown bits set in runtime_flags: 0x8000
09-01 14:42:29.157 D/CompatibilityInfo( 1639): mCompatibilityFlags - 0
09-01 14:42:29.157 D/CompatibilityInfo( 1639): applicationDensity - 440
09-01 14:42:29.157 D/CompatibilityInfo( 1639): applicationScale - 1.0
09-01 14:42:29.161 I/MiuiNetworkPolicy( 1639): updateUidState uid = 10224, uidState = 5
09-01 14:42:29.161 D/OemNetd (  679): whiteListUid: uid=10224, wmm=add
09-01 14:42:29.164 I/MiuiNetworkPolicy( 1639): updateMLUid uid:10224,old:20,new:5
09-01 14:42:29.164 I/MiuiNetworkPolicy( 1639): isMLEnabled state:20,uid:10224,connect:DISCONNECTED
09-01 14:42:29.164 I/MiuiNetworkPolicy( 1639): isMLEnabled state:5,uid:10224,connect:DISCONNECTED
09-01 14:42:29.272 D/miuisdk (13898): current sdk level is 20
09-01 14:42:29.276 E/SELinux (  572): avc:  denied  { find } for service=overlay pid=13898 uid=10224 scontext=u:r:untrusted_app_27:s0:c224,c256,c512,c768 tcontext=u:object_r:overlay_service:s0 tclass=service_manager permissive=0
09-01 14:42:29.276 E/IconCustomizerUtils(13898): IOverlayManager is null
09-01 14:42:29.282 W/tomator2.serve(13898): ClassLoaderContext classpath size mismatch. expected=0, found=2 (PCL[]{PCL[/system/framework/android.test.mock.jar*3601177991]{PCL[/system/framework/android.test.base.jar*1299883780]}#PCL[/system/framework/android.test.runner.jar*3312018701]{PCL[/system/framework/android.test.base.jar*1299883780]#PCL[/system/framework/android.test.mock.jar*3601177991]{PCL[/system/framework/android.test.base.jar*1299883780]}}} | PCL[/system/framework/android.test.runner.jar*3312018701:/system/framework/android.test.mock.jar*3601177991])
09-01 14:42:29.283 W/tomator2.serve(13898): ClassLoaderContext classpath size mismatch. expected=0, found=4 (PCL[] | PCL[/system/framework/android.test.runner.jar*3312018701:/system/framework/android.test.mock.jar*3601177991:/data/app/io.appium.uiautomator2.server.test-xiUTBeW1tD0RDVGssLKQjw==/base.apk*4256641845:/data/app/io.appium.uiautomator2.server.test-xiUTBeW1tD0RDVGssLKQjw==/base.apk!classes2.dex*3909004592])
09-01 14:42:29.283 W/tomator2.serve(13898): Found duplicate classes, falling back to extracting from APK : /data/app/io.appium.uiautomator2.server-R860u7MKtILXj95_tECd6A==/base.apk
09-01 14:42:29.283 W/tomator2.serve(13898): NOTE: This wastes RAM and hurts startup performance.
09-01 14:42:29.283 W/tomator2.serve(13898): Found duplicated class when checking oat files: 'Ljunit/runner/BaseTestRunner;' in /system/framework/android.test.runner.jar and /data/app/io.appium.uiautomator2.server-R860u7MKtILXj95_tECd6A==/base.apk
09-01 14:42:29.283 W/tomator2.serve(13898): 
09-01 14:42:29.371 I/Perf    (13898): Connecting to perf service.
09-01 14:42:29.375 I/WifiHAL (  794): event received NL80211_CMD_VENDOR, vendor_id = 0x1374, subcmd = 0xa
09-01 14:42:29.376 I/cnss-daemon( 1223): nl80211 response handler invoked
09-01 14:42:29.377 I/cnss-daemon( 1223): nl80211_response_handler: cmd 103, vendorID 4980, subcmd 10  received
09-01 14:42:29.381 W/tomator2.serve(13898): ClassLoaderContext classpath size mismatch. expected=0, found=2 (PCL[]{PCL[/system/framework/android.test.mock.jar*3601177991]{PCL[/system/framework/android.test.base.jar*1299883780]}#PCL[/system/framework/android.test.runner.jar*3312018701]{PCL[/system/framework/android.test.base.jar*1299883780]#PCL[/system/framework/android.test.mock.jar*3601177991]{PCL[/system/framework/android.test.base.jar*1299883780]}}} | PCL[/system/framework/android.test.runner.jar*3312018701:/system/framework/android.test.mock.jar*3601177991];PCL[/system/framework/android.test.runner.jar*3312018701:/system/framework/android.test.mock.jar*3601177991:/data/app/io.appium.uiautomator2.server.test-xiUTBeW1tD0RDVGssLKQjw==/base.apk*4256641845:/data/app/io.appium.uiautomator2.server.test-xiUTBeW1tD0RDVGssLKQjw==/base.apk!classes2.dex*3909004592:/data/app/io.appium.uiautomator2.server-R860u7MKtILXj95_tECd6A==/base.apk*2224874488:/data/app/io.appium.uiautomator2.server-R860u7MKtILXj95_tECd6A==/base.apk!classes2.dex*2518648215])
09-01 14:42:29.381 I/wpa_supplicant(  312): wlan0: CTRL-EVENT-AVOID-FREQ ranges=5500-5640
09-01 14:42:29.381 W/tomator2.serve(13898): Found duplicate classes, falling back to extracting from APK : /data/app/io.appium.uiautomator2.server.test-xiUTBeW1tD0RDVGssLKQjw==/base.apk
09-01 14:42:29.381 W/tomator2.serve(13898): NOTE: This wastes RAM and hurts startup performance.
09-01 14:42:29.381 W/tomator2.serve(13898): Found duplicated class when checking oat files: 'Landroidx/test/espresso/AmbiguousViewMatcherException$1;' in /data/app/io.appium.uiautomator2.server.test-xiUTBeW1tD0RDVGssLKQjw==/base.apk and /data/app/io.appium.uiautomator2.server.test-xiUTBeW1tD0RDVGssLKQjw==/base.apk
09-01 14:42:29.381 W/tomator2.serve(13898): 
09-01 14:42:29.382 I/wpa_supplicant(  312): wlan0: CTRL-EVENT-REGDOM-CHANGE init=DRIVER type=COUNTRY alpha2=CN
09-01 14:42:29.402 W/tomator2.serve(13898): ClassLoaderContext classpath size mismatch. expected=0, found=4 (PCL[] | PCL[/system/framework/android.test.runner.jar*3312018701:/system/framework/android.test.mock.jar*3601177991:/data/app/io.appium.uiautomator2.server.test-xiUTBeW1tD0RDVGssLKQjw==/base.apk*4256641845:/data/app/io.appium.uiautomator2.server.test-xiUTBeW1tD0RDVGssLKQjw==/base.apk!classes2.dex*3909004592];PCL[/system/framework/android.test.runner.jar*3312018701:/system/framework/android.test.mock.jar*3601177991:/data/app/io.appium.uiautomator2.server.test-xiUTBeW1tD0RDVGssLKQjw==/base.apk*4256641845:/data/app/io.appium.uiautomator2.server.test-xiUTBeW1tD0RDVGssLKQjw==/base.apk!classes2.dex*3909004592:/data/app/io.appium.uiautomator2.server-R860u7MKtILXj95_tECd6A==/base.apk*2224874488:/data/app/io.appium.uiautomator2.server-R860u7MKtILXj95_tECd6A==/base.apk!classes2.dex*2518648215])
09-01 14:42:29.402 W/tomator2.serve(13898): Found duplicate classes, falling back to extracting from APK : /data/app/io.appium.uiautomator2.server-R860u7MKtILXj95_tECd6A==/base.apk
09-01 14:42:29.402 W/tomator2.serve(13898): NOTE: This wastes RAM and hurts startup performance.
09-01 14:42:29.402 W/tomator2.serve(13898): Found duplicated class when checking oat files: 'Landroid_libs/ub_uiautomator/R;' in /data/app/io.appium.uiautomator2.server-R860u7MKtILXj95_tECd6A==/base.apk!classes2.dex and /data/app/io.appium.uiautomator2.server-R860u7MKtILXj95_tECd6A==/base.apk!classes2.dex
09-01 14:42:29.402 W/tomator2.serve(13898): 
09-01 14:42:29.487 W/tomator2.serve(13898): Accessing hidden method Landroid/app/Instrumentation;->execStartActivity(Landroid/content/Context;Landroid/os/IBinder;Landroid/os/IBinder;Landroid/app/Activity;Landroid/content/Intent;ILandroid/os/Bundle;)Landroid/app/Instrumentation$ActivityResult; (greylist, linking, allowed)
09-01 14:42:29.487 W/tomator2.serve(13898): Accessing hidden method Landroid/app/Instrumentation;->execStartActivity(Landroid/content/Context;Landroid/os/IBinder;Landroid/os/IBinder;Ljava/lang/String;Landroid/content/Intent;ILandroid/os/Bundle;)Landroid/app/Instrumentation$ActivityResult; (greylist, linking, allowed)
09-01 14:42:29.491 D/ForceDarkHelper(13898): io.appium.uiautomator2.server mIsDarkModeSupported = false
09-01 14:42:29.492 D/ForceDarkHelper(13898): io.appium.uiautomator2.server initialize time 1
09-01 14:42:29.497 I/MonitoringInstr(13898): Instrumentation started!
09-01 14:42:29.505 I/MonitoringInstr(13898): Setting context classloader to 'dalvik.system.PathClassLoader[DexPathList[[zip file "/system/framework/android.test.runner.jar", zip file "/system/framework/android.test.mock.jar", zip file "/data/app/io.appium.uiautomator2.server.test-xiUTBeW1tD0RDVGssLKQjw==/base.apk", zip file "/data/app/io.appium.uiautomator2.server-R860u7MKtILXj95_tECd6A==/base.apk"],nativeLibraryDirectories=[/data/app/io.appium.uiautomator2.server.test-xiUTBeW1tD0RDVGssLKQjw==/lib/arm64, /data/app/io.appium.uiautomator2.server-R860u7MKtILXj95_tECd6A==/lib/arm64, /system/lib64, /system/product/lib64]]]', Original: 'dalvik.system.PathClassLoader[DexPathList[[zip file "/system/framework/android.test.runner.jar", zip file "/system/framework/android.test.mock.jar", zip file "/data/app/io.appium.uiautomator2.server.test-xiUTBeW1tD0RDVGssLKQjw==/base.apk", zip file "/data/app/io.appium.uiautomator2.server-R860u7MKtILXj95_tECd6A==/base.apk"],nativeLibraryDirectories=[/data/app/io.appium.uiautomator2.server.test-xiUTBeW1tD0RDVGssLKQjw==/lib/arm64, /data/app/io.appium.uiautomator2.server-R860u7MKtILXj95_tECd6A==/lib/arm64, /system/lib64, /system/product/lib64]]]'
09-01 14:42:29.511 I/FeatureParser(13898): can't find raphael.xml in assets/device_features/,it may be in /system/etc/device_features
09-01 14:42:29.520 E/libc    (13898): Access denied finding property "ro.vendor.df.effect.conflict"
09-01 14:42:29.510 W/tomator2.server(13898): type=1400 audit(0.0:64155): avc: denied { read } for name="u:object_r:vendor_displayfeature_prop:s0" dev="tmpfs" ino=16588 scontext=u:r:untrusted_app_27:s0:c224,c256,c512,c768 tcontext=u:object_r:vendor_displayfeature_prop:s0 tclass=file permissive=0 app=io.appium.uiautomator2.server
09-01 14:42:29.524 I/MonitoringInstr(13898): No JSBridge.
09-01 14:42:29.526 E/Perf    (13898): Fail to get file list io.appium.uiautomator2.server
09-01 14:42:29.526 E/Perf    (13898): getFolderSize() : Exception_1 = java.lang.NullPointerException: Attempt to get length of null array
09-01 14:42:29.527 E/Perf    (13898): Fail to get file list io.appium.uiautomator2.server
09-01 14:42:29.527 E/Perf    (13898): getFolderSize() : Exception_1 = java.lang.NullPointerException: Attempt to get length of null array
09-01 14:42:29.527 I/MonitoringInstr(13898): Setting context classloader to 'dalvik.system.PathClassLoader[DexPathList[[zip file "/system/framework/android.test.runner.jar", zip file "/system/framework/android.test.mock.jar", zip file "/data/app/io.appium.uiautomator2.server.test-xiUTBeW1tD0RDVGssLKQjw==/base.apk", zip file "/data/app/io.appium.uiautomator2.server-R860u7MKtILXj95_tECd6A==/base.apk"],nativeLibraryDirectories=[/data/app/io.appium.uiautomator2.server.test-xiUTBeW1tD0RDVGssLKQjw==/lib/arm64, /data/app/io.appium.uiautomator2.server-R860u7MKtILXj95_tECd6A==/lib/arm64, /system/lib64, /system/product/lib64]]]', Original: 'dalvik.system.PathClassLoader[DexPathList[[zip file "/system/framework/android.test.runner.jar", zip file "/system/framework/android.test.mock.jar", zip file "/data/app/io.appium.uiautomator2.server.test-xiUTBeW1tD0RDVGssLKQjw==/base.apk", zip file "/data/app/io.appium.uiautomator2.server-R860u7MKtILXj95_tECd6A==/base.apk"],nativeLibraryDirectories=[/data/app/io.appium.uiautomator2.server.test-xiUTBeW1tD0RDVGssLKQjw==/lib/arm64, /data/app/io.appium.uiautomator2.server-R860u7MKtILXj95_tECd6A==/lib/arm64, /system/lib64, /system/product/lib64]]]'
09-01 14:42:29.528 E/Perf    (13898): Fail to get file list oat
09-01 14:42:29.528 E/Perf    (13898): getFolderSize() : Exception_1 = java.lang.NullPointerException: Attempt to get length of null array
09-01 14:42:29.554 I/UsageTrackerFacilitator(13898): Usage tracking enabled
09-01 14:42:29.560 I/TestRequestBuilder(13898): Scanning classpath to find tests in paths [/data/app/io.appium.uiautomator2.server.test-xiUTBeW1tD0RDVGssLKQjw==/base.apk]
09-01 14:42:29.563 W/tomator2.serve(13898): Opening an oat file without a class loader. Are you using the deprecated DexFile APIs?
09-01 14:42:29.690 D/TestExecutor(13898): Adding listener androidx.test.internal.runner.listener.LogRunListener
09-01 14:42:29.690 D/TestExecutor(13898): Adding listener androidx.test.internal.runner.listener.InstrumentationResultPrinter
09-01 14:42:29.690 D/TestExecutor(13898): Adding listener androidx.test.internal.runner.listener.ActivityFinisherRunListener
09-01 14:42:29.691 I/TestRunner(13898): run started: 1 tests
09-01 14:42:29.693 I/TestRunner(13898): started: startServer(io.appium.uiautomator2.server.test.AppiumUiAutomator2Server)
09-01 14:42:29.695 I/MonitoringInstr(13898): Activities that are still in CREATED to STOPPED: 0
09-01 14:42:29.696 I/appium  (13898): [AppiumUiAutomator2Server] Starting Server
09-01 14:42:29.814 E/adbd    (16935): failed to connect to socket 'tcp:6790': Connection refused
09-01 14:42:29.966 I/chatty  (19843): uid=1002(bluetooth) POSIX timer 7 expire 4 lines
09-01 14:42:30.072 D/NetworkStateReceiver(22367): sWifiStrengthLevel = 3
09-01 14:42:30.073 D/QCNEJ/WlanStaInfoRelay( 2635): Received action: android.net.wifi.RSSI_CHANGED
09-01 14:42:30.089 D/StackScroller(29730): applyCurrentState
09-01 14:42:30.100 I/AudioTrack( 2503): isLongTimeZoreData zoer date time 54 Seconds
09-01 14:42:30.117 I/chatty  (19843): uid=1002(bluetooth) POSIX timer 4 expire 2 lines
09-01 14:42:30.444 I/MiuiNetworkPolicy( 1639): bandwidth: 1 KB/s, Max bandwidth: 3727 KB/s
09-01 14:42:30.709 I/appium  (13898): AndroidServer created on port 6790
09-01 14:42:30.709 I/appium  (13898): io.appium.uiautomator2.server started:
09-01 14:42:30.755 I/appium  (13898): Started UiAutomator2 io.appium.uiautomator2.http io.appium.uiautomator2.server on port 6790
09-01 14:42:30.785 W/tomator2.serve(13898): Accessing hidden method Lsun/misc/Unsafe;->allocateMemory(J)J (greylist, linking, allowed)
09-01 14:42:30.785 W/tomator2.serve(13898): Accessing hidden method Lsun/misc/Unsafe;->freeMemory(J)V (greylist, linking, allowed)
09-01 14:42:30.785 W/tomator2.serve(13898): Accessing hidden method Lsun/misc/Unsafe;->addressSize()I (greylist, linking, allowed)
09-01 14:42:30.786 W/tomator2.serve(13898): Accessing hidden method Lsun/misc/Unsafe;->arrayBaseOffset(Ljava/lang/Class;)I (greylist,core-platform-api, linking, allowed)
09-01 14:42:30.786 W/tomator2.serve(13898): Accessing hidden method Lsun/misc/Unsafe;->copyMemory(JJJ)V (greylist, linking, allowed)
09-01 14:42:30.786 W/tomator2.serve(13898): Accessing hidden method Lsun/misc/Unsafe;->getByte(J)B (greylist,core-platform-api, linking, allowed)
09-01 14:42:30.786 W/tomator2.serve(13898): Accessing hidden method Lsun/misc/Unsafe;->getByte(Ljava/lang/Object;J)B (greylist,core-platform-api, linking, allowed)
09-01 14:42:30.786 W/tomator2.serve(13898): Accessing hidden method Lsun/misc/Unsafe;->getInt(J)I (greylist, linking, allowed)
09-01 14:42:30.786 W/tomator2.serve(13898): Accessing hidden method Lsun/misc/Unsafe;->getInt(Ljava/lang/Object;J)I (greylist, linking, allowed)
09-01 14:42:30.786 W/tomator2.serve(13898): Accessing hidden method Lsun/misc/Unsafe;->getLong(J)J (greylist,core-platform-api, linking, allowed)
09-01 14:42:30.786 W/tomator2.serve(13898): Accessing hidden method Lsun/misc/Unsafe;->getLong(Ljava/lang/Object;J)J (greylist,core-platform-api, linking, allowed)
09-01 14:42:30.786 W/tomator2.serve(13898): Accessing hidden method Lsun/misc/Unsafe;->getObject(Ljava/lang/Object;J)Ljava/lang/Object; (greylist, linking, allowed)
09-01 14:42:30.786 W/tomator2.serve(13898): Accessing hidden method Lsun/misc/Unsafe;->getObjectVolatile(Ljava/lang/Object;J)Ljava/lang/Object; (greylist, linking, allowed)
09-01 14:42:30.786 W/tomator2.serve(13898): Accessing hidden method Lsun/misc/Unsafe;->getShort(J)S (greylist, linking, allowed)
09-01 14:42:30.786 W/tomator2.serve(13898): Accessing hidden method Lsun/misc/Unsafe;->getShort(Ljava/lang/Object;J)S (greylist, linking, allowed)
09-01 14:42:30.786 W/tomator2.serve(13898): Accessing hidden method Lsun/misc/Unsafe;->objectFieldOffset(Ljava/lang/reflect/Field;)J (greylist,core-platform-api, linking, allowed)
09-01 14:42:30.786 W/tomator2.serve(13898): Accessing hidden method Lsun/misc/Unsafe;->putByte(JB)V (greylist,core-platform-api, linking, allowed)
09-01 14:42:30.786 W/tomator2.serve(13898): Accessing hidden method Lsun/misc/Unsafe;->putByte(Ljava/lang/Object;JB)V (greylist,core-platform-api, linking, allowed)
09-01 14:42:30.786 W/tomator2.serve(13898): Accessing hidden method Lsun/misc/Unsafe;->putInt(JI)V (greylist, linking, allowed)
09-01 14:42:30.786 W/tomator2.serve(13898): Accessing hidden method Lsun/misc/Unsafe;->putInt(Ljava/lang/Object;JI)V (greylist, linking, allowed)
09-01 14:42:30.786 W/tomator2.serve(13898): Accessing hidden method Lsun/misc/Unsafe;->putLong(JJ)V (greylist, linking, allowed)
09-01 14:42:30.786 W/tomator2.serve(13898): Accessing hidden method Lsun/misc/Unsafe;->putLong(Ljava/lang/Object;JJ)V (greylist, linking, allowed)
09-01 14:42:30.786 W/tomator2.serve(13898): Accessing hidden method Lsun/misc/Unsafe;->putOrderedObject(Ljava/lang/Object;JLjava/lang/Object;)V (greylist, linking, allowed)
09-01 14:42:30.786 W/tomator2.serve(13898): Accessing hidden method Lsun/misc/Unsafe;->putShort(JS)V (greylist, linking, allowed)
09-01 14:42:30.786 W/tomator2.serve(13898): Accessing hidden method Lsun/misc/Unsafe;->putShort(Ljava/lang/Object;JS)V (greylist, linking, allowed)
09-01 14:42:30.786 W/tomator2.serve(13898): Accessing hidden method Lsun/misc/Unsafe;->setMemory(JJB)V (greylist, linking, allowed)
09-01 14:42:30.787 W/tomator2.serve(13898): Accessing hidden field Ljava/nio/Buffer;->address:J (greylist, reflection, allowed)
09-01 14:42:30.787 W/tomator2.serve(13898): Accessing hidden field Lsun/misc/Unsafe;->theUnsafe:Lsun/misc/Unsafe; (greylist, reflection, allowed)
09-01 14:42:30.788 W/tomator2.serve(13898): Accessing hidden method Lsun/misc/VM;->maxDirectMemory()J (greylist, reflection, allowed)
09-01 14:42:30.796 W/tomator2.serve(13898): Accessing hidden field Lsun/nio/ch/SelectorImpl;->selectedKeys:Ljava/util/Set; (greylist, reflection, allowed)
09-01 14:42:30.796 W/tomator2.serve(13898): Accessing hidden field Lsun/nio/ch/SelectorImpl;->publicSelectedKeys:Ljava/util/Set; (greylist, reflection, allowed)
09-01 14:42:30.810 W/Thread-4(13898): type=1400 audit(0.0:64156): avc: denied { read } for name="somaxconn" dev="proc" ino=7220655 scontext=u:r:untrusted_app_27:s0:c224,c256,c512,c768 tcontext=u:object_r:proc_net:s0 tclass=file permissive=0 app=io.appium.uiautomator2.server
09-01 14:42:30.822 E/adbd    (16935): failed to connect to socket 'tcp:6790': Connection refused
09-01 14:42:31.115 I/AudioTrack( 2503): isLongTimeZoreData zoer date time 55 Seconds
09-01 14:42:31.513 D/QtiCarrierConfigHelper( 2698): WARNING, no carrier configs on phone Id: 0
09-01 14:42:31.514 I/BatteryInfoReceiver( 5237): ACTION_BATTERY_CHANGED
09-01 14:42:31.515 D/NfcService( 4689): Received android.intent.action.BATTERY_CHANGED
09-01 14:42:31.516 D/PowerCheckerService( 6417): onBatteryChanged, mBatteryLevel = 100, status = 5, level = 100, plug = 2, scale = 100
09-01 14:42:31.517 D/KeyguardUpdateMonitor(29730): received broadcast android.intent.action.BATTERY_CHANGED
09-01 14:42:31.520 D/ThermalTempInfoHelper( 6417): thermal sensor73 temp is 42532
09-01 14:42:31.522 D/ThermalTempInfoHelper( 6417): thermal sensor73 temp is 42532
09-01 14:42:31.523 D/PowerKeeper.Thermal( 6417): current battery temperature:36 xo_thermal 42 valid true
09-01 14:42:31.739 D/MSF.D.QLog(25307): QLog clear logs
09-01 14:42:31.910 I/appium  (13898): channel read invoked!
09-01 14:42:31.910 I/appium  (13898): channel read: GET /wd/hub/status
09-01 14:42:31.915 I/appium  (13898): AppiumResponse: {"sessionId":"None","value":{"ready":true,"message":"UiAutomator2 Server is ready to accept commands"}}
09-01 14:42:31.923 I/appium  (13898): channel read invoked!
09-01 14:42:31.923 I/appium  (13898): channel read: POST /wd/hub/session
09-01 14:42:31.927 W/tomator2.serve(13898): Accessing hidden field Landroid/app/UiAutomation;->mOnAccessibilityEventListener:Landroid/app/UiAutomation$OnAccessibilityEventListener; (greylist-max-o, reflection, allowed)
09-01 14:42:31.928 I/appium  (13898): Created the new session with SessionID: 94b2dfbc-5a87-4ff5-8430-a6752ec32c55
09-01 14:42:31.929 I/appium  (13898): AppiumResponse: {"sessionId":"94b2dfbc-5a87-4ff5-8430-a6752ec32c55","value":{"sessionId":"94b2dfbc-5a87-4ff5-8430-a6752ec32c55","capabilities":{"firstMatch":[{"platform":"LINUX","webStorageEnabled":false,"takesScreenshot":true,"javascriptEnabled":true,"databaseEnabled":false,"networkConnectionEnabled":true,"loca...
09-01 14:42:31.949 I/appium  (13898): channel read invoked!
09-01 14:42:31.949 I/appium  (13898): channel read: GET /wd/hub/session/94b2dfbc-5a87-4ff5-8430-a6752ec32c55/appium/device/info
09-01 14:42:31.949 I/appium  (13898): Get Device Info command
09-01 14:42:31.961 W/tomator2.serve(13898): Accessing hidden field Landroid/net/NetworkCapabilities;->mSignalStrength:I (greylist-max-p, reflection, allowed)
09-01 14:42:31.961 W/tomator2.serve(13898): Accessing hidden field Landroid/net/NetworkCapabilities;->mNetworkSpecifier:Landroid/net/NetworkSpecifier; (greylist-max-o, reflection, allowed)
09-01 14:42:31.961 W/tomator2.serve(13898): Accessing hidden field Landroid/net/NetworkCapabilities;->mSSID:Ljava/lang/String; (greylist-max-o, reflection, allowed)
09-01 14:42:31.968 I/appium  (13898): AppiumResponse: {"sessionId":"94b2dfbc-5a87-4ff5-8430-a6752ec32c55","value":{"androidId":"189d1757d16bcd28","manufacturer":"Xiaomi","model":"Redmi K20 Pro","brand":"Xiaomi","apiVersion":"29","platformVersion":"10","carrierName":"小米移动","realDisplaySize":"1080x2340","displayDensity":440,"networks":[{"type":1,"type...
09-01 14:42:32.038 D/MessageMonitor( 1639): Dump Looper message took 1ms
09-01 14:42:32.043 D/MessageMonitor( 1639): Dump Looper message took 1ms
09-01 14:42:32.092 I/chatty  ( 8588): uid=1002(bluetooth) BluetoothScanMa expire 12 lines
09-01 14:42:32.095 I/chatty  ( 8588): uid=1002(bluetooth) BT Service Call expire 129 lines
09-01 14:42:32.096 I/chatty  (19843): uid=1002 bluetooth@1.0-s expire 6 lines
09-01 14:42:32.131 I/AudioTrack( 2503): isLongTimeZoreData zoer date time 56 Seconds
09-01 14:42:30.734 V/SettingsProvider( 1639): Notifying for 0: content://settings/secure/accessibility_enabled
09-01 14:42:32.168 I/ActivityManager( 1639): Force stopping com.xiaomi.hm.health appid=10241 user=0: from process:13933
09-01 14:42:32.170 I/ActivityManager( 1639): Killing 29490:com.xiaomi.aiasst.service/1000 (adj 999): empty for 1800s
09-01 14:42:32.177 E/PhoneInterfaceManager( 2698): [PhoneIntfMgr] getCarrierPackageNamesForIntent: No UICC
09-01 14:42:32.177 D/CarrierSvcBindHelper( 2698): No carrier app for: 0
09-01 14:42:32.181 D/CarrierSvcBindHelper( 2698): No carrier app for: 1
09-01 14:42:32.190 D/RegisteredServicesCache( 4689):  Reading service state data always from file
09-01 14:42:32.192 D/RegisteredServicesCache( 4689): ServiceStateFileVersion=1.0
09-01 14:42:32.192 E/RegisteredServicesCache( 4689): Next Tag=services
