--------- beginning of main
09-01 14:42:24.437 I/MiuiNetworkPolicy( 1639): bandwidth: 0 KB/s, Max bandwidth: 3727 KB/s
09-01 14:42:24.546 D/NetworkManagement( 1639): wlan0 <====> 1
09-01 14:42:24.546 I/MiuiNetworkPolicy( 1639): label wlan0, uid -1, active false, tsNanos 596273502472557
09-01 14:42:24.548 D/OemNetd (  679): setLimit: disable, rate=0
09-01 14:42:25.247 D/NetworkController.MobileSignalController(1)(29730): 4G level = 5
09-01 14:42:25.419 I/appium  (13362): channel read invoked!
09-01 14:42:25.420 I/appium  (13362): channel read: POST /wd/hub/session/2b2ac1eb-0e76-40e7-a1ac-672d2e35aa7a/element
09-01 14:42:25.422 I/appium  (13362): Find element command using 'id' with selector 'sport_energy_month'.
09-01 14:42:25.423 I/appium  (13362): Waiting up to 10000ms for device to be idle
09-01 14:42:25.458 I/appium  (13362): AppiumResponse: {"sessionId":"2b2ac1eb-0e76-40e7-a1ac-672d2e35aa7a","value":{"ELEMENT":"207f0274-1d30-44af-a90c-c717c32987e6","element-6066-11e4-a52e-4f735466cecf":"207f0274-1d30-44af-a90c-c717c32987e6"}}
09-01 14:42:25.478 I/appium  (13362): channel read invoked!
09-01 14:42:25.478 I/appium  (13362): channel read: POST /wd/hub/session/2b2ac1eb-0e76-40e7-a1ac-672d2e35aa7a/element/207f0274-1d30-44af-a90c-c717c32987e6/click
09-01 14:42:25.480 I/appium  (13362): Click element command
09-01 14:42:25.526 I/appium  (13362): Waiting up to 10000ms for device to be idle
09-01 14:42:25.529 I/appium  (13362): AppiumResponse: {"sessionId":"2b2ac1eb-0e76-40e7-a1ac-672d2e35aa7a","value":null}
09-01 14:42:25.550 I/appium  (13362): channel read invoked!
09-01 14:42:25.550 I/appium  (13362): channel read: POST /wd/hub/session/2b2ac1eb-0e76-40e7-a1ac-672d2e35aa7a/element
09-01 14:42:25.552 I/appium  (13362): Find element command using 'id' with selector 'sport_energy_desc'.
09-01 14:42:25.552 I/appium  (13362): Waiting up to 10000ms for device to be idle
09-01 14:42:25.567 I/System.out(13415): EventDateDataAnalysisJobFinished : 2015-01-01; stage count = null
09-01 14:42:25.572 I/System.out(13415): 1420041600536 - local data size : 0
09-01 14:42:25.575 I/System.out(13415): 1420041600536 - local data size : 0
09-01 14:42:25.579 I/System.out(13415): 1420041600536 - local data size : 0
09-01 14:42:25.580 I/System.out(13415): 1420041600536 - local data size : 0
09-01 14:42:25.594 I/System.out(13415): 1420041600536 - local data size : 0
09-01 14:42:25.599 I/System.out(13415): 1420041600536 - local data size : 0
09-01 14:42:25.603 I/System.out(13415): 1420041600536 - local data size : 0
09-01 14:42:25.603 I/System.out(13415): 1420041600536 - local data size : 0
09-01 14:42:25.607 W/AsyncHttpResponse(13415): Current thread has not called Looper.prepare().Forcing synchronous mode
09-01 14:42:25.614 D/NetworkManagement( 1639): wlan0 <====> 1
09-01 14:42:25.614 I/MiuiNetworkPolicy( 1639): label wlan0, uid 10241, active true, tsNanos 596286942614426
09-01 14:42:25.614 D/OemNetd (  679): setLimit: enable, rate=3227614
09-01 14:42:25.660 I/System.out(13415): 1422720000537 - local data size : 0
09-01 14:42:25.664 I/System.out(13415): 1422720000537 - local data size : 0
09-01 14:42:25.669 I/System.out(13415): 1422720000537 - local data size : 0
09-01 14:42:25.670 I/System.out(13415): 1422720000537 - local data size : 0
09-01 14:42:25.673 W/AsyncHttpResponse(13415): Current thread has not called Looper.prepare().Forcing synchronous mode
09-01 14:42:25.676 V/AsyncHttpResponse(13415): Progress 62 from 62 (100%)
09-01 14:42:25.705 I/System.out(13415): EventDateDataAnalysisJobFinished : 2015-02-01; stage count = null
09-01 14:42:25.709 I/System.out(13415): 1598889600668 - local data size : 0
09-01 14:42:25.710 I/System.out(13415): 1422720000537 - local data size : 0
09-01 14:42:25.714 I/System.out(13415): 1598889600668 - local data size : 0
09-01 14:42:25.714 I/System.out(13415): 1422720000537 - local data size : 0
09-01 14:42:25.719 D/DeviceCenter(13415): user data:UserData{uid='1092412362', age=27, isMetric=true, weight=75.7, height=242, gender=0, avatarUrl='', avatarPath='', name='username3', isChinaUser=true, buyMifiProUrl='https://api-mifit-cn2.huami.com/apps/redirectPages?lang=zh_CN&userId=1092412362&channel=Normal&redirectType=buy&appplatform=android_phone&cv=113651_4.6.0'}
09-01 14:42:25.721 I/System.out(13415): 1598889600668 - local data size : 0
09-01 14:42:25.721 V/AsyncHttpResponse(13415): Progress 62 from 62 (100%)
09-01 14:42:25.722 W/AsyncHttpResponse(13415): Current thread has not called Looper.prepare().Forcing synchronous mode
09-01 14:42:25.722 I/System.out(13415): 1422720000537 - local data size : 0
09-01 14:42:25.728 W/AsyncHttpResponse(13415): Current thread has not called Looper.prepare().Forcing synchronous mode
09-01 14:42:25.728 I/System.out(13415): 1598889600668 - local data size : 0
09-01 14:42:25.730 I/System.out(13415): 1422720000537 - local data size : 0
09-01 14:42:25.731 I/System.out(13415): EventDateDataAnalysisJobFinished : 2015-02-01; stage count = null
09-01 14:42:25.735 I/System.out(13415): 1422720000537 - local data size : 0
09-01 14:42:25.738 I/System.out(13415): 1422720000537 - local data size : 0
09-01 14:42:25.741 I/System.out(13415): 1422720000537 - local data size : 0
09-01 14:42:25.744 I/System.out(13415): 1422720000537 - local data size : 0
09-01 14:42:25.768 V/AsyncHttpResponse(13415): Progress 2582 from 2582 (100%)
09-01 14:42:25.772 V/AsyncHttpResponse(13415): Progress 1421 from 1421 (100%)
09-01 14:42:25.795 I/System.out(13415): 1596211200669 - local data size : 5
09-01 14:42:25.808 I/System.out(13415): 1596211200669 - local data size : 5
09-01 14:42:25.811 D/DeviceCenter(13415): user data:UserData{uid='1092412362', age=27, isMetric=true, weight=75.7, height=242, gender=0, avatarUrl='', avatarPath='', name='username3', isChinaUser=true, buyMifiProUrl='https://api-mifit-cn2.huami.com/apps/redirectPages?lang=zh_CN&userId=1092412362&channel=Normal&redirectType=buy&appplatform=android_phone&cv=113651_4.6.0'}
09-01 14:42:25.815 I/System.out(13415): 1596211200669 - local data size : 5
09-01 14:42:25.816 W/AsyncHttpResponse(13415): Current thread has not called Looper.prepare().Forcing synchronous mode
09-01 14:42:25.817 I/System.out(13415): 1596211200669 - local data size : 5
09-01 14:42:25.818 W/AsyncHttpResponse(13415): Current thread has not called Looper.prepare().Forcing synchronous mode
09-01 14:42:25.825 W/tomator2.serve(13362): Long monitor contention with owner UiAutomation (13394) at void android.view.accessibility.AccessibilityCache.onAccessibilityEvent(android.view.accessibility.AccessibilityEvent)(AccessibilityCache.java:122) waiters=0 in void android.view.accessibility.AccessibilityCache.clear() for 273ms
09-01 14:42:25.826 E/ResolverController(  679): No valid NAT64 prefix (116, <unspecified>/0)
09-01 14:42:25.856 V/AsyncHttpResponse(13415): Progress 2432 from 2432 (100%)
09-01 14:42:25.862 I/System.out(13415): 1598889600668 - local data size : 0
09-01 14:42:25.875 I/System.out(13415): 1598889600668 - local data size : 0
09-01 14:42:25.877 I/System.out(13415): web onCompleted
09-01 14:42:25.881 I/System.out(13415): 1598889600668 - local data size : 0
09-01 14:42:25.883 I/System.out(13415): 1598889600668 - local data size : 0
09-01 14:42:25.931 I/cnss-daemon( 1223): nl80211 response handler invoked
09-01 14:42:25.931 I/cnss-daemon( 1223): nl80211_response_handler: cmd 103, vendorID 4980, subcmd 10  received
09-01 14:42:25.931 I/iaomi.hm.healt(13415): Background concurrent copying GC freed 583689(30MB) AllocSpace objects, 62(3112KB) LOS objects, 47% free, 26MB/50MB, paused 432us total 100.345ms
09-01 14:42:25.931 I/WifiHAL (  794): event received NL80211_CMD_VENDOR, vendor_id = 0x1374, subcmd = 0xa
09-01 14:42:25.932 I/WifiHAL (  794): event received NL80211_CMD_VENDOR, vendor_id = 0x1374, subcmd = 0xa
09-01 14:42:25.932 I/cnss-daemon( 1223): nl80211 response handler invoked
09-01 14:42:25.932 I/cnss-daemon( 1223): nl80211_response_handler: cmd 103, vendorID 4980, subcmd 10  received
09-01 14:42:25.937 I/wpa_supplicant(  312): wlan0: CTRL-EVENT-AVOID-FREQ ranges=5500-5640
09-01 14:42:25.942 I/wpa_supplicant(  312): wlan0: CTRL-EVENT-REGDOM-CHANGE init=DRIVER type=COUNTRY alpha2=CN
09-01 14:42:25.947 I/wpa_supplicant(  312): wlan0: CTRL-EVENT-AVOID-FREQ ranges=
09-01 14:42:25.948 I/wpa_supplicant(  312): wlan0: CTRL-EVENT-REGDOM-CHANGE init=DRIVER type=COUNTRY alpha2=CN
09-01 14:42:26.011 I/appium  (13362): AppiumResponse: {"sessionId":"2b2ac1eb-0e76-40e7-a1ac-672d2e35aa7a","value":{"ELEMENT":"0d0f81fd-dec3-49b7-9df8-7c9872d93aad","element-6066-11e4-a52e-4f735466cecf":"0d0f81fd-dec3-49b7-9df8-7c9872d93aad"}}
09-01 14:42:26.026 I/appium  (13362): channel read invoked!
09-01 14:42:26.027 I/appium  (13362): channel read: GET /wd/hub/session/2b2ac1eb-0e76-40e7-a1ac-672d2e35aa7a/element/0d0f81fd-dec3-49b7-9df8-7c9872d93aad/attribute/text
09-01 14:42:26.027 I/appium  (13362): get attribute of element command
09-01 14:42:26.045 I/System.out(13415): EventDateDataAnalysisJobFinished : 2020-08-01; stage count = [this.time:0,this.steps:0,this.count:0,this.distance:0 ,this.cal: 0, this.time:1,this.steps:0,this.count:0,this.distance:0 ,this.cal: 0, this.time:2,this.steps:0,this.count:0,this.distance:0 ,this.cal: 0, this.time:3,this.steps:0,this.count:0,this.distance:0 ,this.cal: 0, this.time:4,this.steps:0,this.count:0,this.distance:0 ,this.cal: 0, this.time:5,this.steps:0,this.count:0,this.distance:0 ,this.cal: 0, this.time:6,this.steps:0,this.count:0,this.distance:0 ,this.cal: 0, this.time:7,this.steps:0,this.count:0,this.distance:0 ,this.cal: 0, this.time:8,this.steps:0,this.count:0,this.distance:0 ,this.cal: 0, this.time:9,this.steps:0,this.count:0,this.distance:0 ,this.cal: 0, this.time:10,this.steps:0,this.count:0,this.distance:0 ,this.cal: 0, this.time:11,this.steps:0,this.count:0,this.distance:0 ,this.cal: 0, this.time:12,this.steps:0,this.count:0,this.distance:0 ,this.cal: 0, this.time:13,this.steps:0,this.count:0,this.distance:0 ,this.cal: 0, this.time:14,this.steps:0,this.count:0,this.distance:0 ,this.cal: 0, this.time:15,this.steps:0,this.count:0,this.distance:0 ,this.cal: 0, this.time:16,this.steps:0,this.count:0,this.distance:0 ,this.cal: 0, this.time:17,this.steps:0,this.count:0,this.distance:0 ,this.cal: 0, this.time:18,this.steps:0,this.count:0,this.distance:0 ,this.cal: 0, this.time:19,this.steps:0,this.count:0,this.distance:0 ,this.cal: 0, this.time:20,this.steps:0,this.count:0,this.distance:0 ,this.cal: 0, this.time:21,this.steps:0,this.count:0,this.distance:0 ,this.cal: 0, this.time:22,this.steps:0,this.count:0,this.distance:0 ,this.cal: 0, this.time:23,this.steps:0,this.count:0,this.distance:0 ,this.cal: 0, this.time:24,this.steps:0,this.count:0,this.distance:0 ,this.cal: 0, this.time:25,this.steps:0,this.count:0,this.distance:0 ,this.cal: 0, this.time:26,this.steps:0,this.count:0,this.distance:0 ,this.cal: 0, this.time:27,this.steps:0,this.count:0,this.distance:0 ,this.cal: 0, this.time:28,this.steps:0,this.count:0,this.distance:0 ,this.cal: 0, this.time:29,this.steps:0,this.count:0,this.distance:0 ,this.cal: 0, this.time:30,this.steps:0,this.count:0,this.distance:0 ,this.cal: 0, this.time:31,this.steps:0,this.count:0,this.distance:0 ,this.cal: 0, this.time:32,this.steps:0,this.count:0,this.distance:0 ,this.cal: 0, this.time:33,this.steps:0,this.count:0,this.distance:0 ,this.cal: 0, this.time:34,this.steps:0,this.count:0,this.distance:0 ,this.cal: 0, this.time:35,this.steps:0,this.count:0,this.distance:0 ,this.cal: 0, this.time:36,this.steps:0,this.count:0,this.distance:0 ,this.cal: 0, this.time:37,this.steps:0,this.count:0,this.distance:0 ,this.cal: 0, this.time:38,this.steps:0,this.count:0,this.distance:0 ,this.cal: 0, this.time:39,this.steps:0,this.count:0,this.distance:0 ,this.cal: 0, this.time:40,this.steps:0,this.count:0,this.distance:0 ,this.cal: 0, this.time:41,this.steps:0,this.count:0,this.distance:0 ,this.cal: 0, this.time:42,this.steps:0,this.count:0,this.distance:0 ,this.cal: 0, this.time:43,this.steps:0,this.count:0,this.distance:0 ,this.cal: 0, this.time:44,this.steps:0,this.count:0,this.distance:0 ,this.cal: 0, this.time:45,this.steps:0,this.count:0,this.distance:0 ,this.cal: 0, this.time:46,this.steps:0,this.count:0,this.distance:0 ,this.cal: 0, this.time:47,this.steps:0,this.count:0,this.distance:0 ,this.cal: 0, this.time:48,this.steps:0,this.count:0,this.distance:0 ,this.cal: 0, this.time:49,this.steps:0,this.count:0,this.distance:0 ,this.cal: 0, this.time:50,this.steps:0,this.count:0,this.distance:0 ,this.cal: 0, this.time:51,this.steps:0,this.count:0,this.distance:0 ,this.cal: 0, this.time:52,this.steps:0,this.count:0,this.distance:0 ,this.cal: 0, this.time:53,this.steps:0,this.count:0,this.distance:0 ,this.cal: 0, this.time:54,this.steps:0,this.count:0,this.distance:0 ,this.cal: 0, this.time:55,this.steps:0,this.count:0,this.distance:0 ,this.cal: 0, this.time:56,this.steps:0,this.count:0,this.distance:0 ,this.cal: 0, this.time:57,this.steps:0,this.count:0,this.distance:0 ,this.cal: 0, t
09-01 14:42:26.053 V/AsyncHttpResponse(13415): Progress 1421 from 1421 (100%)
09-01 14:42:26.059 I/System.out(13415): web onCompleted
09-01 14:42:26.061 I/System.out(13415): 1596211200669 - local data size : 5
09-01 14:42:26.074 I/System.out(13415): 1596211200669 - local data size : 5
09-01 14:42:26.078 I/System.out(13415): 1596211200669 - local data size : 5
09-01 14:42:26.082 I/System.out(13415): 1596211200669 - local data size : 5
09-01 14:42:26.150 I/chatty  ( 8588): uid=1002(bluetooth) BluetoothScanMa expire 5 lines
09-01 14:42:26.152 I/chatty  ( 8588): uid=1002(bluetooth) BT Service Call expire 4 lines
09-01 14:42:26.152 I/chatty  (19843): uid=1002 bluetooth@1.0-s expire 6 lines
09-01 14:42:26.157 I/chatty  (19843): uid=1002 bluetooth@1.0-s expire 7 lines
09-01 14:42:26.452 I/iaomi.hm.healt(13415): Background concurrent copying GC freed 329766(19MB) AllocSpace objects, 396(14MB) LOS objects, 48% free, 25MB/49MB, paused 108us total 110.125ms
09-01 14:42:26.459 D/IdProviderImpl(22081): getOAID
09-01 14:42:26.501 D/IdProviderImpl(22081): getOAID
09-01 14:42:26.502 D/IdProviderImpl(22081): getVAID
09-01 14:42:26.504 D/IdProviderImpl(22081): getUDID
09-01 14:42:26.709 I/appium  (13362): AppiumResponse: {"sessionId":"2b2ac1eb-0e76-40e7-a1ac-672d2e35aa7a","value":"2020年9月"}
09-01 14:42:26.725 I/appium  (13362): channel read invoked!
09-01 14:42:26.725 I/appium  (13362): channel read: GET /wd/hub/session/2b2ac1eb-0e76-40e7-a1ac-672d2e35aa7a/screenshot
09-01 14:42:26.726 I/appium  (13362): Capture screenshot command
09-01 14:42:26.869 I/hwservicemanager(  573): getTransport: Cannot find entry android.hardware.graphics.mapper@3.0::IMapper/default in either framework or device manifest.
09-01 14:42:26.873 W/Gralloc3(13786): mapper 3.x is not supported
09-01 14:42:26.883 W/AdrenoUtils(13786): <ReadGpuID_from_sysfs:194>: Failed to open /sys/class/kgsl/kgsl-3d0/gpu_model
09-01 14:42:26.870 W/screencap(13786): type=1400 audit(0.0:64148): avc: denied { search } for name="kgsl" dev="sysfs" ino=55624 scontext=u:r:shell:s0 tcontext=u:object_r:sysfs_kgsl:s0 tclass=dir permissive=0
09-01 14:42:26.883 W/AdrenoUtils(13786): <ReadGpuID:218>: Failed to read chip ID from gpu_model. Fallback to use the GSL path
09-01 14:42:27.053 D/StackScroller(29730): applyCurrentState
09-01 14:42:27.113 W/AsyncHttpResponse(13415): Current thread has not called Looper.prepare().Forcing synchronous mode
09-01 14:42:27.125 D/[Koin]  (13415): +- get 'com.huami.stress.domain.O00000oO.O000000o.O000000o'
09-01 14:42:27.125 D/[Koin]  (13415): | create instance for [type:Factory,primary_type:'com.huami.stress.domain.O00000oO.O000000o.O000000o']
09-01 14:42:27.125 D/[Koin]  (13415): +- get 'com.huami.stress.domain.O00000o.O000000o'
09-01 14:42:27.125 D/[Koin]  (13415): | create instance for [type:Factory,primary_type:'com.huami.stress.domain.O00000o.O000000o']
09-01 14:42:27.125 D/[Koin]  (13415): +- got 'com.huami.stress.domain.O00000o.O000000o' in 0.033125 ms
09-01 14:42:27.125 D/[Koin]  (13415): +- got 'com.huami.stress.domain.O00000oO.O000000o.O000000o' in 0.122657 ms
09-01 14:42:27.152 I/appium  (13362): AppiumResponse: {"sessionId":"2b2ac1eb-0e76-40e7-a1ac-672d2e35aa7a","value":"iVBORw0KGgoAAAANSUhEUgAABDgAAAkkCAYAAAD508+vAAAAAXNSR0IArs4c6QAAAARzQklUCAgI\nCHwIZIgAACAASURBVHic7N13fFPl\/gfwz8nsnkl3C2XJUEGZDnDBVfkxZC8VFyriAEVxMRzoVZzX\nCW7BjSiKioKCIAKCAxFkFyjde2ef3x9ZJ03Spk06Uj7v14vb5OSM52mvbc4nz\/N9hN8GZIggIiIi\n...
09-01 14:42:27.163 I/chatty  (19843): uid=1002(bluetooth) POSIX timer 7 expire 2 lines
09-01 14:42:27.169 V/AsyncHttpResponse(13415): Progress 12 from 12 (100%)
09-01 14:42:27.184 W/AsyncHttpResponse(13415): Current thread has not called Looper.prepare().Forcing synchronous mode
09-01 14:42:27.227 V/AsyncHttpResponse(13415): Progress 12 from 12 (100%)
09-01 14:42:27.314 I/chatty  (19843): uid=1002(bluetooth) POSIX timer 4 expire 1 line
09-01 14:42:27.355 I/appium  (13362): channel read invoked!
09-01 14:42:27.356 I/appium  (13362): channel read: POST /wd/hub/session/2b2ac1eb-0e76-40e7-a1ac-672d2e35aa7a/element
09-01 14:42:27.358 I/appium  (13362): Find element command using 'id' with selector 'com.xiaomi.hm.health:id/common_title_left_image'.
09-01 14:42:27.358 I/appium  (13362): Waiting up to 10000ms for device to be idle
09-01 14:42:27.441 I/MiuiNetworkPolicy( 1639): bandwidth: 6 KB/s, Max bandwidth: 3727 KB/s
09-01 14:42:27.667 I/appium  (13362): AppiumResponse: {"sessionId":"2b2ac1eb-0e76-40e7-a1ac-672d2e35aa7a","value":{"ELEMENT":"2a35bfee-7c1a-40bf-8c46-33d4e7cf73de","element-6066-11e4-a52e-4f735466cecf":"2a35bfee-7c1a-40bf-8c46-33d4e7cf73de"}}
09-01 14:42:27.690 I/appium  (13362): channel read invoked!
09-01 14:42:27.691 I/appium  (13362): channel read: POST /wd/hub/session/2b2ac1eb-0e76-40e7-a1ac-672d2e35aa7a/element/2a35bfee-7c1a-40bf-8c46-33d4e7cf73de/click
09-01 14:42:27.692 I/appium  (13362): Click element command
09-01 14:42:27.725 D/ActivityTrigger( 1639): ActivityTrigger activityPauseTrigger 
09-01 14:42:27.732 I/appium  (13362): Waiting up to 10000ms for device to be idle
09-01 14:42:27.734 I/appium  (13362): AppiumResponse: {"sessionId":"2b2ac1eb-0e76-40e7-a1ac-672d2e35aa7a","value":null}
--------- beginning of system
09-01 14:42:27.743 D/WindowManager( 1639): Input focus has changed to null
09-01 14:42:27.747 I/appium  (13362): channel read invoked!
09-01 14:42:27.747 I/Timeline( 1639): Timeline: App_transition_ready time:212113764
09-01 14:42:27.747 I/appium  (13362): channel read: DELETE /wd/hub/session/2b2ac1eb-0e76-40e7-a1ac-672d2e35aa7a
09-01 14:42:27.748 I/appium  (13362): Delete session command
09-01 14:42:27.751 I/appium  (13362): Stopping uiautomator2 io.appium.uiautomator2.http io.appium.uiautomator2.server
09-01 14:42:27.753 I/appium  (13362): AppiumResponse: {"sessionId":"2b2ac1eb-0e76-40e7-a1ac-672d2e35aa7a","value":null}
09-01 14:42:27.776 D/RecentsImpl( 7676): mActivityStateObserver com.xiaomi.hm.health.activity.StatusDetailActivity
09-01 14:42:27.787 I/Timeline( 1639): Timeline: App_transition_ready time:212113804
09-01 14:42:27.788 D/WindowManager( 1639): Input focus has changed to Window{a9108c3 u0 com.xiaomi.hm.health/com.xiaomi.hm.health.activity.StatusDetailActivity}
09-01 14:42:27.822 I/Timeline( 1639): Timeline: App_transition_ready time:212113839
09-01 14:42:27.840 W/AsyncHttpResponse(13415): Current thread has not called Looper.prepare().Forcing synchronous mode
09-01 14:42:27.843 I/ActivityManager( 1639): Force stopping com.xiaomi.hm.health appid=10241 user=0: from process:13813
09-01 14:42:27.844 I/ActivityManager( 1639): Killing 13415:com.xiaomi.hm.health/u0a241 (adj 0): stop com.xiaomi.hm.health: from process:13813
09-01 14:42:27.848 I/ProcessManager( 1639): remove no clear notification:StatusBarNotification(pkg=com.xiaomi.hm.health user=UserHandle{0} id=4 tag=null key=0|com.xiaomi.hm.health|4|null|10241: Notification(channel=O000Oo0 pri=0 contentView=null vibrate=null sound=null defaults=0x0 flags=0x62 color=0xffff5a00 vis=PRIVATE))
09-01 14:42:27.853 I/hwservicemanager(  573): getTransport: Cannot find entry vendor.qti.hardware.servicetracker@1.0::IServicetracker/default in either framework or device manifest.
09-01 14:42:27.854 W/RecentsModel( 7676): onTaskStackChangedBackground: start loading
09-01 14:42:27.854 W/RecentsModel( 7676): getTaskInfoIgnoreHomeAndSplit   taskInfo=ComponentInfo{com.xiaomi.hm.health/com.xiaomi.hm.health.activity.MainTabActivity}
09-01 14:42:27.854 W/PushService( 5479): 2020-08-31 23:42:27,854 - [WARN::PushService] - GROUPSUMMARY  : 0onNotificationRemovedcom.xiaomi.hm.health
09-01 14:42:27.854 W/RecentsModel( 7676): getTaskInfoIgnoreHomeAndFreeform   taskInfo=ComponentInfo{com.xiaomi.hm.health/com.xiaomi.hm.health.activity.MainTabActivity}
09-01 14:42:27.855 W/RecentsModel( 7676): getTaskInfoIgnoreFreeform   taskInfo=ComponentInfo{com.xiaomi.hm.health/com.xiaomi.hm.health.activity.MainTabActivity}
09-01 14:42:27.855 W/RecentsModel( 7676): onTaskStackChangedBackground: finishLoading loading
09-01 14:42:27.856 W/PushService( 5479): 2020-08-31 23:42:27,856 - [WARN::PushService] - GROUPSUMMARY  : 0onNotificationRemovedcom.xiaomi.hm.health
09-01 14:42:27.859 I/hwservicemanager(  573): getTransport: Cannot find entry vendor.qti.hardware.servicetracker@1.0::IServicetracker/default in either framework or device manifest.
09-01 14:42:27.864 I/hwservicemanager(  573): getTransport: Cannot find entry vendor.qti.hardware.servicetracker@1.0::IServicetracker/default in either framework or device manifest.
09-01 14:42:27.864 D/IMReply:Notif(22367): onNotificationPosted onNotificationRemoved sbn = 4
09-01 14:42:27.865 I/AutoStartManagerService( 1639): MIUILOG- Reject RestartService packageName :com.xiaomi.hm.health uid : 10241
09-01 14:42:27.865 D/StatusBar(29730): onNotificationRemoved key=0|com.xiaomi.hm.health|4|null|10241 reason=8
09-01 14:42:27.866 I/hwservicemanager(  573): getTransport: Cannot find entry vendor.qti.hardware.servicetracker@1.0::IServicetracker/default in either framework or device manifest.
09-01 14:42:27.867 W/ActivityTaskManager( 1639): Force removing ActivityRecord{7e1c7ed u0 com.xiaomi.hm.health/.running.SportEnergyActivity t490 f}: app died, no saved state
09-01 14:42:27.867 W/WindowManager( 1639): AppToken= AppWindowToken{fb5a8b3 token=Token{45a8622 ActivityRecord{7e1c7ed u0 com.xiaomi.hm.health/.running.SportEnergyActivity t490}}} mIsExiting=is animating, remove from display after animation done.
09-01 14:42:27.867 W/ActivityTaskManager( 1639): Force removing ActivityRecord{d9b67e6 u0 com.xiaomi.hm.health/.activity.StatusDetailActivity t490 f}: app died, no saved state
09-01 14:42:27.868 W/WindowManager( 1639): AppToken= AppWindowToken{a60fd4 token=Token{6b78127 ActivityRecord{d9b67e6 u0 com.xiaomi.hm.health/.activity.StatusDetailActivity t490}}} mIsExiting=is animating, remove from display after animation done.
09-01 14:42:27.868 W/ActivityTaskManager( 1639): Force removing ActivityRecord{5d45ac1 u0 com.xiaomi.hm.health/.activity.MainTabActivity t490 f}: app died, no saved state
09-01 14:42:27.869 D/WindowManager( 1639): Input focus has changed to null
09-01 14:42:27.873 D/StatusBar(29730): removeNotification StatusBarNotification(pkg=com.xiaomi.hm.health user=UserHandle{0} id=4 tag=null key=0|com.xiaomi.hm.health|4|null|10241: Notification(channel=O000Oo0 pri=0 contentView=null vibrate=null sound=null defaults=0x0 flags=0x62 color=0xffff5a00 vis=PRIVATE))
09-01 14:42:27.873 D/StatusBar(29730):     pkgName=com.xiaomi.hm.health appUid=10241 sdk=29 imp=2 sysApp=F priApp=F hasShown=F float=F keyguard=F peek=F fullscreen=F
09-01 14:42:27.873 D/StatusBar(29730):     showMiuiAction=F enableFloat=T enableKeyguard=T floatTime=5000 messageCount=1 persistent=F customHeight=F
09-01 14:42:27.874 D/StatusBar(29730): update app badge num: com.xiaomi.hm.health/,num=0,isAllowed=false,userId=0
09-01 14:42:27.874 I/Timeline( 1639): Timeline: App_transition_ready time:212113891
09-01 14:42:27.875 D/PowerKeeper( 6417): PerfEngineController:ForegroundInfo{mForegroundPackageName='com.miui.home', mForegroundUid=10090, mForegroundPid=7676, mLastForegroundPackageName='com.xiaomi.hm.health', mLastForegroundUid=10241, mLastForegroundPid=13415, mMultiWindowForegroundPackageName='null', mMultiWindowForegroundUid=-1, mFlags=0}
09-01 14:42:27.875 D/PowerKeeper( 6417): PowerStateMachine:Enter power state id=3 name=home
09-01 14:42:27.875 I/ProcessMonitor( 5237): onForegroundInfoChanged: ForegroundInfo{mForegroundPackageName='com.miui.home', mForegroundUid=10090, mForegroundPid=7676, mLastForegroundPackageName='com.xiaomi.hm.health', mLastForegroundUid=10241, mLastForegroundPid=13415, mMultiWindowForegroundPackageName='null', mMultiWindowForegroundUid=-1, mFlags=0}
09-01 14:42:27.875 I/GameBoosterService( 5237): onForegroundInfoChanged: Cur=com.miui.home	 last=com.xiaomi.hm.health
09-01 14:42:27.875 D/ProcessObserver( 6417): onScreenAppChanged, FgUid: 10090, FgPackageName: com.miui.home
09-01 14:42:27.875 D/ProcessObserver( 6417): onScreenAppChanged, PreTaskUid: 10241, PreTaskPackageName: com.xiaomi.hm.health
09-01 14:42:27.875 D/ProcessObserver( 6417): Uid: 10090 Foreground
09-01 14:42:27.875 D/GameBoosterService( 5237): onGameStatusChange foreground:ForegroundInfo{mForegroundPackageName='com.miui.home', mForegroundUid=10090, mForegroundPid=7676, mLastForegroundPackageName='com.xiaomi.hm.health', mLastForegroundUid=10241, mLastForegroundPid=13415, mMultiWindowForegroundPackageName='null', mMultiWindowForegroundUid=-1, mFlags=0}
09-01 14:42:27.875 I/GameBoosterService( 5237): onForegroundInfoChanged: Exit
09-01 14:42:27.876 D/PowerCheckerService( 6417): updateForFgUidChangedLocked, mScreenOn = true uid = 10090 foreground = true
09-01 14:42:27.876 I/VideoBoxUtils( 5237): isSupportVideoBox: false
09-01 14:42:27.876 I/set_top_app( 1639): success /proc/7676/top_app:1
09-01 14:42:27.876 I/octvm_power( 3400): power mode [home] start 1598942547
09-01 14:42:27.876 I/set_top_app( 1639): success /proc/13261/top_app:2
09-01 14:42:27.876 I/VideoToolBoxService( 5237): onForegroundInfoChanged: Exit Vtb
09-01 14:42:27.876 I/octvm_drv( 3400): common drv: get_current_battery_uAh will return 0
09-01 14:42:27.876 I/octvm_power( 3400): Action: set_bcbc_cust_state(disable) for [foreground_change]
09-01 14:42:27.876 D/AppActiveChecker( 6417): updateDownloadStateForFgUidChangedLocked, mScreenOn = true uid = 10090 foreground = true
09-01 14:42:27.876 D/AppActiveChecker( 6417): updateAppActiveStateForUidLocked, uid = 10090 appActiveState = 0
09-01 14:42:27.876 D/DeviceIdleAppRuleChecker( 6417): updateStateForInteractiveUidChangedLocked: uid = 10090 foreground = true
09-01 14:42:27.876 D/KillProcessAppRuleChecker( 6417): updateStateForInteractiveUidChangedLocked: uid = 10090 foreground = true
09-01 14:42:27.876 D/HideModeStateMachine( 6417): updateForForegroundUidChangedLocked: uid = 10090 foreground = true
09-01 14:42:27.876 I/HideModeStateMachine( 6417): Uid: 10090 State: inactive_level_1st |-> setForegroundActive
09-01 14:42:27.876 I/HideModeStateMachine( 6417): Uid: 10090 State: inactive_level_1st Feature: location |-> setSubStateForegroundActive
09-01 14:42:27.876 I/HideModeStateMachine( 6417): Uid: 10090 State: inactive_level_1st Feature: sensor |-> setSubStateForegroundActive
09-01 14:42:27.876 I/HideModeStateMachine( 6417): Uid: 10090 State: inactive_level_1st Feature: appIdle |-> setSubStateForegroundActive
09-01 14:42:27.876 I/HideModeStateMachine( 6417): Uid: 10090 State: active |-> setForegroundActive
09-01 14:42:27.876 D/ActiveStateController( 6417): updateStateForFgUidChangedLocked: uid = 10090 foreground = true
09-01 14:42:27.877 D/PowerChecker.BaStats( 6417): uid = 10090, uidForeground = true, lastBytes = 39165, curBytes = 39165, deltaBytes = 0
09-01 14:42:27.878 I/Timeline( 1639): Timeline: App_transition_ready time:212113895
09-01 14:42:27.879 D/DisplayFeatureHal(  825): setFeatureEnable(displayId=0 caseId=18 modeId=0 cookie=0)
09-01 14:42:27.879 D/DisplayFeatureHal(  825): current wcg state 0, setting to 0
09-01 14:42:27.879 D/DisplayFeatureHal(  825): notifySFWcgState enable = 0
09-01 14:42:27.880 I/Timeline( 1639): Timeline: App_transition_ready time:212113897
09-01 14:42:27.882 D/Launcher.Lifecycle( 7676): onStart:UserHandle{0},93e149d,false
09-01 14:42:27.882 I/RenderThread( 7676): RenderThread resumed
09-01 14:42:27.882 D/ScreenElementRoot( 7676): resume
09-01 14:42:27.883 I/MiuiNetworkPolicy( 1639): removeUidState uid = 10241
09-01 14:42:27.883 I/MiuiNetworkPolicy( 1639): updateWmmForUidState uid: 10241 state: 20 wmm: 0
09-01 14:42:27.883 I/SDM     (  784): CoreInterface::SetWCGStatus: SetWCGStatus wcg enable 0
09-01 14:42:27.883 D/DisplayFeatureHal(  825): notifyQservice cmd 48 value 0 ret 0
09-01 14:42:27.883 D/OemNetd (  679): updateWmm: uid=10241, wmm=0
09-01 14:42:27.883 D/DisplayFeatureHal(  825): HandleBCBCCustom  enable:0
09-01 14:42:27.883 I/octvm_drv_xm( 3400): platform_set_bcbc_cust_state disable success
09-01 14:42:27.883 I/octvm_power( 3400): Action: set_dfps_cust_state(disable) for [foreground_change]
09-01 14:42:27.883 I/octvm_drv( 3400): common drv: platform_set_dfps_cust_state -> platform not support
09-01 14:42:27.883 I/octvm_power( 3400): Action: set_lcd_mode(default) for [foreground_change]
09-01 14:42:27.884 D/OemNetd (  679): whiteListUid: uid=10241, wmm=del
09-01 14:42:27.885 I/MiuiNetworkPolicy( 1639): updateMLUid uid:10241,old:2,new:20
09-01 14:42:27.885 I/MiuiNetworkPolicy( 1639): isMLEnabled state:2,uid:10241,connect:DISCONNECTED
09-01 14:42:27.885 I/MiuiNetworkPolicy( 1639): isMLEnabled state:20,uid:10241,connect:DISCONNECTED
09-01 14:42:27.885 I/MiuiNetworkPolicy( 1639): updateUidState uid = 10121, uidState = 4
09-01 14:42:27.885 I/hwservicemanager(  573): getTransport: Cannot find entry vendor.qti.hardware.servicetracker@1.0::IServicetracker/default in either framework or device manifest.
09-01 14:42:27.885 D/OemNetd (  679): whiteListUid: uid=10121, wmm=add
09-01 14:42:27.886 I/MiuiNetworkPolicy( 1639): updateMLUid uid:10121,old:6,new:4
09-01 14:42:27.886 I/MiuiNetworkPolicy( 1639): isMLEnabled state:6,uid:10121,connect:DISCONNECTED
09-01 14:42:27.886 I/MiuiNetworkPolicy( 1639): isMLEnabled state:4,uid:10121,connect:DISCONNECTED
09-01 14:42:27.886 I/MiuiNetworkPolicy( 1639): updateUidState uid = 10090, uidState = 2
09-01 14:42:27.886 I/MiuiNetworkPolicy( 1639): updateWmmForUidState uid: 10090 state: 2 wmm: 1
09-01 14:42:27.886 D/OemNetd (  679): updateWmm: uid=10090, wmm=1
09-01 14:42:27.887 D/OemNetd (  679): whiteListUid: uid=10090, wmm=add
09-01 14:42:27.888 I/MiuiNetworkPolicy( 1639): updateMLUid uid:10090,old:6,new:2
09-01 14:42:27.888 I/MiuiNetworkPolicy( 1639): isMLEnabled state:6,uid:10090,connect:DISCONNECTED
09-01 14:42:27.888 I/MiuiNetworkPolicy( 1639): isMLEnabled state:2,uid:10090,connect:DISCONNECTED
09-01 14:42:27.889 W/ActivityManager( 1639): Sending non-protected broadcast android.intent.action.APPLICATION_MESSAGE_UPDATE from system 29730:com.android.systemui/1000 pkg com.android.systemui. Callers=
09-01 14:42:27.891 V/UidProcStateHelper( 1639): foreground changed:[7676,10090,true]
09-01 14:42:27.891 V/UidProcStateHelper( 1639): process died:[13415,10241]
09-01 14:42:27.891 D/ProcessObserver( 6417): onForegroundActivitiesChanged, pid: 7676 uid: 10090 foregroundActivities: true
09-01 14:42:27.891 D/ProcessObserver( 6417): Uid: 10241 Background
09-01 14:42:27.891 D/ProcessObserver( 6417): Uid: 10241 foreground service removed 
09-01 14:42:27.892 D/PowerCheckerService( 6417): updateForFgUidChangedLocked, mScreenOn = true uid = 10241 foreground = false
09-01 14:42:27.892 I/NotifierManager( 7676): onRegister: miui.maml.NotifierManager$MultiBroadcastNotifier@bb30fa3
09-01 14:42:27.892 D/AppActiveChecker( 6417): updateDownloadStateForFgUidChangedLocked, mScreenOn = true uid = 10241 foreground = false
09-01 14:42:27.893 I/CloudSettingsProvider(22222): uriMatch : 2
09-01 14:42:27.893 D/DisplayFeatureHal(  825): setFeatureEnable(displayId=0 caseId=7 modeId=1 cookie=0)
09-01 14:42:27.893 D/DisplayFeatureHal(  825): current wcg state 0, setting to 0
09-01 14:42:27.893 D/DisplayFeatureHal(  825): notifySFWcgState enable = 0
09-01 14:42:27.893 D/ScreenElementRoot( 7676): resume
09-01 14:42:27.893 I/SDM     (  784): CoreInterface::SetWCGStatus: SetWCGStatus wcg enable 0
09-01 14:42:27.894 D/DisplayFeatureHal(  825): notifyQservice cmd 48 value 0 ret 0
09-01 14:42:27.894 D/DisplayFeatureHal(  825): HandleCabcModeCustom enter 1 0
09-01 14:42:27.894 W/DisplayFeatureHal(  825): ---skip setting acl feature currently, return!
09-01 14:42:27.894 D/DisplayFeatureHal(  825): HandleCabcModeCustom exit 0x1000
09-01 14:42:27.894 I/octvm_drv_xm( 3400): platform_set_lcd_mode default(1) success
09-01 14:42:27.894 I/octvm_power( 3400): Action: set_thermal_config(restore) for [foreground_change]
09-01 14:42:27.894 I/octvm_drv( 3400): platform_set_thermal_mode cur_global_config:[], target mode:[restore], profile=0, ret=0
09-01 14:42:27.894 D/AppActiveChecker( 6417): sendMessageDelayed: uid = 10241 delayMillis = 180000 elapsedRealtime = 596469223
09-01 14:42:27.894 D/AppActiveChecker( 6417): updateAppActiveStateForUidLocked, uid = 10241 appActiveState = 0
09-01 14:42:27.894 D/DeviceIdleAppRuleChecker( 6417): updateStateForInteractiveUidChangedLocked: uid = 10241 foreground = false
09-01 14:42:27.894 D/KillProcessAppRuleChecker( 6417): updateStateForInteractiveUidChangedLocked: uid = 10241 foreground = false
09-01 14:42:27.894 D/PowerChecker.BaStats( 6417): uid = 10241, uidForeground = false, lastBytes = 74725320, curBytes = 75383924, deltaBytes = 658604
09-01 14:42:27.894 D/HideModeStateMachine( 6417): updateForForegroundUidChangedLocked: uid = 10241 foreground = false
09-01 14:42:27.894 I/HideModeStateMachine( 6417): Uid: 10241 State: inactive_level_1st |-> startRun
09-01 14:42:27.894 I/HideModeStateMachine( 6417): Uid: 10241 State: inactive_level_1st Feature: location |-> startRun
09-01 14:42:27.894 I/HideModeStateMachine( 6417): Uid: 10241 State: inactive_level_1st Feature: location |-> setActive
09-01 14:42:27.894 I/HideModeStateMachine( 6417): Uid: 10241 State: inactive_level_1st Feature: sensor |-> startRun
09-01 14:42:27.894 I/HideModeStateMachine( 6417): Uid: 10241 State: inactive_level_1st Feature: sensor |-> setActive
09-01 14:42:27.895 I/HideModeStateMachine( 6417): Uid: 10241 State: inactive_level_1st Feature: appIdle |-> startRun
09-01 14:42:27.895 I/HideModeStateMachine( 6417): Uid: 10241 State: inactive_level_1st Feature: appIdle |-> setActive
09-01 14:42:27.895 D/ActiveStateController( 6417): updateStateForFgUidChangedLocked: uid = 10241 foreground = false
09-01 14:42:27.895 D/ActiveStateController( 6417): updateRuleForUidLocked, uid = 10241 property = 32
09-01 14:42:27.895 D/PowerKeeperConfigureProvider( 6417): appActiveTable insert 594
09-01 14:42:27.896 I/octvm_drv( 3400): common drv: get_current_battery_uAh will return 0
09-01 14:42:27.896 I/octvm_power( 3400): onPowerModeChanged[home] called
09-01 14:42:27.897 D/Launcher.Lifecycle( 7676): onResume:UserHandle{0},93e149d,false
09-01 14:42:27.897 D/Launcher.XOutUtils( 7676): canRecommendScreenShow, isShowXout=false
09-01 14:42:27.897 D/Launcher.RecommendController( 7676): don't request, because recommend screen can't show
09-01 14:42:27.897 D/Launcher.RecommendController( 7676): folder display and try to request recommend list
09-01 14:42:27.898 E/PhoneInterfaceManager( 2698): [PhoneIntfMgr] getCarrierPackageNamesForIntent: No UICC
09-01 14:42:27.898 D/CarrierSvcBindHelper( 2698): No carrier app for: 0
09-01 14:42:27.898 I/Timeline( 1639): Timeline: App_transition_ready time:212113915
09-01 14:42:27.899 D/StatusBarClockController( 7676): show status bar clock
09-01 14:42:27.902 D/ActivityUtils(22367): packageNameComponentInfo{com.miui.home/com.miui.home.launcher.Launcher}
09-01 14:42:27.902 D/CarrierSvcBindHelper( 2698): No carrier app for: 1
09-01 14:42:27.903 I/CloudSettingsProvider(22222): uriMatch : 2
09-01 14:42:27.903 D/StackScroller(29730): applyCurrentState
09-01 14:42:27.904 D/HideModeStateMachine( 6417): updateForForegroundServiceUidChangedLocked: uid = 10241 foreground = false
09-01 14:42:27.904 D/Layer   (  881): ---setAlpha Launcher=1.000000
09-01 14:42:27.905 D/ActiveStateController( 6417): updateStateForUidActiveChangedLocked, uid: 10241 active: false
09-01 14:42:27.905 I/Timeline( 1639): Timeline: App_transition_ready time:212113922
09-01 14:42:27.905 D/ActiveStateController( 6417): updateRuleForUidLocked, uid = 10241 property = 0
09-01 14:42:27.905 D/EventBus(29730): [29730, u0] send(AppTransitionFinishedEvent)
09-01 14:42:27.905 D/EventBus(29730): [29730, u0]  -> ForcedResizableInfoActivityController [0xc4c1163, P1] onBusEvent(AppTransitionFinishedEvent)
09-01 14:42:27.905 D/WindowManager( 1639): Input focus has changed to Window{fa1ce05 u0 com.miui.home/com.miui.home.launcher.Launcher}
09-01 14:42:27.905 D/EventBus(29730): [29730, u0] onBusEvent(AppTransitionFinishedEvent) duration: 167 microseconds, avg: 35
09-01 14:42:27.905 D/PowerKeeperConfigureProvider( 6417): appActiveTable insert 595
09-01 14:42:27.905 D/StatusBar(29730): recevie broadbcast ACTION_APPLICATION_MESSAGE_QUERY, requestFirstTime=false
09-01 14:42:27.907 D/ActiveStateController( 6417): updateStateForUidActiveChangedLocked, uid: 10241 active: true
09-01 14:42:27.907 D/ActiveStateController( 6417): updateRuleForUidLocked, uid = 10241 property = 32
09-01 14:42:27.908 D/PowerKeeperConfigureProvider( 6417): appActiveTable insert 596
09-01 14:42:27.912 D/Layer   (  881): ---setAlpha Launcher=1.000000
09-01 14:42:27.913 I/Timeline( 1639): Timeline: App_transition_ready time:212113930
09-01 14:42:27.913 D/Layer   (  881): ---setAlpha Launcher=1.000000
09-01 14:42:27.918 D/ScreenView_MultiSeekBarIndicator( 7676): dispatchDraw:0
09-01 14:42:27.918 D/ScreenView_Workspace( 7676): dispatchDraw:1080
09-01 14:42:27.919 D/ScreenView_HotSeats( 7676): dispatchDraw:0
09-01 14:42:27.919 D/ScreenView_MinusOneScreenView( 7676): dispatchDraw:1080
09-01 14:42:27.925 D/RegisteredServicesCache( 4689):  Reading service state data always from file
09-01 14:42:27.926 D/RegisteredServicesCache( 4689): ServiceStateFileVersion=1.0
09-01 14:42:27.926 E/RegisteredServicesCache( 4689): Next Tag=services
09-01 14:42:27.926 E/RegisteredServicesCache( 4689): 1invalidateCache:WriteServiceStateToFile
09-01 14:42:27.926 E/RegisteredServicesCache( 4689):  Writing service state Data Always
09-01 14:42:27.928 D/Layer   (  881): ---setAlpha Launcher=1.000000
09-01 14:42:27.930 D/BufferQueueLayer(  881): Launcher new frame Arrived
09-01 14:42:27.931 I/Launcher.ApplicationsMessage( 7676): onReceive false
09-01 14:42:27.931 I/Launcher.ApplicationsMessage( 7676): update com.xiaomi.hm.health/ to null
09-01 14:42:27.932 D/Launcher_WallpaperUtils( 7676): changeStatusBarMode:false
09-01 14:42:27.932 D/RecentsImpl( 7676): mActivityStateObserver com.miui.home.launcher.Launcher
09-01 14:42:27.932 D/Launcher.Lifecycle( 7676): onWindowFocusChanged:true,UserHandle{0},93e149d,false
09-01 14:42:27.932 D/Launcher_UnlockAnimationStateMachine( 7676): onWindowFocus:IDLE
09-01 14:42:27.932 D/MiWallpaper-MarsSuperWallpaper( 2503): Engine onOffsetsChanged super wallpaper-xOffset=1.0;yOffset=0.0;xOffsetStep=1.0;yOffsetStep=0.0;xPixelOffset=-1260;yPixelOffset=0
09-01 14:42:27.932 D/MiWallpaper-MarsSuperWallpaper( 2503): Engine onVisibilityChanged, visible: true mIsPreview = false
09-01 14:42:27.932 W/Unity   ( 2503): Not running Unity from an Activity; ignored...
09-01 14:42:27.932 D/MiWallpaper-MarsSuperWallpaper( 2503): unityResume
09-01 14:42:27.932 D/AudioManager( 2503): getStreamVolume isRestricted mode = 0
09-01 14:42:27.932 D/Layer   (  881): ---setAlpha Launcher=1.000000
09-01 14:42:27.935 D/FeedSwipeController( 7676): touchState : 0 scrolling : false normalEditing : false WidgetThumbnailViewShowing : false UninstallDialogShowing : false isMinusScreenShowing: false
09-01 14:42:27.935 I/Timeline( 1639): Timeline: App_transition_ready time:212113952
09-01 14:42:27.935 E/RegisteredAidCache( 4689): updateRoutingLocked(): enter...
09-01 14:42:27.935 D/NfcService( 4689): defaultMifareCLTRoute : 315
09-01 14:42:27.935 D/RegisteredAidCache( 4689):  AID power stateB0693789675600247817route0
09-01 14:42:27.935 D/NfcService( 4689): defaultAidRoute : 315
09-01 14:42:27.935 D/NfcService( 4689): GetDefaultRouteLoc  :1
09-01 14:42:27.935 D/NfcService( 4689): defaultAidRoute : 315
09-01 14:42:27.935 D/NfcService( 4689): GetDefaultRouteLoc  :1
09-01 14:42:27.935 E/AidRoutingManager( 4689): Size of routing table970
09-01 14:42:27.935 E/RegisteredAidCache( 4689): updateRoutingLocked(): exit...
09-01 14:42:27.936 D/Layer   (  881): ---setAlpha Launcher=1.000000
09-01 14:42:27.937 D/RegisteredNfcFServicesCache( 4689): Service unchanged, not updating
09-01 14:42:27.937 D/StatusBar(29730): disable<e i a s b h r c s > disable2<q i n g r >
09-01 14:42:27.938 D/PhoneStatusBar/NavigationBarView(29730): setDisabledFlags back:false home:false recent:false
09-01 14:42:27.938 D/StatusBarClock(29730):  isNormalMode= true clock visible=true
09-01 14:42:27.941 I/SplashScreenServiceDelegate( 1639): None for com.miui.home
09-01 14:42:27.944 D/PhoneStatusBar/NavigationBarView(29730): onDraw
09-01 14:42:27.961 W/InputDispatcher( 1639): channel 'a9108c3 com.xiaomi.hm.health/com.xiaomi.hm.health.activity.StatusDetailActivity (server)' ~ Consumer closed input channel or an error occurred.  events=0x9
09-01 14:42:27.961 E/InputDispatcher( 1639): channel 'a9108c3 com.xiaomi.hm.health/com.xiaomi.hm.health.activity.StatusDetailActivity (server)' ~ Channel is unrecoverably broken and will be disposed!
09-01 14:42:27.961 E/InputDispatcher( 1639): Window handle Window{a9108c3 u0 com.xiaomi.hm.health/com.xiaomi.hm.health.activity.StatusDetailActivity} has no registered input channel
09-01 14:42:27.961 W/Unity   ( 2503): Not running Unity from an Activity; ignored...
09-01 14:42:27.961 W/InputDispatcher( 1639): channel '9bee26e com.xiaomi.hm.health/com.xiaomi.hm.health.running.SportEnergyActivity (server)' ~ Consumer closed input channel or an error occurred.  events=0x9
09-01 14:42:27.962 E/InputDispatcher( 1639): channel '9bee26e com.xiaomi.hm.health/com.xiaomi.hm.health.running.SportEnergyActivity (server)' ~ Channel is unrecoverably broken and will be disposed!
09-01 14:42:27.962 I/WindowManager( 1639): WIN DEATH: Window{9bee26e u0 com.xiaomi.hm.health/com.xiaomi.hm.health.running.SportEnergyActivity}
09-01 14:42:27.962 W/InputDispatcher( 1639): Attempted to unregister already unregistered input channel '9bee26e com.xiaomi.hm.health/com.xiaomi.hm.health.running.SportEnergyActivity (server)'
09-01 14:42:27.962 I/chatty  ( 8588): uid=1002(bluetooth) Binder:8588_6 expire 2 lines
09-01 14:42:27.964 I/chatty  ( 8588): uid=1002(bluetooth) btu message loo expire 112 lines
09-01 14:42:27.964 D/FOD     (  881): Launcher Changed hasLauncher=1
09-01 14:42:27.964 I/WindowManager( 1639): WIN DEATH: Window{a9108c3 u0 com.xiaomi.hm.health/com.xiaomi.hm.health.activity.StatusDetailActivity}
09-01 14:42:27.964 W/InputDispatcher( 1639): Attempted to unregister already unregistered input channel 'a9108c3 com.xiaomi.hm.health/com.xiaomi.hm.health.activity.StatusDetailActivity (server)'
09-01 14:42:27.965 I/Zygote  (  680): Process 13415 exited due to signal 9 (Killed)
09-01 14:42:27.965 I/sensors-hal(  791): flush:209, android.sensor.accelerometer/56
09-01 14:42:27.965 W/ActivityManager( 1639): Sending non-protected broadcast android.bluetooth.ble.BLE_DEVICE_DISCONNECTED from system 8588:com.android.bluetooth/1002 pkg com.android.bluetooth. Callers=
09-01 14:42:27.966 I/sensors-hal(  791): flush:215, android.sensor.accelerometer/56 completed
09-01 14:42:27.967 I/sensors-hal(  791): batch:180, android.sensor.accelerometer/56, period=20000000, max_latency=0
09-01 14:42:27.967 D/CompatibilityInfo( 1639): mCompatibilityFlags - 0
09-01 14:42:27.967 D/CompatibilityInfo( 1639): applicationDensity - 440
09-01 14:42:27.967 D/CompatibilityInfo( 1639): applicationScale - 1.0
09-01 14:42:27.968 I/sensors-hal(  791): batch:189, android.sensor.accelerometer/56, period=20000000, max_latency=0 request completed
09-01 14:42:27.970 I/libprocessgroup( 1639): Successfully killed process cgroup uid 10241 pid 13415 in 125ms
09-01 14:42:27.971 I/chatty  ( 3272): uid=1002(bluetooth) com.xiaomi.bluetooth expire 3 lines
09-01 14:42:27.972 W/RecentsModel( 7676): onTaskStackChangedBackground: start loading
09-01 14:42:27.972 W/RecentsModel( 7676): getTaskInfoIgnoreHomeAndSplit   taskInfo=ComponentInfo{com.android.settings/com.android.settings.MainSettings}
09-01 14:42:27.972 W/RecentsModel( 7676): getTaskInfoIgnoreHomeAndFreeform   taskInfo=ComponentInfo{com.android.settings/com.android.settings.MainSettings}
09-01 14:42:27.973 W/RecentsModel( 7676): getTaskInfoIgnoreFreeform   taskInfo=ComponentInfo{com.miui.home/com.miui.home.launcher.Launcher}
09-01 14:42:27.973 W/RecentsModel( 7676): onTaskStackChangedBackground: finishLoading loading
09-01 14:42:27.975 I/chatty  ( 8588): uid=1002(bluetooth) BluetoothAvrcpH expire 118 lines
09-01 14:42:27.975 V/MediaRouter( 2503): Selecting route: RouteInfo{ name=手机, description=null, status=null, category=RouteCategory{ name=系统 types=ROUTE_TYPE_LIVE_AUDIO ROUTE_TYPE_LIVE_VIDEO  groupable=false }, supportedTypes=ROUTE_TYPE_LIVE_AUDIO ROUTE_TYPE_LIVE_VIDEO , presentationDisplay=null }
09-01 14:42:27.978 E/InputDispatcher( 1639): Window handle Window{a9108c3 u0 com.xiaomi.hm.health/com.xiaomi.hm.health.activity.StatusDetailActivity} has no registered input channel
09-01 14:42:27.980 W/perf@2.0-servic(  809): type=1400 audit(0.0:64149): avc: denied { search } for name="771" dev="proc" ino=7088293 scontext=u:r:hal_perf_default:s0 tcontext=u:r:hal_audio_default:s0 tclass=dir permissive=0
09-01 14:42:27.980 D/APM_AudioPolicyManager(  849): startOutput portId 26
09-01 14:42:27.980 D/APM_AudioPolicyManager(  849): startOutput() output 13, stream 3, session 9
09-01 14:42:27.981 D/APM_AudioPolicyManager(  849): getNewOutputDevices selected devices {type:0x2,@:}
09-01 14:42:27.981 D/APM_AudioPolicyManager(  849): setOutputDevices device {type:0x2,@:} delayMs 0 force 0
09-01 14:42:27.981 D/APM_AudioPolicyManager(  849): setOutputDevices setting same device {type:0x2,@:} or null device, force=0, patch handle=4
09-01 14:42:27.981 V/AudioPolicyManagerCustom(  849): checkAndSetVolume() set volumeSource 4 volume index 3 for device 0x02
09-01 14:42:27.981 E/AudioFlinger(  849): open /proc/2503/cmdline error
09-01 14:42:27.981 I/AudioFlinger(  849): setAppName(), name=[], active=[1]
09-01 14:42:27.981 V/EffectMiSound(  771): MiSound_command() start, cmdCode=23
09-01 14:42:27.981 V/EffectMiSound(  771): MiSound_Command EFFECT_CMD_SET_APP_NAME: stream=3, name=+
09-01 14:42:27.982 D/AudioManager( 2503): getStreamVolume isRestricted mode = 0
09-01 14:42:27.983 E/volume_listener(  771): check_and_set_gain_dep_cal: Failed to set gain dep cal level
09-01 14:42:27.983 D/audio_hw_primary(  771): start_output_stream: enter: stream(0xe916a800)usecase(1: low-latency-playback) devices(0x2) is_haptic_usecase(0)
09-01 14:42:27.984 D/audio_hw_primary(  771): select_devices for use case (low-latency-playback)
09-01 14:42:27.984 I/msm8974_platform(  771): platform_check_and_set_codec_backend_cfg:becf: afe: bitwidth 24, samplerate 48000 channels 2, backend_idx 4 usecase = 1 device (speaker)
09-01 14:42:27.984 D/msm8974_platform(  771): platform_split_snd_device: snd_device(2) num devices(1) new_snd_devices(0)
09-01 14:42:27.984 I/msm8974_platform(  771): platform_check_and_set_codec_backend_cfg: new_snd_devices[0] is 2
09-01 14:42:27.984 I/msm8974_platform(  771): platform_check_codec_backend_cfg:becf: afe: bitwidth 24, samplerate 48000 channels 2, backend_idx 4 usecase = 1 device (speaker)
09-01 14:42:27.984 D/msm8974_platform(  771): platform_check_codec_backend_cfg:becf: afe: playback on codec device not supporting native playback set default Sample Rate(48k)
09-01 14:42:27.984 I/msm8974_platform(  771): platform_check_codec_backend_cfg:becf: afe: Codec selected backend: 4 updated bit width: 24 and sample rate: 48000
09-01 14:42:27.984 D/audio_hw_primary(  771): check_usecases_codec_backend:becf: force routing 0
09-01 14:42:27.984 E/msm8974_platform(  771): platform_check_backends_match: Invalid snd_device = 
09-01 14:42:27.984 D/audio_hw_primary(  771): check_usecases_codec_backend:becf: (112) check_usecases curr device: speaker, usecase device: backends match 0
09-01 14:42:27.984 D/audio_hw_primary(  771): check_usecases_codec_backend:becf: check_usecases num.of Usecases to switch 0
09-01 14:42:27.984 D/msm8974_platform(  771): platform_split_snd_device: snd_device(2) num devices(0) new_snd_devices(0)
09-01 14:42:27.984 D/hardware_info(  771): hw_info_append_hw_type : device_name = speaker
09-01 14:42:27.984 D/msm8974_platform(  771): platform_split_snd_device: snd_device(2) num devices(0) new_snd_devices(0)
09-01 14:42:27.984 D/audio_hw_primary(  771): enable_snd_device: snd_device(2: speaker)
09-01 14:42:27.984 I/soundtrigger(  771): audio_extn_sound_trigger_update_device_status: device 0x2 of type 0 for Event 1, with Raise=0
09-01 14:42:27.984 E/audio_route(  771): Path: speaker, length: 1
09-01 14:42:27.984 E/audio_route(  771):   id=0: ctl=TFA Profile
09-01 14:42:27.984 E/audio_route(  771):     id=0 value=0
09-01 14:42:27.984 D/audio_route(  771): Apply path: speaker
09-01 14:42:27.984 D/audio_route(  771): audio_route_apply_and_update_path name speaker
09-01 14:42:27.984 D/hardware_info(  771): hw_info_append_hw_type : device_name = vi-feedback
09-01 14:42:27.984 D/msm8974_platform(  771): platform_split_snd_device: snd_device(199) num devices(0) new_snd_devices(-371483466)
09-01 14:42:27.984 D/audio_hw_primary(  771): enable_snd_device: snd_device(199: vi-feedback)
09-01 14:42:27.984 I/soundtrigger(  771): audio_extn_sound_trigger_update_device_status: device 0xc7 of type 1 for Event 1, with Raise=0
