09-01 14:42:33.707 D/[Koin]  (13945): bind type:'com.huami.wallet.ui.O0000OoO.O00oOooO' ~ [type:Single,primary_type:'com.huami.wallet.ui.O0000OoO.O00oOooO']
09-01 14:42:33.707 D/[Koin]  (13945): bind type:'com.huami.wallet.ui.O0000OoO.O0000o' ~ [type:Single,primary_type:'com.huami.wallet.ui.O0000OoO.O0000o']
09-01 14:42:33.707 D/[Koin]  (13945): bind type:'com.huami.wallet.accessdoor.O00000Oo.O0000O0o' ~ [type:Single,primary_type:'com.huami.wallet.accessdoor.O00000Oo.O0000O0o']
09-01 14:42:33.707 D/[Koin]  (13945): bind qualifier:'DOOR_CONFIG_APP_NAME' ~ [type:Factory,name:'DOOR_CONFIG_APP_NAME', primary_type:'java.lang.String']
09-01 14:42:33.707 D/[Koin]  (13945): bind type:'com.huami.wallet.accessdoor.O00000Oo.O00000o0.O000000o' ~ [type:Single,primary_type:'com.huami.wallet.accessdoor.O00000Oo.O00000o0.O000000o']
09-01 14:42:33.707 D/[Koin]  (13945): bind type:'com.huami.wallet.accessdoor.O0000Oo0.O0000OOo' ~ [type:Factory,primary_type:'com.huami.wallet.accessdoor.O0000Oo0.O0000OOo']
09-01 14:42:33.707 D/[Koin]  (13945): bind type:'com.huami.wallet.accessdoor.O0000Oo0.O000000o' ~ [type:Factory,primary_type:'com.huami.wallet.accessdoor.O0000Oo0.O000000o']
09-01 14:42:33.707 D/[Koin]  (13945): bind type:'com.huami.wallet.accessdoor.O0000Oo0.O00000Oo' ~ [type:Factory,primary_type:'com.huami.wallet.accessdoor.O0000Oo0.O00000Oo']
09-01 14:42:33.707 D/[Koin]  (13945): bind type:'com.huami.wallet.accessdoor.O0000Oo0.O0000O0o' ~ [type:Factory,primary_type:'com.huami.wallet.accessdoor.O0000Oo0.O0000O0o']
09-01 14:42:33.707 D/[Koin]  (13945): bind type:'com.huami.wallet.accessdoor.O0000Oo0.O0000Oo0' ~ [type:Factory,primary_type:'com.huami.wallet.accessdoor.O0000Oo0.O0000Oo0']
09-01 14:42:33.707 D/[Koin]  (13945): bind type:'com.huami.wallet.accessdoor.O0000Oo0.O0000Oo' ~ [type:Factory,primary_type:'com.huami.wallet.accessdoor.O0000Oo0.O0000Oo']
09-01 14:42:33.707 D/[Koin]  (13945): bind type:'com.huami.wallet.accessdoor.O0000Oo0.O0000o00' ~ [type:Factory,primary_type:'com.huami.wallet.accessdoor.O0000Oo0.O0000o00']
09-01 14:42:33.707 D/[Koin]  (13945): bind type:'com.huami.wallet.accessdoor.O0000Oo0.O00oOooO' ~ [type:Factory,primary_type:'com.huami.wallet.accessdoor.O0000Oo0.O00oOooO']
09-01 14:42:33.707 D/[Koin]  (13945): bind type:'com.huami.wallet.accessdoor.O0000Oo0.O000O00o' ~ [type:Factory,primary_type:'com.huami.wallet.accessdoor.O0000Oo0.O000O00o']
09-01 14:42:33.708 D/[Koin]  (13945): bind type:'com.huami.wallet.accessdoor.O0000Oo0.O000O0o' ~ [type:Factory,primary_type:'com.huami.wallet.accessdoor.O0000Oo0.O000O0o']
09-01 14:42:33.708 D/[Koin]  (13945): bind type:'com.huami.wallet.accessdoor.O0000Oo0.O000O0OO' ~ [type:Factory,primary_type:'com.huami.wallet.accessdoor.O0000Oo0.O000O0OO']
09-01 14:42:33.708 D/[Koin]  (13945): bind type:'com.huami.wallet.accessdoor.O0000Oo0.O0000o0' ~ [type:Factory,primary_type:'com.huami.wallet.accessdoor.O0000Oo0.O0000o0']
09-01 14:42:33.708 D/[Koin]  (13945): bind type:'com.huami.wallet.accessdoor.O0000Oo0.O000O0o0' ~ [type:Factory,primary_type:'com.huami.wallet.accessdoor.O0000Oo0.O000O0o0']
09-01 14:42:33.708 D/[Koin]  (13945): bind type:'com.huami.wallet.accessdoor.O0000Oo0.O000OO00' ~ [type:Factory,primary_type:'com.huami.wallet.accessdoor.O0000Oo0.O000OO00']
09-01 14:42:33.708 D/[Koin]  (13945): bind type:'com.huami.message.ui.O00000Oo.O00000o' ~ [type:Factory,primary_type:'com.huami.message.ui.O00000Oo.O00000o']
09-01 14:42:33.708 D/[Koin]  (13945): bind type:'com.huami.message.O0000OoO.O0000Oo' ~ [type:Factory,primary_type:'com.huami.message.O0000OoO.O0000Oo']
09-01 14:42:33.708 D/[Koin]  (13945): bind type:'com.huami.message.ui.submessage.O0000OOo' ~ [type:Factory,primary_type:'com.huami.message.ui.submessage.O0000OOo']
09-01 14:42:33.708 D/[Koin]  (13945): bind type:'com.huami.message.ui.O00000o0.O0000OOo' ~ [type:Factory,primary_type:'com.huami.message.ui.O00000o0.O0000OOo']
09-01 14:42:33.708 D/[Koin]  (13945): bind type:'com.huami.message.O0000OOo.O0000O0o' ~ [type:Factory,primary_type:'com.huami.message.O0000OOo.O0000O0o']
09-01 14:42:33.708 D/[Koin]  (13945): bind type:'com.huami.message.O0000OOo.O0000OOo' ~ [type:Factory,primary_type:'com.huami.message.O0000OOo.O0000OOo']
09-01 14:42:33.708 D/[Koin]  (13945): bind type:'com.huami.message.O0000OOo.O000000o' ~ [type:Factory,primary_type:'com.huami.message.O0000OOo.O000000o']
09-01 14:42:33.708 D/[Koin]  (13945): bind type:'com.huami.sleepassistant.lib.O0000OOo.O0000O0o' ~ [type:Factory,primary_type:'com.huami.sleepassistant.lib.O0000OOo.O0000O0o']
09-01 14:42:33.708 D/[Koin]  (13945): bind type:'com.huami.sleepassistant.lib.O0000OOo.O00000Oo' ~ [type:Factory,primary_type:'com.huami.sleepassistant.lib.O0000OOo.O00000Oo']
09-01 14:42:33.708 D/[Koin]  (13945): bind type:'com.huami.sleepassistant.lib.O0000OOo.O0000OOo' ~ [type:Factory,primary_type:'com.huami.sleepassistant.lib.O0000OOo.O0000OOo']
09-01 14:42:33.708 D/[Koin]  (13945): bind type:'com.huami.sleepassistant.lib.O0000OOo.O00000o' ~ [type:Factory,primary_type:'com.huami.sleepassistant.lib.O0000OOo.O00000o']
09-01 14:42:33.708 D/[Koin]  (13945): bind type:'com.huami.sleepassistant.lib.O0000OOo.O000000o' ~ [type:Factory,primary_type:'com.huami.sleepassistant.lib.O0000OOo.O000000o']
09-01 14:42:33.708 D/[Koin]  (13945): bind type:'com.huami.sleepassistant.lib.ui.temperament.O00000o.O00000Oo' ~ [type:Factory,primary_type:'com.huami.sleepassistant.lib.ui.temperament.O00000o.O00000Oo']
09-01 14:42:33.708 D/[Koin]  (13945): bind type:'com.huami.sleepassistant.lib.ui.temperament.O00000Oo.O0000Oo' ~ [type:Factory,primary_type:'com.huami.sleepassistant.lib.ui.temperament.O00000Oo.O0000Oo']
09-01 14:42:33.708 D/[Koin]  (13945): bind type:'com.huami.sleepassistant.lib.ui.temperament.media.O000000o' ~ [type:Factory,primary_type:'com.huami.sleepassistant.lib.ui.temperament.media.O000000o']
09-01 14:42:33.708 D/[Koin]  (13945): bind type:'com.huami.sleepassistant.lib.ui.temperament.sort.O0000O0o' ~ [type:Factory,primary_type:'com.huami.sleepassistant.lib.ui.temperament.sort.O0000O0o']
09-01 14:42:33.708 D/[Koin]  (13945): bind type:'com.huami.sleepassistant.lib.ui.breathe.begins.O000000o' ~ [type:Factory,primary_type:'com.huami.sleepassistant.lib.ui.breathe.begins.O000000o']
09-01 14:42:33.708 D/[Koin]  (13945): bind type:'com.xiaomi.hm.health.healthdata.viewmodel.NapSleepDayViewModel' ~ [type:Factory,primary_type:'com.xiaomi.hm.health.healthdata.viewmodel.NapSleepDayViewModel']
09-01 14:42:33.708 D/[Koin]  (13945): bind type:'com.xiaomi.hm.health.healthdata.viewmodel.NapSleepWeekViewModel' ~ [type:Factory,primary_type:'com.xiaomi.hm.health.healthdata.viewmodel.NapSleepWeekViewModel']
09-01 14:42:33.708 D/[Koin]  (13945): bind type:'com.xiaomi.hm.health.healthdata.viewmodel.NapSleepMonthViewModel' ~ [type:Factory,primary_type:'com.xiaomi.hm.health.healthdata.viewmodel.NapSleepMonthViewModel']
09-01 14:42:33.708 D/[Koin]  (13945): bind type:'com.xiaomi.hm.health.healthdata.viewmodel.NapSleepYearViewModel' ~ [type:Factory,primary_type:'com.xiaomi.hm.health.healthdata.viewmodel.NapSleepYearViewModel']
09-01 14:42:33.708 D/[Koin]  (13945): bind type:'com.xiaomi.hm.health.healthdata.viewmodel.StatisticsMonthAndWeekViewModel' ~ [type:Factory,primary_type:'com.xiaomi.hm.health.healthdata.viewmodel.StatisticsMonthAndWeekViewModel']
09-01 14:42:33.708 D/[Koin]  (13945): bind type:'com.huami.stress.domain.O00000oO.O00000o0' ~ [type:Factory,primary_type:'com.huami.stress.domain.O00000oO.O00000o0']
09-01 14:42:33.708 D/[Koin]  (13945): bind type:'com.huami.stress.domain.O00000oO.O00000o' ~ [type:Factory,primary_type:'com.huami.stress.domain.O00000oO.O00000o']
09-01 14:42:33.708 D/[Koin]  (13945): bind type:'com.huami.stress.domain.O00000oO.O0000Oo' ~ [type:Factory,primary_type:'com.huami.stress.domain.O00000oO.O0000Oo']
09-01 14:42:33.708 D/[Koin]  (13945): bind type:'com.huami.stress.domain.O00000oO.O0000o00' ~ [type:Factory,primary_type:'com.huami.stress.domain.O00000oO.O0000o00']
09-01 14:42:33.709 D/[Koin]  (13945): bind type:'com.huami.stress.domain.O00000oO.O0000o0' ~ [type:Factory,primary_type:'com.huami.stress.domain.O00000oO.O0000o0']
09-01 14:42:33.709 D/[Koin]  (13945): bind type:'com.huami.stress.domain.O00000oO.O000O00o' ~ [type:Factory,primary_type:'com.huami.stress.domain.O00000oO.O000O00o']
09-01 14:42:33.709 D/[Koin]  (13945): bind type:'com.huami.stress.domain.O00000oO.O000O0OO' ~ [type:Factory,primary_type:'com.huami.stress.domain.O00000oO.O000O0OO']
09-01 14:42:33.709 D/[Koin]  (13945): bind type:'com.huami.stress.domain.O00000oO.O0000Oo0' ~ [type:Factory,primary_type:'com.huami.stress.domain.O00000oO.O0000Oo0']
09-01 14:42:33.709 D/[Koin]  (13945): bind type:'com.huami.stress.domain.O00000oO.O0000O0o' ~ [type:Factory,primary_type:'com.huami.stress.domain.O00000oO.O0000O0o']
09-01 14:42:33.709 D/[Koin]  (13945): bind type:'com.huami.stress.domain.O00000oO.O000000o.O000000o' ~ [type:Factory,primary_type:'com.huami.stress.domain.O00000oO.O000000o.O000000o']
09-01 14:42:33.709 D/[Koin]  (13945): bind type:'com.huami.stress.mifit.ui.O00000o' ~ [type:Factory,primary_type:'com.huami.stress.mifit.ui.O00000o']
09-01 14:42:33.709 D/[Koin]  (13945): bind type:'com.huami.stress.mifit.ui.O00000Oo' ~ [type:Factory,primary_type:'com.huami.stress.mifit.ui.O00000Oo']
09-01 14:42:33.709 D/[Koin]  (13945): bind type:'com.huami.stress.mifit.O000000o.O000000o' ~ [type:Factory,primary_type:'com.huami.stress.mifit.O000000o.O000000o']
09-01 14:42:33.709 D/[Koin]  (13945): bind type:'com.huami.stress.domain.O00000o.O000000o' ~ [type:Factory,primary_type:'com.huami.stress.domain.O00000o.O000000o']
09-01 14:42:33.709 D/[Koin]  (13945): bind type:'com.huami.stress.domain.data.O00000Oo.O000000o' ~ [type:Single,primary_type:'com.huami.stress.domain.data.O00000Oo.O000000o']
09-01 14:42:33.709 D/[Koin]  (13945): bind type:'com.huami.stress.domain.data.O00000o0.O00000Oo' ~ [type:Single,primary_type:'com.huami.stress.domain.data.O00000o0.O00000Oo']
09-01 14:42:33.709 D/[Koin]  (13945): bind type:'com.huami.femalehealth.uilib.O00000o0.O0000Oo' ~ [type:Factory,primary_type:'com.huami.femalehealth.uilib.O00000o0.O0000Oo']
09-01 14:42:33.709 D/[Koin]  (13945): bind type:'com.huami.femalehealth.uilib.O00000o0.O00000o0' ~ [type:Single,primary_type:'com.huami.femalehealth.uilib.O00000o0.O00000o0']
09-01 14:42:33.709 D/[Koin]  (13945): bind type:'com.huami.femalehealth.logiclib.O00000Oo.O00000o' ~ [type:Factory,primary_type:'com.huami.femalehealth.logiclib.O00000Oo.O00000o']
09-01 14:42:33.709 D/[Koin]  (13945): bind type:'com.huami.femalehealth.logiclib.O0000O0o.O0000OOo' ~ [type:Factory,primary_type:'com.huami.femalehealth.logiclib.O0000O0o.O0000OOo']
09-01 14:42:33.709 D/[Koin]  (13945): bind type:'com.huami.femalehealth.logiclib.O0000O0o.O00000Oo' ~ [type:Factory,primary_type:'com.huami.femalehealth.logiclib.O0000O0o.O00000Oo']
09-01 14:42:33.709 D/[Koin]  (13945): bind type:'com.huami.femalehealth.logiclib.O0000O0o.O000000o' ~ [type:Factory,primary_type:'com.huami.femalehealth.logiclib.O0000O0o.O000000o']
09-01 14:42:33.709 D/[Koin]  (13945): bind type:'com.huami.femalehealth.logiclib.O0000O0o.O00000o' ~ [type:Factory,primary_type:'com.huami.femalehealth.logiclib.O0000O0o.O00000o']
09-01 14:42:33.709 D/[Koin]  (13945): bind type:'com.huami.femalehealth.logiclib.O0000O0o.O0000O0o' ~ [type:Factory,primary_type:'com.huami.femalehealth.logiclib.O0000O0o.O0000O0o']
09-01 14:42:33.709 D/[Koin]  (13945): bind type:'com.huami.femalehealth.uilib.O00000Oo' ~ [type:Factory,primary_type:'com.huami.femalehealth.uilib.O00000Oo']
09-01 14:42:33.709 D/[Koin]  (13945): bind type:'com.huami.femalehealth.uilib.ui.O00000Oo' ~ [type:Factory,primary_type:'com.huami.femalehealth.uilib.ui.O00000Oo']
09-01 14:42:33.709 D/[Koin]  (13945): bind type:'com.huami.femalehealth.uilib.viewmodel.FemaleHealthViewModel' ~ [type:Factory,primary_type:'com.huami.femalehealth.uilib.viewmodel.FemaleHealthViewModel']
09-01 14:42:33.709 D/[Koin]  (13945): bind type:'com.huami.femalehealth.uilib.viewmodel.MenstruationHistoryViewModel' ~ [type:Factory,primary_type:'com.huami.femalehealth.uilib.viewmodel.MenstruationHistoryViewModel']
09-01 14:42:33.709 D/[Koin]  (13945): bind type:'com.huami.femalehealth.uilib.viewmodel.MenstruationHistoryDetailViewModel' ~ [type:Factory,primary_type:'com.huami.femalehealth.uilib.viewmodel.MenstruationHistoryDetailViewModel']
09-01 14:42:33.709 D/[Koin]  (13945): bind type:'com.huami.femalehealth.uilib.viewmodel.TrainingViewModel' ~ [type:Factory,primary_type:'com.huami.femalehealth.uilib.viewmodel.TrainingViewModel']
09-01 14:42:33.709 D/[Koin]  (13945): bind type:'com.huami.femalehealth.uilib.viewmodel.StatusViewModel' ~ [type:Factory,primary_type:'com.huami.femalehealth.uilib.viewmodel.StatusViewModel']
09-01 14:42:33.709 D/[Koin]  (13945): bind type:'com.huami.femalehealth.uilib.viewmodel.SettingViewModel' ~ [type:Factory,primary_type:'com.huami.femalehealth.uilib.viewmodel.SettingViewModel']
09-01 14:42:33.709 D/[Koin]  (13945): bind type:'com.huami.femalehealth.uilib.viewmodel.FemaleMifitViewModel' ~ [type:Factory,primary_type:'com.huami.femalehealth.uilib.viewmodel.FemaleMifitViewModel']
09-01 14:42:33.709 D/[Koin]  (13945): bind type:'com.huami.femalehealth.uilib.viewmodel.EditDetailViewModel' ~ [type:Factory,primary_type:'com.huami.femalehealth.uilib.viewmodel.EditDetailViewModel']
09-01 14:42:33.709 D/[Koin]  (13945): bind type:'com.huami.femalehealth.logiclib.O00000Oo.O00000o0' ~ [type:Factory,primary_type:'com.huami.femalehealth.logiclib.O00000Oo.O00000o0']
09-01 14:42:33.709 D/[Koin]  (13945): bind type:'com.huami.worldclock.home.O00000o' ~ [type:Factory,primary_type:'com.huami.worldclock.home.O00000o']
09-01 14:42:33.709 D/[Koin]  (13945): bind type:'com.huami.worldclock.add.O00000o' ~ [type:Factory,primary_type:'com.huami.worldclock.add.O00000o']
09-01 14:42:33.709 D/[Koin]  (13945): bind type:'com.huami.worldclock.O00000o.O00000o0' ~ [type:Single,primary_type:'com.huami.worldclock.O00000o.O00000o0']
09-01 14:42:33.709 D/[Koin]  (13945): bind type:'com.xiaomi.hm.health.O0000OOo.O00000o0.O000000o' ~ [type:Single,primary_type:'com.xiaomi.hm.health.O0000OOo.O00000o0.O000000o']
09-01 14:42:33.710 D/[Koin]  (13945): bind qualifier:'MASTER_CONFIG_APP_NAME' ~ [type:Factory,name:'MASTER_CONFIG_APP_NAME', primary_type:'java.lang.String']
09-01 14:42:33.710 D/[Koin]  (13945): bind type:'com.huami.mastercard.ui.mifit.O0000O0o.O0000Oo' ~ [type:Factory,primary_type:'com.huami.mastercard.ui.mifit.O0000O0o.O0000Oo']
09-01 14:42:33.710 D/[Koin]  (13945): bind type:'com.huami.mastercard.ui.mifit.O0000O0o.O0000O0o' ~ [type:Factory,primary_type:'com.huami.mastercard.ui.mifit.O0000O0o.O0000O0o']
09-01 14:42:33.710 D/[Koin]  (13945): bind type:'com.huami.mastercard.ui.mifit.O0000O0o.O0000o' ~ [type:Factory,primary_type:'com.huami.mastercard.ui.mifit.O0000O0o.O0000o']
09-01 14:42:33.710 D/[Koin]  (13945): bind type:'com.huami.mastercard.ui.mifit.O0000O0o.O00000Oo' ~ [type:Factory,primary_type:'com.huami.mastercard.ui.mifit.O0000O0o.O00000Oo']
09-01 14:42:33.710 D/[Koin]  (13945): bind type:'com.huami.mastercard.ui.mifit.O0000O0o.O0000o0' ~ [type:Factory,primary_type:'com.huami.mastercard.ui.mifit.O0000O0o.O0000o0']
09-01 14:42:33.710 D/[Koin]  (13945): bind type:'com.huami.mastercard.ui.mifit.O0000O0o.O00000o0' ~ [type:Factory,primary_type:'com.huami.mastercard.ui.mifit.O0000O0o.O00000o0']
09-01 14:42:33.710 D/[Koin]  (13945): bind type:'com.huami.mastercard.ui.mifit.O0000O0o.O0000OOo' ~ [type:Factory,primary_type:'com.huami.mastercard.ui.mifit.O0000O0o.O0000OOo']
09-01 14:42:33.710 D/[Koin]  (13945): bind type:'com.huami.mastercard.ui.mifit.O0000O0o.O000O0OO' ~ [type:Factory,primary_type:'com.huami.mastercard.ui.mifit.O0000O0o.O000O0OO']
09-01 14:42:33.710 D/[Koin]  (13945): bind type:'com.huami.mastercard.ui.mifit.O0000O0o.O00oOooO' ~ [type:Factory,primary_type:'com.huami.mastercard.ui.mifit.O0000O0o.O00oOooO']
09-01 14:42:33.710 D/[Koin]  (13945): bind type:'com.huami.mastercard.ui.mifit.O0000O0o.O000O00o' ~ [type:Factory,primary_type:'com.huami.mastercard.ui.mifit.O0000O0o.O000O00o']
09-01 14:42:33.710 D/[Koin]  (13945): bind type:'com.huami.mastercard.ui.mifit.O0000O0o.O0000o00' ~ [type:Factory,primary_type:'com.huami.mastercard.ui.mifit.O0000O0o.O0000o00']
09-01 14:42:33.710 D/[Koin]  (13945): bind type:'com.huami.mastercard.ui.mifit.O0000O0o.O00000o' ~ [type:Factory,primary_type:'com.huami.mastercard.ui.mifit.O0000O0o.O00000o']
09-01 14:42:33.710 D/[Koin]  (13945): bind type:'com.huami.mastercard.ui.mifit.O0000O0o.O000000o' ~ [type:Factory,primary_type:'com.huami.mastercard.ui.mifit.O0000O0o.O000000o']
09-01 14:42:33.710 D/[Koin]  (13945): bind type:'com.huami.mastercard.O000000o.O000000o.O00000o' ~ [type:Single,primary_type:'com.huami.mastercard.O000000o.O000000o.O00000o']
09-01 14:42:33.710 D/[Koin]  (13945): bind type:'com.huami.mastercard.O000000o.O000000o.O0000O0o' ~ [type:Single,primary_type:'com.huami.mastercard.O000000o.O000000o.O0000O0o']
09-01 14:42:33.710 D/[Koin]  (13945): bind type:'com.huami.mastercard.O000000o.O00000oo.O0000O0o' ~ [type:Single,primary_type:'com.huami.mastercard.O000000o.O00000oo.O0000O0o']
09-01 14:42:33.710 D/[Koin]  (13945): bind type:'com.huami.mastercard.O000000o.O00000oo.O0000OOo' ~ [type:Single,primary_type:'com.huami.mastercard.O000000o.O00000oo.O0000OOo']
09-01 14:42:33.710 D/[Koin]  (13945): bind type:'com.huami.mastercard.O000000o.O00000oo.O00000o0' ~ [type:Single,primary_type:'com.huami.mastercard.O000000o.O00000oo.O00000o0']
09-01 14:42:33.710 D/[Koin]  (13945): bind type:'com.huami.mastercard.O000000o.O00000oo.O0000Oo0' ~ [type:Single,primary_type:'com.huami.mastercard.O000000o.O00000oo.O0000Oo0']
09-01 14:42:33.710 D/[Koin]  (13945): bind type:'com.huami.mastercard.O000000o.O000000o.O000000o' ~ [type:Single,primary_type:'com.huami.mastercard.O000000o.O000000o.O000000o']
09-01 14:42:33.710 D/[Koin]  (13945): bind type:'com.huami.mastercard.O000000o.O000000o.O00000o0' ~ [type:Single,primary_type:'com.huami.mastercard.O000000o.O000000o.O00000o0']
09-01 14:42:33.710 D/[Koin]  (13945): bind type:'com.huami.mastercard.O000000o.O00000oo.O00000o' ~ [type:Single,primary_type:'com.huami.mastercard.O000000o.O00000oo.O00000o']
09-01 14:42:33.710 D/[Koin]  (13945): bind qualifier:'MASTER_DEVICE_PROVIDER' ~ [type:Single,name:'MASTER_DEVICE_PROVIDER', primary_type:'com.huami.components.O000000o.O0000Oo0']
09-01 14:42:33.710 D/[Koin]  (13945): bind qualifier:'UP_DEVICE_PROVIDER' ~ [type:Single,name:'UP_DEVICE_PROVIDER', primary_type:'com.huami.components.O000000o.O0000Oo0']
09-01 14:42:33.710 D/[Koin]  (13945): bind type:'com.huami.nfc.unionpay.api.UnionpayAppletApi' ~ [type:Single,primary_type:'com.huami.nfc.unionpay.api.UnionpayAppletApi']
09-01 14:42:33.710 D/[Koin]  (13945): bind type:'com.huami.nfc.unionpay.api.UnionpayWebApi' ~ [type:Single,primary_type:'com.huami.nfc.unionpay.api.UnionpayWebApi']
09-01 14:42:33.710 D/[Koin]  (13945): bind type:'com.huami.nfc.unionpay.api.UnionpaySdkApi' ~ [type:Single,primary_type:'com.huami.nfc.unionpay.api.UnionpaySdkApi']
09-01 14:42:33.710 D/[Koin]  (13945): bind type:'com.huami.wallet.unionpay.unionpayuimifit.repo.O00000o.O0000Oo0' ~ [type:Single,primary_type:'com.huami.wallet.unionpay.unionpayuimifit.repo.O00000o.O0000Oo0']
09-01 14:42:33.710 D/[Koin]  (13945): bind type:'com.huami.wallet.unionpay.unionpayuimifit.repo.O000000o.O00000Oo' ~ [type:Single,primary_type:'com.huami.wallet.unionpay.unionpayuimifit.repo.O000000o.O00000Oo']
09-01 14:42:33.710 D/[Koin]  (13945): bind type:'com.huami.wallet.unionpay.unionpayuimifit.repo.O000000o.O0000O0o' ~ [type:Single,primary_type:'com.huami.wallet.unionpay.unionpayuimifit.repo.O000000o.O0000O0o']
09-01 14:42:33.710 D/[Koin]  (13945): bind type:'com.huami.wallet.unionpay.unionpayuimifit.repo.O0000OOo.O0000O0o' ~ [type:Factory,primary_type:'com.huami.wallet.unionpay.unionpayuimifit.repo.O0000OOo.O0000O0o']
09-01 14:42:33.710 D/[Koin]  (13945): bind type:'com.huami.wallet.unionpay.unionpayuimifit.repo.O0000OOo.O00000o' ~ [type:Factory,primary_type:'com.huami.wallet.unionpay.unionpayuimifit.repo.O0000OOo.O00000o']
09-01 14:42:33.710 D/[Koin]  (13945): bind type:'com.huami.wallet.unionpay.unionpayuimifit.repo.O0000OOo.O00000o0' ~ [type:Factory,primary_type:'com.huami.wallet.unionpay.unionpayuimifit.repo.O0000OOo.O00000o0']
09-01 14:42:33.710 D/[Koin]  (13945): bind type:'com.huami.wallet.unionpay.unionpayuimifit.repo.O0000OOo.O0000OOo' ~ [type:Factory,primary_type:'com.huami.wallet.unionpay.unionpayuimifit.repo.O0000OOo.O0000OOo']
09-01 14:42:33.710 D/[Koin]  (13945): bind type:'com.huami.wallet.unionpay.unionpayuimifit.repo.O000000o.O0000OOo' ~ [type:Single,primary_type:'com.huami.wallet.unionpay.unionpayuimifit.repo.O000000o.O0000OOo']
09-01 14:42:33.711 D/[Koin]  (13945): bind type:'com.huami.wallet.unionpay.unionpayuimifit.repo.O000000o.O00000o' ~ [type:Single,primary_type:'com.huami.wallet.unionpay.unionpayuimifit.repo.O000000o.O00000o']
09-01 14:42:33.711 D/[Koin]  (13945): bind type:'com.huami.wallet.unionpay.unionpayuimifit.repo.O000000o.O00000o0' ~ [type:Single,primary_type:'com.huami.wallet.unionpay.unionpayuimifit.repo.O000000o.O00000o0']
09-01 14:42:33.711 D/[Koin]  (13945): bind type:'com.huami.wallet.unionpay.unionpayuimifit.O0000O0o.O00000o0' ~ [type:Single,primary_type:'com.huami.wallet.unionpay.unionpayuimifit.O0000O0o.O00000o0']
09-01 14:42:33.711 D/[Koin]  (13945): bind type:'com.huami.wallet.unionpay.unionpayuimifit.repo.O00000Oo.O00000Oo' ~ [type:Single,primary_type:'com.huami.wallet.unionpay.unionpayuimifit.repo.O00000Oo.O00000Oo']
09-01 14:42:33.711 D/[Koin]  (13945): bind type:'com.huami.wallet.unionpay.unionpayuimifit.O00000oo.O00000o' ~ [type:Single,primary_type:'com.huami.wallet.unionpay.unionpayuimifit.O00000oo.O00000o']
09-01 14:42:33.714 D/[Koin]  (13945): total 375 registered definitions
09-01 14:42:33.714 D/[Koin]  (13945): load modules in 10.801459 ms
09-01 14:42:33.715 D/[Koin]  (13945): | create instance for [type:Single,primary_type:'com.huami.worldclock.O00000o.O00000o0']
09-01 14:42:33.715 D/[Koin]  (13945): | create instance for [type:Factory,primary_type:'com.huami.worldclock.home.O00000o']
09-01 14:42:33.717 D/[Koin]  (13945): | create instance for [type:Factory,primary_type:'com.huami.worldclock.add.O00000o']
09-01 14:42:33.717 D/[Koin]  (13945): instances started in 2.327448 ms
09-01 14:42:33.776 I/speech  (13945): speech event bus register >>> (BraceletApp.java:333) -> onCreate() | Thread:main
09-01 14:42:33.885 I/MiuiNetworkPolicy( 1639): updateUidState uid = 10062, uidState = 4
09-01 14:42:33.885 D/OemNetd (  679): whiteListUid: uid=10062, wmm=add
09-01 14:42:33.887 I/MiuiNetworkPolicy( 1639): updateMLUid uid:10062,old:16,new:4
09-01 14:42:33.887 I/MiuiNetworkPolicy( 1639): isMLEnabled state:16,uid:10062,connect:DISCONNECTED
09-01 14:42:33.887 I/MiuiNetworkPolicy( 1639): isMLEnabled state:4,uid:10062,connect:DISCONNECTED
09-01 14:42:33.969 I/ACRA    (13945): ACRA is enabled for com.xiaomi.hm.health
09-01 14:42:34.008 I/MiuiNetworkPolicy( 1639): updateUidState uid = 10062, uidState = 16
09-01 14:42:34.008 D/OemNetd (  679): whiteListUid: uid=10062, wmm=del
09-01 14:42:34.010 I/MiuiNetworkPolicy( 1639): updateMLUid uid:10062,old:4,new:16
09-01 14:42:34.010 I/MiuiNetworkPolicy( 1639): isMLEnabled state:4,uid:10062,connect:DISCONNECTED
09-01 14:42:34.010 I/MiuiNetworkPolicy( 1639): isMLEnabled state:16,uid:10062,connect:DISCONNECTED
09-01 14:42:34.023 D/[Koin]  (13945): !- create scope - id:User q:User
09-01 14:42:34.024 D/[Koin]  (13945): bind qualifier:'UserId' ~ [type:Scoped,scope:'User', name:'UserId', primary_type:'java.lang.String']
09-01 14:42:34.024 D/[Koin]  (13945): bind qualifier:'Gender' ~ [type:Scoped,scope:'User', name:'Gender', primary_type:'O00000oO.O0000Ooo.O000000o.O00000Oo']
09-01 14:42:34.024 D/[Koin]  (13945): bind qualifier:'Type' ~ [type:Scoped,scope:'User', name:'Type', primary_type:'O00000oO.O0000Ooo.O000000o.O00000Oo']
09-01 14:42:34.024 D/[Koin]  (13945): bind qualifier:'Avatar' ~ [type:Scoped,scope:'User', name:'Avatar', primary_type:'O00000oO.O0000Ooo.O000000o.O00000Oo']
09-01 14:42:34.024 D/[Koin]  (13945): bind qualifier:'Location' ~ [type:Scoped,scope:'User', name:'Location', primary_type:'O00000oO.O0000Ooo.O000000o.O00000Oo']
09-01 14:42:34.024 D/[Koin]  (13945): bind qualifier:'Host' ~ [type:Scoped,scope:'User', name:'Host', primary_type:'java.lang.String']
09-01 14:42:34.024 D/[Koin]  (13945): bind qualifier:'BoundHrDevice' ~ [type:Scoped,scope:'User', name:'BoundHrDevice', primary_type:'O00000oO.O0000Ooo.O000000o.O00000Oo']
09-01 14:42:34.024 D/[Koin]  (13945): bind type:'com.xiaomi.hm.health.O000O00o' ~ [type:Scoped,scope:'User', primary_type:'com.xiaomi.hm.health.O000O00o']
09-01 14:42:34.024 D/[Koin]  (13945): bind qualifier:'Nickname' ~ [type:Scoped,scope:'User', name:'Nickname', primary_type:'O00000oO.O0000Ooo.O000000o.O00000Oo']
09-01 14:42:34.024 D/[Koin]  (13945): bind qualifier:'Age' ~ [type:Scoped,scope:'User', name:'Age', primary_type:'O00000oO.O0000Ooo.O000000o.O00000Oo']
09-01 14:42:34.024 D/[Koin]  (13945): bind qualifier:'Summary' ~ [type:Scoped,scope:'User', name:'Summary', primary_type:'O00000oO.O0000Ooo.O000000o.O00000Oo']
09-01 14:42:34.024 D/[Koin]  (13945): bind qualifier:'Token' ~ [type:Scoped,scope:'User', name:'Token', primary_type:'java.lang.String']
09-01 14:42:34.024 D/[Koin]  (13945): +- get 'com.xiaomi.hm.health.O000O00o'
09-01 14:42:34.024 D/[Koin]  (13945): | create instance for [type:Scoped,scope:'User', primary_type:'com.xiaomi.hm.health.O000O00o']
09-01 14:42:34.025 D/[Koin]  (13945): +- got 'com.xiaomi.hm.health.O000O00o' in 0.540417 ms
09-01 14:42:34.027 D/[Koin]  (13945): closing scope:'User'
09-01 14:42:34.027 D/[Koin]  (13945): releasing 'Scope[id:'User',set:'User']' ~ [type:Scoped,scope:'User', name:'UserId', primary_type:'java.lang.String'] 
09-01 14:42:34.027 D/[Koin]  (13945): releasing 'Scope[id:'User',set:'User']' ~ [type:Scoped,scope:'User', name:'Gender', primary_type:'O00000oO.O0000Ooo.O000000o.O00000Oo'] 
09-01 14:42:34.027 D/[Koin]  (13945): releasing 'Scope[id:'User',set:'User']' ~ [type:Scoped,scope:'User', name:'Type', primary_type:'O00000oO.O0000Ooo.O000000o.O00000Oo'] 
09-01 14:42:34.027 D/[Koin]  (13945): releasing 'Scope[id:'User',set:'User']' ~ [type:Scoped,scope:'User', name:'Avatar', primary_type:'O00000oO.O0000Ooo.O000000o.O00000Oo'] 
09-01 14:42:34.027 D/[Koin]  (13945): releasing 'Scope[id:'User',set:'User']' ~ [type:Scoped,scope:'User', name:'Location', primary_type:'O00000oO.O0000Ooo.O000000o.O00000Oo'] 
09-01 14:42:34.027 D/[Koin]  (13945): releasing 'Scope[id:'User',set:'User']' ~ [type:Scoped,scope:'User', name:'Host', primary_type:'java.lang.String'] 
09-01 14:42:34.027 D/[Koin]  (13945): releasing 'Scope[id:'User',set:'User']' ~ [type:Scoped,scope:'User', name:'BoundHrDevice', primary_type:'O00000oO.O0000Ooo.O000000o.O00000Oo'] 
09-01 14:42:34.027 D/[Koin]  (13945): releasing 'Scope[id:'User',set:'User']' ~ [type:Scoped,scope:'User', primary_type:'com.xiaomi.hm.health.O000O00o'] 
09-01 14:42:34.027 D/[Koin]  (13945): releasing 'Scope[id:'User',set:'User']' ~ [type:Scoped,scope:'User', name:'Nickname', primary_type:'O00000oO.O0000Ooo.O000000o.O00000Oo'] 
09-01 14:42:34.027 D/[Koin]  (13945): releasing 'Scope[id:'User',set:'User']' ~ [type:Scoped,scope:'User', name:'Age', primary_type:'O00000oO.O0000Ooo.O000000o.O00000Oo'] 
09-01 14:42:34.027 D/[Koin]  (13945): releasing 'Scope[id:'User',set:'User']' ~ [type:Scoped,scope:'User', name:'Summary', primary_type:'O00000oO.O0000Ooo.O000000o.O00000Oo'] 
09-01 14:42:34.027 D/[Koin]  (13945): releasing 'Scope[id:'User',set:'User']' ~ [type:Scoped,scope:'User', name:'Token', primary_type:'java.lang.String'] 
09-01 14:42:34.028 D/[Koin]  (13945): !- create scope - id:Training q:Training
09-01 14:42:34.028 D/[Koin]  (13945): bind type:'com.huami.training.O0000o00.O00000Oo' ~ [type:Scoped,scope:'Training', primary_type:'com.huami.training.O0000o00.O00000Oo']
09-01 14:42:34.028 D/[Koin]  (13945): bind type:'com.huami.training.O0000Ooo.O000o00' ~ [type:Scoped,scope:'Training', primary_type:'com.huami.training.O0000Ooo.O000o00']
09-01 14:42:34.028 D/[Koin]  (13945): bind type:'com.huami.training.O0000o0O.O00000Oo' ~ [type:Scoped,scope:'Training', primary_type:'com.huami.training.O0000o0O.O00000Oo']
09-01 14:42:34.028 D/[Koin]  (13945): bind qualifier:'TrainingWebHost' ~ [type:Scoped,scope:'Training', name:'TrainingWebHost', primary_type:'java.lang.String']
09-01 14:42:34.028 D/[Koin]  (13945): bind type:'com.huami.training.O0000OOo.O000000o' ~ [type:Scoped,scope:'Training', primary_type:'com.huami.training.O0000OOo.O000000o']
09-01 14:42:34.028 D/[Koin]  (13945): bind type:'com.huami.training.O0000Oo.O000000o' ~ [type:Scoped,scope:'Training', primary_type:'com.huami.training.O0000Oo.O000000o']
09-01 14:42:34.028 D/BluetoothGatt(13945): connect() - device: C3:D4:F4:E3:11:EC, auto: false
09-01 14:42:34.028 D/[Koin]  (13945): bind type:'com.huami.training.O000000o.O000OO0o' ~ [type:Scoped,scope:'Training', primary_type:'com.huami.training.O000000o.O000OO0o']
09-01 14:42:34.028 D/[Koin]  (13945): bind type:'com.huami.training.O0000o00.O00000o0' ~ [type:Scoped,scope:'Training', primary_type:'com.huami.training.O0000o00.O00000o0']
09-01 14:42:34.028 D/BluetoothGatt(13945): registerApp()
09-01 14:42:34.028 D/[Koin]  (13945): bind type:'com.huami.training.db.TrainingDb' ~ [type:Scoped,scope:'Training', primary_type:'com.huami.training.db.TrainingDb']
09-01 14:42:34.028 D/[Koin]  (13945): bind type:'com.huami.training.O0000OOo.O000OO0o' ~ [type:Scoped,scope:'Training', primary_type:'com.huami.training.O0000OOo.O000OO0o']
09-01 14:42:34.028 D/[Koin]  (13945): +- get 'com.huami.training.db.TrainingDb'
09-01 14:42:34.028 D/BluetoothGatt(13945): registerApp() - UUID=ada365bc-6347-41cb-9665-b85398bf389e
09-01 14:42:34.028 D/[Koin]  (13945): | create instance for [type:Scoped,scope:'Training', primary_type:'com.huami.training.db.TrainingDb']
09-01 14:42:34.029 D/[Koin]  (13945): +- get 'android.content.Context'
09-01 14:42:34.029 D/[Koin]  (13945): | create instance for [type:Single,primary_type:'android.content.Context']
09-01 14:42:34.029 D/[Koin]  (13945): +- got 'android.content.Context' in 0.100261 ms
09-01 14:42:34.030 D/[Koin]  (13945): +- get 'com.huami.training.O0000OOo.O000OO0o'
09-01 14:42:34.030 D/[Koin]  (13945): | create instance for [type:Scoped,scope:'Training', primary_type:'com.huami.training.O0000OOo.O000OO0o']
09-01 14:42:34.030 D/[Koin]  (13945): !- create scope - id:User q:User
09-01 14:42:34.030 D/[Koin]  (13945): bind qualifier:'UserId' ~ [type:Scoped,scope:'User', name:'UserId', primary_type:'java.lang.String']
09-01 14:42:34.030 I/chatty  ( 8588): uid=1002(bluetooth) Binder:8588_4 expire 6 lines
09-01 14:42:34.030 D/[Koin]  (13945): bind qualifier:'Gender' ~ [type:Scoped,scope:'User', name:'Gender', primary_type:'O00000oO.O0000Ooo.O000000o.O00000Oo']
09-01 14:42:34.030 D/[Koin]  (13945): bind qualifier:'Type' ~ [type:Scoped,scope:'User', name:'Type', primary_type:'O00000oO.O0000Ooo.O000000o.O00000Oo']
09-01 14:42:34.030 D/[Koin]  (13945): bind qualifier:'Avatar' ~ [type:Scoped,scope:'User', name:'Avatar', primary_type:'O00000oO.O0000Ooo.O000000o.O00000Oo']
09-01 14:42:34.030 D/[Koin]  (13945): bind qualifier:'Location' ~ [type:Scoped,scope:'User', name:'Location', primary_type:'O00000oO.O0000Ooo.O000000o.O00000Oo']
09-01 14:42:34.030 D/[Koin]  (13945): bind qualifier:'Host' ~ [type:Scoped,scope:'User', name:'Host', primary_type:'java.lang.String']
09-01 14:42:34.030 D/[Koin]  (13945): bind qualifier:'BoundHrDevice' ~ [type:Scoped,scope:'User', name:'BoundHrDevice', primary_type:'O00000oO.O0000Ooo.O000000o.O00000Oo']
09-01 14:42:34.030 D/[Koin]  (13945): bind type:'com.xiaomi.hm.health.O000O00o' ~ [type:Scoped,scope:'User', primary_type:'com.xiaomi.hm.health.O000O00o']
09-01 14:42:34.030 D/[Koin]  (13945): bind qualifier:'Nickname' ~ [type:Scoped,scope:'User', name:'Nickname', primary_type:'O00000oO.O0000Ooo.O000000o.O00000Oo']
09-01 14:42:34.030 D/[Koin]  (13945): bind qualifier:'Age' ~ [type:Scoped,scope:'User', name:'Age', primary_type:'O00000oO.O0000Ooo.O000000o.O00000Oo']
09-01 14:42:34.030 D/[Koin]  (13945): bind qualifier:'Summary' ~ [type:Scoped,scope:'User', name:'Summary', primary_type:'O00000oO.O0000Ooo.O000000o.O00000Oo']
09-01 14:42:34.030 D/[Koin]  (13945): bind qualifier:'Token' ~ [type:Scoped,scope:'User', name:'Token', primary_type:'java.lang.String']
09-01 14:42:34.030 D/[Koin]  (13945): +- get 'java.lang.String'
09-01 14:42:34.030 I/chatty  ( 8588): uid=1002(bluetooth) btu message loo expire 79 lines
09-01 14:42:34.030 D/[Koin]  (13945): | create instance for [type:Scoped,scope:'User', name:'UserId', primary_type:'java.lang.String']
09-01 14:42:34.030 D/[Koin]  (13945): +- got 'java.lang.String' in 0.070521 ms
09-01 14:42:34.030 D/[Koin]  (13945): +- get 'O00000oO.O0000Ooo.O000000o.O00000Oo'
09-01 14:42:34.030 D/[Koin]  (13945): | create instance for [type:Scoped,scope:'User', name:'Avatar', primary_type:'O00000oO.O0000Ooo.O000000o.O00000Oo']
09-01 14:42:34.031 D/[Koin]  (13945): +- got 'O00000oO.O0000Ooo.O000000o.O00000Oo' in 0.157447 ms
09-01 14:42:34.031 D/[Koin]  (13945): +- get 'O00000oO.O0000Ooo.O000000o.O00000Oo'
09-01 14:42:34.031 D/[Koin]  (13945): | create instance for [type:Scoped,scope:'User', name:'Nickname', primary_type:'O00000oO.O0000Ooo.O000000o.O00000Oo']
09-01 14:42:34.031 D/BluetoothGatt(13945): onClientRegistered() - status=0 clientIf=8
09-01 14:42:34.031 D/[Koin]  (13945): +- got 'O00000oO.O0000Ooo.O000000o.O00000Oo' in 0.098021 ms
09-01 14:42:34.031 D/[Koin]  (13945): +- get 'O00000oO.O0000Ooo.O000000o.O00000Oo'
09-01 14:42:34.031 D/[Koin]  (13945): | create instance for [type:Scoped,scope:'User', name:'Age', primary_type:'O00000oO.O0000Ooo.O000000o.O00000Oo']
09-01 14:42:34.031 D/[Koin]  (13945): +- got 'O00000oO.O0000Ooo.O000000o.O00000Oo' in 0.083854 ms
09-01 14:42:34.031 D/[Koin]  (13945): +- get 'O00000oO.O0000Ooo.O000000o.O00000Oo'
09-01 14:42:34.031 D/[Koin]  (13945): | create instance for [type:Scoped,scope:'User', name:'Gender', primary_type:'O00000oO.O0000Ooo.O000000o.O00000Oo']
09-01 14:42:34.031 D/[Koin]  (13945): +- got 'O00000oO.O0000Ooo.O000000o.O00000Oo' in 0.078177 ms
09-01 14:42:34.031 D/[Koin]  (13945): +- get 'O00000oO.O0000Ooo.O000000o.O00000Oo'
09-01 14:42:34.031 D/[Koin]  (13945): | create instance for [type:Scoped,scope:'User', name:'BoundHrDevice', primary_type:'O00000oO.O0000Ooo.O000000o.O00000Oo']
09-01 14:42:34.031 D/[Koin]  (13945): +- got 'O00000oO.O0000Ooo.O000000o.O00000Oo' in 0.081042 ms
09-01 14:42:34.031 D/[Koin]  (13945): +- got 'com.huami.training.O0000OOo.O000OO0o' in 1.719322 ms
09-01 14:42:34.039 D/[Koin]  (13945): +- got 'com.huami.training.db.TrainingDb' in 11.029791 ms
09-01 14:42:34.040 D/[Koin]  (13945): +- get 'com.huami.training.db.TrainingDb'
09-01 14:42:34.040 D/[Koin]  (13945): +- got 'com.huami.training.db.TrainingDb' in 0.026823 ms
09-01 14:42:34.040 D/[Koin]  (13945): +- get 'com.huami.training.O0000Oo.O000000o'
09-01 14:42:34.040 D/[Koin]  (13945): | create instance for [type:Scoped,scope:'Training', primary_type:'com.huami.training.O0000Oo.O000000o']
09-01 14:42:34.040 D/[Koin]  (13945): +- got 'com.huami.training.O0000Oo.O000000o' in 0.21776 ms
09-01 14:42:34.041 D/[Koin]  (13945): +- get 'com.huami.training.O0000o0O.O00000Oo'
09-01 14:42:34.041 D/[Koin]  (13945): | create instance for [type:Scoped,scope:'Training', primary_type:'com.huami.training.O0000o0O.O00000Oo']
09-01 14:42:34.041 D/[Koin]  (13945): +- get 'android.content.Context'
09-01 14:42:34.041 D/Event   (13945): No subscribers registered for event class com.xiaomi.hm.health.traininglib.O00000o0.O00000Oo
09-01 14:42:34.041 D/[Koin]  (13945): +- got 'android.content.Context' in 0.01901 ms
09-01 14:42:34.041 D/Event   (13945): No subscribers registered for event class O00000Oo.O000000o.O000000o.O0000Oo0
09-01 14:42:34.041 D/[Koin]  (13945): +- get 'com.huami.training.O0000Oo.O000000o'
09-01 14:42:34.041 D/[Koin]  (13945): +- got 'com.huami.training.O0000Oo.O000000o' in 0.014219 ms
09-01 14:42:34.041 D/[Koin]  (13945): +- get 'com.huami.training.O0000OOo.O000OO0o'
09-01 14:42:34.041 D/[Koin]  (13945): +- got 'com.huami.training.O0000OOo.O000OO0o' in 0.009532 ms
09-01 14:42:34.042 D/[Koin]  (13945): +- got 'com.huami.training.O0000o0O.O00000Oo' in 1.057032 ms
09-01 14:42:34.070 D/[Koin]  (13945): +- get 'com.huami.stress.domain.O00000oO.O000O00o'
09-01 14:42:34.070 D/[Koin]  (13945): | create instance for [type:Factory,primary_type:'com.huami.stress.domain.O00000oO.O000O00o']
09-01 14:42:34.070 D/[Koin]  (13945): !- create scope - id:Stress q:Stress
09-01 14:42:34.070 D/[Koin]  (13945): bind type:'com.huami.stress.domain.data.local.StressDatabase' ~ [type:Scoped,scope:'Stress', primary_type:'com.huami.stress.domain.data.local.StressDatabase']
09-01 14:42:34.070 D/[Koin]  (13945): bind type:'com.huami.stress.domain.O00000Oo.O00000Oo' ~ [type:Scoped,scope:'Stress', primary_type:'com.huami.stress.domain.O00000Oo.O00000Oo']
09-01 14:42:34.070 D/[Koin]  (13945): bind type:'com.huami.stress.domain.O00000Oo.O000000o' ~ [type:Scoped,scope:'Stress', primary_type:'com.huami.stress.domain.O00000Oo.O000000o']
09-01 14:42:34.070 D/[Koin]  (13945): +- get 'com.huami.stress.domain.O00000Oo.O00000Oo'
09-01 14:42:34.070 D/[Koin]  (13945): | create instance for [type:Scoped,scope:'Stress', primary_type:'com.huami.stress.domain.O00000Oo.O00000Oo']
09-01 14:42:34.070 D/[Koin]  (13945): +- get 'com.huami.stress.domain.data.local.StressDatabase'
09-01 14:42:34.070 D/[Koin]  (13945): | create instance for [type:Scoped,scope:'Stress', primary_type:'com.huami.stress.domain.data.local.StressDatabase']
09-01 14:42:34.070 D/[Koin]  (13945): +- get 'com.huami.stress.mifit.O000000o.O000000o'
09-01 14:42:34.070 D/[Koin]  (13945): | create instance for [type:Factory,primary_type:'com.huami.stress.mifit.O000000o.O000000o']
09-01 14:42:34.071 D/[Koin]  (13945): +- got 'com.huami.stress.mifit.O000000o.O000000o' in 0.568437 ms
09-01 14:42:34.071 D/[Koin]  (13945): +- get 'java.lang.String'
09-01 14:42:34.071 D/[Koin]  (13945): +- got 'java.lang.String' in 0.018958 ms
09-01 14:42:34.071 D/[Koin]  (13945): +- get 'android.content.Context'
09-01 14:42:34.071 D/[Koin]  (13945): +- got 'android.content.Context' in 0.014948 ms
09-01 14:42:34.073 D/[Koin]  (13945): +- got 'com.huami.stress.domain.data.local.StressDatabase' in 2.37849 ms
09-01 14:42:34.074 D/[Koin]  (13945): +- get 'com.huami.stress.domain.data.O00000Oo.O000000o'
09-01 14:42:34.074 D/[Koin]  (13945): | create instance for [type:Single,primary_type:'com.huami.stress.domain.data.O00000Oo.O000000o']
09-01 14:42:34.074 D/[Koin]  (13945): +- got 'com.huami.stress.domain.data.O00000Oo.O000000o' in 0.290417 ms
09-01 14:42:34.074 D/[Koin]  (13945): +- get 'com.huami.stress.domain.data.O00000o0.O00000Oo'
09-01 14:42:34.074 D/[Koin]  (13945): | create instance for [type:Single,primary_type:'com.huami.stress.domain.data.O00000o0.O00000Oo']
09-01 14:42:34.075 D/[Koin]  (13945): +- got 'com.huami.stress.domain.data.O00000o0.O00000Oo' in 0.407917 ms
09-01 14:42:34.077 D/[Koin]  (13945): +- got 'com.huami.stress.domain.O00000Oo.O00000Oo' in 6.331146 ms
09-01 14:42:34.077 D/[Koin]  (13945): +- get 'com.huami.stress.domain.O00000Oo.O000000o'
09-01 14:42:34.077 D/[Koin]  (13945): | create instance for [type:Scoped,scope:'Stress', primary_type:'com.huami.stress.domain.O00000Oo.O000000o']
09-01 14:42:34.077 D/[Koin]  (13945): +- get 'com.huami.stress.domain.data.local.StressDatabase'
09-01 14:42:34.077 D/[Koin]  (13945): +- got 'com.huami.stress.domain.data.local.StressDatabase' in 0.010261 ms
09-01 14:42:34.077 D/[Koin]  (13945): +- get 'com.huami.stress.domain.data.O00000Oo.O000000o'
09-01 14:42:34.077 D/[Koin]  (13945): +- got 'com.huami.stress.domain.data.O00000Oo.O000000o' in 0.017395 ms
09-01 14:42:34.077 D/[Koin]  (13945): +- get 'com.huami.stress.domain.data.O00000o0.O00000Oo'
09-01 14:42:34.077 D/[Koin]  (13945): +- got 'com.huami.stress.domain.data.O00000o0.O00000Oo' in 0.008177 ms
09-01 14:42:34.079 D/[Koin]  (13945): +- got 'com.huami.stress.domain.O00000Oo.O000000o' in 2.540261 ms
09-01 14:42:34.080 D/[Koin]  (13945): +- got 'com.huami.stress.domain.O00000oO.O000O00o' in 9.564428 ms
09-01 14:42:34.080 D/[Koin]  (13945): +- get 'com.xiaomi.hm.health.O000O00o'
09-01 14:42:34.080 D/[Koin]  (13945): | create instance for [type:Scoped,scope:'User', primary_type:'com.xiaomi.hm.health.O000O00o']
09-01 14:42:34.080 D/[Koin]  (13945): +- got 'com.xiaomi.hm.health.O000O00o' in 0.081302 ms
09-01 14:42:34.088 D/Event   (13945): No subscribers registered for event class com.xiaomi.hm.health.O0000o00.O00Oo00o
09-01 14:42:34.089 D/Event   (13945): No subscribers registered for event class O00000Oo.O000000o.O000000o.O0000Oo0
09-01 14:42:34.125 D/Event   (13945): No subscribers registered for event class com.xiaomi.hm.health.O0000o00.O000OOo
09-01 14:42:34.125 D/Event   (13945): No subscribers registered for event class O00000Oo.O000000o.O000000o.O0000Oo0
09-01 14:42:34.146 W/AsyncHttpResponse(13945): Current thread has not called Looper.prepare().Forcing synchronous mode
09-01 14:42:34.147 W/AsyncHttpResponse(13945): Current thread has not called Looper.prepare().Forcing synchronous mode
09-01 14:42:34.149 W/AsyncHttpResponse(13945): Current thread has not called Looper.prepare().Forcing synchronous mode
09-01 14:42:34.151 W/AsyncHttpResponse(13945): Current thread has not called Looper.prepare().Forcing synchronous mode
09-01 14:42:34.156 D/Event   (13945): No subscribers registered for event class com.xiaomi.hm.health.O0000o00.O00OO0O
09-01 14:42:34.156 D/Event   (13945): No subscribers registered for event class O00000Oo.O000000o.O000000o.O0000Oo0
09-01 14:42:34.156 D/Event   (13945): No subscribers registered for event class com.xiaomi.hm.health.O0000o00.O0000o0
09-01 14:42:34.156 D/Event   (13945): No subscribers registered for event class O00000Oo.O000000o.O000000o.O0000Oo0
09-01 14:42:34.163 I/AudioTrack( 2503): isLongTimeZoreData zoer date time 58 Seconds
09-01 14:42:34.167 D/Event   (13945): No subscribers registered for event class com.xiaomi.hm.health.locweather.O00000o.O0000OOo
09-01 14:42:34.167 D/Event   (13945): No subscribers registered for event class O00000Oo.O000000o.O000000o.O0000Oo0
09-01 14:42:34.169 I/hwservicemanager(  573): getTransport: Cannot find entry vendor.qti.hardware.servicetracker@1.0::IServicetracker/default in either framework or device manifest.
09-01 14:42:34.169 D/Event   (13945): No subscribers registered for event class com.xiaomi.hm.health.locweather.O00000Oo.O00000Oo
09-01 14:42:34.169 D/Event   (13945): No subscribers registered for event class O00000Oo.O000000o.O000000o.O0000Oo0
09-01 14:42:34.170 D/Event   (13945): No subscribers registered for event class com.xiaomi.hm.health.O0000o00.O00OOOo
09-01 14:42:34.170 D/Event   (13945): No subscribers registered for event class O00000Oo.O000000o.O000000o.O0000Oo0
09-01 14:42:34.170 D/CompatibilityInfo( 1639): mCompatibilityFlags - 0
09-01 14:42:34.170 D/CompatibilityInfo( 1639): applicationDensity - 440
09-01 14:42:34.170 D/CompatibilityInfo( 1639): applicationScale - 1.0
09-01 14:42:34.171 I/hwservicemanager(  573): getTransport: Cannot find entry vendor.qti.hardware.servicetracker@1.0::IServicetracker/default in either framework or device manifest.
09-01 14:42:34.171 I/chatty  ( 3272): uid=1002(bluetooth) com.xiaomi.bluetooth expire 2 lines
09-01 14:42:34.173 I/hwservicemanager(  573): getTransport: Cannot find entry vendor.qti.hardware.servicetracker@1.0::IServicetracker/default in either framework or device manifest.
09-01 14:42:34.176 E/ResolverController(  679): No valid NAT64 prefix (116, <unspecified>/0)
09-01 14:42:34.177 E/ResolverController(  679): No valid NAT64 prefix (116, <unspecified>/0)
09-01 14:42:34.178 E/ResolverController(  679): No valid NAT64 prefix (116, <unspecified>/0)
09-01 14:42:34.192 D/Event   (13945): No subscribers registered for event class com.xiaomi.hm.health.O0000o00.O00OO0O
09-01 14:42:34.192 D/Event   (13945): No subscribers registered for event class O00000Oo.O000000o.O000000o.O0000Oo0
09-01 14:42:34.192 D/Event   (13945): No subscribers registered for event class com.xiaomi.hm.health.O0000o00.O00O000o
09-01 14:42:34.192 D/Event   (13945): No subscribers registered for event class O00000Oo.O000000o.O000000o.O0000Oo0
09-01 14:42:34.195 D/CompatibilityInfo( 1639): mCompatibilityFlags - 0
09-01 14:42:34.195 D/CompatibilityInfo( 1639): applicationDensity - 440
09-01 14:42:34.195 D/CompatibilityInfo( 1639): applicationScale - 1.0
09-01 14:42:34.196 I/hwservicemanager(  573): getTransport: Cannot find entry vendor.qti.hardware.servicetracker@1.0::IServicetracker/default in either framework or device manifest.
09-01 14:42:34.197 V/UidProcStateHelper( 1639): foreground changed:[13945,10241,0]
09-01 14:42:34.197 D/ProcessObserver( 6417): onForegroundServicesChanged, pid: 13945 uid: 10241 serviceTypes: 0
09-01 14:42:34.197 D/ProcessObserver( 6417): Uid: 10241 foreground service added 
09-01 14:42:34.198 D/HideModeStateMachine( 6417): updateForForegroundServiceUidChangedLocked: uid = 10241 foreground = true
09-01 14:42:34.199 I/DeviceCenter(13945): init
09-01 14:42:34.200 E/ResolverController(  679): No valid NAT64 prefix (116, <unspecified>/0)
09-01 14:42:34.201 E/ResolverController(  679): No valid NAT64 prefix (116, <unspecified>/0)
09-01 14:42:34.201 E/ResolverController(  679): No valid NAT64 prefix (116, <unspecified>/0)
09-01 14:42:34.202 I/hwservicemanager(  573): getTransport: Cannot find entry vendor.qti.hardware.servicetracker@1.0::IServicetracker/default in either framework or device manifest.
09-01 14:42:34.204 E/ResolverController(  679): No valid NAT64 prefix (116, <unspecified>/0)
09-01 14:42:34.204 D/Event   (13945): No subscribers registered for event class com.xiaomi.hm.health.O0000o00.O00OO0O
09-01 14:42:34.204 D/Event   (13945): No subscribers registered for event class O00000Oo.O000000o.O000000o.O0000Oo0
09-01 14:42:34.204 D/Event   (13945): No subscribers registered for event class com.xiaomi.hm.health.O0000o00.O00O000o
09-01 14:42:34.204 D/Event   (13945): No subscribers registered for event class O00000Oo.O000000o.O000000o.O0000Oo0
09-01 14:42:34.208 W/AsyncHttpResponse(13945): Current thread has not called Looper.prepare().Forcing synchronous mode
09-01 14:42:34.208 W/AsyncHttpResponse(13945): Current thread has not called Looper.prepare().Forcing synchronous mode
09-01 14:42:34.214 W/JobInfo (13945): Requested interval +10m0s0ms for job 272 is too small; raising to +15m0s0ms
09-01 14:42:34.216 E/ResolverController(  679): No valid NAT64 prefix (116, <unspecified>/0)
09-01 14:42:34.234 D/AudioManager(13945): getStreamVolume isRestricted mode = 0
09-01 14:42:34.235 D/AudioManager(13945): getStreamVolume isRestricted mode = 0
09-01 14:42:34.263 D/JG-JNILOG(13945): packageName = com.xiaomi.hm.health packnameLen = 20
09-01 14:42:34.264 D/JG-JNILOG(13945): hexpack = 48A79A484EBCCB6ADBF965128A3FE16B
09-01 14:42:34.264 D/JG-JNILOG(13945): hexsign = 34EF92B36AB6FEFF6E6E9DEC480A2B8D
09-01 14:42:34.337 V/AsyncHttpResponse(13945): Progress 4047 from 4047 (100%)
09-01 14:42:34.340 V/AsyncHttpResponse(13945): Progress 253 from 253 (100%)
09-01 14:42:34.342 V/AsyncHttpResponse(13945): Progress 97 from 97 (100%)
09-01 14:42:34.347 W/Looper  (13945): Slow Looper main: Long Msg: seq=2 plan=14:42:32.866  late=1ms wall=1480ms running=1142ms runnable=24ms io=3ms h=android.app.ActivityThread$H w=110
09-01 14:42:34.352 V/AsyncHttpResponse(13945): Progress 41 from 41 (100%)
09-01 14:42:34.340 W/Thread-3(13945): type=1400 audit(0.0:64160): avc: denied { search } for name="net" dev="sysfs" ino=50277 scontext=u:r:untrusted_app:s0:c241,c256,c512,c768 tcontext=u:object_r:sysfs_net:s0 tclass=dir permissive=0 app=com.xiaomi.hm.health
09-01 14:42:34.340 W/Thread-3(13945): type=1400 audit(0.0:64161): avc: denied { search } for name="net" dev="sysfs" ino=50277 scontext=u:r:untrusted_app:s0:c241,c256,c512,c768 tcontext=u:object_r:sysfs_net:s0 tclass=dir permissive=0 app=com.xiaomi.hm.health
09-01 14:42:34.355 W/Settings(13945): Setting adb_enabled has moved from android.provider.Settings.Secure to android.provider.Settings.Global.
09-01 14:42:34.358 V/AsyncHttpResponse(13945): Progress 85 from 85 (100%)
09-01 14:42:34.358 V/AsyncHttpResponse(13945): Progress 82 from 82 (100%)
09-01 14:42:34.367 E/Perf    (13945): Fail to get file list com.xiaomi.hm.health
09-01 14:42:34.367 E/Perf    (13945): getFolderSize() : Exception_1 = java.lang.NullPointerException: Attempt to get length of null array
09-01 14:42:34.367 E/Perf    (13945): Fail to get file list oat
09-01 14:42:34.367 E/Perf    (13945): getFolderSize() : Exception_1 = java.lang.NullPointerException: Attempt to get length of null array
09-01 14:42:34.380 D/View    (13945): com.xiaomi.hm.health initForcedUseForceDark: 1
09-01 14:42:34.380 W/Binder:intercep(13945): type=1400 audit(0.0:64162): avc: denied { getattr } for path="/data/data/com.miui.contentcatcher" dev="sda31" ino=3276849 scontext=u:r:untrusted_app:s0:c241,c256,c512,c768 tcontext=u:object_r:system_app_data_file:s0 tclass=dir permissive=0 app=com.xiaomi.hm.health
09-01 14:42:34.390 I/chatty  (13945): uid=10241(com.xiaomi.hm.health) identical 2 lines
09-01 14:42:34.390 W/Binder:intercep(13945): type=1400 audit(0.0:64165): avc: denied { getattr } for path="/data/data/com.miui.contentcatcher" dev="sda31" ino=3276849 scontext=u:r:untrusted_app:s0:c241,c256,c512,c768 tcontext=u:object_r:system_app_data_file:s0 tclass=dir permissive=0 app=com.xiaomi.hm.health
09-01 14:42:34.399 D/ViewContentFactory(13945): initViewContentFetcherClass
09-01 14:42:34.399 D/ViewContentFactory(13945): getInterceptorPackageInfo
09-01 14:42:34.399 D/ViewContentFactory(13945): getInitialApplication took 0ms
