09-01 14:42:34.399 D/ViewContentFactory(13945): packageInfo.packageName: com.miui.catcherpatch
09-01 14:42:34.404 D/ViewContentFactory(13945): initViewContentFetcherClass took 4ms
09-01 14:42:34.404 I/ContentCatcher(13945): ViewContentFetcher : ViewContentFetcher
09-01 14:42:34.404 D/ViewContentFactory(13945): createInterceptor took 5ms
09-01 14:42:34.404 E/ResolverController(  679): No valid NAT64 prefix (116, <unspecified>/0)
09-01 14:42:34.390 W/Binder:intercep(13945): type=1400 audit(0.0:64166): avc: denied { getattr } for path="/data/data/com.miui.catcherpatch" dev="sda31" ino=3277206 scontext=u:r:untrusted_app:s0:c241,c256,c512,c768 tcontext=u:object_r:system_app_data_file:s0 tclass=dir permissive=0 app=com.xiaomi.hm.health
09-01 14:42:34.390 W/Binder:intercep(13945): type=1400 audit(0.0:64167): avc: denied { getattr } for path="/data/data/com.miui.catcherpatch" dev="sda31" ino=3277206 scontext=u:r:untrusted_app:s0:c241,c256,c512,c768 tcontext=u:object_r:system_app_data_file:s0 tclass=dir permissive=0 app=com.xiaomi.hm.health
09-01 14:42:34.455 W/AsyncHttpResponse(13945): Current thread has not called Looper.prepare().Forcing synchronous mode
09-01 14:42:34.455 W/AsyncHttpResponse(13945): Current thread has not called Looper.prepare().Forcing synchronous mode
09-01 14:42:34.462 D/BaseTitleActivity(13945): setStyle NONE title  darkMode true color 0
09-01 14:42:34.465 W/DevicePolicyManager( 1639): Package com.xiaomi.hm.health (uid=10241, pid=13945) cannot access Device IDs
09-01 14:42:34.465 W/TelephonyPermissions( 2698): reportAccessDeniedToReadIdentifiers:com.xiaomi.hm.health:getDeviceId:isPreinstalled=false:isPrivApp=false
09-01 14:42:34.468 W/DevicePolicyManager( 1639): Package com.xiaomi.hm.health (uid=10241, pid=13945) cannot access Device IDs
09-01 14:42:34.468 W/TelephonyPermissions( 2698): reportAccessDeniedToReadIdentifiers:com.xiaomi.hm.health:getDeviceId:isPreinstalled=false:isPrivApp=false
09-01 14:42:34.471 W/DevicePolicyManager( 1639): Package com.xiaomi.hm.health (uid=10241, pid=13945) cannot access Device IDs
09-01 14:42:34.472 W/TelephonyPermissions( 2698): reportAccessDeniedToReadIdentifiers:com.xiaomi.hm.health:getSubscriberId:isPreinstalled=false:isPrivApp=false
09-01 14:42:34.480 W/DevicePolicyManager( 1639): Package com.xiaomi.hm.health (uid=10241, pid=13945) cannot access Device IDs
09-01 14:42:34.481 W/TelephonyPermissions( 2698): reportAccessDeniedToReadIdentifiers:com.xiaomi.hm.health:getIccSerialNumber:isPreinstalled=false:isPrivApp=false
09-01 14:42:34.485 W/DevicePolicyManager( 1639): Package com.xiaomi.hm.health (uid=10241, pid=13945) cannot access Device IDs
09-01 14:42:34.485 W/TelephonyPermissions( 1639): reportAccessDeniedToReadIdentifiers:com.xiaomi.hm.health:getSerial:isPreinstalled=false:isPrivApp=false
09-01 14:42:34.486 W/System.err(13945): java.lang.SecurityException: getSerial: The user 10241 does not meet the requirements to access device identifiers.
09-01 14:42:34.486 W/System.err(13945): 	at android.os.Parcel.createException(Parcel.java:2074)
09-01 14:42:34.486 W/System.err(13945): 	at android.os.Parcel.readException(Parcel.java:2042)
09-01 14:42:34.486 W/System.err(13945): 	at android.os.Parcel.readException(Parcel.java:1990)
09-01 14:42:34.486 W/System.err(13945): 	at android.os.IDeviceIdentifiersPolicyService$Stub$Proxy.getSerialForPackage(IDeviceIdentifiersPolicyService.java:159)
09-01 14:42:34.486 W/System.err(13945): 	at android.os.Build.getSerial(Build.java:162)
09-01 14:42:34.486 W/System.err(13945): 	at com.weibo.ssosdk.O00000Oo.O00000o(MfpBuilder.java:532)
09-01 14:42:34.486 W/System.err(13945): 	at com.weibo.ssosdk.O00000Oo.O00000o0(MfpBuilder.java:496)
09-01 14:42:34.486 W/System.err(13945): 	at com.weibo.ssosdk.O00000Oo.O00000oO(MfpBuilder.java:251)
09-01 14:42:34.486 W/System.err(13945): 	at com.weibo.ssosdk.O00000Oo.O00000Oo(MfpBuilder.java:186)
09-01 14:42:34.486 W/System.err(13945): 	at com.weibo.ssosdk.WeiboSsoSdk.O000000o(WeiboSsoSdk.java:273)
09-01 14:42:34.486 W/System.err(13945): 	at com.weibo.ssosdk.WeiboSsoSdk.O000000o(WeiboSsoSdk.java:22)
09-01 14:42:34.486 W/System.err(13945): 	at com.weibo.ssosdk.WeiboSsoSdk$5.run(WeiboSsoSdk.java:352)
09-01 14:42:34.486 W/System.err(13945): 	at java.lang.Thread.run(Thread.java:919)
09-01 14:42:34.486 W/System.err(13945): Caused by: android.os.RemoteException: Remote stack trace:
09-01 14:42:34.486 W/System.err(13945): 	at com.android.internal.telephony.TelephonyPermissions.reportAccessDeniedToReadIdentifiers(TelephonyPermissions.java:421)
09-01 14:42:34.486 W/System.err(13945): 	at com.android.internal.telephony.TelephonyPermissions.checkReadDeviceIdentifiers(TelephonyPermissions.java:353)
09-01 14:42:34.486 W/System.err(13945): 	at com.android.internal.telephony.TelephonyPermissions.checkCallingOrSelfReadDeviceIdentifiers(TelephonyPermissions.java:278)
09-01 14:42:34.486 W/System.err(13945): 	at com.android.internal.telephony.TelephonyPermissions.checkCallingOrSelfReadDeviceIdentifiers(TelephonyPermissions.java:255)
09-01 14:42:34.486 W/System.err(13945): 	at com.android.server.os.DeviceIdentifiersPolicyService$DeviceIdentifiersPolicy.getSerialForPackage(DeviceIdentifiersPolicyService.java:67)
09-01 14:42:34.487 W/AsyncHttpResponse(13945): Current thread has not called Looper.prepare().Forcing synchronous mode
09-01 14:42:34.496 E/openSDK_LOG(13945): com.xiaomi.hm.health SDK_VERSION:3.3.0.lite
09-01 14:42:34.496 I/openSDK_LOG.Tencent(13945): createInstance()  -- start, appId = 1103177325
09-01 14:42:34.496 D/ssosdk  (13945): 1: 
09-01 14:42:34.497 D/ssosdk  (13945): lo
09-01 14:42:34.497 D/ssosdk  (13945): 00:00:00:00:00:00
09-01 14:42:34.497 D/ssosdk  (13945): 2: 
09-01 14:42:34.497 D/ssosdk  (13945): bond0
09-01 14:42:34.497 D/ssosdk  (13945): fe:32:e4:fa:c1:a1
09-01 14:42:34.497 D/ssosdk  (13945): 3: 
09-01 14:42:34.497 D/ssosdk  (13945): dummy0
09-01 14:42:34.497 D/ssosdk  (13945): 6e:24:06:e2:42:9f
09-01 14:42:34.497 D/ssosdk  (13945): 4: 
09-01 14:42:34.497 D/ssosdk  (13945): ip_vti0
09-01 14:42:34.497 D/ssosdk  (13945): 0.0.0.0
09-01 14:42:34.497 D/ssosdk  (13945): 5: 
09-01 14:42:34.497 D/ssosdk  (13945): ip6_vti0
09-01 14:42:34.497 D/ssosdk  (13945): ::
09-01 14:42:34.497 D/ssosdk  (13945): 6: 
09-01 14:42:34.497 D/ssosdk  (13945): sit0
09-01 14:42:34.497 D/ssosdk  (13945): 0.0.0.0
09-01 14:42:34.497 D/ssosdk  (13945): 7: 
09-01 14:42:34.497 D/ssosdk  (13945): ip6tnl0
09-01 14:42:34.497 D/ssosdk  (13945): ::
09-01 14:42:34.497 D/ssosdk  (13945): 8: 
09-01 14:42:34.497 D/ssosdk  (13945): rmnet_ipa0
09-01 14:42:34.497 D/ssosdk  (13945): 10: 
09-01 14:42:34.497 D/ssosdk  (13945): rmnet_data0
09-01 14:42:34.497 D/ssosdk  (13945): 11: 
09-01 14:42:34.497 D/ssosdk  (13945): rmnet_data1
09-01 14:42:34.497 D/ssosdk  (13945): 12: 
09-01 14:42:34.497 D/ssosdk  (13945): rmnet_data2
09-01 14:42:34.497 D/ssosdk  (13945): 13: 
09-01 14:42:34.497 D/ssosdk  (13945): rmnet_data3
09-01 14:42:34.497 D/ssosdk  (13945): 14: 
09-01 14:42:34.497 D/ssosdk  (13945): rmnet_data4
09-01 14:42:34.497 D/ssosdk  (13945): 15: 
09-01 14:42:34.497 D/ssosdk  (13945): rmnet_data5
09-01 14:42:34.497 D/ssosdk  (13945): 16: 
09-01 14:42:34.497 D/ssosdk  (13945): rmnet_data6
09-01 14:42:34.497 D/ssosdk  (13945): 17: 
09-01 14:42:34.497 D/ssosdk  (13945): rmnet_data7
09-01 14:42:34.497 D/ssosdk  (13945): 18: 
09-01 14:42:34.497 D/ssosdk  (13945): rmnet_data8
09-01 14:42:34.497 D/ssosdk  (13945): 19: 
09-01 14:42:34.497 D/ssosdk  (13945): rmnet_data9
09-01 14:42:34.497 D/ssosdk  (13945): 20: 
09-01 14:42:34.497 D/ssosdk  (13945): rmnet_data10
09-01 14:42:34.497 D/ssosdk  (13945): 21: 
09-01 14:42:34.497 D/ssosdk  (13945): r_rmnet_data0
09-01 14:42:34.497 D/ssosdk  (13945): 22: 
09-01 14:42:34.497 D/ssosdk  (13945): r_rmnet_data1
09-01 14:42:34.497 D/ssosdk  (13945): 23: 
09-01 14:42:34.497 D/ssosdk  (13945): r_rmnet_data2
09-01 14:42:34.497 D/ssosdk  (13945): 24: 
09-01 14:42:34.497 D/ssosdk  (13945): r_rmnet_data3
09-01 14:42:34.497 D/ssosdk  (13945): 25: 
09-01 14:42:34.497 D/ssosdk  (13945): r_rmnet_data4
09-01 14:42:34.497 D/ssosdk  (13945): 26: 
09-01 14:42:34.497 D/ssosdk  (13945): r_rmnet_data5
09-01 14:42:34.497 D/ssosdk  (13945): 27: 
09-01 14:42:34.497 D/ssosdk  (13945): r_rmnet_data6
09-01 14:42:34.497 D/ssosdk  (13945): 28: 
09-01 14:42:34.497 D/ssosdk  (13945): r_rmnet_data7
09-01 14:42:34.497 D/ssosdk  (13945): 29: 
09-01 14:42:34.497 D/ssosdk  (13945): r_rmnet_data8
09-01 14:42:34.497 D/ssosdk  (13945): 30: 
09-01 14:42:34.497 D/ssosdk  (13945): wlan0
09-01 14:42:34.497 D/ssosdk  (13945): e0:dc:ff:d6:c8:3f
09-01 14:42:34.497 D/ssosdk  (13945): 31: 
09-01 14:42:34.497 I/openSDK_LOG.QQAuth(13945): QQAuth -- createInstance() --start
09-01 14:42:34.497 D/ssosdk  (13945): wlan1
09-01 14:42:34.497 D/ssosdk  (13945): e0:dc:ff:5b:c8:3f
09-01 14:42:34.497 D/ssosdk  (13945): 32: 
09-01 14:42:34.497 D/ssosdk  (13945): p2p0
09-01 14:42:34.497 D/ssosdk  (13945): e2:dc:ff:5c:c8:3f
09-01 14:42:34.497 E/libc    (13945): Access denied finding property "ro.serialno"
09-01 14:42:34.497 D/ssosdk  (13945): build_post_msg() succ: data=SB%2BY1XDZVYrnM0Idp77tHea5eQFuOJ3LZ8iEAbNqwluG%2FRZEenjn4b8CPo4n%2FIpT6v%2BcSebH%0AF3OgVYk%2Bs1gCVGJQL4j6PwJBLcSmRdewY%2BPhamdJ2gNeZVoNH%2FwjST8AR4nO91Tj9BMVERKC%0AtuvIMdkXWwsmL6RFUXMWMKaZKRfHL66Psf4O6fGkVudLUJijl78BeWCC8x8q9X30%2FNoFE95S%0AgJTkD%2BfEgMaLvu2VNLSuXvf5LzpfE7xcBH%2FXBD18WK7Bdzso3EjJ8bjp9kyHRTXy%2BQ7J9%2ByM%0Ack%2F4wHIuSSHthpxEGh9sSyVz2WJVo5fFdZJ7aow9lvqFkIaoa%2FGR47KfO77f6HMI2Kn1ZKpK%0Ao6TLCMfVHiiHNSJ0OhnICI%2F96wkqXYZR5UzMsYvTPGQsj7fBa%2FrMEbzZvQHBpTDuttSqaPO7%0AWoHWHf50F62gUlu68KUmyWeiU8z2fB%2FbU282eMEceRgkzdR3t4PTAUDJxQMJddRcuqShy%2FYZ%0AArnBzf%2FN%2F%2BThxcuRtXRqRh3IdfbvaA22o4t00TXuoX5Jd6Wu1TvJBJ3xmU2GOSAf4dR7XPef%0AXSKlP44HQGaSQl0Je5JPWW%2FQmBRmV4Oitckx6mYljLILztQVlqg8HF%2BezeQaZgMoLsUk53Yb%0ASm7%2FMD%2F06qFEZJp00JU884Aavuw2IXK81JCakB8uR4flQ3YKTyqr9L1R5%2FhgX8RlB52Lp4JA%0AQyJe%2BVEJLad9l%2BKt5a2rCCcry%2BK83Hco65dsaEOf3KPYYJgkT8iZR1kdYWKzdDfLC8DSMwWc%0AkqhoI7GWLn8OFuaIpH5Nof4VqiExzuDCKvGfJGCvYZy%2FiEL%2B6D9GEu3uKkNEdRMSiBLESNXZ%0AZ6p5X8%2FQlgVd%2Fin9ID%2FHWbaSeLF
09-01 14:42:34.497 I/openSDK_LOG.QQAuth(13945): new QQAuth() --start
09-01 14:42:34.499 I/openSDK_LOG.AuthAgent(13945): is arm64-v8a architecture
09-01 14:42:34.500 W/System.err(13945): java.lang.ClassNotFoundException: com.tencent.stat.StatConfig
09-01 14:42:34.500 W/System.err(13945): 	at java.lang.Class.classForName(Native Method)
09-01 14:42:34.500 W/System.err(13945): 	at java.lang.Class.forName(Class.java:454)
09-01 14:42:34.500 W/System.err(13945): 	at java.lang.Class.forName(Class.java:379)
09-01 14:42:34.500 W/System.err(13945): 	at com.tencent.connect.a.a.c(ProGuard:58)
09-01 14:42:34.500 W/System.err(13945): 	at com.tencent.connect.auth.c.<init>(ProGuard:42)
09-01 14:42:34.500 W/System.err(13945): 	at com.tencent.connect.auth.c.a(ProGuard:77)
09-01 14:42:34.500 W/System.err(13945): 	at com.tencent.tauth.Tencent.<init>(ProGuard:59)
09-01 14:42:34.500 W/System.err(13945): 	at com.tencent.tauth.Tencent.createInstance(ProGuard:67)
09-01 14:42:34.500 W/System.err(13945): 	at com.xiaomi.hm.health.thirdbind.O00000o0.O000000o.<init>(QQLogin.java:65)
09-01 14:42:34.500 W/System.err(13945): 	at com.xiaomi.hm.health.thirdbind.O00000o0.O000000o.O00000Oo(QQLogin.java:93)
09-01 14:42:34.500 W/System.err(13945): 	at com.xiaomi.hm.health.datautil.HMDataCacheCenter.syncDsdToThirdPartner(HMDataCacheCenter.java:658)
09-01 14:42:34.500 W/System.err(13945): 	at com.xiaomi.hm.health.O00oOooo.O00000o0.O0000Oo.run(HMSportDataPostToServerJob.java:40)
09-01 14:42:34.500 W/System.err(13945): 	at java.util.concurrent.ThreadPoolExecutor.runWorker(ThreadPoolExecutor.java:1167)
09-01 14:42:34.500 W/System.err(13945): 	at java.util.concurrent.ThreadPoolExecutor$Worker.run(ThreadPoolExecutor.java:641)
09-01 14:42:34.500 W/System.err(13945): 	at java.lang.Thread.run(Thread.java:919)
09-01 14:42:34.500 W/System.err(13945): Caused by: java.lang.ClassNotFoundException: com.tencent.stat.StatConfig
09-01 14:42:34.500 W/System.err(13945): 	... 15 more
09-01 14:42:34.500 I/openSDK_LOG.QQAuth(13945): new QQAuth() --end
09-01 14:42:34.500 I/openSDK_LOG.QQAuth(13945): QQAuth -- createInstance()  --end
09-01 14:42:34.502 I/openSDK_LOG.Tencent(13945): createInstance()  -- end
09-01 14:42:34.505 D/[Koin]  (13945): +- get 'com.huami.stress.domain.O00000oO.O000O0OO'
09-01 14:42:34.505 D/[Koin]  (13945): | create instance for [type:Factory,primary_type:'com.huami.stress.domain.O00000oO.O000O0OO']
09-01 14:42:34.505 D/[Koin]  (13945): +- get 'com.huami.stress.domain.O00000Oo.O00000Oo'
09-01 14:42:34.505 D/[Koin]  (13945): +- got 'com.huami.stress.domain.O00000Oo.O00000Oo' in 0.02 ms
09-01 14:42:34.505 D/[Koin]  (13945): +- get 'com.huami.stress.domain.O00000Oo.O000000o'
09-01 14:42:34.505 D/[Koin]  (13945): +- got 'com.huami.stress.domain.O00000Oo.O000000o' in 0.010312 ms
09-01 14:42:34.505 D/[Koin]  (13945): +- got 'com.huami.stress.domain.O00000oO.O000O0OO' in 0.46026 ms
09-01 14:42:34.506 D/[Koin]  (13945): +- get 'com.xiaomi.hm.health.O000O00o'
09-01 14:42:34.506 D/[Koin]  (13945): +- got 'com.xiaomi.hm.health.O000O00o' in 0.013698 ms
09-01 14:42:34.521 E/ResolverController(  679): No valid NAT64 prefix (116, <unspecified>/0)
09-01 14:42:34.524 W/AsyncHttpResponse(13945): Current thread has not called Looper.prepare().Forcing synchronous mode
09-01 14:42:34.526 D/Event   (13945): No subscribers registered for event class com.xiaomi.hm.health.O0000o00.O0000O0o
09-01 14:42:34.526 D/Event   (13945): No subscribers registered for event class O00000Oo.O000000o.O000000o.O0000Oo0
09-01 14:42:34.526 D/BluetoothAdapter(13945): startLeScan(): null
09-01 14:42:34.528 D/BluetoothAdapter(13945): isLeEnabled(): ON
09-01 14:42:34.531 E/ResolverController(  679): No valid NAT64 prefix (116, <unspecified>/0)
09-01 14:42:34.531 D/BluetoothLeScanner(13945): onScannerRegistered() - status=0 scannerId=21 mScannerId=0
09-01 14:42:34.533 D/PowerKeeperPolicy( 1639): isLeScanAllowed: uid = 10241, allow = true
09-01 14:42:34.541 D/PowerKeeperPolicy( 1639): startLeScan: BleScanWrapper[mClientIf = 21 mPendingIntent=null] uid=10241
09-01 14:42:34.541 D/PowerKeeperPolicy( 1639): uid = 10241 setAllowed, allowed = true
09-01 14:42:34.541 D/PowerKeeperPolicy( 1639): uid = 10241 setScanning, scanning = true
09-01 14:42:34.541 D/PowerKeeperPolicy( 1639): startLeScan, uid = 10241 is scanning
09-01 14:42:34.560 W/AsyncHttpResponse(13945): Current thread has not called Looper.prepare().Forcing synchronous mode
09-01 14:42:34.572 W/Looper  (13945): Slow Looper main: Activity com.xiaomi.hm.health/.activity.StartUpActivity is 1480ms late (wall=225ms running=192ms ClientTransaction{ callbacks=[android.app.servertransaction.LaunchActivityItem] lifecycleRequest=android.app.servertransaction.ResumeActivityItem }) because of 2 msg, msg 2 took 1480ms (seq=2 running=1142ms runnable=24ms io=3ms late=1ms h=android.app.ActivityThread$H w=110)
09-01 14:42:34.572 W/Looper  (13945): Slow Looper main: Activity com.xiaomi.hm.health/.activity.StartUpActivity is 1704ms late (wall=0ms running=0ms ClientTransaction{ callbacks=[android.app.servertransaction.TopResumedActivityChangeItem] }) because of 2 msg, msg 1 took 1480ms (seq=2 running=1142ms runnable=24ms io=3ms late=1ms h=android.app.ActivityThread$H w=110), msg 2 took 225ms (seq=3 running=192ms runnable=14ms late=1480ms h=android.app.ActivityThread$H w=159)
09-01 14:42:34.572 D/RecentsImpl( 7676): mActivityStateObserver com.xiaomi.hm.health.activity.StartUpActivity
09-01 14:42:34.573 V/AsyncHttpResponse(13945): Progress 3 from 3 (100%)
09-01 14:42:34.581 W/AsyncHttpResponse(13945): Current thread has not called Looper.prepare().Forcing synchronous mode
09-01 14:42:34.581 W/System.err(13945): java.lang.Exception: visitor login failed
09-01 14:42:34.581 W/System.err(13945): 	at com.weibo.ssosdk.WeiboSsoSdk.O00000o0(WeiboSsoSdk.java:363)
09-01 14:42:34.581 W/System.err(13945): 	at com.sina.weibo.sdk.sso.WeiboSsoManager.initAid(WeiboSsoManager.java:42)
09-01 14:42:34.581 W/System.err(13945): 	at com.sina.weibo.sdk.sso.WeiboSsoManager.init(WeiboSsoManager.java:37)
09-01 14:42:34.581 W/System.err(13945): 	at com.sina.weibo.sdk.WbSdk.install(WbSdk.java:33)
09-01 14:42:34.581 W/System.err(13945): 	at com.xiaomi.hm.health.thirdbind.weibo.O0000o00.O0000OOo(WeiboHealthManager.java:66)
09-01 14:42:34.581 W/System.err(13945): 	at com.xiaomi.hm.health.thirdbind.weibo.O0000o00.lambda$r2nmmGVVG8XJLLJhw5-DZnsP8Rs(Unknown Source:0)
09-01 14:42:34.581 W/System.err(13945): 	at com.xiaomi.hm.health.thirdbind.weibo.-$$Lambda$O0000o00$r2nmmGVVG8XJLLJhw5-DZnsP8Rs.run(Unknown Source:2)
09-01 14:42:34.581 W/System.err(13945): 	at java.util.concurrent.ThreadPoolExecutor.runWorker(ThreadPoolExecutor.java:1167)
09-01 14:42:34.581 W/System.err(13945): 	at java.util.concurrent.ThreadPoolExecutor$Worker.run(ThreadPoolExecutor.java:641)
09-01 14:42:34.581 W/System.err(13945): 	at java.lang.Thread.run(Thread.java:919)
09-01 14:42:34.626 D/Event   (13945): No subscribers registered for event class com.xiaomi.hm.health.O0000o00.O00O00o
09-01 14:42:34.626 D/Event   (13945): No subscribers registered for event class O00000Oo.O000000o.O000000o.O0000Oo0
09-01 14:42:34.639 V/AsyncHttpResponse(13945): Progress 50 from 50 (100%)
09-01 14:42:34.656 I/Timeline( 1639): Timeline: App_transition_ready time:212120673
09-01 14:42:34.657 I/Timeline( 1639): Timeline: App_transition_ready time:212120674
09-01 14:42:34.657 D/WindowManager( 1639): Input focus has changed to Window{b18045b u0 com.xiaomi.hm.health/com.xiaomi.hm.health.activity.StartUpActivity}
09-01 14:42:34.659 I/AdrenoGLES(13945): QUALCOMM build                   : e0436c5, Ib165d46056
09-01 14:42:34.659 I/AdrenoGLES(13945): Build Date                       : 09/10/19
09-01 14:42:34.659 I/AdrenoGLES(13945): OpenGL ES Shader Compiler Version: EV031.27.05.01
09-01 14:42:34.659 I/AdrenoGLES(13945): Local Branch                     : 
09-01 14:42:34.659 I/AdrenoGLES(13945): Remote Branch                    : quic/gfx-adreno.lnx.1.0.r74-rel
09-01 14:42:34.659 I/AdrenoGLES(13945): Remote Branch                    : NONE
09-01 14:42:34.659 I/AdrenoGLES(13945): Reconstruct Branch               : NOTHING
09-01 14:42:34.659 I/AdrenoGLES(13945): Build Config                     : S P 8.0.11 AArch64
09-01 14:42:34.661 I/AdrenoGLES(13945): PFP: 0x016ee187, ME: 0x00000000
09-01 14:42:34.662 W/AdrenoUtils(13945): <ReadGpuID_from_sysfs:194>: Failed to open /sys/class/kgsl/kgsl-3d0/gpu_model
09-01 14:42:34.662 W/AdrenoUtils(13945): <ReadGpuID:218>: Failed to read chip ID from gpu_model. Fallback to use the GSL path
09-01 14:42:34.676 I/hwservicemanager(  573): getTransport: Cannot find entry android.hardware.graphics.mapper@3.0::IMapper/default in either framework or device manifest.
09-01 14:42:34.676 W/Gralloc3(13945): mapper 3.x is not supported
09-01 14:42:34.677 V/AsyncHttpResponse(13945): Progress 76 from 76 (100%)
09-01 14:42:34.684 V/AsyncHttpResponse(13945): Progress 3 from 3 (100%)
09-01 14:42:34.691 I/Timeline( 1639): Timeline: App_transition_ready time:212120708
09-01 14:42:34.695 W/BpBinder(13938): Slow Binder: BpBinder transact took 2178ms, interface=android.app.IActivityManager, code=1598246212 oneway=false
09-01 14:42:34.698 D/StatusBar(29730): disable<e i a s b h r c s > disable2<q i n g r >
09-01 14:42:34.699 D/PhoneStatusBar/NavigationBarView(29730): setDisabledFlags back:false home:false recent:false
09-01 14:42:34.699 D/StatusBarClock(29730):  isNormalMode= true clock visible=true
09-01 14:42:34.700 W/Parcel  ( 5237): **** enforceInterface() expected 'com.miui.gamebooster.service.ISecurityCenterNotificationListener' but read 'android.service.notification.INotificationListener'
09-01 14:42:34.701 W/Binder  ( 5237): Caught a RuntimeException from the binder stub implementation.
09-01 14:42:34.701 W/Binder  ( 5237): java.lang.SecurityException: Binder invocation to an incorrect interface
09-01 14:42:34.701 W/Binder  ( 5237): 	at android.os.Parcel.nativeEnforceInterface(Native Method)
09-01 14:42:34.701 W/Binder  ( 5237): 	at android.os.Parcel.enforceInterface(Parcel.java:626)
09-01 14:42:34.701 W/Binder  ( 5237): 	at com.miui.gamebooster.service.ISecurityCenterNotificationListener$Stub.onTransact(Unknown Source:22)
09-01 14:42:34.701 W/Binder  ( 5237): 	at android.os.Binder.execTransactInternal(Binder.java:1021)
09-01 14:42:34.701 W/Binder  ( 5237): 	at android.os.Binder.execTransact(Binder.java:994)
09-01 14:42:34.711 V/onNotificationPostedCallBack( 5237): flags=98
09-01 14:42:34.712 D/PhoneStatusBar/NavigationBarView(29730): onDraw
09-01 14:42:34.712 V/j       ( 5237): ret=0
09-01 14:42:34.716 I/ActivityTaskManager( 1639): Displayed com.xiaomi.hm.health/.activity.StartUpActivity: +1s915ms
09-01 14:42:34.716 D/IMReply:Notif(22367): onNotificationPosted before sbn = 4
09-01 14:42:34.716 V/onNotificationPostedCallBack( 5237): flags=98
09-01 14:42:34.717 W/Parcel  ( 5237): **** enforceInterface() expected 'com.miui.gamebooster.service.ISecurityCenterNotificationListener' but read 'android.service.notification.INotificationListener'
09-01 14:42:34.717 V/j       ( 5237): ret=0
09-01 14:42:34.717 W/Binder  ( 5237): Caught a RuntimeException from the binder stub implementation.
09-01 14:42:34.717 W/Binder  ( 5237): java.lang.SecurityException: Binder invocation to an incorrect interface
09-01 14:42:34.717 W/Binder  ( 5237): 	at android.os.Parcel.nativeEnforceInterface(Native Method)
09-01 14:42:34.717 W/Binder  ( 5237): 	at android.os.Parcel.enforceInterface(Parcel.java:626)
09-01 14:42:34.717 W/Binder  ( 5237): 	at com.miui.gamebooster.service.ISecurityCenterNotificationListener$Stub.onTransact(Unknown Source:22)
09-01 14:42:34.717 W/Binder  ( 5237): 	at android.os.Binder.execTransactInternal(Binder.java:1021)
09-01 14:42:34.717 W/Binder  ( 5237): 	at android.os.Binder.execTransact(Binder.java:994)
09-01 14:42:34.717 D/StatusBar(29730): onNotificationPosted key=0|com.xiaomi.hm.health|4|null|10241 isUpdate=false
09-01 14:42:34.718 D/AudioManager(13945): getStreamVolume isRestricted mode = 0
09-01 14:42:34.718 D/IMReply:Notif(22367): onNotificationPosted before sbn = 4
09-01 14:42:34.719 I/DeviceCenter(13945): onServiceConnected
09-01 14:42:34.719 I/DeviceCenter(13945): onServiceConnected....out
09-01 14:42:34.727 D/ExpandableNotificationRow(29730): updateBackground
09-01 14:42:34.727 D/ExpandableNotificationRow(29730): updateBackground
09-01 14:42:34.728 D/StatusBar(29730): No peeking: unimportant notification: 0|com.xiaomi.hm.health|4|null|10241
09-01 14:42:34.729 D/StatusBar(29730): onNotificationPosted key=0|com.xiaomi.hm.health|4|null|10241 isUpdate=false
09-01 14:42:34.731 I/appium  (13898): channel read invoked!
09-01 14:42:34.731 I/appium  (13898): channel read: GET /wd/hub/session/94b2dfbc-5a87-4ff5-8430-a6752ec32c55/appium/device/pixel_ratio
09-01 14:42:34.731 I/appium  (13898): Get device pixel ratio
09-01 14:42:34.733 I/appium  (13898): AppiumResponse: {"sessionId":"94b2dfbc-5a87-4ff5-8430-a6752ec32c55","value":2.75}
09-01 14:42:34.734 I/hwservicemanager(  573): getTransport: Cannot find entry vendor.qti.hardware.servicetracker@1.0::IServicetracker/default in either framework or device manifest.
09-01 14:42:34.736 D/CompatibilityInfo( 1639): mCompatibilityFlags - 0
09-01 14:42:34.736 D/CompatibilityInfo( 1639): applicationDensity - 440
09-01 14:42:34.736 D/CompatibilityInfo( 1639): applicationScale - 1.0
09-01 14:42:34.737 I/hwservicemanager(  573): getTransport: Cannot find entry vendor.qti.hardware.servicetracker@1.0::IServicetracker/default in either framework or device manifest.
09-01 14:42:34.737 D/ExpandableNotificationRow(29730): updateBackground
09-01 14:42:34.737 D/ExpandableNotificationRow(29730): updateBackground
09-01 14:42:34.737 I/chatty  ( 8588): uid=1002(bluetooth) BT Service Call expire 173 lines
09-01 14:42:34.737 D/StatusBar(29730): No peeking: unimportant notification: 0|com.xiaomi.hm.health|4|null|10241
09-01 14:42:34.752 I/SplashScreenServiceDelegate( 1639): None for com.xiaomi.hm.health
09-01 14:42:34.757 D/AppOpsAdapter( 5211): using permission notify! 32
09-01 14:42:34.760 I/chatty  ( 8588): uid=1002(bluetooth) btu message loo expire 180 lines
09-01 14:42:34.763 I/appium  (13898): channel read invoked!
09-01 14:42:34.763 I/WifiService( 1639): startScan uid=10241
09-01 14:42:34.763 I/appium  (13898): channel read: GET /wd/hub/session/94b2dfbc-5a87-4ff5-8430-a6752ec32c55/appium/device/system_bars
09-01 14:42:34.764 I/appium  (13898): Get status bar height of the device
09-01 14:42:34.765 I/appium  (13898): AppiumResponse: {"sessionId":"94b2dfbc-5a87-4ff5-8430-a6752ec32c55","value":{"statusBar":96}}
09-01 14:42:34.766 D/ExpandableNotificationRow(29730): updateBackground
09-01 14:42:34.766 D/StatusBar(29730): No peeking: unimportant notification: 0|com.xiaomi.hm.health|4|null|10241
09-01 14:42:34.772 D/StackScroller(29730): applyCurrentState
09-01 14:42:34.772 I/appium  (13898): channel read invoked!
09-01 14:42:34.773 I/appium  (13898): channel read: GET /wd/hub/session/94b2dfbc-5a87-4ff5-8430-a6752ec32c55/window/current/size
09-01 14:42:34.773 I/appium  (13898): Get window size of the device
09-01 14:42:34.774 I/appium  (13898): AppiumResponse: {"sessionId":"94b2dfbc-5a87-4ff5-8430-a6752ec32c55","value":{"height":2210,"width":1080}}
09-01 14:42:34.778 D/AppOpsAdapter( 5211): using permission notify! 32
09-01 14:42:34.778 D/StackScroller(29730): applyCurrentState
09-01 14:42:34.798 D/AppOpsAdapter( 5211): using permission notify! 32
09-01 14:42:34.802 D/AppOpsAdapter( 5211): using permission notify! 32
09-01 14:42:34.821 D/Event   (13945): No subscribers registered for event class com.xiaomi.hm.health.locweather.O00000Oo.O000000o
09-01 14:42:34.821 D/Event   (13945): No subscribers registered for event class O00000Oo.O000000o.O000000o.O0000Oo0
09-01 14:42:34.831 I/appium  (13898): channel read invoked!
09-01 14:42:34.831 I/appium  (13898): channel read: POST /wd/hub/session/94b2dfbc-5a87-4ff5-8430-a6752ec32c55/element
09-01 14:42:34.832 I/appium  (13898): Find element command using '-android uiautomator' with selector 'new UiSelector().text("运动")'.
09-01 14:42:34.833 D/AppOpsAdapter( 5211): using permission notify! 32
09-01 14:42:34.834 I/appium  (13898): Waiting up to 10000ms for device to be idle
09-01 14:42:34.856 D/AppOpsAdapter( 5211): using permission notify! 32
09-01 14:42:34.858 I/chatty  ( 5211): uid=10071(com.lbe.security.miui) Binder:5211_10 identical 1 line
09-01 14:42:34.861 D/AppOpsAdapter( 5211): using permission notify! 32
09-01 14:42:34.993 I/Timeline( 1639): Timeline: Activity_windows_visible id: ActivityRecord{e6e766f u0 com.xiaomi.hm.health/.activity.StartUpActivity t491} time:212121010
09-01 14:42:34.994 I/Timeline( 1639): Timeline: App_transition_stopped time:212121011
09-01 14:42:34.997 I/chatty  ( 8588): uid=1002(bluetooth) BT Service Call expire 152 lines
09-01 14:42:34.997 D/EventBus(29730): [29730, u0] send(AppTransitionFinishedEvent)
09-01 14:42:34.997 D/EventBus(29730): [29730, u0]  -> ForcedResizableInfoActivityController [0xc4c1163, P1] onBusEvent(AppTransitionFinishedEvent)
09-01 14:42:34.998 D/EventBus(29730): [29730, u0] onBusEvent(AppTransitionFinishedEvent) duration: 24 microseconds, avg: 35
09-01 14:42:35.002 V/AsyncHttpResponse(13945): Progress 3 from 3 (100%)
09-01 14:42:35.018 D/NetworkController.MobileSignalController(1)(29730): 4G level = 5
09-01 14:42:35.032 I/chatty  (19843): uid=1002 bluetooth@1.0-s expire 17 lines
09-01 14:42:35.060 I/hwservicemanager(  573): getTransport: Cannot find entry vendor.qti.hardware.servicetracker@1.0::IServicetracker/default in either framework or device manifest.
09-01 14:42:35.066 D/CompatibilityInfo( 1639): mCompatibilityFlags - 0
09-01 14:42:35.066 D/CompatibilityInfo( 1639): applicationDensity - 440
09-01 14:42:35.066 D/CompatibilityInfo( 1639): applicationScale - 1.0
09-01 14:42:35.069 I/hwservicemanager(  573): getTransport: Cannot find entry vendor.qti.hardware.servicetracker@1.0::IServicetracker/default in either framework or device manifest.
09-01 14:42:35.073 I/MiuiNetworkPolicy( 1639): updateUidState uid = 10173, uidState = 4
09-01 14:42:35.073 I/MiuiNetworkPolicy( 1639): updateMLUid uid:10173,old:6,new:4
09-01 14:42:35.073 I/MiuiNetworkPolicy( 1639): isMLEnabled state:6,uid:10173,connect:DISCONNECTED
09-01 14:42:35.073 I/MiuiNetworkPolicy( 1639): isMLEnabled state:4,uid:10173,connect:DISCONNECTED
09-01 14:42:35.074 I/hwservicemanager(  573): getTransport: Cannot find entry vendor.qti.hardware.servicetracker@1.0::IServicetracker/default in either framework or device manifest.
09-01 14:42:35.076 I/hwservicemanager(  573): getTransport: Cannot find entry vendor.qti.hardware.servicetracker@1.0::IServicetracker/default in either framework or device manifest.
09-01 14:42:35.078 I/MiuiNetworkPolicy( 1639): updateUidState uid = 10173, uidState = 6
09-01 14:42:35.078 I/MiuiNetworkPolicy( 1639): updateMLUid uid:10173,old:4,new:6
09-01 14:42:35.078 I/MiuiNetworkPolicy( 1639): isMLEnabled state:4,uid:10173,connect:DISCONNECTED
09-01 14:42:35.078 I/MiuiNetworkPolicy( 1639): isMLEnabled state:6,uid:10173,connect:DISCONNECTED
09-01 14:42:35.079 W/WakePathChecker( 1639): MIUILOG-AutoStart, Service/Provider/Broadcast Reject userId= 0 caller= com.xiaomi.hm.health callee= com.facebook.katana classname=com.facebook.katana.provider.AttributionIdProvider action=null wakeType=4
09-01 14:42:35.079 E/ActivityThread(13945): Failed to find provider info for com.facebook.katana.provider.AttributionIdProvider
09-01 14:42:35.179 I/AudioTrack( 2503): isLongTimeZoreData zoer date time 59 Seconds
09-01 14:42:35.182 I//system/vendor/bin/mi_thermald( 1070): thermal_cpu_set_level: set cpu freq of cpu7 to 2016000
09-01 14:42:35.182 I//system/vendor/bin/mi_thermald( 1070): thermal_cpu_set_level: set cpu freq of cpu4 to 2016000
09-01 14:42:35.332 I/chatty  ( 8588): uid=1002(bluetooth) btu message loo expire 86 lines
09-01 14:42:35.334 I/chatty  ( 8588): uid=1002(bluetooth) BT Service Call expire 156 lines
09-01 14:42:35.403 I/appium  (13898): AppiumResponse: {"sessionId":"94b2dfbc-5a87-4ff5-8430-a6752ec32c55","value":{"error":"no such element","message":"An element could not be located on the page using the given search parameters","stacktrace":"io.appium.uiautomator2.common.exceptions.ElementNotFoundException: An element could not be located on the ...
09-01 14:42:35.524 D/NtpTrustedTime( 1639): currentTimeMillis() cache hit
09-01 14:42:35.525 I/netd    (  679): trafficSwapActiveStatsMap() <0.76ms>
09-01 14:42:35.527 I/netd    (  679): tetherGetStats() <0.98ms>
09-01 14:42:35.550 D/NtpTrustedTime( 1639): currentTimeMillis() cache hit
09-01 14:42:35.551 I/netd    (  679): bandwidthSetGlobalAlert(131072) <0.17ms>
09-01 14:42:35.551 I/TrafficManageService( 5237): mina mTrafficStatsReceiver onReceive
09-01 14:42:35.567 I/chatty  (19843): uid=1002(bluetooth) POSIX timer 7 expire 1 line
09-01 14:42:35.703 I/chatty  ( 8588): uid=1002(bluetooth) btu message loo expire 102 lines
09-01 14:42:35.704 I/chatty  ( 8588): uid=1002(bluetooth) BT Service Call expire 148 lines
09-01 14:42:35.753 I/hwservicemanager(  573): getTransport: Cannot find entry vendor.qti.hardware.servicetracker@1.0::IServicetracker/default in either framework or device manifest.
09-01 14:42:35.757 D/CompatibilityInfo( 1639): mCompatibilityFlags - 0
09-01 14:42:35.757 D/CompatibilityInfo( 1639): applicationDensity - 440
09-01 14:42:35.757 D/CompatibilityInfo( 1639): applicationScale - 1.0
09-01 14:42:35.758 I/hwservicemanager(  573): getTransport: Cannot find entry vendor.qti.hardware.servicetracker@1.0::IServicetracker/default in either framework or device manifest.
09-01 14:42:35.762 I/MiuiNetworkPolicy( 1639): updateUidState uid = 10173, uidState = 4
09-01 14:42:35.762 I/MiuiNetworkPolicy( 1639): updateMLUid uid:10173,old:6,new:4
09-01 14:42:35.762 I/MiuiNetworkPolicy( 1639): isMLEnabled state:6,uid:10173,connect:DISCONNECTED
09-01 14:42:35.762 I/MiuiNetworkPolicy( 1639): isMLEnabled state:4,uid:10173,connect:DISCONNECTED
09-01 14:42:35.764 I/hwservicemanager(  573): getTransport: Cannot find entry vendor.qti.hardware.servicetracker@1.0::IServicetracker/default in either framework or device manifest.
09-01 14:42:35.766 I/hwservicemanager(  573): getTransport: Cannot find entry vendor.qti.hardware.servicetracker@1.0::IServicetracker/default in either framework or device manifest.
09-01 14:42:35.769 I/MiuiNetworkPolicy( 1639): updateUidState uid = 10173, uidState = 6
09-01 14:42:35.769 I/MiuiNetworkPolicy( 1639): updateMLUid uid:10173,old:4,new:6
09-01 14:42:35.769 I/MiuiNetworkPolicy( 1639): isMLEnabled state:4,uid:10173,connect:DISCONNECTED
09-01 14:42:35.769 I/MiuiNetworkPolicy( 1639): isMLEnabled state:6,uid:10173,connect:DISCONNECTED
09-01 14:42:35.851 D/QtiCarrierConfigHelper( 2698): WARNING, no carrier configs on phone Id: 0
09-01 14:42:35.851 D/NfcService( 4689): Received android.intent.action.BATTERY_CHANGED
09-01 14:42:35.852 I/BatteryInfoReceiver( 5237): ACTION_BATTERY_CHANGED
09-01 14:42:35.858 D/PowerCheckerService( 6417): onBatteryChanged, mBatteryLevel = 100, status = 5, level = 100, plug = 2, scale = 100
09-01 14:42:35.860 D/ThermalTempInfoHelper( 6417): thermal sensor73 temp is 43268
09-01 14:42:35.862 D/ThermalTempInfoHelper( 6417): thermal sensor73 temp is 43264
09-01 14:42:35.862 D/PowerKeeper.Thermal( 6417): current battery temperature:36 xo_thermal 43 valid true
09-01 14:42:35.864 D/KeyguardUpdateMonitor(29730): received broadcast android.intent.action.BATTERY_CHANGED
09-01 14:42:35.914 I/appium  (13898): channel read invoked!
09-01 14:42:35.914 I/appium  (13898): channel read: POST /wd/hub/session/94b2dfbc-5a87-4ff5-8430-a6752ec32c55/element
09-01 14:42:35.915 I/appium  (13898): Find element command using '-android uiautomator' with selector 'new UiSelector().text("运动")'.
09-01 14:42:35.915 I/appium  (13898): Waiting up to 10000ms for device to be idle
09-01 14:42:35.926 I/appium  (13898): AppiumResponse: {"sessionId":"94b2dfbc-5a87-4ff5-8430-a6752ec32c55","value":{"error":"no such element","message":"An element could not be located on the page using the given search parameters","stacktrace":"io.appium.uiautomator2.common.exceptions.ElementNotFoundException: An element could not be located on the ...
09-01 14:42:35.930 I/chatty  (19843): uid=1002 bluetooth@1.0-s expire 10 lines
09-01 14:42:35.978 I/chatty  ( 8588): uid=1002(bluetooth) BT Service Call expire 152 lines
09-01 14:42:35.982 I/chatty  ( 8588): uid=1002(bluetooth) btu message loo expire 191 lines
09-01 14:42:36.052 I/hwservicemanager(  573): getTransport: Cannot find entry vendor.qti.hardware.servicetracker@1.0::IServicetracker/default in either framework or device manifest.
09-01 14:42:36.058 D/NetworkController.MobileSignalController(1)(29730): getDataNetTypeFromServiceState slotId=1  isUsingCarrierAggregation=false
09-01 14:42:36.058 D/NetworkTypeUtils(29730): getDataNetTypeFromServiceState:srcDataNetType = 13, destDataNetType 13
09-01 14:42:36.061 D/MobileSignalController(29730): updateDataType mSelectedDataTypeIcon[1]=2131233281, mSelectedDataActivityIndex=6
09-01 14:42:36.061 D/TelephonyIcons(29730): getSignalStrengthIcon: slot=1, inetCondition=1, level=5, roaming=false, signalstrength=SignalStrength:{mCdma=CellSignalStrengthCdma: cdmaDbm=2147483647 cdmaEcio=2147483647 evdoDbm=2147483647 evdoEcio=2147483647 evdoSnr=2147483647 miuiLevel=0 level=0,mGsm=CellSignalStrengthGsm: rssi=2147483647 ber=2147483647 mTa=2147483647 miuiLevel=0 mLevel=0,mWcdma=CellSignalStrengthWcdma: ss=2147483647 ber=2147483647 rscp=2147483647 ecno=2147483647 miuiLevel=0 level=0,mTdscdma=CellSignalStrengthTdscdma: rssi=2147483647 ber=2147483647 rscp=2147483647 miuiLevel=0 level=0,mLte=CellSignalStrengthLte: rssi=-55 rsrp=-81 rsrq=-7 rssnr=254 cqi=2147483647 ta=2147483647 miuiLevel=5 level=4,mNr=CellSignalStrengthNr:{ csiRsrp = 2147483647 csiRsrq = 2147483647 csiSinr = 2147483647 ssRsrp = 2147483647 ssRsrq = 2147483647 ssSinr = 2147483647 miuiLevel = 0 level = 0 },primary=CellSignalStrengthLte}
09-01 14:42:36.063 D/TelephonyIcons(29730): null signal icon name: drawable/stat_sys_signal_null
09-01 14:42:36.063 D/TelephonyIcons(29730): getDataTypeIcon sub=1
09-01 14:42:36.081 I/hwservicemanager(  573): getTransport: Cannot find entry vendor.qti.hardware.servicetracker@1.0::IServicetracker/default in either framework or device manifest.
09-01 14:42:36.087 D/NetworkController.MobileSignalController(1)(29730): getDataNetTypeFromServiceState slotId=1  isUsingCarrierAggregation=false
09-01 14:42:36.088 D/NetworkTypeUtils(29730): getDataNetTypeFromServiceState:srcDataNetType = 13, destDataNetType 13
09-01 14:42:36.088 D/MobileSignalController(29730): updateDataType mSelectedDataTypeIcon[1]=2131233281, mSelectedDataActivityIndex=6
09-01 14:42:36.088 D/TelephonyIcons(29730): getSignalStrengthIcon: slot=1, inetCondition=1, level=5, roaming=false, signalstrength=SignalStrength:{mCdma=CellSignalStrengthCdma: cdmaDbm=2147483647 cdmaEcio=2147483647 evdoDbm=2147483647 evdoEcio=2147483647 evdoSnr=2147483647 miuiLevel=0 level=0,mGsm=CellSignalStrengthGsm: rssi=2147483647 ber=2147483647 mTa=2147483647 miuiLevel=0 mLevel=0,mWcdma=CellSignalStrengthWcdma: ss=2147483647 ber=2147483647 rscp=2147483647 ecno=2147483647 miuiLevel=0 level=0,mTdscdma=CellSignalStrengthTdscdma: rssi=2147483647 ber=2147483647 rscp=2147483647 miuiLevel=0 level=0,mLte=CellSignalStrengthLte: rssi=-55 rsrp=-81 rsrq=-7 rssnr=254 cqi=2147483647 ta=2147483647 miuiLevel=5 level=4,mNr=CellSignalStrengthNr:{ csiRsrp = 2147483647 csiRsrq = 2147483647 csiSinr = 2147483647 ssRsrp = 2147483647 ssRsrq = 2147483647 ssSinr = 2147483647 miuiLevel = 0 level = 0 },primary=CellSignalStrengthLte}
09-01 14:42:36.088 D/TelephonyIcons(29730): null signal icon name: drawable/stat_sys_signal_null
09-01 14:42:36.089 D/TelephonyIcons(29730): getDataTypeIcon sub=1
09-01 14:42:36.120 D/NetworkController.MobileSignalController(1)(29730): getDataNetTypeFromServiceState slotId=1  isUsingCarrierAggregation=false
09-01 14:42:36.120 D/NetworkTypeUtils(29730): getDataNetTypeFromServiceState:srcDataNetType = 13, destDataNetType 13
09-01 14:42:36.121 D/MobileSignalController(29730): updateDataType mSelectedDataTypeIcon[1]=2131233281, mSelectedDataActivityIndex=6
09-01 14:42:36.121 D/TelephonyIcons(29730): getSignalStrengthIcon: slot=1, inetCondition=1, level=5, roaming=false, signalstrength=SignalStrength:{mCdma=CellSignalStrengthCdma: cdmaDbm=2147483647 cdmaEcio=2147483647 evdoDbm=2147483647 evdoEcio=2147483647 evdoSnr=2147483647 miuiLevel=0 level=0,mGsm=CellSignalStrengthGsm: rssi=2147483647 ber=2147483647 mTa=2147483647 miuiLevel=0 mLevel=0,mWcdma=CellSignalStrengthWcdma: ss=2147483647 ber=2147483647 rscp=2147483647 ecno=2147483647 miuiLevel=0 level=0,mTdscdma=CellSignalStrengthTdscdma: rssi=2147483647 ber=2147483647 rscp=2147483647 miuiLevel=0 level=0,mLte=CellSignalStrengthLte: rssi=-55 rsrp=-81 rsrq=-7 rssnr=254 cqi=2147483647 ta=2147483647 miuiLevel=5 level=4,mNr=CellSignalStrengthNr:{ csiRsrp = 2147483647 csiRsrq = 2147483647 csiSinr = 2147483647 ssRsrp = 2147483647 ssRsrq = 2147483647 ssSinr = 2147483647 miuiLevel = 0 level = 0 },primary=CellSignalStrengthLte}
09-01 14:42:36.121 D/TelephonyIcons(29730): null signal icon name: drawable/stat_sys_signal_null
09-01 14:42:36.121 D/TelephonyIcons(29730): getDataTypeIcon sub=1
09-01 14:42:36.125 D/StackScroller(29730): applyCurrentState
09-01 14:42:36.159 D/NetworkController.MobileSignalController(1)(29730): getDataNetTypeFromServiceState slotId=1  isUsingCarrierAggregation=false
09-01 14:42:36.159 D/NetworkTypeUtils(29730): getDataNetTypeFromServiceState:srcDataNetType = 13, destDataNetType 13
09-01 14:42:36.159 D/MobileSignalController(29730): updateDataType mSelectedDataTypeIcon[1]=2131233281, mSelectedDataActivityIndex=6
09-01 14:42:36.159 D/TelephonyIcons(29730): getSignalStrengthIcon: slot=1, inetCondition=1, level=5, roaming=false, signalstrength=SignalStrength:{mCdma=CellSignalStrengthCdma: cdmaDbm=2147483647 cdmaEcio=2147483647 evdoDbm=2147483647 evdoEcio=2147483647 evdoSnr=2147483647 miuiLevel=0 level=0,mGsm=CellSignalStrengthGsm: rssi=2147483647 ber=2147483647 mTa=2147483647 miuiLevel=0 mLevel=0,mWcdma=CellSignalStrengthWcdma: ss=2147483647 ber=2147483647 rscp=2147483647 ecno=2147483647 miuiLevel=0 level=0,mTdscdma=CellSignalStrengthTdscdma: rssi=2147483647 ber=2147483647 rscp=2147483647 miuiLevel=0 level=0,mLte=CellSignalStrengthLte: rssi=-55 rsrp=-81 rsrq=-7 rssnr=254 cqi=2147483647 ta=2147483647 miuiLevel=5 level=4,mNr=CellSignalStrengthNr:{ csiRsrp = 2147483647 csiRsrq = 2147483647 csiSinr = 2147483647 ssRsrp = 2147483647 ssRsrq = 2147483647 ssSinr = 2147483647 miuiLevel = 0 level = 0 },primary=CellSignalStrengthLte}
09-01 14:42:36.160 D/TelephonyIcons(29730): null signal icon name: drawable/stat_sys_signal_null
09-01 14:42:36.160 D/TelephonyIcons(29730): getDataTypeIcon sub=1
09-01 14:42:36.188 D/NetworkController.MobileSignalController(1)(29730): getDataNetTypeFromServiceState slotId=1  isUsingCarrierAggregation=false
09-01 14:42:36.188 D/NetworkTypeUtils(29730): getDataNetTypeFromServiceState:srcDataNetType = 13, destDataNetType 13
09-01 14:42:36.189 D/MobileSignalController(29730): updateDataType mSelectedDataTypeIcon[1]=2131233281, mSelectedDataActivityIndex=6
09-01 14:42:36.189 D/TelephonyIcons(29730): getSignalStrengthIcon: slot=1, inetCondition=1, level=5, roaming=false, signalstrength=SignalStrength:{mCdma=CellSignalStrengthCdma: cdmaDbm=2147483647 cdmaEcio=2147483647 evdoDbm=2147483647 evdoEcio=2147483647 evdoSnr=2147483647 miuiLevel=0 level=0,mGsm=CellSignalStrengthGsm: rssi=2147483647 ber=2147483647 mTa=2147483647 miuiLevel=0 mLevel=0,mWcdma=CellSignalStrengthWcdma: ss=2147483647 ber=2147483647 rscp=2147483647 ecno=2147483647 miuiLevel=0 level=0,mTdscdma=CellSignalStrengthTdscdma: rssi=2147483647 ber=2147483647 rscp=2147483647 miuiLevel=0 level=0,mLte=CellSignalStrengthLte: rssi=-55 rsrp=-81 rsrq=-7 rssnr=254 cqi=2147483647 ta=2147483647 miuiLevel=5 level=4,mNr=CellSignalStrengthNr:{ csiRsrp = 2147483647 csiRsrq = 2147483647 csiSinr = 2147483647 ssRsrp = 2147483647 ssRsrq = 2147483647 ssSinr = 2147483647 miuiLevel = 0 level = 0 },primary=CellSignalStrengthLte}
09-01 14:42:36.190 D/TelephonyIcons(29730): null signal icon name: drawable/stat_sys_signal_null
09-01 14:42:36.190 D/TelephonyIcons(29730): getDataTypeIcon sub=1
09-01 14:42:36.197 I/AudioTrack( 2503): isLongTimeZoreData out of time 0S 0mS
09-01 14:42:36.199 I/AudioTrack( 2503): isLongTimeZoreData zoer date time 0 Seconds
09-01 14:42:36.212 D/NetworkController.MobileSignalController(1)(29730): getDataNetTypeFromServiceState slotId=1  isUsingCarrierAggregation=false
09-01 14:42:36.212 D/NetworkTypeUtils(29730): getDataNetTypeFromServiceState:srcDataNetType = 13, destDataNetType 13
09-01 14:42:36.213 D/MobileSignalController(29730): updateDataType mSelectedDataTypeIcon[1]=2131233281, mSelectedDataActivityIndex=6
09-01 14:42:36.213 D/TelephonyIcons(29730): getSignalStrengthIcon: slot=1, inetCondition=1, level=5, roaming=false, signalstrength=SignalStrength:{mCdma=CellSignalStrengthCdma: cdmaDbm=2147483647 cdmaEcio=2147483647 evdoDbm=2147483647 evdoEcio=2147483647 evdoSnr=2147483647 miuiLevel=0 level=0,mGsm=CellSignalStrengthGsm: rssi=2147483647 ber=2147483647 mTa=2147483647 miuiLevel=0 mLevel=0,mWcdma=CellSignalStrengthWcdma: ss=2147483647 ber=2147483647 rscp=2147483647 ecno=2147483647 miuiLevel=0 level=0,mTdscdma=CellSignalStrengthTdscdma: rssi=2147483647 ber=2147483647 rscp=2147483647 miuiLevel=0 level=0,mLte=CellSignalStrengthLte: rssi=-55 rsrp=-81 rsrq=-7 rssnr=254 cqi=2147483647 ta=2147483647 miuiLevel=5 level=4,mNr=CellSignalStrengthNr:{ csiRsrp = 2147483647 csiRsrq = 2147483647 csiSinr = 2147483647 ssRsrp = 2147483647 ssRsrq = 2147483647 ssSinr = 2147483647 miuiLevel = 0 level = 0 },primary=CellSignalStrengthLte}
09-01 14:42:36.213 D/TelephonyIcons(29730): null signal icon name: drawable/stat_sys_signal_null
09-01 14:42:36.213 D/TelephonyIcons(29730): getDataTypeIcon sub=1
09-01 14:42:36.231 D/NetworkController.MobileSignalController(1)(29730): getDataNetTypeFromServiceState slotId=1  isUsingCarrierAggregation=false
09-01 14:42:36.232 D/NetworkTypeUtils(29730): getDataNetTypeFromServiceState:srcDataNetType = 13, destDataNetType 13
09-01 14:42:36.232 D/MobileSignalController(29730): updateDataType mSelectedDataTypeIcon[1]=2131233281, mSelectedDataActivityIndex=6
09-01 14:42:36.232 D/TelephonyIcons(29730): getSignalStrengthIcon: slot=1, inetCondition=1, level=5, roaming=false, signalstrength=SignalStrength:{mCdma=CellSignalStrengthCdma: cdmaDbm=2147483647 cdmaEcio=2147483647 evdoDbm=2147483647 evdoEcio=2147483647 evdoSnr=2147483647 miuiLevel=0 level=0,mGsm=CellSignalStrengthGsm: rssi=2147483647 ber=2147483647 mTa=2147483647 miuiLevel=0 mLevel=0,mWcdma=CellSignalStrengthWcdma: ss=2147483647 ber=2147483647 rscp=2147483647 ecno=2147483647 miuiLevel=0 level=0,mTdscdma=CellSignalStrengthTdscdma: rssi=2147483647 ber=2147483647 rscp=2147483647 miuiLevel=0 level=0,mLte=CellSignalStrengthLte: rssi=-55 rsrp=-81 rsrq=-7 rssnr=254 cqi=2147483647 ta=2147483647 miuiLevel=5 level=4,mNr=CellSignalStrengthNr:{ csiRsrp = 2147483647 csiRsrq = 2147483647 csiSinr = 2147483647 ssRsrp = 2147483647 ssRsrq = 2147483647 ssSinr = 2147483647 miuiLevel = 0 level = 0 },primary=CellSignalStrengthLte}
09-01 14:42:36.232 D/TelephonyIcons(29730): null signal icon name: drawable/stat_sys_signal_null
09-01 14:42:36.233 D/TelephonyIcons(29730): getDataTypeIcon sub=1
09-01 14:42:36.271 I/chatty  ( 8588): uid=1002(bluetooth) BT Service Call expire 150 lines
09-01 14:42:36.386 I/chatty  (19843): uid=1002 bluetooth@1.0-s expire 11 lines
09-01 14:42:36.438 I/appium  (13898): channel read invoked!
09-01 14:42:36.438 I/appium  (13898): channel read: POST /wd/hub/session/94b2dfbc-5a87-4ff5-8430-a6752ec32c55/element
09-01 14:42:36.439 I/appium  (13898): Find element command using '-android uiautomator' with selector 'new UiSelector().text("运动")'.
09-01 14:42:36.439 I/appium  (13898): Waiting up to 10000ms for device to be idle
09-01 14:42:36.447 I/MiuiNetworkPolicy( 1639): bandwidth: 44 KB/s, Max bandwidth: 3727 KB/s
09-01 14:42:36.536 I/chatty  (19843): uid=1002(bluetooth) POSIX timer 4 expire 1 line
09-01 14:42:36.577 D/NetworkController.MobileSignalController(1)(29730): getDataNetTypeFromServiceState slotId=1  isUsingCarrierAggregation=false
09-01 14:42:36.577 D/NetworkTypeUtils(29730): getDataNetTypeFromServiceState:srcDataNetType = 13, destDataNetType 13
09-01 14:42:36.578 D/MobileSignalController(29730): updateDataType mSelectedDataTypeIcon[1]=2131233281, mSelectedDataActivityIndex=6
09-01 14:42:36.578 D/TelephonyIcons(29730): getSignalStrengthIcon: slot=1, inetCondition=1, level=5, roaming=false, signalstrength=SignalStrength:{mCdma=CellSignalStrengthCdma: cdmaDbm=2147483647 cdmaEcio=2147483647 evdoDbm=2147483647 evdoEcio=2147483647 evdoSnr=2147483647 miuiLevel=0 level=0,mGsm=CellSignalStrengthGsm: rssi=2147483647 ber=2147483647 mTa=2147483647 miuiLevel=0 mLevel=0,mWcdma=CellSignalStrengthWcdma: ss=2147483647 ber=2147483647 rscp=2147483647 ecno=2147483647 miuiLevel=0 level=0,mTdscdma=CellSignalStrengthTdscdma: rssi=2147483647 ber=2147483647 rscp=2147483647 miuiLevel=0 level=0,mLte=CellSignalStrengthLte: rssi=-55 rsrp=-81 rsrq=-7 rssnr=254 cqi=2147483647 ta=2147483647 miuiLevel=5 level=4,mNr=CellSignalStrengthNr:{ csiRsrp = 2147483647 csiRsrq = 2147483647 csiSinr = 2147483647 ssRsrp = 2147483647 ssRsrq = 2147483647 ssSinr = 2147483647 miuiLevel = 0 level = 0 },primary=CellSignalStrengthLte}
09-01 14:42:36.578 D/TelephonyIcons(29730): null signal icon name: drawable/stat_sys_signal_null
09-01 14:42:36.578 D/TelephonyIcons(29730): getDataTypeIcon sub=1
09-01 14:42:36.737 I/appium  (13898): AppiumResponse: {"sessionId":"94b2dfbc-5a87-4ff5-8430-a6752ec32c55","value":{"error":"no such element","message":"An element could not be located on the page using the given search parameters","stacktrace":"io.appium.uiautomator2.common.exceptions.ElementNotFoundException: An element could not be located on the ...
09-01 14:42:36.818 D/NetworkController.MobileSignalController(1)(29730): getDataNetTypeFromServiceState slotId=1  isUsingCarrierAggregation=false
09-01 14:42:36.818 D/NetworkTypeUtils(29730): getDataNetTypeFromServiceState:srcDataNetType = 13, destDataNetType 13
09-01 14:42:36.819 D/MobileSignalController(29730): updateDataType mSelectedDataTypeIcon[1]=2131233281, mSelectedDataActivityIndex=6
09-01 14:42:36.819 D/TelephonyIcons(29730): getSignalStrengthIcon: slot=1, inetCondition=1, level=5, roaming=false, signalstrength=SignalStrength:{mCdma=CellSignalStrengthCdma: cdmaDbm=2147483647 cdmaEcio=2147483647 evdoDbm=2147483647 evdoEcio=2147483647 evdoSnr=2147483647 miuiLevel=0 level=0,mGsm=CellSignalStrengthGsm: rssi=2147483647 ber=2147483647 mTa=2147483647 miuiLevel=0 mLevel=0,mWcdma=CellSignalStrengthWcdma: ss=2147483647 ber=2147483647 rscp=2147483647 ecno=2147483647 miuiLevel=0 level=0,mTdscdma=CellSignalStrengthTdscdma: rssi=2147483647 ber=2147483647 rscp=2147483647 miuiLevel=0 level=0,mLte=CellSignalStrengthLte: rssi=-55 rsrp=-81 rsrq=-7 rssnr=254 cqi=2147483647 ta=2147483647 miuiLevel=5 level=4,mNr=CellSignalStrengthNr:{ csiRsrp = 2147483647 csiRsrq = 2147483647 csiSinr = 2147483647 ssRsrp = 2147483647 ssRsrq = 2147483647 ssSinr = 2147483647 miuiLevel = 0 level = 0 },primary=CellSignalStrengthLte}
09-01 14:42:36.820 D/TelephonyIcons(29730): null signal icon name: drawable/stat_sys_signal_null
09-01 14:42:36.820 D/TelephonyIcons(29730): getDataTypeIcon sub=1
09-01 14:42:36.949 D/WificondControl( 1639): Scan result ready event
09-01 14:42:36.956 I/LOWI-8.6.0.59( 1269): [LOWI-Scan] lowi_close_record:Scan done in 596286057ms, 34 APs in scan results
09-01 14:42:36.970 I/AppScanObserverService( 1639): Start to match app observer
09-01 14:42:37.057 D/NetworkController.MobileSignalController(1)(29730): getDataNetTypeFromServiceState slotId=1  isUsingCarrierAggregation=false
