09-01 14:25:41.445 I/hwservicemanager(  573): getTransport: Cannot find entry vendor.qti.hardware.servicetracker@1.0::IServicetracker/default in either framework or device manifest.
09-01 14:25:41.445 I/ActivityTaskManager( 1639): Displayed com.xiaomi.hm.health/.activity.StartUpActivity: +1s950ms
09-01 14:25:41.449 D/CompatibilityInfo( 1639): mCompatibilityFlags - 0
09-01 14:25:41.449 D/CompatibilityInfo( 1639): applicationDensity - 440
09-01 14:25:41.449 D/CompatibilityInfo( 1639): applicationScale - 1.0
09-01 14:25:41.450 I/hwservicemanager(  573): getTransport: Cannot find entry vendor.qti.hardware.servicetracker@1.0::IServicetracker/default in either framework or device manifest.
09-01 14:25:41.450 D/PhoneStatusBar/NavigationBarView(29730): onDraw
09-01 14:25:41.452 D/AudioManager( 5311): getStreamVolume isRestricted mode = 0
09-01 14:25:41.453 I/DeviceCenter( 5311): onServiceConnected
09-01 14:25:41.453 I/DeviceCenter( 5311): onServiceConnected....out
09-01 14:25:41.455 D/IMReply:Notif(22367): onNotificationPosted before sbn = 4
09-01 14:25:41.455 V/onNotificationPostedCallBack( 5237): flags=98
09-01 14:25:41.455 V/j       ( 5237): ret=0
09-01 14:25:41.459 W/Parcel  ( 5237): **** enforceInterface() expected 'com.miui.gamebooster.service.ISecurityCenterNotificationListener' but read 'android.service.notification.INotificationListener'
09-01 14:25:41.460 W/Binder  ( 5237): Caught a RuntimeException from the binder stub implementation.
09-01 14:25:41.460 W/Binder  ( 5237): java.lang.SecurityException: Binder invocation to an incorrect interface
09-01 14:25:41.460 W/Binder  ( 5237): 	at android.os.Parcel.nativeEnforceInterface(Native Method)
09-01 14:25:41.460 W/Binder  ( 5237): 	at android.os.Parcel.enforceInterface(Parcel.java:626)
09-01 14:25:41.460 W/Binder  ( 5237): 	at com.miui.gamebooster.service.ISecurityCenterNotificationListener$Stub.onTransact(Unknown Source:22)
09-01 14:25:41.460 W/Binder  ( 5237): 	at android.os.Binder.execTransactInternal(Binder.java:1021)
09-01 14:25:41.460 W/Binder  ( 5237): 	at android.os.Binder.execTransact(Binder.java:994)
09-01 14:25:41.460 D/StatusBar(29730): onNotificationPosted key=0|com.xiaomi.hm.health|4|null|10241 isUpdate=false
09-01 14:25:41.465 I/appium  ( 5230): channel read invoked!
09-01 14:25:41.465 I/appium  ( 5230): channel read: GET /wd/hub/session/ca6c5edf-f990-460d-ac76-5b706aba62e3/appium/device/pixel_ratio
09-01 14:25:41.465 I/appium  ( 5230): Get device pixel ratio
09-01 14:25:41.467 I/appium  ( 5230): AppiumResponse: {"sessionId":"ca6c5edf-f990-460d-ac76-5b706aba62e3","value":2.75}
09-01 14:25:41.467 V/onNotificationPostedCallBack( 5237): flags=98
09-01 14:25:41.468 D/IMReply:Notif(22367): onNotificationPosted before sbn = 4
09-01 14:25:41.470 V/j       ( 5237): ret=0
09-01 14:25:41.472 D/ExpandableNotificationRow(29730): updateBackground
09-01 14:25:41.472 D/ExpandableNotificationRow(29730): updateBackground
09-01 14:25:41.474 D/StatusBar(29730): No peeking: unimportant notification: 0|com.xiaomi.hm.health|4|null|10241
09-01 14:25:41.477 D/StatusBar(29730): onNotificationPosted key=0|com.xiaomi.hm.health|4|null|10241 isUpdate=false
09-01 14:25:41.479 I/appium  ( 5230): channel read invoked!
09-01 14:25:41.479 I/appium  ( 5230): channel read: GET /wd/hub/session/ca6c5edf-f990-460d-ac76-5b706aba62e3/appium/device/system_bars
09-01 14:25:41.479 I/appium  ( 5230): Get status bar height of the device
09-01 14:25:41.480 I/appium  ( 5230): AppiumResponse: {"sessionId":"ca6c5edf-f990-460d-ac76-5b706aba62e3","value":{"statusBar":96}}
09-01 14:25:41.481 I/SplashScreenServiceDelegate( 1639): None for com.xiaomi.hm.health
09-01 14:25:41.485 D/StatusBar(29730): No peeking: unimportant notification: 0|com.xiaomi.hm.health|4|null|10241
09-01 14:25:41.487 D/ExpandableNotificationRow(29730): updateBackground
09-01 14:25:41.487 D/ExpandableNotificationRow(29730): updateBackground
09-01 14:25:41.488 D/AppOpsAdapter( 5211): using permission notify! 32
09-01 14:25:41.489 I/appium  ( 5230): channel read invoked!
09-01 14:25:41.489 I/appium  ( 5230): channel read: GET /wd/hub/session/ca6c5edf-f990-460d-ac76-5b706aba62e3/window/current/size
09-01 14:25:41.490 I/appium  ( 5230): Get window size of the device
09-01 14:25:41.493 I/appium  ( 5230): AppiumResponse: {"sessionId":"ca6c5edf-f990-460d-ac76-5b706aba62e3","value":{"height":2210,"width":1080}}
09-01 14:25:41.497 I/WifiService( 1639): startScan uid=10241
09-01 14:25:41.505 D/AppOpsAdapter( 5211): using permission notify! 32
09-01 14:25:41.510 D/ExpandableNotificationRow(29730): updateBackground
09-01 14:25:41.510 D/StatusBar(29730): No peeking: unimportant notification: 0|com.xiaomi.hm.health|4|null|10241
09-01 14:25:41.516 D/StackScroller(29730): applyCurrentState
09-01 14:25:41.520 D/StackScroller(29730): applyCurrentState
09-01 14:25:41.522 D/AppOpsAdapter( 5211): using permission notify! 32
09-01 14:25:41.525 D/AppOpsAdapter( 5211): using permission notify! 32
09-01 14:25:41.531 I/appium  ( 5230): channel read invoked!
09-01 14:25:41.531 I/appium  ( 5230): channel read: POST /wd/hub/session/ca6c5edf-f990-460d-ac76-5b706aba62e3/element
09-01 14:25:41.532 I/appium  ( 5230): Find element command using '-android uiautomator' with selector 'new UiSelector().text("")'.
09-01 14:25:41.534 I/appium  ( 5230): Waiting up to 10000ms for device to be idle
09-01 14:25:41.541 D/Event   ( 5311): No subscribers registered for event class com.xiaomi.hm.health.locweather.O00000Oo.O000000o
09-01 14:25:41.541 D/Event   ( 5311): No subscribers registered for event class O00000Oo.O000000o.O000000o.O0000Oo0
09-01 14:25:41.548 D/AppOpsAdapter( 5211): using permission notify! 32
09-01 14:25:41.555 I/AudioTrack( 2503): isLongTimeZoreData zoer date time 7 Seconds
09-01 14:25:41.571 D/AppOpsAdapter( 5211): using permission notify! 32
09-01 14:25:41.575 D/AppOpsAdapter( 5211): using permission notify! 32
09-01 14:25:41.576 D/AppOpsAdapter( 5211): using permission notify! 32
09-01 14:25:41.612 I/chatty  (19843): uid=1002 bluetooth@1.0-s expire 3 lines
09-01 14:25:41.670 I/system_server( 1639): NativeAlloc concurrent copying GC freed 243335(10MB) AllocSpace objects, 93(2788KB) LOS objects, 36% free, 41MB/65MB, paused 82us total 122.036ms
09-01 14:25:41.676 I/chatty  ( 8588): uid=1002(bluetooth) BT Service Call expire 135 lines
09-01 14:25:41.682 W/System  ( 1639): A resource failed to call close. 
09-01 14:25:41.682 I/chatty  ( 1639): uid=1000(system) FinalizerDaemon identical 1 line
09-01 14:25:41.682 W/System  ( 1639): A resource failed to call close. 
09-01 14:25:41.688 I/chatty  ( 8588): uid=1002(bluetooth) btu message loo expire 119 lines
09-01 14:25:41.733 I/Timeline( 1639): Timeline: Activity_windows_visible id: ActivityRecord{7f64560 u0 com.xiaomi.hm.health/.activity.StartUpActivity t478} time:211107750
09-01 14:25:41.734 I/Timeline( 1639): Timeline: App_transition_stopped time:211107751
09-01 14:25:41.737 D/EventBus(29730): [29730, u0] send(AppTransitionFinishedEvent)
09-01 14:25:41.737 D/EventBus(29730): [29730, u0]  -> ForcedResizableInfoActivityController [0xc4c1163, P1] onBusEvent(AppTransitionFinishedEvent)
09-01 14:25:41.737 D/EventBus(29730): [29730, u0] onBusEvent(AppTransitionFinishedEvent) duration: 34 microseconds, avg: 39
09-01 14:25:41.738 I//system/vendor/bin/mi_thermald( 1070): thermal_cpu_set_level: set cpu freq of cpu7 to 2419200
09-01 14:25:41.905 W/BluetoothEventManager(29730): AclStateChangedHandler: activeDevice is null
09-01 14:25:41.905 D/CompatibilityInfo( 1639): mCompatibilityFlags - 0
09-01 14:25:41.905 D/CompatibilityInfo( 1639): applicationDensity - 440
09-01 14:25:41.905 D/CompatibilityInfo( 1639): applicationScale - 1.0
09-01 14:25:41.907 D/Bluetooth_AIVS_SDK(22367): AIVS:BluetoothBase:onConnection Find device :C3:D4:F4:E3:11:EC not exist.
09-01 14:25:41.909 I/TrustAgent(20208): TAG: TrustAgent.Tracker. [BluetoothConnectionTracker] Bluetooth connect broadast for Mi Smart Band 5 C3:D4:F4:E3:11:EC [CONTEXT service_id=84 ]
09-01 14:25:41.909 D/BluetoothGatt( 5311): onClientConnectionState() - status=0 clientIf=8 device=C3:D4:F4:E3:11:EC
09-01 14:25:41.910 I/chatty  ( 3272): uid=1002(bluetooth) com.xiaomi.bluetooth expire 1 line
09-01 14:25:41.917 D/BluetoothGatt( 5311): discoverServices() - device: C3:D4:F4:E3:11:EC
09-01 14:25:41.921 D/Bluetooth_AIVS_SDK(22367): AIVS:BluetoothBase:onReceive: ACTION_ACL_CONNECTED,  device : BluetoothDeviceInfo{ mCurrentOpType: 2 Device Ble='Mi Smart Band 5; C3:D4:F4:E3:11:EC vid:0xffff pid:0x ffff MandatoryUpgrade:false channelStatus:0bleStatus:0 sppStatus:0 authStage:0 PowerMode:0 mBackUpMode:-1 FailedReason:0x0}
09-01 14:25:41.924 I/chatty  ( 8588): uid=1002(bluetooth) BT Service Call expire 150 lines
09-01 14:25:41.925 I/chatty  ( 8588): uid=1002(bluetooth) btu message loo expire 105 lines
09-01 14:25:41.927 I/chatty  ( 8588): uid=1002(bluetooth) Binder:8588_4 expire 1 line
09-01 14:25:41.933 W/ActivityManager( 1639): Unable to start service Intent { act=android.bluetooth.device.action.ACL_CONNECTED cmp=com.google.android.gms/.nearby.discovery.service.DiscoveryService (has extras) } U=0: not found
09-01 14:25:41.933 I/BluetoothProxy(22367): onBleStatus: device = bluetoothDeviceExt{ mCurrentOpType: 2, Device Ble='Mi Smart Band 5; C3:D4:F4:E3:11:EC, vid:0xffff, pid:0x ffff, Status : MandatoryUpgrade:false, PowerMode:0, mChannelType:-1, DualBackupFlag:-1, mRssi:-9999, mConnectType:0, mIsBoundByOtherDevice:false, mIsDirectlyConnectSpp:false, mIsEdrConnectedByOtherDevice:false, color type:0, count:0, mFailedReason:0x0}, status = 4
09-01 14:25:41.934 I/BaseBluetoothBusEvent(22367): onBleStatus: bluetoothDevice = bluetoothDeviceExt{ mCurrentOpType: 2, Device Ble='Mi Smart Band 5; C3:D4:F4:E3:11:EC, vid:0xffff, pid:0x ffff, Status : MandatoryUpgrade:false, PowerMode:0, mChannelType:-1, DualBackupFlag:-1, mRssi:-9999, mConnectType:0, mIsBoundByOtherDevice:false, mIsDirectlyConnectSpp:false, mIsEdrConnectedByOtherDevice:false, color type:0, count:0, mFailedReason:0x0} , status = 4
09-01 14:25:41.946 D/AppOpsAdapter( 5211): using permission notify! 32
09-01 14:25:41.948 I/BehaviorRecord-Monitor( 5237): com.xiaomi.hm.health , perm: 32 , operation 2 , current size: 1
09-01 14:25:41.950 D/IdProviderImpl( 5311): getOAID
09-01 14:25:42.032 W/Parcel  ( 5237): **** enforceInterface() expected 'com.miui.gamebooster.service.ISecurityCenterNotificationListener' but read 'android.service.notification.INotificationListener'
09-01 14:25:42.033 W/Binder  ( 5237): Caught a RuntimeException from the binder stub implementation.
09-01 14:25:42.033 W/Binder  ( 5237): java.lang.SecurityException: Binder invocation to an incorrect interface
09-01 14:25:42.033 W/Binder  ( 5237): 	at android.os.Parcel.nativeEnforceInterface(Native Method)
09-01 14:25:42.033 W/Binder  ( 5237): 	at android.os.Parcel.enforceInterface(Parcel.java:626)
09-01 14:25:42.033 W/Binder  ( 5237): 	at com.miui.gamebooster.service.ISecurityCenterNotificationListener$Stub.onTransact(Unknown Source:22)
09-01 14:25:42.033 W/Binder  ( 5237): 	at android.os.Binder.execTransactInternal(Binder.java:1021)
09-01 14:25:42.033 W/Binder  ( 5237): 	at android.os.Binder.execTransact(Binder.java:994)
09-01 14:25:42.036 V/onNotificationPostedCallBack( 5237): flags=98
09-01 14:25:42.036 V/j       ( 5237): ret=0
09-01 14:25:42.040 D/StatusBar(29730): onNotificationPosted key=0|com.xiaomi.hm.health|4|null|10241 isUpdate=true
09-01 14:25:42.042 D/StatusBar(29730): updateNotification old=StatusBarNotification(pkg=com.xiaomi.hm.health user=UserHandle{0} id=4 tag=null key=0|com.xiaomi.hm.health|4|null|10241: Notification(channel=O000Oo0 pri=0 contentView=null vibrate=null sound=null defaults=0x0 flags=0x62 color=0xffff5a00 vis=PRIVATE))
09-01 14:25:42.042 D/StatusBar(29730):     pkgName=com.xiaomi.hm.health appUid=10241 sdk=29 imp=2 sysApp=F priApp=F hasShown=F float=F keyguard=F peek=F fullscreen=F
09-01 14:25:42.042 D/StatusBar(29730):     showMiuiAction=F enableFloat=T enableKeyguard=T floatTime=5000 messageCount=1 persistent=F customHeight=F
09-01 14:25:42.042 D/IMReply:Notif(22367): onNotificationPosted before sbn = 4
09-01 14:25:42.044 W/Parcel  ( 5237): **** enforceInterface() expected 'com.miui.gamebooster.service.ISecurityCenterNotificationListener' but read 'android.service.notification.INotificationListener'
09-01 14:25:42.045 W/Binder  ( 5237): Caught a RuntimeException from the binder stub implementation.
09-01 14:25:42.045 W/Binder  ( 5237): java.lang.SecurityException: Binder invocation to an incorrect interface
09-01 14:25:42.045 W/Binder  ( 5237): 	at android.os.Parcel.nativeEnforceInterface(Native Method)
09-01 14:25:42.045 W/Binder  ( 5237): 	at android.os.Parcel.enforceInterface(Parcel.java:626)
09-01 14:25:42.045 W/Binder  ( 5237): 	at com.miui.gamebooster.service.ISecurityCenterNotificationListener$Stub.onTransact(Unknown Source:22)
09-01 14:25:42.045 W/Binder  ( 5237): 	at android.os.Binder.execTransactInternal(Binder.java:1021)
09-01 14:25:42.045 W/Binder  ( 5237): 	at android.os.Binder.execTransact(Binder.java:994)
09-01 14:25:42.050 V/onNotificationPostedCallBack( 5237): flags=98
09-01 14:25:42.050 D/IMReply:Notif(22367): onNotificationPosted before sbn = 4
09-01 14:25:42.050 V/j       ( 5237): ret=0
09-01 14:25:42.050 D/StackScroller(29730): applyCurrentState
09-01 14:25:42.055 E/ResolverController(  679): No valid NAT64 prefix (116, <unspecified>/0)
09-01 14:25:42.064 D/StatusBar(29730): onNotificationPosted key=0|com.xiaomi.hm.health|4|null|10241 isUpdate=true
09-01 14:25:42.066 D/StatusBar(29730): updateNotification old=StatusBarNotification(pkg=com.xiaomi.hm.health user=UserHandle{0} id=4 tag=null key=0|com.xiaomi.hm.health|4|null|10241: Notification(channel=O000Oo0 pri=0 contentView=null vibrate=null sound=null defaults=0x0 flags=0x62 color=0xffff5a00 vis=PRIVATE))
09-01 14:25:42.066 D/StatusBar(29730):     pkgName=com.xiaomi.hm.health appUid=10241 sdk=29 imp=2 sysApp=F priApp=F hasShown=F float=F keyguard=F peek=F fullscreen=F
09-01 14:25:42.066 D/StatusBar(29730):     showMiuiAction=F enableFloat=T enableKeyguard=T floatTime=5000 messageCount=1 persistent=F customHeight=F
09-01 14:25:42.081 D/StackScroller(29730): applyCurrentState
09-01 14:25:42.087 D/ExpandableNotificationRow(29730): updateBackground
09-01 14:25:42.087 D/StatusBar(29730): No peeking: unimportant notification: 0|com.xiaomi.hm.health|4|null|10241
09-01 14:25:42.087 D/StatusBar(29730): updateHeadsUp wasHeadsUp=false shouldPeek=false alertAgain=true
09-01 14:25:42.099 D/StackScroller(29730): applyCurrentState
09-01 14:25:42.141 I/chatty  ( 8588): uid=1002(bluetooth) BT Service Call expire 138 lines
09-01 14:25:42.143 I/appium  ( 5230): AppiumResponse: {"sessionId":"ca6c5edf-f990-460d-ac76-5b706aba62e3","value":{"error":"no such element","message":"An element could not be located on the page using the given search parameters","stacktrace":"io.appium.uiautomator2.common.exceptions.ElementNotFoundException: An element could not be located on the ...
09-01 14:25:42.152 I/chatty  ( 8588): uid=1002(bluetooth) btu message loo expire 242 lines
09-01 14:25:42.199 D/OemNetd (  679): setLimit: disable, rate=0
09-01 14:25:42.205 D/Event   ( 5311): No subscribers registered for event class com.xiaomi.hm.health.locweather.O00000Oo.O000000o
09-01 14:25:42.205 D/Event   ( 5311): No subscribers registered for event class O00000Oo.O000000o.O000000o.O0000Oo0
09-01 14:25:42.206 D/AppOpsAdapter( 5211): using permission notify! 32
09-01 14:25:42.208 I/BehaviorRecord-Monitor( 5237): com.xiaomi.hm.health , perm: 32 , operation 3 , current size: 0
09-01 14:25:42.215 D/AppOpsAdapter( 5211): using permission notify! 32
09-01 14:25:42.218 I/BehaviorRecord-Monitor( 5237): com.xiaomi.hm.health , perm: 32 , operation 2 , current size: 1
09-01 14:25:42.221 I/BehaviorRecord-Monitor( 5237): com.xiaomi.hm.health , perm: 32 , operation 3 , current size: 0
09-01 14:25:42.221 D/AppOpsAdapter( 5211): using permission notify! 32
09-01 14:25:42.378 I/chatty  ( 8588): uid=1002(bluetooth) BT Service Call expire 253 lines
09-01 14:25:42.440 D/BluetoothGatt( 5311): onConnectionUpdated() - Device=C3:D4:F4:E3:11:EC interval=6 latency=0 timeout=500 status=0
09-01 14:25:42.514 I/chatty  ( 8588): uid=1002(bluetooth) btu message loo expire 275 lines
09-01 14:25:42.571 I/AudioTrack( 2503): isLongTimeZoreData zoer date time 8 Seconds
09-01 14:25:42.651 I/chatty  ( 8588): uid=1002(bluetooth) BT Service Call expire 216 lines
09-01 14:25:42.659 I/appium  ( 5230): channel read invoked!
09-01 14:25:42.659 I/appium  ( 5230): channel read: POST /wd/hub/session/ca6c5edf-f990-460d-ac76-5b706aba62e3/element
09-01 14:25:42.661 I/appium  ( 5230): Find element command using '-android uiautomator' with selector 'new UiSelector().text("")'.
09-01 14:25:42.661 I/appium  ( 5230): Waiting up to 10000ms for device to be idle
09-01 14:25:42.666 D/StackScroller(29730): applyCurrentState
09-01 14:25:42.674 I/appium  ( 5230): AppiumResponse: {"sessionId":"ca6c5edf-f990-460d-ac76-5b706aba62e3","value":{"error":"no such element","message":"An element could not be located on the page using the given search parameters","stacktrace":"io.appium.uiautomator2.common.exceptions.ElementNotFoundException: An element could not be located on the ...
09-01 14:25:42.769 I/chatty  ( 8588): uid=1002(bluetooth) btu message loo expire 296 lines
09-01 14:25:42.989 I/chatty  ( 8588): uid=1002(bluetooth) BT Service Call expire 226 lines
09-01 14:25:43.164 I/chatty  ( 8588): uid=1002(bluetooth) btu message loo expire 285 lines
09-01 14:25:43.185 I/appium  ( 5230): channel read invoked!
09-01 14:25:43.185 I/appium  ( 5230): channel read: POST /wd/hub/session/ca6c5edf-f990-460d-ac76-5b706aba62e3/element
09-01 14:25:43.186 I/appium  ( 5230): Find element command using '-android uiautomator' with selector 'new UiSelector().text("")'.
09-01 14:25:43.186 I/appium  ( 5230): Waiting up to 10000ms for device to be idle
09-01 14:25:43.262 I/appium  ( 5230): AppiumResponse: {"sessionId":"ca6c5edf-f990-460d-ac76-5b706aba62e3","value":{"error":"no such element","message":"An element could not be located on the page using the given search parameters","stacktrace":"io.appium.uiautomator2.common.exceptions.ElementNotFoundException: An element could not be located on the ...
09-01 14:25:43.299 I/chatty  ( 8588): uid=1002(bluetooth) BT Service Call expire 222 lines
09-01 14:25:43.459 I/chatty  ( 8588): uid=1002(bluetooth) btu message loo expire 295 lines
09-01 14:25:43.587 I/AudioTrack( 2503): isLongTimeZoreData zoer date time 9 Seconds
09-01 14:25:43.614 I/chatty  ( 8588): uid=1002(bluetooth) BT Service Call expire 278 lines
09-01 14:25:43.642 D/NetworkController.MobileSignalController(1)(29730): 4G level = 5
09-01 14:25:43.694 D/WificondControl( 1639): Scan result ready event
09-01 14:25:43.698 D/WifiGbk ( 1639): removing bss - Bss("":ae:79:67:03:38:16, isGbk=false, security=NONE, level=-66, frequency=2412)
09-01 14:25:43.698 I/LOWI-8.6.0.59( 1269): [LOWI-Scan] lowi_close_record:Scan done in 595272800ms, 32 APs in scan results
09-01 14:25:43.703 I/AppScanObserverService( 1639): Start to match app observer
09-01 14:25:43.759 I/chatty  ( 8588): uid=1002(bluetooth) btu message loo expire 217 lines
09-01 14:25:43.778 I/appium  ( 5230): channel read invoked!
09-01 14:25:43.779 I/appium  ( 5230): channel read: POST /wd/hub/session/ca6c5edf-f990-460d-ac76-5b706aba62e3/element
09-01 14:25:43.782 I/appium  ( 5230): Find element command using '-android uiautomator' with selector 'new UiSelector().text("")'.
09-01 14:25:43.783 I/appium  ( 5230): Waiting up to 10000ms for device to be idle
09-01 14:25:43.795 I/appium  ( 5230): AppiumResponse: {"sessionId":"ca6c5edf-f990-460d-ac76-5b706aba62e3","value":{"error":"no such element","message":"An element could not be located on the page using the given search parameters","stacktrace":"io.appium.uiautomator2.common.exceptions.ElementNotFoundException: An element could not be located on the ...
09-01 14:25:43.811 D/BluetoothGatt( 5311): onSearchComplete() = Device=C3:D4:F4:E3:11:EC Status=0
09-01 14:25:43.847 D/AppOpsAdapter( 5211): using permission notify! 32
09-01 14:25:43.850 I/BehaviorRecord-Monitor( 5237): com.xiaomi.hm.health , perm: 32 , operation 2 , current size: 1
09-01 14:25:43.860 I/chatty  ( 8588): uid=1002(bluetooth) BT Service Call expire 123 lines
09-01 14:25:43.861 D/Event   ( 5311): No subscribers registered for event class com.xiaomi.hm.health.locweather.O00000Oo.O000000o
09-01 14:25:43.861 D/Event   ( 5311): No subscribers registered for event class O00000Oo.O000000o.O000000o.O0000Oo0
09-01 14:25:43.862 D/AppOpsAdapter( 5211): using permission notify! 32
09-01 14:25:43.866 I/BehaviorRecord-Monitor( 5237): com.xiaomi.hm.health , perm: 32 , operation 3 , current size: 0
09-01 14:25:43.866 D/BluetoothGatt( 5311): setCharacteristicNotification() - uuid: 00000020-0000-3512-2118-0009af100700 enable: true
09-01 14:25:43.867 I/chatty  ( 8588): uid=1002(bluetooth) Binder:8588_1 expire 3 lines
09-01 14:25:43.870 D/AppOpsAdapter( 5211): using permission notify! 32
09-01 14:25:43.871 D/AppOpsAdapter( 5211): using permission notify! 32
09-01 14:25:43.872 I/BehaviorRecord-Monitor( 5237): com.xiaomi.hm.health , perm: 32 , operation 2 , current size: 1
09-01 14:25:43.874 I/BehaviorRecord-Monitor( 5237): com.xiaomi.hm.health , perm: 32 , operation 3 , current size: 0
09-01 14:25:43.893 D/BluetoothGatt( 5311): setCharacteristicNotification() - uuid: 00000014-0000-3512-2118-0009af100700 enable: true
09-01 14:25:43.905 D/AppOpsAdapter( 5211): using permission notify! 32
09-01 14:25:43.907 D/Event   ( 5311): No subscribers registered for event class com.xiaomi.hm.health.locweather.O00000Oo.O000000o
09-01 14:25:43.907 D/Event   ( 5311): No subscribers registered for event class O00000Oo.O000000o.O000000o.O0000Oo0
09-01 14:25:43.907 I/BehaviorRecord-Monitor( 5237): com.xiaomi.hm.health , perm: 32 , operation 2 , current size: 1
09-01 14:25:43.909 D/AppOpsAdapter( 5211): using permission notify! 32
09-01 14:25:43.913 I/BehaviorRecord-Monitor( 5237): com.xiaomi.hm.health , perm: 32 , operation 3 , current size: 0
09-01 14:25:43.914 D/AppOpsAdapter( 5211): using permission notify! 32
09-01 14:25:43.915 D/AppOpsAdapter( 5211): using permission notify! 32
09-01 14:25:43.917 I/BehaviorRecord-Monitor( 5237): com.xiaomi.hm.health , perm: 32 , operation 2 , current size: 1
09-01 14:25:43.918 I/BehaviorRecord-Monitor( 5237): com.xiaomi.hm.health , perm: 32 , operation 3 , current size: 0
09-01 14:25:43.925 D/BluetoothGatt( 5311): onConnectionUpdated() - Device=C3:D4:F4:E3:11:EC interval=36 latency=0 timeout=500 status=0
09-01 14:25:43.934 W/Parcel  ( 5237): **** enforceInterface() expected 'com.miui.gamebooster.service.ISecurityCenterNotificationListener' but read 'android.service.notification.INotificationListener'
09-01 14:25:43.934 W/Binder  ( 5237): Caught a RuntimeException from the binder stub implementation.
09-01 14:25:43.934 W/Binder  ( 5237): java.lang.SecurityException: Binder invocation to an incorrect interface
09-01 14:25:43.934 W/Binder  ( 5237): 	at android.os.Parcel.nativeEnforceInterface(Native Method)
09-01 14:25:43.934 W/Binder  ( 5237): 	at android.os.Parcel.enforceInterface(Parcel.java:626)
09-01 14:25:43.934 W/Binder  ( 5237): 	at com.miui.gamebooster.service.ISecurityCenterNotificationListener$Stub.onTransact(Unknown Source:22)
09-01 14:25:43.934 W/Binder  ( 5237): 	at android.os.Binder.execTransactInternal(Binder.java:1021)
09-01 14:25:43.934 W/Binder  ( 5237): 	at android.os.Binder.execTransact(Binder.java:994)
09-01 14:25:43.940 D/IMReply:Notif(22367): onNotificationPosted before sbn = 4
09-01 14:25:43.940 V/onNotificationPostedCallBack( 5237): flags=98
09-01 14:25:43.942 V/j       ( 5237): ret=0
09-01 14:25:43.943 D/StatusBar(29730): onNotificationPosted key=0|com.xiaomi.hm.health|4|null|10241 isUpdate=true
09-01 14:25:43.944 D/StatusBar(29730): updateNotification old=StatusBarNotification(pkg=com.xiaomi.hm.health user=UserHandle{0} id=4 tag=null key=0|com.xiaomi.hm.health|4|null|10241: Notification(channel=O000Oo0 pri=0 contentView=null vibrate=null sound=null defaults=0x0 flags=0x62 color=0xffff5a00 vis=PRIVATE))
09-01 14:25:43.944 D/StatusBar(29730):     pkgName=com.xiaomi.hm.health appUid=10241 sdk=29 imp=2 sysApp=F priApp=F hasShown=F float=F keyguard=F peek=F fullscreen=F
09-01 14:25:43.944 D/StatusBar(29730):     showMiuiAction=F enableFloat=T enableKeyguard=T floatTime=5000 messageCount=1 persistent=F customHeight=F
09-01 14:25:43.946 I/hwservicemanager(  573): getTransport: Cannot find entry vendor.qti.hardware.servicetracker@1.0::IServicetracker/default in either framework or device manifest.
09-01 14:25:43.947 D/CompatibilityInfo( 1639): mCompatibilityFlags - 0
09-01 14:25:43.947 D/CompatibilityInfo( 1639): applicationDensity - 440
09-01 14:25:43.947 D/CompatibilityInfo( 1639): applicationScale - 1.0
09-01 14:25:43.949 I/hwservicemanager(  573): getTransport: Cannot find entry vendor.qti.hardware.servicetracker@1.0::IServicetracker/default in either framework or device manifest.
09-01 14:25:43.951 I/MiuiNetworkPolicy( 1639): updateUidState uid = 10173, uidState = 4
09-01 14:25:43.951 I/MiuiNetworkPolicy( 1639): updateMLUid uid:10173,old:6,new:4
09-01 14:25:43.951 I/MiuiNetworkPolicy( 1639): isMLEnabled state:6,uid:10173,connect:DISCONNECTED
09-01 14:25:43.951 I/MiuiNetworkPolicy( 1639): isMLEnabled state:4,uid:10173,connect:DISCONNECTED
09-01 14:25:43.952 I/hwservicemanager(  573): getTransport: Cannot find entry vendor.qti.hardware.servicetracker@1.0::IServicetracker/default in either framework or device manifest.
09-01 14:25:43.953 I/hwservicemanager(  573): getTransport: Cannot find entry vendor.qti.hardware.servicetracker@1.0::IServicetracker/default in either framework or device manifest.
09-01 14:25:43.955 W/Parcel  ( 5237): **** enforceInterface() expected 'com.miui.gamebooster.service.ISecurityCenterNotificationListener' but read 'android.service.notification.INotificationListener'
09-01 14:25:43.956 W/Binder  ( 5237): Caught a RuntimeException from the binder stub implementation.
09-01 14:25:43.956 W/Binder  ( 5237): java.lang.SecurityException: Binder invocation to an incorrect interface
09-01 14:25:43.956 W/Binder  ( 5237): 	at android.os.Parcel.nativeEnforceInterface(Native Method)
09-01 14:25:43.956 W/Binder  ( 5237): 	at android.os.Parcel.enforceInterface(Parcel.java:626)
09-01 14:25:43.956 W/Binder  ( 5237): 	at com.miui.gamebooster.service.ISecurityCenterNotificationListener$Stub.onTransact(Unknown Source:22)
09-01 14:25:43.956 W/Binder  ( 5237): 	at android.os.Binder.execTransactInternal(Binder.java:1021)
09-01 14:25:43.956 W/Binder  ( 5237): 	at android.os.Binder.execTransact(Binder.java:994)
09-01 14:25:43.957 D/StackScroller(29730): applyCurrentState
09-01 14:25:43.958 I/MiuiNetworkPolicy( 1639): updateUidState uid = 10173, uidState = 6
09-01 14:25:43.958 I/MiuiNetworkPolicy( 1639): updateMLUid uid:10173,old:4,new:6
09-01 14:25:43.958 I/MiuiNetworkPolicy( 1639): isMLEnabled state:4,uid:10173,connect:DISCONNECTED
09-01 14:25:43.958 I/MiuiNetworkPolicy( 1639): isMLEnabled state:6,uid:10173,connect:DISCONNECTED
09-01 14:25:43.960 V/onNotificationPostedCallBack( 5237): flags=98
09-01 14:25:43.960 D/IMReply:Notif(22367): onNotificationPosted before sbn = 4
09-01 14:25:43.961 V/j       ( 5237): ret=0
09-01 14:25:43.961 W/WakePathChecker( 1639): MIUILOG-AutoStart, Service/Provider/Broadcast Reject userId= 0 caller= com.xiaomi.hm.health callee= com.facebook.katana classname=com.facebook.katana.provider.AttributionIdProvider action=null wakeType=4
09-01 14:25:43.961 E/ActivityThread( 5311): Failed to find provider info for com.facebook.katana.provider.AttributionIdProvider
09-01 14:25:43.968 D/ExpandableNotificationRow(29730): updateBackground
09-01 14:25:43.968 D/StatusBar(29730): No peeking: unimportant notification: 0|com.xiaomi.hm.health|4|null|10241
09-01 14:25:43.968 D/StatusBar(29730): updateHeadsUp wasHeadsUp=false shouldPeek=false alertAgain=true
09-01 14:25:43.973 D/StackScroller(29730): applyCurrentState
09-01 14:25:43.988 D/StatusBar(29730): onNotificationPosted key=0|com.xiaomi.hm.health|4|null|10241 isUpdate=true
09-01 14:25:43.989 D/StatusBar(29730): updateNotification old=StatusBarNotification(pkg=com.xiaomi.hm.health user=UserHandle{0} id=4 tag=null key=0|com.xiaomi.hm.health|4|null|10241: Notification(channel=O000Oo0 pri=0 contentView=null vibrate=null sound=null defaults=0x0 flags=0x62 color=0xffff5a00 vis=PRIVATE))
09-01 14:25:43.989 D/StatusBar(29730):     pkgName=com.xiaomi.hm.health appUid=10241 sdk=29 imp=2 sysApp=F priApp=F hasShown=F float=F keyguard=F peek=F fullscreen=F
09-01 14:25:43.989 D/StatusBar(29730):     showMiuiAction=F enableFloat=T enableKeyguard=T floatTime=5000 messageCount=1 persistent=F customHeight=F
09-01 14:25:43.999 W/Parcel  ( 5237): **** enforceInterface() expected 'com.miui.gamebooster.service.ISecurityCenterNotificationListener' but read 'android.service.notification.INotificationListener'
09-01 14:25:43.999 W/Binder  ( 5237): Caught a RuntimeException from the binder stub implementation.
09-01 14:25:43.999 W/Binder  ( 5237): java.lang.SecurityException: Binder invocation to an incorrect interface
09-01 14:25:43.999 W/Binder  ( 5237): 	at android.os.Parcel.nativeEnforceInterface(Native Method)
09-01 14:25:43.999 W/Binder  ( 5237): 	at android.os.Parcel.enforceInterface(Parcel.java:626)
09-01 14:25:43.999 W/Binder  ( 5237): 	at com.miui.gamebooster.service.ISecurityCenterNotificationListener$Stub.onTransact(Unknown Source:22)
09-01 14:25:43.999 W/Binder  ( 5237): 	at android.os.Binder.execTransactInternal(Binder.java:1021)
09-01 14:25:43.999 W/Binder  ( 5237): 	at android.os.Binder.execTransact(Binder.java:994)
09-01 14:25:44.003 W/Parcel  ( 5237): **** enforceInterface() expected 'com.miui.gamebooster.service.ISecurityCenterNotificationListener' but read 'android.service.notification.INotificationListener'
09-01 14:25:44.003 V/onNotificationPostedCallBack( 5237): flags=98
09-01 14:25:44.004 W/Binder  ( 5237): Caught a RuntimeException from the binder stub implementation.
09-01 14:25:44.004 W/Binder  ( 5237): java.lang.SecurityException: Binder invocation to an incorrect interface
09-01 14:25:44.004 W/Binder  ( 5237): 	at android.os.Parcel.nativeEnforceInterface(Native Method)
09-01 14:25:44.004 W/Binder  ( 5237): 	at android.os.Parcel.enforceInterface(Parcel.java:626)
09-01 14:25:44.004 W/Binder  ( 5237): 	at com.miui.gamebooster.service.ISecurityCenterNotificationListener$Stub.onTransact(Unknown Source:22)
09-01 14:25:44.004 W/Binder  ( 5237): 	at android.os.Binder.execTransactInternal(Binder.java:1021)
09-01 14:25:44.004 W/Binder  ( 5237): 	at android.os.Binder.execTransact(Binder.java:994)
09-01 14:25:44.004 V/j       ( 5237): ret=0
09-01 14:25:44.007 D/IMReply:Notif(22367): onNotificationPosted before sbn = 4
09-01 14:25:44.007 I/chatty  ( 8588): uid=1002(bluetooth) BT Service Call expire 133 lines
09-01 14:25:44.008 I/chatty  ( 8588): uid=1002(bluetooth) btu message loo expire 252 lines
09-01 14:25:44.008 D/StackScroller(29730): applyCurrentState
09-01 14:25:44.014 V/onNotificationPostedCallBack( 5237): flags=98
09-01 14:25:44.014 V/j       ( 5237): ret=0
09-01 14:25:44.015 D/IMReply:Notif(22367): onNotificationPosted before sbn = 4
09-01 14:25:44.024 D/ExpandableNotificationRow(29730): updateBackground
09-01 14:25:44.025 D/StatusBar(29730): No peeking: unimportant notification: 0|com.xiaomi.hm.health|4|null|10241
09-01 14:25:44.025 D/StatusBar(29730): updateHeadsUp wasHeadsUp=false shouldPeek=false alertAgain=true
09-01 14:25:44.026 D/StackScroller(29730): applyCurrentState
09-01 14:25:44.028 D/StatusBar(29730): onNotificationPosted key=0|com.xiaomi.hm.health|4|null|10241 isUpdate=true
09-01 14:25:44.029 D/StatusBar(29730): updateNotification old=StatusBarNotification(pkg=com.xiaomi.hm.health user=UserHandle{0} id=4 tag=null key=0|com.xiaomi.hm.health|4|null|10241: Notification(channel=O000Oo0 pri=0 contentView=null vibrate=null sound=null defaults=0x0 flags=0x62 color=0xffff5a00 vis=PRIVATE))
09-01 14:25:44.029 D/StatusBar(29730):     pkgName=com.xiaomi.hm.health appUid=10241 sdk=29 imp=2 sysApp=F priApp=F hasShown=F float=F keyguard=F peek=F fullscreen=F
09-01 14:25:44.029 D/StatusBar(29730):     showMiuiAction=F enableFloat=T enableKeyguard=T floatTime=5000 messageCount=1 persistent=F customHeight=F
09-01 14:25:44.038 D/StackScroller(29730): applyCurrentState
09-01 14:25:44.040 D/StatusBar(29730): onNotificationPosted key=0|com.xiaomi.hm.health|4|null|10241 isUpdate=true
09-01 14:25:44.040 D/StatusBar(29730): updateNotification old=StatusBarNotification(pkg=com.xiaomi.hm.health user=UserHandle{0} id=4 tag=null key=0|com.xiaomi.hm.health|4|null|10241: Notification(channel=O000Oo0 pri=0 contentView=null vibrate=null sound=null defaults=0x0 flags=0x62 color=0xffff5a00 vis=PRIVATE))
09-01 14:25:44.040 D/StatusBar(29730):     pkgName=com.xiaomi.hm.health appUid=10241 sdk=29 imp=2 sysApp=F priApp=F hasShown=F float=F keyguard=F peek=F fullscreen=F
09-01 14:25:44.040 D/StatusBar(29730):     showMiuiAction=F enableFloat=T enableKeyguard=T floatTime=5000 messageCount=1 persistent=F customHeight=F
09-01 14:25:44.054 D/StackScroller(29730): applyCurrentState
09-01 14:25:44.064 D/ExpandableNotificationRow(29730): updateBackground
09-01 14:25:44.064 D/StatusBar(29730): No peeking: unimportant notification: 0|com.xiaomi.hm.health|4|null|10241
09-01 14:25:44.064 D/StatusBar(29730): updateHeadsUp wasHeadsUp=false shouldPeek=false alertAgain=true
09-01 14:25:44.064 D/BluetoothGatt( 5311): setCharacteristicNotification() - uuid: 00000009-0000-3512-2118-0009af100700 enable: true
09-01 14:25:44.072 D/StackScroller(29730): applyCurrentState
09-01 14:25:44.131 I/chatty  ( 8588): uid=1002(bluetooth) BT Service Call expire 121 lines
09-01 14:25:44.189 I/chatty  (19843): uid=1002 bluetooth@1.0-s expire 3 lines
09-01 14:25:44.310 I/appium  ( 5230): channel read invoked!
09-01 14:25:44.311 I/appium  ( 5230): channel read: POST /wd/hub/session/ca6c5edf-f990-460d-ac76-5b706aba62e3/element
09-01 14:25:44.312 I/appium  ( 5230): Find element command using '-android uiautomator' with selector 'new UiSelector().text("")'.
09-01 14:25:44.312 I/appium  ( 5230): Waiting up to 10000ms for device to be idle
09-01 14:25:44.323 I/appium  ( 5230): AppiumResponse: {"sessionId":"ca6c5edf-f990-460d-ac76-5b706aba62e3","value":{"error":"no such element","message":"An element could not be located on the page using the given search parameters","stacktrace":"io.appium.uiautomator2.common.exceptions.ElementNotFoundException: An element could not be located on the ...
09-01 14:25:44.330 I/chatty  ( 8588): uid=1002(bluetooth) btu message loo expire 136 lines
09-01 14:25:44.350 I/chatty  ( 8588): uid=1002(bluetooth) BT Service Call expire 118 lines
09-01 14:25:44.408 I/MiuiNetworkPolicy( 1639): bandwidth: 2 KB/s, Max bandwidth: 3727 KB/s
09-01 14:25:44.423 D/Event   ( 5311): No subscribers registered for event class com.xiaomi.hm.health.device.O00000o.O00000Oo
09-01 14:25:44.423 D/Event   ( 5311): No subscribers registered for event class O00000Oo.O000000o.O000000o.O0000Oo0
09-01 14:25:44.424 D/BluetoothGatt( 5311): setCharacteristicNotification() - uuid: 00000009-0000-3512-2118-0009af100700 enable: false
09-01 14:25:44.424 I/chatty  ( 8588): uid=1002(bluetooth) Binder:8588_1 expire 1 line
09-01 14:25:44.442 I/chatty  ( 8588): uid=1002(bluetooth) BT Service Call expire 148 lines
09-01 14:25:44.455 I/chatty  ( 8588): uid=1002(bluetooth) btu message loo expire 218 lines
09-01 14:25:44.604 I/AudioTrack( 2503): isLongTimeZoreData zoer date time 10 Seconds
09-01 14:25:44.634 I/chatty  ( 8588): uid=1002(bluetooth) BT Service Call expire 286 lines
09-01 14:25:44.804 I/chatty  ( 8588): uid=1002(bluetooth) btu message loo expire 213 lines
09-01 14:25:44.835 I/appium  ( 5230): channel read invoked!
09-01 14:25:44.835 I/appium  ( 5230): channel read: POST /wd/hub/session/ca6c5edf-f990-460d-ac76-5b706aba62e3/element
09-01 14:25:44.837 I/appium  ( 5230): Find element command using '-android uiautomator' with selector 'new UiSelector().text("")'.
09-01 14:25:44.838 I/appium  ( 5230): Waiting up to 10000ms for device to be idle
09-01 14:25:44.854 I/appium  ( 5230): AppiumResponse: {"sessionId":"ca6c5edf-f990-460d-ac76-5b706aba62e3","value":{"error":"no such element","message":"An element could not be located on the page using the given search parameters","stacktrace":"io.appium.uiautomator2.common.exceptions.ElementNotFoundException: An element could not be located on the ...
09-01 14:25:44.979 I/chatty  ( 8588): uid=1002(bluetooth) BT Service Call expire 154 lines
09-01 14:25:45.054 D/BluetoothGatt( 5311): setCharacteristicNotification() - uuid: 00000014-0000-3512-2118-0009af100700 enable: true
09-01 14:25:45.055 I/chatty  ( 8588): uid=1002(bluetooth) Binder:8588_1 expire 2 lines
09-01 14:25:45.069 I/tomator2.serve( 5230): ProcessProfilingInfo new_methods=0 is saved saved_to_disk=0 resolve_classes_delay=8000
09-01 14:25:45.142 I/chatty  ( 8588): uid=1002(bluetooth) BT Service Call expire 142 lines
09-01 14:25:45.144 I/chatty  ( 8588): uid=1002(bluetooth) btu message loo expire 228 lines
09-01 14:25:45.242 D/BluetoothGatt( 5311): setCharacteristicNotification() - uuid: 00000003-0000-3512-2118-0009af100700 enable: true
09-01 14:25:45.296 I/chatty  ( 8588): uid=1002(bluetooth) BT Service Call expire 131 lines
09-01 14:25:45.310 I/Timeline( 5311): Timeline: Activity_launch_request time:211111327
09-01 14:25:45.312 I/SplashScreenServiceDelegate( 1639): None for com.xiaomi.hm.health
09-01 14:25:45.312 I/ActivityTaskManager( 1639): START u0 {cmp=com.xiaomi.hm.health/.activity.MainTabActivity} from uid 10241
09-01 14:25:45.319 D/CompatibilityInfo( 1639): mCompatibilityFlags - 0
09-01 14:25:45.319 D/CompatibilityInfo( 1639): applicationDensity - 440
09-01 14:25:45.319 D/CompatibilityInfo( 1639): applicationScale - 1.0
09-01 14:25:45.320 D/ActivityTrigger( 1639): ActivityTrigger activityPauseTrigger 
09-01 14:25:45.331 I/ActivityTaskManager( 1639): The Process com.xiaomi.hm.health Already Exists in BG. So sending its PID: 5311
09-01 14:25:45.332 D/CompatibilityInfo( 1639): mCompatibilityFlags - 0
09-01 14:25:45.332 D/CompatibilityInfo( 1639): applicationDensity - 440
09-01 14:25:45.332 D/CompatibilityInfo( 1639): applicationScale - 1.0
09-01 14:25:45.333 D/WindowManager( 1639): Input focus has changed to null
09-01 14:25:45.334 I/Timeline( 1639): Timeline: App_transition_ready time:211111351
09-01 14:25:45.335 W/ActivityThread( 5311): handleWindowVisibility: no activity for token android.os.BinderProxy@a2fe435
09-01 14:25:45.351 D/[Koin]  ( 5311): +- get 'com.huami.femalehealth.uilib.O00000o0.O0000Oo'
09-01 14:25:45.351 D/[Koin]  ( 5311): | create instance for [type:Factory,primary_type:'com.huami.femalehealth.uilib.O00000o0.O0000Oo']
09-01 14:25:45.351 D/[Koin]  ( 5311): !- create scope - id:FemaleHealth q:FemaleHealth
09-01 14:25:45.351 D/[Koin]  ( 5311): bind type:'com.huami.femalehealth.logiclib.O000000o.O00000Oo' ~ [type:Scoped,scope:'FemaleHealth', primary_type:'com.huami.femalehealth.logiclib.O000000o.O00000Oo']
09-01 14:25:45.351 D/[Koin]  ( 5311): bind type:'com.huami.femalehealth.logiclib.O00000oo.O000O0OO' ~ [type:Scoped,scope:'FemaleHealth', primary_type:'com.huami.femalehealth.logiclib.O00000oo.O000O0OO']
09-01 14:25:45.351 D/[Koin]  ( 5311): bind type:'com.huami.femalehealth.logiclib.O00000oO.O00oOooO' ~ [type:Scoped,scope:'FemaleHealth', primary_type:'com.huami.femalehealth.logiclib.O00000oO.O00oOooO']
09-01 14:25:45.352 D/[Koin]  ( 5311): bind type:'com.huami.femalehealth.logiclib.O00000o0.O0000OOo' ~ [type:Scoped,scope:'FemaleHealth', primary_type:'com.huami.femalehealth.logiclib.O00000o0.O0000OOo']
09-01 14:25:45.352 D/[Koin]  ( 5311): bind type:'com.huami.femalehealth.logiclib.O00000Oo.O00000Oo' ~ [type:Scoped,scope:'FemaleHealth', primary_type:'com.huami.femalehealth.logiclib.O00000Oo.O00000Oo']
09-01 14:25:45.352 D/[Koin]  ( 5311): bind qualifier:'FemaleHealthWebHost' ~ [type:Scoped,scope:'FemaleHealth', name:'FemaleHealthWebHost', primary_type:'java.lang.String']
09-01 14:25:45.352 D/[Koin]  ( 5311): bind type:'com.huami.femalehealth.logiclib.db.FemaleHealthDb' ~ [type:Scoped,scope:'FemaleHealth', primary_type:'com.huami.femalehealth.logiclib.db.FemaleHealthDb']
09-01 14:25:45.352 D/[Koin]  ( 5311): bind type:'com.huami.femalehealth.logiclib.O00000oO.O0000O0o' ~ [type:Scoped,scope:'FemaleHealth', primary_type:'com.huami.femalehealth.logiclib.O00000oO.O0000O0o']
09-01 14:25:45.352 D/[Koin]  ( 5311): +- get 'com.huami.femalehealth.logiclib.O00000oO.O00oOooO'
09-01 14:25:45.352 D/[Koin]  ( 5311): | create instance for [type:Scoped,scope:'FemaleHealth', primary_type:'com.huami.femalehealth.logiclib.O00000oO.O00oOooO']
09-01 14:25:45.352 D/[Koin]  ( 5311): +- get 'com.huami.femalehealth.logiclib.O00000o0.O0000OOo'
09-01 14:25:45.352 D/[Koin]  ( 5311): | create instance for [type:Scoped,scope:'FemaleHealth', primary_type:'com.huami.femalehealth.logiclib.O00000o0.O0000OOo']
09-01 14:25:45.352 D/[Koin]  ( 5311): +- get 'java.lang.String'
09-01 14:25:45.352 D/[Koin]  ( 5311): +- got 'java.lang.String' in 0.010677 ms
09-01 14:25:45.352 D/[Koin]  ( 5311): +- get 'O00000oO.O0000Ooo.O000000o.O00000Oo'
09-01 14:25:45.352 D/[Koin]  ( 5311): +- got 'O00000oO.O0000Ooo.O000000o.O00000Oo' in 0.007865 ms
09-01 14:25:45.352 D/[Koin]  ( 5311): +- get 'O00000oO.O0000Ooo.O000000o.O00000Oo'
09-01 14:25:45.352 D/[Koin]  ( 5311): +- got 'O00000oO.O0000Ooo.O000000o.O00000Oo' in 0.007136 ms
09-01 14:25:45.352 D/[Koin]  ( 5311): +- get 'O00000oO.O0000Ooo.O000000o.O00000Oo'
09-01 14:25:45.352 D/[Koin]  ( 5311): +- got 'O00000oO.O0000Ooo.O000000o.O00000Oo' in 0.007083 ms
09-01 14:25:45.352 D/[Koin]  ( 5311): +- get 'O00000oO.O0000Ooo.O000000o.O00000Oo'
09-01 14:25:45.352 D/[Koin]  ( 5311): | create instance for [type:Scoped,scope:'User', name:'Location', primary_type:'O00000oO.O0000Ooo.O000000o.O00000Oo']
09-01 14:25:45.352 D/[Koin]  ( 5311): +- got 'O00000oO.O0000Ooo.O000000o.O00000Oo' in 0.101355 ms
09-01 14:25:45.352 D/[Koin]  ( 5311): +- get 'O00000oO.O0000Ooo.O000000o.O00000Oo'
09-01 14:25:45.352 D/[Koin]  ( 5311): | create instance for [type:Scoped,scope:'User', name:'Summary', primary_type:'O00000oO.O0000Ooo.O000000o.O00000Oo']
09-01 14:25:45.353 D/[Koin]  ( 5311): +- got 'O00000oO.O0000Ooo.O000000o.O00000Oo' in 0.071093 ms
09-01 14:25:45.353 D/[Koin]  ( 5311): +- get 'O00000oO.O0000Ooo.O000000o.O00000Oo'
09-01 14:25:45.353 D/[Koin]  ( 5311): | create instance for [type:Scoped,scope:'User', name:'Type', primary_type:'O00000oO.O0000Ooo.O000000o.O00000Oo']
09-01 14:25:45.353 D/[Koin]  ( 5311): +- got 'O00000oO.O0000Ooo.O000000o.O00000Oo' in 0.190573 ms
09-01 14:25:45.353 D/[Koin]  ( 5311): +- got 'com.huami.femalehealth.logiclib.O00000o0.O0000OOo' in 1.217135 ms
09-01 14:25:45.354 D/[Koin]  ( 5311): +- get 'android.app.Application'
09-01 14:25:45.354 D/[Koin]  ( 5311): | create instance for [type:Single,primary_type:'android.app.Application']
09-01 14:25:45.354 D/[Koin]  ( 5311): +- got 'android.app.Application' in 0.064947 ms
09-01 14:25:45.355 D/[Koin]  ( 5311): +- got 'com.huami.femalehealth.logiclib.O00000oO.O00oOooO' in 3.077969 ms
09-01 14:25:45.355 D/[Koin]  ( 5311): +- get 'com.huami.femalehealth.logiclib.O0000O0o.O00000o'
09-01 14:25:45.355 D/[Koin]  ( 5311): | create instance for [type:Factory,primary_type:'com.huami.femalehealth.logiclib.O0000O0o.O00000o']
09-01 14:25:45.355 D/[Koin]  ( 5311): +- get 'com.huami.femalehealth.logiclib.O00000oO.O0000O0o'
09-01 14:25:45.355 D/[Koin]  ( 5311): | create instance for [type:Scoped,scope:'FemaleHealth', primary_type:'com.huami.femalehealth.logiclib.O00000oO.O0000O0o']
09-01 14:25:45.355 D/[Koin]  ( 5311): +- got 'com.huami.femalehealth.logiclib.O00000oO.O0000O0o' in 0.275 ms
09-01 14:25:45.355 D/[Koin]  ( 5311): +- get 'com.huami.femalehealth.logiclib.O000000o.O00000Oo'
09-01 14:25:45.355 D/[Koin]  ( 5311): | create instance for [type:Scoped,scope:'FemaleHealth', primary_type:'com.huami.femalehealth.logiclib.O000000o.O00000Oo']
09-01 14:25:45.356 D/[Koin]  ( 5311): +- get 'java.lang.String'
09-01 14:25:45.356 D/[Koin]  ( 5311): | create instance for [type:Scoped,scope:'FemaleHealth', name:'FemaleHealthWebHost', primary_type:'java.lang.String']
09-01 14:25:45.356 D/[Koin]  ( 5311): +- get 'java.lang.String'
09-01 14:25:45.356 D/[Koin]  ( 5311): | create instance for [type:Scoped,scope:'User', name:'Host', primary_type:'java.lang.String']
09-01 14:25:45.356 D/[Koin]  ( 5311): +- got 'java.lang.String' in 0.089271 ms
09-01 14:25:45.356 D/[Koin]  ( 5311): +- got 'java.lang.String' in 0.204375 ms
09-01 14:25:45.358 D/[Koin]  ( 5311): +- got 'com.huami.femalehealth.logiclib.O000000o.O00000Oo' in 2.944167 ms
09-01 14:25:45.359 D/[Koin]  ( 5311): +- get 'com.huami.femalehealth.logiclib.db.FemaleHealthDb'
09-01 14:25:45.359 D/[Koin]  ( 5311): | create instance for [type:Scoped,scope:'FemaleHealth', primary_type:'com.huami.femalehealth.logiclib.db.FemaleHealthDb']
09-01 14:25:45.359 D/[Koin]  ( 5311): +- get 'com.huami.femalehealth.logiclib.O00000o0.O0000OOo'
09-01 14:25:45.359 D/[Koin]  ( 5311): +- got 'com.huami.femalehealth.logiclib.O00000o0.O0000OOo' in 0.010886 ms
09-01 14:25:45.359 D/[Koin]  ( 5311): +- get 'android.content.Context'
09-01 14:25:45.359 D/[Koin]  ( 5311): +- got 'android.content.Context' in 0.01 ms
09-01 14:25:45.361 D/[Koin]  ( 5311): +- got 'com.huami.femalehealth.logiclib.db.FemaleHealthDb' in 2.340781 ms
09-01 14:25:45.361 D/[Koin]  ( 5311): +- get 'com.huami.femalehealth.logiclib.O00000Oo.O00000o'
09-01 14:25:45.361 D/[Koin]  ( 5311): | create instance for [type:Factory,primary_type:'com.huami.femalehealth.logiclib.O00000Oo.O00000o']
09-01 14:25:45.361 D/[Koin]  ( 5311): +- get 'com.huami.femalehealth.logiclib.O00000oO.O0000O0o'
09-01 14:25:45.361 D/[Koin]  ( 5311): +- got 'com.huami.femalehealth.logiclib.O00000oO.O0000O0o' in 0.013489 ms
09-01 14:25:45.361 D/[Koin]  ( 5311): +- get 'com.huami.femalehealth.logiclib.O000000o.O00000Oo'
09-01 14:25:45.361 D/[Koin]  ( 5311): +- got 'com.huami.femalehealth.logiclib.O000000o.O00000Oo' in 0.008646 ms
09-01 14:25:45.361 D/[Koin]  ( 5311): +- get 'com.huami.femalehealth.logiclib.db.FemaleHealthDb'
09-01 14:25:45.361 D/[Koin]  ( 5311): +- got 'com.huami.femalehealth.logiclib.db.FemaleHealthDb' in 0.0075 ms
09-01 14:25:45.361 D/[Koin]  ( 5311): +- get 'com.huami.femalehealth.logiclib.O00000Oo.O00000Oo'
09-01 14:25:45.361 D/[Koin]  ( 5311): | create instance for [type:Scoped,scope:'FemaleHealth', primary_type:'com.huami.femalehealth.logiclib.O00000Oo.O00000Oo']
09-01 14:25:45.363 D/[Koin]  ( 5311): +- got 'com.huami.femalehealth.logiclib.O00000Oo.O00000Oo' in 1.922083 ms
09-01 14:25:45.363 D/[Koin]  ( 5311): +- get 'com.huami.femalehealth.logiclib.O00000oO.O00oOooO'
09-01 14:25:45.363 D/[Koin]  ( 5311): +- got 'com.huami.femalehealth.logiclib.O00000oO.O00oOooO' in 0.021615 ms
09-01 14:25:45.368 D/[Koin]  ( 5311): +- got 'com.huami.femalehealth.logiclib.O00000Oo.O00000o' in 6.554687 ms
09-01 14:25:45.368 D/[Koin]  ( 5311): +- get 'com.huami.femalehealth.logiclib.O00000Oo.O00000o0'
09-01 14:25:45.368 D/[Koin]  ( 5311): | create instance for [type:Factory,primary_type:'com.huami.femalehealth.logiclib.O00000Oo.O00000o0']
09-01 14:25:45.368 D/[Koin]  ( 5311): +- got 'com.huami.femalehealth.logiclib.O00000Oo.O00000o0' in 0.106979 ms
09-01 14:25:45.368 I/appium  ( 5230): channel read invoked!
09-01 14:25:45.368 I/appium  ( 5230): channel read: POST /wd/hub/session/ca6c5edf-f990-460d-ac76-5b706aba62e3/element
09-01 14:25:45.369 I/appium  ( 5230): Find element command using '-android uiautomator' with selector 'new UiSelector().text("")'.
09-01 14:25:45.369 I/appium  ( 5230): Waiting up to 10000ms for device to be idle
09-01 14:25:45.371 D/[Koin]  ( 5311): +- got 'com.huami.femalehealth.logiclib.O0000O0o.O00000o' in 15.908333 ms
09-01 14:25:45.372 D/[Koin]  ( 5311): +- got 'com.huami.femalehealth.uilib.O00000o0.O0000Oo' in 21.58849 ms
09-01 14:25:45.376 D/ViewContentFactory( 5311): initViewContentFetcherClass
09-01 14:25:45.376 I/ContentCatcher( 5311): ViewContentFetcher : ViewContentFetcher
09-01 14:25:45.376 D/ViewContentFactory( 5311): createInterceptor took 0ms
09-01 14:25:45.398 D/BaseTitleActivity( 5311): setStyle NONE title  darkMode false color 0
09-01 14:25:45.411 D/BluetoothGatt( 5311): setCharacteristicNotification() - uuid: 00000003-0000-3512-2118-0009af100700 enable: false
09-01 14:25:45.411 I/chatty  ( 8588): uid=1002(bluetooth) Binder:8588_1 expire 1 line
09-01 14:25:45.437 W/RecentsModel( 7676): onTaskStackChangedBackground: start loading
09-01 14:25:45.437 W/RecentsModel( 7676): getTaskInfoIgnoreHomeAndSplit   taskInfo=ComponentInfo{com.xiaomi.hm.health/com.xiaomi.hm.health.activity.MainTabActivity}
09-01 14:25:45.438 W/RecentsModel( 7676): getTaskInfoIgnoreHomeAndFreeform   taskInfo=ComponentInfo{com.xiaomi.hm.health/com.xiaomi.hm.health.activity.MainTabActivity}
09-01 14:25:45.438 W/RecentsModel( 7676): getTaskInfoIgnoreFreeform   taskInfo=ComponentInfo{com.xiaomi.hm.health/com.xiaomi.hm.health.activity.MainTabActivity}
09-01 14:25:45.438 W/RecentsModel( 7676): onTaskStackChangedBackground: finishLoading loading
09-01 14:25:45.452 I/chatty  (19843): uid=1002 bluetooth@1.0-s expire 3 lines
09-01 14:25:45.463 V/xiaomi  ( 5311): [Thread:6297] sdk_version = 3_7_5
09-01 14:25:45.466 D/CompatibilityInfo( 1639): mCompatibilityFlags - 0
09-01 14:25:45.466 D/CompatibilityInfo( 1639): applicationDensity - 440
09-01 14:25:45.466 D/CompatibilityInfo( 1639): applicationScale - 1.0
09-01 14:25:45.467 I/hwservicemanager(  573): getTransport: Cannot find entry vendor.qti.hardware.servicetracker@1.0::IServicetracker/default in either framework or device manifest.
09-01 14:25:45.478 I/chatty  ( 3272): uid=1002(bluetooth) Binder:3272_3 expire 18 lines
