09-01 14:25:45.479 V/xiaomi  ( 5311): [Thread:6302] (Local) begin execute onCommandResult, command=accept-time, resultCode=0, reason=null
09-01 14:25:45.480 V/xiaomi  ( 5311): [Thread:6302] (Local) begin execute onCommandResult, command=register, resultCode=0, reason=null
09-01 14:25:45.486 W/PushService( 5479): 2020-08-31 23:25:45,486 - [WARN::PushService] - [Thread:2] onStart() with intent.Action = null, chid = null, pkg = null|com.xiaomi.hm.health, from-bridge = null
09-01 14:25:45.490 W/PushService( 5479): 2020-08-31 23:25:45,489 - [WARN::PushService] - [Thread:2] onStart() with intent.Action = null, chid = null, pkg = null|com.xiaomi.hm.health, from-bridge = null
09-01 14:25:45.490 I/chatty  ( 8588): uid=1002(bluetooth) btu message loo expire 107 lines
09-01 14:25:45.491 W/AsyncHttpResponse( 5311): Current thread has not called Looper.prepare().Forcing synchronous mode
09-01 14:25:45.498 I/chatty  ( 8588): uid=1002(bluetooth) BT Service Call expire 133 lines
09-01 14:25:45.500 D/BluetoothGatt( 5311): setCharacteristicNotification() - uuid: 00000003-0000-3512-2118-0009af100700 enable: true
09-01 14:25:45.501 I/chatty  ( 8588): uid=1002(bluetooth) Binder:8588_1 expire 1 line
09-01 14:25:45.502 W/PushService( 5479): 2020-08-31 23:25:45,502 - [WARN::PushService] - [Thread:2] onStart() with intent.Action = action_cr_config, chid = null, pkg = null|com.xiaomi.hm.health, from-bridge = null
09-01 14:25:45.502 W/PushService( 5479): 2020-08-31 23:25:45,502 - [WARN::PushService] - [Thread:293] JOB: Handle intent action = action_cr_config
09-01 14:25:45.503 D/CompatibilityInfo( 1639): mCompatibilityFlags - 0
09-01 14:25:45.503 D/CompatibilityInfo( 1639): applicationDensity - 440
09-01 14:25:45.503 D/CompatibilityInfo( 1639): applicationScale - 1.0
09-01 14:25:45.504 I/hwservicemanager(  573): getTransport: Cannot find entry vendor.qti.hardware.servicetracker@1.0::IServicetracker/default in either framework or device manifest.
09-01 14:25:45.511 W/PushService( 5479): 2020-08-31 23:25:45,510 - [WARN::PushService] - [Thread:2] onStart() with intent.Action = com.xiaomi.mipush.SEND_MESSAGE, chid = null, pkg = null|com.xiaomi.hm.health, from-bridge = null
09-01 14:25:45.511 W/PushService( 5479): 2020-08-31 23:25:45,511 - [WARN::PushService] - [Thread:293] JOB: Handle intent action = com.xiaomi.mipush.SEND_MESSAGE
09-01 14:25:45.511 V/xiaomi  ( 5311): [Thread:6302] ASSEMBLE_PUSH : assemble push register
09-01 14:25:45.511 V/xiaomi  ( 5311): [Thread:6302] (Local) begin execute onCommandResult, command=set-alias, resultCode=0, reason=null
09-01 14:25:45.511 W/PushService( 5479): 2020-08-31 23:25:45,511 - [WARN::PushService] - [Thread:293] try send mi push message. packagename:com.xiaomi.hm.health action:Subscription
09-01 14:25:45.511 V/xiaomi  ( 5311): [Thread:6302] (Local) begin execute onCommandResult, command=set-alias, resultCode=0, reason=null
09-01 14:25:45.511 V/xiaomi  ( 5311): [Thread:6302] (Local) begin execute onCommandResult, command=subscribe-topic, resultCode=0, reason=null
09-01 14:25:45.512 I/chatty  ( 5311): uid=10241(com.xiaomi.hm.health) pool-21-thread- identical 3 lines
09-01 14:25:45.512 V/xiaomi  ( 5311): [Thread:6302] (Local) begin execute onCommandResult, command=subscribe-topic, resultCode=0, reason=null
09-01 14:25:45.512 W/PushService( 5479): 2020-08-31 23:25:45,512 - [WARN::PushService] - [Thread:293] [Slim] Wrote {cmd=SECMSG;chid=5;len=303}
09-01 14:25:45.512 V/xiaomi  ( 5311): [Thread:6302] (Local) begin execute onCommandResult, command=subscribe-topic, resultCode=0, reason=null
09-01 14:25:45.512 V/xiaomi  ( 5311): [Thread:6302] (Local) begin execute onCommandResult, command=subscribe-topic, resultCode=0, reason=null
09-01 14:25:45.512 W/PushService( 5479): 2020-08-31 23:25:45,512 - [WARN::PushService] - [Thread:293] [Slim] 11:25:45 PM Sent  Blob [SECMSG,5,4QI3U-1322]
09-01 14:25:45.533 W/AsyncHttpResponse( 5311): Current thread has not called Looper.prepare().Forcing synchronous mode
09-01 14:25:45.534 D/AppOpsAdapter( 5211): using permission notify! 32
09-01 14:25:45.539 W/AsyncHttpResponse( 5311): Current thread has not called Looper.prepare().Forcing synchronous mode
09-01 14:25:45.541 I/BehaviorRecord-Monitor( 5237): com.xiaomi.hm.health , perm: 32 , operation 2 , current size: 1
09-01 14:25:45.541 V/AsyncHttpResponse( 5311): Progress 40 from 40 (100%)
09-01 14:25:45.545 W/AsyncHttpResponse( 5311): Current thread has not called Looper.prepare().Forcing synchronous mode
09-01 14:25:45.548 D/[Koin]  ( 5311): +- get 'com.huami.fittime.ui.profile.O0000O0o'
09-01 14:25:45.548 D/[Koin]  ( 5311): | create instance for [type:Factory,primary_type:'com.huami.fittime.ui.profile.O0000O0o']
09-01 14:25:45.549 D/[Koin]  ( 5311): !- create scope - id:FitTime q:FitTime
09-01 14:25:45.549 D/[Koin]  ( 5311): bind type:'com.huami.fittime.O00000o.O00000Oo.O000000o' ~ [type:Scoped,scope:'FitTime', primary_type:'com.huami.fittime.O00000o.O00000Oo.O000000o']
09-01 14:25:45.549 D/[Koin]  ( 5311): bind type:'com.huami.fittime.O00000oo.O00O0o00' ~ [type:Scoped,scope:'FitTime', primary_type:'com.huami.fittime.O00000oo.O00O0o00']
09-01 14:25:45.549 D/[Koin]  ( 5311): bind type:'com.huami.fittime.O000000o.O000000o.O000000o' ~ [type:Scoped,scope:'FitTime', primary_type:'com.huami.fittime.O000000o.O000000o.O000000o']
09-01 14:25:45.549 D/[Koin]  ( 5311): bind type:'com.huami.fittime.O00000oO.O00oOooO' ~ [type:Scoped,scope:'FitTime', primary_type:'com.huami.fittime.O00000oO.O00oOooO']
09-01 14:25:45.549 D/[Koin]  ( 5311): bind type:'com.huami.fittime.db.FitTimeDb' ~ [type:Scoped,scope:'FitTime', primary_type:'com.huami.fittime.db.FitTimeDb']
09-01 14:25:45.549 D/[Koin]  ( 5311): bind qualifier:'FitTimeWebHost' ~ [type:Scoped,scope:'FitTime', name:'FitTimeWebHost', primary_type:'java.lang.String']
09-01 14:25:45.549 D/[Koin]  ( 5311): bind type:'com.huami.fittime.ui.base.O00000Oo' ~ [type:Scoped,scope:'FitTime', primary_type:'com.huami.fittime.ui.base.O00000Oo']
09-01 14:25:45.549 D/[Koin]  ( 5311): bind type:'com.huami.fittime.O000000o.O000O0o' ~ [type:Scoped,scope:'FitTime', primary_type:'com.huami.fittime.O000000o.O000O0o']
09-01 14:25:45.549 D/[Koin]  ( 5311): bind type:'com.huami.fittime.O000000o.O0000Oo' ~ [type:Scoped,scope:'FitTime', primary_type:'com.huami.fittime.O000000o.O0000Oo']
09-01 14:25:45.549 D/[Koin]  ( 5311): bind type:'com.huami.fittime.O000000o.O00000o' ~ [type:Scoped,scope:'FitTime', primary_type:'com.huami.fittime.O000000o.O00000o']
09-01 14:25:45.549 D/[Koin]  ( 5311): bind type:'com.huami.fittime.O00000oo.O00O0Oo' ~ [type:Scoped,scope:'FitTime', primary_type:'com.huami.fittime.O00000oo.O00O0Oo']
09-01 14:25:45.549 D/[Koin]  ( 5311): +- get 'com.huami.fittime.ui.profile.O0000OOo'
09-01 14:25:45.549 D/[Koin]  ( 5311): | create instance for [type:Factory,primary_type:'com.huami.fittime.ui.profile.O0000OOo']
09-01 14:25:45.549 D/[Koin]  ( 5311): +- get 'com.huami.fittime.O00000oo.O00O0Oo'
09-01 14:25:45.549 D/[Koin]  ( 5311): | create instance for [type:Scoped,scope:'FitTime', primary_type:'com.huami.fittime.O00000oo.O00O0Oo']
09-01 14:25:45.550 D/[Koin]  ( 5311): +- got 'com.huami.fittime.O00000oo.O00O0Oo' in 0.34375 ms
09-01 14:25:45.550 D/[Koin]  ( 5311): +- get 'com.huami.fittime.db.FitTimeDb'
09-01 14:25:45.550 D/[Koin]  ( 5311): | create instance for [type:Scoped,scope:'FitTime', primary_type:'com.huami.fittime.db.FitTimeDb']
09-01 14:25:45.550 D/[Koin]  ( 5311): +- get 'com.huami.fittime.O00000oO.O00oOooO'
09-01 14:25:45.550 D/[Koin]  ( 5311): | create instance for [type:Scoped,scope:'FitTime', primary_type:'com.huami.fittime.O00000oO.O00oOooO']
09-01 14:25:45.550 D/[Koin]  ( 5311): +- get 'java.lang.String'
09-01 14:25:45.550 D/[Koin]  ( 5311): +- got 'java.lang.String' in 0.009583 ms
09-01 14:25:45.550 D/[Koin]  ( 5311): +- get 'O00000oO.O0000Ooo.O000000o.O00000Oo'
09-01 14:25:45.550 D/[Koin]  ( 5311): +- got 'O00000oO.O0000Ooo.O000000o.O00000Oo' in 0.007031 ms
09-01 14:25:45.550 D/[Koin]  ( 5311): +- get 'O00000oO.O0000Ooo.O000000o.O00000Oo'
09-01 14:25:45.550 D/[Koin]  ( 5311): +- got 'O00000oO.O0000Ooo.O000000o.O00000Oo' in 0.007083 ms
09-01 14:25:45.550 D/[Koin]  ( 5311): +- get 'O00000oO.O0000Ooo.O000000o.O00000Oo'
09-01 14:25:45.550 D/[Koin]  ( 5311): +- got 'O00000oO.O0000Ooo.O000000o.O00000Oo' in 0.006823 ms
09-01 14:25:45.550 D/[Koin]  ( 5311): +- get 'O00000oO.O0000Ooo.O000000o.O00000Oo'
09-01 14:25:45.550 D/[Koin]  ( 5311): +- got 'O00000oO.O0000Ooo.O000000o.O00000Oo' in 0.008073 ms
09-01 14:25:45.550 D/[Koin]  ( 5311): +- get 'O00000oO.O0000Ooo.O000000o.O00000Oo'
09-01 14:25:45.550 D/[Koin]  ( 5311): +- got 'O00000oO.O0000Ooo.O000000o.O00000Oo' in 0.006615 ms
09-01 14:25:45.550 D/[Koin]  ( 5311): +- get 'O00000oO.O0000Ooo.O000000o.O00000Oo'
09-01 14:25:45.550 D/[Koin]  ( 5311): +- got 'O00000oO.O0000Ooo.O000000o.O00000Oo' in 0.006979 ms
09-01 14:25:45.550 D/[Koin]  ( 5311): +- got 'com.huami.fittime.O00000oO.O00oOooO' in 0.600729 ms
09-01 14:25:45.550 W/AsyncHttpResponse( 5311): Current thread has not called Looper.prepare().Forcing synchronous mode
09-01 14:25:45.550 D/[Koin]  ( 5311): +- get 'android.content.Context'
09-01 14:25:45.551 D/[Koin]  ( 5311): +- got 'android.content.Context' in 0.014011 ms
09-01 14:25:45.554 W/AsyncHttpResponse( 5311): Current thread has not called Looper.prepare().Forcing synchronous mode
09-01 14:25:45.558 D/[Koin]  ( 5311): +- got 'com.huami.fittime.db.FitTimeDb' in 8.110052 ms
09-01 14:25:45.558 D/[Koin]  ( 5311): +- get 'com.huami.fittime.O000000o.O00000o'
09-01 14:25:45.558 D/[Koin]  ( 5311): | create instance for [type:Scoped,scope:'FitTime', primary_type:'com.huami.fittime.O000000o.O00000o']
09-01 14:25:45.558 D/[Koin]  ( 5311): +- get 'java.lang.String'
09-01 14:25:45.558 D/[Koin]  ( 5311): | create instance for [type:Scoped,scope:'FitTime', name:'FitTimeWebHost', primary_type:'java.lang.String']
09-01 14:25:45.558 D/[Koin]  ( 5311): +- get 'java.lang.String'
09-01 14:25:45.558 D/[Koin]  ( 5311): +- got 'java.lang.String' in 0.009375 ms
09-01 14:25:45.558 D/[Koin]  ( 5311): +- got 'java.lang.String' in 0.096093 ms
09-01 14:25:45.561 D/[Koin]  ( 5311): +- got 'com.huami.fittime.O000000o.O00000o' in 3.18375 ms
09-01 14:25:45.575 V/AsyncHttpResponse( 5311): Progress 84 from 84 (100%)
09-01 14:25:45.579 D/[Koin]  ( 5311): +- got 'com.huami.fittime.ui.profile.O0000OOo' in 29.74625 ms
09-01 14:25:45.579 D/[Koin]  ( 5311): +- get 'com.huami.fittime.ui.O000000o.O00000Oo'
09-01 14:25:45.579 D/[Koin]  ( 5311): | create instance for [type:Factory,primary_type:'com.huami.fittime.ui.O000000o.O00000Oo']
09-01 14:25:45.579 D/[Koin]  ( 5311): +- get 'com.huami.fittime.O00000oo.O00O0Oo'
09-01 14:25:45.579 D/[Koin]  ( 5311): +- got 'com.huami.fittime.O00000oo.O00O0Oo' in 0.013281 ms
09-01 14:25:45.579 D/[Koin]  ( 5311): +- get 'com.huami.fittime.O000000o.O00000o'
09-01 14:25:45.579 D/[Koin]  ( 5311): +- got 'com.huami.fittime.O000000o.O00000o' in 0.014948 ms
09-01 14:25:45.579 D/[Koin]  ( 5311): +- got 'com.huami.fittime.ui.O000000o.O00000Oo' in 0.345052 ms
09-01 14:25:45.579 D/[Koin]  ( 5311): +- get 'com.huami.fittime.O00000o.O00000Oo.O000000o'
09-01 14:25:45.580 D/[Koin]  ( 5311): | create instance for [type:Scoped,scope:'FitTime', primary_type:'com.huami.fittime.O00000o.O00000Oo.O000000o']
09-01 14:25:45.580 D/[Koin]  ( 5311): +- get 'com.huami.fittime.O00000oo.O00O0Oo'
09-01 14:25:45.580 D/[Koin]  ( 5311): +- got 'com.huami.fittime.O00000oo.O00O0Oo' in 0.008698 ms
09-01 14:25:45.580 D/[Koin]  ( 5311): +- get 'com.huami.fittime.O000000o.O00000o'
09-01 14:25:45.580 D/[Koin]  ( 5311): +- got 'com.huami.fittime.O000000o.O00000o' in 0.007032 ms
09-01 14:25:45.580 D/[Koin]  ( 5311): +- get 'com.huami.fittime.db.FitTimeDb'
09-01 14:25:45.580 D/[Koin]  ( 5311): +- got 'com.huami.fittime.db.FitTimeDb' in 0.006979 ms
09-01 14:25:45.580 D/[Koin]  ( 5311): +- get 'com.huami.fittime.ui.base.O00000o0.O000000o'
09-01 14:25:45.580 D/[Koin]  ( 5311): | create instance for [type:Factory,primary_type:'com.huami.fittime.ui.base.O00000o0.O000000o']
09-01 14:25:45.580 D/[Koin]  ( 5311): +- get 'com.huami.training.O0000O0o.O000000o.O00000o0'
09-01 14:25:45.580 D/[Koin]  ( 5311): | create instance for [type:Factory,primary_type:'com.huami.training.O0000O0o.O000000o.O00000o0']
09-01 14:25:45.580 D/[Koin]  ( 5311): +- get 'com.huami.training.O0000o0.O000OO0o'
09-01 14:25:45.580 D/[Koin]  ( 5311): | create instance for [type:Factory,primary_type:'com.huami.training.O0000o0.O000OO0o']
09-01 14:25:45.580 D/[Koin]  ( 5311): +- get 'com.huami.training.O0000Oo.O000000o'
09-01 14:25:45.580 D/[Koin]  ( 5311): +- got 'com.huami.training.O0000Oo.O000000o' in 0.007865 ms
09-01 14:25:45.580 D/[Koin]  ( 5311): +- get 'com.huami.training.O0000OOo.O000OO0o'
09-01 14:25:45.580 D/[Koin]  ( 5311): +- got 'com.huami.training.O0000OOo.O000OO0o' in 0.007708 ms
09-01 14:25:45.580 D/[Koin]  ( 5311): +- get 'com.huami.training.db.TrainingDb'
09-01 14:25:45.580 D/[Koin]  ( 5311): +- got 'com.huami.training.db.TrainingDb' in 0.006458 ms
09-01 14:25:45.580 D/[Koin]  ( 5311): +- get 'com.huami.training.O000000o.O000OO0o'
09-01 14:25:45.580 D/[Koin]  ( 5311): | create instance for [type:Scoped,scope:'Training', primary_type:'com.huami.training.O000000o.O000OO0o']
09-01 14:25:45.583 D/[Koin]  ( 5311): +- get 'java.lang.String'
09-01 14:25:45.583 D/[Koin]  ( 5311): | create instance for [type:Scoped,scope:'Training', name:'TrainingWebHost', primary_type:'java.lang.String']
09-01 14:25:45.583 D/[Koin]  ( 5311): +- get 'java.lang.String'
09-01 14:25:45.583 D/[Koin]  ( 5311): +- got 'java.lang.String' in 0.012968 ms
09-01 14:25:45.583 D/[Koin]  ( 5311): +- got 'java.lang.String' in 0.157657 ms
09-01 14:25:45.583 D/[Koin]  ( 5311): +- get 'com.huami.training.O0000OOo.O000OO0o'
09-01 14:25:45.583 D/[Koin]  ( 5311): +- got 'com.huami.training.O0000OOo.O000OO0o' in 0.078646 ms
09-01 14:25:45.583 D/[Koin]  ( 5311): +- got 'com.huami.training.O000000o.O000OO0o' in 3.10552 ms
09-01 14:25:45.584 D/[Koin]  ( 5311): +- got 'com.huami.training.O0000o0.O000OO0o' in 4.162031 ms
09-01 14:25:45.584 D/[Koin]  ( 5311): +- got 'com.huami.training.O0000O0o.O000000o.O00000o0' in 4.284947 ms
09-01 14:25:45.584 V/AsyncHttpResponse( 5311): Progress 3 from 3 (100%)
09-01 14:25:45.585 D/[Koin]  ( 5311): +- got 'com.huami.fittime.ui.base.O00000o0.O000000o' in 4.960573 ms
09-01 14:25:45.585 D/[Koin]  ( 5311): +- got 'com.huami.fittime.O00000o.O00000Oo.O000000o' in 5.522448 ms
09-01 14:25:45.585 D/[Koin]  ( 5311): +- get 'com.huami.fittime.O00000oO.O00oOooO'
09-01 14:25:45.585 D/[Koin]  ( 5311): +- got 'com.huami.fittime.O00000oO.O00oOooO' in 0.024792 ms
09-01 14:25:45.585 D/[Koin]  ( 5311): +- get 'com.huami.fittime.ui.profile.O00000Oo'
09-01 14:25:45.585 D/[Koin]  ( 5311): | create instance for [type:Factory,primary_type:'com.huami.fittime.ui.profile.O00000Oo']
09-01 14:25:45.585 D/[Koin]  ( 5311): +- get 'com.huami.fittime.O00000oo.O00O0Oo'
09-01 14:25:45.585 D/[Koin]  ( 5311): +- got 'com.huami.fittime.O00000oo.O00O0Oo' in 0.010313 ms
09-01 14:25:45.585 D/[Koin]  ( 5311): +- get 'com.huami.fittime.db.FitTimeDb'
09-01 14:25:45.585 D/[Koin]  ( 5311): +- got 'com.huami.fittime.db.FitTimeDb' in 0.009792 ms
09-01 14:25:45.585 D/[Koin]  ( 5311): +- got 'com.huami.fittime.ui.profile.O00000Oo' in 0.222708 ms
09-01 14:25:45.585 D/[Koin]  ( 5311): +- get 'com.huami.fittime.ui.diary.O00000o0.O0000OOo'
09-01 14:25:45.585 D/[Koin]  ( 5311): | create instance for [type:Factory,primary_type:'com.huami.fittime.ui.diary.O00000o0.O0000OOo']
09-01 14:25:45.585 D/[Koin]  ( 5311): +- get 'com.huami.fittime.O000000o.O00000o'
09-01 14:25:45.585 D/[Koin]  ( 5311): +- got 'com.huami.fittime.O000000o.O00000o' in 0.009636 ms
09-01 14:25:45.585 D/[Koin]  ( 5311): +- get 'com.huami.fittime.O00000oO.O00oOooO'
09-01 14:25:45.586 D/[Koin]  ( 5311): +- got 'com.huami.fittime.O00000oO.O00oOooO' in 0.008177 ms
09-01 14:25:45.586 D/[Koin]  ( 5311): +- get 'com.huami.fittime.db.FitTimeDb'
09-01 14:25:45.586 D/[Koin]  ( 5311): +- got 'com.huami.fittime.db.FitTimeDb' in 0.006823 ms
09-01 14:25:45.586 D/[Koin]  ( 5311): +- got 'com.huami.fittime.ui.diary.O00000o0.O0000OOo' in 0.956875 ms
09-01 14:25:45.587 D/[Koin]  ( 5311): +- got 'com.huami.fittime.ui.profile.O0000O0o' in 38.652031 ms
09-01 14:25:45.587 D/[Koin]  ( 5311): +- get 'com.huami.message.O0000OoO.O0000Oo'
09-01 14:25:45.587 D/[Koin]  ( 5311): | create instance for [type:Factory,primary_type:'com.huami.message.O0000OoO.O0000Oo']
09-01 14:25:45.587 D/[Koin]  ( 5311): !- create scope - id:Message q:Message
09-01 14:25:45.588 D/[Koin]  ( 5311): bind type:'com.huami.message.db.MessageDb' ~ [type:Scoped,scope:'Message', primary_type:'com.huami.message.db.MessageDb']
09-01 14:25:45.588 D/[Koin]  ( 5311): bind type:'com.huami.training.O0000OOo.O000000o' ~ [type:Scoped,scope:'Message', primary_type:'com.huami.training.O0000OOo.O000000o']
09-01 14:25:45.588 D/[Koin]  ( 5311): bind type:'com.huami.message.O00000oo.O0000Oo' ~ [type:Scoped,scope:'Message', primary_type:'com.huami.message.O00000oo.O0000Oo']
09-01 14:25:45.588 D/[Koin]  ( 5311): bind type:'com.huami.message.O0000O0o.O0000OOo' ~ [type:Scoped,scope:'Message', primary_type:'com.huami.message.O0000O0o.O0000OOo']
09-01 14:25:45.588 D/[Koin]  ( 5311): bind type:'com.huami.message.O000000o.O00000o' ~ [type:Scoped,scope:'Message', primary_type:'com.huami.message.O000000o.O00000o']
09-01 14:25:45.588 D/[Koin]  ( 5311): bind type:'com.huami.message.O0000Oo0.O000000o' ~ [type:Scoped,scope:'Message', primary_type:'com.huami.message.O0000Oo0.O000000o']
09-01 14:25:45.588 D/[Koin]  ( 5311): bind qualifier:'MessageWebHost' ~ [type:Scoped,scope:'Message', name:'MessageWebHost', primary_type:'java.lang.String']
09-01 14:25:45.588 D/[Koin]  ( 5311): bind type:'com.huami.message.O00000o.O0000Oo0' ~ [type:Scoped,scope:'Message', primary_type:'com.huami.message.O00000o.O0000Oo0']
09-01 14:25:45.588 D/[Koin]  ( 5311): +- get 'com.huami.message.O0000OOo.O000000o'
09-01 14:25:45.588 D/[Koin]  ( 5311): | create instance for [type:Factory,primary_type:'com.huami.message.O0000OOo.O000000o']
09-01 14:25:45.588 D/[Koin]  ( 5311): +- get 'com.huami.message.O000000o.O00000o'
09-01 14:25:45.588 D/[Koin]  ( 5311): | create instance for [type:Scoped,scope:'Message', primary_type:'com.huami.message.O000000o.O00000o']
09-01 14:25:45.588 V/AsyncHttpResponse( 5311): Progress 12 from 12 (100%)
09-01 14:25:45.589 D/[Koin]  ( 5311): +- get 'java.lang.String'
09-01 14:25:45.589 D/[Koin]  ( 5311): | create instance for [type:Scoped,scope:'Message', name:'MessageWebHost', primary_type:'java.lang.String']
09-01 14:25:45.589 D/[Koin]  ( 5311): +- get 'java.lang.String'
09-01 14:25:45.589 D/[Koin]  ( 5311): +- got 'java.lang.String' in 0.011563 ms
09-01 14:25:45.589 D/[Koin]  ( 5311): +- got 'java.lang.String' in 0.125261 ms
09-01 14:25:45.589 D/[Koin]  ( 5311): +- get 'com.huami.message.O00000o.O0000Oo0'
09-01 14:25:45.589 D/[Koin]  ( 5311): | create instance for [type:Scoped,scope:'Message', primary_type:'com.huami.message.O00000o.O0000Oo0']
09-01 14:25:45.589 D/[Koin]  ( 5311): +- get 'java.lang.String'
09-01 14:25:45.589 D/[Koin]  ( 5311): +- got 'java.lang.String' in 0.010573 ms
09-01 14:25:45.589 D/[Koin]  ( 5311): +- get 'O00000oO.O0000Ooo.O000000o.O00000Oo'
09-01 14:25:45.589 D/[Koin]  ( 5311): +- got 'O00000oO.O0000Ooo.O000000o.O00000Oo' in 0.007239 ms
09-01 14:25:45.589 D/[Koin]  ( 5311): +- get 'O00000oO.O0000Ooo.O000000o.O00000Oo'
09-01 14:25:45.589 D/[Koin]  ( 5311): +- got 'O00000oO.O0000Ooo.O000000o.O00000Oo' in 0.008073 ms
09-01 14:25:45.589 D/[Koin]  ( 5311): +- get 'O00000oO.O0000Ooo.O000000o.O00000Oo'
09-01 14:25:45.589 D/[Koin]  ( 5311): +- got 'O00000oO.O0000Ooo.O000000o.O00000Oo' in 0.008333 ms
09-01 14:25:45.589 D/[Koin]  ( 5311): +- get 'O00000oO.O0000Ooo.O000000o.O00000Oo'
09-01 14:25:45.589 D/[Koin]  ( 5311): +- got 'O00000oO.O0000Ooo.O000000o.O00000Oo' in 0.007812 ms
09-01 14:25:45.589 D/[Koin]  ( 5311): +- got 'com.huami.message.O00000o.O0000Oo0' in 0.419584 ms
09-01 14:25:45.590 D/[Koin]  ( 5311): +- got 'com.huami.message.O000000o.O00000o' in 1.585521 ms
09-01 14:25:45.590 D/[Koin]  ( 5311): +- get 'com.huami.message.db.MessageDb'
09-01 14:25:45.590 D/[Koin]  ( 5311): | create instance for [type:Scoped,scope:'Message', primary_type:'com.huami.message.db.MessageDb']
09-01 14:25:45.590 D/[Koin]  ( 5311): +- get 'android.content.Context'
09-01 14:25:45.590 D/[Koin]  ( 5311): +- got 'android.content.Context' in 0.010781 ms
09-01 14:25:45.590 D/[Koin]  ( 5311): +- get 'com.huami.message.O00000o.O0000Oo0'
09-01 14:25:45.590 D/[Koin]  ( 5311): +- got 'com.huami.message.O00000o.O0000Oo0' in 0.009271 ms
09-01 14:25:45.591 D/[Koin]  ( 5311): +- got 'com.huami.message.db.MessageDb' in 1.867187 ms
09-01 14:25:45.592 D/[Koin]  ( 5311): +- get 'com.huami.message.O0000Oo0.O000000o'
09-01 14:25:45.592 D/[Koin]  ( 5311): | create instance for [type:Scoped,scope:'Message', primary_type:'com.huami.message.O0000Oo0.O000000o']
09-01 14:25:45.592 D/[Koin]  ( 5311): +- got 'com.huami.message.O0000Oo0.O000000o' in 0.320364 ms
09-01 14:25:45.593 D/[Koin]  ( 5311): +- got 'com.huami.message.O0000OOo.O000000o' in 5.476718 ms
09-01 14:25:45.594 D/[Koin]  ( 5311): +- got 'com.huami.message.O0000OoO.O0000Oo' in 7.08224 ms
09-01 14:25:45.595 W/AsyncHttpResponse( 5311): Current thread has not called Looper.prepare().Forcing synchronous mode
09-01 14:25:45.596 D/[Koin]  ( 5311): +- get 'com.huami.femalehealth.uilib.viewmodel.FemaleMifitViewModel'
09-01 14:25:45.596 D/[Koin]  ( 5311): | create instance for [type:Factory,primary_type:'com.huami.femalehealth.uilib.viewmodel.FemaleMifitViewModel']
09-01 14:25:45.596 D/[Koin]  ( 5311): +- get 'com.huami.femalehealth.logiclib.O0000O0o.O0000O0o'
09-01 14:25:45.596 D/[Koin]  ( 5311): | create instance for [type:Factory,primary_type:'com.huami.femalehealth.logiclib.O0000O0o.O0000O0o']
09-01 14:25:45.596 D/[Koin]  ( 5311): +- get 'com.huami.femalehealth.logiclib.O00000oO.O0000O0o'
09-01 14:25:45.596 D/[Koin]  ( 5311): +- got 'com.huami.femalehealth.logiclib.O00000oO.O0000O0o' in 0.021354 ms
09-01 14:25:45.596 D/[Koin]  ( 5311): +- get 'com.huami.femalehealth.logiclib.O000000o.O00000Oo'
09-01 14:25:45.596 D/[Koin]  ( 5311): +- got 'com.huami.femalehealth.logiclib.O000000o.O00000Oo' in 0.009375 ms
09-01 14:25:45.596 D/[Koin]  ( 5311): +- get 'com.huami.femalehealth.logiclib.O00000oO.O00oOooO'
09-01 14:25:45.596 D/[Koin]  ( 5311): +- got 'com.huami.femalehealth.logiclib.O00000oO.O00oOooO' in 0.008698 ms
09-01 14:25:45.596 D/[Koin]  ( 5311): +- get 'com.huami.femalehealth.logiclib.O00000Oo.O00000o'
09-01 14:25:45.596 D/[Koin]  ( 5311): | create instance for [type:Factory,primary_type:'com.huami.femalehealth.logiclib.O00000Oo.O00000o']
09-01 14:25:45.596 D/[Koin]  ( 5311): +- get 'com.huami.femalehealth.logiclib.O00000oO.O0000O0o'
09-01 14:25:45.596 D/[Koin]  ( 5311): +- got 'com.huami.femalehealth.logiclib.O00000oO.O0000O0o' in 0.010156 ms
09-01 14:25:45.596 D/[Koin]  ( 5311): +- get 'com.huami.femalehealth.logiclib.O000000o.O00000Oo'
09-01 14:25:45.596 D/[Koin]  ( 5311): +- got 'com.huami.femalehealth.logiclib.O000000o.O00000Oo' in 0.006823 ms
09-01 14:25:45.597 D/[Koin]  ( 5311): +- get 'com.huami.femalehealth.logiclib.db.FemaleHealthDb'
09-01 14:25:45.597 D/[Koin]  ( 5311): +- got 'com.huami.femalehealth.logiclib.db.FemaleHealthDb' in 0.008021 ms
09-01 14:25:45.597 D/[Koin]  ( 5311): +- get 'com.huami.femalehealth.logiclib.O00000Oo.O00000Oo'
09-01 14:25:45.597 D/[Koin]  ( 5311): +- got 'com.huami.femalehealth.logiclib.O00000Oo.O00000Oo' in 0.009375 ms
09-01 14:25:45.597 D/[Koin]  ( 5311): +- get 'com.huami.femalehealth.logiclib.O00000oO.O00oOooO'
09-01 14:25:45.597 D/[Koin]  ( 5311): +- got 'com.huami.femalehealth.logiclib.O00000oO.O00oOooO' in 0.007032 ms
09-01 14:25:45.597 D/[Koin]  ( 5311): +- got 'com.huami.femalehealth.logiclib.O00000Oo.O00000o' in 0.237917 ms
09-01 14:25:45.597 D/[Koin]  ( 5311): +- got 'com.huami.femalehealth.logiclib.O0000O0o.O0000O0o' in 1.197656 ms
09-01 14:25:45.597 D/[Koin]  ( 5311): +- get 'com.huami.femalehealth.logiclib.O0000O0o.O00000o'
09-01 14:25:45.597 D/[Koin]  ( 5311): | create instance for [type:Factory,primary_type:'com.huami.femalehealth.logiclib.O0000O0o.O00000o']
09-01 14:25:45.598 D/[Koin]  ( 5311): +- get 'com.huami.femalehealth.logiclib.O00000oO.O0000O0o'
09-01 14:25:45.598 D/[Koin]  ( 5311): +- got 'com.huami.femalehealth.logiclib.O00000oO.O0000O0o' in 0.017812 ms
09-01 14:25:45.598 D/[Koin]  ( 5311): +- get 'com.huami.femalehealth.logiclib.O000000o.O00000Oo'
09-01 14:25:45.598 D/[Koin]  ( 5311): +- got 'com.huami.femalehealth.logiclib.O000000o.O00000Oo' in 0.011146 ms
09-01 14:25:45.598 D/[Koin]  ( 5311): +- get 'com.huami.femalehealth.logiclib.db.FemaleHealthDb'
09-01 14:25:45.598 D/[Koin]  ( 5311): +- got 'com.huami.femalehealth.logiclib.db.FemaleHealthDb' in 0.008541 ms
09-01 14:25:45.598 D/[Koin]  ( 5311): +- get 'com.huami.femalehealth.logiclib.O00000Oo.O00000o'
09-01 14:25:45.598 D/[Koin]  ( 5311): | create instance for [type:Factory,primary_type:'com.huami.femalehealth.logiclib.O00000Oo.O00000o']
09-01 14:25:45.598 D/[Koin]  ( 5311): +- get 'com.huami.femalehealth.logiclib.O00000oO.O0000O0o'
09-01 14:25:45.598 D/[Koin]  ( 5311): +- got 'com.huami.femalehealth.logiclib.O00000oO.O0000O0o' in 0.011875 ms
09-01 14:25:45.598 D/[Koin]  ( 5311): +- get 'com.huami.femalehealth.logiclib.O000000o.O00000Oo'
09-01 14:25:45.598 D/[Koin]  ( 5311): +- got 'com.huami.femalehealth.logiclib.O000000o.O00000Oo' in 0.008229 ms
09-01 14:25:45.598 D/[Koin]  ( 5311): +- get 'com.huami.femalehealth.logiclib.db.FemaleHealthDb'
09-01 14:25:45.598 D/[Koin]  ( 5311): +- got 'com.huami.femalehealth.logiclib.db.FemaleHealthDb' in 0.007448 ms
09-01 14:25:45.598 D/[Koin]  ( 5311): +- get 'com.huami.femalehealth.logiclib.O00000Oo.O00000Oo'
09-01 14:25:45.598 D/[Koin]  ( 5311): +- got 'com.huami.femalehealth.logiclib.O00000Oo.O00000Oo' in 0.01151 ms
09-01 14:25:45.598 D/[Koin]  ( 5311): +- get 'com.huami.femalehealth.logiclib.O00000oO.O00oOooO'
09-01 14:25:45.598 D/[Koin]  ( 5311): +- got 'com.huami.femalehealth.logiclib.O00000oO.O00oOooO' in 0.011407 ms
09-01 14:25:45.598 D/[Koin]  ( 5311): +- got 'com.huami.femalehealth.logiclib.O00000Oo.O00000o' in 0.265677 ms
09-01 14:25:45.598 D/[Koin]  ( 5311): +- get 'com.huami.femalehealth.logiclib.O00000Oo.O00000o0'
09-01 14:25:45.598 D/[Koin]  ( 5311): | create instance for [type:Factory,primary_type:'com.huami.femalehealth.logiclib.O00000Oo.O00000o0']
09-01 14:25:45.598 D/[Koin]  ( 5311): +- got 'com.huami.femalehealth.logiclib.O00000Oo.O00000o0' in 0.042448 ms
09-01 14:25:45.598 D/[Koin]  ( 5311): +- got 'com.huami.femalehealth.logiclib.O0000O0o.O00000o' in 0.608385 ms
09-01 14:25:45.600 E/ResolverController(  679): No valid NAT64 prefix (116, <unspecified>/0)
09-01 14:25:45.601 D/[Koin]  ( 5311): +- got 'com.huami.femalehealth.uilib.viewmodel.FemaleMifitViewModel' in 4.735729 ms
09-01 14:25:45.604 V/AsyncHttpResponse( 5311): Progress 357 from 357 (100%)
09-01 14:25:45.606 D/Event   ( 5311): No subscribers registered for event class com.xiaomi.hm.health.O0000o00.O000OOo0
09-01 14:25:45.606 D/Event   ( 5311): No subscribers registered for event class O00000Oo.O000000o.O000000o.O0000Oo0
09-01 14:25:45.608 W/AsyncHttpResponse( 5311): Current thread has not called Looper.prepare().Forcing synchronous mode
09-01 14:25:45.612 W/AsyncHttpResponse( 5311): Current thread has not called Looper.prepare().Forcing synchronous mode
09-01 14:25:45.614 D/RecentsImpl( 7676): mActivityStateObserver com.xiaomi.hm.health.activity.MainTabActivity
09-01 14:25:45.617 I/appium  ( 5230): AppiumResponse: {"sessionId":"ca6c5edf-f990-460d-ac76-5b706aba62e3","value":{"error":"no such element","message":"An element could not be located on the page using the given search parameters","stacktrace":"io.appium.uiautomator2.common.exceptions.ElementNotFoundException: An element could not be located on the ...
09-01 14:25:45.619 I/AudioTrack( 2503): isLongTimeZoreData zoer date time 11 Seconds
09-01 14:25:45.622 V/AsyncHttpResponse( 5311): Progress 2355 from 2355 (100%)
09-01 14:25:45.628 W/System.err( 5311): java.lang.ClassNotFoundException: com.xiaomi.hm.health.BuildConfig
09-01 14:25:45.628 W/System.err( 5311): 	at java.lang.Class.classForName(Native Method)
09-01 14:25:45.628 W/System.err( 5311): 	at java.lang.Class.forName(Class.java:454)
09-01 14:25:45.628 W/System.err( 5311): 	at java.lang.Class.forName(Class.java:379)
09-01 14:25:45.628 W/System.err( 5311): 	at com.xiaomi.market.sdk.XiaomiUpdateAgent.update(XiaomiUpdateAgent.java:55)
09-01 14:25:45.628 W/System.err( 5311): 	at com.xiaomi.hm.health.O00000o.O000000o.O000000o(AppUpgradeManager.java:540)
09-01 14:25:45.628 W/System.err( 5311): 	at com.xiaomi.hm.health.O00000o.O000000o.O000000o(AppUpgradeManager.java:620)
09-01 14:25:45.628 W/System.err( 5311): 	at com.xiaomi.hm.health.O00000o.O000000o.O000000o(AppUpgradeManager.java:142)
09-01 14:25:45.628 W/System.err( 5311): 	at com.xiaomi.hm.health.O00000o.O000000o.O000000o(AppUpgradeManager.java:46)
09-01 14:25:45.628 W/System.err( 5311): 	at com.xiaomi.hm.health.O00000o.O000000o$O000000o.onItem(AppUpgradeManager.java:106)
09-01 14:25:45.628 W/System.err( 5311): 	at com.huami.O0000o0.O000000o.O00000o.O00000o0.onSuccess(IHMHttpResponseHandler.java:14)
09-01 14:25:45.628 W/System.err( 5311): 	at com.huami.O0000o0.O000000o.O00000Oo$1.O000000o(HMHttpRequest.java:158)
09-01 14:25:45.628 W/System.err( 5311): 	at com.huami.O0000o0.O000000o.O00000Oo$1.b_(HMHttpRequest.java:141)
09-01 14:25:45.628 W/System.err( 5311): 	at io.O000000o.O0000O0o.O00000oO.O00000oO.oOO0O000$O000000o.O00000o(ObservableObserveOn.java:201)
09-01 14:25:45.628 W/System.err( 5311): 	at io.O000000o.O0000O0o.O00000oO.O00000oO.oOO0O000$O000000o.run(ObservableObserveOn.java:255)
09-01 14:25:45.628 W/System.err( 5311): 	at io.O000000o.O000000o.O00000Oo.O00000Oo$O00000Oo.run(HandlerScheduler.java:109)
09-01 14:25:45.628 W/System.err( 5311): 	at android.os.Handler.handleCallback(Handler.java:883)
09-01 14:25:45.628 W/System.err( 5311): 	at android.os.Handler.dispatchMessage(Handler.java:100)
09-01 14:25:45.628 W/System.err( 5311): 	at android.os.Looper.loop(Looper.java:224)
09-01 14:25:45.628 W/System.err( 5311): 	at android.app.ActivityThread.main(ActivityThread.java:7551)
09-01 14:25:45.628 W/System.err( 5311): 	at java.lang.reflect.Method.invoke(Native Method)
09-01 14:25:45.628 W/System.err( 5311): 	at com.android.internal.os.RuntimeInit$MethodAndArgsCaller.run(RuntimeInit.java:539)
09-01 14:25:45.628 W/System.err( 5311): 	at com.android.internal.os.ZygoteInit.main(ZygoteInit.java:950)
09-01 14:25:45.629 W/System.err( 5311): Caused by: java.lang.ClassNotFoundException: com.xiaomi.hm.health.BuildConfig
09-01 14:25:45.629 W/System.err( 5311): 	... 22 more
09-01 14:25:45.633 V/AsyncHttpResponse( 5311): Progress 12 from 12 (100%)
09-01 14:25:45.637 V/xiaomi  ( 5311): [Thread:6302] receive an intent from server, action=com.xiaomi.mipush.RECEIVE_MESSAGE
09-01 14:25:45.637 V/xiaomi  ( 5311): receiving an empty message, drop
09-01 14:25:45.637 V/xiaomi  ( 5311): [Thread:6302] receive an intent from server, action=com.xiaomi.mipush.RECEIVE_MESSAGE
09-01 14:25:45.637 V/xiaomi  ( 5311): receiving an empty message, drop
09-01 14:25:45.637 V/xiaomi  ( 5311): [Thread:6302] receive an intent from server, action=com.xiaomi.mipush.RECEIVE_MESSAGE
09-01 14:25:45.637 V/xiaomi  ( 5311): receiving an empty message, drop
09-01 14:25:45.637 V/xiaomi  ( 5311): [Thread:6302] receive an intent from server, action=com.xiaomi.mipush.RECEIVE_MESSAGE
09-01 14:25:45.637 V/xiaomi  ( 5311): receiving an empty message, drop
09-01 14:25:45.638 V/xiaomi  ( 5311): [Thread:6302] receive an intent from server, action=com.xiaomi.mipush.RECEIVE_MESSAGE
09-01 14:25:45.638 V/xiaomi  ( 5311): receiving an empty message, drop
09-01 14:25:45.638 V/xiaomi  ( 5311): [Thread:6302] receive an intent from server, action=com.xiaomi.mipush.RECEIVE_MESSAGE
09-01 14:25:45.638 V/xiaomi  ( 5311): receiving an empty message, drop
09-01 14:25:45.638 V/xiaomi  ( 5311): [Thread:6302] receive an intent from server, action=com.xiaomi.mipush.RECEIVE_MESSAGE
09-01 14:25:45.638 V/xiaomi  ( 5311): receiving an empty message, drop
09-01 14:25:45.639 V/xiaomi  ( 5311): [Thread:6302] receive an intent from server, action=com.xiaomi.mipush.RECEIVE_MESSAGE
09-01 14:25:45.639 V/xiaomi  ( 5311): receiving an empty message, drop
09-01 14:25:45.642 V/xiaomi  ( 5311): [Thread:6302] receive an intent from server, action=com.xiaomi.mipush.RECEIVE_MESSAGE
09-01 14:25:45.642 V/xiaomi  ( 5311): receiving an empty message, drop
09-01 14:25:45.644 V/xiaomi  ( 5311): [Thread:6302] receive an intent from server, action=com.xiaomi.mipush.RECEIVE_MESSAGE
09-01 14:25:45.644 V/xiaomi  ( 5311): receiving an empty message, drop
09-01 14:25:45.645 V/xiaomi  ( 5311): [Thread:6302] receive an intent from server, action=com.xiaomi.mipush.RECEIVE_MESSAGE
09-01 14:25:45.645 V/xiaomi  ( 5311): receiving an empty message, drop
09-01 14:25:45.647 V/AsyncHttpResponse( 5311): Progress 315 from 315 (100%)
09-01 14:25:45.651 W/DevicePolicyManager( 1639): Package com.xiaomi.hm.health (uid=10241, pid=5311) cannot access Device IDs
09-01 14:25:45.651 W/TelephonyPermissions( 2698): reportAccessDeniedToReadIdentifiers:com.xiaomi.hm.health:getDeviceId:isPreinstalled=false:isPrivApp=false
09-01 14:25:45.652 E/MarketSdkClient( 5311): getDeviceId: The user 10241 does not meet the requirements to access device identifiers.
09-01 14:25:45.652 E/MarketSdkClient( 5311): java.lang.SecurityException: getDeviceId: The user 10241 does not meet the requirements to access device identifiers.
09-01 14:25:45.652 E/MarketSdkClient( 5311): 	at android.os.Parcel.createException(Parcel.java:2074)
09-01 14:25:45.652 E/MarketSdkClient( 5311): 	at android.os.Parcel.readException(Parcel.java:2042)
09-01 14:25:45.652 E/MarketSdkClient( 5311): 	at android.os.Parcel.readException(Parcel.java:1990)
09-01 14:25:45.652 E/MarketSdkClient( 5311): 	at com.android.internal.telephony.ITelephony$Stub$Proxy.getDeviceId(ITelephony.java:10389)
09-01 14:25:45.652 E/MarketSdkClient( 5311): 	at java.lang.reflect.Method.invoke(Native Method)
09-01 14:25:45.652 E/MarketSdkClient( 5311): 	at com.jg.bh.b.a.a.invoke(Native Method)
09-01 14:25:45.652 E/MarketSdkClient( 5311): 	at java.lang.reflect.Proxy.invoke(Proxy.java:1006)
09-01 14:25:45.652 E/MarketSdkClient( 5311): 	at $Proxy5.getDeviceId(Unknown Source)
09-01 14:25:45.652 E/MarketSdkClient( 5311): 	at android.telephony.TelephonyManager.getDeviceId(TelephonyManager.java:1619)
09-01 14:25:45.652 E/MarketSdkClient( 5311): 	at com.xiaomi.market.sdk.Client.acquireIdentity(Client.java:190)
09-01 14:25:45.652 E/MarketSdkClient( 5311): 	at com.xiaomi.market.sdk.Client.init(Client.java:104)
09-01 14:25:45.652 E/MarketSdkClient( 5311): 	at com.xiaomi.market.sdk.XiaomiUpdateAgent.update(XiaomiUpdateAgent.java:74)
09-01 14:25:45.652 E/MarketSdkClient( 5311): 	at com.xiaomi.market.sdk.XiaomiUpdateAgent.update(XiaomiUpdateAgent.java:61)
09-01 14:25:45.652 E/MarketSdkClient( 5311): 	at com.xiaomi.hm.health.O00000o.O000000o.O000000o(AppUpgradeManager.java:540)
09-01 14:25:45.652 E/MarketSdkClient( 5311): 	at com.xiaomi.hm.health.O00000o.O000000o.O000000o(AppUpgradeManager.java:620)
09-01 14:25:45.652 E/MarketSdkClient( 5311): 	at com.xiaomi.hm.health.O00000o.O000000o.O000000o(AppUpgradeManager.java:142)
09-01 14:25:45.652 E/MarketSdkClient( 5311): 	at com.xiaomi.hm.health.O00000o.O000000o.O000000o(AppUpgradeManager.java:46)
09-01 14:25:45.652 E/MarketSdkClient( 5311): 	at com.xiaomi.hm.health.O00000o.O000000o$O000000o.onItem(AppUpgradeManager.java:106)
09-01 14:25:45.652 E/MarketSdkClient( 5311): 	at com.huami.O0000o0.O000000o.O00000o.O00000o0.onSuccess(IHMHttpResponseHandler.java:14)
09-01 14:25:45.652 E/MarketSdkClient( 5311): 	at com.huami.O0000o0.O000000o.O00000Oo$1.O000000o(HMHttpRequest.java:158)
09-01 14:25:45.652 E/MarketSdkClient( 5311): 	at com.huami.O0000o0.O000000o.O00000Oo$1.b_(HMHttpRequest.java:141)
09-01 14:25:45.652 E/MarketSdkClient( 5311): 	at io.O000000o.O0000O0o.O00000oO.O00000oO.oOO0O000$O000000o.O00000o(ObservableObserveOn.java:201)
09-01 14:25:45.652 E/MarketSdkClient( 5311): 	at io.O000000o.O0000O0o.O00000oO.O00000oO.oOO0O000$O000000o.run(ObservableObserveOn.java:255)
09-01 14:25:45.652 E/MarketSdkClient( 5311): 	at io.O000000o.O000000o.O00000Oo.O00000Oo$O00000Oo.run(HandlerScheduler.java:109)
09-01 14:25:45.652 E/MarketSdkClient( 5311): 	at android.os.Handler.handleCallback(Handler.java:883)
09-01 14:25:45.652 E/MarketSdkClient( 5311): 	at android.os.Handler.dispatchMessage(Handler.java:100)
09-01 14:25:45.652 E/MarketSdkClient( 5311): 	at android.os.Looper.loop(Looper.java:224)
09-01 14:25:45.652 E/MarketSdkClient( 5311): 	at android.app.ActivityThread.main(ActivityThread.java:7551)
09-01 14:25:45.652 E/MarketSdkClient( 5311): 	at java.lang.reflect.Method.invoke(Native Method)
09-01 14:25:45.652 E/MarketSdkClient( 5311): 	at com.android.internal.os.RuntimeInit$MethodAndArgsCaller.run(RuntimeInit.java:539)
09-01 14:25:45.652 E/MarketSdkClient( 5311): 	at com.android.internal.os.ZygoteInit.main(ZygoteInit.java:950)
09-01 14:25:45.655 D/MarketUpdateAgent( 5311): start to check update
09-01 14:25:45.656 E/MarketPatcher( 5311): load patcher library failed : java.lang.UnsatisfiedLinkError: dalvik.system.PathClassLoader[DexPathList[[zip file "/data/app/com.xiaomi.hm.health-ooUo9xQvewNmlnoHhfDwKQ==/base.apk", dex file "/data/app/com.xiaomi.hm.health-ooUo9xQvewNmlnoHhfDwKQ==/base.apk"],nativeLibraryDirectories=[/data/app/com.xiaomi.hm.health-ooUo9xQvewNmlnoHhfDwKQ==/lib/arm64, /data/app/com.xiaomi.hm.health-ooUo9xQvewNmlnoHhfDwKQ==/base.apk!/lib/arm64-v8a, /system/lib64, /system/product/lib64]]] couldn't find "libsdk_patcher_jni.so"
09-01 14:25:45.657 D/Event   ( 5311): No subscribers registered for event class com.xiaomi.hm.health.bodyfat.O00000Oo.O00oOooO
09-01 14:25:45.657 D/Event   ( 5311): No subscribers registered for event class O00000Oo.O000000o.O000000o.O0000Oo0
09-01 14:25:45.661 V/AsyncHttpResponse( 5311): Progress 156 from 156 (100%)
09-01 14:25:45.661 D/AppOpsAdapter( 5211): using permission notify! 32
09-01 14:25:45.665 I/BehaviorRecord-Monitor( 5237): com.xiaomi.hm.health , perm: 32 , operation 3 , current size: 0
09-01 14:25:45.672 D/[Koin]  ( 5311): +- get 'com.huami.femalehealth.uilib.O00000o0.O0000Oo'
09-01 14:25:45.672 D/[Koin]  ( 5311): | create instance for [type:Factory,primary_type:'com.huami.femalehealth.uilib.O00000o0.O0000Oo']
09-01 14:25:45.672 D/[Koin]  ( 5311): +- get 'com.huami.femalehealth.logiclib.O00000oO.O00oOooO'
09-01 14:25:45.672 D/[Koin]  ( 5311): +- got 'com.huami.femalehealth.logiclib.O00000oO.O00oOooO' in 0.019427 ms
09-01 14:25:45.672 D/[Koin]  ( 5311): +- get 'com.huami.femalehealth.logiclib.O0000O0o.O00000o'
09-01 14:25:45.672 D/[Koin]  ( 5311): | create instance for [type:Factory,primary_type:'com.huami.femalehealth.logiclib.O0000O0o.O00000o']
09-01 14:25:45.672 D/[Koin]  ( 5311): +- get 'com.huami.femalehealth.logiclib.O00000oO.O0000O0o'
09-01 14:25:45.672 D/[Koin]  ( 5311): +- got 'com.huami.femalehealth.logiclib.O00000oO.O0000O0o' in 0.009323 ms
09-01 14:25:45.672 D/[Koin]  ( 5311): +- get 'com.huami.femalehealth.logiclib.O000000o.O00000Oo'
09-01 14:25:45.672 D/[Koin]  ( 5311): +- got 'com.huami.femalehealth.logiclib.O000000o.O00000Oo' in 0.008594 ms
09-01 14:25:45.672 D/[Koin]  ( 5311): +- get 'com.huami.femalehealth.logiclib.db.FemaleHealthDb'
09-01 14:25:45.672 D/[Koin]  ( 5311): +- got 'com.huami.femalehealth.logiclib.db.FemaleHealthDb' in 0.008541 ms
09-01 14:25:45.672 D/[Koin]  ( 5311): +- get 'com.huami.femalehealth.logiclib.O00000Oo.O00000o'
09-01 14:25:45.672 D/[Koin]  ( 5311): | create instance for [type:Factory,primary_type:'com.huami.femalehealth.logiclib.O00000Oo.O00000o']
09-01 14:25:45.673 D/[Koin]  ( 5311): +- get 'com.huami.femalehealth.logiclib.O00000oO.O0000O0o'
09-01 14:25:45.673 D/[Koin]  ( 5311): +- got 'com.huami.femalehealth.logiclib.O00000oO.O0000O0o' in 0.032032 ms
09-01 14:25:45.673 D/[Koin]  ( 5311): +- get 'com.huami.femalehealth.logiclib.O000000o.O00000Oo'
09-01 14:25:45.673 D/[Koin]  ( 5311): +- got 'com.huami.femalehealth.logiclib.O000000o.O00000Oo' in 0.009739 ms
09-01 14:25:45.673 D/[Koin]  ( 5311): +- get 'com.huami.femalehealth.logiclib.db.FemaleHealthDb'
09-01 14:25:45.673 D/[Koin]  ( 5311): +- got 'com.huami.femalehealth.logiclib.db.FemaleHealthDb' in 0.008594 ms
09-01 14:25:45.673 D/[Koin]  ( 5311): +- get 'com.huami.femalehealth.logiclib.O00000Oo.O00000Oo'
09-01 14:25:45.673 D/[Koin]  ( 5311): +- got 'com.huami.femalehealth.logiclib.O00000Oo.O00000Oo' in 0.032292 ms
09-01 14:25:45.673 D/[Koin]  ( 5311): +- get 'com.huami.femalehealth.logiclib.O00000oO.O00oOooO'
09-01 14:25:45.673 D/[Koin]  ( 5311): +- got 'com.huami.femalehealth.logiclib.O00000oO.O00oOooO' in 0.01224 ms
09-01 14:25:45.674 D/[Koin]  ( 5311): +- got 'com.huami.femalehealth.logiclib.O00000Oo.O00000o' in 1.54302 ms
09-01 14:25:45.674 D/[Koin]  ( 5311): +- get 'com.huami.femalehealth.logiclib.O00000Oo.O00000o0'
09-01 14:25:45.674 D/[Koin]  ( 5311): | create instance for [type:Factory,primary_type:'com.huami.femalehealth.logiclib.O00000Oo.O00000o0']
09-01 14:25:45.674 D/[Koin]  ( 5311): +- got 'com.huami.femalehealth.logiclib.O00000Oo.O00000o0' in 0.054948 ms
09-01 14:25:45.674 D/[Koin]  ( 5311): +- got 'com.huami.femalehealth.logiclib.O0000O0o.O00000o' in 1.880886 ms
09-01 14:25:45.674 D/[Koin]  ( 5311): +- got 'com.huami.femalehealth.uilib.O00000o0.O0000Oo' in 2.365521 ms
09-01 14:25:45.677 V/bt_stack( 8588): [VERBOSE1:btm_ble_gap.cc(1923)] btm_ble_process_ext_adv_pkt: bda=fd:32:0c:ad:56:d5
09-01 14:25:45.677 V/bt_stack( 8588): [VERBOSE1:btm_ble_gap.cc(1847)] btm_ble_process_adv_addr: bda=fd:32:0c:ad:56:d5
09-01 14:25:45.677 V/bt_stack( 8588): [VERBOSE1:btm_ble_gap.cc(2052)]  Waiting for scan response fd:32:0c:ad:56:d5
09-01 14:25:45.677 V/bt_stack( 8588): [VERBOSE1:btm_ble_gap.cc(1923)] btm_ble_process_ext_adv_pkt: bda=fd:32:0c:ad:56:d5
09-01 14:25:45.677 V/bt_stack( 8588): [VERBOSE1:btm_ble_gap.cc(1847)] btm_ble_process_adv_addr: bda=fd:32:0c:ad:56:d5
09-01 14:25:45.678 D/BluetoothUtils( 8588): blockedByLocationOff callingUid=1002
09-01 14:25:45.679 I/BluetoothUtils( 8588): packagename is android.uid.bluetooth:1002 ,and its permission is false
09-01 14:25:45.679 D/BluetoothUtils( 8588): blockedByLocationOff callingUid=1002
09-01 14:25:45.679 V/bt_stack( 8588): [VERBOSE1:gatt_main.cc(1079)] gatt_get_ch_state: ch_state=4
09-01 14:25:45.679 I/BluetoothUtils( 8588): packagename is android.uid.bluetooth:1002 ,and its permission is false
09-01 14:25:45.679 I/bt_stack( 8588): [INFO:gatt_main.cc(912)] gatt_data_process op_code = 27, msg_len = 22
09-01 14:25:45.679 D/BluetoothUtils( 8588): blockedByLocationOff callingUid=1002
09-01 14:25:45.679 V/bt_stack( 8588): [VERBOSE1:gatt_cl.cc(620)] gatt_process_notification
09-01 14:25:45.679 V/bt_stack( 8588): [VERBOSE1:gatt_auth.cc(364)] gatt_get_link_encrypt_status status=0x8e
09-01 14:25:45.679 V/bt_stack( 8588): [VERBOSE1:bta_gattc_act.cc(1309)] bta_gattc_cmpl_cback: conn_id:3 op:6 status:142
09-01 14:25:45.679 V/bt_stack( 8588): [VERBOSE1:gatt_api.cc(1276)] GATT_GetConnectionInfor conn_id=0x0003
09-01 14:25:45.679 I/BluetoothUtils( 8588): packagename is android.uid.bluetooth:1002 ,and its permission is false
09-01 14:25:45.679 V/bt_stack( 8588): [VERBOSE1:bta_gattc_act.cc(1309)] bta_gattc_cmpl_cback: conn_id:4 op:6 status:142
09-01 14:25:45.679 V/bt_stack( 8588): [VERBOSE1:gatt_api.cc(1276)] GATT_GetConnectionInfor conn_id=0x0004
09-01 14:25:45.679 E/bt_btif ( 8588): bta_gattc_process_indicate, ignore HID ind/notificiation
09-01 14:25:45.680 V/bt_stack( 8588): [VERBOSE1:bta_gattc_act.cc(1309)] bta_gattc_cmpl_cback: conn_id:5 op:6 status:142
09-01 14:25:45.680 V/bt_stack( 8588): [VERBOSE1:gatt_api.cc(1276)] GATT_GetConnectionInfor conn_id=0x0005
09-01 14:25:45.680 V/bt_stack( 8588): [VERBOSE1:bta_gattc_act.cc(1309)] bta_gattc_cmpl_cback: conn_id:6 op:6 status:142
09-01 14:25:45.680 V/bt_stack( 8588): [VERBOSE1:gatt_api.cc(1276)] GATT_GetConnectionInfor conn_id=0x0006
09-01 14:25:45.680 V/bt_stack( 8588): [VERBOSE1:bta_gattc_act.cc(1309)] bta_gattc_cmpl_cback: conn_id:7 op:6 status:142
09-01 14:25:45.680 V/bt_stack( 8588): [VERBOSE1:gatt_api.cc(1276)] GATT_GetConnectionInfor conn_id=0x0007
09-01 14:25:45.680 V/bt_stack( 8588): [VERBOSE1:bta_gattc_act.cc(1309)] bta_gattc_cmpl_cback: conn_id:8 op:6 status:142
09-01 14:25:45.680 V/bt_stack( 8588): [VERBOSE1:gatt_api.cc(1276)] GATT_GetConnectionInfor conn_id=0x0008
09-01 14:25:45.680 V/bt_stack( 8588): [VERBOSE1:bta_gattc_utils.cc(346)] Notification registered!
09-01 14:25:45.680 V/bt_stack( 8588): [VERBOSE1:bta_gattc_act.cc(1212)] bta_gattc_proc_other_indication: check p_data->att_value.handle=56 p_data->handle=0
09-01 14:25:45.680 V/bt_stack( 8588): [VERBOSE1:bta_gattc_act.cc(1216)] is_notify0
09-01 14:25:45.680 V/bt_stack( 8588): [VERBOSE1:bta_gattc_act.cc(1309)] bta_gattc_cmpl_cback: conn_id:9 op:6 status:142
09-01 14:25:45.680 V/bt_stack( 8588): [VERBOSE1:gatt_api.cc(1276)] GATT_GetConnectionInfor conn_id=0x0009
09-01 14:25:45.680 W/AsyncHttpResponse( 5311): Current thread has not called Looper.prepare().Forcing synchronous mode
09-01 14:25:45.680 V/bt_stack( 8588): [VERBOSE1:bta_gattc_act.cc(1309)] bta_gattc_cmpl_cback: conn_id:10 op:6 status:142
09-01 14:25:45.680 V/bt_stack( 8588): [VERBOSE1:gatt_api.cc(1276)] GATT_GetConnectionInfor conn_id=0x000a
09-01 14:25:45.680 V/bt_stack( 8588): [VERBOSE1:bta_gattc_act.cc(1309)] bta_gattc_cmpl_cback: conn_id:11 op:6 status:142
09-01 14:25:45.680 V/bt_stack( 8588): [VERBOSE1:gatt_api.cc(1276)] GATT_GetConnectionInfor conn_id=0x000b
09-01 14:25:45.680 V/bt_stack( 8588): [VERBOSE1:bta_gattc_act.cc(1309)] bta_gattc_cmpl_cback: conn_id:12 op:6 status:142
09-01 14:25:45.680 V/bt_stack( 8588): [VERBOSE1:gatt_api.cc(1276)] GATT_GetConnectionInfor conn_id=0x000c
09-01 14:25:45.683 D/BluetoothGatt( 5311): setCharacteristicNotification() - uuid: 00000003-0000-3512-2118-0009af100700 enable: false
09-01 14:25:45.684 D/BtGatt.GattService( 8588): registerForNotification() - address=C3:D4:F4:E3:11:EC enable: false
09-01 14:25:45.684 V/bt_stack( 8588): [VERBOSE1:bta_gattc_api.cc(715)] BTA_GATTC_DeregisterForNotifications deregistered bd_addr=c3:d4:f4:e3:11:ec
09-01 14:25:45.684 D/BtGatt.GattService( 8588): onRegisterForNotifications() - address=null, status=0, registered=0, handle=56
09-01 14:25:45.685 V/bt_stack( 8588): [VERBOSE1:bta_gattc_main.cc(361)] bta_gattc_hdl_event: Event:BTA_GATTC_API_WRITE_EVT
09-01 14:25:45.685 V/bt_stack( 8588): [VERBOSE1:bta_gattc_main.cc(305)] bta_gattc_sm_execute: State 0x02 [GATTC_CONN_ST], Event 0x1f05[BTA_GATTC_API_WRITE_EVT]
09-01 14:25:45.685 V/bt_stack( 8588): [VERBOSE1:bta_gattc_main.cc(341)] bta_gattc_sm_execute: GATTC State Change: 0x02 -> 0x02 after Event 0x1f05
09-01 14:25:45.686 V/bt_stack( 8588): [VERBOSE1:btm_ble_gap.cc(1923)] btm_ble_process_ext_adv_pkt: bda=17:be:83:99:5a:17
09-01 14:25:45.686 V/bt_stack( 8588): [VERBOSE1:btm_ble_gap.cc(1847)] btm_ble_process_adv_addr: bda=17:be:83:99:5a:17
09-01 14:25:45.687 D/BluetoothUtils( 8588): blockedByLocationOff callingUid=1002
09-01 14:25:45.687 I/BluetoothUtils( 8588): packagename is android.uid.bluetooth:1002 ,and its permission is false
09-01 14:25:45.687 D/BluetoothUtils( 8588): blockedByLocationOff callingUid=1002
09-01 14:25:45.687 I/BluetoothUtils( 8588): packagename is android.uid.bluetooth:1002 ,and its permission is false
09-01 14:25:45.688 D/BluetoothUtils( 8588): blockedByLocationOff callingUid=1002
09-01 14:25:45.688 I/BluetoothUtils( 8588): packagename is android.uid.bluetooth:1002 ,and its permission is false
09-01 14:25:45.697 D/[Koin]  ( 5311): +- get 'com.huami.message.O0000OoO.O0000Oo'
09-01 14:25:45.697 D/[Koin]  ( 5311): | create instance for [type:Factory,primary_type:'com.huami.message.O0000OoO.O0000Oo']
09-01 14:25:45.697 D/[Koin]  ( 5311): +- get 'com.huami.message.O0000OOo.O000000o'
09-01 14:25:45.697 D/[Koin]  ( 5311): | create instance for [type:Factory,primary_type:'com.huami.message.O0000OOo.O000000o']
09-01 14:25:45.697 D/[Koin]  ( 5311): +- get 'com.huami.message.O000000o.O00000o'
09-01 14:25:45.697 D/[Koin]  ( 5311): +- got 'com.huami.message.O000000o.O00000o' in 0.027708 ms
09-01 14:25:45.697 D/[Koin]  ( 5311): +- get 'com.huami.message.db.MessageDb'
09-01 14:25:45.697 D/[Koin]  ( 5311): +- got 'com.huami.message.db.MessageDb' in 0.012292 ms
09-01 14:25:45.697 D/[Koin]  ( 5311): +- get 'com.huami.message.O0000Oo0.O000000o'
09-01 14:25:45.697 D/[Koin]  ( 5311): +- got 'com.huami.message.O0000Oo0.O000000o' in 0.00901 ms
09-01 14:25:45.697 D/[Koin]  ( 5311): +- got 'com.huami.message.O0000OOo.O000000o' in 0.632291 ms
09-01 14:25:45.698 D/[Koin]  ( 5311): +- got 'com.huami.message.O0000OoO.O0000Oo' in 0.832396 ms
09-01 14:25:45.698 V/bt_stack( 8588): [VERBOSE1:btm_ble_gap.cc(1923)] btm_ble_process_ext_adv_pkt: bda=12:1c:38:cd:04:e8
09-01 14:25:45.698 V/bt_stack( 8588): [VERBOSE1:btm_ble_gap.cc(1847)] btm_ble_process_adv_addr: bda=12:1c:38:cd:04:e8
09-01 14:25:45.698 D/BluetoothUtils( 8588): blockedByLocationOff callingUid=1002
09-01 14:25:45.699 I/BluetoothUtils( 8588): packagename is android.uid.bluetooth:1002 ,and its permission is false
09-01 14:25:45.699 D/BluetoothUtils( 8588): blockedByLocationOff callingUid=1002
09-01 14:25:45.700 I/BluetoothUtils( 8588): packagename is android.uid.bluetooth:1002 ,and its permission is false
09-01 14:25:45.700 D/BluetoothUtils( 8588): blockedByLocationOff callingUid=1002
09-01 14:25:45.700 I/BluetoothUtils( 8588): packagename is android.uid.bluetooth:1002 ,and its permission is false
09-01 14:25:45.705 V/bt_stack( 8588): [VERBOSE1:btm_ble_gap.cc(1923)] btm_ble_process_ext_adv_pkt: bda=5c:29:57:19:d9:ea
09-01 14:25:45.705 V/bt_stack( 8588): [VERBOSE1:btm_ble_gap.cc(1847)] btm_ble_process_adv_addr: bda=5c:29:57:19:d9:ea
