--------- beginning of main
09-01 14:25:32.302 D/BaseTitleActivity( 4088): setStyle NONE title  darkMode true color 0
09-01 14:25:32.304 D/[Koin]  ( 4088): !- ViewModelProvider getting instance
09-01 14:25:32.304 D/[Koin]  ( 4088): +- get 'com.huami.training.ui.detail.O00000o'
09-01 14:25:32.304 D/[Koin]  ( 4088): | create instance for [type:Factory,primary_type:'com.huami.training.ui.detail.O00000o']
09-01 14:25:32.304 D/[Koin]  ( 4088): +- get 'com.huami.training.O0000o0.O000000o.O000000o'
09-01 14:25:32.304 D/[Koin]  ( 4088): | create instance for [type:Factory,primary_type:'com.huami.training.O0000o0.O000000o.O000000o']
09-01 14:25:32.304 D/[Koin]  ( 4088): +- get 'com.huami.training.O0000Oo.O000000o'
09-01 14:25:32.304 D/[Koin]  ( 4088): +- got 'com.huami.training.O0000Oo.O000000o' in 0.00349 ms
09-01 14:25:32.304 D/[Koin]  ( 4088): +- get 'com.huami.training.db.TrainingDb'
09-01 14:25:32.305 D/[Koin]  ( 4088): +- got 'com.huami.training.db.TrainingDb' in 0.00151 ms
09-01 14:25:32.305 D/[Koin]  ( 4088): +- get 'com.huami.training.O000000o.O000OO0o'
09-01 14:25:32.305 D/[Koin]  ( 4088): +- got 'com.huami.training.O000000o.O000OO0o' in 0.002292 ms
09-01 14:25:32.305 D/[Koin]  ( 4088): +- get 'com.huami.training.O0000OOo.O000OO0o'
09-01 14:25:32.305 D/[Koin]  ( 4088): +- got 'com.huami.training.O0000OOo.O000OO0o' in 0.00125 ms
09-01 14:25:32.305 D/[Koin]  ( 4088): +- got 'com.huami.training.O0000o0.O000000o.O000000o' in 0.166927 ms
09-01 14:25:32.305 D/[Koin]  ( 4088): +- get 'com.huami.training.O0000o0.O000Oo0'
09-01 14:25:32.305 D/[Koin]  ( 4088): | create instance for [type:Factory,primary_type:'com.huami.training.O0000o0.O000Oo0']
09-01 14:25:32.305 D/[Koin]  ( 4088): +- get 'com.huami.training.O0000Oo.O000000o'
09-01 14:25:32.305 D/[Koin]  ( 4088): +- got 'com.huami.training.O0000Oo.O000000o' in 0.001094 ms
09-01 14:25:32.305 D/[Koin]  ( 4088): +- get 'com.huami.training.db.TrainingDb'
09-01 14:25:32.305 D/[Koin]  ( 4088): +- got 'com.huami.training.db.TrainingDb' in 0.001197 ms
09-01 14:25:32.305 D/[Koin]  ( 4088): +- get 'com.huami.training.O00000Oo.O000000o'
09-01 14:25:32.305 D/[Koin]  ( 4088): | create instance for [type:Factory,primary_type:'com.huami.training.O00000Oo.O000000o']
09-01 14:25:32.305 D/[Koin]  ( 4088): +- got 'com.huami.training.O00000Oo.O000000o' in 0.028437 ms
09-01 14:25:32.305 D/[Koin]  ( 4088): +- get 'com.huami.training.O000000o.O000OO0o'
09-01 14:25:32.305 D/[Koin]  ( 4088): +- got 'com.huami.training.O000000o.O000OO0o' in 0.001667 ms
09-01 14:25:32.305 D/[Koin]  ( 4088): +- get 'com.huami.training.O0000OOo.O000OO0o'
09-01 14:25:32.305 D/[Koin]  ( 4088): +- got 'com.huami.training.O0000OOo.O000OO0o' in 0.001302 ms
09-01 14:25:32.305 D/[Koin]  ( 4088): +- got 'com.huami.training.O0000o0.O000Oo0' in 0.210416 ms
09-01 14:25:32.305 D/[Koin]  ( 4088): +- get 'com.huami.training.O0000o0.O000000o'
09-01 14:25:32.305 D/[Koin]  ( 4088): | create instance for [type:Factory,primary_type:'com.huami.training.O0000o0.O000000o']
09-01 14:25:32.305 D/[Koin]  ( 4088): +- get 'com.huami.training.O0000OOo.O000000o'
09-01 14:25:32.305 D/[Koin]  ( 4088): +- got 'com.huami.training.O0000OOo.O000000o' in 0.00224 ms
09-01 14:25:32.305 D/[Koin]  ( 4088): +- get 'com.huami.training.O0000Oo.O000000o'
09-01 14:25:32.305 D/[Koin]  ( 4088): +- got 'com.huami.training.O0000Oo.O000000o' in 0.001458 ms
09-01 14:25:32.305 D/[Koin]  ( 4088): +- get 'com.huami.training.db.TrainingDb'
09-01 14:25:32.305 D/[Koin]  ( 4088): +- got 'com.huami.training.db.TrainingDb' in 0.001094 ms
09-01 14:25:32.305 D/[Koin]  ( 4088): +- get 'com.huami.training.O000000o.O000OO0o'
09-01 14:25:32.305 D/[Koin]  ( 4088): +- got 'com.huami.training.O000000o.O000OO0o' in 0.001354 ms
09-01 14:25:32.305 D/[Koin]  ( 4088): +- get 'com.huami.training.O0000o0O.O00000Oo'
09-01 14:25:32.305 D/[Koin]  ( 4088): +- got 'com.huami.training.O0000o0O.O00000Oo' in 0.001302 ms
09-01 14:25:32.305 D/[Koin]  ( 4088): +- got 'com.huami.training.O0000o0.O000000o' in 0.172969 ms
09-01 14:25:32.305 D/[Koin]  ( 4088): +- get 'com.huami.training.O0000O0o.O000000o.O000000o'
09-01 14:25:32.305 D/[Koin]  ( 4088): | create instance for [type:Factory,primary_type:'com.huami.training.O0000O0o.O000000o.O000000o']
09-01 14:25:32.305 D/[Koin]  ( 4088): +- get 'android.app.Application'
09-01 14:25:32.305 D/[Koin]  ( 4088): +- got 'android.app.Application' in 0.004687 ms
09-01 14:25:32.305 D/[Koin]  ( 4088): +- get 'com.huami.training.O0000o0.O0000o00'
09-01 14:25:32.305 D/[Koin]  ( 4088): | create instance for [type:Factory,primary_type:'com.huami.training.O0000o0.O0000o00']
09-01 14:25:32.305 D/[Koin]  ( 4088): +- get 'com.huami.training.O0000Oo.O000000o'
09-01 14:25:32.305 D/[Koin]  ( 4088): +- got 'com.huami.training.O0000Oo.O000000o' in 0.001355 ms
09-01 14:25:32.305 D/[Koin]  ( 4088): +- get 'com.huami.training.db.TrainingDb'
09-01 14:25:32.305 D/[Koin]  ( 4088): +- got 'com.huami.training.db.TrainingDb' in 0.00125 ms
09-01 14:25:32.305 D/[Koin]  ( 4088): +- get 'com.huami.training.O000000o.O000OO0o'
09-01 14:25:32.305 D/[Koin]  ( 4088): +- got 'com.huami.training.O000000o.O000OO0o' in 0.001198 ms
09-01 14:25:32.305 D/[Koin]  ( 4088): +- get 'com.huami.training.O0000o00.O00000Oo'
09-01 14:25:32.305 D/[Koin]  ( 4088): +- got 'com.huami.training.O0000o00.O00000Oo' in 0.001667 ms
09-01 14:25:32.305 D/[Koin]  ( 4088): +- get 'com.huami.training.O0000OOo.O000OO0o'
09-01 14:25:32.305 D/[Koin]  ( 4088): +- got 'com.huami.training.O0000OOo.O000OO0o' in 0.001303 ms
09-01 14:25:32.305 D/[Koin]  ( 4088): +- got 'com.huami.training.O0000o0.O0000o00' in 0.172187 ms
09-01 14:25:32.305 D/[Koin]  ( 4088): +- get 'com.huami.training.O0000Oo.O000000o'
09-01 14:25:32.305 D/[Koin]  ( 4088): +- got 'com.huami.training.O0000Oo.O000000o' in 0.001303 ms
09-01 14:25:32.305 D/[Koin]  ( 4088): +- get 'com.huami.training.db.TrainingDb'
09-01 14:25:32.305 D/[Koin]  ( 4088): +- got 'com.huami.training.db.TrainingDb' in 0.001094 ms
09-01 14:25:32.305 D/[Koin]  ( 4088): +- got 'com.huami.training.O0000O0o.O000000o.O000000o' in 0.321666 ms
09-01 14:25:32.306 D/[Koin]  ( 4088): +- got 'com.huami.training.ui.detail.O00000o' in 1.159479 ms
09-01 14:25:32.306 D/[Koin]  ( 4088): !- ViewModelProvider got instance in 1.242708
09-01 14:25:32.311 I/chatty  ( 8588): uid=1002(bluetooth) btu message loo expire 94 lines
09-01 14:25:32.313 I/chatty  ( 8588): uid=1002(bluetooth) BT Service Call expire 320 lines
--------- beginning of system
09-01 14:25:32.314 D/WindowManager( 1639): Input focus has changed to Window{a65c2aa u0 com.xiaomi.hm.health/com.huami.training.ui.detail.FeaturedCourseDetailActivity}
09-01 14:25:32.320 W/AsyncHttpResponse( 4088): Current thread has not called Looper.prepare().Forcing synchronous mode
09-01 14:25:32.321 D/RecentsImpl( 7676): mActivityStateObserver com.huami.training.ui.detail.FeaturedCourseDetailActivity
09-01 14:25:32.322 D/TrainingWebApiImpl( 4088): https://api-mifit-cn2.huami.com/trainings/10021567652889
09-01 14:25:32.325 I/Timeline( 1639): Timeline: App_transition_ready time:211098342
09-01 14:25:32.326 W/AsyncHttpResponse( 4088): Current thread has not called Looper.prepare().Forcing synchronous mode
09-01 14:25:32.326 I/Timeline( 1639): Timeline: App_transition_ready time:211098343
09-01 14:25:32.336 I/Timeline( 1639): Timeline: App_transition_ready time:211098353
09-01 14:25:32.344 I/Timeline( 1639): Timeline: App_transition_ready time:211098361
09-01 14:25:32.347 I/Timeline( 1639): Timeline: App_transition_ready time:211098364
09-01 14:25:32.356 I/appium  ( 4037): AppiumResponse: {"sessionId":"f0ce778c-9a08-42fe-b827-2bc440618298","value":{"error":"no such element","message":"An element could not be located on the page using the given search parameters","stacktrace":"io.appium.uiautomator2.common.exceptions.ElementNotFoundException: An element could not be located on the ...
09-01 14:25:32.362 I/ActivityTaskManager( 1639): Displayed com.xiaomi.hm.health/com.huami.training.ui.detail.FeaturedCourseDetailActivity: +90ms
09-01 14:25:32.369 I/SplashScreenServiceDelegate( 1639): None for com.xiaomi.hm.health
09-01 14:25:32.387 V/AsyncHttpResponse( 4088): Progress 1830 from 1830 (100%)
09-01 14:25:32.396 E/ResolverController(  679): No valid NAT64 prefix (116, <unspecified>/0)
09-01 14:25:32.400 E/ResolverController(  679): No valid NAT64 prefix (116, <unspecified>/0)
09-01 14:25:32.400 E/ResolverController(  679): No valid NAT64 prefix (116, <unspecified>/0)
09-01 14:25:32.401 I/MiuiNetworkPolicy( 1639): bandwidth: 134 KB/s, Max bandwidth: 3727 KB/s
09-01 14:25:32.427 V/AsyncHttpResponse( 4088): Progress 4096 from 5762 (71%)
09-01 14:25:32.427 V/AsyncHttpResponse( 4088): Progress 5762 from 5762 (100%)
09-01 14:25:32.443 W/RecentsModel( 7676): onTaskStackChangedBackground: start loading
09-01 14:25:32.443 W/RecentsModel( 7676): getTaskInfoIgnoreHomeAndSplit   taskInfo=ComponentInfo{com.xiaomi.hm.health/com.xiaomi.hm.health.activity.MainTabActivity}
09-01 14:25:32.443 W/RecentsModel( 7676): getTaskInfoIgnoreHomeAndFreeform   taskInfo=ComponentInfo{com.xiaomi.hm.health/com.xiaomi.hm.health.activity.MainTabActivity}
09-01 14:25:32.444 W/RecentsModel( 7676): getTaskInfoIgnoreFreeform   taskInfo=ComponentInfo{com.xiaomi.hm.health/com.xiaomi.hm.health.activity.MainTabActivity}
09-01 14:25:32.444 W/RecentsModel( 7676): onTaskStackChangedBackground: finishLoading loading
09-01 14:25:32.451 D/WindowManager( 1639): Input focus has changed to Window{2473238 u0 com.xiaomi.hm.health/com.huami.training.ui.detail.FeaturedCourseDetailActivity}
09-01 14:25:32.460 W/AsyncHttpResponse( 4088): Current thread has not called Looper.prepare().Forcing synchronous mode
09-01 14:25:32.464 E/InputDispatcher( 1639): Window handle Window{a65c2aa u0 com.xiaomi.hm.health/com.huami.training.ui.detail.FeaturedCourseDetailActivity} has no registered input channel
09-01 14:25:32.470 W/System.err( 4088): java.lang.IllegalArgumentException: width and height must be > 0
09-01 14:25:32.470 W/System.err( 4088): 	at android.graphics.Bitmap.createBitmap(Bitmap.java:1113)
09-01 14:25:32.470 W/System.err( 4088): 	at android.graphics.Bitmap.createBitmap(Bitmap.java:1080)
09-01 14:25:32.470 W/System.err( 4088): 	at android.graphics.Bitmap.createBitmap(Bitmap.java:1030)
09-01 14:25:32.470 W/System.err( 4088): 	at android.graphics.Bitmap.createBitmap(Bitmap.java:991)
09-01 14:25:32.470 W/System.err( 4088): 	at com.huami.android.image.RoundImageView.O000000o(RoundImageView.kt:263)
09-01 14:25:32.470 W/System.err( 4088): 	at com.huami.android.image.RoundImageView.O00000o0(RoundImageView.kt:184)
09-01 14:25:32.471 W/System.err( 4088): 	at com.huami.android.image.RoundImageView.onDraw(RoundImageView.kt:126)
09-01 14:25:32.471 W/System.err( 4088): 	at android.view.View.draw(View.java:21649)
09-01 14:25:32.471 W/System.err( 4088): 	at android.view.View.updateDisplayListIfDirty(View.java:20518)
09-01 14:25:32.471 W/System.err( 4088): 	at android.view.View.draw(View.java:21378)
09-01 14:25:32.471 W/System.err( 4088): 	at android.view.ViewGroup.drawChild(ViewGroup.java:4425)
09-01 14:25:32.471 W/System.err( 4088): 	at android.view.ViewGroup.dispatchDraw(ViewGroup.java:4177)
09-01 14:25:32.471 W/System.err( 4088): 	at android.view.View.updateDisplayListIfDirty(View.java:20509)
09-01 14:25:32.471 W/System.err( 4088): 	at android.view.View.draw(View.java:21378)
09-01 14:25:32.471 W/System.err( 4088): 	at android.view.ViewGroup.drawChild(ViewGroup.java:4425)
09-01 14:25:32.471 W/System.err( 4088): 	at android.view.ViewGroup.dispatchDraw(ViewGroup.java:4177)
09-01 14:25:32.471 W/System.err( 4088): 	at androidx.constraintlayout.widget.ConstraintLayout.dispatchDraw(ConstraintLayout.java:2023)
09-01 14:25:32.471 W/System.err( 4088): 	at android.view.View.draw(View.java:21652)
09-01 14:25:32.471 W/System.err( 4088): 	at android.view.View.updateDisplayListIfDirty(View.java:20518)
09-01 14:25:32.471 W/System.err( 4088): 	at android.view.View.draw(View.java:21378)
09-01 14:25:32.471 W/System.err( 4088): 	at android.view.ViewGroup.drawChild(ViewGroup.java:4425)
09-01 14:25:32.471 W/System.err( 4088): 	at android.view.ViewGroup.dispatchDraw(ViewGroup.java:4177)
09-01 14:25:32.471 W/System.err( 4088): 	at android.view.View.draw(View.java:21652)
09-01 14:25:32.471 W/System.err( 4088): 	at android.view.View.updateDisplayListIfDirty(View.java:20518)
09-01 14:25:32.471 W/System.err( 4088): 	at android.view.View.draw(View.java:21378)
09-01 14:25:32.471 W/System.err( 4088): 	at android.view.ViewGroup.drawChild(ViewGroup.java:4425)
09-01 14:25:32.471 W/System.err( 4088): 	at android.view.ViewGroup.dispatchDraw(ViewGroup.java:4177)
09-01 14:25:32.471 W/System.err( 4088): 	at androidx.constraintlayout.widget.ConstraintLayout.dispatchDraw(ConstraintLayout.java:2023)
09-01 14:25:32.471 W/System.err( 4088): 	at android.view.View.updateDisplayListIfDirty(View.java:20509)
09-01 14:25:32.471 W/System.err( 4088): 	at android.view.View.draw(View.java:21378)
09-01 14:25:32.471 W/System.err( 4088): 	at android.view.ViewGroup.drawChild(ViewGroup.java:4425)
09-01 14:25:32.471 W/System.err( 4088): 	at android.view.ViewGroup.dispatchDraw(ViewGroup.java:4177)
09-01 14:25:32.471 W/System.err( 4088): 	at android.view.View.draw(View.java:21652)
09-01 14:25:32.471 W/System.err( 4088): 	at androidx.core.widget.NestedScrollView.draw(NestedScrollView.java:1998)
09-01 14:25:32.471 W/System.err( 4088): 	at android.view.View.updateDisplayListIfDirty(View.java:20518)
09-01 14:25:32.471 W/System.err( 4088): 	at android.view.View.draw(View.java:21378)
09-01 14:25:32.471 W/System.err( 4088): 	at android.view.ViewGroup.drawChild(ViewGroup.java:4425)
09-01 14:25:32.471 W/System.err( 4088): 	at android.view.ViewGroup.dispatchDraw(ViewGroup.java:4177)
09-01 14:25:32.471 W/System.err( 4088): 	at android.view.View.updateDisplayListIfDirty(View.java:20509)
09-01 14:25:32.471 W/System.err( 4088): 	at android.view.View.draw(View.java:21378)
09-01 14:25:32.471 W/System.err( 4088): 	at android.view.ViewGroup.drawChild(ViewGroup.java:4425)
09-01 14:25:32.471 W/System.err( 4088): 	at android.view.ViewGroup.dispatchDraw(ViewGroup.java:4177)
09-01 14:25:32.471 W/System.err( 4088): 	at android.view.View.draw(View.java:21652)
09-01 14:25:32.471 W/System.err( 4088): 	at android.view.View.updateDisplayListIfDirty(View.java:20518)
09-01 14:25:32.471 W/System.err( 4088): 	at android.view.View.draw(View.java:21378)
09-01 14:25:32.471 W/System.err( 4088): 	at android.view.ViewGroup.drawChild(ViewGroup.java:4425)
09-01 14:25:32.471 W/System.err( 4088): 	at android.view.ViewGroup.dispatchDraw(ViewGroup.java:4177)
09-01 14:25:32.471 W/System.err( 4088): 	at android.view.View.updateDisplayListIfDirty(View.java:20509)
09-01 14:25:32.471 W/System.err( 4088): 	at android.view.View.draw(View.java:21378)
09-01 14:25:32.471 W/System.err( 4088): 	at android.view.ViewGroup.drawChild(ViewGroup.java:4425)
09-01 14:25:32.471 W/System.err( 4088): 	at android.view.ViewGroup.dispatchDraw(ViewGroup.java:4177)
09-01 14:25:32.471 W/System.err( 4088): 	at android.view.View.draw(View.java:21652)
09-01 14:25:32.471 W/System.err( 4088): 	at android.view.View.updateDisplayListIfDirty(View.java:20518)
09-01 14:25:32.471 W/System.err( 4088): 	at android.view.View.draw(View.java:21378)
09-01 14:25:32.471 W/System.err( 4088): 	at android.view.ViewGroup.drawChild(ViewGroup.java:4425)
09-01 14:25:32.471 W/System.err( 4088): 	at android.view.ViewGroup.dispatchDraw(ViewGroup.java:4177)
09-01 14:25:32.471 W/System.err( 4088): 	at android.view.View.updateDisplayListIfDirty(View.java:20509)
09-01 14:25:32.471 W/System.err( 4088): 	at android.view.View.draw(View.java:21378)
09-01 14:25:32.471 W/System.err( 4088): 	at android.view.ViewGroup.drawChild(ViewGroup.java:4425)
09-01 14:25:32.471 W/System.err( 4088): 	at android.view.ViewGroup.dispatchDraw(ViewGroup.java:4177)
09-01 14:25:32.471 W/System.err( 4088): 	at android.view.View.updateDisplayListIfDirty(View.java:20509)
09-01 14:25:32.471 W/System.err( 4088): 	at android.view.View.draw(View.java:21378)
09-01 14:25:32.471 W/System.err( 4088): 	at android.view.ViewGroup.drawChild(ViewGroup.java:4425)
09-01 14:25:32.471 W/System.err( 4088): 	at android.view.ViewGroup.dispatchDraw(ViewGroup.java:4177)
09-01 14:25:32.471 W/System.err( 4088): 	at android.view.View.updateDisplayListIfDirty(View.java:20509)
09-01 14:25:32.471 W/System.err( 4088): 	at android.view.View.draw(View.java:21378)
09-01 14:25:32.471 W/System.err( 4088): 	at android.view.ViewGroup.drawChild(ViewGroup.java:4425)
09-01 14:25:32.471 W/System.err( 4088): 	at android.view.ViewGroup.dispatchDraw(ViewGroup.java:4177)
09-01 14:25:32.471 W/System.err( 4088): 	at android.view.View.updateDisplayListIfDirty(View.java:20509)
09-01 14:25:32.471 W/System.err( 4088): 	at android.view.View.draw(View.java:21378)
09-01 14:25:32.471 W/System.err( 4088): 	at android.view.ViewGroup.drawChild(ViewGroup.java:4425)
09-01 14:25:32.471 W/System.err( 4088): 	at android.view.ViewGroup.dispatchDraw(ViewGroup.java:4177)
09-01 14:25:32.471 W/System.err( 4088): 	at android.view.View.draw(View.java:21652)
09-01 14:25:32.471 W/System.err( 4088): 	at com.android.internal.policy.DecorView.draw(DecorView.java:838)
09-01 14:25:32.471 W/System.err( 4088): 	at android.view.View.updateDisplayListIfDirty(View.java:20518)
09-01 14:25:32.471 W/System.err( 4088): 	at android.view.ThreadedRenderer.updateViewTreeDisplayList(ThreadedRenderer.java:575)
09-01 14:25:32.471 W/System.err( 4088): 	at android.view.ThreadedRenderer.updateRootDisplayList(ThreadedRenderer.java:581)
09-01 14:25:32.471 W/System.err( 4088): 	at android.view.ThreadedRenderer.draw(ThreadedRenderer.java:654)
09-01 14:25:32.471 W/System.err( 4088): 	at android.view.ViewRootImpl.draw(ViewRootImpl.java:3704)
09-01 14:25:32.471 W/System.err( 4088): 	at android.view.ViewRootImpl.performDraw(ViewRootImpl.java:3499)
09-01 14:25:32.471 W/System.err( 4088): 	at android.view.ViewRootImpl.performTraversals(ViewRootImpl.java:2836)
09-01 14:25:32.471 W/System.err( 4088): 	at android.view.ViewRootImpl.doTraversal(ViewRootImpl.java:1791)
09-01 14:25:32.471 W/System.err( 4088): 	at android.view.ViewRootImpl$TraversalRunnable.run(ViewRootImpl.java:7783)
09-01 14:25:32.471 W/System.err( 4088): 	at android.view.Choreographer$CallbackRecord.run(Choreographer.java:1031)
09-01 14:25:32.471 W/System.err( 4088): 	at android.view.Choreographer.doCallbacks(Choreographer.java:854)
09-01 14:25:32.471 W/System.err( 4088): 	at android.view.Choreographer.doFrame(Choreographer.java:789)
09-01 14:25:32.471 W/System.err( 4088): 	at android.view.Choreographer$FrameDisplayEventReceiver.run(Choreographer.java:1016)
09-01 14:25:32.471 W/System.err( 4088): 	at android.os.Handler.handleCallback(Handler.java:883)
09-01 14:25:32.471 W/System.err( 4088): 	at android.os.Handler.dispatchMessage(Handler.java:100)
09-01 14:25:32.471 W/System.err( 4088): 	at android.os.Looper.loop(Looper.java:224)
09-01 14:25:32.471 W/System.err( 4088): 	at android.app.ActivityThread.main(ActivityThread.java:7551)
09-01 14:25:32.471 W/System.err( 4088): 	at java.lang.reflect.Method.invoke(Native Method)
09-01 14:25:32.471 W/System.err( 4088): 	at com.android.internal.os.RuntimeInit$MethodAndArgsCaller.run(RuntimeInit.java:539)
09-01 14:25:32.471 W/System.err( 4088): 	at com.android.internal.os.ZygoteInit.main(ZygoteInit.java:950)
09-01 14:25:32.472 W/System.err( 4088): java.lang.IllegalArgumentException: width and height must be > 0
09-01 14:25:32.472 W/System.err( 4088): 	at android.graphics.Bitmap.createBitmap(Bitmap.java:1113)
09-01 14:25:32.472 W/System.err( 4088): 	at android.graphics.Bitmap.createBitmap(Bitmap.java:1080)
09-01 14:25:32.472 W/System.err( 4088): 	at android.graphics.Bitmap.createBitmap(Bitmap.java:1030)
09-01 14:25:32.472 W/System.err( 4088): 	at android.graphics.Bitmap.createBitmap(Bitmap.java:991)
09-01 14:25:32.472 W/System.err( 4088): 	at com.huami.android.image.RoundImageView.O000000o(RoundImageView.kt:263)
09-01 14:25:32.472 W/System.err( 4088): 	at com.huami.android.image.RoundImageView.O00000o0(RoundImageView.kt:184)
09-01 14:25:32.472 W/System.err( 4088): 	at com.huami.android.image.RoundImageView.onDraw(RoundImageView.kt:126)
09-01 14:25:32.472 W/System.err( 4088): 	at android.view.View.draw(View.java:21649)
09-01 14:25:32.472 W/System.err( 4088): 	at android.view.View.updateDisplayListIfDirty(View.java:20518)
09-01 14:25:32.472 W/System.err( 4088): 	at android.view.View.draw(View.java:21378)
09-01 14:25:32.472 W/System.err( 4088): 	at android.view.ViewGroup.drawChild(ViewGroup.java:4425)
09-01 14:25:32.472 W/System.err( 4088): 	at android.view.ViewGroup.dispatchDraw(ViewGroup.java:4177)
09-01 14:25:32.472 W/System.err( 4088): 	at android.view.View.updateDisplayListIfDirty(View.java:20509)
09-01 14:25:32.472 W/System.err( 4088): 	at android.view.View.draw(View.java:21378)
09-01 14:25:32.472 W/System.err( 4088): 	at android.view.ViewGroup.drawChild(ViewGroup.java:4425)
09-01 14:25:32.472 W/System.err( 4088): 	at android.view.ViewGroup.dispatchDraw(ViewGroup.java:4177)
09-01 14:25:32.472 W/System.err( 4088): 	at androidx.constraintlayout.widget.ConstraintLayout.dispatchDraw(ConstraintLayout.java:2023)
09-01 14:25:32.472 W/System.err( 4088): 	at android.view.View.draw(View.java:21652)
09-01 14:25:32.472 W/System.err( 4088): 	at android.view.View.updateDisplayListIfDirty(View.java:20518)
09-01 14:25:32.472 W/System.err( 4088): 	at android.view.View.draw(View.java:21378)
09-01 14:25:32.472 W/System.err( 4088): 	at android.view.ViewGroup.drawChild(ViewGroup.java:4425)
09-01 14:25:32.472 W/System.err( 4088): 	at android.view.ViewGroup.dispatchDraw(ViewGroup.java:4177)
09-01 14:25:32.472 W/System.err( 4088): 	at android.view.View.draw(View.java:21652)
09-01 14:25:32.472 W/System.err( 4088): 	at android.view.View.updateDisplayListIfDirty(View.java:20518)
09-01 14:25:32.472 W/System.err( 4088): 	at android.view.View.draw(View.java:21378)
09-01 14:25:32.472 W/System.err( 4088): 	at android.view.ViewGroup.drawChild(ViewGroup.java:4425)
09-01 14:25:32.472 W/System.err( 4088): 	at android.view.ViewGroup.dispatchDraw(ViewGroup.java:4177)
09-01 14:25:32.472 W/System.err( 4088): 	at androidx.constraintlayout.widget.ConstraintLayout.dispatchDraw(ConstraintLayout.java:2023)
09-01 14:25:32.472 W/System.err( 4088): 	at android.view.View.updateDisplayListIfDirty(View.java:20509)
09-01 14:25:32.472 W/System.err( 4088): 	at android.view.View.draw(View.java:21378)
09-01 14:25:32.472 W/System.err( 4088): 	at android.view.ViewGroup.drawChild(ViewGroup.java:4425)
09-01 14:25:32.472 W/System.err( 4088): 	at android.view.ViewGroup.dispatchDraw(ViewGroup.java:4177)
09-01 14:25:32.472 W/System.err( 4088): 	at android.view.View.draw(View.java:21652)
09-01 14:25:32.472 W/System.err( 4088): 	at androidx.core.widget.NestedScrollView.draw(NestedScrollView.java:1998)
09-01 14:25:32.472 W/System.err( 4088): 	at android.view.View.updateDisplayListIfDirty(View.java:20518)
09-01 14:25:32.472 W/System.err( 4088): 	at android.view.View.draw(View.java:21378)
09-01 14:25:32.472 W/System.err( 4088): 	at android.view.ViewGroup.drawChild(ViewGroup.java:4425)
09-01 14:25:32.472 W/System.err( 4088): 	at android.view.ViewGroup.dispatchDraw(ViewGroup.java:4177)
09-01 14:25:32.472 W/System.err( 4088): 	at android.view.View.updateDisplayListIfDirty(View.java:20509)
09-01 14:25:32.472 W/System.err( 4088): 	at android.view.View.draw(View.java:21378)
09-01 14:25:32.472 W/System.err( 4088): 	at android.view.ViewGroup.drawChild(ViewGroup.java:4425)
09-01 14:25:32.472 W/System.err( 4088): 	at android.view.ViewGroup.dispatchDraw(ViewGroup.java:4177)
09-01 14:25:32.472 W/System.err( 4088): 	at android.view.View.draw(View.java:21652)
09-01 14:25:32.472 W/System.err( 4088): 	at android.view.View.updateDisplayListIfDirty(View.java:20518)
09-01 14:25:32.472 W/System.err( 4088): 	at android.view.View.draw(View.java:21378)
09-01 14:25:32.472 W/System.err( 4088): 	at android.view.ViewGroup.drawChild(ViewGroup.java:4425)
09-01 14:25:32.472 W/System.err( 4088): 	at android.view.ViewGroup.dispatchDraw(ViewGroup.java:4177)
09-01 14:25:32.472 W/System.err( 4088): 	at android.view.View.updateDisplayListIfDirty(View.java:20509)
09-01 14:25:32.472 W/System.err( 4088): 	at android.view.View.draw(View.java:21378)
09-01 14:25:32.472 W/System.err( 4088): 	at android.view.ViewGroup.drawChild(ViewGroup.java:4425)
09-01 14:25:32.472 W/System.err( 4088): 	at android.view.ViewGroup.dispatchDraw(ViewGroup.java:4177)
09-01 14:25:32.472 W/System.err( 4088): 	at android.view.View.draw(View.java:21652)
09-01 14:25:32.472 W/System.err( 4088): 	at android.view.View.updateDisplayListIfDirty(View.java:20518)
09-01 14:25:32.472 W/System.err( 4088): 	at android.view.View.draw(View.java:21378)
09-01 14:25:32.472 W/System.err( 4088): 	at android.view.ViewGroup.drawChild(ViewGroup.java:4425)
09-01 14:25:32.472 W/System.err( 4088): 	at android.view.ViewGroup.dispatchDraw(ViewGroup.java:4177)
09-01 14:25:32.472 W/System.err( 4088): 	at android.view.View.updateDisplayListIfDirty(View.java:20509)
09-01 14:25:32.472 W/System.err( 4088): 	at android.view.View.draw(View.java:21378)
09-01 14:25:32.472 W/System.err( 4088): 	at android.view.ViewGroup.drawChild(ViewGroup.java:4425)
09-01 14:25:32.472 W/System.err( 4088): 	at android.view.ViewGroup.dispatchDraw(ViewGroup.java:4177)
09-01 14:25:32.472 W/System.err( 4088): 	at android.view.View.updateDisplayListIfDirty(View.java:20509)
09-01 14:25:32.472 W/System.err( 4088): 	at android.view.View.draw(View.java:21378)
09-01 14:25:32.472 W/System.err( 4088): 	at android.view.ViewGroup.drawChild(ViewGroup.java:4425)
09-01 14:25:32.472 W/System.err( 4088): 	at android.view.ViewGroup.dispatchDraw(ViewGroup.java:4177)
09-01 14:25:32.472 W/System.err( 4088): 	at android.view.View.updateDisplayListIfDirty(View.java:20509)
09-01 14:25:32.472 W/System.err( 4088): 	at android.view.View.draw(View.java:21378)
09-01 14:25:32.472 W/System.err( 4088): 	at android.view.ViewGroup.drawChild(ViewGroup.java:4425)
09-01 14:25:32.472 W/System.err( 4088): 	at android.view.ViewGroup.dispatchDraw(ViewGroup.java:4177)
09-01 14:25:32.472 W/System.err( 4088): 	at android.view.View.updateDisplayListIfDirty(View.java:20509)
09-01 14:25:32.472 W/System.err( 4088): 	at android.view.View.draw(View.java:21378)
09-01 14:25:32.472 W/System.err( 4088): 	at android.view.ViewGroup.drawChild(ViewGroup.java:4425)
09-01 14:25:32.472 W/System.err( 4088): 	at android.view.ViewGroup.dispatchDraw(ViewGroup.java:4177)
09-01 14:25:32.472 W/System.err( 4088): 	at android.view.View.draw(View.java:21652)
09-01 14:25:32.472 W/System.err( 4088): 	at com.android.internal.policy.DecorView.draw(DecorView.java:838)
09-01 14:25:32.472 W/System.err( 4088): 	at android.view.View.updateDisplayListIfDirty(View.java:20518)
09-01 14:25:32.472 W/System.err( 4088): 	at android.view.ThreadedRenderer.updateViewTreeDisplayList(ThreadedRenderer.java:575)
09-01 14:25:32.472 W/System.err( 4088): 	at android.view.ThreadedRenderer.updateRootDisplayList(ThreadedRenderer.java:581)
09-01 14:25:32.472 W/System.err( 4088): 	at android.view.ThreadedRenderer.draw(ThreadedRenderer.java:654)
09-01 14:25:32.472 W/System.err( 4088): 	at android.view.ViewRootImpl.draw(ViewRootImpl.java:3704)
09-01 14:25:32.472 W/System.err( 4088): 	at android.view.ViewRootImpl.performDraw(ViewRootImpl.java:3499)
09-01 14:25:32.472 W/System.err( 4088): 	at android.view.ViewRootImpl.performTraversals(ViewRootImpl.java:2836)
09-01 14:25:32.473 W/System.err( 4088): 	at android.view.ViewRootImpl.doTraversal(ViewRootImpl.java:1791)
09-01 14:25:32.473 W/System.err( 4088): 	at android.view.ViewRootImpl$TraversalRunnable.run(ViewRootImpl.java:7783)
09-01 14:25:32.473 W/System.err( 4088): 	at android.view.Choreographer$CallbackRecord.run(Choreographer.java:1031)
09-01 14:25:32.473 W/System.err( 4088): 	at android.view.Choreographer.doCallbacks(Choreographer.java:854)
09-01 14:25:32.473 W/System.err( 4088): 	at android.view.Choreographer.doFrame(Choreographer.java:789)
09-01 14:25:32.473 W/System.err( 4088): 	at android.view.Choreographer$FrameDisplayEventReceiver.run(Choreographer.java:1016)
09-01 14:25:32.473 W/System.err( 4088): 	at android.os.Handler.handleCallback(Handler.java:883)
09-01 14:25:32.473 W/System.err( 4088): 	at android.os.Handler.dispatchMessage(Handler.java:100)
09-01 14:25:32.473 W/System.err( 4088): 	at android.os.Looper.loop(Looper.java:224)
09-01 14:25:32.473 W/System.err( 4088): 	at android.app.ActivityThread.main(ActivityThread.java:7551)
09-01 14:25:32.473 W/System.err( 4088): 	at java.lang.reflect.Method.invoke(Native Method)
09-01 14:25:32.473 W/System.err( 4088): 	at com.android.internal.os.RuntimeInit$MethodAndArgsCaller.run(RuntimeInit.java:539)
09-01 14:25:32.473 W/System.err( 4088): 	at com.android.internal.os.ZygoteInit.main(ZygoteInit.java:950)
09-01 14:25:32.473 W/System.err( 4088): java.lang.IllegalArgumentException: width and height must be > 0
09-01 14:25:32.473 W/System.err( 4088): 	at android.graphics.Bitmap.createBitmap(Bitmap.java:1113)
09-01 14:25:32.473 W/System.err( 4088): 	at android.graphics.Bitmap.createBitmap(Bitmap.java:1080)
09-01 14:25:32.473 W/System.err( 4088): 	at android.graphics.Bitmap.createBitmap(Bitmap.java:1030)
09-01 14:25:32.473 W/System.err( 4088): 	at android.graphics.Bitmap.createBitmap(Bitmap.java:991)
09-01 14:25:32.473 W/System.err( 4088): 	at com.huami.android.image.RoundImageView.O000000o(RoundImageView.kt:263)
09-01 14:25:32.473 W/System.err( 4088): 	at com.huami.android.image.RoundImageView.O00000o0(RoundImageView.kt:184)
09-01 14:25:32.473 W/System.err( 4088): 	at com.huami.android.image.RoundImageView.onDraw(RoundImageView.kt:126)
09-01 14:25:32.473 W/System.err( 4088): 	at android.view.View.draw(View.java:21649)
09-01 14:25:32.473 W/System.err( 4088): 	at android.view.View.updateDisplayListIfDirty(View.java:20518)
09-01 14:25:32.473 W/System.err( 4088): 	at android.view.View.draw(View.java:21378)
09-01 14:25:32.473 W/System.err( 4088): 	at android.view.ViewGroup.drawChild(ViewGroup.java:4425)
09-01 14:25:32.473 W/System.err( 4088): 	at android.view.ViewGroup.dispatchDraw(ViewGroup.java:4177)
09-01 14:25:32.473 W/System.err( 4088): 	at android.view.View.updateDisplayListIfDirty(View.java:20509)
09-01 14:25:32.473 W/System.err( 4088): 	at android.view.View.draw(View.java:21378)
09-01 14:25:32.473 W/System.err( 4088): 	at android.view.ViewGroup.drawChild(ViewGroup.java:4425)
09-01 14:25:32.473 W/System.err( 4088): 	at android.view.ViewGroup.dispatchDraw(ViewGroup.java:4177)
09-01 14:25:32.473 W/System.err( 4088): 	at androidx.constraintlayout.widget.ConstraintLayout.dispatchDraw(ConstraintLayout.java:2023)
09-01 14:25:32.473 W/System.err( 4088): 	at android.view.View.draw(View.java:21652)
09-01 14:25:32.473 W/System.err( 4088): 	at android.view.View.updateDisplayListIfDirty(View.java:20518)
09-01 14:25:32.473 W/System.err( 4088): 	at android.view.View.draw(View.java:21378)
09-01 14:25:32.473 W/System.err( 4088): 	at android.view.ViewGroup.drawChild(ViewGroup.java:4425)
09-01 14:25:32.473 W/System.err( 4088): 	at android.view.ViewGroup.dispatchDraw(ViewGroup.java:4177)
09-01 14:25:32.473 W/System.err( 4088): 	at android.view.View.draw(View.java:21652)
09-01 14:25:32.473 W/System.err( 4088): 	at android.view.View.updateDisplayListIfDirty(View.java:20518)
09-01 14:25:32.473 W/System.err( 4088): 	at android.view.View.draw(View.java:21378)
09-01 14:25:32.473 W/System.err( 4088): 	at android.view.ViewGroup.drawChild(ViewGroup.java:4425)
09-01 14:25:32.473 W/System.err( 4088): 	at android.view.ViewGroup.dispatchDraw(ViewGroup.java:4177)
09-01 14:25:32.473 W/System.err( 4088): 	at androidx.constraintlayout.widget.ConstraintLayout.dispatchDraw(ConstraintLayout.java:2023)
09-01 14:25:32.473 W/System.err( 4088): 	at android.view.View.updateDisplayListIfDirty(View.java:20509)
09-01 14:25:32.473 W/System.err( 4088): 	at android.view.View.draw(View.java:21378)
09-01 14:25:32.473 W/System.err( 4088): 	at android.view.ViewGroup.drawChild(ViewGroup.java:4425)
09-01 14:25:32.473 W/System.err( 4088): 	at android.view.ViewGroup.dispatchDraw(ViewGroup.java:4177)
09-01 14:25:32.473 W/System.err( 4088): 	at android.view.View.draw(View.java:21652)
09-01 14:25:32.473 W/System.err( 4088): 	at androidx.core.widget.NestedScrollView.draw(NestedScrollView.java:1998)
09-01 14:25:32.473 W/System.err( 4088): 	at android.view.View.updateDisplayListIfDirty(View.java:20518)
09-01 14:25:32.473 W/System.err( 4088): 	at android.view.View.draw(View.java:21378)
09-01 14:25:32.473 W/System.err( 4088): 	at android.view.ViewGroup.drawChild(ViewGroup.java:4425)
09-01 14:25:32.473 W/System.err( 4088): 	at android.view.ViewGroup.dispatchDraw(ViewGroup.java:4177)
09-01 14:25:32.473 W/System.err( 4088): 	at android.view.View.updateDisplayListIfDirty(View.java:20509)
09-01 14:25:32.473 W/System.err( 4088): 	at android.view.View.draw(View.java:21378)
09-01 14:25:32.473 W/System.err( 4088): 	at android.view.ViewGroup.drawChild(ViewGroup.java:4425)
09-01 14:25:32.473 W/System.err( 4088): 	at android.view.ViewGroup.dispatchDraw(ViewGroup.java:4177)
09-01 14:25:32.473 W/System.err( 4088): 	at android.view.View.draw(View.java:21652)
09-01 14:25:32.473 W/System.err( 4088): 	at android.view.View.updateDisplayListIfDirty(View.java:20518)
09-01 14:25:32.473 W/System.err( 4088): 	at android.view.View.draw(View.java:21378)
09-01 14:25:32.473 W/System.err( 4088): 	at android.view.ViewGroup.drawChild(ViewGroup.java:4425)
09-01 14:25:32.473 W/System.err( 4088): 	at android.view.ViewGroup.dispatchDraw(ViewGroup.java:4177)
09-01 14:25:32.473 W/System.err( 4088): 	at android.view.View.updateDisplayListIfDirty(View.java:20509)
09-01 14:25:32.473 W/System.err( 4088): 	at android.view.View.draw(View.java:21378)
09-01 14:25:32.473 W/System.err( 4088): 	at android.view.ViewGroup.drawChild(ViewGroup.java:4425)
09-01 14:25:32.473 W/System.err( 4088): 	at android.view.ViewGroup.dispatchDraw(ViewGroup.java:4177)
09-01 14:25:32.473 W/System.err( 4088): 	at android.view.View.draw(View.java:21652)
09-01 14:25:32.474 W/System.err( 4088): 	at android.view.View.updateDisplayListIfDirty(View.java:20518)
09-01 14:25:32.474 W/System.err( 4088): 	at android.view.View.draw(View.java:21378)
09-01 14:25:32.474 W/System.err( 4088): 	at android.view.ViewGroup.drawChild(ViewGroup.java:4425)
09-01 14:25:32.474 W/System.err( 4088): 	at android.view.ViewGroup.dispatchDraw(ViewGroup.java:4177)
09-01 14:25:32.474 W/System.err( 4088): 	at android.view.View.updateDisplayListIfDirty(View.java:20509)
09-01 14:25:32.474 W/System.err( 4088): 	at android.view.View.draw(View.java:21378)
09-01 14:25:32.474 W/System.err( 4088): 	at android.view.ViewGroup.drawChild(ViewGroup.java:4425)
09-01 14:25:32.474 W/System.err( 4088): 	at android.view.ViewGroup.dispatchDraw(ViewGroup.java:4177)
09-01 14:25:32.474 W/System.err( 4088): 	at android.view.View.updateDisplayListIfDirty(View.java:20509)
09-01 14:25:32.474 W/System.err( 4088): 	at android.view.View.draw(View.java:21378)
09-01 14:25:32.474 W/System.err( 4088): 	at android.view.ViewGroup.drawChild(ViewGroup.java:4425)
09-01 14:25:32.474 W/System.err( 4088): 	at android.view.ViewGroup.dispatchDraw(ViewGroup.java:4177)
09-01 14:25:32.474 W/System.err( 4088): 	at android.view.View.updateDisplayListIfDirty(View.java:20509)
09-01 14:25:32.474 W/System.err( 4088): 	at android.view.View.draw(View.java:21378)
09-01 14:25:32.474 W/System.err( 4088): 	at android.view.ViewGroup.drawChild(ViewGroup.java:4425)
09-01 14:25:32.474 W/System.err( 4088): 	at android.view.ViewGroup.dispatchDraw(ViewGroup.java:4177)
09-01 14:25:32.474 W/System.err( 4088): 	at android.view.View.updateDisplayListIfDirty(View.java:20509)
09-01 14:25:32.474 W/System.err( 4088): 	at android.view.View.draw(View.java:21378)
09-01 14:25:32.474 W/System.err( 4088): 	at android.view.ViewGroup.drawChild(ViewGroup.java:4425)
09-01 14:25:32.474 W/System.err( 4088): 	at android.view.ViewGroup.dispatchDraw(ViewGroup.java:4177)
09-01 14:25:32.474 W/System.err( 4088): 	at android.view.View.draw(View.java:21652)
09-01 14:25:32.474 W/System.err( 4088): 	at com.android.internal.policy.DecorView.draw(DecorView.java:838)
09-01 14:25:32.474 W/System.err( 4088): 	at android.view.View.updateDisplayListIfDirty(View.java:20518)
09-01 14:25:32.474 W/System.err( 4088): 	at android.view.ThreadedRenderer.updateViewTreeDisplayList(ThreadedRenderer.java:575)
09-01 14:25:32.474 W/System.err( 4088): 	at android.view.ThreadedRenderer.updateRootDisplayList(ThreadedRenderer.java:581)
09-01 14:25:32.474 W/System.err( 4088): 	at android.view.ThreadedRenderer.draw(ThreadedRenderer.java:654)
09-01 14:25:32.474 W/System.err( 4088): 	at android.view.ViewRootImpl.draw(ViewRootImpl.java:3704)
09-01 14:25:32.474 W/System.err( 4088): 	at android.view.ViewRootImpl.performDraw(ViewRootImpl.java:3499)
09-01 14:25:32.474 W/System.err( 4088): 	at android.view.ViewRootImpl.performTraversals(ViewRootImpl.java:2836)
09-01 14:25:32.474 W/System.err( 4088): 	at android.view.ViewRootImpl.doTraversal(ViewRootImpl.java:1791)
09-01 14:25:32.474 W/System.err( 4088): 	at android.view.ViewRootImpl$TraversalRunnable.run(ViewRootImpl.java:7783)
09-01 14:25:32.474 W/System.err( 4088): 	at android.view.Choreographer$CallbackRecord.run(Choreographer.java:1031)
09-01 14:25:32.474 W/System.err( 4088): 	at android.view.Choreographer.doCallbacks(Choreographer.java:854)
09-01 14:25:32.474 W/System.err( 4088): 	at android.view.Choreographer.doFrame(Choreographer.java:789)
09-01 14:25:32.474 W/System.err( 4088): 	at android.view.Choreographer$FrameDisplayEventReceiver.run(Choreographer.java:1016)
09-01 14:25:32.474 W/System.err( 4088): 	at android.os.Handler.handleCallback(Handler.java:883)
09-01 14:25:32.474 W/System.err( 4088): 	at android.os.Handler.dispatchMessage(Handler.java:100)
09-01 14:25:32.474 W/System.err( 4088): 	at android.os.Looper.loop(Looper.java:224)
09-01 14:25:32.474 W/System.err( 4088): 	at android.app.ActivityThread.main(ActivityThread.java:7551)
09-01 14:25:32.474 W/System.err( 4088): 	at java.lang.reflect.Method.invoke(Native Method)
09-01 14:25:32.474 W/System.err( 4088): 	at com.android.internal.os.RuntimeInit$MethodAndArgsCaller.run(RuntimeInit.java:539)
09-01 14:25:32.474 W/System.err( 4088): 	at com.android.internal.os.ZygoteInit.main(ZygoteInit.java:950)
09-01 14:25:32.474 W/System.err( 4088): java.lang.IllegalArgumentException: width and height must be > 0
09-01 14:25:32.474 W/System.err( 4088): 	at android.graphics.Bitmap.createBitmap(Bitmap.java:1113)
09-01 14:25:32.474 W/System.err( 4088): 	at android.graphics.Bitmap.createBitmap(Bitmap.java:1080)
09-01 14:25:32.474 W/System.err( 4088): 	at android.graphics.Bitmap.createBitmap(Bitmap.java:1030)
09-01 14:25:32.474 W/System.err( 4088): 	at android.graphics.Bitmap.createBitmap(Bitmap.java:991)
09-01 14:25:32.474 W/System.err( 4088): 	at com.huami.android.image.RoundImageView.O000000o(RoundImageView.kt:263)
09-01 14:25:32.474 W/System.err( 4088): 	at com.huami.android.image.RoundImageView.O00000o0(RoundImageView.kt:184)
09-01 14:25:32.474 W/System.err( 4088): 	at com.huami.android.image.RoundImageView.onDraw(RoundImageView.kt:126)
09-01 14:25:32.474 W/System.err( 4088): 	at android.view.View.draw(View.java:21649)
09-01 14:25:32.474 W/System.err( 4088): 	at android.view.View.updateDisplayListIfDirty(View.java:20518)
09-01 14:25:32.474 W/System.err( 4088): 	at android.view.View.draw(View.java:21378)
09-01 14:25:32.474 W/System.err( 4088): 	at android.view.ViewGroup.drawChild(ViewGroup.java:4425)
09-01 14:25:32.474 W/System.err( 4088): 	at android.view.ViewGroup.dispatchDraw(ViewGroup.java:4177)
09-01 14:25:32.474 W/System.err( 4088): 	at android.view.View.updateDisplayListIfDirty(View.java:20509)
09-01 14:25:32.474 W/System.err( 4088): 	at android.view.View.draw(View.java:21378)
09-01 14:25:32.474 W/System.err( 4088): 	at android.view.ViewGroup.drawChild(ViewGroup.java:4425)
09-01 14:25:32.474 W/System.err( 4088): 	at android.view.ViewGroup.dispatchDraw(ViewGroup.java:4177)
09-01 14:25:32.474 W/System.err( 4088): 	at androidx.constraintlayout.widget.ConstraintLayout.dispatchDraw(ConstraintLayout.java:2023)
09-01 14:25:32.474 W/System.err( 4088): 	at android.view.View.draw(View.java:21652)
09-01 14:25:32.474 W/System.err( 4088): 	at android.view.View.updateDisplayListIfDirty(View.java:20518)
09-01 14:25:32.474 W/System.err( 4088): 	at android.view.View.draw(View.java:21378)
09-01 14:25:32.474 W/System.err( 4088): 	at android.view.ViewGroup.drawChild(ViewGroup.java:4425)
09-01 14:25:32.474 W/System.err( 4088): 	at android.view.ViewGroup.dispatchDraw(ViewGroup.java:4177)
09-01 14:25:32.474 W/System.err( 4088): 	at android.view.View.draw(View.java:21652)
09-01 14:25:32.474 W/System.err( 4088): 	at android.view.View.updateDisplayListIfDirty(View.java:20518)
09-01 14:25:32.474 W/System.err( 4088): 	at android.view.View.draw(View.java:21378)
09-01 14:25:32.475 W/System.err( 4088): 	at android.view.ViewGroup.drawChild(ViewGroup.java:4425)
09-01 14:25:32.475 W/System.err( 4088): 	at android.view.ViewGroup.dispatchDraw(ViewGroup.java:4177)
09-01 14:25:32.475 W/System.err( 4088): 	at androidx.constraintlayout.widget.ConstraintLayout.dispatchDraw(ConstraintLayout.java:2023)
09-01 14:25:32.475 W/System.err( 4088): 	at android.view.View.updateDisplayListIfDirty(View.java:20509)
09-01 14:25:32.475 W/System.err( 4088): 	at android.view.View.draw(View.java:21378)
09-01 14:25:32.475 W/System.err( 4088): 	at android.view.ViewGroup.drawChild(ViewGroup.java:4425)
09-01 14:25:32.475 W/System.err( 4088): 	at android.view.ViewGroup.dispatchDraw(ViewGroup.java:4177)
09-01 14:25:32.475 W/System.err( 4088): 	at android.view.View.draw(View.java:21652)
09-01 14:25:32.475 W/System.err( 4088): 	at androidx.core.widget.NestedScrollView.draw(NestedScrollView.java:1998)
09-01 14:25:32.475 W/System.err( 4088): 	at android.view.View.updateDisplayListIfDirty(View.java:20518)
09-01 14:25:32.475 W/System.err( 4088): 	at android.view.View.draw(View.java:21378)
09-01 14:25:32.475 W/System.err( 4088): 	at android.view.ViewGroup.drawChild(ViewGroup.java:4425)
09-01 14:25:32.491 D/ConnectivityService( 1639): requestNetwork for uid/pid:10241/4088 NetworkRequest [ TRACK_DEFAULT id=217, [ Capabilities: INTERNET&NOT_RESTRICTED&TRUSTED Uid: 10241] ]
09-01 14:25:32.548 D/Boost   ( 1639): hostingType=, hostingName={com.xiaomi.hm.health/org.chromium.content.app.SandboxedProcessService0:4}, callerPackage=com.xiaomi.hm.health, isSystem=false, isBoostNeeded=false.
09-01 14:25:32.549 I/ActivityManager( 1639): Start proc 4977:com.google.android.webview:sandboxed_process0:org.chromium.content.app.SandboxedProcessService0:4/u0i15 for  {com.xiaomi.hm.health/org.chromium.content.app.SandboxedProcessService0:4} caller=com.xiaomi.hm.health
09-01 14:25:32.863 I/Timeline( 1639): Timeline: Activity_windows_visible id: ActivityRecord{777b0d9 u0 com.xiaomi.hm.health/com.huami.training.ui.detail.FeaturedCourseDetailActivity t477} time:211098880
09-01 14:25:32.864 I/Timeline( 1639): Timeline: App_transition_stopped time:211098881
09-01 14:25:33.730 I/Timeline( 4088): Timeline: Activity_launch_request time:211099747
09-01 14:25:33.731 I/SplashScreenServiceDelegate( 1639): None for com.xiaomi.hm.health
09-01 14:25:33.731 I/ActivityTaskManager( 1639): START u0 {cmp=com.xiaomi.hm.health/com.huami.training.ui.course.CoursePayActivity (has extras)} from uid 10241
09-01 14:25:33.750 I/ActivityTaskManager( 1639): The Process com.xiaomi.hm.health Already Exists in BG. So sending its PID: 4088
09-01 14:25:33.753 D/WindowManager( 1639): Input focus has changed to null
09-01 14:25:33.757 I/Timeline( 1639): Timeline: App_transition_ready time:211099774
09-01 14:25:33.831 I/Timeline( 1639): Timeline: App_transition_ready time:211099848
09-01 14:25:33.832 I/Timeline( 1639): Timeline: App_transition_ready time:211099849
09-01 14:25:33.832 D/WindowManager( 1639): Input focus has changed to Window{c73296a u0 com.xiaomi.hm.health/com.huami.training.ui.course.CoursePayActivity}
09-01 14:25:33.852 I/Timeline( 1639): Timeline: App_transition_ready time:211099869
09-01 14:25:33.865 I/SplashScreenServiceDelegate( 1639): None for com.xiaomi.hm.health
09-01 14:25:34.355 I/Timeline( 1639): Timeline: Activity_windows_visible id: ActivityRecord{b526be0 u0 com.xiaomi.hm.health/com.huami.training.ui.course.CoursePayActivity t477} time:211100372
09-01 14:25:34.357 I/Timeline( 1639): Timeline: App_transition_stopped time:211100374
09-01 14:25:35.414 I/appium  ( 4037): channel read invoked!
09-01 14:25:35.415 I/appium  ( 4037): channel read: POST /wd/hub/session/f0ce778c-9a08-42fe-b827-2bc440618298/element/e9a362c7-f696-488b-87d5-33246ee2b13b/click
09-01 14:25:35.416 I/appium  ( 4037): Click element command
09-01 14:25:35.443 D/ActivityTrigger( 1639): ActivityTrigger activityPauseTrigger 
09-01 14:25:35.450 I/appium  ( 4037): Waiting up to 10000ms for device to be idle
09-01 14:25:35.451 I/appium  ( 4037): AppiumResponse: {"sessionId":"f0ce778c-9a08-42fe-b827-2bc440618298","value":null}
09-01 14:25:35.454 D/WindowManager( 1639): Input focus has changed to null
09-01 14:25:35.459 I/Timeline( 1639): Timeline: App_transition_ready time:211101475
09-01 14:25:35.464 I/chatty  ( 8588): uid=1002(bluetooth) BT Service Call expire 107 lines
09-01 14:25:35.464 D/RecentsImpl( 7676): mActivityStateObserver com.huami.training.ui.detail.FeaturedCourseDetailActivity
09-01 14:25:35.469 I/Timeline( 1639): Timeline: App_transition_ready time:211101485
09-01 14:25:35.469 D/WindowManager( 1639): Input focus has changed to Window{2473238 u0 com.xiaomi.hm.health/com.huami.training.ui.detail.FeaturedCourseDetailActivity}
09-01 14:25:35.469 I/appium  ( 4037): channel read invoked!
09-01 14:25:35.470 I/appium  ( 4037): channel read: DELETE /wd/hub/session/f0ce778c-9a08-42fe-b827-2bc440618298
09-01 14:25:35.470 I/appium  ( 4037): Delete session command
09-01 14:25:35.472 I/appium  ( 4037): Stopping uiautomator2 io.appium.uiautomator2.http io.appium.uiautomator2.server
09-01 14:25:35.474 I/appium  ( 4037): AppiumResponse: {"sessionId":"f0ce778c-9a08-42fe-b827-2bc440618298","value":null}
09-01 14:25:35.482 I/chatty  ( 8588): uid=1002(bluetooth) btu message loo expire 77 lines
09-01 14:25:35.487 I/Timeline( 1639): Timeline: App_transition_ready time:211101504
09-01 14:25:35.489 I/SplashScreenServiceDelegate( 1639): None for com.xiaomi.hm.health
09-01 14:25:35.534 I/TestRunner( 4037): finished: startServer(io.appium.uiautomator2.server.test.AppiumUiAutomator2Server)
09-01 14:25:35.539 I/MonitoringInstr( 4037): Activities that are still in CREATED to STOPPED: 0
09-01 14:25:35.540 I/TestRunner( 4037): run finished: 1 tests, 0 failed, 0 ignored
09-01 14:25:35.553 D/NetworkSecurityConfig( 4037): No Network Security Config specified, using platform default
09-01 14:25:35.557 E/ResolverController(  679): No valid NAT64 prefix (116, <unspecified>/0)
09-01 14:25:35.566 I/ActivityManager( 1639): Force stopping com.xiaomi.hm.health appid=10241 user=0: from process:5110
09-01 14:25:35.567 I/ActivityManager( 1639): Killing 4088:com.xiaomi.hm.health/u0a241 (adj 0): stop com.xiaomi.hm.health: from process:5110
09-01 14:25:35.570 I/hwservicemanager(  573): getTransport: Cannot find entry vendor.qti.hardware.servicetracker@1.0::IServicetracker/default in either framework or device manifest.
09-01 14:25:35.570 I/ProcessManager( 1639): remove no clear notification:StatusBarNotification(pkg=com.xiaomi.hm.health user=UserHandle{0} id=4 tag=null key=0|com.xiaomi.hm.health|4|null|10241: Notification(channel=O000Oo0 pri=0 contentView=null vibrate=null sound=null defaults=0x0 flags=0x62 color=0xffff5a00 vis=PRIVATE))
09-01 14:25:35.577 I/hwservicemanager(  573): getTransport: Cannot find entry vendor.qti.hardware.servicetracker@1.0::IServicetracker/default in either framework or device manifest.
09-01 14:25:35.578 W/PushService( 5479): 2020-08-31 23:25:35,578 - [WARN::PushService] - GROUPSUMMARY  : 0onNotificationRemovedcom.xiaomi.hm.health
09-01 14:25:35.580 I/hwservicemanager(  573): getTransport: Cannot find entry vendor.qti.hardware.servicetracker@1.0::IServicetracker/default in either framework or device manifest.
09-01 14:25:35.581 D/StatusBar(29730): onNotificationRemoved key=0|com.xiaomi.hm.health|4|null|10241 reason=8
09-01 14:25:35.585 D/IMReply:Notif(22367): onNotificationPosted onNotificationRemoved sbn = 4
09-01 14:25:35.585 I/set_top_app( 1639): success /proc/4977/top_app:0
09-01 14:25:35.586 W/PushService( 5479): 2020-08-31 23:25:35,586 - [WARN::PushService] - GROUPSUMMARY  : 0onNotificationRemovedcom.xiaomi.hm.health
09-01 14:25:35.587 E/ActivityThread(20236): Service com.google.android.gms.chimera.GmsBoundBrokerService has leaked IntentReceiver arve@e1a4312 that was originally registered here. Are you missing a call to unregisterReceiver()?
09-01 14:25:35.587 E/ActivityThread(20236): android.app.IntentReceiverLeaked: Service com.google.android.gms.chimera.GmsBoundBrokerService has leaked IntentReceiver arve@e1a4312 that was originally registered here. Are you missing a call to unregisterReceiver()?
09-01 14:25:35.587 E/ActivityThread(20236): 	at android.app.LoadedApk$ReceiverDispatcher.<init>(LoadedApk.java:1596)
09-01 14:25:35.587 E/ActivityThread(20236): 	at android.app.LoadedApk.getReceiverDispatcher(LoadedApk.java:1372)
09-01 14:25:35.587 E/ActivityThread(20236): 	at android.app.ContextImpl.registerReceiverInternal(ContextImpl.java:1525)
09-01 14:25:35.587 E/ActivityThread(20236): 	at android.app.ContextImpl.registerReceiver(ContextImpl.java:1498)
09-01 14:25:35.587 E/ActivityThread(20236): 	at android.content.ContextWrapper.registerReceiver(ContextWrapper.java:650)
09-01 14:25:35.587 E/ActivityThread(20236): 	at android.content.ContextWrapper.registerReceiver(ContextWrapper.java:650)
09-01 14:25:35.587 E/ActivityThread(20236): 	at android.content.ContextWrapper.registerReceiver(ContextWrapper.java:650)
