09-01 14:25:45.706 D/BluetoothUtils( 8588): blockedByLocationOff callingUid=1002
09-01 14:25:45.706 I/BluetoothUtils( 8588): packagename is android.uid.bluetooth:1002 ,and its permission is false
09-01 14:25:45.706 D/BluetoothUtils( 8588): blockedByLocationOff callingUid=1002
09-01 14:25:45.706 I/BluetoothUtils( 8588): packagename is android.uid.bluetooth:1002 ,and its permission is false
09-01 14:25:45.706 D/BluetoothUtils( 8588): blockedByLocationOff callingUid=1002
09-01 14:25:45.707 I/BluetoothUtils( 8588): packagename is android.uid.bluetooth:1002 ,and its permission is false
09-01 14:25:45.707 W/AsyncHttpResponse( 5311): Current thread has not called Looper.prepare().Forcing synchronous mode
09-01 14:25:45.716 V/bt_stack( 8588): [VERBOSE1:btm_ble_gap.cc(1923)] btm_ble_process_ext_adv_pkt: bda=49:81:c9:cf:46:12
09-01 14:25:45.716 V/bt_stack( 8588): [VERBOSE1:btm_ble_gap.cc(1847)] btm_ble_process_adv_addr: bda=49:81:c9:cf:46:12
09-01 14:25:45.716 V/bt_stack( 8588): [VERBOSE1:btm_ble_gap.cc(2052)]  Waiting for scan response 49:81:c9:cf:46:12
09-01 14:25:45.716 V/bt_stack( 8588): [VERBOSE1:btm_ble_gap.cc(1923)] btm_ble_process_ext_adv_pkt: bda=10:42:5e:92:d4:eb
09-01 14:25:45.716 V/bt_stack( 8588): [VERBOSE1:btm_ble_gap.cc(1847)] btm_ble_process_adv_addr: bda=10:42:5e:92:d4:eb
09-01 14:25:45.717 D/BluetoothUtils( 8588): blockedByLocationOff callingUid=1002
09-01 14:25:45.718 I/BluetoothUtils( 8588): packagename is android.uid.bluetooth:1002 ,and its permission is false
09-01 14:25:45.718 D/BluetoothUtils( 8588): blockedByLocationOff callingUid=1002
09-01 14:25:45.718 I/BluetoothUtils( 8588): packagename is android.uid.bluetooth:1002 ,and its permission is false
09-01 14:25:45.718 D/BluetoothUtils( 8588): blockedByLocationOff callingUid=1002
09-01 14:25:45.718 I/BluetoothUtils( 8588): packagename is android.uid.bluetooth:1002 ,and its permission is false
09-01 14:25:45.723 V/bt_stack( 8588): [VERBOSE1:btm_ble_gap.cc(1923)] btm_ble_process_ext_adv_pkt: bda=77:70:e9:20:dc:cd
09-01 14:25:45.723 V/bt_stack( 8588): [VERBOSE1:btm_ble_gap.cc(1847)] btm_ble_process_adv_addr: bda=77:70:e9:20:dc:cd
09-01 14:25:45.723 D/BluetoothUtils( 8588): blockedByLocationOff callingUid=1002
09-01 14:25:45.724 I/BluetoothUtils( 8588): packagename is android.uid.bluetooth:1002 ,and its permission is false
09-01 14:25:45.724 D/BluetoothUtils( 8588): blockedByLocationOff callingUid=1002
09-01 14:25:45.724 I/BluetoothUtils( 8588): packagename is android.uid.bluetooth:1002 ,and its permission is false
09-01 14:25:45.724 D/BluetoothUtils( 8588): blockedByLocationOff callingUid=1002
09-01 14:25:45.725 I/BluetoothUtils( 8588): packagename is android.uid.bluetooth:1002 ,and its permission is false
09-01 14:25:45.725 V/AsyncHttpResponse( 5311): Progress 315 from 315 (100%)
09-01 14:25:45.727 V/bt_stack( 8588): [VERBOSE1:btm_ble_gap.cc(1923)] btm_ble_process_ext_adv_pkt: bda=63:e7:6b:57:ac:90
09-01 14:25:45.727 V/bt_stack( 8588): [VERBOSE1:btm_ble_gap.cc(1847)] btm_ble_process_adv_addr: bda=63:e7:6b:57:ac:90
09-01 14:25:45.727 V/bt_stack( 8588): [VERBOSE1:btm_ble_gap.cc(2052)]  Waiting for scan response 63:e7:6b:57:ac:90
09-01 14:25:45.727 V/bt_stack( 8588): [VERBOSE1:btm_ble_gap.cc(1923)] btm_ble_process_ext_adv_pkt: bda=63:e7:6b:57:ac:90
09-01 14:25:45.727 V/bt_stack( 8588): [VERBOSE1:btm_ble_gap.cc(1847)] btm_ble_process_adv_addr: bda=63:e7:6b:57:ac:90
09-01 14:25:45.728 D/BluetoothUtils( 8588): blockedByLocationOff callingUid=1002
09-01 14:25:45.728 I/BluetoothUtils( 8588): packagename is android.uid.bluetooth:1002 ,and its permission is false
09-01 14:25:45.728 D/BluetoothUtils( 8588): blockedByLocationOff callingUid=1002
09-01 14:25:45.728 I/BluetoothUtils( 8588): packagename is android.uid.bluetooth:1002 ,and its permission is false
09-01 14:25:45.728 D/BluetoothUtils( 8588): blockedByLocationOff callingUid=1002
09-01 14:25:45.729 I/BluetoothUtils( 8588): packagename is android.uid.bluetooth:1002 ,and its permission is false
09-01 14:25:45.732 V/bt_stack( 8588): [VERBOSE1:btm_ble_gap.cc(1923)] btm_ble_process_ext_adv_pkt: bda=59:bb:67:f0:94:3c
09-01 14:25:45.732 V/bt_stack( 8588): [VERBOSE1:btm_ble_gap.cc(1847)] btm_ble_process_adv_addr: bda=59:bb:67:f0:94:3c
09-01 14:25:45.733 D/BluetoothUtils( 8588): blockedByLocationOff callingUid=1002
09-01 14:25:45.733 I/BluetoothUtils( 8588): packagename is android.uid.bluetooth:1002 ,and its permission is false
09-01 14:25:45.734 D/BluetoothUtils( 8588): blockedByLocationOff callingUid=1002
09-01 14:25:45.734 I/BluetoothUtils( 8588): packagename is android.uid.bluetooth:1002 ,and its permission is false
09-01 14:25:45.734 D/BluetoothUtils( 8588): blockedByLocationOff callingUid=1002
09-01 14:25:45.734 I/BluetoothUtils( 8588): packagename is android.uid.bluetooth:1002 ,and its permission is false
09-01 14:25:45.734 V/bt_stack( 8588): [VERBOSE1:btm_ble_gap.cc(1923)] btm_ble_process_ext_adv_pkt: bda=3c:22:fb:8e:04:19
09-01 14:25:45.735 V/bt_stack( 8588): [VERBOSE1:btm_ble_gap.cc(1847)] btm_ble_process_adv_addr: bda=3c:22:fb:8e:04:19
09-01 14:25:45.735 V/bt_stack( 8588): [VERBOSE1:btm_ble_gap.cc(2052)]  Waiting for scan response 3c:22:fb:8e:04:19
09-01 14:25:45.735 V/bt_stack( 8588): [VERBOSE1:btm_ble_gap.cc(1923)] btm_ble_process_ext_adv_pkt: bda=53:56:a8:ef:e5:80
09-01 14:25:45.735 V/bt_stack( 8588): [VERBOSE1:btm_ble_gap.cc(1847)] btm_ble_process_adv_addr: bda=53:56:a8:ef:e5:80
09-01 14:25:45.735 V/bt_stack( 8588): [VERBOSE1:btm_ble_gap.cc(2052)]  Waiting for scan response 53:56:a8:ef:e5:80
09-01 14:25:45.735 V/bt_stack( 8588): [VERBOSE1:btm_ble_gap.cc(1923)] btm_ble_process_ext_adv_pkt: bda=53:56:a8:ef:e5:80
09-01 14:25:45.736 V/bt_stack( 8588): [VERBOSE1:btm_ble_gap.cc(1847)] btm_ble_process_adv_addr: bda=53:56:a8:ef:e5:80
09-01 14:25:45.736 D/BluetoothUtils( 8588): blockedByLocationOff callingUid=1002
09-01 14:25:45.736 I/BluetoothUtils( 8588): packagename is android.uid.bluetooth:1002 ,and its permission is false
09-01 14:25:45.737 D/BluetoothUtils( 8588): blockedByLocationOff callingUid=1002
09-01 14:25:45.737 I/BluetoothUtils( 8588): packagename is android.uid.bluetooth:1002 ,and its permission is false
09-01 14:25:45.737 D/BluetoothUtils( 8588): blockedByLocationOff callingUid=1002
09-01 14:25:45.737 I/BluetoothUtils( 8588): packagename is android.uid.bluetooth:1002 ,and its permission is false
09-01 14:25:45.740 V/bt_stack( 8588): [VERBOSE1:btm_ble_gap.cc(1923)] btm_ble_process_ext_adv_pkt: bda=0c:1a:06:0e:96:57
09-01 14:25:45.740 V/bt_stack( 8588): [VERBOSE1:btm_ble_gap.cc(1847)] btm_ble_process_adv_addr: bda=0c:1a:06:0e:96:57
09-01 14:25:45.740 I//system/vendor/bin/mi_thermald( 1070): thermal_cpu_set_level: set cpu freq of cpu7 to 2419200
09-01 14:25:45.740 D/BluetoothUtils( 8588): blockedByLocationOff callingUid=1002
09-01 14:25:45.741 I/BluetoothUtils( 8588): packagename is android.uid.bluetooth:1002 ,and its permission is false
09-01 14:25:45.741 D/BluetoothUtils( 8588): blockedByLocationOff callingUid=1002
09-01 14:25:45.741 I/BluetoothUtils( 8588): packagename is android.uid.bluetooth:1002 ,and its permission is false
09-01 14:25:45.741 D/BluetoothUtils( 8588): blockedByLocationOff callingUid=1002
09-01 14:25:45.741 I/BluetoothUtils( 8588): packagename is android.uid.bluetooth:1002 ,and its permission is false
09-01 14:25:45.742 V/bt_stack( 8588): [VERBOSE1:btm_ble_gap.cc(1923)] btm_ble_process_ext_adv_pkt: bda=3a:23:cb:4a:85:2d
09-01 14:25:45.742 V/bt_stack( 8588): [VERBOSE1:btm_ble_gap.cc(1847)] btm_ble_process_adv_addr: bda=3a:23:cb:4a:85:2d
09-01 14:25:45.743 D/BluetoothUtils( 8588): blockedByLocationOff callingUid=1002
09-01 14:25:45.743 I/BluetoothUtils( 8588): packagename is android.uid.bluetooth:1002 ,and its permission is false
09-01 14:25:45.743 D/BluetoothUtils( 8588): blockedByLocationOff callingUid=1002
09-01 14:25:45.743 I/BluetoothUtils( 8588): packagename is android.uid.bluetooth:1002 ,and its permission is false
09-01 14:25:45.744 D/BluetoothUtils( 8588): blockedByLocationOff callingUid=1002
09-01 14:25:45.744 I/BluetoothUtils( 8588): packagename is android.uid.bluetooth:1002 ,and its permission is false
09-01 14:25:45.745 V/AsyncHttpResponse( 5311): Progress 162 from 162 (100%)
09-01 14:25:45.757 V/bt_stack( 8588): [VERBOSE1:btm_ble_gap.cc(1923)] btm_ble_process_ext_adv_pkt: bda=71:d8:ac:89:39:0d
09-01 14:25:45.757 V/bt_stack( 8588): [VERBOSE1:btm_ble_gap.cc(1847)] btm_ble_process_adv_addr: bda=71:d8:ac:89:39:0d
09-01 14:25:45.757 V/bt_stack( 8588): [VERBOSE1:btm_ble_gap.cc(2052)]  Waiting for scan response 71:d8:ac:89:39:0d
09-01 14:25:45.757 V/bt_stack( 8588): [VERBOSE1:btm_ble_gap.cc(1923)] btm_ble_process_ext_adv_pkt: bda=30:b8:83:fe:c9:1f
09-01 14:25:45.757 V/bt_stack( 8588): [VERBOSE1:btm_ble_gap.cc(1847)] btm_ble_process_adv_addr: bda=30:b8:83:fe:c9:1f
09-01 14:25:45.758 D/BluetoothUtils( 8588): blockedByLocationOff callingUid=1002
09-01 14:25:45.758 I/BluetoothUtils( 8588): packagename is android.uid.bluetooth:1002 ,and its permission is false
09-01 14:25:45.759 D/BluetoothUtils( 8588): blockedByLocationOff callingUid=1002
09-01 14:25:45.759 I/BluetoothUtils( 8588): packagename is android.uid.bluetooth:1002 ,and its permission is false
09-01 14:25:45.759 D/BluetoothUtils( 8588): blockedByLocationOff callingUid=1002
09-01 14:25:45.759 I/BluetoothUtils( 8588): packagename is android.uid.bluetooth:1002 ,and its permission is false
09-01 14:25:45.760 V/bt_stack( 8588): [VERBOSE1:btm_ble_gap.cc(1923)] btm_ble_process_ext_adv_pkt: bda=07:5a:b0:04:f2:ba
09-01 14:25:45.760 V/bt_stack( 8588): [VERBOSE1:btm_ble_gap.cc(1847)] btm_ble_process_adv_addr: bda=07:5a:b0:04:f2:ba
09-01 14:25:45.761 D/BluetoothUtils( 8588): blockedByLocationOff callingUid=1002
09-01 14:25:45.761 I/BluetoothUtils( 8588): packagename is android.uid.bluetooth:1002 ,and its permission is false
09-01 14:25:45.761 D/BluetoothUtils( 8588): blockedByLocationOff callingUid=1002
09-01 14:25:45.761 I/BluetoothUtils( 8588): packagename is android.uid.bluetooth:1002 ,and its permission is false
09-01 14:25:45.761 D/BluetoothUtils( 8588): blockedByLocationOff callingUid=1002
09-01 14:25:45.762 I/BluetoothUtils( 8588): packagename is android.uid.bluetooth:1002 ,and its permission is false
09-01 14:25:45.765 V/bt_stack( 8588): [VERBOSE1:btm_ble_gap.cc(1923)] btm_ble_process_ext_adv_pkt: bda=42:9a:6c:91:df:9f
09-01 14:25:45.766 V/bt_stack( 8588): [VERBOSE1:btm_ble_gap.cc(1847)] btm_ble_process_adv_addr: bda=42:9a:6c:91:df:9f
09-01 14:25:45.766 V/bt_stack( 8588): [VERBOSE1:btm_ble_gap.cc(2052)]  Waiting for scan response 42:9a:6c:91:df:9f
09-01 14:25:45.766 V/bt_stack( 8588): [VERBOSE1:btm_ble_gap.cc(1923)] btm_ble_process_ext_adv_pkt: bda=36:c9:49:a0:b6:9d
09-01 14:25:45.766 V/bt_stack( 8588): [VERBOSE1:btm_ble_gap.cc(1847)] btm_ble_process_adv_addr: bda=36:c9:49:a0:b6:9d
09-01 14:25:45.766 D/BluetoothUtils( 8588): blockedByLocationOff callingUid=1002
09-01 14:25:45.767 I/BluetoothUtils( 8588): packagename is android.uid.bluetooth:1002 ,and its permission is false
09-01 14:25:45.767 D/BluetoothUtils( 8588): blockedByLocationOff callingUid=1002
09-01 14:25:45.767 I/BluetoothUtils( 8588): packagename is android.uid.bluetooth:1002 ,and its permission is false
09-01 14:25:45.767 D/BluetoothUtils( 8588): blockedByLocationOff callingUid=1002
09-01 14:25:45.767 I/BluetoothUtils( 8588): packagename is android.uid.bluetooth:1002 ,and its permission is false
09-01 14:25:45.769 V/bt_stack( 8588): [VERBOSE1:gatt_main.cc(1079)] gatt_get_ch_state: ch_state=4
09-01 14:25:45.769 I/bt_stack( 8588): [INFO:gatt_main.cc(912)] gatt_data_process op_code = 19, msg_len = 0
09-01 14:25:45.769 V/bt_stack( 8588): [VERBOSE1:gatt_cl.cc(1094)] gatt_client_handle_server_rsp op_code: 19, len = 0rsp_code: 19
09-01 14:25:45.769 V/bt_stack( 8588): [VERBOSE1:gatt_utils.cc(1191)] gatt_end_operation status=0 op=3 subtype=2
09-01 14:25:45.769 V/bt_stack( 8588): [VERBOSE1:bta_gattc_act.cc(1309)] bta_gattc_cmpl_cback: conn_id:8 op:3 status:0
09-01 14:25:45.769 V/bt_stack( 8588): [VERBOSE1:bta_gattc_main.cc(361)] bta_gattc_hdl_event: Event:BTA_GATTC_OP_CMPL_EVT
09-01 14:25:45.769 V/bt_stack( 8588): [VERBOSE1:bta_gattc_main.cc(305)] bta_gattc_sm_execute: State 0x02 [GATTC_CONN_ST], Event 0x1f0f[BTA_GATTC_OP_CMPL_EVT]
09-01 14:25:45.769 V/bt_stack( 8588): [VERBOSE1:bta_gattc_act.cc(936)] bta_gattc_op_cmpl: op:3
09-01 14:25:45.769 V/bt_stack( 8588): [VERBOSE1:bta_gattc_main.cc(341)] bta_gattc_sm_execute: GATTC State Change: 0x02 -> 0x02 after Event 0x1f0f
09-01 14:25:45.776 D/BluetoothGatt( 5311): setCharacteristicNotification() - uuid: 00000003-0000-3512-2118-0009af100700 enable: true
09-01 14:25:45.777 D/BtGatt.GattService( 8588): registerForNotification() - address=C3:D4:F4:E3:11:EC enable: true
09-01 14:25:45.777 D/BtGatt.GattService( 8588): onRegisterForNotifications() - address=null, status=0, registered=1, handle=56
09-01 14:25:45.778 V/bt_stack( 8588): [VERBOSE1:bta_gattc_main.cc(361)] bta_gattc_hdl_event: Event:BTA_GATTC_API_WRITE_EVT
09-01 14:25:45.778 V/bt_stack( 8588): [VERBOSE1:bta_gattc_main.cc(305)] bta_gattc_sm_execute: State 0x02 [GATTC_CONN_ST], Event 0x1f05[BTA_GATTC_API_WRITE_EVT]
09-01 14:25:45.778 V/bt_stack( 8588): [VERBOSE1:bta_gattc_main.cc(341)] bta_gattc_sm_execute: GATTC State Change: 0x02 -> 0x02 after Event 0x1f05
09-01 14:25:45.780 V/bt_stack( 8588): [VERBOSE1:btm_ble_gap.cc(1923)] btm_ble_process_ext_adv_pkt: bda=45:55:7e:66:6f:d0
09-01 14:25:45.780 V/bt_stack( 8588): [VERBOSE1:btm_ble_gap.cc(1847)] btm_ble_process_adv_addr: bda=45:55:7e:66:6f:d0
09-01 14:25:45.780 V/bt_stack( 8588): [VERBOSE1:btm_ble_gap.cc(2052)]  Waiting for scan response 45:55:7e:66:6f:d0
09-01 14:25:45.782 D/[Koin]  ( 5311): +- get 'com.huami.femalehealth.uilib.O00000o0.O00000o0'
09-01 14:25:45.782 D/[Koin]  ( 5311): | create instance for [type:Single,primary_type:'com.huami.femalehealth.uilib.O00000o0.O00000o0']
09-01 14:25:45.782 D/[Koin]  ( 5311): +- get 'android.content.Context'
09-01 14:25:45.782 D/[Koin]  ( 5311): +- got 'android.content.Context' in 0.009375 ms
09-01 14:25:45.782 D/[Koin]  ( 5311): +- got 'com.huami.femalehealth.uilib.O00000o0.O00000o0' in 0.249323 ms
09-01 14:25:45.788 V/bt_stack( 8588): [VERBOSE1:btm_ble_gap.cc(1923)] btm_ble_process_ext_adv_pkt: bda=6e:84:42:34:50:51
09-01 14:25:45.788 V/bt_stack( 8588): [VERBOSE1:btm_ble_gap.cc(1847)] btm_ble_process_adv_addr: bda=6e:84:42:34:50:51
09-01 14:25:45.788 V/bt_stack( 8588): [VERBOSE1:btm_ble_gap.cc(2052)]  Waiting for scan response 6e:84:42:34:50:51
09-01 14:25:45.788 V/bt_stack( 8588): [VERBOSE1:btm_ble_gap.cc(1923)] btm_ble_process_ext_adv_pkt: bda=17:be:83:99:5a:17
09-01 14:25:45.788 V/bt_stack( 8588): [VERBOSE1:btm_ble_gap.cc(1847)] btm_ble_process_adv_addr: bda=17:be:83:99:5a:17
09-01 14:25:45.788 V/bt_stack( 8588): [VERBOSE1:btm_ble_gap.cc(1923)] btm_ble_process_ext_adv_pkt: bda=24:65:c8:81:ba:6f
09-01 14:25:45.788 V/bt_stack( 8588): [VERBOSE1:btm_ble_gap.cc(1847)] btm_ble_process_adv_addr: bda=24:65:c8:81:ba:6f
09-01 14:25:45.789 D/BluetoothUtils( 8588): blockedByLocationOff callingUid=1002
09-01 14:25:45.789 I/BluetoothUtils( 8588): packagename is android.uid.bluetooth:1002 ,and its permission is false
09-01 14:25:45.789 D/BluetoothUtils( 8588): blockedByLocationOff callingUid=1002
09-01 14:25:45.790 I/BluetoothUtils( 8588): packagename is android.uid.bluetooth:1002 ,and its permission is false
09-01 14:25:45.790 D/BluetoothUtils( 8588): blockedByLocationOff callingUid=1002
09-01 14:25:45.790 I/BluetoothUtils( 8588): packagename is android.uid.bluetooth:1002 ,and its permission is false
09-01 14:25:45.790 D/BluetoothUtils( 8588): blockedByLocationOff callingUid=1002
09-01 14:25:45.791 I/BluetoothUtils( 8588): packagename is android.uid.bluetooth:1002 ,and its permission is false
09-01 14:25:45.791 D/BluetoothUtils( 8588): blockedByLocationOff callingUid=1002
09-01 14:25:45.791 I/BluetoothUtils( 8588): packagename is android.uid.bluetooth:1002 ,and its permission is false
09-01 14:25:45.791 D/BluetoothUtils( 8588): blockedByLocationOff callingUid=1002
09-01 14:25:45.791 I/BluetoothUtils( 8588): packagename is android.uid.bluetooth:1002 ,and its permission is false
09-01 14:25:45.794 V/bt_stack( 8588): [VERBOSE1:btm_ble_gap.cc(1923)] btm_ble_process_ext_adv_pkt: bda=3a:95:e1:8a:cd:9b
09-01 14:25:45.794 V/bt_stack( 8588): [VERBOSE1:btm_ble_gap.cc(1847)] btm_ble_process_adv_addr: bda=3a:95:e1:8a:cd:9b
09-01 14:25:45.795 D/BluetoothUtils( 8588): blockedByLocationOff callingUid=1002
09-01 14:25:45.795 I/BluetoothUtils( 8588): packagename is android.uid.bluetooth:1002 ,and its permission is false
09-01 14:25:45.795 D/BluetoothUtils( 8588): blockedByLocationOff callingUid=1002
09-01 14:25:45.795 I/BluetoothUtils( 8588): packagename is android.uid.bluetooth:1002 ,and its permission is false
09-01 14:25:45.795 D/BluetoothUtils( 8588): blockedByLocationOff callingUid=1002
09-01 14:25:45.796 I/BluetoothUtils( 8588): packagename is android.uid.bluetooth:1002 ,and its permission is false
09-01 14:25:45.807 V/bt_stack( 8588): [VERBOSE1:btm_ble_gap.cc(1923)] btm_ble_process_ext_adv_pkt: bda=5c:29:57:19:d9:ea
09-01 14:25:45.807 V/bt_stack( 8588): [VERBOSE1:btm_ble_gap.cc(1847)] btm_ble_process_adv_addr: bda=5c:29:57:19:d9:ea
09-01 14:25:45.807 D/BluetoothUtils( 8588): blockedByLocationOff callingUid=1002
09-01 14:25:45.808 I/BluetoothUtils( 8588): packagename is android.uid.bluetooth:1002 ,and its permission is false
09-01 14:25:45.808 D/BluetoothUtils( 8588): blockedByLocationOff callingUid=1002
09-01 14:25:45.808 I/BluetoothUtils( 8588): packagename is android.uid.bluetooth:1002 ,and its permission is false
09-01 14:25:45.808 D/BluetoothUtils( 8588): blockedByLocationOff callingUid=1002
09-01 14:25:45.808 I/BluetoothUtils( 8588): packagename is android.uid.bluetooth:1002 ,and its permission is false
09-01 14:25:45.815 V/bt_stack( 8588): [VERBOSE1:btm_ble_gap.cc(1923)] btm_ble_process_ext_adv_pkt: bda=2e:17:70:f9:0b:48
09-01 14:25:45.815 V/bt_stack( 8588): [VERBOSE1:btm_ble_gap.cc(1847)] btm_ble_process_adv_addr: bda=2e:17:70:f9:0b:48
09-01 14:25:45.816 D/BluetoothUtils( 8588): blockedByLocationOff callingUid=1002
09-01 14:25:45.816 I/BluetoothUtils( 8588): packagename is android.uid.bluetooth:1002 ,and its permission is false
09-01 14:25:45.816 D/BluetoothUtils( 8588): blockedByLocationOff callingUid=1002
09-01 14:25:45.817 I/BluetoothUtils( 8588): packagename is android.uid.bluetooth:1002 ,and its permission is false
09-01 14:25:45.817 D/BluetoothUtils( 8588): blockedByLocationOff callingUid=1002
09-01 14:25:45.817 I/BluetoothUtils( 8588): packagename is android.uid.bluetooth:1002 ,and its permission is false
09-01 14:25:45.818 V/bt_stack( 8588): [VERBOSE1:btm_ble_gap.cc(1923)] btm_ble_process_ext_adv_pkt: bda=55:f3:e0:9e:46:e1
09-01 14:25:45.818 V/bt_stack( 8588): [VERBOSE1:btm_ble_gap.cc(1847)] btm_ble_process_adv_addr: bda=55:f3:e0:9e:46:e1
09-01 14:25:45.819 V/bt_stack( 8588): [VERBOSE1:btm_ble_gap.cc(2052)]  Waiting for scan response 55:f3:e0:9e:46:e1
09-01 14:25:45.819 V/bt_stack( 8588): [VERBOSE1:btm_ble_gap.cc(1923)] btm_ble_process_ext_adv_pkt: bda=55:f3:e0:9e:46:e1
09-01 14:25:45.819 V/bt_stack( 8588): [VERBOSE1:btm_ble_gap.cc(1847)] btm_ble_process_adv_addr: bda=55:f3:e0:9e:46:e1
09-01 14:25:45.819 D/BluetoothUtils( 8588): blockedByLocationOff callingUid=1002
09-01 14:25:45.820 I/BluetoothUtils( 8588): packagename is android.uid.bluetooth:1002 ,and its permission is false
09-01 14:25:45.820 D/[Koin]  ( 5311): +- get 'com.huami.femalehealth.uilib.viewmodel.FemaleMifitViewModel'
09-01 14:25:45.820 D/BluetoothUtils( 8588): blockedByLocationOff callingUid=1002
09-01 14:25:45.820 D/[Koin]  ( 5311): | create instance for [type:Factory,primary_type:'com.huami.femalehealth.uilib.viewmodel.FemaleMifitViewModel']
09-01 14:25:45.820 D/[Koin]  ( 5311): +- get 'com.huami.femalehealth.logiclib.O0000O0o.O0000O0o'
09-01 14:25:45.820 D/[Koin]  ( 5311): | create instance for [type:Factory,primary_type:'com.huami.femalehealth.logiclib.O0000O0o.O0000O0o']
09-01 14:25:45.820 D/[Koin]  ( 5311): +- get 'com.huami.femalehealth.logiclib.O00000oO.O0000O0o'
09-01 14:25:45.820 D/[Koin]  ( 5311): +- got 'com.huami.femalehealth.logiclib.O00000oO.O0000O0o' in 0.025938 ms
09-01 14:25:45.820 I/BluetoothUtils( 8588): packagename is android.uid.bluetooth:1002 ,and its permission is false
09-01 14:25:45.820 D/[Koin]  ( 5311): +- get 'com.huami.femalehealth.logiclib.O000000o.O00000Oo'
09-01 14:25:45.820 D/[Koin]  ( 5311): +- got 'com.huami.femalehealth.logiclib.O000000o.O00000Oo' in 0.006771 ms
09-01 14:25:45.820 D/[Koin]  ( 5311): +- get 'com.huami.femalehealth.logiclib.O00000oO.O00oOooO'
09-01 14:25:45.820 D/BluetoothUtils( 8588): blockedByLocationOff callingUid=1002
09-01 14:25:45.820 D/[Koin]  ( 5311): +- got 'com.huami.femalehealth.logiclib.O00000oO.O00oOooO' in 0.005989 ms
09-01 14:25:45.820 D/[Koin]  ( 5311): +- get 'com.huami.femalehealth.logiclib.O00000Oo.O00000o'
09-01 14:25:45.820 D/[Koin]  ( 5311): | create instance for [type:Factory,primary_type:'com.huami.femalehealth.logiclib.O00000Oo.O00000o']
09-01 14:25:45.820 D/[Koin]  ( 5311): +- get 'com.huami.femalehealth.logiclib.O00000oO.O0000O0o'
09-01 14:25:45.820 D/[Koin]  ( 5311): +- got 'com.huami.femalehealth.logiclib.O00000oO.O0000O0o' in 0.006406 ms
09-01 14:25:45.820 D/[Koin]  ( 5311): +- get 'com.huami.femalehealth.logiclib.O000000o.O00000Oo'
09-01 14:25:45.820 D/[Koin]  ( 5311): +- got 'com.huami.femalehealth.logiclib.O000000o.O00000Oo' in 0.005938 ms
09-01 14:25:45.820 D/[Koin]  ( 5311): +- get 'com.huami.femalehealth.logiclib.db.FemaleHealthDb'
09-01 14:25:45.820 D/[Koin]  ( 5311): +- got 'com.huami.femalehealth.logiclib.db.FemaleHealthDb' in 0.005677 ms
09-01 14:25:45.820 D/[Koin]  ( 5311): +- get 'com.huami.femalehealth.logiclib.O00000Oo.O00000Oo'
09-01 14:25:45.820 D/[Koin]  ( 5311): +- got 'com.huami.femalehealth.logiclib.O00000Oo.O00000Oo' in 0.006406 ms
09-01 14:25:45.820 I/BluetoothUtils( 8588): packagename is android.uid.bluetooth:1002 ,and its permission is false
09-01 14:25:45.820 D/[Koin]  ( 5311): +- get 'com.huami.femalehealth.logiclib.O00000oO.O00oOooO'
09-01 14:25:45.820 D/[Koin]  ( 5311): +- got 'com.huami.femalehealth.logiclib.O00000oO.O00oOooO' in 0.005677 ms
09-01 14:25:45.820 D/[Koin]  ( 5311): +- got 'com.huami.femalehealth.logiclib.O00000Oo.O00000o' in 0.205469 ms
09-01 14:25:45.820 D/[Koin]  ( 5311): +- got 'com.huami.femalehealth.logiclib.O0000O0o.O0000O0o' in 0.467604 ms
09-01 14:25:45.820 D/[Koin]  ( 5311): +- get 'com.huami.femalehealth.logiclib.O0000O0o.O00000o'
09-01 14:25:45.820 D/[Koin]  ( 5311): | create instance for [type:Factory,primary_type:'com.huami.femalehealth.logiclib.O0000O0o.O00000o']
09-01 14:25:45.820 D/[Koin]  ( 5311): +- get 'com.huami.femalehealth.logiclib.O00000oO.O0000O0o'
09-01 14:25:45.820 D/[Koin]  ( 5311): +- got 'com.huami.femalehealth.logiclib.O00000oO.O0000O0o' in 0.00651 ms
09-01 14:25:45.820 D/[Koin]  ( 5311): +- get 'com.huami.femalehealth.logiclib.O000000o.O00000Oo'
09-01 14:25:45.820 D/[Koin]  ( 5311): +- got 'com.huami.femalehealth.logiclib.O000000o.O00000Oo' in 0.005521 ms
09-01 14:25:45.820 D/[Koin]  ( 5311): +- get 'com.huami.femalehealth.logiclib.db.FemaleHealthDb'
09-01 14:25:45.820 D/[Koin]  ( 5311): +- got 'com.huami.femalehealth.logiclib.db.FemaleHealthDb' in 0.005365 ms
09-01 14:25:45.820 D/[Koin]  ( 5311): +- get 'com.huami.femalehealth.logiclib.O00000Oo.O00000o'
09-01 14:25:45.820 D/[Koin]  ( 5311): | create instance for [type:Factory,primary_type:'com.huami.femalehealth.logiclib.O00000Oo.O00000o']
09-01 14:25:45.821 D/[Koin]  ( 5311): +- get 'com.huami.femalehealth.logiclib.O00000oO.O0000O0o'
09-01 14:25:45.821 D/[Koin]  ( 5311): +- got 'com.huami.femalehealth.logiclib.O00000oO.O0000O0o' in 0.00526 ms
09-01 14:25:45.821 D/[Koin]  ( 5311): +- get 'com.huami.femalehealth.logiclib.O000000o.O00000Oo'
09-01 14:25:45.821 D/[Koin]  ( 5311): +- got 'com.huami.femalehealth.logiclib.O000000o.O00000Oo' in 0.005156 ms
09-01 14:25:45.821 D/[Koin]  ( 5311): +- get 'com.huami.femalehealth.logiclib.db.FemaleHealthDb'
09-01 14:25:45.821 D/[Koin]  ( 5311): +- got 'com.huami.femalehealth.logiclib.db.FemaleHealthDb' in 0.005625 ms
09-01 14:25:45.821 D/[Koin]  ( 5311): +- get 'com.huami.femalehealth.logiclib.O00000Oo.O00000Oo'
09-01 14:25:45.821 D/[Koin]  ( 5311): +- got 'com.huami.femalehealth.logiclib.O00000Oo.O00000Oo' in 0.005573 ms
09-01 14:25:45.821 D/[Koin]  ( 5311): +- get 'com.huami.femalehealth.logiclib.O00000oO.O00oOooO'
09-01 14:25:45.821 D/[Koin]  ( 5311): +- got 'com.huami.femalehealth.logiclib.O00000oO.O00oOooO' in 0.012031 ms
09-01 14:25:45.821 D/[Koin]  ( 5311): +- got 'com.huami.femalehealth.logiclib.O00000Oo.O00000o' in 0.197865 ms
09-01 14:25:45.821 D/[Koin]  ( 5311): +- get 'com.huami.femalehealth.logiclib.O00000Oo.O00000o0'
09-01 14:25:45.821 D/[Koin]  ( 5311): | create instance for [type:Factory,primary_type:'com.huami.femalehealth.logiclib.O00000Oo.O00000o0']
09-01 14:25:45.821 D/[Koin]  ( 5311): +- got 'com.huami.femalehealth.logiclib.O00000Oo.O00000o0' in 0.031198 ms
09-01 14:25:45.821 D/[Koin]  ( 5311): +- got 'com.huami.femalehealth.logiclib.O0000O0o.O00000o' in 0.481823 ms
09-01 14:25:45.821 D/[Koin]  ( 5311): +- got 'com.huami.femalehealth.uilib.viewmodel.FemaleMifitViewModel' in 1.197552 ms
09-01 14:25:45.822 D/[Koin]  ( 5311): +- get 'com.huami.femalehealth.uilib.viewmodel.StatusViewModel'
09-01 14:25:45.822 D/[Koin]  ( 5311): | create instance for [type:Factory,primary_type:'com.huami.femalehealth.uilib.viewmodel.StatusViewModel']
09-01 14:25:45.822 D/[Koin]  ( 5311): +- get 'com.huami.femalehealth.logiclib.O0000O0o.O00000o'
09-01 14:25:45.822 D/[Koin]  ( 5311): | create instance for [type:Factory,primary_type:'com.huami.femalehealth.logiclib.O0000O0o.O00000o']
09-01 14:25:45.822 D/[Koin]  ( 5311): +- get 'com.huami.femalehealth.logiclib.O00000oO.O0000O0o'
09-01 14:25:45.823 D/[Koin]  ( 5311): +- got 'com.huami.femalehealth.logiclib.O00000oO.O0000O0o' in 0.039583 ms
09-01 14:25:45.823 D/[Koin]  ( 5311): +- get 'com.huami.femalehealth.logiclib.O000000o.O00000Oo'
09-01 14:25:45.823 D/[Koin]  ( 5311): +- got 'com.huami.femalehealth.logiclib.O000000o.O00000Oo' in 0.061875 ms
09-01 14:25:45.823 D/[Koin]  ( 5311): +- get 'com.huami.femalehealth.logiclib.db.FemaleHealthDb'
09-01 14:25:45.823 D/[Koin]  ( 5311): +- got 'com.huami.femalehealth.logiclib.db.FemaleHealthDb' in 0.006615 ms
09-01 14:25:45.823 D/[Koin]  ( 5311): +- get 'com.huami.femalehealth.logiclib.O00000Oo.O00000o'
09-01 14:25:45.823 D/[Koin]  ( 5311): | create instance for [type:Factory,primary_type:'com.huami.femalehealth.logiclib.O00000Oo.O00000o']
09-01 14:25:45.823 D/[Koin]  ( 5311): +- get 'com.huami.femalehealth.logiclib.O00000oO.O0000O0o'
09-01 14:25:45.823 D/[Koin]  ( 5311): +- got 'com.huami.femalehealth.logiclib.O00000oO.O0000O0o' in 0.006094 ms
09-01 14:25:45.823 D/[Koin]  ( 5311): +- get 'com.huami.femalehealth.logiclib.O000000o.O00000Oo'
09-01 14:25:45.823 D/[Koin]  ( 5311): +- got 'com.huami.femalehealth.logiclib.O000000o.O00000Oo' in 0.005677 ms
09-01 14:25:45.823 D/[Koin]  ( 5311): +- get 'com.huami.femalehealth.logiclib.db.FemaleHealthDb'
09-01 14:25:45.823 D/[Koin]  ( 5311): +- got 'com.huami.femalehealth.logiclib.db.FemaleHealthDb' in 0.00526 ms
09-01 14:25:45.823 D/[Koin]  ( 5311): +- get 'com.huami.femalehealth.logiclib.O00000Oo.O00000Oo'
09-01 14:25:45.823 D/[Koin]  ( 5311): +- got 'com.huami.femalehealth.logiclib.O00000Oo.O00000Oo' in 0.006145 ms
09-01 14:25:45.823 D/[Koin]  ( 5311): +- get 'com.huami.femalehealth.logiclib.O00000oO.O00oOooO'
09-01 14:25:45.823 D/[Koin]  ( 5311): +- got 'com.huami.femalehealth.logiclib.O00000oO.O00oOooO' in 0.006198 ms
09-01 14:25:45.823 D/[Koin]  ( 5311): +- got 'com.huami.femalehealth.logiclib.O00000Oo.O00000o' in 0.22276 ms
09-01 14:25:45.823 D/[Koin]  ( 5311): +- get 'com.huami.femalehealth.logiclib.O00000Oo.O00000o0'
09-01 14:25:45.823 D/[Koin]  ( 5311): | create instance for [type:Factory,primary_type:'com.huami.femalehealth.logiclib.O00000Oo.O00000o0']
09-01 14:25:45.823 D/[Koin]  ( 5311): +- got 'com.huami.femalehealth.logiclib.O00000Oo.O00000o0' in 0.030312 ms
09-01 14:25:45.823 D/[Koin]  ( 5311): +- got 'com.huami.femalehealth.logiclib.O0000O0o.O00000o' in 0.624219 ms
09-01 14:25:45.823 D/[Koin]  ( 5311): +- get 'com.huami.femalehealth.logiclib.O00000Oo.O00000o'
09-01 14:25:45.823 D/[Koin]  ( 5311): | create instance for [type:Factory,primary_type:'com.huami.femalehealth.logiclib.O00000Oo.O00000o']
09-01 14:25:45.823 D/[Koin]  ( 5311): +- get 'com.huami.femalehealth.logiclib.O00000oO.O0000O0o'
09-01 14:25:45.823 D/[Koin]  ( 5311): +- got 'com.huami.femalehealth.logiclib.O00000oO.O0000O0o' in 0.006823 ms
09-01 14:25:45.823 D/[Koin]  ( 5311): +- get 'com.huami.femalehealth.logiclib.O000000o.O00000Oo'
09-01 14:25:45.823 D/[Koin]  ( 5311): +- got 'com.huami.femalehealth.logiclib.O000000o.O00000Oo' in 0.005 ms
09-01 14:25:45.823 D/[Koin]  ( 5311): +- get 'com.huami.femalehealth.logiclib.db.FemaleHealthDb'
09-01 14:25:45.823 D/[Koin]  ( 5311): +- got 'com.huami.femalehealth.logiclib.db.FemaleHealthDb' in 0.005104 ms
09-01 14:25:45.823 D/[Koin]  ( 5311): +- get 'com.huami.femalehealth.logiclib.O00000Oo.O00000Oo'
09-01 14:25:45.823 D/[Koin]  ( 5311): +- got 'com.huami.femalehealth.logiclib.O00000Oo.O00000Oo' in 0.005416 ms
09-01 14:25:45.823 D/[Koin]  ( 5311): +- get 'com.huami.femalehealth.logiclib.O00000oO.O00oOooO'
09-01 14:25:45.823 D/[Koin]  ( 5311): +- got 'com.huami.femalehealth.logiclib.O00000oO.O00oOooO' in 0.006875 ms
09-01 14:25:45.823 D/[Koin]  ( 5311): +- got 'com.huami.femalehealth.logiclib.O00000Oo.O00000o' in 0.210833 ms
09-01 14:25:45.826 D/[Koin]  ( 5311): +- got 'com.huami.femalehealth.uilib.viewmodel.StatusViewModel' in 3.645677 ms
09-01 14:25:45.830 V/bt_stack( 8588): [VERBOSE1:btm_ble_gap.cc(1923)] btm_ble_process_ext_adv_pkt: bda=7c:7c:58:d5:aa:e1
09-01 14:25:45.830 V/bt_stack( 8588): [VERBOSE1:btm_ble_gap.cc(1847)] btm_ble_process_adv_addr: bda=7c:7c:58:d5:aa:e1
09-01 14:25:45.830 V/bt_stack( 8588): [VERBOSE1:btm_ble_gap.cc(2052)]  Waiting for scan response 7c:7c:58:d5:aa:e1
09-01 14:25:45.830 V/bt_stack( 8588): [VERBOSE1:btm_ble_gap.cc(1923)] btm_ble_process_ext_adv_pkt: bda=24:49:6a:9c:39:02
09-01 14:25:45.830 V/bt_stack( 8588): [VERBOSE1:btm_ble_gap.cc(1847)] btm_ble_process_adv_addr: bda=24:49:6a:9c:39:02
09-01 14:25:45.831 D/BluetoothUtils( 8588): blockedByLocationOff callingUid=1002
09-01 14:25:45.831 I/BluetoothUtils( 8588): packagename is android.uid.bluetooth:1002 ,and its permission is false
09-01 14:25:45.832 D/BluetoothUtils( 8588): blockedByLocationOff callingUid=1002
09-01 14:25:45.832 I/BluetoothUtils( 8588): packagename is android.uid.bluetooth:1002 ,and its permission is false
09-01 14:25:45.832 D/BluetoothUtils( 8588): blockedByLocationOff callingUid=1002
09-01 14:25:45.832 I/BluetoothUtils( 8588): packagename is android.uid.bluetooth:1002 ,and its permission is false
09-01 14:25:45.841 V/bt_stack( 8588): [VERBOSE1:btm_ble_gap.cc(1923)] btm_ble_process_ext_adv_pkt: bda=59:bb:67:f0:94:3c
09-01 14:25:45.842 V/bt_stack( 8588): [VERBOSE1:btm_ble_gap.cc(1847)] btm_ble_process_adv_addr: bda=59:bb:67:f0:94:3c
09-01 14:25:45.842 D/BluetoothUtils( 8588): blockedByLocationOff callingUid=1002
09-01 14:25:45.843 I/BluetoothUtils( 8588): packagename is android.uid.bluetooth:1002 ,and its permission is false
09-01 14:25:45.843 D/BluetoothUtils( 8588): blockedByLocationOff callingUid=1002
09-01 14:25:45.843 I/BluetoothUtils( 8588): packagename is android.uid.bluetooth:1002 ,and its permission is false
09-01 14:25:45.843 D/BluetoothUtils( 8588): blockedByLocationOff callingUid=1002
09-01 14:25:45.843 W/AsyncHttpResponse( 5311): Current thread has not called Looper.prepare().Forcing synchronous mode
09-01 14:25:45.843 I/BluetoothUtils( 8588): packagename is android.uid.bluetooth:1002 ,and its permission is false
09-01 14:25:45.847 V/bt_stack( 8588): [VERBOSE1:btm_ble_gap.cc(1923)] btm_ble_process_ext_adv_pkt: bda=72:1f:5b:cb:e4:06
09-01 14:25:45.848 V/bt_stack( 8588): [VERBOSE1:btm_ble_gap.cc(1847)] btm_ble_process_adv_addr: bda=72:1f:5b:cb:e4:06
09-01 14:25:45.848 V/bt_stack( 8588): [VERBOSE1:btm_ble_gap.cc(2052)]  Waiting for scan response 72:1f:5b:cb:e4:06
09-01 14:25:45.848 V/bt_stack( 8588): [VERBOSE1:btm_ble_gap.cc(1923)] btm_ble_process_ext_adv_pkt: bda=72:1f:5b:cb:e4:06
09-01 14:25:45.848 V/bt_stack( 8588): [VERBOSE1:btm_ble_gap.cc(1847)] btm_ble_process_adv_addr: bda=72:1f:5b:cb:e4:06
09-01 14:25:45.848 D/BluetoothUtils( 8588): blockedByLocationOff callingUid=1002
09-01 14:25:45.849 I/BluetoothUtils( 8588): packagename is android.uid.bluetooth:1002 ,and its permission is false
09-01 14:25:45.849 D/BluetoothUtils( 8588): blockedByLocationOff callingUid=1002
09-01 14:25:45.849 I/BluetoothUtils( 8588): packagename is android.uid.bluetooth:1002 ,and its permission is false
09-01 14:25:45.849 D/BluetoothUtils( 8588): blockedByLocationOff callingUid=1002
09-01 14:25:45.849 I/BluetoothUtils( 8588): packagename is android.uid.bluetooth:1002 ,and its permission is false
09-01 14:25:45.859 V/bt_stack( 8588): [VERBOSE1:gatt_main.cc(1079)] gatt_get_ch_state: ch_state=4
09-01 14:25:45.859 I/bt_stack( 8588): [INFO:gatt_main.cc(912)] gatt_data_process op_code = 19, msg_len = 0
09-01 14:25:45.859 V/bt_stack( 8588): [VERBOSE1:gatt_cl.cc(1094)] gatt_client_handle_server_rsp op_code: 19, len = 0rsp_code: 19
09-01 14:25:45.859 V/bt_stack( 8588): [VERBOSE1:gatt_utils.cc(1191)] gatt_end_operation status=0 op=3 subtype=2
09-01 14:25:45.859 V/bt_stack( 8588): [VERBOSE1:bta_gattc_act.cc(1309)] bta_gattc_cmpl_cback: conn_id:8 op:3 status:0
09-01 14:25:45.859 V/bt_stack( 8588): [VERBOSE1:bta_gattc_main.cc(361)] bta_gattc_hdl_event: Event:BTA_GATTC_OP_CMPL_EVT
09-01 14:25:45.859 V/bt_stack( 8588): [VERBOSE1:bta_gattc_main.cc(305)] bta_gattc_sm_execute: State 0x02 [GATTC_CONN_ST], Event 0x1f0f[BTA_GATTC_OP_CMPL_EVT]
09-01 14:25:45.859 V/bt_stack( 8588): [VERBOSE1:bta_gattc_act.cc(936)] bta_gattc_op_cmpl: op:3
09-01 14:25:45.859 V/bt_stack( 8588): [VERBOSE1:bta_gattc_main.cc(341)] bta_gattc_sm_execute: GATTC State Change: 0x02 -> 0x02 after Event 0x1f0f
09-01 14:25:45.861 V/bt_stack( 8588): [VERBOSE1:bta_gattc_main.cc(361)] bta_gattc_hdl_event: Event:BTA_GATTC_API_WRITE_EVT
09-01 14:25:45.861 V/bt_stack( 8588): [VERBOSE1:bta_gattc_main.cc(305)] bta_gattc_sm_execute: State 0x02 [GATTC_CONN_ST], Event 0x1f05[BTA_GATTC_API_WRITE_EVT]
09-01 14:25:45.861 V/bt_stack( 8588): [VERBOSE1:gatt_utils.cc(1191)] gatt_end_operation status=0 op=3 subtype=1
09-01 14:25:45.861 V/bt_stack( 8588): [VERBOSE1:bta_gattc_act.cc(1309)] bta_gattc_cmpl_cback: conn_id:8 op:3 status:0
09-01 14:25:45.861 V/bt_stack( 8588): [VERBOSE1:bta_gattc_main.cc(341)] bta_gattc_sm_execute: GATTC State Change: 0x02 -> 0x02 after Event 0x1f05
09-01 14:25:45.861 V/bt_stack( 8588): [VERBOSE1:bta_gattc_main.cc(361)] bta_gattc_hdl_event: Event:BTA_GATTC_OP_CMPL_EVT
09-01 14:25:45.861 V/bt_stack( 8588): [VERBOSE1:bta_gattc_main.cc(305)] bta_gattc_sm_execute: State 0x02 [GATTC_CONN_ST], Event 0x1f0f[BTA_GATTC_OP_CMPL_EVT]
09-01 14:25:45.861 V/bt_stack( 8588): [VERBOSE1:bta_gattc_act.cc(936)] bta_gattc_op_cmpl: op:3
09-01 14:25:45.861 V/bt_stack( 8588): [VERBOSE1:bta_gattc_main.cc(341)] bta_gattc_sm_execute: GATTC State Change: 0x02 -> 0x02 after Event 0x1f0f
09-01 14:25:45.865 W/PushService( 5479): 2020-08-31 23:25:45,864 - [WARN::PushService] - [Thread:658] [Slim] Read {cmd=SECMSG;chid=5;len=419}
09-01 14:25:45.865 W/PushService( 5479): 2020-08-31 23:25:45,865 - [WARN::PushService] - [Thread:658] [Slim] 11:25:45 PM RCV  Blob [SECMSG,5,j1660]
09-01 14:25:45.865 V/bt_stack( 8588): [VERBOSE1:btm_ble_gap.cc(1923)] btm_ble_process_ext_adv_pkt: bda=07:5a:b0:04:f2:ba
09-01 14:25:45.865 V/bt_stack( 8588): [VERBOSE1:btm_ble_gap.cc(1847)] btm_ble_process_adv_addr: bda=07:5a:b0:04:f2:ba
09-01 14:25:45.866 W/PushService( 5479): 2020-08-31 23:25:45,866 - [WARN::PushService] - [Thread:293] receive a message, appid=2882303761517163841, msgid= j1660
09-01 14:25:45.866 D/BluetoothUtils( 8588): blockedByLocationOff callingUid=1002
09-01 14:25:45.866 I/BluetoothUtils( 8588): packagename is android.uid.bluetooth:1002 ,and its permission is false
09-01 14:25:45.867 D/BluetoothUtils( 8588): blockedByLocationOff callingUid=1002
09-01 14:25:45.867 I/BluetoothUtils( 8588): packagename is android.uid.bluetooth:1002 ,and its permission is false
09-01 14:25:45.867 D/BluetoothUtils( 8588): blockedByLocationOff callingUid=1002
09-01 14:25:45.867 I/BluetoothUtils( 8588): packagename is android.uid.bluetooth:1002 ,and its permission is false
09-01 14:25:45.870 V/bt_stack( 8588): [VERBOSE1:btm_ble_gap.cc(1923)] btm_ble_process_ext_adv_pkt: bda=36:c9:49:a0:b6:9d
09-01 14:25:45.870 V/bt_stack( 8588): [VERBOSE1:btm_ble_gap.cc(1847)] btm_ble_process_adv_addr: bda=36:c9:49:a0:b6:9d
09-01 14:25:45.870 D/CompatibilityInfo( 1639): mCompatibilityFlags - 0
09-01 14:25:45.870 D/CompatibilityInfo( 1639): applicationDensity - 440
09-01 14:25:45.870 D/CompatibilityInfo( 1639): applicationScale - 1.0
09-01 14:25:45.871 D/BluetoothUtils( 8588): blockedByLocationOff callingUid=1002
09-01 14:25:45.871 I/BluetoothUtils( 8588): packagename is android.uid.bluetooth:1002 ,and its permission is false
09-01 14:25:45.871 D/BluetoothUtils( 8588): blockedByLocationOff callingUid=1002
09-01 14:25:45.871 I/BluetoothUtils( 8588): packagename is android.uid.bluetooth:1002 ,and its permission is false
09-01 14:25:45.871 D/BluetoothUtils( 8588): blockedByLocationOff callingUid=1002
09-01 14:25:45.871 I/BluetoothUtils( 8588): packagename is android.uid.bluetooth:1002 ,and its permission is false
09-01 14:25:45.875 V/bt_stack( 8588): [VERBOSE1:btm_ble_gap.cc(1923)] btm_ble_process_ext_adv_pkt: bda=56:23:e7:94:9e:a9
09-01 14:25:45.875 V/bt_stack( 8588): [VERBOSE1:btm_ble_gap.cc(1847)] btm_ble_process_adv_addr: bda=56:23:e7:94:9e:a9
09-01 14:25:45.875 V/bt_stack( 8588): [VERBOSE1:btm_ble_gap.cc(2052)]  Waiting for scan response 56:23:e7:94:9e:a9
09-01 14:25:45.875 V/bt_stack( 8588): [VERBOSE1:btm_ble_gap.cc(1923)] btm_ble_process_ext_adv_pkt: bda=0a:29:89:b7:c8:4a
09-01 14:25:45.875 V/bt_stack( 8588): [VERBOSE1:btm_ble_gap.cc(1847)] btm_ble_process_adv_addr: bda=0a:29:89:b7:c8:4a
09-01 14:25:45.875 V/bt_stack( 8588): [VERBOSE1:btm_ble_gap.cc(1923)] btm_ble_process_ext_adv_pkt: bda=2a:99:8c:12:d1:b1
09-01 14:25:45.875 V/bt_stack( 8588): [VERBOSE1:btm_ble_gap.cc(1847)] btm_ble_process_adv_addr: bda=2a:99:8c:12:d1:b1
09-01 14:25:45.876 D/BluetoothUtils( 8588): blockedByLocationOff callingUid=1002
09-01 14:25:45.876 I/BluetoothUtils( 8588): packagename is android.uid.bluetooth:1002 ,and its permission is false
09-01 14:25:45.876 D/BluetoothUtils( 8588): blockedByLocationOff callingUid=1002
09-01 14:25:45.876 I/BluetoothUtils( 8588): packagename is android.uid.bluetooth:1002 ,and its permission is false
09-01 14:25:45.876 D/BluetoothUtils( 8588): blockedByLocationOff callingUid=1002
09-01 14:25:45.877 I/BluetoothUtils( 8588): packagename is android.uid.bluetooth:1002 ,and its permission is false
09-01 14:25:45.877 D/BluetoothUtils( 8588): blockedByLocationOff callingUid=1002
09-01 14:25:45.878 I/BluetoothUtils( 8588): packagename is android.uid.bluetooth:1002 ,and its permission is false
09-01 14:25:45.878 D/BluetoothUtils( 8588): blockedByLocationOff callingUid=1002
09-01 14:25:45.878 I/BluetoothUtils( 8588): packagename is android.uid.bluetooth:1002 ,and its permission is false
09-01 14:25:45.878 D/BluetoothUtils( 8588): blockedByLocationOff callingUid=1002
09-01 14:25:45.878 I/BluetoothUtils( 8588): packagename is android.uid.bluetooth:1002 ,and its permission is false
09-01 14:25:45.880 D/NetworkController.MobileSignalController(1)(29730): 4G level = 5
09-01 14:25:45.898 V/bt_stack( 8588): [VERBOSE1:btm_ble_gap.cc(1923)] btm_ble_process_ext_adv_pkt: bda=ed:f6:4a:96:0d:93
09-01 14:25:45.899 V/bt_stack( 8588): [VERBOSE1:btm_ble_gap.cc(1847)] btm_ble_process_adv_addr: bda=ed:f6:4a:96:0d:93
09-01 14:25:45.899 V/bt_stack( 8588): [VERBOSE1:btm_ble_gap.cc(2052)]  Waiting for scan response ed:f6:4a:96:0d:93
09-01 14:25:45.899 V/bt_stack( 8588): [VERBOSE1:btm_ble_gap.cc(1923)] btm_ble_process_ext_adv_pkt: bda=3a:95:e1:8a:cd:9b
09-01 14:25:45.899 V/bt_stack( 8588): [VERBOSE1:btm_ble_gap.cc(1847)] btm_ble_process_adv_addr: bda=3a:95:e1:8a:cd:9b
09-01 14:25:45.899 D/BluetoothUtils( 8588): blockedByLocationOff callingUid=1002
09-01 14:25:45.900 I/BluetoothUtils( 8588): packagename is android.uid.bluetooth:1002 ,and its permission is false
09-01 14:25:45.900 D/BluetoothUtils( 8588): blockedByLocationOff callingUid=1002
09-01 14:25:45.900 I/BluetoothUtils( 8588): packagename is android.uid.bluetooth:1002 ,and its permission is false
09-01 14:25:45.900 D/BluetoothUtils( 8588): blockedByLocationOff callingUid=1002
09-01 14:25:45.901 I/BluetoothUtils( 8588): packagename is android.uid.bluetooth:1002 ,and its permission is false
09-01 14:25:45.905 V/bt_stack( 8588): [VERBOSE1:btm_ble_gap.cc(1923)] btm_ble_process_ext_adv_pkt: bda=12:1c:38:cd:04:e8
09-01 14:25:45.905 V/bt_stack( 8588): [VERBOSE1:btm_ble_gap.cc(1847)] btm_ble_process_adv_addr: bda=12:1c:38:cd:04:e8
09-01 14:25:45.906 D/BluetoothUtils( 8588): blockedByLocationOff callingUid=1002
09-01 14:25:45.906 I/BluetoothUtils( 8588): packagename is android.uid.bluetooth:1002 ,and its permission is false
09-01 14:25:45.906 D/BluetoothUtils( 8588): blockedByLocationOff callingUid=1002
09-01 14:25:45.907 I/BluetoothUtils( 8588): packagename is android.uid.bluetooth:1002 ,and its permission is false
09-01 14:25:45.907 D/BluetoothUtils( 8588): blockedByLocationOff callingUid=1002
09-01 14:25:45.907 I/BluetoothUtils( 8588): packagename is android.uid.bluetooth:1002 ,and its permission is false
09-01 14:25:45.913 V/bt_stack( 8588): [VERBOSE1:btm_ble_gap.cc(1923)] btm_ble_process_ext_adv_pkt: bda=5c:29:57:19:d9:ea
09-01 14:25:45.913 V/bt_stack( 8588): [VERBOSE1:btm_ble_gap.cc(1847)] btm_ble_process_adv_addr: bda=5c:29:57:19:d9:ea
09-01 14:25:45.914 D/BluetoothUtils( 8588): blockedByLocationOff callingUid=1002
09-01 14:25:45.914 I/BluetoothUtils( 8588): packagename is android.uid.bluetooth:1002 ,and its permission is false
09-01 14:25:45.915 D/BluetoothUtils( 8588): blockedByLocationOff callingUid=1002
09-01 14:25:45.915 I/BluetoothUtils( 8588): packagename is android.uid.bluetooth:1002 ,and its permission is false
09-01 14:25:45.915 D/BluetoothUtils( 8588): blockedByLocationOff callingUid=1002
09-01 14:25:45.915 I/BluetoothUtils( 8588): packagename is android.uid.bluetooth:1002 ,and its permission is false
09-01 14:25:45.927 V/bt_stack( 8588): [VERBOSE1:btm_ble_gap.cc(1923)] btm_ble_process_ext_adv_pkt: bda=53:56:a8:ef:e5:80
09-01 14:25:45.928 V/bt_stack( 8588): [VERBOSE1:btm_ble_gap.cc(1847)] btm_ble_process_adv_addr: bda=53:56:a8:ef:e5:80
09-01 14:25:45.928 V/bt_stack( 8588): [VERBOSE1:btm_ble_gap.cc(2052)]  Waiting for scan response 53:56:a8:ef:e5:80
09-01 14:25:45.928 V/bt_stack( 8588): [VERBOSE1:btm_ble_gap.cc(1923)] btm_ble_process_ext_adv_pkt: bda=53:56:a8:ef:e5:80
09-01 14:25:45.928 V/bt_stack( 8588): [VERBOSE1:btm_ble_gap.cc(1847)] btm_ble_process_adv_addr: bda=53:56:a8:ef:e5:80
09-01 14:25:45.928 D/BluetoothUtils( 8588): blockedByLocationOff callingUid=1002
09-01 14:25:45.929 I/BluetoothUtils( 8588): packagename is android.uid.bluetooth:1002 ,and its permission is false
09-01 14:25:45.929 D/BluetoothUtils( 8588): blockedByLocationOff callingUid=1002
09-01 14:25:45.929 I/BluetoothUtils( 8588): packagename is android.uid.bluetooth:1002 ,and its permission is false
09-01 14:25:45.929 D/BluetoothUtils( 8588): blockedByLocationOff callingUid=1002
09-01 14:25:45.929 I/BluetoothUtils( 8588): packagename is android.uid.bluetooth:1002 ,and its permission is false
09-01 14:25:45.930 V/bt_stack( 8588): [VERBOSE1:btm_ble_gap.cc(1923)] btm_ble_process_ext_adv_pkt: bda=24:49:6a:9c:39:02
09-01 14:25:45.930 V/bt_stack( 8588): [VERBOSE1:btm_ble_gap.cc(1847)] btm_ble_process_adv_addr: bda=24:49:6a:9c:39:02
09-01 14:25:45.930 D/BluetoothUtils( 8588): blockedByLocationOff callingUid=1002
09-01 14:25:45.930 I/BluetoothUtils( 8588): packagename is android.uid.bluetooth:1002 ,and its permission is false
09-01 14:25:45.931 D/BluetoothUtils( 8588): blockedByLocationOff callingUid=1002
09-01 14:25:45.931 I/BluetoothUtils( 8588): packagename is android.uid.bluetooth:1002 ,and its permission is false
09-01 14:25:45.931 D/BluetoothUtils( 8588): blockedByLocationOff callingUid=1002
09-01 14:25:45.931 I/BluetoothUtils( 8588): packagename is android.uid.bluetooth:1002 ,and its permission is false
09-01 14:25:45.933 V/bt_stack( 8588): [VERBOSE1:btm_ble_gap.cc(1923)] btm_ble_process_ext_adv_pkt: bda=35:08:67:20:13:25
09-01 14:25:45.933 V/bt_stack( 8588): [VERBOSE1:btm_ble_gap.cc(1847)] btm_ble_process_adv_addr: bda=35:08:67:20:13:25
09-01 14:25:45.933 D/BluetoothUtils( 8588): blockedByLocationOff callingUid=1002
09-01 14:25:45.934 I/BluetoothUtils( 8588): packagename is android.uid.bluetooth:1002 ,and its permission is false
09-01 14:25:45.934 D/BluetoothUtils( 8588): blockedByLocationOff callingUid=1002
09-01 14:25:45.934 I/BluetoothUtils( 8588): packagename is android.uid.bluetooth:1002 ,and its permission is false
09-01 14:25:45.934 D/BluetoothUtils( 8588): blockedByLocationOff callingUid=1002
09-01 14:25:45.934 I/BluetoothUtils( 8588): packagename is android.uid.bluetooth:1002 ,and its permission is false
09-01 14:25:45.944 V/bt_stack( 8588): [VERBOSE1:btm_ble_gap.cc(1923)] btm_ble_process_ext_adv_pkt: bda=25:94:ee:ea:4a:44
09-01 14:25:45.944 V/bt_stack( 8588): [VERBOSE1:btm_ble_gap.cc(1847)] btm_ble_process_adv_addr: bda=25:94:ee:ea:4a:44
09-01 14:25:45.945 D/BluetoothUtils( 8588): blockedByLocationOff callingUid=1002
09-01 14:25:45.945 I/BluetoothUtils( 8588): packagename is android.uid.bluetooth:1002 ,and its permission is false
09-01 14:25:45.945 D/BluetoothUtils( 8588): blockedByLocationOff callingUid=1002
09-01 14:25:45.946 I/BluetoothUtils( 8588): packagename is android.uid.bluetooth:1002 ,and its permission is false
09-01 14:25:45.946 D/BluetoothUtils( 8588): blockedByLocationOff callingUid=1002
09-01 14:25:45.946 I/BluetoothUtils( 8588): packagename is android.uid.bluetooth:1002 ,and its permission is false
09-01 14:25:45.946 V/bt_stack( 8588): [VERBOSE1:btm_ble_gap.cc(1923)] btm_ble_process_ext_adv_pkt: bda=3a:23:cb:4a:85:2d
09-01 14:25:45.946 V/bt_stack( 8588): [VERBOSE1:btm_ble_gap.cc(1847)] btm_ble_process_adv_addr: bda=3a:23:cb:4a:85:2d
09-01 14:25:45.947 D/BluetoothUtils( 8588): blockedByLocationOff callingUid=1002
09-01 14:25:45.947 I/BluetoothUtils( 8588): packagename is android.uid.bluetooth:1002 ,and its permission is false
09-01 14:25:45.947 D/BluetoothUtils( 8588): blockedByLocationOff callingUid=1002
09-01 14:25:45.947 I/BluetoothUtils( 8588): packagename is android.uid.bluetooth:1002 ,and its permission is false
09-01 14:25:45.947 D/BluetoothUtils( 8588): blockedByLocationOff callingUid=1002
09-01 14:25:45.948 I/BluetoothUtils( 8588): packagename is android.uid.bluetooth:1002 ,and its permission is false
09-01 14:25:45.949 V/bt_stack( 8588): [VERBOSE1:gatt_main.cc(1079)] gatt_get_ch_state: ch_state=4
09-01 14:25:45.949 I/bt_stack( 8588): [INFO:gatt_main.cc(912)] gatt_data_process op_code = 27, msg_len = 7
09-01 14:25:45.949 V/bt_stack( 8588): [VERBOSE1:gatt_cl.cc(620)] gatt_process_notification
09-01 14:25:45.949 V/bt_stack( 8588): [VERBOSE1:gatt_auth.cc(364)] gatt_get_link_encrypt_status status=0x8e
09-01 14:25:45.949 V/bt_stack( 8588): [VERBOSE1:bta_gattc_act.cc(1309)] bta_gattc_cmpl_cback: conn_id:3 op:6 status:142
09-01 14:25:45.949 V/bt_stack( 8588): [VERBOSE1:gatt_api.cc(1276)] GATT_GetConnectionInfor conn_id=0x0003
09-01 14:25:45.949 V/bt_stack( 8588): [VERBOSE1:bta_gattc_act.cc(1309)] bta_gattc_cmpl_cback: conn_id:4 op:6 status:142
09-01 14:25:45.949 V/bt_stack( 8588): [VERBOSE1:gatt_api.cc(1276)] GATT_GetConnectionInfor conn_id=0x0004
09-01 14:25:45.949 E/bt_btif ( 8588): bta_gattc_process_indicate, ignore HID ind/notificiation
09-01 14:25:45.949 V/bt_stack( 8588): [VERBOSE1:bta_gattc_act.cc(1309)] bta_gattc_cmpl_cback: conn_id:5 op:6 status:142
09-01 14:25:45.949 V/bt_stack( 8588): [VERBOSE1:gatt_api.cc(1276)] GATT_GetConnectionInfor conn_id=0x0005
09-01 14:25:45.949 V/bt_stack( 8588): [VERBOSE1:bta_gattc_act.cc(1309)] bta_gattc_cmpl_cback: conn_id:6 op:6 status:142
09-01 14:25:45.949 V/bt_stack( 8588): [VERBOSE1:gatt_api.cc(1276)] GATT_GetConnectionInfor conn_id=0x0006
09-01 14:25:45.949 V/bt_stack( 8588): [VERBOSE1:bta_gattc_act.cc(1309)] bta_gattc_cmpl_cback: conn_id:7 op:6 status:142
09-01 14:25:45.949 V/bt_stack( 8588): [VERBOSE1:gatt_api.cc(1276)] GATT_GetConnectionInfor conn_id=0x0007
09-01 14:25:45.949 V/bt_stack( 8588): [VERBOSE1:bta_gattc_act.cc(1309)] bta_gattc_cmpl_cback: conn_id:8 op:6 status:142
09-01 14:25:45.949 V/bt_stack( 8588): [VERBOSE1:gatt_api.cc(1276)] GATT_GetConnectionInfor conn_id=0x0008
09-01 14:25:45.949 V/bt_stack( 8588): [VERBOSE1:bta_gattc_utils.cc(346)] Notification registered!
09-01 14:25:45.949 V/bt_stack( 8588): [VERBOSE1:bta_gattc_act.cc(1212)] bta_gattc_proc_other_indication: check p_data->att_value.handle=56 p_data->handle=0
09-01 14:25:45.950 V/bt_stack( 8588): [VERBOSE1:bta_gattc_act.cc(1216)] is_notify0
09-01 14:25:45.950 V/bt_stack( 8588): [VERBOSE1:bta_gattc_act.cc(1309)] bta_gattc_cmpl_cback: conn_id:9 op:6 status:142
09-01 14:25:45.950 V/bt_stack( 8588): [VERBOSE1:gatt_api.cc(1276)] GATT_GetConnectionInfor conn_id=0x0009
09-01 14:25:45.950 V/bt_stack( 8588): [VERBOSE1:bta_gattc_act.cc(1309)] bta_gattc_cmpl_cback: conn_id:10 op:6 status:142
09-01 14:25:45.950 V/bt_stack( 8588): [VERBOSE1:gatt_api.cc(1276)] GATT_GetConnectionInfor conn_id=0x000a
09-01 14:25:45.950 V/bt_stack( 8588): [VERBOSE1:bta_gattc_act.cc(1309)] bta_gattc_cmpl_cback: conn_id:11 op:6 status:142
09-01 14:25:45.950 V/bt_stack( 8588): [VERBOSE1:gatt_api.cc(1276)] GATT_GetConnectionInfor conn_id=0x000b
09-01 14:25:45.950 V/bt_stack( 8588): [VERBOSE1:bta_gattc_act.cc(1309)] bta_gattc_cmpl_cback: conn_id:12 op:6 status:142
