09-01 14:24:22.378 I/hwservicemanager(  573): getTransport: Cannot find entry android.hardware.graphics.mapper@3.0::IMapper/default in either framework or device manifest.
09-01 14:24:22.379 W/Gralloc3( 3934): mapper 3.x is not supported
09-01 14:24:22.395 W/AdrenoUtils( 3934): <ReadGpuID_from_sysfs:194>: Failed to open /sys/class/kgsl/kgsl-3d0/gpu_model
09-01 14:24:22.390 W/screencap( 3934): type=1400 audit(0.0:63459): avc: denied { search } for name="kgsl" dev="sysfs" ino=55624 scontext=u:r:shell:s0 tcontext=u:object_r:sysfs_kgsl:s0 tclass=dir permissive=0
09-01 14:24:22.395 W/AdrenoUtils( 3934): <ReadGpuID:218>: Failed to read chip ID from gpu_model. Fallback to use the GSL path
09-01 14:24:22.730 I/appium  ( 3448): AppiumResponse: {"sessionId":"06b5de24-b51b-4907-8e5d-a591dbb38551","value":"iVBORw0KGgoAAAANSUhEUgAABDgAAAkkCAYAAAD508+vAAAAAXNSR0IArs4c6QAAAARzQklUCAgI\nCHwIZIgAACAASURBVHic7L13nGRZXff\/PufcUKF7Okza2dkcZgPskjM8hHVFBGUBlQcEBXkEBZUg\niopiQAFBQX+K4UFAfo\/iT9TnIRuQ8CAsCCuZjbNsmDw9oVNV3XTO+f1xb1VXdbo9c7ume2bP+9X1\n...
09-01 14:24:22.973 I/appium  ( 3448): channel read invoked!
09-01 14:24:22.974 I/appium  ( 3448): channel read: POST /wd/hub/session/06b5de24-b51b-4907-8e5d-a591dbb38551/element
09-01 14:24:22.975 I/appium  ( 3448): Find element command using 'id' with selector 'com.xiaomi.hm.health:id/back'.
09-01 14:24:22.975 I/appium  ( 3448): Waiting up to 10000ms for device to be idle
09-01 14:24:23.026 I/vendor.qti.bluetooth@1.0-ibs_handler(19843): DeviceSleep: TX Awake, Sending SLEEP_IND
09-01 14:24:23.026 D/vendor.qti.bluetooth@1.0-ibs_handler(19843): SerialClockVote: vote for UART CLK OFF
09-01 14:24:23.030 I/appium  ( 3448): AppiumResponse: {"sessionId":"06b5de24-b51b-4907-8e5d-a591dbb38551","value":{"ELEMENT":"5e622589-2fa4-4579-86b1-50dd83598b03","element-6066-11e4-a52e-4f735466cecf":"5e622589-2fa4-4579-86b1-50dd83598b03"}}
09-01 14:24:23.049 I/appium  ( 3448): channel read invoked!
09-01 14:24:23.049 I/appium  ( 3448): channel read: POST /wd/hub/session/06b5de24-b51b-4907-8e5d-a591dbb38551/element/5e622589-2fa4-4579-86b1-50dd83598b03/click
09-01 14:24:23.051 I/appium  ( 3448): Click element command
09-01 14:24:23.080 D/ActivityTrigger( 1639): ActivityTrigger activityPauseTrigger 
09-01 14:24:23.092 D/WindowManager( 1639): Input focus has changed to null
09-01 14:24:23.094 I/appium  ( 3448): Waiting up to 10000ms for device to be idle
09-01 14:24:23.094 I/appium  ( 3448): AppiumResponse: {"sessionId":"06b5de24-b51b-4907-8e5d-a591dbb38551","value":null}
09-01 14:24:23.096 I/Timeline( 1639): Timeline: App_transition_ready time:211029113
09-01 14:24:23.106 D/RecentsImpl( 7676): mActivityStateObserver com.xiaomi.hm.health.ui.favorite.MyFavoriteActivity
09-01 14:24:23.107 I/Timeline( 1639): Timeline: App_transition_ready time:211029123
09-01 14:24:23.107 D/WindowManager( 1639): Input focus has changed to Window{cd7fd29 u0 com.xiaomi.hm.health/com.xiaomi.hm.health.ui.favorite.MyFavoriteActivity}
09-01 14:24:23.115 I/Timeline( 1639): Timeline: App_transition_ready time:211029132
09-01 14:24:23.117 I/SplashScreenServiceDelegate( 1639): None for com.xiaomi.hm.health
09-01 14:24:23.123 I/appium  ( 3448): channel read invoked!
09-01 14:24:23.124 I/appium  ( 3448): channel read: POST /wd/hub/session/06b5de24-b51b-4907-8e5d-a591dbb38551/element
09-01 14:24:23.125 I/appium  ( 3448): Find element command using 'id' with selector 'com.xiaomi.hm.health:id/common_title_left_image'.
09-01 14:24:23.126 I/appium  ( 3448): Waiting up to 10000ms for device to be idle
09-01 14:24:23.176 D/vendor.qti.bluetooth@1.0-wake_lock(19843): Release wakelock is released 
09-01 14:24:23.204 W/RecentsModel( 7676): onTaskStackChangedBackground: start loading
09-01 14:24:23.205 W/RecentsModel( 7676): getTaskInfoIgnoreHomeAndSplit   taskInfo=ComponentInfo{com.xiaomi.hm.health/com.xiaomi.hm.health.activity.MainTabActivity}
09-01 14:24:23.205 W/RecentsModel( 7676): getTaskInfoIgnoreHomeAndFreeform   taskInfo=ComponentInfo{com.xiaomi.hm.health/com.xiaomi.hm.health.activity.MainTabActivity}
09-01 14:24:23.206 W/RecentsModel( 7676): getTaskInfoIgnoreFreeform   taskInfo=ComponentInfo{com.xiaomi.hm.health/com.xiaomi.hm.health.activity.MainTabActivity}
09-01 14:24:23.206 W/RecentsModel( 7676): onTaskStackChangedBackground: finishLoading loading
09-01 14:24:23.326 I/MiuiNetworkPolicy( 1639): bandwidth: 1837 KB/s, Max bandwidth: 1898 KB/s
09-01 14:24:23.618 I/Timeline( 1639): Timeline: Activity_windows_visible id: ActivityRecord{13c6e44 u0 com.xiaomi.hm.health/.ui.favorite.MyFavoriteActivity t476} time:211029635
09-01 14:24:23.619 D/EventBus(29730): [29730, u0] send(AppTransitionFinishedEvent)
09-01 14:24:23.619 D/EventBus(29730): [29730, u0]  -> ForcedResizableInfoActivityController [0xc4c1163, P1] onBusEvent(AppTransitionFinishedEvent)
09-01 14:24:23.619 D/EventBus(29730): [29730, u0] onBusEvent(AppTransitionFinishedEvent) duration: 29 microseconds, avg: 41
09-01 14:24:23.619 D/EventBus(29730): [29730, u0] send(AppTransitionFinishedEvent)
09-01 14:24:23.619 D/EventBus(29730): [29730, u0]  -> ForcedResizableInfoActivityController [0xc4c1163, P1] onBusEvent(AppTransitionFinishedEvent)
09-01 14:24:23.619 D/EventBus(29730): [29730, u0] onBusEvent(AppTransitionFinishedEvent) duration: 11 microseconds, avg: 41
09-01 14:24:23.621 I/Timeline( 1639): Timeline: App_transition_stopped time:211029638
09-01 14:24:23.625 I/SplashScreenServiceDelegate( 1639): None for com.xiaomi.hm.health
09-01 14:24:23.629 I/appium  ( 3448): AppiumResponse: {"sessionId":"06b5de24-b51b-4907-8e5d-a591dbb38551","value":{"ELEMENT":"643fb497-1ac0-4b41-8bd4-dc0816ca11a2","element-6066-11e4-a52e-4f735466cecf":"643fb497-1ac0-4b41-8bd4-dc0816ca11a2"}}
09-01 14:24:23.655 D/EventBus(29730): [29730, u0] send(AppTransitionFinishedEvent)
09-01 14:24:23.655 D/EventBus(29730): [29730, u0]  -> ForcedResizableInfoActivityController [0xc4c1163, P1] onBusEvent(AppTransitionFinishedEvent)
09-01 14:24:23.655 D/EventBus(29730): [29730, u0] onBusEvent(AppTransitionFinishedEvent) duration: 23 microseconds, avg: 41
09-01 14:24:23.669 I/appium  ( 3448): channel read invoked!
09-01 14:24:23.669 I/appium  ( 3448): channel read: POST /wd/hub/session/06b5de24-b51b-4907-8e5d-a591dbb38551/element/643fb497-1ac0-4b41-8bd4-dc0816ca11a2/click
09-01 14:24:23.671 I/appium  ( 3448): Click element command
09-01 14:24:23.690 D/ActivityTrigger( 1639): ActivityTrigger activityPauseTrigger 
09-01 14:24:23.695 D/WindowManager( 1639): Input focus has changed to null
09-01 14:24:23.702 I/appium  ( 3448): Waiting up to 10000ms for device to be idle
09-01 14:24:23.703 I/appium  ( 3448): AppiumResponse: {"sessionId":"06b5de24-b51b-4907-8e5d-a591dbb38551","value":null}
09-01 14:24:23.705 I/Timeline( 1639): Timeline: App_transition_ready time:211029722
09-01 14:24:23.711 D/Event   ( 3502): No subscribers registered for event class com.xiaomi.hm.health.O0000o00.O000OOo0
09-01 14:24:23.711 D/Event   ( 3502): No subscribers registered for event class O00000Oo.O000000o.O000000o.O0000Oo0
09-01 14:24:23.715 W/AsyncHttpResponse( 3502): Current thread has not called Looper.prepare().Forcing synchronous mode
09-01 14:24:23.722 W/AsyncHttpResponse( 3502): Current thread has not called Looper.prepare().Forcing synchronous mode
09-01 14:24:23.723 I/appium  ( 3448): channel read invoked!
09-01 14:24:23.723 I/appium  ( 3448): channel read: DELETE /wd/hub/session/06b5de24-b51b-4907-8e5d-a591dbb38551
09-01 14:24:23.724 I/appium  ( 3448): Delete session command
09-01 14:24:23.725 I/appium  ( 3448): Stopping uiautomator2 io.appium.uiautomator2.http io.appium.uiautomator2.server
09-01 14:24:23.726 I/appium  ( 3448): AppiumResponse: {"sessionId":"06b5de24-b51b-4907-8e5d-a591dbb38551","value":null}
09-01 14:24:23.760 V/AsyncHttpResponse( 3502): Progress 315 from 315 (100%)
09-01 14:24:23.766 V/AsyncHttpResponse( 3502): Progress 117 from 117 (100%)
09-01 14:24:23.770 D/[Koin]  ( 3502): +- get 'com.huami.femalehealth.uilib.O00000o0.O0000Oo'
09-01 14:24:23.770 D/RecentsImpl( 7676): mActivityStateObserver com.xiaomi.hm.health.activity.MainTabActivity
09-01 14:24:23.770 D/[Koin]  ( 3502): | create instance for [type:Factory,primary_type:'com.huami.femalehealth.uilib.O00000o0.O0000Oo']
09-01 14:24:23.770 D/[Koin]  ( 3502): +- get 'com.huami.femalehealth.logiclib.O00000oO.O00oOooO'
09-01 14:24:23.770 D/[Koin]  ( 3502): +- got 'com.huami.femalehealth.logiclib.O00000oO.O00oOooO' in 0.024167 ms
09-01 14:24:23.770 D/[Koin]  ( 3502): +- get 'com.huami.femalehealth.logiclib.O0000O0o.O00000o'
09-01 14:24:23.770 D/[Koin]  ( 3502): | create instance for [type:Factory,primary_type:'com.huami.femalehealth.logiclib.O0000O0o.O00000o']
09-01 14:24:23.770 D/[Koin]  ( 3502): +- get 'com.huami.femalehealth.logiclib.O00000oO.O0000O0o'
09-01 14:24:23.770 D/[Koin]  ( 3502): +- got 'com.huami.femalehealth.logiclib.O00000oO.O0000O0o' in 0.006407 ms
09-01 14:24:23.770 D/[Koin]  ( 3502): +- get 'com.huami.femalehealth.logiclib.O000000o.O00000Oo'
09-01 14:24:23.770 D/[Koin]  ( 3502): +- got 'com.huami.femalehealth.logiclib.O000000o.O00000Oo' in 0.004947 ms
09-01 14:24:23.770 D/[Koin]  ( 3502): +- get 'com.huami.femalehealth.logiclib.db.FemaleHealthDb'
09-01 14:24:23.770 D/[Koin]  ( 3502): +- got 'com.huami.femalehealth.logiclib.db.FemaleHealthDb' in 0.004479 ms
09-01 14:24:23.771 D/[Koin]  ( 3502): +- get 'com.huami.femalehealth.logiclib.O00000Oo.O00000o'
09-01 14:24:23.771 D/[Koin]  ( 3502): | create instance for [type:Factory,primary_type:'com.huami.femalehealth.logiclib.O00000Oo.O00000o']
09-01 14:24:23.771 D/[Koin]  ( 3502): +- get 'com.huami.femalehealth.logiclib.O00000oO.O0000O0o'
09-01 14:24:23.771 D/[Koin]  ( 3502): +- got 'com.huami.femalehealth.logiclib.O00000oO.O0000O0o' in 0.004948 ms
09-01 14:24:23.771 D/[Koin]  ( 3502): +- get 'com.huami.femalehealth.logiclib.O000000o.O00000Oo'
09-01 14:24:23.771 D/[Koin]  ( 3502): +- got 'com.huami.femalehealth.logiclib.O000000o.O00000Oo' in 0.003854 ms
09-01 14:24:23.771 D/[Koin]  ( 3502): +- get 'com.huami.femalehealth.logiclib.db.FemaleHealthDb'
09-01 14:24:23.771 D/[Koin]  ( 3502): +- got 'com.huami.femalehealth.logiclib.db.FemaleHealthDb' in 0.004896 ms
09-01 14:24:23.771 D/[Koin]  ( 3502): +- get 'com.huami.femalehealth.logiclib.O00000Oo.O00000Oo'
09-01 14:24:23.771 D/[Koin]  ( 3502): +- got 'com.huami.femalehealth.logiclib.O00000Oo.O00000Oo' in 0.007552 ms
09-01 14:24:23.771 D/[Koin]  ( 3502): +- get 'com.huami.femalehealth.logiclib.O00000oO.O00oOooO'
09-01 14:24:23.771 D/[Koin]  ( 3502): +- got 'com.huami.femalehealth.logiclib.O00000oO.O00oOooO' in 0.005052 ms
09-01 14:24:23.771 D/[Koin]  ( 3502): +- got 'com.huami.femalehealth.logiclib.O00000Oo.O00000o' in 0.261667 ms
09-01 14:24:23.771 D/[Koin]  ( 3502): +- get 'com.huami.femalehealth.logiclib.O00000Oo.O00000o0'
09-01 14:24:23.771 D/[Koin]  ( 3502): | create instance for [type:Factory,primary_type:'com.huami.femalehealth.logiclib.O00000Oo.O00000o0']
09-01 14:24:23.771 D/[Koin]  ( 3502): +- got 'com.huami.femalehealth.logiclib.O00000Oo.O00000o0' in 0.029427 ms
09-01 14:24:23.771 D/[Koin]  ( 3502): +- got 'com.huami.femalehealth.logiclib.O0000O0o.O00000o' in 0.550416 ms
09-01 14:24:23.771 D/[Koin]  ( 3502): +- got 'com.huami.femalehealth.uilib.O00000o0.O0000Oo' in 0.915938 ms
09-01 14:24:23.805 W/RecentsModel( 7676): onTaskStackChangedBackground: start loading
09-01 14:24:23.806 I/ActivityManager( 1639): Force stopping com.xiaomi.hm.health appid=10241 user=0: from process:3963
09-01 14:24:23.807 W/RecentsModel( 7676): getTaskInfoIgnoreHomeAndSplit   taskInfo=ComponentInfo{com.xiaomi.hm.health/com.xiaomi.hm.health.activity.MainTabActivity}
09-01 14:24:23.808 W/RecentsModel( 7676): getTaskInfoIgnoreHomeAndFreeform   taskInfo=ComponentInfo{com.xiaomi.hm.health/com.xiaomi.hm.health.activity.MainTabActivity}
09-01 14:24:23.809 W/RecentsModel( 7676): getTaskInfoIgnoreFreeform   taskInfo=ComponentInfo{com.xiaomi.hm.health/com.xiaomi.hm.health.activity.MainTabActivity}
09-01 14:24:23.809 W/RecentsModel( 7676): onTaskStackChangedBackground: finishLoading loading
09-01 14:24:23.809 I/ActivityManager( 1639): Killing 3502:com.xiaomi.hm.health/u0a241 (adj 0): stop com.xiaomi.hm.health: from process:3963
09-01 14:24:23.813 I/hwservicemanager(  573): getTransport: Cannot find entry vendor.qti.hardware.servicetracker@1.0::IServicetracker/default in either framework or device manifest.
09-01 14:24:23.813 I/ProcessManager( 1639): remove no clear notification:StatusBarNotification(pkg=com.xiaomi.hm.health user=UserHandle{0} id=4 tag=null key=0|com.xiaomi.hm.health|4|null|10241: Notification(channel=O000Oo0 pri=0 contentView=null vibrate=null sound=null defaults=0x0 flags=0x62 color=0xffff5a00 vis=PRIVATE))
09-01 14:24:23.817 I/AutoStartManagerService( 1639): MIUILOG- Reject RestartService packageName :com.xiaomi.hm.health uid : 10241
09-01 14:24:23.820 W/ActivityTaskManager( 1639): Force removing ActivityRecord{13c6e44 u0 com.xiaomi.hm.health/.ui.favorite.MyFavoriteActivity t476 f}: app died, no saved state
09-01 14:24:23.820 W/WindowManager( 1639): AppToken= AppWindowToken{f023862 token=Token{cebdb2d ActivityRecord{13c6e44 u0 com.xiaomi.hm.health/.ui.favorite.MyFavoriteActivity t476}}} mIsExiting=is animating, remove from display after animation done.
09-01 14:24:23.820 W/ActivityTaskManager( 1639): Force removing ActivityRecord{506c43a u0 com.xiaomi.hm.health/.activity.MainTabActivity t476 f}: app died, no saved state
09-01 14:24:23.816 I/chatty  (  573): uid=1000(system) hwservicemanage identical 2 lines
09-01 14:24:23.819 I/hwservicemanager(  573): getTransport: Cannot find entry vendor.qti.hardware.servicetracker@1.0::IServicetracker/default in either framework or device manifest.
09-01 14:24:23.823 D/StatusBar(29730): onNotificationRemoved key=0|com.xiaomi.hm.health|4|null|10241 reason=8
09-01 14:24:23.827 W/PushService( 5479): 2020-08-31 23:24:23,827 - [WARN::PushService] - GROUPSUMMARY  : 0onNotificationRemovedcom.xiaomi.hm.health
09-01 14:24:23.820 W/WindowManager( 1639): AppToken= AppWindowToken{6617648 token=Token{28768eb ActivityRecord{506c43a u0 com.xiaomi.hm.health/.activity.MainTabActivity t476}}} mIsExiting=is animating, remove from display after animation done.
09-01 14:24:23.829 D/IMReply:Notif(22367): onNotificationPosted onNotificationRemoved sbn = 4
09-01 14:24:23.830 W/PushService( 5479): 2020-08-31 23:24:23,830 - [WARN::PushService] - GROUPSUMMARY  : 0onNotificationRemovedcom.xiaomi.hm.health
09-01 14:24:23.831 D/StatusBar(29730): removeNotification StatusBarNotification(pkg=com.xiaomi.hm.health user=UserHandle{0} id=4 tag=null key=0|com.xiaomi.hm.health|4|null|10241: Notification(channel=O000Oo0 pri=0 contentView=null vibrate=null sound=null defaults=0x0 flags=0x62 color=0xffff5a00 vis=PRIVATE))
09-01 14:24:23.831 D/StatusBar(29730):     pkgName=com.xiaomi.hm.health appUid=10241 sdk=29 imp=2 sysApp=F priApp=F hasShown=F float=F keyguard=F peek=F fullscreen=F
09-01 14:24:23.831 D/StatusBar(29730):     showMiuiAction=F enableFloat=T enableKeyguard=T floatTime=5000 messageCount=1 persistent=F customHeight=F
09-01 14:24:23.831 D/StatusBar(29730): update app badge num: com.xiaomi.hm.health/,num=0,isAllowed=false,userId=0
09-01 14:24:23.832 I/Timeline( 1639): Timeline: App_transition_ready time:211029849
09-01 14:24:23.836 I/Timeline( 1639): Timeline: App_transition_ready time:211029853
09-01 14:24:23.841 D/PowerKeeper( 6417): PerfEngineController:ForegroundInfo{mForegroundPackageName='com.miui.home', mForegroundUid=10090, mForegroundPid=7676, mLastForegroundPackageName='com.xiaomi.hm.health', mLastForegroundUid=10241, mLastForegroundPid=3502, mMultiWindowForegroundPackageName='null', mMultiWindowForegroundUid=-1, mFlags=0}
09-01 14:24:23.841 I/ProcessMonitor( 5237): onForegroundInfoChanged: ForegroundInfo{mForegroundPackageName='com.miui.home', mForegroundUid=10090, mForegroundPid=7676, mLastForegroundPackageName='com.xiaomi.hm.health', mLastForegroundUid=10241, mLastForegroundPid=3502, mMultiWindowForegroundPackageName='null', mMultiWindowForegroundUid=-1, mFlags=0}
09-01 14:24:23.841 I/GameBoosterService( 5237): onForegroundInfoChanged: Cur=com.miui.home	 last=com.xiaomi.hm.health
09-01 14:24:23.841 D/PowerKeeper( 6417): PowerStateMachine:Enter power state id=3 name=home
09-01 14:24:23.841 D/ProcessObserver( 6417): onScreenAppChanged, FgUid: 10090, FgPackageName: com.miui.home
09-01 14:24:23.841 D/ProcessObserver( 6417): onScreenAppChanged, PreTaskUid: 10241, PreTaskPackageName: com.xiaomi.hm.health
09-01 14:24:23.841 D/ProcessObserver( 6417): Uid: 10090 Foreground
09-01 14:24:23.842 D/PowerCheckerService( 6417): updateForFgUidChangedLocked, mScreenOn = true uid = 10090 foreground = true
09-01 14:24:23.842 D/AppActiveChecker( 6417): updateDownloadStateForFgUidChangedLocked, mScreenOn = true uid = 10090 foreground = true
09-01 14:24:23.842 D/AppActiveChecker( 6417): updateAppActiveStateForUidLocked, uid = 10090 appActiveState = 0
09-01 14:24:23.842 D/DeviceIdleAppRuleChecker( 6417): updateStateForInteractiveUidChangedLocked: uid = 10090 foreground = true
09-01 14:24:23.842 D/KillProcessAppRuleChecker( 6417): updateStateForInteractiveUidChangedLocked: uid = 10090 foreground = true
09-01 14:24:23.842 D/HideModeStateMachine( 6417): updateForForegroundUidChangedLocked: uid = 10090 foreground = true
09-01 14:24:23.842 I/HideModeStateMachine( 6417): Uid: 10090 State: inactive_level_1st |-> setForegroundActive
09-01 14:24:23.842 I/HideModeStateMachine( 6417): Uid: 10090 State: inactive_level_1st Feature: location |-> setSubStateForegroundActive
09-01 14:24:23.842 I/HideModeStateMachine( 6417): Uid: 10090 State: inactive_level_1st Feature: sensor |-> setSubStateForegroundActive
09-01 14:24:23.842 I/HideModeStateMachine( 6417): Uid: 10090 State: inactive_level_1st Feature: appIdle |-> setSubStateForegroundActive
09-01 14:24:23.842 I/HideModeStateMachine( 6417): Uid: 10090 State: active |-> setForegroundActive
09-01 14:24:23.842 D/ActiveStateController( 6417): updateStateForFgUidChangedLocked: uid = 10090 foreground = true
09-01 14:24:23.842 I/octvm_power( 3400): power mode [home] start 1598941463
09-01 14:24:23.843 I/Timeline( 1639): Timeline: App_transition_ready time:211029860
09-01 14:24:23.844 D/PowerChecker.BaStats( 6417): uid = 10090, uidForeground = true, lastBytes = 39165, curBytes = 39165, deltaBytes = 0
09-01 14:24:23.844 D/GameBoosterService( 5237): onGameStatusChange foreground:ForegroundInfo{mForegroundPackageName='com.miui.home', mForegroundUid=10090, mForegroundPid=7676, mLastForegroundPackageName='com.xiaomi.hm.health', mLastForegroundUid=10241, mLastForegroundPid=3502, mMultiWindowForegroundPackageName='null', mMultiWindowForegroundUid=-1, mFlags=0}
09-01 14:24:23.844 I/GameBoosterService( 5237): onForegroundInfoChanged: Exit
09-01 14:24:23.844 I/VideoBoxUtils( 5237): isSupportVideoBox: false
09-01 14:24:23.844 I/VideoToolBoxService( 5237): onForegroundInfoChanged: Exit Vtb
09-01 14:24:23.844 I/octvm_drv( 3400): common drv: get_current_battery_uAh will return 0
09-01 14:24:23.844 I/octvm_power( 3400): Action: set_bcbc_cust_state(disable) for [foreground_change]
09-01 14:24:23.846 D/DisplayFeatureHal(  825): setFeatureEnable(displayId=0 caseId=18 modeId=0 cookie=0)
09-01 14:24:23.847 D/DisplayFeatureHal(  825): current wcg state 0, setting to 0
09-01 14:24:23.847 D/DisplayFeatureHal(  825): notifySFWcgState enable = 0
09-01 14:24:23.847 I/SDM     (  784): CoreInterface::SetWCGStatus: SetWCGStatus wcg enable 0
09-01 14:24:23.848 D/DisplayFeatureHal(  825): notifyQservice cmd 48 value 0 ret 0
09-01 14:24:23.848 D/DisplayFeatureHal(  825): HandleBCBCCustom  enable:0
09-01 14:24:23.848 I/octvm_drv_xm( 3400): platform_set_bcbc_cust_state disable success
09-01 14:24:23.848 I/octvm_power( 3400): Action: set_dfps_cust_state(disable) for [foreground_change]
09-01 14:24:23.848 I/octvm_drv( 3400): common drv: platform_set_dfps_cust_state -> platform not support
09-01 14:24:23.848 I/octvm_power( 3400): Action: set_lcd_mode(default) for [foreground_change]
09-01 14:24:23.849 I/set_top_app( 1639): success /proc/7676/top_app:1
09-01 14:24:23.849 I/set_top_app( 1639): success /proc/13261/top_app:2
09-01 14:24:23.850 I/Timeline( 1639): Timeline: App_transition_ready time:211029867
09-01 14:24:23.852 I/hwservicemanager(  573): getTransport: Cannot find entry vendor.qti.hardware.servicetracker@1.0::IServicetracker/default in either framework or device manifest.
09-01 14:24:23.853 D/DisplayFeatureHal(  825): setFeatureEnable(displayId=0 caseId=7 modeId=1 cookie=0)
09-01 14:24:23.853 D/DisplayFeatureHal(  825): current wcg state 0, setting to 0
09-01 14:24:23.853 D/DisplayFeatureHal(  825): notifySFWcgState enable = 0
09-01 14:24:23.853 I/BtGatt.ScanManager( 8588): msg.what = 6
09-01 14:24:23.854 I/Timeline( 1639): Timeline: App_transition_ready time:211029871
09-01 14:24:23.854 I/MiuiNetworkPolicy( 1639): removeUidState uid = 10241
09-01 14:24:23.854 I/MiuiNetworkPolicy( 1639): updateWmmForUidState uid: 10241 state: 20 wmm: 0
09-01 14:24:23.854 D/OemNetd (  679): updateWmm: uid=10241, wmm=0
09-01 14:24:23.856 D/Launcher.Lifecycle( 7676): onStart:UserHandle{0},93e149d,false
09-01 14:24:23.857 D/OemNetd (  679): whiteListUid: uid=10241, wmm=del
09-01 14:24:23.857 I/RenderThread( 7676): RenderThread resumed
09-01 14:24:23.857 D/ScreenElementRoot( 7676): resume
09-01 14:24:23.857 I/SDM     (  784): CoreInterface::SetWCGStatus: SetWCGStatus wcg enable 0
09-01 14:24:23.857 D/DisplayFeatureHal(  825): notifyQservice cmd 48 value 0 ret 0
09-01 14:24:23.858 D/DisplayFeatureHal(  825): HandleCabcModeCustom enter 1 0
09-01 14:24:23.858 W/DisplayFeatureHal(  825): ---skip setting acl feature currently, return!
09-01 14:24:23.858 D/DisplayFeatureHal(  825): HandleCabcModeCustom exit 0x1000
09-01 14:24:23.858 I/MiuiNetworkPolicy( 1639): updateMLUid uid:10241,old:2,new:20
09-01 14:24:23.858 I/MiuiNetworkPolicy( 1639): isMLEnabled state:2,uid:10241,connect:DISCONNECTED
09-01 14:24:23.858 I/MiuiNetworkPolicy( 1639): isMLEnabled state:20,uid:10241,connect:DISCONNECTED
09-01 14:24:23.858 I/MiuiNetworkPolicy( 1639): updateUidState uid = 10121, uidState = 4
09-01 14:24:23.859 D/OemNetd (  679): whiteListUid: uid=10121, wmm=add
09-01 14:24:23.859 I/octvm_drv_xm( 3400): platform_set_lcd_mode default(1) success
09-01 14:24:23.859 I/octvm_power( 3400): Action: set_thermal_config(restore) for [foreground_change]
09-01 14:24:23.860 I/octvm_drv( 3400): platform_set_thermal_mode cur_global_config:[], target mode:[restore], profile=0, ret=0
09-01 14:24:23.860 I/octvm_drv( 3400): common drv: get_current_battery_uAh will return 0
09-01 14:24:23.860 I/octvm_power( 3400): onPowerModeChanged[home] called
09-01 14:24:23.860 I/MiuiNetworkPolicy( 1639): updateMLUid uid:10121,old:6,new:4
09-01 14:24:23.860 I/MiuiNetworkPolicy( 1639): isMLEnabled state:6,uid:10121,connect:DISCONNECTED
09-01 14:24:23.860 I/MiuiNetworkPolicy( 1639): isMLEnabled state:4,uid:10121,connect:DISCONNECTED
09-01 14:24:23.861 I/MiuiNetworkPolicy( 1639): updateUidState uid = 10090, uidState = 2
09-01 14:24:23.861 I/MiuiNetworkPolicy( 1639): updateWmmForUidState uid: 10090 state: 2 wmm: 1
09-01 14:24:23.861 D/OemNetd (  679): updateWmm: uid=10090, wmm=1
09-01 14:24:23.863 D/OemNetd (  679): whiteListUid: uid=10090, wmm=add
09-01 14:24:23.865 E/PhoneInterfaceManager( 2698): [PhoneIntfMgr] getCarrierPackageNamesForIntent: No UICC
09-01 14:24:23.865 D/CarrierSvcBindHelper( 2698): No carrier app for: 0
09-01 14:24:23.865 I/MiuiNetworkPolicy( 1639): updateMLUid uid:10090,old:6,new:2
09-01 14:24:23.865 I/MiuiNetworkPolicy( 1639): isMLEnabled state:6,uid:10090,connect:DISCONNECTED
09-01 14:24:23.865 I/MiuiNetworkPolicy( 1639): isMLEnabled state:2,uid:10090,connect:DISCONNECTED
09-01 14:24:23.866 W/InputDispatcher( 1639): channel 'cd7fd29 com.xiaomi.hm.health/com.xiaomi.hm.health.ui.favorite.MyFavoriteActivity (server)' ~ Consumer closed input channel or an error occurred.  events=0x9
09-01 14:24:23.866 E/InputDispatcher( 1639): channel 'cd7fd29 com.xiaomi.hm.health/com.xiaomi.hm.health.ui.favorite.MyFavoriteActivity (server)' ~ Channel is unrecoverably broken and will be disposed!
09-01 14:24:23.867 I/Timeline( 1639): Timeline: App_transition_ready time:211029884
09-01 14:24:23.869 D/CarrierSvcBindHelper( 2698): No carrier app for: 1
09-01 14:24:23.869 D/RegisteredServicesCache( 4689):  Reading service state data always from file
09-01 14:24:23.870 D/RegisteredServicesCache( 4689): ServiceStateFileVersion=1.0
09-01 14:24:23.870 E/RegisteredServicesCache( 4689): Next Tag=services
09-01 14:24:23.870 E/RegisteredServicesCache( 4689): 1invalidateCache:WriteServiceStateToFile
09-01 14:24:23.870 E/RegisteredServicesCache( 4689):  Writing service state Data Always
09-01 14:24:23.871 I/NotifierManager( 7676): onRegister: miui.maml.NotifierManager$MultiBroadcastNotifier@bb30fa3
09-01 14:24:23.871 I/CloudSettingsProvider(22222): uriMatch : 2
09-01 14:24:23.871 W/ActivityManager( 1639): Sending non-protected broadcast android.intent.action.APPLICATION_MESSAGE_UPDATE from system 29730:com.android.systemui/1000 pkg com.android.systemui. Callers=
09-01 14:24:23.871 D/ScreenElementRoot( 7676): resume
09-01 14:24:23.872 D/Launcher.Lifecycle( 7676): onResume:UserHandle{0},93e149d,false
09-01 14:24:23.872 D/Launcher.XOutUtils( 7676): canRecommendScreenShow, isShowXout=false
09-01 14:24:23.872 D/Launcher.RecommendController( 7676): don't request, because recommend screen can't show
09-01 14:24:23.872 D/Launcher.RecommendController( 7676): folder display and try to request recommend list
09-01 14:24:23.873 D/StatusBarClockController( 7676): show status bar clock
09-01 14:24:23.873 D/StackScroller(29730): applyCurrentState
09-01 14:24:23.875 E/RegisteredAidCache( 4689): updateRoutingLocked(): enter...
09-01 14:24:23.875 D/NfcService( 4689): defaultMifareCLTRoute : 315
09-01 14:24:23.875 D/RegisteredAidCache( 4689):  AID power stateB0693789675600247817route0
09-01 14:24:23.875 D/NfcService( 4689): defaultAidRoute : 315
09-01 14:24:23.875 D/NfcService( 4689): GetDefaultRouteLoc  :1
09-01 14:24:23.875 D/NfcService( 4689): defaultAidRoute : 315
09-01 14:24:23.875 D/NfcService( 4689): GetDefaultRouteLoc  :1
09-01 14:24:23.875 E/AidRoutingManager( 4689): Size of routing table970
09-01 14:24:23.875 E/RegisteredAidCache( 4689): updateRoutingLocked(): exit...
09-01 14:24:23.876 V/UidProcStateHelper( 1639): foreground changed:[7676,10090,true]
09-01 14:24:23.876 V/UidProcStateHelper( 1639): process died:[3502,10241]
09-01 14:24:23.876 D/ProcessObserver( 6417): onForegroundActivitiesChanged, pid: 7676 uid: 10090 foregroundActivities: true
09-01 14:24:23.876 D/Layer   (  881): ---setAlpha Launcher=1.000000
09-01 14:24:23.876 I/Timeline( 1639): Timeline: App_transition_ready time:211029893
09-01 14:24:23.877 D/WindowManager( 1639): Input focus has changed to Window{fa1ce05 u0 com.miui.home/com.miui.home.launcher.Launcher}
09-01 14:24:23.877 D/ProcessObserver( 6417): Uid: 10241 Background
09-01 14:24:23.877 D/ProcessObserver( 6417): Uid: 10241 foreground service removed 
09-01 14:24:23.877 D/PowerCheckerService( 6417): updateForFgUidChangedLocked, mScreenOn = true uid = 10241 foreground = false
09-01 14:24:23.881 D/PowerChecker.BaStats( 6417): uid = 10241, uidForeground = false, lastBytes = 30515279, curBytes = 36947052, deltaBytes = 6431773
09-01 14:24:23.882 D/RegisteredNfcFServicesCache( 4689): Service unchanged, not updating
09-01 14:24:23.883 D/Layer   (  881): ---setAlpha Launcher=1.000000
09-01 14:24:23.884 D/StatusBar(29730): recevie broadbcast ACTION_APPLICATION_MESSAGE_QUERY, requestFirstTime=false
09-01 14:24:23.886 D/Layer   (  881): ---setAlpha Launcher=1.000000
09-01 14:24:23.886 I/Timeline( 1639): Timeline: App_transition_ready time:211029903
09-01 14:24:23.888 D/AppActiveChecker( 6417): updateDownloadStateForFgUidChangedLocked, mScreenOn = true uid = 10241 foreground = false
09-01 14:24:23.888 D/ScreenView_MultiSeekBarIndicator( 7676): dispatchDraw:0
09-01 14:24:23.888 D/ScreenView_Workspace( 7676): dispatchDraw:1080
09-01 14:24:23.889 D/ScreenView_HotSeats( 7676): dispatchDraw:0
09-01 14:24:23.889 D/AppActiveChecker( 6417): sendMessageDelayed: uid = 10241 delayMillis = 180000 elapsedRealtime = 595385218
09-01 14:24:23.889 D/AppActiveChecker( 6417): updateAppActiveStateForUidLocked, uid = 10241 appActiveState = 0
09-01 14:24:23.889 D/ScreenView_MinusOneScreenView( 7676): dispatchDraw:1080
09-01 14:24:23.889 D/DeviceIdleAppRuleChecker( 6417): updateStateForInteractiveUidChangedLocked: uid = 10241 foreground = false
09-01 14:24:23.889 D/KillProcessAppRuleChecker( 6417): updateStateForInteractiveUidChangedLocked: uid = 10241 foreground = false
09-01 14:24:23.889 D/HideModeStateMachine( 6417): updateForForegroundUidChangedLocked: uid = 10241 foreground = false
09-01 14:24:23.889 I/HideModeStateMachine( 6417): Uid: 10241 State: inactive_level_1st |-> startRun
09-01 14:24:23.889 I/HideModeStateMachine( 6417): Uid: 10241 State: inactive_level_1st Feature: location |-> startRun
09-01 14:24:23.889 I/HideModeStateMachine( 6417): Uid: 10241 State: inactive_level_1st Feature: location |-> setActive
09-01 14:24:23.890 I/HideModeStateMachine( 6417): Uid: 10241 State: inactive_level_1st Feature: sensor |-> startRun
09-01 14:24:23.890 I/HideModeStateMachine( 6417): Uid: 10241 State: inactive_level_1st Feature: sensor |-> setActive
09-01 14:24:23.890 I/HideModeStateMachine( 6417): Uid: 10241 State: inactive_level_1st Feature: appIdle |-> startRun
09-01 14:24:23.890 I/HideModeStateMachine( 6417): Uid: 10241 State: inactive_level_1st Feature: appIdle |-> setActive
09-01 14:24:23.890 D/ActiveStateController( 6417): updateStateForFgUidChangedLocked: uid = 10241 foreground = false
09-01 14:24:23.890 D/ActiveStateController( 6417): updateRuleForUidLocked, uid = 10241 property = 32
09-01 14:24:23.890 D/PowerKeeperConfigureProvider( 6417): appActiveTable insert 540
09-01 14:24:23.893 I/CloudSettingsProvider(22222): uriMatch : 2
09-01 14:24:23.895 D/HideModeStateMachine( 6417): updateForForegroundServiceUidChangedLocked: uid = 10241 foreground = false
09-01 14:24:23.897 D/ActiveStateController( 6417): updateStateForUidActiveChangedLocked, uid: 10241 active: false
09-01 14:24:23.897 D/ActiveStateController( 6417): updateRuleForUidLocked, uid = 10241 property = 0
09-01 14:24:23.898 D/PowerKeeperConfigureProvider( 6417): appActiveTable insert 541
09-01 14:24:23.899 D/ActiveStateController( 6417): updateStateForUidActiveChangedLocked, uid: 10241 active: true
09-01 14:24:23.899 D/ActiveStateController( 6417): updateRuleForUidLocked, uid = 10241 property = 32
09-01 14:24:23.900 D/Layer   (  881): ---setAlpha Launcher=1.000000
09-01 14:24:23.900 D/BufferQueueLayer(  881): Launcher new frame Arrived
09-01 14:24:23.900 D/PowerKeeperConfigureProvider( 6417): appActiveTable insert 542
09-01 14:24:23.901 D/Launcher_WallpaperUtils( 7676): changeStatusBarMode:false
09-01 14:24:23.901 I/Launcher.ApplicationsMessage( 7676): onReceive false
09-01 14:24:23.901 I/Launcher.ApplicationsMessage( 7676): update com.xiaomi.hm.health/ to null
09-01 14:24:23.901 D/RecentsImpl( 7676): mActivityStateObserver com.miui.home.launcher.Launcher
09-01 14:24:23.901 D/Launcher.Lifecycle( 7676): onWindowFocusChanged:true,UserHandle{0},93e149d,false
09-01 14:24:23.901 D/Launcher_UnlockAnimationStateMachine( 7676): onWindowFocus:IDLE
09-01 14:24:23.902 D/Layer   (  881): ---setAlpha Launcher=1.000000
09-01 14:24:23.902 I/Timeline( 1639): Timeline: App_transition_ready time:211029919
09-01 14:24:23.902 D/MiWallpaper-MarsSuperWallpaper( 2503): Engine onOffsetsChanged super wallpaper-xOffset=1.0;yOffset=0.0;xOffsetStep=1.0;yOffsetStep=0.0;xPixelOffset=-1260;yPixelOffset=0
09-01 14:24:23.902 D/MiWallpaper-MarsSuperWallpaper( 2503): Engine onVisibilityChanged, visible: true mIsPreview = false
09-01 14:24:23.902 W/Unity   ( 2503): Not running Unity from an Activity; ignored...
09-01 14:24:23.902 D/Layer   (  881): ---setAlpha Launcher=1.000000
09-01 14:24:23.903 D/ActivityUtils(22367): packageNameComponentInfo{com.miui.home/com.miui.home.launcher.Launcher}
09-01 14:24:23.903 D/MiWallpaper-MarsSuperWallpaper( 2503): unityResume
09-01 14:24:23.904 D/AudioManager( 2503): getStreamVolume isRestricted mode = 0
09-01 14:24:23.904 D/FeedSwipeController( 7676): touchState : 0 scrolling : false normalEditing : false WidgetThumbnailViewShowing : false UninstallDialogShowing : false isMinusScreenShowing: false
09-01 14:24:23.902 I/Timeline( 1639): Timeline: App_transition_ready time:211029919
09-01 14:24:23.905 W/InputMethodManagerService( 1639): Got RemoteException sending setActive(false) notification to pid 3502 uid 10241
09-01 14:24:23.908 I/SplashScreenServiceDelegate( 1639): None for com.miui.home
09-01 14:24:23.917 D/Layer   (  881): ---setAlpha Launcher=1.000000
09-01 14:24:23.918 D/Layer   (  881): ---setAlpha Launcher=1.000000
09-01 14:24:23.918 I/Timeline( 1639): Timeline: App_transition_ready time:211029935
09-01 14:24:23.921 V/SettingsProvider( 1639): Notifying for 0: content://settings/global/hidden_api_policy_pre_p_apps
09-01 14:24:23.923 W/RecentsModel( 7676): onTaskStackChangedBackground: start loading
09-01 14:24:23.924 W/RecentsModel( 7676): getTaskInfoIgnoreHomeAndSplit   taskInfo=ComponentInfo{com.android.settings/com.android.settings.MainSettings}
09-01 14:24:23.924 W/RecentsModel( 7676): getTaskInfoIgnoreHomeAndFreeform   taskInfo=ComponentInfo{com.android.settings/com.android.settings.MainSettings}
09-01 14:24:23.925 W/RecentsModel( 7676): getTaskInfoIgnoreFreeform   taskInfo=ComponentInfo{com.miui.home/com.miui.home.launcher.Launcher}
09-01 14:24:23.925 W/RecentsModel( 7676): onTaskStackChangedBackground: finishLoading loading
09-01 14:24:23.929 W/InputDispatcher( 1639): channel '70a6051 com.xiaomi.hm.health/com.xiaomi.hm.health.activity.MainTabActivity (server)' ~ Consumer closed input channel or an error occurred.  events=0x9
09-01 14:24:23.929 E/InputDispatcher( 1639): channel '70a6051 com.xiaomi.hm.health/com.xiaomi.hm.health.activity.MainTabActivity (server)' ~ Channel is unrecoverably broken and will be disposed!
09-01 14:24:23.930 D/BtGatt.GattService( 8588): Binder is dead - unregistering client (8)!
09-01 14:24:23.930 D/BtGatt.GattService( 8588): unregisterClient() - clientIf=8
09-01 14:24:23.931 I/WindowManager( 1639): WIN DEATH: Window{cd7fd29 u0 com.xiaomi.hm.health/com.xiaomi.hm.health.ui.favorite.MyFavoriteActivity}
09-01 14:24:23.931 V/bt_stack( 8588): [VERBOSE1:bta_gattc_act.cc(538)] bta_gattc_close: conn_id=0x0008
09-01 14:24:23.931 W/InputDispatcher( 1639): Attempted to unregister already unregistered input channel 'cd7fd29 com.xiaomi.hm.health/com.xiaomi.hm.health.ui.favorite.MyFavoriteActivity (server)'
09-01 14:24:23.931 I/bt_stack( 8588): [INFO:gatt_api.cc(1244)] GATT_Disconnect conn_id=0x0008
09-01 14:24:23.931 V/bt_stack( 8588): [VERBOSE1:gatt_main.cc(359)] gatt_update_app_use_link_flag: is_add=0 chk_link=1
09-01 14:24:23.931 V/bt_stack( 8588): [VERBOSE1:gatt_main.cc(325)] gatt_update_app_hold_link_status
09-01 14:24:23.931 V/bt_stack( 8588): [VERBOSE1:gatt_main.cc(342)] removed gatt_if=8
09-01 14:24:23.931 V/bt_stack( 8588): [VERBOSE1:gatt_main.cc(389)]  start link idle timer = 1 sec
09-01 14:24:23.931 V/bt_stack( 8588): [VERBOSE1:gatt_api.cc(934)] GATT_SetIdleTimeout idle_tout=1, status=1 (1-OK 0-not performed)
09-01 14:24:23.931 V/bt_stack( 8588): [VERBOSE1:gatt_api.cc(1000)] GATT_Deregister gatt_if=8
09-01 14:24:23.931 D/BtGatt.GattService( 8588): onDisconnected() - clientIf=8, connId=8, address=C3:D4:F4:E3:11:EC
09-01 14:24:23.931 E/BtGatt.ContextMap( 8588): Context not found for ID 8
09-01 14:24:23.932 V/bt_stack( 8588): [VERBOSE1:gatt_main.cc(1079)] gatt_get_ch_state: ch_state=4
09-01 14:24:23.932 V/bt_stack( 8588): [VERBOSE1:gatt_main.cc(307)] gatt_is_app_holding_linkgatt_if= 8not found;
09-01 14:24:23.932 V/bt_stack( 8588): [VERBOSE1:gatt_main.cc(359)] gatt_update_app_use_link_flag: is_add=0 chk_link=1
09-01 14:24:23.932 D/Layer   (  881): ---setAlpha Launcher=1.000000
09-01 14:24:23.932 V/bt_stack( 8588): [VERBOSE1:gatt_main.cc(325)] gatt_update_app_hold_link_status
09-01 14:24:23.932 W/Unity   ( 2503): Not running Unity from an Activity; ignored...
09-01 14:24:23.932 W/ActivityManager( 1639): Sending non-protected broadcast android.bluetooth.ble.BLE_DEVICE_DISCONNECTED from system 8588:com.android.bluetooth/1002 pkg com.android.bluetooth. Callers=
09-01 14:24:23.932 V/bt_stack( 8588): [VERBOSE1:gatt_main.cc(338)] attempt to remove nonexisting gatt_if=8
09-01 14:24:23.932 V/bt_stack( 8588): [VERBOSE1:connection_manager.cc(161)] on_app_deregistered : app_id 0x08
09-01 14:24:23.932 I/Timeline( 1639): Timeline: App_transition_ready time:211029949
09-01 14:24:23.933 I/WindowManager( 1639): WIN DEATH: Window{70a6051 u0 com.xiaomi.hm.health/com.xiaomi.hm.health.activity.MainTabActivity}
09-01 14:24:23.933 W/InputDispatcher( 1639): Attempted to unregister already unregistered input channel '70a6051 com.xiaomi.hm.health/com.xiaomi.hm.health.activity.MainTabActivity (server)'
09-01 14:24:23.933 I/Zygote  (  680): Process 3502 exited due to signal 9 (Killed)
09-01 14:24:23.934 D/Layer   (  881): ---setAlpha Launcher=1.000000
09-01 14:24:23.934 I/Timeline( 1639): Timeline: App_transition_ready time:211029951
09-01 14:24:23.934 D/Layer   (  881): ---setAlpha Launcher=1.000000
09-01 14:24:23.934 I/Timeline( 1639): Timeline: App_transition_ready time:211029951
09-01 14:24:23.935 D/Layer   (  881): ---setAlpha Launcher=1.000000
09-01 14:24:23.936 I/sensors-hal(  791): flush:209, android.sensor.accelerometer/56
09-01 14:24:23.936 D/CompatibilityInfo( 1639): mCompatibilityFlags - 0
09-01 14:24:23.936 D/CompatibilityInfo( 1639): applicationDensity - 440
09-01 14:24:23.936 D/CompatibilityInfo( 1639): applicationScale - 1.0
09-01 14:24:23.937 I/libprocessgroup( 1639): Successfully killed process cgroup uid 10241 pid 3502 in 125ms
09-01 14:24:23.937 D/MiuiNearbyService( 3272): getNearbyService() - returning com.android.bluetooth.ble.app.MiuiNearbyService@32662cc
09-01 14:24:23.937 E/MiuiThirdPartAppScanManager( 3272): DeviceDisconnected : C3:D4:F4:E3:11:EC
09-01 14:24:23.938 I/sensors-hal(  791): flush:215, android.sensor.accelerometer/56 completed
09-01 14:24:23.939 I/sensors-hal(  791): batch:180, android.sensor.accelerometer/56, period=20000000, max_latency=0
09-01 14:24:23.940 I/sensors-hal(  791): batch:189, android.sensor.accelerometer/56, period=20000000, max_latency=0 request completed
09-01 14:24:23.948 D/Avrcp_ext( 8588): AudioManager Player: ID:4039 -- type:android.media.SoundPool -- u/pid:10141/22367 -- state:idle -- attr:AudioAttributes: usage=USAGE_VOICEASSIST content=CONTENT_TYPE_VOICEASSIST flags=0x800 tags= bundle=null
09-01 14:24:23.948 D/Avrcp_ext( 8588): AudioManager Player: ID:15 -- type:android.media.SoundPool -- u/pid:1000/1639 -- state:idle -- attr:AudioAttributes: usage=USAGE_ASSISTANCE_SONIFICATION content=CONTENT_TYPE_SONIFICATION flags=0x800 tags= bundle=null
09-01 14:24:23.948 D/Avrcp_ext( 8588): AudioManager Player: ID:47 -- type:OpenSL ES AudioPlayer (Buffer Queue) -- u/pid:10108/2503 -- state:started -- attr:AudioAttributes: usage=USAGE_MEDIA content=CONTENT_TYPE_UNKNOWN flags=0x0 tags= bundle=null
09-01 14:24:23.948 D/Avrcp_ext( 8588): AudioManager isPlaying: true, mA2dpState: 11, isMusiActive: false
09-01 14:24:23.948 V/Avrcp_ext( 8588): updateCurrentMediaState: mMediaController: null
09-01 14:24:23.948 V/Avrcp_ext( 8588): isMusicActive: false getBluetoothPlayState: 2
09-01 14:24:23.948 V/Avrcp_ext( 8588): updateCurrentMediaState: isPlaying = false
09-01 14:24:23.948 V/Avrcp_ext( 8588): updateCurrentMediaState: mMediaController or getPlaybackState() null
09-01 14:24:23.948 V/Avrcp_ext( 8588): Media update: id -1-1? [MediaAttributes: none] : [MediaAttributes: none]
09-01 14:24:23.948 V/Avrcp_ext( 8588): newPlayStatus:2mReportedPlayStatus:-1
09-01 14:24:23.948 V/Avrcp_ext( 8588): updatePlaybackState, state: PlaybackState {state=2, position=-1, buffered position=0, speed=0.0, updated=595205277, actions=0, custom actions=[], active item id=-1, error=null} device: null
09-01 14:24:23.948 V/Avrcp_ext( 8588): Device: no name: 
09-01 14:24:23.948 I/chatty  ( 8588): uid=1002(bluetooth) BluetoothAvrcpH identical 3 lines
09-01 14:24:23.948 V/Avrcp_ext( 8588): Device: no name: 
09-01 14:24:23.948 V/Avrcp_ext( 8588): updatePlayerStateAndPosition, old=PlaybackState {state=2, position=-1, buffered position=0, speed=0.0, updated=595190152, actions=0, custom actions=[], active item id=-1, error=null}, state=PlaybackState {state=2, position=-1, buffered position=0, speed=0.0, updated=595205277, actions=0, custom actions=[], active item id=-1, error=null}
09-01 14:24:23.948 V/Avrcp_ext( 8588): old state = PlaybackState {state=2, position=-1, buffered position=0, speed=0.0, updated=595190152, actions=0, custom actions=[], active item id=-1, error=null}, new state= PlaybackState {state=2, position=-1, buffered position=0, speed=0.0, updated=595205277, actions=0, custom actions=[], active item id=-1, error=null}
09-01 14:24:23.948 D/HeadsetService( 8588): getHeadsetService(): returning com.android.bluetooth.hfp.HeadsetService@7ff1c71
09-01 14:24:23.949 D/HeadsetService( 8588):  isAudioOn: The number of audio connected devices 0
09-01 14:24:23.949 D/HeadsetService( 8588): isScoOrCallActive(): Call Active:falseCall is Ringing:falseSCO is Active:false
09-01 14:24:23.949 D/HeadsetService( 8588):  isAudioOn: The number of audio connected devices 0
09-01 14:24:23.949 I/Avrcp_ext( 8588): updatePlayStatusForDevice: device: null
09-01 14:24:23.949 V/Avrcp_ext( 8588): updatePlaybackState (1): old=PlaybackState {state=2, position=-1, buffered position=0, speed=0.0, updated=595190152, actions=0, custom actions=[], active item id=-1, error=null}(2), new=PlaybackState {state=2, position=-1, buffered position=0, speed=0.0, updated=595205277, actions=0, custom actions=[], active item id=-1, error=null}(2)
09-01 14:24:23.949 I/Avrcp_ext( 8588): Exit updatePlayStatusForDevice
09-01 14:24:23.949 D/HeadsetService( 8588):  isAudioOn: The number of audio connected devices 0
09-01 14:24:23.949 D/HeadsetService( 8588): isScoOrCallActive(): Call Active:falseCall is Ringing:falseSCO is Active:false
09-01 14:24:23.949 D/HeadsetService( 8588):  isAudioOn: The number of audio connected devices 0
09-01 14:24:23.949 I/Avrcp_ext( 8588): updatePlayStatusForDevice: device: null
09-01 14:24:23.949 V/Avrcp_ext( 8588): updatePlaybackState (1): old=PlaybackState {state=2, position=-1, buffered position=0, speed=0.0, updated=595190152, actions=0, custom actions=[], active item id=-1, error=null}(2), new=PlaybackState {state=2, position=-1, buffered position=0, speed=0.0, updated=595205277, actions=0, custom actions=[], active item id=-1, error=null}(2)
09-01 14:24:23.949 I/Avrcp_ext( 8588): Exit updatePlayStatusForDevice
09-01 14:24:23.949 D/Layer   (  881): ---setAlpha Launcher=1.000000
09-01 14:24:23.949 D/HeadsetService( 8588):  isAudioOn: The number of audio connected devices 0
09-01 14:24:23.949 D/HeadsetService( 8588): isScoOrCallActive(): Call Active:falseCall is Ringing:falseSCO is Active:false
09-01 14:24:23.949 V/MediaRouter( 2503): Selecting route: RouteInfo{ name=, description=null, status=null, category=RouteCategory{ name= types=ROUTE_TYPE_LIVE_AUDIO ROUTE_TYPE_LIVE_VIDEO  groupable=false }, supportedTypes=ROUTE_TYPE_LIVE_AUDIO ROUTE_TYPE_LIVE_VIDEO , presentationDisplay=null }
09-01 14:24:23.949 D/HeadsetService( 8588):  isAudioOn: The number of audio connected devices 0
09-01 14:24:23.949 I/Avrcp_ext( 8588): updatePlayStatusForDevice: device: null
09-01 14:24:23.949 V/Avrcp_ext( 8588): updatePlaybackState (1): old=PlaybackState {state=2, position=-1, buffered position=0, speed=0.0, updated=595190152, actions=0, custom actions=[], active item id=-1, error=null}(2), new=PlaybackState {state=2, position=-1, buffered position=0, speed=0.0, updated=595205277, actions=0, custom actions=[], active item id=-1, error=null}(2)
09-01 14:24:23.949 I/Avrcp_ext( 8588): Exit updatePlayStatusForDevice
09-01 14:24:23.949 D/HeadsetService( 8588):  isAudioOn: The number of audio connected devices 0
09-01 14:24:23.949 D/HeadsetService( 8588): isScoOrCallActive(): Call Active:falseCall is Ringing:falseSCO is Active:false
09-01 14:24:23.950 D/HeadsetService( 8588):  isAudioOn: The number of audio connected devices 0
09-01 14:24:23.950 I/Avrcp_ext( 8588): updatePlayStatusForDevice: device: null
09-01 14:24:23.950 V/Avrcp_ext( 8588): updatePlaybackState (1): old=PlaybackState {state=2, position=-1, buffered position=0, speed=0.0, updated=595190152, actions=0, custom actions=[], active item id=-1, error=null}(2), new=PlaybackState {state=2, position=-1, buffered position=0, speed=0.0, updated=595205277, actions=0, custom actions=[], active item id=-1, error=null}(2)
09-01 14:24:23.950 I/Avrcp_ext( 8588): Exit updatePlayStatusForDevice
09-01 14:24:23.950 D/HeadsetService( 8588):  isAudioOn: The number of audio connected devices 0
09-01 14:24:23.950 D/HeadsetService( 8588): isScoOrCallActive(): Call Active:falseCall is Ringing:falseSCO is Active:false
09-01 14:24:23.950 D/HeadsetService( 8588):  isAudioOn: The number of audio connected devices 0
09-01 14:24:23.950 I/Avrcp_ext( 8588): updatePlayStatusForDevice: device: null
09-01 14:24:23.950 V/Avrcp_ext( 8588): updatePlaybackState (1): old=PlaybackState {state=2, position=-1, buffered position=0, speed=0.0, updated=595190152, actions=0, custom actions=[], active item id=-1, error=null}(2), new=PlaybackState {state=2, position=-1, buffered position=0, speed=0.0, updated=595205277, actions=0, custom actions=[], active item id=-1, error=null}(2)
09-01 14:24:23.950 I/Avrcp_ext( 8588): Exit updatePlayStatusForDevice
09-01 14:24:23.950 D/Avrcp_ext( 8588): Enter sendPlayPosNotificationRsp
09-01 14:24:23.950 D/Avrcp_ext( 8588): sendPlayPosNotificationRsp: Not registered or requesting.
09-01 14:24:23.950 D/Avrcp_ext( 8588): Enter sendPlayPosNotificationRsp
09-01 14:24:23.950 D/Avrcp_ext( 8588): sendPlayPosNotificationRsp: Not registered or requesting.
09-01 14:24:23.950 D/Avrcp_ext( 8588): Enter sendPlayPosNotificationRsp
09-01 14:24:23.950 D/Avrcp_ext( 8588): sendPlayPosNotificationRsp: Not registered or requesting.
09-01 14:24:23.950 D/Avrcp_ext( 8588): Enter sendPlayPosNotificationRsp
09-01 14:24:23.950 D/Avrcp_ext( 8588): sendPlayPosNotificationRsp: Not registered or requesting.
09-01 14:24:23.950 D/Avrcp_ext( 8588): Enter sendPlayPosNotificationRsp
09-01 14:24:23.950 D/Avrcp_ext( 8588): sendPlayPosNotificationRsp: Not registered or requesting.
09-01 14:24:23.950 V/Avrcp_ext( 8588): Exit updatePlayerStateAndPosition
09-01 14:24:23.952 D/APM_AudioPolicyManager(  849): startOutput portId 26
09-01 14:24:23.953 D/APM_AudioPolicyManager(  849): startOutput() output 13, stream 3, session 9
09-01 14:24:23.953 D/APM_AudioPolicyManager(  849): getNewOutputDevices selected devices {type:0x2,@:}
09-01 14:24:23.953 D/APM_AudioPolicyManager(  849): setOutputDevices device {type:0x2,@:} delayMs 0 force 0
09-01 14:24:23.953 D/APM_AudioPolicyManager(  849): setOutputDevices setting same device {type:0x2,@:} or null device, force=0, patch handle=4
09-01 14:24:23.953 V/AudioPolicyManagerCustom(  849): checkAndSetVolume() set volumeSource 4 volume index 3 for device 0x02
09-01 14:24:23.954 E/AudioFlinger(  849): open /proc/2503/cmdline error
09-01 14:24:23.954 I/AudioFlinger(  849): setAppName(), name=[], active=[1]
09-01 14:24:23.954 V/EffectMiSound(  771): MiSound_command() start, cmdCode=23
09-01 14:24:23.954 V/EffectMiSound(  771): MiSound_Command EFFECT_CMD_SET_APP_NAME: stream=3, name=+
09-01 14:24:23.956 D/AudioManager( 2503): getStreamVolume isRestricted mode = 0
09-01 14:24:23.950 W/perf@2.0-servic(  809): type=1400 audit(0.0:63460): avc: denied { search } for name="771" dev="proc" ino=7088293 scontext=u:r:hal_perf_default:s0 tcontext=u:r:hal_audio_default:s0 tclass=dir permissive=0
09-01 14:24:23.950 W/perf@2.0-servic(  809): type=1400 audit(0.0:63461): avc: denied { search } for name="771" dev="proc" ino=7088293 scontext=u:r:hal_perf_default:s0 tcontext=u:r:hal_audio_default:s0 tclass=dir permissive=0
09-01 14:24:23.956 E/volume_listener(  771): check_and_set_gain_dep_cal: Failed to set gain dep cal level
09-01 14:24:23.956 D/audio_hw_primary(  771): start_output_stream: enter: stream(0xe916a800)usecase(1: low-latency-playback) devices(0x2) is_haptic_usecase(0)
09-01 14:24:23.957 D/audio_hw_primary(  771): select_devices for use case (low-latency-playback)
09-01 14:24:23.957 I/msm8974_platform(  771): platform_check_and_set_codec_backend_cfg:becf: afe: bitwidth 24, samplerate 48000 channels 2, backend_idx 4 usecase = 1 device (speaker)
09-01 14:24:23.957 D/msm8974_platform(  771): platform_split_snd_device: snd_device(2) num devices(1) new_snd_devices(0)
09-01 14:24:23.957 I/msm8974_platform(  771): platform_check_and_set_codec_backend_cfg: new_snd_devices[0] is 2
09-01 14:24:23.957 I/msm8974_platform(  771): platform_check_codec_backend_cfg:becf: afe: bitwidth 24, samplerate 48000 channels 2, backend_idx 4 usecase = 1 device (speaker)
09-01 14:24:23.957 D/msm8974_platform(  771): platform_check_codec_backend_cfg:becf: afe: playback on codec device not supporting native playback set default Sample Rate(48k)
09-01 14:24:23.957 I/msm8974_platform(  771): platform_check_codec_backend_cfg:becf: afe: Codec selected backend: 4 updated bit width: 24 and sample rate: 48000
09-01 14:24:23.957 D/audio_hw_primary(  771): check_usecases_codec_backend:becf: force routing 0
09-01 14:24:23.957 E/msm8974_platform(  771): platform_check_backends_match: Invalid snd_device = 
09-01 14:24:23.957 D/audio_hw_primary(  771): check_usecases_codec_backend:becf: (112) check_usecases curr device: speaker, usecase device: backends match 0
09-01 14:24:23.957 D/audio_hw_primary(  771): check_usecases_codec_backend:becf: check_usecases num.of Usecases to switch 0
