09-01 14:24:23.957 D/msm8974_platform(  771): platform_split_snd_device: snd_device(2) num devices(0) new_snd_devices(0)
09-01 14:24:23.957 D/hardware_info(  771): hw_info_append_hw_type : device_name = speaker
09-01 14:24:23.957 D/msm8974_platform(  771): platform_split_snd_device: snd_device(2) num devices(0) new_snd_devices(0)
09-01 14:24:23.958 D/audio_hw_primary(  771): enable_snd_device: snd_device(2: speaker)
09-01 14:24:23.958 I/soundtrigger(  771): audio_extn_sound_trigger_update_device_status: device 0x2 of type 0 for Event 1, with Raise=0
09-01 14:24:23.958 E/audio_route(  771): Path: speaker, length: 1
09-01 14:24:23.958 E/audio_route(  771):   id=0: ctl=TFA Profile
09-01 14:24:23.958 E/audio_route(  771):     id=0 value=0
09-01 14:24:23.958 D/audio_route(  771): Apply path: speaker
09-01 14:24:23.958 D/audio_route(  771): audio_route_apply_and_update_path name speaker
09-01 14:24:23.958 D/hardware_info(  771): hw_info_append_hw_type : device_name = vi-feedback
09-01 14:24:23.958 D/msm8974_platform(  771): platform_split_snd_device: snd_device(199) num devices(0) new_snd_devices(-371483466)
09-01 14:24:23.958 D/audio_hw_primary(  771): enable_snd_device: snd_device(199: vi-feedback)
09-01 14:24:23.958 I/soundtrigger(  771): audio_extn_sound_trigger_update_device_status: device 0xc7 of type 1 for Event 1, with Raise=0
09-01 14:24:23.958 E/audio_route(  771): Path: vi-feedback, length: 0
09-01 14:24:23.958 D/audio_route(  771): Apply path: vi-feedback
09-01 14:24:23.958 D/audio_route(  771): audio_route_apply_and_update_path name vi-feedback
09-01 14:24:23.958 D/soundtrigger(  771): audio_extn_sound_trigger_update_stream_status: uc_info->id 50 of type 1 for Event 3, with Raise=1
09-01 14:24:23.958 D/soundtrigger(  771):  audio_extn_sound_trigger_update_stream_status ignore stream event for devcie 199
09-01 14:24:23.958 D/audio_hw_utils(  771): audio_extn_utils_send_app_type_cfg: usecase->in_snd_device vi-feedback
09-01 14:24:23.958 E/voice   (  771): voice_is_in_call_rec_stream: input stream is NULL
09-01 14:24:23.958 D/msm8974_platform(  771): platform_split_snd_device: snd_device(199) num devices(0) new_snd_devices(0)
09-01 14:24:23.958 E/audio_hw_utils(  771): send_app_type_cfg_for_device: Could not get ctl for mixer cmd - Audio Stream Capture 35 App Type Cfg
09-01 14:24:23.958 D/msm8974_platform(  771): platform_split_snd_device: snd_device(199) num devices(1) new_snd_devices(0)
09-01 14:24:23.958 D/ACDB-LOADER(  771): ACDB -> send_audio_cal, acdb_id = 102, path = 1, app id = 0x11132, sample rate = 48000
09-01 14:24:23.958 D/ACDB-LOADER(  771): ACDB -> send_asm_topology
09-01 14:24:23.958 D/ACDB-LOADER(  771): ACDB -> ACDB_CMD_GET_AUDPROC_STREAM_TOPOLOGY_ID
09-01 14:24:23.958 D/ACDB-LOADER(  771): ACDB -> send_adm_topology
09-01 14:24:23.958 D/ACDB-LOADER(  771): ACDB -> ACDB_CMD_GET_AUDPROC_COMMON_TOPOLOGY_ID
09-01 14:24:23.958 D/ACDB-LOADER(  771): ACDB -> send_audtable
09-01 14:24:23.958 D/ACDB-LOADER(  771): ACDB -> ACDB_CMD_GET_AUDPROC_INSTANCE_COMMON_TABLE_SIZE
09-01 14:24:23.958 D/ACDB-LOADER(  771): ACDB -> ACDB_CMD_GET_AUDPROC_INSTANCE_COMMON_TABLE
09-01 14:24:23.958 D/ACDB-LOADER(  771): ACDB -> AUDIO_SET_AUDPROC_CAL cal_type[11] acdb_id[102] app_type[69938]
09-01 14:24:23.958 D/ACDB-LOADER(  771): ACDB -> ACDB_CMD_GET_AUDPROC_INSTANCE_STREAM_TABLE_SIZE
09-01 14:24:23.958 D/ACDB-LOADER(  771): ACDB -> send_audstrmtable
09-01 14:24:23.958 D/ACDB-LOADER(  771): ACDB -> ACDB_CMD_GET_AUDPROC_INSTANCE_STREAM_TABLE
09-01 14:24:23.958 D/ACDB-LOADER(  771): ACDB -> audstrm_cal->cal_type.cal_data.cal_size = 20
09-01 14:24:23.958 D/ACDB-LOADER(  771): ACDB -> send_afe_topology
09-01 14:24:23.958 D/ACDB-LOADER(  771): ACDB -> ACDB_CMD_GET_AFE_TOPOLOGY_ID
09-01 14:24:23.958 D/ACDB-LOADER(  771): ACDB -> GET_AFE_TOPOLOGY_ID for adcd_id 102, Topology Id 1000b909
09-01 14:24:23.958 D/ACDB-LOADER(  771): ACDB -> send_afe_cal
09-01 14:24:23.958 D/ACDB-LOADER(  771): ACDB -> ACDB_CMD_GET_AFE_INSTANCE_COMMON_TABLE_SIZE
09-01 14:24:23.958 D/ACDB-LOADER(  771): ACDB -> ACDB_CMD_GET_AFE_INSTANCE_COMMON_TABLE
09-01 14:24:23.958 D/ACDB-LOADER(  771): ACDB -> AUDIO_SET_AFE_CAL cal_type[17] acdb_id[102]
09-01 14:24:23.958 D/ACDB-LOADER(  771): ACDB -> send_hw_delay : acdb_id = 102 path = 1
09-01 14:24:23.958 D/ACDB-LOADER(  771): ACDB -> ACDB_AVSYNC_INFO: ACDB_CMD_GET_DEVICE_PROPERTY
09-01 14:24:23.959 D/audio_hw_primary(  771): enable_audio_route: apply mixer and update path: spkr-vi-record
09-01 14:24:23.959 E/audio_route(  771): Path: spkr-vi-record, length: 1
09-01 14:24:23.959 E/audio_route(  771):   id=0: ctl=QUATERNARY_MI2S_RX_VI_FB_MUX
09-01 14:24:23.959 E/audio_route(  771):     id=0 value=1
09-01 14:24:23.959 E/audio_route(  771):     id=1 value=1
09-01 14:24:23.959 D/audio_route(  771): Apply path: spkr-vi-record
09-01 14:24:23.959 D/audio_route(  771): audio_route_apply_and_update_path name spkr-vi-record
09-01 14:24:23.959 V/SettingsProvider( 1639): Notifying for 0: content://settings/global/hidden_api_policy_p_apps
09-01 14:24:23.961 E/audio_hw_tfa98xx_feedback(  771): pcm_dev_tx_id = 35
09-01 14:24:23.974 I/audio_hw_utils(  771): audio_extn_utils_update_stream_output_app_type_cfg Allowing 24 and above bits playback on speaker ONLY at default sampling rate
09-01 14:24:23.974 E/soundtrigger(  771): audio_extn_sound_trigger_update_stream_status: invalid input device 0x0, for event 3
09-01 14:24:23.974 D/soundtrigger(  771): audio_extn_sound_trigger_update_stream_status: uc_info->id 1 of type 0 for Event 3, with Raise=0
09-01 14:24:23.974 D/audio_hw_utils(  771): audio_extn_utils_send_app_type_cfg: usecase->out_snd_device speaker
09-01 14:24:23.974 D/msm8974_platform(  771): platform_split_snd_device: snd_device(2) num devices(0) new_snd_devices(0)
09-01 14:24:23.974 D/audio_hw_utils(  771): audio_extn_btsco_get_sample_rate:Not a BT SCO device, need not update sampling rate
09-01 14:24:23.974 I/audio_hw_utils(  771): send_app_type_cfg_for_device PLAYBACK app_type 69937, acdb_dev_id 10011, sample_rate 48000, snd_device_be_idx 39
09-01 14:24:23.975 D/msm8974_platform(  771): platform_split_snd_device: snd_device(2) num devices(1) new_snd_devices(0)
09-01 14:24:23.975 D/audio_hw_utils(  771): audio_extn_btsco_get_sample_rate:Not a BT SCO device, need not update sampling rate
09-01 14:24:23.975 D/ACDB-LOADER(  771): ACDB -> send_audio_cal, acdb_id = 10011, path = 0, app id = 0x11131, sample rate = 48000
09-01 14:24:23.975 D/ACDB-LOADER(  771): ACDB -> send_asm_topology
09-01 14:24:23.975 D/ACDB-LOADER(  771): ACDB -> ACDB_CMD_GET_AUDPROC_STREAM_TOPOLOGY_ID
09-01 14:24:23.975 D/ACDB-LOADER(  771): ACDB -> send_adm_topology
09-01 14:24:23.975 D/ACDB-LOADER(  771): ACDB -> ACDB_CMD_GET_AUDPROC_COMMON_TOPOLOGY_ID
09-01 14:24:23.976 D/ACDB-LOADER(  771): ACDB -> send_audtable
09-01 14:24:23.976 D/ACDB-LOADER(  771): ACDB -> ACDB_CMD_GET_AUDPROC_INSTANCE_COMMON_TABLE_SIZE
09-01 14:24:23.976 D/ACDB-LOADER(  771): ACDB -> ACDB_CMD_GET_AUDPROC_INSTANCE_COMMON_TABLE
09-01 14:24:23.976 D/ACDB-LOADER(  771): ACDB -> AUDIO_SET_AUDPROC_CAL cal_type[11] acdb_id[10011] app_type[69937]
09-01 14:24:23.976 D/ACDB-LOADER(  771): ACDB -> send_audvoltable
09-01 14:24:23.976 D/ACDB-LOADER(  771): ACDB -> ACDB_CMD_GET_AUDPROC_INSTANCE_GAIN_DEP_STEP_TABLE_SIZE
09-01 14:24:23.976 D/ACDB-LOADER(  771): ACDB -> ACDB_CMD_GET_AUDPROC_INSTANCE_GAIN_DEP_STEP_TABLE, vol index 0
09-01 14:24:23.976 D/ACDB-LOADER(  771): ACDB -> AUDIO_SET_VOL_CAL cal type = 12
09-01 14:24:23.976 D/ACDB-LOADER(  771): ACDB -> ACDB_CMD_GET_AUDPROC_INSTANCE_STREAM_TABLE_SIZE
09-01 14:24:23.976 D/ACDB-LOADER(  771): ACDB -> send_audstrmtable
09-01 14:24:23.976 D/ACDB-LOADER(  771): ACDB -> ACDB_CMD_GET_AUDPROC_INSTANCE_STREAM_TABLE
09-01 14:24:23.976 D/ACDB-LOADER(  771): ACDB -> audstrm_cal->cal_type.cal_data.cal_size = 20
09-01 14:24:23.976 D/ACDB-LOADER(  771): ACDB -> send_afe_topology
09-01 14:24:23.976 D/ACDB-LOADER(  771): ACDB -> ACDB_CMD_GET_AFE_TOPOLOGY_ID
09-01 14:24:23.976 D/ACDB-LOADER(  771): ACDB -> GET_AFE_TOPOLOGY_ID for adcd_id 10011, Topology Id 1000b910
09-01 14:24:23.976 D/ACDB-LOADER(  771): ACDB -> send_afe_cal
09-01 14:24:23.976 D/ACDB-LOADER(  771): ACDB -> ACDB_CMD_GET_AFE_INSTANCE_COMMON_TABLE_SIZE
09-01 14:24:23.976 D/ACDB-LOADER(  771): ACDB -> ACDB_CMD_GET_AFE_INSTANCE_COMMON_TABLE
09-01 14:24:23.976 D/ACDB-LOADER(  771): ACDB -> AUDIO_SET_AFE_CAL cal_type[16] acdb_id[10011]
09-01 14:24:23.976 D/ACDB-LOADER(  771): ACDB -> send_hw_delay : acdb_id = 10011 path = 0
09-01 14:24:23.976 D/ACDB-LOADER(  771): ACDB -> ACDB_AVSYNC_INFO: ACDB_CMD_GET_DEVICE_PROPERTY
09-01 14:24:23.976 D/msm8974_platform(  771): platform_split_snd_device: snd_device(2) num devices(0) new_snd_devices(0)
09-01 14:24:23.976 I/msm8974_platform(  771): platform_get_custom_mtmx_params: no matching param with id 0 ip_ch 2 op_ch 2 uc_id 1 snd_dev 2
09-01 14:24:23.976 D/audio_hw_primary(  771): enable_audio_route: apply mixer and update path: low-latency-playback speaker
09-01 14:24:23.976 E/audio_route(  771): Path: low-latency-playback speaker, length: 1
09-01 14:24:23.976 E/audio_route(  771):   id=0: ctl=QUAT_MI2S_RX Audio Mixer MultiMedia5
09-01 14:24:23.976 E/audio_route(  771):     id=0 value=1
09-01 14:24:23.976 E/audio_route(  771):     id=1 value=1
09-01 14:24:23.976 D/audio_route(  771): Apply path: low-latency-playback speaker
09-01 14:24:23.976 D/audio_route(  771): audio_route_apply_and_update_path name low-latency-playback speaker
09-01 14:24:23.978 D/send_data_to_xlog(  771): send_misound_data_to_xlog: enter: usecase(1)
09-01 14:24:23.978 D/audio_hw_primary(  771): select_devices: done
09-01 14:24:23.978 D/audio_hw_primary(  771): start_output_stream: Opening PCM device card_id(0) device_id(13) format(0x4)
09-01 14:24:23.990 V/SettingsProvider( 1639): Notifying for 0: content://settings/global/hidden_api_policy
09-01 14:24:24.023 D/msm8974_platform(  771): platform_set_channel_map mixer_ctl_name:Playback Channel Map13
09-01 14:24:24.023 D/msm8974_platform(  771): platform_set_channel_map: set mapping(1 2 0 0 0 0 0 0) for channel:2
09-01 14:24:24.024 D/audio_hw_primary(  771): start_output_stream: pcm_prepare
09-01 14:24:24.024 D/audio_hw_primary(  771): start_output_stream: exit
09-01 14:24:24.024 D/audio_hw_primary(  771): check_and_set_karaok_parameters: is karaok rx device 0, is karaok tx device 0
09-01 14:24:24.024 D/audio_hw_primary(  771): out_write: retry previous failed cal level set
09-01 14:24:24.024 D/msm8974_platform(  771): platform_split_snd_device: snd_device(2) num devices(1) new_snd_devices(0)
09-01 14:24:24.024 D/ACDB-LOADER(  771): ACDB -> send_audvoltable
09-01 14:24:24.024 D/ACDB-LOADER(  771): ACDB -> ACDB_CMD_GET_AUDPROC_INSTANCE_GAIN_DEP_STEP_TABLE_SIZE
09-01 14:24:24.024 D/ACDB-LOADER(  771): ACDB -> ACDB_CMD_GET_AUDPROC_INSTANCE_GAIN_DEP_STEP_TABLE, vol index 5
09-01 14:24:24.024 D/ACDB-LOADER(  771): ACDB -> AUDIO_SET_VOL_CAL cal type = 40
09-01 14:24:24.025 W/msm8974_platform(  771): platform_send_gain_dep_cal: Usecase list is empty
09-01 14:24:24.025 D/msm8974_platform(  771): platform_split_snd_device: snd_device(2) num devices(0) new_snd_devices(0)
09-01 14:24:24.025 I/msm8974_platform(  771): platform_get_custom_mtmx_params: no matching param with id 0 ip_ch 2 op_ch 2 uc_id 1 snd_dev 2
09-01 14:24:24.078 I/MiuiNetworkPolicy( 1639): updateUidState uid = 10062, uidState = 4
09-01 14:24:24.078 D/OemNetd (  679): whiteListUid: uid=10062, wmm=add
09-01 14:24:24.080 I/MiuiNetworkPolicy( 1639): updateMLUid uid:10062,old:20,new:4
09-01 14:24:24.080 I/MiuiNetworkPolicy( 1639): isMLEnabled state:20,uid:10062,connect:DISCONNECTED
09-01 14:24:24.080 I/MiuiNetworkPolicy( 1639): isMLEnabled state:4,uid:10062,connect:DISCONNECTED
09-01 14:24:24.083 D/Launcher.Transfer( 7676): transfer:onResume, extra:null
09-01 14:24:24.087 E/ActivityThread(26104): Failed to find provider info for com.android.bluetooth.deviceinfo_provider
09-01 14:24:24.150 I/TestRunner( 3448): finished: startServer(io.appium.uiautomator2.server.test.AppiumUiAutomator2Server)
09-01 14:24:24.154 I/MonitoringInstr( 3448): Activities that are still in CREATED to STOPPED: 0
09-01 14:24:24.156 I/TestRunner( 3448): run finished: 1 tests, 0 failed, 0 ignored
09-01 14:24:24.175 D/NetworkSecurityConfig( 3448): No Network Security Config specified, using platform default
09-01 14:24:24.185 E/ResolverController(  679): No valid NAT64 prefix (116, <unspecified>/0)
09-01 14:24:24.229 V/SettingsProvider( 1639): Notifying for 0: content://settings/global/hidden_api_policy_pre_p_apps
09-01 14:24:24.268 V/SettingsProvider( 1639): Notifying for 0: content://settings/global/hidden_api_policy_p_apps
09-01 14:24:24.311 V/SettingsProvider( 1639): Notifying for 0: content://settings/global/hidden_api_policy
09-01 14:24:24.451 V/Avrcp_ext( 8588): AvrcpMessageHandler: received message=29
09-01 14:24:24.451 V/Avrcp_ext( 8588): updateCurrentMediaState: mMediaController: null
09-01 14:24:24.452 V/Avrcp_ext( 8588): isMusicActive: true getBluetoothPlayState: 2
09-01 14:24:24.452 V/Avrcp_ext( 8588): updateCurrentMediaState: isPlaying = false
09-01 14:24:24.452 V/Avrcp_ext( 8588): updateCurrentMediaState: mMediaController or getPlaybackState() null
09-01 14:24:24.452 V/Avrcp_ext( 8588): Media update: id -1-1? [MediaAttributes: none] : [MediaAttributes: none]
09-01 14:24:24.452 V/Avrcp_ext( 8588): newPlayStatus:2mReportedPlayStatus:-1
09-01 14:24:24.452 V/Avrcp_ext( 8588): updatePlaybackState, state: PlaybackState {state=2, position=-1, buffered position=0, speed=0.0, updated=595205781, actions=0, custom actions=[], active item id=-1, error=null} device: null
09-01 14:24:24.452 V/Avrcp_ext( 8588): Device: no name: 
09-01 14:24:24.452 I/chatty  ( 8588): uid=1002(bluetooth) BluetoothAvrcpH identical 3 lines
09-01 14:24:24.452 V/Avrcp_ext( 8588): Device: no name: 
09-01 14:24:24.452 V/Avrcp_ext( 8588): updatePlayerStateAndPosition, old=PlaybackState {state=2, position=-1, buffered position=0, speed=0.0, updated=595205277, actions=0, custom actions=[], active item id=-1, error=null}, state=PlaybackState {state=2, position=-1, buffered position=0, speed=0.0, updated=595205781, actions=0, custom actions=[], active item id=-1, error=null}
09-01 14:24:24.452 V/Avrcp_ext( 8588): old state = PlaybackState {state=2, position=-1, buffered position=0, speed=0.0, updated=595205277, actions=0, custom actions=[], active item id=-1, error=null}, new state= PlaybackState {state=2, position=-1, buffered position=0, speed=0.0, updated=595205781, actions=0, custom actions=[], active item id=-1, error=null}
09-01 14:24:24.452 D/HeadsetService( 8588): getHeadsetService(): returning com.android.bluetooth.hfp.HeadsetService@7ff1c71
09-01 14:24:24.452 D/HeadsetService( 8588):  isAudioOn: The number of audio connected devices 0
09-01 14:24:24.452 D/HeadsetService( 8588): isScoOrCallActive(): Call Active:falseCall is Ringing:falseSCO is Active:false
09-01 14:24:24.453 D/HeadsetService( 8588):  isAudioOn: The number of audio connected devices 0
09-01 14:24:24.453 I/Avrcp_ext( 8588): updatePlayStatusForDevice: device: null
09-01 14:24:24.453 V/Avrcp_ext( 8588): updatePlaybackState (1): old=PlaybackState {state=2, position=-1, buffered position=0, speed=0.0, updated=595205277, actions=0, custom actions=[], active item id=-1, error=null}(2), new=PlaybackState {state=2, position=-1, buffered position=0, speed=0.0, updated=595205781, actions=0, custom actions=[], active item id=-1, error=null}(2)
09-01 14:24:24.453 I/Avrcp_ext( 8588): Exit updatePlayStatusForDevice
09-01 14:24:24.453 D/HeadsetService( 8588):  isAudioOn: The number of audio connected devices 0
09-01 14:24:24.453 D/HeadsetService( 8588): isScoOrCallActive(): Call Active:falseCall is Ringing:falseSCO is Active:false
09-01 14:24:24.454 D/HeadsetService( 8588):  isAudioOn: The number of audio connected devices 0
09-01 14:24:24.454 I/Avrcp_ext( 8588): updatePlayStatusForDevice: device: null
09-01 14:24:24.454 V/Avrcp_ext( 8588): updatePlaybackState (1): old=PlaybackState {state=2, position=-1, buffered position=0, speed=0.0, updated=595205277, actions=0, custom actions=[], active item id=-1, error=null}(2), new=PlaybackState {state=2, position=-1, buffered position=0, speed=0.0, updated=595205781, actions=0, custom actions=[], active item id=-1, error=null}(2)
09-01 14:24:24.454 I/Avrcp_ext( 8588): Exit updatePlayStatusForDevice
09-01 14:24:24.454 D/HeadsetService( 8588):  isAudioOn: The number of audio connected devices 0
09-01 14:24:24.454 D/HeadsetService( 8588): isScoOrCallActive(): Call Active:falseCall is Ringing:falseSCO is Active:false
09-01 14:24:24.454 D/HeadsetService( 8588):  isAudioOn: The number of audio connected devices 0
09-01 14:24:24.454 I/Avrcp_ext( 8588): updatePlayStatusForDevice: device: null
09-01 14:24:24.454 V/Avrcp_ext( 8588): updatePlaybackState (1): old=PlaybackState {state=2, position=-1, buffered position=0, speed=0.0, updated=595205277, actions=0, custom actions=[], active item id=-1, error=null}(2), new=PlaybackState {state=2, position=-1, buffered position=0, speed=0.0, updated=595205781, actions=0, custom actions=[], active item id=-1, error=null}(2)
09-01 14:24:24.454 I/Avrcp_ext( 8588): Exit updatePlayStatusForDevice
09-01 14:24:24.455 D/HeadsetService( 8588):  isAudioOn: The number of audio connected devices 0
09-01 14:24:24.455 D/HeadsetService( 8588): isScoOrCallActive(): Call Active:falseCall is Ringing:falseSCO is Active:false
09-01 14:24:24.455 D/HeadsetService( 8588):  isAudioOn: The number of audio connected devices 0
09-01 14:24:24.455 I/Avrcp_ext( 8588): updatePlayStatusForDevice: device: null
09-01 14:24:24.455 V/Avrcp_ext( 8588): updatePlaybackState (1): old=PlaybackState {state=2, position=-1, buffered position=0, speed=0.0, updated=595205277, actions=0, custom actions=[], active item id=-1, error=null}(2), new=PlaybackState {state=2, position=-1, buffered position=0, speed=0.0, updated=595205781, actions=0, custom actions=[], active item id=-1, error=null}(2)
09-01 14:24:24.455 I/Avrcp_ext( 8588): Exit updatePlayStatusForDevice
09-01 14:24:24.455 D/HeadsetService( 8588):  isAudioOn: The number of audio connected devices 0
09-01 14:24:24.455 D/HeadsetService( 8588): isScoOrCallActive(): Call Active:falseCall is Ringing:falseSCO is Active:false
09-01 14:24:24.455 D/HeadsetService( 8588):  isAudioOn: The number of audio connected devices 0
09-01 14:24:24.455 I/Avrcp_ext( 8588): updatePlayStatusForDevice: device: null
09-01 14:24:24.455 V/Avrcp_ext( 8588): updatePlaybackState (1): old=PlaybackState {state=2, position=-1, buffered position=0, speed=0.0, updated=595205277, actions=0, custom actions=[], active item id=-1, error=null}(2), new=PlaybackState {state=2, position=-1, buffered position=0, speed=0.0, updated=595205781, actions=0, custom actions=[], active item id=-1, error=null}(2)
09-01 14:24:24.455 I/Avrcp_ext( 8588): Exit updatePlayStatusForDevice
09-01 14:24:24.455 D/Avrcp_ext( 8588): Enter sendPlayPosNotificationRsp
09-01 14:24:24.455 D/Avrcp_ext( 8588): sendPlayPosNotificationRsp: Not registered or requesting.
09-01 14:24:24.455 D/Avrcp_ext( 8588): Enter sendPlayPosNotificationRsp
09-01 14:24:24.455 D/Avrcp_ext( 8588): sendPlayPosNotificationRsp: Not registered or requesting.
09-01 14:24:24.456 D/Avrcp_ext( 8588): Enter sendPlayPosNotificationRsp
09-01 14:24:24.456 D/Avrcp_ext( 8588): sendPlayPosNotificationRsp: Not registered or requesting.
09-01 14:24:24.456 D/Avrcp_ext( 8588): Enter sendPlayPosNotificationRsp
09-01 14:24:24.456 D/Avrcp_ext( 8588): sendPlayPosNotificationRsp: Not registered or requesting.
09-01 14:24:24.456 D/Avrcp_ext( 8588): Enter sendPlayPosNotificationRsp
09-01 14:24:24.456 D/Avrcp_ext( 8588): sendPlayPosNotificationRsp: Not registered or requesting.
09-01 14:24:24.456 V/Avrcp_ext( 8588): Exit updatePlayerStateAndPosition
09-01 14:24:24.456 V/Avrcp_ext( 8588): Exit handleMessage
09-01 14:24:24.513 E/adbd    (16935): failed to connect to socket 'tcp:6790': Connection refused
09-01 14:24:24.580 I/ActivityManager( 1639): Force stopping io.appium.uiautomator2.server.test appid=10225 user=0: from process:4018
09-01 14:24:24.589 D/Layer   (  881): ---setAlpha Launcher=1.000000
09-01 14:24:24.594 I/Timeline( 1639): Timeline: App_transition_ready time:211030611
09-01 14:24:24.598 D/RegisteredServicesCache( 4689):  Reading service state data always from file
09-01 14:24:24.598 D/RegisteredServicesCache( 4689): ServiceStateFileVersion=1.0
09-01 14:24:24.598 E/RegisteredServicesCache( 4689): Next Tag=services
09-01 14:24:24.598 E/RegisteredServicesCache( 4689): 1invalidateCache:WriteServiceStateToFile
09-01 14:24:24.598 E/RegisteredServicesCache( 4689):  Writing service state Data Always
09-01 14:24:24.599 D/Layer   (  881): ---setAlpha Launcher=1.000000
09-01 14:24:24.602 E/PhoneInterfaceManager( 2698): [PhoneIntfMgr] getCarrierPackageNamesForIntent: No UICC
09-01 14:24:24.602 D/CarrierSvcBindHelper( 2698): No carrier app for: 0
09-01 14:24:24.604 D/CarrierSvcBindHelper( 2698): No carrier app for: 1
09-01 14:24:24.607 E/RegisteredAidCache( 4689): updateRoutingLocked(): enter...
09-01 14:24:24.607 D/NfcService( 4689): defaultMifareCLTRoute : 315
09-01 14:24:24.607 D/RegisteredAidCache( 4689):  AID power stateB0693789675600247817route0
09-01 14:24:24.608 D/NfcService( 4689): defaultAidRoute : 315
09-01 14:24:24.608 D/NfcService( 4689): GetDefaultRouteLoc  :1
09-01 14:24:24.608 D/NfcService( 4689): defaultAidRoute : 315
09-01 14:24:24.608 D/NfcService( 4689): GetDefaultRouteLoc  :1
09-01 14:24:24.608 E/AidRoutingManager( 4689): Size of routing table970
09-01 14:24:24.608 E/RegisteredAidCache( 4689): updateRoutingLocked(): exit...
09-01 14:24:24.609 D/RegisteredNfcFServicesCache( 4689): Service unchanged, not updating
09-01 14:24:24.635 W/id.thememanage(11509): Reducing the number of considered missed Gc histogram windows from 122 to 100
09-01 14:24:24.645 D/NetworkController.MobileSignalController(1)(29730): 4G level = 5
09-01 14:24:24.701 I//system/vendor/bin/mi_thermald( 1070): thermal_cpu_set_level: set cpu freq of cpu7 to 2419200
09-01 14:24:24.792 D/AndroidRuntime( 4022): >>>>>> START com.android.internal.os.RuntimeInit uid 2000 <<<<<<
09-01 14:24:24.796 E/libc    ( 4022): Access denied finding property "persist.device_config.runtime_native_boot.enable_apex_image"
09-01 14:24:24.790 W/app_process( 4022): type=1400 audit(0.0:63462): avc: denied { read } for name="u:object_r:device_config_runtime_native_boot_prop:s0" dev="tmpfs" ino=16478 scontext=u:r:shell:s0 tcontext=u:object_r:device_config_runtime_native_boot_prop:s0 tclass=file permissive=0
09-01 14:24:24.796 I/AndroidRuntime( 4022): Using default boot image
09-01 14:24:24.796 E/libc    ( 4022): Access denied finding property "persist.device_config.runtime_native_boot.disable_lock_profiling"
09-01 14:24:24.796 I/AndroidRuntime( 4022): Leaving lock profiling enabled
09-01 14:24:24.796 E/libc    ( 4022): Access denied finding property "persist.device_config.runtime_native_boot.enable_generational_cc"
09-01 14:24:24.790 W/app_process( 4022): type=1400 audit(0.0:63463): avc: denied { read } for name="u:object_r:device_config_runtime_native_boot_prop:s0" dev="tmpfs" ino=16478 scontext=u:r:shell:s0 tcontext=u:object_r:device_config_runtime_native_boot_prop:s0 tclass=file permissive=0
09-01 14:24:24.790 W/app_process( 4022): type=1400 audit(0.0:63464): avc: denied { read } for name="u:object_r:device_config_runtime_native_boot_prop:s0" dev="tmpfs" ino=16478 scontext=u:r:shell:s0 tcontext=u:object_r:device_config_runtime_native_boot_prop:s0 tclass=file permissive=0
09-01 14:24:24.860 D/ICU     ( 4022): Time zone APEX file found: /apex/com.android.tzdata/etc/icu/icu_tzdata.dat
09-01 14:24:24.877 W/app_process( 4022): JNI RegisterNativeMethods: attempt to register 0 native methods for android.media.AudioAttributes
09-01 14:24:24.879 E/libc    ( 4022): Access denied finding property "persist.vendor.qti.debug.atlogs_enable"
09-01 14:24:24.883 D/AndroidRuntime( 4022): Calling main entry com.android.commands.am.Am
09-01 14:24:24.889 I/ActivityManager( 1639): Force stopping io.appium.uiautomator2.server appid=10224 user=0: start instr
09-01 14:24:24.890 I/ActivityManager( 1639): Killing 3448:io.appium.uiautomator2.server/u0a224 (adj 0): stop io.appium.uiautomator2.server: start instr
09-01 14:24:24.891 I/hwservicemanager(  573): getTransport: Cannot find entry vendor.qti.hardware.servicetracker@1.0::IServicetracker/default in either framework or device manifest.
09-01 14:24:24.892 W/ActivityManager( 1639): Crash of app io.appium.uiautomator2.server running instrumentation ComponentInfo{io.appium.uiautomator2.server.test/androidx.test.runner.AndroidJUnitRunner}
09-01 14:24:24.892 I/ActivityManager( 1639): Force stopping io.appium.uiautomator2.server appid=10224 user=0: finished inst
09-01 14:24:24.893 W/Binder  ( 1639): Outgoing transactions from this process must be FLAG_ONEWAY
09-01 14:24:24.893 W/Binder  ( 1639): java.lang.Throwable
09-01 14:24:24.893 W/Binder  ( 1639): 	at android.os.BinderProxy.transact(BinderProxy.java:480)
09-01 14:24:24.893 W/Binder  ( 1639): 	at android.app.IInstrumentationWatcher$Stub$Proxy.instrumentationFinished(IInstrumentationWatcher.java:205)
09-01 14:24:24.893 W/Binder  ( 1639): 	at com.android.server.am.InstrumentationReporter$MyThread.run(InstrumentationReporter.java:86)
09-01 14:24:24.894 W/Binder  ( 3431): Caught a RuntimeException from the binder stub implementation.
09-01 14:24:24.894 W/Binder  ( 3431): java.lang.SecurityException: Calling from not trusted UID!
09-01 14:24:24.894 W/Binder  ( 3431): 	at android.app.UiAutomationConnection.throwIfCalledByNotTrustedUidLocked(UiAutomationConnection.java:520)
09-01 14:24:24.894 W/Binder  ( 3431): 	at android.app.UiAutomationConnection.shutdown(UiAutomationConnection.java:424)
09-01 14:24:24.894 W/Binder  ( 3431): 	at android.app.IUiAutomationConnection$Stub.onTransact(IUiAutomationConnection.java:390)
09-01 14:24:24.894 W/Binder  ( 3431): 	at android.os.Binder.execTransactInternal(Binder.java:1021)
09-01 14:24:24.894 W/Binder  ( 3431): 	at android.os.Binder.execTransact(Binder.java:994)
09-01 14:24:24.895 D/AndroidRuntime( 3431): Shutting down VM
09-01 14:24:24.897 D/Layer   (  881): ---setAlpha Launcher=1.000000
09-01 14:24:24.897 I/Timeline( 1639): Timeline: App_transition_ready time:211030914
09-01 14:24:24.898 I/AudioTrack( 2503): isLongTimeZoreData zoer date time 41 Seconds
09-01 14:24:24.904 D/Layer   (  881): ---setAlpha Launcher=1.000000
09-01 14:24:24.904 I/Timeline( 1639): Timeline: App_transition_ready time:211030921
09-01 14:24:24.911 D/Layer   (  881): ---setAlpha Launcher=1.000000
09-01 14:24:24.912 I/MiuiNetworkPolicy( 1639): removeUidState uid = 10224
09-01 14:24:24.912 D/OemNetd (  679): whiteListUid: uid=10224, wmm=del
09-01 14:24:24.916 I/MiuiNetworkPolicy( 1639): updateMLUid uid:10224,old:5,new:20
09-01 14:24:24.917 I/MiuiNetworkPolicy( 1639): isMLEnabled state:5,uid:10224,connect:DISCONNECTED
09-01 14:24:24.917 I/MiuiNetworkPolicy( 1639): isMLEnabled state:20,uid:10224,connect:DISCONNECTED
09-01 14:24:24.917 I/MiuiNetworkPolicy( 1639): updateUidState uid = 10224, uidState = 20
09-01 14:24:24.923 V/UidProcStateHelper( 1639): process died:[3448,10224]
09-01 14:24:24.927 D/ActiveStateController( 6417): updateStateForUidActiveChangedLocked, uid: 10224 active: false
09-01 14:24:24.932 D/vendor.qti.bluetooth@1.0-ibs_handler(19843): SerialClockVote: vote for UART CLK ON
09-01 14:24:24.933 D/vendor.qti.bluetooth@1.0-wake_lock(19843): Acquire wakelock is acquired 
09-01 14:24:24.933 I/vendor.qti.bluetooth@1.0-ibs_handler(19843): DeviceWakeUp: Writing IBS_WAKE_IND
09-01 14:24:24.944 I/vendor.qti.bluetooth@1.0-ibs_handler(19843): WakeRetransTimeout: Writing HCI_IBS_WAKE_IND
09-01 14:24:24.944 D/Zygote  (  680): Forked child process 4037
09-01 14:24:24.944 I/vendor.qti.bluetooth@1.0-ibs_handler(19843): ProcessIbsCmd: Received IBS_WAKE_ACK: 0xFC
09-01 14:24:24.945 I/vendor.qti.bluetooth@1.0-ibs_handler(19843): ProcessIbsCmd: Received IBS_WAKE_IND: 0xFD
09-01 14:24:24.945 I/vendor.qti.bluetooth@1.0-ibs_handler(19843): ProcessIbsCmd: Writing IBS_WAKE_ACK
09-01 14:24:24.946 D/Boost   ( 1639): hostingType=added application, hostingName=io.appium.uiautomator2.server, callerPackage=android, isSystem=true, isBoostNeeded=false.
09-01 14:24:24.946 D/OemNetd (  679): setPidForPackage: packageName=io.appium.uiautomator2.server, pid=4037, pid=10224
09-01 14:24:24.946 I/ActivityManager( 1639): Start proc 4037:io.appium.uiautomator2.server/u0a224 for added application io.appium.uiautomator2.server caller=android
09-01 14:24:24.950 I/bt_stack( 8588): [INFO:btsnoop.cc(376)] clear_l2cap_whitelist: Clearing whitelist from l2cap channel. conn_handle=15 cid=4:4
09-01 14:24:24.950 V/bt_stack( 8588): [VERBOSE1:gatt_main.cc(457)] GATT   ATT protocol channel with BDA: c3:d4:f4:e3:11:ec is disconnected
09-01 14:24:24.950 V/bt_stack( 8588): [VERBOSE1:gatt_utils.cc(312)] gatt_is_bda_in_the_srv_chg_clt_list: c3:d4:f4:e3:11:ec
09-01 14:24:24.950 V/bt_stack( 8588): [VERBOSE1:gatt_utils.cc(1247)] gatt_cleanup_upon_disc
09-01 14:24:24.950 V/bt_stack( 8588): [VERBOSE1:gatt_main.cc(1070)] gatt_set_ch_state: old=4 new=0000
09-01 14:24:24.950 V/bt_stack( 8588): [VERBOSE1:gatt_utils.cc(92)] gatt_free_pending_ind
09-01 14:24:24.950 V/bt_stack( 8588): [VERBOSE1:gatt_utils.cc(1279)] found p_reg tcb_idx=0 gatt_if=1  conn_id=0x1
09-01 14:24:24.951 V/bt_stack( 8588): [VERBOSE1:gatt_attr.cc(245)] gatt_connect_cback: from c3:d4:f4:e3:11:ec connected: 0, conn_id: 0x0001reason: 0x0016
09-01 14:24:24.951 V/bt_stack( 8588): [VERBOSE1:gatt_utils.cc(1279)] found p_reg tcb_idx=0 gatt_if=2  conn_id=0x2
09-01 14:24:24.951 V/bt_stack( 8588): [VERBOSE1:gatt_utils.cc(1279)] found p_reg tcb_idx=0 gatt_if=3  conn_id=0x3
09-01 14:24:24.951 W/bt_stack( 8588): [WARNING:bta_gattc_act.cc(1060)] bta_gattc_conn_cback: cif=3 connected=0 conn_id=0x0003 reason=0x0016
09-01 14:24:24.951 V/bt_stack( 8588): [VERBOSE1:gatt_utils.cc(1279)] found p_reg tcb_idx=0 gatt_if=4  conn_id=0x4
09-01 14:24:24.951 W/bt_stack( 8588): [WARNING:bta_gattc_act.cc(1060)] bta_gattc_conn_cback: cif=4 connected=0 conn_id=0x0004 reason=0x0016
09-01 14:24:24.951 V/bt_stack( 8588): [VERBOSE1:gatt_utils.cc(1279)] found p_reg tcb_idx=0 gatt_if=5  conn_id=0x5
09-01 14:24:24.951 W/bt_stack( 8588): [WARNING:bta_gattc_act.cc(1060)] bta_gattc_conn_cback: cif=5 connected=0 conn_id=0x0005 reason=0x0016
09-01 14:24:24.951 V/bt_stack( 8588): [VERBOSE1:gatt_utils.cc(1279)] found p_reg tcb_idx=0 gatt_if=6  conn_id=0x6
09-01 14:24:24.951 W/bt_stack( 8588): [WARNING:bta_gattc_act.cc(1060)] bta_gattc_conn_cback: cif=6 connected=0 conn_id=0x0006 reason=0x0016
09-01 14:24:24.951 V/bt_stack( 8588): [VERBOSE1:gatt_utils.cc(1279)] found p_reg tcb_idx=0 gatt_if=7  conn_id=0x7
09-01 14:24:24.951 W/bt_stack( 8588): [WARNING:bta_gattc_act.cc(1060)] bta_gattc_conn_cback: cif=7 connected=0 conn_id=0x0007 reason=0x0016
09-01 14:24:24.951 V/bt_stack( 8588): [VERBOSE1:gatt_utils.cc(1279)] found p_reg tcb_idx=0 gatt_if=9  conn_id=0x9
09-01 14:24:24.951 W/bt_stack( 8588): [WARNING:bta_gattc_act.cc(1060)] bta_gattc_conn_cback: cif=9 connected=0 conn_id=0x0009 reason=0x0016
09-01 14:24:24.951 V/bt_stack( 8588): [VERBOSE1:gatt_utils.cc(1279)] found p_reg tcb_idx=0 gatt_if=10  conn_id=0xa
09-01 14:24:24.951 W/bt_stack( 8588): [WARNING:bta_gattc_act.cc(1060)] bta_gattc_conn_cback: cif=10 connected=0 conn_id=0x000a reason=0x0016
09-01 14:24:24.951 V/bt_stack( 8588): [VERBOSE1:gatt_utils.cc(1287)] gatt_cleanup_upon_disc: exit
09-01 14:24:24.951 V/bt_stack( 8588): [VERBOSE1:gatt_main.cc(470)] ATT disconnected
09-01 14:24:24.951 I/bt_btm_sec( 8588): btm_sec_disconnected clearing pending flag handle:15 reason:22
09-01 14:24:24.951 V/bt_stack( 8588): [VERBOSE1:bta_gattc_main.cc(361)] bta_gattc_hdl_event: Event:BTA_GATTC_INT_DISCONN_EVT
09-01 14:24:24.951 V/bt_stack( 8588): [VERBOSE1:bta_gattc_utils.cc(678)]  disconnection ID:3 not used by BTA
09-01 14:24:24.951 V/bt_stack( 8588): [VERBOSE1:bta_gattc_main.cc(385)] Ignore unknown conn ID: 3
09-01 14:24:24.951 V/bt_stack( 8588): [VERBOSE1:bta_gattc_main.cc(361)] bta_gattc_hdl_event: Event:BTA_GATTC_INT_DISCONN_EVT
09-01 14:24:24.951 V/bt_stack( 8588): [VERBOSE1:bta_gattc_utils.cc(678)]  disconnection ID:4 not used by BTA
09-01 14:24:24.951 V/bt_stack( 8588): [VERBOSE1:bta_gattc_main.cc(385)] Ignore unknown conn ID: 4
09-01 14:24:24.951 V/bt_stack( 8588): [VERBOSE1:bta_gattc_main.cc(361)] bta_gattc_hdl_event: Event:BTA_GATTC_INT_DISCONN_EVT
09-01 14:24:24.951 V/bt_stack( 8588): [VERBOSE1:bta_gattc_utils.cc(678)]  disconnection ID:5 not used by BTA
09-01 14:24:24.951 V/bt_stack( 8588): [VERBOSE1:bta_gattc_main.cc(385)] Ignore unknown conn ID: 5
09-01 14:24:24.952 V/bt_stack( 8588): [VERBOSE1:bta_gattc_main.cc(361)] bta_gattc_hdl_event: Event:BTA_GATTC_INT_DISCONN_EVT
09-01 14:24:24.952 V/bt_stack( 8588): [VERBOSE1:bta_gattc_utils.cc(678)]  disconnection ID:6 not used by BTA
09-01 14:24:24.952 V/bt_stack( 8588): [VERBOSE1:bta_gattc_main.cc(385)] Ignore unknown conn ID: 6
09-01 14:24:24.952 V/bt_stack( 8588): [VERBOSE1:bta_gattc_main.cc(361)] bta_gattc_hdl_event: Event:BTA_GATTC_INT_DISCONN_EVT
09-01 14:24:24.952 V/bt_stack( 8588): [VERBOSE1:bta_gattc_utils.cc(678)]  disconnection ID:7 not used by BTA
09-01 14:24:24.952 V/bt_stack( 8588): [VERBOSE1:bta_gattc_main.cc(385)] Ignore unknown conn ID: 7
09-01 14:24:24.952 V/bt_stack( 8588): [VERBOSE1:bta_gattc_main.cc(361)] bta_gattc_hdl_event: Event:BTA_GATTC_INT_DISCONN_EVT
09-01 14:24:24.952 V/bt_stack( 8588): [VERBOSE1:bta_gattc_utils.cc(678)]  disconnection ID:9 not used by BTA
09-01 14:24:24.952 V/bt_stack( 8588): [VERBOSE1:bta_gattc_main.cc(385)] Ignore unknown conn ID: 9
09-01 14:24:24.952 V/bt_stack( 8588): [VERBOSE1:bta_gattc_main.cc(361)] bta_gattc_hdl_event: Event:BTA_GATTC_INT_DISCONN_EVT
09-01 14:24:24.952 V/bt_stack( 8588): [VERBOSE1:bta_gattc_utils.cc(678)]  disconnection ID:10 not used by BTA
09-01 14:24:24.952 V/bt_stack( 8588): [VERBOSE1:bta_gattc_main.cc(385)] Ignore unknown conn ID: 10
09-01 14:24:24.952 W/bt_l2cap( 8588): L2CA_SetDesireRole() new:x1, disallow_switch:0
09-01 14:24:24.952 D/bt_btif ( 8588): btif_av_move_idle: Already in IDLE
09-01 14:24:24.953 I/tomator2.serve( 4037): Late-enabling -Xcheck:jni
09-01 14:24:24.955 W/BluetoothEventManager( 3272): AclStateChangedHandler: activeDevice is null
09-01 14:24:24.956 D/BluetoothMapService( 8588): onReceive: android.bluetooth.device.action.ACL_DISCONNECTED
09-01 14:24:24.956 I/BluetoothMapService( 8588): sRemoteDevice :null device:C3:D4:F4:E3:11:EC
09-01 14:24:24.958 W/BluetoothEventManager(29730): AclStateChangedHandler: activeDevice is null
09-01 14:24:24.959 I/TrustAgent(20208): TAG: TrustAgent.Tracker. [BluetoothConnectionTracker] Bluetooth disconnect broadast for Mi Smart Band 5 C3:D4:F4:E3:11:EC [CONTEXT service_id=84 ]
09-01 14:24:24.960 D/Bluetooth_AIVS_SDK(22367): AIVS:BluetoothBase:onReceive: ACTION_ACL_DISCONNECTED, device:Mi Smart Band 5 type:2
09-01 14:24:24.964 D/CompatibilityInfo( 1639): mCompatibilityFlags - 0
09-01 14:24:24.964 D/CompatibilityInfo( 1639): applicationDensity - 440
09-01 14:24:24.964 D/CompatibilityInfo( 1639): applicationScale - 1.0
09-01 14:24:24.971 D/CompatibilityInfo( 1639): mCompatibilityFlags - 0
09-01 14:24:24.971 D/CompatibilityInfo( 1639): applicationDensity - 440
09-01 14:24:24.971 D/CompatibilityInfo( 1639): applicationScale - 1.0
09-01 14:24:24.974 I/hwservicemanager(  573): getTransport: Cannot find entry vendor.qti.hardware.servicetracker@1.0::IServicetracker/default in either framework or device manifest.
09-01 14:24:24.981 D/CompatibilityInfo( 1639): mCompatibilityFlags - 0
09-01 14:24:24.981 D/CompatibilityInfo( 1639): applicationDensity - 440
09-01 14:24:24.981 D/CompatibilityInfo( 1639): applicationScale - 1.0
09-01 14:24:24.982 I/hwservicemanager(  573): getTransport: Cannot find entry vendor.qti.hardware.servicetracker@1.0::IServicetracker/default in either framework or device manifest.
09-01 14:24:24.986 E/tomator2.serve( 4037): Unknown bits set in runtime_flags: 0x8000
09-01 14:24:24.990 I/vendor.qti.bluetooth@1.0-ibs_handler(19843): ProcessIbsCmd: Received IBS_SLEEP_IND: 0xFE
09-01 14:24:24.996 W/ActivityManager( 1639): Unable to start service Intent { act=android.bluetooth.device.action.ACL_DISCONNECTED cmp=com.google.android.gms/.nearby.discovery.service.DiscoveryService (has extras) } U=0: not found
09-01 14:24:25.006 W/WindowManager( 1639): removeWindowToken: Attempted to remove non-existing token: android.os.Binder@32cecb4
09-01 14:24:25.007 D/CompatibilityInfo( 1639): mCompatibilityFlags - 0
09-01 14:24:25.007 D/CompatibilityInfo( 1639): applicationDensity - 440
09-01 14:24:25.007 D/CompatibilityInfo( 1639): applicationScale - 1.0
09-01 14:24:25.007 I/Zygote  (  680): Process 3448 exited due to signal 9 (Killed)
09-01 14:24:25.008 I/libprocessgroup( 1639): Successfully killed process cgroup uid 10224 pid 3448 in 117ms
09-01 14:24:25.011 V/SettingsProvider( 1639): Notifying for 0: content://settings/secure/accessibility_enabled
09-01 14:24:25.011 D/Layer   (  881): ---setAlpha Launcher=1.000000
09-01 14:24:25.015 I/MiuiNetworkPolicy( 1639): updateUidState uid = 10224, uidState = 5
09-01 14:24:25.015 D/OemNetd (  679): whiteListUid: uid=10224, wmm=add
09-01 14:24:25.016 I/MiuiNetworkPolicy( 1639): updateMLUid uid:10224,old:20,new:5
09-01 14:24:25.016 I/MiuiNetworkPolicy( 1639): isMLEnabled state:20,uid:10224,connect:DISCONNECTED
09-01 14:24:25.016 I/MiuiNetworkPolicy( 1639): isMLEnabled state:5,uid:10224,connect:DISCONNECTED
09-01 14:24:25.089 I/MiuiNetworkPolicy( 1639): updateUidState uid = 10062, uidState = 16
09-01 14:24:25.089 D/OemNetd (  679): whiteListUid: uid=10062, wmm=del
09-01 14:24:25.091 I/MiuiNetworkPolicy( 1639): updateMLUid uid:10062,old:4,new:16
09-01 14:24:25.091 I/MiuiNetworkPolicy( 1639): isMLEnabled state:4,uid:10062,connect:DISCONNECTED
09-01 14:24:25.091 I/MiuiNetworkPolicy( 1639): isMLEnabled state:16,uid:10062,connect:DISCONNECTED
09-01 14:24:25.136 D/miuisdk ( 4037): current sdk level is 20
09-01 14:24:25.139 E/SELinux (  572): avc:  denied  { find } for service=overlay pid=4037 uid=10224 scontext=u:r:untrusted_app_27:s0:c224,c256,c512,c768 tcontext=u:object_r:overlay_service:s0 tclass=service_manager permissive=0
09-01 14:24:25.139 E/IconCustomizerUtils( 4037): IOverlayManager is null
09-01 14:24:25.144 W/tomator2.serve( 4037): ClassLoaderContext classpath size mismatch. expected=0, found=2 (PCL[]{PCL[/system/framework/android.test.mock.jar*3601177991]{PCL[/system/framework/android.test.base.jar*1299883780]}#PCL[/system/framework/android.test.runner.jar*3312018701]{PCL[/system/framework/android.test.base.jar*1299883780]#PCL[/system/framework/android.test.mock.jar*3601177991]{PCL[/system/framework/android.test.base.jar*1299883780]}}} | PCL[/system/framework/android.test.runner.jar*3312018701:/system/framework/android.test.mock.jar*3601177991])
09-01 14:24:25.145 W/tomator2.serve( 4037): ClassLoaderContext classpath size mismatch. expected=0, found=4 (PCL[] | PCL[/system/framework/android.test.runner.jar*3312018701:/system/framework/android.test.mock.jar*3601177991:/data/app/io.appium.uiautomator2.server.test-xiUTBeW1tD0RDVGssLKQjw==/base.apk*4256641845:/data/app/io.appium.uiautomator2.server.test-xiUTBeW1tD0RDVGssLKQjw==/base.apk!classes2.dex*3909004592])
09-01 14:24:25.146 W/tomator2.serve( 4037): Found duplicate classes, falling back to extracting from APK : /data/app/io.appium.uiautomator2.server-R860u7MKtILXj95_tECd6A==/base.apk
09-01 14:24:25.146 W/tomator2.serve( 4037): NOTE: This wastes RAM and hurts startup performance.
09-01 14:24:25.146 W/tomator2.serve( 4037): Found duplicated class when checking oat files: 'Ljunit/runner/BaseTestRunner;' in /system/framework/android.test.runner.jar and /data/app/io.appium.uiautomator2.server-R860u7MKtILXj95_tECd6A==/base.apk
09-01 14:24:25.146 W/tomator2.serve( 4037): 
09-01 14:24:25.220 I/Perf    ( 4037): Connecting to perf service.
09-01 14:24:25.228 W/tomator2.serve( 4037): ClassLoaderContext classpath size mismatch. expected=0, found=2 (PCL[]{PCL[/system/framework/android.test.mock.jar*3601177991]{PCL[/system/framework/android.test.base.jar*1299883780]}#PCL[/system/framework/android.test.runner.jar*3312018701]{PCL[/system/framework/android.test.base.jar*1299883780]#PCL[/system/framework/android.test.mock.jar*3601177991]{PCL[/system/framework/android.test.base.jar*1299883780]}}} | PCL[/system/framework/android.test.runner.jar*3312018701:/system/framework/android.test.mock.jar*3601177991];PCL[/system/framework/android.test.runner.jar*3312018701:/system/framework/android.test.mock.jar*3601177991:/data/app/io.appium.uiautomator2.server.test-xiUTBeW1tD0RDVGssLKQjw==/base.apk*4256641845:/data/app/io.appium.uiautomator2.server.test-xiUTBeW1tD0RDVGssLKQjw==/base.apk!classes2.dex*3909004592:/data/app/io.appium.uiautomator2.server-R860u7MKtILXj95_tECd6A==/base.apk*2224874488:/data/app/io.appium.uiautomator2.server-R860u7MKtILXj95_tECd6A==/base.apk!classes2.dex*2518648215])
09-01 14:24:25.228 W/tomator2.serve( 4037): Found duplicate classes, falling back to extracting from APK : /data/app/io.appium.uiautomator2.server.test-xiUTBeW1tD0RDVGssLKQjw==/base.apk
09-01 14:24:25.228 W/tomator2.serve( 4037): NOTE: This wastes RAM and hurts startup performance.
09-01 14:24:25.228 W/tomator2.serve( 4037): Found duplicated class when checking oat files: 'Landroidx/test/espresso/AmbiguousViewMatcherException$1;' in /data/app/io.appium.uiautomator2.server.test-xiUTBeW1tD0RDVGssLKQjw==/base.apk and /data/app/io.appium.uiautomator2.server.test-xiUTBeW1tD0RDVGssLKQjw==/base.apk
09-01 14:24:25.228 W/tomator2.serve( 4037): 
09-01 14:24:25.245 W/tomator2.serve( 4037): ClassLoaderContext classpath size mismatch. expected=0, found=4 (PCL[] | PCL[/system/framework/android.test.runner.jar*3312018701:/system/framework/android.test.mock.jar*3601177991:/data/app/io.appium.uiautomator2.server.test-xiUTBeW1tD0RDVGssLKQjw==/base.apk*4256641845:/data/app/io.appium.uiautomator2.server.test-xiUTBeW1tD0RDVGssLKQjw==/base.apk!classes2.dex*3909004592];PCL[/system/framework/android.test.runner.jar*3312018701:/system/framework/android.test.mock.jar*3601177991:/data/app/io.appium.uiautomator2.server.test-xiUTBeW1tD0RDVGssLKQjw==/base.apk*4256641845:/data/app/io.appium.uiautomator2.server.test-xiUTBeW1tD0RDVGssLKQjw==/base.apk!classes2.dex*3909004592:/data/app/io.appium.uiautomator2.server-R860u7MKtILXj95_tECd6A==/base.apk*2224874488:/data/app/io.appium.uiautomator2.server-R860u7MKtILXj95_tECd6A==/base.apk!classes2.dex*2518648215])
09-01 14:24:25.245 W/tomator2.serve( 4037): Found duplicate classes, falling back to extracting from APK : /data/app/io.appium.uiautomator2.server-R860u7MKtILXj95_tECd6A==/base.apk
09-01 14:24:25.246 W/tomator2.serve( 4037): NOTE: This wastes RAM and hurts startup performance.
09-01 14:24:25.246 W/tomator2.serve( 4037): Found duplicated class when checking oat files: 'Landroid_libs/ub_uiautomator/R;' in /data/app/io.appium.uiautomator2.server-R860u7MKtILXj95_tECd6A==/base.apk!classes2.dex and /data/app/io.appium.uiautomator2.server-R860u7MKtILXj95_tECd6A==/base.apk!classes2.dex
09-01 14:24:25.246 W/tomator2.serve( 4037): 
09-01 14:24:25.316 W/tomator2.serve( 4037): Accessing hidden method Landroid/app/Instrumentation;->execStartActivity(Landroid/content/Context;Landroid/os/IBinder;Landroid/os/IBinder;Landroid/app/Activity;Landroid/content/Intent;ILandroid/os/Bundle;)Landroid/app/Instrumentation$ActivityResult; (greylist, linking, allowed)
09-01 14:24:25.316 W/tomator2.serve( 4037): Accessing hidden method Landroid/app/Instrumentation;->execStartActivity(Landroid/content/Context;Landroid/os/IBinder;Landroid/os/IBinder;Ljava/lang/String;Landroid/content/Intent;ILandroid/os/Bundle;)Landroid/app/Instrumentation$ActivityResult; (greylist, linking, allowed)
09-01 14:24:25.320 D/ForceDarkHelper( 4037): io.appium.uiautomator2.server mIsDarkModeSupported = false
09-01 14:24:25.321 D/ForceDarkHelper( 4037): io.appium.uiautomator2.server initialize time 1
09-01 14:24:25.326 I/MonitoringInstr( 4037): Instrumentation started!
09-01 14:24:25.333 I/MonitoringInstr( 4037): Setting context classloader to 'dalvik.system.PathClassLoader[DexPathList[[zip file "/system/framework/android.test.runner.jar", zip file "/system/framework/android.test.mock.jar", zip file "/data/app/io.appium.uiautomator2.server.test-xiUTBeW1tD0RDVGssLKQjw==/base.apk", zip file "/data/app/io.appium.uiautomator2.server-R860u7MKtILXj95_tECd6A==/base.apk"],nativeLibraryDirectories=[/data/app/io.appium.uiautomator2.server.test-xiUTBeW1tD0RDVGssLKQjw==/lib/arm64, /data/app/io.appium.uiautomator2.server-R860u7MKtILXj95_tECd6A==/lib/arm64, /system/lib64, /system/product/lib64]]]', Original: 'dalvik.system.PathClassLoader[DexPathList[[zip file "/system/framework/android.test.runner.jar", zip file "/system/framework/android.test.mock.jar", zip file "/data/app/io.appium.uiautomator2.server.test-xiUTBeW1tD0RDVGssLKQjw==/base.apk", zip file "/data/app/io.appium.uiautomator2.server-R860u7MKtILXj95_tECd6A==/base.apk"],nativeLibraryDirectories=[/data/app/io.appium.uiautomator2.server.test-xiUTBeW1tD0RDVGssLKQjw==/lib/arm64, /data/app/io.appium.uiautomator2.server-R860u7MKtILXj95_tECd6A==/lib/arm64, /system/lib64, /system/product/lib64]]]'
09-01 14:24:25.336 I/FeatureParser( 4037): can't find raphael.xml in assets/device_features/,it may be in /system/etc/device_features
09-01 14:24:25.344 E/libc    ( 4037): Access denied finding property "ro.vendor.df.effect.conflict"
09-01 14:24:25.340 W/tomator2.server( 4037): type=1400 audit(0.0:63466): avc: denied { read } for name="u:object_r:vendor_displayfeature_prop:s0" dev="tmpfs" ino=16588 scontext=u:r:untrusted_app_27:s0:c224,c256,c512,c768 tcontext=u:object_r:vendor_displayfeature_prop:s0 tclass=file permissive=0 app=io.appium.uiautomator2.server
09-01 14:24:25.348 I/MonitoringInstr( 4037): No JSBridge.
09-01 14:24:25.348 E/Perf    ( 4037): Fail to get file list io.appium.uiautomator2.server
09-01 14:24:25.348 E/Perf    ( 4037): getFolderSize() : Exception_1 = java.lang.NullPointerException: Attempt to get length of null array
09-01 14:24:25.348 E/Perf    ( 4037): Fail to get file list io.appium.uiautomator2.server
09-01 14:24:25.348 E/Perf    ( 4037): getFolderSize() : Exception_1 = java.lang.NullPointerException: Attempt to get length of null array
09-01 14:24:25.348 E/Perf    ( 4037): Fail to get file list oat
09-01 14:24:25.348 E/Perf    ( 4037): getFolderSize() : Exception_1 = java.lang.NullPointerException: Attempt to get length of null array
09-01 14:24:25.350 I/MonitoringInstr( 4037): Setting context classloader to 'dalvik.system.PathClassLoader[DexPathList[[zip file "/system/framework/android.test.runner.jar", zip file "/system/framework/android.test.mock.jar", zip file "/data/app/io.appium.uiautomator2.server.test-xiUTBeW1tD0RDVGssLKQjw==/base.apk", zip file "/data/app/io.appium.uiautomator2.server-R860u7MKtILXj95_tECd6A==/base.apk"],nativeLibraryDirectories=[/data/app/io.appium.uiautomator2.server.test-xiUTBeW1tD0RDVGssLKQjw==/lib/arm64, /data/app/io.appium.uiautomator2.server-R860u7MKtILXj95_tECd6A==/lib/arm64, /system/lib64, /system/product/lib64]]]', Original: 'dalvik.system.PathClassLoader[DexPathList[[zip file "/system/framework/android.test.runner.jar", zip file "/system/framework/android.test.mock.jar", zip file "/data/app/io.appium.uiautomator2.server.test-xiUTBeW1tD0RDVGssLKQjw==/base.apk", zip file "/data/app/io.appium.uiautomator2.server-R860u7MKtILXj95_tECd6A==/base.apk"],nativeLibraryDirectories=[/data/app/io.appium.uiautomator2.server.test-xiUTBeW1tD0RDVGssLKQjw==/lib/arm64, /data/app/io.appium.uiautomator2.server-R860u7MKtILXj95_tECd6A==/lib/arm64, /system/lib64, /system/product/lib64]]]'
09-01 14:24:25.374 I/UsageTrackerFacilitator( 4037): Usage tracking enabled
09-01 14:24:25.380 I/TestRequestBuilder( 4037): Scanning classpath to find tests in paths [/data/app/io.appium.uiautomator2.server.test-xiUTBeW1tD0RDVGssLKQjw==/base.apk]
09-01 14:24:25.382 W/tomator2.serve( 4037): Opening an oat file without a class loader. Are you using the deprecated DexFile APIs?
09-01 14:24:25.496 D/TestExecutor( 4037): Adding listener androidx.test.internal.runner.listener.LogRunListener
09-01 14:24:25.496 D/TestExecutor( 4037): Adding listener androidx.test.internal.runner.listener.InstrumentationResultPrinter
09-01 14:24:25.496 D/TestExecutor( 4037): Adding listener androidx.test.internal.runner.listener.ActivityFinisherRunListener
09-01 14:24:25.497 I/TestRunner( 4037): run started: 1 tests
09-01 14:24:25.498 I/TestRunner( 4037): started: startServer(io.appium.uiautomator2.server.test.AppiumUiAutomator2Server)
09-01 14:24:25.499 I/MonitoringInstr( 4037): Activities that are still in CREATED to STOPPED: 0
09-01 14:24:25.500 I/appium  ( 4037): [AppiumUiAutomator2Server] Starting Server
09-01 14:24:25.657 E/adbd    (16935): failed to connect to socket 'tcp:6790': Connection refused
09-01 14:24:25.914 I/AudioTrack( 2503): isLongTimeZoreData zoer date time 42 Seconds
09-01 14:24:25.944 I/vendor.qti.bluetooth@1.0-ibs_handler(19843): DeviceSleep: TX Awake, Sending SLEEP_IND
09-01 14:24:25.945 D/vendor.qti.bluetooth@1.0-ibs_handler(19843): SerialClockVote: vote for UART CLK OFF
09-01 14:24:26.095 D/vendor.qti.bluetooth@1.0-wake_lock(19843): Release wakelock is released 
09-01 14:24:26.329 I/MiuiNetworkPolicy( 1639): bandwidth: 2 KB/s, Max bandwidth: 1898 KB/s
09-01 14:24:26.512 I/appium  ( 4037): AndroidServer created on port 6790
09-01 14:24:26.512 I/appium  ( 4037): io.appium.uiautomator2.server started:
09-01 14:24:26.538 D/Layer   (  881): ---setAlpha Launcher=1.000000
09-01 14:24:26.567 I/appium  ( 4037): Started UiAutomator2 io.appium.uiautomator2.http io.appium.uiautomator2.server on port 6790
09-01 14:24:26.617 W/tomator2.serve( 4037): Accessing hidden method Lsun/misc/Unsafe;->allocateMemory(J)J (greylist, linking, allowed)
