09-01 14:24:20.121 I/appium  ( 3448): channel read: POST /wd/hub/session/06b5de24-b51b-4907-8e5d-a591dbb38551/element
09-01 14:24:20.124 I/appium  ( 3448): Find element command using 'xpath' with selector '//*[@resource-id='com.xiaomi.hm.health:id/title_container']/android.widget.TextView[2]'.
09-01 14:24:20.124 I/appium  ( 3448): Waiting up to 10000ms for device to be idle
09-01 14:24:20.124 V/bt_stack( 8588): [VERBOSE1:btm_ble_gap.cc(1923)] btm_ble_process_ext_adv_pkt: bda=5d:4a:e1:72:21:47
09-01 14:24:20.124 V/bt_stack( 8588): [VERBOSE1:btm_ble_gap.cc(1847)] btm_ble_process_adv_addr: bda=5d:4a:e1:72:21:47
09-01 14:24:20.124 V/bt_stack( 8588): [VERBOSE1:btm_ble_gap.cc(2052)]  Waiting for scan response 5d:4a:e1:72:21:47
09-01 14:24:20.124 V/bt_stack( 8588): [VERBOSE1:btm_ble_gap.cc(1923)] btm_ble_process_ext_adv_pkt: bda=5d:4a:e1:72:21:47
09-01 14:24:20.124 V/bt_stack( 8588): [VERBOSE1:btm_ble_gap.cc(1847)] btm_ble_process_adv_addr: bda=5d:4a:e1:72:21:47
09-01 14:24:20.126 V/bt_stack( 8588): [VERBOSE1:btm_ble_gap.cc(1923)] btm_ble_process_ext_adv_pkt: bda=35:08:67:20:13:25
09-01 14:24:20.126 V/bt_stack( 8588): [VERBOSE1:btm_ble_gap.cc(1847)] btm_ble_process_adv_addr: bda=35:08:67:20:13:25
09-01 14:24:20.126 D/BluetoothUtils( 8588): blockedByLocationOff callingUid=1002
09-01 14:24:20.126 I/BluetoothUtils( 8588): packagename is android.uid.bluetooth:1002 ,and its permission is false
09-01 14:24:20.126 D/BluetoothUtils( 8588): blockedByLocationOff callingUid=1002
09-01 14:24:20.127 I/BluetoothUtils( 8588): packagename is android.uid.bluetooth:1002 ,and its permission is false
09-01 14:24:20.127 D/BluetoothUtils( 8588): blockedByLocationOff callingUid=1002
09-01 14:24:20.127 I/BluetoothUtils( 8588): packagename is android.uid.bluetooth:1002 ,and its permission is false
09-01 14:24:20.128 D/BluetoothUtils( 8588): blockedByLocationOff callingUid=1002
09-01 14:24:20.128 I/BluetoothUtils( 8588): packagename is android.uid.bluetooth:1002 ,and its permission is false
09-01 14:24:20.128 D/BluetoothUtils( 8588): blockedByLocationOff callingUid=1002
09-01 14:24:20.129 I/BluetoothUtils( 8588): packagename is android.uid.bluetooth:1002 ,and its permission is false
09-01 14:24:20.129 D/BluetoothUtils( 8588): blockedByLocationOff callingUid=1002
09-01 14:24:20.129 I/BluetoothUtils( 8588): packagename is android.uid.bluetooth:1002 ,and its permission is false
09-01 14:24:20.145 V/bt_stack( 8588): [VERBOSE1:btm_ble_gap.cc(1923)] btm_ble_process_ext_adv_pkt: bda=07:88:7e:66:14:b3
09-01 14:24:20.145 V/bt_stack( 8588): [VERBOSE1:btm_ble_gap.cc(1847)] btm_ble_process_adv_addr: bda=07:88:7e:66:14:b3
09-01 14:24:20.147 D/BluetoothUtils( 8588): blockedByLocationOff callingUid=1002
09-01 14:24:20.148 I/BluetoothUtils( 8588): packagename is android.uid.bluetooth:1002 ,and its permission is false
09-01 14:24:20.148 D/BluetoothUtils( 8588): blockedByLocationOff callingUid=1002
09-01 14:24:20.148 V/bt_stack( 8588): [VERBOSE1:btm_ble_gap.cc(1923)] btm_ble_process_ext_adv_pkt: bda=2a:99:8c:12:d1:b1
09-01 14:24:20.148 V/bt_stack( 8588): [VERBOSE1:btm_ble_gap.cc(1847)] btm_ble_process_adv_addr: bda=2a:99:8c:12:d1:b1
09-01 14:24:20.148 I/BluetoothUtils( 8588): packagename is android.uid.bluetooth:1002 ,and its permission is false
09-01 14:24:20.148 D/BluetoothUtils( 8588): blockedByLocationOff callingUid=1002
09-01 14:24:20.148 I/BluetoothUtils( 8588): packagename is android.uid.bluetooth:1002 ,and its permission is false
09-01 14:24:20.149 D/BluetoothUtils( 8588): blockedByLocationOff callingUid=1002
09-01 14:24:20.150 I/BluetoothUtils( 8588): packagename is android.uid.bluetooth:1002 ,and its permission is false
09-01 14:24:20.150 D/BluetoothUtils( 8588): blockedByLocationOff callingUid=1002
09-01 14:24:20.150 I/BluetoothUtils( 8588): packagename is android.uid.bluetooth:1002 ,and its permission is false
09-01 14:24:20.150 D/BluetoothUtils( 8588): blockedByLocationOff callingUid=1002
09-01 14:24:20.150 I/BluetoothUtils( 8588): packagename is android.uid.bluetooth:1002 ,and its permission is false
09-01 14:24:20.155 V/bt_stack( 8588): [VERBOSE1:btm_ble_gap.cc(1923)] btm_ble_process_ext_adv_pkt: bda=70:33:97:a2:2a:78
09-01 14:24:20.156 V/bt_stack( 8588): [VERBOSE1:btm_ble_gap.cc(1847)] btm_ble_process_adv_addr: bda=70:33:97:a2:2a:78
09-01 14:24:20.156 V/bt_stack( 8588): [VERBOSE1:btm_ble_gap.cc(2052)]  Waiting for scan response 70:33:97:a2:2a:78
09-01 14:24:20.156 V/bt_stack( 8588): [VERBOSE1:btm_ble_gap.cc(1923)] btm_ble_process_ext_adv_pkt: bda=70:33:97:a2:2a:78
09-01 14:24:20.156 V/bt_stack( 8588): [VERBOSE1:btm_ble_gap.cc(1847)] btm_ble_process_adv_addr: bda=70:33:97:a2:2a:78
09-01 14:24:20.157 D/BluetoothUtils( 8588): blockedByLocationOff callingUid=1002
09-01 14:24:20.158 I/BluetoothUtils( 8588): packagename is android.uid.bluetooth:1002 ,and its permission is false
09-01 14:24:20.158 D/BluetoothUtils( 8588): blockedByLocationOff callingUid=1002
09-01 14:24:20.158 I/BluetoothUtils( 8588): packagename is android.uid.bluetooth:1002 ,and its permission is false
09-01 14:24:20.158 D/BluetoothUtils( 8588): blockedByLocationOff callingUid=1002
09-01 14:24:20.160 I/BluetoothUtils( 8588): packagename is android.uid.bluetooth:1002 ,and its permission is false
09-01 14:24:20.167 V/bt_stack( 8588): [VERBOSE1:btm_ble_gap.cc(1923)] btm_ble_process_ext_adv_pkt: bda=3a:23:cb:4a:85:2d
09-01 14:24:20.167 V/bt_stack( 8588): [VERBOSE1:btm_ble_gap.cc(1847)] btm_ble_process_adv_addr: bda=3a:23:cb:4a:85:2d
09-01 14:24:20.168 D/BluetoothUtils( 8588): blockedByLocationOff callingUid=1002
09-01 14:24:20.169 V/bt_stack( 8588): [VERBOSE1:btm_ble_gap.cc(1923)] btm_ble_process_ext_adv_pkt: bda=11:82:f5:89:45:91
09-01 14:24:20.169 I/BluetoothUtils( 8588): packagename is android.uid.bluetooth:1002 ,and its permission is false
09-01 14:24:20.169 V/bt_stack( 8588): [VERBOSE1:btm_ble_gap.cc(1847)] btm_ble_process_adv_addr: bda=11:82:f5:89:45:91
09-01 14:24:20.169 D/BluetoothUtils( 8588): blockedByLocationOff callingUid=1002
09-01 14:24:20.169 I/BluetoothUtils( 8588): packagename is android.uid.bluetooth:1002 ,and its permission is false
09-01 14:24:20.169 D/BluetoothUtils( 8588): blockedByLocationOff callingUid=1002
09-01 14:24:20.169 I/BluetoothUtils( 8588): packagename is android.uid.bluetooth:1002 ,and its permission is false
09-01 14:24:20.170 D/BluetoothUtils( 8588): blockedByLocationOff callingUid=1002
09-01 14:24:20.171 I/BluetoothUtils( 8588): packagename is android.uid.bluetooth:1002 ,and its permission is false
09-01 14:24:20.171 D/BluetoothUtils( 8588): blockedByLocationOff callingUid=1002
09-01 14:24:20.171 I/BluetoothUtils( 8588): packagename is android.uid.bluetooth:1002 ,and its permission is false
09-01 14:24:20.171 D/BluetoothUtils( 8588): blockedByLocationOff callingUid=1002
09-01 14:24:20.171 I/BluetoothUtils( 8588): packagename is android.uid.bluetooth:1002 ,and its permission is false
09-01 14:24:20.174 V/bt_stack( 8588): [VERBOSE1:btm_ble_gap.cc(1923)] btm_ble_process_ext_adv_pkt: bda=24:49:6a:9c:39:02
09-01 14:24:20.174 V/bt_stack( 8588): [VERBOSE1:btm_ble_gap.cc(1847)] btm_ble_process_adv_addr: bda=24:49:6a:9c:39:02
09-01 14:24:20.175 D/BluetoothUtils( 8588): blockedByLocationOff callingUid=1002
09-01 14:24:20.176 I/BluetoothUtils( 8588): packagename is android.uid.bluetooth:1002 ,and its permission is false
09-01 14:24:20.176 D/BluetoothUtils( 8588): blockedByLocationOff callingUid=1002
09-01 14:24:20.176 I/BluetoothUtils( 8588): packagename is android.uid.bluetooth:1002 ,and its permission is false
09-01 14:24:20.176 D/BluetoothUtils( 8588): blockedByLocationOff callingUid=1002
09-01 14:24:20.177 I/BluetoothUtils( 8588): packagename is android.uid.bluetooth:1002 ,and its permission is false
09-01 14:24:20.185 V/bt_stack( 8588): [VERBOSE1:btm_ble_gap.cc(1923)] btm_ble_process_ext_adv_pkt: bda=53:56:a8:ef:e5:80
09-01 14:24:20.185 V/bt_stack( 8588): [VERBOSE1:btm_ble_gap.cc(1847)] btm_ble_process_adv_addr: bda=53:56:a8:ef:e5:80
09-01 14:24:20.185 V/bt_stack( 8588): [VERBOSE1:btm_ble_gap.cc(2052)]  Waiting for scan response 53:56:a8:ef:e5:80
09-01 14:24:20.185 V/bt_stack( 8588): [VERBOSE1:btm_ble_gap.cc(1923)] btm_ble_process_ext_adv_pkt: bda=53:56:a8:ef:e5:80
09-01 14:24:20.185 V/bt_stack( 8588): [VERBOSE1:btm_ble_gap.cc(1847)] btm_ble_process_adv_addr: bda=53:56:a8:ef:e5:80
09-01 14:24:20.186 D/BluetoothUtils( 8588): blockedByLocationOff callingUid=1002
09-01 14:24:20.186 I/BluetoothUtils( 8588): packagename is android.uid.bluetooth:1002 ,and its permission is false
09-01 14:24:20.187 D/BluetoothUtils( 8588): blockedByLocationOff callingUid=1002
09-01 14:24:20.187 I/BluetoothUtils( 8588): packagename is android.uid.bluetooth:1002 ,and its permission is false
09-01 14:24:20.187 D/BluetoothUtils( 8588): blockedByLocationOff callingUid=1002
09-01 14:24:20.187 I/BluetoothUtils( 8588): packagename is android.uid.bluetooth:1002 ,and its permission is false
09-01 14:24:20.217 I/appium  ( 3448): AppiumResponse: {"sessionId":"06b5de24-b51b-4907-8e5d-a591dbb38551","value":{"ELEMENT":"3e548491-04ae-4cf3-b78d-d4f126320f23","element-6066-11e4-a52e-4f735466cecf":"3e548491-04ae-4cf3-b78d-d4f126320f23"}}
09-01 14:24:20.222 V/bt_stack( 8588): [VERBOSE1:btm_ble_gap.cc(1923)] btm_ble_process_ext_adv_pkt: bda=67:05:b3:f7:69:77
09-01 14:24:20.222 V/bt_stack( 8588): [VERBOSE1:btm_ble_gap.cc(1847)] btm_ble_process_adv_addr: bda=67:05:b3:f7:69:77
09-01 14:24:20.222 V/bt_stack( 8588): [VERBOSE1:btm_ble_gap.cc(2052)]  Waiting for scan response 67:05:b3:f7:69:77
09-01 14:24:20.222 V/bt_stack( 8588): [VERBOSE1:btm_ble_gap.cc(1923)] btm_ble_process_ext_adv_pkt: bda=77:70:e9:20:dc:cd
09-01 14:24:20.222 V/bt_stack( 8588): [VERBOSE1:btm_ble_gap.cc(1847)] btm_ble_process_adv_addr: bda=77:70:e9:20:dc:cd
09-01 14:24:20.223 D/BluetoothUtils( 8588): blockedByLocationOff callingUid=1002
09-01 14:24:20.224 I/BluetoothUtils( 8588): packagename is android.uid.bluetooth:1002 ,and its permission is false
09-01 14:24:20.224 D/BluetoothUtils( 8588): blockedByLocationOff callingUid=1002
09-01 14:24:20.224 I/BluetoothUtils( 8588): packagename is android.uid.bluetooth:1002 ,and its permission is false
09-01 14:24:20.224 D/BluetoothUtils( 8588): blockedByLocationOff callingUid=1002
09-01 14:24:20.225 I/BluetoothUtils( 8588): packagename is android.uid.bluetooth:1002 ,and its permission is false
09-01 14:24:20.228 V/bt_stack( 8588): [VERBOSE1:btm_ble_gap.cc(1923)] btm_ble_process_ext_adv_pkt: bda=66:3e:07:e0:2b:d4
09-01 14:24:20.228 V/bt_stack( 8588): [VERBOSE1:btm_ble_gap.cc(1847)] btm_ble_process_adv_addr: bda=66:3e:07:e0:2b:d4
09-01 14:24:20.228 V/bt_stack( 8588): [VERBOSE1:btm_ble_gap.cc(2052)]  Waiting for scan response 66:3e:07:e0:2b:d4
09-01 14:24:20.228 V/bt_stack( 8588): [VERBOSE1:btm_ble_gap.cc(1923)] btm_ble_process_ext_adv_pkt: bda=66:3e:07:e0:2b:d4
09-01 14:24:20.228 V/bt_stack( 8588): [VERBOSE1:btm_ble_gap.cc(1847)] btm_ble_process_adv_addr: bda=66:3e:07:e0:2b:d4
09-01 14:24:20.229 D/BluetoothUtils( 8588): blockedByLocationOff callingUid=1002
09-01 14:24:20.230 I/BluetoothUtils( 8588): packagename is android.uid.bluetooth:1002 ,and its permission is false
09-01 14:24:20.230 D/BluetoothUtils( 8588): blockedByLocationOff callingUid=1002
09-01 14:24:20.230 I/BluetoothUtils( 8588): packagename is android.uid.bluetooth:1002 ,and its permission is false
09-01 14:24:20.230 D/BluetoothUtils( 8588): blockedByLocationOff callingUid=1002
09-01 14:24:20.230 V/bt_stack( 8588): [VERBOSE1:btm_ble_gap.cc(1923)] btm_ble_process_ext_adv_pkt: bda=35:08:67:20:13:25
09-01 14:24:20.230 V/bt_stack( 8588): [VERBOSE1:btm_ble_gap.cc(1847)] btm_ble_process_adv_addr: bda=35:08:67:20:13:25
09-01 14:24:20.230 I/BluetoothUtils( 8588): packagename is android.uid.bluetooth:1002 ,and its permission is false
09-01 14:24:20.231 D/BluetoothUtils( 8588): blockedByLocationOff callingUid=1002
09-01 14:24:20.231 I/BluetoothUtils( 8588): packagename is android.uid.bluetooth:1002 ,and its permission is false
09-01 14:24:20.231 D/BluetoothUtils( 8588): blockedByLocationOff callingUid=1002
09-01 14:24:20.231 I/BluetoothUtils( 8588): packagename is android.uid.bluetooth:1002 ,and its permission is false
09-01 14:24:20.232 D/BluetoothUtils( 8588): blockedByLocationOff callingUid=1002
09-01 14:24:20.232 I/BluetoothUtils( 8588): packagename is android.uid.bluetooth:1002 ,and its permission is false
09-01 14:24:20.234 I/appium  ( 3448): channel read invoked!
09-01 14:24:20.234 I/appium  ( 3448): channel read: POST /wd/hub/session/06b5de24-b51b-4907-8e5d-a591dbb38551/element/3e548491-04ae-4cf3-b78d-d4f126320f23/click
09-01 14:24:20.234 I/appium  ( 3448): Click element command
09-01 14:24:20.236 V/bt_stack( 8588): [VERBOSE1:btm_ble_gap.cc(1923)] btm_ble_process_ext_adv_pkt: bda=71:d8:ac:89:39:0d
09-01 14:24:20.236 V/bt_stack( 8588): [VERBOSE1:btm_ble_gap.cc(1847)] btm_ble_process_adv_addr: bda=71:d8:ac:89:39:0d
09-01 14:24:20.236 V/bt_stack( 8588): [VERBOSE1:btm_ble_gap.cc(2052)]  Waiting for scan response 71:d8:ac:89:39:0d
09-01 14:24:20.236 V/bt_stack( 8588): [VERBOSE1:btm_ble_gap.cc(1923)] btm_ble_process_ext_adv_pkt: bda=71:d8:ac:89:39:0d
09-01 14:24:20.236 V/bt_stack( 8588): [VERBOSE1:btm_ble_gap.cc(1847)] btm_ble_process_adv_addr: bda=71:d8:ac:89:39:0d
09-01 14:24:20.237 D/BluetoothUtils( 8588): blockedByLocationOff callingUid=1002
09-01 14:24:20.238 I/BluetoothUtils( 8588): packagename is android.uid.bluetooth:1002 ,and its permission is false
09-01 14:24:20.238 D/BluetoothUtils( 8588): blockedByLocationOff callingUid=1002
09-01 14:24:20.238 I/BluetoothUtils( 8588): packagename is android.uid.bluetooth:1002 ,and its permission is false
09-01 14:24:20.238 D/BluetoothUtils( 8588): blockedByLocationOff callingUid=1002
09-01 14:24:20.238 I/BluetoothUtils( 8588): packagename is android.uid.bluetooth:1002 ,and its permission is false
09-01 14:24:20.250 V/bt_stack( 8588): [VERBOSE1:btm_ble_gap.cc(1923)] btm_ble_process_ext_adv_pkt: bda=2a:99:8c:12:d1:b1
09-01 14:24:20.250 V/bt_stack( 8588): [VERBOSE1:btm_ble_gap.cc(1847)] btm_ble_process_adv_addr: bda=2a:99:8c:12:d1:b1
09-01 14:24:20.250 V/bt_stack( 8588): [VERBOSE1:btm_ble_gap.cc(1923)] btm_ble_process_ext_adv_pkt: bda=10:42:5e:92:d4:eb
09-01 14:24:20.250 V/bt_stack( 8588): [VERBOSE1:btm_ble_gap.cc(1847)] btm_ble_process_adv_addr: bda=10:42:5e:92:d4:eb
09-01 14:24:20.252 D/BluetoothUtils( 8588): blockedByLocationOff callingUid=1002
09-01 14:24:20.252 I/BluetoothUtils( 8588): packagename is android.uid.bluetooth:1002 ,and its permission is false
09-01 14:24:20.252 D/BluetoothUtils( 8588): blockedByLocationOff callingUid=1002
09-01 14:24:20.253 I/BluetoothUtils( 8588): packagename is android.uid.bluetooth:1002 ,and its permission is false
09-01 14:24:20.253 D/BluetoothUtils( 8588): blockedByLocationOff callingUid=1002
09-01 14:24:20.253 I/BluetoothUtils( 8588): packagename is android.uid.bluetooth:1002 ,and its permission is false
09-01 14:24:20.254 D/BluetoothUtils( 8588): blockedByLocationOff callingUid=1002
09-01 14:24:20.254 I/BluetoothUtils( 8588): packagename is android.uid.bluetooth:1002 ,and its permission is false
09-01 14:24:20.254 D/BluetoothUtils( 8588): blockedByLocationOff callingUid=1002
09-01 14:24:20.255 I/BluetoothUtils( 8588): packagename is android.uid.bluetooth:1002 ,and its permission is false
09-01 14:24:20.255 D/BluetoothUtils( 8588): blockedByLocationOff callingUid=1002
09-01 14:24:20.255 I/BluetoothUtils( 8588): packagename is android.uid.bluetooth:1002 ,and its permission is false
09-01 14:24:20.257 V/bt_stack( 8588): [VERBOSE1:btm_ble_gap.cc(1923)] btm_ble_process_ext_adv_pkt: bda=67:f6:87:88:9f:40
09-01 14:24:20.257 V/bt_stack( 8588): [VERBOSE1:btm_ble_gap.cc(1847)] btm_ble_process_adv_addr: bda=67:f6:87:88:9f:40
09-01 14:24:20.257 V/bt_stack( 8588): [VERBOSE1:btm_ble_gap.cc(2052)]  Waiting for scan response 67:f6:87:88:9f:40
09-01 14:24:20.257 V/bt_stack( 8588): [VERBOSE1:btm_ble_gap.cc(1923)] btm_ble_process_ext_adv_pkt: bda=67:f6:87:88:9f:40
09-01 14:24:20.257 V/bt_stack( 8588): [VERBOSE1:btm_ble_gap.cc(1847)] btm_ble_process_adv_addr: bda=67:f6:87:88:9f:40
09-01 14:24:20.258 D/BluetoothUtils( 8588): blockedByLocationOff callingUid=1002
09-01 14:24:20.259 I/BluetoothUtils( 8588): packagename is android.uid.bluetooth:1002 ,and its permission is false
09-01 14:24:20.259 D/BluetoothUtils( 8588): blockedByLocationOff callingUid=1002
09-01 14:24:20.259 I/BluetoothUtils( 8588): packagename is android.uid.bluetooth:1002 ,and its permission is false
09-01 14:24:20.259 D/BluetoothUtils( 8588): blockedByLocationOff callingUid=1002
09-01 14:24:20.259 I/BluetoothUtils( 8588): packagename is android.uid.bluetooth:1002 ,and its permission is false
09-01 14:24:20.269 I/appium  ( 3448): Waiting up to 10000ms for device to be idle
09-01 14:24:20.270 I/appium  ( 3448): AppiumResponse: {"sessionId":"06b5de24-b51b-4907-8e5d-a591dbb38551","value":null}
09-01 14:24:20.270 V/bt_stack( 8588): [VERBOSE1:btm_ble_gap.cc(1923)] btm_ble_process_ext_adv_pkt: bda=72:1f:5b:cb:e4:06
09-01 14:24:20.270 V/bt_stack( 8588): [VERBOSE1:btm_ble_gap.cc(1847)] btm_ble_process_adv_addr: bda=72:1f:5b:cb:e4:06
09-01 14:24:20.270 V/bt_stack( 8588): [VERBOSE1:btm_ble_gap.cc(2052)]  Waiting for scan response 72:1f:5b:cb:e4:06
09-01 14:24:20.270 V/bt_stack( 8588): [VERBOSE1:btm_ble_gap.cc(1923)] btm_ble_process_ext_adv_pkt: bda=3a:23:cb:4a:85:2d
09-01 14:24:20.271 V/bt_stack( 8588): [VERBOSE1:btm_ble_gap.cc(1847)] btm_ble_process_adv_addr: bda=3a:23:cb:4a:85:2d
09-01 14:24:20.271 D/BluetoothUtils( 8588): blockedByLocationOff callingUid=1002
09-01 14:24:20.272 I/BluetoothUtils( 8588): packagename is android.uid.bluetooth:1002 ,and its permission is false
09-01 14:24:20.272 D/BluetoothUtils( 8588): blockedByLocationOff callingUid=1002
09-01 14:24:20.272 I/BluetoothUtils( 8588): packagename is android.uid.bluetooth:1002 ,and its permission is false
09-01 14:24:20.272 D/BluetoothUtils( 8588): blockedByLocationOff callingUid=1002
09-01 14:24:20.272 I/BluetoothUtils( 8588): packagename is android.uid.bluetooth:1002 ,and its permission is false
09-01 14:24:20.274 V/bt_stack( 8588): [VERBOSE1:btm_ble_gap.cc(1923)] btm_ble_process_ext_adv_pkt: bda=11:82:f5:89:45:91
09-01 14:24:20.274 V/bt_stack( 8588): [VERBOSE1:btm_ble_gap.cc(1847)] btm_ble_process_adv_addr: bda=11:82:f5:89:45:91
09-01 14:24:20.274 D/BluetoothUtils( 8588): blockedByLocationOff callingUid=1002
09-01 14:24:20.275 I/BluetoothUtils( 8588): packagename is android.uid.bluetooth:1002 ,and its permission is false
09-01 14:24:20.275 D/BluetoothUtils( 8588): blockedByLocationOff callingUid=1002
09-01 14:24:20.275 I/BluetoothUtils( 8588): packagename is android.uid.bluetooth:1002 ,and its permission is false
09-01 14:24:20.275 D/BluetoothUtils( 8588): blockedByLocationOff callingUid=1002
09-01 14:24:20.275 I/BluetoothUtils( 8588): packagename is android.uid.bluetooth:1002 ,and its permission is false
09-01 14:24:20.289 V/bt_stack( 8588): [VERBOSE1:btm_ble_gap.cc(1923)] btm_ble_process_ext_adv_pkt: bda=59:bb:67:f0:94:3c
09-01 14:24:20.289 V/bt_stack( 8588): [VERBOSE1:btm_ble_gap.cc(1847)] btm_ble_process_adv_addr: bda=59:bb:67:f0:94:3c
09-01 14:24:20.291 D/BluetoothUtils( 8588): blockedByLocationOff callingUid=1002
09-01 14:24:20.291 I/appium  ( 3448): channel read invoked!
09-01 14:24:20.291 I/BluetoothUtils( 8588): packagename is android.uid.bluetooth:1002 ,and its permission is false
09-01 14:24:20.291 I/appium  ( 3448): channel read: POST /wd/hub/session/06b5de24-b51b-4907-8e5d-a591dbb38551/element
09-01 14:24:20.291 D/BluetoothUtils( 8588): blockedByLocationOff callingUid=1002
09-01 14:24:20.292 I/BluetoothUtils( 8588): packagename is android.uid.bluetooth:1002 ,and its permission is false
09-01 14:24:20.292 D/BluetoothUtils( 8588): blockedByLocationOff callingUid=1002
09-01 14:24:20.292 I/BluetoothUtils( 8588): packagename is android.uid.bluetooth:1002 ,and its permission is false
09-01 14:24:20.292 I/appium  ( 3448): Find element command using 'id' with selector 'name'.
09-01 14:24:20.292 I/appium  ( 3448): Waiting up to 10000ms for device to be idle
09-01 14:24:20.294 V/bt_stack( 8588): [VERBOSE1:btm_ble_gap.cc(1923)] btm_ble_process_ext_adv_pkt: bda=0a:29:89:b7:c8:4a
09-01 14:24:20.294 V/bt_stack( 8588): [VERBOSE1:btm_ble_gap.cc(1847)] btm_ble_process_adv_addr: bda=0a:29:89:b7:c8:4a
09-01 14:24:20.295 D/BluetoothUtils( 8588): blockedByLocationOff callingUid=1002
09-01 14:24:20.296 I/BluetoothUtils( 8588): packagename is android.uid.bluetooth:1002 ,and its permission is false
09-01 14:24:20.296 D/BluetoothUtils( 8588): blockedByLocationOff callingUid=1002
09-01 14:24:20.296 I/BluetoothUtils( 8588): packagename is android.uid.bluetooth:1002 ,and its permission is false
09-01 14:24:20.296 D/BluetoothUtils( 8588): blockedByLocationOff callingUid=1002
09-01 14:24:20.296 I/BluetoothUtils( 8588): packagename is android.uid.bluetooth:1002 ,and its permission is false
09-01 14:24:20.298 V/bt_stack( 8588): [VERBOSE1:btm_ble_gap.cc(1923)] btm_ble_process_ext_adv_pkt: bda=07:5a:b0:04:f2:ba
09-01 14:24:20.298 V/bt_stack( 8588): [VERBOSE1:btm_ble_gap.cc(1847)] btm_ble_process_adv_addr: bda=07:5a:b0:04:f2:ba
09-01 14:24:20.298 D/BluetoothUtils( 8588): blockedByLocationOff callingUid=1002
09-01 14:24:20.299 I/BluetoothUtils( 8588): packagename is android.uid.bluetooth:1002 ,and its permission is false
09-01 14:24:20.299 D/BluetoothUtils( 8588): blockedByLocationOff callingUid=1002
09-01 14:24:20.299 I/BluetoothUtils( 8588): packagename is android.uid.bluetooth:1002 ,and its permission is false
09-01 14:24:20.299 D/BluetoothUtils( 8588): blockedByLocationOff callingUid=1002
09-01 14:24:20.300 I/BluetoothUtils( 8588): packagename is android.uid.bluetooth:1002 ,and its permission is false
09-01 14:24:20.301 V/bt_stack( 8588): [VERBOSE1:btm_ble_gap.cc(1923)] btm_ble_process_ext_adv_pkt: bda=03:98:cf:7d:8e:6f
09-01 14:24:20.301 V/bt_stack( 8588): [VERBOSE1:btm_ble_gap.cc(1847)] btm_ble_process_adv_addr: bda=03:98:cf:7d:8e:6f
09-01 14:24:20.301 D/BluetoothUtils( 8588): blockedByLocationOff callingUid=1002
09-01 14:24:20.302 I/BluetoothUtils( 8588): packagename is android.uid.bluetooth:1002 ,and its permission is false
09-01 14:24:20.302 D/BluetoothUtils( 8588): blockedByLocationOff callingUid=1002
09-01 14:24:20.302 I/BluetoothUtils( 8588): packagename is android.uid.bluetooth:1002 ,and its permission is false
09-01 14:24:20.302 D/BluetoothUtils( 8588): blockedByLocationOff callingUid=1002
09-01 14:24:20.303 I/BluetoothUtils( 8588): packagename is android.uid.bluetooth:1002 ,and its permission is false
09-01 14:24:20.306 V/bt_stack( 8588): [VERBOSE1:btm_ble_gap.cc(1923)] btm_ble_process_ext_adv_pkt: bda=48:14:81:f8:b8:84
09-01 14:24:20.306 V/bt_stack( 8588): [VERBOSE1:btm_ble_gap.cc(1847)] btm_ble_process_adv_addr: bda=48:14:81:f8:b8:84
09-01 14:24:20.306 V/bt_stack( 8588): [VERBOSE1:btm_ble_gap.cc(2052)]  Waiting for scan response 48:14:81:f8:b8:84
09-01 14:24:20.306 V/bt_stack( 8588): [VERBOSE1:btm_ble_gap.cc(1923)] btm_ble_process_ext_adv_pkt: bda=48:14:81:f8:b8:84
09-01 14:24:20.306 V/bt_stack( 8588): [VERBOSE1:btm_ble_gap.cc(1847)] btm_ble_process_adv_addr: bda=48:14:81:f8:b8:84
09-01 14:24:20.308 D/BluetoothUtils( 8588): blockedByLocationOff callingUid=1002
09-01 14:24:20.308 I/BluetoothUtils( 8588): packagename is android.uid.bluetooth:1002 ,and its permission is false
09-01 14:24:20.309 D/BluetoothUtils( 8588): blockedByLocationOff callingUid=1002
09-01 14:24:20.309 I/BluetoothUtils( 8588): packagename is android.uid.bluetooth:1002 ,and its permission is false
09-01 14:24:20.309 D/BluetoothUtils( 8588): blockedByLocationOff callingUid=1002
09-01 14:24:20.309 I/BluetoothUtils( 8588): packagename is android.uid.bluetooth:1002 ,and its permission is false
09-01 14:24:20.317 V/bt_stack( 8588): [VERBOSE1:btm_ble_gap.cc(1923)] btm_ble_process_ext_adv_pkt: bda=2f:3a:5d:02:04:9c
09-01 14:24:20.317 V/bt_stack( 8588): [VERBOSE1:btm_ble_gap.cc(1847)] btm_ble_process_adv_addr: bda=2f:3a:5d:02:04:9c
09-01 14:24:20.319 D/BluetoothUtils( 8588): blockedByLocationOff callingUid=1002
09-01 14:24:20.319 I/BluetoothUtils( 8588): packagename is android.uid.bluetooth:1002 ,and its permission is false
09-01 14:24:20.319 D/BluetoothUtils( 8588): blockedByLocationOff callingUid=1002
09-01 14:24:20.320 I/BluetoothUtils( 8588): packagename is android.uid.bluetooth:1002 ,and its permission is false
09-01 14:24:20.320 D/BluetoothUtils( 8588): blockedByLocationOff callingUid=1002
09-01 14:24:20.320 I/BluetoothUtils( 8588): packagename is android.uid.bluetooth:1002 ,and its permission is false
09-01 14:24:20.323 I/MiuiNetworkPolicy( 1639): bandwidth: 0 KB/s, Max bandwidth: 1898 KB/s
09-01 14:24:20.327 V/bt_stack( 8588): [VERBOSE1:btm_ble_gap.cc(1923)] btm_ble_process_ext_adv_pkt: bda=0c:1a:06:0e:96:57
09-01 14:24:20.327 V/bt_stack( 8588): [VERBOSE1:btm_ble_gap.cc(1847)] btm_ble_process_adv_addr: bda=0c:1a:06:0e:96:57
09-01 14:24:20.329 D/BluetoothUtils( 8588): blockedByLocationOff callingUid=1002
09-01 14:24:20.329 I/BluetoothUtils( 8588): packagename is android.uid.bluetooth:1002 ,and its permission is false
09-01 14:24:20.329 D/BluetoothUtils( 8588): blockedByLocationOff callingUid=1002
09-01 14:24:20.330 I/BluetoothUtils( 8588): packagename is android.uid.bluetooth:1002 ,and its permission is false
09-01 14:24:20.330 D/BluetoothUtils( 8588): blockedByLocationOff callingUid=1002
09-01 14:24:20.330 I/BluetoothUtils( 8588): packagename is android.uid.bluetooth:1002 ,and its permission is false
09-01 14:24:20.339 V/bt_stack( 8588): [VERBOSE1:btm_ble_gap.cc(1923)] btm_ble_process_ext_adv_pkt: bda=db:10:f5:c4:2c:b0
09-01 14:24:20.339 V/bt_stack( 8588): [VERBOSE1:btm_ble_gap.cc(1847)] btm_ble_process_adv_addr: bda=db:10:f5:c4:2c:b0
09-01 14:24:20.339 V/bt_stack( 8588): [VERBOSE1:btm_ble_gap.cc(2052)]  Waiting for scan response db:10:f5:c4:2c:b0
09-01 14:24:20.339 V/bt_stack( 8588): [VERBOSE1:btm_ble_gap.cc(1923)] btm_ble_process_ext_adv_pkt: bda=35:08:67:20:13:25
09-01 14:24:20.339 V/bt_stack( 8588): [VERBOSE1:btm_ble_gap.cc(1847)] btm_ble_process_adv_addr: bda=35:08:67:20:13:25
09-01 14:24:20.341 D/BluetoothUtils( 8588): blockedByLocationOff callingUid=1002
09-01 14:24:20.341 I/BluetoothUtils( 8588): packagename is android.uid.bluetooth:1002 ,and its permission is false
09-01 14:24:20.341 D/BluetoothUtils( 8588): blockedByLocationOff callingUid=1002
09-01 14:24:20.342 I/BluetoothUtils( 8588): packagename is android.uid.bluetooth:1002 ,and its permission is false
09-01 14:24:20.342 D/BluetoothUtils( 8588): blockedByLocationOff callingUid=1002
09-01 14:24:20.342 I/BluetoothUtils( 8588): packagename is android.uid.bluetooth:1002 ,and its permission is false
09-01 14:24:20.346 V/bt_stack( 8588): [VERBOSE1:btm_ble_gap.cc(1923)] btm_ble_process_ext_adv_pkt: bda=2e:17:70:f9:0b:48
09-01 14:24:20.346 V/bt_stack( 8588): [VERBOSE1:btm_ble_gap.cc(1847)] btm_ble_process_adv_addr: bda=2e:17:70:f9:0b:48
09-01 14:24:20.347 D/BluetoothUtils( 8588): blockedByLocationOff callingUid=1002
09-01 14:24:20.348 I/BluetoothUtils( 8588): packagename is android.uid.bluetooth:1002 ,and its permission is false
09-01 14:24:20.348 D/BluetoothUtils( 8588): blockedByLocationOff callingUid=1002
09-01 14:24:20.348 I/BluetoothUtils( 8588): packagename is android.uid.bluetooth:1002 ,and its permission is false
09-01 14:24:20.348 D/BluetoothUtils( 8588): blockedByLocationOff callingUid=1002
09-01 14:24:20.349 I/BluetoothUtils( 8588): packagename is android.uid.bluetooth:1002 ,and its permission is false
09-01 14:24:20.363 V/bt_stack( 8588): [VERBOSE1:btm_ble_gap.cc(1923)] btm_ble_process_ext_adv_pkt: bda=25:5e:6a:5a:81:28
09-01 14:24:20.363 V/bt_stack( 8588): [VERBOSE1:btm_ble_gap.cc(1847)] btm_ble_process_adv_addr: bda=25:5e:6a:5a:81:28
09-01 14:24:20.366 D/BluetoothUtils( 8588): blockedByLocationOff callingUid=1002
09-01 14:24:20.366 I/BluetoothUtils( 8588): packagename is android.uid.bluetooth:1002 ,and its permission is false
09-01 14:24:20.366 D/BluetoothUtils( 8588): blockedByLocationOff callingUid=1002
09-01 14:24:20.367 I/BluetoothUtils( 8588): packagename is android.uid.bluetooth:1002 ,and its permission is false
09-01 14:24:20.367 D/BluetoothUtils( 8588): blockedByLocationOff callingUid=1002
09-01 14:24:20.367 I/BluetoothUtils( 8588): packagename is android.uid.bluetooth:1002 ,and its permission is false
09-01 14:24:20.368 V/bt_stack( 8588): [VERBOSE1:btm_ble_gap.cc(1923)] btm_ble_process_ext_adv_pkt: bda=63:e7:6b:57:ac:90
09-01 14:24:20.368 V/bt_stack( 8588): [VERBOSE1:btm_ble_gap.cc(1847)] btm_ble_process_adv_addr: bda=63:e7:6b:57:ac:90
09-01 14:24:20.369 V/bt_stack( 8588): [VERBOSE1:btm_ble_gap.cc(2052)]  Waiting for scan response 63:e7:6b:57:ac:90
09-01 14:24:20.369 V/bt_stack( 8588): [VERBOSE1:btm_ble_gap.cc(1923)] btm_ble_process_ext_adv_pkt: bda=63:e7:6b:57:ac:90
09-01 14:24:20.369 V/bt_stack( 8588): [VERBOSE1:btm_ble_gap.cc(1847)] btm_ble_process_adv_addr: bda=63:e7:6b:57:ac:90
09-01 14:24:20.370 D/BluetoothUtils( 8588): blockedByLocationOff callingUid=1002
09-01 14:24:20.371 I/BluetoothUtils( 8588): packagename is android.uid.bluetooth:1002 ,and its permission is false
09-01 14:24:20.371 D/BluetoothUtils( 8588): blockedByLocationOff callingUid=1002
09-01 14:24:20.371 V/bt_stack( 8588): [VERBOSE1:btm_ble_gap.cc(1923)] btm_ble_process_ext_adv_pkt: bda=3a:23:cb:4a:85:2d
09-01 14:24:20.371 V/bt_stack( 8588): [VERBOSE1:btm_ble_gap.cc(1847)] btm_ble_process_adv_addr: bda=3a:23:cb:4a:85:2d
09-01 14:24:20.371 I/BluetoothUtils( 8588): packagename is android.uid.bluetooth:1002 ,and its permission is false
09-01 14:24:20.371 D/BluetoothUtils( 8588): blockedByLocationOff callingUid=1002
09-01 14:24:20.372 I/BluetoothUtils( 8588): packagename is android.uid.bluetooth:1002 ,and its permission is false
09-01 14:24:20.373 D/BluetoothUtils( 8588): blockedByLocationOff callingUid=1002
09-01 14:24:20.374 I/BluetoothUtils( 8588): packagename is android.uid.bluetooth:1002 ,and its permission is false
09-01 14:24:20.374 D/BluetoothUtils( 8588): blockedByLocationOff callingUid=1002
09-01 14:24:20.374 I/BluetoothUtils( 8588): packagename is android.uid.bluetooth:1002 ,and its permission is false
09-01 14:24:20.374 D/BluetoothUtils( 8588): blockedByLocationOff callingUid=1002
09-01 14:24:20.375 I/BluetoothUtils( 8588): packagename is android.uid.bluetooth:1002 ,and its permission is false
09-01 14:24:20.384 V/bt_stack( 8588): [VERBOSE1:btm_ble_gap.cc(1923)] btm_ble_process_ext_adv_pkt: bda=7c:7c:58:d5:aa:e1
09-01 14:24:20.384 V/bt_stack( 8588): [VERBOSE1:btm_ble_gap.cc(1847)] btm_ble_process_adv_addr: bda=7c:7c:58:d5:aa:e1
09-01 14:24:20.384 V/bt_stack( 8588): [VERBOSE1:btm_ble_gap.cc(2052)]  Waiting for scan response 7c:7c:58:d5:aa:e1
09-01 14:24:20.393 V/bt_stack( 8588): [VERBOSE1:btm_ble_gap.cc(1923)] btm_ble_process_ext_adv_pkt: bda=f2:58:f4:89:d0:4a
09-01 14:24:20.393 V/bt_stack( 8588): [VERBOSE1:btm_ble_gap.cc(1847)] btm_ble_process_adv_addr: bda=f2:58:f4:89:d0:4a
09-01 14:24:20.393 V/bt_stack( 8588): [VERBOSE1:btm_ble_gap.cc(2052)]  Waiting for scan response f2:58:f4:89:d0:4a
09-01 14:24:20.396 V/bt_stack( 8588): [VERBOSE1:btm_ble_gap.cc(1923)] btm_ble_process_ext_adv_pkt: bda=5d:4a:e1:72:21:47
09-01 14:24:20.396 V/bt_stack( 8588): [VERBOSE1:btm_ble_gap.cc(1847)] btm_ble_process_adv_addr: bda=5d:4a:e1:72:21:47
09-01 14:24:20.396 V/bt_stack( 8588): [VERBOSE1:btm_ble_gap.cc(2052)]  Waiting for scan response 5d:4a:e1:72:21:47
09-01 14:24:20.396 V/bt_stack( 8588): [VERBOSE1:btm_ble_gap.cc(1923)] btm_ble_process_ext_adv_pkt: bda=59:bb:67:f0:94:3c
09-01 14:24:20.396 V/bt_stack( 8588): [VERBOSE1:btm_ble_gap.cc(1847)] btm_ble_process_adv_addr: bda=59:bb:67:f0:94:3c
09-01 14:24:20.398 D/BluetoothUtils( 8588): blockedByLocationOff callingUid=1002
09-01 14:24:20.399 I/BluetoothUtils( 8588): packagename is android.uid.bluetooth:1002 ,and its permission is false
09-01 14:24:20.399 D/BluetoothUtils( 8588): blockedByLocationOff callingUid=1002
09-01 14:24:20.399 I/BluetoothUtils( 8588): packagename is android.uid.bluetooth:1002 ,and its permission is false
09-01 14:24:20.399 D/BluetoothUtils( 8588): blockedByLocationOff callingUid=1002
09-01 14:24:20.399 I/BluetoothUtils( 8588): packagename is android.uid.bluetooth:1002 ,and its permission is false
09-01 14:24:20.402 V/bt_stack( 8588): [VERBOSE1:btm_ble_gap.cc(1923)] btm_ble_process_ext_adv_pkt: bda=0a:29:89:b7:c8:4a
09-01 14:24:20.402 V/bt_stack( 8588): [VERBOSE1:btm_ble_gap.cc(1847)] btm_ble_process_adv_addr: bda=0a:29:89:b7:c8:4a
09-01 14:24:20.404 D/BluetoothUtils( 8588): blockedByLocationOff callingUid=1002
09-01 14:24:20.404 I/BluetoothUtils( 8588): packagename is android.uid.bluetooth:1002 ,and its permission is false
09-01 14:24:20.404 D/BluetoothUtils( 8588): blockedByLocationOff callingUid=1002
09-01 14:24:20.404 I/BluetoothUtils( 8588): packagename is android.uid.bluetooth:1002 ,and its permission is false
09-01 14:24:20.405 D/BluetoothUtils( 8588): blockedByLocationOff callingUid=1002
09-01 14:24:20.405 I/BluetoothUtils( 8588): packagename is android.uid.bluetooth:1002 ,and its permission is false
09-01 14:24:20.410 V/bt_stack( 8588): [VERBOSE1:btm_ble_gap.cc(1923)] btm_ble_process_ext_adv_pkt: bda=66:3e:07:e0:2b:d4
09-01 14:24:20.410 V/bt_stack( 8588): [VERBOSE1:btm_ble_gap.cc(1847)] btm_ble_process_adv_addr: bda=66:3e:07:e0:2b:d4
09-01 14:24:20.411 V/bt_stack( 8588): [VERBOSE1:btm_ble_gap.cc(2052)]  Waiting for scan response 66:3e:07:e0:2b:d4
09-01 14:24:20.411 V/bt_stack( 8588): [VERBOSE1:btm_ble_gap.cc(1923)] btm_ble_process_ext_adv_pkt: bda=66:3e:07:e0:2b:d4
09-01 14:24:20.411 V/bt_stack( 8588): [VERBOSE1:btm_ble_gap.cc(1847)] btm_ble_process_adv_addr: bda=66:3e:07:e0:2b:d4
09-01 14:24:20.412 D/BluetoothUtils( 8588): blockedByLocationOff callingUid=1002
09-01 14:24:20.412 I/BluetoothUtils( 8588): packagename is android.uid.bluetooth:1002 ,and its permission is false
09-01 14:24:20.412 D/BluetoothUtils( 8588): blockedByLocationOff callingUid=1002
09-01 14:24:20.413 I/BluetoothUtils( 8588): packagename is android.uid.bluetooth:1002 ,and its permission is false
09-01 14:24:20.413 D/BluetoothUtils( 8588): blockedByLocationOff callingUid=1002
09-01 14:24:20.413 I/BluetoothUtils( 8588): packagename is android.uid.bluetooth:1002 ,and its permission is false
09-01 14:24:20.424 V/bt_stack( 8588): [VERBOSE1:btm_ble_gap.cc(1923)] btm_ble_process_ext_adv_pkt: bda=38:f9:d3:45:87:1e
09-01 14:24:20.424 V/bt_stack( 8588): [VERBOSE1:btm_ble_gap.cc(1847)] btm_ble_process_adv_addr: bda=38:f9:d3:45:87:1e
09-01 14:24:20.424 V/bt_stack( 8588): [VERBOSE1:btm_ble_gap.cc(2052)]  Waiting for scan response 38:f9:d3:45:87:1e
09-01 14:24:20.424 V/bt_stack( 8588): [VERBOSE1:btm_ble_gap.cc(1923)] btm_ble_process_ext_adv_pkt: bda=38:f9:d3:45:87:1e
09-01 14:24:20.424 V/bt_stack( 8588): [VERBOSE1:btm_ble_gap.cc(1847)] btm_ble_process_adv_addr: bda=38:f9:d3:45:87:1e
09-01 14:24:20.425 D/BluetoothUtils( 8588): blockedByLocationOff callingUid=1002
09-01 14:24:20.426 I/BluetoothUtils( 8588): packagename is android.uid.bluetooth:1002 ,and its permission is false
09-01 14:24:20.426 D/BluetoothUtils( 8588): blockedByLocationOff callingUid=1002
09-01 14:24:20.426 I/BluetoothUtils( 8588): packagename is android.uid.bluetooth:1002 ,and its permission is false
09-01 14:24:20.426 D/BluetoothUtils( 8588): blockedByLocationOff callingUid=1002
09-01 14:24:20.427 I/BluetoothUtils( 8588): packagename is android.uid.bluetooth:1002 ,and its permission is false
09-01 14:24:20.431 V/bt_stack( 8588): [VERBOSE1:btm_ble_gap.cc(1923)] btm_ble_process_ext_adv_pkt: bda=0c:1a:06:0e:96:57
09-01 14:24:20.432 V/bt_stack( 8588): [VERBOSE1:btm_ble_gap.cc(1847)] btm_ble_process_adv_addr: bda=0c:1a:06:0e:96:57
09-01 14:24:20.433 D/BluetoothUtils( 8588): blockedByLocationOff callingUid=1002
09-01 14:24:20.434 I/BluetoothUtils( 8588): packagename is android.uid.bluetooth:1002 ,and its permission is false
09-01 14:24:20.434 D/BluetoothUtils( 8588): blockedByLocationOff callingUid=1002
09-01 14:24:20.434 I/BluetoothUtils( 8588): packagename is android.uid.bluetooth:1002 ,and its permission is false
09-01 14:24:20.434 D/BluetoothUtils( 8588): blockedByLocationOff callingUid=1002
09-01 14:24:20.435 I/BluetoothUtils( 8588): packagename is android.uid.bluetooth:1002 ,and its permission is false
09-01 14:24:20.439 V/bt_stack( 8588): [VERBOSE1:btm_ble_gap.cc(1923)] btm_ble_process_ext_adv_pkt: bda=35:08:67:20:13:25
09-01 14:24:20.439 V/bt_stack( 8588): [VERBOSE1:btm_ble_gap.cc(1847)] btm_ble_process_adv_addr: bda=35:08:67:20:13:25
09-01 14:24:20.441 D/BluetoothUtils( 8588): blockedByLocationOff callingUid=1002
09-01 14:24:20.441 I/BluetoothUtils( 8588): packagename is android.uid.bluetooth:1002 ,and its permission is false
09-01 14:24:20.441 D/BluetoothUtils( 8588): blockedByLocationOff callingUid=1002
09-01 14:24:20.442 I/BluetoothUtils( 8588): packagename is android.uid.bluetooth:1002 ,and its permission is false
09-01 14:24:20.442 D/BluetoothUtils( 8588): blockedByLocationOff callingUid=1002
09-01 14:24:20.442 I/BluetoothUtils( 8588): packagename is android.uid.bluetooth:1002 ,and its permission is false
09-01 14:24:20.454 V/bt_stack( 8588): [VERBOSE1:btm_ble_gap.cc(1923)] btm_ble_process_ext_adv_pkt: bda=17:be:83:99:5a:17
09-01 14:24:20.454 V/bt_stack( 8588): [VERBOSE1:btm_ble_gap.cc(1847)] btm_ble_process_adv_addr: bda=17:be:83:99:5a:17
09-01 14:24:20.456 D/BluetoothUtils( 8588): blockedByLocationOff callingUid=1002
09-01 14:24:20.456 I/BluetoothUtils( 8588): packagename is android.uid.bluetooth:1002 ,and its permission is false
09-01 14:24:20.457 D/BluetoothUtils( 8588): blockedByLocationOff callingUid=1002
09-01 14:24:20.457 I/BluetoothUtils( 8588): packagename is android.uid.bluetooth:1002 ,and its permission is false
09-01 14:24:20.457 D/BluetoothUtils( 8588): blockedByLocationOff callingUid=1002
09-01 14:24:20.457 I/BluetoothUtils( 8588): packagename is android.uid.bluetooth:1002 ,and its permission is false
09-01 14:24:20.460 V/bt_stack( 8588): [VERBOSE1:btm_ble_gap.cc(1923)] btm_ble_process_ext_adv_pkt: bda=10:42:5e:92:d4:eb
09-01 14:24:20.460 V/bt_stack( 8588): [VERBOSE1:btm_ble_gap.cc(1847)] btm_ble_process_adv_addr: bda=10:42:5e:92:d4:eb
09-01 14:24:20.462 D/BluetoothUtils( 8588): blockedByLocationOff callingUid=1002
09-01 14:24:20.462 I/BluetoothUtils( 8588): packagename is android.uid.bluetooth:1002 ,and its permission is false
09-01 14:24:20.463 V/bt_stack( 8588): [VERBOSE1:btm_ble_gap.cc(1923)] btm_ble_process_ext_adv_pkt: bda=25:5e:6a:5a:81:28
09-01 14:24:20.463 D/BluetoothUtils( 8588): blockedByLocationOff callingUid=1002
09-01 14:24:20.463 V/bt_stack( 8588): [VERBOSE1:btm_ble_gap.cc(1847)] btm_ble_process_adv_addr: bda=25:5e:6a:5a:81:28
09-01 14:24:20.463 I/BluetoothUtils( 8588): packagename is android.uid.bluetooth:1002 ,and its permission is false
09-01 14:24:20.463 D/BluetoothUtils( 8588): blockedByLocationOff callingUid=1002
09-01 14:24:20.463 I/BluetoothUtils( 8588): packagename is android.uid.bluetooth:1002 ,and its permission is false
09-01 14:24:20.464 D/BluetoothUtils( 8588): blockedByLocationOff callingUid=1002
09-01 14:24:20.465 I/BluetoothUtils( 8588): packagename is android.uid.bluetooth:1002 ,and its permission is false
09-01 14:24:20.465 D/BluetoothUtils( 8588): blockedByLocationOff callingUid=1002
09-01 14:24:20.465 I/BluetoothUtils( 8588): packagename is android.uid.bluetooth:1002 ,and its permission is false
09-01 14:24:20.465 D/BluetoothUtils( 8588): blockedByLocationOff callingUid=1002
09-01 14:24:20.465 I/BluetoothUtils( 8588): packagename is android.uid.bluetooth:1002 ,and its permission is false
09-01 14:24:20.478 V/bt_stack( 8588): [VERBOSE1:btm_ble_gap.cc(1923)] btm_ble_process_ext_adv_pkt: bda=11:82:f5:89:45:91
09-01 14:24:20.478 V/bt_stack( 8588): [VERBOSE1:btm_ble_gap.cc(1847)] btm_ble_process_adv_addr: bda=11:82:f5:89:45:91
09-01 14:24:20.480 D/BluetoothUtils( 8588): blockedByLocationOff callingUid=1002
09-01 14:24:20.480 I/BluetoothUtils( 8588): packagename is android.uid.bluetooth:1002 ,and its permission is false
09-01 14:24:20.480 D/BluetoothUtils( 8588): blockedByLocationOff callingUid=1002
09-01 14:24:20.481 I/BluetoothUtils( 8588): packagename is android.uid.bluetooth:1002 ,and its permission is false
09-01 14:24:20.481 D/BluetoothUtils( 8588): blockedByLocationOff callingUid=1002
09-01 14:24:20.481 I/BluetoothUtils( 8588): packagename is android.uid.bluetooth:1002 ,and its permission is false
09-01 14:24:20.482 V/bt_stack( 8588): [VERBOSE1:btm_ble_gap.cc(1923)] btm_ble_process_ext_adv_pkt: bda=12:1c:38:cd:04:e8
09-01 14:24:20.482 V/bt_stack( 8588): [VERBOSE1:btm_ble_gap.cc(1847)] btm_ble_process_adv_addr: bda=12:1c:38:cd:04:e8
09-01 14:24:20.483 D/BluetoothUtils( 8588): blockedByLocationOff callingUid=1002
09-01 14:24:20.483 I/BluetoothUtils( 8588): packagename is android.uid.bluetooth:1002 ,and its permission is false
09-01 14:24:20.483 D/BluetoothUtils( 8588): blockedByLocationOff callingUid=1002
09-01 14:24:20.484 I/BluetoothUtils( 8588): packagename is android.uid.bluetooth:1002 ,and its permission is false
09-01 14:24:20.484 D/BluetoothUtils( 8588): blockedByLocationOff callingUid=1002
09-01 14:24:20.484 I/BluetoothUtils( 8588): packagename is android.uid.bluetooth:1002 ,and its permission is false
09-01 14:24:20.500 V/bt_stack( 8588): [VERBOSE1:btm_ble_gap.cc(1923)] btm_ble_process_ext_adv_pkt: bda=59:bb:67:f0:94:3c
09-01 14:24:20.500 V/bt_stack( 8588): [VERBOSE1:btm_ble_gap.cc(1847)] btm_ble_process_adv_addr: bda=59:bb:67:f0:94:3c
09-01 14:24:20.502 D/BluetoothUtils( 8588): blockedByLocationOff callingUid=1002
09-01 14:24:20.502 I/BluetoothUtils( 8588): packagename is android.uid.bluetooth:1002 ,and its permission is false
09-01 14:24:20.502 D/BluetoothUtils( 8588): blockedByLocationOff callingUid=1002
09-01 14:24:20.503 V/bt_stack( 8588): [VERBOSE1:btm_ble_gap.cc(1923)] btm_ble_process_ext_adv_pkt: bda=07:5a:b0:04:f2:ba
09-01 14:24:20.503 I/BluetoothUtils( 8588): packagename is android.uid.bluetooth:1002 ,and its permission is false
09-01 14:24:20.503 V/bt_stack( 8588): [VERBOSE1:btm_ble_gap.cc(1847)] btm_ble_process_adv_addr: bda=07:5a:b0:04:f2:ba
09-01 14:24:20.503 D/BluetoothUtils( 8588): blockedByLocationOff callingUid=1002
09-01 14:24:20.503 I/BluetoothUtils( 8588): packagename is android.uid.bluetooth:1002 ,and its permission is false
09-01 14:24:20.504 V/bt_stack( 8588): [VERBOSE1:btm_ble_gap.cc(1923)] btm_ble_process_ext_adv_pkt: bda=67:ec:83:7e:42:50
09-01 14:24:20.504 V/bt_stack( 8588): [VERBOSE1:btm_ble_gap.cc(1847)] btm_ble_process_adv_addr: bda=67:ec:83:7e:42:50
09-01 14:24:20.504 V/bt_stack( 8588): [VERBOSE1:btm_ble_gap.cc(2052)]  Waiting for scan response 67:ec:83:7e:42:50
09-01 14:24:20.504 D/BluetoothUtils( 8588): blockedByLocationOff callingUid=1002
09-01 14:24:20.504 V/bt_stack( 8588): [VERBOSE1:btm_ble_gap.cc(1923)] btm_ble_process_ext_adv_pkt: bda=67:ec:83:7e:42:50
09-01 14:24:20.504 V/bt_stack( 8588): [VERBOSE1:btm_ble_gap.cc(1847)] btm_ble_process_adv_addr: bda=67:ec:83:7e:42:50
09-01 14:24:20.504 I/BluetoothUtils( 8588): packagename is android.uid.bluetooth:1002 ,and its permission is false
09-01 14:24:20.505 D/BluetoothUtils( 8588): blockedByLocationOff callingUid=1002
09-01 14:24:20.505 I/BluetoothUtils( 8588): packagename is android.uid.bluetooth:1002 ,and its permission is false
09-01 14:24:20.505 D/BluetoothUtils( 8588): blockedByLocationOff callingUid=1002
09-01 14:24:20.505 I/BluetoothUtils( 8588): packagename is android.uid.bluetooth:1002 ,and its permission is false
09-01 14:24:20.506 D/BluetoothUtils( 8588): blockedByLocationOff callingUid=1002
09-01 14:24:20.507 I/BluetoothUtils( 8588): packagename is android.uid.bluetooth:1002 ,and its permission is false
09-01 14:24:20.507 V/bt_stack( 8588): [VERBOSE1:btm_ble_gap.cc(1923)] btm_ble_process_ext_adv_pkt: bda=0a:29:89:b7:c8:4a
09-01 14:24:20.507 D/BluetoothUtils( 8588): blockedByLocationOff callingUid=1002
09-01 14:24:20.507 V/bt_stack( 8588): [VERBOSE1:btm_ble_gap.cc(1847)] btm_ble_process_adv_addr: bda=0a:29:89:b7:c8:4a
09-01 14:24:20.507 I/BluetoothUtils( 8588): packagename is android.uid.bluetooth:1002 ,and its permission is false
09-01 14:24:20.507 D/BluetoothUtils( 8588): blockedByLocationOff callingUid=1002
09-01 14:24:20.507 I/BluetoothUtils( 8588): packagename is android.uid.bluetooth:1002 ,and its permission is false
09-01 14:24:20.508 D/BluetoothUtils( 8588): blockedByLocationOff callingUid=1002
09-01 14:24:20.509 I/BluetoothUtils( 8588): packagename is android.uid.bluetooth:1002 ,and its permission is false
09-01 14:24:20.509 D/BluetoothUtils( 8588): blockedByLocationOff callingUid=1002
09-01 14:24:20.509 I/BluetoothUtils( 8588): packagename is android.uid.bluetooth:1002 ,and its permission is false
09-01 14:24:20.509 D/BluetoothUtils( 8588): blockedByLocationOff callingUid=1002
09-01 14:24:20.509 I/BluetoothUtils( 8588): packagename is android.uid.bluetooth:1002 ,and its permission is false
09-01 14:24:20.526 V/bt_stack( 8588): [VERBOSE1:btm_ble_gap.cc(1923)] btm_ble_process_ext_adv_pkt: bda=2f:3a:5d:02:04:9c
09-01 14:24:20.526 V/bt_stack( 8588): [VERBOSE1:btm_ble_gap.cc(1847)] btm_ble_process_adv_addr: bda=2f:3a:5d:02:04:9c
09-01 14:24:20.529 D/BluetoothUtils( 8588): blockedByLocationOff callingUid=1002
09-01 14:24:20.530 I/BluetoothUtils( 8588): packagename is android.uid.bluetooth:1002 ,and its permission is false
09-01 14:24:20.530 D/BluetoothUtils( 8588): blockedByLocationOff callingUid=1002
09-01 14:24:20.530 V/bt_stack( 8588): [VERBOSE1:btm_ble_gap.cc(1923)] btm_ble_process_ext_adv_pkt: bda=67:f6:87:88:9f:40
09-01 14:24:20.530 I/BluetoothUtils( 8588): packagename is android.uid.bluetooth:1002 ,and its permission is false
09-01 14:24:20.530 V/bt_stack( 8588): [VERBOSE1:btm_ble_gap.cc(1847)] btm_ble_process_adv_addr: bda=67:f6:87:88:9f:40
09-01 14:24:20.530 V/bt_stack( 8588): [VERBOSE1:btm_ble_gap.cc(2052)]  Waiting for scan response 67:f6:87:88:9f:40
09-01 14:24:20.530 D/BluetoothUtils( 8588): blockedByLocationOff callingUid=1002
09-01 14:24:20.530 V/bt_stack( 8588): [VERBOSE1:btm_ble_gap.cc(1923)] btm_ble_process_ext_adv_pkt: bda=67:f6:87:88:9f:40
09-01 14:24:20.531 V/bt_stack( 8588): [VERBOSE1:btm_ble_gap.cc(1847)] btm_ble_process_adv_addr: bda=67:f6:87:88:9f:40
09-01 14:24:20.531 I/BluetoothUtils( 8588): packagename is android.uid.bluetooth:1002 ,and its permission is false
09-01 14:24:20.533 D/BluetoothUtils( 8588): blockedByLocationOff callingUid=1002
09-01 14:24:20.533 I/BluetoothUtils( 8588): packagename is android.uid.bluetooth:1002 ,and its permission is false
09-01 14:24:20.534 D/BluetoothUtils( 8588): blockedByLocationOff callingUid=1002
09-01 14:24:20.534 V/bt_stack( 8588): [VERBOSE1:btm_ble_gap.cc(1923)] btm_ble_process_ext_adv_pkt: bda=30:b8:83:fe:c9:1f
09-01 14:24:20.534 V/bt_stack( 8588): [VERBOSE1:btm_ble_gap.cc(1847)] btm_ble_process_adv_addr: bda=30:b8:83:fe:c9:1f
09-01 14:24:20.534 I/BluetoothUtils( 8588): packagename is android.uid.bluetooth:1002 ,and its permission is false
09-01 14:24:20.534 D/BluetoothUtils( 8588): blockedByLocationOff callingUid=1002
09-01 14:24:20.535 I/BluetoothUtils( 8588): packagename is android.uid.bluetooth:1002 ,and its permission is false
09-01 14:24:20.535 D/BluetoothUtils( 8588): blockedByLocationOff callingUid=1002
09-01 14:24:20.536 I/BluetoothUtils( 8588): packagename is android.uid.bluetooth:1002 ,and its permission is false
09-01 14:24:20.536 D/BluetoothUtils( 8588): blockedByLocationOff callingUid=1002
09-01 14:24:20.536 I/BluetoothUtils( 8588): packagename is android.uid.bluetooth:1002 ,and its permission is false
09-01 14:24:20.536 D/BluetoothUtils( 8588): blockedByLocationOff callingUid=1002
09-01 14:24:20.536 I/BluetoothUtils( 8588): packagename is android.uid.bluetooth:1002 ,and its permission is false
09-01 14:24:20.542 V/bt_stack( 8588): [VERBOSE1:btm_ble_gap.cc(1923)] btm_ble_process_ext_adv_pkt: bda=72:1f:5b:cb:e4:06
09-01 14:24:20.542 V/bt_stack( 8588): [VERBOSE1:btm_ble_gap.cc(1847)] btm_ble_process_adv_addr: bda=72:1f:5b:cb:e4:06
09-01 14:24:20.542 V/bt_stack( 8588): [VERBOSE1:btm_ble_gap.cc(2052)]  Waiting for scan response 72:1f:5b:cb:e4:06
09-01 14:24:20.542 V/bt_stack( 8588): [VERBOSE1:btm_ble_gap.cc(1923)] btm_ble_process_ext_adv_pkt: bda=35:08:67:20:13:25
09-01 14:24:20.542 V/bt_stack( 8588): [VERBOSE1:btm_ble_gap.cc(1847)] btm_ble_process_adv_addr: bda=35:08:67:20:13:25
09-01 14:24:20.543 D/BluetoothUtils( 8588): blockedByLocationOff callingUid=1002
09-01 14:24:20.544 I/BluetoothUtils( 8588): packagename is android.uid.bluetooth:1002 ,and its permission is false
09-01 14:24:20.544 D/BluetoothUtils( 8588): blockedByLocationOff callingUid=1002
09-01 14:24:20.544 I/BluetoothUtils( 8588): packagename is android.uid.bluetooth:1002 ,and its permission is false
09-01 14:24:20.544 D/BluetoothUtils( 8588): blockedByLocationOff callingUid=1002
09-01 14:24:20.544 I/BluetoothUtils( 8588): packagename is android.uid.bluetooth:1002 ,and its permission is false
09-01 14:24:20.546 V/bt_stack( 8588): [VERBOSE1:btm_ble_gap.cc(1923)] btm_ble_process_ext_adv_pkt: bda=53:56:a8:ef:e5:80
09-01 14:24:20.546 V/bt_stack( 8588): [VERBOSE1:btm_ble_gap.cc(1847)] btm_ble_process_adv_addr: bda=53:56:a8:ef:e5:80
09-01 14:24:20.546 V/bt_stack( 8588): [VERBOSE1:btm_ble_gap.cc(2052)]  Waiting for scan response 53:56:a8:ef:e5:80
09-01 14:24:20.546 V/bt_stack( 8588): [VERBOSE1:btm_ble_gap.cc(1923)] btm_ble_process_ext_adv_pkt: bda=53:56:a8:ef:e5:80
09-01 14:24:20.546 V/bt_stack( 8588): [VERBOSE1:btm_ble_gap.cc(1847)] btm_ble_process_adv_addr: bda=53:56:a8:ef:e5:80
09-01 14:24:20.548 D/BluetoothUtils( 8588): blockedByLocationOff callingUid=1002
09-01 14:24:20.548 I/BluetoothUtils( 8588): packagename is android.uid.bluetooth:1002 ,and its permission is false
09-01 14:24:20.548 V/bt_stack( 8588): [VERBOSE1:btm_ble_gap.cc(1923)] btm_ble_process_ext_adv_pkt: bda=38:f9:d3:45:87:1e
09-01 14:24:20.548 V/bt_stack( 8588): [VERBOSE1:btm_ble_gap.cc(1847)] btm_ble_process_adv_addr: bda=38:f9:d3:45:87:1e
09-01 14:24:20.548 D/BluetoothUtils( 8588): blockedByLocationOff callingUid=1002
