--------- beginning of main
09-01 14:24:11.775 I/BluetoothUtils( 8588): packagename is android.uid.bluetooth:1002 ,and its permission is false
09-01 14:24:11.775 D/BluetoothUtils( 8588): blockedByLocationOff callingUid=1002
09-01 14:24:11.770 W/memtrack@1.0-se(  787): type=1400 audit(0.0:63456): avc: denied { search } for name="kgsl" dev="sysfs" ino=55624 scontext=u:r:hal_memtrack_default:s0 tcontext=u:object_r:sysfs_kgsl:s0 tclass=dir permissive=0
09-01 14:24:11.770 W/memtrack@1.0-se(  787): type=1400 audit(0.0:63457): avc: denied { search } for name="kgsl" dev="sysfs" ino=55624 scontext=u:r:hal_memtrack_default:s0 tcontext=u:object_r:sysfs_kgsl:s0 tclass=dir permissive=0
09-01 14:24:11.775 I/BluetoothUtils( 8588): packagename is android.uid.bluetooth:1002 ,and its permission is false
09-01 14:24:11.775 D/BluetoothUtils( 8588): blockedByLocationOff callingUid=1002
09-01 14:24:11.776 I/BluetoothUtils( 8588): packagename is android.uid.bluetooth:1002 ,and its permission is false
09-01 14:24:11.777 V/bt_stack( 8588): [VERBOSE1:btm_ble_gap.cc(1923)] btm_ble_process_ext_adv_pkt: bda=17:be:83:99:5a:17
09-01 14:24:11.777 V/bt_stack( 8588): [VERBOSE1:btm_ble_gap.cc(1847)] btm_ble_process_adv_addr: bda=17:be:83:99:5a:17
09-01 14:24:11.777 I/MiuiNetworkPolicy( 1639): updateUidState uid = 10062, uidState = 20
09-01 14:24:11.777 I/MiuiNetworkPolicy( 1639): updateMLUid uid:10062,old:16,new:20
09-01 14:24:11.777 I/MiuiNetworkPolicy( 1639): isMLEnabled state:16,uid:10062,connect:DISCONNECTED
09-01 14:24:11.777 I/MiuiNetworkPolicy( 1639): isMLEnabled state:20,uid:10062,connect:DISCONNECTED
09-01 14:24:11.778 D/BluetoothUtils( 8588): blockedByLocationOff callingUid=1002
09-01 14:24:11.780 I/BluetoothUtils( 8588): packagename is android.uid.bluetooth:1002 ,and its permission is false
09-01 14:24:11.780 D/BluetoothUtils( 8588): blockedByLocationOff callingUid=1002
09-01 14:24:11.781 I/BluetoothUtils( 8588): packagename is android.uid.bluetooth:1002 ,and its permission is false
09-01 14:24:11.781 D/BluetoothUtils( 8588): blockedByLocationOff callingUid=1002
09-01 14:24:11.781 I/BluetoothUtils( 8588): packagename is android.uid.bluetooth:1002 ,and its permission is false
09-01 14:24:11.782 I/appium  ( 3448): channel read invoked!
09-01 14:24:11.782 I/appium  ( 3448): channel read: POST /wd/hub/session/06b5de24-b51b-4907-8e5d-a591dbb38551/element
09-01 14:24:11.782 I/appium  ( 3448): Find element command using 'id' with selector 'publisher_name'.
09-01 14:24:11.782 I/appium  ( 3448): Waiting up to 10000ms for device to be idle
09-01 14:24:11.783 V/bt_stack( 8588): [VERBOSE1:btm_ble_gap.cc(1923)] btm_ble_process_ext_adv_pkt: bda=0c:1a:06:0e:96:57
09-01 14:24:11.784 V/bt_stack( 8588): [VERBOSE1:btm_ble_gap.cc(1847)] btm_ble_process_adv_addr: bda=0c:1a:06:0e:96:57
09-01 14:24:11.784 V/bt_stack( 8588): [VERBOSE1:btm_ble_gap.cc(1923)] btm_ble_process_ext_adv_pkt: bda=3a:23:cb:4a:85:2d
09-01 14:24:11.784 V/bt_stack( 8588): [VERBOSE1:btm_ble_gap.cc(1847)] btm_ble_process_adv_addr: bda=3a:23:cb:4a:85:2d
09-01 14:24:11.784 D/BluetoothUtils( 8588): blockedByLocationOff callingUid=1002
09-01 14:24:11.785 I/BluetoothUtils( 8588): packagename is android.uid.bluetooth:1002 ,and its permission is false
09-01 14:24:11.785 D/BluetoothUtils( 8588): blockedByLocationOff callingUid=1002
09-01 14:24:11.785 D/ViewContentFactory( 3502): initViewContentFetcherClass
09-01 14:24:11.785 I/ContentCatcher( 3502): ViewContentFetcher : ViewContentFetcher
09-01 14:24:11.785 D/ViewContentFactory( 3502): createInterceptor took 0ms
09-01 14:24:11.785 I/BluetoothUtils( 8588): packagename is android.uid.bluetooth:1002 ,and its permission is false
09-01 14:24:11.785 D/BluetoothUtils( 8588): blockedByLocationOff callingUid=1002
09-01 14:24:11.785 I/BluetoothUtils( 8588): packagename is android.uid.bluetooth:1002 ,and its permission is false
09-01 14:24:11.786 D/BluetoothUtils( 8588): blockedByLocationOff callingUid=1002
09-01 14:24:11.786 I/BluetoothUtils( 8588): packagename is android.uid.bluetooth:1002 ,and its permission is false
09-01 14:24:11.786 D/BluetoothUtils( 8588): blockedByLocationOff callingUid=1002
09-01 14:24:11.787 I/BluetoothUtils( 8588): packagename is android.uid.bluetooth:1002 ,and its permission is false
09-01 14:24:11.787 D/BluetoothUtils( 8588): blockedByLocationOff callingUid=1002
09-01 14:24:11.787 I/BluetoothUtils( 8588): packagename is android.uid.bluetooth:1002 ,and its permission is false
09-01 14:24:11.795 V/bt_stack( 8588): [VERBOSE1:btm_ble_gap.cc(1923)] btm_ble_process_ext_adv_pkt: bda=11:82:f5:89:45:91
09-01 14:24:11.795 V/bt_stack( 8588): [VERBOSE1:btm_ble_gap.cc(1847)] btm_ble_process_adv_addr: bda=11:82:f5:89:45:91
09-01 14:24:11.796 D/BluetoothUtils( 8588): blockedByLocationOff callingUid=1002
09-01 14:24:11.796 I/BluetoothUtils( 8588): packagename is android.uid.bluetooth:1002 ,and its permission is false
09-01 14:24:11.796 D/BluetoothUtils( 8588): blockedByLocationOff callingUid=1002
09-01 14:24:11.797 I/BluetoothUtils( 8588): packagename is android.uid.bluetooth:1002 ,and its permission is false
09-01 14:24:11.797 D/BluetoothUtils( 8588): blockedByLocationOff callingUid=1002
09-01 14:24:11.797 I/BluetoothUtils( 8588): packagename is android.uid.bluetooth:1002 ,and its permission is false
09-01 14:24:11.797 V/bt_stack( 8588): [VERBOSE1:btm_ble_gap.cc(1923)] btm_ble_process_ext_adv_pkt: bda=12:1c:38:cd:04:e8
09-01 14:24:11.797 V/bt_stack( 8588): [VERBOSE1:btm_ble_gap.cc(1847)] btm_ble_process_adv_addr: bda=12:1c:38:cd:04:e8
09-01 14:24:11.798 D/BluetoothUtils( 8588): blockedByLocationOff callingUid=1002
09-01 14:24:11.798 I/BluetoothUtils( 8588): packagename is android.uid.bluetooth:1002 ,and its permission is false
09-01 14:24:11.798 D/BluetoothUtils( 8588): blockedByLocationOff callingUid=1002
09-01 14:24:11.798 I/BluetoothUtils( 8588): packagename is android.uid.bluetooth:1002 ,and its permission is false
09-01 14:24:11.798 D/BluetoothUtils( 8588): blockedByLocationOff callingUid=1002
09-01 14:24:11.799 I/BluetoothUtils( 8588): packagename is android.uid.bluetooth:1002 ,and its permission is false
09-01 14:24:11.804 V/bt_stack( 8588): [VERBOSE1:btm_ble_gap.cc(1923)] btm_ble_process_ext_adv_pkt: bda=66:3e:07:e0:2b:d4
09-01 14:24:11.804 V/bt_stack( 8588): [VERBOSE1:btm_ble_gap.cc(1847)] btm_ble_process_adv_addr: bda=66:3e:07:e0:2b:d4
09-01 14:24:11.804 V/bt_stack( 8588): [VERBOSE1:btm_ble_gap.cc(2052)]  Waiting for scan response 66:3e:07:e0:2b:d4
09-01 14:24:11.804 V/bt_stack( 8588): [VERBOSE1:btm_ble_gap.cc(1923)] btm_ble_process_ext_adv_pkt: bda=66:3e:07:e0:2b:d4
09-01 14:24:11.804 V/bt_stack( 8588): [VERBOSE1:btm_ble_gap.cc(1847)] btm_ble_process_adv_addr: bda=66:3e:07:e0:2b:d4
09-01 14:24:11.804 D/BluetoothUtils( 8588): blockedByLocationOff callingUid=1002
09-01 14:24:11.805 I/BluetoothUtils( 8588): packagename is android.uid.bluetooth:1002 ,and its permission is false
09-01 14:24:11.805 D/BluetoothUtils( 8588): blockedByLocationOff callingUid=1002
09-01 14:24:11.805 I/BluetoothUtils( 8588): packagename is android.uid.bluetooth:1002 ,and its permission is false
09-01 14:24:11.805 D/BluetoothUtils( 8588): blockedByLocationOff callingUid=1002
09-01 14:24:11.805 I/BluetoothUtils( 8588): packagename is android.uid.bluetooth:1002 ,and its permission is false
09-01 14:24:11.815 V/bt_stack( 8588): [VERBOSE1:btm_ble_gap.cc(1923)] btm_ble_process_ext_adv_pkt: bda=33:55:74:83:d5:3a
09-01 14:24:11.816 V/bt_stack( 8588): [VERBOSE1:btm_ble_gap.cc(1847)] btm_ble_process_adv_addr: bda=33:55:74:83:d5:3a
09-01 14:24:11.816 D/BluetoothUtils( 8588): blockedByLocationOff callingUid=1002
09-01 14:24:11.817 I/BluetoothUtils( 8588): packagename is android.uid.bluetooth:1002 ,and its permission is false
09-01 14:24:11.817 D/BluetoothUtils( 8588): blockedByLocationOff callingUid=1002
09-01 14:24:11.817 I/BluetoothUtils( 8588): packagename is android.uid.bluetooth:1002 ,and its permission is false
09-01 14:24:11.817 D/BluetoothUtils( 8588): blockedByLocationOff callingUid=1002
09-01 14:24:11.817 I/BluetoothUtils( 8588): packagename is android.uid.bluetooth:1002 ,and its permission is false
09-01 14:24:11.818 V/bt_stack( 8588): [VERBOSE1:btm_ble_gap.cc(1923)] btm_ble_process_ext_adv_pkt: bda=59:bb:67:f0:94:3c
09-01 14:24:11.818 V/bt_stack( 8588): [VERBOSE1:btm_ble_gap.cc(1847)] btm_ble_process_adv_addr: bda=59:bb:67:f0:94:3c
09-01 14:24:11.818 D/BluetoothUtils( 8588): blockedByLocationOff callingUid=1002
09-01 14:24:11.819 I/BluetoothUtils( 8588): packagename is android.uid.bluetooth:1002 ,and its permission is false
09-01 14:24:11.819 D/BluetoothUtils( 8588): blockedByLocationOff callingUid=1002
09-01 14:24:11.819 D/BaseTitleActivity( 3502): setStyle BACK_AND_TITLE title  darkMode true color 0
09-01 14:24:11.819 I/BluetoothUtils( 8588): packagename is android.uid.bluetooth:1002 ,and its permission is false
09-01 14:24:11.819 D/BluetoothUtils( 8588): blockedByLocationOff callingUid=1002
09-01 14:24:11.819 I/BluetoothUtils( 8588): packagename is android.uid.bluetooth:1002 ,and its permission is false
09-01 14:24:11.823 D/[Koin]  ( 3502): +- get 'com.huami.fittime.O00000oO.O00oOooO'
09-01 14:24:11.823 D/[Koin]  ( 3502): +- got 'com.huami.fittime.O00000oO.O00oOooO' in 0.040209 ms
09-01 14:24:11.824 V/bt_stack( 8588): [VERBOSE1:btm_ble_gap.cc(1923)] btm_ble_process_ext_adv_pkt: bda=2f:3a:5d:02:04:9c
09-01 14:24:11.824 V/bt_stack( 8588): [VERBOSE1:btm_ble_gap.cc(1847)] btm_ble_process_adv_addr: bda=2f:3a:5d:02:04:9c
09-01 14:24:11.824 D/BluetoothUtils( 8588): blockedByLocationOff callingUid=1002
09-01 14:24:11.825 I/BluetoothUtils( 8588): packagename is android.uid.bluetooth:1002 ,and its permission is false
09-01 14:24:11.825 D/[Koin]  ( 3502): +- get 'com.huami.fittime.ui.post.O0000o0'
09-01 14:24:11.825 D/[Koin]  ( 3502): | create instance for [type:Factory,primary_type:'com.huami.fittime.ui.post.O0000o0']
09-01 14:24:11.825 D/BluetoothUtils( 8588): blockedByLocationOff callingUid=1002
09-01 14:24:11.825 D/[Koin]  ( 3502): +- get 'com.huami.fittime.ui.post.O000OO00'
09-01 14:24:11.825 D/[Koin]  ( 3502): | create instance for [type:Factory,primary_type:'com.huami.fittime.ui.post.O000OO00']
09-01 14:24:11.825 D/[Koin]  ( 3502): +- get 'com.huami.fittime.O00000oo.O00O0Oo'
09-01 14:24:11.825 D/[Koin]  ( 3502): +- got 'com.huami.fittime.O00000oo.O00O0Oo' in 0.016198 ms
09-01 14:24:11.825 I/BluetoothUtils( 8588): packagename is android.uid.bluetooth:1002 ,and its permission is false
09-01 14:24:11.825 D/[Koin]  ( 3502): +- get 'com.huami.fittime.db.FitTimeDb'
09-01 14:24:11.825 D/[Koin]  ( 3502): +- got 'com.huami.fittime.db.FitTimeDb' in 0.016563 ms
09-01 14:24:11.825 D/[Koin]  ( 3502): +- get 'com.huami.fittime.O000000o.O00000o'
09-01 14:24:11.825 D/BluetoothUtils( 8588): blockedByLocationOff callingUid=1002
09-01 14:24:11.825 D/[Koin]  ( 3502): +- got 'com.huami.fittime.O000000o.O00000o' in 0.007344 ms
09-01 14:24:11.825 D/[Koin]  ( 3502): +- get 'com.huami.fittime.O00000oo.O00O0o00'
09-01 14:24:11.826 D/[Koin]  ( 3502): +- got 'com.huami.fittime.O00000oo.O00O0o00' in 0.007969 ms
09-01 14:24:11.826 D/[Koin]  ( 3502): +- got 'com.huami.fittime.ui.post.O000OO00' in 0.247343 ms
09-01 14:24:11.826 D/[Koin]  ( 3502): +- get 'com.huami.fittime.O00000o.O00000Oo.O000000o'
09-01 14:24:11.826 D/[Koin]  ( 3502): | create instance for [type:Factory,primary_type:'com.huami.fittime.O00000o.O00000Oo.O000000o']
09-01 14:24:11.826 D/[Koin]  ( 3502): +- get 'com.huami.fittime.O00000oo.O00O0Oo'
09-01 14:24:11.826 D/[Koin]  ( 3502): +- got 'com.huami.fittime.O00000oo.O00O0Oo' in 0.008698 ms
09-01 14:24:11.826 I/BluetoothUtils( 8588): packagename is android.uid.bluetooth:1002 ,and its permission is false
09-01 14:24:11.826 D/[Koin]  ( 3502): +- get 'com.huami.fittime.O000000o.O00000o'
09-01 14:24:11.826 D/[Koin]  ( 3502): +- got 'com.huami.fittime.O000000o.O00000o' in 0.007344 ms
09-01 14:24:11.826 D/[Koin]  ( 3502): +- get 'com.huami.fittime.db.FitTimeDb'
09-01 14:24:11.826 D/[Koin]  ( 3502): +- got 'com.huami.fittime.db.FitTimeDb' in 0.006406 ms
09-01 14:24:11.826 D/[Koin]  ( 3502): +- get 'com.huami.fittime.ui.base.O00000o0.O000000o'
09-01 14:24:11.826 D/[Koin]  ( 3502): | create instance for [type:Factory,primary_type:'com.huami.fittime.ui.base.O00000o0.O000000o']
09-01 14:24:11.826 D/[Koin]  ( 3502): +- get 'com.huami.training.O0000O0o.O000000o.O00000o0'
09-01 14:24:11.826 D/[Koin]  ( 3502): | create instance for [type:Factory,primary_type:'com.huami.training.O0000O0o.O000000o.O00000o0']
09-01 14:24:11.826 D/[Koin]  ( 3502): +- get 'com.huami.training.O0000o0.O000OO0o'
09-01 14:24:11.826 D/[Koin]  ( 3502): | create instance for [type:Factory,primary_type:'com.huami.training.O0000o0.O000OO0o']
09-01 14:24:11.826 D/[Koin]  ( 3502): +- get 'com.huami.training.O0000Oo.O000000o'
09-01 14:24:11.826 D/[Koin]  ( 3502): +- got 'com.huami.training.O0000Oo.O000000o' in 0.008542 ms
09-01 14:24:11.826 D/[Koin]  ( 3502): +- get 'com.huami.training.O0000OOo.O000OO0o'
09-01 14:24:11.826 D/[Koin]  ( 3502): +- got 'com.huami.training.O0000OOo.O000OO0o' in 0.007187 ms
09-01 14:24:11.826 D/[Koin]  ( 3502): +- get 'com.huami.training.db.TrainingDb'
09-01 14:24:11.826 D/[Koin]  ( 3502): +- got 'com.huami.training.db.TrainingDb' in 0.006458 ms
09-01 14:24:11.826 D/[Koin]  ( 3502): +- get 'com.huami.training.O000000o.O000OO0o'
09-01 14:24:11.826 D/[Koin]  ( 3502): +- got 'com.huami.training.O000000o.O000OO0o' in 0.006823 ms
09-01 14:24:11.826 D/[Koin]  ( 3502): +- got 'com.huami.training.O0000o0.O000OO0o' in 0.201927 ms
09-01 14:24:11.826 D/[Koin]  ( 3502): +- got 'com.huami.training.O0000O0o.O000000o.O00000o0' in 0.266615 ms
09-01 14:24:11.826 D/[Koin]  ( 3502): +- got 'com.huami.fittime.ui.base.O00000o0.O000000o' in 0.335781 ms
09-01 14:24:11.826 D/[Koin]  ( 3502): +- got 'com.huami.fittime.O00000o.O00000Oo.O000000o' in 0.584479 ms
09-01 14:24:11.826 D/[Koin]  ( 3502): +- get 'com.huami.fittime.ui.O000000o.O00000Oo'
09-01 14:24:11.826 D/[Koin]  ( 3502): | create instance for [type:Factory,primary_type:'com.huami.fittime.ui.O000000o.O00000Oo']
09-01 14:24:11.826 D/[Koin]  ( 3502): +- get 'com.huami.fittime.O00000oo.O00O0Oo'
09-01 14:24:11.826 D/[Koin]  ( 3502): +- got 'com.huami.fittime.O00000oo.O00O0Oo' in 0.008073 ms
09-01 14:24:11.826 D/[Koin]  ( 3502): +- get 'com.huami.fittime.O000000o.O00000o'
09-01 14:24:11.826 D/[Koin]  ( 3502): +- got 'com.huami.fittime.O000000o.O00000o' in 0.00651 ms
09-01 14:24:11.826 D/[Koin]  ( 3502): +- got 'com.huami.fittime.ui.O000000o.O00000Oo' in 0.105365 ms
09-01 14:24:11.826 D/[Koin]  ( 3502): +- get 'com.huami.fittime.ui.O00000Oo.O00000o'
09-01 14:24:11.826 D/[Koin]  ( 3502): | create instance for [type:Factory,primary_type:'com.huami.fittime.ui.O00000Oo.O00000o']
09-01 14:24:11.826 D/[Koin]  ( 3502): +- get 'com.huami.fittime.ui.O00000Oo.O00000o0'
09-01 14:24:11.826 D/[Koin]  ( 3502): | create instance for [type:Factory,primary_type:'com.huami.fittime.ui.O00000Oo.O00000o0']
09-01 14:24:11.826 D/[Koin]  ( 3502): +- get 'com.huami.fittime.O00000oo.O00O0Oo'
09-01 14:24:11.826 D/[Koin]  ( 3502): +- got 'com.huami.fittime.O00000oo.O00O0Oo' in 0.006927 ms
09-01 14:24:11.826 D/[Koin]  ( 3502): +- get 'com.huami.fittime.db.FitTimeDb'
09-01 14:24:11.826 D/[Koin]  ( 3502): +- got 'com.huami.fittime.db.FitTimeDb' in 0.006354 ms
09-01 14:24:11.826 D/[Koin]  ( 3502): +- get 'com.huami.fittime.O000000o.O00000o'
09-01 14:24:11.827 D/[Koin]  ( 3502): +- got 'com.huami.fittime.O000000o.O00000o' in 0.006094 ms
09-01 14:24:11.827 D/[Koin]  ( 3502): +- get 'com.huami.fittime.O00000oo.O00O0o00'
09-01 14:24:11.827 D/[Koin]  ( 3502): +- got 'com.huami.fittime.O00000oo.O00O0o00' in 0.007969 ms
09-01 14:24:11.827 D/[Koin]  ( 3502): +- got 'com.huami.fittime.ui.O00000Oo.O00000o0' in 0.218177 ms
09-01 14:24:11.827 D/[Koin]  ( 3502): +- get 'com.huami.fittime.O00000oo.O00O0Oo'
09-01 14:24:11.827 D/[Koin]  ( 3502): +- got 'com.huami.fittime.O00000oo.O00O0Oo' in 0.007292 ms
09-01 14:24:11.827 D/[Koin]  ( 3502): +- get 'com.huami.fittime.db.FitTimeDb'
09-01 14:24:11.827 D/[Koin]  ( 3502): +- got 'com.huami.fittime.db.FitTimeDb' in 0.00677 ms
09-01 14:24:11.827 D/[Koin]  ( 3502): +- got 'com.huami.fittime.ui.O00000Oo.O00000o' in 0.573958 ms
09-01 14:24:11.827 D/[Koin]  ( 3502): +- get 'com.huami.fittime.ui.comment.O000O0o0'
09-01 14:24:11.827 D/[Koin]  ( 3502): | create instance for [type:Factory,primary_type:'com.huami.fittime.ui.comment.O000O0o0']
09-01 14:24:11.827 D/[Koin]  ( 3502): +- get 'com.huami.fittime.O00000oo.O00O0Oo'
09-01 14:24:11.827 D/[Koin]  ( 3502): +- got 'com.huami.fittime.O00000oo.O00O0Oo' in 0.010208 ms
09-01 14:24:11.827 D/[Koin]  ( 3502): +- get 'com.huami.fittime.db.FitTimeDb'
09-01 14:24:11.827 D/[Koin]  ( 3502): +- got 'com.huami.fittime.db.FitTimeDb' in 0.006719 ms
09-01 14:24:11.827 D/[Koin]  ( 3502): +- get 'com.huami.fittime.O000000o.O00000o'
09-01 14:24:11.827 D/[Koin]  ( 3502): +- got 'com.huami.fittime.O000000o.O00000o' in 0.01 ms
09-01 14:24:11.827 D/[Koin]  ( 3502): +- get 'com.huami.fittime.O00000oo.O00O0o00'
09-01 14:24:11.827 D/[Koin]  ( 3502): +- got 'com.huami.fittime.O00000oo.O00O0o00' in 0.006823 ms
09-01 14:24:11.828 D/[Koin]  ( 3502): +- got 'com.huami.fittime.ui.comment.O000O0o0' in 1.290365 ms
09-01 14:24:11.829 D/[Koin]  ( 3502): +- got 'com.huami.fittime.ui.post.O0000o0' in 3.953073 ms
09-01 14:24:11.834 V/bt_stack( 8588): [VERBOSE1:btm_ble_gap.cc(1923)] btm_ble_process_ext_adv_pkt: bda=1e:a8:1e:1b:55:36
09-01 14:24:11.834 V/bt_stack( 8588): [VERBOSE1:btm_ble_gap.cc(1847)] btm_ble_process_adv_addr: bda=1e:a8:1e:1b:55:36
09-01 14:24:11.834 D/BluetoothUtils( 8588): blockedByLocationOff callingUid=1002
09-01 14:24:11.835 I/BluetoothUtils( 8588): packagename is android.uid.bluetooth:1002 ,and its permission is false
09-01 14:24:11.835 D/BluetoothUtils( 8588): blockedByLocationOff callingUid=1002
09-01 14:24:11.835 I/BluetoothUtils( 8588): packagename is android.uid.bluetooth:1002 ,and its permission is false
09-01 14:24:11.835 D/BluetoothUtils( 8588): blockedByLocationOff callingUid=1002
09-01 14:24:11.835 I/BluetoothUtils( 8588): packagename is android.uid.bluetooth:1002 ,and its permission is false
09-01 14:24:11.836 V/bt_stack( 8588): [VERBOSE1:btm_ble_gap.cc(1923)] btm_ble_process_ext_adv_pkt: bda=0a:29:89:b7:c8:4a
09-01 14:24:11.836 V/bt_stack( 8588): [VERBOSE1:btm_ble_gap.cc(1847)] btm_ble_process_adv_addr: bda=0a:29:89:b7:c8:4a
09-01 14:24:11.837 D/BluetoothUtils( 8588): blockedByLocationOff callingUid=1002
09-01 14:24:11.837 I/BluetoothUtils( 8588): packagename is android.uid.bluetooth:1002 ,and its permission is false
09-01 14:24:11.837 D/BluetoothUtils( 8588): blockedByLocationOff callingUid=1002
09-01 14:24:11.837 I/BluetoothUtils( 8588): packagename is android.uid.bluetooth:1002 ,and its permission is false
09-01 14:24:11.837 D/BluetoothUtils( 8588): blockedByLocationOff callingUid=1002
09-01 14:24:11.838 I/BluetoothUtils( 8588): packagename is android.uid.bluetooth:1002 ,and its permission is false
09-01 14:24:11.839 D/RecentsImpl( 7676): mActivityStateObserver com.huami.fittime.ui.post.PostDetailActivity
09-01 14:24:11.844 W/AsyncHttpResponse( 3502): Current thread has not called Looper.prepare().Forcing synchronous mode
09-01 14:24:11.848 V/bt_stack( 8588): [VERBOSE1:btm_ble_gap.cc(1923)] btm_ble_process_ext_adv_pkt: bda=72:1f:5b:cb:e4:06
09-01 14:24:11.848 V/bt_stack( 8588): [VERBOSE1:btm_ble_gap.cc(1847)] btm_ble_process_adv_addr: bda=72:1f:5b:cb:e4:06
09-01 14:24:11.848 V/bt_stack( 8588): [VERBOSE1:btm_ble_gap.cc(2052)]  Waiting for scan response 72:1f:5b:cb:e4:06
09-01 14:24:11.848 V/bt_stack( 8588): [VERBOSE1:btm_ble_gap.cc(1923)] btm_ble_process_ext_adv_pkt: bda=72:1f:5b:cb:e4:06
09-01 14:24:11.848 V/bt_stack( 8588): [VERBOSE1:btm_ble_gap.cc(1847)] btm_ble_process_adv_addr: bda=72:1f:5b:cb:e4:06
09-01 14:24:11.849 D/BluetoothUtils( 8588): blockedByLocationOff callingUid=1002
09-01 14:24:11.849 I/BluetoothUtils( 8588): packagename is android.uid.bluetooth:1002 ,and its permission is false
09-01 14:24:11.850 D/BluetoothUtils( 8588): blockedByLocationOff callingUid=1002
09-01 14:24:11.850 I/BluetoothUtils( 8588): packagename is android.uid.bluetooth:1002 ,and its permission is false
09-01 14:24:11.850 D/BluetoothUtils( 8588): blockedByLocationOff callingUid=1002
09-01 14:24:11.850 I/BluetoothUtils( 8588): packagename is android.uid.bluetooth:1002 ,and its permission is false
09-01 14:24:11.854 V/bt_stack( 8588): [VERBOSE1:gatt_main.cc(1079)] gatt_get_ch_state: ch_state=4
09-01 14:24:11.854 I/bt_stack( 8588): [INFO:gatt_main.cc(912)] gatt_data_process op_code = 19, msg_len = 0
09-01 14:24:11.854 V/bt_stack( 8588): [VERBOSE1:gatt_cl.cc(1094)] gatt_client_handle_server_rsp op_code: 19, len = 0rsp_code: 19
09-01 14:24:11.854 V/bt_stack( 8588): [VERBOSE1:gatt_utils.cc(1191)] gatt_end_operation status=0 op=3 subtype=2
09-01 14:24:11.854 V/bt_stack( 8588): [VERBOSE1:bta_gattc_act.cc(1309)] bta_gattc_cmpl_cback: conn_id:8 op:3 status:0
09-01 14:24:11.854 V/bt_stack( 8588): [VERBOSE1:bta_gattc_main.cc(361)] bta_gattc_hdl_event: Event:BTA_GATTC_OP_CMPL_EVT
09-01 14:24:11.854 V/bt_stack( 8588): [VERBOSE1:bta_gattc_main.cc(305)] bta_gattc_sm_execute: State 0x02 [GATTC_CONN_ST], Event 0x1f0f[BTA_GATTC_OP_CMPL_EVT]
09-01 14:24:11.854 V/bt_stack( 8588): [VERBOSE1:bta_gattc_act.cc(936)] bta_gattc_op_cmpl: op:3
09-01 14:24:11.854 V/bt_stack( 8588): [VERBOSE1:bta_gattc_main.cc(341)] bta_gattc_sm_execute: GATTC State Change: 0x02 -> 0x02 after Event 0x1f0f
09-01 14:24:11.855 D/BluetoothGatt( 3502): setCharacteristicNotification() - uuid: 00000004-0000-3512-2118-0009af100700 enable: false
09-01 14:24:11.856 D/BtGatt.GattService( 8588): registerForNotification() - address=C3:D4:F4:E3:11:EC enable: false
09-01 14:24:11.856 V/bt_stack( 8588): [VERBOSE1:bta_gattc_api.cc(715)] BTA_GATTC_DeregisterForNotifications deregistered bd_addr=c3:d4:f4:e3:11:ec
09-01 14:24:11.856 D/BtGatt.GattService( 8588): onRegisterForNotifications() - address=null, status=0, registered=0, handle=62
09-01 14:24:11.856 V/bt_stack( 8588): [VERBOSE1:bta_gattc_main.cc(361)] bta_gattc_hdl_event: Event:BTA_GATTC_API_WRITE_EVT
09-01 14:24:11.856 V/bt_stack( 8588): [VERBOSE1:bta_gattc_main.cc(305)] bta_gattc_sm_execute: State 0x02 [GATTC_CONN_ST], Event 0x1f05[BTA_GATTC_API_WRITE_EVT]
09-01 14:24:11.857 V/bt_stack( 8588): [VERBOSE1:bta_gattc_main.cc(341)] bta_gattc_sm_execute: GATTC State Change: 0x02 -> 0x02 after Event 0x1f05
--------- beginning of system
09-01 14:24:11.857 I/Timeline( 1639): Timeline: App_transition_ready time:211017874
09-01 14:24:11.858 I/Timeline( 1639): Timeline: App_transition_ready time:211017875
09-01 14:24:11.859 D/WindowManager( 1639): Input focus has changed to Window{f58af8 u0 com.xiaomi.hm.health/com.huami.fittime.ui.post.PostDetailActivity}
09-01 14:24:11.871 I/Timeline( 1639): Timeline: App_transition_ready time:211017888
09-01 14:24:11.873 V/bt_stack( 8588): [VERBOSE1:btm_ble_gap.cc(1923)] btm_ble_process_ext_adv_pkt: bda=67:ec:83:7e:42:50
09-01 14:24:11.873 V/bt_stack( 8588): [VERBOSE1:btm_ble_gap.cc(1847)] btm_ble_process_adv_addr: bda=67:ec:83:7e:42:50
09-01 14:24:11.873 V/bt_stack( 8588): [VERBOSE1:btm_ble_gap.cc(2052)]  Waiting for scan response 67:ec:83:7e:42:50
09-01 14:24:11.873 V/bt_stack( 8588): [VERBOSE1:btm_ble_gap.cc(1923)] btm_ble_process_ext_adv_pkt: bda=25:5e:6a:5a:81:28
09-01 14:24:11.873 V/bt_stack( 8588): [VERBOSE1:btm_ble_gap.cc(1847)] btm_ble_process_adv_addr: bda=25:5e:6a:5a:81:28
09-01 14:24:11.874 D/BluetoothUtils( 8588): blockedByLocationOff callingUid=1002
09-01 14:24:11.874 I/BluetoothUtils( 8588): packagename is android.uid.bluetooth:1002 ,and its permission is false
09-01 14:24:11.874 D/BluetoothUtils( 8588): blockedByLocationOff callingUid=1002
09-01 14:24:11.874 I/BluetoothUtils( 8588): packagename is android.uid.bluetooth:1002 ,and its permission is false
09-01 14:24:11.874 D/BluetoothUtils( 8588): blockedByLocationOff callingUid=1002
09-01 14:24:11.875 I/BluetoothUtils( 8588): packagename is android.uid.bluetooth:1002 ,and its permission is false
09-01 14:24:11.876 V/bt_stack( 8588): [VERBOSE1:btm_ble_gap.cc(1923)] btm_ble_process_ext_adv_pkt: bda=48:14:81:f8:b8:84
09-01 14:24:11.876 V/bt_stack( 8588): [VERBOSE1:btm_ble_gap.cc(1847)] btm_ble_process_adv_addr: bda=48:14:81:f8:b8:84
09-01 14:24:11.876 V/bt_stack( 8588): [VERBOSE1:btm_ble_gap.cc(2052)]  Waiting for scan response 48:14:81:f8:b8:84
09-01 14:24:11.876 I/SplashScreenServiceDelegate( 1639): None for com.xiaomi.hm.health
09-01 14:24:11.877 V/bt_stack( 8588): [VERBOSE1:btm_ble_gap.cc(1923)] btm_ble_process_ext_adv_pkt: bda=48:14:81:f8:b8:84
09-01 14:24:11.877 V/bt_stack( 8588): [VERBOSE1:btm_ble_gap.cc(1847)] btm_ble_process_adv_addr: bda=48:14:81:f8:b8:84
09-01 14:24:11.877 I/ActivityTaskManager( 1639): Displayed com.xiaomi.hm.health/com.huami.fittime.ui.post.PostDetailActivity: +118ms
09-01 14:24:11.877 D/BluetoothUtils( 8588): blockedByLocationOff callingUid=1002
09-01 14:24:11.877 V/bt_stack( 8588): [VERBOSE1:btm_ble_gap.cc(1923)] btm_ble_process_ext_adv_pkt: bda=3f:04:6b:ca:a9:3e
09-01 14:24:11.878 V/bt_stack( 8588): [VERBOSE1:btm_ble_gap.cc(1847)] btm_ble_process_adv_addr: bda=3f:04:6b:ca:a9:3e
09-01 14:24:11.878 W/RecentsModel( 7676): onTaskStackChangedBackground: start loading
09-01 14:24:11.879 I/BluetoothUtils( 8588): packagename is android.uid.bluetooth:1002 ,and its permission is false
09-01 14:24:11.879 D/BluetoothUtils( 8588): blockedByLocationOff callingUid=1002
09-01 14:24:11.879 W/RecentsModel( 7676): getTaskInfoIgnoreHomeAndSplit   taskInfo=ComponentInfo{com.xiaomi.hm.health/com.xiaomi.hm.health.activity.MainTabActivity}
09-01 14:24:11.879 V/bt_stack( 8588): [VERBOSE1:btm_ble_gap.cc(1923)] btm_ble_process_ext_adv_pkt: bda=0c:1a:06:0e:96:57
09-01 14:24:11.879 V/bt_stack( 8588): [VERBOSE1:btm_ble_gap.cc(1847)] btm_ble_process_adv_addr: bda=0c:1a:06:0e:96:57
09-01 14:24:11.881 I/BluetoothUtils( 8588): packagename is android.uid.bluetooth:1002 ,and its permission is false
09-01 14:24:11.881 D/BluetoothUtils( 8588): blockedByLocationOff callingUid=1002
09-01 14:24:11.881 I/BluetoothUtils( 8588): packagename is android.uid.bluetooth:1002 ,and its permission is false
09-01 14:24:11.882 D/BluetoothUtils( 8588): blockedByLocationOff callingUid=1002
09-01 14:24:11.882 I/BluetoothUtils( 8588): packagename is android.uid.bluetooth:1002 ,and its permission is false
09-01 14:24:11.882 D/BluetoothUtils( 8588): blockedByLocationOff callingUid=1002
09-01 14:24:11.882 I/BluetoothUtils( 8588): packagename is android.uid.bluetooth:1002 ,and its permission is false
09-01 14:24:11.882 D/BluetoothUtils( 8588): blockedByLocationOff callingUid=1002
09-01 14:24:11.883 I/BluetoothUtils( 8588): packagename is android.uid.bluetooth:1002 ,and its permission is false
09-01 14:24:11.883 V/bt_stack( 8588): [VERBOSE1:btm_ble_gap.cc(1923)] btm_ble_process_ext_adv_pkt: bda=17:be:83:99:5a:17
09-01 14:24:11.884 V/bt_stack( 8588): [VERBOSE1:btm_ble_gap.cc(1847)] btm_ble_process_adv_addr: bda=17:be:83:99:5a:17
09-01 14:24:11.884 D/BluetoothUtils( 8588): blockedByLocationOff callingUid=1002
09-01 14:24:11.884 W/RecentsModel( 7676): getTaskInfoIgnoreHomeAndFreeform   taskInfo=ComponentInfo{com.xiaomi.hm.health/com.xiaomi.hm.health.activity.MainTabActivity}
09-01 14:24:11.884 I/BluetoothUtils( 8588): packagename is android.uid.bluetooth:1002 ,and its permission is false
09-01 14:24:11.884 D/BluetoothUtils( 8588): blockedByLocationOff callingUid=1002
09-01 14:24:11.884 I/BluetoothUtils( 8588): packagename is android.uid.bluetooth:1002 ,and its permission is false
09-01 14:24:11.884 D/BluetoothUtils( 8588): blockedByLocationOff callingUid=1002
09-01 14:24:11.885 W/RecentsModel( 7676): getTaskInfoIgnoreFreeform   taskInfo=ComponentInfo{com.xiaomi.hm.health/com.xiaomi.hm.health.activity.MainTabActivity}
09-01 14:24:11.885 W/RecentsModel( 7676): onTaskStackChangedBackground: finishLoading loading
09-01 14:24:11.885 I/BluetoothUtils( 8588): packagename is android.uid.bluetooth:1002 ,and its permission is false
09-01 14:24:11.885 D/BluetoothUtils( 8588): blockedByLocationOff callingUid=1002
09-01 14:24:11.886 I/BluetoothUtils( 8588): packagename is android.uid.bluetooth:1002 ,and its permission is false
09-01 14:24:11.886 D/BluetoothUtils( 8588): blockedByLocationOff callingUid=1002
09-01 14:24:11.886 I/BluetoothUtils( 8588): packagename is android.uid.bluetooth:1002 ,and its permission is false
09-01 14:24:11.886 D/BluetoothUtils( 8588): blockedByLocationOff callingUid=1002
09-01 14:24:11.886 I/BluetoothUtils( 8588): packagename is android.uid.bluetooth:1002 ,and its permission is false
09-01 14:24:11.889 V/bt_stack( 8588): [VERBOSE1:btm_ble_gap.cc(1923)] btm_ble_process_ext_adv_pkt: bda=3a:23:cb:4a:85:2d
09-01 14:24:11.889 V/bt_stack( 8588): [VERBOSE1:btm_ble_gap.cc(1847)] btm_ble_process_adv_addr: bda=3a:23:cb:4a:85:2d
09-01 14:24:11.889 D/StackScroller(29730): applyCurrentState
09-01 14:24:11.890 D/BluetoothUtils( 8588): blockedByLocationOff callingUid=1002
09-01 14:24:11.890 W/ByMatcher( 3448): Node returned null child: android.view.accessibility.AccessibilityNodeInfo@16380e; boundsInParent: Rect(0, 0 - 512, 856); boundsInScreen: Rect(14, 360 - 526, 1216); packageName: com.xiaomi.hm.health; className: android.widget.FrameLayout; text: null; error: null; maxTextLength: -1; contentDescription: null; tooltipText: null; viewIdResName: com.xiaomi.hm.health:id/md_circleview; checkable: false; checked: false; focusable: true; focused: false; selected: false; clickable: true; longClickable: false; contextClickable: false; enabled: true; password: false; scrollable: false; importantForAccessibility: true; visible: true; actions: [AccessibilityAction: ACTION_FOCUS - null, AccessibilityAction: ACTION_SELECT - null, AccessibilityAction: ACTION_CLEAR_SELECTION - null, AccessibilityAction: ACTION_CLICK - null, AccessibilityAction: ACTION_ACCESSIBILITY_FOCUS - null, AccessibilityAction: ACTION_SHOW_ON_SCREEN - null]
09-01 14:24:11.890 I/BluetoothUtils( 8588): packagename is android.uid.bluetooth:1002 ,and its permission is false
09-01 14:24:11.891 D/BluetoothUtils( 8588): blockedByLocationOff callingUid=1002
09-01 14:24:11.891 I/BluetoothUtils( 8588): packagename is android.uid.bluetooth:1002 ,and its permission is false
09-01 14:24:11.891 D/BluetoothUtils( 8588): blockedByLocationOff callingUid=1002
09-01 14:24:11.891 W/ByMatcher( 3448): Skipping null child (0 of 1)
09-01 14:24:11.891 I/BluetoothUtils( 8588): packagename is android.uid.bluetooth:1002 ,and its permission is false
09-01 14:24:11.897 W/ByMatcher( 3448): Node returned null child: android.view.accessibility.AccessibilityNodeInfo@16380e; boundsInParent: Rect(0, 0 - 512, 856); boundsInScreen: Rect(14, 360 - 526, 1216); packageName: com.xiaomi.hm.health; className: android.widget.FrameLayout; text: null; error: null; maxTextLength: -1; contentDescription: null; tooltipText: null; viewIdResName: com.xiaomi.hm.health:id/md_circleview; checkable: false; checked: false; focusable: true; focused: false; selected: false; clickable: true; longClickable: false; contextClickable: false; enabled: true; password: false; scrollable: false; importantForAccessibility: true; visible: true; actions: [AccessibilityAction: ACTION_FOCUS - null, AccessibilityAction: ACTION_SELECT - null, AccessibilityAction: ACTION_CLEAR_SELECTION - null, AccessibilityAction: ACTION_CLICK - null, AccessibilityAction: ACTION_ACCESSIBILITY_FOCUS - null, AccessibilityAction: ACTION_SHOW_ON_SCREEN - null]
09-01 14:24:11.898 W/ByMatcher( 3448): Skipping null child (0 of 1)
09-01 14:24:11.901 V/AsyncHttpResponse( 3502): Progress 3217 from 1 (321700%)
09-01 14:24:11.901 I/appium  ( 3448): AppiumResponse: {"sessionId":"06b5de24-b51b-4907-8e5d-a591dbb38551","value":{"error":"no such element","message":"An element could not be located on the page using the given search parameters","stacktrace":"io.appium.uiautomator2.common.exceptions.ElementNotFoundException: An element could not be located on the ...
09-01 14:24:11.902 V/bt_stack( 8588): [VERBOSE1:btm_ble_gap.cc(1923)] btm_ble_process_ext_adv_pkt: bda=12:1c:38:cd:04:e8
09-01 14:24:11.902 V/bt_stack( 8588): [VERBOSE1:btm_ble_gap.cc(1847)] btm_ble_process_adv_addr: bda=12:1c:38:cd:04:e8
09-01 14:24:11.902 D/BluetoothUtils( 8588): blockedByLocationOff callingUid=1002
09-01 14:24:11.903 I/BluetoothUtils( 8588): packagename is android.uid.bluetooth:1002 ,and its permission is false
09-01 14:24:11.903 D/BluetoothUtils( 8588): blockedByLocationOff callingUid=1002
09-01 14:24:11.903 I/BluetoothUtils( 8588): packagename is android.uid.bluetooth:1002 ,and its permission is false
09-01 14:24:11.903 D/BluetoothUtils( 8588): blockedByLocationOff callingUid=1002
09-01 14:24:11.903 V/bt_stack( 8588): [VERBOSE1:btm_ble_gap.cc(1923)] btm_ble_process_ext_adv_pkt: bda=11:82:f5:89:45:91
09-01 14:24:11.903 V/bt_stack( 8588): [VERBOSE1:btm_ble_gap.cc(1847)] btm_ble_process_adv_addr: bda=11:82:f5:89:45:91
09-01 14:24:11.903 I/BluetoothUtils( 8588): packagename is android.uid.bluetooth:1002 ,and its permission is false
09-01 14:24:11.904 D/BluetoothUtils( 8588): blockedByLocationOff callingUid=1002
09-01 14:24:11.905 I/BluetoothUtils( 8588): packagename is android.uid.bluetooth:1002 ,and its permission is false
09-01 14:24:11.905 D/BluetoothUtils( 8588): blockedByLocationOff callingUid=1002
09-01 14:24:11.905 I/BluetoothUtils( 8588): packagename is android.uid.bluetooth:1002 ,and its permission is false
09-01 14:24:11.905 D/BluetoothUtils( 8588): blockedByLocationOff callingUid=1002
09-01 14:24:11.905 I/BluetoothUtils( 8588): packagename is android.uid.bluetooth:1002 ,and its permission is false
09-01 14:24:11.911 V/bt_stack( 8588): [VERBOSE1:btm_ble_gap.cc(1923)] btm_ble_process_ext_adv_pkt: bda=34:23:f9:27:c7:18
09-01 14:24:11.911 V/bt_stack( 8588): [VERBOSE1:btm_ble_gap.cc(1847)] btm_ble_process_adv_addr: bda=34:23:f9:27:c7:18
09-01 14:24:11.912 D/BluetoothUtils( 8588): blockedByLocationOff callingUid=1002
09-01 14:24:11.912 I/BluetoothUtils( 8588): packagename is android.uid.bluetooth:1002 ,and its permission is false
09-01 14:24:11.912 D/BluetoothUtils( 8588): blockedByLocationOff callingUid=1002
09-01 14:24:11.913 I/BluetoothUtils( 8588): packagename is android.uid.bluetooth:1002 ,and its permission is false
09-01 14:24:11.913 D/BluetoothUtils( 8588): blockedByLocationOff callingUid=1002
09-01 14:24:11.914 I/BluetoothUtils( 8588): packagename is android.uid.bluetooth:1002 ,and its permission is false
09-01 14:24:11.917 V/bt_stack( 8588): [VERBOSE1:btm_ble_gap.cc(1923)] btm_ble_process_ext_adv_pkt: bda=4d:fc:af:c2:b2:22
09-01 14:24:11.917 V/bt_stack( 8588): [VERBOSE1:btm_ble_gap.cc(1847)] btm_ble_process_adv_addr: bda=4d:fc:af:c2:b2:22
09-01 14:24:11.917 V/bt_stack( 8588): [VERBOSE1:btm_ble_gap.cc(2052)]  Waiting for scan response 4d:fc:af:c2:b2:22
09-01 14:24:11.917 V/bt_stack( 8588): [VERBOSE1:btm_ble_gap.cc(1923)] btm_ble_process_ext_adv_pkt: bda=53:56:a8:ef:e5:80
09-01 14:24:11.917 V/bt_stack( 8588): [VERBOSE1:btm_ble_gap.cc(1847)] btm_ble_process_adv_addr: bda=53:56:a8:ef:e5:80
09-01 14:24:11.917 V/bt_stack( 8588): [VERBOSE1:btm_ble_gap.cc(2052)]  Waiting for scan response 53:56:a8:ef:e5:80
09-01 14:24:11.917 V/bt_stack( 8588): [VERBOSE1:btm_ble_gap.cc(1923)] btm_ble_process_ext_adv_pkt: bda=33:55:74:83:d5:3a
09-01 14:24:11.917 V/bt_stack( 8588): [VERBOSE1:btm_ble_gap.cc(1847)] btm_ble_process_adv_addr: bda=33:55:74:83:d5:3a
09-01 14:24:11.918 D/BluetoothUtils( 8588): blockedByLocationOff callingUid=1002
09-01 14:24:11.919 I/BluetoothUtils( 8588): packagename is android.uid.bluetooth:1002 ,and its permission is false
09-01 14:24:11.919 D/BluetoothUtils( 8588): blockedByLocationOff callingUid=1002
09-01 14:24:11.919 I/BluetoothUtils( 8588): packagename is android.uid.bluetooth:1002 ,and its permission is false
09-01 14:24:11.919 D/BluetoothUtils( 8588): blockedByLocationOff callingUid=1002
09-01 14:24:11.920 I/BluetoothUtils( 8588): packagename is android.uid.bluetooth:1002 ,and its permission is false
09-01 14:24:11.920 V/bt_stack( 8588): [VERBOSE1:btm_ble_gap.cc(1923)] btm_ble_process_ext_adv_pkt: bda=38:f9:d3:45:87:1e
09-01 14:24:11.920 V/bt_stack( 8588): [VERBOSE1:btm_ble_gap.cc(1847)] btm_ble_process_adv_addr: bda=38:f9:d3:45:87:1e
09-01 14:24:11.920 V/bt_stack( 8588): [VERBOSE1:btm_ble_gap.cc(2052)]  Waiting for scan response 38:f9:d3:45:87:1e
09-01 14:24:11.920 V/bt_stack( 8588): [VERBOSE1:btm_ble_gap.cc(1923)] btm_ble_process_ext_adv_pkt: bda=38:f9:d3:45:87:1e
09-01 14:24:11.920 V/bt_stack( 8588): [VERBOSE1:btm_ble_gap.cc(1847)] btm_ble_process_adv_addr: bda=38:f9:d3:45:87:1e
09-01 14:24:11.921 D/BluetoothUtils( 8588): blockedByLocationOff callingUid=1002
09-01 14:24:11.921 I/BluetoothUtils( 8588): packagename is android.uid.bluetooth:1002 ,and its permission is false
09-01 14:24:11.922 D/BluetoothUtils( 8588): blockedByLocationOff callingUid=1002
09-01 14:24:11.922 V/bt_stack( 8588): [VERBOSE1:btm_ble_gap.cc(1923)] btm_ble_process_ext_adv_pkt: bda=07:5a:b0:04:f2:ba
09-01 14:24:11.922 V/bt_stack( 8588): [VERBOSE1:btm_ble_gap.cc(1847)] btm_ble_process_adv_addr: bda=07:5a:b0:04:f2:ba
09-01 14:24:11.922 I/BluetoothUtils( 8588): packagename is android.uid.bluetooth:1002 ,and its permission is false
09-01 14:24:11.922 D/BluetoothUtils( 8588): blockedByLocationOff callingUid=1002
09-01 14:24:11.922 I/BluetoothUtils( 8588): packagename is android.uid.bluetooth:1002 ,and its permission is false
09-01 14:24:11.923 D/BluetoothUtils( 8588): blockedByLocationOff callingUid=1002
09-01 14:24:11.923 V/bt_stack( 8588): [VERBOSE1:btm_ble_gap.cc(1923)] btm_ble_process_ext_adv_pkt: bda=59:bb:67:f0:94:3c
09-01 14:24:11.923 V/bt_stack( 8588): [VERBOSE1:btm_ble_gap.cc(1847)] btm_ble_process_adv_addr: bda=59:bb:67:f0:94:3c
09-01 14:24:11.923 I/BluetoothUtils( 8588): packagename is android.uid.bluetooth:1002 ,and its permission is false
09-01 14:24:11.923 D/BluetoothUtils( 8588): blockedByLocationOff callingUid=1002
09-01 14:24:11.924 I/BluetoothUtils( 8588): packagename is android.uid.bluetooth:1002 ,and its permission is false
09-01 14:24:11.924 D/BluetoothUtils( 8588): blockedByLocationOff callingUid=1002
09-01 14:24:11.924 I/BluetoothUtils( 8588): packagename is android.uid.bluetooth:1002 ,and its permission is false
09-01 14:24:11.925 D/BluetoothUtils( 8588): blockedByLocationOff callingUid=1002
09-01 14:24:11.925 V/bt_stack( 8588): [VERBOSE1:btm_ble_gap.cc(1923)] btm_ble_process_ext_adv_pkt: bda=59:b2:14:05:95:91
09-01 14:24:11.925 V/bt_stack( 8588): [VERBOSE1:btm_ble_gap.cc(1847)] btm_ble_process_adv_addr: bda=59:b2:14:05:95:91
09-01 14:24:11.925 V/bt_stack( 8588): [VERBOSE1:btm_ble_gap.cc(2052)]  Waiting for scan response 59:b2:14:05:95:91
09-01 14:24:11.925 I/BluetoothUtils( 8588): packagename is android.uid.bluetooth:1002 ,and its permission is false
09-01 14:24:11.925 V/bt_stack( 8588): [VERBOSE1:btm_ble_gap.cc(1923)] btm_ble_process_ext_adv_pkt: bda=59:b2:14:05:95:91
09-01 14:24:11.925 V/bt_stack( 8588): [VERBOSE1:btm_ble_gap.cc(1847)] btm_ble_process_adv_addr: bda=59:b2:14:05:95:91
09-01 14:24:11.925 D/BluetoothUtils( 8588): blockedByLocationOff callingUid=1002
09-01 14:24:11.925 I/BluetoothUtils( 8588): packagename is android.uid.bluetooth:1002 ,and its permission is false
09-01 14:24:11.926 D/BluetoothUtils( 8588): blockedByLocationOff callingUid=1002
09-01 14:24:11.926 I/BluetoothUtils( 8588): packagename is android.uid.bluetooth:1002 ,and its permission is false
09-01 14:24:11.926 D/BluetoothUtils( 8588): blockedByLocationOff callingUid=1002
09-01 14:24:11.927 I/BluetoothUtils( 8588): packagename is android.uid.bluetooth:1002 ,and its permission is false
09-01 14:24:11.927 D/BluetoothUtils( 8588): blockedByLocationOff callingUid=1002
09-01 14:24:11.927 I/BluetoothUtils( 8588): packagename is android.uid.bluetooth:1002 ,and its permission is false
09-01 14:24:11.927 D/BluetoothUtils( 8588): blockedByLocationOff callingUid=1002
09-01 14:24:11.927 I/BluetoothUtils( 8588): packagename is android.uid.bluetooth:1002 ,and its permission is false
09-01 14:24:11.934 V/bt_stack( 8588): [VERBOSE1:btm_ble_gap.cc(1923)] btm_ble_process_ext_adv_pkt: bda=1e:a8:1e:1b:55:36
09-01 14:24:11.934 V/bt_stack( 8588): [VERBOSE1:btm_ble_gap.cc(1847)] btm_ble_process_adv_addr: bda=1e:a8:1e:1b:55:36
09-01 14:24:11.935 D/BluetoothUtils( 8588): blockedByLocationOff callingUid=1002
09-01 14:24:11.935 I/BluetoothUtils( 8588): packagename is android.uid.bluetooth:1002 ,and its permission is false
09-01 14:24:11.935 D/BluetoothUtils( 8588): blockedByLocationOff callingUid=1002
09-01 14:24:11.935 I/BluetoothUtils( 8588): packagename is android.uid.bluetooth:1002 ,and its permission is false
09-01 14:24:11.936 D/BluetoothUtils( 8588): blockedByLocationOff callingUid=1002
09-01 14:24:11.936 I/BluetoothUtils( 8588): packagename is android.uid.bluetooth:1002 ,and its permission is false
09-01 14:24:11.944 V/bt_stack( 8588): [VERBOSE1:gatt_main.cc(1079)] gatt_get_ch_state: ch_state=4
09-01 14:24:11.944 I/bt_stack( 8588): [INFO:gatt_main.cc(912)] gatt_data_process op_code = 19, msg_len = 0
09-01 14:24:11.944 V/bt_stack( 8588): [VERBOSE1:gatt_cl.cc(1094)] gatt_client_handle_server_rsp op_code: 19, len = 0rsp_code: 19
09-01 14:24:11.944 V/bt_stack( 8588): [VERBOSE1:gatt_utils.cc(1191)] gatt_end_operation status=0 op=3 subtype=2
09-01 14:24:11.944 V/bt_stack( 8588): [VERBOSE1:bta_gattc_act.cc(1309)] bta_gattc_cmpl_cback: conn_id:8 op:3 status:0
09-01 14:24:11.944 V/bt_stack( 8588): [VERBOSE1:bta_gattc_main.cc(361)] bta_gattc_hdl_event: Event:BTA_GATTC_OP_CMPL_EVT
09-01 14:24:11.944 V/bt_stack( 8588): [VERBOSE1:bta_gattc_main.cc(305)] bta_gattc_sm_execute: State 0x02 [GATTC_CONN_ST], Event 0x1f0f[BTA_GATTC_OP_CMPL_EVT]
09-01 14:24:11.944 V/bt_stack( 8588): [VERBOSE1:bta_gattc_act.cc(936)] bta_gattc_op_cmpl: op:3
09-01 14:24:11.944 V/bt_stack( 8588): [VERBOSE1:bta_gattc_main.cc(341)] bta_gattc_sm_execute: GATTC State Change: 0x02 -> 0x02 after Event 0x1f0f
09-01 14:24:11.958 V/bt_stack( 8588): [VERBOSE1:btm_ble_gap.cc(1923)] btm_ble_process_ext_adv_pkt: bda=77:70:e9:20:dc:cd
09-01 14:24:11.958 W/AsyncHttpResponse( 3502): Current thread has not called Looper.prepare().Forcing synchronous mode
09-01 14:24:11.958 V/bt_stack( 8588): [VERBOSE1:btm_ble_gap.cc(1847)] btm_ble_process_adv_addr: bda=77:70:e9:20:dc:cd
09-01 14:24:11.959 D/BluetoothUtils( 8588): blockedByLocationOff callingUid=1002
09-01 14:24:11.959 I/BluetoothUtils( 8588): packagename is android.uid.bluetooth:1002 ,and its permission is false
09-01 14:24:11.960 D/BluetoothUtils( 8588): blockedByLocationOff callingUid=1002
09-01 14:24:11.960 I/BluetoothUtils( 8588): packagename is android.uid.bluetooth:1002 ,and its permission is false
09-01 14:24:11.960 D/BluetoothUtils( 8588): blockedByLocationOff callingUid=1002
09-01 14:24:11.960 I/BluetoothUtils( 8588): packagename is android.uid.bluetooth:1002 ,and its permission is false
09-01 14:24:11.961 W/AsyncHttpResponse( 3502): Current thread has not called Looper.prepare().Forcing synchronous mode
09-01 14:24:11.974 V/bt_stack( 8588): [VERBOSE1:btm_ble_gap.cc(1923)] btm_ble_process_ext_adv_pkt: bda=2e:17:70:f9:0b:48
09-01 14:24:11.974 V/bt_stack( 8588): [VERBOSE1:btm_ble_gap.cc(1847)] btm_ble_process_adv_addr: bda=2e:17:70:f9:0b:48
09-01 14:24:11.975 D/BluetoothUtils( 8588): blockedByLocationOff callingUid=1002
09-01 14:24:11.975 I/BluetoothUtils( 8588): packagename is android.uid.bluetooth:1002 ,and its permission is false
09-01 14:24:11.975 D/BluetoothUtils( 8588): blockedByLocationOff callingUid=1002
09-01 14:24:11.975 I/BluetoothUtils( 8588): packagename is android.uid.bluetooth:1002 ,and its permission is false
09-01 14:24:11.976 D/BluetoothUtils( 8588): blockedByLocationOff callingUid=1002
09-01 14:24:11.976 I/BluetoothUtils( 8588): packagename is android.uid.bluetooth:1002 ,and its permission is false
09-01 14:24:12.011 D/BluetoothGatt( 3502): setCharacteristicNotification() - uuid: 00000005-0000-3512-2118-0009af100700 enable: true
09-01 14:24:12.011 D/BtGatt.GattService( 8588): registerForNotification() - address=C3:D4:F4:E3:11:EC enable: true
09-01 14:24:12.011 D/BtGatt.GattService( 8588): onRegisterForNotifications() - address=null, status=0, registered=1, handle=65
09-01 14:24:12.013 V/bt_stack( 8588): [VERBOSE1:bta_gattc_main.cc(361)] bta_gattc_hdl_event: Event:BTA_GATTC_API_WRITE_EVT
09-01 14:24:12.013 V/bt_stack( 8588): [VERBOSE1:bta_gattc_main.cc(305)] bta_gattc_sm_execute: State 0x02 [GATTC_CONN_ST], Event 0x1f05[BTA_GATTC_API_WRITE_EVT]
09-01 14:24:12.013 V/bt_stack( 8588): [VERBOSE1:bta_gattc_main.cc(341)] bta_gattc_sm_execute: GATTC State Change: 0x02 -> 0x02 after Event 0x1f05
09-01 14:24:12.014 I/vendor.qti.bluetooth@1.0-ibs_handler(19843): ProcessIbsCmd: Received IBS_SLEEP_IND: 0xFE
09-01 14:24:12.029 I/vendor.qti.bluetooth@1.0-ibs_handler(19843): ProcessIbsCmd: Received IBS_WAKE_IND: 0xFD
09-01 14:24:12.029 I/vendor.qti.bluetooth@1.0-ibs_handler(19843): ProcessIbsCmd: Writing IBS_WAKE_ACK
09-01 14:24:12.030 V/bt_stack( 8588): [VERBOSE1:btm_ble_gap.cc(1923)] btm_ble_process_ext_adv_pkt: bda=59:bb:67:f0:94:3c
09-01 14:24:12.030 V/bt_stack( 8588): [VERBOSE1:btm_ble_gap.cc(1847)] btm_ble_process_adv_addr: bda=59:bb:67:f0:94:3c
09-01 14:24:12.031 D/BluetoothUtils( 8588): blockedByLocationOff callingUid=1002
09-01 14:24:12.031 I/BluetoothUtils( 8588): packagename is android.uid.bluetooth:1002 ,and its permission is false
09-01 14:24:12.032 D/BluetoothUtils( 8588): blockedByLocationOff callingUid=1002
09-01 14:24:12.032 V/bt_stack( 8588): [VERBOSE1:btm_ble_gap.cc(1923)] btm_ble_process_ext_adv_pkt: bda=35:08:67:20:13:25
09-01 14:24:12.032 V/bt_stack( 8588): [VERBOSE1:btm_ble_gap.cc(1847)] btm_ble_process_adv_addr: bda=35:08:67:20:13:25
09-01 14:24:12.032 E/ResolverController(  679): No valid NAT64 prefix (116, <unspecified>/0)
09-01 14:24:12.032 I/BluetoothUtils( 8588): packagename is android.uid.bluetooth:1002 ,and its permission is false
09-01 14:24:12.032 D/BluetoothUtils( 8588): blockedByLocationOff callingUid=1002
09-01 14:24:12.032 I/BluetoothUtils( 8588): packagename is android.uid.bluetooth:1002 ,and its permission is false
09-01 14:24:12.033 D/BluetoothUtils( 8588): blockedByLocationOff callingUid=1002
09-01 14:24:12.033 I/BluetoothUtils( 8588): packagename is android.uid.bluetooth:1002 ,and its permission is false
09-01 14:24:12.033 D/BluetoothUtils( 8588): blockedByLocationOff callingUid=1002
09-01 14:24:12.033 I/BluetoothUtils( 8588): packagename is android.uid.bluetooth:1002 ,and its permission is false
09-01 14:24:12.033 D/BluetoothUtils( 8588): blockedByLocationOff callingUid=1002
09-01 14:24:12.033 I/BluetoothUtils( 8588): packagename is android.uid.bluetooth:1002 ,and its permission is false
09-01 14:24:12.035 V/bt_stack( 8588): [VERBOSE1:btm_ble_gap.cc(1923)] btm_ble_process_ext_adv_pkt: bda=1e:a8:1e:1b:55:36
09-01 14:24:12.035 V/bt_stack( 8588): [VERBOSE1:btm_ble_gap.cc(1847)] btm_ble_process_adv_addr: bda=1e:a8:1e:1b:55:36
09-01 14:24:12.035 D/BluetoothUtils( 8588): blockedByLocationOff callingUid=1002
09-01 14:24:12.036 I/BluetoothUtils( 8588): packagename is android.uid.bluetooth:1002 ,and its permission is false
09-01 14:24:12.036 D/BluetoothUtils( 8588): blockedByLocationOff callingUid=1002
09-01 14:24:12.036 I/BluetoothUtils( 8588): packagename is android.uid.bluetooth:1002 ,and its permission is false
09-01 14:24:12.036 D/BluetoothUtils( 8588): blockedByLocationOff callingUid=1002
09-01 14:24:12.036 I/BluetoothUtils( 8588): packagename is android.uid.bluetooth:1002 ,and its permission is false
09-01 14:24:12.036 V/bt_stack( 8588): [VERBOSE1:btm_ble_gap.cc(1923)] btm_ble_process_ext_adv_pkt: bda=1a:90:83:98:47:ad
09-01 14:24:12.036 V/bt_stack( 8588): [VERBOSE1:btm_ble_gap.cc(1847)] btm_ble_process_adv_addr: bda=1a:90:83:98:47:ad
09-01 14:24:12.037 D/BluetoothUtils( 8588): blockedByLocationOff callingUid=1002
09-01 14:24:12.037 I/BluetoothUtils( 8588): packagename is android.uid.bluetooth:1002 ,and its permission is false
09-01 14:24:12.037 D/BluetoothUtils( 8588): blockedByLocationOff callingUid=1002
09-01 14:24:12.037 I/BluetoothUtils( 8588): packagename is android.uid.bluetooth:1002 ,and its permission is false
09-01 14:24:12.037 D/BluetoothUtils( 8588): blockedByLocationOff callingUid=1002
09-01 14:24:12.038 I/BluetoothUtils( 8588): packagename is android.uid.bluetooth:1002 ,and its permission is false
09-01 14:24:12.038 V/bt_stack( 8588): [VERBOSE1:btm_ble_gap.cc(1923)] btm_ble_process_ext_adv_pkt: bda=07:88:7e:66:14:b3
09-01 14:24:12.038 V/bt_stack( 8588): [VERBOSE1:btm_ble_gap.cc(1847)] btm_ble_process_adv_addr: bda=07:88:7e:66:14:b3
09-01 14:24:12.039 D/BluetoothUtils( 8588): blockedByLocationOff callingUid=1002
09-01 14:24:12.039 I/BluetoothUtils( 8588): packagename is android.uid.bluetooth:1002 ,and its permission is false
09-01 14:24:12.039 D/BluetoothUtils( 8588): blockedByLocationOff callingUid=1002
09-01 14:24:12.040 I/BluetoothUtils( 8588): packagename is android.uid.bluetooth:1002 ,and its permission is false
09-01 14:24:12.040 D/BluetoothUtils( 8588): blockedByLocationOff callingUid=1002
09-01 14:24:12.040 I/BluetoothUtils( 8588): packagename is android.uid.bluetooth:1002 ,and its permission is false
09-01 14:24:12.041 V/AsyncHttpResponse( 3502): Progress 30 from 30 (100%)
09-01 14:24:12.068 V/bt_stack( 8588): [VERBOSE1:btm_ble_gap.cc(1923)] btm_ble_process_ext_adv_pkt: bda=75:55:30:69:5d:bf
09-01 14:24:12.068 V/bt_stack( 8588): [VERBOSE1:btm_ble_gap.cc(1847)] btm_ble_process_adv_addr: bda=75:55:30:69:5d:bf
09-01 14:24:12.068 V/bt_stack( 8588): [VERBOSE1:btm_ble_gap.cc(2052)]  Waiting for scan response 75:55:30:69:5d:bf
09-01 14:24:12.068 V/bt_stack( 8588): [VERBOSE1:btm_ble_gap.cc(1923)] btm_ble_process_ext_adv_pkt: bda=77:70:e9:20:dc:cd
09-01 14:24:12.068 V/bt_stack( 8588): [VERBOSE1:btm_ble_gap.cc(1847)] btm_ble_process_adv_addr: bda=77:70:e9:20:dc:cd
09-01 14:24:12.069 D/BluetoothUtils( 8588): blockedByLocationOff callingUid=1002
09-01 14:24:12.069 I/BluetoothUtils( 8588): packagename is android.uid.bluetooth:1002 ,and its permission is false
