09-01 14:24:14.639 V/bt_stack( 8588): [VERBOSE1:btm_ble_gap.cc(1923)] btm_ble_process_ext_adv_pkt: bda=d3:e3:41:80:f1:8d
09-01 14:24:14.639 V/bt_stack( 8588): [VERBOSE1:btm_ble_gap.cc(1847)] btm_ble_process_adv_addr: bda=d3:e3:41:80:f1:8d
09-01 14:24:14.639 V/bt_stack( 8588): [VERBOSE1:btm_ble_gap.cc(2052)]  Waiting for scan response d3:e3:41:80:f1:8d
09-01 14:24:14.639 V/bt_stack( 8588): [VERBOSE1:btm_ble_gap.cc(1923)] btm_ble_process_ext_adv_pkt: bda=07:5a:b0:04:f2:ba
09-01 14:24:14.639 V/bt_stack( 8588): [VERBOSE1:btm_ble_gap.cc(1847)] btm_ble_process_adv_addr: bda=07:5a:b0:04:f2:ba
09-01 14:24:14.641 D/BluetoothUtils( 8588): blockedByLocationOff callingUid=1002
09-01 14:24:14.642 I/BluetoothUtils( 8588): packagename is android.uid.bluetooth:1002 ,and its permission is false
09-01 14:24:14.642 D/BluetoothUtils( 8588): blockedByLocationOff callingUid=1002
09-01 14:24:14.642 I/BluetoothUtils( 8588): packagename is android.uid.bluetooth:1002 ,and its permission is false
09-01 14:24:14.642 D/BluetoothUtils( 8588): blockedByLocationOff callingUid=1002
09-01 14:24:14.643 I/BluetoothUtils( 8588): packagename is android.uid.bluetooth:1002 ,and its permission is false
09-01 14:24:14.645 V/bt_stack( 8588): [VERBOSE1:btm_ble_gap.cc(1923)] btm_ble_process_ext_adv_pkt: bda=59:bb:67:f0:94:3c
09-01 14:24:14.646 V/bt_stack( 8588): [VERBOSE1:btm_ble_gap.cc(1847)] btm_ble_process_adv_addr: bda=59:bb:67:f0:94:3c
09-01 14:24:14.647 D/BluetoothUtils( 8588): blockedByLocationOff callingUid=1002
09-01 14:24:14.647 I/BluetoothUtils( 8588): packagename is android.uid.bluetooth:1002 ,and its permission is false
09-01 14:24:14.648 D/BluetoothUtils( 8588): blockedByLocationOff callingUid=1002
09-01 14:24:14.648 I/BluetoothUtils( 8588): packagename is android.uid.bluetooth:1002 ,and its permission is false
09-01 14:24:14.648 D/BluetoothUtils( 8588): blockedByLocationOff callingUid=1002
09-01 14:24:14.648 I/BluetoothUtils( 8588): packagename is android.uid.bluetooth:1002 ,and its permission is false
09-01 14:24:14.651 V/bt_stack( 8588): [VERBOSE1:btm_ble_gap.cc(1923)] btm_ble_process_ext_adv_pkt: bda=0a:29:89:b7:c8:4a
09-01 14:24:14.651 V/bt_stack( 8588): [VERBOSE1:btm_ble_gap.cc(1847)] btm_ble_process_adv_addr: bda=0a:29:89:b7:c8:4a
09-01 14:24:14.652 D/BluetoothUtils( 8588): blockedByLocationOff callingUid=1002
09-01 14:24:14.653 I/BluetoothUtils( 8588): packagename is android.uid.bluetooth:1002 ,and its permission is false
09-01 14:24:14.653 D/BluetoothUtils( 8588): blockedByLocationOff callingUid=1002
09-01 14:24:14.653 I/BluetoothUtils( 8588): packagename is android.uid.bluetooth:1002 ,and its permission is false
09-01 14:24:14.653 D/BluetoothUtils( 8588): blockedByLocationOff callingUid=1002
09-01 14:24:14.654 I/BluetoothUtils( 8588): packagename is android.uid.bluetooth:1002 ,and its permission is false
09-01 14:24:14.655 V/bt_stack( 8588): [VERBOSE1:btm_ble_gap.cc(1923)] btm_ble_process_ext_adv_pkt: bda=2f:3a:5d:02:04:9c
09-01 14:24:14.655 V/bt_stack( 8588): [VERBOSE1:btm_ble_gap.cc(1847)] btm_ble_process_adv_addr: bda=2f:3a:5d:02:04:9c
09-01 14:24:14.656 D/BluetoothUtils( 8588): blockedByLocationOff callingUid=1002
09-01 14:24:14.657 I/BluetoothUtils( 8588): packagename is android.uid.bluetooth:1002 ,and its permission is false
09-01 14:24:14.657 D/BluetoothUtils( 8588): blockedByLocationOff callingUid=1002
09-01 14:24:14.657 I/BluetoothUtils( 8588): packagename is android.uid.bluetooth:1002 ,and its permission is false
09-01 14:24:14.657 D/BluetoothUtils( 8588): blockedByLocationOff callingUid=1002
09-01 14:24:14.657 I/BluetoothUtils( 8588): packagename is android.uid.bluetooth:1002 ,and its permission is false
09-01 14:24:14.662 V/bt_stack( 8588): [VERBOSE1:btm_ble_gap.cc(1923)] btm_ble_process_ext_adv_pkt: bda=63:e7:6b:57:ac:90
09-01 14:24:14.662 V/bt_stack( 8588): [VERBOSE1:btm_ble_gap.cc(1847)] btm_ble_process_adv_addr: bda=63:e7:6b:57:ac:90
09-01 14:24:14.663 V/bt_stack( 8588): [VERBOSE1:btm_ble_gap.cc(2052)]  Waiting for scan response 63:e7:6b:57:ac:90
09-01 14:24:14.663 V/bt_stack( 8588): [VERBOSE1:btm_ble_gap.cc(1923)] btm_ble_process_ext_adv_pkt: bda=63:e7:6b:57:ac:90
09-01 14:24:14.663 V/bt_stack( 8588): [VERBOSE1:btm_ble_gap.cc(1847)] btm_ble_process_adv_addr: bda=63:e7:6b:57:ac:90
09-01 14:24:14.665 D/BluetoothUtils( 8588): blockedByLocationOff callingUid=1002
09-01 14:24:14.665 I/BluetoothUtils( 8588): packagename is android.uid.bluetooth:1002 ,and its permission is false
09-01 14:24:14.665 D/BluetoothUtils( 8588): blockedByLocationOff callingUid=1002
09-01 14:24:14.665 I/BluetoothUtils( 8588): packagename is android.uid.bluetooth:1002 ,and its permission is false
09-01 14:24:14.666 D/BluetoothUtils( 8588): blockedByLocationOff callingUid=1002
09-01 14:24:14.666 I/BluetoothUtils( 8588): packagename is android.uid.bluetooth:1002 ,and its permission is false
09-01 14:24:14.676 V/bt_stack( 8588): [VERBOSE1:btm_ble_gap.cc(1923)] btm_ble_process_ext_adv_pkt: bda=0c:1a:06:0e:96:57
09-01 14:24:14.676 V/bt_stack( 8588): [VERBOSE1:btm_ble_gap.cc(1847)] btm_ble_process_adv_addr: bda=0c:1a:06:0e:96:57
09-01 14:24:14.677 D/BluetoothUtils( 8588): blockedByLocationOff callingUid=1002
09-01 14:24:14.678 I/BluetoothUtils( 8588): packagename is android.uid.bluetooth:1002 ,and its permission is false
09-01 14:24:14.678 D/BluetoothUtils( 8588): blockedByLocationOff callingUid=1002
09-01 14:24:14.678 I/BluetoothUtils( 8588): packagename is android.uid.bluetooth:1002 ,and its permission is false
09-01 14:24:14.678 D/BluetoothUtils( 8588): blockedByLocationOff callingUid=1002
09-01 14:24:14.679 I/BluetoothUtils( 8588): packagename is android.uid.bluetooth:1002 ,and its permission is false
09-01 14:24:14.695 V/bt_stack( 8588): [VERBOSE1:btm_ble_gap.cc(1923)] btm_ble_process_ext_adv_pkt: bda=c3:d4:f4:e3:11:ec
09-01 14:24:14.695 V/bt_stack( 8588): [VERBOSE1:btm_ble_gap.cc(1847)] btm_ble_process_adv_addr: bda=c3:d4:f4:e3:11:ec
09-01 14:24:14.695 V/bt_stack( 8588): [VERBOSE1:btm_ble_gap.cc(2052)]  Waiting for scan response c3:d4:f4:e3:11:ec
09-01 14:24:14.695 V/bt_stack( 8588): [VERBOSE1:btm_ble_gap.cc(1923)] btm_ble_process_ext_adv_pkt: bda=c3:d4:f4:e3:11:ec
09-01 14:24:14.696 V/bt_stack( 8588): [VERBOSE1:btm_ble_gap.cc(1847)] btm_ble_process_adv_addr: bda=c3:d4:f4:e3:11:ec
09-01 14:24:14.699 D/BluetoothUtils( 8588): blockedByLocationOff callingUid=1002
09-01 14:24:14.700 I/BluetoothUtils( 8588): packagename is android.uid.bluetooth:1002 ,and its permission is false
09-01 14:24:14.700 D/BluetoothUtils( 8588): blockedByLocationOff callingUid=1002
09-01 14:24:14.700 I/BluetoothUtils( 8588): packagename is android.uid.bluetooth:1002 ,and its permission is false
09-01 14:24:14.701 D/BluetoothUtils( 8588): blockedByLocationOff callingUid=1002
09-01 14:24:14.701 I/BluetoothUtils( 8588): packagename is android.uid.bluetooth:1002 ,and its permission is false
09-01 14:24:14.718 V/bt_stack( 8588): [VERBOSE1:btm_ble_gap.cc(1923)] btm_ble_process_ext_adv_pkt: bda=e2:84:58:a7:5a:70
09-01 14:24:14.718 V/bt_stack( 8588): [VERBOSE1:btm_ble_gap.cc(1847)] btm_ble_process_adv_addr: bda=e2:84:58:a7:5a:70
09-01 14:24:14.718 V/bt_stack( 8588): [VERBOSE1:btm_ble_gap.cc(2052)]  Waiting for scan response e2:84:58:a7:5a:70
09-01 14:24:14.719 V/bt_stack( 8588): [VERBOSE1:btm_ble_gap.cc(1923)] btm_ble_process_ext_adv_pkt: bda=34:23:f9:27:c7:18
09-01 14:24:14.719 V/bt_stack( 8588): [VERBOSE1:btm_ble_gap.cc(1847)] btm_ble_process_adv_addr: bda=34:23:f9:27:c7:18
09-01 14:24:14.721 D/BluetoothUtils( 8588): blockedByLocationOff callingUid=1002
09-01 14:24:14.721 I/BluetoothUtils( 8588): packagename is android.uid.bluetooth:1002 ,and its permission is false
09-01 14:24:14.722 D/BluetoothUtils( 8588): blockedByLocationOff callingUid=1002
09-01 14:24:14.722 I/BluetoothUtils( 8588): packagename is android.uid.bluetooth:1002 ,and its permission is false
09-01 14:24:14.722 D/BluetoothUtils( 8588): blockedByLocationOff callingUid=1002
09-01 14:24:14.723 I/BluetoothUtils( 8588): packagename is android.uid.bluetooth:1002 ,and its permission is false
09-01 14:24:14.732 V/bt_stack( 8588): [VERBOSE1:btm_ble_gap.cc(1923)] btm_ble_process_ext_adv_pkt: bda=77:60:99:3a:74:d9
09-01 14:24:14.732 V/bt_stack( 8588): [VERBOSE1:btm_ble_gap.cc(1847)] btm_ble_process_adv_addr: bda=77:60:99:3a:74:d9
09-01 14:24:14.733 V/bt_stack( 8588): [VERBOSE1:btm_ble_gap.cc(2052)]  Waiting for scan response 77:60:99:3a:74:d9
09-01 14:24:14.735 V/bt_stack( 8588): [VERBOSE1:btm_ble_gap.cc(1923)] btm_ble_process_ext_adv_pkt: bda=56:23:e7:94:9e:a9
09-01 14:24:14.735 V/bt_stack( 8588): [VERBOSE1:btm_ble_gap.cc(1847)] btm_ble_process_adv_addr: bda=56:23:e7:94:9e:a9
09-01 14:24:14.736 V/bt_stack( 8588): [VERBOSE1:btm_ble_gap.cc(2052)]  Waiting for scan response 56:23:e7:94:9e:a9
09-01 14:24:14.736 V/bt_stack( 8588): [VERBOSE1:btm_ble_gap.cc(1923)] btm_ble_process_ext_adv_pkt: bda=26:c8:00:52:93:8d
09-01 14:24:14.736 V/bt_stack( 8588): [VERBOSE1:btm_ble_gap.cc(1847)] btm_ble_process_adv_addr: bda=26:c8:00:52:93:8d
09-01 14:24:14.738 D/BluetoothUtils( 8588): blockedByLocationOff callingUid=1002
09-01 14:24:14.738 I/BluetoothUtils( 8588): packagename is android.uid.bluetooth:1002 ,and its permission is false
09-01 14:24:14.739 D/BluetoothUtils( 8588): blockedByLocationOff callingUid=1002
09-01 14:24:14.739 I/BluetoothUtils( 8588): packagename is android.uid.bluetooth:1002 ,and its permission is false
09-01 14:24:14.739 D/BluetoothUtils( 8588): blockedByLocationOff callingUid=1002
09-01 14:24:14.740 I/BluetoothUtils( 8588): packagename is android.uid.bluetooth:1002 ,and its permission is false
09-01 14:24:14.740 V/bt_stack( 8588): [VERBOSE1:btm_ble_gap.cc(1923)] btm_ble_process_ext_adv_pkt: bda=07:5a:b0:04:f2:ba
09-01 14:24:14.740 V/bt_stack( 8588): [VERBOSE1:btm_ble_gap.cc(1847)] btm_ble_process_adv_addr: bda=07:5a:b0:04:f2:ba
09-01 14:24:14.742 D/BluetoothUtils( 8588): blockedByLocationOff callingUid=1002
09-01 14:24:14.744 I/BluetoothUtils( 8588): packagename is android.uid.bluetooth:1002 ,and its permission is false
09-01 14:24:14.744 D/BluetoothUtils( 8588): blockedByLocationOff callingUid=1002
09-01 14:24:14.745 I/BluetoothUtils( 8588): packagename is android.uid.bluetooth:1002 ,and its permission is false
09-01 14:24:14.745 D/BluetoothUtils( 8588): blockedByLocationOff callingUid=1002
09-01 14:24:14.745 V/bt_stack( 8588): [VERBOSE1:btm_ble_gap.cc(1923)] btm_ble_process_ext_adv_pkt: bda=07:a6:40:9b:7f:4d
09-01 14:24:14.745 V/bt_stack( 8588): [VERBOSE1:btm_ble_gap.cc(1847)] btm_ble_process_adv_addr: bda=07:a6:40:9b:7f:4d
09-01 14:24:14.745 I/BluetoothUtils( 8588): packagename is android.uid.bluetooth:1002 ,and its permission is false
09-01 14:24:14.746 V/bt_stack( 8588): [VERBOSE1:btm_ble_gap.cc(1923)] btm_ble_process_ext_adv_pkt: bda=30:b8:83:fe:c9:1f
09-01 14:24:14.746 V/bt_stack( 8588): [VERBOSE1:btm_ble_gap.cc(1847)] btm_ble_process_adv_addr: bda=30:b8:83:fe:c9:1f
09-01 14:24:14.746 D/BluetoothUtils( 8588): blockedByLocationOff callingUid=1002
09-01 14:24:14.747 I/BluetoothUtils( 8588): packagename is android.uid.bluetooth:1002 ,and its permission is false
09-01 14:24:14.747 D/BluetoothUtils( 8588): blockedByLocationOff callingUid=1002
09-01 14:24:14.747 I/BluetoothUtils( 8588): packagename is android.uid.bluetooth:1002 ,and its permission is false
09-01 14:24:14.747 D/BluetoothUtils( 8588): blockedByLocationOff callingUid=1002
09-01 14:24:14.747 I/BluetoothUtils( 8588): packagename is android.uid.bluetooth:1002 ,and its permission is false
09-01 14:24:14.748 D/BluetoothUtils( 8588): blockedByLocationOff callingUid=1002
09-01 14:24:14.748 I/BluetoothUtils( 8588): packagename is android.uid.bluetooth:1002 ,and its permission is false
09-01 14:24:14.748 D/BluetoothUtils( 8588): blockedByLocationOff callingUid=1002
09-01 14:24:14.749 I/BluetoothUtils( 8588): packagename is android.uid.bluetooth:1002 ,and its permission is false
09-01 14:24:14.749 D/BluetoothUtils( 8588): blockedByLocationOff callingUid=1002
09-01 14:24:14.749 I/BluetoothUtils( 8588): packagename is android.uid.bluetooth:1002 ,and its permission is false
09-01 14:24:14.752 V/bt_stack( 8588): [VERBOSE1:btm_ble_gap.cc(1923)] btm_ble_process_ext_adv_pkt: bda=0a:29:89:b7:c8:4a
09-01 14:24:14.752 V/bt_stack( 8588): [VERBOSE1:btm_ble_gap.cc(1847)] btm_ble_process_adv_addr: bda=0a:29:89:b7:c8:4a
09-01 14:24:14.753 D/BluetoothUtils( 8588): blockedByLocationOff callingUid=1002
09-01 14:24:14.753 I/BluetoothUtils( 8588): packagename is android.uid.bluetooth:1002 ,and its permission is false
09-01 14:24:14.753 D/BluetoothUtils( 8588): blockedByLocationOff callingUid=1002
09-01 14:24:14.754 I/BluetoothUtils( 8588): packagename is android.uid.bluetooth:1002 ,and its permission is false
09-01 14:24:14.754 D/BluetoothUtils( 8588): blockedByLocationOff callingUid=1002
09-01 14:24:14.754 V/bt_stack( 8588): [VERBOSE1:btm_ble_gap.cc(1923)] btm_ble_process_ext_adv_pkt: bda=59:bb:67:f0:94:3c
09-01 14:24:14.754 V/bt_stack( 8588): [VERBOSE1:btm_ble_gap.cc(1847)] btm_ble_process_adv_addr: bda=59:bb:67:f0:94:3c
09-01 14:24:14.754 I/BluetoothUtils( 8588): packagename is android.uid.bluetooth:1002 ,and its permission is false
09-01 14:24:14.755 D/BluetoothUtils( 8588): blockedByLocationOff callingUid=1002
09-01 14:24:14.755 I/BluetoothUtils( 8588): packagename is android.uid.bluetooth:1002 ,and its permission is false
09-01 14:24:14.755 D/BluetoothUtils( 8588): blockedByLocationOff callingUid=1002
09-01 14:24:14.755 I/BluetoothUtils( 8588): packagename is android.uid.bluetooth:1002 ,and its permission is false
09-01 14:24:14.756 D/BluetoothUtils( 8588): blockedByLocationOff callingUid=1002
09-01 14:24:14.756 I/BluetoothUtils( 8588): packagename is android.uid.bluetooth:1002 ,and its permission is false
09-01 14:24:14.762 V/bt_stack( 8588): [VERBOSE1:btm_ble_gap.cc(1923)] btm_ble_process_ext_adv_pkt: bda=2f:3a:5d:02:04:9c
09-01 14:24:14.762 V/bt_stack( 8588): [VERBOSE1:btm_ble_gap.cc(1847)] btm_ble_process_adv_addr: bda=2f:3a:5d:02:04:9c
09-01 14:24:14.763 D/BluetoothUtils( 8588): blockedByLocationOff callingUid=1002
09-01 14:24:14.764 I/BluetoothUtils( 8588): packagename is android.uid.bluetooth:1002 ,and its permission is false
09-01 14:24:14.764 D/BluetoothUtils( 8588): blockedByLocationOff callingUid=1002
09-01 14:24:14.764 I/BluetoothUtils( 8588): packagename is android.uid.bluetooth:1002 ,and its permission is false
09-01 14:24:14.764 D/BluetoothUtils( 8588): blockedByLocationOff callingUid=1002
09-01 14:24:14.764 I/BluetoothUtils( 8588): packagename is android.uid.bluetooth:1002 ,and its permission is false
09-01 14:24:14.773 V/bt_stack( 8588): [VERBOSE1:btm_ble_gap.cc(1923)] btm_ble_process_ext_adv_pkt: bda=fd:32:0c:ad:56:d5
09-01 14:24:14.773 V/bt_stack( 8588): [VERBOSE1:btm_ble_gap.cc(1847)] btm_ble_process_adv_addr: bda=fd:32:0c:ad:56:d5
09-01 14:24:14.773 V/bt_stack( 8588): [VERBOSE1:btm_ble_gap.cc(2052)]  Waiting for scan response fd:32:0c:ad:56:d5
09-01 14:24:14.773 V/bt_stack( 8588): [VERBOSE1:btm_ble_gap.cc(1923)] btm_ble_process_ext_adv_pkt: bda=fd:32:0c:ad:56:d5
09-01 14:24:14.773 V/bt_stack( 8588): [VERBOSE1:btm_ble_gap.cc(1847)] btm_ble_process_adv_addr: bda=fd:32:0c:ad:56:d5
09-01 14:24:14.774 V/bt_stack( 8588): [VERBOSE1:btm_ble_gap.cc(1923)] btm_ble_process_ext_adv_pkt: bda=10:42:5e:92:d4:eb
09-01 14:24:14.774 V/bt_stack( 8588): [VERBOSE1:btm_ble_gap.cc(1847)] btm_ble_process_adv_addr: bda=10:42:5e:92:d4:eb
09-01 14:24:14.775 D/BluetoothUtils( 8588): blockedByLocationOff callingUid=1002
09-01 14:24:14.776 I/BluetoothUtils( 8588): packagename is android.uid.bluetooth:1002 ,and its permission is false
09-01 14:24:14.776 D/BluetoothUtils( 8588): blockedByLocationOff callingUid=1002
09-01 14:24:14.776 I/BluetoothUtils( 8588): packagename is android.uid.bluetooth:1002 ,and its permission is false
09-01 14:24:14.776 D/BluetoothUtils( 8588): blockedByLocationOff callingUid=1002
09-01 14:24:14.776 I/BluetoothUtils( 8588): packagename is android.uid.bluetooth:1002 ,and its permission is false
09-01 14:24:14.777 D/BluetoothUtils( 8588): blockedByLocationOff callingUid=1002
09-01 14:24:14.777 I/BluetoothUtils( 8588): packagename is android.uid.bluetooth:1002 ,and its permission is false
09-01 14:24:14.777 D/BluetoothUtils( 8588): blockedByLocationOff callingUid=1002
09-01 14:24:14.778 I/BluetoothUtils( 8588): packagename is android.uid.bluetooth:1002 ,and its permission is false
09-01 14:24:14.778 D/BluetoothUtils( 8588): blockedByLocationOff callingUid=1002
09-01 14:24:14.778 I/BluetoothUtils( 8588): packagename is android.uid.bluetooth:1002 ,and its permission is false
09-01 14:24:14.788 V/bt_stack( 8588): [VERBOSE1:btm_ble_gap.cc(1923)] btm_ble_process_ext_adv_pkt: bda=17:be:83:99:5a:17
09-01 14:24:14.788 V/bt_stack( 8588): [VERBOSE1:btm_ble_gap.cc(1847)] btm_ble_process_adv_addr: bda=17:be:83:99:5a:17
09-01 14:24:14.789 D/BluetoothUtils( 8588): blockedByLocationOff callingUid=1002
09-01 14:24:14.790 I/BluetoothUtils( 8588): packagename is android.uid.bluetooth:1002 ,and its permission is false
09-01 14:24:14.790 D/BluetoothUtils( 8588): blockedByLocationOff callingUid=1002
09-01 14:24:14.790 I/BluetoothUtils( 8588): packagename is android.uid.bluetooth:1002 ,and its permission is false
09-01 14:24:14.790 D/BluetoothUtils( 8588): blockedByLocationOff callingUid=1002
09-01 14:24:14.790 I/BluetoothUtils( 8588): packagename is android.uid.bluetooth:1002 ,and its permission is false
09-01 14:24:14.805 V/bt_stack( 8588): [VERBOSE1:btm_ble_gap.cc(1923)] btm_ble_process_ext_adv_pkt: bda=53:56:a8:ef:e5:80
09-01 14:24:14.805 V/bt_stack( 8588): [VERBOSE1:btm_ble_gap.cc(1847)] btm_ble_process_adv_addr: bda=53:56:a8:ef:e5:80
09-01 14:24:14.805 V/bt_stack( 8588): [VERBOSE1:btm_ble_gap.cc(2052)]  Waiting for scan response 53:56:a8:ef:e5:80
09-01 14:24:14.805 V/bt_stack( 8588): [VERBOSE1:btm_ble_gap.cc(1923)] btm_ble_process_ext_adv_pkt: bda=53:56:a8:ef:e5:80
09-01 14:24:14.805 V/bt_stack( 8588): [VERBOSE1:btm_ble_gap.cc(1847)] btm_ble_process_adv_addr: bda=53:56:a8:ef:e5:80
09-01 14:24:14.808 D/BluetoothUtils( 8588): blockedByLocationOff callingUid=1002
09-01 14:24:14.808 I/BluetoothUtils( 8588): packagename is android.uid.bluetooth:1002 ,and its permission is false
09-01 14:24:14.808 D/BluetoothUtils( 8588): blockedByLocationOff callingUid=1002
09-01 14:24:14.809 I/BluetoothUtils( 8588): packagename is android.uid.bluetooth:1002 ,and its permission is false
09-01 14:24:14.809 D/BluetoothUtils( 8588): blockedByLocationOff callingUid=1002
09-01 14:24:14.809 I/BluetoothUtils( 8588): packagename is android.uid.bluetooth:1002 ,and its permission is false
09-01 14:24:14.827 V/bt_stack( 8588): [VERBOSE1:btm_ble_gap.cc(1923)] btm_ble_process_ext_adv_pkt: bda=38:f9:d3:45:87:1e
09-01 14:24:14.827 V/bt_stack( 8588): [VERBOSE1:btm_ble_gap.cc(1847)] btm_ble_process_adv_addr: bda=38:f9:d3:45:87:1e
09-01 14:24:14.827 V/bt_stack( 8588): [VERBOSE1:btm_ble_gap.cc(2052)]  Waiting for scan response 38:f9:d3:45:87:1e
09-01 14:24:14.834 V/bt_stack( 8588): [VERBOSE1:btm_ble_gap.cc(1923)] btm_ble_process_ext_adv_pkt: bda=5b:8f:e9:2b:3b:96
09-01 14:24:14.834 V/bt_stack( 8588): [VERBOSE1:btm_ble_gap.cc(1847)] btm_ble_process_adv_addr: bda=5b:8f:e9:2b:3b:96
09-01 14:24:14.834 V/bt_stack( 8588): [VERBOSE1:btm_ble_gap.cc(2052)]  Waiting for scan response 5b:8f:e9:2b:3b:96
09-01 14:24:14.834 V/bt_stack( 8588): [VERBOSE1:btm_ble_gap.cc(1923)] btm_ble_process_ext_adv_pkt: bda=2a:99:8c:12:d1:b1
09-01 14:24:14.834 V/bt_stack( 8588): [VERBOSE1:btm_ble_gap.cc(1847)] btm_ble_process_adv_addr: bda=2a:99:8c:12:d1:b1
09-01 14:24:14.836 D/BluetoothUtils( 8588): blockedByLocationOff callingUid=1002
09-01 14:24:14.836 V/bt_stack( 8588): [VERBOSE1:btm_ble_gap.cc(1923)] btm_ble_process_ext_adv_pkt: bda=11:82:f5:89:45:91
09-01 14:24:14.836 I/BluetoothUtils( 8588): packagename is android.uid.bluetooth:1002 ,and its permission is false
09-01 14:24:14.836 V/bt_stack( 8588): [VERBOSE1:btm_ble_gap.cc(1847)] btm_ble_process_adv_addr: bda=11:82:f5:89:45:91
09-01 14:24:14.836 D/BluetoothUtils( 8588): blockedByLocationOff callingUid=1002
09-01 14:24:14.836 I/BluetoothUtils( 8588): packagename is android.uid.bluetooth:1002 ,and its permission is false
09-01 14:24:14.836 D/BluetoothUtils( 8588): blockedByLocationOff callingUid=1002
09-01 14:24:14.837 I/BluetoothUtils( 8588): packagename is android.uid.bluetooth:1002 ,and its permission is false
09-01 14:24:14.837 D/BluetoothUtils( 8588): blockedByLocationOff callingUid=1002
09-01 14:24:14.838 I/BluetoothUtils( 8588): packagename is android.uid.bluetooth:1002 ,and its permission is false
09-01 14:24:14.838 D/BluetoothUtils( 8588): blockedByLocationOff callingUid=1002
09-01 14:24:14.838 I/BluetoothUtils( 8588): packagename is android.uid.bluetooth:1002 ,and its permission is false
09-01 14:24:14.838 D/BluetoothUtils( 8588): blockedByLocationOff callingUid=1002
09-01 14:24:14.838 I/BluetoothUtils( 8588): packagename is android.uid.bluetooth:1002 ,and its permission is false
09-01 14:24:14.842 V/bt_stack( 8588): [VERBOSE1:btm_ble_gap.cc(1923)] btm_ble_process_ext_adv_pkt: bda=07:5a:b0:04:f2:ba
09-01 14:24:14.842 V/bt_stack( 8588): [VERBOSE1:btm_ble_gap.cc(1847)] btm_ble_process_adv_addr: bda=07:5a:b0:04:f2:ba
09-01 14:24:14.844 D/BluetoothUtils( 8588): blockedByLocationOff callingUid=1002
09-01 14:24:14.844 I/BluetoothUtils( 8588): packagename is android.uid.bluetooth:1002 ,and its permission is false
09-01 14:24:14.844 D/BluetoothUtils( 8588): blockedByLocationOff callingUid=1002
09-01 14:24:14.845 I/BluetoothUtils( 8588): packagename is android.uid.bluetooth:1002 ,and its permission is false
09-01 14:24:14.845 D/BluetoothUtils( 8588): blockedByLocationOff callingUid=1002
09-01 14:24:14.845 I/BluetoothUtils( 8588): packagename is android.uid.bluetooth:1002 ,and its permission is false
09-01 14:24:14.852 V/bt_stack( 8588): [VERBOSE1:btm_ble_gap.cc(1923)] btm_ble_process_ext_adv_pkt: bda=30:b8:83:fe:c9:1f
09-01 14:24:14.852 V/bt_stack( 8588): [VERBOSE1:btm_ble_gap.cc(1847)] btm_ble_process_adv_addr: bda=30:b8:83:fe:c9:1f
09-01 14:24:14.853 D/BluetoothUtils( 8588): blockedByLocationOff callingUid=1002
09-01 14:24:14.854 I/BluetoothUtils( 8588): packagename is android.uid.bluetooth:1002 ,and its permission is false
09-01 14:24:14.854 D/BluetoothUtils( 8588): blockedByLocationOff callingUid=1002
09-01 14:24:14.854 I/BluetoothUtils( 8588): packagename is android.uid.bluetooth:1002 ,and its permission is false
09-01 14:24:14.854 D/BluetoothUtils( 8588): blockedByLocationOff callingUid=1002
09-01 14:24:14.855 I/BluetoothUtils( 8588): packagename is android.uid.bluetooth:1002 ,and its permission is false
09-01 14:24:14.867 I/appium  ( 3448): channel read invoked!
09-01 14:24:14.867 I/appium  ( 3448): channel read: POST /wd/hub/session/06b5de24-b51b-4907-8e5d-a591dbb38551/element
09-01 14:24:14.868 I/appium  ( 3448): Find element command using 'id' with selector 'com.xiaomi.hm.health:id/back'.
09-01 14:24:14.868 I/appium  ( 3448): Waiting up to 10000ms for device to be idle
09-01 14:24:14.887 V/bt_stack( 8588): [VERBOSE1:btm_ble_gap.cc(1923)] btm_ble_process_ext_adv_pkt: bda=48:14:81:f8:b8:84
09-01 14:24:14.887 V/bt_stack( 8588): [VERBOSE1:btm_ble_gap.cc(1847)] btm_ble_process_adv_addr: bda=48:14:81:f8:b8:84
09-01 14:24:14.887 V/bt_stack( 8588): [VERBOSE1:btm_ble_gap.cc(2052)]  Waiting for scan response 48:14:81:f8:b8:84
09-01 14:24:14.887 I/appium  ( 3448): AppiumResponse: {"sessionId":"06b5de24-b51b-4907-8e5d-a591dbb38551","value":{"ELEMENT":"20828b96-da29-4ddd-a1c0-d55adcfd5892","element-6066-11e4-a52e-4f735466cecf":"20828b96-da29-4ddd-a1c0-d55adcfd5892"}}
09-01 14:24:14.892 D/QCNEJ/WlanStaInfoRelay( 2635): Received action: android.net.wifi.RSSI_CHANGED
09-01 14:24:14.893 V/bt_stack( 8588): [VERBOSE1:btm_ble_gap.cc(1923)] btm_ble_process_ext_adv_pkt: bda=7c:7c:58:d5:aa:e1
09-01 14:24:14.893 V/bt_stack( 8588): [VERBOSE1:btm_ble_gap.cc(1847)] btm_ble_process_adv_addr: bda=7c:7c:58:d5:aa:e1
09-01 14:24:14.893 V/bt_stack( 8588): [VERBOSE1:btm_ble_gap.cc(2052)]  Waiting for scan response 7c:7c:58:d5:aa:e1
09-01 14:24:14.893 V/bt_stack( 8588): [VERBOSE1:btm_ble_gap.cc(1923)] btm_ble_process_ext_adv_pkt: bda=17:be:83:99:5a:17
09-01 14:24:14.893 V/bt_stack( 8588): [VERBOSE1:btm_ble_gap.cc(1847)] btm_ble_process_adv_addr: bda=17:be:83:99:5a:17
09-01 14:24:14.895 D/BluetoothUtils( 8588): blockedByLocationOff callingUid=1002
09-01 14:24:14.895 I/BluetoothUtils( 8588): packagename is android.uid.bluetooth:1002 ,and its permission is false
09-01 14:24:14.895 D/BluetoothUtils( 8588): blockedByLocationOff callingUid=1002
09-01 14:24:14.896 I/BluetoothUtils( 8588): packagename is android.uid.bluetooth:1002 ,and its permission is false
09-01 14:24:14.896 D/BluetoothUtils( 8588): blockedByLocationOff callingUid=1002
09-01 14:24:14.900 I/BluetoothUtils( 8588): packagename is android.uid.bluetooth:1002 ,and its permission is false
09-01 14:24:14.901 D/NetworkStateReceiver(22367): sWifiStrengthLevel = 4
09-01 14:24:14.901 V/bt_stack( 8588): [VERBOSE1:btm_ble_gap.cc(1923)] btm_ble_process_ext_adv_pkt: bda=d0:24:10:d7:5b:bc
09-01 14:24:14.902 V/bt_stack( 8588): [VERBOSE1:btm_ble_gap.cc(1847)] btm_ble_process_adv_addr: bda=d0:24:10:d7:5b:bc
09-01 14:24:14.902 V/bt_stack( 8588): [VERBOSE1:btm_ble_gap.cc(2052)]  Waiting for scan response d0:24:10:d7:5b:bc
09-01 14:24:14.902 V/bt_stack( 8588): [VERBOSE1:btm_ble_gap.cc(1923)] btm_ble_process_ext_adv_pkt: bda=d0:24:10:d7:5b:bc
09-01 14:24:14.902 V/bt_stack( 8588): [VERBOSE1:btm_ble_gap.cc(1847)] btm_ble_process_adv_addr: bda=d0:24:10:d7:5b:bc
09-01 14:24:14.903 V/bt_stack( 8588): [VERBOSE1:btm_ble_gap.cc(1923)] btm_ble_process_ext_adv_pkt: bda=19:ad:01:0d:ee:7c
09-01 14:24:14.904 V/bt_stack( 8588): [VERBOSE1:btm_ble_gap.cc(1847)] btm_ble_process_adv_addr: bda=19:ad:01:0d:ee:7c
09-01 14:24:14.904 D/BluetoothUtils( 8588): blockedByLocationOff callingUid=1002
09-01 14:24:14.904 I/appium  ( 3448): channel read invoked!
09-01 14:24:14.904 I/appium  ( 3448): channel read: POST /wd/hub/session/06b5de24-b51b-4907-8e5d-a591dbb38551/element/20828b96-da29-4ddd-a1c0-d55adcfd5892/click
09-01 14:24:14.904 I/appium  ( 3448): Click element command
09-01 14:24:14.905 I/BluetoothUtils( 8588): packagename is android.uid.bluetooth:1002 ,and its permission is false
09-01 14:24:14.905 D/BluetoothUtils( 8588): blockedByLocationOff callingUid=1002
09-01 14:24:14.905 I/BluetoothUtils( 8588): packagename is android.uid.bluetooth:1002 ,and its permission is false
09-01 14:24:14.905 D/BluetoothUtils( 8588): blockedByLocationOff callingUid=1002
09-01 14:24:14.905 I/BluetoothUtils( 8588): packagename is android.uid.bluetooth:1002 ,and its permission is false
09-01 14:24:14.906 D/BluetoothUtils( 8588): blockedByLocationOff callingUid=1002
09-01 14:24:14.906 V/bt_stack( 8588): [VERBOSE1:btm_ble_gap.cc(1923)] btm_ble_process_ext_adv_pkt: bda=ac:29:3a:9a:aa:42
09-01 14:24:14.906 V/bt_stack( 8588): [VERBOSE1:btm_ble_gap.cc(1847)] btm_ble_process_adv_addr: bda=ac:29:3a:9a:aa:42
09-01 14:24:14.906 V/bt_stack( 8588): [VERBOSE1:btm_ble_gap.cc(2052)]  Waiting for scan response ac:29:3a:9a:aa:42
09-01 14:24:14.906 V/bt_stack( 8588): [VERBOSE1:btm_ble_gap.cc(1923)] btm_ble_process_ext_adv_pkt: bda=ac:29:3a:9a:aa:42
09-01 14:24:14.907 V/bt_stack( 8588): [VERBOSE1:btm_ble_gap.cc(1847)] btm_ble_process_adv_addr: bda=ac:29:3a:9a:aa:42
09-01 14:24:14.907 I/BluetoothUtils( 8588): packagename is android.uid.bluetooth:1002 ,and its permission is false
09-01 14:24:14.907 D/BluetoothUtils( 8588): blockedByLocationOff callingUid=1002
09-01 14:24:14.907 I/BluetoothUtils( 8588): packagename is android.uid.bluetooth:1002 ,and its permission is false
09-01 14:24:14.907 D/BluetoothUtils( 8588): blockedByLocationOff callingUid=1002
09-01 14:24:14.907 V/bt_stack( 8588): [VERBOSE1:btm_ble_gap.cc(1923)] btm_ble_process_ext_adv_pkt: bda=25:5e:6a:5a:81:28
09-01 14:24:14.907 V/bt_stack( 8588): [VERBOSE1:btm_ble_gap.cc(1847)] btm_ble_process_adv_addr: bda=25:5e:6a:5a:81:28
09-01 14:24:14.907 I/BluetoothUtils( 8588): packagename is android.uid.bluetooth:1002 ,and its permission is false
09-01 14:24:14.908 D/BluetoothUtils( 8588): blockedByLocationOff callingUid=1002
09-01 14:24:14.908 I/BluetoothUtils( 8588): packagename is android.uid.bluetooth:1002 ,and its permission is false
09-01 14:24:14.908 D/BluetoothUtils( 8588): blockedByLocationOff callingUid=1002
09-01 14:24:14.908 I/BluetoothUtils( 8588): packagename is android.uid.bluetooth:1002 ,and its permission is false
09-01 14:24:14.908 D/BluetoothUtils( 8588): blockedByLocationOff callingUid=1002
09-01 14:24:14.909 I/BluetoothUtils( 8588): packagename is android.uid.bluetooth:1002 ,and its permission is false
09-01 14:24:14.909 D/BluetoothUtils( 8588): blockedByLocationOff callingUid=1002
09-01 14:24:14.910 I/BluetoothUtils( 8588): packagename is android.uid.bluetooth:1002 ,and its permission is false
09-01 14:24:14.910 D/BluetoothUtils( 8588): blockedByLocationOff callingUid=1002
09-01 14:24:14.910 I/BluetoothUtils( 8588): packagename is android.uid.bluetooth:1002 ,and its permission is false
09-01 14:24:14.910 D/BluetoothUtils( 8588): blockedByLocationOff callingUid=1002
09-01 14:24:14.910 I/BluetoothUtils( 8588): packagename is android.uid.bluetooth:1002 ,and its permission is false
09-01 14:24:14.918 D/StackScroller(29730): applyCurrentState
09-01 14:24:14.926 V/bt_stack( 8588): [VERBOSE1:btm_ble_gap.cc(1923)] btm_ble_process_ext_adv_pkt: bda=34:23:f9:27:c7:18
09-01 14:24:14.926 V/bt_stack( 8588): [VERBOSE1:btm_ble_gap.cc(1847)] btm_ble_process_adv_addr: bda=34:23:f9:27:c7:18
09-01 14:24:14.928 D/BluetoothUtils( 8588): blockedByLocationOff callingUid=1002
09-01 14:24:14.928 I/BluetoothUtils( 8588): packagename is android.uid.bluetooth:1002 ,and its permission is false
09-01 14:24:14.929 D/BluetoothUtils( 8588): blockedByLocationOff callingUid=1002
09-01 14:24:14.929 I/BluetoothUtils( 8588): packagename is android.uid.bluetooth:1002 ,and its permission is false
09-01 14:24:14.929 D/BluetoothUtils( 8588): blockedByLocationOff callingUid=1002
09-01 14:24:14.929 I/BluetoothUtils( 8588): packagename is android.uid.bluetooth:1002 ,and its permission is false
09-01 14:24:14.932 V/bt_stack( 8588): [VERBOSE1:btm_ble_gap.cc(1923)] btm_ble_process_ext_adv_pkt: bda=71:d8:ac:89:39:0d
09-01 14:24:14.932 V/bt_stack( 8588): [VERBOSE1:btm_ble_gap.cc(1847)] btm_ble_process_adv_addr: bda=71:d8:ac:89:39:0d
09-01 14:24:14.932 V/bt_stack( 8588): [VERBOSE1:btm_ble_gap.cc(2052)]  Waiting for scan response 71:d8:ac:89:39:0d
09-01 14:24:14.932 V/bt_stack( 8588): [VERBOSE1:btm_ble_gap.cc(1923)] btm_ble_process_ext_adv_pkt: bda=63:e7:6b:57:ac:90
09-01 14:24:14.932 V/bt_stack( 8588): [VERBOSE1:btm_ble_gap.cc(1847)] btm_ble_process_adv_addr: bda=63:e7:6b:57:ac:90
09-01 14:24:14.932 V/bt_stack( 8588): [VERBOSE1:btm_ble_gap.cc(2052)]  Waiting for scan response 63:e7:6b:57:ac:90
09-01 14:24:14.932 V/bt_stack( 8588): [VERBOSE1:btm_ble_gap.cc(1923)] btm_ble_process_ext_adv_pkt: bda=63:e7:6b:57:ac:90
09-01 14:24:14.932 V/bt_stack( 8588): [VERBOSE1:btm_ble_gap.cc(1847)] btm_ble_process_adv_addr: bda=63:e7:6b:57:ac:90
09-01 14:24:14.934 D/BluetoothUtils( 8588): blockedByLocationOff callingUid=1002
09-01 14:24:14.934 I/BluetoothUtils( 8588): packagename is android.uid.bluetooth:1002 ,and its permission is false
09-01 14:24:14.934 D/BluetoothUtils( 8588): blockedByLocationOff callingUid=1002
09-01 14:24:14.934 I/BluetoothUtils( 8588): packagename is android.uid.bluetooth:1002 ,and its permission is false
09-01 14:24:14.934 D/BluetoothUtils( 8588): blockedByLocationOff callingUid=1002
09-01 14:24:14.935 I/BluetoothUtils( 8588): packagename is android.uid.bluetooth:1002 ,and its permission is false
09-01 14:24:14.937 V/bt_stack( 8588): [VERBOSE1:btm_ble_gap.cc(1923)] btm_ble_process_ext_adv_pkt: bda=6e:84:42:34:50:51
09-01 14:24:14.937 V/bt_stack( 8588): [VERBOSE1:btm_ble_gap.cc(1847)] btm_ble_process_adv_addr: bda=6e:84:42:34:50:51
09-01 14:24:14.937 V/bt_stack( 8588): [VERBOSE1:btm_ble_gap.cc(2052)]  Waiting for scan response 6e:84:42:34:50:51
09-01 14:24:14.937 V/bt_stack( 8588): [VERBOSE1:btm_ble_gap.cc(1923)] btm_ble_process_ext_adv_pkt: bda=5c:29:57:19:d9:ea
09-01 14:24:14.937 V/bt_stack( 8588): [VERBOSE1:btm_ble_gap.cc(1847)] btm_ble_process_adv_addr: bda=5c:29:57:19:d9:ea
09-01 14:24:14.938 D/BluetoothUtils( 8588): blockedByLocationOff callingUid=1002
09-01 14:24:14.938 I/BluetoothUtils( 8588): packagename is android.uid.bluetooth:1002 ,and its permission is false
09-01 14:24:14.938 D/BluetoothUtils( 8588): blockedByLocationOff callingUid=1002
09-01 14:24:14.939 I/BluetoothUtils( 8588): packagename is android.uid.bluetooth:1002 ,and its permission is false
09-01 14:24:14.939 D/BluetoothUtils( 8588): blockedByLocationOff callingUid=1002
09-01 14:24:14.939 D/ActivityTrigger( 1639): ActivityTrigger activityPauseTrigger 
09-01 14:24:14.939 I/BluetoothUtils( 8588): packagename is android.uid.bluetooth:1002 ,and its permission is false
09-01 14:24:14.944 V/bt_stack( 8588): [VERBOSE1:btm_ble_gap.cc(1923)] btm_ble_process_ext_adv_pkt: bda=12:1c:38:cd:04:e8
09-01 14:24:14.944 V/bt_stack( 8588): [VERBOSE1:btm_ble_gap.cc(1847)] btm_ble_process_adv_addr: bda=12:1c:38:cd:04:e8
09-01 14:24:14.947 D/StackScroller(29730): applyCurrentState
09-01 14:24:14.948 V/bt_stack( 8588): [VERBOSE1:btm_ble_gap.cc(1923)] btm_ble_process_ext_adv_pkt: bda=07:5a:b0:04:f2:ba
09-01 14:24:14.948 V/bt_stack( 8588): [VERBOSE1:btm_ble_gap.cc(1847)] btm_ble_process_adv_addr: bda=07:5a:b0:04:f2:ba
09-01 14:24:14.949 I/appium  ( 3448): Waiting up to 10000ms for device to be idle
09-01 14:24:14.949 D/BluetoothUtils( 8588): blockedByLocationOff callingUid=1002
09-01 14:24:14.949 I/BluetoothUtils( 8588): packagename is android.uid.bluetooth:1002 ,and its permission is false
09-01 14:24:14.949 D/BluetoothUtils( 8588): blockedByLocationOff callingUid=1002
09-01 14:24:14.950 I/BluetoothUtils( 8588): packagename is android.uid.bluetooth:1002 ,and its permission is false
09-01 14:24:14.951 I/appium  ( 3448): AppiumResponse: {"sessionId":"06b5de24-b51b-4907-8e5d-a591dbb38551","value":null}
09-01 14:24:14.953 D/BluetoothUtils( 8588): blockedByLocationOff callingUid=1002
09-01 14:24:14.953 I/BluetoothUtils( 8588): packagename is android.uid.bluetooth:1002 ,and its permission is false
09-01 14:24:14.954 D/BluetoothUtils( 8588): blockedByLocationOff callingUid=1002
09-01 14:24:14.954 I/BluetoothUtils( 8588): packagename is android.uid.bluetooth:1002 ,and its permission is false
09-01 14:24:14.954 D/BluetoothUtils( 8588): blockedByLocationOff callingUid=1002
09-01 14:24:14.955 I/BluetoothUtils( 8588): packagename is android.uid.bluetooth:1002 ,and its permission is false
09-01 14:24:14.955 D/BluetoothUtils( 8588): blockedByLocationOff callingUid=1002
09-01 14:24:14.955 I/BluetoothUtils( 8588): packagename is android.uid.bluetooth:1002 ,and its permission is false
09-01 14:24:14.956 V/bt_stack( 8588): [VERBOSE1:btm_ble_gap.cc(1923)] btm_ble_process_ext_adv_pkt: bda=30:b8:83:fe:c9:1f
09-01 14:24:14.956 V/bt_stack( 8588): [VERBOSE1:btm_ble_gap.cc(1847)] btm_ble_process_adv_addr: bda=30:b8:83:fe:c9:1f
09-01 14:24:14.956 D/BluetoothUtils( 8588): blockedByLocationOff callingUid=1002
09-01 14:24:14.957 I/BluetoothUtils( 8588): packagename is android.uid.bluetooth:1002 ,and its permission is false
09-01 14:24:14.957 D/BluetoothUtils( 8588): blockedByLocationOff callingUid=1002
09-01 14:24:14.957 I/BluetoothUtils( 8588): packagename is android.uid.bluetooth:1002 ,and its permission is false
09-01 14:24:14.957 D/BluetoothUtils( 8588): blockedByLocationOff callingUid=1002
09-01 14:24:14.957 D/WindowManager( 1639): Input focus has changed to null
09-01 14:24:14.957 V/bt_stack( 8588): [VERBOSE1:btm_ble_gap.cc(1923)] btm_ble_process_ext_adv_pkt: bda=59:bb:67:f0:94:3c
09-01 14:24:14.957 I/BluetoothUtils( 8588): packagename is android.uid.bluetooth:1002 ,and its permission is false
09-01 14:24:14.957 V/bt_stack( 8588): [VERBOSE1:btm_ble_gap.cc(1847)] btm_ble_process_adv_addr: bda=59:bb:67:f0:94:3c
09-01 14:24:14.958 D/BluetoothUtils( 8588): blockedByLocationOff callingUid=1002
09-01 14:24:14.958 I/BluetoothUtils( 8588): packagename is android.uid.bluetooth:1002 ,and its permission is false
09-01 14:24:14.958 D/BluetoothUtils( 8588): blockedByLocationOff callingUid=1002
09-01 14:24:14.959 I/BluetoothUtils( 8588): packagename is android.uid.bluetooth:1002 ,and its permission is false
09-01 14:24:14.959 D/BluetoothUtils( 8588): blockedByLocationOff callingUid=1002
09-01 14:24:14.959 I/BluetoothUtils( 8588): packagename is android.uid.bluetooth:1002 ,and its permission is false
09-01 14:24:14.960 V/bt_stack( 8588): [VERBOSE1:btm_ble_gap.cc(1923)] btm_ble_process_ext_adv_pkt: bda=0a:29:89:b7:c8:4a
09-01 14:24:14.960 V/bt_stack( 8588): [VERBOSE1:btm_ble_gap.cc(1847)] btm_ble_process_adv_addr: bda=0a:29:89:b7:c8:4a
09-01 14:24:14.961 D/BluetoothUtils( 8588): blockedByLocationOff callingUid=1002
09-01 14:24:14.961 I/BluetoothUtils( 8588): packagename is android.uid.bluetooth:1002 ,and its permission is false
09-01 14:24:14.961 D/BluetoothUtils( 8588): blockedByLocationOff callingUid=1002
09-01 14:24:14.961 I/Timeline( 1639): Timeline: App_transition_ready time:211020978
09-01 14:24:14.961 I/BluetoothUtils( 8588): packagename is android.uid.bluetooth:1002 ,and its permission is false
09-01 14:24:14.961 D/BluetoothUtils( 8588): blockedByLocationOff callingUid=1002
09-01 14:24:14.964 I/BluetoothUtils( 8588): packagename is android.uid.bluetooth:1002 ,and its permission is false
09-01 14:24:14.966 I/Timeline( 1639): Timeline: App_transition_ready time:211020983
09-01 14:24:14.970 V/bt_stack( 8588): [VERBOSE1:btm_ble_gap.cc(1923)] btm_ble_process_ext_adv_pkt: bda=70:f7:bb:11:90:a8
09-01 14:24:14.970 V/bt_stack( 8588): [VERBOSE1:btm_ble_gap.cc(1847)] btm_ble_process_adv_addr: bda=70:f7:bb:11:90:a8
09-01 14:24:14.971 D/BluetoothUtils( 8588): blockedByLocationOff callingUid=1002
09-01 14:24:14.971 I/BluetoothUtils( 8588): packagename is android.uid.bluetooth:1002 ,and its permission is false
09-01 14:24:14.971 D/BluetoothUtils( 8588): blockedByLocationOff callingUid=1002
09-01 14:24:14.971 I/BluetoothUtils( 8588): packagename is android.uid.bluetooth:1002 ,and its permission is false
09-01 14:24:14.971 D/BluetoothUtils( 8588): blockedByLocationOff callingUid=1002
09-01 14:24:14.971 I/BluetoothUtils( 8588): packagename is android.uid.bluetooth:1002 ,and its permission is false
09-01 14:24:14.971 D/RecentsImpl( 7676): mActivityStateObserver com.xiaomi.hm.health.ui.favorite.MyFavoriteActivity
09-01 14:24:14.981 I/Timeline( 1639): Timeline: App_transition_ready time:211020998
09-01 14:24:14.981 D/WindowManager( 1639): Input focus has changed to Window{cd7fd29 u0 com.xiaomi.hm.health/com.xiaomi.hm.health.ui.favorite.MyFavoriteActivity}
09-01 14:24:14.982 V/bt_stack( 8588): [VERBOSE1:btm_ble_gap.cc(1923)] btm_ble_process_ext_adv_pkt: bda=3c:22:fb:3d:0a:8f
09-01 14:24:14.982 V/bt_stack( 8588): [VERBOSE1:btm_ble_gap.cc(1847)] btm_ble_process_adv_addr: bda=3c:22:fb:3d:0a:8f
09-01 14:24:14.982 V/bt_stack( 8588): [VERBOSE1:btm_ble_gap.cc(2052)]  Waiting for scan response 3c:22:fb:3d:0a:8f
09-01 14:24:14.992 V/bt_stack( 8588): [VERBOSE1:btm_ble_gap.cc(1923)] btm_ble_process_ext_adv_pkt: bda=3c:22:fb:6a:ee:2c
09-01 14:24:14.992 V/bt_stack( 8588): [VERBOSE1:btm_ble_gap.cc(1847)] btm_ble_process_adv_addr: bda=3c:22:fb:6a:ee:2c
09-01 14:24:14.992 V/bt_stack( 8588): [VERBOSE1:btm_ble_gap.cc(2052)]  Waiting for scan response 3c:22:fb:6a:ee:2c
09-01 14:24:14.992 V/bt_stack( 8588): [VERBOSE1:btm_ble_gap.cc(1923)] btm_ble_process_ext_adv_pkt: bda=0c:1a:06:0e:96:57
09-01 14:24:14.992 V/bt_stack( 8588): [VERBOSE1:btm_ble_gap.cc(1847)] btm_ble_process_adv_addr: bda=0c:1a:06:0e:96:57
09-01 14:24:14.992 I/appium  ( 3448): channel read invoked!
09-01 14:24:14.993 I/appium  ( 3448): channel read: POST /wd/hub/session/06b5de24-b51b-4907-8e5d-a591dbb38551/element
09-01 14:24:14.994 D/BluetoothUtils( 8588): blockedByLocationOff callingUid=1002
09-01 14:24:14.994 I/appium  ( 3448): Find element command using 'xpath' with selector '//*[@resource-id='com.xiaomi.hm.health:id/title_container']/android.widget.TextView[2]'.
09-01 14:24:14.995 I/BluetoothUtils( 8588): packagename is android.uid.bluetooth:1002 ,and its permission is false
09-01 14:24:14.995 D/BluetoothUtils( 8588): blockedByLocationOff callingUid=1002
09-01 14:24:14.995 I/BluetoothUtils( 8588): packagename is android.uid.bluetooth:1002 ,and its permission is false
09-01 14:24:14.995 D/BluetoothUtils( 8588): blockedByLocationOff callingUid=1002
09-01 14:24:14.995 I/appium  ( 3448): Waiting up to 10000ms for device to be idle
09-01 14:24:14.995 I/BluetoothUtils( 8588): packagename is android.uid.bluetooth:1002 ,and its permission is false
09-01 14:24:14.996 I/Timeline( 1639): Timeline: App_transition_ready time:211021013
09-01 14:24:14.997 V/bt_stack( 8588): [VERBOSE1:btm_ble_gap.cc(1923)] btm_ble_process_ext_adv_pkt: bda=17:be:83:99:5a:17
09-01 14:24:14.997 V/bt_stack( 8588): [VERBOSE1:btm_ble_gap.cc(1847)] btm_ble_process_adv_addr: bda=17:be:83:99:5a:17
09-01 14:24:14.997 D/BluetoothUtils( 8588): blockedByLocationOff callingUid=1002
09-01 14:24:14.998 I/BluetoothUtils( 8588): packagename is android.uid.bluetooth:1002 ,and its permission is false
09-01 14:24:14.998 D/BluetoothUtils( 8588): blockedByLocationOff callingUid=1002
09-01 14:24:14.998 I/BluetoothUtils( 8588): packagename is android.uid.bluetooth:1002 ,and its permission is false
09-01 14:24:14.998 D/BluetoothUtils( 8588): blockedByLocationOff callingUid=1002
09-01 14:24:14.998 I/BluetoothUtils( 8588): packagename is android.uid.bluetooth:1002 ,and its permission is false
09-01 14:24:15.003 I/SplashScreenServiceDelegate( 1639): None for com.xiaomi.hm.health
09-01 14:24:15.017 V/bt_stack( 8588): [VERBOSE1:btm_ble_gap.cc(1923)] btm_ble_process_ext_adv_pkt: bda=70:33:97:a2:2a:78
09-01 14:24:15.017 V/bt_stack( 8588): [VERBOSE1:btm_ble_gap.cc(1847)] btm_ble_process_adv_addr: bda=70:33:97:a2:2a:78
09-01 14:24:15.017 V/bt_stack( 8588): [VERBOSE1:btm_ble_gap.cc(2052)]  Waiting for scan response 70:33:97:a2:2a:78
09-01 14:24:15.018 V/bt_stack( 8588): [VERBOSE1:btm_ble_gap.cc(1923)] btm_ble_process_ext_adv_pkt: bda=25:5e:6a:5a:81:28
09-01 14:24:15.018 V/bt_stack( 8588): [VERBOSE1:btm_ble_gap.cc(1847)] btm_ble_process_adv_addr: bda=25:5e:6a:5a:81:28
09-01 14:24:15.018 D/BluetoothUtils( 8588): blockedByLocationOff callingUid=1002
09-01 14:24:15.019 I/BluetoothUtils( 8588): packagename is android.uid.bluetooth:1002 ,and its permission is false
09-01 14:24:15.019 D/BluetoothUtils( 8588): blockedByLocationOff callingUid=1002
09-01 14:24:15.019 I/BluetoothUtils( 8588): packagename is android.uid.bluetooth:1002 ,and its permission is false
09-01 14:24:15.019 D/BluetoothUtils( 8588): blockedByLocationOff callingUid=1002
09-01 14:24:15.019 I/BluetoothUtils( 8588): packagename is android.uid.bluetooth:1002 ,and its permission is false
09-01 14:24:15.044 V/bt_stack( 8588): [VERBOSE1:btm_ble_gap.cc(1923)] btm_ble_process_ext_adv_pkt: bda=12:1c:38:cd:04:e8
09-01 14:24:15.044 V/bt_stack( 8588): [VERBOSE1:btm_ble_gap.cc(1847)] btm_ble_process_adv_addr: bda=12:1c:38:cd:04:e8
09-01 14:24:15.045 D/BluetoothUtils( 8588): blockedByLocationOff callingUid=1002
09-01 14:24:15.045 I/BluetoothUtils( 8588): packagename is android.uid.bluetooth:1002 ,and its permission is false
09-01 14:24:15.045 D/BluetoothUtils( 8588): blockedByLocationOff callingUid=1002
09-01 14:24:15.045 I/BluetoothUtils( 8588): packagename is android.uid.bluetooth:1002 ,and its permission is false
09-01 14:24:15.045 D/BluetoothUtils( 8588): blockedByLocationOff callingUid=1002
09-01 14:24:15.046 I/BluetoothUtils( 8588): packagename is android.uid.bluetooth:1002 ,and its permission is false
09-01 14:24:15.047 V/bt_stack( 8588): [VERBOSE1:btm_ble_gap.cc(1923)] btm_ble_process_ext_adv_pkt: bda=2a:99:8c:12:d1:b1
09-01 14:24:15.047 V/bt_stack( 8588): [VERBOSE1:btm_ble_gap.cc(1847)] btm_ble_process_adv_addr: bda=2a:99:8c:12:d1:b1
09-01 14:24:15.048 D/BluetoothUtils( 8588): blockedByLocationOff callingUid=1002
09-01 14:24:15.048 I/BluetoothUtils( 8588): packagename is android.uid.bluetooth:1002 ,and its permission is false
09-01 14:24:15.048 D/BluetoothUtils( 8588): blockedByLocationOff callingUid=1002
09-01 14:24:15.048 I/BluetoothUtils( 8588): packagename is android.uid.bluetooth:1002 ,and its permission is false
09-01 14:24:15.048 D/BluetoothUtils( 8588): blockedByLocationOff callingUid=1002
09-01 14:24:15.049 I/BluetoothUtils( 8588): packagename is android.uid.bluetooth:1002 ,and its permission is false
09-01 14:24:15.055 V/bt_stack( 8588): [VERBOSE1:btm_ble_gap.cc(1923)] btm_ble_process_ext_adv_pkt: bda=07:5a:b0:04:f2:ba
09-01 14:24:15.055 V/bt_stack( 8588): [VERBOSE1:btm_ble_gap.cc(1847)] btm_ble_process_adv_addr: bda=07:5a:b0:04:f2:ba
09-01 14:24:15.055 D/BluetoothUtils( 8588): blockedByLocationOff callingUid=1002
09-01 14:24:15.056 I/BluetoothUtils( 8588): packagename is android.uid.bluetooth:1002 ,and its permission is false
09-01 14:24:15.056 D/BluetoothUtils( 8588): blockedByLocationOff callingUid=1002
09-01 14:24:15.056 I/BluetoothUtils( 8588): packagename is android.uid.bluetooth:1002 ,and its permission is false
09-01 14:24:15.056 D/BluetoothUtils( 8588): blockedByLocationOff callingUid=1002
09-01 14:24:15.056 I/BluetoothUtils( 8588): packagename is android.uid.bluetooth:1002 ,and its permission is false
09-01 14:24:15.056 V/bt_stack( 8588): [VERBOSE1:btm_ble_gap.cc(1923)] btm_ble_process_ext_adv_pkt: bda=33:55:74:83:d5:3a
09-01 14:24:15.056 V/bt_stack( 8588): [VERBOSE1:btm_ble_gap.cc(1847)] btm_ble_process_adv_addr: bda=33:55:74:83:d5:3a
09-01 14:24:15.057 D/BluetoothUtils( 8588): blockedByLocationOff callingUid=1002
09-01 14:24:15.057 I/BluetoothUtils( 8588): packagename is android.uid.bluetooth:1002 ,and its permission is false
09-01 14:24:15.057 D/BluetoothUtils( 8588): blockedByLocationOff callingUid=1002
09-01 14:24:15.057 I/BluetoothUtils( 8588): packagename is android.uid.bluetooth:1002 ,and its permission is false
09-01 14:24:15.057 D/BluetoothUtils( 8588): blockedByLocationOff callingUid=1002
09-01 14:24:15.058 I/BluetoothUtils( 8588): packagename is android.uid.bluetooth:1002 ,and its permission is false
09-01 14:24:15.059 V/bt_stack( 8588): [VERBOSE1:btm_ble_gap.cc(1923)] btm_ble_process_ext_adv_pkt: bda=30:b8:83:fe:c9:1f
09-01 14:24:15.059 V/bt_stack( 8588): [VERBOSE1:btm_ble_gap.cc(1847)] btm_ble_process_adv_addr: bda=30:b8:83:fe:c9:1f
09-01 14:24:15.060 D/BluetoothUtils( 8588): blockedByLocationOff callingUid=1002
09-01 14:24:15.060 I/BluetoothUtils( 8588): packagename is android.uid.bluetooth:1002 ,and its permission is false
09-01 14:24:15.060 D/BluetoothUtils( 8588): blockedByLocationOff callingUid=1002
09-01 14:24:15.061 I/BluetoothUtils( 8588): packagename is android.uid.bluetooth:1002 ,and its permission is false
09-01 14:24:15.061 D/BluetoothUtils( 8588): blockedByLocationOff callingUid=1002
09-01 14:24:15.061 V/bt_stack( 8588): [VERBOSE1:btm_ble_gap.cc(1923)] btm_ble_process_ext_adv_pkt: bda=0a:29:89:b7:c8:4a
09-01 14:24:15.061 V/bt_stack( 8588): [VERBOSE1:btm_ble_gap.cc(1847)] btm_ble_process_adv_addr: bda=0a:29:89:b7:c8:4a
09-01 14:24:15.061 I/BluetoothUtils( 8588): packagename is android.uid.bluetooth:1002 ,and its permission is false
09-01 14:24:15.062 D/BluetoothUtils( 8588): blockedByLocationOff callingUid=1002
09-01 14:24:15.062 I/BluetoothUtils( 8588): packagename is android.uid.bluetooth:1002 ,and its permission is false
09-01 14:24:15.062 D/BluetoothUtils( 8588): blockedByLocationOff callingUid=1002
09-01 14:24:15.063 I/BluetoothUtils( 8588): packagename is android.uid.bluetooth:1002 ,and its permission is false
09-01 14:24:15.063 D/BluetoothUtils( 8588): blockedByLocationOff callingUid=1002
09-01 14:24:15.063 I/BluetoothUtils( 8588): packagename is android.uid.bluetooth:1002 ,and its permission is false
09-01 14:24:15.068 W/RecentsModel( 7676): onTaskStackChangedBackground: start loading
09-01 14:24:15.069 W/RecentsModel( 7676): getTaskInfoIgnoreHomeAndSplit   taskInfo=ComponentInfo{com.xiaomi.hm.health/com.xiaomi.hm.health.activity.MainTabActivity}
09-01 14:24:15.069 W/RecentsModel( 7676): getTaskInfoIgnoreHomeAndFreeform   taskInfo=ComponentInfo{com.xiaomi.hm.health/com.xiaomi.hm.health.activity.MainTabActivity}
09-01 14:24:15.070 W/RecentsModel( 7676): getTaskInfoIgnoreFreeform   taskInfo=ComponentInfo{com.xiaomi.hm.health/com.xiaomi.hm.health.activity.MainTabActivity}
09-01 14:24:15.070 W/RecentsModel( 7676): onTaskStackChangedBackground: finishLoading loading
09-01 14:24:15.074 V/bt_stack( 8588): [VERBOSE1:btm_ble_gap.cc(1923)] btm_ble_process_ext_adv_pkt: bda=36:c9:49:a0:b6:9d
09-01 14:24:15.074 V/bt_stack( 8588): [VERBOSE1:btm_ble_gap.cc(1847)] btm_ble_process_adv_addr: bda=36:c9:49:a0:b6:9d
09-01 14:24:15.074 D/BluetoothUtils( 8588): blockedByLocationOff callingUid=1002
09-01 14:24:15.075 I/BluetoothUtils( 8588): packagename is android.uid.bluetooth:1002 ,and its permission is false
09-01 14:24:15.075 D/BluetoothUtils( 8588): blockedByLocationOff callingUid=1002
09-01 14:24:15.075 I/BluetoothUtils( 8588): packagename is android.uid.bluetooth:1002 ,and its permission is false
09-01 14:24:15.075 D/BluetoothUtils( 8588): blockedByLocationOff callingUid=1002
09-01 14:24:15.075 V/bt_stack( 8588): [VERBOSE1:btm_ble_gap.cc(1923)] btm_ble_process_ext_adv_pkt: bda=2f:3a:5d:02:04:9c
09-01 14:24:15.075 I/BluetoothUtils( 8588): packagename is android.uid.bluetooth:1002 ,and its permission is false
09-01 14:24:15.075 V/bt_stack( 8588): [VERBOSE1:btm_ble_gap.cc(1847)] btm_ble_process_adv_addr: bda=2f:3a:5d:02:04:9c
09-01 14:24:15.076 D/BluetoothUtils( 8588): blockedByLocationOff callingUid=1002
09-01 14:24:15.076 I/BluetoothUtils( 8588): packagename is android.uid.bluetooth:1002 ,and its permission is false
09-01 14:24:15.076 D/BluetoothUtils( 8588): blockedByLocationOff callingUid=1002
09-01 14:24:15.076 I/BluetoothUtils( 8588): packagename is android.uid.bluetooth:1002 ,and its permission is false
