09-01 14:24:12.069 D/BluetoothUtils( 8588): blockedByLocationOff callingUid=1002
09-01 14:24:12.069 I/BluetoothUtils( 8588): packagename is android.uid.bluetooth:1002 ,and its permission is false
09-01 14:24:12.070 D/BluetoothUtils( 8588): blockedByLocationOff callingUid=1002
09-01 14:24:12.070 I/BluetoothUtils( 8588): packagename is android.uid.bluetooth:1002 ,and its permission is false
09-01 14:24:12.075 V/bt_stack( 8588): [VERBOSE1:btm_ble_gap.cc(1923)] btm_ble_process_ext_adv_pkt: bda=2e:17:70:f9:0b:48
09-01 14:24:12.075 V/bt_stack( 8588): [VERBOSE1:btm_ble_gap.cc(1847)] btm_ble_process_adv_addr: bda=2e:17:70:f9:0b:48
09-01 14:24:12.076 D/BluetoothUtils( 8588): blockedByLocationOff callingUid=1002
09-01 14:24:12.076 I/BluetoothUtils( 8588): packagename is android.uid.bluetooth:1002 ,and its permission is false
09-01 14:24:12.076 D/BluetoothUtils( 8588): blockedByLocationOff callingUid=1002
09-01 14:24:12.076 I/BluetoothUtils( 8588): packagename is android.uid.bluetooth:1002 ,and its permission is false
09-01 14:24:12.077 D/BluetoothUtils( 8588): blockedByLocationOff callingUid=1002
09-01 14:24:12.077 I/BluetoothUtils( 8588): packagename is android.uid.bluetooth:1002 ,and its permission is false
09-01 14:24:12.077 V/bt_stack( 8588): [VERBOSE1:btm_ble_gap.cc(1923)] btm_ble_process_ext_adv_pkt: bda=63:e7:6b:57:ac:90
09-01 14:24:12.077 V/bt_stack( 8588): [VERBOSE1:btm_ble_gap.cc(1847)] btm_ble_process_adv_addr: bda=63:e7:6b:57:ac:90
09-01 14:24:12.077 V/bt_stack( 8588): [VERBOSE1:btm_ble_gap.cc(2052)]  Waiting for scan response 63:e7:6b:57:ac:90
09-01 14:24:12.077 V/bt_stack( 8588): [VERBOSE1:btm_ble_gap.cc(1923)] btm_ble_process_ext_adv_pkt: bda=63:e7:6b:57:ac:90
09-01 14:24:12.077 V/bt_stack( 8588): [VERBOSE1:btm_ble_gap.cc(1847)] btm_ble_process_adv_addr: bda=63:e7:6b:57:ac:90
09-01 14:24:12.078 D/BluetoothUtils( 8588): blockedByLocationOff callingUid=1002
09-01 14:24:12.078 I/BluetoothUtils( 8588): packagename is android.uid.bluetooth:1002 ,and its permission is false
09-01 14:24:12.078 D/BluetoothUtils( 8588): blockedByLocationOff callingUid=1002
09-01 14:24:12.078 I/BluetoothUtils( 8588): packagename is android.uid.bluetooth:1002 ,and its permission is false
09-01 14:24:12.078 D/BluetoothUtils( 8588): blockedByLocationOff callingUid=1002
09-01 14:24:12.079 I/BluetoothUtils( 8588): packagename is android.uid.bluetooth:1002 ,and its permission is false
09-01 14:24:12.079 V/bt_stack( 8588): [VERBOSE1:gatt_main.cc(1079)] gatt_get_ch_state: ch_state=4
09-01 14:24:12.080 I/bt_stack( 8588): [INFO:gatt_main.cc(912)] gatt_data_process op_code = 19, msg_len = 0
09-01 14:24:12.080 V/bt_stack( 8588): [VERBOSE1:gatt_cl.cc(1094)] gatt_client_handle_server_rsp op_code: 19, len = 0rsp_code: 19
09-01 14:24:12.080 V/bt_stack( 8588): [VERBOSE1:gatt_utils.cc(1191)] gatt_end_operation status=0 op=3 subtype=2
09-01 14:24:12.080 V/bt_stack( 8588): [VERBOSE1:bta_gattc_act.cc(1309)] bta_gattc_cmpl_cback: conn_id:8 op:3 status:0
09-01 14:24:12.080 V/bt_stack( 8588): [VERBOSE1:bta_gattc_main.cc(361)] bta_gattc_hdl_event: Event:BTA_GATTC_OP_CMPL_EVT
09-01 14:24:12.080 D/BtGatt.GattService( 8588): onClientConnUpdate() - connId=7, status=0
09-01 14:24:12.080 V/bt_stack( 8588): [VERBOSE1:bta_gattc_main.cc(305)] bta_gattc_sm_execute: State 0x02 [GATTC_CONN_ST], Event 0x1f0f[BTA_GATTC_OP_CMPL_EVT]
09-01 14:24:12.080 D/BtGatt.GattService( 8588): onClientConnUpdate() - connId=8, status=0
09-01 14:24:12.080 V/bt_stack( 8588): [VERBOSE1:bta_gattc_act.cc(936)] bta_gattc_op_cmpl: op:3
09-01 14:24:12.080 V/bt_stack( 8588): [VERBOSE1:bta_gattc_main.cc(341)] bta_gattc_sm_execute: GATTC State Change: 0x02 -> 0x02 after Event 0x1f0f
09-01 14:24:12.080 D/BluetoothGatt( 3502): onConnectionUpdated() - Device=C3:D4:F4:E3:11:EC interval=12 latency=0 timeout=500 status=0
09-01 14:24:12.081 D/BluetoothGatt( 3502): setCharacteristicNotification() - uuid: 00000004-0000-3512-2118-0009af100700 enable: true
09-01 14:24:12.081 D/BtGatt.GattService( 8588): registerForNotification() - address=C3:D4:F4:E3:11:EC enable: true
09-01 14:24:12.081 D/BtGatt.GattService( 8588): onRegisterForNotifications() - address=null, status=0, registered=1, handle=62
09-01 14:24:12.082 V/bt_stack( 8588): [VERBOSE1:bta_gattc_main.cc(361)] bta_gattc_hdl_event: Event:BTA_GATTC_API_WRITE_EVT
09-01 14:24:12.082 V/bt_stack( 8588): [VERBOSE1:bta_gattc_main.cc(305)] bta_gattc_sm_execute: State 0x02 [GATTC_CONN_ST], Event 0x1f05[BTA_GATTC_API_WRITE_EVT]
09-01 14:24:12.082 V/bt_stack( 8588): [VERBOSE1:bta_gattc_main.cc(341)] bta_gattc_sm_execute: GATTC State Change: 0x02 -> 0x02 after Event 0x1f05
09-01 14:24:12.088 V/bt_stack( 8588): [VERBOSE1:btm_ble_gap.cc(1923)] btm_ble_process_ext_adv_pkt: bda=70:33:97:a2:2a:78
09-01 14:24:12.088 V/bt_stack( 8588): [VERBOSE1:btm_ble_gap.cc(1847)] btm_ble_process_adv_addr: bda=70:33:97:a2:2a:78
09-01 14:24:12.088 V/bt_stack( 8588): [VERBOSE1:btm_ble_gap.cc(2052)]  Waiting for scan response 70:33:97:a2:2a:78
09-01 14:24:12.088 V/bt_stack( 8588): [VERBOSE1:btm_ble_gap.cc(1923)] btm_ble_process_ext_adv_pkt: bda=0c:1a:06:0e:96:57
09-01 14:24:12.088 V/bt_stack( 8588): [VERBOSE1:btm_ble_gap.cc(1847)] btm_ble_process_adv_addr: bda=0c:1a:06:0e:96:57
09-01 14:24:12.089 D/BluetoothUtils( 8588): blockedByLocationOff callingUid=1002
09-01 14:24:12.089 I/BluetoothUtils( 8588): packagename is android.uid.bluetooth:1002 ,and its permission is false
09-01 14:24:12.089 D/BluetoothUtils( 8588): blockedByLocationOff callingUid=1002
09-01 14:24:12.089 I/BluetoothUtils( 8588): packagename is android.uid.bluetooth:1002 ,and its permission is false
09-01 14:24:12.089 D/BluetoothUtils( 8588): blockedByLocationOff callingUid=1002
09-01 14:24:12.090 I/BluetoothUtils( 8588): packagename is android.uid.bluetooth:1002 ,and its permission is false
09-01 14:24:12.090 V/bt_stack( 8588): [VERBOSE1:btm_ble_gap.cc(1923)] btm_ble_process_ext_adv_pkt: bda=17:be:83:99:5a:17
09-01 14:24:12.090 V/bt_stack( 8588): [VERBOSE1:btm_ble_gap.cc(1847)] btm_ble_process_adv_addr: bda=17:be:83:99:5a:17
09-01 14:24:12.091 D/BluetoothUtils( 8588): blockedByLocationOff callingUid=1002
09-01 14:24:12.091 I/BluetoothUtils( 8588): packagename is android.uid.bluetooth:1002 ,and its permission is false
09-01 14:24:12.091 D/BluetoothUtils( 8588): blockedByLocationOff callingUid=1002
09-01 14:24:12.092 I/BluetoothUtils( 8588): packagename is android.uid.bluetooth:1002 ,and its permission is false
09-01 14:24:12.092 D/BluetoothUtils( 8588): blockedByLocationOff callingUid=1002
09-01 14:24:12.092 V/bt_stack( 8588): [VERBOSE1:btm_ble_gap.cc(1923)] btm_ble_process_ext_adv_pkt: bda=3a:23:cb:4a:85:2d
09-01 14:24:12.092 V/bt_stack( 8588): [VERBOSE1:btm_ble_gap.cc(1847)] btm_ble_process_adv_addr: bda=3a:23:cb:4a:85:2d
09-01 14:24:12.092 I/BluetoothUtils( 8588): packagename is android.uid.bluetooth:1002 ,and its permission is false
09-01 14:24:12.092 D/BluetoothUtils( 8588): blockedByLocationOff callingUid=1002
09-01 14:24:12.093 I/BluetoothUtils( 8588): packagename is android.uid.bluetooth:1002 ,and its permission is false
09-01 14:24:12.093 D/BluetoothUtils( 8588): blockedByLocationOff callingUid=1002
09-01 14:24:12.093 I/BluetoothUtils( 8588): packagename is android.uid.bluetooth:1002 ,and its permission is false
09-01 14:24:12.093 D/BluetoothUtils( 8588): blockedByLocationOff callingUid=1002
09-01 14:24:12.093 I/BluetoothUtils( 8588): packagename is android.uid.bluetooth:1002 ,and its permission is false
09-01 14:24:12.097 V/bt_stack( 8588): [VERBOSE1:btm_ble_gap.cc(1923)] btm_ble_process_ext_adv_pkt: bda=53:56:a8:ef:e5:80
09-01 14:24:12.097 V/bt_stack( 8588): [VERBOSE1:btm_ble_gap.cc(1847)] btm_ble_process_adv_addr: bda=53:56:a8:ef:e5:80
09-01 14:24:12.097 V/bt_stack( 8588): [VERBOSE1:btm_ble_gap.cc(2052)]  Waiting for scan response 53:56:a8:ef:e5:80
09-01 14:24:12.097 V/bt_stack( 8588): [VERBOSE1:btm_ble_gap.cc(1923)] btm_ble_process_ext_adv_pkt: bda=53:56:a8:ef:e5:80
09-01 14:24:12.097 V/bt_stack( 8588): [VERBOSE1:btm_ble_gap.cc(1847)] btm_ble_process_adv_addr: bda=53:56:a8:ef:e5:80
09-01 14:24:12.098 D/BluetoothUtils( 8588): blockedByLocationOff callingUid=1002
09-01 14:24:12.098 I/BluetoothUtils( 8588): packagename is android.uid.bluetooth:1002 ,and its permission is false
09-01 14:24:12.098 D/BluetoothUtils( 8588): blockedByLocationOff callingUid=1002
09-01 14:24:12.099 I/BluetoothUtils( 8588): packagename is android.uid.bluetooth:1002 ,and its permission is false
09-01 14:24:12.099 D/BluetoothUtils( 8588): blockedByLocationOff callingUid=1002
09-01 14:24:12.099 I/BluetoothUtils( 8588): packagename is android.uid.bluetooth:1002 ,and its permission is false
09-01 14:24:12.101 V/bt_stack( 8588): [VERBOSE1:btm_ble_gap.cc(1923)] btm_ble_process_ext_adv_pkt: bda=2a:99:8c:12:d1:b1
09-01 14:24:12.101 V/bt_stack( 8588): [VERBOSE1:btm_ble_gap.cc(1847)] btm_ble_process_adv_addr: bda=2a:99:8c:12:d1:b1
09-01 14:24:12.101 D/BluetoothUtils( 8588): blockedByLocationOff callingUid=1002
09-01 14:24:12.102 I/BluetoothUtils( 8588): packagename is android.uid.bluetooth:1002 ,and its permission is false
09-01 14:24:12.102 D/BluetoothUtils( 8588): blockedByLocationOff callingUid=1002
09-01 14:24:12.102 I/BluetoothUtils( 8588): packagename is android.uid.bluetooth:1002 ,and its permission is false
09-01 14:24:12.102 D/BluetoothUtils( 8588): blockedByLocationOff callingUid=1002
09-01 14:24:12.102 I/BluetoothUtils( 8588): packagename is android.uid.bluetooth:1002 ,and its permission is false
09-01 14:24:12.109 V/bt_stack( 8588): [VERBOSE1:gatt_main.cc(1079)] gatt_get_ch_state: ch_state=4
09-01 14:24:12.109 I/bt_stack( 8588): [INFO:gatt_main.cc(912)] gatt_data_process op_code = 19, msg_len = 0
09-01 14:24:12.109 V/bt_stack( 8588): [VERBOSE1:gatt_cl.cc(1094)] gatt_client_handle_server_rsp op_code: 19, len = 0rsp_code: 19
09-01 14:24:12.109 V/bt_stack( 8588): [VERBOSE1:gatt_utils.cc(1191)] gatt_end_operation status=0 op=3 subtype=2
09-01 14:24:12.109 V/bt_stack( 8588): [VERBOSE1:bta_gattc_act.cc(1309)] bta_gattc_cmpl_cback: conn_id:8 op:3 status:0
09-01 14:24:12.109 V/bt_stack( 8588): [VERBOSE1:bta_gattc_main.cc(361)] bta_gattc_hdl_event: Event:BTA_GATTC_OP_CMPL_EVT
09-01 14:24:12.109 V/bt_stack( 8588): [VERBOSE1:bta_gattc_main.cc(305)] bta_gattc_sm_execute: State 0x02 [GATTC_CONN_ST], Event 0x1f0f[BTA_GATTC_OP_CMPL_EVT]
09-01 14:24:12.109 V/bt_stack( 8588): [VERBOSE1:bta_gattc_act.cc(936)] bta_gattc_op_cmpl: op:3
09-01 14:24:12.109 V/bt_stack( 8588): [VERBOSE1:bta_gattc_main.cc(341)] bta_gattc_sm_execute: GATTC State Change: 0x02 -> 0x02 after Event 0x1f0f
09-01 14:24:12.111 V/bt_stack( 8588): [VERBOSE1:bta_gattc_main.cc(361)] bta_gattc_hdl_event: Event:BTA_GATTC_API_WRITE_EVT
09-01 14:24:12.111 V/bt_stack( 8588): [VERBOSE1:bta_gattc_main.cc(305)] bta_gattc_sm_execute: State 0x02 [GATTC_CONN_ST], Event 0x1f05[BTA_GATTC_API_WRITE_EVT]
09-01 14:24:12.111 V/bt_stack( 8588): [VERBOSE1:gatt_utils.cc(1191)] gatt_end_operation status=0 op=3 subtype=1
09-01 14:24:12.111 V/bt_stack( 8588): [VERBOSE1:bta_gattc_act.cc(1309)] bta_gattc_cmpl_cback: conn_id:8 op:3 status:0
09-01 14:24:12.111 V/bt_stack( 8588): [VERBOSE1:bta_gattc_main.cc(341)] bta_gattc_sm_execute: GATTC State Change: 0x02 -> 0x02 after Event 0x1f05
09-01 14:24:12.111 V/bt_stack( 8588): [VERBOSE1:bta_gattc_main.cc(361)] bta_gattc_hdl_event: Event:BTA_GATTC_OP_CMPL_EVT
09-01 14:24:12.111 V/bt_stack( 8588): [VERBOSE1:bta_gattc_main.cc(305)] bta_gattc_sm_execute: State 0x02 [GATTC_CONN_ST], Event 0x1f0f[BTA_GATTC_OP_CMPL_EVT]
09-01 14:24:12.111 V/bt_stack( 8588): [VERBOSE1:bta_gattc_act.cc(936)] bta_gattc_op_cmpl: op:3
09-01 14:24:12.111 V/bt_stack( 8588): [VERBOSE1:bta_gattc_main.cc(341)] bta_gattc_sm_execute: GATTC State Change: 0x02 -> 0x02 after Event 0x1f0f
09-01 14:24:12.115 V/bt_stack( 8588): [VERBOSE1:btm_ble_gap.cc(1923)] btm_ble_process_ext_adv_pkt: bda=11:82:f5:89:45:91
09-01 14:24:12.115 V/bt_stack( 8588): [VERBOSE1:btm_ble_gap.cc(1847)] btm_ble_process_adv_addr: bda=11:82:f5:89:45:91
09-01 14:24:12.115 D/BluetoothUtils( 8588): blockedByLocationOff callingUid=1002
09-01 14:24:12.116 I/BluetoothUtils( 8588): packagename is android.uid.bluetooth:1002 ,and its permission is false
09-01 14:24:12.116 D/BluetoothUtils( 8588): blockedByLocationOff callingUid=1002
09-01 14:24:12.116 I/BluetoothUtils( 8588): packagename is android.uid.bluetooth:1002 ,and its permission is false
09-01 14:24:12.116 D/BluetoothUtils( 8588): blockedByLocationOff callingUid=1002
09-01 14:24:12.116 I/BluetoothUtils( 8588): packagename is android.uid.bluetooth:1002 ,and its permission is false
09-01 14:24:12.117 V/bt_stack( 8588): [VERBOSE1:btm_ble_gap.cc(1923)] btm_ble_process_ext_adv_pkt: bda=30:b8:83:fe:c9:1f
09-01 14:24:12.117 V/bt_stack( 8588): [VERBOSE1:btm_ble_gap.cc(1847)] btm_ble_process_adv_addr: bda=30:b8:83:fe:c9:1f
09-01 14:24:12.117 D/BluetoothUtils( 8588): blockedByLocationOff callingUid=1002
09-01 14:24:12.118 I/BluetoothUtils( 8588): packagename is android.uid.bluetooth:1002 ,and its permission is false
09-01 14:24:12.118 D/BluetoothUtils( 8588): blockedByLocationOff callingUid=1002
09-01 14:24:12.118 I/BluetoothUtils( 8588): packagename is android.uid.bluetooth:1002 ,and its permission is false
09-01 14:24:12.118 D/BluetoothUtils( 8588): blockedByLocationOff callingUid=1002
09-01 14:24:12.118 I/BluetoothUtils( 8588): packagename is android.uid.bluetooth:1002 ,and its permission is false
09-01 14:24:12.119 V/bt_stack( 8588): [VERBOSE1:btm_ble_gap.cc(1923)] btm_ble_process_ext_adv_pkt: bda=72:1f:5b:cb:e4:06
09-01 14:24:12.119 V/bt_stack( 8588): [VERBOSE1:btm_ble_gap.cc(1847)] btm_ble_process_adv_addr: bda=72:1f:5b:cb:e4:06
09-01 14:24:12.119 V/bt_stack( 8588): [VERBOSE1:btm_ble_gap.cc(2052)]  Waiting for scan response 72:1f:5b:cb:e4:06
09-01 14:24:12.119 V/bt_stack( 8588): [VERBOSE1:btm_ble_gap.cc(1923)] btm_ble_process_ext_adv_pkt: bda=72:1f:5b:cb:e4:06
09-01 14:24:12.119 V/bt_stack( 8588): [VERBOSE1:btm_ble_gap.cc(1847)] btm_ble_process_adv_addr: bda=72:1f:5b:cb:e4:06
09-01 14:24:12.120 D/BluetoothUtils( 8588): blockedByLocationOff callingUid=1002
09-01 14:24:12.120 I/BluetoothUtils( 8588): packagename is android.uid.bluetooth:1002 ,and its permission is false
09-01 14:24:12.120 D/BluetoothUtils( 8588): blockedByLocationOff callingUid=1002
09-01 14:24:12.121 I/BluetoothUtils( 8588): packagename is android.uid.bluetooth:1002 ,and its permission is false
09-01 14:24:12.121 D/BluetoothUtils( 8588): blockedByLocationOff callingUid=1002
09-01 14:24:12.121 I/BluetoothUtils( 8588): packagename is android.uid.bluetooth:1002 ,and its permission is false
09-01 14:24:12.136 V/bt_stack( 8588): [VERBOSE1:btm_ble_gap.cc(1923)] btm_ble_process_ext_adv_pkt: bda=e2:84:58:a7:5a:70
09-01 14:24:12.136 V/bt_stack( 8588): [VERBOSE1:btm_ble_gap.cc(1847)] btm_ble_process_adv_addr: bda=e2:84:58:a7:5a:70
09-01 14:24:12.136 V/bt_stack( 8588): [VERBOSE1:btm_ble_gap.cc(2052)]  Waiting for scan response e2:84:58:a7:5a:70
09-01 14:24:12.136 V/bt_stack( 8588): [VERBOSE1:btm_ble_gap.cc(1923)] btm_ble_process_ext_adv_pkt: bda=59:bb:67:f0:94:3c
09-01 14:24:12.136 V/bt_stack( 8588): [VERBOSE1:btm_ble_gap.cc(1847)] btm_ble_process_adv_addr: bda=59:bb:67:f0:94:3c
09-01 14:24:12.137 D/BluetoothUtils( 8588): blockedByLocationOff callingUid=1002
09-01 14:24:12.137 I/BluetoothUtils( 8588): packagename is android.uid.bluetooth:1002 ,and its permission is false
09-01 14:24:12.137 D/BluetoothUtils( 8588): blockedByLocationOff callingUid=1002
09-01 14:24:12.137 I/BluetoothUtils( 8588): packagename is android.uid.bluetooth:1002 ,and its permission is false
09-01 14:24:12.138 D/BluetoothUtils( 8588): blockedByLocationOff callingUid=1002
09-01 14:24:12.138 I/BluetoothUtils( 8588): packagename is android.uid.bluetooth:1002 ,and its permission is false
09-01 14:24:12.139 V/bt_stack( 8588): [VERBOSE1:gatt_main.cc(1079)] gatt_get_ch_state: ch_state=4
09-01 14:24:12.139 I/bt_stack( 8588): [INFO:gatt_main.cc(912)] gatt_data_process op_code = 27, msg_len = 17
09-01 14:24:12.139 V/bt_stack( 8588): [VERBOSE1:gatt_cl.cc(620)] gatt_process_notification
09-01 14:24:12.139 V/bt_stack( 8588): [VERBOSE1:gatt_auth.cc(364)] gatt_get_link_encrypt_status status=0x8e
09-01 14:24:12.139 V/bt_stack( 8588): [VERBOSE1:bta_gattc_act.cc(1309)] bta_gattc_cmpl_cback: conn_id:3 op:6 status:142
09-01 14:24:12.139 V/bt_stack( 8588): [VERBOSE1:gatt_api.cc(1276)] GATT_GetConnectionInfor conn_id=0x0003
09-01 14:24:12.139 V/bt_stack( 8588): [VERBOSE1:bta_gattc_act.cc(1309)] bta_gattc_cmpl_cback: conn_id:4 op:6 status:142
09-01 14:24:12.139 V/bt_stack( 8588): [VERBOSE1:gatt_api.cc(1276)] GATT_GetConnectionInfor conn_id=0x0004
09-01 14:24:12.139 E/bt_btif ( 8588): bta_gattc_process_indicate, ignore HID ind/notificiation
09-01 14:24:12.139 V/bt_stack( 8588): [VERBOSE1:bta_gattc_act.cc(1309)] bta_gattc_cmpl_cback: conn_id:5 op:6 status:142
09-01 14:24:12.139 V/bt_stack( 8588): [VERBOSE1:gatt_api.cc(1276)] GATT_GetConnectionInfor conn_id=0x0005
09-01 14:24:12.139 V/bt_stack( 8588): [VERBOSE1:bta_gattc_act.cc(1309)] bta_gattc_cmpl_cback: conn_id:6 op:6 status:142
09-01 14:24:12.139 V/bt_stack( 8588): [VERBOSE1:gatt_api.cc(1276)] GATT_GetConnectionInfor conn_id=0x0006
09-01 14:24:12.139 V/bt_stack( 8588): [VERBOSE1:bta_gattc_act.cc(1309)] bta_gattc_cmpl_cback: conn_id:7 op:6 status:142
09-01 14:24:12.139 V/bt_stack( 8588): [VERBOSE1:gatt_api.cc(1276)] GATT_GetConnectionInfor conn_id=0x0007
09-01 14:24:12.139 V/bt_stack( 8588): [VERBOSE1:bta_gattc_act.cc(1309)] bta_gattc_cmpl_cback: conn_id:8 op:6 status:142
09-01 14:24:12.139 V/bt_stack( 8588): [VERBOSE1:gatt_api.cc(1276)] GATT_GetConnectionInfor conn_id=0x0008
09-01 14:24:12.139 V/bt_stack( 8588): [VERBOSE1:bta_gattc_utils.cc(346)] Notification registered!
09-01 14:24:12.140 V/bt_stack( 8588): [VERBOSE1:bta_gattc_act.cc(1212)] bta_gattc_proc_other_indication: check p_data->att_value.handle=62 p_data->handle=0
09-01 14:24:12.140 V/bt_stack( 8588): [VERBOSE1:bta_gattc_act.cc(1216)] is_notify0
09-01 14:24:12.140 V/bt_stack( 8588): [VERBOSE1:bta_gattc_act.cc(1309)] bta_gattc_cmpl_cback: conn_id:9 op:6 status:142
09-01 14:24:12.140 V/bt_stack( 8588): [VERBOSE1:gatt_api.cc(1276)] GATT_GetConnectionInfor conn_id=0x0009
09-01 14:24:12.140 V/bt_stack( 8588): [VERBOSE1:bta_gattc_act.cc(1309)] bta_gattc_cmpl_cback: conn_id:10 op:6 status:142
09-01 14:24:12.140 V/bt_stack( 8588): [VERBOSE1:gatt_api.cc(1276)] GATT_GetConnectionInfor conn_id=0x000a
09-01 14:24:12.140 V/bt_stack( 8588): [VERBOSE1:bta_gattc_act.cc(1309)] bta_gattc_cmpl_cback: conn_id:11 op:6 status:142
09-01 14:24:12.140 V/bt_stack( 8588): [VERBOSE1:gatt_api.cc(1276)] GATT_GetConnectionInfor conn_id=0x000b
09-01 14:24:12.142 V/bt_stack( 8588): [VERBOSE1:btm_ble_gap.cc(1923)] btm_ble_process_ext_adv_pkt: bda=0a:29:89:b7:c8:4a
09-01 14:24:12.142 V/bt_stack( 8588): [VERBOSE1:btm_ble_gap.cc(1847)] btm_ble_process_adv_addr: bda=0a:29:89:b7:c8:4a
09-01 14:24:12.143 D/BluetoothUtils( 8588): blockedByLocationOff callingUid=1002
09-01 14:24:12.143 I/BluetoothUtils( 8588): packagename is android.uid.bluetooth:1002 ,and its permission is false
09-01 14:24:12.144 D/BluetoothUtils( 8588): blockedByLocationOff callingUid=1002
09-01 14:24:12.144 V/bt_stack( 8588): [VERBOSE1:btm_ble_gap.cc(1923)] btm_ble_process_ext_adv_pkt: bda=1a:90:83:98:47:ad
09-01 14:24:12.144 V/bt_stack( 8588): [VERBOSE1:btm_ble_gap.cc(1847)] btm_ble_process_adv_addr: bda=1a:90:83:98:47:ad
09-01 14:24:12.145 I/BluetoothUtils( 8588): packagename is android.uid.bluetooth:1002 ,and its permission is false
09-01 14:24:12.145 D/BluetoothUtils( 8588): blockedByLocationOff callingUid=1002
09-01 14:24:12.145 I/BluetoothUtils( 8588): packagename is android.uid.bluetooth:1002 ,and its permission is false
09-01 14:24:12.145 D/BluetoothUtils( 8588): blockedByLocationOff callingUid=1002
09-01 14:24:12.146 I/BluetoothUtils( 8588): packagename is android.uid.bluetooth:1002 ,and its permission is false
09-01 14:24:12.146 D/BluetoothUtils( 8588): blockedByLocationOff callingUid=1002
09-01 14:24:12.146 I/BluetoothUtils( 8588): packagename is android.uid.bluetooth:1002 ,and its permission is false
09-01 14:24:12.146 D/BluetoothUtils( 8588): blockedByLocationOff callingUid=1002
09-01 14:24:12.147 D/OemNetd (  679): setLimit: disable, rate=0
09-01 14:24:12.148 I/BluetoothUtils( 8588): packagename is android.uid.bluetooth:1002 ,and its permission is false
09-01 14:24:12.148 V/bt_stack( 8588): [VERBOSE1:bta_gattc_main.cc(361)] bta_gattc_hdl_event: Event:BTA_GATTC_API_WRITE_EVT
09-01 14:24:12.148 V/bt_stack( 8588): [VERBOSE1:bta_gattc_main.cc(305)] bta_gattc_sm_execute: State 0x02 [GATTC_CONN_ST], Event 0x1f05[BTA_GATTC_API_WRITE_EVT]
09-01 14:24:12.148 V/bt_stack( 8588): [VERBOSE1:gatt_utils.cc(1191)] gatt_end_operation status=0 op=3 subtype=1
09-01 14:24:12.148 V/bt_stack( 8588): [VERBOSE1:bta_gattc_act.cc(1309)] bta_gattc_cmpl_cback: conn_id:8 op:3 status:0
09-01 14:24:12.148 V/bt_stack( 8588): [VERBOSE1:bta_gattc_main.cc(341)] bta_gattc_sm_execute: GATTC State Change: 0x02 -> 0x02 after Event 0x1f05
09-01 14:24:12.148 V/bt_stack( 8588): [VERBOSE1:bta_gattc_main.cc(361)] bta_gattc_hdl_event: Event:BTA_GATTC_OP_CMPL_EVT
09-01 14:24:12.148 V/bt_stack( 8588): [VERBOSE1:bta_gattc_main.cc(305)] bta_gattc_sm_execute: State 0x02 [GATTC_CONN_ST], Event 0x1f0f[BTA_GATTC_OP_CMPL_EVT]
09-01 14:24:12.148 V/bt_stack( 8588): [VERBOSE1:bta_gattc_act.cc(936)] bta_gattc_op_cmpl: op:3
09-01 14:24:12.148 V/bt_stack( 8588): [VERBOSE1:bta_gattc_main.cc(341)] bta_gattc_sm_execute: GATTC State Change: 0x02 -> 0x02 after Event 0x1f0f
09-01 14:24:12.167 V/bt_stack( 8588): [VERBOSE1:btm_ble_gap.cc(1923)] btm_ble_process_ext_adv_pkt: bda=6c:37:b5:6b:a1:b8
09-01 14:24:12.167 V/bt_stack( 8588): [VERBOSE1:btm_ble_gap.cc(1847)] btm_ble_process_adv_addr: bda=6c:37:b5:6b:a1:b8
09-01 14:24:12.167 V/bt_stack( 8588): [VERBOSE1:btm_ble_gap.cc(2052)]  Waiting for scan response 6c:37:b5:6b:a1:b8
09-01 14:24:12.172 V/bt_stack( 8588): [VERBOSE1:gatt_main.cc(1079)] gatt_get_ch_state: ch_state=4
09-01 14:24:12.172 I/bt_stack( 8588): [INFO:gatt_main.cc(912)] gatt_data_process op_code = 27, msg_len = 246
09-01 14:24:12.172 V/bt_stack( 8588): [VERBOSE1:gatt_cl.cc(620)] gatt_process_notification
09-01 14:24:12.172 V/bt_stack( 8588): [VERBOSE1:gatt_auth.cc(364)] gatt_get_link_encrypt_status status=0x8e
09-01 14:24:12.172 V/bt_stack( 8588): [VERBOSE1:bta_gattc_act.cc(1309)] bta_gattc_cmpl_cback: conn_id:3 op:6 status:142
09-01 14:24:12.172 V/bt_stack( 8588): [VERBOSE1:gatt_api.cc(1276)] GATT_GetConnectionInfor conn_id=0x0003
09-01 14:24:12.172 V/bt_stack( 8588): [VERBOSE1:bta_gattc_act.cc(1309)] bta_gattc_cmpl_cback: conn_id:4 op:6 status:142
09-01 14:24:12.172 V/bt_stack( 8588): [VERBOSE1:gatt_api.cc(1276)] GATT_GetConnectionInfor conn_id=0x0004
09-01 14:24:12.172 E/bt_btif ( 8588): bta_gattc_process_indicate, ignore HID ind/notificiation
09-01 14:24:12.172 V/bt_stack( 8588): [VERBOSE1:bta_gattc_act.cc(1309)] bta_gattc_cmpl_cback: conn_id:5 op:6 status:142
09-01 14:24:12.172 V/bt_stack( 8588): [VERBOSE1:gatt_api.cc(1276)] GATT_GetConnectionInfor conn_id=0x0005
09-01 14:24:12.172 V/bt_stack( 8588): [VERBOSE1:bta_gattc_act.cc(1309)] bta_gattc_cmpl_cback: conn_id:6 op:6 status:142
09-01 14:24:12.172 V/bt_stack( 8588): [VERBOSE1:gatt_api.cc(1276)] GATT_GetConnectionInfor conn_id=0x0006
09-01 14:24:12.172 V/bt_stack( 8588): [VERBOSE1:bta_gattc_act.cc(1309)] bta_gattc_cmpl_cback: conn_id:7 op:6 status:142
09-01 14:24:12.172 V/bt_stack( 8588): [VERBOSE1:gatt_api.cc(1276)] GATT_GetConnectionInfor conn_id=0x0007
09-01 14:24:12.172 V/bt_stack( 8588): [VERBOSE1:bta_gattc_act.cc(1309)] bta_gattc_cmpl_cback: conn_id:8 op:6 status:142
09-01 14:24:12.172 V/bt_stack( 8588): [VERBOSE1:gatt_api.cc(1276)] GATT_GetConnectionInfor conn_id=0x0008
09-01 14:24:12.172 V/bt_stack( 8588): [VERBOSE1:bta_gattc_utils.cc(346)] Notification registered!
09-01 14:24:12.173 V/bt_stack( 8588): [VERBOSE1:bta_gattc_act.cc(1212)] bta_gattc_proc_other_indication: check p_data->att_value.handle=65 p_data->handle=0
09-01 14:24:12.173 V/bt_stack( 8588): [VERBOSE1:bta_gattc_act.cc(1216)] is_notify0
09-01 14:24:12.173 V/bt_stack( 8588): [VERBOSE1:bta_gattc_act.cc(1309)] bta_gattc_cmpl_cback: conn_id:9 op:6 status:142
09-01 14:24:12.173 V/bt_stack( 8588): [VERBOSE1:gatt_api.cc(1276)] GATT_GetConnectionInfor conn_id=0x0009
09-01 14:24:12.173 V/bt_stack( 8588): [VERBOSE1:bta_gattc_act.cc(1309)] bta_gattc_cmpl_cback: conn_id:10 op:6 status:142
09-01 14:24:12.173 V/bt_stack( 8588): [VERBOSE1:gatt_api.cc(1276)] GATT_GetConnectionInfor conn_id=0x000a
09-01 14:24:12.173 V/bt_stack( 8588): [VERBOSE1:bta_gattc_act.cc(1309)] bta_gattc_cmpl_cback: conn_id:11 op:6 status:142
09-01 14:24:12.173 V/bt_stack( 8588): [VERBOSE1:gatt_api.cc(1276)] GATT_GetConnectionInfor conn_id=0x000b
09-01 14:24:12.174 V/bt_stack( 8588): [VERBOSE1:gatt_main.cc(1079)] gatt_get_ch_state: ch_state=4
09-01 14:24:12.174 I/bt_stack( 8588): [INFO:gatt_main.cc(912)] gatt_data_process op_code = 27, msg_len = 246
09-01 14:24:12.174 V/bt_stack( 8588): [VERBOSE1:gatt_cl.cc(620)] gatt_process_notification
09-01 14:24:12.174 V/bt_stack( 8588): [VERBOSE1:gatt_auth.cc(364)] gatt_get_link_encrypt_status status=0x8e
09-01 14:24:12.174 V/bt_stack( 8588): [VERBOSE1:bta_gattc_act.cc(1309)] bta_gattc_cmpl_cback: conn_id:3 op:6 status:142
09-01 14:24:12.174 V/bt_stack( 8588): [VERBOSE1:gatt_api.cc(1276)] GATT_GetConnectionInfor conn_id=0x0003
09-01 14:24:12.174 V/bt_stack( 8588): [VERBOSE1:bta_gattc_act.cc(1309)] bta_gattc_cmpl_cback: conn_id:4 op:6 status:142
09-01 14:24:12.174 V/bt_stack( 8588): [VERBOSE1:gatt_api.cc(1276)] GATT_GetConnectionInfor conn_id=0x0004
09-01 14:24:12.174 E/bt_btif ( 8588): bta_gattc_process_indicate, ignore HID ind/notificiation
09-01 14:24:12.174 V/bt_stack( 8588): [VERBOSE1:bta_gattc_act.cc(1309)] bta_gattc_cmpl_cback: conn_id:5 op:6 status:142
09-01 14:24:12.174 V/bt_stack( 8588): [VERBOSE1:gatt_api.cc(1276)] GATT_GetConnectionInfor conn_id=0x0005
09-01 14:24:12.174 V/bt_stack( 8588): [VERBOSE1:bta_gattc_act.cc(1309)] bta_gattc_cmpl_cback: conn_id:6 op:6 status:142
09-01 14:24:12.174 V/bt_stack( 8588): [VERBOSE1:gatt_api.cc(1276)] GATT_GetConnectionInfor conn_id=0x0006
09-01 14:24:12.174 V/bt_stack( 8588): [VERBOSE1:bta_gattc_act.cc(1309)] bta_gattc_cmpl_cback: conn_id:7 op:6 status:142
09-01 14:24:12.174 V/bt_stack( 8588): [VERBOSE1:gatt_api.cc(1276)] GATT_GetConnectionInfor conn_id=0x0007
09-01 14:24:12.174 V/bt_stack( 8588): [VERBOSE1:bta_gattc_act.cc(1309)] bta_gattc_cmpl_cback: conn_id:8 op:6 status:142
09-01 14:24:12.174 V/bt_stack( 8588): [VERBOSE1:gatt_api.cc(1276)] GATT_GetConnectionInfor conn_id=0x0008
09-01 14:24:12.174 V/bt_stack( 8588): [VERBOSE1:bta_gattc_utils.cc(346)] Notification registered!
09-01 14:24:12.175 V/bt_stack( 8588): [VERBOSE1:bta_gattc_act.cc(1212)] bta_gattc_proc_other_indication: check p_data->att_value.handle=65 p_data->handle=0
09-01 14:24:12.175 V/bt_stack( 8588): [VERBOSE1:bta_gattc_act.cc(1216)] is_notify0
09-01 14:24:12.175 V/bt_stack( 8588): [VERBOSE1:bta_gattc_act.cc(1309)] bta_gattc_cmpl_cback: conn_id:9 op:6 status:142
09-01 14:24:12.175 V/bt_stack( 8588): [VERBOSE1:gatt_api.cc(1276)] GATT_GetConnectionInfor conn_id=0x0009
09-01 14:24:12.175 V/bt_stack( 8588): [VERBOSE1:bta_gattc_act.cc(1309)] bta_gattc_cmpl_cback: conn_id:10 op:6 status:142
09-01 14:24:12.175 V/bt_stack( 8588): [VERBOSE1:gatt_api.cc(1276)] GATT_GetConnectionInfor conn_id=0x000a
09-01 14:24:12.175 V/bt_stack( 8588): [VERBOSE1:bta_gattc_act.cc(1309)] bta_gattc_cmpl_cback: conn_id:11 op:6 status:142
09-01 14:24:12.175 V/bt_stack( 8588): [VERBOSE1:gatt_api.cc(1276)] GATT_GetConnectionInfor conn_id=0x000b
09-01 14:24:12.186 V/bt_stack( 8588): [VERBOSE1:gatt_main.cc(1079)] gatt_get_ch_state: ch_state=4
09-01 14:24:12.186 I/bt_stack( 8588): [INFO:gatt_main.cc(912)] gatt_data_process op_code = 27, msg_len = 246
09-01 14:24:12.186 V/bt_stack( 8588): [VERBOSE1:gatt_cl.cc(620)] gatt_process_notification
09-01 14:24:12.186 V/bt_stack( 8588): [VERBOSE1:gatt_auth.cc(364)] gatt_get_link_encrypt_status status=0x8e
09-01 14:24:12.186 V/bt_stack( 8588): [VERBOSE1:bta_gattc_act.cc(1309)] bta_gattc_cmpl_cback: conn_id:3 op:6 status:142
09-01 14:24:12.186 V/bt_stack( 8588): [VERBOSE1:gatt_api.cc(1276)] GATT_GetConnectionInfor conn_id=0x0003
09-01 14:24:12.187 V/bt_stack( 8588): [VERBOSE1:bta_gattc_act.cc(1309)] bta_gattc_cmpl_cback: conn_id:4 op:6 status:142
09-01 14:24:12.187 V/bt_stack( 8588): [VERBOSE1:gatt_api.cc(1276)] GATT_GetConnectionInfor conn_id=0x0004
09-01 14:24:12.187 E/bt_btif ( 8588): bta_gattc_process_indicate, ignore HID ind/notificiation
09-01 14:24:12.187 V/bt_stack( 8588): [VERBOSE1:bta_gattc_act.cc(1309)] bta_gattc_cmpl_cback: conn_id:5 op:6 status:142
09-01 14:24:12.187 V/bt_stack( 8588): [VERBOSE1:gatt_api.cc(1276)] GATT_GetConnectionInfor conn_id=0x0005
09-01 14:24:12.187 V/bt_stack( 8588): [VERBOSE1:bta_gattc_act.cc(1309)] bta_gattc_cmpl_cback: conn_id:6 op:6 status:142
09-01 14:24:12.187 V/bt_stack( 8588): [VERBOSE1:gatt_api.cc(1276)] GATT_GetConnectionInfor conn_id=0x0006
09-01 14:24:12.187 V/bt_stack( 8588): [VERBOSE1:bta_gattc_act.cc(1309)] bta_gattc_cmpl_cback: conn_id:7 op:6 status:142
09-01 14:24:12.187 V/bt_stack( 8588): [VERBOSE1:gatt_api.cc(1276)] GATT_GetConnectionInfor conn_id=0x0007
09-01 14:24:12.187 V/bt_stack( 8588): [VERBOSE1:bta_gattc_act.cc(1309)] bta_gattc_cmpl_cback: conn_id:8 op:6 status:142
09-01 14:24:12.187 V/bt_stack( 8588): [VERBOSE1:gatt_api.cc(1276)] GATT_GetConnectionInfor conn_id=0x0008
09-01 14:24:12.187 V/bt_stack( 8588): [VERBOSE1:bta_gattc_utils.cc(346)] Notification registered!
09-01 14:24:12.187 V/bt_stack( 8588): [VERBOSE1:bta_gattc_act.cc(1212)] bta_gattc_proc_other_indication: check p_data->att_value.handle=65 p_data->handle=0
09-01 14:24:12.187 V/bt_stack( 8588): [VERBOSE1:bta_gattc_act.cc(1216)] is_notify0
09-01 14:24:12.187 V/bt_stack( 8588): [VERBOSE1:bta_gattc_act.cc(1309)] bta_gattc_cmpl_cback: conn_id:9 op:6 status:142
09-01 14:24:12.187 V/bt_stack( 8588): [VERBOSE1:gatt_api.cc(1276)] GATT_GetConnectionInfor conn_id=0x0009
09-01 14:24:12.187 V/bt_stack( 8588): [VERBOSE1:bta_gattc_act.cc(1309)] bta_gattc_cmpl_cback: conn_id:10 op:6 status:142
09-01 14:24:12.187 V/bt_stack( 8588): [VERBOSE1:gatt_api.cc(1276)] GATT_GetConnectionInfor conn_id=0x000a
09-01 14:24:12.187 V/bt_stack( 8588): [VERBOSE1:bta_gattc_act.cc(1309)] bta_gattc_cmpl_cback: conn_id:11 op:6 status:142
09-01 14:24:12.187 V/bt_stack( 8588): [VERBOSE1:gatt_api.cc(1276)] GATT_GetConnectionInfor conn_id=0x000b
09-01 14:24:12.187 V/bt_stack( 8588): [VERBOSE1:gatt_main.cc(1079)] gatt_get_ch_state: ch_state=4
09-01 14:24:12.187 I/bt_stack( 8588): [INFO:gatt_main.cc(912)] gatt_data_process op_code = 27, msg_len = 122
09-01 14:24:12.187 V/bt_stack( 8588): [VERBOSE1:gatt_cl.cc(620)] gatt_process_notification
09-01 14:24:12.187 V/bt_stack( 8588): [VERBOSE1:gatt_auth.cc(364)] gatt_get_link_encrypt_status status=0x8e
09-01 14:24:12.187 V/bt_stack( 8588): [VERBOSE1:bta_gattc_act.cc(1309)] bta_gattc_cmpl_cback: conn_id:3 op:6 status:142
09-01 14:24:12.188 V/bt_stack( 8588): [VERBOSE1:gatt_api.cc(1276)] GATT_GetConnectionInfor conn_id=0x0003
09-01 14:24:12.188 V/bt_stack( 8588): [VERBOSE1:bta_gattc_act.cc(1309)] bta_gattc_cmpl_cback: conn_id:4 op:6 status:142
09-01 14:24:12.188 V/bt_stack( 8588): [VERBOSE1:gatt_api.cc(1276)] GATT_GetConnectionInfor conn_id=0x0004
09-01 14:24:12.188 E/bt_btif ( 8588): bta_gattc_process_indicate, ignore HID ind/notificiation
09-01 14:24:12.188 V/bt_stack( 8588): [VERBOSE1:bta_gattc_act.cc(1309)] bta_gattc_cmpl_cback: conn_id:5 op:6 status:142
09-01 14:24:12.188 V/bt_stack( 8588): [VERBOSE1:gatt_api.cc(1276)] GATT_GetConnectionInfor conn_id=0x0005
09-01 14:24:12.188 V/bt_stack( 8588): [VERBOSE1:bta_gattc_act.cc(1309)] bta_gattc_cmpl_cback: conn_id:6 op:6 status:142
09-01 14:24:12.188 V/bt_stack( 8588): [VERBOSE1:gatt_api.cc(1276)] GATT_GetConnectionInfor conn_id=0x0006
09-01 14:24:12.188 V/bt_stack( 8588): [VERBOSE1:bta_gattc_act.cc(1309)] bta_gattc_cmpl_cback: conn_id:7 op:6 status:142
09-01 14:24:12.188 V/bt_stack( 8588): [VERBOSE1:gatt_api.cc(1276)] GATT_GetConnectionInfor conn_id=0x0007
09-01 14:24:12.188 V/bt_stack( 8588): [VERBOSE1:bta_gattc_act.cc(1309)] bta_gattc_cmpl_cback: conn_id:8 op:6 status:142
09-01 14:24:12.188 V/bt_stack( 8588): [VERBOSE1:gatt_api.cc(1276)] GATT_GetConnectionInfor conn_id=0x0008
09-01 14:24:12.188 V/bt_stack( 8588): [VERBOSE1:bta_gattc_utils.cc(346)] Notification registered!
09-01 14:24:12.188 V/bt_stack( 8588): [VERBOSE1:bta_gattc_act.cc(1212)] bta_gattc_proc_other_indication: check p_data->att_value.handle=65 p_data->handle=0
09-01 14:24:12.188 V/bt_stack( 8588): [VERBOSE1:bta_gattc_act.cc(1216)] is_notify0
09-01 14:24:12.188 V/bt_stack( 8588): [VERBOSE1:bta_gattc_act.cc(1309)] bta_gattc_cmpl_cback: conn_id:9 op:6 status:142
09-01 14:24:12.188 V/bt_stack( 8588): [VERBOSE1:gatt_api.cc(1276)] GATT_GetConnectionInfor conn_id=0x0009
09-01 14:24:12.188 V/bt_stack( 8588): [VERBOSE1:bta_gattc_act.cc(1309)] bta_gattc_cmpl_cback: conn_id:10 op:6 status:142
09-01 14:24:12.188 V/bt_stack( 8588): [VERBOSE1:gatt_api.cc(1276)] GATT_GetConnectionInfor conn_id=0x000a
09-01 14:24:12.188 V/bt_stack( 8588): [VERBOSE1:bta_gattc_act.cc(1309)] bta_gattc_cmpl_cback: conn_id:11 op:6 status:142
09-01 14:24:12.188 V/bt_stack( 8588): [VERBOSE1:gatt_api.cc(1276)] GATT_GetConnectionInfor conn_id=0x000b
09-01 14:24:12.188 V/bt_stack( 8588): [VERBOSE1:gatt_main.cc(1079)] gatt_get_ch_state: ch_state=4
09-01 14:24:12.188 I/bt_stack( 8588): [INFO:gatt_main.cc(912)] gatt_data_process op_code = 27, msg_len = 5
09-01 14:24:12.188 V/bt_stack( 8588): [VERBOSE1:gatt_cl.cc(620)] gatt_process_notification
09-01 14:24:12.188 V/bt_stack( 8588): [VERBOSE1:gatt_auth.cc(364)] gatt_get_link_encrypt_status status=0x8e
09-01 14:24:12.188 V/bt_stack( 8588): [VERBOSE1:bta_gattc_act.cc(1309)] bta_gattc_cmpl_cback: conn_id:3 op:6 status:142
09-01 14:24:12.189 V/bt_stack( 8588): [VERBOSE1:gatt_api.cc(1276)] GATT_GetConnectionInfor conn_id=0x0003
09-01 14:24:12.189 V/bt_stack( 8588): [VERBOSE1:bta_gattc_act.cc(1309)] bta_gattc_cmpl_cback: conn_id:4 op:6 status:142
09-01 14:24:12.189 V/bt_stack( 8588): [VERBOSE1:gatt_api.cc(1276)] GATT_GetConnectionInfor conn_id=0x0004
09-01 14:24:12.189 E/bt_btif ( 8588): bta_gattc_process_indicate, ignore HID ind/notificiation
09-01 14:24:12.189 V/bt_stack( 8588): [VERBOSE1:bta_gattc_act.cc(1309)] bta_gattc_cmpl_cback: conn_id:5 op:6 status:142
09-01 14:24:12.189 V/bt_stack( 8588): [VERBOSE1:gatt_api.cc(1276)] GATT_GetConnectionInfor conn_id=0x0005
09-01 14:24:12.189 V/bt_stack( 8588): [VERBOSE1:bta_gattc_act.cc(1309)] bta_gattc_cmpl_cback: conn_id:6 op:6 status:142
09-01 14:24:12.189 V/bt_stack( 8588): [VERBOSE1:gatt_api.cc(1276)] GATT_GetConnectionInfor conn_id=0x0006
09-01 14:24:12.189 V/bt_stack( 8588): [VERBOSE1:bta_gattc_act.cc(1309)] bta_gattc_cmpl_cback: conn_id:7 op:6 status:142
09-01 14:24:12.189 V/bt_stack( 8588): [VERBOSE1:gatt_api.cc(1276)] GATT_GetConnectionInfor conn_id=0x0007
09-01 14:24:12.189 V/bt_stack( 8588): [VERBOSE1:bta_gattc_act.cc(1309)] bta_gattc_cmpl_cback: conn_id:8 op:6 status:142
09-01 14:24:12.189 V/bt_stack( 8588): [VERBOSE1:gatt_api.cc(1276)] GATT_GetConnectionInfor conn_id=0x0008
09-01 14:24:12.189 V/bt_stack( 8588): [VERBOSE1:bta_gattc_utils.cc(346)] Notification registered!
09-01 14:24:12.189 V/bt_stack( 8588): [VERBOSE1:bta_gattc_act.cc(1212)] bta_gattc_proc_other_indication: check p_data->att_value.handle=62 p_data->handle=0
09-01 14:24:12.189 V/bt_stack( 8588): [VERBOSE1:bta_gattc_act.cc(1216)] is_notify0
09-01 14:24:12.189 V/bt_stack( 8588): [VERBOSE1:bta_gattc_act.cc(1309)] bta_gattc_cmpl_cback: conn_id:9 op:6 status:142
09-01 14:24:12.189 V/bt_stack( 8588): [VERBOSE1:gatt_api.cc(1276)] GATT_GetConnectionInfor conn_id=0x0009
09-01 14:24:12.189 V/bt_stack( 8588): [VERBOSE1:bta_gattc_act.cc(1309)] bta_gattc_cmpl_cback: conn_id:10 op:6 status:142
09-01 14:24:12.189 V/bt_stack( 8588): [VERBOSE1:gatt_api.cc(1276)] GATT_GetConnectionInfor conn_id=0x000a
09-01 14:24:12.189 V/bt_stack( 8588): [VERBOSE1:bta_gattc_act.cc(1309)] bta_gattc_cmpl_cback: conn_id:11 op:6 status:142
09-01 14:24:12.189 V/bt_stack( 8588): [VERBOSE1:gatt_api.cc(1276)] GATT_GetConnectionInfor conn_id=0x000b
09-01 14:24:12.190 V/bt_stack( 8588): [VERBOSE1:btm_ble_gap.cc(1923)] btm_ble_process_ext_adv_pkt: bda=3c:22:fb:3d:0a:8f
09-01 14:24:12.190 V/bt_stack( 8588): [VERBOSE1:btm_ble_gap.cc(1847)] btm_ble_process_adv_addr: bda=3c:22:fb:3d:0a:8f
09-01 14:24:12.190 V/bt_stack( 8588): [VERBOSE1:btm_ble_gap.cc(2052)]  Waiting for scan response 3c:22:fb:3d:0a:8f
09-01 14:24:12.190 V/bt_stack( 8588): [VERBOSE1:btm_ble_gap.cc(1923)] btm_ble_process_ext_adv_pkt: bda=0c:1a:06:0e:96:57
09-01 14:24:12.190 V/bt_stack( 8588): [VERBOSE1:btm_ble_gap.cc(1847)] btm_ble_process_adv_addr: bda=0c:1a:06:0e:96:57
09-01 14:24:12.191 D/BluetoothUtils( 8588): blockedByLocationOff callingUid=1002
09-01 14:24:12.191 I/BluetoothUtils( 8588): packagename is android.uid.bluetooth:1002 ,and its permission is false
09-01 14:24:12.192 D/BluetoothUtils( 8588): blockedByLocationOff callingUid=1002
09-01 14:24:12.192 I/BluetoothUtils( 8588): packagename is android.uid.bluetooth:1002 ,and its permission is false
09-01 14:24:12.192 D/BluetoothUtils( 8588): blockedByLocationOff callingUid=1002
09-01 14:24:12.193 I/BluetoothUtils( 8588): packagename is android.uid.bluetooth:1002 ,and its permission is false
09-01 14:24:12.194 V/bt_stack( 8588): [VERBOSE1:bta_gattc_main.cc(361)] bta_gattc_hdl_event: Event:BTA_GATTC_API_WRITE_EVT
09-01 14:24:12.194 V/bt_stack( 8588): [VERBOSE1:bta_gattc_main.cc(305)] bta_gattc_sm_execute: State 0x02 [GATTC_CONN_ST], Event 0x1f05[BTA_GATTC_API_WRITE_EVT]
09-01 14:24:12.194 V/bt_stack( 8588): [VERBOSE1:gatt_utils.cc(1191)] gatt_end_operation status=0 op=3 subtype=1
09-01 14:24:12.194 V/bt_stack( 8588): [VERBOSE1:bta_gattc_act.cc(1309)] bta_gattc_cmpl_cback: conn_id:8 op:3 status:0
09-01 14:24:12.194 V/bt_stack( 8588): [VERBOSE1:bta_gattc_main.cc(341)] bta_gattc_sm_execute: GATTC State Change: 0x02 -> 0x02 after Event 0x1f05
09-01 14:24:12.194 V/bt_stack( 8588): [VERBOSE1:bta_gattc_main.cc(361)] bta_gattc_hdl_event: Event:BTA_GATTC_OP_CMPL_EVT
09-01 14:24:12.194 V/bt_stack( 8588): [VERBOSE1:bta_gattc_main.cc(305)] bta_gattc_sm_execute: State 0x02 [GATTC_CONN_ST], Event 0x1f0f[BTA_GATTC_OP_CMPL_EVT]
09-01 14:24:12.194 V/bt_stack( 8588): [VERBOSE1:bta_gattc_act.cc(936)] bta_gattc_op_cmpl: op:3
09-01 14:24:12.194 V/bt_stack( 8588): [VERBOSE1:bta_gattc_main.cc(341)] bta_gattc_sm_execute: GATTC State Change: 0x02 -> 0x02 after Event 0x1f0f
09-01 14:24:12.196 I//system/vendor/bin/mi_thermald( 1070): thermal_cpu_set_level: set cpu freq of cpu7 to 2419200
09-01 14:24:12.196 V/bt_stack( 8588): [VERBOSE1:btm_ble_gap.cc(1923)] btm_ble_process_ext_adv_pkt: bda=59:b2:14:05:95:91
09-01 14:24:12.196 V/bt_stack( 8588): [VERBOSE1:btm_ble_gap.cc(1847)] btm_ble_process_adv_addr: bda=59:b2:14:05:95:91
09-01 14:24:12.196 V/bt_stack( 8588): [VERBOSE1:btm_ble_gap.cc(2052)]  Waiting for scan response 59:b2:14:05:95:91
09-01 14:24:12.196 V/bt_stack( 8588): [VERBOSE1:btm_ble_gap.cc(1923)] btm_ble_process_ext_adv_pkt: bda=59:b2:14:05:95:91
09-01 14:24:12.196 V/bt_stack( 8588): [VERBOSE1:btm_ble_gap.cc(1847)] btm_ble_process_adv_addr: bda=59:b2:14:05:95:91
09-01 14:24:12.196 V/bt_stack( 8588): [VERBOSE1:btm_ble_gap.cc(1923)] btm_ble_process_ext_adv_pkt: bda=17:be:83:99:5a:17
09-01 14:24:12.196 V/bt_stack( 8588): [VERBOSE1:btm_ble_gap.cc(1847)] btm_ble_process_adv_addr: bda=17:be:83:99:5a:17
09-01 14:24:12.197 D/BluetoothUtils( 8588): blockedByLocationOff callingUid=1002
09-01 14:24:12.197 I/BluetoothUtils( 8588): packagename is android.uid.bluetooth:1002 ,and its permission is false
09-01 14:24:12.197 D/BluetoothUtils( 8588): blockedByLocationOff callingUid=1002
09-01 14:24:12.197 I/BluetoothUtils( 8588): packagename is android.uid.bluetooth:1002 ,and its permission is false
09-01 14:24:12.198 D/BluetoothUtils( 8588): blockedByLocationOff callingUid=1002
09-01 14:24:12.198 I/BluetoothUtils( 8588): packagename is android.uid.bluetooth:1002 ,and its permission is false
09-01 14:24:12.198 D/BluetoothUtils( 8588): blockedByLocationOff callingUid=1002
09-01 14:24:12.199 I/BluetoothUtils( 8588): packagename is android.uid.bluetooth:1002 ,and its permission is false
09-01 14:24:12.199 D/BluetoothUtils( 8588): blockedByLocationOff callingUid=1002
09-01 14:24:12.199 I/BluetoothUtils( 8588): packagename is android.uid.bluetooth:1002 ,and its permission is false
09-01 14:24:12.200 D/BluetoothUtils( 8588): blockedByLocationOff callingUid=1002
09-01 14:24:12.200 I/BluetoothUtils( 8588): packagename is android.uid.bluetooth:1002 ,and its permission is false
09-01 14:24:12.205 V/bt_stack( 8588): [VERBOSE1:btm_ble_gap.cc(1923)] btm_ble_process_ext_adv_pkt: bda=fd:32:0c:ad:56:d5
09-01 14:24:12.205 V/bt_stack( 8588): [VERBOSE1:btm_ble_gap.cc(1847)] btm_ble_process_adv_addr: bda=fd:32:0c:ad:56:d5
09-01 14:24:12.205 V/bt_stack( 8588): [VERBOSE1:btm_ble_gap.cc(2052)]  Waiting for scan response fd:32:0c:ad:56:d5
09-01 14:24:12.205 V/bt_stack( 8588): [VERBOSE1:btm_ble_gap.cc(1923)] btm_ble_process_ext_adv_pkt: bda=fd:32:0c:ad:56:d5
09-01 14:24:12.205 V/bt_stack( 8588): [VERBOSE1:btm_ble_gap.cc(1847)] btm_ble_process_adv_addr: bda=fd:32:0c:ad:56:d5
09-01 14:24:12.205 D/BluetoothUtils( 8588): blockedByLocationOff callingUid=1002
09-01 14:24:12.206 I/BluetoothUtils( 8588): packagename is android.uid.bluetooth:1002 ,and its permission is false
09-01 14:24:12.206 D/BluetoothUtils( 8588): blockedByLocationOff callingUid=1002
09-01 14:24:12.206 I/BluetoothUtils( 8588): packagename is android.uid.bluetooth:1002 ,and its permission is false
09-01 14:24:12.206 V/bt_stack( 8588): [VERBOSE1:btm_ble_gap.cc(1923)] btm_ble_process_ext_adv_pkt: bda=0f:1f:1e:87:2a:ac
09-01 14:24:12.206 D/BluetoothUtils( 8588): blockedByLocationOff callingUid=1002
09-01 14:24:12.206 V/bt_stack( 8588): [VERBOSE1:btm_ble_gap.cc(1847)] btm_ble_process_adv_addr: bda=0f:1f:1e:87:2a:ac
09-01 14:24:12.206 I/BluetoothUtils( 8588): packagename is android.uid.bluetooth:1002 ,and its permission is false
09-01 14:24:12.207 D/BluetoothUtils( 8588): blockedByLocationOff callingUid=1002
09-01 14:24:12.207 I/BluetoothUtils( 8588): packagename is android.uid.bluetooth:1002 ,and its permission is false
09-01 14:24:12.207 D/BluetoothUtils( 8588): blockedByLocationOff callingUid=1002
09-01 14:24:12.208 I/BluetoothUtils( 8588): packagename is android.uid.bluetooth:1002 ,and its permission is false
09-01 14:24:12.208 D/BluetoothUtils( 8588): blockedByLocationOff callingUid=1002
09-01 14:24:12.208 I/BluetoothUtils( 8588): packagename is android.uid.bluetooth:1002 ,and its permission is false
09-01 14:24:12.214 V/bt_stack( 8588): [VERBOSE1:gatt_main.cc(1079)] gatt_get_ch_state: ch_state=4
09-01 14:24:12.214 I/bt_stack( 8588): [INFO:gatt_main.cc(912)] gatt_data_process op_code = 27, msg_len = 5
09-01 14:24:12.214 V/bt_stack( 8588): [VERBOSE1:gatt_cl.cc(620)] gatt_process_notification
09-01 14:24:12.214 D/[Koin]  ( 3502): +- get 'com.huami.stress.domain.O00000oO.O000000o.O000000o'
09-01 14:24:12.214 V/bt_stack( 8588): [VERBOSE1:gatt_auth.cc(364)] gatt_get_link_encrypt_status status=0x8e
09-01 14:24:12.214 D/[Koin]  ( 3502): | create instance for [type:Factory,primary_type:'com.huami.stress.domain.O00000oO.O000000o.O000000o']
09-01 14:24:12.214 D/[Koin]  ( 3502): +- get 'com.huami.stress.domain.O00000o.O000000o'
09-01 14:24:12.214 V/bt_stack( 8588): [VERBOSE1:bta_gattc_act.cc(1309)] bta_gattc_cmpl_cback: conn_id:3 op:6 status:142
09-01 14:24:12.214 D/[Koin]  ( 3502): | create instance for [type:Factory,primary_type:'com.huami.stress.domain.O00000o.O000000o']
09-01 14:24:12.214 D/[Koin]  ( 3502): +- got 'com.huami.stress.domain.O00000o.O000000o' in 0.029948 ms
09-01 14:24:12.214 V/bt_stack( 8588): [VERBOSE1:gatt_api.cc(1276)] GATT_GetConnectionInfor conn_id=0x0003
09-01 14:24:12.214 D/[Koin]  ( 3502): +- got 'com.huami.stress.domain.O00000oO.O000000o.O000000o' in 0.119115 ms
09-01 14:24:12.214 V/bt_stack( 8588): [VERBOSE1:bta_gattc_act.cc(1309)] bta_gattc_cmpl_cback: conn_id:4 op:6 status:142
09-01 14:24:12.214 V/bt_stack( 8588): [VERBOSE1:gatt_api.cc(1276)] GATT_GetConnectionInfor conn_id=0x0004
09-01 14:24:12.214 E/bt_btif ( 8588): bta_gattc_process_indicate, ignore HID ind/notificiation
09-01 14:24:12.214 V/bt_stack( 8588): [VERBOSE1:bta_gattc_act.cc(1309)] bta_gattc_cmpl_cback: conn_id:5 op:6 status:142
09-01 14:24:12.214 V/bt_stack( 8588): [VERBOSE1:gatt_api.cc(1276)] GATT_GetConnectionInfor conn_id=0x0005
09-01 14:24:12.214 V/bt_stack( 8588): [VERBOSE1:bta_gattc_act.cc(1309)] bta_gattc_cmpl_cback: conn_id:6 op:6 status:142
09-01 14:24:12.214 V/bt_stack( 8588): [VERBOSE1:gatt_api.cc(1276)] GATT_GetConnectionInfor conn_id=0x0006
09-01 14:24:12.214 V/bt_stack( 8588): [VERBOSE1:bta_gattc_act.cc(1309)] bta_gattc_cmpl_cback: conn_id:7 op:6 status:142
09-01 14:24:12.214 V/bt_stack( 8588): [VERBOSE1:gatt_api.cc(1276)] GATT_GetConnectionInfor conn_id=0x0007
09-01 14:24:12.214 V/bt_stack( 8588): [VERBOSE1:bta_gattc_act.cc(1309)] bta_gattc_cmpl_cback: conn_id:8 op:6 status:142
09-01 14:24:12.215 V/bt_stack( 8588): [VERBOSE1:gatt_api.cc(1276)] GATT_GetConnectionInfor conn_id=0x0008
09-01 14:24:12.215 V/bt_stack( 8588): [VERBOSE1:bta_gattc_utils.cc(346)] Notification registered!
09-01 14:24:12.215 V/bt_stack( 8588): [VERBOSE1:bta_gattc_act.cc(1212)] bta_gattc_proc_other_indication: check p_data->att_value.handle=62 p_data->handle=0
09-01 14:24:12.215 V/bt_stack( 8588): [VERBOSE1:bta_gattc_act.cc(1216)] is_notify0
09-01 14:24:12.215 V/bt_stack( 8588): [VERBOSE1:bta_gattc_act.cc(1309)] bta_gattc_cmpl_cback: conn_id:9 op:6 status:142
09-01 14:24:12.215 V/bt_stack( 8588): [VERBOSE1:gatt_api.cc(1276)] GATT_GetConnectionInfor conn_id=0x0009
09-01 14:24:12.215 V/bt_stack( 8588): [VERBOSE1:bta_gattc_act.cc(1309)] bta_gattc_cmpl_cback: conn_id:10 op:6 status:142
09-01 14:24:12.215 V/bt_stack( 8588): [VERBOSE1:gatt_api.cc(1276)] GATT_GetConnectionInfor conn_id=0x000a
09-01 14:24:12.215 V/bt_stack( 8588): [VERBOSE1:bta_gattc_act.cc(1309)] bta_gattc_cmpl_cback: conn_id:11 op:6 status:142
09-01 14:24:12.215 V/bt_stack( 8588): [VERBOSE1:gatt_api.cc(1276)] GATT_GetConnectionInfor conn_id=0x000b
09-01 14:24:12.216 V/bt_stack( 8588): [VERBOSE1:btm_ble_gap.cc(1923)] btm_ble_process_ext_adv_pkt: bda=78:4f:43:58:80:7a
09-01 14:24:12.217 V/bt_stack( 8588): [VERBOSE1:btm_ble_gap.cc(1847)] btm_ble_process_adv_addr: bda=78:4f:43:58:80:7a
09-01 14:24:12.217 V/bt_stack( 8588): [VERBOSE1:btm_ble_gap.cc(2052)]  Waiting for scan response 78:4f:43:58:80:7a
09-01 14:24:12.217 V/bt_stack( 8588): [VERBOSE1:btm_ble_gap.cc(1923)] btm_ble_process_ext_adv_pkt: bda=30:b8:83:fe:c9:1f
09-01 14:24:12.217 V/bt_stack( 8588): [VERBOSE1:btm_ble_gap.cc(1847)] btm_ble_process_adv_addr: bda=30:b8:83:fe:c9:1f
09-01 14:24:12.217 D/BluetoothUtils( 8588): blockedByLocationOff callingUid=1002
09-01 14:24:12.218 I/BluetoothUtils( 8588): packagename is android.uid.bluetooth:1002 ,and its permission is false
09-01 14:24:12.218 D/BluetoothUtils( 8588): blockedByLocationOff callingUid=1002
09-01 14:24:12.218 I/BluetoothUtils( 8588): packagename is android.uid.bluetooth:1002 ,and its permission is false
09-01 14:24:12.219 D/BluetoothUtils( 8588): blockedByLocationOff callingUid=1002
09-01 14:24:12.219 I/BluetoothUtils( 8588): packagename is android.uid.bluetooth:1002 ,and its permission is false
09-01 14:24:12.219 V/bt_stack( 8588): [VERBOSE1:bta_gattc_main.cc(361)] bta_gattc_hdl_event: Event:BTA_GATTC_API_WRITE_EVT
09-01 14:24:12.219 V/bt_stack( 8588): [VERBOSE1:bta_gattc_main.cc(305)] bta_gattc_sm_execute: State 0x02 [GATTC_CONN_ST], Event 0x1f05[BTA_GATTC_API_WRITE_EVT]
09-01 14:24:12.219 V/bt_stack( 8588): [VERBOSE1:gatt_utils.cc(1191)] gatt_end_operation status=0 op=3 subtype=1
09-01 14:24:12.219 V/bt_stack( 8588): [VERBOSE1:bta_gattc_act.cc(1309)] bta_gattc_cmpl_cback: conn_id:8 op:3 status:0
09-01 14:24:12.219 V/bt_stack( 8588): [VERBOSE1:bta_gattc_main.cc(341)] bta_gattc_sm_execute: GATTC State Change: 0x02 -> 0x02 after Event 0x1f05
09-01 14:24:12.219 V/bt_stack( 8588): [VERBOSE1:bta_gattc_main.cc(361)] bta_gattc_hdl_event: Event:BTA_GATTC_OP_CMPL_EVT
09-01 14:24:12.219 V/bt_stack( 8588): [VERBOSE1:bta_gattc_main.cc(305)] bta_gattc_sm_execute: State 0x02 [GATTC_CONN_ST], Event 0x1f0f[BTA_GATTC_OP_CMPL_EVT]
09-01 14:24:12.219 V/bt_stack( 8588): [VERBOSE1:bta_gattc_act.cc(936)] bta_gattc_op_cmpl: op:3
09-01 14:24:12.219 V/bt_stack( 8588): [VERBOSE1:bta_gattc_main.cc(341)] bta_gattc_sm_execute: GATTC State Change: 0x02 -> 0x02 after Event 0x1f0f
09-01 14:24:12.220 V/bt_stack( 8588): [VERBOSE1:btm_ble_gap.cc(1923)] btm_ble_process_ext_adv_pkt: bda=11:82:f5:89:45:91
09-01 14:24:12.220 V/bt_stack( 8588): [VERBOSE1:btm_ble_gap.cc(1847)] btm_ble_process_adv_addr: bda=11:82:f5:89:45:91
09-01 14:24:12.221 D/BluetoothUtils( 8588): blockedByLocationOff callingUid=1002
09-01 14:24:12.221 I/BluetoothUtils( 8588): packagename is android.uid.bluetooth:1002 ,and its permission is false
09-01 14:24:12.221 D/BluetoothUtils( 8588): blockedByLocationOff callingUid=1002
09-01 14:24:12.221 I/BluetoothUtils( 8588): packagename is android.uid.bluetooth:1002 ,and its permission is false
09-01 14:24:12.221 D/BluetoothUtils( 8588): blockedByLocationOff callingUid=1002
09-01 14:24:12.222 I/BluetoothUtils( 8588): packagename is android.uid.bluetooth:1002 ,and its permission is false
09-01 14:24:12.224 V/bt_stack( 8588): [VERBOSE1:btm_ble_gap.cc(1923)] btm_ble_process_ext_adv_pkt: bda=34:23:f9:27:c7:18
09-01 14:24:12.224 V/bt_stack( 8588): [VERBOSE1:btm_ble_gap.cc(1847)] btm_ble_process_adv_addr: bda=34:23:f9:27:c7:18
09-01 14:24:12.224 D/BluetoothUtils( 8588): blockedByLocationOff callingUid=1002
09-01 14:24:12.225 I/BluetoothUtils( 8588): packagename is android.uid.bluetooth:1002 ,and its permission is false
09-01 14:24:12.225 D/BluetoothUtils( 8588): blockedByLocationOff callingUid=1002
