--------- beginning of main
09-01 14:43:03.919 I/appium  (13898): AppiumResponse: {"sessionId":"94b2dfbc-5a87-4ff5-8430-a6752ec32c55","value":"[3.31,  公里]"}
09-01 14:43:03.922 I/chatty  ( 8588): uid=1002(bluetooth) btu message loo expire 15 lines
09-01 14:43:03.925 I/chatty  ( 8588): uid=1002(bluetooth) BT Service Call expire 179 lines
09-01 14:43:03.941 I/chatty  ( 8588): uid=1002(bluetooth) btu message loo expire 194 lines
09-01 14:43:03.950 I/appium  (13898): channel read invoked!
09-01 14:43:03.950 I/appium  (13898): channel read: POST /wd/hub/session/94b2dfbc-5a87-4ff5-8430-a6752ec32c55/element
09-01 14:43:03.951 I/appium  (13898): Find element command using 'xpath' with selector '//*[@resource-id='com.xiaomi.hm.health:id/third_item']/android.widget.LinearLayout/android.view.View[1]'.
09-01 14:43:03.951 I/appium  (13898): Waiting up to 10000ms for device to be idle
09-01 14:43:04.060 I/appium  (13898): AppiumResponse: {"sessionId":"94b2dfbc-5a87-4ff5-8430-a6752ec32c55","value":{"ELEMENT":"23f3cb4a-26ef-4d19-8e33-0b191fec5ca4","element-6066-11e4-a52e-4f735466cecf":"23f3cb4a-26ef-4d19-8e33-0b191fec5ca4"}}
09-01 14:43:04.073 I/appium  (13898): channel read invoked!
09-01 14:43:04.073 I/appium  (13898): channel read: GET /wd/hub/session/94b2dfbc-5a87-4ff5-8430-a6752ec32c55/element/23f3cb4a-26ef-4d19-8e33-0b191fec5ca4/attribute/contentDescription
09-01 14:43:04.073 I/appium  (13898): get attribute of element command
09-01 14:43:04.080 I/appium  (13898): AppiumResponse: {"sessionId":"94b2dfbc-5a87-4ff5-8430-a6752ec32c55","value":"[173, 千卡]"}
09-01 14:43:04.167 I/chatty  ( 8588): uid=1002(bluetooth) BT Service Call expire 279 lines
09-01 14:43:04.353 I/chatty  ( 8588): uid=1002(bluetooth) btu message loo expire 108 lines
09-01 14:43:04.532 D/BluetoothAdapter(13945): stopLeScan()
09-01 14:43:04.533 D/BluetoothAdapter(13945): isLeEnabled(): ON
09-01 14:43:04.533 I/chatty  ( 8588): uid=1002(bluetooth) Binder:8588_6 expire 6 lines
09-01 14:43:04.535 I/chatty  ( 8588): uid=1002(bluetooth) BluetoothScanMa expire 11 lines
09-01 14:43:04.536 I/chatty  (19843): uid=1002 bluetooth@1.0-s expire 1 line
09-01 14:43:04.536 I/chatty  (19843): uid=1002 bluetooth@1.0-s expire 7 lines
09-01 14:43:04.539 D/PowerKeeperPolicy( 1639): stopLeScan: BleScanWrapper[mClientIf = 21 mPendingIntent=null] uid=10241BleScanWrapper[mClientIf = 21 mPendingIntent=null]
09-01 14:43:04.539 D/BluetoothAdapter(13945): startLeScan(): null
09-01 14:43:04.541 D/BluetoothAdapter(13945): isLeEnabled(): ON
09-01 14:43:04.543 D/BluetoothLeScanner(13945): onScannerRegistered() - status=0 scannerId=21 mScannerId=0
09-01 14:43:04.546 D/PowerKeeperPolicy( 1639): isLeScanAllowed: uid = 10241, allow = true
09-01 14:43:04.550 D/PowerKeeperPolicy( 1639): startLeScan: BleScanWrapper[mClientIf = 21 mPendingIntent=null] uid=10241
09-01 14:43:04.551 D/PowerKeeperPolicy( 1639): uid = 10241 setAllowed, allowed = true
09-01 14:43:04.551 D/PowerKeeperPolicy( 1639): uid = 10241 setScanning, scanning = true
09-01 14:43:04.551 D/PowerKeeperPolicy( 1639): startLeScan, uid = 10241 is scanning
09-01 14:43:04.556 I/chatty  ( 8588): uid=1002(bluetooth) BT Service Call expire 161 lines
09-01 14:43:04.577 I/chatty  ( 8588): uid=1002(bluetooth) btu message loo expire 184 lines
09-01 14:43:04.882 I/chatty  ( 8588): uid=1002(bluetooth) BT Service Call expire 318 lines
09-01 14:43:05.102 I/chatty  ( 8588): uid=1002(bluetooth) btu message loo expire 93 lines
09-01 14:43:05.153 I/chatty  (19843): uid=1002 bluetooth@1.0-s expire 3 lines
09-01 14:43:05.372 I/chatty  ( 8588): uid=1002(bluetooth) BT Service Call expire 161 lines
09-01 14:43:05.376 I/chatty  ( 8588): uid=1002(bluetooth) btu message loo expire 93 lines
09-01 14:43:05.559 I/chatty  (19843): uid=1002(bluetooth) POSIX timer 7 expire 1 line
09-01 14:43:05.608 I/chatty  ( 8588): uid=1002(bluetooth) BT Service Call expire 163 lines
09-01 14:43:05.611 I/chatty  ( 8588): uid=1002(bluetooth) btu message loo expire 180 lines
09-01 14:43:05.814 I/chatty  ( 8588): uid=1002(bluetooth) BT Service Call expire 330 lines
09-01 14:43:06.021 I/chatty  ( 8588): uid=1002(bluetooth) btu message loo expire 87 lines
09-01 14:43:06.099 I/chatty  (19843): uid=1002 bluetooth@1.0-s expire 5 lines
09-01 14:43:06.110 I/appium  (13898): channel read invoked!
09-01 14:43:06.110 I/appium  (13898): channel read: GET /wd/hub/session/94b2dfbc-5a87-4ff5-8430-a6752ec32c55/screenshot
09-01 14:43:06.111 I/appium  (13898): Capture screenshot command
09-01 14:43:06.263 I/hwservicemanager(  573): getTransport: Cannot find entry android.hardware.graphics.mapper@3.0::IMapper/default in either framework or device manifest.
09-01 14:43:06.264 W/Gralloc3(14314): mapper 3.x is not supported
09-01 14:43:06.270 I/chatty  ( 8588): uid=1002(bluetooth) btu message loo expire 103 lines
09-01 14:43:06.271 I/chatty  ( 8588): uid=1002(bluetooth) BT Service Call expire 300 lines
09-01 14:43:06.276 W/AdrenoUtils(14314): <ReadGpuID_from_sysfs:194>: Failed to open /sys/class/kgsl/kgsl-3d0/gpu_model
09-01 14:43:06.276 W/AdrenoUtils(14314): <ReadGpuID:218>: Failed to read chip ID from gpu_model. Fallback to use the GSL path
09-01 14:43:06.270 W/screencap(14314): type=1400 audit(0.0:64182): avc: denied { search } for name="kgsl" dev="sysfs" ino=55624 scontext=u:r:shell:s0 tcontext=u:object_r:sysfs_kgsl:s0 tclass=dir permissive=0
09-01 14:43:06.478 I/MiuiNetworkPolicy( 1639): bandwidth: 0 KB/s, Max bandwidth: 3727 KB/s
09-01 14:43:06.517 I/chatty  ( 8588): uid=1002(bluetooth) btu message loo expire 200 lines
09-01 14:43:06.585 I/appium  (13898): AppiumResponse: {"sessionId":"94b2dfbc-5a87-4ff5-8430-a6752ec32c55","value":"iVBORw0KGgoAAAANSUhEUgAABDgAAAkkCAYAAAD508+vAAAAAXNSR0IArs4c6QAAAARzQklUCAgI\nCHwIZIgAACAASURBVHic7L15nBv1ff\/\/+sxoD2lvr9c2NgZDiPGBsbkPmyuBkqvfHilNIAmkzUVD\nk7QkQMgBIRRSAmlOQtKmTUlLk\/xytDlIQgLhvswNxtxgs9j43l3vKa00n98fM5\/RZ0Yz0kia1Ury...
09-01 14:43:06.718 I/chatty  ( 8588): uid=1002(bluetooth) BT Service Call expire 316 lines
09-01 14:43:06.791 I/appium  (13898): channel read invoked!
09-01 14:43:06.791 I/appium  (13898): channel read: POST /wd/hub/session/94b2dfbc-5a87-4ff5-8430-a6752ec32c55/element
09-01 14:43:06.794 I/appium  (13898): Find element command using 'id' with selector 'back_button'.
09-01 14:43:06.794 I/appium  (13898): Waiting up to 10000ms for device to be idle
09-01 14:43:06.813 I/appium  (13898): AppiumResponse: {"sessionId":"94b2dfbc-5a87-4ff5-8430-a6752ec32c55","value":{"ELEMENT":"3bea5c93-fff0-4e60-8a56-6e822f9409e1","element-6066-11e4-a52e-4f735466cecf":"3bea5c93-fff0-4e60-8a56-6e822f9409e1"}}
09-01 14:43:06.833 I/appium  (13898): channel read invoked!
09-01 14:43:06.833 I/appium  (13898): channel read: POST /wd/hub/session/94b2dfbc-5a87-4ff5-8430-a6752ec32c55/element/3bea5c93-fff0-4e60-8a56-6e822f9409e1/click
09-01 14:43:06.835 I/appium  (13898): Click element command
09-01 14:43:06.871 D/ActivityTrigger( 1639): ActivityTrigger activityPauseTrigger 
--------- beginning of system
09-01 14:43:06.880 D/WindowManager( 1639): Input focus has changed to null
09-01 14:43:06.882 I/Timeline( 1639): Timeline: App_transition_ready time:212152899
09-01 14:43:06.882 I/appium  (13898): Waiting up to 10000ms for device to be idle
09-01 14:43:06.883 I/appium  (13898): AppiumResponse: {"sessionId":"94b2dfbc-5a87-4ff5-8430-a6752ec32c55","value":null}
09-01 14:43:06.885 I/chatty  ( 8588): uid=1002(bluetooth) btu message loo expire 204 lines
09-01 14:43:06.890 D/RecentsImpl( 7676): mActivityStateObserver com.xiaomi.hm.health.ui.information.StatisticsActivity
09-01 14:43:06.900 I/Timeline( 1639): Timeline: App_transition_ready time:212152917
09-01 14:43:06.900 D/WindowManager( 1639): Input focus has changed to Window{3d7e047 u0 com.xiaomi.hm.health/com.xiaomi.hm.health.ui.information.StatisticsActivity}
09-01 14:43:06.910 I/Timeline( 1639): Timeline: App_transition_ready time:212152927
09-01 14:43:06.912 I/SplashScreenServiceDelegate( 1639): None for com.xiaomi.hm.health
09-01 14:43:06.919 I/appium  (13898): channel read invoked!
09-01 14:43:06.919 I/appium  (13898): channel read: POST /wd/hub/session/94b2dfbc-5a87-4ff5-8430-a6752ec32c55/element
09-01 14:43:06.919 I/appium  (13898): Find element command using 'id' with selector 'title_bar_back'.
09-01 14:43:06.920 I/appium  (13898): Waiting up to 10000ms for device to be idle
09-01 14:43:06.993 W/RecentsModel( 7676): onTaskStackChangedBackground: start loading
09-01 14:43:06.993 W/RecentsModel( 7676): getTaskInfoIgnoreHomeAndSplit   taskInfo=ComponentInfo{com.xiaomi.hm.health/com.xiaomi.hm.health.activity.MainTabActivity}
09-01 14:43:06.993 W/RecentsModel( 7676): getTaskInfoIgnoreHomeAndFreeform   taskInfo=ComponentInfo{com.xiaomi.hm.health/com.xiaomi.hm.health.activity.MainTabActivity}
09-01 14:43:06.994 W/RecentsModel( 7676): getTaskInfoIgnoreFreeform   taskInfo=ComponentInfo{com.xiaomi.hm.health/com.xiaomi.hm.health.activity.MainTabActivity}
09-01 14:43:06.994 W/RecentsModel( 7676): onTaskStackChangedBackground: finishLoading loading
09-01 14:43:07.084 I/chatty  ( 8588): uid=1002(bluetooth) BT Service Call expire 302 lines
09-01 14:43:07.285 I/chatty  ( 8588): uid=1002(bluetooth) btu message loo expire 100 lines
09-01 14:43:07.372 I/chatty  (19843): uid=1002 bluetooth@1.0-s expire 5 lines
09-01 14:43:07.411 I/Timeline( 1639): Timeline: Activity_windows_visible id: ActivityRecord{e69d1ba u0 com.xiaomi.hm.health/.ui.information.StatisticsActivity t491} time:212153428
09-01 14:43:07.413 I/Timeline( 1639): Timeline: App_transition_stopped time:212153430
09-01 14:43:07.413 D/EventBus(29730): [29730, u0] send(AppTransitionFinishedEvent)
09-01 14:43:07.413 D/EventBus(29730): [29730, u0]  -> ForcedResizableInfoActivityController [0xc4c1163, P1] onBusEvent(AppTransitionFinishedEvent)
09-01 14:43:07.414 D/EventBus(29730): [29730, u0] onBusEvent(AppTransitionFinishedEvent) duration: 26 microseconds, avg: 36
09-01 14:43:07.414 D/EventBus(29730): [29730, u0] send(AppTransitionFinishedEvent)
09-01 14:43:07.414 D/EventBus(29730): [29730, u0]  -> ForcedResizableInfoActivityController [0xc4c1163, P1] onBusEvent(AppTransitionFinishedEvent)
09-01 14:43:07.414 D/EventBus(29730): [29730, u0] onBusEvent(AppTransitionFinishedEvent) duration: 13 microseconds, avg: 36
09-01 14:43:07.415 I/SplashScreenServiceDelegate( 1639): None for com.xiaomi.hm.health
09-01 14:43:07.442 D/EventBus(29730): [29730, u0] send(AppTransitionFinishedEvent)
09-01 14:43:07.442 D/EventBus(29730): [29730, u0]  -> ForcedResizableInfoActivityController [0xc4c1163, P1] onBusEvent(AppTransitionFinishedEvent)
09-01 14:43:07.442 D/EventBus(29730): [29730, u0] onBusEvent(AppTransitionFinishedEvent) duration: 24 microseconds, avg: 36
09-01 14:43:07.454 I/appium  (13898): AppiumResponse: {"sessionId":"94b2dfbc-5a87-4ff5-8430-a6752ec32c55","value":{"error":"no such element","message":"An element could not be located on the page using the given search parameters","stacktrace":"io.appium.uiautomator2.common.exceptions.ElementNotFoundException: An element could not be located on the ...
09-01 14:43:07.508 I/chatty  ( 8588): uid=1002(bluetooth) BT Service Call expire 162 lines
09-01 14:43:07.529 I/chatty  ( 8588): uid=1002(bluetooth) btu message loo expire 192 lines
09-01 14:43:07.545 I//system/vendor/bin/mi_thermald( 1070): thermal_cpu_set_level: set cpu freq of cpu4 to 1804800
09-01 14:43:07.591 D/NtpTrustedTime( 1639): currentTimeMillis() cache hit
09-01 14:43:07.592 I/netd    (  679): trafficSwapActiveStatsMap() <0.86ms>
09-01 14:43:07.595 I/netd    (  679): tetherGetStats() <0.94ms>
09-01 14:43:07.601 D/NtpTrustedTime( 1639): currentTimeMillis() cache hit
09-01 14:43:07.602 I/netd    (  679): bandwidthSetGlobalAlert(131072) <0.23ms>
09-01 14:43:07.603 I/TrafficManageService( 5237): mina mTrafficStatsReceiver onReceive
09-01 14:43:07.695 I//system/vendor/bin/mi_thermald( 1070): thermal_cpu_set_level: set cpu freq of cpu7 to 1804800
09-01 14:43:07.712 I/chatty  ( 8588): uid=1002(bluetooth) BT Service Call expire 301 lines
09-01 14:43:07.898 I/chatty  ( 8588): uid=1002(bluetooth) btu message loo expire 206 lines
09-01 14:43:07.972 I/appium  (13898): channel read invoked!
09-01 14:43:07.973 I/appium  (13898): channel read: POST /wd/hub/session/94b2dfbc-5a87-4ff5-8430-a6752ec32c55/element
09-01 14:43:07.975 I/appium  (13898): Find element command using 'id' with selector 'title_bar_back'.
09-01 14:43:07.975 I/appium  (13898): Waiting up to 10000ms for device to be idle
09-01 14:43:08.046 I/appium  (13898): AppiumResponse: {"sessionId":"94b2dfbc-5a87-4ff5-8430-a6752ec32c55","value":{"error":"no such element","message":"An element could not be located on the page using the given search parameters","stacktrace":"io.appium.uiautomator2.common.exceptions.ElementNotFoundException: An element could not be located on the ...
09-01 14:43:08.096 I/chatty  ( 8588): uid=1002(bluetooth) BT Service Call expire 156 lines
09-01 14:43:08.119 I/chatty  ( 8588): uid=1002(bluetooth) BluetoothScanMa expire 3 lines
09-01 14:43:08.260 I/chatty  ( 8588): uid=1002(bluetooth) BT Service Call expire 160 lines
09-01 14:43:08.264 I/chatty  ( 8588): uid=1002(bluetooth) btu message loo expire 199 lines
09-01 14:43:08.446 I/chatty  ( 8588): uid=1002(bluetooth) BT Service Call expire 146 lines
09-01 14:43:08.568 I/appium  (13898): channel read invoked!
09-01 14:43:08.568 I/appium  (13898): channel read: POST /wd/hub/session/94b2dfbc-5a87-4ff5-8430-a6752ec32c55/element
09-01 14:43:08.570 I/appium  (13898): Find element command using 'id' with selector 'title_bar_back'.
09-01 14:43:08.571 I/appium  (13898): Waiting up to 10000ms for device to be idle
09-01 14:43:08.600 I/appium  (13898): AppiumResponse: {"sessionId":"94b2dfbc-5a87-4ff5-8430-a6752ec32c55","value":{"error":"no such element","message":"An element could not be located on the page using the given search parameters","stacktrace":"io.appium.uiautomator2.common.exceptions.ElementNotFoundException: An element could not be located on the ...
09-01 14:43:08.657 I/chatty  (19843): uid=1002 bluetooth@1.0-s expire 5 lines
09-01 14:43:08.713 I/chatty  ( 8588): uid=1002(bluetooth) BT Service Call expire 155 lines
09-01 14:43:08.739 I/chatty  ( 8588): uid=1002(bluetooth) btu message loo expire 199 lines
09-01 14:43:08.934 I/chatty  ( 8588): uid=1002(bluetooth) BT Service Call expire 324 lines
09-01 14:43:09.114 I/appium  (13898): channel read invoked!
09-01 14:43:09.114 I/appium  (13898): channel read: POST /wd/hub/session/94b2dfbc-5a87-4ff5-8430-a6752ec32c55/element
09-01 14:43:09.116 I/appium  (13898): Find element command using 'id' with selector 'title_bar_back'.
09-01 14:43:09.116 I/appium  (13898): Waiting up to 10000ms for device to be idle
09-01 14:43:09.152 I/chatty  ( 8588): uid=1002(bluetooth) btu message loo expire 179 lines
09-01 14:43:09.372 I/appium  (13898): AppiumResponse: {"sessionId":"94b2dfbc-5a87-4ff5-8430-a6752ec32c55","value":{"error":"no such element","message":"An element could not be located on the page using the given search parameters","stacktrace":"io.appium.uiautomator2.common.exceptions.ElementNotFoundException: An element could not be located on the ...
09-01 14:43:09.393 I/chatty  ( 8588): uid=1002(bluetooth) BT Service Call expire 322 lines
09-01 14:43:09.482 I/MiuiNetworkPolicy( 1639): bandwidth: 0 KB/s, Max bandwidth: 3727 KB/s
09-01 14:43:09.617 I/chatty  ( 8588): uid=1002(bluetooth) btu message loo expire 86 lines
09-01 14:43:09.742 I/chatty  (19843): uid=1002 bluetooth@1.0-s expire 20 lines
09-01 14:43:09.885 D/WorkerThreadMonitor(25307): Kill MSF check result[ senderSize:0,sendInterval:12399363,receiveInterval=12670445,addCmdCount=3
09-01 14:43:09.890 I/appium  (13898): channel read invoked!
09-01 14:43:09.891 I/appium  (13898): channel read: POST /wd/hub/session/94b2dfbc-5a87-4ff5-8430-a6752ec32c55/element
09-01 14:43:09.893 I/appium  (13898): Find element command using 'id' with selector 'title_bar_back'.
09-01 14:43:09.894 I/appium  (13898): Waiting up to 10000ms for device to be idle
09-01 14:43:09.897 I/chatty  ( 8588): uid=1002(bluetooth) BT Service Call expire 154 lines
09-01 14:43:09.921 I/appium  (13898): AppiumResponse: {"sessionId":"94b2dfbc-5a87-4ff5-8430-a6752ec32c55","value":{"error":"no such element","message":"An element could not be located on the page using the given search parameters","stacktrace":"io.appium.uiautomator2.common.exceptions.ElementNotFoundException: An element could not be located on the ...
09-01 14:43:09.966 I/chatty  ( 8588): uid=1002(bluetooth) btu message loo expire 186 lines
09-01 14:43:10.224 I/chatty  ( 8588): uid=1002(bluetooth) BT Service Call expire 294 lines
09-01 14:43:10.402 I/chatty  ( 8588): uid=1002(bluetooth) btu message loo expire 92 lines
09-01 14:43:10.437 I/appium  (13898): channel read invoked!
09-01 14:43:10.437 I/appium  (13898): channel read: POST /wd/hub/session/94b2dfbc-5a87-4ff5-8430-a6752ec32c55/element
09-01 14:43:10.439 I/appium  (13898): Find element command using 'id' with selector 'title_bar_back'.
09-01 14:43:10.440 I/appium  (13898): Waiting up to 10000ms for device to be idle
09-01 14:43:10.464 I/appium  (13898): AppiumResponse: {"sessionId":"94b2dfbc-5a87-4ff5-8430-a6752ec32c55","value":{"error":"no such element","message":"An element could not be located on the page using the given search parameters","stacktrace":"io.appium.uiautomator2.common.exceptions.ElementNotFoundException: An element could not be located on the ...
09-01 14:43:10.552 D/BluetoothAdapter(13945): stopLeScan()
09-01 14:43:10.553 D/BluetoothAdapter(13945): isLeEnabled(): ON
09-01 14:43:10.553 I/chatty  ( 8588): uid=1002(bluetooth) Binder:8588_6 expire 7 lines
09-01 14:43:10.554 I/chatty  ( 8588): uid=1002(bluetooth) BluetoothScanMa expire 5 lines
09-01 14:43:10.556 I/chatty  (19843): uid=1002 bluetooth@1.0-s expire 4 lines
09-01 14:43:10.556 I/chatty  (19843): uid=1002 bluetooth@1.0-s expire 5 lines
09-01 14:43:10.559 D/PowerKeeperPolicy( 1639): stopLeScan: BleScanWrapper[mClientIf = 21 mPendingIntent=null] uid=10241BleScanWrapper[mClientIf = 21 mPendingIntent=null]
09-01 14:43:10.561 D/BluetoothAdapter(13945): startLeScan(): null
09-01 14:43:10.562 D/BluetoothAdapter(13945): isLeEnabled(): ON
09-01 14:43:10.565 D/BluetoothLeScanner(13945): onScannerRegistered() - status=6 scannerId=-1 mScannerId=0
09-01 14:43:10.991 I/appium  (13898): channel read invoked!
09-01 14:43:10.991 I/appium  (13898): channel read: POST /wd/hub/session/94b2dfbc-5a87-4ff5-8430-a6752ec32c55/element
09-01 14:43:10.994 I/appium  (13898): Find element command using 'id' with selector 'title_bar_back'.
09-01 14:43:10.995 I/appium  (13898): Waiting up to 10000ms for device to be idle
09-01 14:43:11.022 I/appium  (13898): AppiumResponse: {"sessionId":"94b2dfbc-5a87-4ff5-8430-a6752ec32c55","value":{"error":"no such element","message":"An element could not be located on the page using the given search parameters","stacktrace":"io.appium.uiautomator2.common.exceptions.ElementNotFoundException: An element could not be located on the ...
09-01 14:43:11.541 I/appium  (13898): channel read invoked!
09-01 14:43:11.542 I/appium  (13898): channel read: POST /wd/hub/session/94b2dfbc-5a87-4ff5-8430-a6752ec32c55/element
09-01 14:43:11.545 I/appium  (13898): Find element command using 'id' with selector 'title_bar_back'.
09-01 14:43:11.545 I/appium  (13898): Waiting up to 10000ms for device to be idle
09-01 14:43:11.567 I/chatty  (19843): uid=1002(bluetooth) POSIX timer 7 expire 2 lines
09-01 14:43:11.572 I/appium  (13898): AppiumResponse: {"sessionId":"94b2dfbc-5a87-4ff5-8430-a6752ec32c55","value":{"error":"no such element","message":"An element could not be located on the page using the given search parameters","stacktrace":"io.appium.uiautomator2.common.exceptions.ElementNotFoundException: An element could not be located on the ...
09-01 14:43:11.727 I/chatty  (19843): uid=1002(bluetooth) POSIX timer 4 expire 1 line
09-01 14:43:11.785 I/chatty  ( 3272): uid=1002(bluetooth) FastConnectServ expire 5 lines
09-01 14:43:11.794 D/PowerKeeperPolicy( 1639): stopLeScan: BleScanWrapper[mClientIf = 5 mPendingIntent=null] uid=1002BleScanWrapper[mClientIf = 5 mPendingIntent=null]
09-01 14:43:11.803 I/chatty  ( 8588): uid=1002(bluetooth) btu message loo expire 71 lines
09-01 14:43:11.804 I/chatty  ( 3272): uid=1002(bluetooth) Binder:3272_7 expire 1 line
09-01 14:43:11.804 I/chatty  ( 8588): uid=1002(bluetooth) BT Service Call expire 131 lines
09-01 14:43:11.805 I/chatty  ( 8588): uid=1002(bluetooth) BluetoothScanMa expire 25 lines
09-01 14:43:11.805 D/PowerKeeperPolicy( 1639): isLeScanAllowed: uid = 1002, allow = true
09-01 14:43:11.806 I/chatty  ( 8588): uid=1002(bluetooth) Binder:8588_6 expire 7 lines
09-01 14:43:11.814 D/PowerKeeperPolicy( 1639): startLeScan: BleScanWrapper[mClientIf = 5 mPendingIntent=null] uid=1002
09-01 14:43:11.815 D/PowerKeeperPolicy( 1639): uid = 1002 setAllowed, allowed = true
09-01 14:43:11.815 D/PowerKeeperPolicy( 1639): uid = 1002 setScanning, scanning = true
09-01 14:43:11.815 D/PowerKeeperPolicy( 1639): startLeScan, uid = 1002 is scanning
09-01 14:43:11.883 I/chatty  (19843): uid=1002 bluetooth@1.0-s expire 8 lines
09-01 14:43:12.099 I/appium  (13898): channel read invoked!
09-01 14:43:12.099 I/appium  (13898): channel read: POST /wd/hub/session/94b2dfbc-5a87-4ff5-8430-a6752ec32c55/element
09-01 14:43:12.102 I/appium  (13898): Find element command using 'id' with selector 'title_bar_back'.
09-01 14:43:12.103 I/appium  (13898): Waiting up to 10000ms for device to be idle
09-01 14:43:12.131 I/appium  (13898): AppiumResponse: {"sessionId":"94b2dfbc-5a87-4ff5-8430-a6752ec32c55","value":{"error":"no such element","message":"An element could not be located on the page using the given search parameters","stacktrace":"io.appium.uiautomator2.common.exceptions.ElementNotFoundException: An element could not be located on the ...
09-01 14:43:12.489 I/MiuiNetworkPolicy( 1639): bandwidth: 0 KB/s, Max bandwidth: 3727 KB/s
09-01 14:43:12.651 I/appium  (13898): channel read invoked!
09-01 14:43:12.652 I/appium  (13898): channel read: POST /wd/hub/session/94b2dfbc-5a87-4ff5-8430-a6752ec32c55/element
09-01 14:43:12.655 I/appium  (13898): Find element command using 'id' with selector 'title_bar_back'.
09-01 14:43:12.655 I/appium  (13898): Waiting up to 10000ms for device to be idle
09-01 14:43:12.685 I/appium  (13898): AppiumResponse: {"sessionId":"94b2dfbc-5a87-4ff5-8430-a6752ec32c55","value":{"error":"no such element","message":"An element could not be located on the page using the given search parameters","stacktrace":"io.appium.uiautomator2.common.exceptions.ElementNotFoundException: An element could not be located on the ...
09-01 14:43:12.841 I/chatty  (19843): uid=1002(bluetooth) POSIX timer 7 expire 4 lines
09-01 14:43:13.002 I/chatty  (19843): uid=1002(bluetooth) POSIX timer 4 expire 2 lines
09-01 14:43:13.204 I/appium  (13898): channel read invoked!
09-01 14:43:13.204 I/appium  (13898): channel read: POST /wd/hub/session/94b2dfbc-5a87-4ff5-8430-a6752ec32c55/element
09-01 14:43:13.206 I/appium  (13898): Find element command using 'id' with selector 'title_bar_back'.
09-01 14:43:13.207 I/appium  (13898): Waiting up to 10000ms for device to be idle
09-01 14:43:13.234 I/appium  (13898): AppiumResponse: {"sessionId":"94b2dfbc-5a87-4ff5-8430-a6752ec32c55","value":{"error":"no such element","message":"An element could not be located on the page using the given search parameters","stacktrace":"io.appium.uiautomator2.common.exceptions.ElementNotFoundException: An element could not be located on the ...
09-01 14:43:13.756 I/appium  (13898): channel read invoked!
09-01 14:43:13.756 I/appium  (13898): channel read: POST /wd/hub/session/94b2dfbc-5a87-4ff5-8430-a6752ec32c55/element
09-01 14:43:13.759 I/appium  (13898): Find element command using 'id' with selector 'title_bar_back'.
09-01 14:43:13.759 I/appium  (13898): Waiting up to 10000ms for device to be idle
09-01 14:43:13.786 I/appium  (13898): AppiumResponse: {"sessionId":"94b2dfbc-5a87-4ff5-8430-a6752ec32c55","value":{"error":"no such element","message":"An element could not be located on the page using the given search parameters","stacktrace":"io.appium.uiautomator2.common.exceptions.ElementNotFoundException: An element could not be located on the ...
09-01 14:43:14.140 I/chatty  (19843): uid=1002 bluetooth@1.0-s expire 6 lines
09-01 14:43:14.308 I/appium  (13898): channel read invoked!
09-01 14:43:14.308 I/appium  (13898): channel read: POST /wd/hub/session/94b2dfbc-5a87-4ff5-8430-a6752ec32c55/element
09-01 14:43:14.310 I/appium  (13898): Find element command using 'id' with selector 'title_bar_back'.
09-01 14:43:14.311 I/appium  (13898): Waiting up to 10000ms for device to be idle
09-01 14:43:14.336 I/appium  (13898): AppiumResponse: {"sessionId":"94b2dfbc-5a87-4ff5-8430-a6752ec32c55","value":{"error":"no such element","message":"An element could not be located on the page using the given search parameters","stacktrace":"io.appium.uiautomator2.common.exceptions.ElementNotFoundException: An element could not be located on the ...
09-01 14:43:14.468 D/NetworkManagement( 1639): wlan0 <====> 1
09-01 14:43:14.468 I/MiuiNetworkPolicy( 1639): label wlan0, uid -1, active false, tsNanos 596323432413736
09-01 14:43:14.468 D/OemNetd (  679): setLimit: disable, rate=0
09-01 14:43:14.857 I/appium  (13898): channel read invoked!
09-01 14:43:14.858 I/appium  (13898): channel read: POST /wd/hub/session/94b2dfbc-5a87-4ff5-8430-a6752ec32c55/element
09-01 14:43:14.860 I/appium  (13898): Find element command using 'id' with selector 'title_bar_back'.
09-01 14:43:14.860 I/appium  (13898): Waiting up to 10000ms for device to be idle
09-01 14:43:14.888 I/appium  (13898): AppiumResponse: {"sessionId":"94b2dfbc-5a87-4ff5-8430-a6752ec32c55","value":{"error":"no such element","message":"An element could not be located on the page using the given search parameters","stacktrace":"io.appium.uiautomator2.common.exceptions.ElementNotFoundException: An element could not be located on the ...
09-01 14:43:15.203 I//system/vendor/bin/mi_thermald( 1070): thermal_cpu_set_level: set cpu freq of cpu7 to 1920000
09-01 14:43:15.204 I//system/vendor/bin/mi_thermald( 1070): thermal_cpu_set_level: set cpu freq of cpu4 to 1920000
09-01 14:43:15.407 I/appium  (13898): channel read invoked!
09-01 14:43:15.407 I/appium  (13898): channel read: POST /wd/hub/session/94b2dfbc-5a87-4ff5-8430-a6752ec32c55/element
09-01 14:43:15.409 I/appium  (13898): Find element command using 'id' with selector 'title_bar_back'.
09-01 14:43:15.409 I/appium  (13898): Waiting up to 10000ms for device to be idle
09-01 14:43:15.437 I/appium  (13898): AppiumResponse: {"sessionId":"94b2dfbc-5a87-4ff5-8430-a6752ec32c55","value":{"error":"no such element","message":"An element could not be located on the page using the given search parameters","stacktrace":"io.appium.uiautomator2.common.exceptions.ElementNotFoundException: An element could not be located on the ...
09-01 14:43:15.494 I/MiuiNetworkPolicy( 1639): bandwidth: 0 KB/s, Max bandwidth: 3727 KB/s
09-01 14:43:15.706 I//system/vendor/bin/mi_thermald( 1070): thermal_cpu_set_level: set cpu freq of cpu7 to 2016000
09-01 14:43:15.706 I//system/vendor/bin/mi_thermald( 1070): thermal_cpu_set_level: set cpu freq of cpu4 to 2016000
09-01 14:43:15.956 I/appium  (13898): channel read invoked!
09-01 14:43:15.957 I/appium  (13898): channel read: POST /wd/hub/session/94b2dfbc-5a87-4ff5-8430-a6752ec32c55/element
09-01 14:43:15.958 I/appium  (13898): Find element command using 'id' with selector 'title_bar_back'.
09-01 14:43:15.959 I/appium  (13898): Waiting up to 10000ms for device to be idle
09-01 14:43:15.988 I/appium  (13898): AppiumResponse: {"sessionId":"94b2dfbc-5a87-4ff5-8430-a6752ec32c55","value":{"error":"no such element","message":"An element could not be located on the page using the given search parameters","stacktrace":"io.appium.uiautomator2.common.exceptions.ElementNotFoundException: An element could not be located on the ...
09-01 14:43:16.438 D/NetworkController.MobileSignalController(1)(29730): 4G level = 5
09-01 14:43:16.507 I/appium  (13898): channel read invoked!
09-01 14:43:16.507 I/appium  (13898): channel read: POST /wd/hub/session/94b2dfbc-5a87-4ff5-8430-a6752ec32c55/element
09-01 14:43:16.510 I/appium  (13898): Find element command using 'id' with selector 'title_bar_back'.
09-01 14:43:16.511 I/appium  (13898): Waiting up to 10000ms for device to be idle
09-01 14:43:16.543 I/appium  (13898): AppiumResponse: {"sessionId":"94b2dfbc-5a87-4ff5-8430-a6752ec32c55","value":{"error":"no such element","message":"An element could not be located on the page using the given search parameters","stacktrace":"io.appium.uiautomator2.common.exceptions.ElementNotFoundException: An element could not be located on the ...
09-01 14:43:16.575 D/BluetoothAdapter(13945): stopLeScan()
09-01 14:43:16.579 D/BluetoothAdapter(13945): isLeEnabled(): ON
09-01 14:43:16.579 D/BluetoothLeScanner(13945): could not find callback wrapper
09-01 14:43:16.580 D/BluetoothAdapter(13945): startLeScan(): null
09-01 14:43:16.583 D/BluetoothAdapter(13945): isLeEnabled(): ON
09-01 14:43:16.587 D/BluetoothLeScanner(13945): onScannerRegistered() - status=0 scannerId=21 mScannerId=0
09-01 14:43:16.588 D/PowerKeeperPolicy( 1639): isLeScanAllowed: uid = 10241, allow = true
09-01 14:43:16.596 D/PowerKeeperPolicy( 1639): startLeScan: BleScanWrapper[mClientIf = 21 mPendingIntent=null] uid=10241
09-01 14:43:16.596 D/PowerKeeperPolicy( 1639): uid = 10241 setAllowed, allowed = true
09-01 14:43:16.596 D/PowerKeeperPolicy( 1639): uid = 10241 setScanning, scanning = true
09-01 14:43:16.597 D/PowerKeeperPolicy( 1639): startLeScan, uid = 10241 is scanning
09-01 14:43:16.697 I/chatty  ( 8588): uid=1002(bluetooth) btu message loo expire 93 lines
09-01 14:43:16.697 I/chatty  ( 8588): uid=1002(bluetooth) BT Service Call expire 327 lines
09-01 14:43:16.801 D/MSF.D.QLog(25307): QLog clear logs
09-01 14:43:16.823 I/chatty  ( 8588): uid=1002(bluetooth) btu message loo expire 191 lines
09-01 14:43:16.994 I/chatty  ( 8588): uid=1002(bluetooth) BT Service Call expire 312 lines
09-01 14:43:17.064 I/appium  (13898): channel read invoked!
09-01 14:43:17.065 I/appium  (13898): channel read: POST /wd/hub/session/94b2dfbc-5a87-4ff5-8430-a6752ec32c55/element
09-01 14:43:17.067 I/appium  (13898): Find element command using 'id' with selector 'title_bar_back'.
09-01 14:43:17.067 I/appium  (13898): Waiting up to 10000ms for device to be idle
09-01 14:43:17.097 I/appium  (13898): AppiumResponse: {"sessionId":"94b2dfbc-5a87-4ff5-8430-a6752ec32c55","value":{"error":"no such element","message":"An element could not be located on the page using the given search parameters","stacktrace":"io.appium.uiautomator2.common.exceptions.ElementNotFoundException: An element could not be located on the ...
09-01 14:43:17.203 I/chatty  ( 8588): uid=1002(bluetooth) btu message loo expire 253 lines
09-01 14:43:17.307 D/PowerKeeperPolicy( 1639): hasAlarmRestrict uid=10241 tag=*walarm*:com.xiaomi.hm.health.WAKE_UP ret=false
09-01 14:43:17.338 D/AppOpsAdapter( 5211): using permission notify! 32
09-01 14:43:17.341 I/WifiService( 1639): startScan uid=10241
09-01 14:43:17.344 I/BehaviorRecord-Monitor( 5237): com.xiaomi.hm.health , perm: 32 , operation 2 , current size: 1
09-01 14:43:17.353 D/AppOpsAdapter( 5211): using permission notify! 32
09-01 14:43:17.354 D/AppOpsAdapter( 5211): using permission notify! 32
09-01 14:43:17.357 D/AppOpsAdapter( 5211): using permission notify! 32
09-01 14:43:17.371 I/chatty  ( 8588): uid=1002(bluetooth) BT Service Call expire 135 lines
09-01 14:43:17.371 D/AppOpsAdapter( 5211): using permission notify! 32
09-01 14:43:17.375 I/BehaviorRecord-Monitor( 5237): com.xiaomi.hm.health , perm: 32 , operation 3 , current size: 0
09-01 14:43:17.386 D/NetworkManagement( 1639): wlan0 <====> 1
09-01 14:43:17.386 I/MiuiNetworkPolicy( 1639): label wlan0, uid 10241, active true, tsNanos 596338714719511
09-01 14:43:17.386 D/OemNetd (  679): setLimit: enable, rate=3227614
09-01 14:43:17.420 V/AsyncHttpResponse(13945): Progress 13 from 13 (100%)
09-01 14:43:17.495 I/chatty  ( 8588): uid=1002(bluetooth) btu message loo expire 372 lines
09-01 14:43:17.622 I/appium  (13898): channel read invoked!
09-01 14:43:17.623 I/appium  (13898): channel read: POST /wd/hub/session/94b2dfbc-5a87-4ff5-8430-a6752ec32c55/element
09-01 14:43:17.624 I/appium  (13898): Find element command using 'id' with selector 'title_bar_back'.
09-01 14:43:17.624 I/appium  (13898): Waiting up to 10000ms for device to be idle
09-01 14:43:17.643 I/appium  (13898): AppiumResponse: {"sessionId":"94b2dfbc-5a87-4ff5-8430-a6752ec32c55","value":{"error":"no such element","message":"An element could not be located on the page using the given search parameters","stacktrace":"io.appium.uiautomator2.common.exceptions.ElementNotFoundException: An element could not be located on the ...
09-01 14:43:17.643 I/chatty  ( 8588): uid=1002(bluetooth) BT Service Call expire 258 lines
09-01 14:43:17.739 I/chatty  ( 8588): uid=1002(bluetooth) btu message loo expire 187 lines
09-01 14:43:17.879 I/chatty  ( 8588): uid=1002(bluetooth) BT Service Call expire 326 lines
09-01 14:43:18.050 I/chatty  ( 8588): uid=1002(bluetooth) btu message loo expire 193 lines
09-01 14:43:18.160 I/appium  (13898): channel read invoked!
09-01 14:43:18.160 I/appium  (13898): channel read: POST /wd/hub/session/94b2dfbc-5a87-4ff5-8430-a6752ec32c55/element
09-01 14:43:18.163 I/appium  (13898): Find element command using 'id' with selector 'title_bar_back'.
09-01 14:43:18.164 I/appium  (13898): Waiting up to 10000ms for device to be idle
09-01 14:43:18.187 I/appium  (13898): AppiumResponse: {"sessionId":"94b2dfbc-5a87-4ff5-8430-a6752ec32c55","value":{"error":"no such element","message":"An element could not be located on the page using the given search parameters","stacktrace":"io.appium.uiautomator2.common.exceptions.ElementNotFoundException: An element could not be located on the ...
09-01 14:43:18.221 I/chatty  ( 8588): uid=1002(bluetooth) BT Service Call expire 319 lines
09-01 14:43:18.413 I/chatty  ( 8588): uid=1002(bluetooth) btu message loo expire 93 lines
09-01 14:43:18.443 D/QCNEJ/WlanStaInfoRelay( 2635): Received action: android.net.wifi.RSSI_CHANGED
09-01 14:43:18.448 D/NetworkStateReceiver(22367): sWifiStrengthLevel = 3
09-01 14:43:18.454 D/StackScroller(29730): applyCurrentState
09-01 14:43:18.491 D/StackScroller(29730): applyCurrentState
09-01 14:43:18.496 I/MiuiNetworkPolicy( 1639): bandwidth: 0 KB/s, Max bandwidth: 3727 KB/s
09-01 14:43:18.624 I/chatty  (19843): uid=1002(bluetooth) POSIX timer 7 expire 1 line
09-01 14:43:18.643 I/chatty  ( 8588): uid=1002(bluetooth) BT Service Call expire 157 lines
09-01 14:43:18.644 I/chatty  ( 8588): uid=1002(bluetooth) btu message loo expire 93 lines
09-01 14:43:18.674 D/NetworkController.MobileSignalController(1)(29730): 4G level = 5
09-01 14:43:18.700 I/appium  (13898): channel read invoked!
09-01 14:43:18.701 I/appium  (13898): channel read: POST /wd/hub/session/94b2dfbc-5a87-4ff5-8430-a6752ec32c55/element
09-01 14:43:18.702 I/appium  (13898): Find element command using 'id' with selector 'title_bar_back'.
09-01 14:43:18.702 I/appium  (13898): Waiting up to 10000ms for device to be idle
09-01 14:43:18.897 I/chatty  (19843): uid=1002 bluetooth@1.0-s expire 5 lines
09-01 14:43:18.917 I/chatty  ( 8588): uid=1002(bluetooth) BT Service Call expire 170 lines
09-01 14:43:18.922 I/chatty  ( 8588): uid=1002(bluetooth) btu message loo expire 166 lines
09-01 14:43:19.072 I/appium  (13898): AppiumResponse: {"sessionId":"94b2dfbc-5a87-4ff5-8430-a6752ec32c55","value":{"error":"no such element","message":"An element could not be located on the page using the given search parameters","stacktrace":"io.appium.uiautomator2.common.exceptions.ElementNotFoundException: An element could not be located on the ...
09-01 14:43:19.169 I/chatty  ( 8588): uid=1002(bluetooth) BT Service Call expire 347 lines
09-01 14:43:19.356 I/chatty  ( 8588): uid=1002(bluetooth) btu message loo expire 162 lines
09-01 14:43:19.538 I/chatty  ( 8588): uid=1002(bluetooth) BT Service Call expire 332 lines
09-01 14:43:19.590 I/appium  (13898): channel read invoked!
09-01 14:43:19.590 I/appium  (13898): channel read: POST /wd/hub/session/94b2dfbc-5a87-4ff5-8430-a6752ec32c55/element
09-01 14:43:19.591 I/appium  (13898): Find element command using 'id' with selector 'title_bar_back'.
09-01 14:43:19.592 I/appium  (13898): Waiting up to 10000ms for device to be idle
09-01 14:43:19.615 I/appium  (13898): AppiumResponse: {"sessionId":"94b2dfbc-5a87-4ff5-8430-a6752ec32c55","value":{"error":"no such element","message":"An element could not be located on the page using the given search parameters","stacktrace":"io.appium.uiautomator2.common.exceptions.ElementNotFoundException: An element could not be located on the ...
09-01 14:43:19.738 I/chatty  ( 8588): uid=1002(bluetooth) btu message loo expire 178 lines
09-01 14:43:19.998 I/chatty  ( 8588): uid=1002(bluetooth) BT Service Call expire 170 lines
09-01 14:43:20.134 I/appium  (13898): channel read invoked!
09-01 14:43:20.134 I/appium  (13898): channel read: POST /wd/hub/session/94b2dfbc-5a87-4ff5-8430-a6752ec32c55/element
09-01 14:43:20.136 I/appium  (13898): Find element command using 'id' with selector 'title_bar_back'.
09-01 14:43:20.136 I/appium  (13898): Waiting up to 10000ms for device to be idle
09-01 14:43:20.158 I/appium  (13898): AppiumResponse: {"sessionId":"94b2dfbc-5a87-4ff5-8430-a6752ec32c55","value":{"error":"no such element","message":"An element could not be located on the page using the given search parameters","stacktrace":"io.appium.uiautomator2.common.exceptions.ElementNotFoundException: An element could not be located on the ...
09-01 14:43:20.175 I/chatty  (19843): uid=1002 bluetooth@1.0-s expire 5 lines
09-01 14:43:20.213 I/chatty  ( 8588): uid=1002(bluetooth) BT Service Call expire 156 lines
09-01 14:43:20.221 I/chatty  ( 8588): uid=1002(bluetooth) btu message loo expire 185 lines
09-01 14:43:20.436 D/NetworkController.MobileSignalController(1)(29730): 4G level = 5
09-01 14:43:20.452 I/chatty  ( 8588): uid=1002(bluetooth) BT Service Call expire 337 lines
09-01 14:43:20.654 I/chatty  ( 8588): uid=1002(bluetooth) btu message loo expire 191 lines
09-01 14:43:20.676 I/appium  (13898): channel read invoked!
09-01 14:43:20.676 I/appium  (13898): channel read: POST /wd/hub/session/94b2dfbc-5a87-4ff5-8430-a6752ec32c55/element
09-01 14:43:20.677 I/appium  (13898): Find element command using 'id' with selector 'title_bar_back'.
09-01 14:43:20.678 I/appium  (13898): Waiting up to 10000ms for device to be idle
09-01 14:43:20.701 I/appium  (13898): AppiumResponse: {"sessionId":"94b2dfbc-5a87-4ff5-8430-a6752ec32c55","value":{"error":"no such element","message":"An element could not be located on the page using the given search parameters","stacktrace":"io.appium.uiautomator2.common.exceptions.ElementNotFoundException: An element could not be located on the ...
09-01 14:43:20.794 D/WificondControl( 1639): Scan result ready event
09-01 14:43:20.797 I/LOWI-8.6.0.59( 1269): [LOWI-Scan] lowi_close_record:Scan done in 596329899ms, 38 APs in scan results
09-01 14:43:20.809 I/AppScanObserverService( 1639): Start to match app observer
09-01 14:43:20.905 I/chatty  ( 8588): uid=1002(bluetooth) BT Service Call expire 304 lines
09-01 14:43:21.218 I/chatty  ( 8588): uid=1002(bluetooth) btu message loo expire 97 lines
09-01 14:43:21.248 I/appium  (13898): channel read invoked!
09-01 14:43:21.248 I/appium  (13898): channel read: POST /wd/hub/session/94b2dfbc-5a87-4ff5-8430-a6752ec32c55/element
09-01 14:43:21.250 I/appium  (13898): Find element command using 'id' with selector 'title_bar_back'.
09-01 14:43:21.250 I/appium  (13898): Waiting up to 10000ms for device to be idle
09-01 14:43:21.274 I/appium  (13898): AppiumResponse: {"sessionId":"94b2dfbc-5a87-4ff5-8430-a6752ec32c55","value":{"error":"no such element","message":"An element could not be located on the page using the given search parameters","stacktrace":"io.appium.uiautomator2.common.exceptions.ElementNotFoundException: An element could not be located on the ...
09-01 14:43:21.456 I/chatty  (19843): uid=1002 bluetooth@1.0-s expire 5 lines
09-01 14:43:21.468 D/QCNEJ/WlanStaInfoRelay( 2635): Received action: android.net.wifi.RSSI_CHANGED
09-01 14:43:21.475 D/NetworkStateReceiver(22367): sWifiStrengthLevel = 4
09-01 14:43:21.492 D/StackScroller(29730): applyCurrentState
09-01 14:43:21.500 I/MiuiNetworkPolicy( 1639): bandwidth: 0 KB/s, Max bandwidth: 3727 KB/s
09-01 14:43:21.515 D/BluetoothUtils( 8588): blockedByLocationOff callingUid=1002
09-01 14:43:21.515 I/BluetoothUtils( 8588): packagename is android.uid.bluetooth:1002 ,and its permission is false
09-01 14:43:21.516 D/BluetoothUtils( 8588): blockedByLocationOff callingUid=1002
09-01 14:43:21.516 I/BluetoothUtils( 8588): packagename is android.uid.bluetooth:1002 ,and its permission is false
09-01 14:43:21.521 V/bt_stack( 8588): [VERBOSE1:btm_ble_gap.cc(1923)] btm_ble_process_ext_adv_pkt: bda=35:45:bf:2c:e1:03
09-01 14:43:21.521 V/bt_stack( 8588): [VERBOSE1:btm_ble_gap.cc(1847)] btm_ble_process_adv_addr: bda=35:45:bf:2c:e1:03
09-01 14:43:21.522 D/BluetoothUtils( 8588): blockedByLocationOff callingUid=1002
09-01 14:43:21.523 I/BluetoothUtils( 8588): packagename is android.uid.bluetooth:1002 ,and its permission is false
09-01 14:43:21.523 D/BluetoothUtils( 8588): blockedByLocationOff callingUid=1002
09-01 14:43:21.523 I/BluetoothUtils( 8588): packagename is android.uid.bluetooth:1002 ,and its permission is false
09-01 14:43:21.523 D/BluetoothUtils( 8588): blockedByLocationOff callingUid=1002
09-01 14:43:21.524 I/BluetoothUtils( 8588): packagename is android.uid.bluetooth:1002 ,and its permission is false
09-01 14:43:21.525 D/StackScroller(29730): applyCurrentState
09-01 14:43:21.534 V/bt_stack( 8588): [VERBOSE1:btm_ble_gap.cc(1923)] btm_ble_process_ext_adv_pkt: bda=06:fa:50:9b:39:c0
09-01 14:43:21.534 V/bt_stack( 8588): [VERBOSE1:btm_ble_gap.cc(1847)] btm_ble_process_adv_addr: bda=06:fa:50:9b:39:c0
09-01 14:43:21.535 D/BluetoothUtils( 8588): blockedByLocationOff callingUid=1002
09-01 14:43:21.535 I/BluetoothUtils( 8588): packagename is android.uid.bluetooth:1002 ,and its permission is false
09-01 14:43:21.536 D/BluetoothUtils( 8588): blockedByLocationOff callingUid=1002
09-01 14:43:21.536 I/BluetoothUtils( 8588): packagename is android.uid.bluetooth:1002 ,and its permission is false
09-01 14:43:21.536 D/BluetoothUtils( 8588): blockedByLocationOff callingUid=1002
09-01 14:43:21.536 I/BluetoothUtils( 8588): packagename is android.uid.bluetooth:1002 ,and its permission is false
09-01 14:43:21.549 V/bt_stack( 8588): [VERBOSE1:btm_ble_gap.cc(1923)] btm_ble_process_ext_adv_pkt: bda=78:e7:79:bd:c0:21
09-01 14:43:21.549 V/bt_stack( 8588): [VERBOSE1:btm_ble_gap.cc(1847)] btm_ble_process_adv_addr: bda=78:e7:79:bd:c0:21
09-01 14:43:21.549 V/bt_stack( 8588): [VERBOSE1:btm_ble_gap.cc(2052)]  Waiting for scan response 78:e7:79:bd:c0:21
09-01 14:43:21.549 V/bt_stack( 8588): [VERBOSE1:btm_ble_gap.cc(1923)] btm_ble_process_ext_adv_pkt: bda=03:d8:93:20:a7:46
09-01 14:43:21.549 V/bt_stack( 8588): [VERBOSE1:btm_ble_gap.cc(1847)] btm_ble_process_adv_addr: bda=03:d8:93:20:a7:46
09-01 14:43:21.550 V/bt_stack( 8588): [VERBOSE1:btm_ble_gap.cc(1923)] btm_ble_process_ext_adv_pkt: bda=2c:09:3e:94:80:f3
09-01 14:43:21.550 V/bt_stack( 8588): [VERBOSE1:btm_ble_gap.cc(1847)] btm_ble_process_adv_addr: bda=2c:09:3e:94:80:f3
09-01 14:43:21.551 D/BluetoothUtils( 8588): blockedByLocationOff callingUid=1002
09-01 14:43:21.551 I/BluetoothUtils( 8588): packagename is android.uid.bluetooth:1002 ,and its permission is false
09-01 14:43:21.551 D/BluetoothUtils( 8588): blockedByLocationOff callingUid=1002
09-01 14:43:21.552 I/BluetoothUtils( 8588): packagename is android.uid.bluetooth:1002 ,and its permission is false
09-01 14:43:21.552 D/BluetoothUtils( 8588): blockedByLocationOff callingUid=1002
09-01 14:43:21.552 I/BluetoothUtils( 8588): packagename is android.uid.bluetooth:1002 ,and its permission is false
09-01 14:43:21.553 V/bt_stack( 8588): [VERBOSE1:btm_ble_gap.cc(1923)] btm_ble_process_ext_adv_pkt: bda=1f:59:8a:95:53:d8
09-01 14:43:21.553 V/bt_stack( 8588): [VERBOSE1:btm_ble_gap.cc(1847)] btm_ble_process_adv_addr: bda=1f:59:8a:95:53:d8
09-01 14:43:21.553 D/BluetoothUtils( 8588): blockedByLocationOff callingUid=1002
09-01 14:43:21.553 I/BluetoothUtils( 8588): packagename is android.uid.bluetooth:1002 ,and its permission is false
09-01 14:43:21.553 D/BluetoothUtils( 8588): blockedByLocationOff callingUid=1002
09-01 14:43:21.554 I/BluetoothUtils( 8588): packagename is android.uid.bluetooth:1002 ,and its permission is false
09-01 14:43:21.554 D/BluetoothUtils( 8588): blockedByLocationOff callingUid=1002
09-01 14:43:21.554 I/BluetoothUtils( 8588): packagename is android.uid.bluetooth:1002 ,and its permission is false
09-01 14:43:21.556 V/bt_stack( 8588): [VERBOSE1:btm_ble_gap.cc(1923)] btm_ble_process_ext_adv_pkt: bda=51:d1:5c:e7:f2:93
09-01 14:43:21.556 V/bt_stack( 8588): [VERBOSE1:btm_ble_gap.cc(1847)] btm_ble_process_adv_addr: bda=51:d1:5c:e7:f2:93
09-01 14:43:21.556 D/BluetoothUtils( 8588): blockedByLocationOff callingUid=1002
09-01 14:43:21.556 V/bt_stack( 8588): [VERBOSE1:btm_ble_gap.cc(2052)]  Waiting for scan response 51:d1:5c:e7:f2:93
09-01 14:43:21.556 V/bt_stack( 8588): [VERBOSE1:btm_ble_gap.cc(1923)] btm_ble_process_ext_adv_pkt: bda=51:d1:5c:e7:f2:93
09-01 14:43:21.556 V/bt_stack( 8588): [VERBOSE1:btm_ble_gap.cc(1847)] btm_ble_process_adv_addr: bda=51:d1:5c:e7:f2:93
09-01 14:43:21.556 I/BluetoothUtils( 8588): packagename is android.uid.bluetooth:1002 ,and its permission is false
09-01 14:43:21.556 D/BluetoothUtils( 8588): blockedByLocationOff callingUid=1002
09-01 14:43:21.556 I/BluetoothUtils( 8588): packagename is android.uid.bluetooth:1002 ,and its permission is false
09-01 14:43:21.557 D/BluetoothUtils( 8588): blockedByLocationOff callingUid=1002
09-01 14:43:21.557 I/BluetoothUtils( 8588): packagename is android.uid.bluetooth:1002 ,and its permission is false
09-01 14:43:21.558 D/BluetoothUtils( 8588): blockedByLocationOff callingUid=1002
09-01 14:43:21.559 I/BluetoothUtils( 8588): packagename is android.uid.bluetooth:1002 ,and its permission is false
09-01 14:43:21.559 D/BluetoothUtils( 8588): blockedByLocationOff callingUid=1002
09-01 14:43:21.559 I/BluetoothUtils( 8588): packagename is android.uid.bluetooth:1002 ,and its permission is false
09-01 14:43:21.559 D/BluetoothUtils( 8588): blockedByLocationOff callingUid=1002
09-01 14:43:21.559 I/BluetoothUtils( 8588): packagename is android.uid.bluetooth:1002 ,and its permission is false
09-01 14:43:21.562 V/bt_stack( 8588): [VERBOSE1:btm_ble_gap.cc(1923)] btm_ble_process_ext_adv_pkt: bda=70:33:97:a2:2a:78
09-01 14:43:21.562 V/bt_stack( 8588): [VERBOSE1:btm_ble_gap.cc(1847)] btm_ble_process_adv_addr: bda=70:33:97:a2:2a:78
09-01 14:43:21.562 V/bt_stack( 8588): [VERBOSE1:btm_ble_gap.cc(2052)]  Waiting for scan response 70:33:97:a2:2a:78
09-01 14:43:21.562 V/bt_stack( 8588): [VERBOSE1:btm_ble_gap.cc(1923)] btm_ble_process_ext_adv_pkt: bda=70:33:97:a2:2a:78
09-01 14:43:21.562 V/bt_stack( 8588): [VERBOSE1:btm_ble_gap.cc(1847)] btm_ble_process_adv_addr: bda=70:33:97:a2:2a:78
09-01 14:43:21.563 D/BluetoothUtils( 8588): blockedByLocationOff callingUid=1002
09-01 14:43:21.564 I/BluetoothUtils( 8588): packagename is android.uid.bluetooth:1002 ,and its permission is false
09-01 14:43:21.564 D/BluetoothUtils( 8588): blockedByLocationOff callingUid=1002
09-01 14:43:21.564 I/BluetoothUtils( 8588): packagename is android.uid.bluetooth:1002 ,and its permission is false
09-01 14:43:21.564 D/BluetoothUtils( 8588): blockedByLocationOff callingUid=1002
09-01 14:43:21.565 I/BluetoothUtils( 8588): packagename is android.uid.bluetooth:1002 ,and its permission is false
09-01 14:43:21.568 V/bt_stack( 8588): [VERBOSE1:btm_ble_gap.cc(1923)] btm_ble_process_ext_adv_pkt: bda=dd:ea:7d:df:1e:c3
09-01 14:43:21.568 V/bt_stack( 8588): [VERBOSE1:btm_ble_gap.cc(1847)] btm_ble_process_adv_addr: bda=dd:ea:7d:df:1e:c3
09-01 14:43:21.568 V/bt_stack( 8588): [VERBOSE1:btm_ble_gap.cc(2052)]  Waiting for scan response dd:ea:7d:df:1e:c3
09-01 14:43:21.568 V/bt_stack( 8588): [VERBOSE1:btm_ble_gap.cc(1923)] btm_ble_process_ext_adv_pkt: bda=63:53:07:fa:3c:f1
09-01 14:43:21.568 V/bt_stack( 8588): [VERBOSE1:btm_ble_gap.cc(1847)] btm_ble_process_adv_addr: bda=63:53:07:fa:3c:f1
09-01 14:43:21.568 V/bt_stack( 8588): [VERBOSE1:btm_ble_gap.cc(1923)] btm_ble_process_ext_adv_pkt: bda=00:35:64:83:a4:98
09-01 14:43:21.569 V/bt_stack( 8588): [VERBOSE1:btm_ble_gap.cc(1847)] btm_ble_process_adv_addr: bda=00:35:64:83:a4:98
09-01 14:43:21.570 D/BluetoothUtils( 8588): blockedByLocationOff callingUid=1002
09-01 14:43:21.570 I/BluetoothUtils( 8588): packagename is android.uid.bluetooth:1002 ,and its permission is false
09-01 14:43:21.571 D/BluetoothUtils( 8588): blockedByLocationOff callingUid=1002
09-01 14:43:21.571 I/BluetoothUtils( 8588): packagename is android.uid.bluetooth:1002 ,and its permission is false
09-01 14:43:21.571 D/BluetoothUtils( 8588): blockedByLocationOff callingUid=1002
09-01 14:43:21.571 I/BluetoothUtils( 8588): packagename is android.uid.bluetooth:1002 ,and its permission is false
09-01 14:43:21.572 D/BluetoothUtils( 8588): blockedByLocationOff callingUid=1002
09-01 14:43:21.572 I/BluetoothUtils( 8588): packagename is android.uid.bluetooth:1002 ,and its permission is false
09-01 14:43:21.572 D/BluetoothUtils( 8588): blockedByLocationOff callingUid=1002
09-01 14:43:21.573 I/BluetoothUtils( 8588): packagename is android.uid.bluetooth:1002 ,and its permission is false
09-01 14:43:21.573 D/BluetoothUtils( 8588): blockedByLocationOff callingUid=1002
09-01 14:43:21.573 I/BluetoothUtils( 8588): packagename is android.uid.bluetooth:1002 ,and its permission is false
