09-01 14:43:22.600 I/vendor.qti.bluetooth@1.0-ibs_handler(19843): ProcessIbsCmd: Received IBS_WAKE_ACK: 0xFC
09-01 14:43:22.600 I/BluetoothUtils( 8588): packagename is android.uid.bluetooth:1002 ,and its permission is false
09-01 14:43:22.601 D/BluetoothUtils( 8588): blockedByLocationOff callingUid=1002
09-01 14:43:22.601 I/BluetoothUtils( 8588): packagename is android.uid.bluetooth:1002 ,and its permission is false
09-01 14:43:22.601 D/BluetoothUtils( 8588): blockedByLocationOff callingUid=1002
09-01 14:43:22.602 D/PowerKeeperPolicy( 1639): stopLeScan: BleScanWrapper[mClientIf = 21 mPendingIntent=null] uid=10241BleScanWrapper[mClientIf = 21 mPendingIntent=null]
09-01 14:43:22.602 I/BluetoothUtils( 8588): packagename is android.uid.bluetooth:1002 ,and its permission is false
09-01 14:43:22.602 D/BtGatt.GattService( 8588): onScanFilterParamsConfigured() - clientIf=21, status=0, action=1, availableSpace=11
09-01 14:43:22.602 D/BtGatt.ScanManager( 8588): callback done for scannerId - 21 status - 0
09-01 14:43:22.602 D/BtGatt.ScanManager( 8588): configureRegularScanParams() - queue=2
09-01 14:43:22.602 D/BtGatt.ScanManager( 8588): configureRegularScanParams() - ScanSetting LE 1M Scan mode=0ScanSetting LE Coded Scan mode=0 mLastConfiguredScanSettingLE1M=2 mLastConfiguredScanSettingLECoded=2scanPhy=255
09-01 14:43:22.602 D/BluetoothAdapter(13945): startLeScan(): null
09-01 14:43:22.603 D/BluetoothAdapter(13945): isLeEnabled(): ON
09-01 14:43:22.603 D/BtGatt.ScanManager( 8588): configureRegularScanParams - scanInterval LE 1M = 1500configureRegularScanParams - scanWindow LE 1M= 150configureRegularScanParams - scanInterval LE Coded= 1500configureRegularScanParams - scanWindow LE Coded= 150
09-01 14:43:22.604 D/BtGatt.GattService( 8588): onScanParamSetupCompleted : 0
09-01 14:43:22.605 D/BtGatt.GattService( 8588): registerScanner() - UUID=dd83c528-0dc9-4eab-8567-dab82951f16d
09-01 14:43:22.605 V/bt_stack( 8588): [VERBOSE1:bta_gattc_act.cc(175)] bta_gattc_register: state:2
09-01 14:43:22.605 I/bt_stack( 8588): [INFO:gatt_api.cc(957)] GATT_Register af87bab5-40f3-b6f1-7bd0-42475591cc2c
09-01 14:43:22.605 I/bt_stack( 8588): [INFO:gatt_api.cc(977)] allocated gatt_if=21
09-01 14:43:22.605 V/bt_stack( 8588): [VERBOSE1:gatt_api.cc(1087)] GATT_StartIf gatt_if=21
09-01 14:43:22.605 V/bt_stack( 8588): [VERBOSE1:gatt_utils.cc(254)] gatt_find_the_connected_bda start_idx=0
09-01 14:43:22.605 D/BtGatt.GattService( 8588): onScannerRegistered() - UUID=dd83c528-0dc9-4eab-8567-dab82951f16d, scannerId=21, status=0
09-01 14:43:22.605 V/bt_stack( 8588): [VERBOSE1:gatt_utils.cc(262)]  bda :c3:d4:f4:e3:11:ec
09-01 14:43:22.606 V/bt_stack( 8588): [VERBOSE1:gatt_utils.cc(266)]  found=1 found_idx=0
09-01 14:43:22.606 D/BluetoothLeScanner(13945): onScannerRegistered() - status=0 scannerId=21 mScannerId=0
09-01 14:43:22.606 V/bt_stack( 8588): [VERBOSE1:gatt_utils.cc(254)] gatt_find_the_connected_bda start_idx=1
09-01 14:43:22.606 V/bt_stack( 8588): [VERBOSE1:gatt_utils.cc(266)]  found=0 found_idx=10
09-01 14:43:22.606 V/bt_stack( 8588): [VERBOSE1:bta_gattc_main.cc(361)] bta_gattc_hdl_event: Event:BTA_GATTC_INT_CONN_EVT
09-01 14:43:22.606 V/bt_stack( 8588): [VERBOSE1:bta_gattc_main.cc(385)] Ignore unknown conn ID: 21
09-01 14:43:22.606 D/PowerKeeperPolicy( 1639): isLeScanAllowed: uid = 10241, allow = true
09-01 14:43:22.606 D/BtGatt.GattService( 8588): start scan with filters. callingPackage: com.xiaomi.hm.health
09-01 14:43:22.607 D/BluetoothUtils( 8588): blockedByLocationOff callingUid=10241
09-01 14:43:22.608 I/BluetoothUtils( 8588): packagename is com.xiaomi.hm.health ,and its permission is false
09-01 14:43:22.609 I/BtGatt.ScanManager( 8588): msg.what = 0
09-01 14:43:22.609 D/BtGatt.ScanManager( 8588): handling starting scan
09-01 14:43:22.610 I/appium  (13898): channel read invoked!
09-01 14:43:22.611 I/appium  (13898): channel read: POST /wd/hub/session/94b2dfbc-5a87-4ff5-8430-a6752ec32c55/element
09-01 14:43:22.611 D/PowerKeeperPolicy( 1639): startLeScan: BleScanWrapper[mClientIf = 21 mPendingIntent=null] uid=10241
09-01 14:43:22.611 D/PowerKeeperPolicy( 1639): uid = 10241 setAllowed, allowed = true
09-01 14:43:22.611 D/PowerKeeperPolicy( 1639): uid = 10241 setScanning, scanning = true
09-01 14:43:22.611 I/appium  (13898): Find element command using 'id' with selector 'title_bar_back'.
09-01 14:43:22.611 D/PowerKeeperPolicy( 1639): startLeScan, uid = 10241 is scanning
09-01 14:43:22.611 I/appium  (13898): Waiting up to 10000ms for device to be idle
09-01 14:43:22.612 D/BtGatt.ScanManager( 8588): isAptXLowLatencyModeEnabled: false
09-01 14:43:22.614 D/BtGatt.GattService( 8588): onScanFilterEnableDisabled() - clientIf=21, status=0, action=1
09-01 14:43:22.614 D/BtGatt.ScanManager( 8588): callback done for scannerId - 21 status - 0
09-01 14:43:22.614 D/BtGatt.ScanManager( 8588): configureFilterParamter 500 10000 1 0, deliveryMode=0
09-01 14:43:22.616 D/BtGatt.GattService( 8588): onScanFilterParamsConfigured() - clientIf=21, status=0, action=0, availableSpace=10
09-01 14:43:22.616 D/BtGatt.ScanManager( 8588): callback done for scannerId - 21 status - 0
09-01 14:43:22.617 D/BtGatt.ScanManager( 8588): configureRegularScanParams() - queue=3
09-01 14:43:22.617 D/BtGatt.ScanManager( 8588): configureRegularScanParams() - ScanSetting LE 1M Scan mode=2ScanSetting LE Coded Scan mode=2 mLastConfiguredScanSettingLE1M=0 mLastConfiguredScanSettingLECoded=0scanPhy=255
09-01 14:43:22.617 D/BtGatt.ScanManager( 8588): configureRegularScanParams - scanInterval LE 1M = 4096configureRegularScanParams - scanWindow LE 1M= 4096configureRegularScanParams - scanInterval LE Coded= 4096configureRegularScanParams - scanWindow LE Coded= 4096
09-01 14:43:22.617 D/BtGatt.GattService( 8588): onScanParamSetupCompleted : 0
09-01 14:43:22.627 V/bt_stack( 8588): [VERBOSE1:btm_ble_gap.cc(1923)] btm_ble_process_ext_adv_pkt: bda=78:e7:79:bd:c0:21
09-01 14:43:22.627 V/bt_stack( 8588): [VERBOSE1:btm_ble_gap.cc(1847)] btm_ble_process_adv_addr: bda=78:e7:79:bd:c0:21
09-01 14:43:22.627 V/bt_stack( 8588): [VERBOSE1:btm_ble_gap.cc(2052)]  Waiting for scan response 78:e7:79:bd:c0:21
09-01 14:43:22.627 V/bt_stack( 8588): [VERBOSE1:btm_ble_gap.cc(1923)] btm_ble_process_ext_adv_pkt: bda=78:e7:79:bd:c0:21
09-01 14:43:22.627 V/bt_stack( 8588): [VERBOSE1:btm_ble_gap.cc(1847)] btm_ble_process_adv_addr: bda=78:e7:79:bd:c0:21
09-01 14:43:22.628 D/BluetoothUtils( 8588): blockedByLocationOff callingUid=1002
09-01 14:43:22.629 V/bt_stack( 8588): [VERBOSE1:btm_ble_gap.cc(1923)] btm_ble_process_ext_adv_pkt: bda=14:dd:f1:7c:32:85
09-01 14:43:22.629 V/bt_stack( 8588): [VERBOSE1:btm_ble_gap.cc(1847)] btm_ble_process_adv_addr: bda=14:dd:f1:7c:32:85
09-01 14:43:22.629 I/BluetoothUtils( 8588): packagename is android.uid.bluetooth:1002 ,and its permission is false
09-01 14:43:22.629 D/BluetoothUtils( 8588): blockedByLocationOff callingUid=1002
09-01 14:43:22.629 I/BluetoothUtils( 8588): packagename is android.uid.bluetooth:1002 ,and its permission is false
09-01 14:43:22.630 I/appium  (13898): AppiumResponse: {"sessionId":"94b2dfbc-5a87-4ff5-8430-a6752ec32c55","value":{"error":"no such element","message":"An element could not be located on the page using the given search parameters","stacktrace":"io.appium.uiautomator2.common.exceptions.ElementNotFoundException: An element could not be located on the ...
09-01 14:43:22.630 D/BluetoothUtils( 8588): blockedByLocationOff callingUid=1002
09-01 14:43:22.630 I/BluetoothUtils( 8588): packagename is android.uid.bluetooth:1002 ,and its permission is false
09-01 14:43:22.631 V/bt_stack( 8588): [VERBOSE1:btm_ble_gap.cc(1923)] btm_ble_process_ext_adv_pkt: bda=28:bc:17:6a:f4:4d
09-01 14:43:22.631 V/bt_stack( 8588): [VERBOSE1:btm_ble_gap.cc(1847)] btm_ble_process_adv_addr: bda=28:bc:17:6a:f4:4d
09-01 14:43:22.631 D/BluetoothUtils( 8588): blockedByLocationOff callingUid=1002
09-01 14:43:22.632 I/BluetoothUtils( 8588): packagename is android.uid.bluetooth:1002 ,and its permission is false
09-01 14:43:22.632 D/BluetoothUtils( 8588): blockedByLocationOff callingUid=1002
09-01 14:43:22.633 I/BluetoothUtils( 8588): packagename is android.uid.bluetooth:1002 ,and its permission is false
09-01 14:43:22.633 D/BluetoothUtils( 8588): blockedByLocationOff callingUid=1002
09-01 14:43:22.634 I/BluetoothUtils( 8588): packagename is android.uid.bluetooth:1002 ,and its permission is false
09-01 14:43:22.635 D/BluetoothUtils( 8588): blockedByLocationOff callingUid=1002
09-01 14:43:22.636 I/BluetoothUtils( 8588): packagename is android.uid.bluetooth:1002 ,and its permission is false
09-01 14:43:22.636 D/BluetoothUtils( 8588): blockedByLocationOff callingUid=1002
09-01 14:43:22.636 I/BluetoothUtils( 8588): packagename is android.uid.bluetooth:1002 ,and its permission is false
09-01 14:43:22.636 D/BluetoothUtils( 8588): blockedByLocationOff callingUid=1002
09-01 14:43:22.637 I/BluetoothUtils( 8588): packagename is android.uid.bluetooth:1002 ,and its permission is false
09-01 14:43:22.646 V/bt_stack( 8588): [VERBOSE1:btm_ble_gap.cc(1923)] btm_ble_process_ext_adv_pkt: bda=24:36:26:fc:bf:e5
09-01 14:43:22.646 V/bt_stack( 8588): [VERBOSE1:btm_ble_gap.cc(1847)] btm_ble_process_adv_addr: bda=24:36:26:fc:bf:e5
09-01 14:43:22.647 D/BluetoothUtils( 8588): blockedByLocationOff callingUid=1002
09-01 14:43:22.648 I/BluetoothUtils( 8588): packagename is android.uid.bluetooth:1002 ,and its permission is false
09-01 14:43:22.648 D/BluetoothUtils( 8588): blockedByLocationOff callingUid=1002
09-01 14:43:22.648 V/bt_stack( 8588): [VERBOSE1:btm_ble_gap.cc(1923)] btm_ble_process_ext_adv_pkt: bda=44:73:b6:51:63:17
09-01 14:43:22.648 V/bt_stack( 8588): [VERBOSE1:btm_ble_gap.cc(1847)] btm_ble_process_adv_addr: bda=44:73:b6:51:63:17
09-01 14:43:22.648 I/BluetoothUtils( 8588): packagename is android.uid.bluetooth:1002 ,and its permission is false
09-01 14:43:22.648 V/bt_stack( 8588): [VERBOSE1:btm_ble_gap.cc(2052)]  Waiting for scan response 44:73:b6:51:63:17
09-01 14:43:22.648 D/BluetoothUtils( 8588): blockedByLocationOff callingUid=1002
09-01 14:43:22.649 I/BluetoothUtils( 8588): packagename is android.uid.bluetooth:1002 ,and its permission is false
09-01 14:43:22.649 V/bt_stack( 8588): [VERBOSE1:btm_ble_gap.cc(1923)] btm_ble_process_ext_adv_pkt: bda=44:73:b6:51:63:17
09-01 14:43:22.649 V/bt_stack( 8588): [VERBOSE1:btm_ble_gap.cc(1847)] btm_ble_process_adv_addr: bda=44:73:b6:51:63:17
09-01 14:43:22.650 D/BluetoothUtils( 8588): blockedByLocationOff callingUid=1002
09-01 14:43:22.651 I/BluetoothUtils( 8588): packagename is android.uid.bluetooth:1002 ,and its permission is false
09-01 14:43:22.651 D/BluetoothUtils( 8588): blockedByLocationOff callingUid=1002
09-01 14:43:22.651 I/BluetoothUtils( 8588): packagename is android.uid.bluetooth:1002 ,and its permission is false
09-01 14:43:22.652 D/BluetoothUtils( 8588): blockedByLocationOff callingUid=1002
09-01 14:43:22.652 I/BluetoothUtils( 8588): packagename is android.uid.bluetooth:1002 ,and its permission is false
09-01 14:43:22.656 V/bt_stack( 8588): [VERBOSE1:btm_ble_gap.cc(1923)] btm_ble_process_ext_adv_pkt: bda=ef:78:8a:8d:25:f2
09-01 14:43:22.656 V/bt_stack( 8588): [VERBOSE1:btm_ble_gap.cc(1847)] btm_ble_process_adv_addr: bda=ef:78:8a:8d:25:f2
09-01 14:43:22.656 V/bt_stack( 8588): [VERBOSE1:btm_ble_gap.cc(2052)]  Waiting for scan response ef:78:8a:8d:25:f2
09-01 14:43:22.656 V/bt_stack( 8588): [VERBOSE1:btm_ble_gap.cc(1923)] btm_ble_process_ext_adv_pkt: bda=ef:78:8a:8d:25:f2
09-01 14:43:22.656 V/bt_stack( 8588): [VERBOSE1:btm_ble_gap.cc(1847)] btm_ble_process_adv_addr: bda=ef:78:8a:8d:25:f2
09-01 14:43:22.657 D/BluetoothUtils( 8588): blockedByLocationOff callingUid=1002
09-01 14:43:22.658 I/BluetoothUtils( 8588): packagename is android.uid.bluetooth:1002 ,and its permission is false
09-01 14:43:22.658 D/BluetoothUtils( 8588): blockedByLocationOff callingUid=1002
09-01 14:43:22.658 I/BluetoothUtils( 8588): packagename is android.uid.bluetooth:1002 ,and its permission is false
09-01 14:43:22.659 D/BluetoothUtils( 8588): blockedByLocationOff callingUid=1002
09-01 14:43:22.659 V/bt_stack( 8588): [VERBOSE1:btm_ble_gap.cc(1923)] btm_ble_process_ext_adv_pkt: bda=30:31:51:23:9b:e3
09-01 14:43:22.659 V/bt_stack( 8588): [VERBOSE1:btm_ble_gap.cc(1847)] btm_ble_process_adv_addr: bda=30:31:51:23:9b:e3
09-01 14:43:22.659 I/BluetoothUtils( 8588): packagename is android.uid.bluetooth:1002 ,and its permission is false
09-01 14:43:22.660 D/BluetoothUtils( 8588): blockedByLocationOff callingUid=1002
09-01 14:43:22.660 I/BluetoothUtils( 8588): packagename is android.uid.bluetooth:1002 ,and its permission is false
09-01 14:43:22.660 D/BluetoothUtils( 8588): blockedByLocationOff callingUid=1002
09-01 14:43:22.661 I/BluetoothUtils( 8588): packagename is android.uid.bluetooth:1002 ,and its permission is false
09-01 14:43:22.661 D/BluetoothUtils( 8588): blockedByLocationOff callingUid=1002
09-01 14:43:22.661 I/BluetoothUtils( 8588): packagename is android.uid.bluetooth:1002 ,and its permission is false
09-01 14:43:22.672 V/bt_stack( 8588): [VERBOSE1:btm_ble_gap.cc(1923)] btm_ble_process_ext_adv_pkt: bda=35:45:bf:2c:e1:03
09-01 14:43:22.672 V/bt_stack( 8588): [VERBOSE1:btm_ble_gap.cc(1847)] btm_ble_process_adv_addr: bda=35:45:bf:2c:e1:03
09-01 14:43:22.673 D/BluetoothUtils( 8588): blockedByLocationOff callingUid=1002
09-01 14:43:22.674 I/BluetoothUtils( 8588): packagename is android.uid.bluetooth:1002 ,and its permission is false
09-01 14:43:22.674 D/BluetoothUtils( 8588): blockedByLocationOff callingUid=1002
09-01 14:43:22.674 I/BluetoothUtils( 8588): packagename is android.uid.bluetooth:1002 ,and its permission is false
09-01 14:43:22.675 D/BluetoothUtils( 8588): blockedByLocationOff callingUid=1002
09-01 14:43:22.675 I/BluetoothUtils( 8588): packagename is android.uid.bluetooth:1002 ,and its permission is false
09-01 14:43:22.680 V/bt_stack( 8588): [VERBOSE1:btm_ble_gap.cc(1923)] btm_ble_process_ext_adv_pkt: bda=29:8f:cf:96:d7:8a
09-01 14:43:22.680 V/bt_stack( 8588): [VERBOSE1:btm_ble_gap.cc(1847)] btm_ble_process_adv_addr: bda=29:8f:cf:96:d7:8a
09-01 14:43:22.682 D/BluetoothUtils( 8588): blockedByLocationOff callingUid=1002
09-01 14:43:22.683 I/BluetoothUtils( 8588): packagename is android.uid.bluetooth:1002 ,and its permission is false
09-01 14:43:22.683 D/BluetoothUtils( 8588): blockedByLocationOff callingUid=1002
09-01 14:43:22.684 I/BluetoothUtils( 8588): packagename is android.uid.bluetooth:1002 ,and its permission is false
09-01 14:43:22.684 D/BluetoothUtils( 8588): blockedByLocationOff callingUid=1002
09-01 14:43:22.684 I/BluetoothUtils( 8588): packagename is android.uid.bluetooth:1002 ,and its permission is false
09-01 14:43:22.690 V/bt_stack( 8588): [VERBOSE1:btm_ble_gap.cc(1923)] btm_ble_process_ext_adv_pkt: bda=00:35:64:83:a4:98
09-01 14:43:22.690 V/bt_stack( 8588): [VERBOSE1:btm_ble_gap.cc(1847)] btm_ble_process_adv_addr: bda=00:35:64:83:a4:98
09-01 14:43:22.692 D/BluetoothUtils( 8588): blockedByLocationOff callingUid=1002
09-01 14:43:22.692 I/BluetoothUtils( 8588): packagename is android.uid.bluetooth:1002 ,and its permission is false
09-01 14:43:22.692 D/BluetoothUtils( 8588): blockedByLocationOff callingUid=1002
09-01 14:43:22.692 I/BluetoothUtils( 8588): packagename is android.uid.bluetooth:1002 ,and its permission is false
09-01 14:43:22.693 D/BluetoothUtils( 8588): blockedByLocationOff callingUid=1002
09-01 14:43:22.693 I/BluetoothUtils( 8588): packagename is android.uid.bluetooth:1002 ,and its permission is false
09-01 14:43:22.731 I/vendor.qti.bluetooth@1.0-ibs_handler(19843): ProcessIbsCmd: Received IBS_SLEEP_IND: 0xFE
09-01 14:43:22.754 I/vendor.qti.bluetooth@1.0-ibs_handler(19843): ProcessIbsCmd: Received IBS_WAKE_IND: 0xFD
09-01 14:43:22.754 I/vendor.qti.bluetooth@1.0-ibs_handler(19843): ProcessIbsCmd: Writing IBS_WAKE_ACK
09-01 14:43:22.756 V/bt_stack( 8588): [VERBOSE1:btm_ble_gap.cc(1923)] btm_ble_process_ext_adv_pkt: bda=24:36:26:fc:bf:e5
09-01 14:43:22.757 V/bt_stack( 8588): [VERBOSE1:btm_ble_gap.cc(1847)] btm_ble_process_adv_addr: bda=24:36:26:fc:bf:e5
09-01 14:43:22.757 V/bt_stack( 8588): [VERBOSE1:btm_ble_gap.cc(1923)] btm_ble_process_ext_adv_pkt: bda=05:d9:72:f7:0f:69
09-01 14:43:22.757 V/bt_stack( 8588): [VERBOSE1:btm_ble_gap.cc(1847)] btm_ble_process_adv_addr: bda=05:d9:72:f7:0f:69
09-01 14:43:22.757 V/bt_stack( 8588): [VERBOSE1:btm_ble_gap.cc(1923)] btm_ble_process_ext_adv_pkt: bda=38:a9:e2:54:94:54
09-01 14:43:22.757 V/bt_stack( 8588): [VERBOSE1:btm_ble_gap.cc(1847)] btm_ble_process_adv_addr: bda=38:a9:e2:54:94:54
09-01 14:43:22.759 D/BluetoothUtils( 8588): blockedByLocationOff callingUid=1002
09-01 14:43:22.760 I/BluetoothUtils( 8588): packagename is android.uid.bluetooth:1002 ,and its permission is false
09-01 14:43:22.760 D/BluetoothUtils( 8588): blockedByLocationOff callingUid=1002
09-01 14:43:22.761 I/BluetoothUtils( 8588): packagename is android.uid.bluetooth:1002 ,and its permission is false
09-01 14:43:22.761 D/BluetoothUtils( 8588): blockedByLocationOff callingUid=1002
09-01 14:43:22.762 V/bt_stack( 8588): [VERBOSE1:btm_ble_gap.cc(1923)] btm_ble_process_ext_adv_pkt: bda=30:31:51:23:9b:e3
09-01 14:43:22.762 V/bt_stack( 8588): [VERBOSE1:btm_ble_gap.cc(1847)] btm_ble_process_adv_addr: bda=30:31:51:23:9b:e3
09-01 14:43:22.762 I/BluetoothUtils( 8588): packagename is android.uid.bluetooth:1002 ,and its permission is false
09-01 14:43:22.764 D/BluetoothUtils( 8588): blockedByLocationOff callingUid=1002
09-01 14:43:22.764 I/BluetoothUtils( 8588): packagename is android.uid.bluetooth:1002 ,and its permission is false
09-01 14:43:22.764 D/BluetoothUtils( 8588): blockedByLocationOff callingUid=1002
09-01 14:43:22.765 I/BluetoothUtils( 8588): packagename is android.uid.bluetooth:1002 ,and its permission is false
09-01 14:43:22.765 D/BluetoothUtils( 8588): blockedByLocationOff callingUid=1002
09-01 14:43:22.765 I/BluetoothUtils( 8588): packagename is android.uid.bluetooth:1002 ,and its permission is false
09-01 14:43:22.766 D/BluetoothUtils( 8588): blockedByLocationOff callingUid=1002
09-01 14:43:22.766 I/BluetoothUtils( 8588): packagename is android.uid.bluetooth:1002 ,and its permission is false
09-01 14:43:22.766 D/BluetoothUtils( 8588): blockedByLocationOff callingUid=1002
09-01 14:43:22.767 I/BluetoothUtils( 8588): packagename is android.uid.bluetooth:1002 ,and its permission is false
09-01 14:43:22.767 D/BluetoothUtils( 8588): blockedByLocationOff callingUid=1002
09-01 14:43:22.767 I/BluetoothUtils( 8588): packagename is android.uid.bluetooth:1002 ,and its permission is false
09-01 14:43:22.768 D/BluetoothUtils( 8588): blockedByLocationOff callingUid=1002
09-01 14:43:22.768 I/BluetoothUtils( 8588): packagename is android.uid.bluetooth:1002 ,and its permission is false
09-01 14:43:22.768 D/BluetoothUtils( 8588): blockedByLocationOff callingUid=1002
09-01 14:43:22.769 I/BluetoothUtils( 8588): packagename is android.uid.bluetooth:1002 ,and its permission is false
09-01 14:43:22.769 D/BluetoothUtils( 8588): blockedByLocationOff callingUid=1002
09-01 14:43:22.769 V/bt_stack( 8588): [VERBOSE1:btm_ble_gap.cc(1923)] btm_ble_process_ext_adv_pkt: bda=3e:4e:78:8c:48:a5
09-01 14:43:22.769 V/bt_stack( 8588): [VERBOSE1:btm_ble_gap.cc(1847)] btm_ble_process_adv_addr: bda=3e:4e:78:8c:48:a5
09-01 14:43:22.769 I/BluetoothUtils( 8588): packagename is android.uid.bluetooth:1002 ,and its permission is false
09-01 14:43:22.770 D/BluetoothUtils( 8588): blockedByLocationOff callingUid=1002
09-01 14:43:22.770 I/BluetoothUtils( 8588): packagename is android.uid.bluetooth:1002 ,and its permission is false
09-01 14:43:22.770 D/BluetoothUtils( 8588): blockedByLocationOff callingUid=1002
09-01 14:43:22.770 I/BluetoothUtils( 8588): packagename is android.uid.bluetooth:1002 ,and its permission is false
09-01 14:43:22.771 D/BluetoothUtils( 8588): blockedByLocationOff callingUid=1002
09-01 14:43:22.771 I/BluetoothUtils( 8588): packagename is android.uid.bluetooth:1002 ,and its permission is false
09-01 14:43:22.788 V/bt_stack( 8588): [VERBOSE1:btm_ble_gap.cc(1923)] btm_ble_process_ext_adv_pkt: bda=77:60:99:3a:74:d9
09-01 14:43:22.788 V/bt_stack( 8588): [VERBOSE1:btm_ble_gap.cc(1847)] btm_ble_process_adv_addr: bda=77:60:99:3a:74:d9
09-01 14:43:22.788 V/bt_stack( 8588): [VERBOSE1:btm_ble_gap.cc(2052)]  Waiting for scan response 77:60:99:3a:74:d9
09-01 14:43:22.789 V/bt_stack( 8588): [VERBOSE1:btm_ble_gap.cc(1923)] btm_ble_process_ext_adv_pkt: bda=5a:e4:79:a8:a5:a9
09-01 14:43:22.790 V/bt_stack( 8588): [VERBOSE1:btm_ble_gap.cc(1847)] btm_ble_process_adv_addr: bda=5a:e4:79:a8:a5:a9
09-01 14:43:22.790 V/bt_stack( 8588): [VERBOSE1:btm_ble_gap.cc(2052)]  Waiting for scan response 5a:e4:79:a8:a5:a9
09-01 14:43:22.790 V/bt_stack( 8588): [VERBOSE1:btm_ble_gap.cc(1923)] btm_ble_process_ext_adv_pkt: bda=04:1e:5d:a8:7c:db
09-01 14:43:22.790 V/bt_stack( 8588): [VERBOSE1:btm_ble_gap.cc(1847)] btm_ble_process_adv_addr: bda=04:1e:5d:a8:7c:db
09-01 14:43:22.791 D/BluetoothUtils( 8588): blockedByLocationOff callingUid=1002
09-01 14:43:22.792 I/BluetoothUtils( 8588): packagename is android.uid.bluetooth:1002 ,and its permission is false
09-01 14:43:22.792 D/BluetoothUtils( 8588): blockedByLocationOff callingUid=1002
09-01 14:43:22.792 V/bt_stack( 8588): [VERBOSE1:btm_ble_gap.cc(1923)] btm_ble_process_ext_adv_pkt: bda=38:f9:d3:45:87:1e
09-01 14:43:22.792 V/bt_stack( 8588): [VERBOSE1:btm_ble_gap.cc(1847)] btm_ble_process_adv_addr: bda=38:f9:d3:45:87:1e
09-01 14:43:22.792 V/bt_stack( 8588): [VERBOSE1:btm_ble_gap.cc(2052)]  Waiting for scan response 38:f9:d3:45:87:1e
09-01 14:43:22.792 I/BluetoothUtils( 8588): packagename is android.uid.bluetooth:1002 ,and its permission is false
09-01 14:43:22.792 V/bt_stack( 8588): [VERBOSE1:btm_ble_gap.cc(1923)] btm_ble_process_ext_adv_pkt: bda=38:f9:d3:45:87:1e
09-01 14:43:22.792 V/bt_stack( 8588): [VERBOSE1:btm_ble_gap.cc(1847)] btm_ble_process_adv_addr: bda=38:f9:d3:45:87:1e
09-01 14:43:22.793 D/BluetoothUtils( 8588): blockedByLocationOff callingUid=1002
09-01 14:43:22.793 I/BluetoothUtils( 8588): packagename is android.uid.bluetooth:1002 ,and its permission is false
09-01 14:43:22.794 D/BluetoothUtils( 8588): blockedByLocationOff callingUid=1002
09-01 14:43:22.794 I/BluetoothUtils( 8588): packagename is android.uid.bluetooth:1002 ,and its permission is false
09-01 14:43:22.794 D/BluetoothUtils( 8588): blockedByLocationOff callingUid=1002
09-01 14:43:22.795 I/BluetoothUtils( 8588): packagename is android.uid.bluetooth:1002 ,and its permission is false
09-01 14:43:22.795 D/BluetoothUtils( 8588): blockedByLocationOff callingUid=1002
09-01 14:43:22.795 I/BluetoothUtils( 8588): packagename is android.uid.bluetooth:1002 ,and its permission is false
09-01 14:43:22.796 V/bt_stack( 8588): [VERBOSE1:btm_ble_gap.cc(1923)] btm_ble_process_ext_adv_pkt: bda=fe:e1:62:0f:0c:8e
09-01 14:43:22.796 V/bt_stack( 8588): [VERBOSE1:btm_ble_gap.cc(1847)] btm_ble_process_adv_addr: bda=fe:e1:62:0f:0c:8e
09-01 14:43:22.796 V/bt_stack( 8588): [VERBOSE1:btm_ble_gap.cc(2052)]  Waiting for scan response fe:e1:62:0f:0c:8e
09-01 14:43:22.796 V/bt_stack( 8588): [VERBOSE1:btm_ble_gap.cc(1923)] btm_ble_process_ext_adv_pkt: bda=fe:e1:62:0f:0c:8e
09-01 14:43:22.796 V/bt_stack( 8588): [VERBOSE1:btm_ble_gap.cc(1847)] btm_ble_process_adv_addr: bda=fe:e1:62:0f:0c:8e
09-01 14:43:22.798 D/BluetoothUtils( 8588): blockedByLocationOff callingUid=1002
09-01 14:43:22.798 I/BluetoothUtils( 8588): packagename is android.uid.bluetooth:1002 ,and its permission is false
09-01 14:43:22.798 D/BluetoothUtils( 8588): blockedByLocationOff callingUid=1002
09-01 14:43:22.798 I/BluetoothUtils( 8588): packagename is android.uid.bluetooth:1002 ,and its permission is false
09-01 14:43:22.799 D/BluetoothUtils( 8588): blockedByLocationOff callingUid=1002
09-01 14:43:22.799 I/BluetoothUtils( 8588): packagename is android.uid.bluetooth:1002 ,and its permission is false
09-01 14:43:22.799 V/bt_stack( 8588): [VERBOSE1:btm_ble_gap.cc(1923)] btm_ble_process_ext_adv_pkt: bda=56:e4:da:79:d5:88
09-01 14:43:22.800 V/bt_stack( 8588): [VERBOSE1:btm_ble_gap.cc(1847)] btm_ble_process_adv_addr: bda=56:e4:da:79:d5:88
09-01 14:43:22.800 V/bt_stack( 8588): [VERBOSE1:btm_ble_gap.cc(2052)]  Waiting for scan response 56:e4:da:79:d5:88
09-01 14:43:22.800 V/bt_stack( 8588): [VERBOSE1:btm_ble_gap.cc(1923)] btm_ble_process_ext_adv_pkt: bda=56:e4:da:79:d5:88
09-01 14:43:22.800 V/bt_stack( 8588): [VERBOSE1:btm_ble_gap.cc(1847)] btm_ble_process_adv_addr: bda=56:e4:da:79:d5:88
09-01 14:43:22.801 V/bt_stack( 8588): [VERBOSE1:btm_ble_gap.cc(1923)] btm_ble_process_ext_adv_pkt: bda=05:18:f1:4b:2c:d4
09-01 14:43:22.801 V/bt_stack( 8588): [VERBOSE1:btm_ble_gap.cc(1847)] btm_ble_process_adv_addr: bda=05:18:f1:4b:2c:d4
09-01 14:43:22.801 D/BluetoothUtils( 8588): blockedByLocationOff callingUid=1002
09-01 14:43:22.802 I/BluetoothUtils( 8588): packagename is android.uid.bluetooth:1002 ,and its permission is false
09-01 14:43:22.802 D/BluetoothUtils( 8588): blockedByLocationOff callingUid=1002
09-01 14:43:22.802 I/BluetoothUtils( 8588): packagename is android.uid.bluetooth:1002 ,and its permission is false
09-01 14:43:22.802 D/BluetoothUtils( 8588): blockedByLocationOff callingUid=1002
09-01 14:43:22.802 I/BluetoothUtils( 8588): packagename is android.uid.bluetooth:1002 ,and its permission is false
09-01 14:43:22.803 D/BluetoothUtils( 8588): blockedByLocationOff callingUid=1002
09-01 14:43:22.804 I/BluetoothUtils( 8588): packagename is android.uid.bluetooth:1002 ,and its permission is false
09-01 14:43:22.804 D/BluetoothUtils( 8588): blockedByLocationOff callingUid=1002
09-01 14:43:22.804 I/BluetoothUtils( 8588): packagename is android.uid.bluetooth:1002 ,and its permission is false
09-01 14:43:22.804 D/BluetoothUtils( 8588): blockedByLocationOff callingUid=1002
09-01 14:43:22.805 I/BluetoothUtils( 8588): packagename is android.uid.bluetooth:1002 ,and its permission is false
09-01 14:43:22.805 V/bt_stack( 8588): [VERBOSE1:btm_ble_gap.cc(1923)] btm_ble_process_ext_adv_pkt: bda=66:3e:07:e0:2b:d4
09-01 14:43:22.805 V/bt_stack( 8588): [VERBOSE1:btm_ble_gap.cc(1847)] btm_ble_process_adv_addr: bda=66:3e:07:e0:2b:d4
09-01 14:43:22.805 V/bt_stack( 8588): [VERBOSE1:btm_ble_gap.cc(2052)]  Waiting for scan response 66:3e:07:e0:2b:d4
09-01 14:43:22.805 V/bt_stack( 8588): [VERBOSE1:btm_ble_gap.cc(1923)] btm_ble_process_ext_adv_pkt: bda=66:3e:07:e0:2b:d4
09-01 14:43:22.805 V/bt_stack( 8588): [VERBOSE1:btm_ble_gap.cc(1847)] btm_ble_process_adv_addr: bda=66:3e:07:e0:2b:d4
09-01 14:43:22.806 D/BluetoothUtils( 8588): blockedByLocationOff callingUid=1002
09-01 14:43:22.806 I/BluetoothUtils( 8588): packagename is android.uid.bluetooth:1002 ,and its permission is false
09-01 14:43:22.806 D/BluetoothUtils( 8588): blockedByLocationOff callingUid=1002
09-01 14:43:22.806 I/BluetoothUtils( 8588): packagename is android.uid.bluetooth:1002 ,and its permission is false
09-01 14:43:22.806 D/BluetoothUtils( 8588): blockedByLocationOff callingUid=1002
09-01 14:43:22.807 I/BluetoothUtils( 8588): packagename is android.uid.bluetooth:1002 ,and its permission is false
09-01 14:43:22.824 V/bt_stack( 8588): [VERBOSE1:btm_ble_gap.cc(1923)] btm_ble_process_ext_adv_pkt: bda=63:53:07:fa:3c:f1
09-01 14:43:22.824 V/bt_stack( 8588): [VERBOSE1:btm_ble_gap.cc(1847)] btm_ble_process_adv_addr: bda=63:53:07:fa:3c:f1
09-01 14:43:22.827 V/bt_stack( 8588): [VERBOSE1:btm_ble_gap.cc(1923)] btm_ble_process_ext_adv_pkt: bda=64:62:50:0c:82:d1
09-01 14:43:22.827 V/bt_stack( 8588): [VERBOSE1:btm_ble_gap.cc(1847)] btm_ble_process_adv_addr: bda=64:62:50:0c:82:d1
09-01 14:43:22.827 V/bt_stack( 8588): [VERBOSE1:btm_ble_gap.cc(2052)]  Waiting for scan response 64:62:50:0c:82:d1
09-01 14:43:22.827 D/BluetoothUtils( 8588): blockedByLocationOff callingUid=1002
09-01 14:43:22.828 I/BluetoothUtils( 8588): packagename is android.uid.bluetooth:1002 ,and its permission is false
09-01 14:43:22.828 V/bt_stack( 8588): [VERBOSE1:btm_ble_gap.cc(1923)] btm_ble_process_ext_adv_pkt: bda=44:ca:73:cc:df:42
09-01 14:43:22.828 V/bt_stack( 8588): [VERBOSE1:btm_ble_gap.cc(1847)] btm_ble_process_adv_addr: bda=44:ca:73:cc:df:42
09-01 14:43:22.828 V/bt_stack( 8588): [VERBOSE1:btm_ble_gap.cc(2052)]  Waiting for scan response 44:ca:73:cc:df:42
09-01 14:43:22.828 D/BluetoothUtils( 8588): blockedByLocationOff callingUid=1002
09-01 14:43:22.828 V/bt_stack( 8588): [VERBOSE1:btm_ble_gap.cc(1923)] btm_ble_process_ext_adv_pkt: bda=44:ca:73:cc:df:42
09-01 14:43:22.828 V/bt_stack( 8588): [VERBOSE1:btm_ble_gap.cc(1847)] btm_ble_process_adv_addr: bda=44:ca:73:cc:df:42
09-01 14:43:22.828 I/BluetoothUtils( 8588): packagename is android.uid.bluetooth:1002 ,and its permission is false
09-01 14:43:22.829 D/BluetoothUtils( 8588): blockedByLocationOff callingUid=1002
09-01 14:43:22.829 I/BluetoothUtils( 8588): packagename is android.uid.bluetooth:1002 ,and its permission is false
09-01 14:43:22.831 D/BluetoothUtils( 8588): blockedByLocationOff callingUid=1002
09-01 14:43:22.832 I/BluetoothUtils( 8588): packagename is android.uid.bluetooth:1002 ,and its permission is false
09-01 14:43:22.832 D/BluetoothUtils( 8588): blockedByLocationOff callingUid=1002
09-01 14:43:22.833 I/BluetoothUtils( 8588): packagename is android.uid.bluetooth:1002 ,and its permission is false
09-01 14:43:22.833 D/BluetoothUtils( 8588): blockedByLocationOff callingUid=1002
09-01 14:43:22.833 I/BluetoothUtils( 8588): packagename is android.uid.bluetooth:1002 ,and its permission is false
09-01 14:43:22.836 V/bt_stack( 8588): [VERBOSE1:btm_ble_gap.cc(1923)] btm_ble_process_ext_adv_pkt: bda=44:73:b6:51:63:17
09-01 14:43:22.837 V/bt_stack( 8588): [VERBOSE1:btm_ble_gap.cc(1847)] btm_ble_process_adv_addr: bda=44:73:b6:51:63:17
09-01 14:43:22.837 V/bt_stack( 8588): [VERBOSE1:btm_ble_gap.cc(2052)]  Waiting for scan response 44:73:b6:51:63:17
09-01 14:43:22.837 V/bt_stack( 8588): [VERBOSE1:btm_ble_gap.cc(1923)] btm_ble_process_ext_adv_pkt: bda=46:25:ff:ec:21:0b
09-01 14:43:22.837 V/bt_stack( 8588): [VERBOSE1:btm_ble_gap.cc(1847)] btm_ble_process_adv_addr: bda=46:25:ff:ec:21:0b
09-01 14:43:22.837 V/bt_stack( 8588): [VERBOSE1:btm_ble_gap.cc(2052)]  Waiting for scan response 46:25:ff:ec:21:0b
09-01 14:43:22.837 V/bt_stack( 8588): [VERBOSE1:btm_ble_gap.cc(1923)] btm_ble_process_ext_adv_pkt: bda=46:25:ff:ec:21:0b
09-01 14:43:22.837 V/bt_stack( 8588): [VERBOSE1:btm_ble_gap.cc(1847)] btm_ble_process_adv_addr: bda=46:25:ff:ec:21:0b
09-01 14:43:22.839 D/BluetoothUtils( 8588): blockedByLocationOff callingUid=1002
09-01 14:43:22.839 I/BluetoothUtils( 8588): packagename is android.uid.bluetooth:1002 ,and its permission is false
09-01 14:43:22.839 D/BluetoothUtils( 8588): blockedByLocationOff callingUid=1002
09-01 14:43:22.840 I/BluetoothUtils( 8588): packagename is android.uid.bluetooth:1002 ,and its permission is false
09-01 14:43:22.840 D/BluetoothUtils( 8588): blockedByLocationOff callingUid=1002
09-01 14:43:22.840 I/BluetoothUtils( 8588): packagename is android.uid.bluetooth:1002 ,and its permission is false
09-01 14:43:22.848 V/bt_stack( 8588): [VERBOSE1:btm_ble_gap.cc(1923)] btm_ble_process_ext_adv_pkt: bda=59:f7:61:0b:a3:40
09-01 14:43:22.848 V/bt_stack( 8588): [VERBOSE1:btm_ble_gap.cc(1847)] btm_ble_process_adv_addr: bda=59:f7:61:0b:a3:40
09-01 14:43:22.850 D/BluetoothUtils( 8588): blockedByLocationOff callingUid=1002
09-01 14:43:22.850 I/BluetoothUtils( 8588): packagename is android.uid.bluetooth:1002 ,and its permission is false
09-01 14:43:22.850 D/BluetoothUtils( 8588): blockedByLocationOff callingUid=1002
09-01 14:43:22.850 V/bt_stack( 8588): [VERBOSE1:btm_ble_gap.cc(1923)] btm_ble_process_ext_adv_pkt: bda=3c:44:7b:e3:4e:f5
09-01 14:43:22.851 V/bt_stack( 8588): [VERBOSE1:btm_ble_gap.cc(1847)] btm_ble_process_adv_addr: bda=3c:44:7b:e3:4e:f5
09-01 14:43:22.851 I/BluetoothUtils( 8588): packagename is android.uid.bluetooth:1002 ,and its permission is false
09-01 14:43:22.851 D/BluetoothUtils( 8588): blockedByLocationOff callingUid=1002
09-01 14:43:22.851 I/BluetoothUtils( 8588): packagename is android.uid.bluetooth:1002 ,and its permission is false
09-01 14:43:22.852 D/BluetoothUtils( 8588): blockedByLocationOff callingUid=1002
09-01 14:43:22.853 I/BluetoothUtils( 8588): packagename is android.uid.bluetooth:1002 ,and its permission is false
09-01 14:43:22.853 D/BluetoothUtils( 8588): blockedByLocationOff callingUid=1002
09-01 14:43:22.853 I/BluetoothUtils( 8588): packagename is android.uid.bluetooth:1002 ,and its permission is false
09-01 14:43:22.854 D/BluetoothUtils( 8588): blockedByLocationOff callingUid=1002
09-01 14:43:22.854 I/BluetoothUtils( 8588): packagename is android.uid.bluetooth:1002 ,and its permission is false
09-01 14:43:22.859 V/bt_stack( 8588): [VERBOSE1:btm_ble_gap.cc(1923)] btm_ble_process_ext_adv_pkt: bda=05:d9:72:f7:0f:69
09-01 14:43:22.859 V/bt_stack( 8588): [VERBOSE1:btm_ble_gap.cc(1847)] btm_ble_process_adv_addr: bda=05:d9:72:f7:0f:69
09-01 14:43:22.861 V/bt_stack( 8588): [VERBOSE1:btm_ble_gap.cc(1923)] btm_ble_process_ext_adv_pkt: bda=38:a9:e2:54:94:54
09-01 14:43:22.861 V/bt_stack( 8588): [VERBOSE1:btm_ble_gap.cc(1847)] btm_ble_process_adv_addr: bda=38:a9:e2:54:94:54
09-01 14:43:22.861 D/BluetoothUtils( 8588): blockedByLocationOff callingUid=1002
09-01 14:43:22.862 I/BluetoothUtils( 8588): packagename is android.uid.bluetooth:1002 ,and its permission is false
09-01 14:43:22.862 D/BluetoothUtils( 8588): blockedByLocationOff callingUid=1002
09-01 14:43:22.862 I/BluetoothUtils( 8588): packagename is android.uid.bluetooth:1002 ,and its permission is false
09-01 14:43:22.863 D/BluetoothUtils( 8588): blockedByLocationOff callingUid=1002
09-01 14:43:22.863 I/BluetoothUtils( 8588): packagename is android.uid.bluetooth:1002 ,and its permission is false
09-01 14:43:22.863 V/bt_stack( 8588): [VERBOSE1:btm_ble_gap.cc(1923)] btm_ble_process_ext_adv_pkt: bda=24:36:26:fc:bf:e5
09-01 14:43:22.863 V/bt_stack( 8588): [VERBOSE1:btm_ble_gap.cc(1847)] btm_ble_process_adv_addr: bda=24:36:26:fc:bf:e5
09-01 14:43:22.864 D/BluetoothUtils( 8588): blockedByLocationOff callingUid=1002
09-01 14:43:22.865 I/BluetoothUtils( 8588): packagename is android.uid.bluetooth:1002 ,and its permission is false
09-01 14:43:22.865 D/BluetoothUtils( 8588): blockedByLocationOff callingUid=1002
09-01 14:43:22.865 I/BluetoothUtils( 8588): packagename is android.uid.bluetooth:1002 ,and its permission is false
09-01 14:43:22.865 D/BluetoothUtils( 8588): blockedByLocationOff callingUid=1002
09-01 14:43:22.866 I/BluetoothUtils( 8588): packagename is android.uid.bluetooth:1002 ,and its permission is false
09-01 14:43:22.867 D/BluetoothUtils( 8588): blockedByLocationOff callingUid=1002
09-01 14:43:22.867 I/BluetoothUtils( 8588): packagename is android.uid.bluetooth:1002 ,and its permission is false
09-01 14:43:22.867 V/bt_stack( 8588): [VERBOSE1:btm_ble_gap.cc(1923)] btm_ble_process_ext_adv_pkt: bda=7a:11:28:6c:23:6e
09-01 14:43:22.867 V/bt_stack( 8588): [VERBOSE1:btm_ble_gap.cc(1847)] btm_ble_process_adv_addr: bda=7a:11:28:6c:23:6e
09-01 14:43:22.867 D/BluetoothUtils( 8588): blockedByLocationOff callingUid=1002
09-01 14:43:22.867 V/bt_stack( 8588): [VERBOSE1:btm_ble_gap.cc(2052)]  Waiting for scan response 7a:11:28:6c:23:6e
09-01 14:43:22.867 V/bt_stack( 8588): [VERBOSE1:btm_ble_gap.cc(1923)] btm_ble_process_ext_adv_pkt: bda=7a:11:28:6c:23:6e
09-01 14:43:22.867 V/bt_stack( 8588): [VERBOSE1:btm_ble_gap.cc(1847)] btm_ble_process_adv_addr: bda=7a:11:28:6c:23:6e
09-01 14:43:22.867 I/BluetoothUtils( 8588): packagename is android.uid.bluetooth:1002 ,and its permission is false
09-01 14:43:22.868 D/BluetoothUtils( 8588): blockedByLocationOff callingUid=1002
09-01 14:43:22.868 I/BluetoothUtils( 8588): packagename is android.uid.bluetooth:1002 ,and its permission is false
09-01 14:43:22.869 V/bt_stack( 8588): [VERBOSE1:btm_ble_gap.cc(1923)] btm_ble_process_ext_adv_pkt: bda=30:31:51:23:9b:e3
09-01 14:43:22.869 V/bt_stack( 8588): [VERBOSE1:btm_ble_gap.cc(1847)] btm_ble_process_adv_addr: bda=30:31:51:23:9b:e3
09-01 14:43:22.869 D/BluetoothUtils( 8588): blockedByLocationOff callingUid=1002
09-01 14:43:22.869 I/BluetoothUtils( 8588): packagename is android.uid.bluetooth:1002 ,and its permission is false
09-01 14:43:22.870 D/BluetoothUtils( 8588): blockedByLocationOff callingUid=1002
09-01 14:43:22.870 I/BluetoothUtils( 8588): packagename is android.uid.bluetooth:1002 ,and its permission is false
09-01 14:43:22.870 D/BluetoothUtils( 8588): blockedByLocationOff callingUid=1002
09-01 14:43:22.870 I/BluetoothUtils( 8588): packagename is android.uid.bluetooth:1002 ,and its permission is false
09-01 14:43:22.871 D/BluetoothUtils( 8588): blockedByLocationOff callingUid=1002
09-01 14:43:22.872 I/BluetoothUtils( 8588): packagename is android.uid.bluetooth:1002 ,and its permission is false
09-01 14:43:22.872 D/BluetoothUtils( 8588): blockedByLocationOff callingUid=1002
09-01 14:43:22.872 I/BluetoothUtils( 8588): packagename is android.uid.bluetooth:1002 ,and its permission is false
09-01 14:43:22.873 D/BluetoothUtils( 8588): blockedByLocationOff callingUid=1002
09-01 14:43:22.873 I/BluetoothUtils( 8588): packagename is android.uid.bluetooth:1002 ,and its permission is false
09-01 14:43:22.884 V/bt_stack( 8588): [VERBOSE1:btm_ble_gap.cc(1923)] btm_ble_process_ext_adv_pkt: bda=14:07:18:00:04:0d
09-01 14:43:22.884 V/bt_stack( 8588): [VERBOSE1:btm_ble_gap.cc(1847)] btm_ble_process_adv_addr: bda=14:07:18:00:04:0d
09-01 14:43:22.884 V/bt_stack( 8588): [VERBOSE1:btm_ble_gap.cc(2052)]  Waiting for scan response 14:07:18:00:04:0d
09-01 14:43:22.884 V/bt_stack( 8588): [VERBOSE1:btm_ble_gap.cc(1923)] btm_ble_process_ext_adv_pkt: bda=c4:cf:3f:4b:ad:c8
09-01 14:43:22.884 V/bt_stack( 8588): [VERBOSE1:btm_ble_gap.cc(1847)] btm_ble_process_adv_addr: bda=c4:cf:3f:4b:ad:c8
09-01 14:43:22.884 V/bt_stack( 8588): [VERBOSE1:btm_ble_gap.cc(2052)]  Waiting for scan response c4:cf:3f:4b:ad:c8
09-01 14:43:22.884 V/bt_stack( 8588): [VERBOSE1:btm_ble_gap.cc(1923)] btm_ble_process_ext_adv_pkt: bda=c4:cf:3f:4b:ad:c8
09-01 14:43:22.884 V/bt_stack( 8588): [VERBOSE1:btm_ble_gap.cc(1847)] btm_ble_process_adv_addr: bda=c4:cf:3f:4b:ad:c8
09-01 14:43:22.886 V/bt_stack( 8588): [VERBOSE1:btm_ble_gap.cc(1923)] btm_ble_process_ext_adv_pkt: bda=33:91:15:08:2a:2b
09-01 14:43:22.886 V/bt_stack( 8588): [VERBOSE1:btm_ble_gap.cc(1847)] btm_ble_process_adv_addr: bda=33:91:15:08:2a:2b
09-01 14:43:22.887 D/BluetoothUtils( 8588): blockedByLocationOff callingUid=1002
09-01 14:43:22.888 I/BluetoothUtils( 8588): packagename is android.uid.bluetooth:1002 ,and its permission is false
09-01 14:43:22.888 D/BluetoothUtils( 8588): blockedByLocationOff callingUid=1002
09-01 14:43:22.888 I/BluetoothUtils( 8588): packagename is android.uid.bluetooth:1002 ,and its permission is false
09-01 14:43:22.889 D/BluetoothUtils( 8588): blockedByLocationOff callingUid=1002
09-01 14:43:22.889 I/BluetoothUtils( 8588): packagename is android.uid.bluetooth:1002 ,and its permission is false
09-01 14:43:22.890 D/BluetoothUtils( 8588): blockedByLocationOff callingUid=1002
09-01 14:43:22.892 I/BluetoothUtils( 8588): packagename is android.uid.bluetooth:1002 ,and its permission is false
09-01 14:43:22.892 D/BluetoothUtils( 8588): blockedByLocationOff callingUid=1002
09-01 14:43:22.892 I/BluetoothUtils( 8588): packagename is android.uid.bluetooth:1002 ,and its permission is false
09-01 14:43:22.893 D/BluetoothUtils( 8588): blockedByLocationOff callingUid=1002
09-01 14:43:22.893 I/BluetoothUtils( 8588): packagename is android.uid.bluetooth:1002 ,and its permission is false
09-01 14:43:22.896 V/bt_stack( 8588): [VERBOSE1:btm_ble_gap.cc(1923)] btm_ble_process_ext_adv_pkt: bda=06:fa:50:9b:39:c0
09-01 14:43:22.896 V/bt_stack( 8588): [VERBOSE1:btm_ble_gap.cc(1847)] btm_ble_process_adv_addr: bda=06:fa:50:9b:39:c0
09-01 14:43:22.897 D/BluetoothUtils( 8588): blockedByLocationOff callingUid=1002
09-01 14:43:22.897 I/BluetoothUtils( 8588): packagename is android.uid.bluetooth:1002 ,and its permission is false
09-01 14:43:22.897 D/BluetoothUtils( 8588): blockedByLocationOff callingUid=1002
09-01 14:43:22.898 I/BluetoothUtils( 8588): packagename is android.uid.bluetooth:1002 ,and its permission is false
09-01 14:43:22.898 D/BluetoothUtils( 8588): blockedByLocationOff callingUid=1002
09-01 14:43:22.898 I/BluetoothUtils( 8588): packagename is android.uid.bluetooth:1002 ,and its permission is false
09-01 14:43:22.899 V/bt_stack( 8588): [VERBOSE1:btm_ble_gap.cc(1923)] btm_ble_process_ext_adv_pkt: bda=2a:7b:59:84:d7:1e
09-01 14:43:22.900 V/bt_stack( 8588): [VERBOSE1:btm_ble_gap.cc(1847)] btm_ble_process_adv_addr: bda=2a:7b:59:84:d7:1e
09-01 14:43:22.900 V/bt_stack( 8588): [VERBOSE1:btm_ble_gap.cc(1923)] btm_ble_process_ext_adv_pkt: bda=00:35:64:83:a4:98
09-01 14:43:22.900 V/bt_stack( 8588): [VERBOSE1:btm_ble_gap.cc(1847)] btm_ble_process_adv_addr: bda=00:35:64:83:a4:98
09-01 14:43:22.901 D/BluetoothUtils( 8588): blockedByLocationOff callingUid=1002
09-01 14:43:22.901 I/BluetoothUtils( 8588): packagename is android.uid.bluetooth:1002 ,and its permission is false
09-01 14:43:22.901 D/BluetoothUtils( 8588): blockedByLocationOff callingUid=1002
09-01 14:43:22.901 I/BluetoothUtils( 8588): packagename is android.uid.bluetooth:1002 ,and its permission is false
09-01 14:43:22.902 D/BluetoothUtils( 8588): blockedByLocationOff callingUid=1002
09-01 14:43:22.902 I/BluetoothUtils( 8588): packagename is android.uid.bluetooth:1002 ,and its permission is false
09-01 14:43:22.903 D/BluetoothUtils( 8588): blockedByLocationOff callingUid=1002
09-01 14:43:22.903 I/BluetoothUtils( 8588): packagename is android.uid.bluetooth:1002 ,and its permission is false
09-01 14:43:22.903 D/BluetoothUtils( 8588): blockedByLocationOff callingUid=1002
09-01 14:43:22.904 I/BluetoothUtils( 8588): packagename is android.uid.bluetooth:1002 ,and its permission is false
09-01 14:43:22.904 D/BluetoothUtils( 8588): blockedByLocationOff callingUid=1002
09-01 14:43:22.904 I/BluetoothUtils( 8588): packagename is android.uid.bluetooth:1002 ,and its permission is false
09-01 14:43:22.914 V/bt_stack( 8588): [VERBOSE1:btm_ble_gap.cc(1923)] btm_ble_process_ext_adv_pkt: bda=3c:22:fb:8e:04:19
09-01 14:43:22.914 V/bt_stack( 8588): [VERBOSE1:btm_ble_gap.cc(1847)] btm_ble_process_adv_addr: bda=3c:22:fb:8e:04:19
09-01 14:43:22.914 V/bt_stack( 8588): [VERBOSE1:btm_ble_gap.cc(2052)]  Waiting for scan response 3c:22:fb:8e:04:19
09-01 14:43:22.914 V/bt_stack( 8588): [VERBOSE1:btm_ble_gap.cc(1923)] btm_ble_process_ext_adv_pkt: bda=1f:59:8a:95:53:d8
09-01 14:43:22.914 V/bt_stack( 8588): [VERBOSE1:btm_ble_gap.cc(1847)] btm_ble_process_adv_addr: bda=1f:59:8a:95:53:d8
09-01 14:43:22.916 D/BluetoothUtils( 8588): blockedByLocationOff callingUid=1002
09-01 14:43:22.917 I/BluetoothUtils( 8588): packagename is android.uid.bluetooth:1002 ,and its permission is false
09-01 14:43:22.917 D/BluetoothUtils( 8588): blockedByLocationOff callingUid=1002
09-01 14:43:22.917 I/BluetoothUtils( 8588): packagename is android.uid.bluetooth:1002 ,and its permission is false
09-01 14:43:22.918 D/BluetoothUtils( 8588): blockedByLocationOff callingUid=1002
09-01 14:43:22.918 I/BluetoothUtils( 8588): packagename is android.uid.bluetooth:1002 ,and its permission is false
09-01 14:43:22.929 V/bt_stack( 8588): [VERBOSE1:btm_ble_gap.cc(1923)] btm_ble_process_ext_adv_pkt: bda=4b:30:3e:da:20:3a
09-01 14:43:22.929 V/bt_stack( 8588): [VERBOSE1:btm_ble_gap.cc(1847)] btm_ble_process_adv_addr: bda=4b:30:3e:da:20:3a
09-01 14:43:22.929 V/bt_stack( 8588): [VERBOSE1:btm_ble_gap.cc(2052)]  Waiting for scan response 4b:30:3e:da:20:3a
09-01 14:43:22.929 V/bt_stack( 8588): [VERBOSE1:btm_ble_gap.cc(1923)] btm_ble_process_ext_adv_pkt: bda=0e:10:bb:c2:00:89
09-01 14:43:22.929 V/bt_stack( 8588): [VERBOSE1:btm_ble_gap.cc(1847)] btm_ble_process_adv_addr: bda=0e:10:bb:c2:00:89
09-01 14:43:22.931 V/bt_stack( 8588): [VERBOSE1:btm_ble_gap.cc(1923)] btm_ble_process_ext_adv_pkt: bda=63:53:07:fa:3c:f1
09-01 14:43:22.931 V/bt_stack( 8588): [VERBOSE1:btm_ble_gap.cc(1847)] btm_ble_process_adv_addr: bda=63:53:07:fa:3c:f1
09-01 14:43:22.931 D/BluetoothUtils( 8588): blockedByLocationOff callingUid=1002
09-01 14:43:22.932 I/BluetoothUtils( 8588): packagename is android.uid.bluetooth:1002 ,and its permission is false
09-01 14:43:22.932 D/BluetoothUtils( 8588): blockedByLocationOff callingUid=1002
09-01 14:43:22.932 I/BluetoothUtils( 8588): packagename is android.uid.bluetooth:1002 ,and its permission is false
09-01 14:43:22.932 D/BluetoothUtils( 8588): blockedByLocationOff callingUid=1002
09-01 14:43:22.932 I/BluetoothUtils( 8588): packagename is android.uid.bluetooth:1002 ,and its permission is false
09-01 14:43:22.933 D/BluetoothUtils( 8588): blockedByLocationOff callingUid=1002
09-01 14:43:22.934 I/BluetoothUtils( 8588): packagename is android.uid.bluetooth:1002 ,and its permission is false
09-01 14:43:22.934 D/BluetoothUtils( 8588): blockedByLocationOff callingUid=1002
09-01 14:43:22.934 I/BluetoothUtils( 8588): packagename is android.uid.bluetooth:1002 ,and its permission is false
09-01 14:43:22.934 D/BluetoothUtils( 8588): blockedByLocationOff callingUid=1002
09-01 14:43:22.935 I/BluetoothUtils( 8588): packagename is android.uid.bluetooth:1002 ,and its permission is false
09-01 14:43:22.945 V/bt_stack( 8588): [VERBOSE1:btm_ble_gap.cc(1923)] btm_ble_process_ext_adv_pkt: bda=45:55:7e:66:6f:d0
09-01 14:43:22.945 V/bt_stack( 8588): [VERBOSE1:btm_ble_gap.cc(1847)] btm_ble_process_adv_addr: bda=45:55:7e:66:6f:d0
09-01 14:43:22.945 V/bt_stack( 8588): [VERBOSE1:btm_ble_gap.cc(2052)]  Waiting for scan response 45:55:7e:66:6f:d0
09-01 14:43:22.945 V/bt_stack( 8588): [VERBOSE1:btm_ble_gap.cc(1923)] btm_ble_process_ext_adv_pkt: bda=14:dd:f1:7c:32:85
09-01 14:43:22.945 V/bt_stack( 8588): [VERBOSE1:btm_ble_gap.cc(1847)] btm_ble_process_adv_addr: bda=14:dd:f1:7c:32:85
09-01 14:43:22.946 V/bt_stack( 8588): [VERBOSE1:btm_ble_gap.cc(1923)] btm_ble_process_ext_adv_pkt: bda=27:0f:c2:a5:58:f5
09-01 14:43:22.947 V/bt_stack( 8588): [VERBOSE1:btm_ble_gap.cc(1847)] btm_ble_process_adv_addr: bda=27:0f:c2:a5:58:f5
09-01 14:43:22.947 D/BluetoothUtils( 8588): blockedByLocationOff callingUid=1002
09-01 14:43:22.947 I/BluetoothUtils( 8588): packagename is android.uid.bluetooth:1002 ,and its permission is false
09-01 14:43:22.948 D/BluetoothUtils( 8588): blockedByLocationOff callingUid=1002
09-01 14:43:22.948 I/BluetoothUtils( 8588): packagename is android.uid.bluetooth:1002 ,and its permission is false
09-01 14:43:22.948 D/BluetoothUtils( 8588): blockedByLocationOff callingUid=1002
09-01 14:43:22.948 I/BluetoothUtils( 8588): packagename is android.uid.bluetooth:1002 ,and its permission is false
09-01 14:43:22.949 D/BluetoothUtils( 8588): blockedByLocationOff callingUid=1002
09-01 14:43:22.950 I/BluetoothUtils( 8588): packagename is android.uid.bluetooth:1002 ,and its permission is false
09-01 14:43:22.950 D/BluetoothUtils( 8588): blockedByLocationOff callingUid=1002
09-01 14:43:22.950 I/BluetoothUtils( 8588): packagename is android.uid.bluetooth:1002 ,and its permission is false
09-01 14:43:22.951 V/bt_stack( 8588): [VERBOSE1:btm_ble_gap.cc(1923)] btm_ble_process_ext_adv_pkt: bda=3c:44:7b:e3:4e:f5
09-01 14:43:22.951 D/BluetoothUtils( 8588): blockedByLocationOff callingUid=1002
09-01 14:43:22.951 V/bt_stack( 8588): [VERBOSE1:btm_ble_gap.cc(1847)] btm_ble_process_adv_addr: bda=3c:44:7b:e3:4e:f5
09-01 14:43:22.951 I/BluetoothUtils( 8588): packagename is android.uid.bluetooth:1002 ,and its permission is false
09-01 14:43:22.952 D/BluetoothUtils( 8588): blockedByLocationOff callingUid=1002
09-01 14:43:22.952 I/BluetoothUtils( 8588): packagename is android.uid.bluetooth:1002 ,and its permission is false
09-01 14:43:22.953 D/BluetoothUtils( 8588): blockedByLocationOff callingUid=1002
09-01 14:43:22.953 I/BluetoothUtils( 8588): packagename is android.uid.bluetooth:1002 ,and its permission is false
09-01 14:43:22.953 D/BluetoothUtils( 8588): blockedByLocationOff callingUid=1002
09-01 14:43:22.954 I/BluetoothUtils( 8588): packagename is android.uid.bluetooth:1002 ,and its permission is false
09-01 14:43:22.966 V/bt_stack( 8588): [VERBOSE1:btm_ble_gap.cc(1923)] btm_ble_process_ext_adv_pkt: bda=24:36:26:fc:bf:e5
09-01 14:43:22.967 V/bt_stack( 8588): [VERBOSE1:btm_ble_gap.cc(1847)] btm_ble_process_adv_addr: bda=24:36:26:fc:bf:e5
09-01 14:43:22.967 V/bt_stack( 8588): [VERBOSE1:btm_ble_gap.cc(1923)] btm_ble_process_ext_adv_pkt: bda=05:d9:72:f7:0f:69
09-01 14:43:22.967 V/bt_stack( 8588): [VERBOSE1:btm_ble_gap.cc(1847)] btm_ble_process_adv_addr: bda=05:d9:72:f7:0f:69
09-01 14:43:22.969 D/BluetoothUtils( 8588): blockedByLocationOff callingUid=1002
09-01 14:43:22.969 I/BluetoothUtils( 8588): packagename is android.uid.bluetooth:1002 ,and its permission is false
09-01 14:43:22.969 D/BluetoothUtils( 8588): blockedByLocationOff callingUid=1002
09-01 14:43:22.970 I/BluetoothUtils( 8588): packagename is android.uid.bluetooth:1002 ,and its permission is false
09-01 14:43:22.970 D/BluetoothUtils( 8588): blockedByLocationOff callingUid=1002
09-01 14:43:22.970 I/BluetoothUtils( 8588): packagename is android.uid.bluetooth:1002 ,and its permission is false
09-01 14:43:22.971 D/BluetoothUtils( 8588): blockedByLocationOff callingUid=1002
09-01 14:43:22.972 I/BluetoothUtils( 8588): packagename is android.uid.bluetooth:1002 ,and its permission is false
09-01 14:43:22.972 D/BluetoothUtils( 8588): blockedByLocationOff callingUid=1002
09-01 14:43:22.972 I/BluetoothUtils( 8588): packagename is android.uid.bluetooth:1002 ,and its permission is false
09-01 14:43:22.972 D/BluetoothUtils( 8588): blockedByLocationOff callingUid=1002
09-01 14:43:22.973 I/BluetoothUtils( 8588): packagename is android.uid.bluetooth:1002 ,and its permission is false
09-01 14:43:22.976 V/bt_stack( 8588): [VERBOSE1:btm_ble_gap.cc(1923)] btm_ble_process_ext_adv_pkt: bda=35:45:bf:2c:e1:03
09-01 14:43:22.976 V/bt_stack( 8588): [VERBOSE1:btm_ble_gap.cc(1847)] btm_ble_process_adv_addr: bda=35:45:bf:2c:e1:03
09-01 14:43:22.978 D/BluetoothUtils( 8588): blockedByLocationOff callingUid=1002
09-01 14:43:22.978 I/BluetoothUtils( 8588): packagename is android.uid.bluetooth:1002 ,and its permission is false
