--------- beginning of main
09-01 14:30:45.446 D/OemNetd (  679): setLimit: disable, rate=0
09-01 14:30:45.447 I/chatty  ( 8588): uid=1002(bluetooth) btu message loo expire 17 lines
09-01 14:30:45.448 I/chatty  ( 8588): uid=1002(bluetooth) BT Service Call expire 184 lines
09-01 14:30:45.504 I/chatty  ( 8588): uid=1002(bluetooth) btu message loo expire 176 lines
09-01 14:30:45.560 I/appium  ( 8119): channel read invoked!
09-01 14:30:45.561 I/appium  ( 8119): channel read: GET /wd/hub/session/6bc493e8-63d1-4d52-9347-11257968596d/window/current/size
09-01 14:30:45.561 I/appium  ( 8119): Get window size of the device
09-01 14:30:45.566 I/appium  ( 8119): AppiumResponse: {"sessionId":"6bc493e8-63d1-4d52-9347-11257968596d","value":{"height":2210,"width":1080}}
09-01 14:30:45.594 I/appium  ( 8119): channel read invoked!
09-01 14:30:45.594 I/appium  ( 8119): channel read: GET /wd/hub/session/6bc493e8-63d1-4d52-9347-11257968596d/window/current/size
09-01 14:30:45.595 I/appium  ( 8119): Get window size of the device
09-01 14:30:45.600 I/appium  ( 8119): AppiumResponse: {"sessionId":"6bc493e8-63d1-4d52-9347-11257968596d","value":{"height":2210,"width":1080}}
09-01 14:30:45.618 I/appium  ( 8119): channel read invoked!
09-01 14:30:45.618 I/appium  ( 8119): channel read: GET /wd/hub/session/6bc493e8-63d1-4d52-9347-11257968596d/window/current/size
09-01 14:30:45.618 I/appium  ( 8119): Get window size of the device
09-01 14:30:45.622 I/appium  ( 8119): AppiumResponse: {"sessionId":"6bc493e8-63d1-4d52-9347-11257968596d","value":{"height":2210,"width":1080}}
09-01 14:30:45.659 I/appium  ( 8119): channel read invoked!
09-01 14:30:45.659 I/appium  ( 8119): channel read: POST /wd/hub/session/6bc493e8-63d1-4d52-9347-11257968596d/touch/perform
09-01 14:30:45.661 I/appium  ( 8119): JSON Payload : {"startX":540,"startY":221,"endX":540,"endY":1989,"steps":22}
09-01 14:30:45.722 I/chatty  ( 8588): uid=1002(bluetooth) BT Service Call expire 326 lines
09-01 14:30:45.922 I/chatty  ( 8588): uid=1002(bluetooth) btu message loo expire 188 lines
09-01 14:30:46.180 I/chatty  ( 8588): uid=1002(bluetooth) BT Service Call expire 160 lines
09-01 14:30:46.235 I/chatty  (19843): uid=1002 bluetooth@1.0-s expire 5 lines
09-01 14:30:46.362 D/NetworkController.MobileSignalController(1)(29730): 4G level = 5
09-01 14:30:46.449 I/chatty  ( 8588): uid=1002(bluetooth) BT Service Call expire 165 lines
09-01 14:30:46.463 I/chatty  ( 8588): uid=1002(bluetooth) btu message loo expire 178 lines
09-01 14:30:46.647 I/chatty  ( 8588): uid=1002(bluetooth) BT Service Call expire 317 lines
09-01 14:30:46.798 I/appium  ( 8119): AppiumResponse: {"sessionId":"6bc493e8-63d1-4d52-9347-11257968596d","value":null}
09-01 14:30:46.836 I/appium  ( 8119): channel read invoked!
09-01 14:30:46.837 I/appium  ( 8119): channel read: POST /wd/hub/session/6bc493e8-63d1-4d52-9347-11257968596d/element
09-01 14:30:46.839 I/appium  ( 8119): Find element command using 'id' with selector 'publisher_name'.
09-01 14:30:46.839 I/appium  ( 8119): Waiting up to 10000ms for device to be idle
09-01 14:30:46.848 I/chatty  ( 8588): uid=1002(bluetooth) btu message loo expire 198 lines
09-01 14:30:46.854 I/appium  ( 8119): AppiumResponse: {"sessionId":"6bc493e8-63d1-4d52-9347-11257968596d","value":{"ELEMENT":"803abbab-8ca3-43b9-8c30-b6c0b632b11d","element-6066-11e4-a52e-4f735466cecf":"803abbab-8ca3-43b9-8c30-b6c0b632b11d"}}
09-01 14:30:46.885 I/appium  ( 8119): channel read invoked!
09-01 14:30:46.885 I/appium  ( 8119): channel read: GET /wd/hub/session/6bc493e8-63d1-4d52-9347-11257968596d/element/803abbab-8ca3-43b9-8c30-b6c0b632b11d/attribute/text
09-01 14:30:46.886 I/appium  ( 8119): get attribute of element command
09-01 14:30:46.895 I/appium  ( 8119): AppiumResponse: {"sessionId":"6bc493e8-63d1-4d52-9347-11257968596d","value":"username3"}
09-01 14:30:46.908 I/appium  ( 8119): channel read invoked!
09-01 14:30:46.908 I/appium  ( 8119): channel read: GET /wd/hub/session/6bc493e8-63d1-4d52-9347-11257968596d/screenshot
09-01 14:30:46.908 I/appium  ( 8119): Capture screenshot command
09-01 14:30:47.034 I/hwservicemanager(  573): getTransport: Cannot find entry android.hardware.graphics.mapper@3.0::IMapper/default in either framework or device manifest.
09-01 14:30:47.035 W/Gralloc3( 8789): mapper 3.x is not supported
09-01 14:30:47.045 W/AdrenoUtils( 8789): <ReadGpuID_from_sysfs:194>: Failed to open /sys/class/kgsl/kgsl-3d0/gpu_model
09-01 14:30:47.045 W/AdrenoUtils( 8789): <ReadGpuID:218>: Failed to read chip ID from gpu_model. Fallback to use the GSL path
09-01 14:30:47.040 W/screencap( 8789): type=1400 audit(0.0:63813): avc: denied { search } for name="kgsl" dev="sysfs" ino=55624 scontext=u:r:shell:s0 tcontext=u:object_r:sysfs_kgsl:s0 tclass=dir permissive=0
09-01 14:30:47.081 I/chatty  ( 8588): uid=1002(bluetooth) BT Service Call expire 318 lines
09-01 14:30:47.286 I/chatty  ( 8588): uid=1002(bluetooth) btu message loo expire 200 lines
09-01 14:30:47.470 I/chatty  ( 8588): uid=1002(bluetooth) BT Service Call expire 149 lines
09-01 14:30:47.538 I/chatty  (19843): uid=1002 bluetooth@1.0-s expire 5 lines
09-01 14:30:47.689 I/chatty  ( 8588): uid=1002(bluetooth) BT Service Call expire 166 lines
09-01 14:30:47.691 I/chatty  ( 8588): uid=1002(bluetooth) btu message loo expire 191 lines
09-01 14:30:47.700 I/MiuiNetworkPolicy( 1639): bandwidth: 0 KB/s, Max bandwidth: 3727 KB/s
09-01 14:30:47.805 I/appium  ( 8119): AppiumResponse: {"sessionId":"6bc493e8-63d1-4d52-9347-11257968596d","value":"iVBORw0KGgoAAAANSUhEUgAABDgAAAkkCAYAAAD508+vAAAAAXNSR0IArs4c6QAAAARzQklUCAgI\nCHwIZIgAACAASURBVHic7N15fEzn\/gfwz5nMZJPElpBICEGU5tq3qGvpQl2\/LrYuaiuKLpQ2GhS1\n1n6r9lb13lbrIqWllt6WXjRUNfYlFCUlCVmE7Mks5\/fHzJmck5kkk8xkmfi8Xy+VOXOW5yjJzGe+\...
09-01 14:30:47.906 I/chatty  ( 8588): uid=1002(bluetooth) BT Service Call expire 303 lines
09-01 14:30:48.131 I/chatty  ( 8588): uid=1002(bluetooth) btu message loo expire 162 lines
09-01 14:30:48.192 I/appium  ( 8119): channel read invoked!
09-01 14:30:48.192 I/appium  ( 8119): channel read: POST /wd/hub/session/6bc493e8-63d1-4d52-9347-11257968596d/element
09-01 14:30:48.192 I/appium  ( 8119): Find element command using 'id' with selector 'com.xiaomi.hm.health:id/back'.
09-01 14:30:48.193 I/appium  ( 8119): Waiting up to 10000ms for device to be idle
09-01 14:30:48.204 I/appium  ( 8119): AppiumResponse: {"sessionId":"6bc493e8-63d1-4d52-9347-11257968596d","value":{"ELEMENT":"8de7edca-590f-43a3-b40d-6ca7ea0b1856","element-6066-11e4-a52e-4f735466cecf":"8de7edca-590f-43a3-b40d-6ca7ea0b1856"}}
09-01 14:30:48.206 D/StackScroller(29730): applyCurrentState
09-01 14:30:48.235 I/appium  ( 8119): channel read invoked!
09-01 14:30:48.235 I/appium  ( 8119): channel read: POST /wd/hub/session/6bc493e8-63d1-4d52-9347-11257968596d/element/8de7edca-590f-43a3-b40d-6ca7ea0b1856/click
09-01 14:30:48.236 I/appium  ( 8119): Click element command
09-01 14:30:48.261 D/ActivityTrigger( 1639): ActivityTrigger activityPauseTrigger 
09-01 14:30:48.268 I/appium  ( 8119): Waiting up to 10000ms for device to be idle
09-01 14:30:48.269 I/appium  ( 8119): AppiumResponse: {"sessionId":"6bc493e8-63d1-4d52-9347-11257968596d","value":null}
--------- beginning of system
09-01 14:30:48.274 D/WindowManager( 1639): Input focus has changed to null
09-01 14:30:48.276 I/Timeline( 1639): Timeline: App_transition_ready time:211414293
09-01 14:30:48.280 W/memtrack@1.0-se(  787): type=1400 audit(0.0:63814): avc: denied { search } for name="kgsl" dev="sysfs" ino=55624 scontext=u:r:hal_memtrack_default:s0 tcontext=u:object_r:sysfs_kgsl:s0 tclass=dir permissive=0
09-01 14:30:48.280 W/memtrack@1.0-se(  787): type=1400 audit(0.0:63815): avc: denied { search } for name="kgsl" dev="sysfs" ino=55624 scontext=u:r:hal_memtrack_default:s0 tcontext=u:object_r:sysfs_kgsl:s0 tclass=dir permissive=0
09-01 14:30:48.295 I/appium  ( 8119): channel read invoked!
09-01 14:30:48.295 I/appium  ( 8119): channel read: DELETE /wd/hub/session/6bc493e8-63d1-4d52-9347-11257968596d
09-01 14:30:48.297 D/RecentsImpl( 7676): mActivityStateObserver com.huami.fittime.ui.profile.ProfileActivity
09-01 14:30:48.298 I/appium  ( 8119): Delete session command
09-01 14:30:48.300 I/appium  ( 8119): Stopping uiautomator2 io.appium.uiautomator2.http io.appium.uiautomator2.server
09-01 14:30:48.303 I/appium  ( 8119): AppiumResponse: {"sessionId":"6bc493e8-63d1-4d52-9347-11257968596d","value":null}
09-01 14:30:48.305 W/AsyncHttpResponse( 8179): Current thread has not called Looper.prepare().Forcing synchronous mode
09-01 14:30:48.306 I/Timeline( 1639): Timeline: App_transition_ready time:211414323
09-01 14:30:48.306 D/WindowManager( 1639): Input focus has changed to Window{154610c u0 com.xiaomi.hm.health/com.huami.fittime.ui.profile.ProfileActivity}
09-01 14:30:48.325 I/Timeline( 1639): Timeline: App_transition_ready time:211414342
09-01 14:30:48.336 I/SplashScreenServiceDelegate( 1639): None for com.xiaomi.hm.health
09-01 14:30:48.337 I/chatty  ( 8588): uid=1002(bluetooth) BT Service Call expire 97 lines
09-01 14:30:48.344 V/AsyncHttpResponse( 8179): Progress 866 from 866 (100%)
09-01 14:30:48.365 I/ActivityManager( 1639): Force stopping com.xiaomi.hm.health appid=10241 user=0: from process:8814
09-01 14:30:48.366 I/ActivityManager( 1639): Killing 8179:com.xiaomi.hm.health/u0a241 (adj 0): stop com.xiaomi.hm.health: from process:8814
09-01 14:30:48.368 I/hwservicemanager(  573): getTransport: Cannot find entry vendor.qti.hardware.servicetracker@1.0::IServicetracker/default in either framework or device manifest.
09-01 14:30:48.373 I/ProcessManager( 1639): remove no clear notification:StatusBarNotification(pkg=com.xiaomi.hm.health user=UserHandle{0} id=4 tag=null key=0|com.xiaomi.hm.health|4|null|10241: Notification(channel=O000Oo0 pri=0 contentView=null vibrate=null sound=null defaults=0x0 flags=0x62 color=0xffff5a00 vis=PRIVATE))
09-01 14:30:48.372 I/hwservicemanager(  573): getTransport: Cannot find entry vendor.qti.hardware.servicetracker@1.0::IServicetracker/default in either framework or device manifest.
09-01 14:30:48.373 W/PushService( 5479): 2020-08-31 23:30:48,373 - [WARN::PushService] - GROUPSUMMARY  : 0onNotificationRemovedcom.xiaomi.hm.health
09-01 14:30:48.374 I/hwservicemanager(  573): getTransport: Cannot find entry vendor.qti.hardware.servicetracker@1.0::IServicetracker/default in either framework or device manifest.
09-01 14:30:48.375 I/AutoStartManagerService( 1639): MIUILOG- Reject RestartService packageName :com.xiaomi.hm.health uid : 10241
09-01 14:30:48.377 W/PushService( 5479): 2020-08-31 23:30:48,376 - [WARN::PushService] - GROUPSUMMARY  : 0onNotificationRemovedcom.xiaomi.hm.health
09-01 14:30:48.379 D/StatusBar(29730): onNotificationRemoved key=0|com.xiaomi.hm.health|4|null|10241 reason=8
09-01 14:30:48.380 I/hwservicemanager(  573): getTransport: Cannot find entry vendor.qti.hardware.servicetracker@1.0::IServicetracker/default in either framework or device manifest.
09-01 14:30:48.382 D/IMReply:Notif(22367): onNotificationPosted onNotificationRemoved sbn = 4
09-01 14:30:48.382 W/ActivityTaskManager( 1639): Force removing ActivityRecord{580c6d2 u0 com.xiaomi.hm.health/com.huami.fittime.ui.post.PostDetailActivity t483 f}: app died, no saved state
09-01 14:30:48.382 W/WindowManager( 1639): AppToken= AppWindowToken{22bf6a0 token=Token{cd4d3a3 ActivityRecord{580c6d2 u0 com.xiaomi.hm.health/com.huami.fittime.ui.post.PostDetailActivity t483}}} mIsExiting=is animating, remove from display after animation done.
09-01 14:30:48.382 W/ActivityTaskManager( 1639): Force removing ActivityRecord{1deb657 u0 com.xiaomi.hm.health/com.huami.fittime.ui.profile.ProfileActivity t483 f}: app died, no saved state
09-01 14:30:48.383 W/WindowManager( 1639): AppToken= AppWindowToken{2f3362d token=Token{5ac5544 ActivityRecord{1deb657 u0 com.xiaomi.hm.health/com.huami.fittime.ui.profile.ProfileActivity t483}}} mIsExiting=is animating, remove from display after animation done.
09-01 14:30:48.383 W/ActivityTaskManager( 1639): Force removing ActivityRecord{b4e4a4a u0 com.xiaomi.hm.health/.activity.MainTabActivity t483 f}: app died, no saved state
09-01 14:30:48.386 D/WindowManager( 1639): Input focus has changed to null
09-01 14:30:48.388 D/StatusBar(29730): removeNotification StatusBarNotification(pkg=com.xiaomi.hm.health user=UserHandle{0} id=4 tag=null key=0|com.xiaomi.hm.health|4|null|10241: Notification(channel=O000Oo0 pri=0 contentView=null vibrate=null sound=null defaults=0x0 flags=0x62 color=0xffff5a00 vis=PRIVATE))
09-01 14:30:48.388 D/StatusBar(29730):     pkgName=com.xiaomi.hm.health appUid=10241 sdk=29 imp=2 sysApp=F priApp=F hasShown=F float=F keyguard=F peek=F fullscreen=F
09-01 14:30:48.388 D/StatusBar(29730):     showMiuiAction=F enableFloat=T enableKeyguard=T floatTime=5000 messageCount=1 persistent=F customHeight=F
09-01 14:30:48.389 D/StatusBar(29730): update app badge num: com.xiaomi.hm.health/,num=0,isAllowed=false,userId=0
09-01 14:30:48.394 D/PowerKeeper( 6417): PerfEngineController:ForegroundInfo{mForegroundPackageName='com.miui.home', mForegroundUid=10090, mForegroundPid=7676, mLastForegroundPackageName='com.xiaomi.hm.health', mLastForegroundUid=10241, mLastForegroundPid=8179, mMultiWindowForegroundPackageName='null', mMultiWindowForegroundUid=-1, mFlags=0}
09-01 14:30:48.395 D/PowerKeeper( 6417): PowerStateMachine:Enter power state id=3 name=home
09-01 14:30:48.395 I/ProcessMonitor( 5237): onForegroundInfoChanged: ForegroundInfo{mForegroundPackageName='com.miui.home', mForegroundUid=10090, mForegroundPid=7676, mLastForegroundPackageName='com.xiaomi.hm.health', mLastForegroundUid=10241, mLastForegroundPid=8179, mMultiWindowForegroundPackageName='null', mMultiWindowForegroundUid=-1, mFlags=0}
09-01 14:30:48.395 I/GameBoosterService( 5237): onForegroundInfoChanged: Cur=com.miui.home	 last=com.xiaomi.hm.health
09-01 14:30:48.396 I/Timeline( 1639): Timeline: App_transition_ready time:211414412
09-01 14:30:48.396 I/octvm_power( 3400): power mode [home] start 1598941848
09-01 14:30:48.396 I/octvm_drv( 3400): common drv: get_current_battery_uAh will return 0
09-01 14:30:48.396 D/ProcessObserver( 6417): onScreenAppChanged, FgUid: 10090, FgPackageName: com.miui.home
09-01 14:30:48.396 I/octvm_power( 3400): Action: set_bcbc_cust_state(disable) for [foreground_change]
09-01 14:30:48.396 D/ProcessObserver( 6417): onScreenAppChanged, PreTaskUid: 10241, PreTaskPackageName: com.xiaomi.hm.health
09-01 14:30:48.396 D/ProcessObserver( 6417): Uid: 10090 Foreground
09-01 14:30:48.397 D/AppActiveChecker( 6417): updateDownloadStateForFgUidChangedLocked, mScreenOn = true uid = 10090 foreground = true
09-01 14:30:48.397 D/AppActiveChecker( 6417): updateAppActiveStateForUidLocked, uid = 10090 appActiveState = 0
09-01 14:30:48.397 D/DeviceIdleAppRuleChecker( 6417): updateStateForInteractiveUidChangedLocked: uid = 10090 foreground = true
09-01 14:30:48.397 W/RecentsModel( 7676): onTaskStackChangedBackground: start loading
09-01 14:30:48.397 D/KillProcessAppRuleChecker( 6417): updateStateForInteractiveUidChangedLocked: uid = 10090 foreground = true
09-01 14:30:48.397 D/HideModeStateMachine( 6417): updateForForegroundUidChangedLocked: uid = 10090 foreground = true
09-01 14:30:48.397 I/HideModeStateMachine( 6417): Uid: 10090 State: inactive_level_1st |-> setForegroundActive
09-01 14:30:48.397 I/HideModeStateMachine( 6417): Uid: 10090 State: inactive_level_1st Feature: location |-> setSubStateForegroundActive
09-01 14:30:48.397 I/HideModeStateMachine( 6417): Uid: 10090 State: inactive_level_1st Feature: sensor |-> setSubStateForegroundActive
09-01 14:30:48.397 D/PowerCheckerService( 6417): updateForFgUidChangedLocked, mScreenOn = true uid = 10090 foreground = true
09-01 14:30:48.397 I/HideModeStateMachine( 6417): Uid: 10090 State: inactive_level_1st Feature: appIdle |-> setSubStateForegroundActive
09-01 14:30:48.397 I/HideModeStateMachine( 6417): Uid: 10090 State: active |-> setForegroundActive
09-01 14:30:48.398 D/ActiveStateController( 6417): updateStateForFgUidChangedLocked: uid = 10090 foreground = true
09-01 14:30:48.398 D/PowerChecker.BaStats( 6417): uid = 10090, uidForeground = true, lastBytes = 39165, curBytes = 39165, deltaBytes = 0
09-01 14:30:48.398 D/DisplayFeatureHal(  825): setFeatureEnable(displayId=0 caseId=18 modeId=0 cookie=0)
09-01 14:30:48.398 D/DisplayFeatureHal(  825): current wcg state 0, setting to 0
09-01 14:30:48.398 D/DisplayFeatureHal(  825): notifySFWcgState enable = 0
09-01 14:30:48.399 W/RecentsModel( 7676): getTaskInfoIgnoreHomeAndSplit   taskInfo=ComponentInfo{com.android.settings/com.android.settings.MainSettings}
09-01 14:30:48.399 I/SDM     (  784): CoreInterface::SetWCGStatus: SetWCGStatus wcg enable 0
09-01 14:30:48.399 D/DisplayFeatureHal(  825): notifyQservice cmd 48 value 0 ret 0
09-01 14:30:48.399 D/GameBoosterService( 5237): onGameStatusChange foreground:ForegroundInfo{mForegroundPackageName='com.miui.home', mForegroundUid=10090, mForegroundPid=7676, mLastForegroundPackageName='com.xiaomi.hm.health', mLastForegroundUid=10241, mLastForegroundPid=8179, mMultiWindowForegroundPackageName='null', mMultiWindowForegroundUid=-1, mFlags=0}
09-01 14:30:48.399 I/GameBoosterService( 5237): onForegroundInfoChanged: Exit
09-01 14:30:48.399 W/RecentsModel( 7676): getTaskInfoIgnoreHomeAndFreeform   taskInfo=ComponentInfo{com.android.settings/com.android.settings.MainSettings}
09-01 14:30:48.400 I/VideoBoxUtils( 5237): isSupportVideoBox: false
09-01 14:30:48.400 W/RecentsModel( 7676): getTaskInfoIgnoreFreeform   taskInfo=ComponentInfo{com.miui.home/com.miui.home.launcher.Launcher}
09-01 14:30:48.400 I/VideoToolBoxService( 5237): onForegroundInfoChanged: Exit Vtb
09-01 14:30:48.400 W/RecentsModel( 7676): onTaskStackChangedBackground: finishLoading loading
09-01 14:30:48.401 D/DisplayFeatureHal(  825): HandleBCBCCustom  enable:0
09-01 14:30:48.401 I/octvm_drv_xm( 3400): platform_set_bcbc_cust_state disable success
09-01 14:30:48.401 I/octvm_power( 3400): Action: set_dfps_cust_state(disable) for [foreground_change]
09-01 14:30:48.401 I/octvm_drv( 3400): common drv: platform_set_dfps_cust_state -> platform not support
09-01 14:30:48.401 I/octvm_power( 3400): Action: set_lcd_mode(default) for [foreground_change]
09-01 14:30:48.402 I/Timeline( 1639): Timeline: App_transition_ready time:211414419
09-01 14:30:48.404 I/set_top_app( 1639): success /proc/7676/top_app:1
09-01 14:30:48.404 I/set_top_app( 1639): success /proc/13261/top_app:2
09-01 14:30:48.406 I/chatty  ( 8588): uid=1002(bluetooth) BluetoothScanMa expire 11 lines
09-01 14:30:48.408 I/Timeline( 1639): Timeline: App_transition_ready time:211414425
09-01 14:30:48.408 I/chatty  (19843): uid=1002 bluetooth@1.0-s expire 1 line
09-01 14:30:48.408 I/MiuiNetworkPolicy( 1639): removeUidState uid = 10241
09-01 14:30:48.408 I/MiuiNetworkPolicy( 1639): updateWmmForUidState uid: 10241 state: 20 wmm: 0
09-01 14:30:48.408 I/chatty  (19843): uid=1002 bluetooth@1.0-s expire 2 lines
09-01 14:30:48.408 D/DisplayFeatureHal(  825): setFeatureEnable(displayId=0 caseId=7 modeId=1 cookie=0)
09-01 14:30:48.408 D/DisplayFeatureHal(  825): current wcg state 0, setting to 0
09-01 14:30:48.408 D/DisplayFeatureHal(  825): notifySFWcgState enable = 0
09-01 14:30:48.408 D/OemNetd (  679): updateWmm: uid=10241, wmm=0
09-01 14:30:48.409 D/Launcher.Lifecycle( 7676): onStart:UserHandle{0},93e149d,false
09-01 14:30:48.409 I/SDM     (  784): CoreInterface::SetWCGStatus: SetWCGStatus wcg enable 0
09-01 14:30:48.409 D/DisplayFeatureHal(  825): notifyQservice cmd 48 value 0 ret 0
09-01 14:30:48.409 D/DisplayFeatureHal(  825): HandleCabcModeCustom enter 1 0
09-01 14:30:48.409 W/DisplayFeatureHal(  825): ---skip setting acl feature currently, return!
09-01 14:30:48.409 D/DisplayFeatureHal(  825): HandleCabcModeCustom exit 0x1000
09-01 14:30:48.409 I/octvm_drv_xm( 3400): platform_set_lcd_mode default(1) success
09-01 14:30:48.409 I/octvm_power( 3400): Action: set_thermal_config(restore) for [foreground_change]
09-01 14:30:48.409 I/octvm_drv( 3400): platform_set_thermal_mode cur_global_config:[], target mode:[restore], profile=0, ret=0
09-01 14:30:48.410 I/octvm_drv( 3400): common drv: get_current_battery_uAh will return 0
09-01 14:30:48.410 I/octvm_power( 3400): onPowerModeChanged[home] called
09-01 14:30:48.411 D/OemNetd (  679): whiteListUid: uid=10241, wmm=del
09-01 14:30:48.411 I/RenderThread( 7676): RenderThread resumed
09-01 14:30:48.411 D/ScreenElementRoot( 7676): resume
09-01 14:30:48.412 I/MiuiNetworkPolicy( 1639): updateMLUid uid:10241,old:2,new:20
09-01 14:30:48.413 I/MiuiNetworkPolicy( 1639): isMLEnabled state:2,uid:10241,connect:DISCONNECTED
09-01 14:30:48.413 I/MiuiNetworkPolicy( 1639): isMLEnabled state:20,uid:10241,connect:DISCONNECTED
09-01 14:30:48.413 I/MiuiNetworkPolicy( 1639): updateUidState uid = 10173, uidState = 6
09-01 14:30:48.413 I/MiuiNetworkPolicy( 1639): updateMLUid uid:10173,old:4,new:6
09-01 14:30:48.413 I/MiuiNetworkPolicy( 1639): isMLEnabled state:4,uid:10173,connect:DISCONNECTED
09-01 14:30:48.413 I/MiuiNetworkPolicy( 1639): isMLEnabled state:6,uid:10173,connect:DISCONNECTED
09-01 14:30:48.413 I/MiuiNetworkPolicy( 1639): updateUidState uid = 10121, uidState = 4
09-01 14:30:48.413 D/OemNetd (  679): whiteListUid: uid=10121, wmm=add
09-01 14:30:48.414 I/hwservicemanager(  573): getTransport: Cannot find entry vendor.qti.hardware.servicetracker@1.0::IServicetracker/default in either framework or device manifest.
09-01 14:30:48.415 I/MiuiNetworkPolicy( 1639): updateMLUid uid:10121,old:6,new:4
09-01 14:30:48.415 I/MiuiNetworkPolicy( 1639): isMLEnabled state:6,uid:10121,connect:DISCONNECTED
09-01 14:30:48.415 I/MiuiNetworkPolicy( 1639): isMLEnabled state:4,uid:10121,connect:DISCONNECTED
09-01 14:30:48.415 I/MiuiNetworkPolicy( 1639): updateUidState uid = 10090, uidState = 2
09-01 14:30:48.415 I/MiuiNetworkPolicy( 1639): updateWmmForUidState uid: 10090 state: 2 wmm: 1
09-01 14:30:48.415 D/OemNetd (  679): updateWmm: uid=10090, wmm=1
09-01 14:30:48.416 D/OemNetd (  679): whiteListUid: uid=10090, wmm=add
09-01 14:30:48.417 I/MiuiNetworkPolicy( 1639): updateMLUid uid:10090,old:6,new:2
09-01 14:30:48.417 I/MiuiNetworkPolicy( 1639): isMLEnabled state:6,uid:10090,connect:DISCONNECTED
09-01 14:30:48.417 I/MiuiNetworkPolicy( 1639): isMLEnabled state:2,uid:10090,connect:DISCONNECTED
09-01 14:30:48.424 E/PhoneInterfaceManager( 2698): [PhoneIntfMgr] getCarrierPackageNamesForIntent: No UICC
09-01 14:30:48.424 D/CarrierSvcBindHelper( 2698): No carrier app for: 0
09-01 14:30:48.426 D/CarrierSvcBindHelper( 2698): No carrier app for: 1
09-01 14:30:48.430 D/Launcher.Lifecycle( 7676): onResume:UserHandle{0},93e149d,false
09-01 14:30:48.430 W/ActivityManager( 1639): Sending non-protected broadcast android.intent.action.APPLICATION_MESSAGE_UPDATE from system 29730:com.android.systemui/1000 pkg com.android.systemui. Callers=
09-01 14:30:48.430 D/RegisteredServicesCache( 4689):  Reading service state data always from file
09-01 14:30:48.430 D/Launcher.XOutUtils( 7676): canRecommendScreenShow, isShowXout=false
09-01 14:30:48.430 D/Launcher.RecommendController( 7676): don't request, because recommend screen can't show
09-01 14:30:48.430 D/Launcher.RecommendController( 7676): folder display and try to request recommend list
09-01 14:30:48.430 D/RegisteredServicesCache( 4689): ServiceStateFileVersion=1.0
09-01 14:30:48.430 E/RegisteredServicesCache( 4689): Next Tag=services
09-01 14:30:48.430 V/UidProcStateHelper( 1639): foreground changed:[7676,10090,true]
09-01 14:30:48.430 I/CloudSettingsProvider(22222): uriMatch : 2
09-01 14:30:48.431 E/RegisteredServicesCache( 4689): 1invalidateCache:WriteServiceStateToFile
09-01 14:30:48.431 D/ProcessObserver( 6417): onForegroundActivitiesChanged, pid: 7676 uid: 10090 foregroundActivities: true
09-01 14:30:48.431 E/RegisteredServicesCache( 4689):  Writing service state Data Always
09-01 14:30:48.431 V/UidProcStateHelper( 1639): process died:[8179,10241]
09-01 14:30:48.431 D/StatusBarClockController( 7676): show status bar clock
09-01 14:30:48.432 D/StackScroller(29730): applyCurrentState
09-01 14:30:48.432 I/NotifierManager( 7676): onRegister: miui.maml.NotifierManager$MultiBroadcastNotifier@bb30fa3
09-01 14:30:48.433 D/ScreenElementRoot( 7676): resume
09-01 14:30:48.433 D/ProcessObserver( 6417): Uid: 10241 Background
09-01 14:30:48.434 D/ProcessObserver( 6417): Uid: 10241 foreground service removed 
09-01 14:30:48.434 D/PowerCheckerService( 6417): updateForFgUidChangedLocked, mScreenOn = true uid = 10241 foreground = false
09-01 14:30:48.435 D/PowerChecker.BaStats( 6417): uid = 10241, uidForeground = false, lastBytes = 59492848, curBytes = 64513091, deltaBytes = 5020243
09-01 14:30:48.435 D/StatusBar(29730): recevie broadbcast ACTION_APPLICATION_MESSAGE_QUERY, requestFirstTime=false
09-01 14:30:48.435 D/EventBus(29730): [29730, u0] send(AppTransitionFinishedEvent)
09-01 14:30:48.435 D/EventBus(29730): [29730, u0]  -> ForcedResizableInfoActivityController [0xc4c1163, P1] onBusEvent(AppTransitionFinishedEvent)
09-01 14:30:48.435 D/EventBus(29730): [29730, u0] onBusEvent(AppTransitionFinishedEvent) duration: 11 microseconds, avg: 35
09-01 14:30:48.437 D/Layer   (  881): ---setAlpha Launcher=1.000000
09-01 14:30:48.437 I/Timeline( 1639): Timeline: App_transition_ready time:211414454
09-01 14:30:48.437 D/WindowManager( 1639): Input focus has changed to Window{fa1ce05 u0 com.miui.home/com.miui.home.launcher.Launcher}
09-01 14:30:48.441 D/AppActiveChecker( 6417): updateDownloadStateForFgUidChangedLocked, mScreenOn = true uid = 10241 foreground = false
09-01 14:30:48.442 D/AppActiveChecker( 6417): sendMessageDelayed: uid = 10241 delayMillis = 180000 elapsedRealtime = 595769771
09-01 14:30:48.442 D/AppActiveChecker( 6417): updateAppActiveStateForUidLocked, uid = 10241 appActiveState = 0
09-01 14:30:48.442 D/DeviceIdleAppRuleChecker( 6417): updateStateForInteractiveUidChangedLocked: uid = 10241 foreground = false
09-01 14:30:48.442 D/KillProcessAppRuleChecker( 6417): updateStateForInteractiveUidChangedLocked: uid = 10241 foreground = false
09-01 14:30:48.442 D/HideModeStateMachine( 6417): updateForForegroundUidChangedLocked: uid = 10241 foreground = false
09-01 14:30:48.442 I/HideModeStateMachine( 6417): Uid: 10241 State: inactive_level_1st |-> startRun
09-01 14:30:48.442 I/HideModeStateMachine( 6417): Uid: 10241 State: inactive_level_1st Feature: location |-> startRun
09-01 14:30:48.442 I/HideModeStateMachine( 6417): Uid: 10241 State: inactive_level_1st Feature: location |-> setActive
09-01 14:30:48.442 I/HideModeStateMachine( 6417): Uid: 10241 State: inactive_level_1st Feature: sensor |-> startRun
09-01 14:30:48.442 I/HideModeStateMachine( 6417): Uid: 10241 State: inactive_level_1st Feature: sensor |-> setActive
09-01 14:30:48.442 I/HideModeStateMachine( 6417): Uid: 10241 State: inactive_level_1st Feature: appIdle |-> startRun
09-01 14:30:48.442 I/HideModeStateMachine( 6417): Uid: 10241 State: inactive_level_1st Feature: appIdle |-> setActive
09-01 14:30:48.442 D/ActiveStateController( 6417): updateStateForFgUidChangedLocked: uid = 10241 foreground = false
09-01 14:30:48.442 D/ActiveStateController( 6417): updateRuleForUidLocked, uid = 10241 property = 32
09-01 14:30:48.444 D/PowerKeeperConfigureProvider( 6417): appActiveTable insert 566
09-01 14:30:48.447 I/CloudSettingsProvider(22222): uriMatch : 2
09-01 14:30:48.449 D/ActivityUtils(22367): packageNameComponentInfo{com.miui.home/com.miui.home.launcher.Launcher}
09-01 14:30:48.451 D/Layer   (  881): ---setAlpha Launcher=1.000000
09-01 14:30:48.451 D/HideModeStateMachine( 6417): updateForForegroundServiceUidChangedLocked: uid = 10241 foreground = false
09-01 14:30:48.451 D/ActiveStateController( 6417): updateStateForUidActiveChangedLocked, uid: 10241 active: false
09-01 14:30:48.451 D/ActiveStateController( 6417): updateRuleForUidLocked, uid = 10241 property = 0
09-01 14:30:48.452 D/PowerKeeperConfigureProvider( 6417): appActiveTable insert 567
09-01 14:30:48.452 D/Layer   (  881): ---setAlpha Launcher=1.000000
09-01 14:30:48.452 I/Timeline( 1639): Timeline: App_transition_ready time:211414469
09-01 14:30:48.455 D/ActiveStateController( 6417): updateStateForUidActiveChangedLocked, uid: 10241 active: true
09-01 14:30:48.455 D/ActiveStateController( 6417): updateRuleForUidLocked, uid = 10241 property = 32
09-01 14:30:48.455 D/PowerKeeperConfigureProvider( 6417): appActiveTable insert 568
09-01 14:30:48.456 D/ScreenView_MultiSeekBarIndicator( 7676): dispatchDraw:0
09-01 14:30:48.456 D/ScreenView_Workspace( 7676): dispatchDraw:1080
09-01 14:30:48.457 E/RegisteredAidCache( 4689): updateRoutingLocked(): enter...
09-01 14:30:48.457 D/NfcService( 4689): defaultMifareCLTRoute : 315
09-01 14:30:48.457 D/RegisteredAidCache( 4689):  AID power stateB0693789675600247817route0
09-01 14:30:48.457 D/ScreenView_HotSeats( 7676): dispatchDraw:0
09-01 14:30:48.457 D/NfcService( 4689): defaultAidRoute : 315
09-01 14:30:48.457 D/NfcService( 4689): GetDefaultRouteLoc  :1
09-01 14:30:48.458 D/ScreenView_MinusOneScreenView( 7676): dispatchDraw:1080
09-01 14:30:48.458 D/NfcService( 4689): defaultAidRoute : 315
09-01 14:30:48.458 D/NfcService( 4689): GetDefaultRouteLoc  :1
09-01 14:30:48.458 E/AidRoutingManager( 4689): Size of routing table970
09-01 14:30:48.458 E/RegisteredAidCache( 4689): updateRoutingLocked(): exit...
09-01 14:30:48.462 D/RegisteredNfcFServicesCache( 4689): Service unchanged, not updating
09-01 14:30:48.465 D/MSF.D.QLog(25307): QLog clear logs
09-01 14:30:48.466 D/Layer   (  881): ---setAlpha Launcher=1.000000
09-01 14:30:48.468 D/BufferQueueLayer(  881): Launcher new frame Arrived
09-01 14:30:48.469 I/Launcher.ApplicationsMessage( 7676): onReceive false
09-01 14:30:48.469 I/Launcher.ApplicationsMessage( 7676): update com.xiaomi.hm.health/ to null
09-01 14:30:48.469 D/Launcher_WallpaperUtils( 7676): changeStatusBarMode:false
09-01 14:30:48.469 D/RecentsImpl( 7676): mActivityStateObserver com.miui.home.launcher.Launcher
09-01 14:30:48.469 D/Launcher.Lifecycle( 7676): onWindowFocusChanged:true,UserHandle{0},93e149d,false
09-01 14:30:48.469 D/Launcher_UnlockAnimationStateMachine( 7676): onWindowFocus:IDLE
09-01 14:30:48.470 D/MiWallpaper-MarsSuperWallpaper( 2503): Engine onOffsetsChanged super wallpaper-xOffset=1.0;yOffset=0.0;xOffsetStep=1.0;yOffsetStep=0.0;xPixelOffset=-1260;yPixelOffset=0
09-01 14:30:48.470 D/MiWallpaper-MarsSuperWallpaper( 2503): Engine onVisibilityChanged, visible: true mIsPreview = false
09-01 14:30:48.470 W/Unity   ( 2503): Not running Unity from an Activity; ignored...
09-01 14:30:48.470 D/MiWallpaper-MarsSuperWallpaper( 2503): unityResume
09-01 14:30:48.470 D/Layer   (  881): ---setAlpha Launcher=1.000000
09-01 14:30:48.471 D/AudioManager( 2503): getStreamVolume isRestricted mode = 0
09-01 14:30:48.472 D/FeedSwipeController( 7676): touchState : 0 scrolling : false normalEditing : false WidgetThumbnailViewShowing : false UninstallDialogShowing : false isMinusScreenShowing: false
09-01 14:30:48.473 I/Timeline( 1639): Timeline: App_transition_ready time:211414490
09-01 14:30:48.474 D/Layer   (  881): ---setAlpha Launcher=1.000000
09-01 14:30:48.474 D/StatusBar(29730): disable<e i a s b h r c s > disable2<q i n g r >
09-01 14:30:48.475 W/InputMethodManagerService( 1639): Got RemoteException sending setActive(false) notification to pid 8179 uid 10241
09-01 14:30:48.477 D/PhoneStatusBar/NavigationBarView(29730): setDisabledFlags back:false home:false recent:false
09-01 14:30:48.477 D/StatusBarClock(29730):  isNormalMode= true clock visible=true
09-01 14:30:48.480 I/SplashScreenServiceDelegate( 1639): None for com.miui.home
09-01 14:30:48.483 D/PhoneStatusBar/NavigationBarView(29730): onDraw
09-01 14:30:48.489 W/RecentsModel( 7676): onTaskStackChangedBackground: start loading
09-01 14:30:48.489 W/RecentsModel( 7676): getTaskInfoIgnoreHomeAndSplit   taskInfo=ComponentInfo{com.android.settings/com.android.settings.MainSettings}
09-01 14:30:48.490 W/RecentsModel( 7676): getTaskInfoIgnoreHomeAndFreeform   taskInfo=ComponentInfo{com.android.settings/com.android.settings.MainSettings}
09-01 14:30:48.490 W/RecentsModel( 7676): getTaskInfoIgnoreFreeform   taskInfo=ComponentInfo{com.miui.home/com.miui.home.launcher.Launcher}
09-01 14:30:48.490 W/RecentsModel( 7676): onTaskStackChangedBackground: finishLoading loading
09-01 14:30:48.493 V/SettingsProvider( 1639): Notifying for 0: content://settings/global/hidden_api_policy_pre_p_apps
09-01 14:30:48.500 W/Unity   ( 2503): Not running Unity from an Activity; ignored...
09-01 14:30:48.501 I/sensors-hal(  791): flush:209, android.sensor.accelerometer/56
09-01 14:30:48.502 D/FOD     (  881): Launcher Changed hasLauncher=1
09-01 14:30:48.504 I/sensors-hal(  791): flush:215, android.sensor.accelerometer/56 completed
09-01 14:30:48.505 I/sensors-hal(  791): batch:180, android.sensor.accelerometer/56, period=20000000, max_latency=0
09-01 14:30:48.506 I/sensors-hal(  791): batch:189, android.sensor.accelerometer/56, period=20000000, max_latency=0 request completed
09-01 14:30:48.511 V/MediaRouter( 2503): Selecting route: RouteInfo{ name=手机, description=null, status=null, category=RouteCategory{ name=系统 types=ROUTE_TYPE_LIVE_AUDIO ROUTE_TYPE_LIVE_VIDEO  groupable=false }, supportedTypes=ROUTE_TYPE_LIVE_AUDIO ROUTE_TYPE_LIVE_VIDEO , presentationDisplay=null }
09-01 14:30:48.511 I/chatty  ( 8588): uid=1002(bluetooth) BluetoothAvrcpH expire 87 lines
09-01 14:30:48.514 W/InputDispatcher( 1639): channel '154610c com.xiaomi.hm.health/com.huami.fittime.ui.profile.ProfileActivity (server)' ~ Consumer closed input channel or an error occurred.  events=0x9
09-01 14:30:48.514 E/InputDispatcher( 1639): channel '154610c com.xiaomi.hm.health/com.huami.fittime.ui.profile.ProfileActivity (server)' ~ Channel is unrecoverably broken and will be disposed!
09-01 14:30:48.515 W/InputDispatcher( 1639): channel '55706ff com.xiaomi.hm.health/com.huami.fittime.ui.post.PostDetailActivity (server)' ~ Consumer closed input channel or an error occurred.  events=0x9
09-01 14:30:48.515 E/InputDispatcher( 1639): channel '55706ff com.xiaomi.hm.health/com.huami.fittime.ui.post.PostDetailActivity (server)' ~ Channel is unrecoverably broken and will be disposed!
09-01 14:30:48.520 W/perf@2.0-servic(  809): type=1400 audit(0.0:63816): avc: denied { search } for name="771" dev="proc" ino=7088293 scontext=u:r:hal_perf_default:s0 tcontext=u:r:hal_audio_default:s0 tclass=dir permissive=0
09-01 14:30:48.520 W/perf@2.0-servic(  809): type=1400 audit(0.0:63817): avc: denied { search } for name="771" dev="proc" ino=7088293 scontext=u:r:hal_perf_default:s0 tcontext=u:r:hal_audio_default:s0 tclass=dir permissive=0
09-01 14:30:48.516 I/chatty  ( 8588): uid=1002(bluetooth) Binder:8588_8 expire 2 lines
09-01 14:30:48.516 I/WindowManager( 1639): WIN DEATH: Window{154610c u0 com.xiaomi.hm.health/com.huami.fittime.ui.profile.ProfileActivity}
09-01 14:30:48.516 W/InputDispatcher( 1639): Attempted to unregister already unregistered input channel '154610c com.xiaomi.hm.health/com.huami.fittime.ui.profile.ProfileActivity (server)'
09-01 14:30:48.517 D/PowerKeeperPolicy( 1639): Binder is dead - unregistering client (BleScanWrapper[mClientIf = 17 mPendingIntent=null])! uid=10241
09-01 14:30:48.518 I/Zygote  (  680): Process 8179 exited due to signal 9 (Killed)
09-01 14:30:48.518 I/WindowManager( 1639): WIN DEATH: Window{55706ff u0 com.xiaomi.hm.health/com.huami.fittime.ui.post.PostDetailActivity}
09-01 14:30:48.518 E/InputDispatcher( 1639): Window handle Window{154610c u0 com.xiaomi.hm.health/com.huami.fittime.ui.profile.ProfileActivity} has no registered input channel
09-01 14:30:48.519 W/InputDispatcher( 1639): Attempted to unregister already unregistered input channel '55706ff com.xiaomi.hm.health/com.huami.fittime.ui.post.PostDetailActivity (server)'
09-01 14:30:48.519 D/APM_AudioPolicyManager(  849): startOutput portId 26
09-01 14:30:48.519 D/APM_AudioPolicyManager(  849): startOutput() output 13, stream 3, session 9
09-01 14:30:48.519 D/APM_AudioPolicyManager(  849): getNewOutputDevices selected devices {type:0x2,@:}
09-01 14:30:48.519 D/PowerKeeperPolicy( 1639): ForceStopLeScan, uid = 10241BleScanWrapper[mClientIf = 17 mPendingIntent=null]
09-01 14:30:48.519 D/APM_AudioPolicyManager(  849): setOutputDevices device {type:0x2,@:} delayMs 0 force 0
09-01 14:30:48.519 D/APM_AudioPolicyManager(  849): setOutputDevices setting same device {type:0x2,@:} or null device, force=0, patch handle=4
09-01 14:30:48.519 V/AudioPolicyManagerCustom(  849): checkAndSetVolume() set volumeSource 4 volume index 3 for device 0x02
09-01 14:30:48.520 E/AudioFlinger(  849): open /proc/2503/cmdline error
09-01 14:30:48.520 I/AudioFlinger(  849): setAppName(), name=[], active=[1]
09-01 14:30:48.520 I/chatty  ( 8588): uid=1002(bluetooth) Binder:8588_4 expire 2 lines
09-01 14:30:48.520 V/EffectMiSound(  771): MiSound_command() start, cmdCode=23
09-01 14:30:48.520 V/EffectMiSound(  771): MiSound_Command EFFECT_CMD_SET_APP_NAME: stream=3, name=+
09-01 14:30:48.521 D/AudioManager( 2503): getStreamVolume isRestricted mode = 0
09-01 14:30:48.522 W/ActivityManager( 1639): Sending non-protected broadcast android.bluetooth.ble.BLE_DEVICE_DISCONNECTED from system 8588:com.android.bluetooth/1002 pkg com.android.bluetooth. Callers=
09-01 14:30:48.522 I/libprocessgroup( 1639): Successfully killed process cgroup uid 10241 pid 8179 in 155ms
09-01 14:30:48.524 D/CompatibilityInfo( 1639): mCompatibilityFlags - 0
09-01 14:30:48.524 D/CompatibilityInfo( 1639): applicationDensity - 440
09-01 14:30:48.524 E/volume_listener(  771): check_and_set_gain_dep_cal: Failed to set gain dep cal level
09-01 14:30:48.524 D/CompatibilityInfo( 1639): applicationScale - 1.0
09-01 14:30:48.524 D/audio_hw_primary(  771): start_output_stream: enter: stream(0xe916a800)usecase(1: low-latency-playback) devices(0x2) is_haptic_usecase(0)
09-01 14:30:48.525 D/audio_hw_primary(  771): select_devices for use case (low-latency-playback)
09-01 14:30:48.525 I/msm8974_platform(  771): platform_check_and_set_codec_backend_cfg:becf: afe: bitwidth 24, samplerate 48000 channels 2, backend_idx 4 usecase = 1 device (speaker)
09-01 14:30:48.525 D/msm8974_platform(  771): platform_split_snd_device: snd_device(2) num devices(1) new_snd_devices(0)
09-01 14:30:48.525 I/msm8974_platform(  771): platform_check_and_set_codec_backend_cfg: new_snd_devices[0] is 2
09-01 14:30:48.525 I/msm8974_platform(  771): platform_check_codec_backend_cfg:becf: afe: bitwidth 24, samplerate 48000 channels 2, backend_idx 4 usecase = 1 device (speaker)
09-01 14:30:48.525 D/msm8974_platform(  771): platform_check_codec_backend_cfg:becf: afe: playback on codec device not supporting native playback set default Sample Rate(48k)
09-01 14:30:48.525 I/msm8974_platform(  771): platform_check_codec_backend_cfg:becf: afe: Codec selected backend: 4 updated bit width: 24 and sample rate: 48000
09-01 14:30:48.525 D/audio_hw_primary(  771): check_usecases_codec_backend:becf: force routing 0
09-01 14:30:48.525 E/msm8974_platform(  771): platform_check_backends_match: Invalid snd_device = 
09-01 14:30:48.525 D/audio_hw_primary(  771): check_usecases_codec_backend:becf: (112) check_usecases curr device: speaker, usecase device: backends match 0
09-01 14:30:48.525 D/audio_hw_primary(  771): check_usecases_codec_backend:becf: check_usecases num.of Usecases to switch 0
09-01 14:30:48.525 D/msm8974_platform(  771): platform_split_snd_device: snd_device(2) num devices(0) new_snd_devices(0)
09-01 14:30:48.525 D/hardware_info(  771): hw_info_append_hw_type : device_name = speaker
09-01 14:30:48.525 D/msm8974_platform(  771): platform_split_snd_device: snd_device(2) num devices(0) new_snd_devices(0)
09-01 14:30:48.525 D/audio_hw_primary(  771): enable_snd_device: snd_device(2: speaker)
09-01 14:30:48.525 I/soundtrigger(  771): audio_extn_sound_trigger_update_device_status: device 0x2 of type 0 for Event 1, with Raise=0
09-01 14:30:48.525 E/audio_route(  771): Path: speaker, length: 1
09-01 14:30:48.525 E/audio_route(  771):   id=0: ctl=TFA Profile
09-01 14:30:48.525 E/audio_route(  771):     id=0 value=0
09-01 14:30:48.525 D/audio_route(  771): Apply path: speaker
09-01 14:30:48.525 D/audio_route(  771): audio_route_apply_and_update_path name speaker
09-01 14:30:48.525 D/hardware_info(  771): hw_info_append_hw_type : device_name = vi-feedback
09-01 14:30:48.525 D/msm8974_platform(  771): platform_split_snd_device: snd_device(199) num devices(0) new_snd_devices(-371483466)
09-01 14:30:48.525 D/audio_hw_primary(  771): enable_snd_device: snd_device(199: vi-feedback)
09-01 14:30:48.525 I/soundtrigger(  771): audio_extn_sound_trigger_update_device_status: device 0xc7 of type 1 for Event 1, with Raise=0
09-01 14:30:48.525 E/audio_route(  771): Path: vi-feedback, length: 0
09-01 14:30:48.525 D/audio_route(  771): Apply path: vi-feedback
09-01 14:30:48.525 D/audio_route(  771): audio_route_apply_and_update_path name vi-feedback
09-01 14:30:48.525 D/soundtrigger(  771): audio_extn_sound_trigger_update_stream_status: uc_info->id 50 of type 1 for Event 3, with Raise=1
09-01 14:30:48.525 D/soundtrigger(  771):  audio_extn_sound_trigger_update_stream_status ignore stream event for devcie 199
09-01 14:30:48.525 D/audio_hw_utils(  771): audio_extn_utils_send_app_type_cfg: usecase->in_snd_device vi-feedback
09-01 14:30:48.525 E/voice   (  771): voice_is_in_call_rec_stream: input stream is NULL
09-01 14:30:48.525 D/msm8974_platform(  771): platform_split_snd_device: snd_device(199) num devices(0) new_snd_devices(0)
09-01 14:30:48.525 E/audio_hw_utils(  771): send_app_type_cfg_for_device: Could not get ctl for mixer cmd - Audio Stream Capture 35 App Type Cfg
09-01 14:30:48.525 D/msm8974_platform(  771): platform_split_snd_device: snd_device(199) num devices(1) new_snd_devices(0)
09-01 14:30:48.525 D/ACDB-LOADER(  771): ACDB -> send_audio_cal, acdb_id = 102, path = 1, app id = 0x11132, sample rate = 48000
09-01 14:30:48.525 D/ACDB-LOADER(  771): ACDB -> send_asm_topology
09-01 14:30:48.525 D/ACDB-LOADER(  771): ACDB -> ACDB_CMD_GET_AUDPROC_STREAM_TOPOLOGY_ID
09-01 14:30:48.525 D/ACDB-LOADER(  771): ACDB -> send_adm_topology
09-01 14:30:48.526 D/ACDB-LOADER(  771): ACDB -> ACDB_CMD_GET_AUDPROC_COMMON_TOPOLOGY_ID
09-01 14:30:48.526 V/SettingsProvider( 1639): Notifying for 0: content://settings/global/hidden_api_policy_p_apps
09-01 14:30:48.526 I/chatty  ( 3272): uid=1002(bluetooth) com.xiaomi.bluetooth expire 5 lines
09-01 14:30:48.526 D/ACDB-LOADER(  771): ACDB -> send_audtable
09-01 14:30:48.526 D/ACDB-LOADER(  771): ACDB -> ACDB_CMD_GET_AUDPROC_INSTANCE_COMMON_TABLE_SIZE
09-01 14:30:48.526 D/ACDB-LOADER(  771): ACDB -> ACDB_CMD_GET_AUDPROC_INSTANCE_COMMON_TABLE
09-01 14:30:48.526 D/ACDB-LOADER(  771): ACDB -> AUDIO_SET_AUDPROC_CAL cal_type[11] acdb_id[102] app_type[69938]
09-01 14:30:48.526 D/ACDB-LOADER(  771): ACDB -> ACDB_CMD_GET_AUDPROC_INSTANCE_STREAM_TABLE_SIZE
09-01 14:30:48.526 D/ACDB-LOADER(  771): ACDB -> send_audstrmtable
09-01 14:30:48.526 D/ACDB-LOADER(  771): ACDB -> ACDB_CMD_GET_AUDPROC_INSTANCE_STREAM_TABLE
09-01 14:30:48.526 D/ACDB-LOADER(  771): ACDB -> audstrm_cal->cal_type.cal_data.cal_size = 20
09-01 14:30:48.526 D/ACDB-LOADER(  771): ACDB -> send_afe_topology
09-01 14:30:48.526 D/ACDB-LOADER(  771): ACDB -> ACDB_CMD_GET_AFE_TOPOLOGY_ID
09-01 14:30:48.526 D/ACDB-LOADER(  771): ACDB -> GET_AFE_TOPOLOGY_ID for adcd_id 102, Topology Id 1000b909
09-01 14:30:48.526 D/ACDB-LOADER(  771): ACDB -> send_afe_cal
09-01 14:30:48.526 D/ACDB-LOADER(  771): ACDB -> ACDB_CMD_GET_AFE_INSTANCE_COMMON_TABLE_SIZE
09-01 14:30:48.526 D/ACDB-LOADER(  771): ACDB -> ACDB_CMD_GET_AFE_INSTANCE_COMMON_TABLE
09-01 14:30:48.526 D/ACDB-LOADER(  771): ACDB -> AUDIO_SET_AFE_CAL cal_type[17] acdb_id[102]
09-01 14:30:48.526 D/ACDB-LOADER(  771): ACDB -> send_hw_delay : acdb_id = 102 path = 1
09-01 14:30:48.526 D/ACDB-LOADER(  771): ACDB -> ACDB_AVSYNC_INFO: ACDB_CMD_GET_DEVICE_PROPERTY
09-01 14:30:48.526 D/audio_hw_primary(  771): enable_audio_route: apply mixer and update path: spkr-vi-record
09-01 14:30:48.526 E/audio_route(  771): Path: spkr-vi-record, length: 1
09-01 14:30:48.526 E/audio_route(  771):   id=0: ctl=QUATERNARY_MI2S_RX_VI_FB_MUX
09-01 14:30:48.526 E/audio_route(  771):     id=0 value=1
09-01 14:30:48.526 E/audio_route(  771):     id=1 value=1
09-01 14:30:48.526 D/audio_route(  771): Apply path: spkr-vi-record
09-01 14:30:48.526 D/audio_route(  771): audio_route_apply_and_update_path name spkr-vi-record
09-01 14:30:48.528 E/audio_hw_tfa98xx_feedback(  771): pcm_dev_tx_id = 35
09-01 14:30:48.533 E/InputDispatcher( 1639): Window handle Window{154610c u0 com.xiaomi.hm.health/com.huami.fittime.ui.profile.ProfileActivity} has no registered input channel
09-01 14:30:48.545 I/audio_hw_utils(  771): audio_extn_utils_update_stream_output_app_type_cfg Allowing 24 and above bits playback on speaker ONLY at default sampling rate
09-01 14:30:48.545 E/soundtrigger(  771): audio_extn_sound_trigger_update_stream_status: invalid input device 0x0, for event 3
09-01 14:30:48.545 D/soundtrigger(  771): audio_extn_sound_trigger_update_stream_status: uc_info->id 1 of type 0 for Event 3, with Raise=0
09-01 14:30:48.545 D/audio_hw_utils(  771): audio_extn_utils_send_app_type_cfg: usecase->out_snd_device speaker
09-01 14:30:48.545 D/msm8974_platform(  771): platform_split_snd_device: snd_device(2) num devices(0) new_snd_devices(0)
09-01 14:30:48.545 D/audio_hw_utils(  771): audio_extn_btsco_get_sample_rate:Not a BT SCO device, need not update sampling rate
09-01 14:30:48.545 I/audio_hw_utils(  771): send_app_type_cfg_for_device PLAYBACK app_type 69937, acdb_dev_id 10011, sample_rate 48000, snd_device_be_idx 39
09-01 14:30:48.546 D/msm8974_platform(  771): platform_split_snd_device: snd_device(2) num devices(1) new_snd_devices(0)
09-01 14:30:48.546 D/audio_hw_utils(  771): audio_extn_btsco_get_sample_rate:Not a BT SCO device, need not update sampling rate
09-01 14:30:48.546 D/ACDB-LOADER(  771): ACDB -> send_audio_cal, acdb_id = 10011, path = 0, app id = 0x11131, sample rate = 48000
09-01 14:30:48.546 D/ACDB-LOADER(  771): ACDB -> send_asm_topology
09-01 14:30:48.546 D/ACDB-LOADER(  771): ACDB -> ACDB_CMD_GET_AUDPROC_STREAM_TOPOLOGY_ID
09-01 14:30:48.546 D/ACDB-LOADER(  771): ACDB -> send_adm_topology
09-01 14:30:48.546 D/ACDB-LOADER(  771): ACDB -> ACDB_CMD_GET_AUDPROC_COMMON_TOPOLOGY_ID
09-01 14:30:48.546 D/ACDB-LOADER(  771): ACDB -> send_audtable
09-01 14:30:48.546 D/ACDB-LOADER(  771): ACDB -> ACDB_CMD_GET_AUDPROC_INSTANCE_COMMON_TABLE_SIZE
09-01 14:30:48.546 D/ACDB-LOADER(  771): ACDB -> ACDB_CMD_GET_AUDPROC_INSTANCE_COMMON_TABLE
09-01 14:30:48.547 D/ACDB-LOADER(  771): ACDB -> AUDIO_SET_AUDPROC_CAL cal_type[11] acdb_id[10011] app_type[69937]
09-01 14:30:48.547 D/ACDB-LOADER(  771): ACDB -> send_audvoltable
09-01 14:30:48.547 D/ACDB-LOADER(  771): ACDB -> ACDB_CMD_GET_AUDPROC_INSTANCE_GAIN_DEP_STEP_TABLE_SIZE
09-01 14:30:48.547 D/ACDB-LOADER(  771): ACDB -> ACDB_CMD_GET_AUDPROC_INSTANCE_GAIN_DEP_STEP_TABLE, vol index 0
09-01 14:30:48.547 D/ACDB-LOADER(  771): ACDB -> AUDIO_SET_VOL_CAL cal type = 12
09-01 14:30:48.547 D/ACDB-LOADER(  771): ACDB -> ACDB_CMD_GET_AUDPROC_INSTANCE_STREAM_TABLE_SIZE
09-01 14:30:48.547 D/ACDB-LOADER(  771): ACDB -> send_audstrmtable
09-01 14:30:48.547 D/ACDB-LOADER(  771): ACDB -> ACDB_CMD_GET_AUDPROC_INSTANCE_STREAM_TABLE
09-01 14:30:48.547 D/ACDB-LOADER(  771): ACDB -> audstrm_cal->cal_type.cal_data.cal_size = 20
09-01 14:30:48.547 D/ACDB-LOADER(  771): ACDB -> send_afe_topology
09-01 14:30:48.547 D/ACDB-LOADER(  771): ACDB -> ACDB_CMD_GET_AFE_TOPOLOGY_ID
09-01 14:30:48.547 D/ACDB-LOADER(  771): ACDB -> GET_AFE_TOPOLOGY_ID for adcd_id 10011, Topology Id 1000b910
09-01 14:30:48.547 D/ACDB-LOADER(  771): ACDB -> send_afe_cal
09-01 14:30:48.547 D/ACDB-LOADER(  771): ACDB -> ACDB_CMD_GET_AFE_INSTANCE_COMMON_TABLE_SIZE
09-01 14:30:48.547 D/ACDB-LOADER(  771): ACDB -> ACDB_CMD_GET_AFE_INSTANCE_COMMON_TABLE
09-01 14:30:48.547 D/ACDB-LOADER(  771): ACDB -> AUDIO_SET_AFE_CAL cal_type[16] acdb_id[10011]
09-01 14:30:48.547 D/ACDB-LOADER(  771): ACDB -> send_hw_delay : acdb_id = 10011 path = 0
09-01 14:30:48.547 D/ACDB-LOADER(  771): ACDB -> ACDB_AVSYNC_INFO: ACDB_CMD_GET_DEVICE_PROPERTY
09-01 14:30:48.547 D/msm8974_platform(  771): platform_split_snd_device: snd_device(2) num devices(0) new_snd_devices(0)
09-01 14:30:48.547 I/msm8974_platform(  771): platform_get_custom_mtmx_params: no matching param with id 0 ip_ch 2 op_ch 2 uc_id 1 snd_dev 2
09-01 14:30:48.547 D/audio_hw_primary(  771): enable_audio_route: apply mixer and update path: low-latency-playback speaker
09-01 14:30:48.547 E/audio_route(  771): Path: low-latency-playback speaker, length: 1
09-01 14:30:48.547 E/audio_route(  771):   id=0: ctl=QUAT_MI2S_RX Audio Mixer MultiMedia5
09-01 14:30:48.547 E/audio_route(  771):     id=0 value=1
09-01 14:30:48.547 E/audio_route(  771):     id=1 value=1
09-01 14:30:48.547 D/audio_route(  771): Apply path: low-latency-playback speaker
09-01 14:30:48.547 D/audio_route(  771): audio_route_apply_and_update_path name low-latency-playback speaker
09-01 14:30:48.549 E/InputDispatcher( 1639): Window handle Window{154610c u0 com.xiaomi.hm.health/com.huami.fittime.ui.profile.ProfileActivity} has no registered input channel
09-01 14:30:48.550 D/send_data_to_xlog(  771): send_misound_data_to_xlog: enter: usecase(1)
09-01 14:30:48.550 D/audio_hw_primary(  771): select_devices: done
09-01 14:30:48.550 D/audio_hw_primary(  771): start_output_stream: Opening PCM device card_id(0) device_id(13) format(0x4)
09-01 14:30:48.566 E/InputDispatcher( 1639): Window handle Window{154610c u0 com.xiaomi.hm.health/com.huami.fittime.ui.profile.ProfileActivity} has no registered input channel
09-01 14:30:48.566 V/SettingsProvider( 1639): Notifying for 0: content://settings/global/hidden_api_policy
09-01 14:30:48.582 E/InputDispatcher( 1639): Window handle Window{154610c u0 com.xiaomi.hm.health/com.huami.fittime.ui.profile.ProfileActivity} has no registered input channel
