09-01 14:30:48.592 D/msm8974_platform(  771): platform_set_channel_map mixer_ctl_name:Playback Channel Map13
09-01 14:30:48.592 D/msm8974_platform(  771): platform_set_channel_map: set mapping(1 2 0 0 0 0 0 0) for channel:2
09-01 14:30:48.593 D/audio_hw_primary(  771): start_output_stream: pcm_prepare
09-01 14:30:48.593 D/audio_hw_primary(  771): start_output_stream: exit
09-01 14:30:48.593 D/audio_hw_primary(  771): check_and_set_karaok_parameters: is karaok rx device 0, is karaok tx device 0
09-01 14:30:48.593 D/audio_hw_primary(  771): out_write: retry previous failed cal level set
09-01 14:30:48.593 D/msm8974_platform(  771): platform_split_snd_device: snd_device(2) num devices(1) new_snd_devices(0)
09-01 14:30:48.593 D/ACDB-LOADER(  771): ACDB -> send_audvoltable
09-01 14:30:48.593 D/ACDB-LOADER(  771): ACDB -> ACDB_CMD_GET_AUDPROC_INSTANCE_GAIN_DEP_STEP_TABLE_SIZE
09-01 14:30:48.593 D/ACDB-LOADER(  771): ACDB -> ACDB_CMD_GET_AUDPROC_INSTANCE_GAIN_DEP_STEP_TABLE, vol index 5
09-01 14:30:48.593 D/ACDB-LOADER(  771): ACDB -> AUDIO_SET_VOL_CAL cal type = 40
09-01 14:30:48.594 W/msm8974_platform(  771): platform_send_gain_dep_cal: Usecase list is empty
09-01 14:30:48.594 D/msm8974_platform(  771): platform_split_snd_device: snd_device(2) num devices(0) new_snd_devices(0)
09-01 14:30:48.594 I/msm8974_platform(  771): platform_get_custom_mtmx_params: no matching param with id 0 ip_ch 2 op_ch 2 uc_id 1 snd_dev 2
09-01 14:30:48.599 E/InputDispatcher( 1639): Window handle Window{154610c u0 com.xiaomi.hm.health/com.huami.fittime.ui.profile.ProfileActivity} has no registered input channel
09-01 14:30:48.601 D/NetworkController.MobileSignalController(1)(29730): 4G level = 5
09-01 14:30:48.616 E/InputDispatcher( 1639): Window handle Window{154610c u0 com.xiaomi.hm.health/com.huami.fittime.ui.profile.ProfileActivity} has no registered input channel
09-01 14:30:48.632 I/Timeline( 1639): Timeline: Activity_windows_visible id: ActivityRecord{751966d u0 com.miui.home/.launcher.Launcher t1} time:211414649
09-01 14:30:48.632 E/InputDispatcher( 1639): Window handle Window{154610c u0 com.xiaomi.hm.health/com.huami.fittime.ui.profile.ProfileActivity} has no registered input channel
09-01 14:30:48.637 E/RotationHelper( 7676): setCurrentTransitionRequest: request=0
09-01 14:30:48.637 I/MiuiNetworkPolicy( 1639): updateUidState uid = 10062, uidState = 4
09-01 14:30:48.637 D/OemNetd (  679): whiteListUid: uid=10062, wmm=add
09-01 14:30:48.638 I/MiuiNetworkPolicy( 1639): updateMLUid uid:10062,old:20,new:4
09-01 14:30:48.638 I/MiuiNetworkPolicy( 1639): isMLEnabled state:20,uid:10062,connect:DISCONNECTED
09-01 14:30:48.638 I/MiuiNetworkPolicy( 1639): isMLEnabled state:4,uid:10062,connect:DISCONNECTED
09-01 14:30:48.639 D/Launcher.Transfer( 7676): transfer:onResume, extra:null
09-01 14:30:48.639 D/EventBus(29730): [29730, u0] send(AppTransitionFinishedEvent)
09-01 14:30:48.639 D/EventBus(29730): [29730, u0]  -> ForcedResizableInfoActivityController [0xc4c1163, P1] onBusEvent(AppTransitionFinishedEvent)
09-01 14:30:48.639 D/EventBus(29730): [29730, u0] onBusEvent(AppTransitionFinishedEvent) duration: 12 microseconds, avg: 35
09-01 14:30:48.641 E/ActivityThread(26104): Failed to find provider info for com.android.bluetooth.deviceinfo_provider
09-01 14:30:48.650 E/InputDispatcher( 1639): Window handle Window{154610c u0 com.xiaomi.hm.health/com.huami.fittime.ui.profile.ProfileActivity} has no registered input channel
09-01 14:30:48.665 E/InputDispatcher( 1639): Window handle Window{154610c u0 com.xiaomi.hm.health/com.huami.fittime.ui.profile.ProfileActivity} has no registered input channel
09-01 14:30:48.682 E/InputDispatcher( 1639): Window handle Window{154610c u0 com.xiaomi.hm.health/com.huami.fittime.ui.profile.ProfileActivity} has no registered input channel
09-01 14:30:48.816 I/chatty  ( 1639): uid=1000(system) Binder:1639_13 identical 8 lines
09-01 14:30:48.831 E/InputDispatcher( 1639): Window handle Window{154610c u0 com.xiaomi.hm.health/com.huami.fittime.ui.profile.ProfileActivity} has no registered input channel
09-01 14:30:48.835 D/EventBus(29730): [29730, u0] send(AppTransitionFinishedEvent)
09-01 14:30:48.835 D/EventBus(29730): [29730, u0]  -> ForcedResizableInfoActivityController [0xc4c1163, P1] onBusEvent(AppTransitionFinishedEvent)
09-01 14:30:48.835 D/EventBus(29730): [29730, u0] onBusEvent(AppTransitionFinishedEvent) duration: 26 microseconds, avg: 35
09-01 14:30:48.836 I/Timeline( 1639): Timeline: App_transition_stopped time:211414853
09-01 14:30:48.838 D/EventBus(29730): [29730, u0] send(AppTransitionFinishedEvent)
09-01 14:30:48.838 D/EventBus(29730): [29730, u0]  -> ForcedResizableInfoActivityController [0xc4c1163, P1] onBusEvent(AppTransitionFinishedEvent)
09-01 14:30:48.838 D/EventBus(29730): [29730, u0] onBusEvent(AppTransitionFinishedEvent) duration: 25 microseconds, avg: 35
09-01 14:30:48.838 D/EventBus(29730): [29730, u0] send(AppTransitionFinishedEvent)
09-01 14:30:48.838 D/EventBus(29730): [29730, u0]  -> ForcedResizableInfoActivityController [0xc4c1163, P1] onBusEvent(AppTransitionFinishedEvent)
09-01 14:30:48.838 D/EventBus(29730): [29730, u0] onBusEvent(AppTransitionFinishedEvent) duration: 11 microseconds, avg: 35
09-01 14:30:48.839 W/ActivityManager( 1639): setHasOverlayUi called on unknown pid: 8179
09-01 14:30:48.841 D/EventBus(29730): [29730, u0] send(AppTransitionFinishedEvent)
09-01 14:30:48.841 D/EventBus(29730): [29730, u0]  -> ForcedResizableInfoActivityController [0xc4c1163, P1] onBusEvent(AppTransitionFinishedEvent)
09-01 14:30:48.841 D/EventBus(29730): [29730, u0] onBusEvent(AppTransitionFinishedEvent) duration: 24 microseconds, avg: 35
09-01 14:30:48.860 V/SettingsProvider( 1639): Notifying for 0: content://settings/global/hidden_api_policy_pre_p_apps
09-01 14:30:48.888 I//system/vendor/bin/mi_thermald( 1070): thermal_cpu_set_level: set cpu freq of cpu7 to 2016000
09-01 14:30:48.888 I//system/vendor/bin/mi_thermald( 1070): thermal_cpu_set_level: set cpu freq of cpu4 to 2016000
09-01 14:30:48.905 V/SettingsProvider( 1639): Notifying for 0: content://settings/global/hidden_api_policy_p_apps
09-01 14:30:48.949 V/SettingsProvider( 1639): Notifying for 0: content://settings/global/hidden_api_policy
09-01 14:30:49.016 I/chatty  ( 8588): uid=1002(bluetooth) BluetoothAvrcpH expire 31 lines
09-01 14:30:49.146 I/TestRunner( 8119): finished: startServer(io.appium.uiautomator2.server.test.AppiumUiAutomator2Server)
09-01 14:30:49.154 I/MonitoringInstr( 8119): Activities that are still in CREATED to STOPPED: 0
09-01 14:30:49.155 I/TestRunner( 8119): run finished: 1 tests, 0 failed, 0 ignored
09-01 14:30:49.158 E/adbd    (16935): failed to connect to socket 'tcp:6790': Connection refused
09-01 14:30:49.181 D/NetworkSecurityConfig( 8119): No Network Security Config specified, using platform default
09-01 14:30:49.187 E/ResolverController(  679): No valid NAT64 prefix (116, <unspecified>/0)
09-01 14:30:49.229 I/ActivityManager( 1639): Force stopping io.appium.uiautomator2.server.test appid=10225 user=0: from process:8872
09-01 14:30:49.240 E/PhoneInterfaceManager( 2698): [PhoneIntfMgr] getCarrierPackageNamesForIntent: No UICC
09-01 14:30:49.241 D/CarrierSvcBindHelper( 2698): No carrier app for: 0
09-01 14:30:49.243 D/CarrierSvcBindHelper( 2698): No carrier app for: 1
09-01 14:30:49.245 D/RegisteredServicesCache( 4689):  Reading service state data always from file
09-01 14:30:49.246 D/RegisteredServicesCache( 4689): ServiceStateFileVersion=1.0
09-01 14:30:49.246 E/RegisteredServicesCache( 4689): Next Tag=services
09-01 14:30:49.246 E/RegisteredServicesCache( 4689): 1invalidateCache:WriteServiceStateToFile
09-01 14:30:49.246 E/RegisteredServicesCache( 4689):  Writing service state Data Always
09-01 14:30:49.256 E/RegisteredAidCache( 4689): updateRoutingLocked(): enter...
09-01 14:30:49.256 D/NfcService( 4689): defaultMifareCLTRoute : 315
09-01 14:30:49.256 D/RegisteredAidCache( 4689):  AID power stateB0693789675600247817route0
09-01 14:30:49.256 D/NfcService( 4689): defaultAidRoute : 315
09-01 14:30:49.256 D/NfcService( 4689): GetDefaultRouteLoc  :1
09-01 14:30:49.256 D/NfcService( 4689): defaultAidRoute : 315
09-01 14:30:49.256 D/NfcService( 4689): GetDefaultRouteLoc  :1
09-01 14:30:49.256 E/AidRoutingManager( 4689): Size of routing table970
09-01 14:30:49.256 E/RegisteredAidCache( 4689): updateRoutingLocked(): exit...
09-01 14:30:49.257 D/RegisteredNfcFServicesCache( 4689): Service unchanged, not updating
09-01 14:30:49.380 I/AudioTrack( 2503): isLongTimeZoreData zoer date time 14 Seconds
09-01 14:30:49.452 D/AndroidRuntime( 8878): >>>>>> START com.android.internal.os.RuntimeInit uid 2000 <<<<<<
09-01 14:30:49.455 E/libc    ( 8878): Access denied finding property "persist.device_config.runtime_native_boot.enable_apex_image"
09-01 14:30:49.450 W/app_process( 8878): type=1400 audit(0.0:63818): avc: denied { read } for name="u:object_r:device_config_runtime_native_boot_prop:s0" dev="tmpfs" ino=16478 scontext=u:r:shell:s0 tcontext=u:object_r:device_config_runtime_native_boot_prop:s0 tclass=file permissive=0
09-01 14:30:49.450 I/chatty  ( 8878): uid=2000(shell) main identical 1 line
09-01 14:30:49.450 W/app_process( 8878): type=1400 audit(0.0:63820): avc: denied { read } for name="u:object_r:device_config_runtime_native_boot_prop:s0" dev="tmpfs" ino=16478 scontext=u:r:shell:s0 tcontext=u:object_r:device_config_runtime_native_boot_prop:s0 tclass=file permissive=0
09-01 14:30:49.455 I/AndroidRuntime( 8878): Using default boot image
09-01 14:30:49.455 E/libc    ( 8878): Access denied finding property "persist.device_config.runtime_native_boot.disable_lock_profiling"
09-01 14:30:49.455 I/AndroidRuntime( 8878): Leaving lock profiling enabled
09-01 14:30:49.455 E/libc    ( 8878): Access denied finding property "persist.device_config.runtime_native_boot.enable_generational_cc"
09-01 14:30:49.481 I/chatty  (19843): uid=1002(bluetooth) POSIX timer 7 expire 4 lines
09-01 14:30:49.521 D/ICU     ( 8878): Time zone APEX file found: /apex/com.android.tzdata/etc/icu/icu_tzdata.dat
09-01 14:30:49.521 I/chatty  (19843): uid=1002 bluetooth@1.0-s expire 5 lines
09-01 14:30:49.525 I/chatty  (19843): uid=1002 bluetooth@1.0-s expire 13 lines
09-01 14:30:49.535 I/chatty  ( 8588): uid=1002(bluetooth) btu message loo expire 133 lines
09-01 14:30:49.540 I/chatty  ( 8588): uid=1002(bluetooth) BT Service Call expire 49 lines
09-01 14:30:49.542 W/app_process( 8878): JNI RegisterNativeMethods: attempt to register 0 native methods for android.media.AudioAttributes
09-01 14:30:49.545 E/libc    ( 8878): Access denied finding property "persist.vendor.qti.debug.atlogs_enable"
09-01 14:30:49.547 I/chatty  ( 8588): uid=1002(bluetooth) com.android.bluetooth expire 2 lines
09-01 14:30:49.540 W/main    ( 8878): type=1400 audit(0.0:63821): avc: denied { read } for name="u:object_r:vendor_default_prop:s0" dev="tmpfs" ino=16586 scontext=u:r:shell:s0 tcontext=u:object_r:vendor_default_prop:s0 tclass=file permissive=0
09-01 14:30:49.548 W/BluetoothEventManager(29730): AclStateChangedHandler: activeDevice is null
09-01 14:30:49.549 D/CompatibilityInfo( 1639): mCompatibilityFlags - 0
09-01 14:30:49.549 D/AndroidRuntime( 8878): Calling main entry com.android.commands.am.Am
09-01 14:30:49.549 D/CompatibilityInfo( 1639): applicationDensity - 440
09-01 14:30:49.549 D/CompatibilityInfo( 1639): applicationScale - 1.0
09-01 14:30:49.552 I/TrustAgent(20208): TAG: TrustAgent.Tracker. [BluetoothConnectionTracker] Bluetooth disconnect broadast for Mi Smart Band 5 C3:D4:F4:E3:11:EC [CONTEXT service_id=84 ]
09-01 14:30:49.554 D/Bluetooth_AIVS_SDK(22367): AIVS:BluetoothBase:onReceive: ACTION_ACL_DISCONNECTED, device:Mi Smart Band 5 type:2
09-01 14:30:49.558 I/ActivityManager( 1639): Force stopping io.appium.uiautomator2.server appid=10224 user=0: start instr
09-01 14:30:49.559 I/ActivityManager( 1639): Killing 8119:io.appium.uiautomator2.server/u0a224 (adj 0): stop io.appium.uiautomator2.server: start instr
09-01 14:30:49.564 I/hwservicemanager(  573): getTransport: Cannot find entry vendor.qti.hardware.servicetracker@1.0::IServicetracker/default in either framework or device manifest.
09-01 14:30:49.565 W/ActivityManager( 1639): Crash of app io.appium.uiautomator2.server running instrumentation ComponentInfo{io.appium.uiautomator2.server.test/androidx.test.runner.AndroidJUnitRunner}
09-01 14:30:49.566 I/ActivityManager( 1639): Force stopping io.appium.uiautomator2.server appid=10224 user=0: finished inst
09-01 14:30:49.566 W/Binder  ( 8101): Caught a RuntimeException from the binder stub implementation.
09-01 14:30:49.566 W/Binder  ( 8101): java.lang.SecurityException: Calling from not trusted UID!
09-01 14:30:49.566 W/Binder  ( 8101): 	at android.app.UiAutomationConnection.throwIfCalledByNotTrustedUidLocked(UiAutomationConnection.java:520)
09-01 14:30:49.566 W/Binder  ( 8101): 	at android.app.UiAutomationConnection.shutdown(UiAutomationConnection.java:424)
09-01 14:30:49.566 W/Binder  ( 8101): 	at android.app.IUiAutomationConnection$Stub.onTransact(IUiAutomationConnection.java:390)
09-01 14:30:49.566 W/Binder  ( 8101): 	at android.os.Binder.execTransactInternal(Binder.java:1021)
09-01 14:30:49.566 W/Binder  ( 8101): 	at android.os.Binder.execTransact(Binder.java:994)
09-01 14:30:49.567 W/Binder  ( 1639): Outgoing transactions from this process must be FLAG_ONEWAY
09-01 14:30:49.567 W/Binder  ( 1639): java.lang.Throwable
09-01 14:30:49.567 W/Binder  ( 1639): 	at android.os.BinderProxy.transact(BinderProxy.java:480)
09-01 14:30:49.567 W/Binder  ( 1639): 	at android.app.IInstrumentationWatcher$Stub$Proxy.instrumentationFinished(IInstrumentationWatcher.java:205)
09-01 14:30:49.567 W/Binder  ( 1639): 	at com.android.server.am.InstrumentationReporter$MyThread.run(InstrumentationReporter.java:86)
09-01 14:30:49.568 D/AndroidRuntime( 8101): Shutting down VM
09-01 14:30:49.573 I/MiuiNetworkPolicy( 1639): removeUidState uid = 10224
09-01 14:30:49.573 D/OemNetd (  679): whiteListUid: uid=10224, wmm=del
09-01 14:30:49.574 I/MiuiNetworkPolicy( 1639): updateMLUid uid:10224,old:5,new:20
09-01 14:30:49.574 I/MiuiNetworkPolicy( 1639): isMLEnabled state:5,uid:10224,connect:DISCONNECTED
09-01 14:30:49.574 I/MiuiNetworkPolicy( 1639): isMLEnabled state:20,uid:10224,connect:DISCONNECTED
09-01 14:30:49.574 I/MiuiNetworkPolicy( 1639): updateUidState uid = 10224, uidState = 20
09-01 14:30:49.578 D/CompatibilityInfo( 1639): mCompatibilityFlags - 0
09-01 14:30:49.578 D/CompatibilityInfo( 1639): applicationDensity - 440
09-01 14:30:49.578 D/CompatibilityInfo( 1639): applicationScale - 1.0
09-01 14:30:49.585 I/hwservicemanager(  573): getTransport: Cannot find entry vendor.qti.hardware.servicetracker@1.0::IServicetracker/default in either framework or device manifest.
09-01 14:30:49.588 W/WindowManager( 1639): removeWindowToken: Attempted to remove non-existing token: android.os.Binder@471f9c3
09-01 14:30:49.589 I/libprocessgroup( 1639): Successfully killed process cgroup uid 10224 pid 8119 in 27ms
09-01 14:30:49.593 V/UidProcStateHelper( 1639): process died:[8119,10224]
09-01 14:30:49.597 D/CompatibilityInfo( 1639): mCompatibilityFlags - 0
09-01 14:30:49.597 D/CompatibilityInfo( 1639): applicationDensity - 440
09-01 14:30:49.597 D/CompatibilityInfo( 1639): applicationScale - 1.0
09-01 14:30:49.601 I/hwservicemanager(  573): getTransport: Cannot find entry vendor.qti.hardware.servicetracker@1.0::IServicetracker/default in either framework or device manifest.
09-01 14:30:49.607 D/Zygote  (  680): Forked child process 8902
09-01 14:30:49.607 I/Zygote  (  680): Process 8119 exited due to signal 9 (Killed)
09-01 14:30:49.608 D/Boost   ( 1639): hostingType=added application, hostingName=io.appium.uiautomator2.server, callerPackage=android, isSystem=true, isBoostNeeded=false.
09-01 14:30:49.612 I/tomator2.serve( 8902): Late-enabling -Xcheck:jni
09-01 14:30:49.615 V/SettingsProvider( 1639): Notifying for 0: content://settings/secure/accessibility_enabled
09-01 14:30:49.616 D/ActiveStateController( 6417): updateStateForUidActiveChangedLocked, uid: 10224 active: false
09-01 14:30:49.616 D/OemNetd (  679): setPidForPackage: packageName=io.appium.uiautomator2.server, pid=8902, pid=10224
09-01 14:30:49.617 I/ActivityManager( 1639): Start proc 8902:io.appium.uiautomator2.server/u0a224 for added application io.appium.uiautomator2.server caller=android
09-01 14:30:49.625 E/tomator2.serve( 8902): Unknown bits set in runtime_flags: 0x8000
09-01 14:30:49.628 W/ActivityManager( 1639): Unable to start service Intent { act=android.bluetooth.device.action.ACL_DISCONNECTED cmp=com.google.android.gms/.nearby.discovery.service.DiscoveryService (has extras) } U=0: not found
09-01 14:30:49.643 D/CompatibilityInfo( 1639): mCompatibilityFlags - 0
09-01 14:30:49.643 D/CompatibilityInfo( 1639): applicationDensity - 440
09-01 14:30:49.643 D/CompatibilityInfo( 1639): applicationScale - 1.0
09-01 14:30:49.651 I/MiuiNetworkPolicy( 1639): updateUidState uid = 10062, uidState = 16
09-01 14:30:49.651 D/OemNetd (  679): whiteListUid: uid=10062, wmm=del
09-01 14:30:49.654 I/MiuiNetworkPolicy( 1639): updateMLUid uid:10062,old:4,new:16
09-01 14:30:49.654 I/MiuiNetworkPolicy( 1639): isMLEnabled state:4,uid:10062,connect:DISCONNECTED
09-01 14:30:49.654 I/MiuiNetworkPolicy( 1639): isMLEnabled state:16,uid:10062,connect:DISCONNECTED
09-01 14:30:49.654 I/MiuiNetworkPolicy( 1639): updateUidState uid = 10224, uidState = 5
09-01 14:30:49.655 D/OemNetd (  679): whiteListUid: uid=10224, wmm=add
09-01 14:30:49.658 I/MiuiNetworkPolicy( 1639): updateMLUid uid:10224,old:20,new:5
09-01 14:30:49.658 I/MiuiNetworkPolicy( 1639): isMLEnabled state:20,uid:10224,connect:DISCONNECTED
09-01 14:30:49.658 I/MiuiNetworkPolicy( 1639): isMLEnabled state:5,uid:10224,connect:DISCONNECTED
09-01 14:30:49.783 D/miuisdk ( 8902): current sdk level is 20
09-01 14:30:49.786 E/SELinux (  572): avc:  denied  { find } for service=overlay pid=8902 uid=10224 scontext=u:r:untrusted_app_27:s0:c224,c256,c512,c768 tcontext=u:object_r:overlay_service:s0 tclass=service_manager permissive=0
09-01 14:30:49.787 E/IconCustomizerUtils( 8902): IOverlayManager is null
09-01 14:30:49.793 W/tomator2.serve( 8902): ClassLoaderContext classpath size mismatch. expected=0, found=2 (PCL[]{PCL[/system/framework/android.test.mock.jar*3601177991]{PCL[/system/framework/android.test.base.jar*1299883780]}#PCL[/system/framework/android.test.runner.jar*3312018701]{PCL[/system/framework/android.test.base.jar*1299883780]#PCL[/system/framework/android.test.mock.jar*3601177991]{PCL[/system/framework/android.test.base.jar*1299883780]}}} | PCL[/system/framework/android.test.runner.jar*3312018701:/system/framework/android.test.mock.jar*3601177991])
09-01 14:30:49.794 W/tomator2.serve( 8902): ClassLoaderContext classpath size mismatch. expected=0, found=4 (PCL[] | PCL[/system/framework/android.test.runner.jar*3312018701:/system/framework/android.test.mock.jar*3601177991:/data/app/io.appium.uiautomator2.server.test-xiUTBeW1tD0RDVGssLKQjw==/base.apk*4256641845:/data/app/io.appium.uiautomator2.server.test-xiUTBeW1tD0RDVGssLKQjw==/base.apk!classes2.dex*3909004592])
09-01 14:30:49.795 W/tomator2.serve( 8902): Found duplicate classes, falling back to extracting from APK : /data/app/io.appium.uiautomator2.server-R860u7MKtILXj95_tECd6A==/base.apk
09-01 14:30:49.795 W/tomator2.serve( 8902): NOTE: This wastes RAM and hurts startup performance.
09-01 14:30:49.795 W/tomator2.serve( 8902): Found duplicated class when checking oat files: 'Ljunit/runner/BaseTestRunner;' in /system/framework/android.test.runner.jar and /data/app/io.appium.uiautomator2.server-R860u7MKtILXj95_tECd6A==/base.apk
09-01 14:30:49.795 W/tomator2.serve( 8902): 
09-01 14:30:49.882 I/Perf    ( 8902): Connecting to perf service.
09-01 14:30:49.890 W/tomator2.serve( 8902): ClassLoaderContext classpath size mismatch. expected=0, found=2 (PCL[]{PCL[/system/framework/android.test.mock.jar*3601177991]{PCL[/system/framework/android.test.base.jar*1299883780]}#PCL[/system/framework/android.test.runner.jar*3312018701]{PCL[/system/framework/android.test.base.jar*1299883780]#PCL[/system/framework/android.test.mock.jar*3601177991]{PCL[/system/framework/android.test.base.jar*1299883780]}}} | PCL[/system/framework/android.test.runner.jar*3312018701:/system/framework/android.test.mock.jar*3601177991];PCL[/system/framework/android.test.runner.jar*3312018701:/system/framework/android.test.mock.jar*3601177991:/data/app/io.appium.uiautomator2.server.test-xiUTBeW1tD0RDVGssLKQjw==/base.apk*4256641845:/data/app/io.appium.uiautomator2.server.test-xiUTBeW1tD0RDVGssLKQjw==/base.apk!classes2.dex*3909004592:/data/app/io.appium.uiautomator2.server-R860u7MKtILXj95_tECd6A==/base.apk*2224874488:/data/app/io.appium.uiautomator2.server-R860u7MKtILXj95_tECd6A==/base.apk!classes2.dex*2518648215])
09-01 14:30:49.890 W/tomator2.serve( 8902): Found duplicate classes, falling back to extracting from APK : /data/app/io.appium.uiautomator2.server.test-xiUTBeW1tD0RDVGssLKQjw==/base.apk
09-01 14:30:49.890 W/tomator2.serve( 8902): NOTE: This wastes RAM and hurts startup performance.
09-01 14:30:49.890 W/tomator2.serve( 8902): Found duplicated class when checking oat files: 'Landroidx/test/espresso/AmbiguousViewMatcherException$1;' in /data/app/io.appium.uiautomator2.server.test-xiUTBeW1tD0RDVGssLKQjw==/base.apk and /data/app/io.appium.uiautomator2.server.test-xiUTBeW1tD0RDVGssLKQjw==/base.apk
09-01 14:30:49.890 W/tomator2.serve( 8902): 
09-01 14:30:49.911 W/tomator2.serve( 8902): ClassLoaderContext classpath size mismatch. expected=0, found=4 (PCL[] | PCL[/system/framework/android.test.runner.jar*3312018701:/system/framework/android.test.mock.jar*3601177991:/data/app/io.appium.uiautomator2.server.test-xiUTBeW1tD0RDVGssLKQjw==/base.apk*4256641845:/data/app/io.appium.uiautomator2.server.test-xiUTBeW1tD0RDVGssLKQjw==/base.apk!classes2.dex*3909004592];PCL[/system/framework/android.test.runner.jar*3312018701:/system/framework/android.test.mock.jar*3601177991:/data/app/io.appium.uiautomator2.server.test-xiUTBeW1tD0RDVGssLKQjw==/base.apk*4256641845:/data/app/io.appium.uiautomator2.server.test-xiUTBeW1tD0RDVGssLKQjw==/base.apk!classes2.dex*3909004592:/data/app/io.appium.uiautomator2.server-R860u7MKtILXj95_tECd6A==/base.apk*2224874488:/data/app/io.appium.uiautomator2.server-R860u7MKtILXj95_tECd6A==/base.apk!classes2.dex*2518648215])
09-01 14:30:49.911 W/tomator2.serve( 8902): Found duplicate classes, falling back to extracting from APK : /data/app/io.appium.uiautomator2.server-R860u7MKtILXj95_tECd6A==/base.apk
09-01 14:30:49.911 W/tomator2.serve( 8902): NOTE: This wastes RAM and hurts startup performance.
09-01 14:30:49.911 W/tomator2.serve( 8902): Found duplicated class when checking oat files: 'Landroid_libs/ub_uiautomator/R;' in /data/app/io.appium.uiautomator2.server-R860u7MKtILXj95_tECd6A==/base.apk!classes2.dex and /data/app/io.appium.uiautomator2.server-R860u7MKtILXj95_tECd6A==/base.apk!classes2.dex
09-01 14:30:49.911 W/tomator2.serve( 8902): 
09-01 14:30:49.942 I/netd    (  679): firewallSetUidRule(2, 10102, 2) <0.07ms>
09-01 14:30:49.995 W/tomator2.serve( 8902): Accessing hidden method Landroid/app/Instrumentation;->execStartActivity(Landroid/content/Context;Landroid/os/IBinder;Landroid/os/IBinder;Landroid/app/Activity;Landroid/content/Intent;ILandroid/os/Bundle;)Landroid/app/Instrumentation$ActivityResult; (greylist, linking, allowed)
09-01 14:30:49.995 W/tomator2.serve( 8902): Accessing hidden method Landroid/app/Instrumentation;->execStartActivity(Landroid/content/Context;Landroid/os/IBinder;Landroid/os/IBinder;Ljava/lang/String;Landroid/content/Intent;ILandroid/os/Bundle;)Landroid/app/Instrumentation$ActivityResult; (greylist, linking, allowed)
09-01 14:30:50.001 D/ForceDarkHelper( 8902): io.appium.uiautomator2.server mIsDarkModeSupported = false
09-01 14:30:50.001 D/ForceDarkHelper( 8902): io.appium.uiautomator2.server initialize time 2
09-01 14:30:50.006 I/MonitoringInstr( 8902): Instrumentation started!
09-01 14:30:50.015 I/MonitoringInstr( 8902): Setting context classloader to 'dalvik.system.PathClassLoader[DexPathList[[zip file "/system/framework/android.test.runner.jar", zip file "/system/framework/android.test.mock.jar", zip file "/data/app/io.appium.uiautomator2.server.test-xiUTBeW1tD0RDVGssLKQjw==/base.apk", zip file "/data/app/io.appium.uiautomator2.server-R860u7MKtILXj95_tECd6A==/base.apk"],nativeLibraryDirectories=[/data/app/io.appium.uiautomator2.server.test-xiUTBeW1tD0RDVGssLKQjw==/lib/arm64, /data/app/io.appium.uiautomator2.server-R860u7MKtILXj95_tECd6A==/lib/arm64, /system/lib64, /system/product/lib64]]]', Original: 'dalvik.system.PathClassLoader[DexPathList[[zip file "/system/framework/android.test.runner.jar", zip file "/system/framework/android.test.mock.jar", zip file "/data/app/io.appium.uiautomator2.server.test-xiUTBeW1tD0RDVGssLKQjw==/base.apk", zip file "/data/app/io.appium.uiautomator2.server-R860u7MKtILXj95_tECd6A==/base.apk"],nativeLibraryDirectories=[/data/app/io.appium.uiautomator2.server.test-xiUTBeW1tD0RDVGssLKQjw==/lib/arm64, /data/app/io.appium.uiautomator2.server-R860u7MKtILXj95_tECd6A==/lib/arm64, /system/lib64, /system/product/lib64]]]'
09-01 14:30:50.018 I/FeatureParser( 8902): can't find raphael.xml in assets/device_features/,it may be in /system/etc/device_features
09-01 14:30:50.028 E/libc    ( 8902): Access denied finding property "ro.vendor.df.effect.conflict"
09-01 14:30:50.020 W/tomator2.server( 8902): type=1400 audit(0.0:63822): avc: denied { read } for name="u:object_r:vendor_displayfeature_prop:s0" dev="tmpfs" ino=16588 scontext=u:r:untrusted_app_27:s0:c224,c256,c512,c768 tcontext=u:object_r:vendor_displayfeature_prop:s0 tclass=file permissive=0 app=io.appium.uiautomator2.server
09-01 14:30:50.031 I/MonitoringInstr( 8902): No JSBridge.
09-01 14:30:50.032 E/Perf    ( 8902): Fail to get file list io.appium.uiautomator2.server
09-01 14:30:50.032 E/Perf    ( 8902): getFolderSize() : Exception_1 = java.lang.NullPointerException: Attempt to get length of null array
09-01 14:30:50.032 E/Perf    ( 8902): Fail to get file list io.appium.uiautomator2.server
09-01 14:30:50.032 E/Perf    ( 8902): getFolderSize() : Exception_1 = java.lang.NullPointerException: Attempt to get length of null array
09-01 14:30:50.032 E/Perf    ( 8902): Fail to get file list oat
09-01 14:30:50.032 E/Perf    ( 8902): getFolderSize() : Exception_1 = java.lang.NullPointerException: Attempt to get length of null array
09-01 14:30:50.034 I/MonitoringInstr( 8902): Setting context classloader to 'dalvik.system.PathClassLoader[DexPathList[[zip file "/system/framework/android.test.runner.jar", zip file "/system/framework/android.test.mock.jar", zip file "/data/app/io.appium.uiautomator2.server.test-xiUTBeW1tD0RDVGssLKQjw==/base.apk", zip file "/data/app/io.appium.uiautomator2.server-R860u7MKtILXj95_tECd6A==/base.apk"],nativeLibraryDirectories=[/data/app/io.appium.uiautomator2.server.test-xiUTBeW1tD0RDVGssLKQjw==/lib/arm64, /data/app/io.appium.uiautomator2.server-R860u7MKtILXj95_tECd6A==/lib/arm64, /system/lib64, /system/product/lib64]]]', Original: 'dalvik.system.PathClassLoader[DexPathList[[zip file "/system/framework/android.test.runner.jar", zip file "/system/framework/android.test.mock.jar", zip file "/data/app/io.appium.uiautomator2.server.test-xiUTBeW1tD0RDVGssLKQjw==/base.apk", zip file "/data/app/io.appium.uiautomator2.server-R860u7MKtILXj95_tECd6A==/base.apk"],nativeLibraryDirectories=[/data/app/io.appium.uiautomator2.server.test-xiUTBeW1tD0RDVGssLKQjw==/lib/arm64, /data/app/io.appium.uiautomator2.server-R860u7MKtILXj95_tECd6A==/lib/arm64, /system/lib64, /system/product/lib64]]]'
09-01 14:30:50.060 I/UsageTrackerFacilitator( 8902): Usage tracking enabled
09-01 14:30:50.064 I/TestRequestBuilder( 8902): Scanning classpath to find tests in paths [/data/app/io.appium.uiautomator2.server.test-xiUTBeW1tD0RDVGssLKQjw==/base.apk]
09-01 14:30:50.065 W/tomator2.serve( 8902): Opening an oat file without a class loader. Are you using the deprecated DexFile APIs?
09-01 14:30:50.197 D/TestExecutor( 8902): Adding listener androidx.test.internal.runner.listener.LogRunListener
09-01 14:30:50.197 D/TestExecutor( 8902): Adding listener androidx.test.internal.runner.listener.InstrumentationResultPrinter
09-01 14:30:50.197 D/TestExecutor( 8902): Adding listener androidx.test.internal.runner.listener.ActivityFinisherRunListener
09-01 14:30:50.198 I/TestRunner( 8902): run started: 1 tests
09-01 14:30:50.200 I/TestRunner( 8902): started: startServer(io.appium.uiautomator2.server.test.AppiumUiAutomator2Server)
09-01 14:30:50.202 I/MonitoringInstr( 8902): Activities that are still in CREATED to STOPPED: 0
09-01 14:30:50.204 I/appium  ( 8902): [AppiumUiAutomator2Server] Starting Server
09-01 14:30:50.271 E/adbd    (16935): failed to connect to socket 'tcp:6790': Connection refused
09-01 14:30:50.397 I/AudioTrack( 2503): isLongTimeZoreData zoer date time 15 Seconds
09-01 14:30:50.450 D/OemNetd (  679): setLimit: enable, rate=3227614
09-01 14:30:50.676 I/chatty  (19843): uid=1002(bluetooth) POSIX timer 4 expire 1 line
09-01 14:30:50.702 I/MiuiNetworkPolicy( 1639): bandwidth: 0 KB/s, Max bandwidth: 3727 KB/s
09-01 14:30:51.215 I/appium  ( 8902): AndroidServer created on port 6790
09-01 14:30:51.215 I/appium  ( 8902): io.appium.uiautomator2.server started:
09-01 14:30:51.221 D/StackScroller(29730): applyCurrentState
09-01 14:30:51.230 V/SettingsProvider( 1639): Notifying for 0: content://settings/secure/accessibility_enabled
09-01 14:30:51.262 I/appium  ( 8902): Started UiAutomator2 io.appium.uiautomator2.http io.appium.uiautomator2.server on port 6790
09-01 14:30:51.285 E/adbd    (16935): failed to connect to socket 'tcp:6790': Connection refused
09-01 14:30:51.306 W/tomator2.serve( 8902): Accessing hidden method Lsun/misc/Unsafe;->allocateMemory(J)J (greylist, linking, allowed)
09-01 14:30:51.306 W/tomator2.serve( 8902): Accessing hidden method Lsun/misc/Unsafe;->freeMemory(J)V (greylist, linking, allowed)
09-01 14:30:51.306 W/tomator2.serve( 8902): Accessing hidden method Lsun/misc/Unsafe;->addressSize()I (greylist, linking, allowed)
09-01 14:30:51.306 W/tomator2.serve( 8902): Accessing hidden method Lsun/misc/Unsafe;->arrayBaseOffset(Ljava/lang/Class;)I (greylist,core-platform-api, linking, allowed)
09-01 14:30:51.307 W/tomator2.serve( 8902): Accessing hidden method Lsun/misc/Unsafe;->copyMemory(JJJ)V (greylist, linking, allowed)
09-01 14:30:51.307 W/tomator2.serve( 8902): Accessing hidden method Lsun/misc/Unsafe;->getByte(J)B (greylist,core-platform-api, linking, allowed)
09-01 14:30:51.307 W/tomator2.serve( 8902): Accessing hidden method Lsun/misc/Unsafe;->getByte(Ljava/lang/Object;J)B (greylist,core-platform-api, linking, allowed)
09-01 14:30:51.307 W/tomator2.serve( 8902): Accessing hidden method Lsun/misc/Unsafe;->getInt(J)I (greylist, linking, allowed)
09-01 14:30:51.307 W/tomator2.serve( 8902): Accessing hidden method Lsun/misc/Unsafe;->getInt(Ljava/lang/Object;J)I (greylist, linking, allowed)
09-01 14:30:51.307 W/tomator2.serve( 8902): Accessing hidden method Lsun/misc/Unsafe;->getLong(J)J (greylist,core-platform-api, linking, allowed)
09-01 14:30:51.307 W/tomator2.serve( 8902): Accessing hidden method Lsun/misc/Unsafe;->getLong(Ljava/lang/Object;J)J (greylist,core-platform-api, linking, allowed)
09-01 14:30:51.307 W/tomator2.serve( 8902): Accessing hidden method Lsun/misc/Unsafe;->getObject(Ljava/lang/Object;J)Ljava/lang/Object; (greylist, linking, allowed)
09-01 14:30:51.307 W/tomator2.serve( 8902): Accessing hidden method Lsun/misc/Unsafe;->getObjectVolatile(Ljava/lang/Object;J)Ljava/lang/Object; (greylist, linking, allowed)
09-01 14:30:51.307 W/tomator2.serve( 8902): Accessing hidden method Lsun/misc/Unsafe;->getShort(J)S (greylist, linking, allowed)
09-01 14:30:51.307 W/tomator2.serve( 8902): Accessing hidden method Lsun/misc/Unsafe;->getShort(Ljava/lang/Object;J)S (greylist, linking, allowed)
09-01 14:30:51.307 W/tomator2.serve( 8902): Accessing hidden method Lsun/misc/Unsafe;->objectFieldOffset(Ljava/lang/reflect/Field;)J (greylist,core-platform-api, linking, allowed)
09-01 14:30:51.307 W/tomator2.serve( 8902): Accessing hidden method Lsun/misc/Unsafe;->putByte(JB)V (greylist,core-platform-api, linking, allowed)
09-01 14:30:51.307 W/tomator2.serve( 8902): Accessing hidden method Lsun/misc/Unsafe;->putByte(Ljava/lang/Object;JB)V (greylist,core-platform-api, linking, allowed)
09-01 14:30:51.307 W/tomator2.serve( 8902): Accessing hidden method Lsun/misc/Unsafe;->putInt(JI)V (greylist, linking, allowed)
09-01 14:30:51.307 W/tomator2.serve( 8902): Accessing hidden method Lsun/misc/Unsafe;->putInt(Ljava/lang/Object;JI)V (greylist, linking, allowed)
09-01 14:30:51.307 W/tomator2.serve( 8902): Accessing hidden method Lsun/misc/Unsafe;->putLong(JJ)V (greylist, linking, allowed)
09-01 14:30:51.307 W/tomator2.serve( 8902): Accessing hidden method Lsun/misc/Unsafe;->putLong(Ljava/lang/Object;JJ)V (greylist, linking, allowed)
09-01 14:30:51.307 W/tomator2.serve( 8902): Accessing hidden method Lsun/misc/Unsafe;->putOrderedObject(Ljava/lang/Object;JLjava/lang/Object;)V (greylist, linking, allowed)
09-01 14:30:51.307 W/tomator2.serve( 8902): Accessing hidden method Lsun/misc/Unsafe;->putShort(JS)V (greylist, linking, allowed)
09-01 14:30:51.307 W/tomator2.serve( 8902): Accessing hidden method Lsun/misc/Unsafe;->putShort(Ljava/lang/Object;JS)V (greylist, linking, allowed)
09-01 14:30:51.307 W/tomator2.serve( 8902): Accessing hidden method Lsun/misc/Unsafe;->setMemory(JJB)V (greylist, linking, allowed)
09-01 14:30:51.308 W/tomator2.serve( 8902): Accessing hidden field Ljava/nio/Buffer;->address:J (greylist, reflection, allowed)
09-01 14:30:51.308 W/tomator2.serve( 8902): Accessing hidden field Lsun/misc/Unsafe;->theUnsafe:Lsun/misc/Unsafe; (greylist, reflection, allowed)
09-01 14:30:51.309 W/tomator2.serve( 8902): Accessing hidden method Lsun/misc/VM;->maxDirectMemory()J (greylist, reflection, allowed)
09-01 14:30:51.316 W/tomator2.serve( 8902): Accessing hidden field Lsun/nio/ch/SelectorImpl;->selectedKeys:Ljava/util/Set; (greylist, reflection, allowed)
09-01 14:30:51.317 W/tomator2.serve( 8902): Accessing hidden field Lsun/nio/ch/SelectorImpl;->publicSelectedKeys:Ljava/util/Set; (greylist, reflection, allowed)
09-01 14:30:51.330 W/Thread-4( 8902): type=1400 audit(0.0:63823): avc: denied { read } for name="somaxconn" dev="proc" ino=7220655 scontext=u:r:untrusted_app_27:s0:c224,c256,c512,c768 tcontext=u:object_r:proc_net:s0 tclass=file permissive=0 app=io.appium.uiautomator2.server
09-01 14:30:51.412 I/AudioTrack( 2503): isLongTimeZoreData zoer date time 16 Seconds
09-01 14:30:52.371 I/appium  ( 8902): channel read invoked!
09-01 14:30:52.371 I/appium  ( 8902): channel read: GET /wd/hub/status
09-01 14:30:52.375 I/appium  ( 8902): AppiumResponse: {"sessionId":"None","value":{"ready":true,"message":"UiAutomator2 Server is ready to accept commands"}}
09-01 14:30:52.385 I/appium  ( 8902): channel read invoked!
09-01 14:30:52.386 I/appium  ( 8902): channel read: POST /wd/hub/session
09-01 14:30:52.390 W/tomator2.serve( 8902): Accessing hidden field Landroid/app/UiAutomation;->mOnAccessibilityEventListener:Landroid/app/UiAutomation$OnAccessibilityEventListener; (greylist-max-o, reflection, allowed)
09-01 14:30:52.390 I/appium  ( 8902): Created the new session with SessionID: ad6d0c78-5f6e-4b34-a966-5b7ce44708b4
09-01 14:30:52.391 I/appium  ( 8902): AppiumResponse: {"sessionId":"ad6d0c78-5f6e-4b34-a966-5b7ce44708b4","value":{"sessionId":"ad6d0c78-5f6e-4b34-a966-5b7ce44708b4","capabilities":{"firstMatch":[{"platform":"LINUX","webStorageEnabled":false,"takesScreenshot":true,"javascriptEnabled":true,"databaseEnabled":false,"networkConnectionEnabled":true,"loca...
09-01 14:30:52.428 I/AudioTrack( 2503): isLongTimeZoreData zoer date time 17 Seconds
09-01 14:30:52.453 I/appium  ( 8902): channel read invoked!
09-01 14:30:52.453 I/appium  ( 8902): channel read: GET /wd/hub/session/ad6d0c78-5f6e-4b34-a966-5b7ce44708b4/appium/device/info
09-01 14:30:52.453 I/appium  ( 8902): Get Device Info command
09-01 14:30:52.466 W/tomator2.serve( 8902): Accessing hidden field Landroid/net/NetworkCapabilities;->mSignalStrength:I (greylist-max-p, reflection, allowed)
09-01 14:30:52.466 W/tomator2.serve( 8902): Accessing hidden field Landroid/net/NetworkCapabilities;->mNetworkSpecifier:Landroid/net/NetworkSpecifier; (greylist-max-o, reflection, allowed)
09-01 14:30:52.466 W/tomator2.serve( 8902): Accessing hidden field Landroid/net/NetworkCapabilities;->mSSID:Ljava/lang/String; (greylist-max-o, reflection, allowed)
09-01 14:30:52.473 I/appium  ( 8902): AppiumResponse: {"sessionId":"ad6d0c78-5f6e-4b34-a966-5b7ce44708b4","value":{"androidId":"189d1757d16bcd28","manufacturer":"Xiaomi","model":"Redmi K20 Pro","brand":"Xiaomi","apiVersion":"29","platformVersion":"10","carrierName":"小米移动","realDisplaySize":"1080x2340","displayDensity":440,"networks":[{"type":1,"type...
09-01 14:30:52.556 D/MessageMonitor( 1639): Dump Looper message took 1ms
09-01 14:30:52.765 I/ActivityManager( 1639): Force stopping com.xiaomi.hm.health appid=10241 user=0: from process:8945
09-01 14:30:52.559 D/MessageMonitor( 1639): Dump Looper message took 1ms
09-01 14:30:52.777 E/PhoneInterfaceManager( 2698): [PhoneIntfMgr] getCarrierPackageNamesForIntent: No UICC
09-01 14:30:52.777 D/CarrierSvcBindHelper( 2698): No carrier app for: 0
09-01 14:30:52.781 D/CarrierSvcBindHelper( 2698): No carrier app for: 1
09-01 14:30:52.789 D/RegisteredServicesCache( 4689):  Reading service state data always from file
09-01 14:30:52.790 D/RegisteredServicesCache( 4689): ServiceStateFileVersion=1.0
09-01 14:30:52.790 E/RegisteredServicesCache( 4689): Next Tag=services
09-01 14:30:52.790 E/RegisteredServicesCache( 4689): 1invalidateCache:WriteServiceStateToFile
09-01 14:30:52.790 E/RegisteredServicesCache( 4689):  Writing service state Data Always
09-01 14:30:52.802 E/RegisteredAidCache( 4689): updateRoutingLocked(): enter...
09-01 14:30:52.802 D/NfcService( 4689): defaultMifareCLTRoute : 315
09-01 14:30:52.802 D/RegisteredAidCache( 4689):  AID power stateB0693789675600247817route0
09-01 14:30:52.802 D/NfcService( 4689): defaultAidRoute : 315
09-01 14:30:52.802 D/NfcService( 4689): GetDefaultRouteLoc  :1
09-01 14:30:52.802 D/NfcService( 4689): defaultAidRoute : 315
09-01 14:30:52.802 D/NfcService( 4689): GetDefaultRouteLoc  :1
09-01 14:30:52.802 E/AidRoutingManager( 4689): Size of routing table970
09-01 14:30:52.803 E/RegisteredAidCache( 4689): updateRoutingLocked(): exit...
09-01 14:30:52.804 D/RegisteredNfcFServicesCache( 4689): Service unchanged, not updating
09-01 14:30:53.022 W/ActivityTaskManager( 1639): aInfo is null for resolve intent: Intent { act=android.intent.action.MAIN cat=[android.intent.category.LAUNCHER] flg=0x10200000 cmp=com.xiaomi.hm.health/activity.StartUpActivity }
09-01 14:30:53.022 W/ActivityTaskManagerServiceInjector( 1639): Intent or aInfo is null!
09-01 14:30:53.022 I/ActivityTaskManager( 1639): START u0 {act=android.intent.action.MAIN cat=[android.intent.category.LAUNCHER] flg=0x10200000 cmp=com.xiaomi.hm.health/activity.StartUpActivity} from uid 2000
09-01 14:30:53.024 W/BpBinder( 8945): Slow Binder: BpBinder transact took 262ms, interface=android.app.IActivityManager, code=1598246212 oneway=false
09-01 14:30:53.115 I/ActivityManager( 1639): Force stopping com.xiaomi.hm.health appid=10241 user=0: from process:8950
09-01 14:30:53.123 E/PhoneInterfaceManager( 2698): [PhoneIntfMgr] getCarrierPackageNamesForIntent: No UICC
09-01 14:30:53.124 D/CarrierSvcBindHelper( 2698): No carrier app for: 0
09-01 14:30:53.129 D/CarrierSvcBindHelper( 2698): No carrier app for: 1
09-01 14:30:53.137 D/RegisteredServicesCache( 4689):  Reading service state data always from file
09-01 14:30:53.138 D/RegisteredServicesCache( 4689): ServiceStateFileVersion=1.0
09-01 14:30:53.138 E/RegisteredServicesCache( 4689): Next Tag=services
09-01 14:30:53.138 E/RegisteredServicesCache( 4689): 1invalidateCache:WriteServiceStateToFile
09-01 14:30:53.138 E/RegisteredServicesCache( 4689):  Writing service state Data Always
09-01 14:30:53.147 E/RegisteredAidCache( 4689): updateRoutingLocked(): enter...
09-01 14:30:53.147 D/NfcService( 4689): defaultMifareCLTRoute : 315
09-01 14:30:53.147 D/RegisteredAidCache( 4689):  AID power stateB0693789675600247817route0
09-01 14:30:53.147 D/NfcService( 4689): defaultAidRoute : 315
09-01 14:30:53.147 D/NfcService( 4689): GetDefaultRouteLoc  :1
09-01 14:30:53.147 D/NfcService( 4689): defaultAidRoute : 315
09-01 14:30:53.147 D/NfcService( 4689): GetDefaultRouteLoc  :1
09-01 14:30:53.147 E/AidRoutingManager( 4689): Size of routing table970
09-01 14:30:53.147 E/RegisteredAidCache( 4689): updateRoutingLocked(): exit...
09-01 14:30:53.148 D/RegisteredNfcFServicesCache( 4689): Service unchanged, not updating
09-01 14:30:53.372 I/SplashScreenServiceDelegate( 1639): None for com.xiaomi.hm.health
09-01 14:30:53.372 I/ActivityTaskManager( 1639): START u0 {act=android.intent.action.MAIN cat=[android.intent.category.LAUNCHER] flg=0x10200000 cmp=com.xiaomi.hm.health/.activity.StartUpActivity} from uid 2000
09-01 14:30:53.379 E/ANDR-PERF-JNI( 1639): com_qualcomm_qtiperformance_native_perf_io_prefetch_start
09-01 14:30:53.379 E/ANDR-PERF-LM(  809): AdaptLaunchAction:: applyAction() 151: Failed to aquire perflock, handle = -1
09-01 14:30:53.395 D/CompatibilityInfo( 1639): mCompatibilityFlags - 0
09-01 14:30:53.395 D/CompatibilityInfo( 1639): applicationDensity - 440
09-01 14:30:53.395 D/CompatibilityInfo( 1639): applicationScale - 1.0
09-01 14:30:53.396 D/ActivityTrigger( 1639): ActivityTrigger activityPauseTrigger 
09-01 14:30:53.397 E/ANDR-IOP( 2131): io prefetch is disabled
09-01 14:30:53.403 D/Launcher.Lifecycle( 7676): onPause:UserHandle{0},93e149d,true
09-01 14:30:53.403 D/Launcher_UnlockAnimationStateMachine( 7676): setState:PAUSE_WAIT
09-01 14:30:53.404 D/ScreenElementRoot( 7676): pause
09-01 14:30:53.404 D/ScreenElementRoot( 7676): pause
09-01 14:30:53.406 I/NotifierManager( 7676): onUnregister: miui.maml.NotifierManager$MultiBroadcastNotifier@bb30fa3
09-01 14:30:53.406 I/RenderThread( 7676): RenderThread paused, waiting for signal
09-01 14:30:53.416 D/BufferQueueLayer(  881): Launcher new frame Arrived
09-01 14:30:53.417 D/StatusBarClockController( 7676): show status bar clock
09-01 14:30:53.420 D/Launcher_WallpaperUtils( 7676): changeStatusBarMode:false
09-01 14:30:53.432 D/Zygote  (  680): Forked child process 8957
09-01 14:30:53.438 D/Boost   ( 1639): hostingType=activity, hostingName={com.xiaomi.hm.health/com.xiaomi.hm.health.activity.StartUpActivity}, callerPackage=null, isSystem=true, isBoostNeeded=false.
09-01 14:30:53.439 D/OemNetd (  679): setPidForPackage: packageName=com.xiaomi.hm.health, pid=8957, pid=10241
09-01 14:30:53.439 I/ActivityManager( 1639): Start proc 8957:com.xiaomi.hm.health/u0a241 for activity {com.xiaomi.hm.health/com.xiaomi.hm.health.activity.StartUpActivity} caller=null
09-01 14:30:53.444 I/AudioTrack( 2503): isLongTimeZoreData zoer date time 18 Seconds
09-01 14:30:53.444 D/CompatibilityInfo( 1639): mCompatibilityFlags - 0
09-01 14:30:53.445 D/CompatibilityInfo( 1639): applicationDensity - 440
09-01 14:30:53.445 D/CompatibilityInfo( 1639): applicationScale - 1.0
09-01 14:30:53.447 D/CompatibilityInfo( 1639): mCompatibilityFlags - 0
09-01 14:30:53.447 D/CompatibilityInfo( 1639): applicationDensity - 440
09-01 14:30:53.447 D/CompatibilityInfo( 1639): applicationScale - 1.0
09-01 14:30:53.447 D/WindowManager( 1639): Input focus has changed to null
09-01 14:30:53.448 I/qspmsvc-client( 1639): inside perf_hint_qspm
09-01 14:30:53.448 D/PowerKeeper( 6417): PerfEngineController:ForegroundInfo{mForegroundPackageName='com.xiaomi.hm.health', mForegroundUid=10241, mForegroundPid=8957, mLastForegroundPackageName='com.miui.home', mLastForegroundUid=10090, mLastForegroundPid=7676, mMultiWindowForegroundPackageName='null', mMultiWindowForegroundUid=-1, mFlags=1}
09-01 14:30:53.448 D/ProcessObserver( 6417): onScreenAppChanged, FgUid: 10241, FgPackageName: com.xiaomi.hm.health
09-01 14:30:53.448 D/ProcessObserver( 6417): onScreenAppChanged, PreTaskUid: 10090, PreTaskPackageName: com.miui.home
09-01 14:30:53.448 D/ProcessObserver( 6417): Uid: 10241 Foreground
09-01 14:30:53.448 D/PowerKeeper( 6417): PowerStateMachine:Enter power state id=0 name=normal
09-01 14:30:53.449 D/AppActiveChecker( 6417): updateDownloadStateForFgUidChangedLocked, mScreenOn = true uid = 10241 foreground = true
09-01 14:30:53.449 D/PowerCheckerService( 6417): updateForFgUidChangedLocked, mScreenOn = true uid = 10241 foreground = true
09-01 14:30:53.449 D/AppActiveChecker( 6417): removeMessages: hasMessage, uid = 10241
09-01 14:30:53.449 I/ProcessMonitor( 5237): onForegroundInfoChanged: ForegroundInfo{mForegroundPackageName='com.xiaomi.hm.health', mForegroundUid=10241, mForegroundPid=8957, mLastForegroundPackageName='com.miui.home', mLastForegroundUid=10090, mLastForegroundPid=7676, mMultiWindowForegroundPackageName='null', mMultiWindowForegroundUid=-1, mFlags=1}
09-01 14:30:53.449 D/DeviceIdleAppRuleChecker( 6417): updateStateForInteractiveUidChangedLocked: uid = 10241 foreground = true
09-01 14:30:53.449 I/GameBoosterService( 5237): onForegroundInfoChanged: Cur=com.xiaomi.hm.health	 last=com.miui.home
09-01 14:30:53.449 D/KillProcessAppRuleChecker( 6417): updateStateForInteractiveUidChangedLocked: uid = 10241 foreground = true
09-01 14:30:53.449 D/HideModeStateMachine( 6417): updateForForegroundUidChangedLocked: uid = 10241 foreground = true
09-01 14:30:53.449 I/HideModeStateMachine( 6417): Uid: 10241 State: inactive_level_1st |-> setForegroundActive
09-01 14:30:53.449 I/HideModeStateMachine( 6417): Uid: 10241 State: inactive_level_1st Feature: location |-> setSubStateForegroundActive
09-01 14:30:53.449 I/HideModeStateMachine( 6417): Uid: 10241 State: inactive_level_1st Feature: sensor |-> setSubStateForegroundActive
09-01 14:30:53.449 I/HideModeStateMachine( 6417): Uid: 10241 State: inactive_level_1st Feature: appIdle |-> setSubStateForegroundActive
09-01 14:30:53.449 I/HideModeStateMachine( 6417): Uid: 10241 State: active |-> setForegroundActive
09-01 14:30:53.449 D/ActiveStateController( 6417): updateStateForFgUidChangedLocked: uid = 10241 foreground = true
09-01 14:30:53.449 D/ActiveStateController( 6417): updateRuleForUidLocked, uid = 10241 property = 0
09-01 14:30:53.450 D/PowerChecker.BaStats( 6417): uid = 10241, uidForeground = true, lastBytes = 64513091, curBytes = 64515001, deltaBytes = 1910
09-01 14:30:53.451 I/octvm_power( 3400): power mode [normal] start 1598941853
09-01 14:30:53.451 I/octvm_drv( 3400): common drv: get_current_battery_uAh will return 0
09-01 14:30:53.451 I/octvm_power( 3400): Action: set_bcbc_cust_state(disable) for [foreground_change]
09-01 14:30:53.452 I/Timeline( 1639): Timeline: App_transition_ready time:211419469
09-01 14:30:53.452 D/PowerKeeperConfigureProvider( 6417): appActiveTable insert 569
09-01 14:30:53.453 D/GameBoosterService( 5237): onGameStatusChange foreground:ForegroundInfo{mForegroundPackageName='com.xiaomi.hm.health', mForegroundUid=10241, mForegroundPid=8957, mLastForegroundPackageName='com.miui.home', mLastForegroundUid=10090, mLastForegroundPid=7676, mMultiWindowForegroundPackageName='null', mMultiWindowForegroundUid=-1, mFlags=1}
09-01 14:30:53.453 I/GameBoosterService( 5237): onForegroundInfoChanged: Exit
09-01 14:30:53.453 I/VideoBoxUtils( 5237): isSupportVideoBox: false
09-01 14:30:53.453 D/DisplayFeatureHal(  825): setFeatureEnable(displayId=0 caseId=18 modeId=0 cookie=0)
09-01 14:30:53.453 D/DisplayFeatureHal(  825): current wcg state 0, setting to 0
09-01 14:30:53.453 D/DisplayFeatureHal(  825): notifySFWcgState enable = 0
09-01 14:30:53.453 I/VideoToolBoxService( 5237): onForegroundInfoChanged: Exit Vtb
09-01 14:30:53.453 I/SDM     (  784): CoreInterface::SetWCGStatus: SetWCGStatus wcg enable 0
09-01 14:30:53.453 I/set_top_app( 1639): success /proc/8957/top_app:1
09-01 14:30:53.454 D/DisplayFeatureHal(  825): notifyQservice cmd 48 value 0 ret 0
09-01 14:30:53.454 I/set_top_app( 1639): success /proc/7676/top_app:0
09-01 14:30:53.454 I/set_top_app( 1639): success /proc/13261/top_app:0
09-01 14:30:53.454 I/octvm_drv_xm( 3400): platform_set_bcbc_cust_state disable success
09-01 14:30:53.454 I/octvm_power( 3400): Action: set_dfps_cust_state(disable) for [foreground_change]
09-01 14:30:53.454 I/octvm_drv( 3400): common drv: platform_set_dfps_cust_state -> platform not support
09-01 14:30:53.454 I/octvm_power( 3400): Action: set_lcd_mode(default) for [foreground_change]
09-01 14:30:53.455 D/DisplayFeatureHal(  825): HandleBCBCCustom  enable:0
09-01 14:30:53.455 D/Launcher.Lifecycle( 7676): onWindowFocusChanged:false,UserHandle{0},93e149d,true
09-01 14:30:53.457 D/DisplayFeatureHal(  825): setFeatureEnable(displayId=0 caseId=7 modeId=1 cookie=0)
09-01 14:30:53.457 D/DisplayFeatureHal(  825): current wcg state 0, setting to 0
09-01 14:30:53.457 D/DisplayFeatureHal(  825): notifySFWcgState enable = 0
09-01 14:30:53.458 I/SDM     (  784): CoreInterface::SetWCGStatus: SetWCGStatus wcg enable 0
09-01 14:30:53.458 D/DisplayFeatureHal(  825): notifyQservice cmd 48 value 0 ret 0
09-01 14:30:53.458 D/DisplayFeatureHal(  825): HandleCabcModeCustom enter 1 0
09-01 14:30:53.458 W/DisplayFeatureHal(  825): ---skip setting acl feature currently, return!
09-01 14:30:53.458 D/DisplayFeatureHal(  825): HandleCabcModeCustom exit 0x1000
09-01 14:30:53.459 I/octvm_drv_xm( 3400): platform_set_lcd_mode default(1) success
09-01 14:30:53.459 I/octvm_power( 3400): Action: set_thermal_config(restore) for [foreground_change]
09-01 14:30:53.460 I/octvm_drv( 3400): platform_set_thermal_mode cur_global_config:[], target mode:[restore], profile=0, ret=0
09-01 14:30:53.461 V/UidProcStateHelper( 1639): foreground changed:[8957,10241,true]
09-01 14:30:53.462 D/ProcessObserver( 6417): onForegroundActivitiesChanged, pid: 8957 uid: 10241 foregroundActivities: true
