09-01 14:30:55.115 E/ResolverController(  679): No valid NAT64 prefix (116, <unspecified>/0)
09-01 14:30:55.120 D/PowerKeeperPolicy( 1639): startLeScan: BleScanWrapper[mClientIf = 18 mPendingIntent=null] uid=10241
09-01 14:30:55.120 D/PowerKeeperPolicy( 1639): uid = 10241 setAllowed, allowed = true
09-01 14:30:55.120 D/PowerKeeperPolicy( 1639): uid = 10241 setScanning, scanning = true
09-01 14:30:55.120 D/PowerKeeperPolicy( 1639): startLeScan, uid = 10241 is scanning
09-01 14:30:55.141 W/AsyncHttpResponse( 8957): Current thread has not called Looper.prepare().Forcing synchronous mode
09-01 14:30:55.142 E/ResolverController(  679): No valid NAT64 prefix (116, <unspecified>/0)
09-01 14:30:55.154 V/AsyncHttpResponse( 8957): Progress 3 from 3 (100%)
09-01 14:30:55.162 W/Looper  ( 8957): Slow Looper main: Activity com.xiaomi.hm.health/.activity.StartUpActivity is 1436ms late (wall=236ms running=193ms ClientTransaction{ callbacks=[android.app.servertransaction.LaunchActivityItem] lifecycleRequest=android.app.servertransaction.ResumeActivityItem }) because of 1 msg, msg 1 took 1470ms (seq=2 running=1128ms runnable=16ms io=2ms late=1ms h=android.app.ActivityThread$H w=110)
09-01 14:30:55.162 W/Looper  ( 8957): Slow Looper main: Activity com.xiaomi.hm.health/.activity.StartUpActivity is 1673ms late (wall=0ms running=0ms ClientTransaction{ callbacks=[android.app.servertransaction.TopResumedActivityChangeItem] }) because of 2 msg, msg 1 took 1470ms (seq=2 running=1128ms runnable=16ms io=2ms late=1ms h=android.app.ActivityThread$H w=110), msg 2 took 236ms (seq=3 running=193ms runnable=19ms late=1436ms h=android.app.ActivityThread$H w=159)
09-01 14:30:55.162 D/RecentsImpl( 7676): mActivityStateObserver com.xiaomi.hm.health.activity.StartUpActivity
09-01 14:30:55.164 W/AsyncHttpResponse( 8957): Current thread has not called Looper.prepare().Forcing synchronous mode
09-01 14:30:55.169 W/System.err( 8957): java.lang.Exception: visitor login failed
09-01 14:30:55.169 W/System.err( 8957): 	at com.weibo.ssosdk.WeiboSsoSdk.O00000o0(WeiboSsoSdk.java:363)
09-01 14:30:55.169 W/System.err( 8957): 	at com.sina.weibo.sdk.sso.WeiboSsoManager.initAid(WeiboSsoManager.java:42)
09-01 14:30:55.169 W/System.err( 8957): 	at com.sina.weibo.sdk.sso.WeiboSsoManager.init(WeiboSsoManager.java:37)
09-01 14:30:55.169 W/System.err( 8957): 	at com.sina.weibo.sdk.WbSdk.install(WbSdk.java:33)
09-01 14:30:55.169 W/System.err( 8957): 	at com.xiaomi.hm.health.thirdbind.weibo.O0000o00.O0000OOo(WeiboHealthManager.java:66)
09-01 14:30:55.169 W/System.err( 8957): 	at com.xiaomi.hm.health.thirdbind.weibo.O0000o00.lambda$r2nmmGVVG8XJLLJhw5-DZnsP8Rs(Unknown Source:0)
09-01 14:30:55.169 W/System.err( 8957): 	at com.xiaomi.hm.health.thirdbind.weibo.-$$Lambda$O0000o00$r2nmmGVVG8XJLLJhw5-DZnsP8Rs.run(Unknown Source:2)
09-01 14:30:55.169 W/System.err( 8957): 	at java.util.concurrent.ThreadPoolExecutor.runWorker(ThreadPoolExecutor.java:1167)
09-01 14:30:55.169 W/System.err( 8957): 	at java.util.concurrent.ThreadPoolExecutor$Worker.run(ThreadPoolExecutor.java:641)
09-01 14:30:55.169 W/System.err( 8957): 	at java.lang.Thread.run(Thread.java:919)
09-01 14:30:55.218 V/AsyncHttpResponse( 8957): Progress 50 from 50 (100%)
09-01 14:30:55.226 D/Event   ( 8957): No subscribers registered for event class com.xiaomi.hm.health.O0000o00.O00O00o
09-01 14:30:55.226 D/Event   ( 8957): No subscribers registered for event class O00000Oo.O000000o.O000000o.O0000Oo0
09-01 14:30:55.235 I/chatty  ( 8588): uid=1002(bluetooth) BT Service Call expire 155 lines
09-01 14:30:55.248 I/Timeline( 1639): Timeline: App_transition_ready time:211421265
09-01 14:30:55.249 I/Timeline( 1639): Timeline: App_transition_ready time:211421266
09-01 14:30:55.249 D/WindowManager( 1639): Input focus has changed to Window{72f09d6 u0 com.xiaomi.hm.health/com.xiaomi.hm.health.activity.StartUpActivity}
09-01 14:30:55.251 I/AdrenoGLES( 8957): QUALCOMM build                   : e0436c5, Ib165d46056
09-01 14:30:55.251 I/AdrenoGLES( 8957): Build Date                       : 09/10/19
09-01 14:30:55.251 I/AdrenoGLES( 8957): OpenGL ES Shader Compiler Version: EV031.27.05.01
09-01 14:30:55.251 I/AdrenoGLES( 8957): Local Branch                     : 
09-01 14:30:55.251 I/AdrenoGLES( 8957): Remote Branch                    : quic/gfx-adreno.lnx.1.0.r74-rel
09-01 14:30:55.251 I/AdrenoGLES( 8957): Remote Branch                    : NONE
09-01 14:30:55.251 I/AdrenoGLES( 8957): Reconstruct Branch               : NOTHING
09-01 14:30:55.251 I/AdrenoGLES( 8957): Build Config                     : S P 8.0.11 AArch64
09-01 14:30:55.253 I/AdrenoGLES( 8957): PFP: 0x016ee187, ME: 0x00000000
09-01 14:30:55.253 I/chatty  ( 8588): uid=1002(bluetooth) btu message loo expire 97 lines
09-01 14:30:55.254 W/AdrenoUtils( 8957): <ReadGpuID_from_sysfs:194>: Failed to open /sys/class/kgsl/kgsl-3d0/gpu_model
09-01 14:30:55.254 W/AdrenoUtils( 8957): <ReadGpuID:218>: Failed to read chip ID from gpu_model. Fallback to use the GSL path
09-01 14:30:55.250 W/RenderThread( 8957): type=1400 audit(0.0:63836): avc: denied { search } for name="kgsl" dev="sysfs" ino=55624 scontext=u:r:untrusted_app:s0:c241,c256,c512,c768 tcontext=u:object_r:sysfs_kgsl:s0 tclass=dir permissive=0 app=com.xiaomi.hm.health
09-01 14:30:55.270 I/hwservicemanager(  573): getTransport: Cannot find entry android.hardware.graphics.mapper@3.0::IMapper/default in either framework or device manifest.
09-01 14:30:55.270 W/Gralloc3( 8957): mapper 3.x is not supported
09-01 14:30:55.286 W/Parcel  ( 5237): **** enforceInterface() expected 'com.miui.gamebooster.service.ISecurityCenterNotificationListener' but read 'android.service.notification.INotificationListener'
09-01 14:30:55.287 W/Binder  ( 5237): Caught a RuntimeException from the binder stub implementation.
09-01 14:30:55.287 W/Binder  ( 5237): java.lang.SecurityException: Binder invocation to an incorrect interface
09-01 14:30:55.287 W/Binder  ( 5237): 	at android.os.Parcel.nativeEnforceInterface(Native Method)
09-01 14:30:55.287 W/Binder  ( 5237): 	at android.os.Parcel.enforceInterface(Parcel.java:626)
09-01 14:30:55.287 W/Binder  ( 5237): 	at com.miui.gamebooster.service.ISecurityCenterNotificationListener$Stub.onTransact(Unknown Source:22)
09-01 14:30:55.287 W/Binder  ( 5237): 	at android.os.Binder.execTransactInternal(Binder.java:1021)
09-01 14:30:55.287 W/Binder  ( 5237): 	at android.os.Binder.execTransact(Binder.java:994)
09-01 14:30:55.287 V/onNotificationPostedCallBack( 5237): flags=98
09-01 14:30:55.288 I/Timeline( 1639): Timeline: App_transition_ready time:211421305
09-01 14:30:55.290 V/j       ( 5237): ret=0
09-01 14:30:55.291 D/StatusBar(29730): disable<e i a s b h r c s > disable2<q i n g r >
09-01 14:30:55.292 W/BpBinder( 8950): Slow Binder: BpBinder transact took 2180ms, interface=android.app.IActivityManager, code=1598246212 oneway=false
09-01 14:30:55.294 D/PhoneStatusBar/NavigationBarView(29730): setDisabledFlags back:false home:false recent:false
09-01 14:30:55.294 D/StatusBarClock(29730):  isNormalMode= true clock visible=true
09-01 14:30:55.296 D/IMReply:Notif(22367): onNotificationPosted before sbn = 4
09-01 14:30:55.300 D/AudioManager( 8957): getStreamVolume isRestricted mode = 0
09-01 14:30:55.301 I/DeviceCenter( 8957): onServiceConnected
09-01 14:30:55.301 I/DeviceCenter( 8957): onServiceConnected....out
09-01 14:30:55.301 D/PhoneStatusBar/NavigationBarView(29730): onDraw
09-01 14:30:55.301 W/Parcel  ( 5237): **** enforceInterface() expected 'com.miui.gamebooster.service.ISecurityCenterNotificationListener' but read 'android.service.notification.INotificationListener'
09-01 14:30:55.302 W/Binder  ( 5237): Caught a RuntimeException from the binder stub implementation.
09-01 14:30:55.302 W/Binder  ( 5237): java.lang.SecurityException: Binder invocation to an incorrect interface
09-01 14:30:55.302 W/Binder  ( 5237): 	at android.os.Parcel.nativeEnforceInterface(Native Method)
09-01 14:30:55.302 W/Binder  ( 5237): 	at android.os.Parcel.enforceInterface(Parcel.java:626)
09-01 14:30:55.302 W/Binder  ( 5237): 	at com.miui.gamebooster.service.ISecurityCenterNotificationListener$Stub.onTransact(Unknown Source:22)
09-01 14:30:55.302 W/Binder  ( 5237): 	at android.os.Binder.execTransactInternal(Binder.java:1021)
09-01 14:30:55.302 W/Binder  ( 5237): 	at android.os.Binder.execTransact(Binder.java:994)
09-01 14:30:55.305 D/StatusBar(29730): onNotificationPosted key=0|com.xiaomi.hm.health|4|null|10241 isUpdate=false
09-01 14:30:55.307 D/IMReply:Notif(22367): onNotificationPosted before sbn = 4
09-01 14:30:55.309 I/ActivityTaskManager( 1639): Displayed com.xiaomi.hm.health/.activity.StartUpActivity: +1s915ms
09-01 14:30:55.310 D/StatusBar(29730): No peeking: unimportant notification: 0|com.xiaomi.hm.health|4|null|10241
09-01 14:30:55.310 V/onNotificationPostedCallBack( 5237): flags=98
09-01 14:30:55.311 D/StatusBar(29730): onNotificationPosted key=0|com.xiaomi.hm.health|4|null|10241 isUpdate=false
09-01 14:30:55.311 V/j       ( 5237): ret=0
09-01 14:30:55.311 I/appium  ( 8902): channel read invoked!
09-01 14:30:55.311 I/appium  ( 8902): channel read: GET /wd/hub/session/ad6d0c78-5f6e-4b34-a966-5b7ce44708b4/appium/device/pixel_ratio
09-01 14:30:55.312 I/appium  ( 8902): Get device pixel ratio
09-01 14:30:55.313 I/appium  ( 8902): AppiumResponse: {"sessionId":"ad6d0c78-5f6e-4b34-a966-5b7ce44708b4","value":2.75}
09-01 14:30:55.316 D/ExpandableNotificationRow(29730): updateBackground
09-01 14:30:55.318 I/SplashScreenServiceDelegate( 1639): None for com.xiaomi.hm.health
09-01 14:30:55.317 D/ExpandableNotificationRow(29730): updateBackground
09-01 14:30:55.318 V/AsyncHttpResponse( 8957): Progress 76 from 76 (100%)
09-01 14:30:55.319 V/AsyncHttpResponse( 8957): Progress 3 from 3 (100%)
09-01 14:30:55.320 I/chatty  (19843): uid=1002 bluetooth@1.0-s expire 3 lines
09-01 14:30:55.321 I/hwservicemanager(  573): getTransport: Cannot find entry vendor.qti.hardware.servicetracker@1.0::IServicetracker/default in either framework or device manifest.
09-01 14:30:55.322 I/appium  ( 8902): channel read invoked!
09-01 14:30:55.322 I/appium  ( 8902): channel read: GET /wd/hub/session/ad6d0c78-5f6e-4b34-a966-5b7ce44708b4/appium/device/system_bars
09-01 14:30:55.322 D/StatusBar(29730): No peeking: unimportant notification: 0|com.xiaomi.hm.health|4|null|10241
09-01 14:30:55.322 I/appium  ( 8902): Get status bar height of the device
09-01 14:30:55.323 I/appium  ( 8902): AppiumResponse: {"sessionId":"ad6d0c78-5f6e-4b34-a966-5b7ce44708b4","value":{"statusBar":96}}
09-01 14:30:55.324 D/ExpandableNotificationRow(29730): updateBackground
09-01 14:30:55.324 D/ExpandableNotificationRow(29730): updateBackground
09-01 14:30:55.325 D/CompatibilityInfo( 1639): mCompatibilityFlags - 0
09-01 14:30:55.325 D/CompatibilityInfo( 1639): applicationDensity - 440
09-01 14:30:55.325 D/CompatibilityInfo( 1639): applicationScale - 1.0
09-01 14:30:55.325 I/hwservicemanager(  573): getTransport: Cannot find entry vendor.qti.hardware.servicetracker@1.0::IServicetracker/default in either framework or device manifest.
09-01 14:30:55.338 I/appium  ( 8902): channel read invoked!
09-01 14:30:55.338 I/appium  ( 8902): channel read: GET /wd/hub/session/ad6d0c78-5f6e-4b34-a966-5b7ce44708b4/window/current/size
09-01 14:30:55.338 I/appium  ( 8902): Get window size of the device
09-01 14:30:55.340 I/appium  ( 8902): AppiumResponse: {"sessionId":"ad6d0c78-5f6e-4b34-a966-5b7ce44708b4","value":{"height":2210,"width":1080}}
09-01 14:30:55.346 D/AppOpsAdapter( 5211): using permission notify! 32
09-01 14:30:55.354 I/WifiService( 1639): startScan uid=10241
09-01 14:30:55.358 D/ExpandableNotificationRow(29730): updateBackground
09-01 14:30:55.359 D/StatusBar(29730): No peeking: unimportant notification: 0|com.xiaomi.hm.health|4|null|10241
09-01 14:30:55.366 D/AppOpsAdapter( 5211): using permission notify! 32
09-01 14:30:55.366 D/StackScroller(29730): applyCurrentState
09-01 14:30:55.381 D/StackScroller(29730): applyCurrentState
09-01 14:30:55.385 D/AppOpsAdapter( 5211): using permission notify! 32
09-01 14:30:55.390 I//system/vendor/bin/mi_thermald( 1070): thermal_cpu_set_level: set cpu freq of cpu4 to 2016000
09-01 14:30:55.390 I//system/vendor/bin/mi_thermald( 1070): thermal_cpu_set_level: set cpu freq of cpu7 to 2016000
09-01 14:30:55.391 D/AppOpsAdapter( 5211): using permission notify! 32
09-01 14:30:55.407 D/Event   ( 8957): No subscribers registered for event class com.xiaomi.hm.health.locweather.O00000Oo.O000000o
09-01 14:30:55.407 D/Event   ( 8957): No subscribers registered for event class O00000Oo.O000000o.O000000o.O0000Oo0
09-01 14:30:55.412 D/AppOpsAdapter( 5211): using permission notify! 32
09-01 14:30:55.421 V/AsyncHttpResponse( 8957): Progress 97 from 97 (100%)
09-01 14:30:55.434 I/appium  ( 8902): channel read invoked!
09-01 14:30:55.434 I/appium  ( 8902): channel read: POST /wd/hub/session/ad6d0c78-5f6e-4b34-a966-5b7ce44708b4/element
09-01 14:30:55.435 I/appium  ( 8902): Find element command using '-android uiautomator' with selector 'new UiSelector().text("我的")'.
09-01 14:30:55.438 I/appium  ( 8902): Waiting up to 10000ms for device to be idle
09-01 14:30:55.448 D/AppOpsAdapter( 5211): using permission notify! 32
09-01 14:30:55.453 D/AppOpsAdapter( 5211): using permission notify! 32
09-01 14:30:55.455 D/AppOpsAdapter( 5211): using permission notify! 32
09-01 14:30:55.466 I/chatty  ( 8588): uid=1002(bluetooth) BT Service Call expire 175 lines
09-01 14:30:55.468 I/chatty  ( 8588): uid=1002(bluetooth) btu message loo expire 207 lines
09-01 14:30:55.476 I/AudioTrack( 2503): isLongTimeZoreData zoer date time 20 Seconds
09-01 14:30:55.594 I/chatty  ( 8588): uid=1002(bluetooth) BT Service Call expire 127 lines
09-01 14:30:55.597 I/chatty  ( 3272): uid=1002(bluetooth) com.xiaomi.bluetooth expire 1 line
09-01 14:30:55.597 I/Timeline( 1639): Timeline: Activity_windows_visible id: ActivityRecord{a78f225 u0 com.xiaomi.hm.health/.activity.StartUpActivity t484} time:211421614
09-01 14:30:55.599 D/Bluetooth_AIVS_SDK(22367): AIVS:BluetoothBase:onConnection Find device :C3:D4:F4:E3:11:EC not exist.
09-01 14:30:55.600 D/EventBus(29730): [29730, u0] send(AppTransitionFinishedEvent)
09-01 14:30:55.600 D/EventBus(29730): [29730, u0]  -> ForcedResizableInfoActivityController [0xc4c1163, P1] onBusEvent(AppTransitionFinishedEvent)
09-01 14:30:55.600 D/EventBus(29730): [29730, u0] onBusEvent(AppTransitionFinishedEvent) duration: 24 microseconds, avg: 35
09-01 14:30:55.600 W/BluetoothEventManager(29730): AclStateChangedHandler: activeDevice is null
09-01 14:30:55.600 D/BluetoothGatt( 8957): onClientConnectionState() - status=0 clientIf=8 device=C3:D4:F4:E3:11:EC
09-01 14:30:55.603 I/Timeline( 1639): Timeline: App_transition_stopped time:211421620
09-01 14:30:55.605 D/BluetoothGatt( 8957): discoverServices() - device: C3:D4:F4:E3:11:EC
09-01 14:30:55.606 V/AsyncHttpResponse( 8957): Progress 3 from 3 (100%)
09-01 14:30:55.607 I/chatty  ( 8588): uid=1002(bluetooth) Binder:8588_8 expire 1 line
09-01 14:30:55.608 D/CompatibilityInfo( 1639): mCompatibilityFlags - 0
09-01 14:30:55.608 D/CompatibilityInfo( 1639): applicationDensity - 440
09-01 14:30:55.608 D/CompatibilityInfo( 1639): applicationScale - 1.0
09-01 14:30:55.611 D/Bluetooth_AIVS_SDK(22367): AIVS:BluetoothBase:onReceive: ACTION_ACL_CONNECTED,  device : BluetoothDeviceInfo{ mCurrentOpType: 2 Device Ble='Mi Smart Band 5; C3:D4:F4:E3:11:EC vid:0xffff pid:0x ffff MandatoryUpgrade:false channelStatus:0bleStatus:0 sppStatus:0 authStage:0 PowerMode:0 mBackUpMode:-1 FailedReason:0x0}
09-01 14:30:55.615 I/BluetoothProxy(22367): onBleStatus: device = bluetoothDeviceExt{ mCurrentOpType: 2, Device Ble='Mi Smart Band 5; C3:D4:F4:E3:11:EC, vid:0xffff, pid:0x ffff, Status : MandatoryUpgrade:false, PowerMode:0, mChannelType:-1, DualBackupFlag:-1, mRssi:-9999, mConnectType:0, mIsBoundByOtherDevice:false, mIsDirectlyConnectSpp:false, mIsEdrConnectedByOtherDevice:false, color type:0, count:0, mFailedReason:0x0}, status = 4
09-01 14:30:55.615 I/TrustAgent(20208): TAG: TrustAgent.Tracker. [BluetoothConnectionTracker] Bluetooth connect broadast for Mi Smart Band 5 C3:D4:F4:E3:11:EC [CONTEXT service_id=84 ]
09-01 14:30:55.616 I/BaseBluetoothBusEvent(22367): onBleStatus: bluetoothDevice = bluetoothDeviceExt{ mCurrentOpType: 2, Device Ble='Mi Smart Band 5; C3:D4:F4:E3:11:EC, vid:0xffff, pid:0x ffff, Status : MandatoryUpgrade:false, PowerMode:0, mChannelType:-1, DualBackupFlag:-1, mRssi:-9999, mConnectType:0, mIsBoundByOtherDevice:false, mIsDirectlyConnectSpp:false, mIsEdrConnectedByOtherDevice:false, color type:0, count:0, mFailedReason:0x0} , status = 4
09-01 14:30:55.618 I/WifiHAL (  794): event received NL80211_CMD_VENDOR, vendor_id = 0x1374, subcmd = 0xa
09-01 14:30:55.618 I/cnss-daemon( 1223): nl80211 response handler invoked
09-01 14:30:55.618 I/cnss-daemon( 1223): nl80211_response_handler: cmd 103, vendorID 4980, subcmd 10  received
09-01 14:30:55.623 I/wpa_supplicant(  312): wlan0: CTRL-EVENT-AVOID-FREQ ranges=5500-5640
09-01 14:30:55.626 I/wpa_supplicant(  312): wlan0: CTRL-EVENT-REGDOM-CHANGE init=DRIVER type=COUNTRY alpha2=CN
09-01 14:30:55.642 W/ActivityManager( 1639): Unable to start service Intent { act=android.bluetooth.device.action.ACL_CONNECTED cmp=com.google.android.gms/.nearby.discovery.service.DiscoveryService (has extras) } U=0: not found
09-01 14:30:55.647 D/AppOpsAdapter( 5211): using permission notify! 32
09-01 14:30:55.650 I/BehaviorRecord-Monitor( 5237): com.xiaomi.hm.health , perm: 32 , operation 2 , current size: 1
09-01 14:30:55.663 D/IdProviderImpl( 8957): getOAID
09-01 14:30:55.706 W/System  ( 1639): A resource failed to call close. 
09-01 14:30:55.706 I/chatty  ( 1639): uid=1000(system) FinalizerDaemon identical 1 line
09-01 14:30:55.706 W/System  ( 1639): A resource failed to call close. 
09-01 14:30:55.726 E/ResolverController(  679): No valid NAT64 prefix (116, <unspecified>/0)
09-01 14:30:55.741 W/Parcel  ( 5237): **** enforceInterface() expected 'com.miui.gamebooster.service.ISecurityCenterNotificationListener' but read 'android.service.notification.INotificationListener'
09-01 14:30:55.741 W/Binder  ( 5237): Caught a RuntimeException from the binder stub implementation.
09-01 14:30:55.741 W/Binder  ( 5237): java.lang.SecurityException: Binder invocation to an incorrect interface
09-01 14:30:55.741 W/Binder  ( 5237): 	at android.os.Parcel.nativeEnforceInterface(Native Method)
09-01 14:30:55.741 W/Binder  ( 5237): 	at android.os.Parcel.enforceInterface(Parcel.java:626)
09-01 14:30:55.741 W/Binder  ( 5237): 	at com.miui.gamebooster.service.ISecurityCenterNotificationListener$Stub.onTransact(Unknown Source:22)
09-01 14:30:55.741 W/Binder  ( 5237): 	at android.os.Binder.execTransactInternal(Binder.java:1021)
09-01 14:30:55.741 W/Binder  ( 5237): 	at android.os.Binder.execTransact(Binder.java:994)
09-01 14:30:55.745 W/Parcel  ( 5237): **** enforceInterface() expected 'com.miui.gamebooster.service.ISecurityCenterNotificationListener' but read 'android.service.notification.INotificationListener'
09-01 14:30:55.745 W/Binder  ( 5237): Caught a RuntimeException from the binder stub implementation.
09-01 14:30:55.745 W/Binder  ( 5237): java.lang.SecurityException: Binder invocation to an incorrect interface
09-01 14:30:55.745 W/Binder  ( 5237): 	at android.os.Parcel.nativeEnforceInterface(Native Method)
09-01 14:30:55.745 W/Binder  ( 5237): 	at android.os.Parcel.enforceInterface(Parcel.java:626)
09-01 14:30:55.745 W/Binder  ( 5237): 	at com.miui.gamebooster.service.ISecurityCenterNotificationListener$Stub.onTransact(Unknown Source:22)
09-01 14:30:55.745 W/Binder  ( 5237): 	at android.os.Binder.execTransactInternal(Binder.java:1021)
09-01 14:30:55.745 W/Binder  ( 5237): 	at android.os.Binder.execTransact(Binder.java:994)
09-01 14:30:55.746 V/onNotificationPostedCallBack( 5237): flags=98
09-01 14:30:55.747 V/j       ( 5237): ret=0
09-01 14:30:55.750 D/StatusBar(29730): onNotificationPosted key=0|com.xiaomi.hm.health|4|null|10241 isUpdate=true
09-01 14:30:55.751 D/StatusBar(29730): updateNotification old=StatusBarNotification(pkg=com.xiaomi.hm.health user=UserHandle{0} id=4 tag=null key=0|com.xiaomi.hm.health|4|null|10241: Notification(channel=O000Oo0 pri=0 contentView=null vibrate=null sound=null defaults=0x0 flags=0x62 color=0xffff5a00 vis=PRIVATE))
09-01 14:30:55.751 D/StatusBar(29730):     pkgName=com.xiaomi.hm.health appUid=10241 sdk=29 imp=2 sysApp=F priApp=F hasShown=F float=F keyguard=F peek=F fullscreen=F
09-01 14:30:55.751 D/StatusBar(29730):     showMiuiAction=F enableFloat=T enableKeyguard=T floatTime=5000 messageCount=1 persistent=F customHeight=F
09-01 14:30:55.751 V/onNotificationPostedCallBack( 5237): flags=98
09-01 14:30:55.752 V/j       ( 5237): ret=0
09-01 14:30:55.752 D/IMReply:Notif(22367): onNotificationPosted before sbn = 4
09-01 14:30:55.755 D/IMReply:Notif(22367): onNotificationPosted before sbn = 4
09-01 14:30:55.756 D/BluetoothUtils( 8588): blockedByLocationOff callingUid=1002
09-01 14:30:55.756 I/BluetoothUtils( 8588): packagename is android.uid.bluetooth:1002 ,and its permission is false
09-01 14:30:55.756 D/BluetoothUtils( 8588): blockedByLocationOff callingUid=1002
09-01 14:30:55.757 I/BluetoothUtils( 8588): packagename is android.uid.bluetooth:1002 ,and its permission is false
09-01 14:30:55.759 V/bt_stack( 8588): [VERBOSE1:btm_ble_gap.cc(1923)] btm_ble_process_ext_adv_pkt: bda=24:65:c8:81:ba:6f
09-01 14:30:55.759 V/bt_stack( 8588): [VERBOSE1:btm_ble_gap.cc(1847)] btm_ble_process_adv_addr: bda=24:65:c8:81:ba:6f
09-01 14:30:55.759 D/BluetoothUtils( 8588): blockedByLocationOff callingUid=1002
09-01 14:30:55.760 I/BluetoothUtils( 8588): packagename is android.uid.bluetooth:1002 ,and its permission is false
09-01 14:30:55.760 D/BluetoothUtils( 8588): blockedByLocationOff callingUid=1002
09-01 14:30:55.760 I/BluetoothUtils( 8588): packagename is android.uid.bluetooth:1002 ,and its permission is false
09-01 14:30:55.761 D/BluetoothUtils( 8588): blockedByLocationOff callingUid=1002
09-01 14:30:55.761 I/BluetoothUtils( 8588): packagename is android.uid.bluetooth:1002 ,and its permission is false
09-01 14:30:55.764 D/StackScroller(29730): applyCurrentState
09-01 14:30:55.767 D/StatusBar(29730): onNotificationPosted key=0|com.xiaomi.hm.health|4|null|10241 isUpdate=true
09-01 14:30:55.769 D/StatusBar(29730): updateNotification old=StatusBarNotification(pkg=com.xiaomi.hm.health user=UserHandle{0} id=4 tag=null key=0|com.xiaomi.hm.health|4|null|10241: Notification(channel=O000Oo0 pri=0 contentView=null vibrate=null sound=null defaults=0x0 flags=0x62 color=0xffff5a00 vis=PRIVATE))
09-01 14:30:55.769 D/StatusBar(29730):     pkgName=com.xiaomi.hm.health appUid=10241 sdk=29 imp=2 sysApp=F priApp=F hasShown=F float=F keyguard=F peek=F fullscreen=F
09-01 14:30:55.769 D/StatusBar(29730):     showMiuiAction=F enableFloat=T enableKeyguard=T floatTime=5000 messageCount=1 persistent=F customHeight=F
09-01 14:30:55.770 V/bt_stack( 8588): [VERBOSE1:btm_ble_gap.cc(1923)] btm_ble_process_ext_adv_pkt: bda=0a:29:89:b7:c8:4a
09-01 14:30:55.770 V/bt_stack( 8588): [VERBOSE1:btm_ble_gap.cc(1847)] btm_ble_process_adv_addr: bda=0a:29:89:b7:c8:4a
09-01 14:30:55.770 D/BluetoothUtils( 8588): blockedByLocationOff callingUid=1002
09-01 14:30:55.771 I/BluetoothUtils( 8588): packagename is android.uid.bluetooth:1002 ,and its permission is false
09-01 14:30:55.771 D/BluetoothUtils( 8588): blockedByLocationOff callingUid=1002
09-01 14:30:55.771 I/BluetoothUtils( 8588): packagename is android.uid.bluetooth:1002 ,and its permission is false
09-01 14:30:55.771 D/BluetoothUtils( 8588): blockedByLocationOff callingUid=1002
09-01 14:30:55.772 I/BluetoothUtils( 8588): packagename is android.uid.bluetooth:1002 ,and its permission is false
09-01 14:30:55.774 V/bt_stack( 8588): [VERBOSE1:gatt_main.cc(1079)] gatt_get_ch_state: ch_state=4
09-01 14:30:55.774 I/bt_stack( 8588): [INFO:gatt_main.cc(912)] gatt_data_process op_code = 17, msg_len = 21
09-01 14:30:55.774 V/bt_stack( 8588): [VERBOSE1:gatt_cl.cc(1094)] gatt_client_handle_server_rsp op_code: 17, len = 21rsp_code: 17
09-01 14:30:55.774 V/bt_stack( 8588): [VERBOSE1:bta_gattc_cache.cc(322)] bta_gattc_disc_res_cbackconn_id 8disc_type 
09-01 14:30:55.778 D/StackScroller(29730): applyCurrentState
09-01 14:30:55.779 V/bt_stack( 8588): [VERBOSE1:btm_ble_gap.cc(1923)] btm_ble_process_ext_adv_pkt: bda=2e:17:70:f9:0b:48
09-01 14:30:55.779 V/bt_stack( 8588): [VERBOSE1:btm_ble_gap.cc(1847)] btm_ble_process_adv_addr: bda=2e:17:70:f9:0b:48
09-01 14:30:55.780 D/BluetoothUtils( 8588): blockedByLocationOff callingUid=1002
09-01 14:30:55.780 I/BluetoothUtils( 8588): packagename is android.uid.bluetooth:1002 ,and its permission is false
09-01 14:30:55.780 D/BluetoothUtils( 8588): blockedByLocationOff callingUid=1002
09-01 14:30:55.780 I/BluetoothUtils( 8588): packagename is android.uid.bluetooth:1002 ,and its permission is false
09-01 14:30:55.780 D/BluetoothUtils( 8588): blockedByLocationOff callingUid=1002
09-01 14:30:55.781 I/BluetoothUtils( 8588): packagename is android.uid.bluetooth:1002 ,and its permission is false
09-01 14:30:55.785 D/ExpandableNotificationRow(29730): updateBackground
09-01 14:30:55.786 D/StatusBar(29730): No peeking: unimportant notification: 0|com.xiaomi.hm.health|4|null|10241
09-01 14:30:55.786 D/StatusBar(29730): updateHeadsUp wasHeadsUp=false shouldPeek=false alertAgain=true
09-01 14:30:55.788 V/bt_stack( 8588): [VERBOSE1:btm_ble_gap.cc(1923)] btm_ble_process_ext_adv_pkt: bda=56:e4:da:79:d5:88
09-01 14:30:55.788 V/bt_stack( 8588): [VERBOSE1:btm_ble_gap.cc(1847)] btm_ble_process_adv_addr: bda=56:e4:da:79:d5:88
09-01 14:30:55.788 V/bt_stack( 8588): [VERBOSE1:btm_ble_gap.cc(2052)]  Waiting for scan response 56:e4:da:79:d5:88
09-01 14:30:55.788 V/bt_stack( 8588): [VERBOSE1:btm_ble_gap.cc(1923)] btm_ble_process_ext_adv_pkt: bda=56:e4:da:79:d5:88
09-01 14:30:55.788 V/bt_stack( 8588): [VERBOSE1:btm_ble_gap.cc(1847)] btm_ble_process_adv_addr: bda=56:e4:da:79:d5:88
09-01 14:30:55.789 D/BluetoothUtils( 8588): blockedByLocationOff callingUid=1002
09-01 14:30:55.789 I/BluetoothUtils( 8588): packagename is android.uid.bluetooth:1002 ,and its permission is false
09-01 14:30:55.789 D/BluetoothUtils( 8588): blockedByLocationOff callingUid=1002
09-01 14:30:55.790 I/BluetoothUtils( 8588): packagename is android.uid.bluetooth:1002 ,and its permission is false
09-01 14:30:55.790 D/BluetoothUtils( 8588): blockedByLocationOff callingUid=1002
09-01 14:30:55.790 I/BluetoothUtils( 8588): packagename is android.uid.bluetooth:1002 ,and its permission is false
09-01 14:30:55.796 D/StackScroller(29730): applyCurrentState
09-01 14:30:55.800 V/bt_stack( 8588): [VERBOSE1:btm_ble_gap.cc(1923)] btm_ble_process_ext_adv_pkt: bda=2c:e0:b3:78:83:e3
09-01 14:30:55.801 V/bt_stack( 8588): [VERBOSE1:btm_ble_gap.cc(1847)] btm_ble_process_adv_addr: bda=2c:e0:b3:78:83:e3
09-01 14:30:55.801 D/BluetoothUtils( 8588): blockedByLocationOff callingUid=1002
09-01 14:30:55.802 I/BluetoothUtils( 8588): packagename is android.uid.bluetooth:1002 ,and its permission is false
09-01 14:30:55.802 D/BluetoothUtils( 8588): blockedByLocationOff callingUid=1002
09-01 14:30:55.802 I/BluetoothUtils( 8588): packagename is android.uid.bluetooth:1002 ,and its permission is false
09-01 14:30:55.802 D/BluetoothUtils( 8588): blockedByLocationOff callingUid=1002
09-01 14:30:55.802 I/BluetoothUtils( 8588): packagename is android.uid.bluetooth:1002 ,and its permission is false
09-01 14:30:55.811 V/bt_stack( 8588): [VERBOSE1:btm_ble_gap.cc(1923)] btm_ble_process_ext_adv_pkt: bda=19:30:6d:c4:b5:5b
09-01 14:30:55.811 V/bt_stack( 8588): [VERBOSE1:btm_ble_gap.cc(1847)] btm_ble_process_adv_addr: bda=19:30:6d:c4:b5:5b
09-01 14:30:55.812 D/BluetoothUtils( 8588): blockedByLocationOff callingUid=1002
09-01 14:30:55.812 I/BluetoothUtils( 8588): packagename is android.uid.bluetooth:1002 ,and its permission is false
09-01 14:30:55.812 D/BluetoothUtils( 8588): blockedByLocationOff callingUid=1002
09-01 14:30:55.813 I/BluetoothUtils( 8588): packagename is android.uid.bluetooth:1002 ,and its permission is false
09-01 14:30:55.813 D/BluetoothUtils( 8588): blockedByLocationOff callingUid=1002
09-01 14:30:55.813 I/BluetoothUtils( 8588): packagename is android.uid.bluetooth:1002 ,and its permission is false
09-01 14:30:55.834 V/bt_stack( 8588): [VERBOSE1:btm_ble_gap.cc(1923)] btm_ble_process_ext_adv_pkt: bda=64:62:50:0c:82:d1
09-01 14:30:55.834 V/bt_stack( 8588): [VERBOSE1:btm_ble_gap.cc(1847)] btm_ble_process_adv_addr: bda=64:62:50:0c:82:d1
09-01 14:30:55.834 V/bt_stack( 8588): [VERBOSE1:btm_ble_gap.cc(2052)]  Waiting for scan response 64:62:50:0c:82:d1
09-01 14:30:55.835 V/bt_stack( 8588): [VERBOSE1:btm_ble_gap.cc(1923)] btm_ble_process_ext_adv_pkt: bda=7a:09:58:b8:26:73
09-01 14:30:55.835 V/bt_stack( 8588): [VERBOSE1:btm_ble_gap.cc(1847)] btm_ble_process_adv_addr: bda=7a:09:58:b8:26:73
09-01 14:30:55.835 V/bt_stack( 8588): [VERBOSE1:btm_ble_gap.cc(2052)]  Waiting for scan response 7a:09:58:b8:26:73
09-01 14:30:55.835 V/bt_stack( 8588): [VERBOSE1:btm_ble_gap.cc(1923)] btm_ble_process_ext_adv_pkt: bda=7a:09:58:b8:26:73
09-01 14:30:55.835 V/bt_stack( 8588): [VERBOSE1:btm_ble_gap.cc(1847)] btm_ble_process_adv_addr: bda=7a:09:58:b8:26:73
09-01 14:30:55.836 D/BluetoothUtils( 8588): blockedByLocationOff callingUid=1002
09-01 14:30:55.837 I/BluetoothUtils( 8588): packagename is android.uid.bluetooth:1002 ,and its permission is false
09-01 14:30:55.837 D/BluetoothUtils( 8588): blockedByLocationOff callingUid=1002
09-01 14:30:55.837 I/BluetoothUtils( 8588): packagename is android.uid.bluetooth:1002 ,and its permission is false
09-01 14:30:55.837 D/BluetoothUtils( 8588): blockedByLocationOff callingUid=1002
09-01 14:30:55.838 I/BluetoothUtils( 8588): packagename is android.uid.bluetooth:1002 ,and its permission is false
09-01 14:30:55.843 D/AppOpsAdapter( 5211): using permission notify! 32
09-01 14:30:55.843 D/Event   ( 8957): No subscribers registered for event class com.xiaomi.hm.health.locweather.O00000Oo.O000000o
09-01 14:30:55.843 D/Event   ( 8957): No subscribers registered for event class O00000Oo.O000000o.O000000o.O0000Oo0
09-01 14:30:55.846 I/BehaviorRecord-Monitor( 5237): com.xiaomi.hm.health , perm: 32 , operation 3 , current size: 0
09-01 14:30:55.847 D/AppOpsAdapter( 5211): using permission notify! 32
09-01 14:30:55.848 D/AppOpsAdapter( 5211): using permission notify! 32
09-01 14:30:55.849 V/bt_stack( 8588): [VERBOSE1:btm_ble_gap.cc(1923)] btm_ble_process_ext_adv_pkt: bda=d3:ce:19:45:b1:77
09-01 14:30:55.849 V/bt_stack( 8588): [VERBOSE1:btm_ble_gap.cc(1847)] btm_ble_process_adv_addr: bda=d3:ce:19:45:b1:77
09-01 14:30:55.849 V/bt_stack( 8588): [VERBOSE1:btm_ble_gap.cc(2052)]  Waiting for scan response d3:ce:19:45:b1:77
09-01 14:30:55.849 V/bt_stack( 8588): [VERBOSE1:btm_ble_gap.cc(1923)] btm_ble_process_ext_adv_pkt: bda=17:be:83:99:5a:17
09-01 14:30:55.850 V/bt_stack( 8588): [VERBOSE1:btm_ble_gap.cc(1847)] btm_ble_process_adv_addr: bda=17:be:83:99:5a:17
09-01 14:30:55.850 D/BluetoothUtils( 8588): blockedByLocationOff callingUid=1002
09-01 14:30:55.850 I/BehaviorRecord-Monitor( 5237): com.xiaomi.hm.health , perm: 32 , operation 2 , current size: 1
09-01 14:30:55.851 I/BluetoothUtils( 8588): packagename is android.uid.bluetooth:1002 ,and its permission is false
09-01 14:30:55.851 D/BluetoothUtils( 8588): blockedByLocationOff callingUid=1002
09-01 14:30:55.851 I/BehaviorRecord-Monitor( 5237): com.xiaomi.hm.health , perm: 32 , operation 3 , current size: 0
09-01 14:30:55.852 I/BluetoothUtils( 8588): packagename is android.uid.bluetooth:1002 ,and its permission is false
09-01 14:30:55.852 D/BluetoothUtils( 8588): blockedByLocationOff callingUid=1002
09-01 14:30:55.852 I/BluetoothUtils( 8588): packagename is android.uid.bluetooth:1002 ,and its permission is false
09-01 14:30:55.856 V/bt_stack( 8588): [VERBOSE1:btm_ble_gap.cc(1923)] btm_ble_process_ext_adv_pkt: bda=65:4b:eb:fb:21:09
09-01 14:30:55.856 V/bt_stack( 8588): [VERBOSE1:btm_ble_gap.cc(1847)] btm_ble_process_adv_addr: bda=65:4b:eb:fb:21:09
09-01 14:30:55.857 D/BluetoothUtils( 8588): blockedByLocationOff callingUid=1002
09-01 14:30:55.857 I/BluetoothUtils( 8588): packagename is android.uid.bluetooth:1002 ,and its permission is false
09-01 14:30:55.857 D/BluetoothUtils( 8588): blockedByLocationOff callingUid=1002
09-01 14:30:55.858 I/BluetoothUtils( 8588): packagename is android.uid.bluetooth:1002 ,and its permission is false
09-01 14:30:55.858 D/BluetoothUtils( 8588): blockedByLocationOff callingUid=1002
09-01 14:30:55.858 I/BluetoothUtils( 8588): packagename is android.uid.bluetooth:1002 ,and its permission is false
09-01 14:30:55.864 V/bt_stack( 8588): [VERBOSE1:gatt_main.cc(1079)] gatt_get_ch_state: ch_state=4
09-01 14:30:55.864 I/bt_stack( 8588): [INFO:gatt_main.cc(912)] gatt_data_process op_code = 17, msg_len = 19
09-01 14:30:55.864 V/bt_stack( 8588): [VERBOSE1:gatt_cl.cc(1094)] gatt_client_handle_server_rsp op_code: 17, len = 19rsp_code: 17
09-01 14:30:55.864 V/bt_stack( 8588): [VERBOSE1:bta_gattc_cache.cc(322)] bta_gattc_disc_res_cbackconn_id 8disc_type 
09-01 14:30:55.864 I/chatty  ( 8588): uid=1002(bluetooth) btu message loo identical 1 line
09-01 14:30:55.864 V/bt_stack( 8588): [VERBOSE1:bta_gattc_cache.cc(322)] bta_gattc_disc_res_cbackconn_id 8disc_type 
09-01 14:30:55.867 V/bt_stack( 8588): [VERBOSE1:btm_ble_gap.cc(1923)] btm_ble_process_ext_adv_pkt: bda=24:65:c8:81:ba:6f
09-01 14:30:55.867 V/bt_stack( 8588): [VERBOSE1:btm_ble_gap.cc(1847)] btm_ble_process_adv_addr: bda=24:65:c8:81:ba:6f
09-01 14:30:55.868 D/BluetoothUtils( 8588): blockedByLocationOff callingUid=1002
09-01 14:30:55.868 I/BluetoothUtils( 8588): packagename is android.uid.bluetooth:1002 ,and its permission is false
09-01 14:30:55.868 D/BluetoothUtils( 8588): blockedByLocationOff callingUid=1002
09-01 14:30:55.868 I/BluetoothUtils( 8588): packagename is android.uid.bluetooth:1002 ,and its permission is false
09-01 14:30:55.869 D/BluetoothUtils( 8588): blockedByLocationOff callingUid=1002
09-01 14:30:55.869 I/BluetoothUtils( 8588): packagename is android.uid.bluetooth:1002 ,and its permission is false
09-01 14:30:55.871 V/bt_stack( 8588): [VERBOSE1:btm_ble_gap.cc(1923)] btm_ble_process_ext_adv_pkt: bda=2d:8f:df:c2:a9:d4
09-01 14:30:55.871 V/bt_stack( 8588): [VERBOSE1:btm_ble_gap.cc(1847)] btm_ble_process_adv_addr: bda=2d:8f:df:c2:a9:d4
09-01 14:30:55.872 D/BluetoothUtils( 8588): blockedByLocationOff callingUid=1002
09-01 14:30:55.872 I/BluetoothUtils( 8588): packagename is android.uid.bluetooth:1002 ,and its permission is false
09-01 14:30:55.873 D/BluetoothUtils( 8588): blockedByLocationOff callingUid=1002
09-01 14:30:55.873 I/BluetoothUtils( 8588): packagename is android.uid.bluetooth:1002 ,and its permission is false
09-01 14:30:55.873 D/BluetoothUtils( 8588): blockedByLocationOff callingUid=1002
09-01 14:30:55.874 I/BluetoothUtils( 8588): packagename is android.uid.bluetooth:1002 ,and its permission is false
09-01 14:30:55.874 V/bt_stack( 8588): [VERBOSE1:btm_ble_gap.cc(1923)] btm_ble_process_ext_adv_pkt: bda=0a:29:89:b7:c8:4a
09-01 14:30:55.874 V/bt_stack( 8588): [VERBOSE1:btm_ble_gap.cc(1847)] btm_ble_process_adv_addr: bda=0a:29:89:b7:c8:4a
09-01 14:30:55.874 D/BluetoothUtils( 8588): blockedByLocationOff callingUid=1002
09-01 14:30:55.875 I/BluetoothUtils( 8588): packagename is android.uid.bluetooth:1002 ,and its permission is false
09-01 14:30:55.875 V/bt_stack( 8588): [VERBOSE1:btm_ble_gap.cc(1923)] btm_ble_process_ext_adv_pkt: bda=0c:1a:06:0e:96:57
09-01 14:30:55.875 V/bt_stack( 8588): [VERBOSE1:btm_ble_gap.cc(1847)] btm_ble_process_adv_addr: bda=0c:1a:06:0e:96:57
09-01 14:30:55.875 D/BluetoothUtils( 8588): blockedByLocationOff callingUid=1002
09-01 14:30:55.876 I/BluetoothUtils( 8588): packagename is android.uid.bluetooth:1002 ,and its permission is false
09-01 14:30:55.876 D/BluetoothUtils( 8588): blockedByLocationOff callingUid=1002
09-01 14:30:55.876 I/BluetoothUtils( 8588): packagename is android.uid.bluetooth:1002 ,and its permission is false
09-01 14:30:55.877 D/BluetoothUtils( 8588): blockedByLocationOff callingUid=1002
09-01 14:30:55.877 I/BluetoothUtils( 8588): packagename is android.uid.bluetooth:1002 ,and its permission is false
09-01 14:30:55.877 D/BluetoothUtils( 8588): blockedByLocationOff callingUid=1002
09-01 14:30:55.877 I/BluetoothUtils( 8588): packagename is android.uid.bluetooth:1002 ,and its permission is false
09-01 14:30:55.878 D/BluetoothUtils( 8588): blockedByLocationOff callingUid=1002
09-01 14:30:55.878 I/BluetoothUtils( 8588): packagename is android.uid.bluetooth:1002 ,and its permission is false
09-01 14:30:55.879 V/bt_stack( 8588): [VERBOSE1:btm_ble_gap.cc(1923)] btm_ble_process_ext_adv_pkt: bda=2e:17:70:f9:0b:48
09-01 14:30:55.879 V/bt_stack( 8588): [VERBOSE1:btm_ble_gap.cc(1847)] btm_ble_process_adv_addr: bda=2e:17:70:f9:0b:48
09-01 14:30:55.880 D/BluetoothUtils( 8588): blockedByLocationOff callingUid=1002
09-01 14:30:55.880 I/BluetoothUtils( 8588): packagename is android.uid.bluetooth:1002 ,and its permission is false
09-01 14:30:55.880 D/BluetoothUtils( 8588): blockedByLocationOff callingUid=1002
09-01 14:30:55.880 I/BluetoothUtils( 8588): packagename is android.uid.bluetooth:1002 ,and its permission is false
09-01 14:30:55.881 D/BluetoothUtils( 8588): blockedByLocationOff callingUid=1002
09-01 14:30:55.881 I/BluetoothUtils( 8588): packagename is android.uid.bluetooth:1002 ,and its permission is false
09-01 14:30:55.889 V/bt_stack( 8588): [VERBOSE1:btm_ble_gap.cc(1923)] btm_ble_process_ext_adv_pkt: bda=66:3e:07:e0:2b:d4
09-01 14:30:55.889 V/bt_stack( 8588): [VERBOSE1:btm_ble_gap.cc(1847)] btm_ble_process_adv_addr: bda=66:3e:07:e0:2b:d4
09-01 14:30:55.889 V/bt_stack( 8588): [VERBOSE1:btm_ble_gap.cc(2052)]  Waiting for scan response 66:3e:07:e0:2b:d4
09-01 14:30:55.889 V/bt_stack( 8588): [VERBOSE1:btm_ble_gap.cc(1923)] btm_ble_process_ext_adv_pkt: bda=2a:1b:52:ac:62:5d
09-01 14:30:55.889 V/bt_stack( 8588): [VERBOSE1:btm_ble_gap.cc(1847)] btm_ble_process_adv_addr: bda=2a:1b:52:ac:62:5d
09-01 14:30:55.890 D/BluetoothUtils( 8588): blockedByLocationOff callingUid=1002
09-01 14:30:55.891 I/BluetoothUtils( 8588): packagename is android.uid.bluetooth:1002 ,and its permission is false
09-01 14:30:55.891 D/BluetoothUtils( 8588): blockedByLocationOff callingUid=1002
09-01 14:30:55.892 I/BluetoothUtils( 8588): packagename is android.uid.bluetooth:1002 ,and its permission is false
09-01 14:30:55.892 D/BluetoothUtils( 8588): blockedByLocationOff callingUid=1002
09-01 14:30:55.892 I/BluetoothUtils( 8588): packagename is android.uid.bluetooth:1002 ,and its permission is false
09-01 14:30:55.900 V/bt_stack( 8588): [VERBOSE1:btm_ble_gap.cc(1923)] btm_ble_process_ext_adv_pkt: bda=07:e4:7f:b4:5f:d9
09-01 14:30:55.901 V/bt_stack( 8588): [VERBOSE1:btm_ble_gap.cc(1847)] btm_ble_process_adv_addr: bda=07:e4:7f:b4:5f:d9
09-01 14:30:55.901 D/BluetoothUtils( 8588): blockedByLocationOff callingUid=1002
09-01 14:30:55.902 I/BluetoothUtils( 8588): packagename is android.uid.bluetooth:1002 ,and its permission is false
09-01 14:30:55.902 D/BluetoothUtils( 8588): blockedByLocationOff callingUid=1002
09-01 14:30:55.903 I/BluetoothUtils( 8588): packagename is android.uid.bluetooth:1002 ,and its permission is false
09-01 14:30:55.903 D/BluetoothUtils( 8588): blockedByLocationOff callingUid=1002
09-01 14:30:55.904 I/BluetoothUtils( 8588): packagename is android.uid.bluetooth:1002 ,and its permission is false
09-01 14:30:55.904 V/bt_stack( 8588): [VERBOSE1:btm_ble_gap.cc(1923)] btm_ble_process_ext_adv_pkt: bda=0d:a0:9b:d0:d9:48
09-01 14:30:55.904 V/bt_stack( 8588): [VERBOSE1:btm_ble_gap.cc(1847)] btm_ble_process_adv_addr: bda=0d:a0:9b:d0:d9:48
09-01 14:30:55.905 D/BluetoothUtils( 8588): blockedByLocationOff callingUid=1002
09-01 14:30:55.906 I/BluetoothUtils( 8588): packagename is android.uid.bluetooth:1002 ,and its permission is false
09-01 14:30:55.907 D/BluetoothUtils( 8588): blockedByLocationOff callingUid=1002
09-01 14:30:55.907 V/bt_stack( 8588): [VERBOSE1:btm_ble_gap.cc(1923)] btm_ble_process_ext_adv_pkt: bda=19:30:6d:c4:b5:5b
09-01 14:30:55.907 V/bt_stack( 8588): [VERBOSE1:btm_ble_gap.cc(1847)] btm_ble_process_adv_addr: bda=19:30:6d:c4:b5:5b
09-01 14:30:55.907 I/BluetoothUtils( 8588): packagename is android.uid.bluetooth:1002 ,and its permission is false
09-01 14:30:55.908 D/BluetoothUtils( 8588): blockedByLocationOff callingUid=1002
09-01 14:30:55.908 I/BluetoothUtils( 8588): packagename is android.uid.bluetooth:1002 ,and its permission is false
09-01 14:30:55.909 D/BluetoothUtils( 8588): blockedByLocationOff callingUid=1002
09-01 14:30:55.909 I/BluetoothUtils( 8588): packagename is android.uid.bluetooth:1002 ,and its permission is false
09-01 14:30:55.909 D/BluetoothUtils( 8588): blockedByLocationOff callingUid=1002
09-01 14:30:55.909 I/BluetoothUtils( 8588): packagename is android.uid.bluetooth:1002 ,and its permission is false
09-01 14:30:55.909 D/BluetoothUtils( 8588): blockedByLocationOff callingUid=1002
09-01 14:30:55.910 I/BluetoothUtils( 8588): packagename is android.uid.bluetooth:1002 ,and its permission is false
09-01 14:30:55.910 V/bt_stack( 8588): [VERBOSE1:btm_ble_gap.cc(1923)] btm_ble_process_ext_adv_pkt: bda=2c:e0:b3:78:83:e3
09-01 14:30:55.910 V/bt_stack( 8588): [VERBOSE1:btm_ble_gap.cc(1847)] btm_ble_process_adv_addr: bda=2c:e0:b3:78:83:e3
09-01 14:30:55.911 D/BluetoothUtils( 8588): blockedByLocationOff callingUid=1002
09-01 14:30:55.911 I/BluetoothUtils( 8588): packagename is android.uid.bluetooth:1002 ,and its permission is false
09-01 14:30:55.912 D/BluetoothUtils( 8588): blockedByLocationOff callingUid=1002
09-01 14:30:55.912 I/BluetoothUtils( 8588): packagename is android.uid.bluetooth:1002 ,and its permission is false
09-01 14:30:55.912 D/BluetoothUtils( 8588): blockedByLocationOff callingUid=1002
09-01 14:30:55.912 I/BluetoothUtils( 8588): packagename is android.uid.bluetooth:1002 ,and its permission is false
09-01 14:30:55.917 V/bt_stack( 8588): [VERBOSE1:btm_ble_gap.cc(1923)] btm_ble_process_ext_adv_pkt: bda=5b:ac:e3:62:1e:4e
09-01 14:30:55.917 V/bt_stack( 8588): [VERBOSE1:btm_ble_gap.cc(1847)] btm_ble_process_adv_addr: bda=5b:ac:e3:62:1e:4e
09-01 14:30:55.918 D/BluetoothUtils( 8588): blockedByLocationOff callingUid=1002
09-01 14:30:55.918 I/BluetoothUtils( 8588): packagename is android.uid.bluetooth:1002 ,and its permission is false
09-01 14:30:55.918 D/BluetoothUtils( 8588): blockedByLocationOff callingUid=1002
09-01 14:30:55.919 I/BluetoothUtils( 8588): packagename is android.uid.bluetooth:1002 ,and its permission is false
09-01 14:30:55.919 D/BluetoothUtils( 8588): blockedByLocationOff callingUid=1002
09-01 14:30:55.919 I/BluetoothUtils( 8588): packagename is android.uid.bluetooth:1002 ,and its permission is false
09-01 14:30:55.927 V/bt_stack( 8588): [VERBOSE1:btm_ble_gap.cc(1923)] btm_ble_process_ext_adv_pkt: bda=44:ca:73:cc:df:42
09-01 14:30:55.927 V/bt_stack( 8588): [VERBOSE1:btm_ble_gap.cc(1847)] btm_ble_process_adv_addr: bda=44:ca:73:cc:df:42
09-01 14:30:55.927 V/bt_stack( 8588): [VERBOSE1:btm_ble_gap.cc(2052)]  Waiting for scan response 44:ca:73:cc:df:42
09-01 14:30:55.927 V/bt_stack( 8588): [VERBOSE1:btm_ble_gap.cc(1923)] btm_ble_process_ext_adv_pkt: bda=44:ca:73:cc:df:42
09-01 14:30:55.927 V/bt_stack( 8588): [VERBOSE1:btm_ble_gap.cc(1847)] btm_ble_process_adv_addr: bda=44:ca:73:cc:df:42
09-01 14:30:55.928 D/BluetoothUtils( 8588): blockedByLocationOff callingUid=1002
09-01 14:30:55.928 I/BluetoothUtils( 8588): packagename is android.uid.bluetooth:1002 ,and its permission is false
09-01 14:30:55.928 D/BluetoothUtils( 8588): blockedByLocationOff callingUid=1002
09-01 14:30:55.928 I/BluetoothUtils( 8588): packagename is android.uid.bluetooth:1002 ,and its permission is false
09-01 14:30:55.929 D/BluetoothUtils( 8588): blockedByLocationOff callingUid=1002
09-01 14:30:55.929 I/BluetoothUtils( 8588): packagename is android.uid.bluetooth:1002 ,and its permission is false
09-01 14:30:55.932 V/bt_stack( 8588): [VERBOSE1:btm_ble_gap.cc(1923)] btm_ble_process_ext_adv_pkt: bda=2a:99:8c:12:d1:b1
09-01 14:30:55.932 V/bt_stack( 8588): [VERBOSE1:btm_ble_gap.cc(1847)] btm_ble_process_adv_addr: bda=2a:99:8c:12:d1:b1
09-01 14:30:55.932 D/BluetoothUtils( 8588): blockedByLocationOff callingUid=1002
09-01 14:30:55.933 I/BluetoothUtils( 8588): packagename is android.uid.bluetooth:1002 ,and its permission is false
09-01 14:30:55.933 D/BluetoothUtils( 8588): blockedByLocationOff callingUid=1002
09-01 14:30:55.933 I/BluetoothUtils( 8588): packagename is android.uid.bluetooth:1002 ,and its permission is false
09-01 14:30:55.933 D/BluetoothUtils( 8588): blockedByLocationOff callingUid=1002
09-01 14:30:55.934 I/BluetoothUtils( 8588): packagename is android.uid.bluetooth:1002 ,and its permission is false
09-01 14:30:55.937 V/bt_stack( 8588): [VERBOSE1:btm_ble_gap.cc(1923)] btm_ble_process_ext_adv_pkt: bda=06:fa:50:9b:39:c0
09-01 14:30:55.937 V/bt_stack( 8588): [VERBOSE1:btm_ble_gap.cc(1847)] btm_ble_process_adv_addr: bda=06:fa:50:9b:39:c0
09-01 14:30:55.938 D/BluetoothUtils( 8588): blockedByLocationOff callingUid=1002
09-01 14:30:55.939 I/BluetoothUtils( 8588): packagename is android.uid.bluetooth:1002 ,and its permission is false
09-01 14:30:55.939 D/BluetoothUtils( 8588): blockedByLocationOff callingUid=1002
09-01 14:30:55.939 V/bt_stack( 8588): [VERBOSE1:btm_ble_gap.cc(1923)] btm_ble_process_ext_adv_pkt: bda=67:ec:83:7e:42:50
09-01 14:30:55.939 V/bt_stack( 8588): [VERBOSE1:btm_ble_gap.cc(1847)] btm_ble_process_adv_addr: bda=67:ec:83:7e:42:50
09-01 14:30:55.939 V/bt_stack( 8588): [VERBOSE1:btm_ble_gap.cc(2052)]  Waiting for scan response 67:ec:83:7e:42:50
09-01 14:30:55.939 I/BluetoothUtils( 8588): packagename is android.uid.bluetooth:1002 ,and its permission is false
09-01 14:30:55.939 V/bt_stack( 8588): [VERBOSE1:btm_ble_gap.cc(1923)] btm_ble_process_ext_adv_pkt: bda=67:ec:83:7e:42:50
09-01 14:30:55.939 V/bt_stack( 8588): [VERBOSE1:btm_ble_gap.cc(1847)] btm_ble_process_adv_addr: bda=67:ec:83:7e:42:50
09-01 14:30:55.939 D/BluetoothUtils( 8588): blockedByLocationOff callingUid=1002
09-01 14:30:55.940 I/BluetoothUtils( 8588): packagename is android.uid.bluetooth:1002 ,and its permission is false
09-01 14:30:55.941 D/BluetoothUtils( 8588): blockedByLocationOff callingUid=1002
09-01 14:30:55.941 I/BluetoothUtils( 8588): packagename is android.uid.bluetooth:1002 ,and its permission is false
09-01 14:30:55.941 D/BluetoothUtils( 8588): blockedByLocationOff callingUid=1002
09-01 14:30:55.942 I/BluetoothUtils( 8588): packagename is android.uid.bluetooth:1002 ,and its permission is false
09-01 14:30:55.942 D/BluetoothUtils( 8588): blockedByLocationOff callingUid=1002
09-01 14:30:55.942 I/BluetoothUtils( 8588): packagename is android.uid.bluetooth:1002 ,and its permission is false
09-01 14:30:55.951 V/bt_stack( 8588): [VERBOSE1:btm_ble_gap.cc(1923)] btm_ble_process_ext_adv_pkt: bda=48:14:81:f8:b8:84
09-01 14:30:55.951 V/bt_stack( 8588): [VERBOSE1:btm_ble_gap.cc(1847)] btm_ble_process_adv_addr: bda=48:14:81:f8:b8:84
09-01 14:30:55.951 V/bt_stack( 8588): [VERBOSE1:btm_ble_gap.cc(2052)]  Waiting for scan response 48:14:81:f8:b8:84
09-01 14:30:55.951 V/bt_stack( 8588): [VERBOSE1:btm_ble_gap.cc(1923)] btm_ble_process_ext_adv_pkt: bda=0b:95:8c:38:8d:43
09-01 14:30:55.951 V/bt_stack( 8588): [VERBOSE1:btm_ble_gap.cc(1847)] btm_ble_process_adv_addr: bda=0b:95:8c:38:8d:43
09-01 14:30:55.952 V/bt_stack( 8588): [VERBOSE1:btm_ble_gap.cc(1923)] btm_ble_process_ext_adv_pkt: bda=17:be:83:99:5a:17
09-01 14:30:55.952 V/bt_stack( 8588): [VERBOSE1:btm_ble_gap.cc(1847)] btm_ble_process_adv_addr: bda=17:be:83:99:5a:17
09-01 14:30:55.952 D/BluetoothUtils( 8588): blockedByLocationOff callingUid=1002
09-01 14:30:55.952 I/BluetoothUtils( 8588): packagename is android.uid.bluetooth:1002 ,and its permission is false
09-01 14:30:55.953 D/BluetoothUtils( 8588): blockedByLocationOff callingUid=1002
09-01 14:30:55.953 I/BluetoothUtils( 8588): packagename is android.uid.bluetooth:1002 ,and its permission is false
09-01 14:30:55.953 D/BluetoothUtils( 8588): blockedByLocationOff callingUid=1002
09-01 14:30:55.953 I/BluetoothUtils( 8588): packagename is android.uid.bluetooth:1002 ,and its permission is false
09-01 14:30:55.954 V/bt_stack( 8588): [VERBOSE1:gatt_main.cc(1079)] gatt_get_ch_state: ch_state=4
09-01 14:30:55.954 I/bt_stack( 8588): [INFO:gatt_main.cc(912)] gatt_data_process op_code = 17, msg_len = 19
09-01 14:30:55.954 V/bt_stack( 8588): [VERBOSE1:gatt_cl.cc(1094)] gatt_client_handle_server_rsp op_code: 17, len = 19rsp_code: 17
09-01 14:30:55.954 V/bt_stack( 8588): [VERBOSE1:bta_gattc_cache.cc(322)] bta_gattc_disc_res_cbackconn_id 8disc_type 
09-01 14:30:55.954 D/BluetoothUtils( 8588): blockedByLocationOff callingUid=1002
09-01 14:30:55.954 V/bt_stack( 8588): [VERBOSE1:bta_gattc_cache.cc(322)] bta_gattc_disc_res_cbackconn_id 8disc_type 
09-01 14:30:55.954 V/bt_stack( 8588): [VERBOSE1:bta_gattc_cache.cc(322)] bta_gattc_disc_res_cbackconn_id 8disc_type 
09-01 14:30:55.954 I/BluetoothUtils( 8588): packagename is android.uid.bluetooth:1002 ,and its permission is false
09-01 14:30:55.955 D/BluetoothUtils( 8588): blockedByLocationOff callingUid=1002
09-01 14:30:55.955 I/BluetoothUtils( 8588): packagename is android.uid.bluetooth:1002 ,and its permission is false
09-01 14:30:55.955 D/BluetoothUtils( 8588): blockedByLocationOff callingUid=1002
09-01 14:30:55.955 I/BluetoothUtils( 8588): packagename is android.uid.bluetooth:1002 ,and its permission is false
09-01 14:30:55.961 V/bt_stack( 8588): [VERBOSE1:btm_ble_gap.cc(1923)] btm_ble_process_ext_adv_pkt: bda=6a:1a:31:28:a4:f8
09-01 14:30:55.961 V/bt_stack( 8588): [VERBOSE1:btm_ble_gap.cc(1847)] btm_ble_process_adv_addr: bda=6a:1a:31:28:a4:f8
09-01 14:30:55.962 D/BluetoothUtils( 8588): blockedByLocationOff callingUid=1002
09-01 14:30:55.962 I/BluetoothUtils( 8588): packagename is android.uid.bluetooth:1002 ,and its permission is false
09-01 14:30:55.962 D/BluetoothUtils( 8588): blockedByLocationOff callingUid=1002
