09-01 14:30:54.294 D/[Koin]  ( 8957): bind type:'com.huami.femalehealth.logiclib.O00000Oo.O00000o0' ~ [type:Factory,primary_type:'com.huami.femalehealth.logiclib.O00000Oo.O00000o0']
09-01 14:30:54.294 D/[Koin]  ( 8957): bind type:'com.huami.worldclock.home.O00000o' ~ [type:Factory,primary_type:'com.huami.worldclock.home.O00000o']
09-01 14:30:54.294 D/[Koin]  ( 8957): bind type:'com.huami.worldclock.add.O00000o' ~ [type:Factory,primary_type:'com.huami.worldclock.add.O00000o']
09-01 14:30:54.294 D/[Koin]  ( 8957): bind type:'com.huami.worldclock.O00000o.O00000o0' ~ [type:Single,primary_type:'com.huami.worldclock.O00000o.O00000o0']
09-01 14:30:54.294 D/[Koin]  ( 8957): bind type:'com.xiaomi.hm.health.O0000OOo.O00000o0.O000000o' ~ [type:Single,primary_type:'com.xiaomi.hm.health.O0000OOo.O00000o0.O000000o']
09-01 14:30:54.294 D/[Koin]  ( 8957): bind qualifier:'MASTER_CONFIG_APP_NAME' ~ [type:Factory,name:'MASTER_CONFIG_APP_NAME', primary_type:'java.lang.String']
09-01 14:30:54.294 D/[Koin]  ( 8957): bind type:'com.huami.mastercard.ui.mifit.O0000O0o.O0000Oo' ~ [type:Factory,primary_type:'com.huami.mastercard.ui.mifit.O0000O0o.O0000Oo']
09-01 14:30:54.294 D/[Koin]  ( 8957): bind type:'com.huami.mastercard.ui.mifit.O0000O0o.O0000O0o' ~ [type:Factory,primary_type:'com.huami.mastercard.ui.mifit.O0000O0o.O0000O0o']
09-01 14:30:54.294 D/[Koin]  ( 8957): bind type:'com.huami.mastercard.ui.mifit.O0000O0o.O0000o' ~ [type:Factory,primary_type:'com.huami.mastercard.ui.mifit.O0000O0o.O0000o']
09-01 14:30:54.294 D/[Koin]  ( 8957): bind type:'com.huami.mastercard.ui.mifit.O0000O0o.O00000Oo' ~ [type:Factory,primary_type:'com.huami.mastercard.ui.mifit.O0000O0o.O00000Oo']
09-01 14:30:54.294 D/[Koin]  ( 8957): bind type:'com.huami.mastercard.ui.mifit.O0000O0o.O0000o0' ~ [type:Factory,primary_type:'com.huami.mastercard.ui.mifit.O0000O0o.O0000o0']
09-01 14:30:54.294 D/[Koin]  ( 8957): bind type:'com.huami.mastercard.ui.mifit.O0000O0o.O00000o0' ~ [type:Factory,primary_type:'com.huami.mastercard.ui.mifit.O0000O0o.O00000o0']
09-01 14:30:54.294 D/[Koin]  ( 8957): bind type:'com.huami.mastercard.ui.mifit.O0000O0o.O0000OOo' ~ [type:Factory,primary_type:'com.huami.mastercard.ui.mifit.O0000O0o.O0000OOo']
09-01 14:30:54.294 D/[Koin]  ( 8957): bind type:'com.huami.mastercard.ui.mifit.O0000O0o.O000O0OO' ~ [type:Factory,primary_type:'com.huami.mastercard.ui.mifit.O0000O0o.O000O0OO']
09-01 14:30:54.294 D/[Koin]  ( 8957): bind type:'com.huami.mastercard.ui.mifit.O0000O0o.O00oOooO' ~ [type:Factory,primary_type:'com.huami.mastercard.ui.mifit.O0000O0o.O00oOooO']
09-01 14:30:54.294 D/[Koin]  ( 8957): bind type:'com.huami.mastercard.ui.mifit.O0000O0o.O000O00o' ~ [type:Factory,primary_type:'com.huami.mastercard.ui.mifit.O0000O0o.O000O00o']
09-01 14:30:54.294 D/[Koin]  ( 8957): bind type:'com.huami.mastercard.ui.mifit.O0000O0o.O0000o00' ~ [type:Factory,primary_type:'com.huami.mastercard.ui.mifit.O0000O0o.O0000o00']
09-01 14:30:54.294 D/[Koin]  ( 8957): bind type:'com.huami.mastercard.ui.mifit.O0000O0o.O00000o' ~ [type:Factory,primary_type:'com.huami.mastercard.ui.mifit.O0000O0o.O00000o']
09-01 14:30:54.294 D/[Koin]  ( 8957): bind type:'com.huami.mastercard.ui.mifit.O0000O0o.O000000o' ~ [type:Factory,primary_type:'com.huami.mastercard.ui.mifit.O0000O0o.O000000o']
09-01 14:30:54.294 D/[Koin]  ( 8957): bind type:'com.huami.mastercard.O000000o.O000000o.O00000o' ~ [type:Single,primary_type:'com.huami.mastercard.O000000o.O000000o.O00000o']
09-01 14:30:54.294 D/[Koin]  ( 8957): bind type:'com.huami.mastercard.O000000o.O000000o.O0000O0o' ~ [type:Single,primary_type:'com.huami.mastercard.O000000o.O000000o.O0000O0o']
09-01 14:30:54.294 D/[Koin]  ( 8957): bind type:'com.huami.mastercard.O000000o.O00000oo.O0000O0o' ~ [type:Single,primary_type:'com.huami.mastercard.O000000o.O00000oo.O0000O0o']
09-01 14:30:54.294 D/[Koin]  ( 8957): bind type:'com.huami.mastercard.O000000o.O00000oo.O0000OOo' ~ [type:Single,primary_type:'com.huami.mastercard.O000000o.O00000oo.O0000OOo']
09-01 14:30:54.294 D/[Koin]  ( 8957): bind type:'com.huami.mastercard.O000000o.O00000oo.O00000o0' ~ [type:Single,primary_type:'com.huami.mastercard.O000000o.O00000oo.O00000o0']
09-01 14:30:54.294 D/[Koin]  ( 8957): bind type:'com.huami.mastercard.O000000o.O00000oo.O0000Oo0' ~ [type:Single,primary_type:'com.huami.mastercard.O000000o.O00000oo.O0000Oo0']
09-01 14:30:54.294 D/[Koin]  ( 8957): bind type:'com.huami.mastercard.O000000o.O000000o.O000000o' ~ [type:Single,primary_type:'com.huami.mastercard.O000000o.O000000o.O000000o']
09-01 14:30:54.294 D/[Koin]  ( 8957): bind type:'com.huami.mastercard.O000000o.O000000o.O00000o0' ~ [type:Single,primary_type:'com.huami.mastercard.O000000o.O000000o.O00000o0']
09-01 14:30:54.294 D/[Koin]  ( 8957): bind type:'com.huami.mastercard.O000000o.O00000oo.O00000o' ~ [type:Single,primary_type:'com.huami.mastercard.O000000o.O00000oo.O00000o']
09-01 14:30:54.294 D/[Koin]  ( 8957): bind qualifier:'MASTER_DEVICE_PROVIDER' ~ [type:Single,name:'MASTER_DEVICE_PROVIDER', primary_type:'com.huami.components.O000000o.O0000Oo0']
09-01 14:30:54.294 D/[Koin]  ( 8957): bind qualifier:'UP_DEVICE_PROVIDER' ~ [type:Single,name:'UP_DEVICE_PROVIDER', primary_type:'com.huami.components.O000000o.O0000Oo0']
09-01 14:30:54.294 D/[Koin]  ( 8957): bind type:'com.huami.nfc.unionpay.api.UnionpayAppletApi' ~ [type:Single,primary_type:'com.huami.nfc.unionpay.api.UnionpayAppletApi']
09-01 14:30:54.294 D/[Koin]  ( 8957): bind type:'com.huami.nfc.unionpay.api.UnionpayWebApi' ~ [type:Single,primary_type:'com.huami.nfc.unionpay.api.UnionpayWebApi']
09-01 14:30:54.294 D/[Koin]  ( 8957): bind type:'com.huami.nfc.unionpay.api.UnionpaySdkApi' ~ [type:Single,primary_type:'com.huami.nfc.unionpay.api.UnionpaySdkApi']
09-01 14:30:54.294 D/[Koin]  ( 8957): bind type:'com.huami.wallet.unionpay.unionpayuimifit.repo.O00000o.O0000Oo0' ~ [type:Single,primary_type:'com.huami.wallet.unionpay.unionpayuimifit.repo.O00000o.O0000Oo0']
09-01 14:30:54.294 D/[Koin]  ( 8957): bind type:'com.huami.wallet.unionpay.unionpayuimifit.repo.O000000o.O00000Oo' ~ [type:Single,primary_type:'com.huami.wallet.unionpay.unionpayuimifit.repo.O000000o.O00000Oo']
09-01 14:30:54.295 D/[Koin]  ( 8957): bind type:'com.huami.wallet.unionpay.unionpayuimifit.repo.O000000o.O0000O0o' ~ [type:Single,primary_type:'com.huami.wallet.unionpay.unionpayuimifit.repo.O000000o.O0000O0o']
09-01 14:30:54.295 D/[Koin]  ( 8957): bind type:'com.huami.wallet.unionpay.unionpayuimifit.repo.O0000OOo.O0000O0o' ~ [type:Factory,primary_type:'com.huami.wallet.unionpay.unionpayuimifit.repo.O0000OOo.O0000O0o']
09-01 14:30:54.295 D/[Koin]  ( 8957): bind type:'com.huami.wallet.unionpay.unionpayuimifit.repo.O0000OOo.O00000o' ~ [type:Factory,primary_type:'com.huami.wallet.unionpay.unionpayuimifit.repo.O0000OOo.O00000o']
09-01 14:30:54.295 D/[Koin]  ( 8957): bind type:'com.huami.wallet.unionpay.unionpayuimifit.repo.O0000OOo.O00000o0' ~ [type:Factory,primary_type:'com.huami.wallet.unionpay.unionpayuimifit.repo.O0000OOo.O00000o0']
09-01 14:30:54.295 D/[Koin]  ( 8957): bind type:'com.huami.wallet.unionpay.unionpayuimifit.repo.O0000OOo.O0000OOo' ~ [type:Factory,primary_type:'com.huami.wallet.unionpay.unionpayuimifit.repo.O0000OOo.O0000OOo']
09-01 14:30:54.295 D/[Koin]  ( 8957): bind type:'com.huami.wallet.unionpay.unionpayuimifit.repo.O000000o.O0000OOo' ~ [type:Single,primary_type:'com.huami.wallet.unionpay.unionpayuimifit.repo.O000000o.O0000OOo']
09-01 14:30:54.295 D/[Koin]  ( 8957): bind type:'com.huami.wallet.unionpay.unionpayuimifit.repo.O000000o.O00000o' ~ [type:Single,primary_type:'com.huami.wallet.unionpay.unionpayuimifit.repo.O000000o.O00000o']
09-01 14:30:54.295 D/[Koin]  ( 8957): bind type:'com.huami.wallet.unionpay.unionpayuimifit.repo.O000000o.O00000o0' ~ [type:Single,primary_type:'com.huami.wallet.unionpay.unionpayuimifit.repo.O000000o.O00000o0']
09-01 14:30:54.295 D/[Koin]  ( 8957): bind type:'com.huami.wallet.unionpay.unionpayuimifit.O0000O0o.O00000o0' ~ [type:Single,primary_type:'com.huami.wallet.unionpay.unionpayuimifit.O0000O0o.O00000o0']
09-01 14:30:54.295 D/[Koin]  ( 8957): bind type:'com.huami.wallet.unionpay.unionpayuimifit.repo.O00000Oo.O00000Oo' ~ [type:Single,primary_type:'com.huami.wallet.unionpay.unionpayuimifit.repo.O00000Oo.O00000Oo']
09-01 14:30:54.295 D/[Koin]  ( 8957): bind type:'com.huami.wallet.unionpay.unionpayuimifit.O00000oo.O00000o' ~ [type:Single,primary_type:'com.huami.wallet.unionpay.unionpayuimifit.O00000oo.O00000o']
09-01 14:30:54.299 D/[Koin]  ( 8957): total 375 registered definitions
09-01 14:30:54.299 D/[Koin]  ( 8957): load modules in 10.991562 ms
09-01 14:30:54.299 D/[Koin]  ( 8957): | create instance for [type:Single,primary_type:'com.huami.worldclock.O00000o.O00000o0']
09-01 14:30:54.299 D/[Koin]  ( 8957): | create instance for [type:Factory,primary_type:'com.huami.worldclock.home.O00000o']
09-01 14:30:54.301 D/[Koin]  ( 8957): | create instance for [type:Factory,primary_type:'com.huami.worldclock.add.O00000o']
09-01 14:30:54.301 D/[Koin]  ( 8957): instances started in 2.481927 ms
09-01 14:30:54.362 I/speech  ( 8957): speech event bus register >>> (BraceletApp.java:333) -> onCreate() | Thread:main
09-01 14:30:54.364 I/cnss-daemon( 1223): nl80211 response handler invoked
09-01 14:30:54.364 I/cnss-daemon( 1223): nl80211_response_handler: cmd 103, vendorID 4980, subcmd 10  received
09-01 14:30:54.364 I/WifiHAL (  794): event received NL80211_CMD_VENDOR, vendor_id = 0x1374, subcmd = 0xa
09-01 14:30:54.368 I/wpa_supplicant(  312): wlan0: CTRL-EVENT-AVOID-FREQ ranges=
09-01 14:30:54.370 I/wpa_supplicant(  312): wlan0: CTRL-EVENT-REGDOM-CHANGE init=DRIVER type=COUNTRY alpha2=CN
09-01 14:30:54.460 I/AudioTrack( 2503): isLongTimeZoreData zoer date time 19 Seconds
09-01 14:30:54.475 I/MiuiNetworkPolicy( 1639): updateUidState uid = 10062, uidState = 4
09-01 14:30:54.475 D/OemNetd (  679): whiteListUid: uid=10062, wmm=add
09-01 14:30:54.477 I/MiuiNetworkPolicy( 1639): updateMLUid uid:10062,old:16,new:4
09-01 14:30:54.477 I/MiuiNetworkPolicy( 1639): isMLEnabled state:16,uid:10062,connect:DISCONNECTED
09-01 14:30:54.477 I/MiuiNetworkPolicy( 1639): isMLEnabled state:4,uid:10062,connect:DISCONNECTED
09-01 14:30:54.554 I/ACRA    ( 8957): ACRA is enabled for com.xiaomi.hm.health
09-01 14:30:54.609 D/[Koin]  ( 8957): !- create scope - id:User q:User
09-01 14:30:54.609 D/[Koin]  ( 8957): bind qualifier:'UserId' ~ [type:Scoped,scope:'User', name:'UserId', primary_type:'java.lang.String']
09-01 14:30:54.609 D/[Koin]  ( 8957): bind qualifier:'Location' ~ [type:Scoped,scope:'User', name:'Location', primary_type:'O00000oO.O0000Ooo.O000000o.O00000Oo']
09-01 14:30:54.609 D/[Koin]  ( 8957): bind qualifier:'BoundHrDevice' ~ [type:Scoped,scope:'User', name:'BoundHrDevice', primary_type:'O00000oO.O0000Ooo.O000000o.O00000Oo']
09-01 14:30:54.609 D/[Koin]  ( 8957): bind qualifier:'Type' ~ [type:Scoped,scope:'User', name:'Type', primary_type:'O00000oO.O0000Ooo.O000000o.O00000Oo']
09-01 14:30:54.609 D/[Koin]  ( 8957): bind qualifier:'Host' ~ [type:Scoped,scope:'User', name:'Host', primary_type:'java.lang.String']
09-01 14:30:54.610 D/[Koin]  ( 8957): bind qualifier:'Avatar' ~ [type:Scoped,scope:'User', name:'Avatar', primary_type:'O00000oO.O0000Ooo.O000000o.O00000Oo']
09-01 14:30:54.610 D/[Koin]  ( 8957): bind type:'com.xiaomi.hm.health.O000O00o' ~ [type:Scoped,scope:'User', primary_type:'com.xiaomi.hm.health.O000O00o']
09-01 14:30:54.610 D/[Koin]  ( 8957): bind qualifier:'Token' ~ [type:Scoped,scope:'User', name:'Token', primary_type:'java.lang.String']
09-01 14:30:54.610 D/[Koin]  ( 8957): bind qualifier:'Nickname' ~ [type:Scoped,scope:'User', name:'Nickname', primary_type:'O00000oO.O0000Ooo.O000000o.O00000Oo']
09-01 14:30:54.610 D/[Koin]  ( 8957): bind qualifier:'Summary' ~ [type:Scoped,scope:'User', name:'Summary', primary_type:'O00000oO.O0000Ooo.O000000o.O00000Oo']
09-01 14:30:54.610 D/[Koin]  ( 8957): bind qualifier:'Age' ~ [type:Scoped,scope:'User', name:'Age', primary_type:'O00000oO.O0000Ooo.O000000o.O00000Oo']
09-01 14:30:54.610 D/[Koin]  ( 8957): bind qualifier:'Gender' ~ [type:Scoped,scope:'User', name:'Gender', primary_type:'O00000oO.O0000Ooo.O000000o.O00000Oo']
09-01 14:30:54.610 D/[Koin]  ( 8957): +- get 'com.xiaomi.hm.health.O000O00o'
09-01 14:30:54.610 D/[Koin]  ( 8957): | create instance for [type:Scoped,scope:'User', primary_type:'com.xiaomi.hm.health.O000O00o']
09-01 14:30:54.611 D/[Koin]  ( 8957): +- got 'com.xiaomi.hm.health.O000O00o' in 0.616302 ms
09-01 14:30:54.612 I/MiuiNetworkPolicy( 1639): updateUidState uid = 10062, uidState = 16
09-01 14:30:54.613 D/OemNetd (  679): whiteListUid: uid=10062, wmm=del
09-01 14:30:54.613 D/[Koin]  ( 8957): closing scope:'User'
09-01 14:30:54.613 D/[Koin]  ( 8957): releasing 'Scope[id:'User',set:'User']' ~ [type:Scoped,scope:'User', name:'UserId', primary_type:'java.lang.String'] 
09-01 14:30:54.613 D/[Koin]  ( 8957): releasing 'Scope[id:'User',set:'User']' ~ [type:Scoped,scope:'User', name:'Location', primary_type:'O00000oO.O0000Ooo.O000000o.O00000Oo'] 
09-01 14:30:54.613 D/[Koin]  ( 8957): releasing 'Scope[id:'User',set:'User']' ~ [type:Scoped,scope:'User', name:'BoundHrDevice', primary_type:'O00000oO.O0000Ooo.O000000o.O00000Oo'] 
09-01 14:30:54.613 D/[Koin]  ( 8957): releasing 'Scope[id:'User',set:'User']' ~ [type:Scoped,scope:'User', name:'Type', primary_type:'O00000oO.O0000Ooo.O000000o.O00000Oo'] 
09-01 14:30:54.613 D/[Koin]  ( 8957): releasing 'Scope[id:'User',set:'User']' ~ [type:Scoped,scope:'User', name:'Host', primary_type:'java.lang.String'] 
09-01 14:30:54.613 D/[Koin]  ( 8957): releasing 'Scope[id:'User',set:'User']' ~ [type:Scoped,scope:'User', name:'Avatar', primary_type:'O00000oO.O0000Ooo.O000000o.O00000Oo'] 
09-01 14:30:54.613 D/[Koin]  ( 8957): releasing 'Scope[id:'User',set:'User']' ~ [type:Scoped,scope:'User', primary_type:'com.xiaomi.hm.health.O000O00o'] 
09-01 14:30:54.613 D/[Koin]  ( 8957): releasing 'Scope[id:'User',set:'User']' ~ [type:Scoped,scope:'User', name:'Token', primary_type:'java.lang.String'] 
09-01 14:30:54.613 D/[Koin]  ( 8957): releasing 'Scope[id:'User',set:'User']' ~ [type:Scoped,scope:'User', name:'Nickname', primary_type:'O00000oO.O0000Ooo.O000000o.O00000Oo'] 
09-01 14:30:54.614 D/[Koin]  ( 8957): releasing 'Scope[id:'User',set:'User']' ~ [type:Scoped,scope:'User', name:'Summary', primary_type:'O00000oO.O0000Ooo.O000000o.O00000Oo'] 
09-01 14:30:54.614 D/[Koin]  ( 8957): releasing 'Scope[id:'User',set:'User']' ~ [type:Scoped,scope:'User', name:'Age', primary_type:'O00000oO.O0000Ooo.O000000o.O00000Oo'] 
09-01 14:30:54.614 D/[Koin]  ( 8957): releasing 'Scope[id:'User',set:'User']' ~ [type:Scoped,scope:'User', name:'Gender', primary_type:'O00000oO.O0000Ooo.O000000o.O00000Oo'] 
09-01 14:30:54.614 D/[Koin]  ( 8957): !- create scope - id:Training q:Training
09-01 14:30:54.614 D/[Koin]  ( 8957): bind type:'com.huami.training.O0000o00.O00000Oo' ~ [type:Scoped,scope:'Training', primary_type:'com.huami.training.O0000o00.O00000Oo']
09-01 14:30:54.614 D/[Koin]  ( 8957): bind type:'com.huami.training.O0000Ooo.O000o00' ~ [type:Scoped,scope:'Training', primary_type:'com.huami.training.O0000Ooo.O000o00']
09-01 14:30:54.614 D/BluetoothGatt( 8957): connect() - device: C3:D4:F4:E3:11:EC, auto: false
09-01 14:30:54.614 D/[Koin]  ( 8957): bind type:'com.huami.training.O0000o0O.O00000Oo' ~ [type:Scoped,scope:'Training', primary_type:'com.huami.training.O0000o0O.O00000Oo']
09-01 14:30:54.614 D/BluetoothGatt( 8957): registerApp()
09-01 14:30:54.614 D/[Koin]  ( 8957): bind qualifier:'TrainingWebHost' ~ [type:Scoped,scope:'Training', name:'TrainingWebHost', primary_type:'java.lang.String']
09-01 14:30:54.614 D/BluetoothGatt( 8957): registerApp() - UUID=5d661f79-197f-4a5c-a760-85c2b8628624
09-01 14:30:54.614 D/[Koin]  ( 8957): bind type:'com.huami.training.O0000OOo.O000000o' ~ [type:Scoped,scope:'Training', primary_type:'com.huami.training.O0000OOo.O000000o']
09-01 14:30:54.614 D/[Koin]  ( 8957): bind type:'com.huami.training.O0000Oo.O000000o' ~ [type:Scoped,scope:'Training', primary_type:'com.huami.training.O0000Oo.O000000o']
09-01 14:30:54.614 D/[Koin]  ( 8957): bind type:'com.huami.training.O000000o.O000OO0o' ~ [type:Scoped,scope:'Training', primary_type:'com.huami.training.O000000o.O000OO0o']
09-01 14:30:54.615 D/[Koin]  ( 8957): bind type:'com.huami.training.O0000o00.O00000o0' ~ [type:Scoped,scope:'Training', primary_type:'com.huami.training.O0000o00.O00000o0']
09-01 14:30:54.615 D/[Koin]  ( 8957): bind type:'com.huami.training.db.TrainingDb' ~ [type:Scoped,scope:'Training', primary_type:'com.huami.training.db.TrainingDb']
09-01 14:30:54.615 D/[Koin]  ( 8957): bind type:'com.huami.training.O0000OOo.O000OO0o' ~ [type:Scoped,scope:'Training', primary_type:'com.huami.training.O0000OOo.O000OO0o']
09-01 14:30:54.615 D/[Koin]  ( 8957): +- get 'com.huami.training.db.TrainingDb'
09-01 14:30:54.615 D/[Koin]  ( 8957): | create instance for [type:Scoped,scope:'Training', primary_type:'com.huami.training.db.TrainingDb']
09-01 14:30:54.615 I/chatty  ( 8588): uid=1002(bluetooth) Binder:8588_7 expire 6 lines
09-01 14:30:54.615 I/MiuiNetworkPolicy( 1639): updateMLUid uid:10062,old:4,new:16
09-01 14:30:54.615 I/MiuiNetworkPolicy( 1639): isMLEnabled state:4,uid:10062,connect:DISCONNECTED
09-01 14:30:54.615 I/MiuiNetworkPolicy( 1639): isMLEnabled state:16,uid:10062,connect:DISCONNECTED
09-01 14:30:54.616 D/[Koin]  ( 8957): +- get 'android.content.Context'
09-01 14:30:54.616 D/[Koin]  ( 8957): | create instance for [type:Single,primary_type:'android.content.Context']
09-01 14:30:54.616 D/BluetoothGatt( 8957): onClientRegistered() - status=0 clientIf=8
09-01 14:30:54.616 D/[Koin]  ( 8957): +- got 'android.content.Context' in 0.073177 ms
09-01 14:30:54.616 D/[Koin]  ( 8957): +- get 'com.huami.training.O0000OOo.O000OO0o'
09-01 14:30:54.616 D/[Koin]  ( 8957): | create instance for [type:Scoped,scope:'Training', primary_type:'com.huami.training.O0000OOo.O000OO0o']
09-01 14:30:54.616 D/[Koin]  ( 8957): !- create scope - id:User q:User
09-01 14:30:54.616 D/[Koin]  ( 8957): bind qualifier:'UserId' ~ [type:Scoped,scope:'User', name:'UserId', primary_type:'java.lang.String']
09-01 14:30:54.616 D/[Koin]  ( 8957): bind qualifier:'Location' ~ [type:Scoped,scope:'User', name:'Location', primary_type:'O00000oO.O0000Ooo.O000000o.O00000Oo']
09-01 14:30:54.616 D/[Koin]  ( 8957): bind qualifier:'BoundHrDevice' ~ [type:Scoped,scope:'User', name:'BoundHrDevice', primary_type:'O00000oO.O0000Ooo.O000000o.O00000Oo']
09-01 14:30:54.616 D/[Koin]  ( 8957): bind qualifier:'Type' ~ [type:Scoped,scope:'User', name:'Type', primary_type:'O00000oO.O0000Ooo.O000000o.O00000Oo']
09-01 14:30:54.616 D/[Koin]  ( 8957): bind qualifier:'Host' ~ [type:Scoped,scope:'User', name:'Host', primary_type:'java.lang.String']
09-01 14:30:54.616 D/[Koin]  ( 8957): bind qualifier:'Avatar' ~ [type:Scoped,scope:'User', name:'Avatar', primary_type:'O00000oO.O0000Ooo.O000000o.O00000Oo']
09-01 14:30:54.617 D/[Koin]  ( 8957): bind type:'com.xiaomi.hm.health.O000O00o' ~ [type:Scoped,scope:'User', primary_type:'com.xiaomi.hm.health.O000O00o']
09-01 14:30:54.617 D/[Koin]  ( 8957): bind qualifier:'Token' ~ [type:Scoped,scope:'User', name:'Token', primary_type:'java.lang.String']
09-01 14:30:54.617 D/[Koin]  ( 8957): bind qualifier:'Nickname' ~ [type:Scoped,scope:'User', name:'Nickname', primary_type:'O00000oO.O0000Ooo.O000000o.O00000Oo']
09-01 14:30:54.617 D/[Koin]  ( 8957): bind qualifier:'Summary' ~ [type:Scoped,scope:'User', name:'Summary', primary_type:'O00000oO.O0000Ooo.O000000o.O00000Oo']
09-01 14:30:54.617 D/[Koin]  ( 8957): bind qualifier:'Age' ~ [type:Scoped,scope:'User', name:'Age', primary_type:'O00000oO.O0000Ooo.O000000o.O00000Oo']
09-01 14:30:54.617 D/[Koin]  ( 8957): bind qualifier:'Gender' ~ [type:Scoped,scope:'User', name:'Gender', primary_type:'O00000oO.O0000Ooo.O000000o.O00000Oo']
09-01 14:30:54.617 D/[Koin]  ( 8957): +- get 'java.lang.String'
09-01 14:30:54.617 D/[Koin]  ( 8957): | create instance for [type:Scoped,scope:'User', name:'UserId', primary_type:'java.lang.String']
09-01 14:30:54.617 D/[Koin]  ( 8957): +- got 'java.lang.String' in 0.077344 ms
09-01 14:30:54.617 D/[Koin]  ( 8957): +- get 'O00000oO.O0000Ooo.O000000o.O00000Oo'
09-01 14:30:54.617 D/[Koin]  ( 8957): | create instance for [type:Scoped,scope:'User', name:'Avatar', primary_type:'O00000oO.O0000Ooo.O000000o.O00000Oo']
09-01 14:30:54.617 D/[Koin]  ( 8957): +- got 'O00000oO.O0000Ooo.O000000o.O00000Oo' in 0.149844 ms
09-01 14:30:54.617 D/[Koin]  ( 8957): +- get 'O00000oO.O0000Ooo.O000000o.O00000Oo'
09-01 14:30:54.617 D/[Koin]  ( 8957): | create instance for [type:Scoped,scope:'User', name:'Nickname', primary_type:'O00000oO.O0000Ooo.O000000o.O00000Oo']
09-01 14:30:54.617 D/[Koin]  ( 8957): +- got 'O00000oO.O0000Ooo.O000000o.O00000Oo' in 0.088854 ms
09-01 14:30:54.617 D/[Koin]  ( 8957): +- get 'O00000oO.O0000Ooo.O000000o.O00000Oo'
09-01 14:30:54.617 D/[Koin]  ( 8957): | create instance for [type:Scoped,scope:'User', name:'Age', primary_type:'O00000oO.O0000Ooo.O000000o.O00000Oo']
09-01 14:30:54.617 D/[Koin]  ( 8957): +- got 'O00000oO.O0000Ooo.O000000o.O00000Oo' in 0.079792 ms
09-01 14:30:54.617 D/[Koin]  ( 8957): +- get 'O00000oO.O0000Ooo.O000000o.O00000Oo'
09-01 14:30:54.617 D/[Koin]  ( 8957): | create instance for [type:Scoped,scope:'User', name:'Gender', primary_type:'O00000oO.O0000Ooo.O000000o.O00000Oo']
09-01 14:30:54.618 D/[Koin]  ( 8957): +- got 'O00000oO.O0000Ooo.O000000o.O00000Oo' in 0.082292 ms
09-01 14:30:54.618 D/[Koin]  ( 8957): +- get 'O00000oO.O0000Ooo.O000000o.O00000Oo'
09-01 14:30:54.618 D/[Koin]  ( 8957): | create instance for [type:Scoped,scope:'User', name:'BoundHrDevice', primary_type:'O00000oO.O0000Ooo.O000000o.O00000Oo']
09-01 14:30:54.618 D/[Koin]  ( 8957): +- got 'O00000oO.O0000Ooo.O000000o.O00000Oo' in 0.074895 ms
09-01 14:30:54.618 D/[Koin]  ( 8957): +- got 'com.huami.training.O0000OOo.O000OO0o' in 1.729219 ms
09-01 14:30:54.626 D/[Koin]  ( 8957): +- got 'com.huami.training.db.TrainingDb' in 10.843489 ms
09-01 14:30:54.626 D/[Koin]  ( 8957): +- get 'com.huami.training.db.TrainingDb'
09-01 14:30:54.626 D/[Koin]  ( 8957): +- got 'com.huami.training.db.TrainingDb' in 0.032968 ms
09-01 14:30:54.626 D/[Koin]  ( 8957): +- get 'com.huami.training.O0000Oo.O000000o'
09-01 14:30:54.626 D/[Koin]  ( 8957): | create instance for [type:Scoped,scope:'Training', primary_type:'com.huami.training.O0000Oo.O000000o']
09-01 14:30:54.627 D/[Koin]  ( 8957): +- got 'com.huami.training.O0000Oo.O000000o' in 0.267135 ms
09-01 14:30:54.628 D/[Koin]  ( 8957): +- get 'com.huami.training.O0000o0O.O00000Oo'
09-01 14:30:54.628 D/[Koin]  ( 8957): | create instance for [type:Scoped,scope:'Training', primary_type:'com.huami.training.O0000o0O.O00000Oo']
09-01 14:30:54.628 D/Event   ( 8957): No subscribers registered for event class com.xiaomi.hm.health.traininglib.O00000o0.O00000Oo
09-01 14:30:54.628 D/Event   ( 8957): No subscribers registered for event class O00000Oo.O000000o.O000000o.O0000Oo0
09-01 14:30:54.628 D/[Koin]  ( 8957): +- get 'android.content.Context'
09-01 14:30:54.628 D/[Koin]  ( 8957): +- got 'android.content.Context' in 0.023854 ms
09-01 14:30:54.628 D/[Koin]  ( 8957): +- get 'com.huami.training.O0000Oo.O000000o'
09-01 14:30:54.628 D/[Koin]  ( 8957): +- got 'com.huami.training.O0000Oo.O000000o' in 0.022709 ms
09-01 14:30:54.628 D/[Koin]  ( 8957): +- get 'com.huami.training.O0000OOo.O000OO0o'
09-01 14:30:54.628 D/[Koin]  ( 8957): +- got 'com.huami.training.O0000OOo.O000OO0o' in 0.012031 ms
09-01 14:30:54.632 D/[Koin]  ( 8957): +- got 'com.huami.training.O0000o0O.O00000Oo' in 4.008958 ms
09-01 14:30:54.657 D/[Koin]  ( 8957): +- get 'com.huami.stress.domain.O00000oO.O000O00o'
09-01 14:30:54.657 D/[Koin]  ( 8957): | create instance for [type:Factory,primary_type:'com.huami.stress.domain.O00000oO.O000O00o']
09-01 14:30:54.657 D/[Koin]  ( 8957): !- create scope - id:Stress q:Stress
09-01 14:30:54.657 D/[Koin]  ( 8957): bind type:'com.huami.stress.domain.data.local.StressDatabase' ~ [type:Scoped,scope:'Stress', primary_type:'com.huami.stress.domain.data.local.StressDatabase']
09-01 14:30:54.657 D/[Koin]  ( 8957): bind type:'com.huami.stress.domain.O00000Oo.O00000Oo' ~ [type:Scoped,scope:'Stress', primary_type:'com.huami.stress.domain.O00000Oo.O00000Oo']
09-01 14:30:54.657 D/[Koin]  ( 8957): bind type:'com.huami.stress.domain.O00000Oo.O000000o' ~ [type:Scoped,scope:'Stress', primary_type:'com.huami.stress.domain.O00000Oo.O000000o']
09-01 14:30:54.657 D/[Koin]  ( 8957): +- get 'com.huami.stress.domain.O00000Oo.O00000Oo'
09-01 14:30:54.657 D/[Koin]  ( 8957): | create instance for [type:Scoped,scope:'Stress', primary_type:'com.huami.stress.domain.O00000Oo.O00000Oo']
09-01 14:30:54.657 D/[Koin]  ( 8957): +- get 'com.huami.stress.domain.data.local.StressDatabase'
09-01 14:30:54.657 D/[Koin]  ( 8957): | create instance for [type:Scoped,scope:'Stress', primary_type:'com.huami.stress.domain.data.local.StressDatabase']
09-01 14:30:54.657 D/[Koin]  ( 8957): +- get 'com.huami.stress.mifit.O000000o.O000000o'
09-01 14:30:54.657 D/[Koin]  ( 8957): | create instance for [type:Factory,primary_type:'com.huami.stress.mifit.O000000o.O000000o']
09-01 14:30:54.658 D/[Koin]  ( 8957): +- got 'com.huami.stress.mifit.O000000o.O000000o' in 0.570417 ms
09-01 14:30:54.658 D/[Koin]  ( 8957): +- get 'java.lang.String'
09-01 14:30:54.658 D/[Koin]  ( 8957): +- got 'java.lang.String' in 0.018281 ms
09-01 14:30:54.658 D/[Koin]  ( 8957): +- get 'android.content.Context'
09-01 14:30:54.658 D/[Koin]  ( 8957): +- got 'android.content.Context' in 0.014636 ms
09-01 14:30:54.660 D/[Koin]  ( 8957): +- got 'com.huami.stress.domain.data.local.StressDatabase' in 2.362084 ms
09-01 14:30:54.661 D/[Koin]  ( 8957): +- get 'com.huami.stress.domain.data.O00000Oo.O000000o'
09-01 14:30:54.661 D/[Koin]  ( 8957): | create instance for [type:Single,primary_type:'com.huami.stress.domain.data.O00000Oo.O000000o']
09-01 14:30:54.661 D/[Koin]  ( 8957): +- got 'com.huami.stress.domain.data.O00000Oo.O000000o' in 0.329322 ms
09-01 14:30:54.661 D/[Koin]  ( 8957): +- get 'com.huami.stress.domain.data.O00000o0.O00000Oo'
09-01 14:30:54.661 D/[Koin]  ( 8957): | create instance for [type:Single,primary_type:'com.huami.stress.domain.data.O00000o0.O00000Oo']
09-01 14:30:54.662 D/[Koin]  ( 8957): +- got 'com.huami.stress.domain.data.O00000o0.O00000Oo' in 0.475782 ms
09-01 14:30:54.664 D/[Koin]  ( 8957): +- got 'com.huami.stress.domain.O00000Oo.O00000Oo' in 6.656146 ms
09-01 14:30:54.664 D/[Koin]  ( 8957): +- get 'com.huami.stress.domain.O00000Oo.O000000o'
09-01 14:30:54.664 D/[Koin]  ( 8957): | create instance for [type:Scoped,scope:'Stress', primary_type:'com.huami.stress.domain.O00000Oo.O000000o']
09-01 14:30:54.664 D/[Koin]  ( 8957): +- get 'com.huami.stress.domain.data.local.StressDatabase'
09-01 14:30:54.664 D/[Koin]  ( 8957): +- got 'com.huami.stress.domain.data.local.StressDatabase' in 0.013229 ms
09-01 14:30:54.665 D/[Koin]  ( 8957): +- get 'com.huami.stress.domain.data.O00000Oo.O000000o'
09-01 14:30:54.665 D/[Koin]  ( 8957): +- got 'com.huami.stress.domain.data.O00000Oo.O000000o' in 0.018021 ms
09-01 14:30:54.665 D/[Koin]  ( 8957): +- get 'com.huami.stress.domain.data.O00000o0.O00000Oo'
09-01 14:30:54.665 D/[Koin]  ( 8957): +- got 'com.huami.stress.domain.data.O00000o0.O00000Oo' in 0.008698 ms
09-01 14:30:54.667 D/[Koin]  ( 8957): +- got 'com.huami.stress.domain.O00000Oo.O000000o' in 2.563177 ms
09-01 14:30:54.667 D/[Koin]  ( 8957): +- got 'com.huami.stress.domain.O00000oO.O000O00o' in 9.889792 ms
09-01 14:30:54.667 D/[Koin]  ( 8957): +- get 'com.xiaomi.hm.health.O000O00o'
09-01 14:30:54.667 D/[Koin]  ( 8957): | create instance for [type:Scoped,scope:'User', primary_type:'com.xiaomi.hm.health.O000O00o']
09-01 14:30:54.667 D/[Koin]  ( 8957): +- got 'com.xiaomi.hm.health.O000O00o' in 0.073438 ms
09-01 14:30:54.676 D/Event   ( 8957): No subscribers registered for event class com.xiaomi.hm.health.O0000o00.O00Oo00o
09-01 14:30:54.676 D/Event   ( 8957): No subscribers registered for event class O00000Oo.O000000o.O000000o.O0000Oo0
09-01 14:30:54.704 D/Event   ( 8957): No subscribers registered for event class com.xiaomi.hm.health.O0000o00.O000OOo
09-01 14:30:54.704 D/Event   ( 8957): No subscribers registered for event class O00000Oo.O000000o.O000000o.O0000Oo0
09-01 14:30:54.732 D/Event   ( 8957): No subscribers registered for event class com.xiaomi.hm.health.O0000o00.O00OO0O
09-01 14:30:54.732 D/Event   ( 8957): No subscribers registered for event class O00000Oo.O000000o.O000000o.O0000Oo0
09-01 14:30:54.732 D/Event   ( 8957): No subscribers registered for event class com.xiaomi.hm.health.O0000o00.O0000o0
09-01 14:30:54.732 D/Event   ( 8957): No subscribers registered for event class O00000Oo.O000000o.O000000o.O0000Oo0
09-01 14:30:54.740 W/AsyncHttpResponse( 8957): Current thread has not called Looper.prepare().Forcing synchronous mode
09-01 14:30:54.741 W/AsyncHttpResponse( 8957): Current thread has not called Looper.prepare().Forcing synchronous mode
09-01 14:30:54.745 D/Event   ( 8957): No subscribers registered for event class com.xiaomi.hm.health.O0000o00.O00OOOo
09-01 14:30:54.745 D/Event   ( 8957): No subscribers registered for event class O00000Oo.O000000o.O000000o.O0000Oo0
09-01 14:30:54.747 D/Event   ( 8957): No subscribers registered for event class com.xiaomi.hm.health.locweather.O00000o.O0000OOo
09-01 14:30:54.747 D/Event   ( 8957): No subscribers registered for event class O00000Oo.O000000o.O000000o.O0000Oo0
09-01 14:30:54.750 D/Event   ( 8957): No subscribers registered for event class com.xiaomi.hm.health.locweather.O00000Oo.O00000Oo
09-01 14:30:54.750 D/Event   ( 8957): No subscribers registered for event class O00000Oo.O000000o.O000000o.O0000Oo0
09-01 14:30:54.756 I/hwservicemanager(  573): getTransport: Cannot find entry vendor.qti.hardware.servicetracker@1.0::IServicetracker/default in either framework or device manifest.
09-01 14:30:54.757 D/CompatibilityInfo( 1639): mCompatibilityFlags - 0
09-01 14:30:54.757 D/CompatibilityInfo( 1639): applicationDensity - 440
09-01 14:30:54.757 D/CompatibilityInfo( 1639): applicationScale - 1.0
09-01 14:30:54.758 I/hwservicemanager(  573): getTransport: Cannot find entry vendor.qti.hardware.servicetracker@1.0::IServicetracker/default in either framework or device manifest.
09-01 14:30:54.762 I/hwservicemanager(  573): getTransport: Cannot find entry vendor.qti.hardware.servicetracker@1.0::IServicetracker/default in either framework or device manifest.
09-01 14:30:54.765 D/Event   ( 8957): No subscribers registered for event class com.xiaomi.hm.health.O0000o00.O00OO0O
09-01 14:30:54.765 D/Event   ( 8957): No subscribers registered for event class O00000Oo.O000000o.O000000o.O0000Oo0
09-01 14:30:54.766 D/Event   ( 8957): No subscribers registered for event class com.xiaomi.hm.health.O0000o00.O00O000o
09-01 14:30:54.766 D/Event   ( 8957): No subscribers registered for event class O00000Oo.O000000o.O000000o.O0000Oo0
09-01 14:30:54.780 D/Event   ( 8957): No subscribers registered for event class com.xiaomi.hm.health.O0000o00.O00OO0O
09-01 14:30:54.780 D/Event   ( 8957): No subscribers registered for event class O00000Oo.O000000o.O000000o.O0000Oo0
09-01 14:30:54.780 D/Event   ( 8957): No subscribers registered for event class com.xiaomi.hm.health.O0000o00.O00O000o
09-01 14:30:54.780 D/Event   ( 8957): No subscribers registered for event class O00000Oo.O000000o.O000000o.O0000Oo0
09-01 14:30:54.782 D/CompatibilityInfo( 1639): mCompatibilityFlags - 0
09-01 14:30:54.782 D/CompatibilityInfo( 1639): applicationDensity - 440
09-01 14:30:54.782 D/CompatibilityInfo( 1639): applicationScale - 1.0
09-01 14:30:54.783 I/hwservicemanager(  573): getTransport: Cannot find entry vendor.qti.hardware.servicetracker@1.0::IServicetracker/default in either framework or device manifest.
09-01 14:30:54.783 V/UidProcStateHelper( 1639): foreground changed:[8957,10241,0]
09-01 14:30:54.784 D/ProcessObserver( 6417): onForegroundServicesChanged, pid: 8957 uid: 10241 serviceTypes: 0
09-01 14:30:54.784 D/ProcessObserver( 6417): Uid: 10241 foreground service added 
09-01 14:30:54.785 D/HideModeStateMachine( 6417): updateForForegroundServiceUidChangedLocked: uid = 10241 foreground = true
09-01 14:30:54.785 I/DeviceCenter( 8957): init
09-01 14:30:54.787 I/hwservicemanager(  573): getTransport: Cannot find entry vendor.qti.hardware.servicetracker@1.0::IServicetracker/default in either framework or device manifest.
09-01 14:30:54.795 W/JobInfo ( 8957): Requested interval +10m0s0ms for job 272 is too small; raising to +15m0s0ms
09-01 14:30:54.797 E/ResolverController(  679): No valid NAT64 prefix (116, <unspecified>/0)
09-01 14:30:54.801 E/ResolverController(  679): No valid NAT64 prefix (116, <unspecified>/0)
09-01 14:30:54.815 D/AudioManager( 8957): getStreamVolume isRestricted mode = 0
09-01 14:30:54.815 D/AudioManager( 8957): getStreamVolume isRestricted mode = 0
09-01 14:30:54.842 D/JG-JNILOG( 8957): packageName = com.xiaomi.hm.health packnameLen = 20
09-01 14:30:54.843 D/JG-JNILOG( 8957): hexpack = 48A79A484EBCCB6ADBF965128A3FE16B
09-01 14:30:54.843 D/JG-JNILOG( 8957): hexsign = 34EF92B36AB6FEFF6E6E9DEC480A2B8D
09-01 14:30:54.856 E/ResolverController(  679): No valid NAT64 prefix (116, <unspecified>/0)
09-01 14:30:54.856 E/ResolverController(  679): No valid NAT64 prefix (116, <unspecified>/0)
09-01 14:30:54.856 E/ResolverController(  679): No valid NAT64 prefix (116, <unspecified>/0)
09-01 14:30:54.856 E/ResolverController(  679): No valid NAT64 prefix (116, <unspecified>/0)
09-01 14:30:54.858 E/ResolverController(  679): No valid NAT64 prefix (116, <unspecified>/0)
09-01 14:30:54.885 W/AsyncHttpResponse( 8957): Current thread has not called Looper.prepare().Forcing synchronous mode
09-01 14:30:54.887 W/AsyncHttpResponse( 8957): Current thread has not called Looper.prepare().Forcing synchronous mode
09-01 14:30:54.887 W/AsyncHttpResponse( 8957): Current thread has not called Looper.prepare().Forcing synchronous mode
09-01 14:30:54.889 W/AsyncHttpResponse( 8957): Current thread has not called Looper.prepare().Forcing synchronous mode
09-01 14:30:54.900 W/Thread-3( 8957): type=1400 audit(0.0:63827): avc: denied { search } for name="net" dev="sysfs" ino=50277 scontext=u:r:untrusted_app:s0:c241,c256,c512,c768 tcontext=u:object_r:sysfs_net:s0 tclass=dir permissive=0 app=com.xiaomi.hm.health
09-01 14:30:54.900 W/Thread-3( 8957): type=1400 audit(0.0:63828): avc: denied { search } for name="net" dev="sysfs" ino=50277 scontext=u:r:untrusted_app:s0:c241,c256,c512,c768 tcontext=u:object_r:sysfs_net:s0 tclass=dir permissive=0 app=com.xiaomi.hm.health
09-01 14:30:54.916 W/Settings( 8957): Setting adb_enabled has moved from android.provider.Settings.Secure to android.provider.Settings.Global.
09-01 14:30:54.925 W/Looper  ( 8957): Slow Looper main: Long Msg: seq=2 plan=14:30:53.454  late=1ms wall=1470ms running=1128ms runnable=16ms io=2ms h=android.app.ActivityThread$H w=110
09-01 14:30:54.937 E/Perf    ( 8957): Fail to get file list com.xiaomi.hm.health
09-01 14:30:54.939 E/Perf    ( 8957): getFolderSize() : Exception_1 = java.lang.NullPointerException: Attempt to get length of null array
09-01 14:30:54.940 E/Perf    ( 8957): Fail to get file list oat
09-01 14:30:54.940 E/Perf    ( 8957): getFolderSize() : Exception_1 = java.lang.NullPointerException: Attempt to get length of null array
09-01 14:30:54.943 V/AsyncHttpResponse( 8957): Progress 82 from 82 (100%)
09-01 14:30:54.956 D/View    ( 8957): com.xiaomi.hm.health initForcedUseForceDark: 1
09-01 14:30:54.950 W/Binder:intercep( 8957): type=1400 audit(0.0:63829): avc: denied { getattr } for path="/data/data/com.miui.contentcatcher" dev="sda31" ino=3276849 scontext=u:r:untrusted_app:s0:c241,c256,c512,c768 tcontext=u:object_r:system_app_data_file:s0 tclass=dir permissive=0 app=com.xiaomi.hm.health
09-01 14:30:54.950 W/Binder:intercep( 8957): type=1400 audit(0.0:63830): avc: denied { getattr } for path="/data/data/com.miui.contentcatcher" dev="sda31" ino=3276849 scontext=u:r:untrusted_app:s0:c241,c256,c512,c768 tcontext=u:object_r:system_app_data_file:s0 tclass=dir permissive=0 app=com.xiaomi.hm.health
09-01 14:30:54.966 D/ViewContentFactory( 8957): initViewContentFetcherClass
09-01 14:30:54.966 D/ViewContentFactory( 8957): getInterceptorPackageInfo
09-01 14:30:54.967 D/ViewContentFactory( 8957): getInitialApplication took 0ms
09-01 14:30:54.967 D/ViewContentFactory( 8957): packageInfo.packageName: com.miui.catcherpatch
09-01 14:30:54.973 V/AsyncHttpResponse( 8957): Progress 253 from 253 (100%)
09-01 14:30:54.976 D/ViewContentFactory( 8957): initViewContentFetcherClass took 10ms
09-01 14:30:54.977 E/ResolverController(  679): No valid NAT64 prefix (116, <unspecified>/0)
09-01 14:30:54.977 I/ContentCatcher( 8957): ViewContentFetcher : ViewContentFetcher
09-01 14:30:54.977 D/ViewContentFactory( 8957): createInterceptor took 11ms
09-01 14:30:54.979 V/AsyncHttpResponse( 8957): Progress 41 from 41 (100%)
09-01 14:30:54.980 V/AsyncHttpResponse( 8957): Progress 3637 from 4047 (90%)
09-01 14:30:54.980 V/AsyncHttpResponse( 8957): Progress 4047 from 4047 (100%)
09-01 14:30:54.989 V/AsyncHttpResponse( 8957): Progress 85 from 85 (100%)
09-01 14:30:55.032 W/AsyncHttpResponse( 8957): Current thread has not called Looper.prepare().Forcing synchronous mode
09-01 14:30:55.032 W/AsyncHttpResponse( 8957): Current thread has not called Looper.prepare().Forcing synchronous mode
09-01 14:30:55.039 D/BaseTitleActivity( 8957): setStyle NONE title  darkMode true color 0
09-01 14:30:55.046 W/DevicePolicyManager( 1639): Package com.xiaomi.hm.health (uid=10241, pid=8957) cannot access Device IDs
09-01 14:30:55.046 W/TelephonyPermissions( 2698): reportAccessDeniedToReadIdentifiers:com.xiaomi.hm.health:getDeviceId:isPreinstalled=false:isPrivApp=false
09-01 14:30:55.048 W/DevicePolicyManager( 1639): Package com.xiaomi.hm.health (uid=10241, pid=8957) cannot access Device IDs
09-01 14:30:55.048 W/TelephonyPermissions( 2698): reportAccessDeniedToReadIdentifiers:com.xiaomi.hm.health:getDeviceId:isPreinstalled=false:isPrivApp=false
09-01 14:30:55.058 W/DevicePolicyManager( 1639): Package com.xiaomi.hm.health (uid=10241, pid=8957) cannot access Device IDs
09-01 14:30:55.058 W/TelephonyPermissions( 2698): reportAccessDeniedToReadIdentifiers:com.xiaomi.hm.health:getSubscriberId:isPreinstalled=false:isPrivApp=false
09-01 14:30:55.063 W/AsyncHttpResponse( 8957): Current thread has not called Looper.prepare().Forcing synchronous mode
09-01 14:30:55.065 E/openSDK_LOG( 8957): com.xiaomi.hm.health SDK_VERSION:3.3.0.lite
09-01 14:30:55.066 I/openSDK_LOG.Tencent( 8957): createInstance()  -- start, appId = 1103177325
09-01 14:30:55.066 I/openSDK_LOG.QQAuth( 8957): QQAuth -- createInstance() --start
09-01 14:30:55.067 I/openSDK_LOG.QQAuth( 8957): new QQAuth() --start
09-01 14:30:55.067 W/DevicePolicyManager( 1639): Package com.xiaomi.hm.health (uid=10241, pid=8957) cannot access Device IDs
09-01 14:30:55.067 W/TelephonyPermissions( 2698): reportAccessDeniedToReadIdentifiers:com.xiaomi.hm.health:getIccSerialNumber:isPreinstalled=false:isPrivApp=false
09-01 14:30:55.069 I/openSDK_LOG.AuthAgent( 8957): is arm64-v8a architecture
09-01 14:30:55.070 W/System.err( 8957): java.lang.ClassNotFoundException: com.tencent.stat.StatConfig
09-01 14:30:55.070 W/System.err( 8957): 	at java.lang.Class.classForName(Native Method)
09-01 14:30:55.070 W/System.err( 8957): 	at java.lang.Class.forName(Class.java:454)
09-01 14:30:55.070 W/System.err( 8957): 	at java.lang.Class.forName(Class.java:379)
09-01 14:30:55.070 W/System.err( 8957): 	at com.tencent.connect.a.a.c(ProGuard:58)
09-01 14:30:55.070 W/System.err( 8957): 	at com.tencent.connect.auth.c.<init>(ProGuard:42)
09-01 14:30:55.070 W/System.err( 8957): 	at com.tencent.connect.auth.c.a(ProGuard:77)
09-01 14:30:55.070 W/System.err( 8957): 	at com.tencent.tauth.Tencent.<init>(ProGuard:59)
09-01 14:30:55.070 W/System.err( 8957): 	at com.tencent.tauth.Tencent.createInstance(ProGuard:67)
09-01 14:30:55.070 W/System.err( 8957): 	at com.xiaomi.hm.health.thirdbind.O00000o0.O000000o.<init>(QQLogin.java:65)
09-01 14:30:55.070 W/System.err( 8957): 	at com.xiaomi.hm.health.thirdbind.O00000o0.O000000o.O00000Oo(QQLogin.java:93)
09-01 14:30:55.070 W/System.err( 8957): 	at com.xiaomi.hm.health.datautil.HMDataCacheCenter.syncDsdToThirdPartner(HMDataCacheCenter.java:658)
09-01 14:30:55.070 W/System.err( 8957): 	at com.xiaomi.hm.health.O00oOooo.O00000o0.O0000Oo.run(HMSportDataPostToServerJob.java:40)
09-01 14:30:55.070 W/System.err( 8957): 	at java.util.concurrent.ThreadPoolExecutor.runWorker(ThreadPoolExecutor.java:1167)
09-01 14:30:55.070 W/System.err( 8957): 	at java.util.concurrent.ThreadPoolExecutor$Worker.run(ThreadPoolExecutor.java:641)
09-01 14:30:55.070 W/System.err( 8957): 	at java.lang.Thread.run(Thread.java:919)
09-01 14:30:55.070 W/System.err( 8957): Caused by: java.lang.ClassNotFoundException: com.tencent.stat.StatConfig
09-01 14:30:55.070 W/System.err( 8957): 	... 15 more
09-01 14:30:55.070 I/openSDK_LOG.QQAuth( 8957): new QQAuth() --end
09-01 14:30:55.070 W/DevicePolicyManager( 1639): Package com.xiaomi.hm.health (uid=10241, pid=8957) cannot access Device IDs
09-01 14:30:55.070 I/openSDK_LOG.QQAuth( 8957): QQAuth -- createInstance()  --end
09-01 14:30:55.070 W/TelephonyPermissions( 1639): reportAccessDeniedToReadIdentifiers:com.xiaomi.hm.health:getSerial:isPreinstalled=false:isPrivApp=false
09-01 14:30:55.072 W/System.err( 8957): java.lang.SecurityException: getSerial: The user 10241 does not meet the requirements to access device identifiers.
09-01 14:30:55.072 W/System.err( 8957): 	at android.os.Parcel.createException(Parcel.java:2074)
09-01 14:30:55.072 W/System.err( 8957): 	at android.os.Parcel.readException(Parcel.java:2042)
09-01 14:30:55.072 W/System.err( 8957): 	at android.os.Parcel.readException(Parcel.java:1990)
09-01 14:30:55.072 W/System.err( 8957): 	at android.os.IDeviceIdentifiersPolicyService$Stub$Proxy.getSerialForPackage(IDeviceIdentifiersPolicyService.java:159)
09-01 14:30:55.072 W/System.err( 8957): 	at android.os.Build.getSerial(Build.java:162)
09-01 14:30:55.072 W/System.err( 8957): 	at com.weibo.ssosdk.O00000Oo.O00000o(MfpBuilder.java:532)
09-01 14:30:55.072 W/System.err( 8957): 	at com.weibo.ssosdk.O00000Oo.O00000o0(MfpBuilder.java:496)
09-01 14:30:55.072 W/System.err( 8957): 	at com.weibo.ssosdk.O00000Oo.O00000oO(MfpBuilder.java:251)
09-01 14:30:55.072 W/System.err( 8957): 	at com.weibo.ssosdk.O00000Oo.O00000Oo(MfpBuilder.java:186)
09-01 14:30:55.072 W/System.err( 8957): 	at com.weibo.ssosdk.WeiboSsoSdk.O000000o(WeiboSsoSdk.java:273)
09-01 14:30:55.072 W/System.err( 8957): 	at com.weibo.ssosdk.WeiboSsoSdk.O000000o(WeiboSsoSdk.java:22)
09-01 14:30:55.072 W/System.err( 8957): 	at com.weibo.ssosdk.WeiboSsoSdk$5.run(WeiboSsoSdk.java:352)
09-01 14:30:55.072 W/System.err( 8957): 	at java.lang.Thread.run(Thread.java:919)
09-01 14:30:55.072 W/System.err( 8957): Caused by: android.os.RemoteException: Remote stack trace:
09-01 14:30:55.072 W/System.err( 8957): 	at com.android.internal.telephony.TelephonyPermissions.reportAccessDeniedToReadIdentifiers(TelephonyPermissions.java:421)
09-01 14:30:55.072 W/System.err( 8957): 	at com.android.internal.telephony.TelephonyPermissions.checkReadDeviceIdentifiers(TelephonyPermissions.java:353)
09-01 14:30:55.072 W/System.err( 8957): 	at com.android.internal.telephony.TelephonyPermissions.checkCallingOrSelfReadDeviceIdentifiers(TelephonyPermissions.java:278)
09-01 14:30:55.072 W/System.err( 8957): 	at com.android.internal.telephony.TelephonyPermissions.checkCallingOrSelfReadDeviceIdentifiers(TelephonyPermissions.java:255)
09-01 14:30:55.072 W/System.err( 8957): 	at com.android.server.os.DeviceIdentifiersPolicyService$DeviceIdentifiersPolicy.getSerialForPackage(DeviceIdentifiersPolicyService.java:67)
09-01 14:30:55.073 I/openSDK_LOG.Tencent( 8957): createInstance()  -- end
09-01 14:30:55.079 D/ssosdk  ( 8957): 1: 
09-01 14:30:55.079 D/ssosdk  ( 8957): lo
09-01 14:30:55.079 D/ssosdk  ( 8957): 00:00:00:00:00:00
09-01 14:30:55.079 D/ssosdk  ( 8957): 2: 
09-01 14:30:55.079 D/ssosdk  ( 8957): bond0
09-01 14:30:55.079 D/ssosdk  ( 8957): fe:32:e4:fa:c1:a1
09-01 14:30:55.079 D/ssosdk  ( 8957): 3: 
09-01 14:30:55.079 D/ssosdk  ( 8957): dummy0
09-01 14:30:55.079 D/ssosdk  ( 8957): 6e:24:06:e2:42:9f
09-01 14:30:55.079 D/ssosdk  ( 8957): 4: 
09-01 14:30:55.079 D/ssosdk  ( 8957): ip_vti0
09-01 14:30:55.079 D/ssosdk  ( 8957): 0.0.0.0
09-01 14:30:55.079 D/ssosdk  ( 8957): 5: 
09-01 14:30:55.079 D/ssosdk  ( 8957): ip6_vti0
09-01 14:30:55.079 D/ssosdk  ( 8957): ::
09-01 14:30:55.079 D/ssosdk  ( 8957): 6: 
09-01 14:30:55.079 D/ssosdk  ( 8957): sit0
09-01 14:30:55.079 D/ssosdk  ( 8957): 0.0.0.0
09-01 14:30:55.079 D/ssosdk  ( 8957): 7: 
09-01 14:30:55.079 D/ssosdk  ( 8957): ip6tnl0
09-01 14:30:55.079 D/ssosdk  ( 8957): ::
09-01 14:30:55.079 D/ssosdk  ( 8957): 8: 
09-01 14:30:55.079 D/ssosdk  ( 8957): rmnet_ipa0
09-01 14:30:55.079 D/ssosdk  ( 8957): 10: 
09-01 14:30:55.079 D/ssosdk  ( 8957): rmnet_data0
09-01 14:30:55.079 D/ssosdk  ( 8957): 11: 
09-01 14:30:55.079 D/ssosdk  ( 8957): rmnet_data1
09-01 14:30:55.079 D/ssosdk  ( 8957): 12: 
09-01 14:30:55.079 D/ssosdk  ( 8957): rmnet_data2
09-01 14:30:55.079 D/ssosdk  ( 8957): 13: 
09-01 14:30:55.079 D/ssosdk  ( 8957): rmnet_data3
09-01 14:30:55.079 D/ssosdk  ( 8957): 14: 
09-01 14:30:55.079 D/ssosdk  ( 8957): rmnet_data4
09-01 14:30:55.079 D/ssosdk  ( 8957): 15: 
09-01 14:30:55.079 D/ssosdk  ( 8957): rmnet_data5
09-01 14:30:55.079 D/ssosdk  ( 8957): 16: 
09-01 14:30:55.079 D/ssosdk  ( 8957): rmnet_data6
09-01 14:30:55.079 D/ssosdk  ( 8957): 17: 
09-01 14:30:55.079 D/ssosdk  ( 8957): rmnet_data7
09-01 14:30:55.079 D/ssosdk  ( 8957): 18: 
09-01 14:30:55.079 D/ssosdk  ( 8957): rmnet_data8
09-01 14:30:55.079 D/ssosdk  ( 8957): 19: 
09-01 14:30:55.079 D/ssosdk  ( 8957): rmnet_data9
09-01 14:30:55.079 D/ssosdk  ( 8957): 20: 
09-01 14:30:55.079 D/ssosdk  ( 8957): rmnet_data10
09-01 14:30:55.079 D/ssosdk  ( 8957): 21: 
09-01 14:30:55.079 D/ssosdk  ( 8957): r_rmnet_data0
09-01 14:30:55.079 D/ssosdk  ( 8957): 22: 
09-01 14:30:55.079 D/ssosdk  ( 8957): r_rmnet_data1
09-01 14:30:55.079 D/ssosdk  ( 8957): 23: 
09-01 14:30:55.079 D/ssosdk  ( 8957): r_rmnet_data2
09-01 14:30:55.079 D/ssosdk  ( 8957): 24: 
09-01 14:30:55.079 D/ssosdk  ( 8957): r_rmnet_data3
09-01 14:30:55.079 D/ssosdk  ( 8957): 25: 
09-01 14:30:55.079 D/ssosdk  ( 8957): r_rmnet_data4
09-01 14:30:55.080 D/ssosdk  ( 8957): 26: 
09-01 14:30:55.080 D/ssosdk  ( 8957): r_rmnet_data5
09-01 14:30:55.080 D/ssosdk  ( 8957): 27: 
09-01 14:30:55.080 D/ssosdk  ( 8957): r_rmnet_data6
09-01 14:30:55.080 D/ssosdk  ( 8957): 28: 
09-01 14:30:55.080 D/ssosdk  ( 8957): r_rmnet_data7
09-01 14:30:55.080 D/ssosdk  ( 8957): 29: 
09-01 14:30:55.080 D/ssosdk  ( 8957): r_rmnet_data8
09-01 14:30:55.080 D/ssosdk  ( 8957): 30: 
09-01 14:30:55.080 D/ssosdk  ( 8957): wlan0
09-01 14:30:55.080 D/ssosdk  ( 8957): e0:dc:ff:d6:c8:3f
09-01 14:30:55.080 D/ssosdk  ( 8957): 31: 
09-01 14:30:55.080 D/ssosdk  ( 8957): wlan1
09-01 14:30:55.080 D/ssosdk  ( 8957): e0:dc:ff:5b:c8:3f
09-01 14:30:55.080 D/ssosdk  ( 8957): 32: 
09-01 14:30:55.080 D/ssosdk  ( 8957): p2p0
09-01 14:30:55.080 D/ssosdk  ( 8957): e2:dc:ff:5c:c8:3f
09-01 14:30:55.080 E/libc    ( 8957): Access denied finding property "ro.serialno"
09-01 14:30:55.080 D/ssosdk  ( 8957): build_post_msg() succ: data=SB%2BY1XDZVYrnM0Idp77tHea5eQFuOJ3LZ8iEAbNqwluG%2FRZEenjn4b8CPo4n%2FIpT6v%2BcSebH%0AF3OgVYk%2Bs1gCVGJQL4j6PwJBLcSmRdewY%2BPhamdJ2gNeZVoNH%2FwjST8AR4nO91Tj9BMVERKC%0AtuvIMdkXWwsmL6RFUXMWMKaZKRfHL66Psf4O6fGkVudLUJijl78BeWCC8x8q9X30%2FNoFE95S%0AgJTkD%2BfEgMaLvu2VNLSuXvf5LzpfE7xcBH%2FXBD18WK7Bdzso3EjJ8bjp9kyHRTXy%2BQ7J9%2ByM%0Ack%2F4wHIuSSHthpxEGh9sSyVz2WJVo5fFdZJ7aow9lvqFkIaoa%2FGR47KfO77f6HMI2Kn1ZKpK%0Ao6TLCMfVHiiHNSJ0OhnICI%2F96wkqXYZR5UzMsYvTPGQsj7fBa%2FrMEbzZvQHBpTDuttSqaPO7%0AWoHWHf50F62gUlu68KUmyWeiU8z2fB%2FbU282eMEceRgkzdR3t4PTAUDJxQMJddRcuqShy%2FYZ%0AArnBzf%2FN%2F%2BThxcuRtXRqRh3IdfbvaA22o4t00TXuoX5Jd6Wu1TvJBJ3xmU2GOSAf4dR7XPef%0AXSKlP44HQGaSQl0Je5JPWW%2FQmBRmV4Oitckx6mYljLILztQVlqg8HF%2BezeQaZgMoLsUk53Yb%0ASm7%2FMD%2F06qFEZJp00JU884Aavuw2IXK81JCakB8uR4flQ3YKTyqr9L1R5%2FhgX8RlB52Lp4JA%0AQyJe%2BVEJLad9l%2BKt5a2rCCcry%2BK83Hco65dsaEOf3KPYYJgkT8iZR1kdYWKzdDfLC8DSMwWc%0AkqhoI7GWLn8OFuaIpH5Nof4VqiExzuDCKvGfJGCvYZy%2FiEL%2B6D9GEu3uKkNEdRMSiBLESNXZ%0AZ6p5X8%2FQlgVd%2Fin9ID%2FHWbaSeLF
09-01 14:30:55.086 D/[Koin]  ( 8957): +- get 'com.huami.stress.domain.O00000oO.O000O0OO'
09-01 14:30:55.086 D/[Koin]  ( 8957): | create instance for [type:Factory,primary_type:'com.huami.stress.domain.O00000oO.O000O0OO']
09-01 14:30:55.086 D/[Koin]  ( 8957): +- get 'com.huami.stress.domain.O00000Oo.O00000Oo'
09-01 14:30:55.087 D/[Koin]  ( 8957): +- got 'com.huami.stress.domain.O00000Oo.O00000Oo' in 0.020209 ms
09-01 14:30:55.087 D/[Koin]  ( 8957): +- get 'com.huami.stress.domain.O00000Oo.O000000o'
09-01 14:30:55.087 D/[Koin]  ( 8957): +- got 'com.huami.stress.domain.O00000Oo.O000000o' in 0.010677 ms
09-01 14:30:55.087 D/[Koin]  ( 8957): +- got 'com.huami.stress.domain.O00000oO.O000O0OO' in 0.399375 ms
09-01 14:30:55.087 D/[Koin]  ( 8957): +- get 'com.xiaomi.hm.health.O000O00o'
09-01 14:30:55.087 D/[Koin]  ( 8957): +- got 'com.xiaomi.hm.health.O000O00o' in 0.015104 ms
09-01 14:30:55.099 W/AsyncHttpResponse( 8957): Current thread has not called Looper.prepare().Forcing synchronous mode
09-01 14:30:55.108 D/BluetoothAdapter( 8957): startLeScan(): null
09-01 14:30:55.109 D/Event   ( 8957): No subscribers registered for event class com.xiaomi.hm.health.O0000o00.O0000O0o
09-01 14:30:55.109 D/Event   ( 8957): No subscribers registered for event class O00000Oo.O000000o.O000000o.O0000Oo0
09-01 14:30:55.110 D/BluetoothAdapter( 8957): isLeEnabled(): ON
09-01 14:30:55.113 D/BluetoothLeScanner( 8957): onScannerRegistered() - status=0 scannerId=18 mScannerId=0
09-01 14:30:55.113 E/ResolverController(  679): No valid NAT64 prefix (116, <unspecified>/0)
09-01 14:30:55.114 D/PowerKeeperPolicy( 1639): isLeScanAllowed: uid = 10241, allow = true
