09-01 14:31:26.932 V/bt_stack( 8588): [VERBOSE1:btm_ble_gap.cc(2052)]  Waiting for scan response 49:23:89:86:fb:3d
09-01 14:31:26.934 I/appium  ( 8902): channel read invoked!
09-01 14:31:26.934 I/appium  ( 8902): channel read: POST /wd/hub/session/ad6d0c78-5f6e-4b34-a966-5b7ce44708b4/element
09-01 14:31:26.934 V/bt_stack( 8588): [VERBOSE1:btm_ble_gap.cc(1923)] btm_ble_process_ext_adv_pkt: bda=48:14:81:f8:b8:84
09-01 14:31:26.934 V/bt_stack( 8588): [VERBOSE1:btm_ble_gap.cc(1847)] btm_ble_process_adv_addr: bda=48:14:81:f8:b8:84
09-01 14:31:26.934 V/bt_stack( 8588): [VERBOSE1:btm_ble_gap.cc(2052)]  Waiting for scan response 48:14:81:f8:b8:84
09-01 14:31:26.934 V/bt_stack( 8588): [VERBOSE1:btm_ble_gap.cc(1923)] btm_ble_process_ext_adv_pkt: bda=36:c9:49:a0:b6:9d
09-01 14:31:26.934 V/bt_stack( 8588): [VERBOSE1:btm_ble_gap.cc(1847)] btm_ble_process_adv_addr: bda=36:c9:49:a0:b6:9d
09-01 14:31:26.934 I/appium  ( 8902): Find element command using 'id' with selector 'step_goal'.
09-01 14:31:26.934 I/appium  ( 8902): Waiting up to 10000ms for device to be idle
09-01 14:31:26.935 D/BluetoothUtils( 8588): blockedByLocationOff callingUid=1002
09-01 14:31:26.935 I/BluetoothUtils( 8588): packagename is android.uid.bluetooth:1002 ,and its permission is false
09-01 14:31:26.935 D/BluetoothUtils( 8588): blockedByLocationOff callingUid=1002
09-01 14:31:26.936 I/BluetoothUtils( 8588): packagename is android.uid.bluetooth:1002 ,and its permission is false
09-01 14:31:26.936 D/BluetoothUtils( 8588): blockedByLocationOff callingUid=1002
09-01 14:31:26.936 I/BluetoothUtils( 8588): packagename is android.uid.bluetooth:1002 ,and its permission is false
09-01 14:31:26.945 D/RecentsImpl( 7676): mActivityStateObserver com.xiaomi.hm.health.activity.MainTabActivity
09-01 14:31:26.945 D/[Koin]  ( 8957): +- get 'com.huami.femalehealth.uilib.O00000o0.O0000Oo'
09-01 14:31:26.945 D/[Koin]  ( 8957): | create instance for [type:Factory,primary_type:'com.huami.femalehealth.uilib.O00000o0.O0000Oo']
09-01 14:31:26.946 D/[Koin]  ( 8957): +- get 'com.huami.femalehealth.logiclib.O00000oO.O00oOooO'
09-01 14:31:26.946 D/[Koin]  ( 8957): +- got 'com.huami.femalehealth.logiclib.O00000oO.O00oOooO' in 0.028854 ms
09-01 14:31:26.946 D/[Koin]  ( 8957): +- get 'com.huami.femalehealth.logiclib.O0000O0o.O00000o'
09-01 14:31:26.946 D/[Koin]  ( 8957): | create instance for [type:Factory,primary_type:'com.huami.femalehealth.logiclib.O0000O0o.O00000o']
09-01 14:31:26.946 D/[Koin]  ( 8957): +- get 'com.huami.femalehealth.logiclib.O00000oO.O0000O0o'
09-01 14:31:26.946 D/[Koin]  ( 8957): +- got 'com.huami.femalehealth.logiclib.O00000oO.O0000O0o' in 0.008229 ms
09-01 14:31:26.946 D/[Koin]  ( 8957): +- get 'com.huami.femalehealth.logiclib.O000000o.O00000Oo'
09-01 14:31:26.946 D/[Koin]  ( 8957): +- got 'com.huami.femalehealth.logiclib.O000000o.O00000Oo' in 0.007136 ms
09-01 14:31:26.946 D/[Koin]  ( 8957): +- get 'com.huami.femalehealth.logiclib.db.FemaleHealthDb'
09-01 14:31:26.946 D/[Koin]  ( 8957): +- got 'com.huami.femalehealth.logiclib.db.FemaleHealthDb' in 0.007083 ms
09-01 14:31:26.946 D/[Koin]  ( 8957): +- get 'com.huami.femalehealth.logiclib.O00000Oo.O00000o'
09-01 14:31:26.946 D/[Koin]  ( 8957): | create instance for [type:Factory,primary_type:'com.huami.femalehealth.logiclib.O00000Oo.O00000o']
09-01 14:31:26.946 D/[Koin]  ( 8957): +- get 'com.huami.femalehealth.logiclib.O00000oO.O0000O0o'
09-01 14:31:26.946 D/[Koin]  ( 8957): +- got 'com.huami.femalehealth.logiclib.O00000oO.O0000O0o' in 0.008334 ms
09-01 14:31:26.946 D/[Koin]  ( 8957): +- get 'com.huami.femalehealth.logiclib.O000000o.O00000Oo'
09-01 14:31:26.946 D/[Koin]  ( 8957): +- got 'com.huami.femalehealth.logiclib.O000000o.O00000Oo' in 0.007917 ms
09-01 14:31:26.946 D/[Koin]  ( 8957): +- get 'com.huami.femalehealth.logiclib.db.FemaleHealthDb'
09-01 14:31:26.946 D/[Koin]  ( 8957): +- got 'com.huami.femalehealth.logiclib.db.FemaleHealthDb' in 0.008282 ms
09-01 14:31:26.946 D/[Koin]  ( 8957): +- get 'com.huami.femalehealth.logiclib.O00000Oo.O00000Oo'
09-01 14:31:26.946 D/[Koin]  ( 8957): +- got 'com.huami.femalehealth.logiclib.O00000Oo.O00000Oo' in 0.009167 ms
09-01 14:31:26.946 D/[Koin]  ( 8957): +- get 'com.huami.femalehealth.logiclib.O00000oO.O00oOooO'
09-01 14:31:26.946 D/[Koin]  ( 8957): +- got 'com.huami.femalehealth.logiclib.O00000oO.O00oOooO' in 0.008229 ms
09-01 14:31:26.946 D/[Koin]  ( 8957): +- got 'com.huami.femalehealth.logiclib.O00000Oo.O00000o' in 0.263177 ms
09-01 14:31:26.946 D/[Koin]  ( 8957): +- get 'com.huami.femalehealth.logiclib.O00000Oo.O00000o0'
09-01 14:31:26.946 D/[Koin]  ( 8957): | create instance for [type:Factory,primary_type:'com.huami.femalehealth.logiclib.O00000Oo.O00000o0']
09-01 14:31:26.946 D/[Koin]  ( 8957): +- got 'com.huami.femalehealth.logiclib.O00000Oo.O00000o0' in 0.043594 ms
09-01 14:31:26.946 D/[Koin]  ( 8957): +- got 'com.huami.femalehealth.logiclib.O0000O0o.O00000o' in 0.580312 ms
09-01 14:31:26.946 D/[Koin]  ( 8957): +- got 'com.huami.femalehealth.uilib.O00000o0.O0000Oo' in 0.995834 ms
09-01 14:31:26.948 V/bt_stack( 8588): [VERBOSE1:btm_ble_gap.cc(1923)] btm_ble_process_ext_adv_pkt: bda=7a:57:24:41:08:b2
09-01 14:31:26.948 V/bt_stack( 8588): [VERBOSE1:btm_ble_gap.cc(1847)] btm_ble_process_adv_addr: bda=7a:57:24:41:08:b2
09-01 14:31:26.948 V/bt_stack( 8588): [VERBOSE1:btm_ble_gap.cc(2052)]  Waiting for scan response 7a:57:24:41:08:b2
09-01 14:31:26.951 V/bt_stack( 8588): [VERBOSE1:btm_ble_gap.cc(1923)] btm_ble_process_ext_adv_pkt: bda=14:07:18:00:04:52
09-01 14:31:26.951 V/bt_stack( 8588): [VERBOSE1:btm_ble_gap.cc(1847)] btm_ble_process_adv_addr: bda=14:07:18:00:04:52
09-01 14:31:26.951 V/bt_stack( 8588): [VERBOSE1:btm_ble_gap.cc(2052)]  Waiting for scan response 14:07:18:00:04:52
09-01 14:31:26.951 V/bt_stack( 8588): [VERBOSE1:btm_ble_gap.cc(1923)] btm_ble_process_ext_adv_pkt: bda=2e:17:70:f9:0b:48
09-01 14:31:26.951 V/bt_stack( 8588): [VERBOSE1:btm_ble_gap.cc(1847)] btm_ble_process_adv_addr: bda=2e:17:70:f9:0b:48
09-01 14:31:26.952 D/BluetoothUtils( 8588): blockedByLocationOff callingUid=1002
09-01 14:31:26.952 I/BluetoothUtils( 8588): packagename is android.uid.bluetooth:1002 ,and its permission is false
09-01 14:31:26.952 D/BluetoothUtils( 8588): blockedByLocationOff callingUid=1002
09-01 14:31:26.953 I/BluetoothUtils( 8588): packagename is android.uid.bluetooth:1002 ,and its permission is false
09-01 14:31:26.953 D/BluetoothUtils( 8588): blockedByLocationOff callingUid=1002
09-01 14:31:26.953 I/BluetoothUtils( 8588): packagename is android.uid.bluetooth:1002 ,and its permission is false
09-01 14:31:26.958 V/AsyncHttpResponse( 8957): Progress 117 from 117 (100%)
09-01 14:31:26.958 V/AsyncHttpResponse( 8957): Progress 315 from 315 (100%)
09-01 14:31:26.970 V/bt_stack( 8588): [VERBOSE1:btm_ble_gap.cc(1923)] btm_ble_process_ext_adv_pkt: bda=11:f0:0b:88:34:0c
09-01 14:31:26.970 V/bt_stack( 8588): [VERBOSE1:btm_ble_gap.cc(1847)] btm_ble_process_adv_addr: bda=11:f0:0b:88:34:0c
09-01 14:31:26.972 D/BluetoothUtils( 8588): blockedByLocationOff callingUid=1002
09-01 14:31:26.972 I/BluetoothUtils( 8588): packagename is android.uid.bluetooth:1002 ,and its permission is false
09-01 14:31:26.972 D/BluetoothUtils( 8588): blockedByLocationOff callingUid=1002
09-01 14:31:26.972 V/bt_stack( 8588): [VERBOSE1:btm_ble_gap.cc(1923)] btm_ble_process_ext_adv_pkt: bda=5d:4a:e1:72:21:47
09-01 14:31:26.972 V/bt_stack( 8588): [VERBOSE1:btm_ble_gap.cc(1847)] btm_ble_process_adv_addr: bda=5d:4a:e1:72:21:47
09-01 14:31:26.972 V/bt_stack( 8588): [VERBOSE1:btm_ble_gap.cc(2052)]  Waiting for scan response 5d:4a:e1:72:21:47
09-01 14:31:26.973 V/bt_stack( 8588): [VERBOSE1:btm_ble_gap.cc(1923)] btm_ble_process_ext_adv_pkt: bda=5d:4a:e1:72:21:47
09-01 14:31:26.973 V/bt_stack( 8588): [VERBOSE1:btm_ble_gap.cc(1847)] btm_ble_process_adv_addr: bda=5d:4a:e1:72:21:47
09-01 14:31:26.973 I/BluetoothUtils( 8588): packagename is android.uid.bluetooth:1002 ,and its permission is false
09-01 14:31:26.973 D/BluetoothUtils( 8588): blockedByLocationOff callingUid=1002
09-01 14:31:26.973 I/BluetoothUtils( 8588): packagename is android.uid.bluetooth:1002 ,and its permission is false
09-01 14:31:26.974 D/BluetoothUtils( 8588): blockedByLocationOff callingUid=1002
09-01 14:31:26.974 I/BluetoothUtils( 8588): packagename is android.uid.bluetooth:1002 ,and its permission is false
09-01 14:31:26.974 D/BluetoothUtils( 8588): blockedByLocationOff callingUid=1002
09-01 14:31:26.975 I/Timeline( 1639): Timeline: App_transition_ready time:211452992
09-01 14:31:26.975 D/WindowManager( 1639): Input focus has changed to Window{ba42959 u0 com.xiaomi.hm.health/com.xiaomi.hm.health.activity.MainTabActivity}
09-01 14:31:26.975 I/BluetoothUtils( 8588): packagename is android.uid.bluetooth:1002 ,and its permission is false
09-01 14:31:26.975 D/BluetoothUtils( 8588): blockedByLocationOff callingUid=1002
09-01 14:31:26.976 I/BluetoothUtils( 8588): packagename is android.uid.bluetooth:1002 ,and its permission is false
09-01 14:31:26.983 V/bt_stack( 8588): [VERBOSE1:btm_ble_gap.cc(1923)] btm_ble_process_ext_adv_pkt: bda=38:f9:d3:45:87:1e
09-01 14:31:26.983 V/bt_stack( 8588): [VERBOSE1:btm_ble_gap.cc(1847)] btm_ble_process_adv_addr: bda=38:f9:d3:45:87:1e
09-01 14:31:26.983 V/bt_stack( 8588): [VERBOSE1:btm_ble_gap.cc(2052)]  Waiting for scan response 38:f9:d3:45:87:1e
09-01 14:31:26.983 V/bt_stack( 8588): [VERBOSE1:btm_ble_gap.cc(1923)] btm_ble_process_ext_adv_pkt: bda=38:f9:d3:45:87:1e
09-01 14:31:26.983 V/bt_stack( 8588): [VERBOSE1:btm_ble_gap.cc(1847)] btm_ble_process_adv_addr: bda=38:f9:d3:45:87:1e
09-01 14:31:26.984 D/BluetoothUtils( 8588): blockedByLocationOff callingUid=1002
09-01 14:31:26.984 I/BluetoothUtils( 8588): packagename is android.uid.bluetooth:1002 ,and its permission is false
09-01 14:31:26.984 D/BluetoothUtils( 8588): blockedByLocationOff callingUid=1002
09-01 14:31:26.984 I/BluetoothUtils( 8588): packagename is android.uid.bluetooth:1002 ,and its permission is false
09-01 14:31:26.985 D/BluetoothUtils( 8588): blockedByLocationOff callingUid=1002
09-01 14:31:26.985 I/BluetoothUtils( 8588): packagename is android.uid.bluetooth:1002 ,and its permission is false
09-01 14:31:26.987 W/Glide   ( 8957): Load failed for  with size [-2147483648x-2147483648]
09-01 14:31:26.987 W/Glide   ( 8957): class com.O00000o0.O000000o.O00000o.O00000Oo.O000O0o: Failed to load resource
09-01 14:31:26.988 I/chatty  ( 8957): uid=10241(com.xiaomi.hm.health) identical 1 line
09-01 14:31:26.988 W/Glide   ( 8957): Load failed for  with size [-2147483648x-2147483648]
09-01 14:31:26.988 W/Glide   ( 8957): class com.O00000o0.O000000o.O00000o.O00000Oo.O000O0o: Failed to load resource
09-01 14:31:26.991 V/bt_stack( 8588): [VERBOSE1:btm_ble_gap.cc(1923)] btm_ble_process_ext_adv_pkt: bda=6a:1a:31:28:a4:f8
09-01 14:31:26.991 V/bt_stack( 8588): [VERBOSE1:btm_ble_gap.cc(1847)] btm_ble_process_adv_addr: bda=6a:1a:31:28:a4:f8
09-01 14:31:26.992 D/BluetoothUtils( 8588): blockedByLocationOff callingUid=1002
09-01 14:31:26.992 I/BluetoothUtils( 8588): packagename is android.uid.bluetooth:1002 ,and its permission is false
09-01 14:31:26.992 D/BluetoothUtils( 8588): blockedByLocationOff callingUid=1002
09-01 14:31:26.992 I/Timeline( 1639): Timeline: App_transition_ready time:211453009
09-01 14:31:26.992 D/[Koin]  ( 8957): +- get 'com.huami.femalehealth.uilib.O00000o0.O0000Oo'
09-01 14:31:26.992 D/[Koin]  ( 8957): | create instance for [type:Factory,primary_type:'com.huami.femalehealth.uilib.O00000o0.O0000Oo']
09-01 14:31:26.992 D/[Koin]  ( 8957): +- get 'com.huami.femalehealth.logiclib.O00000oO.O00oOooO'
09-01 14:31:26.992 D/[Koin]  ( 8957): +- got 'com.huami.femalehealth.logiclib.O00000oO.O00oOooO' in 0.018541 ms
09-01 14:31:26.992 I/BluetoothUtils( 8588): packagename is android.uid.bluetooth:1002 ,and its permission is false
09-01 14:31:26.992 D/[Koin]  ( 8957): +- get 'com.huami.femalehealth.logiclib.O0000O0o.O00000o'
09-01 14:31:26.992 D/[Koin]  ( 8957): | create instance for [type:Factory,primary_type:'com.huami.femalehealth.logiclib.O0000O0o.O00000o']
09-01 14:31:26.992 D/[Koin]  ( 8957): +- get 'com.huami.femalehealth.logiclib.O00000oO.O0000O0o'
09-01 14:31:26.992 D/BluetoothUtils( 8588): blockedByLocationOff callingUid=1002
09-01 14:31:26.992 D/[Koin]  ( 8957): +- got 'com.huami.femalehealth.logiclib.O00000oO.O0000O0o' in 0.006094 ms
09-01 14:31:26.993 D/[Koin]  ( 8957): +- get 'com.huami.femalehealth.logiclib.O000000o.O00000Oo'
09-01 14:31:26.993 D/[Koin]  ( 8957): +- got 'com.huami.femalehealth.logiclib.O000000o.O00000Oo' in 0.005365 ms
09-01 14:31:26.993 D/[Koin]  ( 8957): +- get 'com.huami.femalehealth.logiclib.db.FemaleHealthDb'
09-01 14:31:26.993 D/[Koin]  ( 8957): +- got 'com.huami.femalehealth.logiclib.db.FemaleHealthDb' in 0.005052 ms
09-01 14:31:26.993 D/[Koin]  ( 8957): +- get 'com.huami.femalehealth.logiclib.O00000Oo.O00000o'
09-01 14:31:26.993 D/[Koin]  ( 8957): | create instance for [type:Factory,primary_type:'com.huami.femalehealth.logiclib.O00000Oo.O00000o']
09-01 14:31:26.993 D/[Koin]  ( 8957): +- get 'com.huami.femalehealth.logiclib.O00000oO.O0000O0o'
09-01 14:31:26.993 D/[Koin]  ( 8957): +- got 'com.huami.femalehealth.logiclib.O00000oO.O0000O0o' in 0.010885 ms
09-01 14:31:26.993 D/[Koin]  ( 8957): +- get 'com.huami.femalehealth.logiclib.O000000o.O00000Oo'
09-01 14:31:26.993 I/BluetoothUtils( 8588): packagename is android.uid.bluetooth:1002 ,and its permission is false
09-01 14:31:26.993 D/[Koin]  ( 8957): +- got 'com.huami.femalehealth.logiclib.O000000o.O00000Oo' in 0.006615 ms
09-01 14:31:26.993 D/[Koin]  ( 8957): +- get 'com.huami.femalehealth.logiclib.db.FemaleHealthDb'
09-01 14:31:26.993 D/[Koin]  ( 8957): +- got 'com.huami.femalehealth.logiclib.db.FemaleHealthDb' in 0.005313 ms
09-01 14:31:26.993 D/[Koin]  ( 8957): +- get 'com.huami.femalehealth.logiclib.O00000Oo.O00000Oo'
09-01 14:31:26.993 D/[Koin]  ( 8957): +- got 'com.huami.femalehealth.logiclib.O00000Oo.O00000Oo' in 0.009271 ms
09-01 14:31:26.993 D/[Koin]  ( 8957): +- get 'com.huami.femalehealth.logiclib.O00000oO.O00oOooO'
09-01 14:31:26.993 D/[Koin]  ( 8957): +- got 'com.huami.femalehealth.logiclib.O00000oO.O00oOooO' in 0.005208 ms
09-01 14:31:26.993 D/[Koin]  ( 8957): +- got 'com.huami.femalehealth.logiclib.O00000Oo.O00000o' in 0.353489 ms
09-01 14:31:26.993 D/[Koin]  ( 8957): +- get 'com.huami.femalehealth.logiclib.O00000Oo.O00000o0'
09-01 14:31:26.993 D/[Koin]  ( 8957): | create instance for [type:Factory,primary_type:'com.huami.femalehealth.logiclib.O00000Oo.O00000o0']
09-01 14:31:26.993 D/[Koin]  ( 8957): +- got 'com.huami.femalehealth.logiclib.O00000Oo.O00000o0' in 0.029531 ms
09-01 14:31:26.993 D/[Koin]  ( 8957): +- got 'com.huami.femalehealth.logiclib.O0000O0o.O00000o' in 0.627031 ms
09-01 14:31:26.993 D/[Koin]  ( 8957): +- got 'com.huami.femalehealth.uilib.O00000o0.O0000Oo' in 1.045885 ms
09-01 14:31:26.996 W/Glide   ( 8957): Load failed for  with size [-2147483648x-2147483648]
09-01 14:31:26.996 W/Glide   ( 8957): class com.O00000o0.O000000o.O00000o.O00000Oo.O000O0o: Failed to load resource
09-01 14:31:26.997 I/chatty  ( 8957): uid=10241(com.xiaomi.hm.health) identical 1 line
09-01 14:31:26.997 W/Glide   ( 8957): Load failed for  with size [-2147483648x-2147483648]
09-01 14:31:26.997 W/Glide   ( 8957): class com.O00000o0.O000000o.O00000o.O00000Oo.O000O0o: Failed to load resource
09-01 14:31:26.998 W/AsyncHttpResponse( 8957): Current thread has not called Looper.prepare().Forcing synchronous mode
09-01 14:31:27.007 W/RecentsModel( 7676): onTaskStackChangedBackground: start loading
09-01 14:31:27.007 W/RecentsModel( 7676): getTaskInfoIgnoreHomeAndSplit   taskInfo=ComponentInfo{com.xiaomi.hm.health/com.xiaomi.hm.health.activity.MainTabActivity}
09-01 14:31:27.008 W/RecentsModel( 7676): getTaskInfoIgnoreHomeAndFreeform   taskInfo=ComponentInfo{com.xiaomi.hm.health/com.xiaomi.hm.health.activity.MainTabActivity}
09-01 14:31:27.008 W/RecentsModel( 7676): getTaskInfoIgnoreFreeform   taskInfo=ComponentInfo{com.xiaomi.hm.health/com.xiaomi.hm.health.activity.MainTabActivity}
09-01 14:31:27.008 W/RecentsModel( 7676): onTaskStackChangedBackground: finishLoading loading
09-01 14:31:27.013 V/bt_stack( 8588): [VERBOSE1:btm_ble_gap.cc(1923)] btm_ble_process_ext_adv_pkt: bda=56:e4:da:79:d5:88
09-01 14:31:27.013 V/bt_stack( 8588): [VERBOSE1:btm_ble_gap.cc(1847)] btm_ble_process_adv_addr: bda=56:e4:da:79:d5:88
09-01 14:31:27.013 V/bt_stack( 8588): [VERBOSE1:btm_ble_gap.cc(2052)]  Waiting for scan response 56:e4:da:79:d5:88
09-01 14:31:27.014 V/bt_stack( 8588): [VERBOSE1:btm_ble_gap.cc(1923)] btm_ble_process_ext_adv_pkt: bda=56:e4:da:79:d5:88
09-01 14:31:27.014 V/bt_stack( 8588): [VERBOSE1:btm_ble_gap.cc(1847)] btm_ble_process_adv_addr: bda=56:e4:da:79:d5:88
09-01 14:31:27.015 D/BluetoothUtils( 8588): blockedByLocationOff callingUid=1002
09-01 14:31:27.015 I/BluetoothUtils( 8588): packagename is android.uid.bluetooth:1002 ,and its permission is false
09-01 14:31:27.015 D/BluetoothUtils( 8588): blockedByLocationOff callingUid=1002
09-01 14:31:27.015 I/BluetoothUtils( 8588): packagename is android.uid.bluetooth:1002 ,and its permission is false
09-01 14:31:27.015 D/BluetoothUtils( 8588): blockedByLocationOff callingUid=1002
09-01 14:31:27.016 I/BluetoothUtils( 8588): packagename is android.uid.bluetooth:1002 ,and its permission is false
09-01 14:31:27.018 V/bt_stack( 8588): [VERBOSE1:btm_ble_gap.cc(1923)] btm_ble_process_ext_adv_pkt: bda=44:ca:73:cc:df:42
09-01 14:31:27.018 V/bt_stack( 8588): [VERBOSE1:btm_ble_gap.cc(1847)] btm_ble_process_adv_addr: bda=44:ca:73:cc:df:42
09-01 14:31:27.018 V/bt_stack( 8588): [VERBOSE1:btm_ble_gap.cc(2052)]  Waiting for scan response 44:ca:73:cc:df:42
09-01 14:31:27.018 V/bt_stack( 8588): [VERBOSE1:btm_ble_gap.cc(1923)] btm_ble_process_ext_adv_pkt: bda=0c:1a:06:0e:96:57
09-01 14:31:27.018 V/bt_stack( 8588): [VERBOSE1:btm_ble_gap.cc(1847)] btm_ble_process_adv_addr: bda=0c:1a:06:0e:96:57
09-01 14:31:27.019 D/BluetoothUtils( 8588): blockedByLocationOff callingUid=1002
09-01 14:31:27.019 I/BluetoothUtils( 8588): packagename is android.uid.bluetooth:1002 ,and its permission is false
09-01 14:31:27.019 D/BluetoothUtils( 8588): blockedByLocationOff callingUid=1002
09-01 14:31:27.019 I/BluetoothUtils( 8588): packagename is android.uid.bluetooth:1002 ,and its permission is false
09-01 14:31:27.019 D/BluetoothUtils( 8588): blockedByLocationOff callingUid=1002
09-01 14:31:27.020 I/BluetoothUtils( 8588): packagename is android.uid.bluetooth:1002 ,and its permission is false
09-01 14:31:27.024 V/bt_stack( 8588): [VERBOSE1:btm_ble_gap.cc(1923)] btm_ble_process_ext_adv_pkt: bda=07:e4:7f:b4:5f:d9
09-01 14:31:27.024 V/bt_stack( 8588): [VERBOSE1:btm_ble_gap.cc(1847)] btm_ble_process_adv_addr: bda=07:e4:7f:b4:5f:d9
09-01 14:31:27.024 D/BluetoothUtils( 8588): blockedByLocationOff callingUid=1002
09-01 14:31:27.025 I/BluetoothUtils( 8588): packagename is android.uid.bluetooth:1002 ,and its permission is false
09-01 14:31:27.025 D/BluetoothUtils( 8588): blockedByLocationOff callingUid=1002
09-01 14:31:27.025 I/BluetoothUtils( 8588): packagename is android.uid.bluetooth:1002 ,and its permission is false
09-01 14:31:27.025 D/BluetoothUtils( 8588): blockedByLocationOff callingUid=1002
09-01 14:31:27.025 I/BluetoothUtils( 8588): packagename is android.uid.bluetooth:1002 ,and its permission is false
09-01 14:31:27.034 V/AsyncHttpResponse( 8957): Progress 76 from 76 (100%)
09-01 14:31:27.041 V/bt_stack( 8588): [VERBOSE1:btm_ble_gap.cc(1923)] btm_ble_process_ext_adv_pkt: bda=78:4f:43:58:80:7a
09-01 14:31:27.041 V/bt_stack( 8588): [VERBOSE1:btm_ble_gap.cc(1847)] btm_ble_process_adv_addr: bda=78:4f:43:58:80:7a
09-01 14:31:27.041 V/bt_stack( 8588): [VERBOSE1:btm_ble_gap.cc(2052)]  Waiting for scan response 78:4f:43:58:80:7a
09-01 14:31:27.041 V/bt_stack( 8588): [VERBOSE1:btm_ble_gap.cc(1923)] btm_ble_process_ext_adv_pkt: bda=36:c9:49:a0:b6:9d
09-01 14:31:27.041 V/bt_stack( 8588): [VERBOSE1:btm_ble_gap.cc(1847)] btm_ble_process_adv_addr: bda=36:c9:49:a0:b6:9d
09-01 14:31:27.042 D/BluetoothUtils( 8588): blockedByLocationOff callingUid=1002
09-01 14:31:27.042 I/BluetoothUtils( 8588): packagename is android.uid.bluetooth:1002 ,and its permission is false
09-01 14:31:27.042 D/BluetoothUtils( 8588): blockedByLocationOff callingUid=1002
09-01 14:31:27.042 I/BluetoothUtils( 8588): packagename is android.uid.bluetooth:1002 ,and its permission is false
09-01 14:31:27.042 D/BluetoothUtils( 8588): blockedByLocationOff callingUid=1002
09-01 14:31:27.043 I/BluetoothUtils( 8588): packagename is android.uid.bluetooth:1002 ,and its permission is false
09-01 14:31:27.048 V/bt_stack( 8588): [VERBOSE1:btm_ble_gap.cc(1923)] btm_ble_process_ext_adv_pkt: bda=0a:29:89:b7:c8:4a
09-01 14:31:27.048 V/bt_stack( 8588): [VERBOSE1:btm_ble_gap.cc(1847)] btm_ble_process_adv_addr: bda=0a:29:89:b7:c8:4a
09-01 14:31:27.049 V/bt_stack( 8588): [VERBOSE1:gatt_main.cc(1079)] gatt_get_ch_state: ch_state=4
09-01 14:31:27.049 I/bt_stack( 8588): [INFO:gatt_main.cc(912)] gatt_data_process op_code = 19, msg_len = 0
09-01 14:31:27.049 V/bt_stack( 8588): [VERBOSE1:gatt_cl.cc(1094)] gatt_client_handle_server_rsp op_code: 19, len = 0rsp_code: 19
09-01 14:31:27.049 V/AsyncHttpResponse( 8957): Progress 4096 from 1 (409600%)
09-01 14:31:27.049 V/bt_stack( 8588): [VERBOSE1:gatt_utils.cc(1191)] gatt_end_operation status=0 op=3 subtype=2
09-01 14:31:27.049 V/bt_stack( 8588): [VERBOSE1:bta_gattc_act.cc(1309)] bta_gattc_cmpl_cback: conn_id:8 op:3 status:0
09-01 14:31:27.049 V/AsyncHttpResponse( 8957): Progress 4338 from 1 (433800%)
09-01 14:31:27.049 V/bt_stack( 8588): [VERBOSE1:bta_gattc_main.cc(361)] bta_gattc_hdl_event: Event:BTA_GATTC_OP_CMPL_EVT
09-01 14:31:27.049 V/bt_stack( 8588): [VERBOSE1:bta_gattc_main.cc(305)] bta_gattc_sm_execute: State 0x02 [GATTC_CONN_ST], Event 0x1f0f[BTA_GATTC_OP_CMPL_EVT]
09-01 14:31:27.049 V/bt_stack( 8588): [VERBOSE1:bta_gattc_act.cc(936)] bta_gattc_op_cmpl: op:3
09-01 14:31:27.049 V/bt_stack( 8588): [VERBOSE1:bta_gattc_main.cc(341)] bta_gattc_sm_execute: GATTC State Change: 0x02 -> 0x02 after Event 0x1f0f
09-01 14:31:27.049 D/BluetoothUtils( 8588): blockedByLocationOff callingUid=1002
09-01 14:31:27.049 I/BluetoothUtils( 8588): packagename is android.uid.bluetooth:1002 ,and its permission is false
09-01 14:31:27.050 D/BluetoothUtils( 8588): blockedByLocationOff callingUid=1002
09-01 14:31:27.050 I/BluetoothUtils( 8588): packagename is android.uid.bluetooth:1002 ,and its permission is false
09-01 14:31:27.050 D/BluetoothUtils( 8588): blockedByLocationOff callingUid=1002
09-01 14:31:27.050 I/BluetoothUtils( 8588): packagename is android.uid.bluetooth:1002 ,and its permission is false
09-01 14:31:27.058 V/bt_stack( 8588): [VERBOSE1:btm_ble_gap.cc(1923)] btm_ble_process_ext_adv_pkt: bda=26:c8:00:52:93:8d
09-01 14:31:27.058 V/bt_stack( 8588): [VERBOSE1:btm_ble_gap.cc(1847)] btm_ble_process_adv_addr: bda=26:c8:00:52:93:8d
09-01 14:31:27.059 D/BluetoothUtils( 8588): blockedByLocationOff callingUid=1002
09-01 14:31:27.059 I/BluetoothUtils( 8588): packagename is android.uid.bluetooth:1002 ,and its permission is false
09-01 14:31:27.059 D/BluetoothUtils( 8588): blockedByLocationOff callingUid=1002
09-01 14:31:27.059 I/BluetoothUtils( 8588): packagename is android.uid.bluetooth:1002 ,and its permission is false
09-01 14:31:27.059 D/BluetoothUtils( 8588): blockedByLocationOff callingUid=1002
09-01 14:31:27.060 I/BluetoothUtils( 8588): packagename is android.uid.bluetooth:1002 ,and its permission is false
09-01 14:31:27.062 V/bt_stack( 8588): [VERBOSE1:btm_ble_gap.cc(1923)] btm_ble_process_ext_adv_pkt: bda=04:b0:56:de:30:bf
09-01 14:31:27.062 V/bt_stack( 8588): [VERBOSE1:btm_ble_gap.cc(1847)] btm_ble_process_adv_addr: bda=04:b0:56:de:30:bf
09-01 14:31:27.062 D/BluetoothUtils( 8588): blockedByLocationOff callingUid=1002
09-01 14:31:27.063 I/BluetoothUtils( 8588): packagename is android.uid.bluetooth:1002 ,and its permission is false
09-01 14:31:27.063 D/BluetoothUtils( 8588): blockedByLocationOff callingUid=1002
09-01 14:31:27.063 I/BluetoothUtils( 8588): packagename is android.uid.bluetooth:1002 ,and its permission is false
09-01 14:31:27.064 D/BluetoothUtils( 8588): blockedByLocationOff callingUid=1002
09-01 14:31:27.064 I/BluetoothUtils( 8588): packagename is android.uid.bluetooth:1002 ,and its permission is false
09-01 14:31:27.065 V/bt_stack( 8588): [VERBOSE1:btm_ble_gap.cc(1923)] btm_ble_process_ext_adv_pkt: bda=17:be:83:99:5a:17
09-01 14:31:27.065 V/bt_stack( 8588): [VERBOSE1:btm_ble_gap.cc(1847)] btm_ble_process_adv_addr: bda=17:be:83:99:5a:17
09-01 14:31:27.066 D/BluetoothUtils( 8588): blockedByLocationOff callingUid=1002
09-01 14:31:27.067 I/BluetoothUtils( 8588): packagename is android.uid.bluetooth:1002 ,and its permission is false
09-01 14:31:27.067 D/BluetoothUtils( 8588): blockedByLocationOff callingUid=1002
09-01 14:31:27.067 V/bt_stack( 8588): [VERBOSE1:btm_ble_gap.cc(1923)] btm_ble_process_ext_adv_pkt: bda=3b:30:35:17:9e:fe
09-01 14:31:27.067 V/bt_stack( 8588): [VERBOSE1:btm_ble_gap.cc(1847)] btm_ble_process_adv_addr: bda=3b:30:35:17:9e:fe
09-01 14:31:27.067 I/BluetoothUtils( 8588): packagename is android.uid.bluetooth:1002 ,and its permission is false
09-01 14:31:27.067 D/BluetoothUtils( 8588): blockedByLocationOff callingUid=1002
09-01 14:31:27.067 I/BluetoothUtils( 8588): packagename is android.uid.bluetooth:1002 ,and its permission is false
09-01 14:31:27.068 D/BluetoothUtils( 8588): blockedByLocationOff callingUid=1002
09-01 14:31:27.068 I/BluetoothUtils( 8588): packagename is android.uid.bluetooth:1002 ,and its permission is false
09-01 14:31:27.068 D/BluetoothUtils( 8588): blockedByLocationOff callingUid=1002
09-01 14:31:27.069 I/BluetoothUtils( 8588): packagename is android.uid.bluetooth:1002 ,and its permission is false
09-01 14:31:27.069 D/BluetoothUtils( 8588): blockedByLocationOff callingUid=1002
09-01 14:31:27.069 I/BluetoothUtils( 8588): packagename is android.uid.bluetooth:1002 ,and its permission is false
09-01 14:31:27.075 V/bt_stack( 8588): [VERBOSE1:btm_ble_gap.cc(1923)] btm_ble_process_ext_adv_pkt: bda=c3:d4:f4:e3:11:ec
09-01 14:31:27.075 V/bt_stack( 8588): [VERBOSE1:btm_ble_gap.cc(1847)] btm_ble_process_adv_addr: bda=c3:d4:f4:e3:11:ec
09-01 14:31:27.075 V/bt_stack( 8588): [VERBOSE1:btm_ble_gap.cc(2052)]  Waiting for scan response c3:d4:f4:e3:11:ec
09-01 14:31:27.075 V/bt_stack( 8588): [VERBOSE1:btm_ble_gap.cc(1923)] btm_ble_process_ext_adv_pkt: bda=c3:d4:f4:e3:11:ec
09-01 14:31:27.075 V/bt_stack( 8588): [VERBOSE1:btm_ble_gap.cc(1847)] btm_ble_process_adv_addr: bda=c3:d4:f4:e3:11:ec
09-01 14:31:27.076 D/BluetoothUtils( 8588): blockedByLocationOff callingUid=1002
09-01 14:31:27.076 I/BluetoothUtils( 8588): packagename is android.uid.bluetooth:1002 ,and its permission is false
09-01 14:31:27.076 D/BluetoothUtils( 8588): blockedByLocationOff callingUid=1002
09-01 14:31:27.077 I/BluetoothUtils( 8588): packagename is android.uid.bluetooth:1002 ,and its permission is false
09-01 14:31:27.077 D/BluetoothUtils( 8588): blockedByLocationOff callingUid=1002
09-01 14:31:27.077 I/BluetoothUtils( 8588): packagename is android.uid.bluetooth:1002 ,and its permission is false
09-01 14:31:27.081 I/SplashScreenServiceDelegate( 1639): None for com.xiaomi.hm.health
09-01 14:31:27.088 V/bt_stack( 8588): [VERBOSE1:btm_ble_gap.cc(1923)] btm_ble_process_ext_adv_pkt: bda=2c:e0:b3:78:83:e3
09-01 14:31:27.088 V/bt_stack( 8588): [VERBOSE1:btm_ble_gap.cc(1847)] btm_ble_process_adv_addr: bda=2c:e0:b3:78:83:e3
09-01 14:31:27.089 D/BluetoothUtils( 8588): blockedByLocationOff callingUid=1002
09-01 14:31:27.089 I/BluetoothUtils( 8588): packagename is android.uid.bluetooth:1002 ,and its permission is false
09-01 14:31:27.089 D/BluetoothUtils( 8588): blockedByLocationOff callingUid=1002
09-01 14:31:27.090 I/BluetoothUtils( 8588): packagename is android.uid.bluetooth:1002 ,and its permission is false
09-01 14:31:27.090 D/BluetoothUtils( 8588): blockedByLocationOff callingUid=1002
09-01 14:31:27.090 I/BluetoothUtils( 8588): packagename is android.uid.bluetooth:1002 ,and its permission is false
09-01 14:31:27.096 V/bt_stack( 8588): [VERBOSE1:btm_ble_gap.cc(1923)] btm_ble_process_ext_adv_pkt: bda=6a:1a:31:28:a4:f8
09-01 14:31:27.096 V/bt_stack( 8588): [VERBOSE1:btm_ble_gap.cc(1847)] btm_ble_process_adv_addr: bda=6a:1a:31:28:a4:f8
09-01 14:31:27.097 D/BluetoothUtils( 8588): blockedByLocationOff callingUid=1002
09-01 14:31:27.097 I/BluetoothUtils( 8588): packagename is android.uid.bluetooth:1002 ,and its permission is false
09-01 14:31:27.098 D/BluetoothUtils( 8588): blockedByLocationOff callingUid=1002
09-01 14:31:27.098 I/BluetoothUtils( 8588): packagename is android.uid.bluetooth:1002 ,and its permission is false
09-01 14:31:27.098 D/BluetoothUtils( 8588): blockedByLocationOff callingUid=1002
09-01 14:31:27.098 I/BluetoothUtils( 8588): packagename is android.uid.bluetooth:1002 ,and its permission is false
09-01 14:31:27.105 V/bt_stack( 8588): [VERBOSE1:btm_ble_gap.cc(1923)] btm_ble_process_ext_adv_pkt: bda=75:1f:7a:e9:cc:a5
09-01 14:31:27.105 V/bt_stack( 8588): [VERBOSE1:btm_ble_gap.cc(1847)] btm_ble_process_adv_addr: bda=75:1f:7a:e9:cc:a5
09-01 14:31:27.106 D/BluetoothUtils( 8588): blockedByLocationOff callingUid=1002
09-01 14:31:27.107 I/BluetoothUtils( 8588): packagename is android.uid.bluetooth:1002 ,and its permission is false
09-01 14:31:27.107 D/BluetoothUtils( 8588): blockedByLocationOff callingUid=1002
09-01 14:31:27.107 I/BluetoothUtils( 8588): packagename is android.uid.bluetooth:1002 ,and its permission is false
09-01 14:31:27.107 D/BluetoothUtils( 8588): blockedByLocationOff callingUid=1002
09-01 14:31:27.107 I/BluetoothUtils( 8588): packagename is android.uid.bluetooth:1002 ,and its permission is false
09-01 14:31:27.112 V/bt_stack( 8588): [VERBOSE1:btm_ble_gap.cc(1923)] btm_ble_process_ext_adv_pkt: bda=53:f2:a2:69:23:e6
09-01 14:31:27.112 V/bt_stack( 8588): [VERBOSE1:btm_ble_gap.cc(1847)] btm_ble_process_adv_addr: bda=53:f2:a2:69:23:e6
09-01 14:31:27.113 D/BluetoothUtils( 8588): blockedByLocationOff callingUid=1002
09-01 14:31:27.113 I/BluetoothUtils( 8588): packagename is android.uid.bluetooth:1002 ,and its permission is false
09-01 14:31:27.113 D/BluetoothUtils( 8588): blockedByLocationOff callingUid=1002
09-01 14:31:27.113 I/BluetoothUtils( 8588): packagename is android.uid.bluetooth:1002 ,and its permission is false
09-01 14:31:27.114 D/BluetoothUtils( 8588): blockedByLocationOff callingUid=1002
09-01 14:31:27.114 I/BluetoothUtils( 8588): packagename is android.uid.bluetooth:1002 ,and its permission is false
09-01 14:31:27.125 V/bt_stack( 8588): [VERBOSE1:btm_ble_gap.cc(1923)] btm_ble_process_ext_adv_pkt: bda=0c:1a:06:0e:96:57
09-01 14:31:27.125 V/bt_stack( 8588): [VERBOSE1:btm_ble_gap.cc(1847)] btm_ble_process_adv_addr: bda=0c:1a:06:0e:96:57
09-01 14:31:27.126 D/BluetoothUtils( 8588): blockedByLocationOff callingUid=1002
09-01 14:31:27.126 I/BluetoothUtils( 8588): packagename is android.uid.bluetooth:1002 ,and its permission is false
09-01 14:31:27.126 D/BluetoothUtils( 8588): blockedByLocationOff callingUid=1002
09-01 14:31:27.126 I/BluetoothUtils( 8588): packagename is android.uid.bluetooth:1002 ,and its permission is false
09-01 14:31:27.126 D/BluetoothUtils( 8588): blockedByLocationOff callingUid=1002
09-01 14:31:27.127 I/BluetoothUtils( 8588): packagename is android.uid.bluetooth:1002 ,and its permission is false
09-01 14:31:27.131 V/bt_stack( 8588): [VERBOSE1:btm_ble_gap.cc(1923)] btm_ble_process_ext_adv_pkt: bda=07:e4:7f:b4:5f:d9
09-01 14:31:27.131 V/bt_stack( 8588): [VERBOSE1:btm_ble_gap.cc(1847)] btm_ble_process_adv_addr: bda=07:e4:7f:b4:5f:d9
09-01 14:31:27.132 D/BluetoothUtils( 8588): blockedByLocationOff callingUid=1002
09-01 14:31:27.132 I/BluetoothUtils( 8588): packagename is android.uid.bluetooth:1002 ,and its permission is false
09-01 14:31:27.132 D/BluetoothUtils( 8588): blockedByLocationOff callingUid=1002
09-01 14:31:27.132 I/BluetoothUtils( 8588): packagename is android.uid.bluetooth:1002 ,and its permission is false
09-01 14:31:27.132 D/BluetoothUtils( 8588): blockedByLocationOff callingUid=1002
09-01 14:31:27.133 I/BluetoothUtils( 8588): packagename is android.uid.bluetooth:1002 ,and its permission is false
09-01 14:31:27.144 V/bt_stack( 8588): [VERBOSE1:btm_ble_gap.cc(1923)] btm_ble_process_ext_adv_pkt: bda=ef:78:8a:8d:25:f2
09-01 14:31:27.144 V/bt_stack( 8588): [VERBOSE1:btm_ble_gap.cc(1847)] btm_ble_process_adv_addr: bda=ef:78:8a:8d:25:f2
09-01 14:31:27.144 V/bt_stack( 8588): [VERBOSE1:btm_ble_gap.cc(2052)]  Waiting for scan response ef:78:8a:8d:25:f2
09-01 14:31:27.144 V/bt_stack( 8588): [VERBOSE1:btm_ble_gap.cc(1923)] btm_ble_process_ext_adv_pkt: bda=36:c9:49:a0:b6:9d
09-01 14:31:27.144 V/bt_stack( 8588): [VERBOSE1:btm_ble_gap.cc(1847)] btm_ble_process_adv_addr: bda=36:c9:49:a0:b6:9d
09-01 14:31:27.145 D/BluetoothUtils( 8588): blockedByLocationOff callingUid=1002
09-01 14:31:27.145 I/BluetoothUtils( 8588): packagename is android.uid.bluetooth:1002 ,and its permission is false
09-01 14:31:27.145 D/BluetoothUtils( 8588): blockedByLocationOff callingUid=1002
09-01 14:31:27.145 I/BluetoothUtils( 8588): packagename is android.uid.bluetooth:1002 ,and its permission is false
09-01 14:31:27.146 D/BluetoothUtils( 8588): blockedByLocationOff callingUid=1002
09-01 14:31:27.146 I/BluetoothUtils( 8588): packagename is android.uid.bluetooth:1002 ,and its permission is false
09-01 14:31:27.147 V/bt_stack( 8588): [VERBOSE1:btm_ble_gap.cc(1923)] btm_ble_process_ext_adv_pkt: bda=63:e7:6b:57:ac:90
09-01 14:31:27.147 V/bt_stack( 8588): [VERBOSE1:btm_ble_gap.cc(1847)] btm_ble_process_adv_addr: bda=63:e7:6b:57:ac:90
09-01 14:31:27.147 V/bt_stack( 8588): [VERBOSE1:btm_ble_gap.cc(2052)]  Waiting for scan response 63:e7:6b:57:ac:90
09-01 14:31:27.147 V/bt_stack( 8588): [VERBOSE1:btm_ble_gap.cc(1923)] btm_ble_process_ext_adv_pkt: bda=63:e7:6b:57:ac:90
09-01 14:31:27.147 V/bt_stack( 8588): [VERBOSE1:btm_ble_gap.cc(1847)] btm_ble_process_adv_addr: bda=63:e7:6b:57:ac:90
09-01 14:31:27.147 D/BluetoothUtils( 8588): blockedByLocationOff callingUid=1002
09-01 14:31:27.148 I/BluetoothUtils( 8588): packagename is android.uid.bluetooth:1002 ,and its permission is false
09-01 14:31:27.148 D/BluetoothUtils( 8588): blockedByLocationOff callingUid=1002
09-01 14:31:27.148 I/BluetoothUtils( 8588): packagename is android.uid.bluetooth:1002 ,and its permission is false
09-01 14:31:27.148 D/BluetoothUtils( 8588): blockedByLocationOff callingUid=1002
09-01 14:31:27.148 I/BluetoothUtils( 8588): packagename is android.uid.bluetooth:1002 ,and its permission is false
09-01 14:31:27.151 V/bt_stack( 8588): [VERBOSE1:btm_ble_gap.cc(1923)] btm_ble_process_ext_adv_pkt: bda=0a:29:89:b7:c8:4a
09-01 14:31:27.151 V/bt_stack( 8588): [VERBOSE1:btm_ble_gap.cc(1847)] btm_ble_process_adv_addr: bda=0a:29:89:b7:c8:4a
09-01 14:31:27.152 D/BluetoothUtils( 8588): blockedByLocationOff callingUid=1002
09-01 14:31:27.152 I/BluetoothUtils( 8588): packagename is android.uid.bluetooth:1002 ,and its permission is false
09-01 14:31:27.152 D/BluetoothUtils( 8588): blockedByLocationOff callingUid=1002
09-01 14:31:27.152 I/BluetoothUtils( 8588): packagename is android.uid.bluetooth:1002 ,and its permission is false
09-01 14:31:27.152 D/BluetoothUtils( 8588): blockedByLocationOff callingUid=1002
09-01 14:31:27.153 I/BluetoothUtils( 8588): packagename is android.uid.bluetooth:1002 ,and its permission is false
09-01 14:31:27.166 V/bt_stack( 8588): [VERBOSE1:btm_ble_gap.cc(1923)] btm_ble_process_ext_adv_pkt: bda=64:62:50:0c:82:d1
09-01 14:31:27.166 V/bt_stack( 8588): [VERBOSE1:btm_ble_gap.cc(1847)] btm_ble_process_adv_addr: bda=64:62:50:0c:82:d1
09-01 14:31:27.166 V/bt_stack( 8588): [VERBOSE1:btm_ble_gap.cc(2052)]  Waiting for scan response 64:62:50:0c:82:d1
09-01 14:31:27.166 V/bt_stack( 8588): [VERBOSE1:btm_ble_gap.cc(1923)] btm_ble_process_ext_adv_pkt: bda=38:f9:d3:45:87:1e
09-01 14:31:27.166 V/bt_stack( 8588): [VERBOSE1:btm_ble_gap.cc(1847)] btm_ble_process_adv_addr: bda=38:f9:d3:45:87:1e
09-01 14:31:27.166 V/bt_stack( 8588): [VERBOSE1:btm_ble_gap.cc(2052)]  Waiting for scan response 38:f9:d3:45:87:1e
09-01 14:31:27.167 V/bt_stack( 8588): [VERBOSE1:btm_ble_gap.cc(1923)] btm_ble_process_ext_adv_pkt: bda=38:f9:d3:45:87:1e
09-01 14:31:27.167 V/bt_stack( 8588): [VERBOSE1:btm_ble_gap.cc(1847)] btm_ble_process_adv_addr: bda=38:f9:d3:45:87:1e
09-01 14:31:27.167 D/BluetoothUtils( 8588): blockedByLocationOff callingUid=1002
09-01 14:31:27.167 I/BluetoothUtils( 8588): packagename is android.uid.bluetooth:1002 ,and its permission is false
09-01 14:31:27.168 D/BluetoothUtils( 8588): blockedByLocationOff callingUid=1002
09-01 14:31:27.168 I/BluetoothUtils( 8588): packagename is android.uid.bluetooth:1002 ,and its permission is false
09-01 14:31:27.168 D/BluetoothUtils( 8588): blockedByLocationOff callingUid=1002
09-01 14:31:27.168 I/BluetoothUtils( 8588): packagename is android.uid.bluetooth:1002 ,and its permission is false
09-01 14:31:27.172 V/bt_stack( 8588): [VERBOSE1:btm_ble_gap.cc(1923)] btm_ble_process_ext_adv_pkt: bda=17:be:83:99:5a:17
09-01 14:31:27.172 V/bt_stack( 8588): [VERBOSE1:btm_ble_gap.cc(1847)] btm_ble_process_adv_addr: bda=17:be:83:99:5a:17
09-01 14:31:27.172 D/BluetoothUtils( 8588): blockedByLocationOff callingUid=1002
09-01 14:31:27.173 I/BluetoothUtils( 8588): packagename is android.uid.bluetooth:1002 ,and its permission is false
09-01 14:31:27.173 D/BluetoothUtils( 8588): blockedByLocationOff callingUid=1002
09-01 14:31:27.173 I/BluetoothUtils( 8588): packagename is android.uid.bluetooth:1002 ,and its permission is false
09-01 14:31:27.173 D/BluetoothUtils( 8588): blockedByLocationOff callingUid=1002
09-01 14:31:27.173 I/BluetoothUtils( 8588): packagename is android.uid.bluetooth:1002 ,and its permission is false
09-01 14:31:27.211 I/vendor.qti.bluetooth@1.0-ibs_handler(19843): ProcessIbsCmd: Received IBS_SLEEP_IND: 0xFE
09-01 14:31:27.227 I/vendor.qti.bluetooth@1.0-ibs_handler(19843): ProcessIbsCmd: Received IBS_WAKE_IND: 0xFD
09-01 14:31:27.227 I/vendor.qti.bluetooth@1.0-ibs_handler(19843): ProcessIbsCmd: Writing IBS_WAKE_ACK
09-01 14:31:27.228 V/bt_stack( 8588): [VERBOSE1:btm_ble_gap.cc(1923)] btm_ble_process_ext_adv_pkt: bda=0c:1a:06:0e:96:57
09-01 14:31:27.228 V/bt_stack( 8588): [VERBOSE1:btm_ble_gap.cc(1847)] btm_ble_process_adv_addr: bda=0c:1a:06:0e:96:57
09-01 14:31:27.228 D/BluetoothUtils( 8588): blockedByLocationOff callingUid=1002
09-01 14:31:27.229 I/BluetoothUtils( 8588): packagename is android.uid.bluetooth:1002 ,and its permission is false
09-01 14:31:27.229 D/BluetoothUtils( 8588): blockedByLocationOff callingUid=1002
09-01 14:31:27.229 I/BluetoothUtils( 8588): packagename is android.uid.bluetooth:1002 ,and its permission is false
09-01 14:31:27.229 D/BluetoothUtils( 8588): blockedByLocationOff callingUid=1002
09-01 14:31:27.229 I/BluetoothUtils( 8588): packagename is android.uid.bluetooth:1002 ,and its permission is false
09-01 14:31:27.231 V/bt_stack( 8588): [VERBOSE1:btm_ble_gap.cc(1923)] btm_ble_process_ext_adv_pkt: bda=70:33:97:a2:2a:78
09-01 14:31:27.231 V/bt_stack( 8588): [VERBOSE1:btm_ble_gap.cc(1847)] btm_ble_process_adv_addr: bda=70:33:97:a2:2a:78
09-01 14:31:27.232 V/bt_stack( 8588): [VERBOSE1:btm_ble_gap.cc(2052)]  Waiting for scan response 70:33:97:a2:2a:78
09-01 14:31:27.232 V/bt_stack( 8588): [VERBOSE1:btm_ble_gap.cc(1923)] btm_ble_process_ext_adv_pkt: bda=70:33:97:a2:2a:78
09-01 14:31:27.232 V/bt_stack( 8588): [VERBOSE1:btm_ble_gap.cc(1847)] btm_ble_process_adv_addr: bda=70:33:97:a2:2a:78
09-01 14:31:27.232 D/BluetoothUtils( 8588): blockedByLocationOff callingUid=1002
09-01 14:31:27.232 I/BluetoothUtils( 8588): packagename is android.uid.bluetooth:1002 ,and its permission is false
09-01 14:31:27.232 D/BluetoothUtils( 8588): blockedByLocationOff callingUid=1002
09-01 14:31:27.233 I/BluetoothUtils( 8588): packagename is android.uid.bluetooth:1002 ,and its permission is false
09-01 14:31:27.233 D/BluetoothUtils( 8588): blockedByLocationOff callingUid=1002
09-01 14:31:27.233 I/BluetoothUtils( 8588): packagename is android.uid.bluetooth:1002 ,and its permission is false
09-01 14:31:27.240 V/bt_stack( 8588): [VERBOSE1:btm_ble_gap.cc(1923)] btm_ble_process_ext_adv_pkt: bda=07:e4:7f:b4:5f:d9
09-01 14:31:27.240 V/bt_stack( 8588): [VERBOSE1:btm_ble_gap.cc(1847)] btm_ble_process_adv_addr: bda=07:e4:7f:b4:5f:d9
09-01 14:31:27.240 D/BluetoothUtils( 8588): blockedByLocationOff callingUid=1002
09-01 14:31:27.241 I/BluetoothUtils( 8588): packagename is android.uid.bluetooth:1002 ,and its permission is false
09-01 14:31:27.241 D/BluetoothUtils( 8588): blockedByLocationOff callingUid=1002
09-01 14:31:27.241 I/BluetoothUtils( 8588): packagename is android.uid.bluetooth:1002 ,and its permission is false
09-01 14:31:27.241 D/BluetoothUtils( 8588): blockedByLocationOff callingUid=1002
09-01 14:31:27.241 I/BluetoothUtils( 8588): packagename is android.uid.bluetooth:1002 ,and its permission is false
09-01 14:31:27.246 V/bt_stack( 8588): [VERBOSE1:btm_ble_gap.cc(1923)] btm_ble_process_ext_adv_pkt: bda=5d:4a:e1:72:21:47
09-01 14:31:27.246 V/bt_stack( 8588): [VERBOSE1:btm_ble_gap.cc(1847)] btm_ble_process_adv_addr: bda=5d:4a:e1:72:21:47
09-01 14:31:27.246 V/bt_stack( 8588): [VERBOSE1:btm_ble_gap.cc(2052)]  Waiting for scan response 5d:4a:e1:72:21:47
09-01 14:31:27.246 V/bt_stack( 8588): [VERBOSE1:btm_ble_gap.cc(1923)] btm_ble_process_ext_adv_pkt: bda=5d:4a:e1:72:21:47
09-01 14:31:27.246 V/bt_stack( 8588): [VERBOSE1:btm_ble_gap.cc(1847)] btm_ble_process_adv_addr: bda=5d:4a:e1:72:21:47
09-01 14:31:27.247 D/BluetoothUtils( 8588): blockedByLocationOff callingUid=1002
09-01 14:31:27.247 I/BluetoothUtils( 8588): packagename is android.uid.bluetooth:1002 ,and its permission is false
09-01 14:31:27.247 D/BluetoothUtils( 8588): blockedByLocationOff callingUid=1002
09-01 14:31:27.247 I/BluetoothUtils( 8588): packagename is android.uid.bluetooth:1002 ,and its permission is false
09-01 14:31:27.247 D/BluetoothUtils( 8588): blockedByLocationOff callingUid=1002
09-01 14:31:27.248 I/BluetoothUtils( 8588): packagename is android.uid.bluetooth:1002 ,and its permission is false
09-01 14:31:27.257 V/bt_stack( 8588): [VERBOSE1:btm_ble_gap.cc(1923)] btm_ble_process_ext_adv_pkt: bda=c1:e5:1e:69:fb:26
09-01 14:31:27.257 V/bt_stack( 8588): [VERBOSE1:btm_ble_gap.cc(1847)] btm_ble_process_adv_addr: bda=c1:e5:1e:69:fb:26
09-01 14:31:27.257 V/bt_stack( 8588): [VERBOSE1:btm_ble_gap.cc(2052)]  Waiting for scan response c1:e5:1e:69:fb:26
09-01 14:31:27.257 V/bt_stack( 8588): [VERBOSE1:btm_ble_gap.cc(1923)] btm_ble_process_ext_adv_pkt: bda=2d:8f:df:c2:a9:d4
09-01 14:31:27.257 V/bt_stack( 8588): [VERBOSE1:btm_ble_gap.cc(1847)] btm_ble_process_adv_addr: bda=2d:8f:df:c2:a9:d4
09-01 14:31:27.258 D/BluetoothUtils( 8588): blockedByLocationOff callingUid=1002
09-01 14:31:27.258 I/BluetoothUtils( 8588): packagename is android.uid.bluetooth:1002 ,and its permission is false
09-01 14:31:27.258 D/BluetoothUtils( 8588): blockedByLocationOff callingUid=1002
09-01 14:31:27.258 I/BluetoothUtils( 8588): packagename is android.uid.bluetooth:1002 ,and its permission is false
09-01 14:31:27.258 D/BluetoothUtils( 8588): blockedByLocationOff callingUid=1002
09-01 14:31:27.259 I/BluetoothUtils( 8588): packagename is android.uid.bluetooth:1002 ,and its permission is false
09-01 14:31:27.267 V/bt_stack( 8588): [VERBOSE1:btm_ble_gap.cc(1923)] btm_ble_process_ext_adv_pkt: bda=24:65:c8:81:ba:6f
09-01 14:31:27.267 V/bt_stack( 8588): [VERBOSE1:btm_ble_gap.cc(1847)] btm_ble_process_adv_addr: bda=24:65:c8:81:ba:6f
09-01 14:31:27.268 D/BluetoothUtils( 8588): blockedByLocationOff callingUid=1002
09-01 14:31:27.268 I/BluetoothUtils( 8588): packagename is android.uid.bluetooth:1002 ,and its permission is false
09-01 14:31:27.268 D/BluetoothUtils( 8588): blockedByLocationOff callingUid=1002
09-01 14:31:27.268 I/BluetoothUtils( 8588): packagename is android.uid.bluetooth:1002 ,and its permission is false
09-01 14:31:27.269 D/BluetoothUtils( 8588): blockedByLocationOff callingUid=1002
09-01 14:31:27.269 I/BluetoothUtils( 8588): packagename is android.uid.bluetooth:1002 ,and its permission is false
09-01 14:31:27.271 V/bt_stack( 8588): [VERBOSE1:btm_ble_gap.cc(1923)] btm_ble_process_ext_adv_pkt: bda=17:be:83:99:5a:17
09-01 14:31:27.271 V/bt_stack( 8588): [VERBOSE1:btm_ble_gap.cc(1847)] btm_ble_process_adv_addr: bda=17:be:83:99:5a:17
09-01 14:31:27.272 D/BluetoothUtils( 8588): blockedByLocationOff callingUid=1002
09-01 14:31:27.272 I/BluetoothUtils( 8588): packagename is android.uid.bluetooth:1002 ,and its permission is false
09-01 14:31:27.272 D/BluetoothUtils( 8588): blockedByLocationOff callingUid=1002
09-01 14:31:27.272 I/BluetoothUtils( 8588): packagename is android.uid.bluetooth:1002 ,and its permission is false
09-01 14:31:27.272 D/BluetoothUtils( 8588): blockedByLocationOff callingUid=1002
09-01 14:31:27.273 I/BluetoothUtils( 8588): packagename is android.uid.bluetooth:1002 ,and its permission is false
09-01 14:31:27.277 V/bt_stack( 8588): [VERBOSE1:btm_ble_gap.cc(1923)] btm_ble_process_ext_adv_pkt: bda=3b:30:35:17:9e:fe
09-01 14:31:27.277 V/bt_stack( 8588): [VERBOSE1:btm_ble_gap.cc(1847)] btm_ble_process_adv_addr: bda=3b:30:35:17:9e:fe
09-01 14:31:27.278 D/BluetoothUtils( 8588): blockedByLocationOff callingUid=1002
09-01 14:31:27.278 I/BluetoothUtils( 8588): packagename is android.uid.bluetooth:1002 ,and its permission is false
09-01 14:31:27.278 D/BluetoothUtils( 8588): blockedByLocationOff callingUid=1002
09-01 14:31:27.278 I/BluetoothUtils( 8588): packagename is android.uid.bluetooth:1002 ,and its permission is false
09-01 14:31:27.278 D/BluetoothUtils( 8588): blockedByLocationOff callingUid=1002
09-01 14:31:27.279 I/BluetoothUtils( 8588): packagename is android.uid.bluetooth:1002 ,and its permission is false
09-01 14:31:27.288 V/bt_stack( 8588): [VERBOSE1:btm_ble_gap.cc(1923)] btm_ble_process_ext_adv_pkt: bda=5d:59:4a:0e:04:eb
09-01 14:31:27.288 V/bt_stack( 8588): [VERBOSE1:btm_ble_gap.cc(1847)] btm_ble_process_adv_addr: bda=5d:59:4a:0e:04:eb
09-01 14:31:27.288 V/bt_stack( 8588): [VERBOSE1:btm_ble_gap.cc(2052)]  Waiting for scan response 5d:59:4a:0e:04:eb
09-01 14:31:27.288 V/bt_stack( 8588): [VERBOSE1:btm_ble_gap.cc(1923)] btm_ble_process_ext_adv_pkt: bda=04:71:24:a7:6f:1c
09-01 14:31:27.288 V/bt_stack( 8588): [VERBOSE1:btm_ble_gap.cc(1847)] btm_ble_process_adv_addr: bda=04:71:24:a7:6f:1c
09-01 14:31:27.289 D/BluetoothUtils( 8588): blockedByLocationOff callingUid=1002
09-01 14:31:27.289 I/BluetoothUtils( 8588): packagename is android.uid.bluetooth:1002 ,and its permission is false
09-01 14:31:27.289 D/BluetoothUtils( 8588): blockedByLocationOff callingUid=1002
09-01 14:31:27.289 I/BluetoothUtils( 8588): packagename is android.uid.bluetooth:1002 ,and its permission is false
09-01 14:31:27.289 D/BluetoothUtils( 8588): blockedByLocationOff callingUid=1002
09-01 14:31:27.289 I/BluetoothUtils( 8588): packagename is android.uid.bluetooth:1002 ,and its permission is false
09-01 14:31:27.292 V/bt_stack( 8588): [VERBOSE1:btm_ble_gap.cc(1923)] btm_ble_process_ext_adv_pkt: bda=75:55:30:69:5d:bf
09-01 14:31:27.292 V/bt_stack( 8588): [VERBOSE1:btm_ble_gap.cc(1847)] btm_ble_process_adv_addr: bda=75:55:30:69:5d:bf
09-01 14:31:27.292 V/bt_stack( 8588): [VERBOSE1:btm_ble_gap.cc(2052)]  Waiting for scan response 75:55:30:69:5d:bf
09-01 14:31:27.292 V/bt_stack( 8588): [VERBOSE1:btm_ble_gap.cc(1923)] btm_ble_process_ext_adv_pkt: bda=75:55:30:69:5d:bf
09-01 14:31:27.292 V/bt_stack( 8588): [VERBOSE1:btm_ble_gap.cc(1847)] btm_ble_process_adv_addr: bda=75:55:30:69:5d:bf
09-01 14:31:27.292 D/BluetoothUtils( 8588): blockedByLocationOff callingUid=1002
09-01 14:31:27.293 I/BluetoothUtils( 8588): packagename is android.uid.bluetooth:1002 ,and its permission is false
09-01 14:31:27.293 D/BluetoothUtils( 8588): blockedByLocationOff callingUid=1002
09-01 14:31:27.293 I/BluetoothUtils( 8588): packagename is android.uid.bluetooth:1002 ,and its permission is false
09-01 14:31:27.293 D/BluetoothUtils( 8588): blockedByLocationOff callingUid=1002
09-01 14:31:27.294 I/BluetoothUtils( 8588): packagename is android.uid.bluetooth:1002 ,and its permission is false
09-01 14:31:27.294 V/bt_stack( 8588): [VERBOSE1:btm_ble_gap.cc(1923)] btm_ble_process_ext_adv_pkt: bda=2a:99:8c:12:d1:b1
09-01 14:31:27.294 V/bt_stack( 8588): [VERBOSE1:btm_ble_gap.cc(1847)] btm_ble_process_adv_addr: bda=2a:99:8c:12:d1:b1
09-01 14:31:27.295 D/BluetoothUtils( 8588): blockedByLocationOff callingUid=1002
09-01 14:31:27.295 I/BluetoothUtils( 8588): packagename is android.uid.bluetooth:1002 ,and its permission is false
09-01 14:31:27.296 D/BluetoothUtils( 8588): blockedByLocationOff callingUid=1002
09-01 14:31:27.296 I/BluetoothUtils( 8588): packagename is android.uid.bluetooth:1002 ,and its permission is false
09-01 14:31:27.296 D/BluetoothUtils( 8588): blockedByLocationOff callingUid=1002
09-01 14:31:27.296 I/BluetoothUtils( 8588): packagename is android.uid.bluetooth:1002 ,and its permission is false
09-01 14:31:27.296 V/bt_stack( 8588): [VERBOSE1:btm_ble_gap.cc(1923)] btm_ble_process_ext_adv_pkt: bda=17:7e:29:ab:4e:d0
09-01 14:31:27.296 V/bt_stack( 8588): [VERBOSE1:btm_ble_gap.cc(1847)] btm_ble_process_adv_addr: bda=17:7e:29:ab:4e:d0
09-01 14:31:27.297 D/BluetoothUtils( 8588): blockedByLocationOff callingUid=1002
09-01 14:31:27.297 I/BluetoothUtils( 8588): packagename is android.uid.bluetooth:1002 ,and its permission is false
09-01 14:31:27.297 D/BluetoothUtils( 8588): blockedByLocationOff callingUid=1002
09-01 14:31:27.298 I/BluetoothUtils( 8588): packagename is android.uid.bluetooth:1002 ,and its permission is false
09-01 14:31:27.298 D/BluetoothUtils( 8588): blockedByLocationOff callingUid=1002
09-01 14:31:27.298 I/BluetoothUtils( 8588): packagename is android.uid.bluetooth:1002 ,and its permission is false
09-01 14:31:27.311 V/bt_stack( 8588): [VERBOSE1:btm_ble_gap.cc(1923)] btm_ble_process_ext_adv_pkt: bda=6a:1a:31:28:a4:f8
09-01 14:31:27.311 V/bt_stack( 8588): [VERBOSE1:btm_ble_gap.cc(1847)] btm_ble_process_adv_addr: bda=6a:1a:31:28:a4:f8
