09-01 14:31:28.875 V/bt_stack( 8588): [VERBOSE1:btm_ble_gap.cc(1847)] btm_ble_process_adv_addr: bda=12:f7:c7:df:cb:b1
09-01 14:31:28.875 I/BluetoothUtils( 8588): packagename is android.uid.bluetooth:1002 ,and its permission is false
09-01 14:31:28.875 D/BluetoothUtils( 8588): blockedByLocationOff callingUid=1002
09-01 14:31:28.875 I/BluetoothUtils( 8588): packagename is android.uid.bluetooth:1002 ,and its permission is false
09-01 14:31:28.876 D/BluetoothUtils( 8588): blockedByLocationOff callingUid=1002
09-01 14:31:28.876 I/BluetoothUtils( 8588): packagename is android.uid.bluetooth:1002 ,and its permission is false
09-01 14:31:28.876 D/BluetoothUtils( 8588): blockedByLocationOff callingUid=1002
09-01 14:31:28.877 I/BluetoothUtils( 8588): packagename is android.uid.bluetooth:1002 ,and its permission is false
09-01 14:31:28.877 D/BluetoothUtils( 8588): blockedByLocationOff callingUid=1002
09-01 14:31:28.877 I/BluetoothUtils( 8588): packagename is android.uid.bluetooth:1002 ,and its permission is false
09-01 14:31:28.878 D/BluetoothUtils( 8588): blockedByLocationOff callingUid=1002
09-01 14:31:28.878 I/BluetoothUtils( 8588): packagename is android.uid.bluetooth:1002 ,and its permission is false
09-01 14:31:28.878 V/bt_stack( 8588): [VERBOSE1:btm_ble_gap.cc(1923)] btm_ble_process_ext_adv_pkt: bda=12:72:eb:81:32:03
09-01 14:31:28.878 D/BluetoothUtils( 8588): blockedByLocationOff callingUid=1002
09-01 14:31:28.878 V/bt_stack( 8588): [VERBOSE1:btm_ble_gap.cc(1847)] btm_ble_process_adv_addr: bda=12:72:eb:81:32:03
09-01 14:31:28.878 I/BluetoothUtils( 8588): packagename is android.uid.bluetooth:1002 ,and its permission is false
09-01 14:31:28.878 D/BluetoothUtils( 8588): blockedByLocationOff callingUid=1002
09-01 14:31:28.879 I/BluetoothUtils( 8588): packagename is android.uid.bluetooth:1002 ,and its permission is false
09-01 14:31:28.879 D/BluetoothUtils( 8588): blockedByLocationOff callingUid=1002
09-01 14:31:28.880 I/BluetoothUtils( 8588): packagename is android.uid.bluetooth:1002 ,and its permission is false
09-01 14:31:28.880 D/BluetoothUtils( 8588): blockedByLocationOff callingUid=1002
09-01 14:31:28.880 I/BluetoothUtils( 8588): packagename is android.uid.bluetooth:1002 ,and its permission is false
09-01 14:31:28.880 D/BluetoothUtils( 8588): blockedByLocationOff callingUid=1002
09-01 14:31:28.880 I/BluetoothUtils( 8588): packagename is android.uid.bluetooth:1002 ,and its permission is false
09-01 14:31:28.881 D/BluetoothUtils( 8588): blockedByLocationOff callingUid=1002
09-01 14:31:28.881 I/BluetoothUtils( 8588): packagename is android.uid.bluetooth:1002 ,and its permission is false
09-01 14:31:28.882 D/BluetoothUtils( 8588): blockedByLocationOff callingUid=1002
09-01 14:31:28.882 I/BluetoothUtils( 8588): packagename is android.uid.bluetooth:1002 ,and its permission is false
09-01 14:31:28.882 D/BluetoothUtils( 8588): blockedByLocationOff callingUid=1002
09-01 14:31:28.882 V/bt_stack( 8588): [VERBOSE1:btm_ble_gap.cc(1923)] btm_ble_process_ext_adv_pkt: bda=5d:4a:e1:72:21:47
09-01 14:31:28.882 V/bt_stack( 8588): [VERBOSE1:btm_ble_gap.cc(1847)] btm_ble_process_adv_addr: bda=5d:4a:e1:72:21:47
09-01 14:31:28.882 I/BluetoothUtils( 8588): packagename is android.uid.bluetooth:1002 ,and its permission is false
09-01 14:31:28.882 V/bt_stack( 8588): [VERBOSE1:btm_ble_gap.cc(2052)]  Waiting for scan response 5d:4a:e1:72:21:47
09-01 14:31:28.882 V/bt_stack( 8588): [VERBOSE1:btm_ble_gap.cc(1923)] btm_ble_process_ext_adv_pkt: bda=5d:4a:e1:72:21:47
09-01 14:31:28.883 V/bt_stack( 8588): [VERBOSE1:btm_ble_gap.cc(1847)] btm_ble_process_adv_addr: bda=5d:4a:e1:72:21:47
09-01 14:31:28.883 D/BluetoothUtils( 8588): blockedByLocationOff callingUid=1002
09-01 14:31:28.884 I/BluetoothUtils( 8588): packagename is android.uid.bluetooth:1002 ,and its permission is false
09-01 14:31:28.884 D/BluetoothUtils( 8588): blockedByLocationOff callingUid=1002
09-01 14:31:28.884 I/BluetoothUtils( 8588): packagename is android.uid.bluetooth:1002 ,and its permission is false
09-01 14:31:28.884 D/BluetoothUtils( 8588): blockedByLocationOff callingUid=1002
09-01 14:31:28.884 I/BluetoothUtils( 8588): packagename is android.uid.bluetooth:1002 ,and its permission is false
09-01 14:31:28.886 I/appium  ( 8902): channel read invoked!
09-01 14:31:28.886 I/appium  ( 8902): channel read: GET /wd/hub/session/ad6d0c78-5f6e-4b34-a966-5b7ce44708b4/window/current/size
09-01 14:31:28.887 I/appium  ( 8902): Get window size of the device
09-01 14:31:28.890 I/appium  ( 8902): AppiumResponse: {"sessionId":"ad6d0c78-5f6e-4b34-a966-5b7ce44708b4","value":{"height":2210,"width":1080}}
09-01 14:31:28.892 V/bt_stack( 8588): [VERBOSE1:btm_ble_gap.cc(1923)] btm_ble_process_ext_adv_pkt: bda=75:1f:7a:e9:cc:a5
09-01 14:31:28.892 V/bt_stack( 8588): [VERBOSE1:btm_ble_gap.cc(1847)] btm_ble_process_adv_addr: bda=75:1f:7a:e9:cc:a5
09-01 14:31:28.893 D/BluetoothUtils( 8588): blockedByLocationOff callingUid=1002
09-01 14:31:28.893 I/BluetoothUtils( 8588): packagename is android.uid.bluetooth:1002 ,and its permission is false
09-01 14:31:28.894 D/BluetoothUtils( 8588): blockedByLocationOff callingUid=1002
09-01 14:31:28.894 I/BluetoothUtils( 8588): packagename is android.uid.bluetooth:1002 ,and its permission is false
09-01 14:31:28.894 D/BluetoothUtils( 8588): blockedByLocationOff callingUid=1002
09-01 14:31:28.894 I/BluetoothUtils( 8588): packagename is android.uid.bluetooth:1002 ,and its permission is false
09-01 14:31:28.895 V/bt_stack( 8588): [VERBOSE1:btm_ble_gap.cc(1923)] btm_ble_process_ext_adv_pkt: bda=53:f2:a2:69:23:e6
09-01 14:31:28.895 V/bt_stack( 8588): [VERBOSE1:btm_ble_gap.cc(1847)] btm_ble_process_adv_addr: bda=53:f2:a2:69:23:e6
09-01 14:31:28.896 D/BluetoothUtils( 8588): blockedByLocationOff callingUid=1002
09-01 14:31:28.897 I/BluetoothUtils( 8588): packagename is android.uid.bluetooth:1002 ,and its permission is false
09-01 14:31:28.897 D/BluetoothUtils( 8588): blockedByLocationOff callingUid=1002
09-01 14:31:28.897 I/BluetoothUtils( 8588): packagename is android.uid.bluetooth:1002 ,and its permission is false
09-01 14:31:28.897 D/BluetoothUtils( 8588): blockedByLocationOff callingUid=1002
09-01 14:31:28.898 I/BluetoothUtils( 8588): packagename is android.uid.bluetooth:1002 ,and its permission is false
09-01 14:31:28.900 V/bt_stack( 8588): [VERBOSE1:btm_ble_gap.cc(1923)] btm_ble_process_ext_adv_pkt: bda=19:30:6d:c4:b5:5b
09-01 14:31:28.900 V/bt_stack( 8588): [VERBOSE1:btm_ble_gap.cc(1847)] btm_ble_process_adv_addr: bda=19:30:6d:c4:b5:5b
09-01 14:31:28.901 D/BluetoothUtils( 8588): blockedByLocationOff callingUid=1002
09-01 14:31:28.901 I/BluetoothUtils( 8588): packagename is android.uid.bluetooth:1002 ,and its permission is false
09-01 14:31:28.901 D/BluetoothUtils( 8588): blockedByLocationOff callingUid=1002
09-01 14:31:28.902 I/BluetoothUtils( 8588): packagename is android.uid.bluetooth:1002 ,and its permission is false
09-01 14:31:28.902 D/BluetoothUtils( 8588): blockedByLocationOff callingUid=1002
09-01 14:31:28.902 I/BluetoothUtils( 8588): packagename is android.uid.bluetooth:1002 ,and its permission is false
09-01 14:31:28.904 I/appium  ( 8902): channel read invoked!
09-01 14:31:28.904 I/appium  ( 8902): channel read: GET /wd/hub/session/ad6d0c78-5f6e-4b34-a966-5b7ce44708b4/window/current/size
09-01 14:31:28.905 V/bt_stack( 8588): [VERBOSE1:btm_ble_gap.cc(1923)] btm_ble_process_ext_adv_pkt: bda=07:e4:7f:b4:5f:d9
09-01 14:31:28.905 V/bt_stack( 8588): [VERBOSE1:btm_ble_gap.cc(1847)] btm_ble_process_adv_addr: bda=07:e4:7f:b4:5f:d9
09-01 14:31:28.905 I/appium  ( 8902): Get window size of the device
09-01 14:31:28.905 V/bt_stack( 8588): [VERBOSE1:btm_ble_gap.cc(1923)] btm_ble_process_ext_adv_pkt: bda=0c:1a:06:0e:96:57
09-01 14:31:28.905 V/bt_stack( 8588): [VERBOSE1:btm_ble_gap.cc(1847)] btm_ble_process_adv_addr: bda=0c:1a:06:0e:96:57
09-01 14:31:28.906 D/BluetoothUtils( 8588): blockedByLocationOff callingUid=1002
09-01 14:31:28.906 I/BluetoothUtils( 8588): packagename is android.uid.bluetooth:1002 ,and its permission is false
09-01 14:31:28.906 D/BluetoothUtils( 8588): blockedByLocationOff callingUid=1002
09-01 14:31:28.906 I/BluetoothUtils( 8588): packagename is android.uid.bluetooth:1002 ,and its permission is false
09-01 14:31:28.906 D/BluetoothUtils( 8588): blockedByLocationOff callingUid=1002
09-01 14:31:28.907 I/BluetoothUtils( 8588): packagename is android.uid.bluetooth:1002 ,and its permission is false
09-01 14:31:28.907 D/BluetoothUtils( 8588): blockedByLocationOff callingUid=1002
09-01 14:31:28.907 I/BluetoothUtils( 8588): packagename is android.uid.bluetooth:1002 ,and its permission is false
09-01 14:31:28.908 D/BluetoothUtils( 8588): blockedByLocationOff callingUid=1002
09-01 14:31:28.908 I/BluetoothUtils( 8588): packagename is android.uid.bluetooth:1002 ,and its permission is false
09-01 14:31:28.908 D/BluetoothUtils( 8588): blockedByLocationOff callingUid=1002
09-01 14:31:28.908 I/BluetoothUtils( 8588): packagename is android.uid.bluetooth:1002 ,and its permission is false
09-01 14:31:28.909 I/appium  ( 8902): AppiumResponse: {"sessionId":"ad6d0c78-5f6e-4b34-a966-5b7ce44708b4","value":{"height":2210,"width":1080}}
09-01 14:31:28.930 V/bt_stack( 8588): [VERBOSE1:btm_ble_gap.cc(1923)] btm_ble_process_ext_adv_pkt: bda=fe:e1:62:0f:0c:8e
09-01 14:31:28.930 V/bt_stack( 8588): [VERBOSE1:btm_ble_gap.cc(1847)] btm_ble_process_adv_addr: bda=fe:e1:62:0f:0c:8e
09-01 14:31:28.930 V/bt_stack( 8588): [VERBOSE1:btm_ble_gap.cc(2052)]  Waiting for scan response fe:e1:62:0f:0c:8e
09-01 14:31:28.930 V/bt_stack( 8588): [VERBOSE1:btm_ble_gap.cc(1923)] btm_ble_process_ext_adv_pkt: bda=36:c9:49:a0:b6:9d
09-01 14:31:28.930 V/bt_stack( 8588): [VERBOSE1:btm_ble_gap.cc(1847)] btm_ble_process_adv_addr: bda=36:c9:49:a0:b6:9d
09-01 14:31:28.930 V/bt_stack( 8588): [VERBOSE1:btm_ble_gap.cc(1923)] btm_ble_process_ext_adv_pkt: bda=2e:17:70:f9:0b:48
09-01 14:31:28.930 V/bt_stack( 8588): [VERBOSE1:btm_ble_gap.cc(1847)] btm_ble_process_adv_addr: bda=2e:17:70:f9:0b:48
09-01 14:31:28.931 D/BluetoothUtils( 8588): blockedByLocationOff callingUid=1002
09-01 14:31:28.932 I/BluetoothUtils( 8588): packagename is android.uid.bluetooth:1002 ,and its permission is false
09-01 14:31:28.932 D/BluetoothUtils( 8588): blockedByLocationOff callingUid=1002
09-01 14:31:28.932 I/BluetoothUtils( 8588): packagename is android.uid.bluetooth:1002 ,and its permission is false
09-01 14:31:28.932 D/BluetoothUtils( 8588): blockedByLocationOff callingUid=1002
09-01 14:31:28.932 I/BluetoothUtils( 8588): packagename is android.uid.bluetooth:1002 ,and its permission is false
09-01 14:31:28.933 D/BluetoothUtils( 8588): blockedByLocationOff callingUid=1002
09-01 14:31:28.934 I/BluetoothUtils( 8588): packagename is android.uid.bluetooth:1002 ,and its permission is false
09-01 14:31:28.934 D/BluetoothUtils( 8588): blockedByLocationOff callingUid=1002
09-01 14:31:28.934 I/BluetoothUtils( 8588): packagename is android.uid.bluetooth:1002 ,and its permission is false
09-01 14:31:28.934 D/BluetoothUtils( 8588): blockedByLocationOff callingUid=1002
09-01 14:31:28.934 I/BluetoothUtils( 8588): packagename is android.uid.bluetooth:1002 ,and its permission is false
09-01 14:31:28.945 I/appium  ( 8902): channel read invoked!
09-01 14:31:28.945 I/appium  ( 8902): channel read: GET /wd/hub/session/ad6d0c78-5f6e-4b34-a966-5b7ce44708b4/window/current/size
09-01 14:31:28.945 I/appium  ( 8902): Get window size of the device
09-01 14:31:28.946 V/bt_stack( 8588): [VERBOSE1:btm_ble_gap.cc(1923)] btm_ble_process_ext_adv_pkt: bda=17:be:83:99:5a:17
09-01 14:31:28.946 V/bt_stack( 8588): [VERBOSE1:btm_ble_gap.cc(1847)] btm_ble_process_adv_addr: bda=17:be:83:99:5a:17
09-01 14:31:28.947 V/bt_stack( 8588): [VERBOSE1:btm_ble_gap.cc(1923)] btm_ble_process_ext_adv_pkt: bda=04:71:24:a7:6f:1c
09-01 14:31:28.947 V/bt_stack( 8588): [VERBOSE1:btm_ble_gap.cc(1847)] btm_ble_process_adv_addr: bda=04:71:24:a7:6f:1c
09-01 14:31:28.947 I/appium  ( 8902): AppiumResponse: {"sessionId":"ad6d0c78-5f6e-4b34-a966-5b7ce44708b4","value":{"height":2210,"width":1080}}
09-01 14:31:28.947 D/BluetoothUtils( 8588): blockedByLocationOff callingUid=1002
09-01 14:31:28.948 I/BluetoothUtils( 8588): packagename is android.uid.bluetooth:1002 ,and its permission is false
09-01 14:31:28.948 D/BluetoothUtils( 8588): blockedByLocationOff callingUid=1002
09-01 14:31:28.948 I/BluetoothUtils( 8588): packagename is android.uid.bluetooth:1002 ,and its permission is false
09-01 14:31:28.948 D/BluetoothUtils( 8588): blockedByLocationOff callingUid=1002
09-01 14:31:28.949 I/BluetoothUtils( 8588): packagename is android.uid.bluetooth:1002 ,and its permission is false
09-01 14:31:28.949 D/BluetoothUtils( 8588): blockedByLocationOff callingUid=1002
09-01 14:31:28.950 I/BluetoothUtils( 8588): packagename is android.uid.bluetooth:1002 ,and its permission is false
09-01 14:31:28.950 D/BluetoothUtils( 8588): blockedByLocationOff callingUid=1002
09-01 14:31:28.950 I/BluetoothUtils( 8588): packagename is android.uid.bluetooth:1002 ,and its permission is false
09-01 14:31:28.950 D/BluetoothUtils( 8588): blockedByLocationOff callingUid=1002
09-01 14:31:28.951 I/BluetoothUtils( 8588): packagename is android.uid.bluetooth:1002 ,and its permission is false
09-01 14:31:28.972 V/bt_stack( 8588): [VERBOSE1:btm_ble_gap.cc(1923)] btm_ble_process_ext_adv_pkt: bda=0d:a0:9b:d0:d9:48
09-01 14:31:28.973 V/bt_stack( 8588): [VERBOSE1:btm_ble_gap.cc(1847)] btm_ble_process_adv_addr: bda=0d:a0:9b:d0:d9:48
09-01 14:31:28.974 D/BluetoothUtils( 8588): blockedByLocationOff callingUid=1002
09-01 14:31:28.975 I/BluetoothUtils( 8588): packagename is android.uid.bluetooth:1002 ,and its permission is false
09-01 14:31:28.975 D/BluetoothUtils( 8588): blockedByLocationOff callingUid=1002
09-01 14:31:28.975 I/BluetoothUtils( 8588): packagename is android.uid.bluetooth:1002 ,and its permission is false
09-01 14:31:28.976 D/BluetoothUtils( 8588): blockedByLocationOff callingUid=1002
09-01 14:31:28.976 I/BluetoothUtils( 8588): packagename is android.uid.bluetooth:1002 ,and its permission is false
09-01 14:31:28.988 I/appium  ( 8902): channel read invoked!
09-01 14:31:28.988 I/appium  ( 8902): channel read: POST /wd/hub/session/ad6d0c78-5f6e-4b34-a966-5b7ce44708b4/touch/perform
09-01 14:31:28.990 I/appium  ( 8902): JSON Payload : {"startX":540,"startY":1989,"endX":540,"endY":221,"steps":22}
09-01 14:31:29.001 V/bt_stack( 8588): [VERBOSE1:btm_ble_gap.cc(1923)] btm_ble_process_ext_adv_pkt: bda=2a:99:8c:12:d1:b1
09-01 14:31:29.001 V/bt_stack( 8588): [VERBOSE1:btm_ble_gap.cc(1847)] btm_ble_process_adv_addr: bda=2a:99:8c:12:d1:b1
09-01 14:31:29.003 D/BluetoothUtils( 8588): blockedByLocationOff callingUid=1002
09-01 14:31:29.004 I/BluetoothUtils( 8588): packagename is android.uid.bluetooth:1002 ,and its permission is false
09-01 14:31:29.004 D/BluetoothUtils( 8588): blockedByLocationOff callingUid=1002
09-01 14:31:29.004 I/BluetoothUtils( 8588): packagename is android.uid.bluetooth:1002 ,and its permission is false
09-01 14:31:29.004 D/BluetoothUtils( 8588): blockedByLocationOff callingUid=1002
09-01 14:31:29.005 I/BluetoothUtils( 8588): packagename is android.uid.bluetooth:1002 ,and its permission is false
09-01 14:31:29.008 V/bt_stack( 8588): [VERBOSE1:btm_ble_gap.cc(1923)] btm_ble_process_ext_adv_pkt: bda=38:f9:d3:45:87:1e
09-01 14:31:29.008 V/bt_stack( 8588): [VERBOSE1:btm_ble_gap.cc(1847)] btm_ble_process_adv_addr: bda=38:f9:d3:45:87:1e
09-01 14:31:29.008 V/bt_stack( 8588): [VERBOSE1:btm_ble_gap.cc(2052)]  Waiting for scan response 38:f9:d3:45:87:1e
09-01 14:31:29.008 V/bt_stack( 8588): [VERBOSE1:btm_ble_gap.cc(1923)] btm_ble_process_ext_adv_pkt: bda=38:f9:d3:45:87:1e
09-01 14:31:29.009 V/bt_stack( 8588): [VERBOSE1:btm_ble_gap.cc(1847)] btm_ble_process_adv_addr: bda=38:f9:d3:45:87:1e
09-01 14:31:29.010 D/BluetoothUtils( 8588): blockedByLocationOff callingUid=1002
09-01 14:31:29.011 I/BluetoothUtils( 8588): packagename is android.uid.bluetooth:1002 ,and its permission is false
09-01 14:31:29.011 D/BluetoothUtils( 8588): blockedByLocationOff callingUid=1002
09-01 14:31:29.011 I/BluetoothUtils( 8588): packagename is android.uid.bluetooth:1002 ,and its permission is false
09-01 14:31:29.011 D/BluetoothUtils( 8588): blockedByLocationOff callingUid=1002
09-01 14:31:29.011 I/BluetoothUtils( 8588): packagename is android.uid.bluetooth:1002 ,and its permission is false
09-01 14:31:29.020 V/bt_stack( 8588): [VERBOSE1:btm_ble_gap.cc(1923)] btm_ble_process_ext_adv_pkt: bda=3c:f2:81:5e:d7:79
09-01 14:31:29.020 V/bt_stack( 8588): [VERBOSE1:btm_ble_gap.cc(1847)] btm_ble_process_adv_addr: bda=3c:f2:81:5e:d7:79
09-01 14:31:29.022 D/BluetoothUtils( 8588): blockedByLocationOff callingUid=1002
09-01 14:31:29.022 I/BluetoothUtils( 8588): packagename is android.uid.bluetooth:1002 ,and its permission is false
09-01 14:31:29.023 D/BluetoothUtils( 8588): blockedByLocationOff callingUid=1002
09-01 14:31:29.023 I/BluetoothUtils( 8588): packagename is android.uid.bluetooth:1002 ,and its permission is false
09-01 14:31:29.023 D/BluetoothUtils( 8588): blockedByLocationOff callingUid=1002
09-01 14:31:29.023 I/BluetoothUtils( 8588): packagename is android.uid.bluetooth:1002 ,and its permission is false
09-01 14:31:29.030 V/bt_stack( 8588): [VERBOSE1:btm_ble_gap.cc(1923)] btm_ble_process_ext_adv_pkt: bda=d0:07:00:36:00:1a
09-01 14:31:29.030 V/bt_stack( 8588): [VERBOSE1:btm_ble_gap.cc(1847)] btm_ble_process_adv_addr: bda=d0:07:00:36:00:1a
09-01 14:31:29.030 V/bt_stack( 8588): [VERBOSE1:btm_ble_gap.cc(2052)]  Waiting for scan response d0:07:00:36:00:1a
09-01 14:31:29.030 V/bt_stack( 8588): [VERBOSE1:btm_ble_gap.cc(1923)] btm_ble_process_ext_adv_pkt: bda=14:c3:61:25:db:42
09-01 14:31:29.030 V/bt_stack( 8588): [VERBOSE1:btm_ble_gap.cc(1847)] btm_ble_process_adv_addr: bda=14:c3:61:25:db:42
09-01 14:31:29.032 D/BluetoothUtils( 8588): blockedByLocationOff callingUid=1002
09-01 14:31:29.032 I/BluetoothUtils( 8588): packagename is android.uid.bluetooth:1002 ,and its permission is false
09-01 14:31:29.033 D/BluetoothUtils( 8588): blockedByLocationOff callingUid=1002
09-01 14:31:29.033 I/BluetoothUtils( 8588): packagename is android.uid.bluetooth:1002 ,and its permission is false
09-01 14:31:29.033 D/BluetoothUtils( 8588): blockedByLocationOff callingUid=1002
09-01 14:31:29.033 I/BluetoothUtils( 8588): packagename is android.uid.bluetooth:1002 ,and its permission is false
09-01 14:31:29.037 V/bt_stack( 8588): [VERBOSE1:btm_ble_gap.cc(1923)] btm_ble_process_ext_adv_pkt: bda=36:c9:49:a0:b6:9d
09-01 14:31:29.037 V/bt_stack( 8588): [VERBOSE1:btm_ble_gap.cc(1847)] btm_ble_process_adv_addr: bda=36:c9:49:a0:b6:9d
09-01 14:31:29.038 D/BluetoothUtils( 8588): blockedByLocationOff callingUid=1002
09-01 14:31:29.038 I/BluetoothUtils( 8588): packagename is android.uid.bluetooth:1002 ,and its permission is false
09-01 14:31:29.038 D/BluetoothUtils( 8588): blockedByLocationOff callingUid=1002
09-01 14:31:29.039 I/BluetoothUtils( 8588): packagename is android.uid.bluetooth:1002 ,and its permission is false
09-01 14:31:29.039 D/BluetoothUtils( 8588): blockedByLocationOff callingUid=1002
09-01 14:31:29.042 I/BluetoothUtils( 8588): packagename is android.uid.bluetooth:1002 ,and its permission is false
09-01 14:31:29.046 V/bt_stack( 8588): [VERBOSE1:btm_ble_gap.cc(1923)] btm_ble_process_ext_adv_pkt: bda=67:05:b3:f7:69:77
09-01 14:31:29.046 V/bt_stack( 8588): [VERBOSE1:btm_ble_gap.cc(1847)] btm_ble_process_adv_addr: bda=67:05:b3:f7:69:77
09-01 14:31:29.047 V/bt_stack( 8588): [VERBOSE1:btm_ble_gap.cc(2052)]  Waiting for scan response 67:05:b3:f7:69:77
09-01 14:31:29.047 V/bt_stack( 8588): [VERBOSE1:btm_ble_gap.cc(1923)] btm_ble_process_ext_adv_pkt: bda=2e:5b:f3:6f:6b:fb
09-01 14:31:29.047 V/bt_stack( 8588): [VERBOSE1:btm_ble_gap.cc(1847)] btm_ble_process_adv_addr: bda=2e:5b:f3:6f:6b:fb
09-01 14:31:29.048 D/BluetoothUtils( 8588): blockedByLocationOff callingUid=1002
09-01 14:31:29.049 I/BluetoothUtils( 8588): packagename is android.uid.bluetooth:1002 ,and its permission is false
09-01 14:31:29.049 D/BluetoothUtils( 8588): blockedByLocationOff callingUid=1002
09-01 14:31:29.049 I/BluetoothUtils( 8588): packagename is android.uid.bluetooth:1002 ,and its permission is false
09-01 14:31:29.049 D/BluetoothUtils( 8588): blockedByLocationOff callingUid=1002
09-01 14:31:29.049 I/BluetoothUtils( 8588): packagename is android.uid.bluetooth:1002 ,and its permission is false
09-01 14:31:29.052 V/bt_stack( 8588): [VERBOSE1:btm_ble_gap.cc(1923)] btm_ble_process_ext_adv_pkt: bda=17:be:83:99:5a:17
09-01 14:31:29.052 V/bt_stack( 8588): [VERBOSE1:btm_ble_gap.cc(1847)] btm_ble_process_adv_addr: bda=17:be:83:99:5a:17
09-01 14:31:29.053 D/BluetoothUtils( 8588): blockedByLocationOff callingUid=1002
09-01 14:31:29.053 I/BluetoothUtils( 8588): packagename is android.uid.bluetooth:1002 ,and its permission is false
09-01 14:31:29.054 D/BluetoothUtils( 8588): blockedByLocationOff callingUid=1002
09-01 14:31:29.054 I/BluetoothUtils( 8588): packagename is android.uid.bluetooth:1002 ,and its permission is false
09-01 14:31:29.054 D/BluetoothUtils( 8588): blockedByLocationOff callingUid=1002
09-01 14:31:29.054 V/bt_stack( 8588): [VERBOSE1:btm_ble_gap.cc(1923)] btm_ble_process_ext_adv_pkt: bda=56:e4:da:79:d5:88
09-01 14:31:29.054 V/bt_stack( 8588): [VERBOSE1:btm_ble_gap.cc(1847)] btm_ble_process_adv_addr: bda=56:e4:da:79:d5:88
09-01 14:31:29.054 V/bt_stack( 8588): [VERBOSE1:btm_ble_gap.cc(2052)]  Waiting for scan response 56:e4:da:79:d5:88
09-01 14:31:29.054 I/BluetoothUtils( 8588): packagename is android.uid.bluetooth:1002 ,and its permission is false
09-01 14:31:29.054 V/bt_stack( 8588): [VERBOSE1:btm_ble_gap.cc(1923)] btm_ble_process_ext_adv_pkt: bda=56:e4:da:79:d5:88
09-01 14:31:29.054 V/bt_stack( 8588): [VERBOSE1:btm_ble_gap.cc(1847)] btm_ble_process_adv_addr: bda=56:e4:da:79:d5:88
09-01 14:31:29.055 D/BluetoothUtils( 8588): blockedByLocationOff callingUid=1002
09-01 14:31:29.056 I/BluetoothUtils( 8588): packagename is android.uid.bluetooth:1002 ,and its permission is false
09-01 14:31:29.056 D/BluetoothUtils( 8588): blockedByLocationOff callingUid=1002
09-01 14:31:29.056 I/BluetoothUtils( 8588): packagename is android.uid.bluetooth:1002 ,and its permission is false
09-01 14:31:29.056 D/BluetoothUtils( 8588): blockedByLocationOff callingUid=1002
09-01 14:31:29.056 I/BluetoothUtils( 8588): packagename is android.uid.bluetooth:1002 ,and its permission is false
09-01 14:31:29.061 V/bt_stack( 8588): [VERBOSE1:btm_ble_gap.cc(1923)] btm_ble_process_ext_adv_pkt: bda=65:4b:eb:fb:21:09
09-01 14:31:29.061 V/bt_stack( 8588): [VERBOSE1:btm_ble_gap.cc(1847)] btm_ble_process_adv_addr: bda=65:4b:eb:fb:21:09
09-01 14:31:29.063 D/BluetoothUtils( 8588): blockedByLocationOff callingUid=1002
09-01 14:31:29.063 I/BluetoothUtils( 8588): packagename is android.uid.bluetooth:1002 ,and its permission is false
09-01 14:31:29.063 D/BluetoothUtils( 8588): blockedByLocationOff callingUid=1002
09-01 14:31:29.064 I/BluetoothUtils( 8588): packagename is android.uid.bluetooth:1002 ,and its permission is false
09-01 14:31:29.064 D/BluetoothUtils( 8588): blockedByLocationOff callingUid=1002
09-01 14:31:29.064 I/BluetoothUtils( 8588): packagename is android.uid.bluetooth:1002 ,and its permission is false
09-01 14:31:29.072 V/bt_stack( 8588): [VERBOSE1:btm_ble_gap.cc(1923)] btm_ble_process_ext_adv_pkt: bda=6a:1a:31:28:a4:f8
09-01 14:31:29.072 V/bt_stack( 8588): [VERBOSE1:btm_ble_gap.cc(1847)] btm_ble_process_adv_addr: bda=6a:1a:31:28:a4:f8
09-01 14:31:29.073 D/BluetoothUtils( 8588): blockedByLocationOff callingUid=1002
09-01 14:31:29.073 I/BluetoothUtils( 8588): packagename is android.uid.bluetooth:1002 ,and its permission is false
09-01 14:31:29.073 D/BluetoothUtils( 8588): blockedByLocationOff callingUid=1002
09-01 14:31:29.074 I/BluetoothUtils( 8588): packagename is android.uid.bluetooth:1002 ,and its permission is false
09-01 14:31:29.074 D/BluetoothUtils( 8588): blockedByLocationOff callingUid=1002
09-01 14:31:29.074 I/BluetoothUtils( 8588): packagename is android.uid.bluetooth:1002 ,and its permission is false
09-01 14:31:29.077 V/bt_stack( 8588): [VERBOSE1:btm_ble_gap.cc(1923)] btm_ble_process_ext_adv_pkt: bda=17:7e:29:ab:4e:d0
09-01 14:31:29.077 V/bt_stack( 8588): [VERBOSE1:btm_ble_gap.cc(1847)] btm_ble_process_adv_addr: bda=17:7e:29:ab:4e:d0
09-01 14:31:29.078 D/BluetoothUtils( 8588): blockedByLocationOff callingUid=1002
09-01 14:31:29.078 I/BluetoothUtils( 8588): packagename is android.uid.bluetooth:1002 ,and its permission is false
09-01 14:31:29.079 D/BluetoothUtils( 8588): blockedByLocationOff callingUid=1002
09-01 14:31:29.079 I/BluetoothUtils( 8588): packagename is android.uid.bluetooth:1002 ,and its permission is false
09-01 14:31:29.079 D/BluetoothUtils( 8588): blockedByLocationOff callingUid=1002
09-01 14:31:29.079 I/BluetoothUtils( 8588): packagename is android.uid.bluetooth:1002 ,and its permission is false
09-01 14:31:29.086 V/bt_stack( 8588): [VERBOSE1:btm_ble_gap.cc(1923)] btm_ble_process_ext_adv_pkt: bda=12:f7:c7:df:cb:b1
09-01 14:31:29.086 V/bt_stack( 8588): [VERBOSE1:btm_ble_gap.cc(1847)] btm_ble_process_adv_addr: bda=12:f7:c7:df:cb:b1
09-01 14:31:29.087 D/BluetoothUtils( 8588): blockedByLocationOff callingUid=1002
09-01 14:31:29.087 I/BluetoothUtils( 8588): packagename is android.uid.bluetooth:1002 ,and its permission is false
09-01 14:31:29.088 D/BluetoothUtils( 8588): blockedByLocationOff callingUid=1002
09-01 14:31:29.088 I/BluetoothUtils( 8588): packagename is android.uid.bluetooth:1002 ,and its permission is false
09-01 14:31:29.088 D/BluetoothUtils( 8588): blockedByLocationOff callingUid=1002
09-01 14:31:29.088 I/BluetoothUtils( 8588): packagename is android.uid.bluetooth:1002 ,and its permission is false
09-01 14:31:29.110 V/bt_stack( 8588): [VERBOSE1:btm_ble_gap.cc(1923)] btm_ble_process_ext_adv_pkt: bda=6e:3b:40:73:ff:b3
09-01 14:31:29.111 V/bt_stack( 8588): [VERBOSE1:btm_ble_gap.cc(1847)] btm_ble_process_adv_addr: bda=6e:3b:40:73:ff:b3
09-01 14:31:29.111 V/bt_stack( 8588): [VERBOSE1:btm_ble_gap.cc(2052)]  Waiting for scan response 6e:3b:40:73:ff:b3
09-01 14:31:29.111 V/bt_stack( 8588): [VERBOSE1:btm_ble_gap.cc(1923)] btm_ble_process_ext_adv_pkt: bda=2a:99:8c:12:d1:b1
09-01 14:31:29.111 V/bt_stack( 8588): [VERBOSE1:btm_ble_gap.cc(1847)] btm_ble_process_adv_addr: bda=2a:99:8c:12:d1:b1
09-01 14:31:29.112 D/BluetoothUtils( 8588): blockedByLocationOff callingUid=1002
09-01 14:31:29.113 I/BluetoothUtils( 8588): packagename is android.uid.bluetooth:1002 ,and its permission is false
09-01 14:31:29.113 D/BluetoothUtils( 8588): blockedByLocationOff callingUid=1002
09-01 14:31:29.113 I/BluetoothUtils( 8588): packagename is android.uid.bluetooth:1002 ,and its permission is false
09-01 14:31:29.113 D/BluetoothUtils( 8588): blockedByLocationOff callingUid=1002
09-01 14:31:29.114 V/bt_stack( 8588): [VERBOSE1:btm_ble_gap.cc(1923)] btm_ble_process_ext_adv_pkt: bda=4b:2f:6d:75:86:77
09-01 14:31:29.114 V/bt_stack( 8588): [VERBOSE1:btm_ble_gap.cc(1847)] btm_ble_process_adv_addr: bda=4b:2f:6d:75:86:77
09-01 14:31:29.114 V/bt_stack( 8588): [VERBOSE1:btm_ble_gap.cc(2052)]  Waiting for scan response 4b:2f:6d:75:86:77
09-01 14:31:29.114 V/bt_stack( 8588): [VERBOSE1:btm_ble_gap.cc(1923)] btm_ble_process_ext_adv_pkt: bda=4b:2f:6d:75:86:77
09-01 14:31:29.114 V/bt_stack( 8588): [VERBOSE1:btm_ble_gap.cc(1847)] btm_ble_process_adv_addr: bda=4b:2f:6d:75:86:77
09-01 14:31:29.115 I/BluetoothUtils( 8588): packagename is android.uid.bluetooth:1002 ,and its permission is false
09-01 14:31:29.115 D/BluetoothUtils( 8588): blockedByLocationOff callingUid=1002
09-01 14:31:29.116 I/BluetoothUtils( 8588): packagename is android.uid.bluetooth:1002 ,and its permission is false
09-01 14:31:29.116 D/BluetoothUtils( 8588): blockedByLocationOff callingUid=1002
09-01 14:31:29.116 I/BluetoothUtils( 8588): packagename is android.uid.bluetooth:1002 ,and its permission is false
09-01 14:31:29.116 D/BluetoothUtils( 8588): blockedByLocationOff callingUid=1002
09-01 14:31:29.117 I/BluetoothUtils( 8588): packagename is android.uid.bluetooth:1002 ,and its permission is false
09-01 14:31:29.117 V/bt_stack( 8588): [VERBOSE1:btm_ble_gap.cc(1923)] btm_ble_process_ext_adv_pkt: bda=0c:1a:06:0e:96:57
09-01 14:31:29.117 V/bt_stack( 8588): [VERBOSE1:btm_ble_gap.cc(1847)] btm_ble_process_adv_addr: bda=0c:1a:06:0e:96:57
09-01 14:31:29.119 D/BluetoothUtils( 8588): blockedByLocationOff callingUid=1002
09-01 14:31:29.119 I/BluetoothUtils( 8588): packagename is android.uid.bluetooth:1002 ,and its permission is false
09-01 14:31:29.119 D/BluetoothUtils( 8588): blockedByLocationOff callingUid=1002
09-01 14:31:29.120 I/BluetoothUtils( 8588): packagename is android.uid.bluetooth:1002 ,and its permission is false
09-01 14:31:29.120 D/BluetoothUtils( 8588): blockedByLocationOff callingUid=1002
09-01 14:31:29.120 I/BluetoothUtils( 8588): packagename is android.uid.bluetooth:1002 ,and its permission is false
09-01 14:31:29.130 V/bt_stack( 8588): [VERBOSE1:btm_ble_gap.cc(1923)] btm_ble_process_ext_adv_pkt: bda=76:43:75:32:34:8f
09-01 14:31:29.130 V/bt_stack( 8588): [VERBOSE1:btm_ble_gap.cc(1847)] btm_ble_process_adv_addr: bda=76:43:75:32:34:8f
09-01 14:31:29.130 V/bt_stack( 8588): [VERBOSE1:btm_ble_gap.cc(2052)]  Waiting for scan response 76:43:75:32:34:8f
09-01 14:31:29.144 V/bt_stack( 8588): [VERBOSE1:btm_ble_gap.cc(1923)] btm_ble_process_ext_adv_pkt: bda=72:1f:5b:cb:e4:06
09-01 14:31:29.144 V/bt_stack( 8588): [VERBOSE1:btm_ble_gap.cc(1847)] btm_ble_process_adv_addr: bda=72:1f:5b:cb:e4:06
09-01 14:31:29.144 V/bt_stack( 8588): [VERBOSE1:btm_ble_gap.cc(2052)]  Waiting for scan response 72:1f:5b:cb:e4:06
09-01 14:31:29.144 V/bt_stack( 8588): [VERBOSE1:btm_ble_gap.cc(1923)] btm_ble_process_ext_adv_pkt: bda=36:c9:49:a0:b6:9d
09-01 14:31:29.144 V/bt_stack( 8588): [VERBOSE1:btm_ble_gap.cc(1847)] btm_ble_process_adv_addr: bda=36:c9:49:a0:b6:9d
09-01 14:31:29.145 V/bt_stack( 8588): [VERBOSE1:btm_ble_gap.cc(1923)] btm_ble_process_ext_adv_pkt: bda=3b:30:35:17:9e:fe
09-01 14:31:29.145 V/bt_stack( 8588): [VERBOSE1:btm_ble_gap.cc(1847)] btm_ble_process_adv_addr: bda=3b:30:35:17:9e:fe
09-01 14:31:29.146 D/BluetoothUtils( 8588): blockedByLocationOff callingUid=1002
09-01 14:31:29.146 I/BluetoothUtils( 8588): packagename is android.uid.bluetooth:1002 ,and its permission is false
09-01 14:31:29.146 D/BluetoothUtils( 8588): blockedByLocationOff callingUid=1002
09-01 14:31:29.147 V/bt_stack( 8588): [VERBOSE1:btm_ble_gap.cc(1923)] btm_ble_process_ext_adv_pkt: bda=0a:29:89:b7:c8:4a
09-01 14:31:29.147 V/bt_stack( 8588): [VERBOSE1:btm_ble_gap.cc(1847)] btm_ble_process_adv_addr: bda=0a:29:89:b7:c8:4a
09-01 14:31:29.147 I/BluetoothUtils( 8588): packagename is android.uid.bluetooth:1002 ,and its permission is false
09-01 14:31:29.147 D/BluetoothUtils( 8588): blockedByLocationOff callingUid=1002
09-01 14:31:29.147 I/BluetoothUtils( 8588): packagename is android.uid.bluetooth:1002 ,and its permission is false
09-01 14:31:29.148 D/BluetoothUtils( 8588): blockedByLocationOff callingUid=1002
09-01 14:31:29.148 I/BluetoothUtils( 8588): packagename is android.uid.bluetooth:1002 ,and its permission is false
09-01 14:31:29.148 D/BluetoothUtils( 8588): blockedByLocationOff callingUid=1002
09-01 14:31:29.149 I/BluetoothUtils( 8588): packagename is android.uid.bluetooth:1002 ,and its permission is false
09-01 14:31:29.149 D/BluetoothUtils( 8588): blockedByLocationOff callingUid=1002
09-01 14:31:29.149 I/BluetoothUtils( 8588): packagename is android.uid.bluetooth:1002 ,and its permission is false
09-01 14:31:29.150 D/BluetoothUtils( 8588): blockedByLocationOff callingUid=1002
09-01 14:31:29.150 I/BluetoothUtils( 8588): packagename is android.uid.bluetooth:1002 ,and its permission is false
09-01 14:31:29.150 D/BluetoothUtils( 8588): blockedByLocationOff callingUid=1002
09-01 14:31:29.150 I/BluetoothUtils( 8588): packagename is android.uid.bluetooth:1002 ,and its permission is false
09-01 14:31:29.150 D/BluetoothUtils( 8588): blockedByLocationOff callingUid=1002
09-01 14:31:29.151 I/BluetoothUtils( 8588): packagename is android.uid.bluetooth:1002 ,and its permission is false
09-01 14:31:29.155 V/bt_stack( 8588): [VERBOSE1:btm_ble_gap.cc(1923)] btm_ble_process_ext_adv_pkt: bda=5d:4a:e1:72:21:47
09-01 14:31:29.155 V/bt_stack( 8588): [VERBOSE1:btm_ble_gap.cc(1847)] btm_ble_process_adv_addr: bda=5d:4a:e1:72:21:47
09-01 14:31:29.155 V/bt_stack( 8588): [VERBOSE1:btm_ble_gap.cc(2052)]  Waiting for scan response 5d:4a:e1:72:21:47
09-01 14:31:29.155 V/bt_stack( 8588): [VERBOSE1:btm_ble_gap.cc(1923)] btm_ble_process_ext_adv_pkt: bda=5d:4a:e1:72:21:47
09-01 14:31:29.155 V/bt_stack( 8588): [VERBOSE1:btm_ble_gap.cc(1847)] btm_ble_process_adv_addr: bda=5d:4a:e1:72:21:47
09-01 14:31:29.156 D/BluetoothUtils( 8588): blockedByLocationOff callingUid=1002
09-01 14:31:29.156 I/BluetoothUtils( 8588): packagename is android.uid.bluetooth:1002 ,and its permission is false
09-01 14:31:29.157 D/BluetoothUtils( 8588): blockedByLocationOff callingUid=1002
09-01 14:31:29.157 I/BluetoothUtils( 8588): packagename is android.uid.bluetooth:1002 ,and its permission is false
09-01 14:31:29.157 D/BluetoothUtils( 8588): blockedByLocationOff callingUid=1002
09-01 14:31:29.157 I/BluetoothUtils( 8588): packagename is android.uid.bluetooth:1002 ,and its permission is false
09-01 14:31:29.159 V/bt_stack( 8588): [VERBOSE1:btm_ble_gap.cc(1923)] btm_ble_process_ext_adv_pkt: bda=17:be:83:99:5a:17
09-01 14:31:29.159 V/bt_stack( 8588): [VERBOSE1:btm_ble_gap.cc(1847)] btm_ble_process_adv_addr: bda=17:be:83:99:5a:17
09-01 14:31:29.160 D/BluetoothUtils( 8588): blockedByLocationOff callingUid=1002
09-01 14:31:29.160 I/BluetoothUtils( 8588): packagename is android.uid.bluetooth:1002 ,and its permission is false
09-01 14:31:29.161 D/BluetoothUtils( 8588): blockedByLocationOff callingUid=1002
09-01 14:31:29.161 I/BluetoothUtils( 8588): packagename is android.uid.bluetooth:1002 ,and its permission is false
09-01 14:31:29.161 D/BluetoothUtils( 8588): blockedByLocationOff callingUid=1002
09-01 14:31:29.161 I/BluetoothUtils( 8588): packagename is android.uid.bluetooth:1002 ,and its permission is false
09-01 14:31:29.175 V/bt_stack( 8588): [VERBOSE1:btm_ble_gap.cc(1923)] btm_ble_process_ext_adv_pkt: bda=6a:1a:31:28:a4:f8
09-01 14:31:29.175 V/bt_stack( 8588): [VERBOSE1:btm_ble_gap.cc(1847)] btm_ble_process_adv_addr: bda=6a:1a:31:28:a4:f8
09-01 14:31:29.176 D/BluetoothUtils( 8588): blockedByLocationOff callingUid=1002
09-01 14:31:29.177 I/BluetoothUtils( 8588): packagename is android.uid.bluetooth:1002 ,and its permission is false
09-01 14:31:29.177 V/bt_stack( 8588): [VERBOSE1:btm_ble_gap.cc(1923)] btm_ble_process_ext_adv_pkt: bda=17:7e:29:ab:4e:d0
09-01 14:31:29.177 V/bt_stack( 8588): [VERBOSE1:btm_ble_gap.cc(1847)] btm_ble_process_adv_addr: bda=17:7e:29:ab:4e:d0
09-01 14:31:29.177 D/BluetoothUtils( 8588): blockedByLocationOff callingUid=1002
09-01 14:31:29.178 I/BluetoothUtils( 8588): packagename is android.uid.bluetooth:1002 ,and its permission is false
09-01 14:31:29.178 D/BluetoothUtils( 8588): blockedByLocationOff callingUid=1002
09-01 14:31:29.178 V/bt_stack( 8588): [VERBOSE1:btm_ble_gap.cc(1923)] btm_ble_process_ext_adv_pkt: bda=06:fa:50:9b:39:c0
09-01 14:31:29.178 V/bt_stack( 8588): [VERBOSE1:btm_ble_gap.cc(1847)] btm_ble_process_adv_addr: bda=06:fa:50:9b:39:c0
09-01 14:31:29.178 I/BluetoothUtils( 8588): packagename is android.uid.bluetooth:1002 ,and its permission is false
09-01 14:31:29.179 D/BluetoothUtils( 8588): blockedByLocationOff callingUid=1002
09-01 14:31:29.179 I/BluetoothUtils( 8588): packagename is android.uid.bluetooth:1002 ,and its permission is false
09-01 14:31:29.179 D/BluetoothUtils( 8588): blockedByLocationOff callingUid=1002
09-01 14:31:29.180 I/BluetoothUtils( 8588): packagename is android.uid.bluetooth:1002 ,and its permission is false
09-01 14:31:29.180 D/BluetoothUtils( 8588): blockedByLocationOff callingUid=1002
09-01 14:31:29.180 I/BluetoothUtils( 8588): packagename is android.uid.bluetooth:1002 ,and its permission is false
09-01 14:31:29.181 D/BluetoothUtils( 8588): blockedByLocationOff callingUid=1002
09-01 14:31:29.181 I/BluetoothUtils( 8588): packagename is android.uid.bluetooth:1002 ,and its permission is false
09-01 14:31:29.181 D/BluetoothUtils( 8588): blockedByLocationOff callingUid=1002
09-01 14:31:29.182 V/bt_stack( 8588): [VERBOSE1:btm_ble_gap.cc(1923)] btm_ble_process_ext_adv_pkt: bda=c1:e5:1e:69:fb:26
09-01 14:31:29.182 V/bt_stack( 8588): [VERBOSE1:btm_ble_gap.cc(1847)] btm_ble_process_adv_addr: bda=c1:e5:1e:69:fb:26
09-01 14:31:29.182 V/bt_stack( 8588): [VERBOSE1:btm_ble_gap.cc(2052)]  Waiting for scan response c1:e5:1e:69:fb:26
09-01 14:31:29.182 V/bt_stack( 8588): [VERBOSE1:btm_ble_gap.cc(1923)] btm_ble_process_ext_adv_pkt: bda=c1:e5:1e:69:fb:26
09-01 14:31:29.182 I/BluetoothUtils( 8588): packagename is android.uid.bluetooth:1002 ,and its permission is false
09-01 14:31:29.182 V/bt_stack( 8588): [VERBOSE1:btm_ble_gap.cc(1847)] btm_ble_process_adv_addr: bda=c1:e5:1e:69:fb:26
09-01 14:31:29.182 D/BluetoothUtils( 8588): blockedByLocationOff callingUid=1002
09-01 14:31:29.182 I/BluetoothUtils( 8588): packagename is android.uid.bluetooth:1002 ,and its permission is false
09-01 14:31:29.183 D/BluetoothUtils( 8588): blockedByLocationOff callingUid=1002
09-01 14:31:29.183 I/BluetoothUtils( 8588): packagename is android.uid.bluetooth:1002 ,and its permission is false
09-01 14:31:29.183 D/BluetoothUtils( 8588): blockedByLocationOff callingUid=1002
09-01 14:31:29.184 I/BluetoothUtils( 8588): packagename is android.uid.bluetooth:1002 ,and its permission is false
09-01 14:31:29.184 D/BluetoothUtils( 8588): blockedByLocationOff callingUid=1002
09-01 14:31:29.184 V/bt_stack( 8588): [VERBOSE1:btm_ble_gap.cc(1923)] btm_ble_process_ext_adv_pkt: bda=0d:a0:9b:d0:d9:48
09-01 14:31:29.184 V/bt_stack( 8588): [VERBOSE1:btm_ble_gap.cc(1847)] btm_ble_process_adv_addr: bda=0d:a0:9b:d0:d9:48
09-01 14:31:29.184 I/BluetoothUtils( 8588): packagename is android.uid.bluetooth:1002 ,and its permission is false
09-01 14:31:29.185 D/BluetoothUtils( 8588): blockedByLocationOff callingUid=1002
09-01 14:31:29.185 I/BluetoothUtils( 8588): packagename is android.uid.bluetooth:1002 ,and its permission is false
09-01 14:31:29.185 D/BluetoothUtils( 8588): blockedByLocationOff callingUid=1002
09-01 14:31:29.185 I/BluetoothUtils( 8588): packagename is android.uid.bluetooth:1002 ,and its permission is false
09-01 14:31:29.186 D/BluetoothUtils( 8588): blockedByLocationOff callingUid=1002
09-01 14:31:29.186 I/BluetoothUtils( 8588): packagename is android.uid.bluetooth:1002 ,and its permission is false
09-01 14:31:29.187 V/bt_stack( 8588): [VERBOSE1:btm_ble_gap.cc(1923)] btm_ble_process_ext_adv_pkt: bda=12:f7:c7:df:cb:b1
09-01 14:31:29.187 V/bt_stack( 8588): [VERBOSE1:btm_ble_gap.cc(1847)] btm_ble_process_adv_addr: bda=12:f7:c7:df:cb:b1
09-01 14:31:29.188 D/BluetoothUtils( 8588): blockedByLocationOff callingUid=1002
09-01 14:31:29.188 I/BluetoothUtils( 8588): packagename is android.uid.bluetooth:1002 ,and its permission is false
09-01 14:31:29.188 D/BluetoothUtils( 8588): blockedByLocationOff callingUid=1002
09-01 14:31:29.189 I/BluetoothUtils( 8588): packagename is android.uid.bluetooth:1002 ,and its permission is false
09-01 14:31:29.189 D/BluetoothUtils( 8588): blockedByLocationOff callingUid=1002
09-01 14:31:29.189 I/BluetoothUtils( 8588): packagename is android.uid.bluetooth:1002 ,and its permission is false
09-01 14:31:29.192 V/bt_stack( 8588): [VERBOSE1:btm_ble_gap.cc(1923)] btm_ble_process_ext_adv_pkt: bda=38:f9:d3:45:87:1e
09-01 14:31:29.192 V/bt_stack( 8588): [VERBOSE1:btm_ble_gap.cc(1847)] btm_ble_process_adv_addr: bda=38:f9:d3:45:87:1e
09-01 14:31:29.192 V/bt_stack( 8588): [VERBOSE1:btm_ble_gap.cc(2052)]  Waiting for scan response 38:f9:d3:45:87:1e
09-01 14:31:29.192 V/bt_stack( 8588): [VERBOSE1:btm_ble_gap.cc(1923)] btm_ble_process_ext_adv_pkt: bda=38:f9:d3:45:87:1e
09-01 14:31:29.192 V/bt_stack( 8588): [VERBOSE1:btm_ble_gap.cc(1847)] btm_ble_process_adv_addr: bda=38:f9:d3:45:87:1e
09-01 14:31:29.193 D/BluetoothUtils( 8588): blockedByLocationOff callingUid=1002
09-01 14:31:29.194 I/BluetoothUtils( 8588): packagename is android.uid.bluetooth:1002 ,and its permission is false
09-01 14:31:29.194 D/BluetoothUtils( 8588): blockedByLocationOff callingUid=1002
09-01 14:31:29.194 I/BluetoothUtils( 8588): packagename is android.uid.bluetooth:1002 ,and its permission is false
09-01 14:31:29.194 D/BluetoothUtils( 8588): blockedByLocationOff callingUid=1002
09-01 14:31:29.194 I/BluetoothUtils( 8588): packagename is android.uid.bluetooth:1002 ,and its permission is false
09-01 14:31:29.197 V/bt_stack( 8588): [VERBOSE1:btm_ble_gap.cc(1923)] btm_ble_process_ext_adv_pkt: bda=75:55:30:69:5d:bf
09-01 14:31:29.197 V/bt_stack( 8588): [VERBOSE1:btm_ble_gap.cc(1847)] btm_ble_process_adv_addr: bda=75:55:30:69:5d:bf
09-01 14:31:29.197 V/bt_stack( 8588): [VERBOSE1:btm_ble_gap.cc(2052)]  Waiting for scan response 75:55:30:69:5d:bf
09-01 14:31:29.197 V/bt_stack( 8588): [VERBOSE1:btm_ble_gap.cc(1923)] btm_ble_process_ext_adv_pkt: bda=75:55:30:69:5d:bf
09-01 14:31:29.197 V/bt_stack( 8588): [VERBOSE1:btm_ble_gap.cc(1847)] btm_ble_process_adv_addr: bda=75:55:30:69:5d:bf
09-01 14:31:29.198 D/BluetoothUtils( 8588): blockedByLocationOff callingUid=1002
09-01 14:31:29.198 I/BluetoothUtils( 8588): packagename is android.uid.bluetooth:1002 ,and its permission is false
09-01 14:31:29.198 D/BluetoothUtils( 8588): blockedByLocationOff callingUid=1002
09-01 14:31:29.198 I/BluetoothUtils( 8588): packagename is android.uid.bluetooth:1002 ,and its permission is false
09-01 14:31:29.198 D/BluetoothUtils( 8588): blockedByLocationOff callingUid=1002
09-01 14:31:29.199 I/BluetoothUtils( 8588): packagename is android.uid.bluetooth:1002 ,and its permission is false
09-01 14:31:29.211 V/bt_stack( 8588): [VERBOSE1:btm_ble_gap.cc(1923)] btm_ble_process_ext_adv_pkt: bda=66:3e:07:e0:2b:d4
09-01 14:31:29.211 V/bt_stack( 8588): [VERBOSE1:btm_ble_gap.cc(1847)] btm_ble_process_adv_addr: bda=66:3e:07:e0:2b:d4
09-01 14:31:29.211 V/bt_stack( 8588): [VERBOSE1:btm_ble_gap.cc(2052)]  Waiting for scan response 66:3e:07:e0:2b:d4
09-01 14:31:29.211 V/bt_stack( 8588): [VERBOSE1:btm_ble_gap.cc(1923)] btm_ble_process_ext_adv_pkt: bda=66:3e:07:e0:2b:d4
09-01 14:31:29.211 V/bt_stack( 8588): [VERBOSE1:btm_ble_gap.cc(1847)] btm_ble_process_adv_addr: bda=66:3e:07:e0:2b:d4
09-01 14:31:29.212 D/BluetoothUtils( 8588): blockedByLocationOff callingUid=1002
09-01 14:31:29.212 I/BluetoothUtils( 8588): packagename is android.uid.bluetooth:1002 ,and its permission is false
09-01 14:31:29.212 D/BluetoothUtils( 8588): blockedByLocationOff callingUid=1002
09-01 14:31:29.213 I/BluetoothUtils( 8588): packagename is android.uid.bluetooth:1002 ,and its permission is false
09-01 14:31:29.213 D/BluetoothUtils( 8588): blockedByLocationOff callingUid=1002
09-01 14:31:29.213 I/BluetoothUtils( 8588): packagename is android.uid.bluetooth:1002 ,and its permission is false
09-01 14:31:29.214 V/bt_stack( 8588): [VERBOSE1:btm_ble_gap.cc(1923)] btm_ble_process_ext_adv_pkt: bda=07:e4:7f:b4:5f:d9
09-01 14:31:29.214 V/bt_stack( 8588): [VERBOSE1:btm_ble_gap.cc(1847)] btm_ble_process_adv_addr: bda=07:e4:7f:b4:5f:d9
09-01 14:31:29.215 D/BluetoothUtils( 8588): blockedByLocationOff callingUid=1002
09-01 14:31:29.215 I/BluetoothUtils( 8588): packagename is android.uid.bluetooth:1002 ,and its permission is false
09-01 14:31:29.216 D/BluetoothUtils( 8588): blockedByLocationOff callingUid=1002
09-01 14:31:29.216 I/BluetoothUtils( 8588): packagename is android.uid.bluetooth:1002 ,and its permission is false
09-01 14:31:29.216 D/BluetoothUtils( 8588): blockedByLocationOff callingUid=1002
09-01 14:31:29.216 I/BluetoothUtils( 8588): packagename is android.uid.bluetooth:1002 ,and its permission is false
09-01 14:31:29.237 V/bt_stack( 8588): [VERBOSE1:btm_ble_gap.cc(1923)] btm_ble_process_ext_adv_pkt: bda=78:4f:43:58:80:7a
09-01 14:31:29.237 V/bt_stack( 8588): [VERBOSE1:btm_ble_gap.cc(1847)] btm_ble_process_adv_addr: bda=78:4f:43:58:80:7a
09-01 14:31:29.237 V/bt_stack( 8588): [VERBOSE1:btm_ble_gap.cc(2052)]  Waiting for scan response 78:4f:43:58:80:7a
09-01 14:31:29.256 V/bt_stack( 8588): [VERBOSE1:btm_ble_gap.cc(1923)] btm_ble_process_ext_adv_pkt: bda=53:20:ff:cd:6c:a4
09-01 14:31:29.256 V/bt_stack( 8588): [VERBOSE1:btm_ble_gap.cc(1847)] btm_ble_process_adv_addr: bda=53:20:ff:cd:6c:a4
09-01 14:31:29.256 V/bt_stack( 8588): [VERBOSE1:btm_ble_gap.cc(2052)]  Waiting for scan response 53:20:ff:cd:6c:a4
09-01 14:31:29.256 V/bt_stack( 8588): [VERBOSE1:btm_ble_gap.cc(1923)] btm_ble_process_ext_adv_pkt: bda=66:db:a5:b4:54:91
09-01 14:31:29.256 V/bt_stack( 8588): [VERBOSE1:btm_ble_gap.cc(1847)] btm_ble_process_adv_addr: bda=66:db:a5:b4:54:91
09-01 14:31:29.256 V/bt_stack( 8588): [VERBOSE1:btm_ble_gap.cc(2052)]  Waiting for scan response 66:db:a5:b4:54:91
09-01 14:31:29.256 V/bt_stack( 8588): [VERBOSE1:btm_ble_gap.cc(1923)] btm_ble_process_ext_adv_pkt: bda=66:db:a5:b4:54:91
09-01 14:31:29.256 V/bt_stack( 8588): [VERBOSE1:btm_ble_gap.cc(1847)] btm_ble_process_adv_addr: bda=66:db:a5:b4:54:91
09-01 14:31:29.258 D/BluetoothUtils( 8588): blockedByLocationOff callingUid=1002
09-01 14:31:29.258 I/BluetoothUtils( 8588): packagename is android.uid.bluetooth:1002 ,and its permission is false
09-01 14:31:29.259 D/BluetoothUtils( 8588): blockedByLocationOff callingUid=1002
09-01 14:31:29.259 I/BluetoothUtils( 8588): packagename is android.uid.bluetooth:1002 ,and its permission is false
09-01 14:31:29.259 D/BluetoothUtils( 8588): blockedByLocationOff callingUid=1002
09-01 14:31:29.259 I/BluetoothUtils( 8588): packagename is android.uid.bluetooth:1002 ,and its permission is false
09-01 14:31:29.263 V/bt_stack( 8588): [VERBOSE1:btm_ble_gap.cc(1923)] btm_ble_process_ext_adv_pkt: bda=17:be:83:99:5a:17
09-01 14:31:29.263 V/bt_stack( 8588): [VERBOSE1:btm_ble_gap.cc(1847)] btm_ble_process_adv_addr: bda=17:be:83:99:5a:17
09-01 14:31:29.264 V/bt_stack( 8588): [VERBOSE1:btm_ble_gap.cc(1923)] btm_ble_process_ext_adv_pkt: bda=0b:95:8c:38:8d:43
09-01 14:31:29.264 V/bt_stack( 8588): [VERBOSE1:btm_ble_gap.cc(1847)] btm_ble_process_adv_addr: bda=0b:95:8c:38:8d:43
09-01 14:31:29.265 D/BluetoothUtils( 8588): blockedByLocationOff callingUid=1002
09-01 14:31:29.266 I/BluetoothUtils( 8588): packagename is android.uid.bluetooth:1002 ,and its permission is false
09-01 14:31:29.266 D/BluetoothUtils( 8588): blockedByLocationOff callingUid=1002
09-01 14:31:29.266 I/BluetoothUtils( 8588): packagename is android.uid.bluetooth:1002 ,and its permission is false
09-01 14:31:29.267 D/BluetoothUtils( 8588): blockedByLocationOff callingUid=1002
09-01 14:31:29.267 I/BluetoothUtils( 8588): packagename is android.uid.bluetooth:1002 ,and its permission is false
09-01 14:31:29.268 D/BluetoothUtils( 8588): blockedByLocationOff callingUid=1002
09-01 14:31:29.268 I/BluetoothUtils( 8588): packagename is android.uid.bluetooth:1002 ,and its permission is false
09-01 14:31:29.269 D/BluetoothUtils( 8588): blockedByLocationOff callingUid=1002
09-01 14:31:29.269 I/BluetoothUtils( 8588): packagename is android.uid.bluetooth:1002 ,and its permission is false
09-01 14:31:29.269 D/BluetoothUtils( 8588): blockedByLocationOff callingUid=1002
09-01 14:31:29.269 I/BluetoothUtils( 8588): packagename is android.uid.bluetooth:1002 ,and its permission is false
09-01 14:31:29.279 V/bt_stack( 8588): [VERBOSE1:btm_ble_gap.cc(1923)] btm_ble_process_ext_adv_pkt: bda=6a:1a:31:28:a4:f8
09-01 14:31:29.279 V/bt_stack( 8588): [VERBOSE1:btm_ble_gap.cc(1847)] btm_ble_process_adv_addr: bda=6a:1a:31:28:a4:f8
09-01 14:31:29.280 V/bt_stack( 8588): [VERBOSE1:btm_ble_gap.cc(1923)] btm_ble_process_ext_adv_pkt: bda=17:7e:29:ab:4e:d0
09-01 14:31:29.280 V/bt_stack( 8588): [VERBOSE1:btm_ble_gap.cc(1847)] btm_ble_process_adv_addr: bda=17:7e:29:ab:4e:d0
09-01 14:31:29.281 D/BluetoothUtils( 8588): blockedByLocationOff callingUid=1002
09-01 14:31:29.281 V/bt_stack( 8588): [VERBOSE1:btm_ble_gap.cc(1923)] btm_ble_process_ext_adv_pkt: bda=2a:1b:52:ac:62:5d
09-01 14:31:29.281 V/bt_stack( 8588): [VERBOSE1:btm_ble_gap.cc(1847)] btm_ble_process_adv_addr: bda=2a:1b:52:ac:62:5d
09-01 14:31:29.282 I/BluetoothUtils( 8588): packagename is android.uid.bluetooth:1002 ,and its permission is false
09-01 14:31:29.283 D/BluetoothUtils( 8588): blockedByLocationOff callingUid=1002
09-01 14:31:29.283 I/BluetoothUtils( 8588): packagename is android.uid.bluetooth:1002 ,and its permission is false
09-01 14:31:29.283 D/BluetoothUtils( 8588): blockedByLocationOff callingUid=1002
09-01 14:31:29.283 I/BluetoothUtils( 8588): packagename is android.uid.bluetooth:1002 ,and its permission is false
09-01 14:31:29.284 D/BluetoothUtils( 8588): blockedByLocationOff callingUid=1002
09-01 14:31:29.284 I/BluetoothUtils( 8588): packagename is android.uid.bluetooth:1002 ,and its permission is false
09-01 14:31:29.285 D/BluetoothUtils( 8588): blockedByLocationOff callingUid=1002
09-01 14:31:29.285 I/BluetoothUtils( 8588): packagename is android.uid.bluetooth:1002 ,and its permission is false
09-01 14:31:29.285 D/BluetoothUtils( 8588): blockedByLocationOff callingUid=1002
09-01 14:31:29.285 I/BluetoothUtils( 8588): packagename is android.uid.bluetooth:1002 ,and its permission is false
09-01 14:31:29.286 D/BluetoothUtils( 8588): blockedByLocationOff callingUid=1002
09-01 14:31:29.286 I/BluetoothUtils( 8588): packagename is android.uid.bluetooth:1002 ,and its permission is false
09-01 14:31:29.286 D/BluetoothUtils( 8588): blockedByLocationOff callingUid=1002
09-01 14:31:29.287 I/BluetoothUtils( 8588): packagename is android.uid.bluetooth:1002 ,and its permission is false
09-01 14:31:29.287 D/BluetoothUtils( 8588): blockedByLocationOff callingUid=1002
09-01 14:31:29.287 I/BluetoothUtils( 8588): packagename is android.uid.bluetooth:1002 ,and its permission is false
09-01 14:31:29.308 V/bt_stack( 8588): [VERBOSE1:btm_ble_gap.cc(1923)] btm_ble_process_ext_adv_pkt: bda=45:55:7e:66:6f:d0
