09-01 14:23:38.848 D/Avrcp_ext( 8588): AudioManager Player: ID:4087 -- type:android.media.MediaPlayer -- u/pid:10241/2627 -- state:stopped -- attr:AudioAttributes: usage=USAGE_MEDIA content=CONTENT_TYPE_MUSIC flags=0x800 tags= bundle=null
09-01 14:23:38.848 D/Avrcp_ext( 8588): AudioManager Player: ID:4031 -- type:android.media.SoundPool -- u/pid:10141/22367 -- state:idle -- attr:AudioAttributes: usage=USAGE_VOICEASSIST content=CONTENT_TYPE_VOICEASSIST flags=0x800 tags= bundle=null
09-01 14:23:38.849 D/Avrcp_ext( 8588): AudioManager isPlaying: false, mA2dpState: 11, isMusiActive: true
09-01 14:23:38.849 V/Avrcp_ext( 8588): updateCurrentMediaState: mMediaController: null
09-01 14:23:38.849 V/Avrcp_ext( 8588): isMusicActive: true getBluetoothPlayState: 2
09-01 14:23:38.849 V/Avrcp_ext( 8588): updateCurrentMediaState: isPlaying = false
09-01 14:23:38.849 V/Avrcp_ext( 8588): updateCurrentMediaState: mMediaController or getPlaybackState() null
09-01 14:23:38.849 V/Avrcp_ext( 8588): Media update: id -1-1? [MediaAttributes: none] : [MediaAttributes: none]
09-01 14:23:38.849 I/BluetoothUtils( 8588): packagename is android.uid.bluetooth:1002 ,and its permission is false
09-01 14:23:38.849 V/Avrcp_ext( 8588): newPlayStatus:2mReportedPlayStatus:-1
09-01 14:23:38.849 V/Avrcp_ext( 8588): updatePlaybackState, state: PlaybackState {state=2, position=-1, buffered position=0, speed=0.0, updated=595160178, actions=0, custom actions=[], active item id=-1, error=null} device: null
09-01 14:23:38.849 V/Avrcp_ext( 8588): Device: no name: 
09-01 14:23:38.849 I/chatty  ( 8588): uid=1002(bluetooth) BluetoothAvrcpH identical 3 lines
09-01 14:23:38.849 V/Avrcp_ext( 8588): Device: no name: 
09-01 14:23:38.849 D/BluetoothUtils( 8588): blockedByLocationOff callingUid=1002
09-01 14:23:38.849 V/Avrcp_ext( 8588): updatePlayerStateAndPosition, old=PlaybackState {state=2, position=-1, buffered position=0, speed=0.0, updated=595159904, actions=0, custom actions=[], active item id=-1, error=null}, state=PlaybackState {state=2, position=-1, buffered position=0, speed=0.0, updated=595160178, actions=0, custom actions=[], active item id=-1, error=null}
09-01 14:23:38.849 V/Avrcp_ext( 8588): old state = PlaybackState {state=2, position=-1, buffered position=0, speed=0.0, updated=595159904, actions=0, custom actions=[], active item id=-1, error=null}, new state= PlaybackState {state=2, position=-1, buffered position=0, speed=0.0, updated=595160178, actions=0, custom actions=[], active item id=-1, error=null}
09-01 14:23:38.849 D/HeadsetService( 8588): getHeadsetService(): returning com.android.bluetooth.hfp.HeadsetService@7ff1c71
09-01 14:23:38.849 D/HeadsetService( 8588):  isAudioOn: The number of audio connected devices 0
09-01 14:23:38.849 I/BluetoothUtils( 8588): packagename is android.uid.bluetooth:1002 ,and its permission is false
09-01 14:23:38.849 D/HeadsetService( 8588): isScoOrCallActive(): Call Active:falseCall is Ringing:falseSCO is Active:false
09-01 14:23:38.850 D/HeadsetService( 8588):  isAudioOn: The number of audio connected devices 0
09-01 14:23:38.850 I/Avrcp_ext( 8588): updatePlayStatusForDevice: device: null
09-01 14:23:38.850 V/Avrcp_ext( 8588): updatePlaybackState (1): old=PlaybackState {state=2, position=-1, buffered position=0, speed=0.0, updated=595159904, actions=0, custom actions=[], active item id=-1, error=null}(2), new=PlaybackState {state=2, position=-1, buffered position=0, speed=0.0, updated=595160178, actions=0, custom actions=[], active item id=-1, error=null}(2)
09-01 14:23:38.850 I/Avrcp_ext( 8588): Exit updatePlayStatusForDevice
09-01 14:23:38.850 D/HeadsetService( 8588):  isAudioOn: The number of audio connected devices 0
09-01 14:23:38.850 D/HeadsetService( 8588): isScoOrCallActive(): Call Active:falseCall is Ringing:falseSCO is Active:false
09-01 14:23:38.850 D/HeadsetService( 8588):  isAudioOn: The number of audio connected devices 0
09-01 14:23:38.850 I/Avrcp_ext( 8588): updatePlayStatusForDevice: device: null
09-01 14:23:38.850 V/Avrcp_ext( 8588): updatePlaybackState (1): old=PlaybackState {state=2, position=-1, buffered position=0, speed=0.0, updated=595159904, actions=0, custom actions=[], active item id=-1, error=null}(2), new=PlaybackState {state=2, position=-1, buffered position=0, speed=0.0, updated=595160178, actions=0, custom actions=[], active item id=-1, error=null}(2)
09-01 14:23:38.850 I/Avrcp_ext( 8588): Exit updatePlayStatusForDevice
09-01 14:23:38.851 D/HeadsetService( 8588):  isAudioOn: The number of audio connected devices 0
09-01 14:23:38.851 D/HeadsetService( 8588): isScoOrCallActive(): Call Active:falseCall is Ringing:falseSCO is Active:false
09-01 14:23:38.851 D/HeadsetService( 8588):  isAudioOn: The number of audio connected devices 0
09-01 14:23:38.851 I/Avrcp_ext( 8588): updatePlayStatusForDevice: device: null
09-01 14:23:38.851 V/Avrcp_ext( 8588): updatePlaybackState (1): old=PlaybackState {state=2, position=-1, buffered position=0, speed=0.0, updated=595159904, actions=0, custom actions=[], active item id=-1, error=null}(2), new=PlaybackState {state=2, position=-1, buffered position=0, speed=0.0, updated=595160178, actions=0, custom actions=[], active item id=-1, error=null}(2)
09-01 14:23:38.851 I/Avrcp_ext( 8588): Exit updatePlayStatusForDevice
09-01 14:23:38.851 D/NuPlayerDriver( 1118): stop(0xe6135180)
09-01 14:23:38.851 D/HeadsetService( 8588):  isAudioOn: The number of audio connected devices 0
09-01 14:23:38.851 D/HeadsetService( 8588): isScoOrCallActive(): Call Active:falseCall is Ringing:falseSCO is Active:false
09-01 14:23:38.851 D/HeadsetService( 8588):  isAudioOn: The number of audio connected devices 0
09-01 14:23:38.851 I/Avrcp_ext( 8588): updatePlayStatusForDevice: device: null
09-01 14:23:38.851 V/Avrcp_ext( 8588): updatePlaybackState (1): old=PlaybackState {state=2, position=-1, buffered position=0, speed=0.0, updated=595159904, actions=0, custom actions=[], active item id=-1, error=null}(2), new=PlaybackState {state=2, position=-1, buffered position=0, speed=0.0, updated=595160178, actions=0, custom actions=[], active item id=-1, error=null}(2)
09-01 14:23:38.851 I/Avrcp_ext( 8588): Exit updatePlayStatusForDevice
09-01 14:23:38.851 D/HeadsetService( 8588):  isAudioOn: The number of audio connected devices 0
09-01 14:23:38.851 D/HeadsetService( 8588): isScoOrCallActive(): Call Active:falseCall is Ringing:falseSCO is Active:false
09-01 14:23:38.852 V/MediaPlayer( 2627): resetDrmState:  mDrmInfo=null mDrmProvisioningThread=null mPrepareDrmInProgress=false mActiveDrmScheme=false
09-01 14:23:38.852 V/MediaPlayer( 2627): cleanDrmObj: mDrmObj=null mDrmSessionId=null
09-01 14:23:38.852 D/HeadsetService( 8588):  isAudioOn: The number of audio connected devices 0
09-01 14:23:38.852 I/Avrcp_ext( 8588): updatePlayStatusForDevice: device: null
09-01 14:23:38.852 V/Avrcp_ext( 8588): updatePlaybackState (1): old=PlaybackState {state=2, position=-1, buffered position=0, speed=0.0, updated=595159904, actions=0, custom actions=[], active item id=-1, error=null}(2), new=PlaybackState {state=2, position=-1, buffered position=0, speed=0.0, updated=595160178, actions=0, custom actions=[], active item id=-1, error=null}(2)
09-01 14:23:38.852 I/Avrcp_ext( 8588): Exit updatePlayStatusForDevice
09-01 14:23:38.852 D/Avrcp_ext( 8588): Enter sendPlayPosNotificationRsp
09-01 14:23:38.852 D/Avrcp_ext( 8588): sendPlayPosNotificationRsp: Not registered or requesting.
09-01 14:23:38.852 D/Avrcp_ext( 8588): Enter sendPlayPosNotificationRsp
09-01 14:23:38.852 D/Avrcp_ext( 8588): sendPlayPosNotificationRsp: Not registered or requesting.
09-01 14:23:38.852 D/Avrcp_ext( 8588): Enter sendPlayPosNotificationRsp
09-01 14:23:38.852 D/Avrcp_ext( 8588): sendPlayPosNotificationRsp: Not registered or requesting.
09-01 14:23:38.852 D/Avrcp_ext( 8588): Enter sendPlayPosNotificationRsp
09-01 14:23:38.852 D/Avrcp_ext( 8588): sendPlayPosNotificationRsp: Not registered or requesting.
09-01 14:23:38.852 D/Avrcp_ext( 8588): Enter sendPlayPosNotificationRsp
09-01 14:23:38.852 D/Avrcp_ext( 8588): sendPlayPosNotificationRsp: Not registered or requesting.
09-01 14:23:38.852 V/Avrcp_ext( 8588): Exit updatePlayerStateAndPosition
09-01 14:23:38.852 D/NuPlayerDriver( 1118): reset(0xe6135180) at state 8
09-01 14:23:38.853 V/bt_stack( 8588): [VERBOSE1:btm_ble_gap.cc(1923)] btm_ble_process_ext_adv_pkt: bda=6c:37:b5:6b:a1:b8
09-01 14:23:38.853 V/bt_stack( 8588): [VERBOSE1:btm_ble_gap.cc(1847)] btm_ble_process_adv_addr: bda=6c:37:b5:6b:a1:b8
09-01 14:23:38.853 V/bt_stack( 8588): [VERBOSE1:btm_ble_gap.cc(2052)]  Waiting for scan response 6c:37:b5:6b:a1:b8
09-01 14:23:38.854 V/bt_stack( 8588): [VERBOSE1:btm_ble_gap.cc(1923)] btm_ble_process_ext_adv_pkt: bda=56:23:e7:94:9e:a9
09-01 14:23:38.854 V/bt_stack( 8588): [VERBOSE1:btm_ble_gap.cc(1847)] btm_ble_process_adv_addr: bda=56:23:e7:94:9e:a9
09-01 14:23:38.854 V/bt_stack( 8588): [VERBOSE1:btm_ble_gap.cc(2052)]  Waiting for scan response 56:23:e7:94:9e:a9
09-01 14:23:38.854 V/bt_stack( 8588): [VERBOSE1:btm_ble_gap.cc(1923)] btm_ble_process_ext_adv_pkt: bda=56:23:e7:94:9e:a9
09-01 14:23:38.854 V/bt_stack( 8588): [VERBOSE1:btm_ble_gap.cc(1847)] btm_ble_process_adv_addr: bda=56:23:e7:94:9e:a9
09-01 14:23:38.854 D/AudioTrack( 1118):  pause(sessionID=4425)
09-01 14:23:38.855 D/BluetoothUtils( 8588): blockedByLocationOff callingUid=1002
09-01 14:23:38.855 D/Avrcp_ext( 8588): AudioManager Player: ID:4039 -- type:android.media.SoundPool -- u/pid:10141/22367 -- state:idle -- attr:AudioAttributes: usage=USAGE_VOICEASSIST content=CONTENT_TYPE_VOICEASSIST flags=0x800 tags= bundle=null
09-01 14:23:38.855 D/Avrcp_ext( 8588): AudioManager Player: ID:15 -- type:android.media.SoundPool -- u/pid:1000/1639 -- state:idle -- attr:AudioAttributes: usage=USAGE_ASSISTANCE_SONIFICATION content=CONTENT_TYPE_SONIFICATION flags=0x800 tags= bundle=null
09-01 14:23:38.855 D/Avrcp_ext( 8588): AudioManager Player: ID:47 -- type:OpenSL ES AudioPlayer (Buffer Queue) -- u/pid:10108/2503 -- state:stopped -- attr:AudioAttributes: usage=USAGE_MEDIA content=CONTENT_TYPE_UNKNOWN flags=0x0 tags= bundle=null
09-01 14:23:38.855 D/Avrcp_ext( 8588): AudioManager Player: ID:79 -- type:android.media.SoundPool -- u/pid:1027/4689 -- state:idle -- attr:AudioAttributes: usage=USAGE_NOTIFICATION content=CONTENT_TYPE_SONIFICATION flags=0x800 tags= bundle=null
09-01 14:23:38.855 D/Avrcp_ext( 8588): AudioManager Player: ID:3791 -- type:android.media.SoundPool -- u/pid:1000/29730 -- state:idle -- attr:AudioAttributes: usage=USAGE_ASSISTANCE_SONIFICATION content=CONTENT_TYPE_SONIFICATION flags=0x800 tags= bundle=null
09-01 14:23:38.855 D/Avrcp_ext( 8588): AudioManager Player: ID:4047 -- type:android.media.MediaPlayer -- u/pid:10241/2627 -- state:idle -- attr:AudioAttributes: usage=USAGE_UNKNOWN content=CONTENT_TYPE_UNKNOWN flags=0x800 tags= bundle=null
09-01 14:23:38.855 D/Avrcp_ext( 8588): AudioManager Player: ID:23 -- type:android.media.SoundPool -- u/pid:1000/1639 -- state:idle -- attr:AudioAttributes: usage=USAGE_ASSISTANCE_SONIFICATION content=CONTENT_TYPE_SONIFICATION flags=0x800 tags= bundle=null
09-01 14:23:38.855 D/Avrcp_ext( 8588): AudioManager Player: ID:279 -- type:android.media.SoundPool -- u/pid:10090/7676 -- state:idle -- attr:AudioAttributes: usage=USAGE_ASSISTANCE_SONIFICATION content=CONTENT_TYPE_SONIFICATION flags=0x800 tags= bundle=null
09-01 14:23:38.855 I/BluetoothUtils( 8588): packagename is android.uid.bluetooth:1002 ,and its permission is false
09-01 14:23:38.855 D/Avrcp_ext( 8588): AudioManager Player: ID:4023 -- type:android.media.SoundPool -- u/pid:10141/22367 -- state:idle -- attr:AudioAttributes: usage=USAGE_VOICE_COMMUNICATION content=CONTENT_TYPE_SPEECH flags=0x800 tags= bundle=null
09-01 14:23:38.855 D/Avrcp_ext( 8588): AudioManager Player: ID:4055 -- type:android.media.MediaPlayer -- u/pid:10241/2627 -- state:idle -- attr:AudioAttributes: usage=USAGE_UNKNOWN content=CONTENT_TYPE_UNKNOWN flags=0x800 tags= bundle=null
09-01 14:23:38.855 D/Avrcp_ext( 8588): AudioManager Player: ID:4031 -- type:android.media.SoundPool -- u/pid:10141/22367 -- state:idle -- attr:AudioAttributes: usage=USAGE_VOICEASSIST content=CONTENT_TYPE_VOICEASSIST flags=0x800 tags= bundle=null
09-01 14:23:38.855 D/BluetoothUtils( 8588): blockedByLocationOff callingUid=1002
09-01 14:23:38.855 D/Avrcp_ext( 8588): AudioManager isPlaying: false, mA2dpState: 11, isMusiActive: true
09-01 14:23:38.855 D/AudioTrack( 1118): stop(sessionID=4425)
09-01 14:23:38.855 I/BluetoothUtils( 8588): packagename is android.uid.bluetooth:1002 ,and its permission is false
09-01 14:23:38.855 D/BluetoothUtils( 8588): blockedByLocationOff callingUid=1002
09-01 14:23:38.856 I/BluetoothUtils( 8588): packagename is android.uid.bluetooth:1002 ,and its permission is false
09-01 14:23:38.856 D/PowerKeeper.Active( 6417): remove active uid = 10241, type = 1, new=0
09-01 14:23:38.856 I/PowerCheckerService( 6417): uid:10241change to inactive
09-01 14:23:38.856 D/PowerChecker.BaStats( 6417): notifyAudioStatusChangedLocked, uid = 10241, audioOn = false
09-01 14:23:38.857 I/AppActiveChecker( 6417): uid:10241change to inactive
09-01 14:23:38.857 D/AppActiveChecker( 6417): updateDownloadStateForUidResetPolicyLocked, uid = 10241
09-01 14:23:38.864 V/bt_stack( 8588): [VERBOSE1:btm_ble_gap.cc(1923)] btm_ble_process_ext_adv_pkt: bda=5c:29:57:19:d9:ea
09-01 14:23:38.864 V/bt_stack( 8588): [VERBOSE1:btm_ble_gap.cc(1847)] btm_ble_process_adv_addr: bda=5c:29:57:19:d9:ea
09-01 14:23:38.865 D/AudioTrack( 1118): ~AudioTrack(sessionID=4425)
09-01 14:23:38.865 E/AudioSystem( 1118): invalid attributes { Content type: AUDIO_CONTENT_TYPE_UNKNOWN Usage: AUDIO_USAGE_UNKNOWN Source: -1 Flags: 0x800 Tags:  } when converting to stream
09-01 14:23:38.865 D/AudioTrack( 1118): stop(sessionID=4425)
09-01 14:23:38.865 D/BluetoothUtils( 8588): blockedByLocationOff callingUid=1002
09-01 14:23:38.866 I/BluetoothUtils( 8588): packagename is android.uid.bluetooth:1002 ,and its permission is false
09-01 14:23:38.866 D/BluetoothUtils( 8588): blockedByLocationOff callingUid=1002
09-01 14:23:38.866 I/BluetoothUtils( 8588): packagename is android.uid.bluetooth:1002 ,and its permission is false
09-01 14:23:38.866 D/BluetoothUtils( 8588): blockedByLocationOff callingUid=1002
09-01 14:23:38.867 I/BluetoothUtils( 8588): packagename is android.uid.bluetooth:1002 ,and its permission is false
09-01 14:23:38.869 D/msm8974_platform(  771): platform_split_snd_device: snd_device(2) num devices(1) new_snd_devices(0)
09-01 14:23:38.869 D/ACDB-LOADER(  771): ACDB -> send_audvoltable
09-01 14:23:38.869 D/ACDB-LOADER(  771): ACDB -> ACDB_CMD_GET_AUDPROC_INSTANCE_GAIN_DEP_STEP_TABLE_SIZE
09-01 14:23:38.869 D/ACDB-LOADER(  771): ACDB -> ACDB_CMD_GET_AUDPROC_INSTANCE_GAIN_DEP_STEP_TABLE, vol index 0
09-01 14:23:38.869 D/ACDB-LOADER(  771): ACDB -> AUDIO_SET_VOL_CAL cal type = 40
09-01 14:23:38.869 D/NuPlayerDriver( 1118): notifyResetComplete(0xe6135180)
09-01 14:23:38.869 W/msm8974_platform(  771): platform_send_gain_dep_cal: Usecase list is empty
09-01 14:23:38.870 D/APM_AudioPolicyManager(  849): stopOutput portId 217
09-01 14:23:38.870 D/APM_AudioPolicyManager(  849): stopOutput() output 13, stream 3, session 4425
09-01 14:23:38.870 D/APM_AudioPolicyManager(  849): getNewOutputDevices selected devices AUDIO_DEVICE_NONE
09-01 14:23:38.870 D/APM_AudioPolicyManager(  849): setOutputDevices device AUDIO_DEVICE_NONE delayMs 96 force 0
09-01 14:23:38.871 W/AMessage( 1118): failed to post message as target looper for handler 0 is gone.
09-01 14:23:38.871 D/APM_AudioPolicyManager(  849): setOutputDevices setting same device AUDIO_DEVICE_NONE or null device, force=0, patch handle=4
09-01 14:23:38.871 D/msm8974_platform(  771): platform_split_snd_device: snd_device(2) num devices(1) new_snd_devices(0)
09-01 14:23:38.871 W/msm8974_platform(  771): platform_send_gain_dep_cal: Usecase list is empty
09-01 14:23:38.871 D/APM_AudioPolicyManager(  849): releaseOutput() 13
09-01 14:23:38.871 W/MediaPlayer( 2627): mediaplayer went away with unhandled events
09-01 14:23:38.871 W/MediaPlayer( 2627): mediaplayer went away with unhandled events
09-01 14:23:38.872 E/MediaPlayerNative( 2627): stop called in state 1, mPlayer(0x0)
09-01 14:23:38.872 E/MediaPlayerNative( 2627): error (-38, 0)
09-01 14:23:38.872 E/MediaPlayer( 2627): Error (-38,0)
09-01 14:23:38.872 V/MediaPlayer( 2627): resetDrmState:  mDrmInfo=null mDrmProvisioningThread=null mPrepareDrmInProgress=false mActiveDrmScheme=false
09-01 14:23:38.872 V/MediaPlayer( 2627): cleanDrmObj: mDrmObj=null mDrmSessionId=null
09-01 14:23:38.874 D/NuPlayerDriver( 1118): NuPlayerDriver(0xe6135a00) created, clientPid(2627)
09-01 14:23:38.874 D/Avrcp_ext( 8588): AudioManager Player: ID:4039 -- type:android.media.SoundPool -- u/pid:10141/22367 -- state:idle -- attr:AudioAttributes: usage=USAGE_VOICEASSIST content=CONTENT_TYPE_VOICEASSIST flags=0x800 tags= bundle=null
09-01 14:23:38.874 D/Avrcp_ext( 8588): AudioManager Player: ID:15 -- type:android.media.SoundPool -- u/pid:1000/1639 -- state:idle -- attr:AudioAttributes: usage=USAGE_ASSISTANCE_SONIFICATION content=CONTENT_TYPE_SONIFICATION flags=0x800 tags= bundle=null
09-01 14:23:38.874 D/Avrcp_ext( 8588): AudioManager Player: ID:47 -- type:OpenSL ES AudioPlayer (Buffer Queue) -- u/pid:10108/2503 -- state:stopped -- attr:AudioAttributes: usage=USAGE_MEDIA content=CONTENT_TYPE_UNKNOWN flags=0x0 tags= bundle=null
09-01 14:23:38.874 D/Avrcp_ext( 8588): AudioManager Player: ID:79 -- type:android.media.SoundPool -- u/pid:1027/4689 -- state:idle -- attr:AudioAttributes: usage=USAGE_NOTIFICATION content=CONTENT_TYPE_SONIFICATION flags=0x800 tags= bundle=null
09-01 14:23:38.874 D/Avrcp_ext( 8588): AudioManager Player: ID:3791 -- type:android.media.SoundPool -- u/pid:1000/29730 -- state:idle -- attr:AudioAttributes: usage=USAGE_ASSISTANCE_SONIFICATION content=CONTENT_TYPE_SONIFICATION flags=0x800 tags= bundle=null
09-01 14:23:38.874 D/Avrcp_ext( 8588): AudioManager Player: ID:4047 -- type:android.media.MediaPlayer -- u/pid:10241/2627 -- state:stopped -- attr:AudioAttributes: usage=USAGE_UNKNOWN content=CONTENT_TYPE_UNKNOWN flags=0x800 tags= bundle=null
09-01 14:23:38.874 D/Avrcp_ext( 8588): AudioManager Player: ID:23 -- type:android.media.SoundPool -- u/pid:1000/1639 -- state:idle -- attr:AudioAttributes: usage=USAGE_ASSISTANCE_SONIFICATION content=CONTENT_TYPE_SONIFICATION flags=0x800 tags= bundle=null
09-01 14:23:38.874 D/Avrcp_ext( 8588): AudioManager Player: ID:279 -- type:android.media.SoundPool -- u/pid:10090/7676 -- state:idle -- attr:AudioAttributes: usage=USAGE_ASSISTANCE_SONIFICATION content=CONTENT_TYPE_SONIFICATION flags=0x800 tags= bundle=null
09-01 14:23:38.874 D/Avrcp_ext( 8588): AudioManager Player: ID:4023 -- type:android.media.SoundPool -- u/pid:10141/22367 -- state:idle -- attr:AudioAttributes: usage=USAGE_VOICE_COMMUNICATION content=CONTENT_TYPE_SPEECH flags=0x800 tags= bundle=null
09-01 14:23:38.874 D/Avrcp_ext( 8588): AudioManager Player: ID:4055 -- type:android.media.MediaPlayer -- u/pid:10241/2627 -- state:idle -- attr:AudioAttributes: usage=USAGE_UNKNOWN content=CONTENT_TYPE_UNKNOWN flags=0x800 tags= bundle=null
09-01 14:23:38.874 D/Avrcp_ext( 8588): AudioManager Player: ID:4031 -- type:android.media.SoundPool -- u/pid:10141/22367 -- state:idle -- attr:AudioAttributes: usage=USAGE_VOICEASSIST content=CONTENT_TYPE_VOICEASSIST flags=0x800 tags= bundle=null
09-01 14:23:38.874 D/Avrcp_ext( 8588): AudioManager isPlaying: false, mA2dpState: 11, isMusiActive: false
09-01 14:23:38.874 D/Avrcp_ext( 8588): AudioManager Player: ID:4039 -- type:android.media.SoundPool -- u/pid:10141/22367 -- state:idle -- attr:AudioAttributes: usage=USAGE_VOICEASSIST content=CONTENT_TYPE_VOICEASSIST flags=0x800 tags= bundle=null
09-01 14:23:38.874 D/Avrcp_ext( 8588): AudioManager Player: ID:15 -- type:android.media.SoundPool -- u/pid:1000/1639 -- state:idle -- attr:AudioAttributes: usage=USAGE_ASSISTANCE_SONIFICATION content=CONTENT_TYPE_SONIFICATION flags=0x800 tags= bundle=null
09-01 14:23:38.874 D/Avrcp_ext( 8588): AudioManager Player: ID:47 -- type:OpenSL ES AudioPlayer (Buffer Queue) -- u/pid:10108/2503 -- state:stopped -- attr:AudioAttributes: usage=USAGE_MEDIA content=CONTENT_TYPE_UNKNOWN flags=0x0 tags= bundle=null
09-01 14:23:38.874 D/Avrcp_ext( 8588): AudioManager Player: ID:79 -- type:android.media.SoundPool -- u/pid:1027/4689 -- state:idle -- attr:AudioAttributes: usage=USAGE_NOTIFICATION content=CONTENT_TYPE_SONIFICATION flags=0x800 tags= bundle=null
09-01 14:23:38.874 D/Avrcp_ext( 8588): AudioManager Player: ID:3791 -- type:android.media.SoundPool -- u/pid:1000/29730 -- state:idle -- attr:AudioAttributes: usage=USAGE_ASSISTANCE_SONIFICATION content=CONTENT_TYPE_SONIFICATION flags=0x800 tags= bundle=null
09-01 14:23:38.874 D/Avrcp_ext( 8588): AudioManager Player: ID:23 -- type:android.media.SoundPool -- u/pid:1000/1639 -- state:idle -- attr:AudioAttributes: usage=USAGE_ASSISTANCE_SONIFICATION content=CONTENT_TYPE_SONIFICATION flags=0x800 tags= bundle=null
09-01 14:23:38.875 D/Avrcp_ext( 8588): AudioManager Player: ID:279 -- type:android.media.SoundPool -- u/pid:10090/7676 -- state:idle -- attr:AudioAttributes: usage=USAGE_ASSISTANCE_SONIFICATION content=CONTENT_TYPE_SONIFICATION flags=0x800 tags= bundle=null
09-01 14:23:38.875 D/Avrcp_ext( 8588): AudioManager Player: ID:4023 -- type:android.media.SoundPool -- u/pid:10141/22367 -- state:idle -- attr:AudioAttributes: usage=USAGE_VOICE_COMMUNICATION content=CONTENT_TYPE_SPEECH flags=0x800 tags= bundle=null
09-01 14:23:38.875 D/Avrcp_ext( 8588): AudioManager Player: ID:4055 -- type:android.media.MediaPlayer -- u/pid:10241/2627 -- state:idle -- attr:AudioAttributes: usage=USAGE_UNKNOWN content=CONTENT_TYPE_UNKNOWN flags=0x800 tags= bundle=null
09-01 14:23:38.875 D/Avrcp_ext( 8588): AudioManager Player: ID:4031 -- type:android.media.SoundPool -- u/pid:10141/22367 -- state:idle -- attr:AudioAttributes: usage=USAGE_VOICEASSIST content=CONTENT_TYPE_VOICEASSIST flags=0x800 tags= bundle=null
09-01 14:23:38.875 D/Avrcp_ext( 8588): AudioManager isPlaying: false, mA2dpState: 11, isMusiActive: false
09-01 14:23:38.876 I/Codec2Client( 1118): Creating a Codec2 client to service "software"
09-01 14:23:38.877 I/Codec2Client( 1118): Client to Codec2 service "software" created
09-01 14:23:38.878 I/Codec2Client( 1118): Creating a Codec2 client to service "default"
09-01 14:23:38.878 V/bt_stack( 8588): [VERBOSE1:btm_ble_gap.cc(1923)] btm_ble_process_ext_adv_pkt: bda=18:81:0e:e0:a8:6d
09-01 14:23:38.879 V/bt_stack( 8588): [VERBOSE1:btm_ble_gap.cc(1847)] btm_ble_process_adv_addr: bda=18:81:0e:e0:a8:6d
09-01 14:23:38.879 V/bt_stack( 8588): [VERBOSE1:btm_ble_gap.cc(2052)]  Waiting for scan response 18:81:0e:e0:a8:6d
09-01 14:23:38.879 I/Codec2Client( 1118): Client to Codec2 service "default" created
09-01 14:23:38.881 E/AudioSystem( 1118): invalid attributes { Content type: AUDIO_CONTENT_TYPE_UNKNOWN Usage: AUDIO_USAGE_UNKNOWN Source: -1 Flags: 0x800 Tags:  } when converting to stream
09-01 14:23:38.885 V/bt_stack( 8588): [VERBOSE1:btm_ble_gap.cc(1923)] btm_ble_process_ext_adv_pkt: bda=4f:72:c0:18:5e:ff
09-01 14:23:38.885 V/bt_stack( 8588): [VERBOSE1:btm_ble_gap.cc(1847)] btm_ble_process_adv_addr: bda=4f:72:c0:18:5e:ff
09-01 14:23:38.885 V/bt_stack( 8588): [VERBOSE1:btm_ble_gap.cc(2052)]  Waiting for scan response 4f:72:c0:18:5e:ff
09-01 14:23:38.885 V/bt_stack( 8588): [VERBOSE1:btm_ble_gap.cc(1923)] btm_ble_process_ext_adv_pkt: bda=30:b8:83:fe:c9:1f
09-01 14:23:38.885 V/bt_stack( 8588): [VERBOSE1:btm_ble_gap.cc(1847)] btm_ble_process_adv_addr: bda=30:b8:83:fe:c9:1f
09-01 14:23:38.886 D/GenericSource( 1118): FileSource remote
09-01 14:23:38.886 D/BluetoothUtils( 8588): blockedByLocationOff callingUid=1002
09-01 14:23:38.886 I/BluetoothUtils( 8588): packagename is android.uid.bluetooth:1002 ,and its permission is false
09-01 14:23:38.886 D/BluetoothUtils( 8588): blockedByLocationOff callingUid=1002
09-01 14:23:38.886 V/bt_stack( 8588): [VERBOSE1:btm_ble_gap.cc(1923)] btm_ble_process_ext_adv_pkt: bda=0a:29:89:b7:c8:4a
09-01 14:23:38.886 V/bt_stack( 8588): [VERBOSE1:btm_ble_gap.cc(1847)] btm_ble_process_adv_addr: bda=0a:29:89:b7:c8:4a
09-01 14:23:38.887 I/BluetoothUtils( 8588): packagename is android.uid.bluetooth:1002 ,and its permission is false
09-01 14:23:38.887 D/BluetoothUtils( 8588): blockedByLocationOff callingUid=1002
09-01 14:23:38.887 I/BluetoothUtils( 8588): packagename is android.uid.bluetooth:1002 ,and its permission is false
09-01 14:23:38.888 D/BluetoothUtils( 8588): blockedByLocationOff callingUid=1002
09-01 14:23:38.888 I/BluetoothUtils( 8588): packagename is android.uid.bluetooth:1002 ,and its permission is false
09-01 14:23:38.888 D/BluetoothUtils( 8588): blockedByLocationOff callingUid=1002
09-01 14:23:38.888 I/BluetoothUtils( 8588): packagename is android.uid.bluetooth:1002 ,and its permission is false
09-01 14:23:38.888 D/BluetoothUtils( 8588): blockedByLocationOff callingUid=1002
09-01 14:23:38.889 I/BluetoothUtils( 8588): packagename is android.uid.bluetooth:1002 ,and its permission is false
09-01 14:23:38.889 I/MMParserExtractor( 1115): Created(0x2c074de830)
09-01 14:23:38.890 V/bt_stack( 8588): [VERBOSE1:btm_ble_gap.cc(1923)] btm_ble_process_ext_adv_pkt: bda=12:1c:38:cd:04:e8
09-01 14:23:38.890 V/bt_stack( 8588): [VERBOSE1:btm_ble_gap.cc(1847)] btm_ble_process_adv_addr: bda=12:1c:38:cd:04:e8
09-01 14:23:38.891 D/BluetoothUtils( 8588): blockedByLocationOff callingUid=1002
09-01 14:23:38.891 W/        ( 1115): dropping start parameters:
09-01 14:23:38.891 I/MetaDataBase( 1115): extf: (int32_t) 2
09-01 14:23:38.891 I/BluetoothUtils( 8588): packagename is android.uid.bluetooth:1002 ,and its permission is false
09-01 14:23:38.891 W/BpMediaSource( 1118): ignoring potentially modified MetaData from start
09-01 14:23:38.891 W/BpMediaSource( 1118): input:
09-01 14:23:38.891 I/MetaDataBase( 1118): extf: (int32_t) 2
09-01 14:23:38.891 D/BluetoothUtils( 8588): blockedByLocationOff callingUid=1002
09-01 14:23:38.891 W/BpMediaSource( 1118): output:
09-01 14:23:38.891 I/MetaDataBase( 1118): extf: (int32_t) 2
09-01 14:23:38.891 I/BluetoothUtils( 8588): packagename is android.uid.bluetooth:1002 ,and its permission is false
09-01 14:23:38.891 D/BluetoothUtils( 8588): blockedByLocationOff callingUid=1002
09-01 14:23:38.892 I/BluetoothUtils( 8588): packagename is android.uid.bluetooth:1002 ,and its permission is false
09-01 14:23:38.897 D/Avrcp_ext( 8588): AudioManager Player: ID:4039 -- type:android.media.SoundPool -- u/pid:10141/22367 -- state:idle -- attr:AudioAttributes: usage=USAGE_VOICEASSIST content=CONTENT_TYPE_VOICEASSIST flags=0x800 tags= bundle=null
09-01 14:23:38.897 D/Avrcp_ext( 8588): AudioManager Player: ID:15 -- type:android.media.SoundPool -- u/pid:1000/1639 -- state:idle -- attr:AudioAttributes: usage=USAGE_ASSISTANCE_SONIFICATION content=CONTENT_TYPE_SONIFICATION flags=0x800 tags= bundle=null
09-01 14:23:38.897 D/Avrcp_ext( 8588): AudioManager Player: ID:47 -- type:OpenSL ES AudioPlayer (Buffer Queue) -- u/pid:10108/2503 -- state:stopped -- attr:AudioAttributes: usage=USAGE_MEDIA content=CONTENT_TYPE_UNKNOWN flags=0x0 tags= bundle=null
09-01 14:23:38.897 D/Avrcp_ext( 8588): AudioManager Player: ID:79 -- type:android.media.SoundPool -- u/pid:1027/4689 -- state:idle -- attr:AudioAttributes: usage=USAGE_NOTIFICATION content=CONTENT_TYPE_SONIFICATION flags=0x800 tags= bundle=null
09-01 14:23:38.897 D/Avrcp_ext( 8588): AudioManager Player: ID:3791 -- type:android.media.SoundPool -- u/pid:1000/29730 -- state:idle -- attr:AudioAttributes: usage=USAGE_ASSISTANCE_SONIFICATION content=CONTENT_TYPE_SONIFICATION flags=0x800 tags= bundle=null
09-01 14:23:38.897 D/Avrcp_ext( 8588): AudioManager Player: ID:23 -- type:android.media.SoundPool -- u/pid:1000/1639 -- state:idle -- attr:AudioAttributes: usage=USAGE_ASSISTANCE_SONIFICATION content=CONTENT_TYPE_SONIFICATION flags=0x800 tags= bundle=null
09-01 14:23:38.897 D/Avrcp_ext( 8588): AudioManager Player: ID:279 -- type:android.media.SoundPool -- u/pid:10090/7676 -- state:idle -- attr:AudioAttributes: usage=USAGE_ASSISTANCE_SONIFICATION content=CONTENT_TYPE_SONIFICATION flags=0x800 tags= bundle=null
09-01 14:23:38.897 D/Avrcp_ext( 8588): AudioManager Player: ID:4023 -- type:android.media.SoundPool -- u/pid:10141/22367 -- state:idle -- attr:AudioAttributes: usage=USAGE_VOICE_COMMUNICATION content=CONTENT_TYPE_SPEECH flags=0x800 tags= bundle=null
09-01 14:23:38.897 D/Avrcp_ext( 8588): AudioManager Player: ID:4055 -- type:android.media.MediaPlayer -- u/pid:10241/2627 -- state:idle -- attr:AudioAttributes: usage=USAGE_UNKNOWN content=CONTENT_TYPE_UNKNOWN flags=0x800 tags= bundle=null
09-01 14:23:38.897 D/Avrcp_ext( 8588): AudioManager Player: ID:4031 -- type:android.media.SoundPool -- u/pid:10141/22367 -- state:idle -- attr:AudioAttributes: usage=USAGE_VOICEASSIST content=CONTENT_TYPE_VOICEASSIST flags=0x800 tags= bundle=null
09-01 14:23:38.897 D/Avrcp_ext( 8588): AudioManager Player: ID:4095 -- type:android.media.MediaPlayer -- u/pid:10241/2627 -- state:started -- attr:AudioAttributes: usage=USAGE_UNKNOWN content=CONTENT_TYPE_UNKNOWN flags=0x800 tags= bundle=null
09-01 14:23:38.898 D/Avrcp_ext( 8588): AudioManager isPlaying: true, mA2dpState: 11, isMusiActive: false
09-01 14:23:38.898 V/Avrcp_ext( 8588): updateCurrentMediaState: mMediaController: null
09-01 14:23:38.898 V/Avrcp_ext( 8588): isMusicActive: false getBluetoothPlayState: 2
09-01 14:23:38.898 V/Avrcp_ext( 8588): updateCurrentMediaState: isPlaying = false
09-01 14:23:38.898 V/Avrcp_ext( 8588): updateCurrentMediaState: mMediaController or getPlaybackState() null
09-01 14:23:38.898 V/Avrcp_ext( 8588): Media update: id -1-1? [MediaAttributes: none] : [MediaAttributes: none]
09-01 14:23:38.898 V/Avrcp_ext( 8588): newPlayStatus:2mReportedPlayStatus:-1
09-01 14:23:38.899 I/GenericSource( 1118): start
09-01 14:23:38.900 D/PowerKeeper.Active( 6417): add active uid = 10241, type = 1
09-01 14:23:38.900 I/PowerCheckerService( 6417): uid:10241 change to active
09-01 14:23:38.900 D/PowerChecker.BaStats( 6417): notifyAudioStatusChangedLocked, uid = 10241, audioOn = true
09-01 14:23:38.900 I/AppActiveChecker( 6417): uid:10241 change to active
09-01 14:23:38.900 W/Utils   ( 1118): track of type 'audio/mpeg' does not publish channel mask, channel count 1
09-01 14:23:38.900 V/AudioPolicyManagerCustom(  849): isOffloadSupported: SR=48000, CM=0x1, Format=0x1000000, StreamType=3, BitRate=128000, duration=552000 us, has_video=0
09-01 14:23:38.900 V/AudioPolicyManagerCustom(  849): Offload denied by duration < audio.offload.min.duration.secs(=30)
09-01 14:23:38.901 V/Avrcp_ext( 8588): updatePlaybackState, state: PlaybackState {state=2, position=-1, buffered position=0, speed=0.0, updated=595160227, actions=0, custom actions=[], active item id=-1, error=null} device: null
09-01 14:23:38.901 V/Avrcp_ext( 8588): Device: no name: 
09-01 14:23:38.901 I/chatty  ( 8588): uid=1002(bluetooth) BluetoothAvrcpH identical 1 line
09-01 14:23:38.901 V/Avrcp_ext( 8588): Device: no name: 
09-01 14:23:38.901 V/bt_stack( 8588): [VERBOSE1:btm_ble_gap.cc(1923)] btm_ble_process_ext_adv_pkt: bda=59:bb:67:f0:94:3c
09-01 14:23:38.901 V/Avrcp_ext( 8588): Device: no name: 
09-01 14:23:38.901 V/Avrcp_ext( 8588): Device: no name: 
09-01 14:23:38.901 V/bt_stack( 8588): [VERBOSE1:btm_ble_gap.cc(1847)] btm_ble_process_adv_addr: bda=59:bb:67:f0:94:3c
09-01 14:23:38.901 V/Avrcp_ext( 8588): updatePlayerStateAndPosition, old=PlaybackState {state=2, position=-1, buffered position=0, speed=0.0, updated=595160178, actions=0, custom actions=[], active item id=-1, error=null}, state=PlaybackState {state=2, position=-1, buffered position=0, speed=0.0, updated=595160227, actions=0, custom actions=[], active item id=-1, error=null}
09-01 14:23:38.901 V/Avrcp_ext( 8588): old state = PlaybackState {state=2, position=-1, buffered position=0, speed=0.0, updated=595160178, actions=0, custom actions=[], active item id=-1, error=null}, new state= PlaybackState {state=2, position=-1, buffered position=0, speed=0.0, updated=595160227, actions=0, custom actions=[], active item id=-1, error=null}
09-01 14:23:38.902 D/HeadsetService( 8588): getHeadsetService(): returning com.android.bluetooth.hfp.HeadsetService@7ff1c71
09-01 14:23:38.902 D/HeadsetService( 8588):  isAudioOn: The number of audio connected devices 0
09-01 14:23:38.902 D/HeadsetService( 8588): isScoOrCallActive(): Call Active:falseCall is Ringing:falseSCO is Active:false
09-01 14:23:38.902 D/HeadsetService( 8588):  isAudioOn: The number of audio connected devices 0
09-01 14:23:38.902 I/Avrcp_ext( 8588): updatePlayStatusForDevice: device: null
09-01 14:23:38.903 V/bt_stack( 8588): [VERBOSE1:btm_ble_gap.cc(1923)] btm_ble_process_ext_adv_pkt: bda=f7:46:5c:bc:40:f9
09-01 14:23:38.903 V/Avrcp_ext( 8588): updatePlaybackState (1): old=PlaybackState {state=2, position=-1, buffered position=0, speed=0.0, updated=595160178, actions=0, custom actions=[], active item id=-1, error=null}(2), new=PlaybackState {state=2, position=-1, buffered position=0, speed=0.0, updated=595160227, actions=0, custom actions=[], active item id=-1, error=null}(2)
09-01 14:23:38.903 I/Avrcp_ext( 8588): Exit updatePlayStatusForDevice
09-01 14:23:38.903 V/bt_stack( 8588): [VERBOSE1:btm_ble_gap.cc(1847)] btm_ble_process_adv_addr: bda=f7:46:5c:bc:40:f9
09-01 14:23:38.903 V/bt_stack( 8588): [VERBOSE1:btm_ble_gap.cc(2052)]  Waiting for scan response f7:46:5c:bc:40:f9
09-01 14:23:38.903 V/bt_stack( 8588): [VERBOSE1:btm_ble_gap.cc(1923)] btm_ble_process_ext_adv_pkt: bda=f7:46:5c:bc:40:f9
09-01 14:23:38.903 V/bt_stack( 8588): [VERBOSE1:btm_ble_gap.cc(1847)] btm_ble_process_adv_addr: bda=f7:46:5c:bc:40:f9
09-01 14:23:38.903 D/HeadsetService( 8588):  isAudioOn: The number of audio connected devices 0
09-01 14:23:38.903 D/HeadsetService( 8588): isScoOrCallActive(): Call Active:falseCall is Ringing:falseSCO is Active:false
09-01 14:23:38.903 D/HeadsetService( 8588):  isAudioOn: The number of audio connected devices 0
09-01 14:23:38.903 I/Avrcp_ext( 8588): updatePlayStatusForDevice: device: null
09-01 14:23:38.903 V/Avrcp_ext( 8588): updatePlaybackState (1): old=PlaybackState {state=2, position=-1, buffered position=0, speed=0.0, updated=595160178, actions=0, custom actions=[], active item id=-1, error=null}(2), new=PlaybackState {state=2, position=-1, buffered position=0, speed=0.0, updated=595160227, actions=0, custom actions=[], active item id=-1, error=null}(2)
09-01 14:23:38.903 I/Avrcp_ext( 8588): Exit updatePlayStatusForDevice
09-01 14:23:38.903 W/Utils   ( 1118): track of type 'audio/mpeg' does not publish channel mask, channel count 1
09-01 14:23:38.903 D/HeadsetService( 8588):  isAudioOn: The number of audio connected devices 0
09-01 14:23:38.903 D/HeadsetService( 8588): isScoOrCallActive(): Call Active:falseCall is Ringing:falseSCO is Active:false
09-01 14:23:38.904 V/AudioPolicyManagerCustom(  849): isOffloadSupported: SR=48000, CM=0x1, Format=0x1000000, StreamType=3, BitRate=128000, duration=552000 us, has_video=0
09-01 14:23:38.904 V/AudioPolicyManagerCustom(  849): Offload denied by duration < audio.offload.min.duration.secs(=30)
09-01 14:23:38.904 D/HeadsetService( 8588):  isAudioOn: The number of audio connected devices 0
09-01 14:23:38.904 I/Avrcp_ext( 8588): updatePlayStatusForDevice: device: null
09-01 14:23:38.904 V/Avrcp_ext( 8588): updatePlaybackState (1): old=PlaybackState {state=2, position=-1, buffered position=0, speed=0.0, updated=595160178, actions=0, custom actions=[], active item id=-1, error=null}(2), new=PlaybackState {state=2, position=-1, buffered position=0, speed=0.0, updated=595160227, actions=0, custom actions=[], active item id=-1, error=null}(2)
09-01 14:23:38.904 I/Avrcp_ext( 8588): Exit updatePlayStatusForDevice
09-01 14:23:38.904 D/HeadsetService( 8588):  isAudioOn: The number of audio connected devices 0
09-01 14:23:38.904 D/HeadsetService( 8588): isScoOrCallActive(): Call Active:falseCall is Ringing:falseSCO is Active:false
09-01 14:23:38.904 D/HeadsetService( 8588):  isAudioOn: The number of audio connected devices 0
09-01 14:23:38.904 I/Avrcp_ext( 8588): updatePlayStatusForDevice: device: null
09-01 14:23:38.904 V/Avrcp_ext( 8588): updatePlaybackState (1): old=PlaybackState {state=2, position=-1, buffered position=0, speed=0.0, updated=595160178, actions=0, custom actions=[], active item id=-1, error=null}(2), new=PlaybackState {state=2, position=-1, buffered position=0, speed=0.0, updated=595160227, actions=0, custom actions=[], active item id=-1, error=null}(2)
09-01 14:23:38.904 I/Avrcp_ext( 8588): Exit updatePlayStatusForDevice
09-01 14:23:38.904 D/HeadsetService( 8588):  isAudioOn: The number of audio connected devices 0
09-01 14:23:38.904 D/HeadsetService( 8588): isScoOrCallActive(): Call Active:falseCall is Ringing:falseSCO is Active:false
09-01 14:23:38.904 D/HeadsetService( 8588):  isAudioOn: The number of audio connected devices 0
09-01 14:23:38.904 I/Avrcp_ext( 8588): updatePlayStatusForDevice: device: null
09-01 14:23:38.904 V/Avrcp_ext( 8588): updatePlaybackState (1): old=PlaybackState {state=2, position=-1, buffered position=0, speed=0.0, updated=595160178, actions=0, custom actions=[], active item id=-1, error=null}(2), new=PlaybackState {state=2, position=-1, buffered position=0, speed=0.0, updated=595160227, actions=0, custom actions=[], active item id=-1, error=null}(2)
09-01 14:23:38.904 I/Avrcp_ext( 8588): Exit updatePlayStatusForDevice
09-01 14:23:38.904 D/Avrcp_ext( 8588): Enter sendPlayPosNotificationRsp
09-01 14:23:38.904 D/Avrcp_ext( 8588): sendPlayPosNotificationRsp: Not registered or requesting.
09-01 14:23:38.904 D/Avrcp_ext( 8588): Enter sendPlayPosNotificationRsp
09-01 14:23:38.904 D/Avrcp_ext( 8588): sendPlayPosNotificationRsp: Not registered or requesting.
09-01 14:23:38.904 D/Avrcp_ext( 8588): Enter sendPlayPosNotificationRsp
09-01 14:23:38.904 D/Avrcp_ext( 8588): sendPlayPosNotificationRsp: Not registered or requesting.
09-01 14:23:38.904 D/Avrcp_ext( 8588): Enter sendPlayPosNotificationRsp
09-01 14:23:38.904 D/Avrcp_ext( 8588): sendPlayPosNotificationRsp: Not registered or requesting.
09-01 14:23:38.904 D/Avrcp_ext( 8588): Enter sendPlayPosNotificationRsp
09-01 14:23:38.904 D/Avrcp_ext( 8588): sendPlayPosNotificationRsp: Not registered or requesting.
09-01 14:23:38.904 V/Avrcp_ext( 8588): Exit updatePlayerStateAndPosition
09-01 14:23:38.905 D/audio_hw_primary(  771): adev_get_parameters:is_hw_dec_session_available
09-01 14:23:38.905 D/audio_hw_spkr_prot(  771): fbsp_get_parameters: Speaker protection disabled
09-01 14:23:38.905 D/soundtrigger(  771): audio_extn_sound_trigger_get_parameters input string<is_hw_dec_session_available=>
09-01 14:23:38.905 D/soundtrigger(  771): extract_sm_handle input string <is_hw_dec_session_available=> param string <is_hw_dec_session_available=>
09-01 14:23:38.905 D/audio_hw_extn(  771): audio_extn_fm_get_parameters: Enter
09-01 14:23:38.905 D/audio_hw_extn(  771): audio_extn_get_parameters: returns 
09-01 14:23:38.905 V/msm8974_platform(  771): platform_get_parameters: exit: returns - 
09-01 14:23:38.905 D/audio_hw_primary(  771): adev_get_parameters: exit: returns - 
09-01 14:23:38.905 I/hash_map_utils(  849): key: 'is_hw_dec_session_available' value: 'audio/mpeg'
09-01 14:23:38.905 D/BluetoothUtils( 8588): blockedByLocationOff callingUid=1002
09-01 14:23:38.906 I/BluetoothUtils( 8588): packagename is android.uid.bluetooth:1002 ,and its permission is false
09-01 14:23:38.906 D/BluetoothUtils( 8588): blockedByLocationOff callingUid=1002
09-01 14:23:38.906 I/BluetoothUtils( 8588): packagename is android.uid.bluetooth:1002 ,and its permission is false
09-01 14:23:38.906 D/BluetoothUtils( 8588): blockedByLocationOff callingUid=1002
09-01 14:23:38.907 I/BluetoothUtils( 8588): packagename is android.uid.bluetooth:1002 ,and its permission is false
09-01 14:23:38.907 E/ACodec  ( 1118): No packages for calling UID
09-01 14:23:38.908 D/BluetoothUtils( 8588): blockedByLocationOff callingUid=1002
09-01 14:23:38.909 I/BluetoothUtils( 8588): packagename is android.uid.bluetooth:1002 ,and its permission is false
09-01 14:23:38.909 D/BluetoothUtils( 8588): blockedByLocationOff callingUid=1002
09-01 14:23:38.909 I/BluetoothUtils( 8588): packagename is android.uid.bluetooth:1002 ,and its permission is false
09-01 14:23:38.909 D/BluetoothUtils( 8588): blockedByLocationOff callingUid=1002
09-01 14:23:38.910 I/BluetoothUtils( 8588): packagename is android.uid.bluetooth:1002 ,and its permission is false
09-01 14:23:38.910 I/OMXClient( 1118): IOmx service obtained
09-01 14:23:38.910 I/OMXMaster( 1140): makeComponentInstance(OMX.google.mp3.decoder) in android.hardwar process
09-01 14:23:38.911 V/bt_stack( 8588): [VERBOSE1:btm_ble_gap.cc(1923)] btm_ble_process_ext_adv_pkt: bda=24:49:6a:9c:39:02
09-01 14:23:38.911 V/bt_stack( 8588): [VERBOSE1:btm_ble_gap.cc(1847)] btm_ble_process_adv_addr: bda=24:49:6a:9c:39:02
09-01 14:23:38.912 D/BluetoothUtils( 8588): blockedByLocationOff callingUid=1002
09-01 14:23:38.913 I/BluetoothUtils( 8588): packagename is android.uid.bluetooth:1002 ,and its permission is false
09-01 14:23:38.913 D/BluetoothUtils( 8588): blockedByLocationOff callingUid=1002
09-01 14:23:38.913 V/bt_stack( 8588): [VERBOSE1:btm_ble_gap.cc(1923)] btm_ble_process_ext_adv_pkt: bda=2e:17:70:f9:0b:48
09-01 14:23:38.913 V/bt_stack( 8588): [VERBOSE1:btm_ble_gap.cc(1847)] btm_ble_process_adv_addr: bda=2e:17:70:f9:0b:48
09-01 14:23:38.913 I/BluetoothUtils( 8588): packagename is android.uid.bluetooth:1002 ,and its permission is false
09-01 14:23:38.913 D/BluetoothUtils( 8588): blockedByLocationOff callingUid=1002
09-01 14:23:38.913 I/BluetoothUtils( 8588): packagename is android.uid.bluetooth:1002 ,and its permission is false
09-01 14:23:38.914 D/BluetoothUtils( 8588): blockedByLocationOff callingUid=1002
09-01 14:23:38.914 I/BluetoothUtils( 8588): packagename is android.uid.bluetooth:1002 ,and its permission is false
09-01 14:23:38.915 D/BluetoothUtils( 8588): blockedByLocationOff callingUid=1002
09-01 14:23:38.915 I/BluetoothUtils( 8588): packagename is android.uid.bluetooth:1002 ,and its permission is false
09-01 14:23:38.915 D/BluetoothUtils( 8588): blockedByLocationOff callingUid=1002
09-01 14:23:38.915 I/BluetoothUtils( 8588): packagename is android.uid.bluetooth:1002 ,and its permission is false
09-01 14:23:38.916 E/OMXNodeInstance( 1140): setConfig(0xe72cf720:google.mp3.decoder, ConfigPriority(0x6f800002)) ERROR: Undefined(0x80001001)
09-01 14:23:38.916 I/ACodec  ( 1118): codec does not support config priority (err -2147483648)
09-01 14:23:38.917 V/bt_stack( 8588): [VERBOSE1:btm_ble_gap.cc(1923)] btm_ble_process_ext_adv_pkt: bda=07:5a:b0:04:f2:ba
09-01 14:23:38.917 V/bt_stack( 8588): [VERBOSE1:btm_ble_gap.cc(1847)] btm_ble_process_adv_addr: bda=07:5a:b0:04:f2:ba
09-01 14:23:38.917 E/OMXNodeInstance( 1140): setConfig(0xe72cf720:google.mp3.decoder, ConfigPriority(0x6f800002)) ERROR: Undefined(0x80001001)
09-01 14:23:38.918 I/ACodec  ( 1118): codec does not support config priority (err -2147483648)
09-01 14:23:38.918 E/OMXNodeInstance( 1140): getConfig(0xe72cf720:google.mp3.decoder, ConfigAndroidVendorExtension(0x6f100004)) ERROR: Undefined(0x80001001)
09-01 14:23:38.918 D/BluetoothUtils( 8588): blockedByLocationOff callingUid=1002
09-01 14:23:38.919 I/BluetoothUtils( 8588): packagename is android.uid.bluetooth:1002 ,and its permission is false
09-01 14:23:38.919 D/BluetoothUtils( 8588): blockedByLocationOff callingUid=1002
09-01 14:23:38.919 I/BluetoothUtils( 8588): packagename is android.uid.bluetooth:1002 ,and its permission is false
09-01 14:23:38.919 D/BluetoothUtils( 8588): blockedByLocationOff callingUid=1002
09-01 14:23:38.919 W/ExtendedACodec( 1118): Failed to get extension for extradata parameter
09-01 14:23:38.919 I/BluetoothUtils( 8588): packagename is android.uid.bluetooth:1002 ,and its permission is false
09-01 14:23:38.920 I/MediaCodec( 1118): MediaCodec will operate in async mode
09-01 14:23:38.934 I/ExtendedNuUtils( 1118): Both src and dst missing for bit-width
09-01 14:23:38.934 I/ExtendedNuUtils( 1118): Overriding durationUs: with 64 bit src value 552000
09-01 14:23:38.934 I/ExtendedNuUtils( 1118): Both src and dst missing for channel-mask
09-01 14:23:38.936 V/AudioPolicyManagerCustom(  849): getPackageName: com.xiaomi.hm.health  uid 10241
09-01 14:23:38.938 V/AudioPolicyManagerCustom(  849): getPackageName: com.xiaomi.hm.health  uid 10241
09-01 14:23:38.938 D/AudioTrack( 1118): set(sessionID=4441)
09-01 14:23:38.938 D/AudioTrack( 1118): set(): streamType 3, sampleRate 48000, format 0x1, channelMask 0x1, frameCount 24960, flags #2, notificationFrames 0, sessionId 4441, transferType 0, uid 10241, pid 2627
09-01 14:23:38.939 D/audio_hw_primary(  771): adev_get_parameters:audio_game_sound_volume_gap_switch
09-01 14:23:38.939 D/audio_hw_spkr_prot(  771): fbsp_get_parameters: Speaker protection disabled
09-01 14:23:38.939 D/soundtrigger(  771): audio_extn_sound_trigger_get_parameters input string<audio_game_sound_volume_gap_switch=>
09-01 14:23:38.939 D/soundtrigger(  771): extract_sm_handle input string <audio_game_sound_volume_gap_switch=> param string <audio_game_sound_volume_gap_switch=>
09-01 14:23:38.939 D/audio_hw_extn(  771): audio_extn_fm_get_parameters: Enter
09-01 14:23:38.939 D/audio_hw_extn(  771): audio_extn_get_parameters: returns 
09-01 14:23:38.939 V/msm8974_platform(  771): platform_get_parameters: exit: returns - audio_game_sound_volume_gap_switch=off
09-01 14:23:38.939 D/audio_hw_primary(  771): adev_get_parameters: exit: returns - audio_game_sound_volume_gap_switch=off
09-01 14:23:38.939 I/hash_map_utils(  849): key: 'audio_game_sound_volume_gap_switch' value: ''
09-01 14:23:38.940 D/APM_AudioPolicyManager(  849): getOutputForAttrInt() attributes={ Content type: AUDIO_CONTENT_TYPE_UNKNOWN Usage: AUDIO_USAGE_UNKNOWN Source: -1 Flags: 0x800 Tags:  } stream=AUDIO_STREAM_MUSIC session 4441 selectedDeviceId 0
09-01 14:23:38.940 D/APM_AudioPolicyManager(  849): getOutputForAttrInt() device {type:0x2,@:}, sampling rate 48000, format 0x1, channel mask 0x1, flags 0x2 stream AUDIO_STREAM_MUSIC
09-01 14:23:38.941 V/AudioPolicyManagerCustom(  849): getPackageName: com.xiaomi.hm.health  uid 10241
09-01 14:23:38.941 D/audio_hw_primary(  771): adev_get_parameters:vr_audio_mode_on
09-01 14:23:38.941 I/audio_hw_primary(  771): getting vr mode to 0
09-01 14:23:38.941 D/audio_hw_primary(  771): adev_get_parameters: exit: returns - vr_audio_mode_on=false
09-01 14:23:38.941 I/hash_map_utils(  849): key: 'vr_audio_mode_on' value: ''
09-01 14:23:38.941 I/AudioPolicyManagerCustom(  849): VR mode is 0, switch to primary output if request is for fast|raw
09-01 14:23:38.942 V/AudioPolicyManagerCustom(  849): getPackageName: com.xiaomi.hm.health  uid 10241
09-01 14:23:38.942 V/AudioPolicyManagerCustom(  849): getOutputForDevice() returns output 13
09-01 14:23:38.942 D/APM_AudioPolicyManager(  849): getOutputForAttrInt returns output 13 selectedDeviceId 3
09-01 14:23:38.945 D/AudioFlinger(  849): Client defaulted notificationFrames to 12480 for frameCount 24960
09-01 14:23:38.946 D/AF::TrackHandle(  849): OpPlayAudio: track:242 usage:0 not muted
09-01 14:23:38.947 I/appium  ( 2547): AppiumResponse: {"sessionId":"25938db7-d36d-4614-b1d5-9c4abd2c02b9","value":null}
09-01 14:23:38.949 E/        ( 1118): open /proc/2627/cmdline error
09-01 14:23:38.949 E/AudioSystem( 1118): invalid attributes { Content type: AUDIO_CONTENT_TYPE_UNKNOWN Usage: AUDIO_USAGE_UNKNOWN Source: -1 Flags: 0x800 Tags:  } when converting to stream
09-01 14:23:38.951 V/bt_stack( 8588): [VERBOSE1:btm_ble_gap.cc(1923)] btm_ble_process_ext_adv_pkt: bda=18:81:0e:e0:a8:6d
09-01 14:23:38.951 V/bt_stack( 8588): [VERBOSE1:btm_ble_gap.cc(1847)] btm_ble_process_adv_addr: bda=18:81:0e:e0:a8:6d
09-01 14:23:38.951 V/bt_stack( 8588): [VERBOSE1:btm_ble_gap.cc(2052)]  Waiting for scan response 18:81:0e:e0:a8:6d
09-01 14:23:38.951 V/bt_stack( 8588): [VERBOSE1:btm_ble_gap.cc(1923)] btm_ble_process_ext_adv_pkt: bda=c0:7b:91:69:8b:04
09-01 14:23:38.951 V/bt_stack( 8588): [VERBOSE1:btm_ble_gap.cc(1847)] btm_ble_process_adv_addr: bda=c0:7b:91:69:8b:04
09-01 14:23:38.951 V/bt_stack( 8588): [VERBOSE1:btm_ble_gap.cc(2052)]  Waiting for scan response c0:7b:91:69:8b:04
09-01 14:23:38.951 V/bt_stack( 8588): [VERBOSE1:btm_ble_gap.cc(1923)] btm_ble_process_ext_adv_pkt: bda=17:be:83:99:5a:17
09-01 14:23:38.951 V/bt_stack( 8588): [VERBOSE1:btm_ble_gap.cc(1847)] btm_ble_process_adv_addr: bda=17:be:83:99:5a:17
09-01 14:23:38.952 V/bt_stack( 8588): [VERBOSE1:btm_ble_gap.cc(1923)] btm_ble_process_ext_adv_pkt: bda=2f:3a:5d:02:04:9c
09-01 14:23:38.952 V/bt_stack( 8588): [VERBOSE1:btm_ble_gap.cc(1847)] btm_ble_process_adv_addr: bda=2f:3a:5d:02:04:9c
09-01 14:23:38.953 D/BluetoothUtils( 8588): blockedByLocationOff callingUid=1002
09-01 14:23:38.953 I/BluetoothUtils( 8588): packagename is android.uid.bluetooth:1002 ,and its permission is false
09-01 14:23:38.953 D/BluetoothUtils( 8588): blockedByLocationOff callingUid=1002
09-01 14:23:38.954 I/BluetoothUtils( 8588): packagename is android.uid.bluetooth:1002 ,and its permission is false
09-01 14:23:38.954 D/BluetoothUtils( 8588): blockedByLocationOff callingUid=1002
09-01 14:23:38.954 I/BluetoothUtils( 8588): packagename is android.uid.bluetooth:1002 ,and its permission is false
09-01 14:23:38.955 D/BluetoothUtils( 8588): blockedByLocationOff callingUid=1002
09-01 14:23:38.955 I/BluetoothUtils( 8588): packagename is android.uid.bluetooth:1002 ,and its permission is false
09-01 14:23:38.955 D/BluetoothUtils( 8588): blockedByLocationOff callingUid=1002
09-01 14:23:38.956 I/BluetoothUtils( 8588): packagename is android.uid.bluetooth:1002 ,and its permission is false
09-01 14:23:38.956 D/BluetoothUtils( 8588): blockedByLocationOff callingUid=1002
09-01 14:23:38.956 I/BluetoothUtils( 8588): packagename is android.uid.bluetooth:1002 ,and its permission is false
09-01 14:23:38.957 D/APM_AudioPolicyManager(  849): startOutput portId 218
