09-01 14:23:39.573 D/HeadsetService( 8588):  isAudioOn: The number of audio connected devices 0
09-01 14:23:39.573 I/Avrcp_ext( 8588): updatePlayStatusForDevice: device: null
09-01 14:23:39.573 V/Avrcp_ext( 8588): updatePlaybackState (1): old=PlaybackState {state=2, position=-1, buffered position=0, speed=0.0, updated=595160735, actions=0, custom actions=[], active item id=-1, error=null}(2), new=PlaybackState {state=2, position=-1, buffered position=0, speed=0.0, updated=595160900, actions=0, custom actions=[], active item id=-1, error=null}(2)
09-01 14:23:39.573 I/Avrcp_ext( 8588): Exit updatePlayStatusForDevice
09-01 14:23:39.574 D/HeadsetService( 8588):  isAudioOn: The number of audio connected devices 0
09-01 14:23:39.574 D/HeadsetService( 8588): isScoOrCallActive(): Call Active:falseCall is Ringing:falseSCO is Active:false
09-01 14:23:39.574 D/HeadsetService( 8588):  isAudioOn: The number of audio connected devices 0
09-01 14:23:39.574 I/Avrcp_ext( 8588): updatePlayStatusForDevice: device: null
09-01 14:23:39.574 V/Avrcp_ext( 8588): updatePlaybackState (1): old=PlaybackState {state=2, position=-1, buffered position=0, speed=0.0, updated=595160735, actions=0, custom actions=[], active item id=-1, error=null}(2), new=PlaybackState {state=2, position=-1, buffered position=0, speed=0.0, updated=595160900, actions=0, custom actions=[], active item id=-1, error=null}(2)
09-01 14:23:39.574 I/Avrcp_ext( 8588): Exit updatePlayStatusForDevice
09-01 14:23:39.574 D/HeadsetService( 8588):  isAudioOn: The number of audio connected devices 0
09-01 14:23:39.574 D/HeadsetService( 8588): isScoOrCallActive(): Call Active:falseCall is Ringing:falseSCO is Active:false
09-01 14:23:39.574 D/HeadsetService( 8588):  isAudioOn: The number of audio connected devices 0
09-01 14:23:39.574 I/Avrcp_ext( 8588): updatePlayStatusForDevice: device: null
09-01 14:23:39.574 V/Avrcp_ext( 8588): updatePlaybackState (1): old=PlaybackState {state=2, position=-1, buffered position=0, speed=0.0, updated=595160735, actions=0, custom actions=[], active item id=-1, error=null}(2), new=PlaybackState {state=2, position=-1, buffered position=0, speed=0.0, updated=595160900, actions=0, custom actions=[], active item id=-1, error=null}(2)
09-01 14:23:39.574 I/Avrcp_ext( 8588): Exit updatePlayStatusForDevice
09-01 14:23:39.574 D/Avrcp_ext( 8588): Enter sendPlayPosNotificationRsp
09-01 14:23:39.574 D/Avrcp_ext( 8588): sendPlayPosNotificationRsp: Not registered or requesting.
09-01 14:23:39.574 D/Avrcp_ext( 8588): Enter sendPlayPosNotificationRsp
09-01 14:23:39.574 D/Avrcp_ext( 8588): sendPlayPosNotificationRsp: Not registered or requesting.
09-01 14:23:39.574 D/Avrcp_ext( 8588): Enter sendPlayPosNotificationRsp
09-01 14:23:39.574 D/Avrcp_ext( 8588): sendPlayPosNotificationRsp: Not registered or requesting.
09-01 14:23:39.574 D/Avrcp_ext( 8588): Enter sendPlayPosNotificationRsp
09-01 14:23:39.574 D/Avrcp_ext( 8588): sendPlayPosNotificationRsp: Not registered or requesting.
09-01 14:23:39.574 D/Avrcp_ext( 8588): Enter sendPlayPosNotificationRsp
09-01 14:23:39.574 D/Avrcp_ext( 8588): sendPlayPosNotificationRsp: Not registered or requesting.
09-01 14:23:39.574 V/Avrcp_ext( 8588): Exit updatePlayerStateAndPosition
09-01 14:23:39.575 D/Avrcp_ext( 8588): AudioManager Player: ID:4039 -- type:android.media.SoundPool -- u/pid:10141/22367 -- state:idle -- attr:AudioAttributes: usage=USAGE_VOICEASSIST content=CONTENT_TYPE_VOICEASSIST flags=0x800 tags= bundle=null
09-01 14:23:39.575 D/Avrcp_ext( 8588): AudioManager Player: ID:15 -- type:android.media.SoundPool -- u/pid:1000/1639 -- state:idle -- attr:AudioAttributes: usage=USAGE_ASSISTANCE_SONIFICATION content=CONTENT_TYPE_SONIFICATION flags=0x800 tags= bundle=null
09-01 14:23:39.575 D/Avrcp_ext( 8588): AudioManager Player: ID:47 -- type:OpenSL ES AudioPlayer (Buffer Queue) -- u/pid:10108/2503 -- state:stopped -- attr:AudioAttributes: usage=USAGE_MEDIA content=CONTENT_TYPE_UNKNOWN flags=0x0 tags= bundle=null
09-01 14:23:39.575 D/Avrcp_ext( 8588): AudioManager Player: ID:79 -- type:android.media.SoundPool -- u/pid:1027/4689 -- state:idle -- attr:AudioAttributes: usage=USAGE_NOTIFICATION content=CONTENT_TYPE_SONIFICATION flags=0x800 tags= bundle=null
09-01 14:23:39.575 D/Avrcp_ext( 8588): AudioManager Player: ID:3791 -- type:android.media.SoundPool -- u/pid:1000/29730 -- state:idle -- attr:AudioAttributes: usage=USAGE_ASSISTANCE_SONIFICATION content=CONTENT_TYPE_SONIFICATION flags=0x800 tags= bundle=null
09-01 14:23:39.575 D/Avrcp_ext( 8588): AudioManager Player: ID:23 -- type:android.media.SoundPool -- u/pid:1000/1639 -- state:idle -- attr:AudioAttributes: usage=USAGE_ASSISTANCE_SONIFICATION content=CONTENT_TYPE_SONIFICATION flags=0x800 tags= bundle=null
09-01 14:23:39.575 D/PowerKeeper.Active( 6417): remove active uid = 10241, type = 1, new=0
09-01 14:23:39.575 D/Avrcp_ext( 8588): AudioManager Player: ID:279 -- type:android.media.SoundPool -- u/pid:10090/7676 -- state:idle -- attr:AudioAttributes: usage=USAGE_ASSISTANCE_SONIFICATION content=CONTENT_TYPE_SONIFICATION flags=0x800 tags= bundle=null
09-01 14:23:39.575 D/Avrcp_ext( 8588): AudioManager Player: ID:4023 -- type:android.media.SoundPool -- u/pid:10141/22367 -- state:idle -- attr:AudioAttributes: usage=USAGE_VOICE_COMMUNICATION content=CONTENT_TYPE_SPEECH flags=0x800 tags= bundle=null
09-01 14:23:39.575 D/Avrcp_ext( 8588): AudioManager Player: ID:4055 -- type:android.media.MediaPlayer -- u/pid:10241/2627 -- state:idle -- attr:AudioAttributes: usage=USAGE_UNKNOWN content=CONTENT_TYPE_UNKNOWN flags=0x800 tags= bundle=null
09-01 14:23:39.575 D/AudioTrack( 1118):  pause(sessionID=4441)
09-01 14:23:39.575 D/Avrcp_ext( 8588): AudioManager Player: ID:4031 -- type:android.media.SoundPool -- u/pid:10141/22367 -- state:idle -- attr:AudioAttributes: usage=USAGE_VOICEASSIST content=CONTENT_TYPE_VOICEASSIST flags=0x800 tags= bundle=null
09-01 14:23:39.575 I/PowerCheckerService( 6417): uid:10241change to inactive
09-01 14:23:39.575 D/PowerChecker.BaStats( 6417): notifyAudioStatusChangedLocked, uid = 10241, audioOn = false
09-01 14:23:39.575 D/Avrcp_ext( 8588): AudioManager isPlaying: false, mA2dpState: 11, isMusiActive: true
09-01 14:23:39.575 I/AppActiveChecker( 6417): uid:10241change to inactive
09-01 14:23:39.576 D/AppActiveChecker( 6417): updateDownloadStateForUidResetPolicyLocked, uid = 10241
09-01 14:23:39.576 V/bt_stack( 8588): [VERBOSE1:btm_ble_gap.cc(1923)] btm_ble_process_ext_adv_pkt: bda=ac:29:3a:9a:aa:42
09-01 14:23:39.576 V/bt_stack( 8588): [VERBOSE1:btm_ble_gap.cc(1847)] btm_ble_process_adv_addr: bda=ac:29:3a:9a:aa:42
09-01 14:23:39.576 V/bt_stack( 8588): [VERBOSE1:btm_ble_gap.cc(2052)]  Waiting for scan response ac:29:3a:9a:aa:42
09-01 14:23:39.576 V/bt_stack( 8588): [VERBOSE1:btm_ble_gap.cc(1923)] btm_ble_process_ext_adv_pkt: bda=2f:3a:5d:02:04:9c
09-01 14:23:39.576 V/bt_stack( 8588): [VERBOSE1:btm_ble_gap.cc(1847)] btm_ble_process_adv_addr: bda=2f:3a:5d:02:04:9c
09-01 14:23:39.577 D/AudioTrack( 1118): stop(sessionID=4441)
09-01 14:23:39.577 V/bt_stack( 8588): [VERBOSE1:btm_ble_gap.cc(1923)] btm_ble_process_ext_adv_pkt: bda=11:82:f5:89:45:91
09-01 14:23:39.577 V/bt_stack( 8588): [VERBOSE1:btm_ble_gap.cc(1847)] btm_ble_process_adv_addr: bda=11:82:f5:89:45:91
09-01 14:23:39.578 D/BluetoothUtils( 8588): blockedByLocationOff callingUid=1002
09-01 14:23:39.579 I/BluetoothUtils( 8588): packagename is android.uid.bluetooth:1002 ,and its permission is false
09-01 14:23:39.579 D/BluetoothUtils( 8588): blockedByLocationOff callingUid=1002
09-01 14:23:39.579 I/BluetoothUtils( 8588): packagename is android.uid.bluetooth:1002 ,and its permission is false
09-01 14:23:39.579 D/BluetoothUtils( 8588): blockedByLocationOff callingUid=1002
09-01 14:23:39.580 I/BluetoothUtils( 8588): packagename is android.uid.bluetooth:1002 ,and its permission is false
09-01 14:23:39.581 D/BluetoothUtils( 8588): blockedByLocationOff callingUid=1002
09-01 14:23:39.581 I/BluetoothUtils( 8588): packagename is android.uid.bluetooth:1002 ,and its permission is false
09-01 14:23:39.581 D/BluetoothUtils( 8588): blockedByLocationOff callingUid=1002
09-01 14:23:39.581 I/BluetoothUtils( 8588): packagename is android.uid.bluetooth:1002 ,and its permission is false
09-01 14:23:39.581 D/BluetoothUtils( 8588): blockedByLocationOff callingUid=1002
09-01 14:23:39.582 I/BluetoothUtils( 8588): packagename is android.uid.bluetooth:1002 ,and its permission is false
09-01 14:23:39.582 D/AudioTrack( 1118): ~AudioTrack(sessionID=4441)
09-01 14:23:39.583 E/AudioSystem( 1118): invalid attributes { Content type: AUDIO_CONTENT_TYPE_UNKNOWN Usage: AUDIO_USAGE_UNKNOWN Source: -1 Flags: 0x800 Tags:  } when converting to stream
09-01 14:23:39.583 D/AudioTrack( 1118): stop(sessionID=4441)
09-01 14:23:39.588 D/NuPlayerDriver( 1118): notifyResetComplete(0xe6135a00)
09-01 14:23:39.589 D/msm8974_platform(  771): platform_split_snd_device: snd_device(2) num devices(1) new_snd_devices(0)
09-01 14:23:39.589 D/ACDB-LOADER(  771): ACDB -> send_audvoltable
09-01 14:23:39.589 D/ACDB-LOADER(  771): ACDB -> ACDB_CMD_GET_AUDPROC_INSTANCE_GAIN_DEP_STEP_TABLE_SIZE
09-01 14:23:39.589 D/ACDB-LOADER(  771): ACDB -> ACDB_CMD_GET_AUDPROC_INSTANCE_GAIN_DEP_STEP_TABLE, vol index 0
09-01 14:23:39.589 D/ACDB-LOADER(  771): ACDB -> AUDIO_SET_VOL_CAL cal type = 40
09-01 14:23:39.589 W/AMessage( 1118): failed to post message as target looper for handler 0 is gone.
09-01 14:23:39.589 W/msm8974_platform(  771): platform_send_gain_dep_cal: Usecase list is empty
09-01 14:23:39.590 D/APM_AudioPolicyManager(  849): stopOutput portId 218
09-01 14:23:39.590 D/APM_AudioPolicyManager(  849): stopOutput() output 13, stream 3, session 4441
09-01 14:23:39.590 D/APM_AudioPolicyManager(  849): getNewOutputDevices selected devices AUDIO_DEVICE_NONE
09-01 14:23:39.590 D/APM_AudioPolicyManager(  849): setOutputDevices device AUDIO_DEVICE_NONE delayMs 96 force 0
09-01 14:23:39.591 D/APM_AudioPolicyManager(  849): setOutputDevices setting same device AUDIO_DEVICE_NONE or null device, force=0, patch handle=4
09-01 14:23:39.591 W/MediaPlayer( 2627): mediaplayer went away with unhandled events
09-01 14:23:39.591 W/MediaPlayer( 2627): mediaplayer went away with unhandled events
09-01 14:23:39.591 D/APM_AudioPolicyManager(  849): releaseOutput() 13
09-01 14:23:39.591 D/msm8974_platform(  771): platform_split_snd_device: snd_device(2) num devices(1) new_snd_devices(0)
09-01 14:23:39.591 W/msm8974_platform(  771): platform_send_gain_dep_cal: Usecase list is empty
09-01 14:23:39.595 V/bt_stack( 8588): [VERBOSE1:btm_ble_gap.cc(1923)] btm_ble_process_ext_adv_pkt: bda=66:3e:07:e0:2b:d4
09-01 14:23:39.595 V/bt_stack( 8588): [VERBOSE1:btm_ble_gap.cc(1847)] btm_ble_process_adv_addr: bda=66:3e:07:e0:2b:d4
09-01 14:23:39.595 V/bt_stack( 8588): [VERBOSE1:btm_ble_gap.cc(2052)]  Waiting for scan response 66:3e:07:e0:2b:d4
09-01 14:23:39.595 V/bt_stack( 8588): [VERBOSE1:btm_ble_gap.cc(1923)] btm_ble_process_ext_adv_pkt: bda=34:23:f9:27:c7:18
09-01 14:23:39.595 V/bt_stack( 8588): [VERBOSE1:btm_ble_gap.cc(1847)] btm_ble_process_adv_addr: bda=34:23:f9:27:c7:18
09-01 14:23:39.596 D/BluetoothUtils( 8588): blockedByLocationOff callingUid=1002
09-01 14:23:39.597 I/BluetoothUtils( 8588): packagename is android.uid.bluetooth:1002 ,and its permission is false
09-01 14:23:39.597 D/BluetoothUtils( 8588): blockedByLocationOff callingUid=1002
09-01 14:23:39.597 I/BluetoothUtils( 8588): packagename is android.uid.bluetooth:1002 ,and its permission is false
09-01 14:23:39.597 D/BluetoothUtils( 8588): blockedByLocationOff callingUid=1002
09-01 14:23:39.598 I/BluetoothUtils( 8588): packagename is android.uid.bluetooth:1002 ,and its permission is false
09-01 14:23:39.618 V/bt_stack( 8588): [VERBOSE1:btm_ble_gap.cc(1923)] btm_ble_process_ext_adv_pkt: bda=5b:8f:e9:2b:3b:96
09-01 14:23:39.618 V/bt_stack( 8588): [VERBOSE1:btm_ble_gap.cc(1847)] btm_ble_process_adv_addr: bda=5b:8f:e9:2b:3b:96
09-01 14:23:39.618 V/bt_stack( 8588): [VERBOSE1:btm_ble_gap.cc(2052)]  Waiting for scan response 5b:8f:e9:2b:3b:96
09-01 14:23:39.618 V/bt_stack( 8588): [VERBOSE1:btm_ble_gap.cc(1923)] btm_ble_process_ext_adv_pkt: bda=30:b8:83:fe:c9:1f
09-01 14:23:39.618 V/bt_stack( 8588): [VERBOSE1:btm_ble_gap.cc(1847)] btm_ble_process_adv_addr: bda=30:b8:83:fe:c9:1f
09-01 14:23:39.618 V/bt_stack( 8588): [VERBOSE1:btm_ble_gap.cc(1923)] btm_ble_process_ext_adv_pkt: bda=35:08:67:20:13:25
09-01 14:23:39.619 V/bt_stack( 8588): [VERBOSE1:btm_ble_gap.cc(1847)] btm_ble_process_adv_addr: bda=35:08:67:20:13:25
09-01 14:23:39.620 D/BluetoothUtils( 8588): blockedByLocationOff callingUid=1002
09-01 14:23:39.621 I/BluetoothUtils( 8588): packagename is android.uid.bluetooth:1002 ,and its permission is false
09-01 14:23:39.622 D/BluetoothUtils( 8588): blockedByLocationOff callingUid=1002
09-01 14:23:39.622 V/bt_stack( 8588): [VERBOSE1:btm_ble_gap.cc(1923)] btm_ble_process_ext_adv_pkt: bda=12:1c:38:cd:04:e8
09-01 14:23:39.622 V/bt_stack( 8588): [VERBOSE1:btm_ble_gap.cc(1847)] btm_ble_process_adv_addr: bda=12:1c:38:cd:04:e8
09-01 14:23:39.622 I/BluetoothUtils( 8588): packagename is android.uid.bluetooth:1002 ,and its permission is false
09-01 14:23:39.623 D/BluetoothUtils( 8588): blockedByLocationOff callingUid=1002
09-01 14:23:39.623 I/BluetoothUtils( 8588): packagename is android.uid.bluetooth:1002 ,and its permission is false
09-01 14:23:39.624 D/BluetoothUtils( 8588): blockedByLocationOff callingUid=1002
09-01 14:23:39.625 I/BluetoothUtils( 8588): packagename is android.uid.bluetooth:1002 ,and its permission is false
09-01 14:23:39.625 D/BluetoothUtils( 8588): blockedByLocationOff callingUid=1002
09-01 14:23:39.625 I/BluetoothUtils( 8588): packagename is android.uid.bluetooth:1002 ,and its permission is false
09-01 14:23:39.625 D/BluetoothUtils( 8588): blockedByLocationOff callingUid=1002
09-01 14:23:39.625 I/BluetoothUtils( 8588): packagename is android.uid.bluetooth:1002 ,and its permission is false
09-01 14:23:39.626 D/BluetoothUtils( 8588): blockedByLocationOff callingUid=1002
09-01 14:23:39.627 I/BluetoothUtils( 8588): packagename is android.uid.bluetooth:1002 ,and its permission is false
09-01 14:23:39.627 D/BluetoothUtils( 8588): blockedByLocationOff callingUid=1002
09-01 14:23:39.627 I/BluetoothUtils( 8588): packagename is android.uid.bluetooth:1002 ,and its permission is false
09-01 14:23:39.627 D/BluetoothUtils( 8588): blockedByLocationOff callingUid=1002
09-01 14:23:39.627 I/BluetoothUtils( 8588): packagename is android.uid.bluetooth:1002 ,and its permission is false
09-01 14:23:39.632 V/bt_stack( 8588): [VERBOSE1:btm_ble_gap.cc(1923)] btm_ble_process_ext_adv_pkt: bda=0a:29:89:b7:c8:4a
09-01 14:23:39.633 V/bt_stack( 8588): [VERBOSE1:btm_ble_gap.cc(1847)] btm_ble_process_adv_addr: bda=0a:29:89:b7:c8:4a
09-01 14:23:39.633 V/bt_stack( 8588): [VERBOSE1:btm_ble_gap.cc(1923)] btm_ble_process_ext_adv_pkt: bda=59:bb:67:f0:94:3c
09-01 14:23:39.633 V/bt_stack( 8588): [VERBOSE1:btm_ble_gap.cc(1847)] btm_ble_process_adv_addr: bda=59:bb:67:f0:94:3c
09-01 14:23:39.634 D/BluetoothUtils( 8588): blockedByLocationOff callingUid=1002
09-01 14:23:39.634 I/BluetoothUtils( 8588): packagename is android.uid.bluetooth:1002 ,and its permission is false
09-01 14:23:39.634 D/BluetoothUtils( 8588): blockedByLocationOff callingUid=1002
09-01 14:23:39.635 I/BluetoothUtils( 8588): packagename is android.uid.bluetooth:1002 ,and its permission is false
09-01 14:23:39.635 D/BluetoothUtils( 8588): blockedByLocationOff callingUid=1002
09-01 14:23:39.635 I/BluetoothUtils( 8588): packagename is android.uid.bluetooth:1002 ,and its permission is false
09-01 14:23:39.636 D/BluetoothUtils( 8588): blockedByLocationOff callingUid=1002
09-01 14:23:39.636 I/BluetoothUtils( 8588): packagename is android.uid.bluetooth:1002 ,and its permission is false
09-01 14:23:39.636 D/BluetoothUtils( 8588): blockedByLocationOff callingUid=1002
09-01 14:23:39.636 I/BluetoothUtils( 8588): packagename is android.uid.bluetooth:1002 ,and its permission is false
09-01 14:23:39.636 D/BluetoothUtils( 8588): blockedByLocationOff callingUid=1002
09-01 14:23:39.637 I/BluetoothUtils( 8588): packagename is android.uid.bluetooth:1002 ,and its permission is false
09-01 14:23:39.637 V/bt_stack( 8588): [VERBOSE1:btm_ble_gap.cc(1923)] btm_ble_process_ext_adv_pkt: bda=0c:1a:06:0e:96:57
09-01 14:23:39.637 V/bt_stack( 8588): [VERBOSE1:btm_ble_gap.cc(1847)] btm_ble_process_adv_addr: bda=0c:1a:06:0e:96:57
09-01 14:23:39.638 D/BluetoothUtils( 8588): blockedByLocationOff callingUid=1002
09-01 14:23:39.639 I/BluetoothUtils( 8588): packagename is android.uid.bluetooth:1002 ,and its permission is false
09-01 14:23:39.639 D/BluetoothUtils( 8588): blockedByLocationOff callingUid=1002
09-01 14:23:39.639 I/BluetoothUtils( 8588): packagename is android.uid.bluetooth:1002 ,and its permission is false
09-01 14:23:39.639 D/BluetoothUtils( 8588): blockedByLocationOff callingUid=1002
09-01 14:23:39.639 I/BluetoothUtils( 8588): packagename is android.uid.bluetooth:1002 ,and its permission is false
09-01 14:23:39.640 V/bt_stack( 8588): [VERBOSE1:btm_ble_gap.cc(1923)] btm_ble_process_ext_adv_pkt: bda=07:5a:b0:04:f2:ba
09-01 14:23:39.640 V/bt_stack( 8588): [VERBOSE1:btm_ble_gap.cc(1847)] btm_ble_process_adv_addr: bda=07:5a:b0:04:f2:ba
09-01 14:23:39.641 D/BluetoothUtils( 8588): blockedByLocationOff callingUid=1002
09-01 14:23:39.641 I/BluetoothUtils( 8588): packagename is android.uid.bluetooth:1002 ,and its permission is false
09-01 14:23:39.641 D/BluetoothUtils( 8588): blockedByLocationOff callingUid=1002
09-01 14:23:39.641 I/BluetoothUtils( 8588): packagename is android.uid.bluetooth:1002 ,and its permission is false
09-01 14:23:39.642 D/BluetoothUtils( 8588): blockedByLocationOff callingUid=1002
09-01 14:23:39.642 I/BluetoothUtils( 8588): packagename is android.uid.bluetooth:1002 ,and its permission is false
09-01 14:23:39.643 V/bt_stack( 8588): [VERBOSE1:btm_ble_gap.cc(1923)] btm_ble_process_ext_adv_pkt: bda=03:98:cf:7d:8e:6f
09-01 14:23:39.643 V/bt_stack( 8588): [VERBOSE1:btm_ble_gap.cc(1847)] btm_ble_process_adv_addr: bda=03:98:cf:7d:8e:6f
09-01 14:23:39.644 D/BluetoothUtils( 8588): blockedByLocationOff callingUid=1002
09-01 14:23:39.645 I/BluetoothUtils( 8588): packagename is android.uid.bluetooth:1002 ,and its permission is false
09-01 14:23:39.645 D/BluetoothUtils( 8588): blockedByLocationOff callingUid=1002
09-01 14:23:39.645 I/BluetoothUtils( 8588): packagename is android.uid.bluetooth:1002 ,and its permission is false
09-01 14:23:39.645 D/BluetoothUtils( 8588): blockedByLocationOff callingUid=1002
09-01 14:23:39.646 I/BluetoothUtils( 8588): packagename is android.uid.bluetooth:1002 ,and its permission is false
09-01 14:23:39.654 V/bt_stack( 8588): [VERBOSE1:btm_ble_gap.cc(1923)] btm_ble_process_ext_adv_pkt: bda=2e:17:70:f9:0b:48
09-01 14:23:39.654 V/bt_stack( 8588): [VERBOSE1:btm_ble_gap.cc(1847)] btm_ble_process_adv_addr: bda=2e:17:70:f9:0b:48
09-01 14:23:39.656 D/BluetoothUtils( 8588): blockedByLocationOff callingUid=1002
09-01 14:23:39.656 I/BluetoothUtils( 8588): packagename is android.uid.bluetooth:1002 ,and its permission is false
09-01 14:23:39.656 D/BluetoothUtils( 8588): blockedByLocationOff callingUid=1002
09-01 14:23:39.657 I/BluetoothUtils( 8588): packagename is android.uid.bluetooth:1002 ,and its permission is false
09-01 14:23:39.657 D/BluetoothUtils( 8588): blockedByLocationOff callingUid=1002
09-01 14:23:39.657 I/BluetoothUtils( 8588): packagename is android.uid.bluetooth:1002 ,and its permission is false
09-01 14:23:39.658 V/bt_stack( 8588): [VERBOSE1:btm_ble_gap.cc(1923)] btm_ble_process_ext_adv_pkt: bda=1a:90:83:98:47:ad
09-01 14:23:39.659 V/bt_stack( 8588): [VERBOSE1:btm_ble_gap.cc(1847)] btm_ble_process_adv_addr: bda=1a:90:83:98:47:ad
09-01 14:23:39.660 D/BluetoothUtils( 8588): blockedByLocationOff callingUid=1002
09-01 14:23:39.661 I/BluetoothUtils( 8588): packagename is android.uid.bluetooth:1002 ,and its permission is false
09-01 14:23:39.661 D/BluetoothUtils( 8588): blockedByLocationOff callingUid=1002
09-01 14:23:39.661 I/BluetoothUtils( 8588): packagename is android.uid.bluetooth:1002 ,and its permission is false
09-01 14:23:39.661 D/BluetoothUtils( 8588): blockedByLocationOff callingUid=1002
09-01 14:23:39.662 I/BluetoothUtils( 8588): packagename is android.uid.bluetooth:1002 ,and its permission is false
09-01 14:23:39.662 V/bt_stack( 8588): [VERBOSE1:btm_ble_gap.cc(1923)] btm_ble_process_ext_adv_pkt: bda=10:42:5e:92:d4:eb
09-01 14:23:39.662 V/bt_stack( 8588): [VERBOSE1:btm_ble_gap.cc(1847)] btm_ble_process_adv_addr: bda=10:42:5e:92:d4:eb
09-01 14:23:39.663 D/BluetoothUtils( 8588): blockedByLocationOff callingUid=1002
09-01 14:23:39.664 I/BluetoothUtils( 8588): packagename is android.uid.bluetooth:1002 ,and its permission is false
09-01 14:23:39.664 D/BluetoothUtils( 8588): blockedByLocationOff callingUid=1002
09-01 14:23:39.664 I/BluetoothUtils( 8588): packagename is android.uid.bluetooth:1002 ,and its permission is false
09-01 14:23:39.665 D/BluetoothUtils( 8588): blockedByLocationOff callingUid=1002
09-01 14:23:39.665 I/BluetoothUtils( 8588): packagename is android.uid.bluetooth:1002 ,and its permission is false
09-01 14:23:39.682 V/bt_stack( 8588): [VERBOSE1:btm_ble_gap.cc(1923)] btm_ble_process_ext_adv_pkt: bda=70:33:97:a2:2a:78
09-01 14:23:39.682 V/bt_stack( 8588): [VERBOSE1:btm_ble_gap.cc(1847)] btm_ble_process_adv_addr: bda=70:33:97:a2:2a:78
09-01 14:23:39.682 V/bt_stack( 8588): [VERBOSE1:btm_ble_gap.cc(2052)]  Waiting for scan response 70:33:97:a2:2a:78
09-01 14:23:39.688 V/bt_stack( 8588): [VERBOSE1:btm_ble_gap.cc(1923)] btm_ble_process_ext_adv_pkt: bda=67:f6:87:88:9f:40
09-01 14:23:39.688 V/bt_stack( 8588): [VERBOSE1:btm_ble_gap.cc(1847)] btm_ble_process_adv_addr: bda=67:f6:87:88:9f:40
09-01 14:23:39.688 V/bt_stack( 8588): [VERBOSE1:btm_ble_gap.cc(2052)]  Waiting for scan response 67:f6:87:88:9f:40
09-01 14:23:39.694 V/bt_stack( 8588): [VERBOSE1:btm_ble_gap.cc(1923)] btm_ble_process_ext_adv_pkt: bda=4a:e5:35:f9:94:df
09-01 14:23:39.694 V/bt_stack( 8588): [VERBOSE1:btm_ble_gap.cc(1847)] btm_ble_process_adv_addr: bda=4a:e5:35:f9:94:df
09-01 14:23:39.694 V/bt_stack( 8588): [VERBOSE1:btm_ble_gap.cc(2052)]  Waiting for scan response 4a:e5:35:f9:94:df
09-01 14:23:39.694 V/bt_stack( 8588): [VERBOSE1:btm_ble_gap.cc(1923)] btm_ble_process_ext_adv_pkt: bda=5c:29:57:19:d9:ea
09-01 14:23:39.694 V/bt_stack( 8588): [VERBOSE1:btm_ble_gap.cc(1847)] btm_ble_process_adv_addr: bda=5c:29:57:19:d9:ea
09-01 14:23:39.696 D/BluetoothUtils( 8588): blockedByLocationOff callingUid=1002
09-01 14:23:39.696 I/BluetoothUtils( 8588): packagename is android.uid.bluetooth:1002 ,and its permission is false
09-01 14:23:39.697 D/BluetoothUtils( 8588): blockedByLocationOff callingUid=1002
09-01 14:23:39.697 I/BluetoothUtils( 8588): packagename is android.uid.bluetooth:1002 ,and its permission is false
09-01 14:23:39.697 D/BluetoothUtils( 8588): blockedByLocationOff callingUid=1002
09-01 14:23:39.697 I/BluetoothUtils( 8588): packagename is android.uid.bluetooth:1002 ,and its permission is false
09-01 14:23:39.705 I/appium  ( 2547): AppiumResponse: {"sessionId":"25938db7-d36d-4614-b1d5-9c4abd2c02b9","value":null}
09-01 14:23:39.713 V/bt_stack( 8588): [VERBOSE1:btm_ble_gap.cc(1923)] btm_ble_process_ext_adv_pkt: bda=4f:72:c0:18:5e:ff
09-01 14:23:39.713 V/bt_stack( 8588): [VERBOSE1:btm_ble_gap.cc(1847)] btm_ble_process_adv_addr: bda=4f:72:c0:18:5e:ff
09-01 14:23:39.714 V/bt_stack( 8588): [VERBOSE1:btm_ble_gap.cc(2052)]  Waiting for scan response 4f:72:c0:18:5e:ff
09-01 14:23:39.714 V/bt_stack( 8588): [VERBOSE1:btm_ble_gap.cc(1923)] btm_ble_process_ext_adv_pkt: bda=ef:78:8a:8d:25:f2
09-01 14:23:39.714 V/bt_stack( 8588): [VERBOSE1:btm_ble_gap.cc(1847)] btm_ble_process_adv_addr: bda=ef:78:8a:8d:25:f2
09-01 14:23:39.714 V/bt_stack( 8588): [VERBOSE1:btm_ble_gap.cc(2052)]  Waiting for scan response ef:78:8a:8d:25:f2
09-01 14:23:39.714 V/bt_stack( 8588): [VERBOSE1:btm_ble_gap.cc(1923)] btm_ble_process_ext_adv_pkt: bda=ef:78:8a:8d:25:f2
09-01 14:23:39.714 V/bt_stack( 8588): [VERBOSE1:btm_ble_gap.cc(1847)] btm_ble_process_adv_addr: bda=ef:78:8a:8d:25:f2
09-01 14:23:39.715 D/BluetoothUtils( 8588): blockedByLocationOff callingUid=1002
09-01 14:23:39.716 I/BluetoothUtils( 8588): packagename is android.uid.bluetooth:1002 ,and its permission is false
09-01 14:23:39.716 D/BluetoothUtils( 8588): blockedByLocationOff callingUid=1002
09-01 14:23:39.716 I/BluetoothUtils( 8588): packagename is android.uid.bluetooth:1002 ,and its permission is false
09-01 14:23:39.717 D/BluetoothUtils( 8588): blockedByLocationOff callingUid=1002
09-01 14:23:39.717 I/BluetoothUtils( 8588): packagename is android.uid.bluetooth:1002 ,and its permission is false
09-01 14:23:39.720 V/bt_stack( 8588): [VERBOSE1:btm_ble_gap.cc(1923)] btm_ble_process_ext_adv_pkt: bda=35:08:67:20:13:25
09-01 14:23:39.720 V/bt_stack( 8588): [VERBOSE1:btm_ble_gap.cc(1847)] btm_ble_process_adv_addr: bda=35:08:67:20:13:25
09-01 14:23:39.721 D/BluetoothUtils( 8588): blockedByLocationOff callingUid=1002
09-01 14:23:39.722 I/BluetoothUtils( 8588): packagename is android.uid.bluetooth:1002 ,and its permission is false
09-01 14:23:39.722 D/BluetoothUtils( 8588): blockedByLocationOff callingUid=1002
09-01 14:23:39.722 I/BluetoothUtils( 8588): packagename is android.uid.bluetooth:1002 ,and its permission is false
09-01 14:23:39.723 D/BluetoothUtils( 8588): blockedByLocationOff callingUid=1002
09-01 14:23:39.723 I/BluetoothUtils( 8588): packagename is android.uid.bluetooth:1002 ,and its permission is false
09-01 14:23:39.725 V/bt_stack( 8588): [VERBOSE1:btm_ble_gap.cc(1923)] btm_ble_process_ext_adv_pkt: bda=12:1c:38:cd:04:e8
09-01 14:23:39.725 V/bt_stack( 8588): [VERBOSE1:btm_ble_gap.cc(1847)] btm_ble_process_adv_addr: bda=12:1c:38:cd:04:e8
09-01 14:23:39.726 D/BluetoothUtils( 8588): blockedByLocationOff callingUid=1002
09-01 14:23:39.727 I/BluetoothUtils( 8588): packagename is android.uid.bluetooth:1002 ,and its permission is false
09-01 14:23:39.727 D/BluetoothUtils( 8588): blockedByLocationOff callingUid=1002
09-01 14:23:39.727 I/BluetoothUtils( 8588): packagename is android.uid.bluetooth:1002 ,and its permission is false
09-01 14:23:39.727 D/BluetoothUtils( 8588): blockedByLocationOff callingUid=1002
09-01 14:23:39.727 I/BluetoothUtils( 8588): packagename is android.uid.bluetooth:1002 ,and its permission is false
09-01 14:23:39.734 V/bt_stack( 8588): [VERBOSE1:btm_ble_gap.cc(1923)] btm_ble_process_ext_adv_pkt: bda=38:f9:d3:45:87:1e
09-01 14:23:39.734 V/bt_stack( 8588): [VERBOSE1:btm_ble_gap.cc(1847)] btm_ble_process_adv_addr: bda=38:f9:d3:45:87:1e
09-01 14:23:39.734 V/bt_stack( 8588): [VERBOSE1:btm_ble_gap.cc(2052)]  Waiting for scan response 38:f9:d3:45:87:1e
09-01 14:23:39.734 V/bt_stack( 8588): [VERBOSE1:btm_ble_gap.cc(1923)] btm_ble_process_ext_adv_pkt: bda=38:f9:d3:45:87:1e
09-01 14:23:39.734 V/bt_stack( 8588): [VERBOSE1:btm_ble_gap.cc(1847)] btm_ble_process_adv_addr: bda=38:f9:d3:45:87:1e
09-01 14:23:39.734 I/appium  ( 2547): channel read invoked!
09-01 14:23:39.734 I/appium  ( 2547): channel read: POST /wd/hub/session/25938db7-d36d-4614-b1d5-9c4abd2c02b9/element
09-01 14:23:39.735 V/bt_stack( 8588): [VERBOSE1:btm_ble_gap.cc(1923)] btm_ble_process_ext_adv_pkt: bda=0a:29:89:b7:c8:4a
09-01 14:23:39.735 V/bt_stack( 8588): [VERBOSE1:btm_ble_gap.cc(1847)] btm_ble_process_adv_addr: bda=0a:29:89:b7:c8:4a
09-01 14:23:39.736 D/BluetoothUtils( 8588): blockedByLocationOff callingUid=1002
09-01 14:23:39.736 I/BluetoothUtils( 8588): packagename is android.uid.bluetooth:1002 ,and its permission is false
09-01 14:23:39.736 D/BluetoothUtils( 8588): blockedByLocationOff callingUid=1002
09-01 14:23:39.737 I/BluetoothUtils( 8588): packagename is android.uid.bluetooth:1002 ,and its permission is false
09-01 14:23:39.737 D/BluetoothUtils( 8588): blockedByLocationOff callingUid=1002
09-01 14:23:39.737 I/appium  ( 2547): Find element command using 'id' with selector 'dialog_positive_button'.
09-01 14:23:39.737 I/BluetoothUtils( 8588): packagename is android.uid.bluetooth:1002 ,and its permission is false
09-01 14:23:39.737 I/appium  ( 2547): Waiting up to 10000ms for device to be idle
09-01 14:23:39.738 D/BluetoothUtils( 8588): blockedByLocationOff callingUid=1002
09-01 14:23:39.738 I/BluetoothUtils( 8588): packagename is android.uid.bluetooth:1002 ,and its permission is false
09-01 14:23:39.738 D/BluetoothUtils( 8588): blockedByLocationOff callingUid=1002
09-01 14:23:39.739 I/BluetoothUtils( 8588): packagename is android.uid.bluetooth:1002 ,and its permission is false
09-01 14:23:39.739 D/BluetoothUtils( 8588): blockedByLocationOff callingUid=1002
09-01 14:23:39.739 I/BluetoothUtils( 8588): packagename is android.uid.bluetooth:1002 ,and its permission is false
09-01 14:23:39.745 V/bt_stack( 8588): [VERBOSE1:btm_ble_gap.cc(1923)] btm_ble_process_ext_adv_pkt: bda=0c:1a:06:0e:96:57
09-01 14:23:39.745 V/bt_stack( 8588): [VERBOSE1:btm_ble_gap.cc(1847)] btm_ble_process_adv_addr: bda=0c:1a:06:0e:96:57
09-01 14:23:39.745 I/appium  ( 2547): AppiumResponse: {"sessionId":"25938db7-d36d-4614-b1d5-9c4abd2c02b9","value":{"ELEMENT":"94022a1a-c2a2-47e5-b11e-ac72ee10eafc","element-6066-11e4-a52e-4f735466cecf":"94022a1a-c2a2-47e5-b11e-ac72ee10eafc"}}
09-01 14:23:39.746 D/BluetoothUtils( 8588): blockedByLocationOff callingUid=1002
09-01 14:23:39.747 I/BluetoothUtils( 8588): packagename is android.uid.bluetooth:1002 ,and its permission is false
09-01 14:23:39.747 D/BluetoothUtils( 8588): blockedByLocationOff callingUid=1002
09-01 14:23:39.747 I/BluetoothUtils( 8588): packagename is android.uid.bluetooth:1002 ,and its permission is false
09-01 14:23:39.747 D/BluetoothUtils( 8588): blockedByLocationOff callingUid=1002
09-01 14:23:39.748 I/BluetoothUtils( 8588): packagename is android.uid.bluetooth:1002 ,and its permission is false
09-01 14:23:39.749 V/bt_stack( 8588): [VERBOSE1:btm_ble_gap.cc(1923)] btm_ble_process_ext_adv_pkt: bda=07:5a:b0:04:f2:ba
09-01 14:23:39.749 V/bt_stack( 8588): [VERBOSE1:btm_ble_gap.cc(1847)] btm_ble_process_adv_addr: bda=07:5a:b0:04:f2:ba
09-01 14:23:39.750 D/BluetoothUtils( 8588): blockedByLocationOff callingUid=1002
09-01 14:23:39.751 I/BluetoothUtils( 8588): packagename is android.uid.bluetooth:1002 ,and its permission is false
09-01 14:23:39.751 D/BluetoothUtils( 8588): blockedByLocationOff callingUid=1002
09-01 14:23:39.751 I/BluetoothUtils( 8588): packagename is android.uid.bluetooth:1002 ,and its permission is false
09-01 14:23:39.751 D/BluetoothUtils( 8588): blockedByLocationOff callingUid=1002
09-01 14:23:39.751 I/BluetoothUtils( 8588): packagename is android.uid.bluetooth:1002 ,and its permission is false
09-01 14:23:39.758 I/appium  ( 2547): channel read invoked!
09-01 14:23:39.759 I/appium  ( 2547): channel read: POST /wd/hub/session/25938db7-d36d-4614-b1d5-9c4abd2c02b9/element/94022a1a-c2a2-47e5-b11e-ac72ee10eafc/click
09-01 14:23:39.760 I/appium  ( 2547): Click element command
09-01 14:23:39.761 V/bt_stack( 8588): [VERBOSE1:btm_ble_gap.cc(1923)] btm_ble_process_ext_adv_pkt: bda=7c:7c:58:d5:aa:e1
09-01 14:23:39.761 V/bt_stack( 8588): [VERBOSE1:btm_ble_gap.cc(1847)] btm_ble_process_adv_addr: bda=7c:7c:58:d5:aa:e1
09-01 14:23:39.761 V/bt_stack( 8588): [VERBOSE1:btm_ble_gap.cc(2052)]  Waiting for scan response 7c:7c:58:d5:aa:e1
09-01 14:23:39.761 V/bt_stack( 8588): [VERBOSE1:btm_ble_gap.cc(1923)] btm_ble_process_ext_adv_pkt: bda=1a:90:83:98:47:ad
09-01 14:23:39.761 V/bt_stack( 8588): [VERBOSE1:btm_ble_gap.cc(1847)] btm_ble_process_adv_addr: bda=1a:90:83:98:47:ad
09-01 14:23:39.762 D/BluetoothUtils( 8588): blockedByLocationOff callingUid=1002
09-01 14:23:39.763 I/BluetoothUtils( 8588): packagename is android.uid.bluetooth:1002 ,and its permission is false
09-01 14:23:39.764 D/BluetoothUtils( 8588): blockedByLocationOff callingUid=1002
09-01 14:23:39.764 I/BluetoothUtils( 8588): packagename is android.uid.bluetooth:1002 ,and its permission is false
09-01 14:23:39.764 D/BluetoothUtils( 8588): blockedByLocationOff callingUid=1002
09-01 14:23:39.765 I/BluetoothUtils( 8588): packagename is android.uid.bluetooth:1002 ,and its permission is false
09-01 14:23:39.780 V/bt_stack( 8588): [VERBOSE1:btm_ble_gap.cc(1923)] btm_ble_process_ext_adv_pkt: bda=11:82:f5:89:45:91
09-01 14:23:39.780 V/bt_stack( 8588): [VERBOSE1:btm_ble_gap.cc(1847)] btm_ble_process_adv_addr: bda=11:82:f5:89:45:91
09-01 14:23:39.781 I/DeviceCenter( 2627): stop
09-01 14:23:39.781 I/DeviceCenter( 2627): pause band source:MILI_KONGMING, shoe source:VDEVICE
09-01 14:23:39.783 V/bt_stack( 8588): [VERBOSE1:btm_ble_gap.cc(1923)] btm_ble_process_ext_adv_pkt: bda=3a:23:cb:4a:85:2d
09-01 14:23:39.783 V/bt_stack( 8588): [VERBOSE1:btm_ble_gap.cc(1847)] btm_ble_process_adv_addr: bda=3a:23:cb:4a:85:2d
09-01 14:23:39.784 D/BluetoothUtils( 8588): blockedByLocationOff callingUid=1002
09-01 14:23:39.784 I/BluetoothUtils( 8588): packagename is android.uid.bluetooth:1002 ,and its permission is false
09-01 14:23:39.784 D/BluetoothUtils( 8588): blockedByLocationOff callingUid=1002
09-01 14:23:39.785 I/BluetoothUtils( 8588): packagename is android.uid.bluetooth:1002 ,and its permission is false
09-01 14:23:39.785 D/BluetoothUtils( 8588): blockedByLocationOff callingUid=1002
09-01 14:23:39.785 I/BluetoothUtils( 8588): packagename is android.uid.bluetooth:1002 ,and its permission is false
09-01 14:23:39.786 V/bt_stack( 8588): [VERBOSE1:btm_ble_gap.cc(1923)] btm_ble_process_ext_adv_pkt: bda=2f:3a:5d:02:04:9c
09-01 14:23:39.786 V/bt_stack( 8588): [VERBOSE1:btm_ble_gap.cc(1847)] btm_ble_process_adv_addr: bda=2f:3a:5d:02:04:9c
09-01 14:23:39.786 D/BluetoothUtils( 8588): blockedByLocationOff callingUid=1002
09-01 14:23:39.786 I/DeviceCenter( 2627): deInitDeviceCallback:MILI_KONGMING
09-01 14:23:39.786 I/DeviceCenter( 2627): deInitDeviceCallback:VDEVICE
09-01 14:23:39.786 I/DeviceCenter( 2627): deInitDeviceCallback:VDEVICE
09-01 14:23:39.786 I/BluetoothUtils( 8588): packagename is android.uid.bluetooth:1002 ,and its permission is false
09-01 14:23:39.786 D/BluetoothUtils( 8588): blockedByLocationOff callingUid=1002
09-01 14:23:39.786 I/BluetoothUtils( 8588): packagename is android.uid.bluetooth:1002 ,and its permission is false
09-01 14:23:39.786 I/DeviceCenter( 2627): not hr device
09-01 14:23:39.787 D/BluetoothUtils( 8588): blockedByLocationOff callingUid=1002
09-01 14:23:39.787 I/BluetoothUtils( 8588): packagename is android.uid.bluetooth:1002 ,and its permission is false
09-01 14:23:39.787 I/hwservicemanager(  573): getTransport: Cannot find entry vendor.qti.hardware.servicetracker@1.0::IServicetracker/default in either framework or device manifest.
09-01 14:23:39.788 D/BluetoothUtils( 8588): blockedByLocationOff callingUid=1002
09-01 14:23:39.788 I/BluetoothUtils( 8588): packagename is android.uid.bluetooth:1002 ,and its permission is false
09-01 14:23:39.788 D/BluetoothUtils( 8588): blockedByLocationOff callingUid=1002
09-01 14:23:39.788 I/BluetoothUtils( 8588): packagename is android.uid.bluetooth:1002 ,and its permission is false
09-01 14:23:39.788 D/BluetoothUtils( 8588): blockedByLocationOff callingUid=1002
09-01 14:23:39.789 I/BluetoothUtils( 8588): packagename is android.uid.bluetooth:1002 ,and its permission is false
09-01 14:23:39.789 V/bt_stack( 8588): [VERBOSE1:bta_gattc_main.cc(361)] bta_gattc_hdl_event: Event:BTA_GATTC_API_WRITE_EVT
09-01 14:23:39.789 V/bt_stack( 8588): [VERBOSE1:bta_gattc_main.cc(305)] bta_gattc_sm_execute: State 0x02 [GATTC_CONN_ST], Event 0x1f05[BTA_GATTC_API_WRITE_EVT]
09-01 14:23:39.789 I/hwservicemanager(  573): getTransport: Cannot find entry vendor.qti.hardware.servicetracker@1.0::IServicetracker/default in either framework or device manifest.
09-01 14:23:39.789 V/bt_stack( 8588): [VERBOSE1:bta_gattc_main.cc(341)] bta_gattc_sm_execute: GATTC State Change: 0x02 -> 0x02 after Event 0x1f05
09-01 14:23:39.789 I/vendor.qti.bluetooth@1.0-ibs_handler(19843): DeviceWakeUp: Writing IBS_WAKE_IND
09-01 14:23:39.790 V/bt_stack( 8588): [VERBOSE1:btm_ble_gap.cc(1923)] btm_ble_process_ext_adv_pkt: bda=63:e7:6b:57:ac:90
09-01 14:23:39.790 V/bt_stack( 8588): [VERBOSE1:btm_ble_gap.cc(1847)] btm_ble_process_adv_addr: bda=63:e7:6b:57:ac:90
09-01 14:23:39.790 V/bt_stack( 8588): [VERBOSE1:btm_ble_gap.cc(2052)]  Waiting for scan response 63:e7:6b:57:ac:90
09-01 14:23:39.790 V/bt_stack( 8588): [VERBOSE1:btm_ble_gap.cc(1923)] btm_ble_process_ext_adv_pkt: bda=63:e7:6b:57:ac:90
09-01 14:23:39.790 I/vendor.qti.bluetooth@1.0-ibs_handler(19843): ProcessIbsCmd: Received IBS_WAKE_ACK: 0xFC
09-01 14:23:39.790 V/bt_stack( 8588): [VERBOSE1:btm_ble_gap.cc(1847)] btm_ble_process_adv_addr: bda=63:e7:6b:57:ac:90
09-01 14:23:39.791 D/BluetoothUtils( 8588): blockedByLocationOff callingUid=1002
09-01 14:23:39.791 I/BluetoothUtils( 8588): packagename is android.uid.bluetooth:1002 ,and its permission is false
09-01 14:23:39.791 D/BluetoothUtils( 8588): blockedByLocationOff callingUid=1002
09-01 14:23:39.791 I/BluetoothUtils( 8588): packagename is android.uid.bluetooth:1002 ,and its permission is false
09-01 14:23:39.791 D/BluetoothUtils( 8588): blockedByLocationOff callingUid=1002
09-01 14:23:39.792 I/BluetoothUtils( 8588): packagename is android.uid.bluetooth:1002 ,and its permission is false
09-01 14:23:39.792 I/appium  ( 2547): Waiting up to 10000ms for device to be idle
09-01 14:23:39.792 W/System.err( 2627): java.lang.IllegalStateException
09-01 14:23:39.792 W/System.err( 2627): 	at android.media.MediaPlayer._stop(Native Method)
09-01 14:23:39.792 W/System.err( 2627): 	at android.media.MediaPlayer.stop(MediaPlayer.java:1428)
09-01 14:23:39.792 W/System.err( 2627): 	at com.xiaomi.hm.health.training.O00000o.O000000o.O00000Oo.O00000o.O000000o(TrainingAudioPlayer.java:63)
09-01 14:23:39.792 W/System.err( 2627): 	at com.xiaomi.hm.health.training.O00000o.O00000o.O0000Oo(PlaybackControl.java:145)
09-01 14:23:39.792 W/System.err( 2627): 	at com.xiaomi.hm.health.training.ui.O00000o0.O0000o00$8.O000000o(TrainingPlayingFragment.java:352)
09-01 14:23:39.792 W/System.err( 2627): 	at com.xiaomi.hm.health.training.ui.O00000o0.O0000o00$8.lambda$hRXCb0WPUNNfOrwpHs2CO3Wdz3g(Unknown Source:0)
09-01 14:23:39.792 W/System.err( 2627): 	at com.xiaomi.hm.health.training.ui.O00000o0.-$$Lambda$O0000o00$8$hRXCb0WPUNNfOrwpHs2CO3Wdz3g.onClick(Unknown Source:2)
09-01 14:23:39.792 W/System.err( 2627): 	at com.xiaomi.hm.health.baseui.dialog.DialogView$O000000o.handleMessage(DialogView.java:344)
09-01 14:23:39.792 W/System.err( 2627): 	at android.os.Handler.dispatchMessage(Handler.java:107)
09-01 14:23:39.792 W/System.err( 2627): 	at android.os.Looper.loop(Looper.java:224)
09-01 14:23:39.792 W/System.err( 2627): 	at android.app.ActivityThread.main(ActivityThread.java:7551)
09-01 14:23:39.792 W/System.err( 2627): 	at java.lang.reflect.Method.invoke(Native Method)
09-01 14:23:39.792 W/System.err( 2627): 	at com.android.internal.os.RuntimeInit$MethodAndArgsCaller.run(RuntimeInit.java:539)
09-01 14:23:39.792 W/System.err( 2627): 	at com.android.internal.os.ZygoteInit.main(ZygoteInit.java:950)
09-01 14:23:39.792 W/System.err( 2627): java.lang.IllegalStateException
09-01 14:23:39.792 I/appium  ( 2547): AppiumResponse: {"sessionId":"25938db7-d36d-4614-b1d5-9c4abd2c02b9","value":null}
09-01 14:23:39.792 W/System.err( 2627): 	at android.media.MediaPlayer._stop(Native Method)
09-01 14:23:39.793 W/System.err( 2627): 	at android.media.MediaPlayer.stop(MediaPlayer.java:1428)
09-01 14:23:39.793 W/System.err( 2627): 	at com.xiaomi.hm.health.training.O00000o.O000000o.O00000Oo.O00000o.O000000o(TrainingAudioPlayer.java:63)
09-01 14:23:39.793 W/System.err( 2627): 	at com.xiaomi.hm.health.training.O00000o.O00000o.O0000Oo(PlaybackControl.java:145)
09-01 14:23:39.793 W/System.err( 2627): 	at com.xiaomi.hm.health.training.ui.O00000o0.O0000o00$8.O000000o(TrainingPlayingFragment.java:352)
09-01 14:23:39.793 W/System.err( 2627): 	at com.xiaomi.hm.health.training.ui.O00000o0.O0000o00$8.lambda$hRXCb0WPUNNfOrwpHs2CO3Wdz3g(Unknown Source:0)
09-01 14:23:39.793 W/System.err( 2627): 	at com.xiaomi.hm.health.training.ui.O00000o0.-$$Lambda$O0000o00$8$hRXCb0WPUNNfOrwpHs2CO3Wdz3g.onClick(Unknown Source:2)
09-01 14:23:39.793 W/System.err( 2627): 	at com.xiaomi.hm.health.baseui.dialog.DialogView$O000000o.handleMessage(DialogView.java:344)
09-01 14:23:39.793 W/System.err( 2627): 	at android.os.Handler.dispatchMessage(Handler.java:107)
09-01 14:23:39.793 W/System.err( 2627): 	at android.os.Looper.loop(Looper.java:224)
09-01 14:23:39.793 W/System.err( 2627): 	at android.app.ActivityThread.main(ActivityThread.java:7551)
09-01 14:23:39.793 W/System.err( 2627): 	at java.lang.reflect.Method.invoke(Native Method)
09-01 14:23:39.793 W/System.err( 2627): 	at com.android.internal.os.RuntimeInit$MethodAndArgsCaller.run(RuntimeInit.java:539)
09-01 14:23:39.793 W/System.err( 2627): 	at com.android.internal.os.ZygoteInit.main(ZygoteInit.java:950)
09-01 14:23:39.793 W/System.err( 2627): java.lang.IllegalStateException
09-01 14:23:39.793 W/System.err( 2627): 	at android.media.MediaPlayer._stop(Native Method)
09-01 14:23:39.793 W/System.err( 2627): 	at android.media.MediaPlayer.stop(MediaPlayer.java:1428)
09-01 14:23:39.793 W/System.err( 2627): 	at com.xiaomi.hm.health.training.O00000o.O000000o.O00000Oo.O00000o.O000000o(TrainingAudioPlayer.java:63)
09-01 14:23:39.793 W/System.err( 2627): 	at com.xiaomi.hm.health.training.O00000o.O00000o.O0000Oo(PlaybackControl.java:145)
09-01 14:23:39.793 W/System.err( 2627): 	at com.xiaomi.hm.health.training.ui.O00000o0.O0000o00$8.O000000o(TrainingPlayingFragment.java:352)
09-01 14:23:39.793 W/System.err( 2627): 	at com.xiaomi.hm.health.training.ui.O00000o0.O0000o00$8.lambda$hRXCb0WPUNNfOrwpHs2CO3Wdz3g(Unknown Source:0)
09-01 14:23:39.793 W/System.err( 2627): 	at com.xiaomi.hm.health.training.ui.O00000o0.-$$Lambda$O0000o00$8$hRXCb0WPUNNfOrwpHs2CO3Wdz3g.onClick(Unknown Source:2)
09-01 14:23:39.793 W/System.err( 2627): 	at com.xiaomi.hm.health.baseui.dialog.DialogView$O000000o.handleMessage(DialogView.java:344)
09-01 14:23:39.793 W/System.err( 2627): 	at android.os.Handler.dispatchMessage(Handler.java:107)
09-01 14:23:39.793 W/System.err( 2627): 	at android.os.Looper.loop(Looper.java:224)
09-01 14:23:39.793 W/System.err( 2627): 	at android.app.ActivityThread.main(ActivityThread.java:7551)
09-01 14:23:39.793 W/System.err( 2627): 	at java.lang.reflect.Method.invoke(Native Method)
09-01 14:23:39.793 W/System.err( 2627): 	at com.android.internal.os.RuntimeInit$MethodAndArgsCaller.run(RuntimeInit.java:539)
09-01 14:23:39.793 W/System.err( 2627): 	at com.android.internal.os.ZygoteInit.main(ZygoteInit.java:950)
09-01 14:23:39.793 W/System.err( 2627): java.lang.IllegalStateException
09-01 14:23:39.793 W/System.err( 2627): 	at android.media.MediaPlayer._stop(Native Method)
09-01 14:23:39.793 W/System.err( 2627): 	at android.media.MediaPlayer.stop(MediaPlayer.java:1428)
09-01 14:23:39.793 W/System.err( 2627): 	at com.xiaomi.hm.health.training.O00000o.O000000o.O00000Oo.O00000o.O000000o(TrainingAudioPlayer.java:63)
09-01 14:23:39.793 W/System.err( 2627): 	at com.xiaomi.hm.health.training.O00000o.O00000o.O0000Oo(PlaybackControl.java:145)
09-01 14:23:39.793 W/System.err( 2627): 	at com.xiaomi.hm.health.training.ui.O00000o0.O0000o00$8.O000000o(TrainingPlayingFragment.java:352)
09-01 14:23:39.793 W/System.err( 2627): 	at com.xiaomi.hm.health.training.ui.O00000o0.O0000o00$8.lambda$hRXCb0WPUNNfOrwpHs2CO3Wdz3g(Unknown Source:0)
09-01 14:23:39.793 W/System.err( 2627): 	at com.xiaomi.hm.health.training.ui.O00000o0.-$$Lambda$O0000o00$8$hRXCb0WPUNNfOrwpHs2CO3Wdz3g.onClick(Unknown Source:2)
09-01 14:23:39.793 W/System.err( 2627): 	at com.xiaomi.hm.health.baseui.dialog.DialogView$O000000o.handleMessage(DialogView.java:344)
09-01 14:23:39.793 W/System.err( 2627): 	at android.os.Handler.dispatchMessage(Handler.java:107)
09-01 14:23:39.793 W/System.err( 2627): 	at android.os.Looper.loop(Looper.java:224)
09-01 14:23:39.793 W/System.err( 2627): 	at android.app.ActivityThread.main(ActivityThread.java:7551)
09-01 14:23:39.793 W/System.err( 2627): 	at java.lang.reflect.Method.invoke(Native Method)
09-01 14:23:39.793 W/System.err( 2627): 	at com.android.internal.os.RuntimeInit$MethodAndArgsCaller.run(RuntimeInit.java:539)
09-01 14:23:39.793 W/System.err( 2627): 	at com.android.internal.os.ZygoteInit.main(ZygoteInit.java:950)
09-01 14:23:39.794 W/System.err( 2627): java.lang.InterruptedException
09-01 14:23:39.794 W/System.err( 2627): 	at java.lang.Thread.sleep(Native Method)
09-01 14:23:39.794 W/System.err( 2627): 	at java.lang.Thread.sleep(Thread.java:440)
09-01 14:23:39.794 W/System.err( 2627): 	at java.lang.Thread.sleep(Thread.java:356)
09-01 14:23:39.794 W/System.err( 2627): 	at com.xiaomi.hm.health.training.ui.widget.progress.TrainingActionRingProgressView$O000000o.run(TrainingActionRingProgressView.java:595)
09-01 14:23:39.794 W/System.err( 2627): 	at java.util.concurrent.ThreadPoolExecutor.runWorker(ThreadPoolExecutor.java:1167)
09-01 14:23:39.794 W/System.err( 2627): 	at java.util.concurrent.ThreadPoolExecutor$Worker.run(ThreadPoolExecutor.java:641)
09-01 14:23:39.794 W/System.err( 2627): 	at java.lang.Thread.run(Thread.java:919)
09-01 14:23:39.795 V/bt_stack( 8588): [VERBOSE1:btm_ble_gap.cc(1923)] btm_ble_process_ext_adv_pkt: bda=5c:29:57:19:d9:ea
09-01 14:23:39.795 V/bt_stack( 8588): [VERBOSE1:btm_ble_gap.cc(1847)] btm_ble_process_adv_addr: bda=5c:29:57:19:d9:ea
09-01 14:23:39.796 D/ActivityTrigger( 1639): ActivityTrigger activityPauseTrigger 
09-01 14:23:39.796 D/BluetoothUtils( 8588): blockedByLocationOff callingUid=1002
09-01 14:23:39.796 I/BluetoothUtils( 8588): packagename is android.uid.bluetooth:1002 ,and its permission is false
09-01 14:23:39.796 D/BluetoothUtils( 8588): blockedByLocationOff callingUid=1002
09-01 14:23:39.796 I/BluetoothUtils( 8588): packagename is android.uid.bluetooth:1002 ,and its permission is false
09-01 14:23:39.797 D/BluetoothUtils( 8588): blockedByLocationOff callingUid=1002
09-01 14:23:39.797 I/BluetoothUtils( 8588): packagename is android.uid.bluetooth:1002 ,and its permission is false
09-01 14:23:39.801 V/bt_stack( 8588): [VERBOSE1:btm_ble_gap.cc(1923)] btm_ble_process_ext_adv_pkt: bda=59:b2:14:05:95:91
09-01 14:23:39.801 V/bt_stack( 8588): [VERBOSE1:btm_ble_gap.cc(1847)] btm_ble_process_adv_addr: bda=59:b2:14:05:95:91
09-01 14:23:39.801 V/bt_stack( 8588): [VERBOSE1:btm_ble_gap.cc(2052)]  Waiting for scan response 59:b2:14:05:95:91
09-01 14:23:39.801 V/bt_stack( 8588): [VERBOSE1:btm_ble_gap.cc(1923)] btm_ble_process_ext_adv_pkt: bda=59:b2:14:05:95:91
09-01 14:23:39.801 V/bt_stack( 8588): [VERBOSE1:btm_ble_gap.cc(1847)] btm_ble_process_adv_addr: bda=59:b2:14:05:95:91
09-01 14:23:39.802 D/BluetoothUtils( 8588): blockedByLocationOff callingUid=1002
09-01 14:23:39.802 I/BluetoothUtils( 8588): packagename is android.uid.bluetooth:1002 ,and its permission is false
09-01 14:23:39.802 D/BluetoothUtils( 8588): blockedByLocationOff callingUid=1002
09-01 14:23:39.802 I/BluetoothUtils( 8588): packagename is android.uid.bluetooth:1002 ,and its permission is false
09-01 14:23:39.803 D/BluetoothUtils( 8588): blockedByLocationOff callingUid=1002
09-01 14:23:39.803 I/BluetoothUtils( 8588): packagename is android.uid.bluetooth:1002 ,and its permission is false
09-01 14:23:39.803 D/WindowManager( 1639): Input focus has changed to null
09-01 14:23:39.806 D/StatusBar(29730): disable<e i a s b h r c s > disable2<q i n g r >
09-01 14:23:39.810 D/PhoneStatusBar/NavigationBarView(29730): setDisabledFlags back:false home:false recent:false
09-01 14:23:39.810 D/StatusBarClock(29730):  isNormalMode= true clock visible=true
09-01 14:23:39.810 D/PhoneStatusBar/NavigationBarView(29730): onDraw
09-01 14:23:39.814 I/appium  ( 2547): channel read invoked!
09-01 14:23:39.814 I/appium  ( 2547): channel read: GET /wd/hub/session/25938db7-d36d-4614-b1d5-9c4abd2c02b9/screenshot
09-01 14:23:39.810 W/perf@2.0-servic(  809): type=1400 audit(0.0:63421): avc: denied { search } for name="1639" dev="proc" ino=35541 scontext=u:r:hal_perf_default:s0 tcontext=u:r:system_server:s0 tclass=dir permissive=0
09-01 14:23:39.810 W/perf@2.0-servic(  809): type=1400 audit(0.0:63422): avc: denied { search } for name="1639" dev="proc" ino=35541 scontext=u:r:hal_perf_default:s0 tcontext=u:r:system_server:s0 tclass=dir permissive=0
09-01 14:23:39.814 D/EventBus(29730): [29730, u0] send(AppTransitionFinishedEvent)
09-01 14:23:39.814 I/appium  ( 2547): Capture screenshot command
09-01 14:23:39.814 D/EventBus(29730): [29730, u0]  -> ForcedResizableInfoActivityController [0xc4c1163, P1] onBusEvent(AppTransitionFinishedEvent)
09-01 14:23:39.814 D/EventBus(29730): [29730, u0] onBusEvent(AppTransitionFinishedEvent) duration: 18 microseconds, avg: 42
09-01 14:23:39.821 V/bt_stack( 8588): [VERBOSE1:btm_ble_gap.cc(1923)] btm_ble_process_ext_adv_pkt: bda=33:55:74:83:d5:3a
09-01 14:23:39.821 V/bt_stack( 8588): [VERBOSE1:btm_ble_gap.cc(1847)] btm_ble_process_adv_addr: bda=33:55:74:83:d5:3a
09-01 14:23:39.822 D/BluetoothUtils( 8588): blockedByLocationOff callingUid=1002
09-01 14:23:39.823 I/BluetoothUtils( 8588): packagename is android.uid.bluetooth:1002 ,and its permission is false
09-01 14:23:39.823 D/BluetoothUtils( 8588): blockedByLocationOff callingUid=1002
09-01 14:23:39.823 I/BluetoothUtils( 8588): packagename is android.uid.bluetooth:1002 ,and its permission is false
09-01 14:23:39.823 D/BluetoothUtils( 8588): blockedByLocationOff callingUid=1002
09-01 14:23:39.823 I/BluetoothUtils( 8588): packagename is android.uid.bluetooth:1002 ,and its permission is false
09-01 14:23:39.826 V/bt_stack( 8588): [VERBOSE1:btm_ble_gap.cc(1923)] btm_ble_process_ext_adv_pkt: bda=30:b8:83:fe:c9:1f
09-01 14:23:39.826 V/bt_stack( 8588): [VERBOSE1:btm_ble_gap.cc(1847)] btm_ble_process_adv_addr: bda=30:b8:83:fe:c9:1f
09-01 14:23:39.826 D/BluetoothUtils( 8588): blockedByLocationOff callingUid=1002
09-01 14:23:39.827 V/bt_stack( 8588): [VERBOSE1:btm_ble_gap.cc(1923)] btm_ble_process_ext_adv_pkt: bda=35:08:67:20:13:25
