09-01 14:23:38.032 D/HeadsetService( 8588): getHeadsetService(): returning com.android.bluetooth.hfp.HeadsetService@7ff1c71
09-01 14:23:38.032 D/NuPlayerDriver( 1118): reset(0xe6135a00) at state 8
09-01 14:23:38.033 D/HeadsetService( 8588):  isAudioOn: The number of audio connected devices 0
09-01 14:23:38.033 D/HeadsetService( 8588): isScoOrCallActive(): Call Active:falseCall is Ringing:falseSCO is Active:false
09-01 14:23:38.033 D/HeadsetService( 8588):  isAudioOn: The number of audio connected devices 0
09-01 14:23:38.033 I/Avrcp_ext( 8588): updatePlayStatusForDevice: device: null
09-01 14:23:38.033 V/Avrcp_ext( 8588): updatePlaybackState (1): old=PlaybackState {state=2, position=-1, buffered position=0, speed=0.0, updated=595159178, actions=0, custom actions=[], active item id=-1, error=null}(2), new=PlaybackState {state=2, position=-1, buffered position=0, speed=0.0, updated=595159361, actions=0, custom actions=[], active item id=-1, error=null}(2)
09-01 14:23:38.033 I/Avrcp_ext( 8588): Exit updatePlayStatusForDevice
09-01 14:23:38.033 D/HeadsetService( 8588):  isAudioOn: The number of audio connected devices 0
09-01 14:23:38.033 D/HeadsetService( 8588): isScoOrCallActive(): Call Active:falseCall is Ringing:falseSCO is Active:false
09-01 14:23:38.034 D/HeadsetService( 8588):  isAudioOn: The number of audio connected devices 0
09-01 14:23:38.034 I/Avrcp_ext( 8588): updatePlayStatusForDevice: device: null
09-01 14:23:38.034 V/Avrcp_ext( 8588): updatePlaybackState (1): old=PlaybackState {state=2, position=-1, buffered position=0, speed=0.0, updated=595159178, actions=0, custom actions=[], active item id=-1, error=null}(2), new=PlaybackState {state=2, position=-1, buffered position=0, speed=0.0, updated=595159361, actions=0, custom actions=[], active item id=-1, error=null}(2)
09-01 14:23:38.034 I/Avrcp_ext( 8588): Exit updatePlayStatusForDevice
09-01 14:23:38.034 D/HeadsetService( 8588):  isAudioOn: The number of audio connected devices 0
09-01 14:23:38.034 D/HeadsetService( 8588): isScoOrCallActive(): Call Active:falseCall is Ringing:falseSCO is Active:false
09-01 14:23:38.034 D/HeadsetService( 8588):  isAudioOn: The number of audio connected devices 0
09-01 14:23:38.034 I/Avrcp_ext( 8588): updatePlayStatusForDevice: device: null
09-01 14:23:38.034 V/Avrcp_ext( 8588): updatePlaybackState (1): old=PlaybackState {state=2, position=-1, buffered position=0, speed=0.0, updated=595159178, actions=0, custom actions=[], active item id=-1, error=null}(2), new=PlaybackState {state=2, position=-1, buffered position=0, speed=0.0, updated=595159361, actions=0, custom actions=[], active item id=-1, error=null}(2)
09-01 14:23:38.034 I/Avrcp_ext( 8588): Exit updatePlayStatusForDevice
09-01 14:23:38.034 D/HeadsetService( 8588):  isAudioOn: The number of audio connected devices 0
09-01 14:23:38.034 D/HeadsetService( 8588): isScoOrCallActive(): Call Active:falseCall is Ringing:falseSCO is Active:false
09-01 14:23:38.034 D/HeadsetService( 8588):  isAudioOn: The number of audio connected devices 0
09-01 14:23:38.034 I/Avrcp_ext( 8588): updatePlayStatusForDevice: device: null
09-01 14:23:38.034 V/Avrcp_ext( 8588): updatePlaybackState (1): old=PlaybackState {state=2, position=-1, buffered position=0, speed=0.0, updated=595159178, actions=0, custom actions=[], active item id=-1, error=null}(2), new=PlaybackState {state=2, position=-1, buffered position=0, speed=0.0, updated=595159361, actions=0, custom actions=[], active item id=-1, error=null}(2)
09-01 14:23:38.034 I/Avrcp_ext( 8588): Exit updatePlayStatusForDevice
09-01 14:23:38.035 D/HeadsetService( 8588):  isAudioOn: The number of audio connected devices 0
09-01 14:23:38.035 D/HeadsetService( 8588): isScoOrCallActive(): Call Active:falseCall is Ringing:falseSCO is Active:false
09-01 14:23:38.035 D/HeadsetService( 8588):  isAudioOn: The number of audio connected devices 0
09-01 14:23:38.035 I/Avrcp_ext( 8588): updatePlayStatusForDevice: device: null
09-01 14:23:38.035 V/Avrcp_ext( 8588): updatePlaybackState (1): old=PlaybackState {state=2, position=-1, buffered position=0, speed=0.0, updated=595159178, actions=0, custom actions=[], active item id=-1, error=null}(2), new=PlaybackState {state=2, position=-1, buffered position=0, speed=0.0, updated=595159361, actions=0, custom actions=[], active item id=-1, error=null}(2)
09-01 14:23:38.035 I/Avrcp_ext( 8588): Exit updatePlayStatusForDevice
09-01 14:23:38.035 D/Avrcp_ext( 8588): Enter sendPlayPosNotificationRsp
09-01 14:23:38.035 D/Avrcp_ext( 8588): sendPlayPosNotificationRsp: Not registered or requesting.
09-01 14:23:38.035 D/Avrcp_ext( 8588): Enter sendPlayPosNotificationRsp
09-01 14:23:38.035 D/Avrcp_ext( 8588): sendPlayPosNotificationRsp: Not registered or requesting.
09-01 14:23:38.035 D/Avrcp_ext( 8588): Enter sendPlayPosNotificationRsp
09-01 14:23:38.035 D/Avrcp_ext( 8588): sendPlayPosNotificationRsp: Not registered or requesting.
09-01 14:23:38.035 D/Avrcp_ext( 8588): Enter sendPlayPosNotificationRsp
09-01 14:23:38.035 D/Avrcp_ext( 8588): sendPlayPosNotificationRsp: Not registered or requesting.
09-01 14:23:38.035 D/Avrcp_ext( 8588): Enter sendPlayPosNotificationRsp
09-01 14:23:38.035 D/Avrcp_ext( 8588): sendPlayPosNotificationRsp: Not registered or requesting.
09-01 14:23:38.035 V/Avrcp_ext( 8588): Exit updatePlayerStateAndPosition
09-01 14:23:38.035 D/Avrcp_ext( 8588): AudioManager Player: ID:4039 -- type:android.media.SoundPool -- u/pid:10141/22367 -- state:idle -- attr:AudioAttributes: usage=USAGE_VOICEASSIST content=CONTENT_TYPE_VOICEASSIST flags=0x800 tags= bundle=null
09-01 14:23:38.035 D/Avrcp_ext( 8588): AudioManager Player: ID:15 -- type:android.media.SoundPool -- u/pid:1000/1639 -- state:idle -- attr:AudioAttributes: usage=USAGE_ASSISTANCE_SONIFICATION content=CONTENT_TYPE_SONIFICATION flags=0x800 tags= bundle=null
09-01 14:23:38.035 D/Avrcp_ext( 8588): AudioManager Player: ID:47 -- type:OpenSL ES AudioPlayer (Buffer Queue) -- u/pid:10108/2503 -- state:stopped -- attr:AudioAttributes: usage=USAGE_MEDIA content=CONTENT_TYPE_UNKNOWN flags=0x0 tags= bundle=null
09-01 14:23:38.035 D/AudioTrack( 1118):  pause(sessionID=4409)
09-01 14:23:38.035 D/Avrcp_ext( 8588): AudioManager Player: ID:79 -- type:android.media.SoundPool -- u/pid:1027/4689 -- state:idle -- attr:AudioAttributes: usage=USAGE_NOTIFICATION content=CONTENT_TYPE_SONIFICATION flags=0x800 tags= bundle=null
09-01 14:23:38.036 D/Avrcp_ext( 8588): AudioManager Player: ID:3791 -- type:android.media.SoundPool -- u/pid:1000/29730 -- state:idle -- attr:AudioAttributes: usage=USAGE_ASSISTANCE_SONIFICATION content=CONTENT_TYPE_SONIFICATION flags=0x800 tags= bundle=null
09-01 14:23:38.036 D/Avrcp_ext( 8588): AudioManager Player: ID:4047 -- type:android.media.MediaPlayer -- u/pid:10241/2627 -- state:idle -- attr:AudioAttributes: usage=USAGE_UNKNOWN content=CONTENT_TYPE_UNKNOWN flags=0x800 tags= bundle=null
09-01 14:23:38.036 D/Avrcp_ext( 8588): AudioManager Player: ID:23 -- type:android.media.SoundPool -- u/pid:1000/1639 -- state:idle -- attr:AudioAttributes: usage=USAGE_ASSISTANCE_SONIFICATION content=CONTENT_TYPE_SONIFICATION flags=0x800 tags= bundle=null
09-01 14:23:38.036 D/Avrcp_ext( 8588): AudioManager Player: ID:279 -- type:android.media.SoundPool -- u/pid:10090/7676 -- state:idle -- attr:AudioAttributes: usage=USAGE_ASSISTANCE_SONIFICATION content=CONTENT_TYPE_SONIFICATION flags=0x800 tags= bundle=null
09-01 14:23:38.036 D/Avrcp_ext( 8588): AudioManager Player: ID:4023 -- type:android.media.SoundPool -- u/pid:10141/22367 -- state:idle -- attr:AudioAttributes: usage=USAGE_VOICE_COMMUNICATION content=CONTENT_TYPE_SPEECH flags=0x800 tags= bundle=null
09-01 14:23:38.036 D/Avrcp_ext( 8588): AudioManager Player: ID:4055 -- type:android.media.MediaPlayer -- u/pid:10241/2627 -- state:idle -- attr:AudioAttributes: usage=USAGE_UNKNOWN content=CONTENT_TYPE_UNKNOWN flags=0x800 tags= bundle=null
09-01 14:23:38.036 D/Avrcp_ext( 8588): AudioManager Player: ID:4031 -- type:android.media.SoundPool -- u/pid:10141/22367 -- state:idle -- attr:AudioAttributes: usage=USAGE_VOICEASSIST content=CONTENT_TYPE_VOICEASSIST flags=0x800 tags= bundle=null
09-01 14:23:38.036 D/AudioTrack( 1118): stop(sessionID=4409)
09-01 14:23:38.036 D/Avrcp_ext( 8588): AudioManager isPlaying: false, mA2dpState: 11, isMusiActive: true
--------- beginning of system
09-01 14:23:38.038 D/PowerKeeper.Active( 6417): remove active uid = 10241, type = 1, new=0
09-01 14:23:38.038 I/PowerCheckerService( 6417): uid:10241change to inactive
09-01 14:23:38.038 D/PowerChecker.BaStats( 6417): notifyAudioStatusChangedLocked, uid = 10241, audioOn = false
09-01 14:23:38.039 I/AppActiveChecker( 6417): uid:10241change to inactive
09-01 14:23:38.039 D/AppActiveChecker( 6417): updateDownloadStateForUidResetPolicyLocked, uid = 10241
09-01 14:23:38.041 V/bt_stack( 8588): [VERBOSE1:btm_ble_gap.cc(1923)] btm_ble_process_ext_adv_pkt: bda=3c:22:fb:6a:ee:2c
09-01 14:23:38.041 V/bt_stack( 8588): [VERBOSE1:btm_ble_gap.cc(1847)] btm_ble_process_adv_addr: bda=3c:22:fb:6a:ee:2c
09-01 14:23:38.041 V/bt_stack( 8588): [VERBOSE1:btm_ble_gap.cc(2052)]  Waiting for scan response 3c:22:fb:6a:ee:2c
09-01 14:23:38.041 V/bt_stack( 8588): [VERBOSE1:btm_ble_gap.cc(1923)] btm_ble_process_ext_adv_pkt: bda=77:70:e9:20:dc:cd
09-01 14:23:38.041 V/bt_stack( 8588): [VERBOSE1:btm_ble_gap.cc(1847)] btm_ble_process_adv_addr: bda=77:70:e9:20:dc:cd
09-01 14:23:38.042 D/BluetoothUtils( 8588): blockedByLocationOff callingUid=1002
09-01 14:23:38.043 I/BluetoothUtils( 8588): packagename is android.uid.bluetooth:1002 ,and its permission is false
09-01 14:23:38.043 D/BluetoothUtils( 8588): blockedByLocationOff callingUid=1002
09-01 14:23:38.043 I/BluetoothUtils( 8588): packagename is android.uid.bluetooth:1002 ,and its permission is false
09-01 14:23:38.043 D/BluetoothUtils( 8588): blockedByLocationOff callingUid=1002
09-01 14:23:38.044 I/BluetoothUtils( 8588): packagename is android.uid.bluetooth:1002 ,and its permission is false
09-01 14:23:38.044 D/AudioTrack( 1118): ~AudioTrack(sessionID=4409)
09-01 14:23:38.044 E/AudioSystem( 1118): invalid attributes { Content type: AUDIO_CONTENT_TYPE_UNKNOWN Usage: AUDIO_USAGE_UNKNOWN Source: -1 Flags: 0x800 Tags:  } when converting to stream
09-01 14:23:38.044 D/AudioTrack( 1118): stop(sessionID=4409)
09-01 14:23:38.046 V/bt_stack( 8588): [VERBOSE1:btm_ble_gap.cc(1923)] btm_ble_process_ext_adv_pkt: bda=33:55:74:83:d5:3a
09-01 14:23:38.046 V/bt_stack( 8588): [VERBOSE1:btm_ble_gap.cc(1847)] btm_ble_process_adv_addr: bda=33:55:74:83:d5:3a
09-01 14:23:38.046 D/NuPlayerDriver( 1118): notifyResetComplete(0xe6135a00)
09-01 14:23:38.047 D/BluetoothUtils( 8588): blockedByLocationOff callingUid=1002
09-01 14:23:38.047 W/AMessage( 1118): failed to post message as target looper for handler 0 is gone.
09-01 14:23:38.047 I/BluetoothUtils( 8588): packagename is android.uid.bluetooth:1002 ,and its permission is false
09-01 14:23:38.047 D/msm8974_platform(  771): platform_split_snd_device: snd_device(2) num devices(1) new_snd_devices(0)
09-01 14:23:38.047 D/ACDB-LOADER(  771): ACDB -> send_audvoltable
09-01 14:23:38.047 D/ACDB-LOADER(  771): ACDB -> ACDB_CMD_GET_AUDPROC_INSTANCE_GAIN_DEP_STEP_TABLE_SIZE
09-01 14:23:38.048 D/BluetoothUtils( 8588): blockedByLocationOff callingUid=1002
09-01 14:23:38.048 D/ACDB-LOADER(  771): ACDB -> ACDB_CMD_GET_AUDPROC_INSTANCE_GAIN_DEP_STEP_TABLE, vol index 0
09-01 14:23:38.048 D/ACDB-LOADER(  771): ACDB -> AUDIO_SET_VOL_CAL cal type = 40
09-01 14:23:38.048 I/BluetoothUtils( 8588): packagename is android.uid.bluetooth:1002 ,and its permission is false
09-01 14:23:38.048 D/BluetoothUtils( 8588): blockedByLocationOff callingUid=1002
09-01 14:23:38.048 W/msm8974_platform(  771): platform_send_gain_dep_cal: Usecase list is empty
09-01 14:23:38.048 I/BluetoothUtils( 8588): packagename is android.uid.bluetooth:1002 ,and its permission is false
09-01 14:23:38.048 V/bt_stack( 8588): [VERBOSE1:btm_ble_gap.cc(1923)] btm_ble_process_ext_adv_pkt: bda=59:bb:67:f0:94:3c
09-01 14:23:38.048 V/bt_stack( 8588): [VERBOSE1:btm_ble_gap.cc(1847)] btm_ble_process_adv_addr: bda=59:bb:67:f0:94:3c
09-01 14:23:38.049 D/msm8974_platform(  771): platform_split_snd_device: snd_device(2) num devices(1) new_snd_devices(0)
09-01 14:23:38.049 W/msm8974_platform(  771): platform_send_gain_dep_cal: Usecase list is empty
09-01 14:23:38.049 D/APM_AudioPolicyManager(  849): stopOutput portId 216
09-01 14:23:38.049 D/APM_AudioPolicyManager(  849): stopOutput() output 13, stream 3, session 4409
09-01 14:23:38.049 D/BluetoothUtils( 8588): blockedByLocationOff callingUid=1002
09-01 14:23:38.049 D/APM_AudioPolicyManager(  849): getNewOutputDevices selected devices AUDIO_DEVICE_NONE
09-01 14:23:38.049 D/APM_AudioPolicyManager(  849): setOutputDevices device AUDIO_DEVICE_NONE delayMs 96 force 0
09-01 14:23:38.049 W/MediaPlayer( 2627): mediaplayer went away with unhandled events
09-01 14:23:38.049 W/MediaPlayer( 2627): mediaplayer went away with unhandled events
09-01 14:23:38.049 I/BluetoothUtils( 8588): packagename is android.uid.bluetooth:1002 ,and its permission is false
09-01 14:23:38.049 D/BluetoothUtils( 8588): blockedByLocationOff callingUid=1002
09-01 14:23:38.050 I/BluetoothUtils( 8588): packagename is android.uid.bluetooth:1002 ,and its permission is false
09-01 14:23:38.050 D/BluetoothUtils( 8588): blockedByLocationOff callingUid=1002
09-01 14:23:38.050 I/BluetoothUtils( 8588): packagename is android.uid.bluetooth:1002 ,and its permission is false
09-01 14:23:38.050 D/APM_AudioPolicyManager(  849): setOutputDevices setting same device AUDIO_DEVICE_NONE or null device, force=0, patch handle=4
09-01 14:23:38.050 D/APM_AudioPolicyManager(  849): releaseOutput() 13
09-01 14:23:38.051 D/NuPlayerDriver( 1118): NuPlayerDriver(0xe6135180) created, clientPid(2627)
09-01 14:23:38.052 I/appium  ( 2547): Waiting up to 10000ms for device to be idle
09-01 14:23:38.055 I/Codec2Client( 1118): Creating a Codec2 client to service "software"
09-01 14:23:38.055 V/bt_stack( 8588): [VERBOSE1:btm_ble_gap.cc(1923)] btm_ble_process_ext_adv_pkt: bda=ef:c7:41:c6:68:90
09-01 14:23:38.055 V/bt_stack( 8588): [VERBOSE1:btm_ble_gap.cc(1847)] btm_ble_process_adv_addr: bda=ef:c7:41:c6:68:90
09-01 14:23:38.055 V/bt_stack( 8588): [VERBOSE1:btm_ble_gap.cc(2052)]  Waiting for scan response ef:c7:41:c6:68:90
09-01 14:23:38.055 I/Codec2Client( 1118): Client to Codec2 service "software" created
09-01 14:23:38.056 I/Codec2Client( 1118): Creating a Codec2 client to service "default"
09-01 14:23:38.056 V/bt_stack( 8588): [VERBOSE1:btm_ble_gap.cc(1923)] btm_ble_process_ext_adv_pkt: bda=53:56:a8:ef:e5:80
09-01 14:23:38.056 V/bt_stack( 8588): [VERBOSE1:btm_ble_gap.cc(1847)] btm_ble_process_adv_addr: bda=53:56:a8:ef:e5:80
09-01 14:23:38.056 V/bt_stack( 8588): [VERBOSE1:btm_ble_gap.cc(2052)]  Waiting for scan response 53:56:a8:ef:e5:80
09-01 14:23:38.056 V/bt_stack( 8588): [VERBOSE1:btm_ble_gap.cc(1923)] btm_ble_process_ext_adv_pkt: bda=53:56:a8:ef:e5:80
09-01 14:23:38.056 V/bt_stack( 8588): [VERBOSE1:btm_ble_gap.cc(1847)] btm_ble_process_adv_addr: bda=53:56:a8:ef:e5:80
09-01 14:23:38.057 D/BluetoothUtils( 8588): blockedByLocationOff callingUid=1002
09-01 14:23:38.057 I/Codec2Client( 1118): Client to Codec2 service "default" created
09-01 14:23:38.058 I/BluetoothUtils( 8588): packagename is android.uid.bluetooth:1002 ,and its permission is false
09-01 14:23:38.058 D/BluetoothUtils( 8588): blockedByLocationOff callingUid=1002
09-01 14:23:38.058 I/BluetoothUtils( 8588): packagename is android.uid.bluetooth:1002 ,and its permission is false
09-01 14:23:38.058 D/BluetoothUtils( 8588): blockedByLocationOff callingUid=1002
09-01 14:23:38.059 E/AudioSystem( 1118): invalid attributes { Content type: AUDIO_CONTENT_TYPE_UNKNOWN Usage: AUDIO_USAGE_UNKNOWN Source: -1 Flags: 0x800 Tags:  } when converting to stream
09-01 14:23:38.059 I/BluetoothUtils( 8588): packagename is android.uid.bluetooth:1002 ,and its permission is false
09-01 14:23:38.060 D/GenericSource( 1118): FileSource remote
09-01 14:23:38.061 V/bt_stack( 8588): [VERBOSE1:btm_ble_gap.cc(1923)] btm_ble_process_ext_adv_pkt: bda=0c:1a:06:0e:96:57
09-01 14:23:38.061 V/bt_stack( 8588): [VERBOSE1:btm_ble_gap.cc(1847)] btm_ble_process_adv_addr: bda=0c:1a:06:0e:96:57
09-01 14:23:38.062 D/BluetoothUtils( 8588): blockedByLocationOff callingUid=1002
09-01 14:23:38.062 I/BluetoothUtils( 8588): packagename is android.uid.bluetooth:1002 ,and its permission is false
09-01 14:23:38.062 D/BluetoothUtils( 8588): blockedByLocationOff callingUid=1002
09-01 14:23:38.062 I/BluetoothUtils( 8588): packagename is android.uid.bluetooth:1002 ,and its permission is false
09-01 14:23:38.062 D/BluetoothUtils( 8588): blockedByLocationOff callingUid=1002
09-01 14:23:38.063 I/BluetoothUtils( 8588): packagename is android.uid.bluetooth:1002 ,and its permission is false
09-01 14:23:38.063 V/bt_stack( 8588): [VERBOSE1:btm_ble_gap.cc(1923)] btm_ble_process_ext_adv_pkt: bda=20:3f:25:a8:6a:f6
09-01 14:23:38.063 V/bt_stack( 8588): [VERBOSE1:btm_ble_gap.cc(1847)] btm_ble_process_adv_addr: bda=20:3f:25:a8:6a:f6
09-01 14:23:38.063 I/MMParserExtractor( 1115): Created(0x2c074e5910)
09-01 14:23:38.064 D/BluetoothUtils( 8588): blockedByLocationOff callingUid=1002
09-01 14:23:38.064 I/BluetoothUtils( 8588): packagename is android.uid.bluetooth:1002 ,and its permission is false
09-01 14:23:38.064 V/bt_stack( 8588): [VERBOSE1:btm_ble_gap.cc(1923)] btm_ble_process_ext_adv_pkt: bda=12:1c:38:cd:04:e8
09-01 14:23:38.064 V/bt_stack( 8588): [VERBOSE1:btm_ble_gap.cc(1847)] btm_ble_process_adv_addr: bda=12:1c:38:cd:04:e8
09-01 14:23:38.064 D/BluetoothUtils( 8588): blockedByLocationOff callingUid=1002
09-01 14:23:38.065 I/BluetoothUtils( 8588): packagename is android.uid.bluetooth:1002 ,and its permission is false
09-01 14:23:38.065 D/BluetoothUtils( 8588): blockedByLocationOff callingUid=1002
09-01 14:23:38.065 I/BluetoothUtils( 8588): packagename is android.uid.bluetooth:1002 ,and its permission is false
09-01 14:23:38.065 W/        ( 1115): dropping start parameters:
09-01 14:23:38.065 I/MetaDataBase( 1115): extf: (int32_t) 2
09-01 14:23:38.065 W/BpMediaSource( 1118): ignoring potentially modified MetaData from start
09-01 14:23:38.065 W/BpMediaSource( 1118): input:
09-01 14:23:38.065 I/MetaDataBase( 1118): extf: (int32_t) 2
09-01 14:23:38.065 W/BpMediaSource( 1118): output:
09-01 14:23:38.065 I/MetaDataBase( 1118): extf: (int32_t) 2
09-01 14:23:38.065 D/BluetoothUtils( 8588): blockedByLocationOff callingUid=1002
09-01 14:23:38.066 I/BluetoothUtils( 8588): packagename is android.uid.bluetooth:1002 ,and its permission is false
09-01 14:23:38.066 D/BluetoothUtils( 8588): blockedByLocationOff callingUid=1002
09-01 14:23:38.066 I/BluetoothUtils( 8588): packagename is android.uid.bluetooth:1002 ,and its permission is false
09-01 14:23:38.066 V/bt_stack( 8588): [VERBOSE1:btm_ble_gap.cc(1923)] btm_ble_process_ext_adv_pkt: bda=2a:99:8c:12:d1:b1
09-01 14:23:38.066 D/BluetoothUtils( 8588): blockedByLocationOff callingUid=1002
09-01 14:23:38.066 V/bt_stack( 8588): [VERBOSE1:btm_ble_gap.cc(1847)] btm_ble_process_adv_addr: bda=2a:99:8c:12:d1:b1
09-01 14:23:38.066 I/BluetoothUtils( 8588): packagename is android.uid.bluetooth:1002 ,and its permission is false
09-01 14:23:38.067 D/BluetoothUtils( 8588): blockedByLocationOff callingUid=1002
09-01 14:23:38.067 I/BluetoothUtils( 8588): packagename is android.uid.bluetooth:1002 ,and its permission is false
09-01 14:23:38.067 D/BluetoothUtils( 8588): blockedByLocationOff callingUid=1002
09-01 14:23:38.068 I/BluetoothUtils( 8588): packagename is android.uid.bluetooth:1002 ,and its permission is false
09-01 14:23:38.068 D/BluetoothUtils( 8588): blockedByLocationOff callingUid=1002
09-01 14:23:38.068 V/bt_stack( 8588): [VERBOSE1:btm_ble_gap.cc(1923)] btm_ble_process_ext_adv_pkt: bda=07:5a:b0:04:f2:ba
09-01 14:23:38.068 V/bt_stack( 8588): [VERBOSE1:btm_ble_gap.cc(1847)] btm_ble_process_adv_addr: bda=07:5a:b0:04:f2:ba
09-01 14:23:38.068 I/BluetoothUtils( 8588): packagename is android.uid.bluetooth:1002 ,and its permission is false
09-01 14:23:38.068 V/bt_stack( 8588): [VERBOSE1:btm_ble_gap.cc(1923)] btm_ble_process_ext_adv_pkt: bda=35:08:67:20:13:25
09-01 14:23:38.068 V/bt_stack( 8588): [VERBOSE1:btm_ble_gap.cc(1847)] btm_ble_process_adv_addr: bda=35:08:67:20:13:25
09-01 14:23:38.068 W/MediaPlayer( 2627): Use of stream types is deprecated for operations other than volume control
09-01 14:23:38.069 W/MediaPlayer( 2627): See the documentation of setAudioStreamType() for what to use instead with android.media.AudioAttributes to qualify your playback use case
09-01 14:23:38.069 D/BluetoothUtils( 8588): blockedByLocationOff callingUid=1002
09-01 14:23:38.069 I/BluetoothUtils( 8588): packagename is android.uid.bluetooth:1002 ,and its permission is false
09-01 14:23:38.069 D/BluetoothUtils( 8588): blockedByLocationOff callingUid=1002
09-01 14:23:38.070 I/BluetoothUtils( 8588): packagename is android.uid.bluetooth:1002 ,and its permission is false
09-01 14:23:38.070 D/BluetoothUtils( 8588): blockedByLocationOff callingUid=1002
09-01 14:23:38.070 I/BluetoothUtils( 8588): packagename is android.uid.bluetooth:1002 ,and its permission is false
09-01 14:23:38.070 I/GenericSource( 1118): start
09-01 14:23:38.070 D/BluetoothUtils( 8588): blockedByLocationOff callingUid=1002
09-01 14:23:38.071 D/Avrcp_ext( 8588): AudioManager Player: ID:4039 -- type:android.media.SoundPool -- u/pid:10141/22367 -- state:idle -- attr:AudioAttributes: usage=USAGE_VOICEASSIST content=CONTENT_TYPE_VOICEASSIST flags=0x800 tags= bundle=null
09-01 14:23:38.071 D/Avrcp_ext( 8588): AudioManager Player: ID:15 -- type:android.media.SoundPool -- u/pid:1000/1639 -- state:idle -- attr:AudioAttributes: usage=USAGE_ASSISTANCE_SONIFICATION content=CONTENT_TYPE_SONIFICATION flags=0x800 tags= bundle=null
09-01 14:23:38.071 D/Avrcp_ext( 8588): AudioManager Player: ID:47 -- type:OpenSL ES AudioPlayer (Buffer Queue) -- u/pid:10108/2503 -- state:stopped -- attr:AudioAttributes: usage=USAGE_MEDIA content=CONTENT_TYPE_UNKNOWN flags=0x0 tags= bundle=null
09-01 14:23:38.071 D/Avrcp_ext( 8588): AudioManager Player: ID:79 -- type:android.media.SoundPool -- u/pid:1027/4689 -- state:idle -- attr:AudioAttributes: usage=USAGE_NOTIFICATION content=CONTENT_TYPE_SONIFICATION flags=0x800 tags= bundle=null
09-01 14:23:38.071 D/Avrcp_ext( 8588): AudioManager Player: ID:3791 -- type:android.media.SoundPool -- u/pid:1000/29730 -- state:idle -- attr:AudioAttributes: usage=USAGE_ASSISTANCE_SONIFICATION content=CONTENT_TYPE_SONIFICATION flags=0x800 tags= bundle=null
09-01 14:23:38.071 D/Avrcp_ext( 8588): AudioManager Player: ID:4047 -- type:android.media.MediaPlayer -- u/pid:10241/2627 -- state:idle -- attr:AudioAttributes: usage=USAGE_UNKNOWN content=CONTENT_TYPE_UNKNOWN flags=0x800 tags= bundle=null
09-01 14:23:38.071 D/Avrcp_ext( 8588): AudioManager Player: ID:23 -- type:android.media.SoundPool -- u/pid:1000/1639 -- state:idle -- attr:AudioAttributes: usage=USAGE_ASSISTANCE_SONIFICATION content=CONTENT_TYPE_SONIFICATION flags=0x800 tags= bundle=null
09-01 14:23:38.071 I/BluetoothUtils( 8588): packagename is android.uid.bluetooth:1002 ,and its permission is false
09-01 14:23:38.071 D/Avrcp_ext( 8588): AudioManager Player: ID:279 -- type:android.media.SoundPool -- u/pid:10090/7676 -- state:idle -- attr:AudioAttributes: usage=USAGE_ASSISTANCE_SONIFICATION content=CONTENT_TYPE_SONIFICATION flags=0x800 tags= bundle=null
09-01 14:23:38.071 D/Avrcp_ext( 8588): AudioManager Player: ID:4023 -- type:android.media.SoundPool -- u/pid:10141/22367 -- state:idle -- attr:AudioAttributes: usage=USAGE_VOICE_COMMUNICATION content=CONTENT_TYPE_SPEECH flags=0x800 tags= bundle=null
09-01 14:23:38.071 D/Avrcp_ext( 8588): AudioManager Player: ID:4055 -- type:android.media.MediaPlayer -- u/pid:10241/2627 -- state:idle -- attr:AudioAttributes: usage=USAGE_UNKNOWN content=CONTENT_TYPE_UNKNOWN flags=0x800 tags= bundle=null
09-01 14:23:38.071 D/Avrcp_ext( 8588): AudioManager Player: ID:4087 -- type:android.media.MediaPlayer -- u/pid:10241/2627 -- state:idle -- attr:AudioAttributes: usage=USAGE_MEDIA content=CONTENT_TYPE_MUSIC flags=0x800 tags= bundle=null
09-01 14:23:38.071 D/BluetoothUtils( 8588): blockedByLocationOff callingUid=1002
09-01 14:23:38.071 D/Avrcp_ext( 8588): AudioManager Player: ID:4031 -- type:android.media.SoundPool -- u/pid:10141/22367 -- state:idle -- attr:AudioAttributes: usage=USAGE_VOICEASSIST content=CONTENT_TYPE_VOICEASSIST flags=0x800 tags= bundle=null
09-01 14:23:38.071 W/Utils   ( 1118): track of type 'audio/mpeg' does not publish channel mask, channel count 1
09-01 14:23:38.071 V/AudioPolicyManagerCustom(  849): isOffloadSupported: SR=48000, CM=0x1, Format=0x1000000, StreamType=3, BitRate=128000, duration=672000 us, has_video=0
09-01 14:23:38.071 D/Avrcp_ext( 8588): AudioManager isPlaying: false, mA2dpState: 11, isMusiActive: false
09-01 14:23:38.071 V/AudioPolicyManagerCustom(  849): Offload denied by duration < audio.offload.min.duration.secs(=30)
09-01 14:23:38.071 D/Avrcp_ext( 8588): AudioManager Player: ID:4039 -- type:android.media.SoundPool -- u/pid:10141/22367 -- state:idle -- attr:AudioAttributes: usage=USAGE_VOICEASSIST content=CONTENT_TYPE_VOICEASSIST flags=0x800 tags= bundle=null
09-01 14:23:38.071 D/Avrcp_ext( 8588): AudioManager Player: ID:15 -- type:android.media.SoundPool -- u/pid:1000/1639 -- state:idle -- attr:AudioAttributes: usage=USAGE_ASSISTANCE_SONIFICATION content=CONTENT_TYPE_SONIFICATION flags=0x800 tags= bundle=null
09-01 14:23:38.071 D/Avrcp_ext( 8588): AudioManager Player: ID:47 -- type:OpenSL ES AudioPlayer (Buffer Queue) -- u/pid:10108/2503 -- state:stopped -- attr:AudioAttributes: usage=USAGE_MEDIA content=CONTENT_TYPE_UNKNOWN flags=0x0 tags= bundle=null
09-01 14:23:38.071 D/Avrcp_ext( 8588): AudioManager Player: ID:79 -- type:android.media.SoundPool -- u/pid:1027/4689 -- state:idle -- attr:AudioAttributes: usage=USAGE_NOTIFICATION content=CONTENT_TYPE_SONIFICATION flags=0x800 tags= bundle=null
09-01 14:23:38.071 I/BluetoothUtils( 8588): packagename is android.uid.bluetooth:1002 ,and its permission is false
09-01 14:23:38.071 D/Avrcp_ext( 8588): AudioManager Player: ID:3791 -- type:android.media.SoundPool -- u/pid:1000/29730 -- state:idle -- attr:AudioAttributes: usage=USAGE_ASSISTANCE_SONIFICATION content=CONTENT_TYPE_SONIFICATION flags=0x800 tags= bundle=null
09-01 14:23:38.071 D/Avrcp_ext( 8588): AudioManager Player: ID:4047 -- type:android.media.MediaPlayer -- u/pid:10241/2627 -- state:idle -- attr:AudioAttributes: usage=USAGE_UNKNOWN content=CONTENT_TYPE_UNKNOWN flags=0x800 tags= bundle=null
09-01 14:23:38.071 D/Avrcp_ext( 8588): AudioManager Player: ID:23 -- type:android.media.SoundPool -- u/pid:1000/1639 -- state:idle -- attr:AudioAttributes: usage=USAGE_ASSISTANCE_SONIFICATION content=CONTENT_TYPE_SONIFICATION flags=0x800 tags= bundle=null
09-01 14:23:38.071 D/Avrcp_ext( 8588): AudioManager Player: ID:279 -- type:android.media.SoundPool -- u/pid:10090/7676 -- state:idle -- attr:AudioAttributes: usage=USAGE_ASSISTANCE_SONIFICATION content=CONTENT_TYPE_SONIFICATION flags=0x800 tags= bundle=null
09-01 14:23:38.071 D/BluetoothUtils( 8588): blockedByLocationOff callingUid=1002
09-01 14:23:38.071 D/Avrcp_ext( 8588): AudioManager Player: ID:4023 -- type:android.media.SoundPool -- u/pid:10141/22367 -- state:idle -- attr:AudioAttributes: usage=USAGE_VOICE_COMMUNICATION content=CONTENT_TYPE_SPEECH flags=0x800 tags= bundle=null
09-01 14:23:38.071 D/Avrcp_ext( 8588): AudioManager Player: ID:4055 -- type:android.media.MediaPlayer -- u/pid:10241/2627 -- state:idle -- attr:AudioAttributes: usage=USAGE_UNKNOWN content=CONTENT_TYPE_UNKNOWN flags=0x800 tags= bundle=null
09-01 14:23:38.071 D/Avrcp_ext( 8588): AudioManager Player: ID:4087 -- type:android.media.MediaPlayer -- u/pid:10241/2627 -- state:started -- attr:AudioAttributes: usage=USAGE_MEDIA content=CONTENT_TYPE_MUSIC flags=0x800 tags= bundle=null
09-01 14:23:38.071 D/Avrcp_ext( 8588): AudioManager isPlaying: true, mA2dpState: 11, isMusiActive: false
09-01 14:23:38.071 V/Avrcp_ext( 8588): updateCurrentMediaState: mMediaController: null
09-01 14:23:38.071 I/BluetoothUtils( 8588): packagename is android.uid.bluetooth:1002 ,and its permission is false
09-01 14:23:38.072 V/Avrcp_ext( 8588): isMusicActive: false getBluetoothPlayState: 2
09-01 14:23:38.072 V/Avrcp_ext( 8588): updateCurrentMediaState: isPlaying = false
09-01 14:23:38.072 V/Avrcp_ext( 8588): updateCurrentMediaState: mMediaController or getPlaybackState() null
09-01 14:23:38.072 V/Avrcp_ext( 8588): Media update: id -1-1? [MediaAttributes: none] : [MediaAttributes: none]
09-01 14:23:38.072 V/Avrcp_ext( 8588): newPlayStatus:2mReportedPlayStatus:-1
09-01 14:23:38.072 V/Avrcp_ext( 8588): updatePlaybackState, state: PlaybackState {state=2, position=-1, buffered position=0, speed=0.0, updated=595159401, actions=0, custom actions=[], active item id=-1, error=null} device: null
09-01 14:23:38.072 V/Avrcp_ext( 8588): Device: no name: 
09-01 14:23:38.072 I/chatty  ( 8588): uid=1002(bluetooth) BluetoothAvrcpH identical 3 lines
09-01 14:23:38.072 V/Avrcp_ext( 8588): Device: no name: 
09-01 14:23:38.072 V/Avrcp_ext( 8588): updatePlayerStateAndPosition, old=PlaybackState {state=2, position=-1, buffered position=0, speed=0.0, updated=595159361, actions=0, custom actions=[], active item id=-1, error=null}, state=PlaybackState {state=2, position=-1, buffered position=0, speed=0.0, updated=595159401, actions=0, custom actions=[], active item id=-1, error=null}
09-01 14:23:38.072 V/Avrcp_ext( 8588): old state = PlaybackState {state=2, position=-1, buffered position=0, speed=0.0, updated=595159361, actions=0, custom actions=[], active item id=-1, error=null}, new state= PlaybackState {state=2, position=-1, buffered position=0, speed=0.0, updated=595159401, actions=0, custom actions=[], active item id=-1, error=null}
09-01 14:23:38.072 D/HeadsetService( 8588): getHeadsetService(): returning com.android.bluetooth.hfp.HeadsetService@7ff1c71
09-01 14:23:38.072 D/HeadsetService( 8588):  isAudioOn: The number of audio connected devices 0
09-01 14:23:38.072 D/HeadsetService( 8588): isScoOrCallActive(): Call Active:falseCall is Ringing:falseSCO is Active:false
09-01 14:23:38.072 W/Utils   ( 1118): track of type 'audio/mpeg' does not publish channel mask, channel count 1
09-01 14:23:38.072 V/AudioPolicyManagerCustom(  849): isOffloadSupported: SR=48000, CM=0x1, Format=0x1000000, StreamType=3, BitRate=128000, duration=672000 us, has_video=0
09-01 14:23:38.072 V/AudioPolicyManagerCustom(  849): Offload denied by duration < audio.offload.min.duration.secs(=30)
09-01 14:23:38.072 D/HeadsetService( 8588):  isAudioOn: The number of audio connected devices 0
09-01 14:23:38.072 I/Avrcp_ext( 8588): updatePlayStatusForDevice: device: null
09-01 14:23:38.072 V/Avrcp_ext( 8588): updatePlaybackState (1): old=PlaybackState {state=2, position=-1, buffered position=0, speed=0.0, updated=595159361, actions=0, custom actions=[], active item id=-1, error=null}(2), new=PlaybackState {state=2, position=-1, buffered position=0, speed=0.0, updated=595159401, actions=0, custom actions=[], active item id=-1, error=null}(2)
09-01 14:23:38.072 I/Avrcp_ext( 8588): Exit updatePlayStatusForDevice
09-01 14:23:38.072 D/PowerKeeper.Active( 6417): add active uid = 10241, type = 1
09-01 14:23:38.072 D/HeadsetService( 8588):  isAudioOn: The number of audio connected devices 0
09-01 14:23:38.072 D/HeadsetService( 8588): isScoOrCallActive(): Call Active:falseCall is Ringing:falseSCO is Active:false
09-01 14:23:38.073 I/PowerCheckerService( 6417): uid:10241 change to active
09-01 14:23:38.073 D/PowerChecker.BaStats( 6417): notifyAudioStatusChangedLocked, uid = 10241, audioOn = true
09-01 14:23:38.073 I/AppActiveChecker( 6417): uid:10241 change to active
09-01 14:23:38.073 D/HeadsetService( 8588):  isAudioOn: The number of audio connected devices 0
09-01 14:23:38.073 I/Avrcp_ext( 8588): updatePlayStatusForDevice: device: null
09-01 14:23:38.073 V/Avrcp_ext( 8588): updatePlaybackState (1): old=PlaybackState {state=2, position=-1, buffered position=0, speed=0.0, updated=595159361, actions=0, custom actions=[], active item id=-1, error=null}(2), new=PlaybackState {state=2, position=-1, buffered position=0, speed=0.0, updated=595159401, actions=0, custom actions=[], active item id=-1, error=null}(2)
09-01 14:23:38.073 I/Avrcp_ext( 8588): Exit updatePlayStatusForDevice
09-01 14:23:38.073 D/HeadsetService( 8588):  isAudioOn: The number of audio connected devices 0
09-01 14:23:38.073 D/HeadsetService( 8588): isScoOrCallActive(): Call Active:falseCall is Ringing:falseSCO is Active:false
09-01 14:23:38.073 D/HeadsetService( 8588):  isAudioOn: The number of audio connected devices 0
09-01 14:23:38.073 I/Avrcp_ext( 8588): updatePlayStatusForDevice: device: null
09-01 14:23:38.073 V/Avrcp_ext( 8588): updatePlaybackState (1): old=PlaybackState {state=2, position=-1, buffered position=0, speed=0.0, updated=595159361, actions=0, custom actions=[], active item id=-1, error=null}(2), new=PlaybackState {state=2, position=-1, buffered position=0, speed=0.0, updated=595159401, actions=0, custom actions=[], active item id=-1, error=null}(2)
09-01 14:23:38.073 I/Avrcp_ext( 8588): Exit updatePlayStatusForDevice
09-01 14:23:38.073 D/HeadsetService( 8588):  isAudioOn: The number of audio connected devices 0
09-01 14:23:38.074 D/HeadsetService( 8588): isScoOrCallActive(): Call Active:falseCall is Ringing:falseSCO is Active:false
09-01 14:23:38.074 V/bt_stack( 8588): [VERBOSE1:btm_ble_gap.cc(1923)] btm_ble_process_ext_adv_pkt: bda=1a:90:83:98:47:ad
09-01 14:23:38.074 V/bt_stack( 8588): [VERBOSE1:btm_ble_gap.cc(1847)] btm_ble_process_adv_addr: bda=1a:90:83:98:47:ad
09-01 14:23:38.074 D/HeadsetService( 8588):  isAudioOn: The number of audio connected devices 0
09-01 14:23:38.074 I/Avrcp_ext( 8588): updatePlayStatusForDevice: device: null
09-01 14:23:38.074 V/Avrcp_ext( 8588): updatePlaybackState (1): old=PlaybackState {state=2, position=-1, buffered position=0, speed=0.0, updated=595159361, actions=0, custom actions=[], active item id=-1, error=null}(2), new=PlaybackState {state=2, position=-1, buffered position=0, speed=0.0, updated=595159401, actions=0, custom actions=[], active item id=-1, error=null}(2)
09-01 14:23:38.074 I/Avrcp_ext( 8588): Exit updatePlayStatusForDevice
09-01 14:23:38.074 D/HeadsetService( 8588):  isAudioOn: The number of audio connected devices 0
09-01 14:23:38.074 D/HeadsetService( 8588): isScoOrCallActive(): Call Active:falseCall is Ringing:falseSCO is Active:false
09-01 14:23:38.074 D/HeadsetService( 8588):  isAudioOn: The number of audio connected devices 0
09-01 14:23:38.074 I/Avrcp_ext( 8588): updatePlayStatusForDevice: device: null
09-01 14:23:38.074 V/Avrcp_ext( 8588): updatePlaybackState (1): old=PlaybackState {state=2, position=-1, buffered position=0, speed=0.0, updated=595159361, actions=0, custom actions=[], active item id=-1, error=null}(2), new=PlaybackState {state=2, position=-1, buffered position=0, speed=0.0, updated=595159401, actions=0, custom actions=[], active item id=-1, error=null}(2)
09-01 14:23:38.074 I/Avrcp_ext( 8588): Exit updatePlayStatusForDevice
09-01 14:23:38.074 D/Avrcp_ext( 8588): Enter sendPlayPosNotificationRsp
09-01 14:23:38.074 D/Avrcp_ext( 8588): sendPlayPosNotificationRsp: Not registered or requesting.
09-01 14:23:38.074 D/Avrcp_ext( 8588): Enter sendPlayPosNotificationRsp
09-01 14:23:38.074 D/Avrcp_ext( 8588): sendPlayPosNotificationRsp: Not registered or requesting.
09-01 14:23:38.074 D/Avrcp_ext( 8588): Enter sendPlayPosNotificationRsp
09-01 14:23:38.074 D/Avrcp_ext( 8588): sendPlayPosNotificationRsp: Not registered or requesting.
09-01 14:23:38.074 D/Avrcp_ext( 8588): Enter sendPlayPosNotificationRsp
09-01 14:23:38.074 D/Avrcp_ext( 8588): sendPlayPosNotificationRsp: Not registered or requesting.
09-01 14:23:38.074 D/Avrcp_ext( 8588): Enter sendPlayPosNotificationRsp
09-01 14:23:38.074 D/Avrcp_ext( 8588): sendPlayPosNotificationRsp: Not registered or requesting.
09-01 14:23:38.074 V/Avrcp_ext( 8588): Exit updatePlayerStateAndPosition
09-01 14:23:38.074 D/BluetoothUtils( 8588): blockedByLocationOff callingUid=1002
09-01 14:23:38.075 I/BluetoothUtils( 8588): packagename is android.uid.bluetooth:1002 ,and its permission is false
09-01 14:23:38.075 D/audio_hw_primary(  771): adev_get_parameters:is_hw_dec_session_available
09-01 14:23:38.075 D/audio_hw_spkr_prot(  771): fbsp_get_parameters: Speaker protection disabled
09-01 14:23:38.075 D/soundtrigger(  771): audio_extn_sound_trigger_get_parameters input string<is_hw_dec_session_available=>
09-01 14:23:38.075 D/soundtrigger(  771): extract_sm_handle input string <is_hw_dec_session_available=> param string <is_hw_dec_session_available=>
09-01 14:23:38.075 D/audio_hw_extn(  771): audio_extn_fm_get_parameters: Enter
09-01 14:23:38.075 D/audio_hw_extn(  771): audio_extn_get_parameters: returns 
09-01 14:23:38.075 D/BluetoothUtils( 8588): blockedByLocationOff callingUid=1002
09-01 14:23:38.075 V/msm8974_platform(  771): platform_get_parameters: exit: returns - 
09-01 14:23:38.075 D/audio_hw_primary(  771): adev_get_parameters: exit: returns - 
09-01 14:23:38.075 I/hash_map_utils(  849): key: 'is_hw_dec_session_available' value: 'audio/mpeg'
09-01 14:23:38.075 I/BluetoothUtils( 8588): packagename is android.uid.bluetooth:1002 ,and its permission is false
09-01 14:23:38.075 D/BluetoothUtils( 8588): blockedByLocationOff callingUid=1002
09-01 14:23:38.075 I/BluetoothUtils( 8588): packagename is android.uid.bluetooth:1002 ,and its permission is false
09-01 14:23:38.076 E/ACodec  ( 1118): No packages for calling UID
09-01 14:23:38.078 I/OMXClient( 1118): IOmx service obtained
09-01 14:23:38.078 I/OMXMaster( 1140): makeComponentInstance(OMX.google.mp3.decoder) in android.hardwar process
09-01 14:23:38.079 E/OMXNodeInstance( 1140): setConfig(0xe90a90e0:google.mp3.decoder, ConfigPriority(0x6f800002)) ERROR: Undefined(0x80001001)
09-01 14:23:38.079 I/ACodec  ( 1118): codec does not support config priority (err -2147483648)
09-01 14:23:38.079 E/OMXNodeInstance( 1140): setConfig(0xe90a90e0:google.mp3.decoder, ConfigPriority(0x6f800002)) ERROR: Undefined(0x80001001)
09-01 14:23:38.079 I/ACodec  ( 1118): codec does not support config priority (err -2147483648)
09-01 14:23:38.080 E/OMXNodeInstance( 1140): getConfig(0xe90a90e0:google.mp3.decoder, ConfigAndroidVendorExtension(0x6f100004)) ERROR: Undefined(0x80001001)
09-01 14:23:38.080 W/ExtendedACodec( 1118): Failed to get extension for extradata parameter
09-01 14:23:38.080 I/MediaCodec( 1118): MediaCodec will operate in async mode
09-01 14:23:38.087 V/bt_stack( 8588): [VERBOSE1:btm_ble_gap.cc(1923)] btm_ble_process_ext_adv_pkt: bda=2e:17:70:f9:0b:48
09-01 14:23:38.087 V/bt_stack( 8588): [VERBOSE1:btm_ble_gap.cc(1847)] btm_ble_process_adv_addr: bda=2e:17:70:f9:0b:48
09-01 14:23:38.088 D/BluetoothUtils( 8588): blockedByLocationOff callingUid=1002
09-01 14:23:38.088 I/BluetoothUtils( 8588): packagename is android.uid.bluetooth:1002 ,and its permission is false
09-01 14:23:38.088 D/BluetoothUtils( 8588): blockedByLocationOff callingUid=1002
09-01 14:23:38.088 I/BluetoothUtils( 8588): packagename is android.uid.bluetooth:1002 ,and its permission is false
09-01 14:23:38.088 D/BluetoothUtils( 8588): blockedByLocationOff callingUid=1002
09-01 14:23:38.089 I/BluetoothUtils( 8588): packagename is android.uid.bluetooth:1002 ,and its permission is false
09-01 14:23:38.089 I/ExtendedNuUtils( 1118): Both src and dst missing for bit-width
09-01 14:23:38.089 I/ExtendedNuUtils( 1118): Overriding durationUs: with 64 bit src value 672000
09-01 14:23:38.089 I/ExtendedNuUtils( 1118): Both src and dst missing for channel-mask
09-01 14:23:38.091 V/AudioPolicyManagerCustom(  849): getPackageName: com.xiaomi.hm.health  uid 10241
09-01 14:23:38.092 V/AudioPolicyManagerCustom(  849): getPackageName: com.xiaomi.hm.health  uid 10241
09-01 14:23:38.092 D/AudioTrack( 1118): set(sessionID=4425)
09-01 14:23:38.092 D/AudioTrack( 1118): set(): streamType 3, sampleRate 48000, format 0x1, channelMask 0x1, frameCount 24960, flags #2, notificationFrames 0, sessionId 4425, transferType 0, uid 10241, pid 2627
09-01 14:23:38.093 D/audio_hw_primary(  771): adev_get_parameters:audio_game_sound_volume_gap_switch
09-01 14:23:38.093 D/audio_hw_spkr_prot(  771): fbsp_get_parameters: Speaker protection disabled
09-01 14:23:38.093 D/soundtrigger(  771): audio_extn_sound_trigger_get_parameters input string<audio_game_sound_volume_gap_switch=>
09-01 14:23:38.093 D/soundtrigger(  771): extract_sm_handle input string <audio_game_sound_volume_gap_switch=> param string <audio_game_sound_volume_gap_switch=>
09-01 14:23:38.093 D/audio_hw_extn(  771): audio_extn_fm_get_parameters: Enter
09-01 14:23:38.093 D/audio_hw_extn(  771): audio_extn_get_parameters: returns 
09-01 14:23:38.093 V/msm8974_platform(  771): platform_get_parameters: exit: returns - audio_game_sound_volume_gap_switch=off
09-01 14:23:38.093 D/audio_hw_primary(  771): adev_get_parameters: exit: returns - audio_game_sound_volume_gap_switch=off
09-01 14:23:38.093 I/hash_map_utils(  849): key: 'audio_game_sound_volume_gap_switch' value: ''
09-01 14:23:38.094 D/APM_AudioPolicyManager(  849): getOutputForAttrInt() attributes={ Content type: AUDIO_CONTENT_TYPE_UNKNOWN Usage: AUDIO_USAGE_UNKNOWN Source: -1 Flags: 0x800 Tags:  } stream=AUDIO_STREAM_MUSIC session 4425 selectedDeviceId 0
09-01 14:23:38.094 D/APM_AudioPolicyManager(  849): getOutputForAttrInt() device {type:0x2,@:}, sampling rate 48000, format 0x1, channel mask 0x1, flags 0x2 stream AUDIO_STREAM_MUSIC
09-01 14:23:38.095 V/AudioPolicyManagerCustom(  849): getPackageName: com.xiaomi.hm.health  uid 10241
09-01 14:23:38.095 D/audio_hw_primary(  771): adev_get_parameters:vr_audio_mode_on
09-01 14:23:38.095 I/audio_hw_primary(  771): getting vr mode to 0
09-01 14:23:38.095 D/audio_hw_primary(  771): adev_get_parameters: exit: returns - vr_audio_mode_on=false
09-01 14:23:38.096 I/hash_map_utils(  849): key: 'vr_audio_mode_on' value: ''
09-01 14:23:38.096 I/AudioPolicyManagerCustom(  849): VR mode is 0, switch to primary output if request is for fast|raw
09-01 14:23:38.097 V/AudioPolicyManagerCustom(  849): getPackageName: com.xiaomi.hm.health  uid 10241
09-01 14:23:38.097 V/AudioPolicyManagerCustom(  849): getOutputForDevice() returns output 13
09-01 14:23:38.097 D/APM_AudioPolicyManager(  849): getOutputForAttrInt returns output 13 selectedDeviceId 3
09-01 14:23:38.099 D/AudioFlinger(  849): Client defaulted notificationFrames to 12480 for frameCount 24960
09-01 14:23:38.100 D/AF::TrackHandle(  849): OpPlayAudio: track:241 usage:0 not muted
09-01 14:23:38.103 E/        ( 1118): open /proc/2627/cmdline error
09-01 14:23:38.104 E/AudioSystem( 1118): invalid attributes { Content type: AUDIO_CONTENT_TYPE_UNKNOWN Usage: AUDIO_USAGE_UNKNOWN Source: -1 Flags: 0x800 Tags:  } when converting to stream
09-01 14:23:38.109 D/APM_AudioPolicyManager(  849): startOutput portId 217
09-01 14:23:38.109 D/APM_AudioPolicyManager(  849): startOutput() output 13, stream 3, session 4425
09-01 14:23:38.109 D/APM_AudioPolicyManager(  849): getNewOutputDevices selected devices {type:0x2,@:}
09-01 14:23:38.109 D/APM_AudioPolicyManager(  849): setOutputDevices device {type:0x2,@:} delayMs 0 force 0
09-01 14:23:38.110 V/bt_stack( 8588): [VERBOSE1:btm_ble_gap.cc(1923)] btm_ble_process_ext_adv_pkt: bda=52:03:4d:92:c0:30
09-01 14:23:38.110 V/bt_stack( 8588): [VERBOSE1:btm_ble_gap.cc(1847)] btm_ble_process_adv_addr: bda=52:03:4d:92:c0:30
09-01 14:23:38.110 V/bt_stack( 8588): [VERBOSE1:btm_ble_gap.cc(2052)]  Waiting for scan response 52:03:4d:92:c0:30
09-01 14:23:38.110 V/bt_stack( 8588): [VERBOSE1:btm_ble_gap.cc(1923)] btm_ble_process_ext_adv_pkt: bda=2f:3a:5d:02:04:9c
09-01 14:23:38.110 V/bt_stack( 8588): [VERBOSE1:btm_ble_gap.cc(1847)] btm_ble_process_adv_addr: bda=2f:3a:5d:02:04:9c
09-01 14:23:38.110 D/APM_AudioPolicyManager(  849): setOutputDevices setting same device {type:0x2,@:} or null device, force=0, patch handle=4
09-01 14:23:38.110 V/AudioPolicyManagerCustom(  849): checkAndSetVolume() set volumeSource 4 volume index 3 for device 0x02
09-01 14:23:38.111 D/msm8974_platform(  771): platform_split_snd_device: snd_device(2) num devices(1) new_snd_devices(0)
09-01 14:23:38.111 D/ACDB-LOADER(  771): ACDB -> send_audvoltable
09-01 14:23:38.111 D/ACDB-LOADER(  771): ACDB -> ACDB_CMD_GET_AUDPROC_INSTANCE_GAIN_DEP_STEP_TABLE_SIZE
09-01 14:23:38.111 D/ACDB-LOADER(  771): ACDB -> ACDB_CMD_GET_AUDPROC_INSTANCE_GAIN_DEP_STEP_TABLE, vol index 5
09-01 14:23:38.111 D/ACDB-LOADER(  771): ACDB -> AUDIO_SET_VOL_CAL cal type = 40
09-01 14:23:38.111 E/AudioFlinger(  849): open /proc/1118/cmdline error
09-01 14:23:38.111 I/AudioFlinger(  849): setAppName(), name=[], active=[1]
09-01 14:23:38.111 D/BluetoothUtils( 8588): blockedByLocationOff callingUid=1002
09-01 14:23:38.111 W/msm8974_platform(  771): platform_send_gain_dep_cal: Usecase list is empty
09-01 14:23:38.112 I/BluetoothUtils( 8588): packagename is android.uid.bluetooth:1002 ,and its permission is false
09-01 14:23:38.112 V/EffectMiSound(  771): MiSound_command() start, cmdCode=23
09-01 14:23:38.112 V/EffectMiSound(  771): MiSound_Command EFFECT_CMD_SET_APP_NAME: stream=3, name=+
09-01 14:23:38.112 D/BluetoothUtils( 8588): blockedByLocationOff callingUid=1002
09-01 14:23:38.112 I/BluetoothUtils( 8588): packagename is android.uid.bluetooth:1002 ,and its permission is false
09-01 14:23:38.112 D/BluetoothUtils( 8588): blockedByLocationOff callingUid=1002
09-01 14:23:38.112 I/BluetoothUtils( 8588): packagename is android.uid.bluetooth:1002 ,and its permission is false
09-01 14:23:38.114 V/bt_stack( 8588): [VERBOSE1:btm_ble_gap.cc(1923)] btm_ble_process_ext_adv_pkt: bda=17:be:83:99:5a:17
09-01 14:23:38.114 V/bt_stack( 8588): [VERBOSE1:btm_ble_gap.cc(1847)] btm_ble_process_adv_addr: bda=17:be:83:99:5a:17
09-01 14:23:38.114 D/BluetoothUtils( 8588): blockedByLocationOff callingUid=1002
09-01 14:23:38.115 I/BluetoothUtils( 8588): packagename is android.uid.bluetooth:1002 ,and its permission is false
09-01 14:23:38.115 D/BluetoothUtils( 8588): blockedByLocationOff callingUid=1002
09-01 14:23:38.115 I/BluetoothUtils( 8588): packagename is android.uid.bluetooth:1002 ,and its permission is false
09-01 14:23:38.115 D/BluetoothUtils( 8588): blockedByLocationOff callingUid=1002
09-01 14:23:38.115 I/BluetoothUtils( 8588): packagename is android.uid.bluetooth:1002 ,and its permission is false
09-01 14:23:38.116 V/bt_stack( 8588): [VERBOSE1:btm_ble_gap.cc(1923)] btm_ble_process_ext_adv_pkt: bda=66:3e:07:e0:2b:d4
09-01 14:23:38.116 V/bt_stack( 8588): [VERBOSE1:btm_ble_gap.cc(1847)] btm_ble_process_adv_addr: bda=66:3e:07:e0:2b:d4
09-01 14:23:38.116 V/bt_stack( 8588): [VERBOSE1:btm_ble_gap.cc(2052)]  Waiting for scan response 66:3e:07:e0:2b:d4
09-01 14:23:38.116 V/bt_stack( 8588): [VERBOSE1:btm_ble_gap.cc(1923)] btm_ble_process_ext_adv_pkt: bda=66:3e:07:e0:2b:d4
09-01 14:23:38.116 V/bt_stack( 8588): [VERBOSE1:btm_ble_gap.cc(1847)] btm_ble_process_adv_addr: bda=66:3e:07:e0:2b:d4
09-01 14:23:38.117 D/BluetoothUtils( 8588): blockedByLocationOff callingUid=1002
09-01 14:23:38.117 I/BluetoothUtils( 8588): packagename is android.uid.bluetooth:1002 ,and its permission is false
09-01 14:23:38.118 D/BluetoothUtils( 8588): blockedByLocationOff callingUid=1002
09-01 14:23:38.118 I/BluetoothUtils( 8588): packagename is android.uid.bluetooth:1002 ,and its permission is false
09-01 14:23:38.118 D/BluetoothUtils( 8588): blockedByLocationOff callingUid=1002
09-01 14:23:38.118 I/BluetoothUtils( 8588): packagename is android.uid.bluetooth:1002 ,and its permission is false
09-01 14:23:38.122 V/bt_stack( 8588): [VERBOSE1:btm_ble_gap.cc(1923)] btm_ble_process_ext_adv_pkt: bda=25:4e:aa:3f:5d:41
09-01 14:23:38.122 V/bt_stack( 8588): [VERBOSE1:btm_ble_gap.cc(1847)] btm_ble_process_adv_addr: bda=25:4e:aa:3f:5d:41
09-01 14:23:38.122 D/BluetoothUtils( 8588): blockedByLocationOff callingUid=1002
09-01 14:23:38.123 I/BluetoothUtils( 8588): packagename is android.uid.bluetooth:1002 ,and its permission is false
09-01 14:23:38.123 D/BluetoothUtils( 8588): blockedByLocationOff callingUid=1002
09-01 14:23:38.123 I/BluetoothUtils( 8588): packagename is android.uid.bluetooth:1002 ,and its permission is false
09-01 14:23:38.123 D/BluetoothUtils( 8588): blockedByLocationOff callingUid=1002
09-01 14:23:38.124 I/BluetoothUtils( 8588): packagename is android.uid.bluetooth:1002 ,and its permission is false
09-01 14:23:38.124 V/bt_stack( 8588): [VERBOSE1:btm_ble_gap.cc(1923)] btm_ble_process_ext_adv_pkt: bda=34:23:f9:27:c7:18
09-01 14:23:38.124 V/bt_stack( 8588): [VERBOSE1:btm_ble_gap.cc(1847)] btm_ble_process_adv_addr: bda=34:23:f9:27:c7:18
09-01 14:23:38.125 D/BluetoothUtils( 8588): blockedByLocationOff callingUid=1002
09-01 14:23:38.126 I/BluetoothUtils( 8588): packagename is android.uid.bluetooth:1002 ,and its permission is false
09-01 14:23:38.126 D/BluetoothUtils( 8588): blockedByLocationOff callingUid=1002
09-01 14:23:38.126 I/BluetoothUtils( 8588): packagename is android.uid.bluetooth:1002 ,and its permission is false
09-01 14:23:38.126 D/BluetoothUtils( 8588): blockedByLocationOff callingUid=1002
09-01 14:23:38.126 D/AudioTrack( 1118): getTimestamp_l(217): device stall time corrected using current time 210984143480817
09-01 14:23:38.126 I/BluetoothUtils( 8588): packagename is android.uid.bluetooth:1002 ,and its permission is false
09-01 14:23:38.136 V/bt_stack( 8588): [VERBOSE1:btm_ble_gap.cc(1923)] btm_ble_process_ext_adv_pkt: bda=5c:29:57:19:d9:ea
09-01 14:23:38.137 V/bt_stack( 8588): [VERBOSE1:btm_ble_gap.cc(1847)] btm_ble_process_adv_addr: bda=5c:29:57:19:d9:ea
09-01 14:23:38.138 D/BluetoothUtils( 8588): blockedByLocationOff callingUid=1002
09-01 14:23:38.138 I/BluetoothUtils( 8588): packagename is android.uid.bluetooth:1002 ,and its permission is false
09-01 14:23:38.138 D/BluetoothUtils( 8588): blockedByLocationOff callingUid=1002
