09-01 14:24:56.241 I/BluetoothUtils( 8588): packagename is android.uid.bluetooth:1002 ,and its permission is false
09-01 14:24:56.257 V/bt_stack( 8588): [VERBOSE1:btm_ble_gap.cc(1923)] btm_ble_process_ext_adv_pkt: bda=00:b8:42:bc:b8:71
09-01 14:24:56.257 V/bt_stack( 8588): [VERBOSE1:btm_ble_gap.cc(1847)] btm_ble_process_adv_addr: bda=00:b8:42:bc:b8:71
09-01 14:24:56.259 V/bt_stack( 8588): [VERBOSE1:btm_ble_gap.cc(1923)] btm_ble_process_ext_adv_pkt: bda=63:e7:6b:57:ac:90
09-01 14:24:56.259 V/bt_stack( 8588): [VERBOSE1:btm_ble_gap.cc(1847)] btm_ble_process_adv_addr: bda=63:e7:6b:57:ac:90
09-01 14:24:56.259 V/bt_stack( 8588): [VERBOSE1:btm_ble_gap.cc(2052)]  Waiting for scan response 63:e7:6b:57:ac:90
09-01 14:24:56.259 V/bt_stack( 8588): [VERBOSE1:btm_ble_gap.cc(1923)] btm_ble_process_ext_adv_pkt: bda=63:e7:6b:57:ac:90
09-01 14:24:56.259 D/BluetoothUtils( 8588): blockedByLocationOff callingUid=1002
09-01 14:24:56.259 V/bt_stack( 8588): [VERBOSE1:btm_ble_gap.cc(1847)] btm_ble_process_adv_addr: bda=63:e7:6b:57:ac:90
09-01 14:24:56.260 I/BluetoothUtils( 8588): packagename is android.uid.bluetooth:1002 ,and its permission is false
09-01 14:24:56.260 D/BluetoothUtils( 8588): blockedByLocationOff callingUid=1002
09-01 14:24:56.261 I/BluetoothUtils( 8588): packagename is android.uid.bluetooth:1002 ,and its permission is false
09-01 14:24:56.261 D/BluetoothUtils( 8588): blockedByLocationOff callingUid=1002
09-01 14:24:56.261 I/BluetoothUtils( 8588): packagename is android.uid.bluetooth:1002 ,and its permission is false
09-01 14:24:56.263 D/BluetoothUtils( 8588): blockedByLocationOff callingUid=1002
09-01 14:24:56.264 I/BluetoothUtils( 8588): packagename is android.uid.bluetooth:1002 ,and its permission is false
09-01 14:24:56.264 D/BluetoothUtils( 8588): blockedByLocationOff callingUid=1002
09-01 14:24:56.264 I/BluetoothUtils( 8588): packagename is android.uid.bluetooth:1002 ,and its permission is false
09-01 14:24:56.265 D/BluetoothUtils( 8588): blockedByLocationOff callingUid=1002
09-01 14:24:56.265 I/BluetoothUtils( 8588): packagename is android.uid.bluetooth:1002 ,and its permission is false
09-01 14:24:56.271 V/bt_stack( 8588): [VERBOSE1:btm_ble_gap.cc(1923)] btm_ble_process_ext_adv_pkt: bda=36:c9:49:a0:b6:9d
09-01 14:24:56.271 V/bt_stack( 8588): [VERBOSE1:btm_ble_gap.cc(1847)] btm_ble_process_adv_addr: bda=36:c9:49:a0:b6:9d
09-01 14:24:56.272 D/BluetoothUtils( 8588): blockedByLocationOff callingUid=1002
09-01 14:24:56.273 I/BluetoothUtils( 8588): packagename is android.uid.bluetooth:1002 ,and its permission is false
09-01 14:24:56.273 D/BluetoothUtils( 8588): blockedByLocationOff callingUid=1002
09-01 14:24:56.273 V/bt_stack( 8588): [VERBOSE1:btm_ble_gap.cc(1923)] btm_ble_process_ext_adv_pkt: bda=2f:3a:5d:02:04:9c
09-01 14:24:56.273 V/bt_stack( 8588): [VERBOSE1:btm_ble_gap.cc(1847)] btm_ble_process_adv_addr: bda=2f:3a:5d:02:04:9c
09-01 14:24:56.273 I/BluetoothUtils( 8588): packagename is android.uid.bluetooth:1002 ,and its permission is false
09-01 14:24:56.273 D/BluetoothUtils( 8588): blockedByLocationOff callingUid=1002
09-01 14:24:56.274 I/BluetoothUtils( 8588): packagename is android.uid.bluetooth:1002 ,and its permission is false
09-01 14:24:56.275 D/BluetoothUtils( 8588): blockedByLocationOff callingUid=1002
09-01 14:24:56.275 I/BluetoothUtils( 8588): packagename is android.uid.bluetooth:1002 ,and its permission is false
09-01 14:24:56.275 D/BluetoothUtils( 8588): blockedByLocationOff callingUid=1002
09-01 14:24:56.275 I/BluetoothUtils( 8588): packagename is android.uid.bluetooth:1002 ,and its permission is false
09-01 14:24:56.275 V/bt_stack( 8588): [VERBOSE1:btm_ble_gap.cc(1923)] btm_ble_process_ext_adv_pkt: bda=07:88:7e:66:14:b3
09-01 14:24:56.275 D/BluetoothUtils( 8588): blockedByLocationOff callingUid=1002
09-01 14:24:56.275 V/bt_stack( 8588): [VERBOSE1:btm_ble_gap.cc(1847)] btm_ble_process_adv_addr: bda=07:88:7e:66:14:b3
09-01 14:24:56.276 I/BluetoothUtils( 8588): packagename is android.uid.bluetooth:1002 ,and its permission is false
09-01 14:24:56.276 D/BluetoothUtils( 8588): blockedByLocationOff callingUid=1002
09-01 14:24:56.277 I/BluetoothUtils( 8588): packagename is android.uid.bluetooth:1002 ,and its permission is false
09-01 14:24:56.277 D/BluetoothUtils( 8588): blockedByLocationOff callingUid=1002
09-01 14:24:56.277 I/BluetoothUtils( 8588): packagename is android.uid.bluetooth:1002 ,and its permission is false
09-01 14:24:56.277 D/BluetoothUtils( 8588): blockedByLocationOff callingUid=1002
09-01 14:24:56.278 I/BluetoothUtils( 8588): packagename is android.uid.bluetooth:1002 ,and its permission is false
09-01 14:24:56.278 V/bt_stack( 8588): [VERBOSE1:btm_ble_gap.cc(1923)] btm_ble_process_ext_adv_pkt: bda=53:56:a8:ef:e5:80
09-01 14:24:56.278 V/bt_stack( 8588): [VERBOSE1:btm_ble_gap.cc(1847)] btm_ble_process_adv_addr: bda=53:56:a8:ef:e5:80
09-01 14:24:56.278 V/bt_stack( 8588): [VERBOSE1:btm_ble_gap.cc(2052)]  Waiting for scan response 53:56:a8:ef:e5:80
09-01 14:24:56.278 V/bt_stack( 8588): [VERBOSE1:btm_ble_gap.cc(1923)] btm_ble_process_ext_adv_pkt: bda=53:56:a8:ef:e5:80
09-01 14:24:56.278 V/bt_stack( 8588): [VERBOSE1:btm_ble_gap.cc(1847)] btm_ble_process_adv_addr: bda=53:56:a8:ef:e5:80
09-01 14:24:56.280 D/BluetoothUtils( 8588): blockedByLocationOff callingUid=1002
09-01 14:24:56.281 I/BluetoothUtils( 8588): packagename is android.uid.bluetooth:1002 ,and its permission is false
09-01 14:24:56.281 D/BluetoothUtils( 8588): blockedByLocationOff callingUid=1002
09-01 14:24:56.281 I/BluetoothUtils( 8588): packagename is android.uid.bluetooth:1002 ,and its permission is false
09-01 14:24:56.281 D/BluetoothUtils( 8588): blockedByLocationOff callingUid=1002
09-01 14:24:56.281 I/BluetoothUtils( 8588): packagename is android.uid.bluetooth:1002 ,and its permission is false
09-01 14:24:56.283 V/bt_stack( 8588): [VERBOSE1:btm_ble_gap.cc(1923)] btm_ble_process_ext_adv_pkt: bda=38:f9:d3:45:87:1e
09-01 14:24:56.283 V/bt_stack( 8588): [VERBOSE1:btm_ble_gap.cc(1847)] btm_ble_process_adv_addr: bda=38:f9:d3:45:87:1e
09-01 14:24:56.283 V/bt_stack( 8588): [VERBOSE1:btm_ble_gap.cc(2052)]  Waiting for scan response 38:f9:d3:45:87:1e
09-01 14:24:56.284 V/bt_stack( 8588): [VERBOSE1:btm_ble_gap.cc(1923)] btm_ble_process_ext_adv_pkt: bda=38:f9:d3:45:87:1e
09-01 14:24:56.284 V/bt_stack( 8588): [VERBOSE1:btm_ble_gap.cc(1847)] btm_ble_process_adv_addr: bda=38:f9:d3:45:87:1e
09-01 14:24:56.285 D/BluetoothUtils( 8588): blockedByLocationOff callingUid=1002
09-01 14:24:56.285 I/BluetoothUtils( 8588): packagename is android.uid.bluetooth:1002 ,and its permission is false
09-01 14:24:56.285 D/BluetoothUtils( 8588): blockedByLocationOff callingUid=1002
09-01 14:24:56.285 I/BluetoothUtils( 8588): packagename is android.uid.bluetooth:1002 ,and its permission is false
09-01 14:24:56.286 D/BluetoothUtils( 8588): blockedByLocationOff callingUid=1002
09-01 14:24:56.286 I/BluetoothUtils( 8588): packagename is android.uid.bluetooth:1002 ,and its permission is false
09-01 14:24:56.306 V/bt_stack( 8588): [VERBOSE1:btm_ble_gap.cc(1923)] btm_ble_process_ext_adv_pkt: bda=77:70:e9:20:dc:cd
09-01 14:24:56.306 V/bt_stack( 8588): [VERBOSE1:btm_ble_gap.cc(1847)] btm_ble_process_adv_addr: bda=77:70:e9:20:dc:cd
09-01 14:24:56.308 D/BluetoothUtils( 8588): blockedByLocationOff callingUid=1002
09-01 14:24:56.308 I/BluetoothUtils( 8588): packagename is android.uid.bluetooth:1002 ,and its permission is false
09-01 14:24:56.309 D/BluetoothUtils( 8588): blockedByLocationOff callingUid=1002
09-01 14:24:56.309 I/BluetoothUtils( 8588): packagename is android.uid.bluetooth:1002 ,and its permission is false
09-01 14:24:56.309 D/BluetoothUtils( 8588): blockedByLocationOff callingUid=1002
09-01 14:24:56.309 I/BluetoothUtils( 8588): packagename is android.uid.bluetooth:1002 ,and its permission is false
09-01 14:24:56.320 V/bt_stack( 8588): [VERBOSE1:btm_ble_gap.cc(1923)] btm_ble_process_ext_adv_pkt: bda=3c:22:fb:3d:0a:8f
09-01 14:24:56.320 V/bt_stack( 8588): [VERBOSE1:btm_ble_gap.cc(1847)] btm_ble_process_adv_addr: bda=3c:22:fb:3d:0a:8f
09-01 14:24:56.320 V/bt_stack( 8588): [VERBOSE1:btm_ble_gap.cc(2052)]  Waiting for scan response 3c:22:fb:3d:0a:8f
09-01 14:24:56.322 V/bt_stack( 8588): [VERBOSE1:btm_ble_gap.cc(1923)] btm_ble_process_ext_adv_pkt: bda=45:55:7e:66:6f:d0
09-01 14:24:56.322 V/bt_stack( 8588): [VERBOSE1:btm_ble_gap.cc(1847)] btm_ble_process_adv_addr: bda=45:55:7e:66:6f:d0
09-01 14:24:56.322 V/bt_stack( 8588): [VERBOSE1:btm_ble_gap.cc(2052)]  Waiting for scan response 45:55:7e:66:6f:d0
09-01 14:24:56.323 V/bt_stack( 8588): [VERBOSE1:btm_ble_gap.cc(1923)] btm_ble_process_ext_adv_pkt: bda=66:3e:07:e0:2b:d4
09-01 14:24:56.323 V/bt_stack( 8588): [VERBOSE1:btm_ble_gap.cc(1847)] btm_ble_process_adv_addr: bda=66:3e:07:e0:2b:d4
09-01 14:24:56.323 V/bt_stack( 8588): [VERBOSE1:btm_ble_gap.cc(2052)]  Waiting for scan response 66:3e:07:e0:2b:d4
09-01 14:24:56.323 V/bt_stack( 8588): [VERBOSE1:btm_ble_gap.cc(1923)] btm_ble_process_ext_adv_pkt: bda=66:3e:07:e0:2b:d4
09-01 14:24:56.323 V/bt_stack( 8588): [VERBOSE1:btm_ble_gap.cc(1847)] btm_ble_process_adv_addr: bda=66:3e:07:e0:2b:d4
09-01 14:24:56.325 D/BluetoothUtils( 8588): blockedByLocationOff callingUid=1002
09-01 14:24:56.325 I/BluetoothUtils( 8588): packagename is android.uid.bluetooth:1002 ,and its permission is false
09-01 14:24:56.325 D/BluetoothUtils( 8588): blockedByLocationOff callingUid=1002
09-01 14:24:56.326 I/BluetoothUtils( 8588): packagename is android.uid.bluetooth:1002 ,and its permission is false
09-01 14:24:56.326 D/BluetoothUtils( 8588): blockedByLocationOff callingUid=1002
09-01 14:24:56.326 I/BluetoothUtils( 8588): packagename is android.uid.bluetooth:1002 ,and its permission is false
09-01 14:24:56.341 V/bt_stack( 8588): [VERBOSE1:btm_ble_gap.cc(1923)] btm_ble_process_ext_adv_pkt: bda=07:5a:b0:04:f2:ba
09-01 14:24:56.341 V/bt_stack( 8588): [VERBOSE1:btm_ble_gap.cc(1847)] btm_ble_process_adv_addr: bda=07:5a:b0:04:f2:ba
09-01 14:24:56.343 D/BluetoothUtils( 8588): blockedByLocationOff callingUid=1002
09-01 14:24:56.344 I/BluetoothUtils( 8588): packagename is android.uid.bluetooth:1002 ,and its permission is false
09-01 14:24:56.344 D/BluetoothUtils( 8588): blockedByLocationOff callingUid=1002
09-01 14:24:56.344 I/BluetoothUtils( 8588): packagename is android.uid.bluetooth:1002 ,and its permission is false
09-01 14:24:56.344 D/BluetoothUtils( 8588): blockedByLocationOff callingUid=1002
09-01 14:24:56.345 I/BluetoothUtils( 8588): packagename is android.uid.bluetooth:1002 ,and its permission is false
09-01 14:24:56.354 I/appium  ( 4037): channel read invoked!
09-01 14:24:56.354 I/appium  ( 4037): channel read: POST /wd/hub/session/f0ce778c-9a08-42fe-b827-2bc440618298/element
09-01 14:24:56.355 I/MiuiNetworkPolicy( 1639): bandwidth: 4 KB/s, Max bandwidth: 1898 KB/s
09-01 14:24:56.356 I/appium  ( 4037): Find element command using 'xpath' with selector '//*[@resource-id='com.xiaomi.hm.health:id/recycler_view']/android.view.ViewGroup[1]/android.widget.TextView[1]'.
09-01 14:24:56.357 I/appium  ( 4037): Waiting up to 10000ms for device to be idle
09-01 14:24:56.365 V/bt_stack( 8588): [VERBOSE1:btm_ble_gap.cc(1923)] btm_ble_process_ext_adv_pkt: bda=db:10:f5:c4:2c:b0
09-01 14:24:56.365 V/bt_stack( 8588): [VERBOSE1:btm_ble_gap.cc(1847)] btm_ble_process_adv_addr: bda=db:10:f5:c4:2c:b0
09-01 14:24:56.365 V/bt_stack( 8588): [VERBOSE1:btm_ble_gap.cc(2052)]  Waiting for scan response db:10:f5:c4:2c:b0
09-01 14:24:56.367 V/bt_stack( 8588): [VERBOSE1:btm_ble_gap.cc(1923)] btm_ble_process_ext_adv_pkt: bda=4b:2f:6d:75:86:77
09-01 14:24:56.367 V/bt_stack( 8588): [VERBOSE1:btm_ble_gap.cc(1847)] btm_ble_process_adv_addr: bda=4b:2f:6d:75:86:77
09-01 14:24:56.367 V/bt_stack( 8588): [VERBOSE1:btm_ble_gap.cc(2052)]  Waiting for scan response 4b:2f:6d:75:86:77
09-01 14:24:56.367 V/bt_stack( 8588): [VERBOSE1:btm_ble_gap.cc(1923)] btm_ble_process_ext_adv_pkt: bda=2e:17:70:f9:0b:48
09-01 14:24:56.367 V/bt_stack( 8588): [VERBOSE1:btm_ble_gap.cc(1847)] btm_ble_process_adv_addr: bda=2e:17:70:f9:0b:48
09-01 14:24:56.369 D/BluetoothUtils( 8588): blockedByLocationOff callingUid=1002
09-01 14:24:56.369 I/BluetoothUtils( 8588): packagename is android.uid.bluetooth:1002 ,and its permission is false
09-01 14:24:56.370 D/BluetoothUtils( 8588): blockedByLocationOff callingUid=1002
09-01 14:24:56.370 I/BluetoothUtils( 8588): packagename is android.uid.bluetooth:1002 ,and its permission is false
09-01 14:24:56.370 D/BluetoothUtils( 8588): blockedByLocationOff callingUid=1002
09-01 14:24:56.370 I/BluetoothUtils( 8588): packagename is android.uid.bluetooth:1002 ,and its permission is false
09-01 14:24:56.377 V/bt_stack( 8588): [VERBOSE1:btm_ble_gap.cc(1923)] btm_ble_process_ext_adv_pkt: bda=7c:7c:58:d5:aa:e1
09-01 14:24:56.378 V/bt_stack( 8588): [VERBOSE1:btm_ble_gap.cc(1847)] btm_ble_process_adv_addr: bda=7c:7c:58:d5:aa:e1
09-01 14:24:56.378 V/bt_stack( 8588): [VERBOSE1:btm_ble_gap.cc(2052)]  Waiting for scan response 7c:7c:58:d5:aa:e1
09-01 14:24:56.378 V/bt_stack( 8588): [VERBOSE1:btm_ble_gap.cc(1923)] btm_ble_process_ext_adv_pkt: bda=36:c9:49:a0:b6:9d
09-01 14:24:56.378 V/bt_stack( 8588): [VERBOSE1:btm_ble_gap.cc(1847)] btm_ble_process_adv_addr: bda=36:c9:49:a0:b6:9d
09-01 14:24:56.378 V/bt_stack( 8588): [VERBOSE1:btm_ble_gap.cc(1923)] btm_ble_process_ext_adv_pkt: bda=07:88:7e:66:14:b3
09-01 14:24:56.378 V/bt_stack( 8588): [VERBOSE1:btm_ble_gap.cc(1847)] btm_ble_process_adv_addr: bda=07:88:7e:66:14:b3
09-01 14:24:56.379 D/BluetoothUtils( 8588): blockedByLocationOff callingUid=1002
09-01 14:24:56.379 I/BluetoothUtils( 8588): packagename is android.uid.bluetooth:1002 ,and its permission is false
09-01 14:24:56.379 D/BluetoothUtils( 8588): blockedByLocationOff callingUid=1002
09-01 14:24:56.380 I/BluetoothUtils( 8588): packagename is android.uid.bluetooth:1002 ,and its permission is false
09-01 14:24:56.380 D/BluetoothUtils( 8588): blockedByLocationOff callingUid=1002
09-01 14:24:56.380 I/BluetoothUtils( 8588): packagename is android.uid.bluetooth:1002 ,and its permission is false
09-01 14:24:56.380 V/bt_stack( 8588): [VERBOSE1:btm_ble_gap.cc(1923)] btm_ble_process_ext_adv_pkt: bda=0c:1a:06:0e:96:57
09-01 14:24:56.380 V/bt_stack( 8588): [VERBOSE1:btm_ble_gap.cc(1847)] btm_ble_process_adv_addr: bda=0c:1a:06:0e:96:57
09-01 14:24:56.381 D/BluetoothUtils( 8588): blockedByLocationOff callingUid=1002
09-01 14:24:56.381 I/BluetoothUtils( 8588): packagename is android.uid.bluetooth:1002 ,and its permission is false
09-01 14:24:56.381 D/BluetoothUtils( 8588): blockedByLocationOff callingUid=1002
09-01 14:24:56.381 I/BluetoothUtils( 8588): packagename is android.uid.bluetooth:1002 ,and its permission is false
09-01 14:24:56.381 D/BluetoothUtils( 8588): blockedByLocationOff callingUid=1002
09-01 14:24:56.382 I/BluetoothUtils( 8588): packagename is android.uid.bluetooth:1002 ,and its permission is false
09-01 14:24:56.382 D/BluetoothUtils( 8588): blockedByLocationOff callingUid=1002
09-01 14:24:56.383 I/BluetoothUtils( 8588): packagename is android.uid.bluetooth:1002 ,and its permission is false
09-01 14:24:56.383 D/BluetoothUtils( 8588): blockedByLocationOff callingUid=1002
09-01 14:24:56.383 I/BluetoothUtils( 8588): packagename is android.uid.bluetooth:1002 ,and its permission is false
09-01 14:24:56.383 D/BluetoothUtils( 8588): blockedByLocationOff callingUid=1002
09-01 14:24:56.383 I/BluetoothUtils( 8588): packagename is android.uid.bluetooth:1002 ,and its permission is false
09-01 14:24:56.388 V/bt_stack( 8588): [VERBOSE1:btm_ble_gap.cc(1923)] btm_ble_process_ext_adv_pkt: bda=17:be:83:99:5a:17
09-01 14:24:56.388 V/bt_stack( 8588): [VERBOSE1:btm_ble_gap.cc(1847)] btm_ble_process_adv_addr: bda=17:be:83:99:5a:17
09-01 14:24:56.389 D/BluetoothUtils( 8588): blockedByLocationOff callingUid=1002
09-01 14:24:56.389 I/BluetoothUtils( 8588): packagename is android.uid.bluetooth:1002 ,and its permission is false
09-01 14:24:56.389 D/BluetoothUtils( 8588): blockedByLocationOff callingUid=1002
09-01 14:24:56.389 I/BluetoothUtils( 8588): packagename is android.uid.bluetooth:1002 ,and its permission is false
09-01 14:24:56.390 D/BluetoothUtils( 8588): blockedByLocationOff callingUid=1002
09-01 14:24:56.390 I/BluetoothUtils( 8588): packagename is android.uid.bluetooth:1002 ,and its permission is false
09-01 14:24:56.401 V/bt_stack( 8588): [VERBOSE1:btm_ble_gap.cc(1923)] btm_ble_process_ext_adv_pkt: bda=2a:99:8c:12:d1:b1
09-01 14:24:56.401 I/appium  ( 4037): AppiumResponse: {"sessionId":"f0ce778c-9a08-42fe-b827-2bc440618298","value":{"ELEMENT":"1f6a2d28-7ba4-48a7-a04c-e6967ff401f5","element-6066-11e4-a52e-4f735466cecf":"1f6a2d28-7ba4-48a7-a04c-e6967ff401f5"}}
09-01 14:24:56.401 V/bt_stack( 8588): [VERBOSE1:btm_ble_gap.cc(1847)] btm_ble_process_adv_addr: bda=2a:99:8c:12:d1:b1
09-01 14:24:56.402 D/BluetoothUtils( 8588): blockedByLocationOff callingUid=1002
09-01 14:24:56.402 I/BluetoothUtils( 8588): packagename is android.uid.bluetooth:1002 ,and its permission is false
09-01 14:24:56.403 D/BluetoothUtils( 8588): blockedByLocationOff callingUid=1002
09-01 14:24:56.403 I/BluetoothUtils( 8588): packagename is android.uid.bluetooth:1002 ,and its permission is false
09-01 14:24:56.403 D/BluetoothUtils( 8588): blockedByLocationOff callingUid=1002
09-01 14:24:56.403 I/BluetoothUtils( 8588): packagename is android.uid.bluetooth:1002 ,and its permission is false
09-01 14:24:56.412 V/bt_stack( 8588): [VERBOSE1:btm_ble_gap.cc(1923)] btm_ble_process_ext_adv_pkt: bda=48:14:81:f8:b8:84
09-01 14:24:56.412 V/bt_stack( 8588): [VERBOSE1:btm_ble_gap.cc(1847)] btm_ble_process_adv_addr: bda=48:14:81:f8:b8:84
09-01 14:24:56.412 V/bt_stack( 8588): [VERBOSE1:btm_ble_gap.cc(2052)]  Waiting for scan response 48:14:81:f8:b8:84
09-01 14:24:56.412 V/bt_stack( 8588): [VERBOSE1:btm_ble_gap.cc(1923)] btm_ble_process_ext_adv_pkt: bda=12:1c:38:cd:04:e8
09-01 14:24:56.412 V/bt_stack( 8588): [VERBOSE1:btm_ble_gap.cc(1847)] btm_ble_process_adv_addr: bda=12:1c:38:cd:04:e8
09-01 14:24:56.414 V/bt_stack( 8588): [VERBOSE1:btm_ble_gap.cc(1923)] btm_ble_process_ext_adv_pkt: bda=77:70:e9:20:dc:cd
09-01 14:24:56.414 V/bt_stack( 8588): [VERBOSE1:btm_ble_gap.cc(1847)] btm_ble_process_adv_addr: bda=77:70:e9:20:dc:cd
09-01 14:24:56.414 D/BluetoothUtils( 8588): blockedByLocationOff callingUid=1002
09-01 14:24:56.414 I/BluetoothUtils( 8588): packagename is android.uid.bluetooth:1002 ,and its permission is false
09-01 14:24:56.414 D/BluetoothUtils( 8588): blockedByLocationOff callingUid=1002
09-01 14:24:56.415 I/BluetoothUtils( 8588): packagename is android.uid.bluetooth:1002 ,and its permission is false
09-01 14:24:56.415 D/BluetoothUtils( 8588): blockedByLocationOff callingUid=1002
09-01 14:24:56.415 I/BluetoothUtils( 8588): packagename is android.uid.bluetooth:1002 ,and its permission is false
09-01 14:24:56.416 D/BluetoothUtils( 8588): blockedByLocationOff callingUid=1002
09-01 14:24:56.416 I/BluetoothUtils( 8588): packagename is android.uid.bluetooth:1002 ,and its permission is false
09-01 14:24:56.416 D/BluetoothUtils( 8588): blockedByLocationOff callingUid=1002
09-01 14:24:56.416 I/BluetoothUtils( 8588): packagename is android.uid.bluetooth:1002 ,and its permission is false
09-01 14:24:56.417 D/BluetoothUtils( 8588): blockedByLocationOff callingUid=1002
09-01 14:24:56.417 I/BluetoothUtils( 8588): packagename is android.uid.bluetooth:1002 ,and its permission is false
09-01 14:24:56.423 I/appium  ( 4037): channel read invoked!
09-01 14:24:56.424 I/appium  ( 4037): channel read: GET /wd/hub/session/f0ce778c-9a08-42fe-b827-2bc440618298/element/1f6a2d28-7ba4-48a7-a04c-e6967ff401f5/attribute/text
09-01 14:24:56.424 I/appium  ( 4037): get attribute of element command
09-01 14:24:56.424 V/bt_stack( 8588): [VERBOSE1:btm_ble_gap.cc(1923)] btm_ble_process_ext_adv_pkt: bda=59:bb:67:f0:94:3c
09-01 14:24:56.424 V/bt_stack( 8588): [VERBOSE1:btm_ble_gap.cc(1847)] btm_ble_process_adv_addr: bda=59:bb:67:f0:94:3c
09-01 14:24:56.426 D/BluetoothUtils( 8588): blockedByLocationOff callingUid=1002
09-01 14:24:56.426 I/BluetoothUtils( 8588): packagename is android.uid.bluetooth:1002 ,and its permission is false
09-01 14:24:56.426 D/BluetoothUtils( 8588): blockedByLocationOff callingUid=1002
09-01 14:24:56.426 I/BluetoothUtils( 8588): packagename is android.uid.bluetooth:1002 ,and its permission is false
09-01 14:24:56.427 D/BluetoothUtils( 8588): blockedByLocationOff callingUid=1002
09-01 14:24:56.427 I/BluetoothUtils( 8588): packagename is android.uid.bluetooth:1002 ,and its permission is false
09-01 14:24:56.431 I/appium  ( 4037): AppiumResponse: {"sessionId":"f0ce778c-9a08-42fe-b827-2bc440618298","value":""}
09-01 14:24:56.449 V/bt_stack( 8588): [VERBOSE1:btm_ble_gap.cc(1923)] btm_ble_process_ext_adv_pkt: bda=6e:3b:40:73:ff:b3
09-01 14:24:56.449 V/bt_stack( 8588): [VERBOSE1:btm_ble_gap.cc(1847)] btm_ble_process_adv_addr: bda=6e:3b:40:73:ff:b3
09-01 14:24:56.449 V/bt_stack( 8588): [VERBOSE1:btm_ble_gap.cc(2052)]  Waiting for scan response 6e:3b:40:73:ff:b3
09-01 14:24:56.449 V/bt_stack( 8588): [VERBOSE1:btm_ble_gap.cc(1923)] btm_ble_process_ext_adv_pkt: bda=0a:29:89:b7:c8:4a
09-01 14:24:56.449 V/bt_stack( 8588): [VERBOSE1:btm_ble_gap.cc(1847)] btm_ble_process_adv_addr: bda=0a:29:89:b7:c8:4a
09-01 14:24:56.452 D/BluetoothUtils( 8588): blockedByLocationOff callingUid=1002
09-01 14:24:56.452 I/BluetoothUtils( 8588): packagename is android.uid.bluetooth:1002 ,and its permission is false
09-01 14:24:56.452 D/BluetoothUtils( 8588): blockedByLocationOff callingUid=1002
09-01 14:24:56.453 I/BluetoothUtils( 8588): packagename is android.uid.bluetooth:1002 ,and its permission is false
09-01 14:24:56.453 D/BluetoothUtils( 8588): blockedByLocationOff callingUid=1002
09-01 14:24:56.453 I/appium  ( 4037): channel read invoked!
09-01 14:24:56.453 I/BluetoothUtils( 8588): packagename is android.uid.bluetooth:1002 ,and its permission is false
09-01 14:24:56.454 I/appium  ( 4037): channel read: POST /wd/hub/session/f0ce778c-9a08-42fe-b827-2bc440618298/element
09-01 14:24:56.457 I/appium  ( 4037): Find element command using 'xpath' with selector '//*[@resource-id='com.xiaomi.hm.health:id/recycler_view']/android.view.ViewGroup[1]'.
09-01 14:24:56.457 I/appium  ( 4037): Waiting up to 10000ms for device to be idle
09-01 14:24:56.467 V/bt_stack( 8588): [VERBOSE1:btm_ble_gap.cc(1923)] btm_ble_process_ext_adv_pkt: bda=38:f9:d3:45:87:1e
09-01 14:24:56.467 V/bt_stack( 8588): [VERBOSE1:btm_ble_gap.cc(1847)] btm_ble_process_adv_addr: bda=38:f9:d3:45:87:1e
09-01 14:24:56.467 V/bt_stack( 8588): [VERBOSE1:btm_ble_gap.cc(2052)]  Waiting for scan response 38:f9:d3:45:87:1e
09-01 14:24:56.467 V/bt_stack( 8588): [VERBOSE1:btm_ble_gap.cc(1923)] btm_ble_process_ext_adv_pkt: bda=38:f9:d3:45:87:1e
09-01 14:24:56.467 V/bt_stack( 8588): [VERBOSE1:btm_ble_gap.cc(1847)] btm_ble_process_adv_addr: bda=38:f9:d3:45:87:1e
09-01 14:24:56.469 D/BluetoothUtils( 8588): blockedByLocationOff callingUid=1002
09-01 14:24:56.470 I/BluetoothUtils( 8588): packagename is android.uid.bluetooth:1002 ,and its permission is false
09-01 14:24:56.470 D/BluetoothUtils( 8588): blockedByLocationOff callingUid=1002
09-01 14:24:56.470 I/BluetoothUtils( 8588): packagename is android.uid.bluetooth:1002 ,and its permission is false
09-01 14:24:56.470 D/BluetoothUtils( 8588): blockedByLocationOff callingUid=1002
09-01 14:24:56.471 I/BluetoothUtils( 8588): packagename is android.uid.bluetooth:1002 ,and its permission is false
09-01 14:24:56.476 V/bt_stack( 8588): [VERBOSE1:btm_ble_gap.cc(1923)] btm_ble_process_ext_adv_pkt: bda=c7:9e:cc:49:b0:5d
09-01 14:24:56.476 V/bt_stack( 8588): [VERBOSE1:btm_ble_gap.cc(1847)] btm_ble_process_adv_addr: bda=c7:9e:cc:49:b0:5d
09-01 14:24:56.476 V/bt_stack( 8588): [VERBOSE1:btm_ble_gap.cc(2052)]  Waiting for scan response c7:9e:cc:49:b0:5d
09-01 14:24:56.476 V/bt_stack( 8588): [VERBOSE1:btm_ble_gap.cc(1923)] btm_ble_process_ext_adv_pkt: bda=c7:9e:cc:49:b0:5d
09-01 14:24:56.476 V/bt_stack( 8588): [VERBOSE1:btm_ble_gap.cc(1847)] btm_ble_process_adv_addr: bda=c7:9e:cc:49:b0:5d
09-01 14:24:56.477 D/BluetoothUtils( 8588): blockedByLocationOff callingUid=1002
09-01 14:24:56.477 I/BluetoothUtils( 8588): packagename is android.uid.bluetooth:1002 ,and its permission is false
09-01 14:24:56.478 D/BluetoothUtils( 8588): blockedByLocationOff callingUid=1002
09-01 14:24:56.478 I/BluetoothUtils( 8588): packagename is android.uid.bluetooth:1002 ,and its permission is false
09-01 14:24:56.478 D/BluetoothUtils( 8588): blockedByLocationOff callingUid=1002
09-01 14:24:56.478 I/BluetoothUtils( 8588): packagename is android.uid.bluetooth:1002 ,and its permission is false
09-01 14:24:56.486 V/bt_stack( 8588): [VERBOSE1:btm_ble_gap.cc(1923)] btm_ble_process_ext_adv_pkt: bda=ca:7f:a0:46:b0:fe
09-01 14:24:56.486 V/bt_stack( 8588): [VERBOSE1:btm_ble_gap.cc(1847)] btm_ble_process_adv_addr: bda=ca:7f:a0:46:b0:fe
09-01 14:24:56.486 V/bt_stack( 8588): [VERBOSE1:btm_ble_gap.cc(2052)]  Waiting for scan response ca:7f:a0:46:b0:fe
09-01 14:24:56.486 V/bt_stack( 8588): [VERBOSE1:btm_ble_gap.cc(1923)] btm_ble_process_ext_adv_pkt: bda=0c:1a:06:0e:96:57
09-01 14:24:56.486 V/bt_stack( 8588): [VERBOSE1:btm_ble_gap.cc(1847)] btm_ble_process_adv_addr: bda=0c:1a:06:0e:96:57
09-01 14:24:56.487 D/BluetoothUtils( 8588): blockedByLocationOff callingUid=1002
09-01 14:24:56.488 I/BluetoothUtils( 8588): packagename is android.uid.bluetooth:1002 ,and its permission is false
09-01 14:24:56.488 D/BluetoothUtils( 8588): blockedByLocationOff callingUid=1002
09-01 14:24:56.488 I/BluetoothUtils( 8588): packagename is android.uid.bluetooth:1002 ,and its permission is false
09-01 14:24:56.488 D/BluetoothUtils( 8588): blockedByLocationOff callingUid=1002
09-01 14:24:56.488 I/BluetoothUtils( 8588): packagename is android.uid.bluetooth:1002 ,and its permission is false
09-01 14:24:56.496 V/bt_stack( 8588): [VERBOSE1:btm_ble_gap.cc(1923)] btm_ble_process_ext_adv_pkt: bda=25:4e:aa:3f:5d:41
09-01 14:24:56.496 V/bt_stack( 8588): [VERBOSE1:btm_ble_gap.cc(1847)] btm_ble_process_adv_addr: bda=25:4e:aa:3f:5d:41
09-01 14:24:56.497 D/BluetoothUtils( 8588): blockedByLocationOff callingUid=1002
09-01 14:24:56.497 I/BluetoothUtils( 8588): packagename is android.uid.bluetooth:1002 ,and its permission is false
09-01 14:24:56.497 D/BluetoothUtils( 8588): blockedByLocationOff callingUid=1002
09-01 14:24:56.497 I/BluetoothUtils( 8588): packagename is android.uid.bluetooth:1002 ,and its permission is false
09-01 14:24:56.497 D/BluetoothUtils( 8588): blockedByLocationOff callingUid=1002
09-01 14:24:56.497 I/BluetoothUtils( 8588): packagename is android.uid.bluetooth:1002 ,and its permission is false
09-01 14:24:56.499 I/appium  ( 4037): AppiumResponse: {"sessionId":"f0ce778c-9a08-42fe-b827-2bc440618298","value":{"ELEMENT":"a9ed9d64-3c47-4405-a940-f0eb9625fae8","element-6066-11e4-a52e-4f735466cecf":"a9ed9d64-3c47-4405-a940-f0eb9625fae8"}}
09-01 14:24:56.501 V/bt_stack( 8588): [VERBOSE1:btm_ble_gap.cc(1923)] btm_ble_process_ext_adv_pkt: bda=17:be:83:99:5a:17
09-01 14:24:56.501 V/bt_stack( 8588): [VERBOSE1:btm_ble_gap.cc(1847)] btm_ble_process_adv_addr: bda=17:be:83:99:5a:17
09-01 14:24:56.502 D/BluetoothUtils( 8588): blockedByLocationOff callingUid=1002
09-01 14:24:56.503 I/BluetoothUtils( 8588): packagename is android.uid.bluetooth:1002 ,and its permission is false
09-01 14:24:56.503 D/BluetoothUtils( 8588): blockedByLocationOff callingUid=1002
09-01 14:24:56.503 I/BluetoothUtils( 8588): packagename is android.uid.bluetooth:1002 ,and its permission is false
09-01 14:24:56.503 D/BluetoothUtils( 8588): blockedByLocationOff callingUid=1002
09-01 14:24:56.503 I/BluetoothUtils( 8588): packagename is android.uid.bluetooth:1002 ,and its permission is false
09-01 14:24:56.507 V/bt_stack( 8588): [VERBOSE1:btm_ble_gap.cc(1923)] btm_ble_process_ext_adv_pkt: bda=2a:99:8c:12:d1:b1
09-01 14:24:56.507 V/bt_stack( 8588): [VERBOSE1:btm_ble_gap.cc(1847)] btm_ble_process_adv_addr: bda=2a:99:8c:12:d1:b1
09-01 14:24:56.508 D/BluetoothUtils( 8588): blockedByLocationOff callingUid=1002
09-01 14:24:56.509 I/BluetoothUtils( 8588): packagename is android.uid.bluetooth:1002 ,and its permission is false
09-01 14:24:56.509 D/BluetoothUtils( 8588): blockedByLocationOff callingUid=1002
09-01 14:24:56.509 I/BluetoothUtils( 8588): packagename is android.uid.bluetooth:1002 ,and its permission is false
09-01 14:24:56.509 D/BluetoothUtils( 8588): blockedByLocationOff callingUid=1002
09-01 14:24:56.509 I/BluetoothUtils( 8588): packagename is android.uid.bluetooth:1002 ,and its permission is false
09-01 14:24:56.519 V/bt_stack( 8588): [VERBOSE1:btm_ble_gap.cc(1923)] btm_ble_process_ext_adv_pkt: bda=35:08:67:20:13:25
09-01 14:24:56.519 V/bt_stack( 8588): [VERBOSE1:btm_ble_gap.cc(1847)] btm_ble_process_adv_addr: bda=35:08:67:20:13:25
09-01 14:24:56.520 I/appium  ( 4037): channel read invoked!
09-01 14:24:56.520 I/appium  ( 4037): channel read: POST /wd/hub/session/f0ce778c-9a08-42fe-b827-2bc440618298/element/a9ed9d64-3c47-4405-a940-f0eb9625fae8/click
09-01 14:24:56.520 D/BluetoothUtils( 8588): blockedByLocationOff callingUid=1002
09-01 14:24:56.520 I/appium  ( 4037): Click element command
09-01 14:24:56.521 I/BluetoothUtils( 8588): packagename is android.uid.bluetooth:1002 ,and its permission is false
09-01 14:24:56.521 D/BluetoothUtils( 8588): blockedByLocationOff callingUid=1002
09-01 14:24:56.521 V/bt_stack( 8588): [VERBOSE1:btm_ble_gap.cc(1923)] btm_ble_process_ext_adv_pkt: bda=12:1c:38:cd:04:e8
09-01 14:24:56.521 V/bt_stack( 8588): [VERBOSE1:btm_ble_gap.cc(1847)] btm_ble_process_adv_addr: bda=12:1c:38:cd:04:e8
09-01 14:24:56.521 I/BluetoothUtils( 8588): packagename is android.uid.bluetooth:1002 ,and its permission is false
09-01 14:24:56.521 D/BluetoothUtils( 8588): blockedByLocationOff callingUid=1002
09-01 14:24:56.521 I/BluetoothUtils( 8588): packagename is android.uid.bluetooth:1002 ,and its permission is false
09-01 14:24:56.522 D/BluetoothUtils( 8588): blockedByLocationOff callingUid=1002
09-01 14:24:56.522 I/BluetoothUtils( 8588): packagename is android.uid.bluetooth:1002 ,and its permission is false
09-01 14:24:56.522 D/BluetoothUtils( 8588): blockedByLocationOff callingUid=1002
09-01 14:24:56.523 I/BluetoothUtils( 8588): packagename is android.uid.bluetooth:1002 ,and its permission is false
09-01 14:24:56.523 D/BluetoothUtils( 8588): blockedByLocationOff callingUid=1002
09-01 14:24:56.523 I/BluetoothUtils( 8588): packagename is android.uid.bluetooth:1002 ,and its permission is false
09-01 14:24:56.532 V/bt_stack( 8588): [VERBOSE1:btm_ble_gap.cc(1923)] btm_ble_process_ext_adv_pkt: bda=63:e7:6b:57:ac:90
09-01 14:24:56.533 V/bt_stack( 8588): [VERBOSE1:btm_ble_gap.cc(1847)] btm_ble_process_adv_addr: bda=63:e7:6b:57:ac:90
09-01 14:24:56.533 V/bt_stack( 8588): [VERBOSE1:btm_ble_gap.cc(2052)]  Waiting for scan response 63:e7:6b:57:ac:90
09-01 14:24:56.533 V/bt_stack( 8588): [VERBOSE1:btm_ble_gap.cc(1923)] btm_ble_process_ext_adv_pkt: bda=63:e7:6b:57:ac:90
09-01 14:24:56.533 V/bt_stack( 8588): [VERBOSE1:btm_ble_gap.cc(1847)] btm_ble_process_adv_addr: bda=63:e7:6b:57:ac:90
09-01 14:24:56.535 D/BluetoothUtils( 8588): blockedByLocationOff callingUid=1002
09-01 14:24:56.535 I/BluetoothUtils( 8588): packagename is android.uid.bluetooth:1002 ,and its permission is false
09-01 14:24:56.535 D/BluetoothUtils( 8588): blockedByLocationOff callingUid=1002
09-01 14:24:56.537 I/BluetoothUtils( 8588): packagename is android.uid.bluetooth:1002 ,and its permission is false
09-01 14:24:56.537 D/BluetoothUtils( 8588): blockedByLocationOff callingUid=1002
09-01 14:24:56.537 I/BluetoothUtils( 8588): packagename is android.uid.bluetooth:1002 ,and its permission is false
09-01 14:24:56.544 V/bt_stack( 8588): [VERBOSE1:btm_ble_gap.cc(1923)] btm_ble_process_ext_adv_pkt: bda=10:42:5e:92:d4:eb
09-01 14:24:56.544 V/bt_stack( 8588): [VERBOSE1:btm_ble_gap.cc(1847)] btm_ble_process_adv_addr: bda=10:42:5e:92:d4:eb
09-01 14:24:56.545 D/BluetoothUtils( 8588): blockedByLocationOff callingUid=1002
09-01 14:24:56.546 I/BluetoothUtils( 8588): packagename is android.uid.bluetooth:1002 ,and its permission is false
09-01 14:24:56.546 D/BluetoothUtils( 8588): blockedByLocationOff callingUid=1002
09-01 14:24:56.546 I/BluetoothUtils( 8588): packagename is android.uid.bluetooth:1002 ,and its permission is false
09-01 14:24:56.546 D/BluetoothUtils( 8588): blockedByLocationOff callingUid=1002
--------- beginning of system
09-01 14:24:56.546 I/Timeline( 4088): Timeline: Activity_launch_request time:211062563
09-01 14:24:56.546 I/BluetoothUtils( 8588): packagename is android.uid.bluetooth:1002 ,and its permission is false
09-01 14:24:56.547 I/SplashScreenServiceDelegate( 1639): None for com.xiaomi.hm.health
09-01 14:24:56.548 I/ActivityTaskManager( 1639): START u0 {cmp=com.xiaomi.hm.health/com.huami.training.ui.detail.FeaturedCourseDetailActivity (has extras)} from uid 10241
09-01 14:24:56.551 V/bt_stack( 8588): [VERBOSE1:btm_ble_gap.cc(1923)] btm_ble_process_ext_adv_pkt: bda=0a:29:89:b7:c8:4a
09-01 14:24:56.551 V/bt_stack( 8588): [VERBOSE1:btm_ble_gap.cc(1847)] btm_ble_process_adv_addr: bda=0a:29:89:b7:c8:4a
09-01 14:24:56.552 D/BluetoothUtils( 8588): blockedByLocationOff callingUid=1002
09-01 14:24:56.552 I/BluetoothUtils( 8588): packagename is android.uid.bluetooth:1002 ,and its permission is false
09-01 14:24:56.552 D/BluetoothUtils( 8588): blockedByLocationOff callingUid=1002
09-01 14:24:56.553 I/BluetoothUtils( 8588): packagename is android.uid.bluetooth:1002 ,and its permission is false
09-01 14:24:56.553 D/BluetoothUtils( 8588): blockedByLocationOff callingUid=1002
09-01 14:24:56.553 I/BluetoothUtils( 8588): packagename is android.uid.bluetooth:1002 ,and its permission is false
09-01 14:24:56.553 D/CompatibilityInfo( 1639): mCompatibilityFlags - 0
09-01 14:24:56.553 D/CompatibilityInfo( 1639): applicationDensity - 440
09-01 14:24:56.553 D/CompatibilityInfo( 1639): applicationScale - 1.0
09-01 14:24:56.554 D/ActivityTrigger( 1639): ActivityTrigger activityPauseTrigger 
09-01 14:24:56.557 V/bt_stack( 8588): [VERBOSE1:btm_ble_gap.cc(1923)] btm_ble_process_ext_adv_pkt: bda=30:b8:83:fe:c9:1f
09-01 14:24:56.557 V/bt_stack( 8588): [VERBOSE1:btm_ble_gap.cc(1847)] btm_ble_process_adv_addr: bda=30:b8:83:fe:c9:1f
09-01 14:24:56.558 I/appium  ( 4037): Waiting up to 10000ms for device to be idle
09-01 14:24:56.558 D/BluetoothUtils( 8588): blockedByLocationOff callingUid=1002
09-01 14:24:56.558 I/appium  ( 4037): AppiumResponse: {"sessionId":"f0ce778c-9a08-42fe-b827-2bc440618298","value":null}
09-01 14:24:56.559 I/BluetoothUtils( 8588): packagename is android.uid.bluetooth:1002 ,and its permission is false
09-01 14:24:56.559 D/BluetoothUtils( 8588): blockedByLocationOff callingUid=1002
09-01 14:24:56.559 I/ActivityTaskManager( 1639): The Process com.xiaomi.hm.health Already Exists in BG. So sending its PID: 4088
09-01 14:24:56.559 I/BluetoothUtils( 8588): packagename is android.uid.bluetooth:1002 ,and its permission is false
09-01 14:24:56.559 D/BluetoothUtils( 8588): blockedByLocationOff callingUid=1002
09-01 14:24:56.559 I/BluetoothUtils( 8588): packagename is android.uid.bluetooth:1002 ,and its permission is false
09-01 14:24:56.559 V/bt_stack( 8588): [VERBOSE1:btm_ble_gap.cc(1923)] btm_ble_process_ext_adv_pkt: bda=72:1f:5b:cb:e4:06
09-01 14:24:56.559 V/bt_stack( 8588): [VERBOSE1:btm_ble_gap.cc(1847)] btm_ble_process_adv_addr: bda=72:1f:5b:cb:e4:06
09-01 14:24:56.559 V/bt_stack( 8588): [VERBOSE1:btm_ble_gap.cc(2052)]  Waiting for scan response 72:1f:5b:cb:e4:06
09-01 14:24:56.560 V/bt_stack( 8588): [VERBOSE1:btm_ble_gap.cc(1923)] btm_ble_process_ext_adv_pkt: bda=72:1f:5b:cb:e4:06
09-01 14:24:56.560 V/bt_stack( 8588): [VERBOSE1:btm_ble_gap.cc(1847)] btm_ble_process_adv_addr: bda=72:1f:5b:cb:e4:06
09-01 14:24:56.560 D/BluetoothUtils( 8588): blockedByLocationOff callingUid=1002
09-01 14:24:56.560 I/BluetoothUtils( 8588): packagename is android.uid.bluetooth:1002 ,and its permission is false
09-01 14:24:56.561 D/BluetoothUtils( 8588): blockedByLocationOff callingUid=1002
09-01 14:24:56.561 I/BluetoothUtils( 8588): packagename is android.uid.bluetooth:1002 ,and its permission is false
09-01 14:24:56.561 D/BluetoothUtils( 8588): blockedByLocationOff callingUid=1002
09-01 14:24:56.561 I/BluetoothUtils( 8588): packagename is android.uid.bluetooth:1002 ,and its permission is false
09-01 14:24:56.561 D/CompatibilityInfo( 1639): mCompatibilityFlags - 0
09-01 14:24:56.561 D/CompatibilityInfo( 1639): applicationDensity - 440
09-01 14:24:56.561 D/CompatibilityInfo( 1639): applicationScale - 1.0
09-01 14:24:56.562 D/WindowManager( 1639): Input focus has changed to null
09-01 14:24:56.565 I/Timeline( 1639): Timeline: App_transition_ready time:211062582
09-01 14:24:56.565 W/ActivityThread( 4088): handleWindowVisibility: no activity for token android.os.BinderProxy@2eebfc
09-01 14:24:56.571 D/ViewContentFactory( 4088): initViewContentFetcherClass
09-01 14:24:56.571 I/ContentCatcher( 4088): ViewContentFetcher : ViewContentFetcher
09-01 14:24:56.571 D/ViewContentFactory( 4088): createInterceptor took 0ms
09-01 14:24:56.589 V/bt_stack( 8588): [VERBOSE1:btm_ble_gap.cc(1923)] btm_ble_process_ext_adv_pkt: bda=2f:3a:5d:02:04:9c
09-01 14:24:56.589 V/bt_stack( 8588): [VERBOSE1:btm_ble_gap.cc(1847)] btm_ble_process_adv_addr: bda=2f:3a:5d:02:04:9c
09-01 14:24:56.589 D/BluetoothUtils( 8588): blockedByLocationOff callingUid=1002
09-01 14:24:56.590 I/BluetoothUtils( 8588): packagename is android.uid.bluetooth:1002 ,and its permission is false
09-01 14:24:56.590 D/BluetoothUtils( 8588): blockedByLocationOff callingUid=1002
09-01 14:24:56.590 I/BluetoothUtils( 8588): packagename is android.uid.bluetooth:1002 ,and its permission is false
09-01 14:24:56.590 D/BluetoothUtils( 8588): blockedByLocationOff callingUid=1002
09-01 14:24:56.590 I/BluetoothUtils( 8588): packagename is android.uid.bluetooth:1002 ,and its permission is false
09-01 14:24:56.598 D/BaseTitleActivity( 4088): setStyle NONE title  darkMode true color 0
09-01 14:24:56.599 I/appium  ( 4037): channel read invoked!
09-01 14:24:56.599 I/appium  ( 4037): channel read: POST /wd/hub/session/f0ce778c-9a08-42fe-b827-2bc440618298/element
09-01 14:24:56.600 I/appium  ( 4037): Find element command using 'id' with selector 'training_name'.
09-01 14:24:56.600 I/appium  ( 4037): Waiting up to 10000ms for device to be idle
09-01 14:24:56.601 D/[Koin]  ( 4088): !- ViewModelProvider getting instance
09-01 14:24:56.601 D/[Koin]  ( 4088): +- get 'com.huami.training.ui.detail.O00000o'
09-01 14:24:56.601 D/[Koin]  ( 4088): | create instance for [type:Factory,primary_type:'com.huami.training.ui.detail.O00000o']
09-01 14:24:56.601 D/[Koin]  ( 4088): +- get 'com.huami.training.O0000o0.O000000o.O000000o'
09-01 14:24:56.601 D/[Koin]  ( 4088): | create instance for [type:Factory,primary_type:'com.huami.training.O0000o0.O000000o.O000000o']
09-01 14:24:56.601 D/[Koin]  ( 4088): +- get 'com.huami.training.O0000Oo.O000000o'
09-01 14:24:56.601 D/[Koin]  ( 4088): +- got 'com.huami.training.O0000Oo.O000000o' in 0.009114 ms
09-01 14:24:56.601 D/[Koin]  ( 4088): +- get 'com.huami.training.db.TrainingDb'
09-01 14:24:56.601 D/[Koin]  ( 4088): +- got 'com.huami.training.db.TrainingDb' in 0.002813 ms
09-01 14:24:56.601 D/[Koin]  ( 4088): +- get 'com.huami.training.O000000o.O000OO0o'
09-01 14:24:56.601 D/[Koin]  ( 4088): +- got 'com.huami.training.O000000o.O000OO0o' in 0.005677 ms
09-01 14:24:56.601 D/[Koin]  ( 4088): +- get 'com.huami.training.O0000OOo.O000OO0o'
09-01 14:24:56.601 D/[Koin]  ( 4088): +- got 'com.huami.training.O0000OOo.O000OO0o' in 0.002969 ms
09-01 14:24:56.601 D/[Koin]  ( 4088): +- got 'com.huami.training.O0000o0.O000000o.O000000o' in 0.175781 ms
09-01 14:24:56.601 D/[Koin]  ( 4088): +- get 'com.huami.training.O0000o0.O000Oo0'
09-01 14:24:56.601 D/[Koin]  ( 4088): | create instance for [type:Factory,primary_type:'com.huami.training.O0000o0.O000Oo0']
09-01 14:24:56.601 D/[Koin]  ( 4088): +- get 'com.huami.training.O0000Oo.O000000o'
09-01 14:24:56.601 D/[Koin]  ( 4088): +- got 'com.huami.training.O0000Oo.O000000o' in 0.00224 ms
09-01 14:24:56.601 D/[Koin]  ( 4088): +- get 'com.huami.training.db.TrainingDb'
09-01 14:24:56.601 D/[Koin]  ( 4088): +- got 'com.huami.training.db.TrainingDb' in 0.002135 ms
09-01 14:24:56.601 D/[Koin]  ( 4088): +- get 'com.huami.training.O00000Oo.O000000o'
09-01 14:24:56.601 D/[Koin]  ( 4088): | create instance for [type:Factory,primary_type:'com.huami.training.O00000Oo.O000000o']
09-01 14:24:56.601 D/[Koin]  ( 4088): +- got 'com.huami.training.O00000Oo.O000000o' in 0.034792 ms
09-01 14:24:56.601 D/[Koin]  ( 4088): +- get 'com.huami.training.O000000o.O000OO0o'
09-01 14:24:56.601 D/[Koin]  ( 4088): +- got 'com.huami.training.O000000o.O000OO0o' in 0.003698 ms
09-01 14:24:56.601 D/[Koin]  ( 4088): +- get 'com.huami.training.O0000OOo.O000OO0o'
09-01 14:24:56.601 D/[Koin]  ( 4088): +- got 'com.huami.training.O0000OOo.O000OO0o' in 0.00276 ms
09-01 14:24:56.601 D/[Koin]  ( 4088): +- got 'com.huami.training.O0000o0.O000Oo0' in 0.223542 ms
09-01 14:24:56.601 D/[Koin]  ( 4088): +- get 'com.huami.training.O0000o0.O000000o'
09-01 14:24:56.601 D/[Koin]  ( 4088): | create instance for [type:Factory,primary_type:'com.huami.training.O0000o0.O000000o']
09-01 14:24:56.601 D/[Koin]  ( 4088): +- get 'com.huami.training.O0000OOo.O000000o'
09-01 14:24:56.601 D/[Koin]  ( 4088): +- got 'com.huami.training.O0000OOo.O000000o' in 0.004688 ms
09-01 14:24:56.601 D/[Koin]  ( 4088): +- get 'com.huami.training.O0000Oo.O000000o'
09-01 14:24:56.601 D/[Koin]  ( 4088): +- got 'com.huami.training.O0000Oo.O000000o' in 0.002084 ms
09-01 14:24:56.601 D/[Koin]  ( 4088): +- get 'com.huami.training.db.TrainingDb'
09-01 14:24:56.601 D/[Koin]  ( 4088): +- got 'com.huami.training.db.TrainingDb' in 0.002292 ms
09-01 14:24:56.601 D/[Koin]  ( 4088): +- get 'com.huami.training.O000000o.O000OO0o'
09-01 14:24:56.601 D/[Koin]  ( 4088): +- got 'com.huami.training.O000000o.O000OO0o' in 0.002969 ms
09-01 14:24:56.601 D/[Koin]  ( 4088): +- get 'com.huami.training.O0000o0O.O00000Oo'
09-01 14:24:56.601 D/[Koin]  ( 4088): +- got 'com.huami.training.O0000o0O.O00000Oo' in 0.0025 ms
09-01 14:24:56.601 D/[Koin]  ( 4088): +- got 'com.huami.training.O0000o0.O000000o' in 0.187395 ms
09-01 14:24:56.601 D/[Koin]  ( 4088): +- get 'com.huami.training.O0000O0o.O000000o.O000000o'
09-01 14:24:56.601 D/[Koin]  ( 4088): | create instance for [type:Factory,primary_type:'com.huami.training.O0000O0o.O000000o.O000000o']
09-01 14:24:56.601 D/[Koin]  ( 4088): +- get 'android.app.Application'
09-01 14:24:56.601 D/[Koin]  ( 4088): +- got 'android.app.Application' in 0.005521 ms
09-01 14:24:56.601 D/[Koin]  ( 4088): +- get 'com.huami.training.O0000o0.O0000o00'
09-01 14:24:56.601 D/[Koin]  ( 4088): | create instance for [type:Factory,primary_type:'com.huami.training.O0000o0.O0000o00']
09-01 14:24:56.601 D/[Koin]  ( 4088): +- get 'com.huami.training.O0000Oo.O000000o'
09-01 14:24:56.601 D/[Koin]  ( 4088): +- got 'com.huami.training.O0000Oo.O000000o' in 0.002552 ms
09-01 14:24:56.601 D/[Koin]  ( 4088): +- get 'com.huami.training.db.TrainingDb'
09-01 14:24:56.601 D/[Koin]  ( 4088): +- got 'com.huami.training.db.TrainingDb' in 0.002083 ms
09-01 14:24:56.601 D/[Koin]  ( 4088): +- get 'com.huami.training.O000000o.O000OO0o'
09-01 14:24:56.602 D/[Koin]  ( 4088): +- got 'com.huami.training.O000000o.O000OO0o' in 0.002968 ms
09-01 14:24:56.602 D/[Koin]  ( 4088): +- get 'com.huami.training.O0000o00.O00000Oo'
09-01 14:24:56.602 D/[Koin]  ( 4088): +- got 'com.huami.training.O0000o00.O00000Oo' in 0.0025 ms
09-01 14:24:56.602 D/[Koin]  ( 4088): +- get 'com.huami.training.O0000OOo.O000OO0o'
09-01 14:24:56.602 D/[Koin]  ( 4088): +- got 'com.huami.training.O0000OOo.O000OO0o' in 0.002916 ms
09-01 14:24:56.602 D/[Koin]  ( 4088): +- got 'com.huami.training.O0000o0.O0000o00' in 0.171771 ms
09-01 14:24:56.602 D/[Koin]  ( 4088): +- get 'com.huami.training.O0000Oo.O000000o'
09-01 14:24:56.602 D/[Koin]  ( 4088): +- got 'com.huami.training.O0000Oo.O000000o' in 0.002395 ms
09-01 14:24:56.602 D/[Koin]  ( 4088): +- get 'com.huami.training.db.TrainingDb'
09-01 14:24:56.602 D/[Koin]  ( 4088): +- got 'com.huami.training.db.TrainingDb' in 0.002135 ms
09-01 14:24:56.602 D/[Koin]  ( 4088): +- got 'com.huami.training.O0000O0o.O000000o.O000000o' in 0.327864 ms
09-01 14:24:56.602 D/[Koin]  ( 4088): +- got 'com.huami.training.ui.detail.O00000o' in 1.208594 ms
09-01 14:24:56.602 D/[Koin]  ( 4088): !- ViewModelProvider got instance in 1.283073
09-01 14:24:56.605 V/bt_stack( 8588): [VERBOSE1:btm_ble_gap.cc(1923)] btm_ble_process_ext_adv_pkt: bda=45:55:7e:66:6f:d0
09-01 14:24:56.605 V/bt_stack( 8588): [VERBOSE1:btm_ble_gap.cc(1847)] btm_ble_process_adv_addr: bda=45:55:7e:66:6f:d0
09-01 14:24:56.605 V/bt_stack( 8588): [VERBOSE1:btm_ble_gap.cc(2052)]  Waiting for scan response 45:55:7e:66:6f:d0
09-01 14:24:56.606 V/bt_stack( 8588): [VERBOSE1:btm_ble_gap.cc(1923)] btm_ble_process_ext_adv_pkt: bda=25:4e:aa:3f:5d:41
09-01 14:24:56.606 V/bt_stack( 8588): [VERBOSE1:btm_ble_gap.cc(1847)] btm_ble_process_adv_addr: bda=25:4e:aa:3f:5d:41
09-01 14:24:56.606 D/BluetoothUtils( 8588): blockedByLocationOff callingUid=1002
09-01 14:24:56.606 I/BluetoothUtils( 8588): packagename is android.uid.bluetooth:1002 ,and its permission is false
09-01 14:24:56.607 D/BluetoothUtils( 8588): blockedByLocationOff callingUid=1002
09-01 14:24:56.607 I/BluetoothUtils( 8588): packagename is android.uid.bluetooth:1002 ,and its permission is false
09-01 14:24:56.607 D/BluetoothUtils( 8588): blockedByLocationOff callingUid=1002
09-01 14:24:56.607 I/BluetoothUtils( 8588): packagename is android.uid.bluetooth:1002 ,and its permission is false
09-01 14:24:56.609 V/bt_stack( 8588): [VERBOSE1:btm_ble_gap.cc(1923)] btm_ble_process_ext_adv_pkt: bda=11:82:f5:89:45:91
09-01 14:24:56.610 V/bt_stack( 8588): [VERBOSE1:btm_ble_gap.cc(1847)] btm_ble_process_adv_addr: bda=11:82:f5:89:45:91
09-01 14:24:56.610 D/BluetoothUtils( 8588): blockedByLocationOff callingUid=1002
09-01 14:24:56.610 I/BluetoothUtils( 8588): packagename is android.uid.bluetooth:1002 ,and its permission is false
09-01 14:24:56.610 D/BluetoothUtils( 8588): blockedByLocationOff callingUid=1002
09-01 14:24:56.611 I/BluetoothUtils( 8588): packagename is android.uid.bluetooth:1002 ,and its permission is false
09-01 14:24:56.611 D/BluetoothUtils( 8588): blockedByLocationOff callingUid=1002
09-01 14:24:56.611 I/BluetoothUtils( 8588): packagename is android.uid.bluetooth:1002 ,and its permission is false
09-01 14:24:56.612 D/WindowManager( 1639): Input focus has changed to Window{c5452ff u0 com.xiaomi.hm.health/com.huami.training.ui.detail.FeaturedCourseDetailActivity}
09-01 14:24:56.615 V/bt_stack( 8588): [VERBOSE1:btm_ble_gap.cc(1923)] btm_ble_process_ext_adv_pkt: bda=79:e0:45:bf:09:c7
09-01 14:24:56.615 V/bt_stack( 8588): [VERBOSE1:btm_ble_gap.cc(1847)] btm_ble_process_adv_addr: bda=79:e0:45:bf:09:c7
09-01 14:24:56.616 D/BluetoothUtils( 8588): blockedByLocationOff callingUid=1002
09-01 14:24:56.616 I/BluetoothUtils( 8588): packagename is android.uid.bluetooth:1002 ,and its permission is false
09-01 14:24:56.616 D/BluetoothUtils( 8588): blockedByLocationOff callingUid=1002
09-01 14:24:56.617 I/BluetoothUtils( 8588): packagename is android.uid.bluetooth:1002 ,and its permission is false
09-01 14:24:56.617 D/BluetoothUtils( 8588): blockedByLocationOff callingUid=1002
09-01 14:24:56.617 I/BluetoothUtils( 8588): packagename is android.uid.bluetooth:1002 ,and its permission is false
09-01 14:24:56.618 W/AsyncHttpResponse( 4088): Current thread has not called Looper.prepare().Forcing synchronous mode
09-01 14:24:56.620 D/RecentsImpl( 7676): mActivityStateObserver com.huami.training.ui.detail.FeaturedCourseDetailActivity
09-01 14:24:56.621 D/TrainingWebApiImpl( 4088): https://api-mifit-cn2.huami.com/trainings/10021567656920
09-01 14:24:56.625 W/AsyncHttpResponse( 4088): Current thread has not called Looper.prepare().Forcing synchronous mode
09-01 14:24:56.625 I/Timeline( 1639): Timeline: App_transition_ready time:211062642
09-01 14:24:56.626 I/Timeline( 1639): Timeline: App_transition_ready time:211062643
09-01 14:24:56.634 V/bt_stack( 8588): [VERBOSE1:btm_ble_gap.cc(1923)] btm_ble_process_ext_adv_pkt: bda=fe:e1:62:0f:0c:8e
09-01 14:24:56.634 V/bt_stack( 8588): [VERBOSE1:btm_ble_gap.cc(1847)] btm_ble_process_adv_addr: bda=fe:e1:62:0f:0c:8e
09-01 14:24:56.634 V/bt_stack( 8588): [VERBOSE1:btm_ble_gap.cc(2052)]  Waiting for scan response fe:e1:62:0f:0c:8e
09-01 14:24:56.634 V/bt_stack( 8588): [VERBOSE1:btm_ble_gap.cc(1923)] btm_ble_process_ext_adv_pkt: bda=59:bb:67:f0:94:3c
09-01 14:24:56.634 V/bt_stack( 8588): [VERBOSE1:btm_ble_gap.cc(1847)] btm_ble_process_adv_addr: bda=59:bb:67:f0:94:3c
09-01 14:24:56.635 D/BluetoothUtils( 8588): blockedByLocationOff callingUid=1002
09-01 14:24:56.635 I/BluetoothUtils( 8588): packagename is android.uid.bluetooth:1002 ,and its permission is false
09-01 14:24:56.635 D/BluetoothUtils( 8588): blockedByLocationOff callingUid=1002
09-01 14:24:56.636 I/BluetoothUtils( 8588): packagename is android.uid.bluetooth:1002 ,and its permission is false
09-01 14:24:56.636 D/BluetoothUtils( 8588): blockedByLocationOff callingUid=1002
09-01 14:24:56.636 I/BluetoothUtils( 8588): packagename is android.uid.bluetooth:1002 ,and its permission is false
09-01 14:24:56.639 I/Timeline( 1639): Timeline: App_transition_ready time:211062655
09-01 14:24:56.640 V/bt_stack( 8588): [VERBOSE1:btm_ble_gap.cc(1923)] btm_ble_process_ext_adv_pkt: bda=33:55:74:83:d5:3a
09-01 14:24:56.640 V/bt_stack( 8588): [VERBOSE1:btm_ble_gap.cc(1847)] btm_ble_process_adv_addr: bda=33:55:74:83:d5:3a
09-01 14:24:56.640 D/BluetoothUtils( 8588): blockedByLocationOff callingUid=1002
09-01 14:24:56.641 I/BluetoothUtils( 8588): packagename is android.uid.bluetooth:1002 ,and its permission is false
09-01 14:24:56.641 D/BluetoothUtils( 8588): blockedByLocationOff callingUid=1002
09-01 14:24:56.641 I/BluetoothUtils( 8588): packagename is android.uid.bluetooth:1002 ,and its permission is false
09-01 14:24:56.641 D/BluetoothUtils( 8588): blockedByLocationOff callingUid=1002
