--------- beginning of main
09-01 14:39:07.288 W/InteractionController(11310): runAndwaitForEvents timed out waiting for events
09-01 14:39:07.290 I/chatty  ( 8588): uid=1002(bluetooth) btu message loo expire 48 lines
09-01 14:39:07.292 I/chatty  ( 8588): uid=1002(bluetooth) BT Service Call expire 224 lines
09-01 14:39:07.329 I/appium  (11310): AppiumResponse: {"sessionId":"7457bba7-67d4-46f6-af19-5e3c40fc69d7","value":{"error":"no such element","message":"An element could not be located on the page using the given search parameters","stacktrace":"io.appium.uiautomator2.common.exceptions.ElementNotFoundException: An element could not be located on the ...
09-01 14:39:07.411 I/chatty  ( 8588): uid=1002(bluetooth) btu message loo expire 191 lines
09-01 14:39:07.646 I/chatty  ( 8588): uid=1002(bluetooth) BT Service Call expire 327 lines
09-01 14:39:07.854 I/appium  (11310): channel read invoked!
09-01 14:39:07.855 I/appium  (11310): channel read: POST /wd/hub/session/7457bba7-67d4-46f6-af19-5e3c40fc69d7/element
09-01 14:39:07.856 I/appium  (11310): Find element command using 'xpath' with selector '//*[contains(@text, "平衡性")]'.
09-01 14:39:07.856 I/appium  (11310): Waiting up to 10000ms for device to be idle
09-01 14:39:07.860 I/chatty  ( 8588): uid=1002(bluetooth) btu message loo expire 86 lines
09-01 14:39:08.019 I/chatty  (19843): uid=1002 bluetooth@1.0-s expire 5 lines
09-01 14:39:08.025 I/appium  (11310): Rewrote class name 'androidx.appcompat.app.ActionBar$O0000O0o' to XML node name 'androidx.appcompat.app.ActionBar.O0000O0o'
09-01 14:39:08.026 I/appium  (11310): Rewrote class name 'androidx.appcompat.app.ActionBar$O0000O0o' to XML node name 'androidx.appcompat.app.ActionBar.O0000O0o'
09-01 14:39:08.030 I/chatty  ( 8588): uid=1002(bluetooth) BluetoothScanMa expire 3 lines
09-01 14:39:08.044 I/appium  (11310): AppiumResponse: {"sessionId":"7457bba7-67d4-46f6-af19-5e3c40fc69d7","value":{"ELEMENT":"dce24534-10d6-415f-826c-eb5c4d764405","element-6066-11e4-a52e-4f735466cecf":"dce24534-10d6-415f-826c-eb5c4d764405"}}
09-01 14:39:08.063 I/appium  (11310): channel read invoked!
09-01 14:39:08.063 I/appium  (11310): channel read: GET /wd/hub/session/7457bba7-67d4-46f6-af19-5e3c40fc69d7/element/dce24534-10d6-415f-826c-eb5c4d764405/attribute/text
09-01 14:39:08.063 I/appium  (11310): get attribute of element command
09-01 14:39:08.087 I/appium  (11310): AppiumResponse: {"sessionId":"7457bba7-67d4-46f6-af19-5e3c40fc69d7","value":"平衡性 1.6秒"}
09-01 14:39:08.109 I/chatty  ( 8588): uid=1002(bluetooth) BT Service Call expire 169 lines
09-01 14:39:08.111 I/appium  (11310): channel read invoked!
09-01 14:39:08.111 I/appium  (11310): channel read: POST /wd/hub/session/7457bba7-67d4-46f6-af19-5e3c40fc69d7/element
09-01 14:39:08.111 I/chatty  ( 8588): uid=1002(bluetooth) btu message loo expire 191 lines
09-01 14:39:08.111 I/appium  (11310): Find element command using 'xpath' with selector '//*[contains(@text, "平衡性")]'.
09-01 14:39:08.112 I/appium  (11310): Waiting up to 10000ms for device to be idle
09-01 14:39:08.240 I/appium  (11310): Rewrote class name 'androidx.appcompat.app.ActionBar$O0000O0o' to XML node name 'androidx.appcompat.app.ActionBar.O0000O0o'
09-01 14:39:08.241 I/appium  (11310): Rewrote class name 'androidx.appcompat.app.ActionBar$O0000O0o' to XML node name 'androidx.appcompat.app.ActionBar.O0000O0o'
09-01 14:39:08.258 I/appium  (11310): AppiumResponse: {"sessionId":"7457bba7-67d4-46f6-af19-5e3c40fc69d7","value":{"ELEMENT":"f6fe9e60-a012-4dd9-96a7-c9f5fe51be2d","element-6066-11e4-a52e-4f735466cecf":"f6fe9e60-a012-4dd9-96a7-c9f5fe51be2d"}}
09-01 14:39:08.269 I/appium  (11310): channel read invoked!
09-01 14:39:08.269 I/appium  (11310): channel read: POST /wd/hub/session/7457bba7-67d4-46f6-af19-5e3c40fc69d7/element/f6fe9e60-a012-4dd9-96a7-c9f5fe51be2d/click
09-01 14:39:08.270 I/appium  (11310): Click element command
09-01 14:39:08.304 I/chatty  ( 8588): uid=1002(bluetooth) BT Service Call expire 317 lines
09-01 14:39:08.332 I/appium  (11310): Waiting up to 10000ms for device to be idle
09-01 14:39:08.332 I/appium  (11310): AppiumResponse: {"sessionId":"7457bba7-67d4-46f6-af19-5e3c40fc69d7","value":null}
--------- beginning of system
09-01 14:39:08.337 I/Timeline(11356): Timeline: Activity_launch_request time:211914354
09-01 14:39:08.338 I/SplashScreenServiceDelegate( 1639): None for com.xiaomi.hm.health
09-01 14:39:08.338 I/ActivityTaskManager( 1639): START u0 {cmp=com.xiaomi.hm.health/.bodyfat.activity.OneFootDetailActivity (has extras)} from uid 10241
09-01 14:39:08.340 D/CompatibilityInfo( 1639): mCompatibilityFlags - 0
09-01 14:39:08.341 D/CompatibilityInfo( 1639): applicationDensity - 440
09-01 14:39:08.341 D/CompatibilityInfo( 1639): applicationScale - 1.0
09-01 14:39:08.341 D/ActivityTrigger( 1639): ActivityTrigger activityPauseTrigger 
09-01 14:39:08.348 I/ActivityTaskManager( 1639): The Process com.xiaomi.hm.health Already Exists in BG. So sending its PID: 11356
09-01 14:39:08.349 D/CompatibilityInfo( 1639): mCompatibilityFlags - 0
09-01 14:39:08.349 D/CompatibilityInfo( 1639): applicationDensity - 440
09-01 14:39:08.349 D/CompatibilityInfo( 1639): applicationScale - 1.0
09-01 14:39:08.350 D/WindowManager( 1639): Input focus has changed to null
09-01 14:39:08.351 I/Timeline( 1639): Timeline: App_transition_ready time:211914368
09-01 14:39:08.352 W/ActivityThread(11356): handleWindowVisibility: no activity for token android.os.BinderProxy@45e01b5
09-01 14:39:08.360 D/ViewContentFactory(11356): initViewContentFetcherClass
09-01 14:39:08.361 I/ContentCatcher(11356): ViewContentFetcher : ViewContentFetcher
09-01 14:39:08.361 D/ViewContentFactory(11356): createInterceptor took 0ms
09-01 14:39:08.383 D/BaseTitleActivity(11356): setStyle BACK_DOUBLE_TITLE title  darkMode false color -16729987
09-01 14:39:08.384 D/BaseTitleActivity(11356): setTintColor -16729987
09-01 14:39:08.402 D/RecentsImpl( 7676): mActivityStateObserver com.xiaomi.hm.health.bodyfat.activity.OneFootDetailActivity
09-01 14:39:08.419 I/Timeline( 1639): Timeline: App_transition_ready time:211914436
09-01 14:39:08.421 I/Timeline( 1639): Timeline: App_transition_ready time:211914438
09-01 14:39:08.422 D/WindowManager( 1639): Input focus has changed to Window{4b5171e u0 com.xiaomi.hm.health/com.xiaomi.hm.health.bodyfat.activity.OneFootDetailActivity}
09-01 14:39:08.441 W/Glide   (11356): Load failed for  with size [-2147483648x-2147483648]
09-01 14:39:08.441 W/Glide   (11356): class com.O00000o0.O000000o.O00000o.O00000Oo.O000O0o: Failed to load resource
09-01 14:39:08.443 I/Timeline( 1639): Timeline: App_transition_ready time:211914460
09-01 14:39:08.446 W/Glide   (11356): Load failed for  with size [-2147483648x-2147483648]
09-01 14:39:08.446 W/Glide   (11356): class com.O00000o0.O000000o.O00000o.O00000Oo.O000O0o: Failed to load resource
09-01 14:39:08.456 I/SplashScreenServiceDelegate( 1639): None for com.xiaomi.hm.health
09-01 14:39:08.458 I/ActivityTaskManager( 1639): Displayed com.xiaomi.hm.health/.bodyfat.activity.OneFootDetailActivity: +105ms
09-01 14:39:08.460 W/RecentsModel( 7676): onTaskStackChangedBackground: start loading
09-01 14:39:08.460 W/RecentsModel( 7676): getTaskInfoIgnoreHomeAndSplit   taskInfo=ComponentInfo{com.xiaomi.hm.health/com.xiaomi.hm.health.activity.MainTabActivity}
09-01 14:39:08.461 W/RecentsModel( 7676): getTaskInfoIgnoreHomeAndFreeform   taskInfo=ComponentInfo{com.xiaomi.hm.health/com.xiaomi.hm.health.activity.MainTabActivity}
09-01 14:39:08.461 W/RecentsModel( 7676): getTaskInfoIgnoreFreeform   taskInfo=ComponentInfo{com.xiaomi.hm.health/com.xiaomi.hm.health.activity.MainTabActivity}
09-01 14:39:08.461 W/RecentsModel( 7676): onTaskStackChangedBackground: finishLoading loading
09-01 14:39:08.520 I/chatty  ( 8588): uid=1002(bluetooth) btu message loo expire 185 lines
09-01 14:39:08.946 I/Timeline( 1639): Timeline: Activity_windows_visible id: ActivityRecord{a526a5d u0 com.xiaomi.hm.health/.bodyfat.activity.OneFootDetailActivity t488} time:211914962
09-01 14:39:08.948 I/Timeline( 1639): Timeline: App_transition_stopped time:211914965
09-01 14:39:10.094 D/WindowManager( 1639): Input focus has changed to null
09-01 14:39:10.096 I/Timeline( 1639): Timeline: App_transition_ready time:211916113
09-01 14:39:10.144 I/Timeline( 1639): Timeline: App_transition_ready time:211916161
09-01 14:39:10.144 D/WindowManager( 1639): Input focus has changed to Window{81e46b2 u0 com.xiaomi.hm.health/com.xiaomi.hm.health.activity.StatusDetailActivity}
09-01 14:39:10.163 I/ActivityManager( 1639): Force stopping com.xiaomi.hm.health appid=10241 user=0: from process:12572
09-01 14:39:10.165 I/ActivityManager( 1639): Killing 11356:com.xiaomi.hm.health/u0a241 (adj 0): stop com.xiaomi.hm.health: from process:12572
09-01 14:39:10.169 I/ProcessManager( 1639): remove no clear notification:StatusBarNotification(pkg=com.xiaomi.hm.health user=UserHandle{0} id=4 tag=null key=0|com.xiaomi.hm.health|4|null|10241: Notification(channel=O000Oo0 pri=0 contentView=null vibrate=null sound=null defaults=0x0 flags=0x62 color=0xffff5a00 vis=PRIVATE))
09-01 14:39:10.174 I/AutoStartManagerService( 1639): MIUILOG- Reject RestartService packageName :com.xiaomi.hm.health uid : 10241
09-01 14:39:10.185 W/ActivityTaskManager( 1639): Force removing ActivityRecord{a526a5d u0 com.xiaomi.hm.health/.bodyfat.activity.OneFootDetailActivity t488 f}: app died, no saved state
09-01 14:39:10.186 W/WindowManager( 1639): AppToken= AppWindowToken{c7fa8a3 token=Token{26dcfd2 ActivityRecord{a526a5d u0 com.xiaomi.hm.health/.bodyfat.activity.OneFootDetailActivity t488}}} mIsExiting=is animating, remove from display after animation done.
09-01 14:39:10.186 W/ActivityTaskManager( 1639): Force removing ActivityRecord{392fd81 u0 com.xiaomi.hm.health/.activity.StatusDetailActivity t488 f}: app died, no saved state
09-01 14:39:10.186 W/WindowManager( 1639): AppToken= AppWindowToken{547aa67 token=Token{1996e26 ActivityRecord{392fd81 u0 com.xiaomi.hm.health/.activity.StatusDetailActivity t488}}} mIsExiting=is animating, remove from display after animation done.
09-01 14:39:10.186 W/ActivityTaskManager( 1639): Force removing ActivityRecord{f4b77df u0 com.xiaomi.hm.health/.activity.MainTabActivity t488 f}: app died, no saved state
09-01 14:39:10.188 D/WindowManager( 1639): Input focus has changed to null
09-01 14:39:10.190 I/Timeline( 1639): Timeline: App_transition_ready time:211916207
09-01 14:39:10.192 I/Timeline( 1639): Timeline: App_transition_ready time:211916209
09-01 14:39:10.196 I/Timeline( 1639): Timeline: App_transition_ready time:211916213
09-01 14:39:10.198 I/set_top_app( 1639): success /proc/7676/top_app:1
09-01 14:39:10.198 I/set_top_app( 1639): success /proc/13261/top_app:2
09-01 14:39:10.204 V/UidProcStateHelper( 1639): foreground changed:[7676,10090,true]
09-01 14:39:10.205 I/Timeline( 1639): Timeline: App_transition_ready time:211916222
09-01 14:39:10.208 I/Timeline( 1639): Timeline: App_transition_ready time:211916225
09-01 14:39:10.216 V/UidProcStateHelper( 1639): process died:[11356,10241]
09-01 14:39:10.222 I/Timeline( 1639): Timeline: App_transition_ready time:211916239
09-01 14:39:10.234 I/Timeline( 1639): Timeline: App_transition_ready time:211916251
09-01 14:39:10.234 D/WindowManager( 1639): Input focus has changed to Window{fa1ce05 u0 com.miui.home/com.miui.home.launcher.Launcher}
09-01 14:39:10.240 I/Timeline( 1639): Timeline: App_transition_ready time:211916257
09-01 14:39:10.278 I/Timeline( 1639): Timeline: App_transition_ready time:211916295
09-01 14:39:10.281 I/Timeline( 1639): Timeline: App_transition_ready time:211916298
09-01 14:39:10.290 W/InputMethodManagerService( 1639): Got RemoteException sending setActive(false) notification to pid 11356 uid 10241
09-01 14:39:10.293 I/Timeline( 1639): Timeline: App_transition_ready time:211916310
09-01 14:39:10.294 I/SplashScreenServiceDelegate( 1639): None for com.miui.home
09-01 14:39:10.297 I/WindowManager( 1639): WIN DEATH: Window{81e46b2 u0 com.xiaomi.hm.health/com.xiaomi.hm.health.activity.StatusDetailActivity}
09-01 14:39:10.301 I/Timeline( 1639): Timeline: App_transition_ready time:211916318
09-01 14:39:10.302 I/WindowManager( 1639): WIN DEATH: Window{32f4c3a u0 com.xiaomi.hm.health/com.xiaomi.hm.health.activity.MainTabActivity}
09-01 14:39:10.305 I/Timeline( 1639): Timeline: App_transition_ready time:211916322
09-01 14:39:10.305 I/WindowManager( 1639): WIN DEATH: Window{4b5171e u0 com.xiaomi.hm.health/com.xiaomi.hm.health.bodyfat.activity.OneFootDetailActivity}
09-01 14:39:10.308 I/Timeline( 1639): Timeline: App_transition_ready time:211916325
09-01 14:39:10.309 I/Timeline( 1639): Timeline: App_transition_ready time:211916326
09-01 14:39:10.312 D/CompatibilityInfo( 1639): mCompatibilityFlags - 0
09-01 14:39:10.312 D/CompatibilityInfo( 1639): applicationDensity - 440
09-01 14:39:10.312 D/CompatibilityInfo( 1639): applicationScale - 1.0
09-01 14:39:10.313 W/RecentsModel( 7676): onTaskStackChangedBackground: start loading
09-01 14:39:10.313 I/chatty  ( 3272): uid=1002(bluetooth) com.xiaomi.bluetooth expire 3 lines
09-01 14:39:10.313 W/Unity   ( 2503): Not running Unity from an Activity; ignored...
09-01 14:39:10.313 W/RecentsModel( 7676): getTaskInfoIgnoreHomeAndSplit   taskInfo=ComponentInfo{com.android.settings/com.android.settings.MainSettings}
09-01 14:39:10.314 W/RecentsModel( 7676): getTaskInfoIgnoreHomeAndFreeform   taskInfo=ComponentInfo{com.android.settings/com.android.settings.MainSettings}
09-01 14:39:10.314 W/RecentsModel( 7676): getTaskInfoIgnoreFreeform   taskInfo=ComponentInfo{com.miui.home/com.miui.home.launcher.Launcher}
09-01 14:39:10.314 W/RecentsModel( 7676): onTaskStackChangedBackground: finishLoading loading
09-01 14:39:10.314 I/sensors-hal(  791): flush:209, android.sensor.accelerometer/56
09-01 14:39:10.315 I/sensors-hal(  791): flush:215, android.sensor.accelerometer/56 completed
09-01 14:39:10.316 I/sensors-hal(  791): batch:180, android.sensor.accelerometer/56, period=20000000, max_latency=0
09-01 14:39:10.317 I/sensors-hal(  791): batch:189, android.sensor.accelerometer/56, period=20000000, max_latency=0 request completed
09-01 14:39:10.321 I/chatty  (19843): uid=1002 bluetooth@1.0-s expire 7 lines
09-01 14:39:10.325 I/chatty  ( 8588): uid=1002(bluetooth) BluetoothAvrcpH expire 118 lines
09-01 14:39:10.326 V/MediaRouter( 2503): Selecting route: RouteInfo{ name=手机, description=null, status=null, category=RouteCategory{ name=系统 types=ROUTE_TYPE_LIVE_AUDIO ROUTE_TYPE_LIVE_VIDEO  groupable=false }, supportedTypes=ROUTE_TYPE_LIVE_AUDIO ROUTE_TYPE_LIVE_VIDEO , presentationDisplay=null }
09-01 14:39:10.327 V/SettingsProvider( 1639): Notifying for 0: content://settings/global/hidden_api_policy_pre_p_apps
09-01 14:39:10.345 I/Timeline( 1639): Timeline: App_transition_ready time:211916362
09-01 14:39:10.361 V/SettingsProvider( 1639): Notifying for 0: content://settings/global/hidden_api_policy_p_apps
09-01 14:39:10.401 V/SettingsProvider( 1639): Notifying for 0: content://settings/global/hidden_api_policy
09-01 14:39:10.442 E/ActivityThread(26104): Failed to find provider info for com.android.bluetooth.deviceinfo_provider
09-01 14:39:10.649 V/SettingsProvider( 1639): Notifying for 0: content://settings/global/hidden_api_policy_pre_p_apps
09-01 14:39:10.688 V/SettingsProvider( 1639): Notifying for 0: content://settings/global/hidden_api_policy_p_apps
09-01 14:39:10.725 V/SettingsProvider( 1639): Notifying for 0: content://settings/global/hidden_api_policy
09-01 14:39:11.026 I/ActivityManager( 1639): Force stopping io.appium.uiautomator2.server.test appid=10225 user=0: from process:12629
09-01 14:39:11.030 I/Timeline( 1639): Timeline: App_transition_ready time:211917047
09-01 14:39:11.356 W/ActivityManager( 1639): Unable to start service Intent { act=android.bluetooth.device.action.ACL_DISCONNECTED cmp=com.google.android.gms/.nearby.discovery.service.DiscoveryService (has extras) } U=0: not found
09-01 14:39:11.385 I/ActivityManager( 1639): Force stopping io.appium.uiautomator2.server appid=10224 user=0: start instr
09-01 14:39:11.386 I/ActivityManager( 1639): Killing 11310:io.appium.uiautomator2.server/u0a224 (adj 0): stop io.appium.uiautomator2.server: start instr
09-01 14:39:11.388 W/ActivityManager( 1639): Crash of app io.appium.uiautomator2.server running instrumentation ComponentInfo{io.appium.uiautomator2.server.test/androidx.test.runner.AndroidJUnitRunner}
09-01 14:39:11.389 I/ActivityManager( 1639): Force stopping io.appium.uiautomator2.server appid=10224 user=0: finished inst
09-01 14:39:11.392 I/Timeline( 1639): Timeline: App_transition_ready time:211917409
09-01 14:39:11.397 I/Timeline( 1639): Timeline: App_transition_ready time:211917414
09-01 14:39:11.405 V/UidProcStateHelper( 1639): process died:[11310,10224]
09-01 14:39:11.426 D/Boost   ( 1639): hostingType=added application, hostingName=io.appium.uiautomator2.server, callerPackage=android, isSystem=true, isBoostNeeded=false.
09-01 14:39:11.426 I/ActivityManager( 1639): Start proc 12655:io.appium.uiautomator2.server/u0a224 for added application io.appium.uiautomator2.server caller=android
09-01 14:39:11.473 W/WindowManager( 1639): removeWindowToken: Attempted to remove non-existing token: android.os.Binder@8a8b1f1
09-01 14:39:11.476 V/SettingsProvider( 1639): Notifying for 0: content://settings/secure/accessibility_enabled
09-01 14:39:13.046 V/SettingsProvider( 1639): Notifying for 0: content://settings/secure/accessibility_enabled
09-01 14:39:13.393 I/Timeline( 1639): Timeline: App_transition_ready time:211919410
09-01 14:39:14.429 I/ActivityManager( 1639): Force stopping com.xiaomi.hm.health appid=10241 user=0: from process:12690
09-01 14:39:14.435 I/Timeline( 1639): Timeline: App_transition_ready time:211920452
09-01 14:39:14.683 W/ActivityTaskManager( 1639): aInfo is null for resolve intent: Intent { act=android.intent.action.MAIN cat=[android.intent.category.LAUNCHER] flg=0x10200000 cmp=com.xiaomi.hm.health/activity.StartUpActivity }
09-01 14:39:14.684 W/ActivityTaskManagerServiceInjector( 1639): Intent or aInfo is null!
09-01 14:39:14.684 I/ActivityTaskManager( 1639): START u0 {act=android.intent.action.MAIN cat=[android.intent.category.LAUNCHER] flg=0x10200000 cmp=com.xiaomi.hm.health/activity.StartUpActivity} from uid 2000
09-01 14:39:14.686 W/BpBinder(12690): Slow Binder: BpBinder transact took 258ms, interface=android.app.IActivityManager, code=1598246212 oneway=false
09-01 14:39:14.774 I/ActivityManager( 1639): Force stopping com.xiaomi.hm.health appid=10241 user=0: from process:12695
09-01 14:39:14.781 I/Timeline( 1639): Timeline: App_transition_ready time:211920797
09-01 14:39:14.811 D/NfcService( 4689): defaultAidRoute : 315
09-01 14:39:14.811 D/NfcService( 4689): GetDefaultRouteLoc  :1
09-01 14:39:14.811 E/AidRoutingManager( 4689): Size of routing table970
09-01 14:39:14.811 E/RegisteredAidCache( 4689): updateRoutingLocked(): exit...
09-01 14:39:14.812 D/RegisteredNfcFServicesCache( 4689): Service unchanged, not updating
09-01 14:39:15.031 I/SplashScreenServiceDelegate( 1639): None for com.xiaomi.hm.health
09-01 14:39:15.032 I/ActivityTaskManager( 1639): START u0 {act=android.intent.action.MAIN cat=[android.intent.category.LAUNCHER] flg=0x10200000 cmp=com.xiaomi.hm.health/.activity.StartUpActivity} from uid 2000
09-01 14:39:15.037 E/ANDR-PERF-JNI( 1639): com_qualcomm_qtiperformance_native_perf_io_prefetch_start
09-01 14:39:15.037 E/ANDR-PERF-LM(  809): AdaptLaunchAction:: applyAction() 151: Failed to aquire perflock, handle = -1
09-01 14:39:15.052 D/CompatibilityInfo( 1639): mCompatibilityFlags - 0
09-01 14:39:15.052 D/CompatibilityInfo( 1639): applicationDensity - 440
09-01 14:39:15.052 D/CompatibilityInfo( 1639): applicationScale - 1.0
09-01 14:39:15.053 D/ActivityTrigger( 1639): ActivityTrigger activityPauseTrigger 
09-01 14:39:15.056 D/Layer   (  881): ---setAlpha Launcher=1.000000
09-01 14:39:15.057 D/Layer   (  881): ---setAlpha Launcher=1.000000
09-01 14:39:15.058 D/Launcher.Lifecycle( 7676): onPause:UserHandle{0},93e149d,true
09-01 14:39:15.059 D/Launcher_UnlockAnimationStateMachine( 7676): setState:PAUSE_WAIT
09-01 14:39:15.059 D/ScreenElementRoot( 7676): pause
09-01 14:39:15.059 D/ScreenElementRoot( 7676): pause
09-01 14:39:15.060 I/NotifierManager( 7676): onUnregister: miui.maml.NotifierManager$MultiBroadcastNotifier@bb30fa3
09-01 14:39:15.060 I/RenderThread( 7676): RenderThread paused, waiting for signal
09-01 14:39:15.064 D/Layer   (  881): ---setAlpha Launcher=1.000000
09-01 14:39:15.066 D/Layer   (  881): ---setAlpha Launcher=1.000000
09-01 14:39:15.068 D/StatusBarClockController( 7676): show status bar clock
09-01 14:39:15.068 E/ANDR-IOP( 2131): io prefetch is disabled
09-01 14:39:15.070 D/BufferQueueLayer(  881): Launcher new frame Arrived
09-01 14:39:15.080 D/Launcher_WallpaperUtils( 7676): changeStatusBarMode:false
09-01 14:39:15.083 D/BufferQueueLayer(  881): Launcher new frame Arrived
09-01 14:39:15.092 D/Zygote  (  680): Forked child process 12702
09-01 14:39:15.094 D/Boost   ( 1639): hostingType=activity, hostingName={com.xiaomi.hm.health/com.xiaomi.hm.health.activity.StartUpActivity}, callerPackage=null, isSystem=true, isBoostNeeded=false.
09-01 14:39:15.094 D/OemNetd (  679): setPidForPackage: packageName=com.xiaomi.hm.health, pid=12702, pid=10241
09-01 14:39:15.094 I/ActivityManager( 1639): Start proc 12702:com.xiaomi.hm.health/u0a241 for activity {com.xiaomi.hm.health/com.xiaomi.hm.health.activity.StartUpActivity} caller=null
09-01 14:39:15.117 D/CompatibilityInfo( 1639): mCompatibilityFlags - 0
09-01 14:39:15.117 D/CompatibilityInfo( 1639): applicationDensity - 440
09-01 14:39:15.117 D/CompatibilityInfo( 1639): applicationScale - 1.0
09-01 14:39:15.122 D/Layer   (  881): ---setAlpha Launcher=1.000000
09-01 14:39:15.123 D/CompatibilityInfo( 1639): mCompatibilityFlags - 0
09-01 14:39:15.123 D/CompatibilityInfo( 1639): applicationDensity - 440
09-01 14:39:15.123 D/CompatibilityInfo( 1639): applicationScale - 1.0
09-01 14:39:15.124 D/PowerKeeper( 6417): PerfEngineController:ForegroundInfo{mForegroundPackageName='com.xiaomi.hm.health', mForegroundUid=10241, mForegroundPid=12702, mLastForegroundPackageName='com.miui.home', mLastForegroundUid=10090, mLastForegroundPid=7676, mMultiWindowForegroundPackageName='null', mMultiWindowForegroundUid=-1, mFlags=1}
09-01 14:39:15.125 I/ProcessMonitor( 5237): onForegroundInfoChanged: ForegroundInfo{mForegroundPackageName='com.xiaomi.hm.health', mForegroundUid=10241, mForegroundPid=12702, mLastForegroundPackageName='com.miui.home', mLastForegroundUid=10090, mLastForegroundPid=7676, mMultiWindowForegroundPackageName='null', mMultiWindowForegroundUid=-1, mFlags=1}
09-01 14:39:15.125 I/GameBoosterService( 5237): onForegroundInfoChanged: Cur=com.xiaomi.hm.health	 last=com.miui.home
09-01 14:39:15.125 D/PowerKeeper( 6417): PowerStateMachine:Enter power state id=0 name=normal
09-01 14:39:15.125 D/ProcessObserver( 6417): onScreenAppChanged, FgUid: 10241, FgPackageName: com.xiaomi.hm.health
09-01 14:39:15.125 D/ProcessObserver( 6417): onScreenAppChanged, PreTaskUid: 10090, PreTaskPackageName: com.miui.home
09-01 14:39:15.125 D/ProcessObserver( 6417): Uid: 10241 Foreground
09-01 14:39:15.125 D/GameBoosterService( 5237): onGameStatusChange foreground:ForegroundInfo{mForegroundPackageName='com.xiaomi.hm.health', mForegroundUid=10241, mForegroundPid=12702, mLastForegroundPackageName='com.miui.home', mLastForegroundUid=10090, mLastForegroundPid=7676, mMultiWindowForegroundPackageName='null', mMultiWindowForegroundUid=-1, mFlags=1}
09-01 14:39:15.125 D/WindowManager( 1639): Input focus has changed to null
09-01 14:39:15.125 I/GameBoosterService( 5237): onForegroundInfoChanged: Exit
09-01 14:39:15.126 I/VideoBoxUtils( 5237): isSupportVideoBox: false
09-01 14:39:15.126 I/octvm_power( 3400): power mode [normal] start 1598942355
09-01 14:39:15.126 I/VideoToolBoxService( 5237): onForegroundInfoChanged: Exit Vtb
09-01 14:39:15.126 D/PowerCheckerService( 6417): updateForFgUidChangedLocked, mScreenOn = true uid = 10241 foreground = true
09-01 14:39:15.126 I/octvm_drv( 3400): common drv: get_current_battery_uAh will return 0
09-01 14:39:15.127 I/octvm_power( 3400): Action: set_bcbc_cust_state(disable) for [foreground_change]
09-01 14:39:15.127 D/AppActiveChecker( 6417): updateDownloadStateForFgUidChangedLocked, mScreenOn = true uid = 10241 foreground = true
09-01 14:39:15.127 D/AppActiveChecker( 6417): removeMessages: hasMessage, uid = 10241
09-01 14:39:15.128 D/DeviceIdleAppRuleChecker( 6417): updateStateForInteractiveUidChangedLocked: uid = 10241 foreground = true
09-01 14:39:15.128 D/KillProcessAppRuleChecker( 6417): updateStateForInteractiveUidChangedLocked: uid = 10241 foreground = true
09-01 14:39:15.128 D/HideModeStateMachine( 6417): updateForForegroundUidChangedLocked: uid = 10241 foreground = true
09-01 14:39:15.128 I/HideModeStateMachine( 6417): Uid: 10241 State: inactive_level_1st |-> setForegroundActive
09-01 14:39:15.128 I/HideModeStateMachine( 6417): Uid: 10241 State: inactive_level_1st Feature: location |-> setSubStateForegroundActive
09-01 14:39:15.128 I/HideModeStateMachine( 6417): Uid: 10241 State: inactive_level_1st Feature: sensor |-> setSubStateForegroundActive
09-01 14:39:15.128 I/HideModeStateMachine( 6417): Uid: 10241 State: inactive_level_1st Feature: appIdle |-> setSubStateForegroundActive
09-01 14:39:15.128 I/HideModeStateMachine( 6417): Uid: 10241 State: active |-> setForegroundActive
09-01 14:39:15.128 D/ActiveStateController( 6417): updateStateForFgUidChangedLocked: uid = 10241 foreground = true
09-01 14:39:15.128 D/ActiveStateController( 6417): updateRuleForUidLocked, uid = 10241 property = 0
09-01 14:39:15.128 I/qspmsvc-client( 1639): inside perf_hint_qspm
09-01 14:39:15.129 D/Layer   (  881): ---setAlpha Launcher=1.000000
09-01 14:39:15.129 I/Timeline( 1639): Timeline: App_transition_ready time:211921146
09-01 14:39:15.130 D/DisplayFeatureHal(  825): setFeatureEnable(displayId=0 caseId=18 modeId=0 cookie=0)
09-01 14:39:15.131 D/DisplayFeatureHal(  825): current wcg state 0, setting to 0
09-01 14:39:15.131 D/DisplayFeatureHal(  825): notifySFWcgState enable = 0
09-01 14:39:15.132 I/SDM     (  784): CoreInterface::SetWCGStatus: SetWCGStatus wcg enable 0
09-01 14:39:15.132 I/set_top_app( 1639): success /proc/12702/top_app:1
09-01 14:39:15.132 D/DisplayFeatureHal(  825): notifyQservice cmd 48 value 0 ret 0
09-01 14:39:15.132 D/DisplayFeatureHal(  825): HandleBCBCCustom  enable:0
09-01 14:39:15.132 I/octvm_drv_xm( 3400): platform_set_bcbc_cust_state disable success
09-01 14:39:15.132 I/octvm_power( 3400): Action: set_dfps_cust_state(disable) for [foreground_change]
09-01 14:39:15.132 I/octvm_drv( 3400): common drv: platform_set_dfps_cust_state -> platform not support
09-01 14:39:15.132 I/octvm_power( 3400): Action: set_lcd_mode(default) for [foreground_change]
09-01 14:39:15.132 I/set_top_app( 1639): success /proc/7676/top_app:0
09-01 14:39:15.132 I/set_top_app( 1639): success /proc/13261/top_app:0
09-01 14:39:15.132 D/PowerKeeperConfigureProvider( 6417): appActiveTable insert 589
09-01 14:39:15.133 D/PowerChecker.BaStats( 6417): uid = 10241, uidForeground = true, lastBytes = 72940525, curBytes = 72941741, deltaBytes = 1216
09-01 14:39:15.134 D/Launcher.Lifecycle( 7676): onWindowFocusChanged:false,UserHandle{0},93e149d,true
09-01 14:39:15.135 D/DisplayFeatureHal(  825): setFeatureEnable(displayId=0 caseId=7 modeId=1 cookie=0)
09-01 14:39:15.135 D/DisplayFeatureHal(  825): current wcg state 0, setting to 0
09-01 14:39:15.135 D/DisplayFeatureHal(  825): notifySFWcgState enable = 0
09-01 14:39:15.135 V/UidProcStateHelper( 1639): foreground changed:[12702,10241,true]
09-01 14:39:15.135 D/ProcessObserver( 6417): onForegroundActivitiesChanged, pid: 12702 uid: 10241 foregroundActivities: true
09-01 14:39:15.136 I/SDM     (  784): CoreInterface::SetWCGStatus: SetWCGStatus wcg enable 0
09-01 14:39:15.136 I/MiuiNetworkPolicy( 1639): updateUidState uid = 10241, uidState = 2
09-01 14:39:15.136 I/MiuiNetworkPolicy( 1639): updateWmmForUidState uid: 10241 state: 2 wmm: 1
09-01 14:39:15.136 D/OemNetd (  679): updateWmm: uid=10241, wmm=1
09-01 14:39:15.138 I/CloudSettingsProvider(22222): uriMatch : 2
09-01 14:39:15.139 D/OemNetd (  679): whiteListUid: uid=10241, wmm=add
09-01 14:39:15.141 I/MiuiNetworkPolicy( 1639): updateMLUid uid:10241,old:20,new:2
09-01 14:39:15.141 I/MiuiNetworkPolicy( 1639): isMLEnabled state:20,uid:10241,connect:DISCONNECTED
09-01 14:39:15.141 I/MiuiNetworkPolicy( 1639): isMLEnabled state:2,uid:10241,connect:DISCONNECTED
09-01 14:39:15.141 D/DisplayFeatureHal(  825): notifyQservice cmd 48 value 0 ret 0
09-01 14:39:15.141 D/ActivityUtils(22367): packageNameComponentInfo{com.xiaomi.hm.health/com.xiaomi.hm.health.activity.StartUpActivity}
09-01 14:39:15.141 D/DisplayFeatureHal(  825): HandleCabcModeCustom enter 1 0
09-01 14:39:15.141 W/DisplayFeatureHal(  825): ---skip setting acl feature currently, return!
09-01 14:39:15.141 D/DisplayFeatureHal(  825): HandleCabcModeCustom exit 0x1000
09-01 14:39:15.141 I/octvm_drv_xm( 3400): platform_set_lcd_mode default(1) success
09-01 14:39:15.141 I/octvm_power( 3400): Action: set_thermal_config(restore) for [foreground_change]
09-01 14:39:15.142 I/octvm_drv( 3400): platform_set_thermal_mode cur_global_config:[], target mode:[restore], profile=0, ret=0
09-01 14:39:15.142 I/octvm_drv( 3400): common drv: get_current_battery_uAh will return 0
09-01 14:39:15.142 I/octvm_power( 3400): onPowerModeChanged[normal] called
09-01 14:39:15.145 D/Layer   (  881): ---setAlpha Launcher=1.000000
09-01 14:39:15.146 I/CloudSettingsProvider(22222): uriMatch : 2
09-01 14:39:15.163 D/miuisdk (12702): current sdk level is 20
09-01 14:39:15.165 E/SELinux (  572): avc:  denied  { find } for service=overlay pid=12702 uid=10241 scontext=u:r:untrusted_app:s0:c241,c256,c512,c768 tcontext=u:object_r:overlay_service:s0 tclass=service_manager permissive=0
09-01 14:39:15.165 E/IconCustomizerUtils(12702): IOverlayManager is null
09-01 14:39:15.165 W/RecentsModel( 7676): onTaskStackChangedBackground: start loading
09-01 14:39:15.165 W/RecentsModel( 7676): getTaskInfoIgnoreHomeAndSplit   taskInfo=ComponentInfo{com.xiaomi.hm.health/com.xiaomi.hm.health.activity.StartUpActivity}
09-01 14:39:15.166 W/RecentsModel( 7676): getTaskInfoIgnoreHomeAndFreeform   taskInfo=ComponentInfo{com.xiaomi.hm.health/com.xiaomi.hm.health.activity.StartUpActivity}
09-01 14:39:15.166 W/RecentsModel( 7676): getTaskInfoIgnoreFreeform   taskInfo=ComponentInfo{com.xiaomi.hm.health/com.xiaomi.hm.health.activity.StartUpActivity}
09-01 14:39:15.166 W/RecentsModel( 7676): onTaskStackChangedBackground: finishLoading loading
09-01 14:39:15.175 E/LoadedApk(12702): Unable to instantiate appComponentFactory
09-01 14:39:15.175 E/LoadedApk(12702): java.lang.ClassNotFoundException: Didn't find class "androidx.core.app.CoreComponentFactory" on path: DexPathList[[zip file "/data/app/com.xiaomi.hm.health-ooUo9xQvewNmlnoHhfDwKQ==/base.apk"],nativeLibraryDirectories=[/data/app/com.xiaomi.hm.health-ooUo9xQvewNmlnoHhfDwKQ==/lib/arm64, /data/app/com.xiaomi.hm.health-ooUo9xQvewNmlnoHhfDwKQ==/base.apk!/lib/arm64-v8a, /system/lib64, /system/product/lib64]]
09-01 14:39:15.175 E/LoadedApk(12702): 	at dalvik.system.BaseDexClassLoader.findClass(BaseDexClassLoader.java:230)
09-01 14:39:15.175 E/LoadedApk(12702): 	at java.lang.ClassLoader.loadClass(ClassLoader.java:379)
09-01 14:39:15.175 E/LoadedApk(12702): 	at java.lang.ClassLoader.loadClass(ClassLoader.java:312)
09-01 14:39:15.175 E/LoadedApk(12702): 	at android.app.LoadedApk.createAppFactory(LoadedApk.java:258)
09-01 14:39:15.175 E/LoadedApk(12702): 	at android.app.LoadedApk.createOrUpdateClassLoaderLocked(LoadedApk.java:857)
09-01 14:39:15.175 E/LoadedApk(12702): 	at android.app.LoadedApk.getClassLoader(LoadedApk.java:952)
09-01 14:39:15.175 E/LoadedApk(12702): 	at android.app.LoadedApk.getResources(LoadedApk.java:1190)
09-01 14:39:15.175 E/LoadedApk(12702): 	at android.app.ContextImpl.createAppContext(ContextImpl.java:2474)
09-01 14:39:15.175 E/LoadedApk(12702): 	at android.app.ContextImpl.createAppContext(ContextImpl.java:2466)
09-01 14:39:15.175 E/LoadedApk(12702): 	at android.app.ActivityThread.handleBindApplication(ActivityThread.java:6442)
09-01 14:39:15.175 E/LoadedApk(12702): 	at android.app.ActivityThread.access$1400(ActivityThread.java:224)
09-01 14:39:15.175 E/LoadedApk(12702): 	at android.app.ActivityThread$H.handleMessage(ActivityThread.java:1887)
09-01 14:39:15.175 E/LoadedApk(12702): 	at android.os.Handler.dispatchMessage(Handler.java:107)
09-01 14:39:15.175 E/LoadedApk(12702): 	at android.os.Looper.loop(Looper.java:224)
09-01 14:39:15.175 E/LoadedApk(12702): 	at android.app.ActivityThread.main(ActivityThread.java:7551)
09-01 14:39:15.175 E/LoadedApk(12702): 	at java.lang.reflect.Method.invoke(Native Method)
09-01 14:39:15.175 E/LoadedApk(12702): 	at com.android.internal.os.RuntimeInit$MethodAndArgsCaller.run(RuntimeInit.java:539)
09-01 14:39:15.175 E/LoadedApk(12702): 	at com.android.internal.os.ZygoteInit.main(ZygoteInit.java:950)
09-01 14:39:15.179 I/Perf    (12702): Connecting to perf service.
09-01 14:39:15.182 D/ForceDarkHelper(12702): com.xiaomi.hm.health mIsDarkModeSupported = false
09-01 14:39:15.182 D/ForceDarkHelper(12702): com.xiaomi.hm.health initialize time 1
09-01 14:39:15.180 W/iaomi.hm.health(12702): type=1400 audit(0.0:64062): avc: granted { execute } for path="/data/data/com.xiaomi.hm.health/.jiagu/libjiagu_64.so" dev="sda31" ino=327687 scontext=u:r:untrusted_app:s0:c241,c256,c512,c768 tcontext=u:object_r:app_data_file:s0:c241,c256,c512,c768 tclass=file app=com.xiaomi.hm.health
09-01 14:39:15.180 W/iaomi.hm.health(12702): type=1400 audit(0.0:64063): avc: denied { read } for name="tcp" dev="proc" ino=4026532156 scontext=u:r:untrusted_app:s0:c241,c256,c512,c768 tcontext=u:object_r:proc_net_tcp_udp:s0 tclass=file permissive=0 app=com.xiaomi.hm.health
09-01 14:39:15.221 I/MiuiNetworkPolicy( 1639): bandwidth: 0 KB/s, Max bandwidth: 3727 KB/s
09-01 14:39:15.263 D/Launcher.Transfer( 7676): transfer:onPause, extra:null
09-01 14:39:15.360 D/Launcher_UnlockAnimationStateMachine( 7676): mResetIdleStateRunnable
09-01 14:39:15.558 W/iaomi.hm.healt(12702): Opening an oat file without a class loader. Are you using the deprecated DexFile APIs?
09-01 14:39:15.700 W/iaomi.hm.healt(12702): ClassLoaderContext shared library size mismatch. Expected=1, found=0 (PCL[]{PCL[/system/framework/org.apache.http.legacy.jar*2820881278]} | PCL[];PCL[])
09-01 14:39:15.700 I/iaomi.hm.healt(12702): Failed to add image file Rejecting application image due to class loader mismatch: 'Class loader types don't match dalvik.system.PathClassLoader and dalvik.system.DexClassLoader'
09-01 14:39:15.701 W/System.err(12702): Warning: Using deprecated Element constructor. Do not use internal APIs, this constructor will be removed in the future.
09-01 14:39:15.746 I/AudioTrack( 2503): isLongTimeZoreData zoer date time 12 Seconds
09-01 14:39:15.756 D/IdProviderImpl(12702): getOAID
09-01 14:39:15.759 D/IdProviderImpl(12702): getVAID
09-01 14:39:15.761 D/IdProviderImpl(12702): getAAID
09-01 14:39:15.765 I/MultiDex(12702): VM with version 2.1.0 has multidex support
09-01 14:39:15.765 I/MultiDex(12702): Installing application
09-01 14:39:15.765 I/MultiDex(12702): VM has multidex support, MultiDex support library is disabled.
09-01 14:39:15.836 I/ACRA    (12702): ACRA is enabled for com.xiaomi.hm.health, initializing...
09-01 14:39:15.850 I/ACRA    (12702): ACRA is disabled for com.xiaomi.hm.health
09-01 14:39:15.868 W/com.facebook.O00O0Oo0(12702): Please set a value for AutoLogAppEventsEnabled. Set the flag to TRUE if you want to collect app install, app launch and in-app purchase events automatically. To request user consent before collecting data, set the flag value to FALSE, then change to TRUE once user consent is received. Learn more: https://developers.facebook.com/docs/app-events/getting-started-app-events-android#disable-auto-events.
09-01 14:39:15.868 W/com.facebook.O00O0Oo0(12702): You haven't set a value for AdvertiserIDCollectionEnabled. Set the flag to TRUE if you want to collect Advertiser ID for better advertising and analytics results. To request user consent before collecting data, set the flag value to FALSE, then change to TRUE once user consent is received. Learn more: https://developers.facebook.com/docs/app-events/getting-started-app-events-android#disable-auto-events.
09-01 14:39:15.879 W/WakePathChecker( 1639): MIUILOG-AutoStart, Service/Provider/Broadcast Reject userId= 0 caller= com.xiaomi.hm.health callee= com.facebook.katana classname=com.facebook.platform.common.provider.PlatformProviderBase action=null wakeType=4
09-01 14:39:15.879 E/ActivityThread(12702): Failed to find provider info for com.facebook.katana.provider.PlatformProvider
09-01 14:39:15.891 D/NetworkSecurityConfig(12702): Using Network Security Config from resource network_security_config debugBuild: false
09-01 14:39:15.891 I/FeatureParser(12702): can't find raphael.xml in assets/device_features/,it may be in /system/etc/device_features
09-01 14:39:15.892 E/libc    (12702): Access denied finding property "ro.vendor.df.effect.conflict"
09-01 14:39:15.880 W/iaomi.hm.health(12702): type=1400 audit(0.0:64064): avc: denied { read } for name="u:object_r:vendor_displayfeature_prop:s0" dev="tmpfs" ino=16588 scontext=u:r:untrusted_app:s0:c241,c256,c512,c768 tcontext=u:object_r:vendor_displayfeature_prop:s0 tclass=file permissive=0 app=com.xiaomi.hm.health
09-01 14:39:15.913 E/ResolverController(  679): No valid NAT64 prefix (116, <unspecified>/0)
09-01 14:39:15.913 E/ResolverController(  679): No valid NAT64 prefix (116, <unspecified>/0)
09-01 14:39:15.917 E/ResolverController(  679): No valid NAT64 prefix (116, <unspecified>/0)
09-01 14:39:15.972 D/[Koin]  (12702): bind type:'cn.com.smartdevices.bracelet.gps.ui.offcut.O00000o0' ~ [type:Factory,primary_type:'cn.com.smartdevices.bracelet.gps.ui.offcut.O00000o0']
09-01 14:39:15.972 D/[Koin]  (12702): bind type:'cn.com.smartdevices.bracelet.gps.ui.offcut.O00000Oo' ~ [type:Factory,primary_type:'cn.com.smartdevices.bracelet.gps.ui.offcut.O00000Oo']
09-01 14:39:15.972 D/[Koin]  (12702): bind type:'cn.com.smartdevices.bracelet.gps.ui.offcut.O000000o' ~ [type:Factory,primary_type:'cn.com.smartdevices.bracelet.gps.ui.offcut.O000000o']
09-01 14:39:15.972 D/[Koin]  (12702): bind type:'com.huami.fittime.ui.publish.submit.O000OO00' ~ [type:Factory,primary_type:'com.huami.fittime.ui.publish.submit.O000OO00']
09-01 14:39:15.972 D/[Koin]  (12702): bind type:'com.huami.fittime.ui.publish.picker.gallery.O0000o0' ~ [type:Factory,primary_type:'com.huami.fittime.ui.publish.picker.gallery.O0000o0']
09-01 14:39:15.972 D/[Koin]  (12702): bind type:'com.huami.fittime.ui.publish.submit.O000OOo0' ~ [type:Factory,primary_type:'com.huami.fittime.ui.publish.submit.O000OOo0']
09-01 14:39:15.972 D/[Koin]  (12702): bind type:'com.huami.fittime.ui.home.O00000Oo.O0000OOo' ~ [type:Factory,primary_type:'com.huami.fittime.ui.home.O00000Oo.O0000OOo']
09-01 14:39:15.972 D/[Koin]  (12702): bind type:'com.huami.fittime.ui.post.O000OO' ~ [type:Factory,primary_type:'com.huami.fittime.ui.post.O000OO']
09-01 14:39:15.972 D/[Koin]  (12702): bind type:'com.huami.fittime.ui.home.O00000o.O0000Oo' ~ [type:Factory,primary_type:'com.huami.fittime.ui.home.O00000o.O0000Oo']
09-01 14:39:15.972 D/[Koin]  (12702): bind type:'com.huami.fittime.ui.home.O00000o0.O0000Oo0' ~ [type:Factory,primary_type:'com.huami.fittime.ui.home.O00000o0.O0000Oo0']
09-01 14:39:15.972 D/[Koin]  (12702): bind type:'com.huami.fittime.ui.profile.O00000Oo.O0000OOo' ~ [type:Factory,primary_type:'com.huami.fittime.ui.profile.O00000Oo.O0000OOo']
09-01 14:39:15.972 D/[Koin]  (12702): bind type:'com.huami.fittime.ui.profile.O00000o0.O00000o0' ~ [type:Factory,primary_type:'com.huami.fittime.ui.profile.O00000o0.O00000o0']
09-01 14:39:15.972 D/[Koin]  (12702): bind type:'com.huami.fittime.ui.profile.O000000o.O0000OOo' ~ [type:Factory,primary_type:'com.huami.fittime.ui.profile.O000000o.O0000OOo']
09-01 14:39:15.972 D/[Koin]  (12702): bind type:'com.huami.fittime.ui.publish.picker.gallery.O0000O0o' ~ [type:Factory,primary_type:'com.huami.fittime.ui.publish.picker.gallery.O0000O0o']
09-01 14:39:15.972 D/[Koin]  (12702): bind type:'com.huami.fittime.ui.comment.O000OO00' ~ [type:Factory,primary_type:'com.huami.fittime.ui.comment.O000OO00']
09-01 14:39:15.972 D/[Koin]  (12702): bind type:'com.huami.fittime.ui.topic.O000OOOo' ~ [type:Factory,primary_type:'com.huami.fittime.ui.topic.O000OOOo']
09-01 14:39:15.972 D/[Koin]  (12702): bind type:'com.huami.fittime.ui.profile.O0000O0o' ~ [type:Factory,primary_type:'com.huami.fittime.ui.profile.O0000O0o']
09-01 14:39:15.972 D/[Koin]  (12702): bind type:'com.huami.fittime.ui.post.O0000o0' ~ [type:Factory,primary_type:'com.huami.fittime.ui.post.O0000o0']
09-01 14:39:15.972 D/[Koin]  (12702): bind type:'com.huami.fittime.ui.friend.O0000OOo' ~ [type:Factory,primary_type:'com.huami.fittime.ui.friend.O0000OOo']
09-01 14:39:15.972 D/[Koin]  (12702): bind type:'com.huami.fittime.ui.publish.picker.O00000Oo' ~ [type:Factory,primary_type:'com.huami.fittime.ui.publish.picker.O00000Oo']
09-01 14:39:15.972 D/[Koin]  (12702): bind type:'com.huami.fittime.ui.post.O000000o.O0000OOo' ~ [type:Factory,primary_type:'com.huami.fittime.ui.post.O000000o.O0000OOo']
09-01 14:39:15.972 D/[Koin]  (12702): bind type:'com.huami.fittime.ui.widget.hottopic.O00000Oo' ~ [type:Factory,primary_type:'com.huami.fittime.ui.widget.hottopic.O00000Oo']
09-01 14:39:15.972 D/[Koin]  (12702): bind type:'com.huami.fittime.ui.home.O00000o0' ~ [type:Factory,primary_type:'com.huami.fittime.ui.home.O00000o0']
09-01 14:39:15.972 D/[Koin]  (12702): bind type:'com.huami.fittime.ui.widget.O000000o.O00000o' ~ [type:Factory,primary_type:'com.huami.fittime.ui.widget.O000000o.O00000o']
09-01 14:39:15.972 D/[Koin]  (12702): bind type:'com.huami.fittime.ui.diary.O00000o0' ~ [type:Factory,primary_type:'com.huami.fittime.ui.diary.O00000o0']
09-01 14:39:15.973 D/[Koin]  (12702): bind type:'com.huami.fittime.ui.search.O00000o' ~ [type:Factory,primary_type:'com.huami.fittime.ui.search.O00000o']
09-01 14:39:15.973 D/[Koin]  (12702): bind type:'com.huami.fittime.ui.search.searchpost.O00000Oo' ~ [type:Factory,primary_type:'com.huami.fittime.ui.search.searchpost.O00000Oo']
09-01 14:39:15.973 D/[Koin]  (12702): bind type:'com.huami.fittime.ui.search.O000000o.O0000OOo' ~ [type:Factory,primary_type:'com.huami.fittime.ui.search.O000000o.O0000OOo']
09-01 14:39:15.973 D/[Koin]  (12702): bind type:'com.huami.fittime.ui.diary.detail.O0000O0o' ~ [type:Factory,primary_type:'com.huami.fittime.ui.diary.detail.O0000O0o']
09-01 14:39:15.973 D/[Koin]  (12702): bind type:'com.huami.fittime.ui.O00000Oo.O0000OOo' ~ [type:Factory,primary_type:'com.huami.fittime.ui.O00000Oo.O0000OOo']
09-01 14:39:15.973 D/[Koin]  (12702): bind type:'com.huami.fittime.ui.topic.O00000o0' ~ [type:Factory,primary_type:'com.huami.fittime.ui.topic.O00000o0']
09-01 14:39:15.973 D/[Koin]  (12702): bind type:'com.huami.fittime.ui.publish.submit.O0000OOo' ~ [type:Factory,primary_type:'com.huami.fittime.ui.publish.submit.O0000OOo']
09-01 14:39:15.973 D/[Koin]  (12702): bind type:'com.huami.fittime.ui.publish.submit.O00000o0' ~ [type:Factory,primary_type:'com.huami.fittime.ui.publish.submit.O00000o0']
09-01 14:39:15.973 D/[Koin]  (12702): bind type:'com.huami.fittime.ui.comment.O0000Oo' ~ [type:Factory,primary_type:'com.huami.fittime.ui.comment.O0000Oo']
09-01 14:39:15.973 D/[Koin]  (12702): bind type:'com.huami.fittime.ui.comment.O0000OOo' ~ [type:Factory,primary_type:'com.huami.fittime.ui.comment.O0000OOo']
09-01 14:39:15.973 D/[Koin]  (12702): bind type:'com.huami.fittime.ui.publish.picker.O00000Oo.O0000O0o' ~ [type:Factory,primary_type:'com.huami.fittime.ui.publish.picker.O00000Oo.O0000O0o']
09-01 14:39:15.973 D/[Koin]  (12702): bind type:'com.huami.fittime.ui.O00000Oo.O00000o' ~ [type:Factory,primary_type:'com.huami.fittime.ui.O00000Oo.O00000o']
09-01 14:39:15.973 D/[Koin]  (12702): bind type:'com.huami.fittime.ui.publish.submit.O000O0o' ~ [type:Factory,primary_type:'com.huami.fittime.ui.publish.submit.O000O0o']
09-01 14:39:15.973 D/[Koin]  (12702): bind type:'com.huami.fittime.ui.home.O00000o.O0000Oo0' ~ [type:Factory,primary_type:'com.huami.fittime.ui.home.O00000o.O0000Oo0']
09-01 14:39:15.973 D/[Koin]  (12702): bind type:'com.huami.fittime.ui.home.O00000o0.O0000O0o' ~ [type:Factory,primary_type:'com.huami.fittime.ui.home.O00000o0.O0000O0o']
09-01 14:39:15.973 D/[Koin]  (12702): bind type:'com.huami.fittime.ui.profile.O00000Oo.O0000O0o' ~ [type:Factory,primary_type:'com.huami.fittime.ui.profile.O00000Oo.O0000O0o']
09-01 14:39:15.973 D/[Koin]  (12702): bind type:'com.huami.fittime.ui.profile.O000000o.O0000O0o' ~ [type:Factory,primary_type:'com.huami.fittime.ui.profile.O000000o.O0000O0o']
09-01 14:39:15.973 D/[Koin]  (12702): bind type:'com.huami.fittime.ui.profile.O00000o0.O00000Oo' ~ [type:Factory,primary_type:'com.huami.fittime.ui.profile.O00000o0.O00000Oo']
09-01 14:39:15.973 D/[Koin]  (12702): bind type:'com.huami.fittime.ui.post.O000OO00' ~ [type:Factory,primary_type:'com.huami.fittime.ui.post.O000OO00']
09-01 14:39:15.973 D/[Koin]  (12702): bind type:'com.huami.fittime.ui.comment.O000O0o0' ~ [type:Factory,primary_type:'com.huami.fittime.ui.comment.O000O0o0']
09-01 14:39:15.973 D/[Koin]  (12702): bind type:'com.huami.fittime.ui.topic.O000OO00' ~ [type:Factory,primary_type:'com.huami.fittime.ui.topic.O000OO00']
09-01 14:39:15.973 D/[Koin]  (12702): bind type:'com.huami.fittime.ui.profile.O0000OOo' ~ [type:Factory,primary_type:'com.huami.fittime.ui.profile.O0000OOo']
09-01 14:39:15.973 D/[Koin]  (12702): bind type:'com.huami.fittime.ui.profile.O00000Oo' ~ [type:Factory,primary_type:'com.huami.fittime.ui.profile.O00000Oo']
09-01 14:39:15.973 D/[Koin]  (12702): bind type:'com.huami.fittime.ui.O000000o.O00000Oo' ~ [type:Factory,primary_type:'com.huami.fittime.ui.O000000o.O00000Oo']
09-01 14:39:15.974 D/[Koin]  (12702): bind type:'com.huami.fittime.ui.friend.O0000O0o' ~ [type:Factory,primary_type:'com.huami.fittime.ui.friend.O0000O0o']
09-01 14:39:15.974 D/[Koin]  (12702): bind type:'com.huami.fittime.ui.widget.hottopic.O000000o' ~ [type:Factory,primary_type:'com.huami.fittime.ui.widget.hottopic.O000000o']
09-01 14:39:15.974 D/[Koin]  (12702): bind type:'com.huami.fittime.ui.diary.O00000o0.O0000OOo' ~ [type:Factory,primary_type:'com.huami.fittime.ui.diary.O00000o0.O0000OOo']
09-01 14:39:15.974 D/[Koin]  (12702): bind type:'com.huami.fittime.ui.O00000Oo.O00000o0' ~ [type:Factory,primary_type:'com.huami.fittime.ui.O00000Oo.O00000o0']
09-01 14:39:15.974 D/[Koin]  (12702): bind type:'com.huami.fittime.ui.search.O00000o0' ~ [type:Factory,primary_type:'com.huami.fittime.ui.search.O00000o0']
09-01 14:39:15.974 D/[Koin]  (12702): bind type:'com.huami.fittime.ui.search.searchpost.O0000Oo0' ~ [type:Factory,primary_type:'com.huami.fittime.ui.search.searchpost.O0000Oo0']
09-01 14:39:15.974 D/[Koin]  (12702): bind type:'com.huami.fittime.ui.diary.detail.O00000o' ~ [type:Factory,primary_type:'com.huami.fittime.ui.diary.detail.O00000o']
09-01 14:39:15.974 D/[Koin]  (12702): bind type:'com.huami.fittime.ui.topic.O00000Oo' ~ [type:Factory,primary_type:'com.huami.fittime.ui.topic.O00000Oo']
09-01 14:39:15.974 D/[Koin]  (12702): bind type:'com.huami.fittime.ui.publish.submit.O000000o.O0000O0o' ~ [type:Factory,primary_type:'com.huami.fittime.ui.publish.submit.O000000o.O0000O0o']
09-01 14:39:15.974 D/[Koin]  (12702): bind type:'com.huami.fittime.ui.publish.submit.O000000o.O000000o' ~ [type:Factory,primary_type:'com.huami.fittime.ui.publish.submit.O000000o.O000000o']
09-01 14:39:15.974 D/[Koin]  (12702): bind type:'com.huami.fittime.O00000o.O00000Oo.O000000o' ~ [type:Factory,primary_type:'com.huami.fittime.O00000o.O00000Oo.O000000o']
09-01 14:39:15.974 D/[Koin]  (12702): bind type:'com.huami.fittime.ui.base.O00000o0.O000000o' ~ [type:Factory,primary_type:'com.huami.fittime.ui.base.O00000o0.O000000o']
09-01 14:39:15.974 D/[Koin]  (12702): bind type:'O00000oO.O0000Ooo.O000000o.O00000o0' ~ [type:Factory,primary_type:'O00000oO.O0000Ooo.O000000o.O00000o0']
09-01 14:39:15.974 D/[Koin]  (12702): bind type:'com.huami.training.O0000o0.O000O00o' ~ [type:Factory,primary_type:'com.huami.training.O0000o0.O000O00o']
09-01 14:39:15.974 D/[Koin]  (12702): bind type:'com.huami.training.ui.O00000o0.O000O00o' ~ [type:Factory,primary_type:'com.huami.training.ui.O00000o0.O000O00o']
09-01 14:39:15.974 D/[Koin]  (12702): bind type:'com.huami.training.ui.O00000o.O00000o0' ~ [type:Factory,primary_type:'com.huami.training.ui.O00000o.O00000o0']
09-01 14:39:15.974 D/[Koin]  (12702): bind type:'com.huami.training.ui.joined.O0000Oo0' ~ [type:Factory,primary_type:'com.huami.training.ui.joined.O0000Oo0']
09-01 14:39:15.974 D/[Koin]  (12702): bind type:'com.huami.training.ui.O00000oO.O000O0OO' ~ [type:Factory,primary_type:'com.huami.training.ui.O00000oO.O000O0OO']
09-01 14:39:15.974 D/[Koin]  (12702): bind type:'com.huami.training.ui.search.O0000OOo' ~ [type:Factory,primary_type:'com.huami.training.ui.search.O0000OOo']
09-01 14:39:15.974 D/[Koin]  (12702): bind type:'com.huami.training.ui.course.O0000o0' ~ [type:Factory,primary_type:'com.huami.training.ui.course.O0000o0']
09-01 14:39:15.974 D/[Koin]  (12702): bind type:'com.huami.training.ui.O0000O0o.O00000o0' ~ [type:Factory,primary_type:'com.huami.training.ui.O0000O0o.O00000o0']
09-01 14:39:15.974 D/[Koin]  (12702): bind type:'com.huami.training.ui.toplist.O00000o0' ~ [type:Factory,primary_type:'com.huami.training.ui.toplist.O00000o0']
09-01 14:39:15.974 D/[Koin]  (12702): bind type:'com.huami.training.ui.detail.O00000o' ~ [type:Factory,primary_type:'com.huami.training.ui.detail.O00000o']
09-01 14:39:15.974 D/[Koin]  (12702): bind type:'com.huami.training.ui.detail.O0000o' ~ [type:Factory,primary_type:'com.huami.training.ui.detail.O0000o']
