09-01 14:39:18.356 I/BaseBluetoothBusEvent(22367): onBleStatus: bluetoothDevice = bluetoothDeviceExt{ mCurrentOpType: 2, Device Ble='Mi Smart Band 5; C3:D4:F4:E3:11:EC, vid:0xffff, pid:0x ffff, Status : MandatoryUpgrade:false, PowerMode:0, mChannelType:-1, DualBackupFlag:-1, mRssi:-9999, mConnectType:0, mIsBoundByOtherDevice:false, mIsDirectlyConnectSpp:false, mIsEdrConnectedByOtherDevice:false, color type:0, count:0, mFailedReason:0x0} , status = 4
09-01 14:39:18.358 I/hwservicemanager(  573): getTransport: Cannot find entry vendor.qti.hardware.servicetracker@1.0::IServicetracker/default in either framework or device manifest.
09-01 14:39:18.359 I/hwservicemanager(  573): getTransport: Cannot find entry vendor.qti.hardware.servicetracker@1.0::IServicetracker/default in either framework or device manifest.
09-01 14:39:18.362 I/TrustAgent(20208): TAG: TrustAgent.Tracker. [BluetoothConnectionTracker] Bluetooth connect broadast for Mi Smart Band 5 C3:D4:F4:E3:11:EC [CONTEXT service_id=84 ]
09-01 14:39:18.363 I/MiuiNetworkPolicy( 1639): updateUidState uid = 10173, uidState = 6
09-01 14:39:18.363 I/MiuiNetworkPolicy( 1639): updateMLUid uid:10173,old:4,new:6
09-01 14:39:18.363 I/MiuiNetworkPolicy( 1639): isMLEnabled state:4,uid:10173,connect:DISCONNECTED
09-01 14:39:18.363 I/MiuiNetworkPolicy( 1639): isMLEnabled state:6,uid:10173,connect:DISCONNECTED
09-01 14:39:18.367 W/WakePathChecker( 1639): MIUILOG-AutoStart, Service/Provider/Broadcast Reject userId= 0 caller= com.xiaomi.hm.health callee= com.facebook.katana classname=com.facebook.katana.provider.AttributionIdProvider action=null wakeType=4
09-01 14:39:18.367 E/ActivityThread(12702): Failed to find provider info for com.facebook.katana.provider.AttributionIdProvider
09-01 14:39:18.386 W/ActivityManager( 1639): Unable to start service Intent { act=android.bluetooth.device.action.ACL_CONNECTED cmp=com.google.android.gms/.nearby.discovery.service.DiscoveryService (has extras) } U=0: not found
09-01 14:39:18.386 D/AppOpsAdapter( 5211): using permission notify! 32
09-01 14:39:18.389 I/BehaviorRecord-Monitor( 5237): com.xiaomi.hm.health , perm: 32 , operation 2 , current size: 1
09-01 14:39:18.393 D/IdProviderImpl(12702): getOAID
09-01 14:39:18.397 I/Zygote  (  680): Process 28132 exited due to signal 9 (Killed)
09-01 14:39:18.397 I/hwservicemanager(  573): getTransport: Cannot find entry vendor.qti.hardware.servicetracker@1.0::IServicetracker/default in either framework or device manifest.
09-01 14:39:18.398 V/UidProcStateHelper( 1639): process died:[28132,10111]
09-01 14:39:18.400 D/AppActiveChecker( 6417): onProcessDiedListener ignore for other process alive uid=10111
09-01 14:39:18.419 I/Zygote  (  681): Process 28578 exited due to signal 9 (Killed)
09-01 14:39:18.420 I/hwservicemanager(  573): getTransport: Cannot find entry vendor.qti.hardware.servicetracker@1.0::IServicetracker/default in either framework or device manifest.
09-01 14:39:18.421 V/UidProcStateHelper( 1639): process died:[28578,10205]
09-01 14:39:18.422 I/libprocessgroup( 1639): Successfully killed process cgroup uid 10205 pid 28578 in 90ms
09-01 14:39:18.424 D/AppActiveChecker( 6417): onProcessDiedListener ignore for other process alive uid=10205
09-01 14:39:18.434 I/hwservicemanager(  573): getTransport: Cannot find entry vendor.qti.hardware.servicetracker@1.0::IServicetracker/default in either framework or device manifest.
09-01 14:39:18.434 V/UidProcStateHelper( 1639): process died:[28627,10205]
09-01 14:39:18.435 I/Zygote  (  681): Process 28627 exited due to signal 9 (Killed)
09-01 14:39:18.437 I/MiuiNetworkPolicy( 1639): removeUidState uid = 10205
09-01 14:39:18.439 I/libprocessgroup( 1639): Successfully killed process cgroup uid 10205 pid 28627 in 15ms
09-01 14:39:18.439 I/libprocessgroup( 1639): Successfully killed process cgroup uid 10111 pid 28132 in 0ms
09-01 14:39:18.455 I/chatty  ( 8588): uid=1002(bluetooth) BT Service Call expire 150 lines
09-01 14:39:18.459 I/chatty  ( 8588): uid=1002(bluetooth) btu message loo expire 228 lines
09-01 14:39:18.496 W/Parcel  ( 5237): **** enforceInterface() expected 'com.miui.gamebooster.service.ISecurityCenterNotificationListener' but read 'android.service.notification.INotificationListener'
09-01 14:39:18.496 W/Binder  ( 5237): Caught a RuntimeException from the binder stub implementation.
09-01 14:39:18.496 W/Binder  ( 5237): java.lang.SecurityException: Binder invocation to an incorrect interface
09-01 14:39:18.496 W/Binder  ( 5237): 	at android.os.Parcel.nativeEnforceInterface(Native Method)
09-01 14:39:18.496 W/Binder  ( 5237): 	at android.os.Parcel.enforceInterface(Parcel.java:626)
09-01 14:39:18.496 W/Binder  ( 5237): 	at com.miui.gamebooster.service.ISecurityCenterNotificationListener$Stub.onTransact(Unknown Source:22)
09-01 14:39:18.496 W/Binder  ( 5237): 	at android.os.Binder.execTransactInternal(Binder.java:1021)
09-01 14:39:18.496 W/Binder  ( 5237): 	at android.os.Binder.execTransact(Binder.java:994)
09-01 14:39:18.501 W/Parcel  ( 5237): **** enforceInterface() expected 'com.miui.gamebooster.service.ISecurityCenterNotificationListener' but read 'android.service.notification.INotificationListener'
09-01 14:39:18.501 W/Binder  ( 5237): Caught a RuntimeException from the binder stub implementation.
09-01 14:39:18.501 W/Binder  ( 5237): java.lang.SecurityException: Binder invocation to an incorrect interface
09-01 14:39:18.501 W/Binder  ( 5237): 	at android.os.Parcel.nativeEnforceInterface(Native Method)
09-01 14:39:18.501 W/Binder  ( 5237): 	at android.os.Parcel.enforceInterface(Parcel.java:626)
09-01 14:39:18.501 W/Binder  ( 5237): 	at com.miui.gamebooster.service.ISecurityCenterNotificationListener$Stub.onTransact(Unknown Source:22)
09-01 14:39:18.501 W/Binder  ( 5237): 	at android.os.Binder.execTransactInternal(Binder.java:1021)
09-01 14:39:18.501 W/Binder  ( 5237): 	at android.os.Binder.execTransact(Binder.java:994)
09-01 14:39:18.501 D/StatusBar(29730): onNotificationPosted key=0|com.xiaomi.hm.health|4|null|10241 isUpdate=true
09-01 14:39:18.502 V/onNotificationPostedCallBack( 5237): flags=98
09-01 14:39:18.503 V/j       ( 5237): ret=0
09-01 14:39:18.504 D/StatusBar(29730): updateNotification old=StatusBarNotification(pkg=com.xiaomi.hm.health user=UserHandle{0} id=4 tag=null key=0|com.xiaomi.hm.health|4|null|10241: Notification(channel=O000Oo0 pri=0 contentView=null vibrate=null sound=null defaults=0x0 flags=0x62 color=0xffff5a00 vis=PRIVATE))
09-01 14:39:18.504 D/StatusBar(29730):     pkgName=com.xiaomi.hm.health appUid=10241 sdk=29 imp=2 sysApp=F priApp=F hasShown=F float=F keyguard=F peek=F fullscreen=F
09-01 14:39:18.504 D/StatusBar(29730):     showMiuiAction=F enableFloat=T enableKeyguard=T floatTime=5000 messageCount=1 persistent=F customHeight=F
09-01 14:39:18.510 D/IMReply:Notif(22367): onNotificationPosted before sbn = 4
09-01 14:39:18.512 D/StackScroller(29730): applyCurrentState
09-01 14:39:18.515 V/onNotificationPostedCallBack( 5237): flags=98
09-01 14:39:18.515 V/j       ( 5237): ret=0
09-01 14:39:18.519 D/IMReply:Notif(22367): onNotificationPosted before sbn = 4
09-01 14:39:18.526 D/ExpandableNotificationRow(29730): updateBackground
09-01 14:39:18.526 D/StatusBar(29730): No peeking: unimportant notification: 0|com.xiaomi.hm.health|4|null|10241
09-01 14:39:18.526 D/StatusBar(29730): updateHeadsUp wasHeadsUp=false shouldPeek=false alertAgain=true
09-01 14:39:18.529 D/StackScroller(29730): applyCurrentState
09-01 14:39:18.530 D/StatusBar(29730): onNotificationPosted key=0|com.xiaomi.hm.health|4|null|10241 isUpdate=true
09-01 14:39:18.531 D/StatusBar(29730): updateNotification old=StatusBarNotification(pkg=com.xiaomi.hm.health user=UserHandle{0} id=4 tag=null key=0|com.xiaomi.hm.health|4|null|10241: Notification(channel=O000Oo0 pri=0 contentView=null vibrate=null sound=null defaults=0x0 flags=0x62 color=0xffff5a00 vis=PRIVATE))
09-01 14:39:18.531 D/StatusBar(29730):     pkgName=com.xiaomi.hm.health appUid=10241 sdk=29 imp=2 sysApp=F priApp=F hasShown=F float=F keyguard=F peek=F fullscreen=F
09-01 14:39:18.531 D/StatusBar(29730):     showMiuiAction=F enableFloat=T enableKeyguard=T floatTime=5000 messageCount=1 persistent=F customHeight=F
09-01 14:39:18.545 D/StackScroller(29730): applyCurrentState
09-01 14:39:18.550 D/ExpandableNotificationRow(29730): updateBackground
09-01 14:39:18.551 D/StatusBar(29730): No peeking: unimportant notification: 0|com.xiaomi.hm.health|4|null|10241
09-01 14:39:18.551 D/StatusBar(29730): updateHeadsUp wasHeadsUp=false shouldPeek=false alertAgain=true
09-01 14:39:18.562 D/StackScroller(29730): applyCurrentState
09-01 14:39:18.597 E/ResolverController(  679): No valid NAT64 prefix (116, <unspecified>/0)
09-01 14:39:18.667 I/chatty  ( 8588): uid=1002(bluetooth) BT Service Call expire 231 lines
09-01 14:39:18.718 I/appium  (12655): channel read invoked!
09-01 14:39:18.718 I/appium  (12655): channel read: POST /wd/hub/session/ed2e4256-ae90-4e89-899b-72ebf8d62d5f/element
09-01 14:39:18.719 I/appium  (12655): Find element command using '-android uiautomator' with selector 'new UiSelector().text("运动")'.
09-01 14:39:18.719 I/appium  (12655): Waiting up to 10000ms for device to be idle
09-01 14:39:18.728 I/appium  (12655): AppiumResponse: {"sessionId":"ed2e4256-ae90-4e89-899b-72ebf8d62d5f","value":{"error":"no such element","message":"An element could not be located on the page using the given search parameters","stacktrace":"io.appium.uiautomator2.common.exceptions.ElementNotFoundException: An element could not be located on the ...
09-01 14:39:18.794 I/AudioTrack( 2503): isLongTimeZoreData zoer date time 15 Seconds
09-01 14:39:18.835 I/hwservicemanager(  573): getTransport: Cannot find entry vendor.qti.hardware.servicetracker@1.0::IServicetracker/default in either framework or device manifest.
09-01 14:39:18.840 D/CompatibilityInfo( 1639): mCompatibilityFlags - 0
09-01 14:39:18.840 D/CompatibilityInfo( 1639): applicationDensity - 440
09-01 14:39:18.840 D/CompatibilityInfo( 1639): applicationScale - 1.0
09-01 14:39:18.845 I/hwservicemanager(  573): getTransport: Cannot find entry vendor.qti.hardware.servicetracker@1.0::IServicetracker/default in either framework or device manifest.
09-01 14:39:18.847 D/Event   (12702): No subscribers registered for event class com.xiaomi.hm.health.locweather.O00000Oo.O000000o
09-01 14:39:18.847 D/Event   (12702): No subscribers registered for event class O00000Oo.O000000o.O000000o.O0000Oo0
09-01 14:39:18.849 I/MiuiNetworkPolicy( 1639): updateUidState uid = 10173, uidState = 4
09-01 14:39:18.850 I/MiuiNetworkPolicy( 1639): updateMLUid uid:10173,old:6,new:4
09-01 14:39:18.850 I/MiuiNetworkPolicy( 1639): isMLEnabled state:6,uid:10173,connect:DISCONNECTED
09-01 14:39:18.850 I/MiuiNetworkPolicy( 1639): isMLEnabled state:4,uid:10173,connect:DISCONNECTED
09-01 14:39:18.850 I/hwservicemanager(  573): getTransport: Cannot find entry vendor.qti.hardware.servicetracker@1.0::IServicetracker/default in either framework or device manifest.
09-01 14:39:18.851 D/AppOpsAdapter( 5211): using permission notify! 32
09-01 14:39:18.852 I/hwservicemanager(  573): getTransport: Cannot find entry vendor.qti.hardware.servicetracker@1.0::IServicetracker/default in either framework or device manifest.
09-01 14:39:18.854 I/BehaviorRecord-Monitor( 5237): com.xiaomi.hm.health , perm: 32 , operation 3 , current size: 0
09-01 14:39:18.850 W/memtrack@1.0-se(  787): type=1400 audit(0.0:64075): avc: denied { search } for name="kgsl" dev="sysfs" ino=55624 scontext=u:r:hal_memtrack_default:s0 tcontext=u:object_r:sysfs_kgsl:s0 tclass=dir permissive=0
09-01 14:39:18.850 W/memtrack@1.0-se(  787): type=1400 audit(0.0:64076): avc: denied { search } for name="kgsl" dev="sysfs" ino=55624 scontext=u:r:hal_memtrack_default:s0 tcontext=u:object_r:sysfs_kgsl:s0 tclass=dir permissive=0
09-01 14:39:18.855 I/MiuiNetworkPolicy( 1639): updateUidState uid = 10173, uidState = 6
09-01 14:39:18.855 I/MiuiNetworkPolicy( 1639): updateMLUid uid:10173,old:4,new:6
09-01 14:39:18.855 I/MiuiNetworkPolicy( 1639): isMLEnabled state:4,uid:10173,connect:DISCONNECTED
09-01 14:39:18.855 I/MiuiNetworkPolicy( 1639): isMLEnabled state:6,uid:10173,connect:DISCONNECTED
09-01 14:39:18.860 D/AppOpsAdapter( 5211): using permission notify! 32
09-01 14:39:18.860 I/BehaviorRecord-Monitor( 5237): com.xiaomi.hm.health , perm: 32 , operation 2 , current size: 1
09-01 14:39:18.861 D/AppOpsAdapter( 5211): using permission notify! 32
09-01 14:39:18.866 I/BehaviorRecord-Monitor( 5237): com.xiaomi.hm.health , perm: 32 , operation 3 , current size: 0
09-01 14:39:18.874 D/BluetoothGatt(12702): onConnectionUpdated() - Device=C3:D4:F4:E3:11:EC interval=6 latency=0 timeout=500 status=0
09-01 14:39:18.907 I/chatty  ( 8588): uid=1002(bluetooth) btu message loo expire 160 lines
09-01 14:39:19.089 D/BluetoothUtils( 8588): blockedByLocationOff callingUid=1002
09-01 14:39:19.090 I/BluetoothUtils( 8588): packagename is android.uid.bluetooth:1002 ,and its permission is false
09-01 14:39:19.090 D/BluetoothUtils( 8588): blockedByLocationOff callingUid=1002
09-01 14:39:19.090 I/BluetoothUtils( 8588): packagename is android.uid.bluetooth:1002 ,and its permission is false
09-01 14:39:19.090 D/BluetoothUtils( 8588): blockedByLocationOff callingUid=1002
09-01 14:39:19.090 V/bt_stack( 8588): [VERBOSE1:btm_ble_gap.cc(1923)] btm_ble_process_ext_adv_pkt: bda=35:38:49:78:be:f0
09-01 14:39:19.090 V/bt_stack( 8588): [VERBOSE1:btm_ble_gap.cc(1847)] btm_ble_process_adv_addr: bda=35:38:49:78:be:f0
09-01 14:39:19.090 I/BluetoothUtils( 8588): packagename is android.uid.bluetooth:1002 ,and its permission is false
09-01 14:39:19.091 V/bt_stack( 8588): [VERBOSE1:gatt_main.cc(1079)] gatt_get_ch_state: ch_state=4
09-01 14:39:19.091 I/bt_stack( 8588): [INFO:gatt_main.cc(912)] gatt_data_process op_code = 5, msg_len = 5
09-01 14:39:19.091 V/bt_stack( 8588): [VERBOSE1:gatt_cl.cc(1094)] gatt_client_handle_server_rsp op_code: 5, len = 5rsp_code: 5
09-01 14:39:19.091 V/bt_stack( 8588): [VERBOSE1:bta_gattc_cache.cc(322)] bta_gattc_disc_res_cbackconn_id 8disc_type 
09-01 14:39:19.091 V/bt_stack( 8588): [VERBOSE1:gatt_utils.cc(1191)] gatt_end_operation status=0 op=1 subtype=5
09-01 14:39:19.091 V/bt_stack( 8588): [VERBOSE1:bta_gattc_cache.cc(359)] bta_gattc_disc_cmpl_cbackDisc_type  status:
09-01 14:39:19.091 V/bt_stack( 8588): [VERBOSE1:bta_gattc_cache.cc(199)] starting discover characteristics descriptor
09-01 14:39:19.091 V/bt_stack( 8588): [VERBOSE1:bta_gattc_cache.cc(163)] Start service discovery
09-01 14:39:19.091 I/bt_stack( 8588): [INFO:gatt_api.cc(642)] GATTC_Discover conn_id=0x0008, disc_type=3, s_handle=0x001d, e_handle=0x0023
09-01 14:39:19.091 D/BluetoothUtils( 8588): blockedByLocationOff callingUid=1002
09-01 14:39:19.091 I/BluetoothUtils( 8588): packagename is android.uid.bluetooth:1002 ,and its permission is false
09-01 14:39:19.091 D/BluetoothUtils( 8588): blockedByLocationOff callingUid=1002
09-01 14:39:19.092 I/BluetoothUtils( 8588): packagename is android.uid.bluetooth:1002 ,and its permission is false
09-01 14:39:19.092 D/BluetoothUtils( 8588): blockedByLocationOff callingUid=1002
09-01 14:39:19.092 I/BluetoothUtils( 8588): packagename is android.uid.bluetooth:1002 ,and its permission is false
09-01 14:39:19.102 V/bt_stack( 8588): [VERBOSE1:btm_ble_gap.cc(1923)] btm_ble_process_ext_adv_pkt: bda=51:d1:5c:e7:f2:93
09-01 14:39:19.102 V/bt_stack( 8588): [VERBOSE1:btm_ble_gap.cc(1847)] btm_ble_process_adv_addr: bda=51:d1:5c:e7:f2:93
09-01 14:39:19.102 V/bt_stack( 8588): [VERBOSE1:btm_ble_gap.cc(2052)]  Waiting for scan response 51:d1:5c:e7:f2:93
09-01 14:39:19.102 V/bt_stack( 8588): [VERBOSE1:btm_ble_gap.cc(1923)] btm_ble_process_ext_adv_pkt: bda=51:d1:5c:e7:f2:93
09-01 14:39:19.102 V/bt_stack( 8588): [VERBOSE1:btm_ble_gap.cc(1847)] btm_ble_process_adv_addr: bda=51:d1:5c:e7:f2:93
09-01 14:39:19.103 D/BluetoothUtils( 8588): blockedByLocationOff callingUid=1002
09-01 14:39:19.104 I/BluetoothUtils( 8588): packagename is android.uid.bluetooth:1002 ,and its permission is false
09-01 14:39:19.104 D/BluetoothUtils( 8588): blockedByLocationOff callingUid=1002
09-01 14:39:19.104 I/BluetoothUtils( 8588): packagename is android.uid.bluetooth:1002 ,and its permission is false
09-01 14:39:19.105 D/BluetoothUtils( 8588): blockedByLocationOff callingUid=1002
09-01 14:39:19.105 I/BluetoothUtils( 8588): packagename is android.uid.bluetooth:1002 ,and its permission is false
09-01 14:39:19.106 V/bt_stack( 8588): [VERBOSE1:gatt_main.cc(1079)] gatt_get_ch_state: ch_state=4
09-01 14:39:19.106 I/bt_stack( 8588): [INFO:gatt_main.cc(912)] gatt_data_process op_code = 1, msg_len = 4
09-01 14:39:19.106 V/bt_stack( 8588): [VERBOSE1:gatt_cl.cc(1094)] gatt_client_handle_server_rsp op_code: 1, len = 4rsp_code: 9
09-01 14:39:19.106 V/bt_stack( 8588): [VERBOSE1:gatt_cl.cc(513)] gatt_process_error_rsp
09-01 14:39:19.106 V/bt_stack( 8588): [VERBOSE1:gatt_cl.cc(475)] gatt_proc_disc_error_rspreason: 0a cmd_code 0008
09-01 14:39:19.106 V/bt_stack( 8588): [VERBOSE1:gatt_cl.cc(485)] Discovery completed
09-01 14:39:19.106 V/bt_stack( 8588): [VERBOSE1:gatt_utils.cc(1191)] gatt_end_operation status=0 op=1 subtype=3
09-01 14:39:19.107 V/bt_stack( 8588): [VERBOSE1:bta_gattc_cache.cc(359)] bta_gattc_disc_cmpl_cbackDisc_type  status:
09-01 14:39:19.107 I/bt_stack( 8588): [INFO:gatt_api.cc(642)] GATTC_Discover conn_id=0x0008, disc_type=4, s_handle=0x001d, e_handle=0x0023
09-01 14:39:19.109 V/bt_stack( 8588): [VERBOSE1:btm_ble_gap.cc(1923)] btm_ble_process_ext_adv_pkt: bda=56:e4:da:79:d5:88
09-01 14:39:19.109 V/bt_stack( 8588): [VERBOSE1:btm_ble_gap.cc(1847)] btm_ble_process_adv_addr: bda=56:e4:da:79:d5:88
09-01 14:39:19.109 V/bt_stack( 8588): [VERBOSE1:btm_ble_gap.cc(2052)]  Waiting for scan response 56:e4:da:79:d5:88
09-01 14:39:19.109 V/bt_stack( 8588): [VERBOSE1:btm_ble_gap.cc(1923)] btm_ble_process_ext_adv_pkt: bda=56:e4:da:79:d5:88
09-01 14:39:19.109 V/bt_stack( 8588): [VERBOSE1:btm_ble_gap.cc(1847)] btm_ble_process_adv_addr: bda=56:e4:da:79:d5:88
09-01 14:39:19.110 D/BluetoothUtils( 8588): blockedByLocationOff callingUid=1002
09-01 14:39:19.110 I/BluetoothUtils( 8588): packagename is android.uid.bluetooth:1002 ,and its permission is false
09-01 14:39:19.110 D/BluetoothUtils( 8588): blockedByLocationOff callingUid=1002
09-01 14:39:19.111 I/BluetoothUtils( 8588): packagename is android.uid.bluetooth:1002 ,and its permission is false
09-01 14:39:19.111 D/BluetoothUtils( 8588): blockedByLocationOff callingUid=1002
09-01 14:39:19.111 I/BluetoothUtils( 8588): packagename is android.uid.bluetooth:1002 ,and its permission is false
09-01 14:39:19.119 V/bt_stack( 8588): [VERBOSE1:btm_ble_gap.cc(1923)] btm_ble_process_ext_adv_pkt: bda=38:f9:d3:45:87:1e
09-01 14:39:19.119 V/bt_stack( 8588): [VERBOSE1:btm_ble_gap.cc(1847)] btm_ble_process_adv_addr: bda=38:f9:d3:45:87:1e
09-01 14:39:19.119 V/bt_stack( 8588): [VERBOSE1:btm_ble_gap.cc(2052)]  Waiting for scan response 38:f9:d3:45:87:1e
09-01 14:39:19.119 V/bt_stack( 8588): [VERBOSE1:btm_ble_gap.cc(1923)] btm_ble_process_ext_adv_pkt: bda=38:f9:d3:45:87:1e
09-01 14:39:19.119 V/bt_stack( 8588): [VERBOSE1:btm_ble_gap.cc(1847)] btm_ble_process_adv_addr: bda=38:f9:d3:45:87:1e
09-01 14:39:19.120 D/BluetoothUtils( 8588): blockedByLocationOff callingUid=1002
09-01 14:39:19.120 I/BluetoothUtils( 8588): packagename is android.uid.bluetooth:1002 ,and its permission is false
09-01 14:39:19.121 D/BluetoothUtils( 8588): blockedByLocationOff callingUid=1002
09-01 14:39:19.121 V/bt_stack( 8588): [VERBOSE1:gatt_main.cc(1079)] gatt_get_ch_state: ch_state=4
09-01 14:39:19.121 I/bt_stack( 8588): [INFO:gatt_main.cc(912)] gatt_data_process op_code = 9, msg_len = 15
09-01 14:39:19.121 I/BluetoothUtils( 8588): packagename is android.uid.bluetooth:1002 ,and its permission is false
09-01 14:39:19.121 V/bt_stack( 8588): [VERBOSE1:gatt_cl.cc(1094)] gatt_client_handle_server_rsp op_code: 9, len = 15rsp_code: 9
09-01 14:39:19.121 V/bt_stack( 8588): [VERBOSE1:bta_gattc_cache.cc(322)] bta_gattc_disc_res_cbackconn_id 8disc_type 
09-01 14:39:19.121 V/bt_stack( 8588): [VERBOSE1:bta_gattc_cache.cc(322)] bta_gattc_disc_res_cbackconn_id 8disc_type 
09-01 14:39:19.121 D/BluetoothUtils( 8588): blockedByLocationOff callingUid=1002
09-01 14:39:19.122 I/BluetoothUtils( 8588): packagename is android.uid.bluetooth:1002 ,and its permission is false
09-01 14:39:19.135 V/bt_stack( 8588): [VERBOSE1:btm_ble_gap.cc(1923)] btm_ble_process_ext_adv_pkt: bda=06:fa:50:9b:39:c0
09-01 14:39:19.135 V/bt_stack( 8588): [VERBOSE1:btm_ble_gap.cc(1847)] btm_ble_process_adv_addr: bda=06:fa:50:9b:39:c0
09-01 14:39:19.136 D/BluetoothUtils( 8588): blockedByLocationOff callingUid=1002
09-01 14:39:19.136 V/bt_stack( 8588): [VERBOSE1:gatt_main.cc(1079)] gatt_get_ch_state: ch_state=4
09-01 14:39:19.136 I/bt_stack( 8588): [INFO:gatt_main.cc(912)] gatt_data_process op_code = 1, msg_len = 4
09-01 14:39:19.136 V/bt_stack( 8588): [VERBOSE1:gatt_cl.cc(1094)] gatt_client_handle_server_rsp op_code: 1, len = 4rsp_code: 9
09-01 14:39:19.136 V/bt_stack( 8588): [VERBOSE1:gatt_cl.cc(513)] gatt_process_error_rsp
09-01 14:39:19.136 V/bt_stack( 8588): [VERBOSE1:gatt_cl.cc(475)] gatt_proc_disc_error_rspreason: 0a cmd_code 0008
09-01 14:39:19.136 V/bt_stack( 8588): [VERBOSE1:gatt_cl.cc(485)] Discovery completed
09-01 14:39:19.136 V/bt_stack( 8588): [VERBOSE1:gatt_utils.cc(1191)] gatt_end_operation status=0 op=1 subtype=4
09-01 14:39:19.136 V/bt_stack( 8588): [VERBOSE1:bta_gattc_cache.cc(359)] bta_gattc_disc_cmpl_cbackDisc_type  status:
09-01 14:39:19.136 I/BluetoothUtils( 8588): packagename is android.uid.bluetooth:1002 ,and its permission is false
09-01 14:39:19.136 V/bt_stack( 8588): [VERBOSE1:bta_gattc_cache.cc(199)] starting discover characteristics descriptor
09-01 14:39:19.136 I/bt_stack( 8588): [INFO:gatt_api.cc(642)] GATTC_Discover conn_id=0x0008, disc_type=5, s_handle=0x0020, e_handle=0x0020
09-01 14:39:19.136 D/BluetoothUtils( 8588): blockedByLocationOff callingUid=1002
09-01 14:39:19.137 I/BluetoothUtils( 8588): packagename is android.uid.bluetooth:1002 ,and its permission is false
09-01 14:39:19.137 D/BluetoothUtils( 8588): blockedByLocationOff callingUid=1002
09-01 14:39:19.137 I/BluetoothUtils( 8588): packagename is android.uid.bluetooth:1002 ,and its permission is false
09-01 14:39:19.138 V/bt_stack( 8588): [VERBOSE1:btm_ble_gap.cc(1923)] btm_ble_process_ext_adv_pkt: bda=63:53:07:fa:3c:f1
09-01 14:39:19.138 V/bt_stack( 8588): [VERBOSE1:btm_ble_gap.cc(1847)] btm_ble_process_adv_addr: bda=63:53:07:fa:3c:f1
09-01 14:39:19.140 D/BluetoothUtils( 8588): blockedByLocationOff callingUid=1002
09-01 14:39:19.140 I/BluetoothUtils( 8588): packagename is android.uid.bluetooth:1002 ,and its permission is false
09-01 14:39:19.140 D/BluetoothUtils( 8588): blockedByLocationOff callingUid=1002
09-01 14:39:19.141 I/BluetoothUtils( 8588): packagename is android.uid.bluetooth:1002 ,and its permission is false
09-01 14:39:19.141 D/BluetoothUtils( 8588): blockedByLocationOff callingUid=1002
09-01 14:39:19.141 I/BluetoothUtils( 8588): packagename is android.uid.bluetooth:1002 ,and its permission is false
09-01 14:39:19.143 V/bt_stack( 8588): [VERBOSE1:btm_ble_gap.cc(1923)] btm_ble_process_ext_adv_pkt: bda=0c:39:e9:d5:de:20
09-01 14:39:19.143 V/bt_stack( 8588): [VERBOSE1:btm_ble_gap.cc(1847)] btm_ble_process_adv_addr: bda=0c:39:e9:d5:de:20
09-01 14:39:19.144 D/BluetoothUtils( 8588): blockedByLocationOff callingUid=1002
09-01 14:39:19.145 I/BluetoothUtils( 8588): packagename is android.uid.bluetooth:1002 ,and its permission is false
09-01 14:39:19.145 D/BluetoothUtils( 8588): blockedByLocationOff callingUid=1002
09-01 14:39:19.145 I/BluetoothUtils( 8588): packagename is android.uid.bluetooth:1002 ,and its permission is false
09-01 14:39:19.146 D/BluetoothUtils( 8588): blockedByLocationOff callingUid=1002
09-01 14:39:19.146 I/BluetoothUtils( 8588): packagename is android.uid.bluetooth:1002 ,and its permission is false
09-01 14:39:19.147 V/bt_stack( 8588): [VERBOSE1:btm_ble_gap.cc(1923)] btm_ble_process_ext_adv_pkt: bda=56:e4:da:79:d5:88
09-01 14:39:19.147 V/bt_stack( 8588): [VERBOSE1:btm_ble_gap.cc(1847)] btm_ble_process_adv_addr: bda=56:e4:da:79:d5:88
09-01 14:39:19.147 V/bt_stack( 8588): [VERBOSE1:btm_ble_gap.cc(2052)]  Waiting for scan response 56:e4:da:79:d5:88
09-01 14:39:19.147 V/bt_stack( 8588): [VERBOSE1:btm_ble_gap.cc(1923)] btm_ble_process_ext_adv_pkt: bda=56:e4:da:79:d5:88
09-01 14:39:19.147 V/bt_stack( 8588): [VERBOSE1:btm_ble_gap.cc(1847)] btm_ble_process_adv_addr: bda=56:e4:da:79:d5:88
09-01 14:39:19.147 D/BluetoothUtils( 8588): blockedByLocationOff callingUid=1002
09-01 14:39:19.148 I/BluetoothUtils( 8588): packagename is android.uid.bluetooth:1002 ,and its permission is false
09-01 14:39:19.148 D/BluetoothUtils( 8588): blockedByLocationOff callingUid=1002
09-01 14:39:19.148 I/BluetoothUtils( 8588): packagename is android.uid.bluetooth:1002 ,and its permission is false
09-01 14:39:19.148 D/BluetoothUtils( 8588): blockedByLocationOff callingUid=1002
09-01 14:39:19.149 I/BluetoothUtils( 8588): packagename is android.uid.bluetooth:1002 ,and its permission is false
09-01 14:39:19.151 V/bt_stack( 8588): [VERBOSE1:gatt_main.cc(1079)] gatt_get_ch_state: ch_state=4
09-01 14:39:19.151 I/bt_stack( 8588): [INFO:gatt_main.cc(912)] gatt_data_process op_code = 5, msg_len = 5
09-01 14:39:19.151 V/bt_stack( 8588): [VERBOSE1:gatt_cl.cc(1094)] gatt_client_handle_server_rsp op_code: 5, len = 5rsp_code: 5
09-01 14:39:19.151 V/bt_stack( 8588): [VERBOSE1:bta_gattc_cache.cc(322)] bta_gattc_disc_res_cbackconn_id 8disc_type 
09-01 14:39:19.151 V/bt_stack( 8588): [VERBOSE1:gatt_utils.cc(1191)] gatt_end_operation status=0 op=1 subtype=5
09-01 14:39:19.151 V/bt_stack( 8588): [VERBOSE1:bta_gattc_cache.cc(359)] bta_gattc_disc_cmpl_cbackDisc_type  status:
09-01 14:39:19.151 V/bt_stack( 8588): [VERBOSE1:bta_gattc_cache.cc(199)] starting discover characteristics descriptor
09-01 14:39:19.151 I/bt_stack( 8588): [INFO:gatt_api.cc(642)] GATTC_Discover conn_id=0x0008, disc_type=5, s_handle=0x0023, e_handle=0x0023
09-01 14:39:19.156 V/bt_stack( 8588): [VERBOSE1:btm_ble_gap.cc(1923)] btm_ble_process_ext_adv_pkt: bda=fe:e1:62:0f:0c:8e
09-01 14:39:19.156 V/bt_stack( 8588): [VERBOSE1:btm_ble_gap.cc(1847)] btm_ble_process_adv_addr: bda=fe:e1:62:0f:0c:8e
09-01 14:39:19.156 V/bt_stack( 8588): [VERBOSE1:btm_ble_gap.cc(2052)]  Waiting for scan response fe:e1:62:0f:0c:8e
09-01 14:39:19.156 V/bt_stack( 8588): [VERBOSE1:btm_ble_gap.cc(1923)] btm_ble_process_ext_adv_pkt: bda=38:f9:d3:45:87:1e
09-01 14:39:19.156 V/bt_stack( 8588): [VERBOSE1:btm_ble_gap.cc(1847)] btm_ble_process_adv_addr: bda=38:f9:d3:45:87:1e
09-01 14:39:19.156 V/bt_stack( 8588): [VERBOSE1:btm_ble_gap.cc(2052)]  Waiting for scan response 38:f9:d3:45:87:1e
09-01 14:39:19.156 V/bt_stack( 8588): [VERBOSE1:btm_ble_gap.cc(1923)] btm_ble_process_ext_adv_pkt: bda=38:f9:d3:45:87:1e
09-01 14:39:19.156 V/bt_stack( 8588): [VERBOSE1:btm_ble_gap.cc(1847)] btm_ble_process_adv_addr: bda=38:f9:d3:45:87:1e
09-01 14:39:19.157 D/BluetoothUtils( 8588): blockedByLocationOff callingUid=1002
09-01 14:39:19.158 I/BluetoothUtils( 8588): packagename is android.uid.bluetooth:1002 ,and its permission is false
09-01 14:39:19.158 D/BluetoothUtils( 8588): blockedByLocationOff callingUid=1002
09-01 14:39:19.158 I/BluetoothUtils( 8588): packagename is android.uid.bluetooth:1002 ,and its permission is false
09-01 14:39:19.158 D/BluetoothUtils( 8588): blockedByLocationOff callingUid=1002
09-01 14:39:19.158 I/BluetoothUtils( 8588): packagename is android.uid.bluetooth:1002 ,and its permission is false
09-01 14:39:19.166 V/bt_stack( 8588): [VERBOSE1:gatt_main.cc(1079)] gatt_get_ch_state: ch_state=4
09-01 14:39:19.166 I/bt_stack( 8588): [INFO:gatt_main.cc(912)] gatt_data_process op_code = 5, msg_len = 5
09-01 14:39:19.166 V/bt_stack( 8588): [VERBOSE1:gatt_cl.cc(1094)] gatt_client_handle_server_rsp op_code: 5, len = 5rsp_code: 5
09-01 14:39:19.166 V/bt_stack( 8588): [VERBOSE1:bta_gattc_cache.cc(322)] bta_gattc_disc_res_cbackconn_id 8disc_type 
09-01 14:39:19.166 V/bt_stack( 8588): [VERBOSE1:gatt_utils.cc(1191)] gatt_end_operation status=0 op=1 subtype=5
09-01 14:39:19.166 V/bt_stack( 8588): [VERBOSE1:bta_gattc_cache.cc(359)] bta_gattc_disc_cmpl_cbackDisc_type  status:
09-01 14:39:19.166 V/bt_stack( 8588): [VERBOSE1:bta_gattc_cache.cc(199)] starting discover characteristics descriptor
09-01 14:39:19.166 V/bt_stack( 8588): [VERBOSE1:bta_gattc_cache.cc(163)] Start service discovery
09-01 14:39:19.166 I/bt_stack( 8588): [INFO:gatt_api.cc(642)] GATTC_Discover conn_id=0x0008, disc_type=3, s_handle=0x0024, e_handle=0x0026
09-01 14:39:19.171 V/bt_stack( 8588): [VERBOSE1:btm_ble_gap.cc(1923)] btm_ble_process_ext_adv_pkt: bda=0b:95:8c:38:8d:43
09-01 14:39:19.172 V/bt_stack( 8588): [VERBOSE1:btm_ble_gap.cc(1847)] btm_ble_process_adv_addr: bda=0b:95:8c:38:8d:43
09-01 14:39:19.172 D/BluetoothUtils( 8588): blockedByLocationOff callingUid=1002
09-01 14:39:19.173 I/BluetoothUtils( 8588): packagename is android.uid.bluetooth:1002 ,and its permission is false
09-01 14:39:19.173 D/BluetoothUtils( 8588): blockedByLocationOff callingUid=1002
09-01 14:39:19.173 I/BluetoothUtils( 8588): packagename is android.uid.bluetooth:1002 ,and its permission is false
09-01 14:39:19.173 D/BluetoothUtils( 8588): blockedByLocationOff callingUid=1002
09-01 14:39:19.174 I/BluetoothUtils( 8588): packagename is android.uid.bluetooth:1002 ,and its permission is false
09-01 14:39:19.181 V/bt_stack( 8588): [VERBOSE1:gatt_main.cc(1079)] gatt_get_ch_state: ch_state=4
09-01 14:39:19.181 I/bt_stack( 8588): [INFO:gatt_main.cc(912)] gatt_data_process op_code = 1, msg_len = 4
09-01 14:39:19.181 V/bt_stack( 8588): [VERBOSE1:gatt_cl.cc(1094)] gatt_client_handle_server_rsp op_code: 1, len = 4rsp_code: 9
09-01 14:39:19.181 V/bt_stack( 8588): [VERBOSE1:gatt_cl.cc(513)] gatt_process_error_rsp
09-01 14:39:19.181 V/bt_stack( 8588): [VERBOSE1:gatt_cl.cc(475)] gatt_proc_disc_error_rspreason: 0a cmd_code 0008
09-01 14:39:19.181 V/bt_stack( 8588): [VERBOSE1:gatt_cl.cc(485)] Discovery completed
09-01 14:39:19.181 V/bt_stack( 8588): [VERBOSE1:gatt_utils.cc(1191)] gatt_end_operation status=0 op=1 subtype=3
09-01 14:39:19.181 V/bt_stack( 8588): [VERBOSE1:bta_gattc_cache.cc(359)] bta_gattc_disc_cmpl_cbackDisc_type  status:
09-01 14:39:19.181 I/bt_stack( 8588): [INFO:gatt_api.cc(642)] GATTC_Discover conn_id=0x0008, disc_type=4, s_handle=0x0024, e_handle=0x0026
09-01 14:39:19.185 V/bt_stack( 8588): [VERBOSE1:btm_ble_gap.cc(1923)] btm_ble_process_ext_adv_pkt: bda=56:e4:da:79:d5:88
09-01 14:39:19.186 V/bt_stack( 8588): [VERBOSE1:btm_ble_gap.cc(1847)] btm_ble_process_adv_addr: bda=56:e4:da:79:d5:88
09-01 14:39:19.186 V/bt_stack( 8588): [VERBOSE1:btm_ble_gap.cc(2052)]  Waiting for scan response 56:e4:da:79:d5:88
09-01 14:39:19.186 V/bt_stack( 8588): [VERBOSE1:btm_ble_gap.cc(1923)] btm_ble_process_ext_adv_pkt: bda=56:e4:da:79:d5:88
09-01 14:39:19.186 V/bt_stack( 8588): [VERBOSE1:btm_ble_gap.cc(1847)] btm_ble_process_adv_addr: bda=56:e4:da:79:d5:88
09-01 14:39:19.187 D/BluetoothUtils( 8588): blockedByLocationOff callingUid=1002
09-01 14:39:19.187 I/BluetoothUtils( 8588): packagename is android.uid.bluetooth:1002 ,and its permission is false
09-01 14:39:19.187 D/BluetoothUtils( 8588): blockedByLocationOff callingUid=1002
09-01 14:39:19.188 I/BluetoothUtils( 8588): packagename is android.uid.bluetooth:1002 ,and its permission is false
09-01 14:39:19.188 D/BluetoothUtils( 8588): blockedByLocationOff callingUid=1002
09-01 14:39:19.188 I/BluetoothUtils( 8588): packagename is android.uid.bluetooth:1002 ,and its permission is false
09-01 14:39:19.196 V/bt_stack( 8588): [VERBOSE1:gatt_main.cc(1079)] gatt_get_ch_state: ch_state=4
09-01 14:39:19.196 I/bt_stack( 8588): [INFO:gatt_main.cc(912)] gatt_data_process op_code = 9, msg_len = 8
09-01 14:39:19.196 V/bt_stack( 8588): [VERBOSE1:gatt_cl.cc(1094)] gatt_client_handle_server_rsp op_code: 9, len = 8rsp_code: 9
09-01 14:39:19.196 V/bt_stack( 8588): [VERBOSE1:bta_gattc_cache.cc(322)] bta_gattc_disc_res_cbackconn_id 8disc_type 
09-01 14:39:19.211 V/bt_stack( 8588): [VERBOSE1:gatt_main.cc(1079)] gatt_get_ch_state: ch_state=4
09-01 14:39:19.211 I/bt_stack( 8588): [INFO:gatt_main.cc(912)] gatt_data_process op_code = 1, msg_len = 4
09-01 14:39:19.211 V/bt_stack( 8588): [VERBOSE1:gatt_cl.cc(1094)] gatt_client_handle_server_rsp op_code: 1, len = 4rsp_code: 9
09-01 14:39:19.212 V/bt_stack( 8588): [VERBOSE1:gatt_cl.cc(513)] gatt_process_error_rsp
09-01 14:39:19.212 V/bt_stack( 8588): [VERBOSE1:gatt_cl.cc(475)] gatt_proc_disc_error_rspreason: 0a cmd_code 0008
09-01 14:39:19.212 V/bt_stack( 8588): [VERBOSE1:gatt_cl.cc(485)] Discovery completed
09-01 14:39:19.212 V/bt_stack( 8588): [VERBOSE1:gatt_utils.cc(1191)] gatt_end_operation status=0 op=1 subtype=4
09-01 14:39:19.212 V/bt_stack( 8588): [VERBOSE1:bta_gattc_cache.cc(359)] bta_gattc_disc_cmpl_cbackDisc_type  status:
09-01 14:39:19.212 V/bt_stack( 8588): [VERBOSE1:bta_gattc_cache.cc(199)] starting discover characteristics descriptor
09-01 14:39:19.212 V/bt_stack( 8588): [VERBOSE1:bta_gattc_cache.cc(163)] Start service discovery
09-01 14:39:19.212 I/bt_stack( 8588): [INFO:gatt_api.cc(642)] GATTC_Discover conn_id=0x0008, disc_type=3, s_handle=0x0027, e_handle=0x002c
09-01 14:39:19.221 V/bt_stack( 8588): [VERBOSE1:btm_ble_gap.cc(1923)] btm_ble_process_ext_adv_pkt: bda=70:33:97:a2:2a:78
09-01 14:39:19.221 V/bt_stack( 8588): [VERBOSE1:btm_ble_gap.cc(1847)] btm_ble_process_adv_addr: bda=70:33:97:a2:2a:78
09-01 14:39:19.221 V/bt_stack( 8588): [VERBOSE1:btm_ble_gap.cc(2052)]  Waiting for scan response 70:33:97:a2:2a:78
09-01 14:39:19.222 V/bt_stack( 8588): [VERBOSE1:btm_ble_gap.cc(1923)] btm_ble_process_ext_adv_pkt: bda=56:e4:da:79:d5:88
09-01 14:39:19.222 V/bt_stack( 8588): [VERBOSE1:btm_ble_gap.cc(1847)] btm_ble_process_adv_addr: bda=56:e4:da:79:d5:88
09-01 14:39:19.222 V/bt_stack( 8588): [VERBOSE1:btm_ble_gap.cc(2052)]  Waiting for scan response 56:e4:da:79:d5:88
09-01 14:39:19.222 V/bt_stack( 8588): [VERBOSE1:btm_ble_gap.cc(1923)] btm_ble_process_ext_adv_pkt: bda=56:e4:da:79:d5:88
09-01 14:39:19.222 V/bt_stack( 8588): [VERBOSE1:btm_ble_gap.cc(1847)] btm_ble_process_adv_addr: bda=56:e4:da:79:d5:88
09-01 14:39:19.223 D/BluetoothUtils( 8588): blockedByLocationOff callingUid=1002
09-01 14:39:19.224 I/BluetoothUtils( 8588): packagename is android.uid.bluetooth:1002 ,and its permission is false
09-01 14:39:19.224 D/BluetoothUtils( 8588): blockedByLocationOff callingUid=1002
09-01 14:39:19.224 I/BluetoothUtils( 8588): packagename is android.uid.bluetooth:1002 ,and its permission is false
09-01 14:39:19.225 D/BluetoothUtils( 8588): blockedByLocationOff callingUid=1002
09-01 14:39:19.225 I/BluetoothUtils( 8588): packagename is android.uid.bluetooth:1002 ,and its permission is false
09-01 14:39:19.226 V/bt_stack( 8588): [VERBOSE1:gatt_main.cc(1079)] gatt_get_ch_state: ch_state=4
09-01 14:39:19.226 I/bt_stack( 8588): [INFO:gatt_main.cc(912)] gatt_data_process op_code = 1, msg_len = 4
09-01 14:39:19.226 V/bt_stack( 8588): [VERBOSE1:gatt_cl.cc(1094)] gatt_client_handle_server_rsp op_code: 1, len = 4rsp_code: 9
09-01 14:39:19.226 V/bt_stack( 8588): [VERBOSE1:gatt_cl.cc(513)] gatt_process_error_rsp
09-01 14:39:19.226 V/bt_stack( 8588): [VERBOSE1:gatt_cl.cc(475)] gatt_proc_disc_error_rspreason: 0a cmd_code 0008
09-01 14:39:19.226 V/bt_stack( 8588): [VERBOSE1:gatt_cl.cc(485)] Discovery completed
09-01 14:39:19.226 V/bt_stack( 8588): [VERBOSE1:gatt_utils.cc(1191)] gatt_end_operation status=0 op=1 subtype=3
09-01 14:39:19.226 V/bt_stack( 8588): [VERBOSE1:bta_gattc_cache.cc(359)] bta_gattc_disc_cmpl_cbackDisc_type  status:
09-01 14:39:19.226 I/bt_stack( 8588): [INFO:gatt_api.cc(642)] GATTC_Discover conn_id=0x0008, disc_type=4, s_handle=0x0027, e_handle=0x002c
09-01 14:39:19.241 V/bt_stack( 8588): [VERBOSE1:gatt_main.cc(1079)] gatt_get_ch_state: ch_state=4
09-01 14:39:19.241 I/bt_stack( 8588): [INFO:gatt_main.cc(912)] gatt_data_process op_code = 9, msg_len = 15
09-01 14:39:19.241 V/bt_stack( 8588): [VERBOSE1:gatt_cl.cc(1094)] gatt_client_handle_server_rsp op_code: 9, len = 15rsp_code: 9
09-01 14:39:19.241 V/bt_stack( 8588): [VERBOSE1:bta_gattc_cache.cc(322)] bta_gattc_disc_res_cbackconn_id 8disc_type 
09-01 14:39:19.241 V/bt_stack( 8588): [VERBOSE1:bta_gattc_cache.cc(322)] bta_gattc_disc_res_cbackconn_id 8disc_type 
09-01 14:39:19.243 V/bt_stack( 8588): [VERBOSE1:btm_ble_gap.cc(1923)] btm_ble_process_ext_adv_pkt: bda=38:f9:d3:45:87:1e
09-01 14:39:19.243 V/bt_stack( 8588): [VERBOSE1:btm_ble_gap.cc(1847)] btm_ble_process_adv_addr: bda=38:f9:d3:45:87:1e
09-01 14:39:19.243 V/bt_stack( 8588): [VERBOSE1:btm_ble_gap.cc(2052)]  Waiting for scan response 38:f9:d3:45:87:1e
09-01 14:39:19.243 V/bt_stack( 8588): [VERBOSE1:btm_ble_gap.cc(1923)] btm_ble_process_ext_adv_pkt: bda=06:fa:50:9b:39:c0
09-01 14:39:19.243 V/bt_stack( 8588): [VERBOSE1:btm_ble_gap.cc(1847)] btm_ble_process_adv_addr: bda=06:fa:50:9b:39:c0
09-01 14:39:19.244 D/BluetoothUtils( 8588): blockedByLocationOff callingUid=1002
09-01 14:39:19.245 I/BluetoothUtils( 8588): packagename is android.uid.bluetooth:1002 ,and its permission is false
09-01 14:39:19.245 D/BluetoothUtils( 8588): blockedByLocationOff callingUid=1002
09-01 14:39:19.245 I/BluetoothUtils( 8588): packagename is android.uid.bluetooth:1002 ,and its permission is false
09-01 14:39:19.246 D/BluetoothUtils( 8588): blockedByLocationOff callingUid=1002
09-01 14:39:19.246 I/BluetoothUtils( 8588): packagename is android.uid.bluetooth:1002 ,and its permission is false
09-01 14:39:19.256 V/bt_stack( 8588): [VERBOSE1:gatt_main.cc(1079)] gatt_get_ch_state: ch_state=4
09-01 14:39:19.256 I/bt_stack( 8588): [INFO:gatt_main.cc(912)] gatt_data_process op_code = 1, msg_len = 4
09-01 14:39:19.256 V/bt_stack( 8588): [VERBOSE1:gatt_cl.cc(1094)] gatt_client_handle_server_rsp op_code: 1, len = 4rsp_code: 9
09-01 14:39:19.257 V/bt_stack( 8588): [VERBOSE1:gatt_cl.cc(513)] gatt_process_error_rsp
09-01 14:39:19.257 V/bt_stack( 8588): [VERBOSE1:gatt_cl.cc(475)] gatt_proc_disc_error_rspreason: 0a cmd_code 0008
09-01 14:39:19.257 V/bt_stack( 8588): [VERBOSE1:gatt_cl.cc(485)] Discovery completed
09-01 14:39:19.257 V/bt_stack( 8588): [VERBOSE1:gatt_utils.cc(1191)] gatt_end_operation status=0 op=1 subtype=4
09-01 14:39:19.257 V/bt_stack( 8588): [VERBOSE1:bta_gattc_cache.cc(359)] bta_gattc_disc_cmpl_cbackDisc_type  status:
09-01 14:39:19.257 V/bt_stack( 8588): [VERBOSE1:bta_gattc_cache.cc(199)] starting discover characteristics descriptor
09-01 14:39:19.257 I/bt_stack( 8588): [INFO:gatt_api.cc(642)] GATTC_Discover conn_id=0x0008, disc_type=5, s_handle=0x002a, e_handle=0x002a
09-01 14:39:19.259 V/bt_stack( 8588): [VERBOSE1:btm_ble_gap.cc(1923)] btm_ble_process_ext_adv_pkt: bda=38:f9:d3:45:87:1e
09-01 14:39:19.259 V/bt_stack( 8588): [VERBOSE1:btm_ble_gap.cc(1847)] btm_ble_process_adv_addr: bda=38:f9:d3:45:87:1e
09-01 14:39:19.259 V/bt_stack( 8588): [VERBOSE1:btm_ble_gap.cc(2052)]  Waiting for scan response 38:f9:d3:45:87:1e
09-01 14:39:19.259 V/bt_stack( 8588): [VERBOSE1:btm_ble_gap.cc(1923)] btm_ble_process_ext_adv_pkt: bda=38:f9:d3:45:87:1e
09-01 14:39:19.259 V/bt_stack( 8588): [VERBOSE1:btm_ble_gap.cc(1847)] btm_ble_process_adv_addr: bda=38:f9:d3:45:87:1e
09-01 14:39:19.260 D/BluetoothUtils( 8588): blockedByLocationOff callingUid=1002
09-01 14:39:19.260 I/BluetoothUtils( 8588): packagename is android.uid.bluetooth:1002 ,and its permission is false
09-01 14:39:19.260 D/BluetoothUtils( 8588): blockedByLocationOff callingUid=1002
09-01 14:39:19.261 I/BluetoothUtils( 8588): packagename is android.uid.bluetooth:1002 ,and its permission is false
09-01 14:39:19.261 D/BluetoothUtils( 8588): blockedByLocationOff callingUid=1002
09-01 14:39:19.261 I/BluetoothUtils( 8588): packagename is android.uid.bluetooth:1002 ,and its permission is false
09-01 14:39:19.262 V/bt_stack( 8588): [VERBOSE1:btm_ble_gap.cc(1923)] btm_ble_process_ext_adv_pkt: bda=56:e4:da:79:d5:88
09-01 14:39:19.262 V/bt_stack( 8588): [VERBOSE1:btm_ble_gap.cc(1847)] btm_ble_process_adv_addr: bda=56:e4:da:79:d5:88
09-01 14:39:19.262 V/bt_stack( 8588): [VERBOSE1:btm_ble_gap.cc(2052)]  Waiting for scan response 56:e4:da:79:d5:88
09-01 14:39:19.262 V/bt_stack( 8588): [VERBOSE1:btm_ble_gap.cc(1923)] btm_ble_process_ext_adv_pkt: bda=56:e4:da:79:d5:88
09-01 14:39:19.262 V/bt_stack( 8588): [VERBOSE1:btm_ble_gap.cc(1847)] btm_ble_process_adv_addr: bda=56:e4:da:79:d5:88
09-01 14:39:19.264 D/BluetoothUtils( 8588): blockedByLocationOff callingUid=1002
09-01 14:39:19.264 I/BluetoothUtils( 8588): packagename is android.uid.bluetooth:1002 ,and its permission is false
09-01 14:39:19.264 D/BluetoothUtils( 8588): blockedByLocationOff callingUid=1002
09-01 14:39:19.264 I/BluetoothUtils( 8588): packagename is android.uid.bluetooth:1002 ,and its permission is false
09-01 14:39:19.264 D/BluetoothUtils( 8588): blockedByLocationOff callingUid=1002
09-01 14:39:19.265 I/BluetoothUtils( 8588): packagename is android.uid.bluetooth:1002 ,and its permission is false
09-01 14:39:19.266 V/bt_stack( 8588): [VERBOSE1:btm_ble_gap.cc(1923)] btm_ble_process_ext_adv_pkt: bda=00:35:64:83:a4:98
09-01 14:39:19.267 V/bt_stack( 8588): [VERBOSE1:btm_ble_gap.cc(1847)] btm_ble_process_adv_addr: bda=00:35:64:83:a4:98
09-01 14:39:19.267 D/BluetoothUtils( 8588): blockedByLocationOff callingUid=1002
09-01 14:39:19.268 I/BluetoothUtils( 8588): packagename is android.uid.bluetooth:1002 ,and its permission is false
09-01 14:39:19.268 D/BluetoothUtils( 8588): blockedByLocationOff callingUid=1002
09-01 14:39:19.268 I/BluetoothUtils( 8588): packagename is android.uid.bluetooth:1002 ,and its permission is false
09-01 14:39:19.268 D/BluetoothUtils( 8588): blockedByLocationOff callingUid=1002
09-01 14:39:19.269 I/BluetoothUtils( 8588): packagename is android.uid.bluetooth:1002 ,and its permission is false
09-01 14:39:19.271 V/bt_stack( 8588): [VERBOSE1:gatt_main.cc(1079)] gatt_get_ch_state: ch_state=4
09-01 14:39:19.271 I/bt_stack( 8588): [INFO:gatt_main.cc(912)] gatt_data_process op_code = 5, msg_len = 5
09-01 14:39:19.271 V/bt_stack( 8588): [VERBOSE1:gatt_cl.cc(1094)] gatt_client_handle_server_rsp op_code: 5, len = 5rsp_code: 5
09-01 14:39:19.271 V/bt_stack( 8588): [VERBOSE1:bta_gattc_cache.cc(322)] bta_gattc_disc_res_cbackconn_id 8disc_type 
09-01 14:39:19.271 V/bt_stack( 8588): [VERBOSE1:gatt_utils.cc(1191)] gatt_end_operation status=0 op=1 subtype=5
09-01 14:39:19.271 V/bt_stack( 8588): [VERBOSE1:bta_gattc_cache.cc(359)] bta_gattc_disc_cmpl_cbackDisc_type  status:
09-01 14:39:19.271 V/bt_stack( 8588): [VERBOSE1:bta_gattc_cache.cc(199)] starting discover characteristics descriptor
09-01 14:39:19.271 V/bt_stack( 8588): [VERBOSE1:bta_gattc_cache.cc(163)] Start service discovery
09-01 14:39:19.271 I/bt_stack( 8588): [INFO:gatt_api.cc(642)] GATTC_Discover conn_id=0x0008, disc_type=3, s_handle=0x002d, e_handle=0x0066
09-01 14:39:19.272 V/bt_stack( 8588): [VERBOSE1:btm_ble_gap.cc(1923)] btm_ble_process_ext_adv_pkt: bda=45:55:7e:66:6f:d0
09-01 14:39:19.272 V/bt_stack( 8588): [VERBOSE1:btm_ble_gap.cc(1847)] btm_ble_process_adv_addr: bda=45:55:7e:66:6f:d0
09-01 14:39:19.273 V/bt_stack( 8588): [VERBOSE1:btm_ble_gap.cc(2052)]  Waiting for scan response 45:55:7e:66:6f:d0
09-01 14:39:19.273 V/bt_stack( 8588): [VERBOSE1:btm_ble_gap.cc(1923)] btm_ble_process_ext_adv_pkt: bda=0b:95:8c:38:8d:43
09-01 14:39:19.273 V/bt_stack( 8588): [VERBOSE1:btm_ble_gap.cc(1847)] btm_ble_process_adv_addr: bda=0b:95:8c:38:8d:43
09-01 14:39:19.274 D/BluetoothUtils( 8588): blockedByLocationOff callingUid=1002
09-01 14:39:19.274 I/BluetoothUtils( 8588): packagename is android.uid.bluetooth:1002 ,and its permission is false
09-01 14:39:19.274 D/WificondControl( 1639): Scan result ready event
09-01 14:39:19.274 D/BluetoothUtils( 8588): blockedByLocationOff callingUid=1002
09-01 14:39:19.275 I/BluetoothUtils( 8588): packagename is android.uid.bluetooth:1002 ,and its permission is false
09-01 14:39:19.276 D/BluetoothUtils( 8588): blockedByLocationOff callingUid=1002
09-01 14:39:19.276 I/BluetoothUtils( 8588): packagename is android.uid.bluetooth:1002 ,and its permission is false
09-01 14:39:19.277 I/LOWI-8.6.0.59( 1269): [LOWI-Scan] lowi_close_record:Scan done in 596088378ms, 37 APs in scan results
09-01 14:39:19.285 V/bt_stack( 8588): [VERBOSE1:btm_ble_gap.cc(1923)] btm_ble_process_ext_adv_pkt: bda=2c:09:3e:94:80:f3
09-01 14:39:19.285 V/bt_stack( 8588): [VERBOSE1:btm_ble_gap.cc(1847)] btm_ble_process_adv_addr: bda=2c:09:3e:94:80:f3
09-01 14:39:19.286 D/BluetoothUtils( 8588): blockedByLocationOff callingUid=1002
09-01 14:39:19.287 V/bt_stack( 8588): [VERBOSE1:gatt_main.cc(1079)] gatt_get_ch_state: ch_state=4
09-01 14:39:19.287 I/bt_stack( 8588): [INFO:gatt_main.cc(912)] gatt_data_process op_code = 1, msg_len = 4
09-01 14:39:19.287 V/bt_stack( 8588): [VERBOSE1:gatt_cl.cc(1094)] gatt_client_handle_server_rsp op_code: 1, len = 4rsp_code: 9
09-01 14:39:19.287 V/bt_stack( 8588): [VERBOSE1:gatt_cl.cc(513)] gatt_process_error_rsp
09-01 14:39:19.287 V/bt_stack( 8588): [VERBOSE1:gatt_cl.cc(475)] gatt_proc_disc_error_rspreason: 0a cmd_code 0008
09-01 14:39:19.287 V/bt_stack( 8588): [VERBOSE1:gatt_cl.cc(485)] Discovery completed
09-01 14:39:19.287 V/bt_stack( 8588): [VERBOSE1:gatt_utils.cc(1191)] gatt_end_operation status=0 op=1 subtype=3
09-01 14:39:19.287 V/bt_stack( 8588): [VERBOSE1:bta_gattc_cache.cc(359)] bta_gattc_disc_cmpl_cbackDisc_type  status:
09-01 14:39:19.287 I/bt_stack( 8588): [INFO:gatt_api.cc(642)] GATTC_Discover conn_id=0x0008, disc_type=4, s_handle=0x002d, e_handle=0x0066
09-01 14:39:19.287 I/BluetoothUtils( 8588): packagename is android.uid.bluetooth:1002 ,and its permission is false
09-01 14:39:19.288 D/BluetoothUtils( 8588): blockedByLocationOff callingUid=1002
09-01 14:39:19.288 I/BluetoothUtils( 8588): packagename is android.uid.bluetooth:1002 ,and its permission is false
09-01 14:39:19.288 D/BluetoothUtils( 8588): blockedByLocationOff callingUid=1002
09-01 14:39:19.289 I/BluetoothUtils( 8588): packagename is android.uid.bluetooth:1002 ,and its permission is false
09-01 14:39:19.291 I/AppScanObserverService( 1639): Start to match app observer
09-01 14:39:19.298 V/bt_stack( 8588): [VERBOSE1:btm_ble_gap.cc(1923)] btm_ble_process_ext_adv_pkt: bda=38:f9:d3:45:87:1e
09-01 14:39:19.299 V/bt_stack( 8588): [VERBOSE1:btm_ble_gap.cc(1847)] btm_ble_process_adv_addr: bda=38:f9:d3:45:87:1e
09-01 14:39:19.299 V/bt_stack( 8588): [VERBOSE1:btm_ble_gap.cc(2052)]  Waiting for scan response 38:f9:d3:45:87:1e
09-01 14:39:19.299 V/bt_stack( 8588): [VERBOSE1:btm_ble_gap.cc(1923)] btm_ble_process_ext_adv_pkt: bda=38:f9:d3:45:87:1e
09-01 14:39:19.299 V/bt_stack( 8588): [VERBOSE1:btm_ble_gap.cc(1847)] btm_ble_process_adv_addr: bda=38:f9:d3:45:87:1e
09-01 14:39:19.299 D/BluetoothUtils( 8588): blockedByLocationOff callingUid=1002
09-01 14:39:19.300 I/BluetoothUtils( 8588): packagename is android.uid.bluetooth:1002 ,and its permission is false
09-01 14:39:19.300 D/BluetoothUtils( 8588): blockedByLocationOff callingUid=1002
09-01 14:39:19.300 I/BluetoothUtils( 8588): packagename is android.uid.bluetooth:1002 ,and its permission is false
09-01 14:39:19.301 D/BluetoothUtils( 8588): blockedByLocationOff callingUid=1002
09-01 14:39:19.301 I/BluetoothUtils( 8588): packagename is android.uid.bluetooth:1002 ,and its permission is false
09-01 14:39:19.301 V/bt_stack( 8588): [VERBOSE1:gatt_main.cc(1079)] gatt_get_ch_state: ch_state=4
09-01 14:39:19.301 I/bt_stack( 8588): [INFO:gatt_main.cc(912)] gatt_data_process op_code = 9, msg_len = 8
09-01 14:39:19.301 V/bt_stack( 8588): [VERBOSE1:gatt_cl.cc(1094)] gatt_client_handle_server_rsp op_code: 9, len = 8rsp_code: 9
09-01 14:39:19.301 V/bt_stack( 8588): [VERBOSE1:bta_gattc_cache.cc(322)] bta_gattc_disc_res_cbackconn_id 8disc_type 
09-01 14:39:19.311 V/bt_stack( 8588): [VERBOSE1:btm_ble_gap.cc(1923)] btm_ble_process_ext_adv_pkt: bda=03:d8:93:20:a7:46
09-01 14:39:19.311 V/bt_stack( 8588): [VERBOSE1:btm_ble_gap.cc(1847)] btm_ble_process_adv_addr: bda=03:d8:93:20:a7:46
09-01 14:39:19.312 D/BluetoothUtils( 8588): blockedByLocationOff callingUid=1002
09-01 14:39:19.312 I/BluetoothUtils( 8588): packagename is android.uid.bluetooth:1002 ,and its permission is false
09-01 14:39:19.312 D/BluetoothUtils( 8588): blockedByLocationOff callingUid=1002
09-01 14:39:19.312 I/BluetoothUtils( 8588): packagename is android.uid.bluetooth:1002 ,and its permission is false
09-01 14:39:19.313 D/BluetoothUtils( 8588): blockedByLocationOff callingUid=1002
09-01 14:39:19.313 I/BluetoothUtils( 8588): packagename is android.uid.bluetooth:1002 ,and its permission is false
09-01 14:39:19.316 V/bt_stack( 8588): [VERBOSE1:gatt_main.cc(1079)] gatt_get_ch_state: ch_state=4
09-01 14:39:19.317 I/bt_stack( 8588): [INFO:gatt_main.cc(912)] gatt_data_process op_code = 9, msg_len = 22
09-01 14:39:19.317 V/bt_stack( 8588): [VERBOSE1:gatt_cl.cc(1094)] gatt_client_handle_server_rsp op_code: 9, len = 22rsp_code: 9
09-01 14:39:19.317 V/bt_stack( 8588): [VERBOSE1:bta_gattc_cache.cc(322)] bta_gattc_disc_res_cbackconn_id 8disc_type 
09-01 14:39:19.326 V/bt_stack( 8588): [VERBOSE1:btm_ble_gap.cc(1923)] btm_ble_process_ext_adv_pkt: bda=56:e4:da:79:d5:88
09-01 14:39:19.326 V/bt_stack( 8588): [VERBOSE1:btm_ble_gap.cc(1847)] btm_ble_process_adv_addr: bda=56:e4:da:79:d5:88
09-01 14:39:19.326 V/bt_stack( 8588): [VERBOSE1:btm_ble_gap.cc(2052)]  Waiting for scan response 56:e4:da:79:d5:88
09-01 14:39:19.326 V/bt_stack( 8588): [VERBOSE1:btm_ble_gap.cc(1923)] btm_ble_process_ext_adv_pkt: bda=56:e4:da:79:d5:88
09-01 14:39:19.326 V/bt_stack( 8588): [VERBOSE1:btm_ble_gap.cc(1847)] btm_ble_process_adv_addr: bda=56:e4:da:79:d5:88
09-01 14:39:19.327 D/BluetoothUtils( 8588): blockedByLocationOff callingUid=1002
09-01 14:39:19.328 I/BluetoothUtils( 8588): packagename is android.uid.bluetooth:1002 ,and its permission is false
09-01 14:39:19.328 D/BluetoothUtils( 8588): blockedByLocationOff callingUid=1002
09-01 14:39:19.328 I/BluetoothUtils( 8588): packagename is android.uid.bluetooth:1002 ,and its permission is false
