09-01 14:33:59.484 D/BluetoothUtils( 8588): blockedByLocationOff callingUid=1002
09-01 14:33:59.484 I/BluetoothUtils( 8588): packagename is android.uid.bluetooth:1002 ,and its permission is false
09-01 14:33:59.484 D/BluetoothUtils( 8588): blockedByLocationOff callingUid=1002
09-01 14:33:59.484 I/BluetoothUtils( 8588): packagename is android.uid.bluetooth:1002 ,and its permission is false
09-01 14:33:59.485 V/bt_stack( 8588): [VERBOSE1:btm_ble_gap.cc(1923)] btm_ble_process_ext_adv_pkt: bda=07:e4:7f:b4:5f:d9
09-01 14:33:59.485 V/bt_stack( 8588): [VERBOSE1:btm_ble_gap.cc(1847)] btm_ble_process_adv_addr: bda=07:e4:7f:b4:5f:d9
09-01 14:33:59.486 D/BluetoothUtils( 8588): blockedByLocationOff callingUid=1002
09-01 14:33:59.486 I/BluetoothUtils( 8588): packagename is android.uid.bluetooth:1002 ,and its permission is false
09-01 14:33:59.487 D/BluetoothUtils( 8588): blockedByLocationOff callingUid=1002
09-01 14:33:59.487 I/BluetoothUtils( 8588): packagename is android.uid.bluetooth:1002 ,and its permission is false
09-01 14:33:59.487 D/BluetoothUtils( 8588): blockedByLocationOff callingUid=1002
09-01 14:33:59.487 V/bt_stack( 8588): [VERBOSE1:btm_ble_gap.cc(1923)] btm_ble_process_ext_adv_pkt: bda=01:f5:30:c0:9b:7a
09-01 14:33:59.487 I/BluetoothUtils( 8588): packagename is android.uid.bluetooth:1002 ,and its permission is false
09-01 14:33:59.487 V/bt_stack( 8588): [VERBOSE1:btm_ble_gap.cc(1847)] btm_ble_process_adv_addr: bda=01:f5:30:c0:9b:7a
09-01 14:33:59.489 D/BluetoothUtils( 8588): blockedByLocationOff callingUid=1002
09-01 14:33:59.489 I/BluetoothUtils( 8588): packagename is android.uid.bluetooth:1002 ,and its permission is false
09-01 14:33:59.489 D/BluetoothUtils( 8588): blockedByLocationOff callingUid=1002
09-01 14:33:59.490 I/BluetoothUtils( 8588): packagename is android.uid.bluetooth:1002 ,and its permission is false
09-01 14:33:59.490 D/BluetoothUtils( 8588): blockedByLocationOff callingUid=1002
09-01 14:33:59.490 I/appium  (10741): AppiumResponse: {"sessionId":"a4d7b541-3cc2-4590-a0d7-423994c151e3","value":{"ELEMENT":"431dc9db-82f1-4ab8-b9e6-5e83ebe677cd","element-6066-11e4-a52e-4f735466cecf":"431dc9db-82f1-4ab8-b9e6-5e83ebe677cd"}}
09-01 14:33:59.490 I/BluetoothUtils( 8588): packagename is android.uid.bluetooth:1002 ,and its permission is false
09-01 14:33:59.492 V/bt_stack( 8588): [VERBOSE1:btm_ble_gap.cc(1923)] btm_ble_process_ext_adv_pkt: bda=38:f9:d3:45:87:1e
09-01 14:33:59.492 V/bt_stack( 8588): [VERBOSE1:btm_ble_gap.cc(1847)] btm_ble_process_adv_addr: bda=38:f9:d3:45:87:1e
09-01 14:33:59.492 V/bt_stack( 8588): [VERBOSE1:btm_ble_gap.cc(2052)]  Waiting for scan response 38:f9:d3:45:87:1e
09-01 14:33:59.492 V/bt_stack( 8588): [VERBOSE1:btm_ble_gap.cc(1923)] btm_ble_process_ext_adv_pkt: bda=38:f9:d3:45:87:1e
09-01 14:33:59.492 V/bt_stack( 8588): [VERBOSE1:btm_ble_gap.cc(1847)] btm_ble_process_adv_addr: bda=38:f9:d3:45:87:1e
09-01 14:33:59.492 V/bt_stack( 8588): [VERBOSE1:btm_ble_gap.cc(1923)] btm_ble_process_ext_adv_pkt: bda=17:7e:29:ab:4e:d0
09-01 14:33:59.492 V/bt_stack( 8588): [VERBOSE1:btm_ble_gap.cc(1847)] btm_ble_process_adv_addr: bda=17:7e:29:ab:4e:d0
09-01 14:33:59.493 D/BluetoothUtils( 8588): blockedByLocationOff callingUid=1002
09-01 14:33:59.493 I/BluetoothUtils( 8588): packagename is android.uid.bluetooth:1002 ,and its permission is false
09-01 14:33:59.493 D/BluetoothUtils( 8588): blockedByLocationOff callingUid=1002
09-01 14:33:59.494 I/BluetoothUtils( 8588): packagename is android.uid.bluetooth:1002 ,and its permission is false
09-01 14:33:59.494 D/BluetoothUtils( 8588): blockedByLocationOff callingUid=1002
09-01 14:33:59.494 I/BluetoothUtils( 8588): packagename is android.uid.bluetooth:1002 ,and its permission is false
09-01 14:33:59.495 V/bt_stack( 8588): [VERBOSE1:btm_ble_gap.cc(1923)] btm_ble_process_ext_adv_pkt: bda=0a:29:89:b7:c8:4a
09-01 14:33:59.495 V/bt_stack( 8588): [VERBOSE1:btm_ble_gap.cc(1847)] btm_ble_process_adv_addr: bda=0a:29:89:b7:c8:4a
09-01 14:33:59.495 D/BluetoothUtils( 8588): blockedByLocationOff callingUid=1002
09-01 14:33:59.495 I/BluetoothUtils( 8588): packagename is android.uid.bluetooth:1002 ,and its permission is false
09-01 14:33:59.495 D/BluetoothUtils( 8588): blockedByLocationOff callingUid=1002
09-01 14:33:59.496 I/BluetoothUtils( 8588): packagename is android.uid.bluetooth:1002 ,and its permission is false
09-01 14:33:59.496 D/BluetoothUtils( 8588): blockedByLocationOff callingUid=1002
09-01 14:33:59.496 I/BluetoothUtils( 8588): packagename is android.uid.bluetooth:1002 ,and its permission is false
09-01 14:33:59.497 D/BluetoothUtils( 8588): blockedByLocationOff callingUid=1002
09-01 14:33:59.497 V/bt_stack( 8588): [VERBOSE1:btm_ble_gap.cc(1923)] btm_ble_process_ext_adv_pkt: bda=36:c9:49:a0:b6:9d
09-01 14:33:59.497 V/bt_stack( 8588): [VERBOSE1:btm_ble_gap.cc(1847)] btm_ble_process_adv_addr: bda=36:c9:49:a0:b6:9d
09-01 14:33:59.497 I/BluetoothUtils( 8588): packagename is android.uid.bluetooth:1002 ,and its permission is false
09-01 14:33:59.497 D/BluetoothUtils( 8588): blockedByLocationOff callingUid=1002
09-01 14:33:59.498 I/BluetoothUtils( 8588): packagename is android.uid.bluetooth:1002 ,and its permission is false
09-01 14:33:59.498 D/BluetoothUtils( 8588): blockedByLocationOff callingUid=1002
09-01 14:33:59.498 I/BluetoothUtils( 8588): packagename is android.uid.bluetooth:1002 ,and its permission is false
09-01 14:33:59.499 D/BluetoothUtils( 8588): blockedByLocationOff callingUid=1002
09-01 14:33:59.499 I/BluetoothUtils( 8588): packagename is android.uid.bluetooth:1002 ,and its permission is false
09-01 14:33:59.499 D/BluetoothUtils( 8588): blockedByLocationOff callingUid=1002
09-01 14:33:59.500 I/BluetoothUtils( 8588): packagename is android.uid.bluetooth:1002 ,and its permission is false
09-01 14:33:59.500 D/BluetoothUtils( 8588): blockedByLocationOff callingUid=1002
09-01 14:33:59.500 I/BluetoothUtils( 8588): packagename is android.uid.bluetooth:1002 ,and its permission is false
09-01 14:33:59.536 I/appium  (10741): channel read invoked!
09-01 14:33:59.536 I/appium  (10741): channel read: GET /wd/hub/session/a4d7b541-3cc2-4590-a0d7-423994c151e3/element/431dc9db-82f1-4ab8-b9e6-5e83ebe677cd/attribute/text
09-01 14:33:59.536 I/appium  (10741): get attribute of element command
09-01 14:33:59.539 I/vendor.qti.bluetooth@1.0-ibs_handler(19843): ProcessIbsCmd: Received IBS_SLEEP_IND: 0xFE
09-01 14:33:59.543 I/appium  (10741): AppiumResponse: {"sessionId":"a4d7b541-3cc2-4590-a0d7-423994c151e3","value":"今日步数 3311"}
09-01 14:33:59.557 I/vendor.qti.bluetooth@1.0-ibs_handler(19843): ProcessIbsCmd: Received IBS_WAKE_IND: 0xFD
09-01 14:33:59.557 I/vendor.qti.bluetooth@1.0-ibs_handler(19843): ProcessIbsCmd: Writing IBS_WAKE_ACK
09-01 14:33:59.558 V/bt_stack( 8588): [VERBOSE1:btm_ble_gap.cc(1923)] btm_ble_process_ext_adv_pkt: bda=38:f9:d3:45:87:1e
09-01 14:33:59.559 V/bt_stack( 8588): [VERBOSE1:btm_ble_gap.cc(1847)] btm_ble_process_adv_addr: bda=38:f9:d3:45:87:1e
09-01 14:33:59.559 V/bt_stack( 8588): [VERBOSE1:btm_ble_gap.cc(2052)]  Waiting for scan response 38:f9:d3:45:87:1e
09-01 14:33:59.559 V/bt_stack( 8588): [VERBOSE1:btm_ble_gap.cc(1923)] btm_ble_process_ext_adv_pkt: bda=38:f9:d3:45:87:1e
09-01 14:33:59.559 V/bt_stack( 8588): [VERBOSE1:btm_ble_gap.cc(1847)] btm_ble_process_adv_addr: bda=38:f9:d3:45:87:1e
09-01 14:33:59.560 D/BluetoothUtils( 8588): blockedByLocationOff callingUid=1002
09-01 14:33:59.560 I/BluetoothUtils( 8588): packagename is android.uid.bluetooth:1002 ,and its permission is false
09-01 14:33:59.560 D/BluetoothUtils( 8588): blockedByLocationOff callingUid=1002
09-01 14:33:59.561 I/BluetoothUtils( 8588): packagename is android.uid.bluetooth:1002 ,and its permission is false
09-01 14:33:59.561 D/BluetoothUtils( 8588): blockedByLocationOff callingUid=1002
09-01 14:33:59.561 I/BluetoothUtils( 8588): packagename is android.uid.bluetooth:1002 ,and its permission is false
09-01 14:33:59.565 V/bt_stack( 8588): [VERBOSE1:btm_ble_gap.cc(1923)] btm_ble_process_ext_adv_pkt: bda=33:5c:08:c6:ed:02
09-01 14:33:59.565 V/bt_stack( 8588): [VERBOSE1:btm_ble_gap.cc(1847)] btm_ble_process_adv_addr: bda=33:5c:08:c6:ed:02
09-01 14:33:59.566 V/bt_stack( 8588): [VERBOSE1:btm_ble_gap.cc(1923)] btm_ble_process_ext_adv_pkt: bda=12:f7:c7:df:cb:b1
09-01 14:33:59.566 V/bt_stack( 8588): [VERBOSE1:btm_ble_gap.cc(1847)] btm_ble_process_adv_addr: bda=12:f7:c7:df:cb:b1
09-01 14:33:59.567 D/BluetoothUtils( 8588): blockedByLocationOff callingUid=1002
09-01 14:33:59.567 I/BluetoothUtils( 8588): packagename is android.uid.bluetooth:1002 ,and its permission is false
09-01 14:33:59.568 D/BluetoothUtils( 8588): blockedByLocationOff callingUid=1002
09-01 14:33:59.568 I/BluetoothUtils( 8588): packagename is android.uid.bluetooth:1002 ,and its permission is false
09-01 14:33:59.568 D/BluetoothUtils( 8588): blockedByLocationOff callingUid=1002
09-01 14:33:59.568 I/BluetoothUtils( 8588): packagename is android.uid.bluetooth:1002 ,and its permission is false
09-01 14:33:59.569 D/BluetoothUtils( 8588): blockedByLocationOff callingUid=1002
09-01 14:33:59.569 I/BluetoothUtils( 8588): packagename is android.uid.bluetooth:1002 ,and its permission is false
09-01 14:33:59.570 D/BluetoothUtils( 8588): blockedByLocationOff callingUid=1002
09-01 14:33:59.570 I/BluetoothUtils( 8588): packagename is android.uid.bluetooth:1002 ,and its permission is false
09-01 14:33:59.570 D/BluetoothUtils( 8588): blockedByLocationOff callingUid=1002
09-01 14:33:59.570 I/BluetoothUtils( 8588): packagename is android.uid.bluetooth:1002 ,and its permission is false
09-01 14:33:59.574 V/bt_stack( 8588): [VERBOSE1:btm_ble_gap.cc(1923)] btm_ble_process_ext_adv_pkt: bda=7b:37:7f:df:22:35
09-01 14:33:59.574 V/bt_stack( 8588): [VERBOSE1:btm_ble_gap.cc(1847)] btm_ble_process_adv_addr: bda=7b:37:7f:df:22:35
09-01 14:33:59.574 V/bt_stack( 8588): [VERBOSE1:btm_ble_gap.cc(2052)]  Waiting for scan response 7b:37:7f:df:22:35
09-01 14:33:59.574 V/bt_stack( 8588): [VERBOSE1:btm_ble_gap.cc(1923)] btm_ble_process_ext_adv_pkt: bda=7b:37:7f:df:22:35
09-01 14:33:59.574 V/bt_stack( 8588): [VERBOSE1:btm_ble_gap.cc(1847)] btm_ble_process_adv_addr: bda=7b:37:7f:df:22:35
09-01 14:33:59.575 D/BluetoothUtils( 8588): blockedByLocationOff callingUid=1002
09-01 14:33:59.576 I/BluetoothUtils( 8588): packagename is android.uid.bluetooth:1002 ,and its permission is false
09-01 14:33:59.576 D/BluetoothUtils( 8588): blockedByLocationOff callingUid=1002
09-01 14:33:59.576 V/bt_stack( 8588): [VERBOSE1:btm_ble_gap.cc(1923)] btm_ble_process_ext_adv_pkt: bda=06:fa:50:9b:39:c0
09-01 14:33:59.576 V/bt_stack( 8588): [VERBOSE1:btm_ble_gap.cc(1847)] btm_ble_process_adv_addr: bda=06:fa:50:9b:39:c0
09-01 14:33:59.576 I/BluetoothUtils( 8588): packagename is android.uid.bluetooth:1002 ,and its permission is false
09-01 14:33:59.576 D/BluetoothUtils( 8588): blockedByLocationOff callingUid=1002
09-01 14:33:59.576 I/BluetoothUtils( 8588): packagename is android.uid.bluetooth:1002 ,and its permission is false
09-01 14:33:59.577 D/BluetoothUtils( 8588): blockedByLocationOff callingUid=1002
09-01 14:33:59.577 I/BluetoothUtils( 8588): packagename is android.uid.bluetooth:1002 ,and its permission is false
09-01 14:33:59.577 D/BluetoothUtils( 8588): blockedByLocationOff callingUid=1002
09-01 14:33:59.578 I/BluetoothUtils( 8588): packagename is android.uid.bluetooth:1002 ,and its permission is false
09-01 14:33:59.578 D/BluetoothUtils( 8588): blockedByLocationOff callingUid=1002
09-01 14:33:59.578 I/BluetoothUtils( 8588): packagename is android.uid.bluetooth:1002 ,and its permission is false
09-01 14:33:59.587 V/bt_stack( 8588): [VERBOSE1:btm_ble_gap.cc(1923)] btm_ble_process_ext_adv_pkt: bda=19:30:6d:c4:b5:5b
09-01 14:33:59.587 V/bt_stack( 8588): [VERBOSE1:btm_ble_gap.cc(1847)] btm_ble_process_adv_addr: bda=19:30:6d:c4:b5:5b
09-01 14:33:59.588 D/BluetoothUtils( 8588): blockedByLocationOff callingUid=1002
09-01 14:33:59.588 I/appium  (10741): channel read invoked!
09-01 14:33:59.588 I/BluetoothUtils( 8588): packagename is android.uid.bluetooth:1002 ,and its permission is false
09-01 14:33:59.588 I/appium  (10741): channel read: POST /wd/hub/session/a4d7b541-3cc2-4590-a0d7-423994c151e3/element
09-01 14:33:59.588 V/bt_stack( 8588): [VERBOSE1:btm_ble_gap.cc(1923)] btm_ble_process_ext_adv_pkt: bda=38:f9:d3:45:87:1e
09-01 14:33:59.589 V/bt_stack( 8588): [VERBOSE1:btm_ble_gap.cc(1847)] btm_ble_process_adv_addr: bda=38:f9:d3:45:87:1e
09-01 14:33:59.589 V/bt_stack( 8588): [VERBOSE1:btm_ble_gap.cc(2052)]  Waiting for scan response 38:f9:d3:45:87:1e
09-01 14:33:59.589 V/bt_stack( 8588): [VERBOSE1:btm_ble_gap.cc(1923)] btm_ble_process_ext_adv_pkt: bda=38:f9:d3:45:87:1e
09-01 14:33:59.589 D/BluetoothUtils( 8588): blockedByLocationOff callingUid=1002
09-01 14:33:59.589 V/bt_stack( 8588): [VERBOSE1:btm_ble_gap.cc(1847)] btm_ble_process_adv_addr: bda=38:f9:d3:45:87:1e
09-01 14:33:59.589 I/BluetoothUtils( 8588): packagename is android.uid.bluetooth:1002 ,and its permission is false
09-01 14:33:59.589 D/BluetoothUtils( 8588): blockedByLocationOff callingUid=1002
09-01 14:33:59.589 I/BluetoothUtils( 8588): packagename is android.uid.bluetooth:1002 ,and its permission is false
09-01 14:33:59.589 I/appium  (10741): Find element command using 'xpath' with selector '//*[contains(@text, "今日步数")]'.
09-01 14:33:59.590 I/appium  (10741): Waiting up to 10000ms for device to be idle
09-01 14:33:59.590 D/BluetoothUtils( 8588): blockedByLocationOff callingUid=1002
09-01 14:33:59.590 I/BluetoothUtils( 8588): packagename is android.uid.bluetooth:1002 ,and its permission is false
09-01 14:33:59.590 D/BluetoothUtils( 8588): blockedByLocationOff callingUid=1002
09-01 14:33:59.591 I/BluetoothUtils( 8588): packagename is android.uid.bluetooth:1002 ,and its permission is false
09-01 14:33:59.591 D/BluetoothUtils( 8588): blockedByLocationOff callingUid=1002
09-01 14:33:59.591 I/BluetoothUtils( 8588): packagename is android.uid.bluetooth:1002 ,and its permission is false
09-01 14:33:59.593 V/bt_stack( 8588): [VERBOSE1:btm_ble_gap.cc(1923)] btm_ble_process_ext_adv_pkt: bda=56:e4:da:79:d5:88
09-01 14:33:59.593 V/bt_stack( 8588): [VERBOSE1:btm_ble_gap.cc(1847)] btm_ble_process_adv_addr: bda=56:e4:da:79:d5:88
09-01 14:33:59.593 V/bt_stack( 8588): [VERBOSE1:btm_ble_gap.cc(2052)]  Waiting for scan response 56:e4:da:79:d5:88
09-01 14:33:59.593 V/bt_stack( 8588): [VERBOSE1:btm_ble_gap.cc(1923)] btm_ble_process_ext_adv_pkt: bda=56:e4:da:79:d5:88
09-01 14:33:59.593 V/bt_stack( 8588): [VERBOSE1:btm_ble_gap.cc(1847)] btm_ble_process_adv_addr: bda=56:e4:da:79:d5:88
09-01 14:33:59.595 D/BluetoothUtils( 8588): blockedByLocationOff callingUid=1002
09-01 14:33:59.595 I/BluetoothUtils( 8588): packagename is android.uid.bluetooth:1002 ,and its permission is false
09-01 14:33:59.595 D/BluetoothUtils( 8588): blockedByLocationOff callingUid=1002
09-01 14:33:59.596 I/BluetoothUtils( 8588): packagename is android.uid.bluetooth:1002 ,and its permission is false
09-01 14:33:59.596 D/BluetoothUtils( 8588): blockedByLocationOff callingUid=1002
09-01 14:33:59.596 I/BluetoothUtils( 8588): packagename is android.uid.bluetooth:1002 ,and its permission is false
09-01 14:33:59.597 V/bt_stack( 8588): [VERBOSE1:btm_ble_gap.cc(1923)] btm_ble_process_ext_adv_pkt: bda=0a:29:89:b7:c8:4a
09-01 14:33:59.597 V/bt_stack( 8588): [VERBOSE1:btm_ble_gap.cc(1847)] btm_ble_process_adv_addr: bda=0a:29:89:b7:c8:4a
09-01 14:33:59.598 D/BluetoothUtils( 8588): blockedByLocationOff callingUid=1002
09-01 14:33:59.599 I/BluetoothUtils( 8588): packagename is android.uid.bluetooth:1002 ,and its permission is false
09-01 14:33:59.599 D/BluetoothUtils( 8588): blockedByLocationOff callingUid=1002
09-01 14:33:59.599 I/BluetoothUtils( 8588): packagename is android.uid.bluetooth:1002 ,and its permission is false
09-01 14:33:59.599 D/BluetoothUtils( 8588): blockedByLocationOff callingUid=1002
09-01 14:33:59.600 I/BluetoothUtils( 8588): packagename is android.uid.bluetooth:1002 ,and its permission is false
09-01 14:33:59.602 V/bt_stack( 8588): [VERBOSE1:btm_ble_gap.cc(1923)] btm_ble_process_ext_adv_pkt: bda=36:c9:49:a0:b6:9d
09-01 14:33:59.603 V/bt_stack( 8588): [VERBOSE1:btm_ble_gap.cc(1847)] btm_ble_process_adv_addr: bda=36:c9:49:a0:b6:9d
09-01 14:33:59.604 D/BluetoothUtils( 8588): blockedByLocationOff callingUid=1002
09-01 14:33:59.604 I/BluetoothUtils( 8588): packagename is android.uid.bluetooth:1002 ,and its permission is false
09-01 14:33:59.604 D/BluetoothUtils( 8588): blockedByLocationOff callingUid=1002
09-01 14:33:59.604 I/BluetoothUtils( 8588): packagename is android.uid.bluetooth:1002 ,and its permission is false
09-01 14:33:59.605 D/BluetoothUtils( 8588): blockedByLocationOff callingUid=1002
09-01 14:33:59.605 I/BluetoothUtils( 8588): packagename is android.uid.bluetooth:1002 ,and its permission is false
09-01 14:33:59.618 V/bt_stack( 8588): [VERBOSE1:btm_ble_gap.cc(1923)] btm_ble_process_ext_adv_pkt: bda=4b:2f:6d:75:86:77
09-01 14:33:59.618 V/bt_stack( 8588): [VERBOSE1:btm_ble_gap.cc(1847)] btm_ble_process_adv_addr: bda=4b:2f:6d:75:86:77
09-01 14:33:59.618 V/bt_stack( 8588): [VERBOSE1:btm_ble_gap.cc(2052)]  Waiting for scan response 4b:2f:6d:75:86:77
09-01 14:33:59.619 V/bt_stack( 8588): [VERBOSE1:btm_ble_gap.cc(1923)] btm_ble_process_ext_adv_pkt: bda=56:e4:da:79:d5:88
09-01 14:33:59.619 V/bt_stack( 8588): [VERBOSE1:btm_ble_gap.cc(1847)] btm_ble_process_adv_addr: bda=56:e4:da:79:d5:88
09-01 14:33:59.619 V/bt_stack( 8588): [VERBOSE1:btm_ble_gap.cc(2052)]  Waiting for scan response 56:e4:da:79:d5:88
09-01 14:33:59.619 V/bt_stack( 8588): [VERBOSE1:btm_ble_gap.cc(1923)] btm_ble_process_ext_adv_pkt: bda=56:e4:da:79:d5:88
09-01 14:33:59.619 V/bt_stack( 8588): [VERBOSE1:btm_ble_gap.cc(1847)] btm_ble_process_adv_addr: bda=56:e4:da:79:d5:88
09-01 14:33:59.620 D/BluetoothUtils( 8588): blockedByLocationOff callingUid=1002
09-01 14:33:59.621 I/BluetoothUtils( 8588): packagename is android.uid.bluetooth:1002 ,and its permission is false
09-01 14:33:59.621 D/BluetoothUtils( 8588): blockedByLocationOff callingUid=1002
09-01 14:33:59.621 I/BluetoothUtils( 8588): packagename is android.uid.bluetooth:1002 ,and its permission is false
09-01 14:33:59.621 D/BluetoothUtils( 8588): blockedByLocationOff callingUid=1002
09-01 14:33:59.621 I/BluetoothUtils( 8588): packagename is android.uid.bluetooth:1002 ,and its permission is false
09-01 14:33:59.624 V/bt_stack( 8588): [VERBOSE1:btm_ble_gap.cc(1923)] btm_ble_process_ext_adv_pkt: bda=38:f9:d3:45:87:1e
09-01 14:33:59.624 V/bt_stack( 8588): [VERBOSE1:btm_ble_gap.cc(1847)] btm_ble_process_adv_addr: bda=38:f9:d3:45:87:1e
09-01 14:33:59.624 V/bt_stack( 8588): [VERBOSE1:btm_ble_gap.cc(2052)]  Waiting for scan response 38:f9:d3:45:87:1e
09-01 14:33:59.624 V/bt_stack( 8588): [VERBOSE1:btm_ble_gap.cc(1923)] btm_ble_process_ext_adv_pkt: bda=38:f9:d3:45:87:1e
09-01 14:33:59.624 V/bt_stack( 8588): [VERBOSE1:btm_ble_gap.cc(1847)] btm_ble_process_adv_addr: bda=38:f9:d3:45:87:1e
09-01 14:33:59.625 D/BluetoothUtils( 8588): blockedByLocationOff callingUid=1002
09-01 14:33:59.625 I/BluetoothUtils( 8588): packagename is android.uid.bluetooth:1002 ,and its permission is false
09-01 14:33:59.625 D/BluetoothUtils( 8588): blockedByLocationOff callingUid=1002
09-01 14:33:59.625 V/bt_stack( 8588): [VERBOSE1:btm_ble_gap.cc(1923)] btm_ble_process_ext_adv_pkt: bda=63:e7:6b:57:ac:90
09-01 14:33:59.625 V/bt_stack( 8588): [VERBOSE1:btm_ble_gap.cc(1847)] btm_ble_process_adv_addr: bda=63:e7:6b:57:ac:90
09-01 14:33:59.625 V/bt_stack( 8588): [VERBOSE1:btm_ble_gap.cc(2052)]  Waiting for scan response 63:e7:6b:57:ac:90
09-01 14:33:59.625 V/bt_stack( 8588): [VERBOSE1:btm_ble_gap.cc(1923)] btm_ble_process_ext_adv_pkt: bda=63:e7:6b:57:ac:90
09-01 14:33:59.626 V/bt_stack( 8588): [VERBOSE1:btm_ble_gap.cc(1847)] btm_ble_process_adv_addr: bda=63:e7:6b:57:ac:90
09-01 14:33:59.626 I/BluetoothUtils( 8588): packagename is android.uid.bluetooth:1002 ,and its permission is false
09-01 14:33:59.626 D/BluetoothUtils( 8588): blockedByLocationOff callingUid=1002
09-01 14:33:59.626 I/BluetoothUtils( 8588): packagename is android.uid.bluetooth:1002 ,and its permission is false
09-01 14:33:59.626 D/BluetoothUtils( 8588): blockedByLocationOff callingUid=1002
09-01 14:33:59.627 I/BluetoothUtils( 8588): packagename is android.uid.bluetooth:1002 ,and its permission is false
09-01 14:33:59.627 D/BluetoothUtils( 8588): blockedByLocationOff callingUid=1002
09-01 14:33:59.627 I/BluetoothUtils( 8588): packagename is android.uid.bluetooth:1002 ,and its permission is false
09-01 14:33:59.627 D/BluetoothUtils( 8588): blockedByLocationOff callingUid=1002
09-01 14:33:59.628 I/BluetoothUtils( 8588): packagename is android.uid.bluetooth:1002 ,and its permission is false
09-01 14:33:59.641 V/bt_stack( 8588): [VERBOSE1:btm_ble_gap.cc(1923)] btm_ble_process_ext_adv_pkt: bda=58:d0:f0:96:be:49
09-01 14:33:59.642 V/bt_stack( 8588): [VERBOSE1:btm_ble_gap.cc(1847)] btm_ble_process_adv_addr: bda=58:d0:f0:96:be:49
09-01 14:33:59.642 V/bt_stack( 8588): [VERBOSE1:btm_ble_gap.cc(2052)]  Waiting for scan response 58:d0:f0:96:be:49
09-01 14:33:59.642 V/bt_stack( 8588): [VERBOSE1:btm_ble_gap.cc(1923)] btm_ble_process_ext_adv_pkt: bda=2d:8f:df:c2:a9:d4
09-01 14:33:59.642 V/bt_stack( 8588): [VERBOSE1:btm_ble_gap.cc(1847)] btm_ble_process_adv_addr: bda=2d:8f:df:c2:a9:d4
09-01 14:33:59.643 D/BluetoothUtils( 8588): blockedByLocationOff callingUid=1002
09-01 14:33:59.643 I/BluetoothUtils( 8588): packagename is android.uid.bluetooth:1002 ,and its permission is false
09-01 14:33:59.643 D/BluetoothUtils( 8588): blockedByLocationOff callingUid=1002
09-01 14:33:59.644 I/BluetoothUtils( 8588): packagename is android.uid.bluetooth:1002 ,and its permission is false
09-01 14:33:59.644 D/BluetoothUtils( 8588): blockedByLocationOff callingUid=1002
09-01 14:33:59.644 I/BluetoothUtils( 8588): packagename is android.uid.bluetooth:1002 ,and its permission is false
09-01 14:33:59.648 V/bt_stack( 8588): [VERBOSE1:btm_ble_gap.cc(1923)] btm_ble_process_ext_adv_pkt: bda=6a:1a:31:28:a4:f8
09-01 14:33:59.648 V/bt_stack( 8588): [VERBOSE1:btm_ble_gap.cc(1847)] btm_ble_process_adv_addr: bda=6a:1a:31:28:a4:f8
09-01 14:33:59.649 D/BluetoothUtils( 8588): blockedByLocationOff callingUid=1002
09-01 14:33:59.649 I/BluetoothUtils( 8588): packagename is android.uid.bluetooth:1002 ,and its permission is false
09-01 14:33:59.650 D/BluetoothUtils( 8588): blockedByLocationOff callingUid=1002
09-01 14:33:59.650 V/bt_stack( 8588): [VERBOSE1:btm_ble_gap.cc(1923)] btm_ble_process_ext_adv_pkt: bda=56:e4:da:79:d5:88
09-01 14:33:59.650 V/bt_stack( 8588): [VERBOSE1:btm_ble_gap.cc(1847)] btm_ble_process_adv_addr: bda=56:e4:da:79:d5:88
09-01 14:33:59.650 V/bt_stack( 8588): [VERBOSE1:btm_ble_gap.cc(2052)]  Waiting for scan response 56:e4:da:79:d5:88
09-01 14:33:59.650 V/bt_stack( 8588): [VERBOSE1:btm_ble_gap.cc(1923)] btm_ble_process_ext_adv_pkt: bda=56:e4:da:79:d5:88
09-01 14:33:59.650 V/bt_stack( 8588): [VERBOSE1:btm_ble_gap.cc(1847)] btm_ble_process_adv_addr: bda=56:e4:da:79:d5:88
09-01 14:33:59.650 I/BluetoothUtils( 8588): packagename is android.uid.bluetooth:1002 ,and its permission is false
09-01 14:33:59.651 D/BluetoothUtils( 8588): blockedByLocationOff callingUid=1002
09-01 14:33:59.651 I/BluetoothUtils( 8588): packagename is android.uid.bluetooth:1002 ,and its permission is false
09-01 14:33:59.652 D/BluetoothUtils( 8588): blockedByLocationOff callingUid=1002
09-01 14:33:59.652 I/BluetoothUtils( 8588): packagename is android.uid.bluetooth:1002 ,and its permission is false
09-01 14:33:59.652 D/BluetoothUtils( 8588): blockedByLocationOff callingUid=1002
09-01 14:33:59.653 I/BluetoothUtils( 8588): packagename is android.uid.bluetooth:1002 ,and its permission is false
09-01 14:33:59.653 D/BluetoothUtils( 8588): blockedByLocationOff callingUid=1002
09-01 14:33:59.653 I/BluetoothUtils( 8588): packagename is android.uid.bluetooth:1002 ,and its permission is false
09-01 14:33:59.661 V/bt_stack( 8588): [VERBOSE1:btm_ble_gap.cc(1923)] btm_ble_process_ext_adv_pkt: bda=38:f9:d3:45:87:1e
09-01 14:33:59.661 V/bt_stack( 8588): [VERBOSE1:btm_ble_gap.cc(1847)] btm_ble_process_adv_addr: bda=38:f9:d3:45:87:1e
09-01 14:33:59.661 V/bt_stack( 8588): [VERBOSE1:btm_ble_gap.cc(2052)]  Waiting for scan response 38:f9:d3:45:87:1e
09-01 14:33:59.661 V/bt_stack( 8588): [VERBOSE1:btm_ble_gap.cc(1923)] btm_ble_process_ext_adv_pkt: bda=38:f9:d3:45:87:1e
09-01 14:33:59.661 V/bt_stack( 8588): [VERBOSE1:btm_ble_gap.cc(1847)] btm_ble_process_adv_addr: bda=38:f9:d3:45:87:1e
09-01 14:33:59.662 D/BluetoothUtils( 8588): blockedByLocationOff callingUid=1002
09-01 14:33:59.663 I/BluetoothUtils( 8588): packagename is android.uid.bluetooth:1002 ,and its permission is false
09-01 14:33:59.663 D/BluetoothUtils( 8588): blockedByLocationOff callingUid=1002
09-01 14:33:59.663 V/bt_stack( 8588): [VERBOSE1:btm_ble_gap.cc(1923)] btm_ble_process_ext_adv_pkt: bda=12:72:eb:81:32:03
09-01 14:33:59.664 I/BluetoothUtils( 8588): packagename is android.uid.bluetooth:1002 ,and its permission is false
09-01 14:33:59.664 V/bt_stack( 8588): [VERBOSE1:btm_ble_gap.cc(1847)] btm_ble_process_adv_addr: bda=12:72:eb:81:32:03
09-01 14:33:59.664 D/BluetoothUtils( 8588): blockedByLocationOff callingUid=1002
09-01 14:33:59.664 I/BluetoothUtils( 8588): packagename is android.uid.bluetooth:1002 ,and its permission is false
09-01 14:33:59.665 D/BluetoothUtils( 8588): blockedByLocationOff callingUid=1002
09-01 14:33:59.665 I/BluetoothUtils( 8588): packagename is android.uid.bluetooth:1002 ,and its permission is false
09-01 14:33:59.665 D/BluetoothUtils( 8588): blockedByLocationOff callingUid=1002
09-01 14:33:59.666 I/BluetoothUtils( 8588): packagename is android.uid.bluetooth:1002 ,and its permission is false
09-01 14:33:59.666 D/BluetoothUtils( 8588): blockedByLocationOff callingUid=1002
09-01 14:33:59.666 I/BluetoothUtils( 8588): packagename is android.uid.bluetooth:1002 ,and its permission is false
09-01 14:33:59.677 V/bt_stack( 8588): [VERBOSE1:btm_ble_gap.cc(1923)] btm_ble_process_ext_adv_pkt: bda=46:25:ff:ec:21:0b
09-01 14:33:59.677 V/bt_stack( 8588): [VERBOSE1:btm_ble_gap.cc(1847)] btm_ble_process_adv_addr: bda=46:25:ff:ec:21:0b
09-01 14:33:59.677 V/bt_stack( 8588): [VERBOSE1:btm_ble_gap.cc(2052)]  Waiting for scan response 46:25:ff:ec:21:0b
09-01 14:33:59.678 V/bt_stack( 8588): [VERBOSE1:btm_ble_gap.cc(1923)] btm_ble_process_ext_adv_pkt: bda=66:3e:07:e0:2b:d4
09-01 14:33:59.678 V/bt_stack( 8588): [VERBOSE1:btm_ble_gap.cc(1847)] btm_ble_process_adv_addr: bda=66:3e:07:e0:2b:d4
09-01 14:33:59.678 V/bt_stack( 8588): [VERBOSE1:btm_ble_gap.cc(2052)]  Waiting for scan response 66:3e:07:e0:2b:d4
09-01 14:33:59.678 V/bt_stack( 8588): [VERBOSE1:btm_ble_gap.cc(1923)] btm_ble_process_ext_adv_pkt: bda=66:3e:07:e0:2b:d4
09-01 14:33:59.678 V/bt_stack( 8588): [VERBOSE1:btm_ble_gap.cc(1847)] btm_ble_process_adv_addr: bda=66:3e:07:e0:2b:d4
09-01 14:33:59.678 D/BluetoothUtils( 8588): blockedByLocationOff callingUid=1002
09-01 14:33:59.679 I/BluetoothUtils( 8588): packagename is android.uid.bluetooth:1002 ,and its permission is false
09-01 14:33:59.679 D/BluetoothUtils( 8588): blockedByLocationOff callingUid=1002
09-01 14:33:59.679 I/BluetoothUtils( 8588): packagename is android.uid.bluetooth:1002 ,and its permission is false
09-01 14:33:59.680 D/BluetoothUtils( 8588): blockedByLocationOff callingUid=1002
09-01 14:33:59.680 I/BluetoothUtils( 8588): packagename is android.uid.bluetooth:1002 ,and its permission is false
09-01 14:33:59.684 V/bt_stack( 8588): [VERBOSE1:btm_ble_gap.cc(1923)] btm_ble_process_ext_adv_pkt: bda=56:e4:da:79:d5:88
09-01 14:33:59.684 V/bt_stack( 8588): [VERBOSE1:btm_ble_gap.cc(1847)] btm_ble_process_adv_addr: bda=56:e4:da:79:d5:88
09-01 14:33:59.684 V/bt_stack( 8588): [VERBOSE1:btm_ble_gap.cc(2052)]  Waiting for scan response 56:e4:da:79:d5:88
09-01 14:33:59.684 V/bt_stack( 8588): [VERBOSE1:btm_ble_gap.cc(1923)] btm_ble_process_ext_adv_pkt: bda=56:e4:da:79:d5:88
09-01 14:33:59.684 V/bt_stack( 8588): [VERBOSE1:btm_ble_gap.cc(1847)] btm_ble_process_adv_addr: bda=56:e4:da:79:d5:88
09-01 14:33:59.685 D/BluetoothUtils( 8588): blockedByLocationOff callingUid=1002
09-01 14:33:59.686 V/bt_stack( 8588): [VERBOSE1:btm_ble_gap.cc(1923)] btm_ble_process_ext_adv_pkt: bda=5d:4a:e1:72:21:47
09-01 14:33:59.686 V/bt_stack( 8588): [VERBOSE1:btm_ble_gap.cc(1847)] btm_ble_process_adv_addr: bda=5d:4a:e1:72:21:47
09-01 14:33:59.686 V/bt_stack( 8588): [VERBOSE1:btm_ble_gap.cc(2052)]  Waiting for scan response 5d:4a:e1:72:21:47
09-01 14:33:59.686 I/BluetoothUtils( 8588): packagename is android.uid.bluetooth:1002 ,and its permission is false
09-01 14:33:59.686 V/bt_stack( 8588): [VERBOSE1:btm_ble_gap.cc(1923)] btm_ble_process_ext_adv_pkt: bda=5d:4a:e1:72:21:47
09-01 14:33:59.686 V/bt_stack( 8588): [VERBOSE1:btm_ble_gap.cc(1847)] btm_ble_process_adv_addr: bda=5d:4a:e1:72:21:47
09-01 14:33:59.686 D/BluetoothUtils( 8588): blockedByLocationOff callingUid=1002
09-01 14:33:59.686 I/BluetoothUtils( 8588): packagename is android.uid.bluetooth:1002 ,and its permission is false
09-01 14:33:59.686 D/BluetoothUtils( 8588): blockedByLocationOff callingUid=1002
09-01 14:33:59.687 I/BluetoothUtils( 8588): packagename is android.uid.bluetooth:1002 ,and its permission is false
09-01 14:33:59.687 D/BluetoothUtils( 8588): blockedByLocationOff callingUid=1002
09-01 14:33:59.688 I/BluetoothUtils( 8588): packagename is android.uid.bluetooth:1002 ,and its permission is false
09-01 14:33:59.688 D/BluetoothUtils( 8588): blockedByLocationOff callingUid=1002
09-01 14:33:59.688 I/BluetoothUtils( 8588): packagename is android.uid.bluetooth:1002 ,and its permission is false
09-01 14:33:59.688 D/BluetoothUtils( 8588): blockedByLocationOff callingUid=1002
09-01 14:33:59.689 I/BluetoothUtils( 8588): packagename is android.uid.bluetooth:1002 ,and its permission is false
09-01 14:33:59.694 V/bt_stack( 8588): [VERBOSE1:btm_ble_gap.cc(1923)] btm_ble_process_ext_adv_pkt: bda=38:f9:d3:45:87:1e
09-01 14:33:59.694 V/bt_stack( 8588): [VERBOSE1:btm_ble_gap.cc(1847)] btm_ble_process_adv_addr: bda=38:f9:d3:45:87:1e
09-01 14:33:59.694 V/bt_stack( 8588): [VERBOSE1:btm_ble_gap.cc(2052)]  Waiting for scan response 38:f9:d3:45:87:1e
09-01 14:33:59.694 V/bt_stack( 8588): [VERBOSE1:btm_ble_gap.cc(1923)] btm_ble_process_ext_adv_pkt: bda=38:f9:d3:45:87:1e
09-01 14:33:59.694 V/bt_stack( 8588): [VERBOSE1:btm_ble_gap.cc(1847)] btm_ble_process_adv_addr: bda=38:f9:d3:45:87:1e
09-01 14:33:59.695 D/BluetoothUtils( 8588): blockedByLocationOff callingUid=1002
09-01 14:33:59.695 I/BluetoothUtils( 8588): packagename is android.uid.bluetooth:1002 ,and its permission is false
09-01 14:33:59.695 D/BluetoothUtils( 8588): blockedByLocationOff callingUid=1002
09-01 14:33:59.696 I/BluetoothUtils( 8588): packagename is android.uid.bluetooth:1002 ,and its permission is false
09-01 14:33:59.696 D/BluetoothUtils( 8588): blockedByLocationOff callingUid=1002
09-01 14:33:59.696 I/BluetoothUtils( 8588): packagename is android.uid.bluetooth:1002 ,and its permission is false
09-01 14:33:59.700 V/bt_stack( 8588): [VERBOSE1:btm_ble_gap.cc(1923)] btm_ble_process_ext_adv_pkt: bda=3b:30:35:17:9e:fe
09-01 14:33:59.700 V/bt_stack( 8588): [VERBOSE1:btm_ble_gap.cc(1847)] btm_ble_process_adv_addr: bda=3b:30:35:17:9e:fe
09-01 14:33:59.701 D/BluetoothUtils( 8588): blockedByLocationOff callingUid=1002
09-01 14:33:59.701 I/BluetoothUtils( 8588): packagename is android.uid.bluetooth:1002 ,and its permission is false
09-01 14:33:59.701 D/BluetoothUtils( 8588): blockedByLocationOff callingUid=1002
09-01 14:33:59.702 I/BluetoothUtils( 8588): packagename is android.uid.bluetooth:1002 ,and its permission is false
09-01 14:33:59.702 D/BluetoothUtils( 8588): blockedByLocationOff callingUid=1002
09-01 14:33:59.702 I/BluetoothUtils( 8588): packagename is android.uid.bluetooth:1002 ,and its permission is false
09-01 14:33:59.707 V/bt_stack( 8588): [VERBOSE1:btm_ble_gap.cc(1923)] btm_ble_process_ext_adv_pkt: bda=ef:78:8a:8d:25:f2
09-01 14:33:59.707 V/bt_stack( 8588): [VERBOSE1:btm_ble_gap.cc(1847)] btm_ble_process_adv_addr: bda=ef:78:8a:8d:25:f2
09-01 14:33:59.707 V/bt_stack( 8588): [VERBOSE1:btm_ble_gap.cc(2052)]  Waiting for scan response ef:78:8a:8d:25:f2
09-01 14:33:59.707 V/bt_stack( 8588): [VERBOSE1:btm_ble_gap.cc(1923)] btm_ble_process_ext_adv_pkt: bda=17:7e:29:ab:4e:d0
09-01 14:33:59.708 V/bt_stack( 8588): [VERBOSE1:btm_ble_gap.cc(1847)] btm_ble_process_adv_addr: bda=17:7e:29:ab:4e:d0
09-01 14:33:59.708 D/BluetoothUtils( 8588): blockedByLocationOff callingUid=1002
09-01 14:33:59.709 I/BluetoothUtils( 8588): packagename is android.uid.bluetooth:1002 ,and its permission is false
09-01 14:33:59.709 D/BluetoothUtils( 8588): blockedByLocationOff callingUid=1002
09-01 14:33:59.709 I/BluetoothUtils( 8588): packagename is android.uid.bluetooth:1002 ,and its permission is false
09-01 14:33:59.709 D/BluetoothUtils( 8588): blockedByLocationOff callingUid=1002
09-01 14:33:59.710 I/BluetoothUtils( 8588): packagename is android.uid.bluetooth:1002 ,and its permission is false
09-01 14:33:59.717 V/bt_stack( 8588): [VERBOSE1:btm_ble_gap.cc(1923)] btm_ble_process_ext_adv_pkt: bda=56:e4:da:79:d5:88
09-01 14:33:59.717 V/bt_stack( 8588): [VERBOSE1:btm_ble_gap.cc(1847)] btm_ble_process_adv_addr: bda=56:e4:da:79:d5:88
09-01 14:33:59.717 V/bt_stack( 8588): [VERBOSE1:btm_ble_gap.cc(2052)]  Waiting for scan response 56:e4:da:79:d5:88
09-01 14:33:59.717 V/bt_stack( 8588): [VERBOSE1:btm_ble_gap.cc(1923)] btm_ble_process_ext_adv_pkt: bda=56:e4:da:79:d5:88
09-01 14:33:59.717 V/bt_stack( 8588): [VERBOSE1:btm_ble_gap.cc(1847)] btm_ble_process_adv_addr: bda=56:e4:da:79:d5:88
09-01 14:33:59.718 D/BluetoothUtils( 8588): blockedByLocationOff callingUid=1002
09-01 14:33:59.719 I/BluetoothUtils( 8588): packagename is android.uid.bluetooth:1002 ,and its permission is false
09-01 14:33:59.719 D/BluetoothUtils( 8588): blockedByLocationOff callingUid=1002
09-01 14:33:59.719 I/BluetoothUtils( 8588): packagename is android.uid.bluetooth:1002 ,and its permission is false
09-01 14:33:59.719 D/BluetoothUtils( 8588): blockedByLocationOff callingUid=1002
09-01 14:33:59.720 I/BluetoothUtils( 8588): packagename is android.uid.bluetooth:1002 ,and its permission is false
09-01 14:33:59.728 V/bt_stack( 8588): [VERBOSE1:btm_ble_gap.cc(1923)] btm_ble_process_ext_adv_pkt: bda=38:f9:d3:45:87:1e
09-01 14:33:59.728 V/bt_stack( 8588): [VERBOSE1:btm_ble_gap.cc(1847)] btm_ble_process_adv_addr: bda=38:f9:d3:45:87:1e
09-01 14:33:59.728 V/bt_stack( 8588): [VERBOSE1:btm_ble_gap.cc(2052)]  Waiting for scan response 38:f9:d3:45:87:1e
09-01 14:33:59.728 V/bt_stack( 8588): [VERBOSE1:btm_ble_gap.cc(1923)] btm_ble_process_ext_adv_pkt: bda=38:f9:d3:45:87:1e
09-01 14:33:59.728 V/bt_stack( 8588): [VERBOSE1:btm_ble_gap.cc(1847)] btm_ble_process_adv_addr: bda=38:f9:d3:45:87:1e
09-01 14:33:59.729 D/BluetoothUtils( 8588): blockedByLocationOff callingUid=1002
09-01 14:33:59.730 I/BluetoothUtils( 8588): packagename is android.uid.bluetooth:1002 ,and its permission is false
09-01 14:33:59.730 D/BluetoothUtils( 8588): blockedByLocationOff callingUid=1002
09-01 14:33:59.730 I/BluetoothUtils( 8588): packagename is android.uid.bluetooth:1002 ,and its permission is false
09-01 14:33:59.730 D/BluetoothUtils( 8588): blockedByLocationOff callingUid=1002
09-01 14:33:59.731 I/BluetoothUtils( 8588): packagename is android.uid.bluetooth:1002 ,and its permission is false
09-01 14:33:59.734 I/appium  (10741): Rewrote class name 'androidx.appcompat.app.ActionBar$O0000O0o' to XML node name 'androidx.appcompat.app.ActionBar.O0000O0o'
09-01 14:33:59.735 I/appium  (10741): Rewrote class name 'androidx.appcompat.app.ActionBar$O0000O0o' to XML node name 'androidx.appcompat.app.ActionBar.O0000O0o'
09-01 14:33:59.738 V/bt_stack( 8588): [VERBOSE1:btm_ble_gap.cc(1923)] btm_ble_process_ext_adv_pkt: bda=0c:39:e9:d5:de:20
09-01 14:33:59.738 V/bt_stack( 8588): [VERBOSE1:btm_ble_gap.cc(1847)] btm_ble_process_adv_addr: bda=0c:39:e9:d5:de:20
09-01 14:33:59.739 D/BluetoothUtils( 8588): blockedByLocationOff callingUid=1002
09-01 14:33:59.740 I/BluetoothUtils( 8588): packagename is android.uid.bluetooth:1002 ,and its permission is false
09-01 14:33:59.740 D/BluetoothUtils( 8588): blockedByLocationOff callingUid=1002
09-01 14:33:59.740 I/BluetoothUtils( 8588): packagename is android.uid.bluetooth:1002 ,and its permission is false
09-01 14:33:59.740 D/BluetoothUtils( 8588): blockedByLocationOff callingUid=1002
09-01 14:33:59.741 I/BluetoothUtils( 8588): packagename is android.uid.bluetooth:1002 ,and its permission is false
09-01 14:33:59.741 V/bt_stack( 8588): [VERBOSE1:btm_ble_gap.cc(1923)] btm_ble_process_ext_adv_pkt: bda=2a:1b:52:ac:62:5d
09-01 14:33:59.741 V/bt_stack( 8588): [VERBOSE1:btm_ble_gap.cc(1847)] btm_ble_process_adv_addr: bda=2a:1b:52:ac:62:5d
09-01 14:33:59.742 D/BluetoothUtils( 8588): blockedByLocationOff callingUid=1002
09-01 14:33:59.743 I/BluetoothUtils( 8588): packagename is android.uid.bluetooth:1002 ,and its permission is false
09-01 14:33:59.743 D/BluetoothUtils( 8588): blockedByLocationOff callingUid=1002
09-01 14:33:59.744 I/BluetoothUtils( 8588): packagename is android.uid.bluetooth:1002 ,and its permission is false
09-01 14:33:59.744 D/BluetoothUtils( 8588): blockedByLocationOff callingUid=1002
09-01 14:33:59.744 I/BluetoothUtils( 8588): packagename is android.uid.bluetooth:1002 ,and its permission is false
09-01 14:33:59.748 V/bt_stack( 8588): [VERBOSE1:btm_ble_gap.cc(1923)] btm_ble_process_ext_adv_pkt: bda=6a:1a:31:28:a4:f8
09-01 14:33:59.748 V/bt_stack( 8588): [VERBOSE1:btm_ble_gap.cc(1847)] btm_ble_process_adv_addr: bda=6a:1a:31:28:a4:f8
09-01 14:33:59.749 D/BluetoothUtils( 8588): blockedByLocationOff callingUid=1002
09-01 14:33:59.749 I/BluetoothUtils( 8588): packagename is android.uid.bluetooth:1002 ,and its permission is false
09-01 14:33:59.750 D/BluetoothUtils( 8588): blockedByLocationOff callingUid=1002
09-01 14:33:59.750 I/BluetoothUtils( 8588): packagename is android.uid.bluetooth:1002 ,and its permission is false
09-01 14:33:59.750 D/BluetoothUtils( 8588): blockedByLocationOff callingUid=1002
09-01 14:33:59.750 I/BluetoothUtils( 8588): packagename is android.uid.bluetooth:1002 ,and its permission is false
09-01 14:33:59.754 V/bt_stack( 8588): [VERBOSE1:btm_ble_gap.cc(1923)] btm_ble_process_ext_adv_pkt: bda=24:65:c8:81:ba:6f
09-01 14:33:59.754 V/bt_stack( 8588): [VERBOSE1:btm_ble_gap.cc(1847)] btm_ble_process_adv_addr: bda=24:65:c8:81:ba:6f
09-01 14:33:59.755 D/BluetoothUtils( 8588): blockedByLocationOff callingUid=1002
09-01 14:33:59.755 I/BluetoothUtils( 8588): packagename is android.uid.bluetooth:1002 ,and its permission is false
09-01 14:33:59.755 D/BluetoothUtils( 8588): blockedByLocationOff callingUid=1002
09-01 14:33:59.756 I/BluetoothUtils( 8588): packagename is android.uid.bluetooth:1002 ,and its permission is false
09-01 14:33:59.756 D/BluetoothUtils( 8588): blockedByLocationOff callingUid=1002
09-01 14:33:59.756 I/BluetoothUtils( 8588): packagename is android.uid.bluetooth:1002 ,and its permission is false
09-01 14:33:59.759 V/bt_stack( 8588): [VERBOSE1:btm_ble_gap.cc(1923)] btm_ble_process_ext_adv_pkt: bda=38:f9:d3:45:87:1e
09-01 14:33:59.759 V/bt_stack( 8588): [VERBOSE1:btm_ble_gap.cc(1847)] btm_ble_process_adv_addr: bda=38:f9:d3:45:87:1e
09-01 14:33:59.759 V/bt_stack( 8588): [VERBOSE1:btm_ble_gap.cc(2052)]  Waiting for scan response 38:f9:d3:45:87:1e
09-01 14:33:59.760 V/bt_stack( 8588): [VERBOSE1:btm_ble_gap.cc(1923)] btm_ble_process_ext_adv_pkt: bda=38:f9:d3:45:87:1e
09-01 14:33:59.760 V/bt_stack( 8588): [VERBOSE1:btm_ble_gap.cc(1847)] btm_ble_process_adv_addr: bda=38:f9:d3:45:87:1e
09-01 14:33:59.761 D/BluetoothUtils( 8588): blockedByLocationOff callingUid=1002
09-01 14:33:59.761 I/BluetoothUtils( 8588): packagename is android.uid.bluetooth:1002 ,and its permission is false
09-01 14:33:59.761 D/BluetoothUtils( 8588): blockedByLocationOff callingUid=1002
09-01 14:33:59.762 I/BluetoothUtils( 8588): packagename is android.uid.bluetooth:1002 ,and its permission is false
09-01 14:33:59.762 D/BluetoothUtils( 8588): blockedByLocationOff callingUid=1002
09-01 14:33:59.762 I/BluetoothUtils( 8588): packagename is android.uid.bluetooth:1002 ,and its permission is false
09-01 14:33:59.764 I/appium  (10741): AppiumResponse: {"sessionId":"a4d7b541-3cc2-4590-a0d7-423994c151e3","value":{"ELEMENT":"04cbd202-ac9e-459e-affe-c4f440d50c6c","element-6066-11e4-a52e-4f735466cecf":"04cbd202-ac9e-459e-affe-c4f440d50c6c"}}
09-01 14:33:59.776 V/bt_stack( 8588): [VERBOSE1:btm_ble_gap.cc(1923)] btm_ble_process_ext_adv_pkt: bda=33:5c:08:c6:ed:02
09-01 14:33:59.776 V/bt_stack( 8588): [VERBOSE1:btm_ble_gap.cc(1847)] btm_ble_process_adv_addr: bda=33:5c:08:c6:ed:02
09-01 14:33:59.778 D/BluetoothUtils( 8588): blockedByLocationOff callingUid=1002
09-01 14:33:59.779 I/BluetoothUtils( 8588): packagename is android.uid.bluetooth:1002 ,and its permission is false
09-01 14:33:59.779 D/BluetoothUtils( 8588): blockedByLocationOff callingUid=1002
09-01 14:33:59.779 I/BluetoothUtils( 8588): packagename is android.uid.bluetooth:1002 ,and its permission is false
09-01 14:33:59.779 D/BluetoothUtils( 8588): blockedByLocationOff callingUid=1002
09-01 14:33:59.780 I/BluetoothUtils( 8588): packagename is android.uid.bluetooth:1002 ,and its permission is false
09-01 14:33:59.787 V/bt_stack( 8588): [VERBOSE1:btm_ble_gap.cc(1923)] btm_ble_process_ext_adv_pkt: bda=d3:ce:19:45:b1:77
09-01 14:33:59.787 V/bt_stack( 8588): [VERBOSE1:btm_ble_gap.cc(1847)] btm_ble_process_adv_addr: bda=d3:ce:19:45:b1:77
09-01 14:33:59.787 V/bt_stack( 8588): [VERBOSE1:btm_ble_gap.cc(2052)]  Waiting for scan response d3:ce:19:45:b1:77
09-01 14:33:59.788 V/bt_stack( 8588): [VERBOSE1:btm_ble_gap.cc(1923)] btm_ble_process_ext_adv_pkt: bda=56:e4:da:79:d5:88
09-01 14:33:59.788 V/bt_stack( 8588): [VERBOSE1:btm_ble_gap.cc(1847)] btm_ble_process_adv_addr: bda=56:e4:da:79:d5:88
09-01 14:33:59.788 V/bt_stack( 8588): [VERBOSE1:btm_ble_gap.cc(2052)]  Waiting for scan response 56:e4:da:79:d5:88
09-01 14:33:59.788 V/bt_stack( 8588): [VERBOSE1:btm_ble_gap.cc(1923)] btm_ble_process_ext_adv_pkt: bda=56:e4:da:79:d5:88
09-01 14:33:59.788 V/bt_stack( 8588): [VERBOSE1:btm_ble_gap.cc(1847)] btm_ble_process_adv_addr: bda=56:e4:da:79:d5:88
09-01 14:33:59.790 D/BluetoothUtils( 8588): blockedByLocationOff callingUid=1002
09-01 14:33:59.790 I/BluetoothUtils( 8588): packagename is android.uid.bluetooth:1002 ,and its permission is false
09-01 14:33:59.790 D/BluetoothUtils( 8588): blockedByLocationOff callingUid=1002
09-01 14:33:59.791 I/BluetoothUtils( 8588): packagename is android.uid.bluetooth:1002 ,and its permission is false
09-01 14:33:59.791 D/BluetoothUtils( 8588): blockedByLocationOff callingUid=1002
09-01 14:33:59.791 I/BluetoothUtils( 8588): packagename is android.uid.bluetooth:1002 ,and its permission is false
09-01 14:33:59.792 V/bt_stack( 8588): [VERBOSE1:btm_ble_gap.cc(1923)] btm_ble_process_ext_adv_pkt: bda=19:30:6d:c4:b5:5b
09-01 14:33:59.792 V/bt_stack( 8588): [VERBOSE1:btm_ble_gap.cc(1847)] btm_ble_process_adv_addr: bda=19:30:6d:c4:b5:5b
09-01 14:33:59.794 D/BluetoothUtils( 8588): blockedByLocationOff callingUid=1002
09-01 14:33:59.794 I/BluetoothUtils( 8588): packagename is android.uid.bluetooth:1002 ,and its permission is false
09-01 14:33:59.795 D/BluetoothUtils( 8588): blockedByLocationOff callingUid=1002
09-01 14:33:59.795 I/BluetoothUtils( 8588): packagename is android.uid.bluetooth:1002 ,and its permission is false
09-01 14:33:59.795 D/BluetoothUtils( 8588): blockedByLocationOff callingUid=1002
09-01 14:33:59.795 I/BluetoothUtils( 8588): packagename is android.uid.bluetooth:1002 ,and its permission is false
09-01 14:33:59.800 V/bt_stack( 8588): [VERBOSE1:btm_ble_gap.cc(1923)] btm_ble_process_ext_adv_pkt: bda=fd:32:0c:ad:56:d5
09-01 14:33:59.800 V/bt_stack( 8588): [VERBOSE1:btm_ble_gap.cc(1847)] btm_ble_process_adv_addr: bda=fd:32:0c:ad:56:d5
09-01 14:33:59.800 V/bt_stack( 8588): [VERBOSE1:btm_ble_gap.cc(2052)]  Waiting for scan response fd:32:0c:ad:56:d5
09-01 14:33:59.800 V/bt_stack( 8588): [VERBOSE1:btm_ble_gap.cc(1923)] btm_ble_process_ext_adv_pkt: bda=01:f5:30:c0:9b:7a
09-01 14:33:59.800 V/bt_stack( 8588): [VERBOSE1:btm_ble_gap.cc(1847)] btm_ble_process_adv_addr: bda=01:f5:30:c0:9b:7a
09-01 14:33:59.802 D/BluetoothUtils( 8588): blockedByLocationOff callingUid=1002
09-01 14:33:59.802 V/bt_stack( 8588): [VERBOSE1:btm_ble_gap.cc(1923)] btm_ble_process_ext_adv_pkt: bda=32:d2:03:03:d2:bd
09-01 14:33:59.802 I/BluetoothUtils( 8588): packagename is android.uid.bluetooth:1002 ,and its permission is false
09-01 14:33:59.802 V/bt_stack( 8588): [VERBOSE1:btm_ble_gap.cc(1847)] btm_ble_process_adv_addr: bda=32:d2:03:03:d2:bd
09-01 14:33:59.803 D/BluetoothUtils( 8588): blockedByLocationOff callingUid=1002
09-01 14:33:59.803 I/BluetoothUtils( 8588): packagename is android.uid.bluetooth:1002 ,and its permission is false
09-01 14:33:59.803 D/BluetoothUtils( 8588): blockedByLocationOff callingUid=1002
09-01 14:33:59.803 V/bt_stack( 8588): [VERBOSE1:btm_ble_gap.cc(1923)] btm_ble_process_ext_adv_pkt: bda=07:e4:7f:b4:5f:d9
09-01 14:33:59.803 V/bt_stack( 8588): [VERBOSE1:btm_ble_gap.cc(1847)] btm_ble_process_adv_addr: bda=07:e4:7f:b4:5f:d9
09-01 14:33:59.803 I/BluetoothUtils( 8588): packagename is android.uid.bluetooth:1002 ,and its permission is false
09-01 14:33:59.804 D/BluetoothUtils( 8588): blockedByLocationOff callingUid=1002
09-01 14:33:59.804 I/BluetoothUtils( 8588): packagename is android.uid.bluetooth:1002 ,and its permission is false
09-01 14:33:59.805 D/BluetoothUtils( 8588): blockedByLocationOff callingUid=1002
09-01 14:33:59.805 I/BluetoothUtils( 8588): packagename is android.uid.bluetooth:1002 ,and its permission is false
09-01 14:33:59.805 D/BluetoothUtils( 8588): blockedByLocationOff callingUid=1002
09-01 14:33:59.805 V/bt_stack( 8588): [VERBOSE1:btm_ble_gap.cc(1923)] btm_ble_process_ext_adv_pkt: bda=3b:30:35:17:9e:fe
09-01 14:33:59.805 V/bt_stack( 8588): [VERBOSE1:btm_ble_gap.cc(1847)] btm_ble_process_adv_addr: bda=3b:30:35:17:9e:fe
09-01 14:33:59.805 I/BluetoothUtils( 8588): packagename is android.uid.bluetooth:1002 ,and its permission is false
09-01 14:33:59.806 D/BluetoothUtils( 8588): blockedByLocationOff callingUid=1002
09-01 14:33:59.806 I/BluetoothUtils( 8588): packagename is android.uid.bluetooth:1002 ,and its permission is false
09-01 14:33:59.806 D/BluetoothUtils( 8588): blockedByLocationOff callingUid=1002
09-01 14:33:59.807 I/BluetoothUtils( 8588): packagename is android.uid.bluetooth:1002 ,and its permission is false
09-01 14:33:59.807 D/BluetoothUtils( 8588): blockedByLocationOff callingUid=1002
09-01 14:33:59.807 I/BluetoothUtils( 8588): packagename is android.uid.bluetooth:1002 ,and its permission is false
09-01 14:33:59.808 D/BluetoothUtils( 8588): blockedByLocationOff callingUid=1002
09-01 14:33:59.809 I/BluetoothUtils( 8588): packagename is android.uid.bluetooth:1002 ,and its permission is false
09-01 14:33:59.809 D/BluetoothUtils( 8588): blockedByLocationOff callingUid=1002
09-01 14:33:59.809 I/BluetoothUtils( 8588): packagename is android.uid.bluetooth:1002 ,and its permission is false
09-01 14:33:59.809 D/BluetoothUtils( 8588): blockedByLocationOff callingUid=1002
09-01 14:33:59.809 I/BluetoothUtils( 8588): packagename is android.uid.bluetooth:1002 ,and its permission is false
09-01 14:33:59.814 V/bt_stack( 8588): [VERBOSE1:btm_ble_gap.cc(1923)] btm_ble_process_ext_adv_pkt: bda=0a:29:89:b7:c8:4a
09-01 14:33:59.814 V/bt_stack( 8588): [VERBOSE1:btm_ble_gap.cc(1847)] btm_ble_process_adv_addr: bda=0a:29:89:b7:c8:4a
09-01 14:33:59.815 D/BluetoothUtils( 8588): blockedByLocationOff callingUid=1002
09-01 14:33:59.815 I/BluetoothUtils( 8588): packagename is android.uid.bluetooth:1002 ,and its permission is false
09-01 14:33:59.815 D/BluetoothUtils( 8588): blockedByLocationOff callingUid=1002
09-01 14:33:59.816 I/BluetoothUtils( 8588): packagename is android.uid.bluetooth:1002 ,and its permission is false
09-01 14:33:59.816 D/BluetoothUtils( 8588): blockedByLocationOff callingUid=1002
09-01 14:33:59.816 I/BluetoothUtils( 8588): packagename is android.uid.bluetooth:1002 ,and its permission is false
09-01 14:33:59.833 V/bt_stack( 8588): [VERBOSE1:btm_ble_gap.cc(1923)] btm_ble_process_ext_adv_pkt: bda=53:f2:a2:69:23:e6
09-01 14:33:59.833 V/bt_stack( 8588): [VERBOSE1:btm_ble_gap.cc(1847)] btm_ble_process_adv_addr: bda=53:f2:a2:69:23:e6
09-01 14:33:59.833 V/bt_stack( 8588): [VERBOSE1:btm_ble_gap.cc(1923)] btm_ble_process_ext_adv_pkt: bda=38:f9:d3:45:87:1e
09-01 14:33:59.833 V/bt_stack( 8588): [VERBOSE1:btm_ble_gap.cc(1847)] btm_ble_process_adv_addr: bda=38:f9:d3:45:87:1e
09-01 14:33:59.833 V/bt_stack( 8588): [VERBOSE1:btm_ble_gap.cc(2052)]  Waiting for scan response 38:f9:d3:45:87:1e
09-01 14:33:59.834 V/bt_stack( 8588): [VERBOSE1:btm_ble_gap.cc(1923)] btm_ble_process_ext_adv_pkt: bda=38:f9:d3:45:87:1e
09-01 14:33:59.834 V/bt_stack( 8588): [VERBOSE1:btm_ble_gap.cc(1847)] btm_ble_process_adv_addr: bda=38:f9:d3:45:87:1e
09-01 14:33:59.836 D/BluetoothUtils( 8588): blockedByLocationOff callingUid=1002
09-01 14:33:59.837 I/BluetoothUtils( 8588): packagename is android.uid.bluetooth:1002 ,and its permission is false
09-01 14:33:59.837 D/BluetoothUtils( 8588): blockedByLocationOff callingUid=1002
09-01 14:33:59.838 I/BluetoothUtils( 8588): packagename is android.uid.bluetooth:1002 ,and its permission is false
09-01 14:33:59.838 D/BluetoothUtils( 8588): blockedByLocationOff callingUid=1002
09-01 14:33:59.839 I/BluetoothUtils( 8588): packagename is android.uid.bluetooth:1002 ,and its permission is false
09-01 14:33:59.840 D/BluetoothUtils( 8588): blockedByLocationOff callingUid=1002
09-01 14:33:59.840 I/BluetoothUtils( 8588): packagename is android.uid.bluetooth:1002 ,and its permission is false
09-01 14:33:59.841 D/BluetoothUtils( 8588): blockedByLocationOff callingUid=1002
09-01 14:33:59.841 I/BluetoothUtils( 8588): packagename is android.uid.bluetooth:1002 ,and its permission is false
09-01 14:33:59.841 D/BluetoothUtils( 8588): blockedByLocationOff callingUid=1002
