09-01 14:34:00.583 V/bt_stack( 8588): [VERBOSE1:btm_ble_gap.cc(1923)] btm_ble_process_ext_adv_pkt: bda=56:e4:da:79:d5:88
09-01 14:34:00.583 V/bt_stack( 8588): [VERBOSE1:btm_ble_gap.cc(1847)] btm_ble_process_adv_addr: bda=56:e4:da:79:d5:88
09-01 14:34:00.585 D/BluetoothUtils( 8588): blockedByLocationOff callingUid=1002
09-01 14:34:00.586 I/BluetoothUtils( 8588): packagename is android.uid.bluetooth:1002 ,and its permission is false
09-01 14:34:00.586 D/BluetoothUtils( 8588): blockedByLocationOff callingUid=1002
09-01 14:34:00.586 I/BluetoothUtils( 8588): packagename is android.uid.bluetooth:1002 ,and its permission is false
09-01 14:34:00.586 D/BluetoothUtils( 8588): blockedByLocationOff callingUid=1002
09-01 14:34:00.587 I/BluetoothUtils( 8588): packagename is android.uid.bluetooth:1002 ,and its permission is false
09-01 14:34:00.588 V/bt_stack( 8588): [VERBOSE1:btm_ble_gap.cc(1923)] btm_ble_process_ext_adv_pkt: bda=66:3e:07:e0:2b:d4
09-01 14:34:00.588 V/bt_stack( 8588): [VERBOSE1:btm_ble_gap.cc(1847)] btm_ble_process_adv_addr: bda=66:3e:07:e0:2b:d4
09-01 14:34:00.588 V/bt_stack( 8588): [VERBOSE1:btm_ble_gap.cc(2052)]  Waiting for scan response 66:3e:07:e0:2b:d4
09-01 14:34:00.589 V/bt_stack( 8588): [VERBOSE1:btm_ble_gap.cc(1923)] btm_ble_process_ext_adv_pkt: bda=66:3e:07:e0:2b:d4
09-01 14:34:00.589 V/bt_stack( 8588): [VERBOSE1:btm_ble_gap.cc(1847)] btm_ble_process_adv_addr: bda=66:3e:07:e0:2b:d4
09-01 14:34:00.590 D/BluetoothUtils( 8588): blockedByLocationOff callingUid=1002
09-01 14:34:00.590 I/BluetoothUtils( 8588): packagename is android.uid.bluetooth:1002 ,and its permission is false
09-01 14:34:00.591 D/BluetoothUtils( 8588): blockedByLocationOff callingUid=1002
09-01 14:34:00.591 I/BluetoothUtils( 8588): packagename is android.uid.bluetooth:1002 ,and its permission is false
09-01 14:34:00.591 D/BluetoothUtils( 8588): blockedByLocationOff callingUid=1002
09-01 14:34:00.591 I/BluetoothUtils( 8588): packagename is android.uid.bluetooth:1002 ,and its permission is false
09-01 14:34:00.594 V/bt_stack( 8588): [VERBOSE1:btm_ble_gap.cc(1923)] btm_ble_process_ext_adv_pkt: bda=12:72:eb:81:32:03
09-01 14:34:00.594 V/bt_stack( 8588): [VERBOSE1:btm_ble_gap.cc(1847)] btm_ble_process_adv_addr: bda=12:72:eb:81:32:03
09-01 14:34:00.595 D/BluetoothUtils( 8588): blockedByLocationOff callingUid=1002
09-01 14:34:00.595 I/BluetoothUtils( 8588): packagename is android.uid.bluetooth:1002 ,and its permission is false
09-01 14:34:00.596 D/BluetoothUtils( 8588): blockedByLocationOff callingUid=1002
09-01 14:34:00.596 I/BluetoothUtils( 8588): packagename is android.uid.bluetooth:1002 ,and its permission is false
09-01 14:34:00.596 D/BluetoothUtils( 8588): blockedByLocationOff callingUid=1002
09-01 14:34:00.596 I/BluetoothUtils( 8588): packagename is android.uid.bluetooth:1002 ,and its permission is false
09-01 14:34:00.600 I/Timeline( 1639): Timeline: Activity_windows_visible id: ActivityRecord{c5d8fb3 u0 com.xiaomi.hm.health/.ui.information.DetailInfoActivity t487} time:211606617
09-01 14:34:00.600 D/EventBus(29730): [29730, u0] send(AppTransitionFinishedEvent)
09-01 14:34:00.600 D/EventBus(29730): [29730, u0]  -> ForcedResizableInfoActivityController [0xc4c1163, P1] onBusEvent(AppTransitionFinishedEvent)
09-01 14:34:00.600 D/ActivityTrigger( 1639): ActivityTrigger activityStopTrigger 
09-01 14:34:00.601 D/EventBus(29730): [29730, u0] onBusEvent(AppTransitionFinishedEvent) duration: 28 microseconds, avg: 36
09-01 14:34:00.601 D/EventBus(29730): [29730, u0] send(AppTransitionFinishedEvent)
09-01 14:34:00.601 D/EventBus(29730): [29730, u0]  -> ForcedResizableInfoActivityController [0xc4c1163, P1] onBusEvent(AppTransitionFinishedEvent)
09-01 14:34:00.601 D/EventBus(29730): [29730, u0] onBusEvent(AppTransitionFinishedEvent) duration: 11 microseconds, avg: 36
09-01 14:34:00.602 I/Timeline( 1639): Timeline: App_transition_stopped time:211606619
09-01 14:34:00.614 V/bt_stack( 8588): [VERBOSE1:btm_ble_gap.cc(1923)] btm_ble_process_ext_adv_pkt: bda=75:55:30:69:5d:bf
09-01 14:34:00.614 V/bt_stack( 8588): [VERBOSE1:btm_ble_gap.cc(1847)] btm_ble_process_adv_addr: bda=75:55:30:69:5d:bf
09-01 14:34:00.614 V/bt_stack( 8588): [VERBOSE1:btm_ble_gap.cc(2052)]  Waiting for scan response 75:55:30:69:5d:bf
09-01 14:34:00.614 V/bt_stack( 8588): [VERBOSE1:btm_ble_gap.cc(1923)] btm_ble_process_ext_adv_pkt: bda=12:f7:c7:df:cb:b1
09-01 14:34:00.614 V/bt_stack( 8588): [VERBOSE1:btm_ble_gap.cc(1847)] btm_ble_process_adv_addr: bda=12:f7:c7:df:cb:b1
09-01 14:34:00.616 D/BluetoothUtils( 8588): blockedByLocationOff callingUid=1002
09-01 14:34:00.617 I/BluetoothUtils( 8588): packagename is android.uid.bluetooth:1002 ,and its permission is false
09-01 14:34:00.617 D/BluetoothUtils( 8588): blockedByLocationOff callingUid=1002
09-01 14:34:00.617 I/BluetoothUtils( 8588): packagename is android.uid.bluetooth:1002 ,and its permission is false
09-01 14:34:00.617 D/BluetoothUtils( 8588): blockedByLocationOff callingUid=1002
09-01 14:34:00.618 I/BluetoothUtils( 8588): packagename is android.uid.bluetooth:1002 ,and its permission is false
09-01 14:34:00.624 V/bt_stack( 8588): [VERBOSE1:btm_ble_gap.cc(1923)] btm_ble_process_ext_adv_pkt: bda=25:4e:aa:3f:5d:41
09-01 14:34:00.624 V/bt_stack( 8588): [VERBOSE1:btm_ble_gap.cc(1847)] btm_ble_process_adv_addr: bda=25:4e:aa:3f:5d:41
09-01 14:34:00.626 D/BluetoothUtils( 8588): blockedByLocationOff callingUid=1002
09-01 14:34:00.627 I/BluetoothUtils( 8588): packagename is android.uid.bluetooth:1002 ,and its permission is false
09-01 14:34:00.627 D/BluetoothUtils( 8588): blockedByLocationOff callingUid=1002
09-01 14:34:00.627 I/BluetoothUtils( 8588): packagename is android.uid.bluetooth:1002 ,and its permission is false
09-01 14:34:00.628 D/BluetoothUtils( 8588): blockedByLocationOff callingUid=1002
09-01 14:34:00.628 I/BluetoothUtils( 8588): packagename is android.uid.bluetooth:1002 ,and its permission is false
09-01 14:34:00.629 V/bt_stack( 8588): [VERBOSE1:btm_ble_gap.cc(1923)] btm_ble_process_ext_adv_pkt: bda=07:e4:7f:b4:5f:d9
09-01 14:34:00.630 V/bt_stack( 8588): [VERBOSE1:btm_ble_gap.cc(1847)] btm_ble_process_adv_addr: bda=07:e4:7f:b4:5f:d9
09-01 14:34:00.631 D/BluetoothUtils( 8588): blockedByLocationOff callingUid=1002
09-01 14:34:00.631 I/BluetoothUtils( 8588): packagename is android.uid.bluetooth:1002 ,and its permission is false
09-01 14:34:00.632 D/BluetoothUtils( 8588): blockedByLocationOff callingUid=1002
09-01 14:34:00.632 I/BluetoothUtils( 8588): packagename is android.uid.bluetooth:1002 ,and its permission is false
09-01 14:34:00.632 D/BluetoothUtils( 8588): blockedByLocationOff callingUid=1002
09-01 14:34:00.633 I/BluetoothUtils( 8588): packagename is android.uid.bluetooth:1002 ,and its permission is false
09-01 14:34:00.636 V/bt_stack( 8588): [VERBOSE1:btm_ble_gap.cc(1923)] btm_ble_process_ext_adv_pkt: bda=21:49:00:85:03:0b
09-01 14:34:00.636 V/bt_stack( 8588): [VERBOSE1:btm_ble_gap.cc(1847)] btm_ble_process_adv_addr: bda=21:49:00:85:03:0b
09-01 14:34:00.637 D/BluetoothUtils( 8588): blockedByLocationOff callingUid=1002
09-01 14:34:00.638 I/BluetoothUtils( 8588): packagename is android.uid.bluetooth:1002 ,and its permission is false
09-01 14:34:00.638 D/BluetoothUtils( 8588): blockedByLocationOff callingUid=1002
09-01 14:34:00.638 I/BluetoothUtils( 8588): packagename is android.uid.bluetooth:1002 ,and its permission is false
09-01 14:34:00.638 D/BluetoothUtils( 8588): blockedByLocationOff callingUid=1002
09-01 14:34:00.638 I/BluetoothUtils( 8588): packagename is android.uid.bluetooth:1002 ,and its permission is false
09-01 14:34:00.640 V/bt_stack( 8588): [VERBOSE1:btm_ble_gap.cc(1923)] btm_ble_process_ext_adv_pkt: bda=01:f5:30:c0:9b:7a
09-01 14:34:00.640 V/bt_stack( 8588): [VERBOSE1:btm_ble_gap.cc(1847)] btm_ble_process_adv_addr: bda=01:f5:30:c0:9b:7a
09-01 14:34:00.640 V/bt_stack( 8588): [VERBOSE1:btm_ble_gap.cc(1923)] btm_ble_process_ext_adv_pkt: bda=0a:29:89:b7:c8:4a
09-01 14:34:00.641 V/bt_stack( 8588): [VERBOSE1:btm_ble_gap.cc(1847)] btm_ble_process_adv_addr: bda=0a:29:89:b7:c8:4a
09-01 14:34:00.641 D/BluetoothUtils( 8588): blockedByLocationOff callingUid=1002
09-01 14:34:00.641 I/BluetoothUtils( 8588): packagename is android.uid.bluetooth:1002 ,and its permission is false
09-01 14:34:00.641 D/BluetoothUtils( 8588): blockedByLocationOff callingUid=1002
09-01 14:34:00.641 I/BluetoothUtils( 8588): packagename is android.uid.bluetooth:1002 ,and its permission is false
09-01 14:34:00.641 D/BluetoothUtils( 8588): blockedByLocationOff callingUid=1002
09-01 14:34:00.642 I/BluetoothUtils( 8588): packagename is android.uid.bluetooth:1002 ,and its permission is false
09-01 14:34:00.642 D/BluetoothUtils( 8588): blockedByLocationOff callingUid=1002
09-01 14:34:00.643 I/BluetoothUtils( 8588): packagename is android.uid.bluetooth:1002 ,and its permission is false
09-01 14:34:00.643 D/BluetoothUtils( 8588): blockedByLocationOff callingUid=1002
09-01 14:34:00.643 I/BluetoothUtils( 8588): packagename is android.uid.bluetooth:1002 ,and its permission is false
09-01 14:34:00.643 D/BluetoothUtils( 8588): blockedByLocationOff callingUid=1002
09-01 14:34:00.644 I/BluetoothUtils( 8588): packagename is android.uid.bluetooth:1002 ,and its permission is false
09-01 14:34:00.645 V/bt_stack( 8588): [VERBOSE1:btm_ble_gap.cc(1923)] btm_ble_process_ext_adv_pkt: bda=17:7e:29:ab:4e:d0
09-01 14:34:00.645 V/bt_stack( 8588): [VERBOSE1:btm_ble_gap.cc(1847)] btm_ble_process_adv_addr: bda=17:7e:29:ab:4e:d0
09-01 14:34:00.645 D/BluetoothUtils( 8588): blockedByLocationOff callingUid=1002
09-01 14:34:00.646 I/BluetoothUtils( 8588): packagename is android.uid.bluetooth:1002 ,and its permission is false
09-01 14:34:00.646 D/BluetoothUtils( 8588): blockedByLocationOff callingUid=1002
09-01 14:34:00.646 I/BluetoothUtils( 8588): packagename is android.uid.bluetooth:1002 ,and its permission is false
09-01 14:34:00.646 D/BluetoothUtils( 8588): blockedByLocationOff callingUid=1002
09-01 14:34:00.646 I/BluetoothUtils( 8588): packagename is android.uid.bluetooth:1002 ,and its permission is false
09-01 14:34:00.657 V/bt_stack( 8588): [VERBOSE1:btm_ble_gap.cc(1923)] btm_ble_process_ext_adv_pkt: bda=fd:32:0c:ad:56:d5
09-01 14:34:00.657 V/bt_stack( 8588): [VERBOSE1:btm_ble_gap.cc(1847)] btm_ble_process_adv_addr: bda=fd:32:0c:ad:56:d5
09-01 14:34:00.657 V/bt_stack( 8588): [VERBOSE1:btm_ble_gap.cc(2052)]  Waiting for scan response fd:32:0c:ad:56:d5
09-01 14:34:00.657 V/bt_stack( 8588): [VERBOSE1:btm_ble_gap.cc(1923)] btm_ble_process_ext_adv_pkt: bda=38:f9:d3:45:87:1e
09-01 14:34:00.657 V/bt_stack( 8588): [VERBOSE1:btm_ble_gap.cc(1847)] btm_ble_process_adv_addr: bda=38:f9:d3:45:87:1e
09-01 14:34:00.657 V/bt_stack( 8588): [VERBOSE1:btm_ble_gap.cc(2052)]  Waiting for scan response 38:f9:d3:45:87:1e
09-01 14:34:00.658 V/bt_stack( 8588): [VERBOSE1:btm_ble_gap.cc(1923)] btm_ble_process_ext_adv_pkt: bda=38:f9:d3:45:87:1e
09-01 14:34:00.658 V/bt_stack( 8588): [VERBOSE1:btm_ble_gap.cc(1847)] btm_ble_process_adv_addr: bda=38:f9:d3:45:87:1e
09-01 14:34:00.659 D/BluetoothUtils( 8588): blockedByLocationOff callingUid=1002
09-01 14:34:00.659 I/BluetoothUtils( 8588): packagename is android.uid.bluetooth:1002 ,and its permission is false
09-01 14:34:00.659 D/BluetoothUtils( 8588): blockedByLocationOff callingUid=1002
09-01 14:34:00.660 I/BluetoothUtils( 8588): packagename is android.uid.bluetooth:1002 ,and its permission is false
09-01 14:34:00.660 D/BluetoothUtils( 8588): blockedByLocationOff callingUid=1002
09-01 14:34:00.660 I/BluetoothUtils( 8588): packagename is android.uid.bluetooth:1002 ,and its permission is false
09-01 14:34:00.666 V/bt_stack( 8588): [VERBOSE1:btm_ble_gap.cc(1923)] btm_ble_process_ext_adv_pkt: bda=2a:1b:52:ac:62:5d
09-01 14:34:00.666 V/bt_stack( 8588): [VERBOSE1:btm_ble_gap.cc(1847)] btm_ble_process_adv_addr: bda=2a:1b:52:ac:62:5d
09-01 14:34:00.668 D/BluetoothUtils( 8588): blockedByLocationOff callingUid=1002
09-01 14:34:00.668 I/BluetoothUtils( 8588): packagename is android.uid.bluetooth:1002 ,and its permission is false
09-01 14:34:00.668 D/BluetoothUtils( 8588): blockedByLocationOff callingUid=1002
09-01 14:34:00.668 I/BluetoothUtils( 8588): packagename is android.uid.bluetooth:1002 ,and its permission is false
09-01 14:34:00.669 D/BluetoothUtils( 8588): blockedByLocationOff callingUid=1002
09-01 14:34:00.669 I/BluetoothUtils( 8588): packagename is android.uid.bluetooth:1002 ,and its permission is false
09-01 14:34:00.676 I/appium  (10741): AppiumResponse: {"sessionId":"a4d7b541-3cc2-4590-a0d7-423994c151e3","value":"[3311, 步]"}
09-01 14:34:00.685 V/bt_stack( 8588): [VERBOSE1:btm_ble_gap.cc(1923)] btm_ble_process_ext_adv_pkt: bda=44:ca:73:cc:df:42
09-01 14:34:00.686 V/bt_stack( 8588): [VERBOSE1:btm_ble_gap.cc(1847)] btm_ble_process_adv_addr: bda=44:ca:73:cc:df:42
09-01 14:34:00.686 V/bt_stack( 8588): [VERBOSE1:btm_ble_gap.cc(2052)]  Waiting for scan response 44:ca:73:cc:df:42
09-01 14:34:00.688 V/bt_stack( 8588): [VERBOSE1:btm_ble_gap.cc(1923)] btm_ble_process_ext_adv_pkt: bda=45:55:7e:66:6f:d0
09-01 14:34:00.688 V/bt_stack( 8588): [VERBOSE1:btm_ble_gap.cc(1847)] btm_ble_process_adv_addr: bda=45:55:7e:66:6f:d0
09-01 14:34:00.688 V/bt_stack( 8588): [VERBOSE1:btm_ble_gap.cc(2052)]  Waiting for scan response 45:55:7e:66:6f:d0
09-01 14:34:00.688 V/bt_stack( 8588): [VERBOSE1:btm_ble_gap.cc(1923)] btm_ble_process_ext_adv_pkt: bda=56:e4:da:79:d5:88
09-01 14:34:00.688 V/bt_stack( 8588): [VERBOSE1:btm_ble_gap.cc(1847)] btm_ble_process_adv_addr: bda=56:e4:da:79:d5:88
09-01 14:34:00.688 V/bt_stack( 8588): [VERBOSE1:btm_ble_gap.cc(2052)]  Waiting for scan response 56:e4:da:79:d5:88
09-01 14:34:00.688 V/bt_stack( 8588): [VERBOSE1:btm_ble_gap.cc(1923)] btm_ble_process_ext_adv_pkt: bda=56:e4:da:79:d5:88
09-01 14:34:00.689 V/bt_stack( 8588): [VERBOSE1:btm_ble_gap.cc(1847)] btm_ble_process_adv_addr: bda=56:e4:da:79:d5:88
09-01 14:34:00.689 V/bt_stack( 8588): [VERBOSE1:btm_ble_gap.cc(1923)] btm_ble_process_ext_adv_pkt: bda=6a:1a:31:28:a4:f8
09-01 14:34:00.689 V/bt_stack( 8588): [VERBOSE1:btm_ble_gap.cc(1847)] btm_ble_process_adv_addr: bda=6a:1a:31:28:a4:f8
09-01 14:34:00.690 D/BluetoothUtils( 8588): blockedByLocationOff callingUid=1002
09-01 14:34:00.691 I/BluetoothUtils( 8588): packagename is android.uid.bluetooth:1002 ,and its permission is false
09-01 14:34:00.691 D/BluetoothUtils( 8588): blockedByLocationOff callingUid=1002
09-01 14:34:00.692 I/BluetoothUtils( 8588): packagename is android.uid.bluetooth:1002 ,and its permission is false
09-01 14:34:00.692 D/BluetoothUtils( 8588): blockedByLocationOff callingUid=1002
09-01 14:34:00.692 I/BluetoothUtils( 8588): packagename is android.uid.bluetooth:1002 ,and its permission is false
09-01 14:34:00.693 D/BluetoothUtils( 8588): blockedByLocationOff callingUid=1002
09-01 14:34:00.694 I/BluetoothUtils( 8588): packagename is android.uid.bluetooth:1002 ,and its permission is false
09-01 14:34:00.694 D/BluetoothUtils( 8588): blockedByLocationOff callingUid=1002
09-01 14:34:00.694 I/appium  (10741): channel read invoked!
09-01 14:34:00.694 I/appium  (10741): channel read: GET /wd/hub/session/a4d7b541-3cc2-4590-a0d7-423994c151e3/screenshot
09-01 14:34:00.695 I/BluetoothUtils( 8588): packagename is android.uid.bluetooth:1002 ,and its permission is false
09-01 14:34:00.695 D/BluetoothUtils( 8588): blockedByLocationOff callingUid=1002
09-01 14:34:00.695 I/appium  (10741): Capture screenshot command
09-01 14:34:00.695 I/BluetoothUtils( 8588): packagename is android.uid.bluetooth:1002 ,and its permission is false
09-01 14:34:00.727 V/bt_stack( 8588): [VERBOSE1:btm_ble_gap.cc(1923)] btm_ble_process_ext_adv_pkt: bda=38:f9:d3:45:87:1e
09-01 14:34:00.728 V/bt_stack( 8588): [VERBOSE1:btm_ble_gap.cc(1847)] btm_ble_process_adv_addr: bda=38:f9:d3:45:87:1e
09-01 14:34:00.728 V/bt_stack( 8588): [VERBOSE1:btm_ble_gap.cc(2052)]  Waiting for scan response 38:f9:d3:45:87:1e
09-01 14:34:00.728 V/bt_stack( 8588): [VERBOSE1:btm_ble_gap.cc(1923)] btm_ble_process_ext_adv_pkt: bda=38:f9:d3:45:87:1e
09-01 14:34:00.728 V/bt_stack( 8588): [VERBOSE1:btm_ble_gap.cc(1847)] btm_ble_process_adv_addr: bda=38:f9:d3:45:87:1e
09-01 14:34:00.729 D/BluetoothUtils( 8588): blockedByLocationOff callingUid=1002
09-01 14:34:00.729 I/BluetoothUtils( 8588): packagename is android.uid.bluetooth:1002 ,and its permission is false
09-01 14:34:00.730 D/BluetoothUtils( 8588): blockedByLocationOff callingUid=1002
09-01 14:34:00.730 I/BluetoothUtils( 8588): packagename is android.uid.bluetooth:1002 ,and its permission is false
09-01 14:34:00.730 D/BluetoothUtils( 8588): blockedByLocationOff callingUid=1002
09-01 14:34:00.731 I/BluetoothUtils( 8588): packagename is android.uid.bluetooth:1002 ,and its permission is false
09-01 14:34:00.742 V/bt_stack( 8588): [VERBOSE1:btm_ble_gap.cc(1923)] btm_ble_process_ext_adv_pkt: bda=fb:6c:b6:2d:47:ad
09-01 14:34:00.743 V/bt_stack( 8588): [VERBOSE1:btm_ble_gap.cc(1847)] btm_ble_process_adv_addr: bda=fb:6c:b6:2d:47:ad
09-01 14:34:00.743 V/bt_stack( 8588): [VERBOSE1:btm_ble_gap.cc(2052)]  Waiting for scan response fb:6c:b6:2d:47:ad
09-01 14:34:00.743 V/bt_stack( 8588): [VERBOSE1:btm_ble_gap.cc(1923)] btm_ble_process_ext_adv_pkt: bda=0a:29:89:b7:c8:4a
09-01 14:34:00.743 V/bt_stack( 8588): [VERBOSE1:btm_ble_gap.cc(1847)] btm_ble_process_adv_addr: bda=0a:29:89:b7:c8:4a
09-01 14:34:00.744 D/BluetoothUtils( 8588): blockedByLocationOff callingUid=1002
09-01 14:34:00.744 I/BluetoothUtils( 8588): packagename is android.uid.bluetooth:1002 ,and its permission is false
09-01 14:34:00.744 D/BluetoothUtils( 8588): blockedByLocationOff callingUid=1002
09-01 14:34:00.745 I/BluetoothUtils( 8588): packagename is android.uid.bluetooth:1002 ,and its permission is false
09-01 14:34:00.745 D/BluetoothUtils( 8588): blockedByLocationOff callingUid=1002
09-01 14:34:00.745 I/BluetoothUtils( 8588): packagename is android.uid.bluetooth:1002 ,and its permission is false
09-01 14:34:00.745 V/bt_stack( 8588): [VERBOSE1:btm_ble_gap.cc(1923)] btm_ble_process_ext_adv_pkt: bda=35:38:49:78:be:f0
09-01 14:34:00.745 V/bt_stack( 8588): [VERBOSE1:btm_ble_gap.cc(1847)] btm_ble_process_adv_addr: bda=35:38:49:78:be:f0
09-01 14:34:00.747 D/BluetoothUtils( 8588): blockedByLocationOff callingUid=1002
09-01 14:34:00.747 V/bt_stack( 8588): [VERBOSE1:btm_ble_gap.cc(1923)] btm_ble_process_ext_adv_pkt: bda=01:f5:30:c0:9b:7a
09-01 14:34:00.747 V/bt_stack( 8588): [VERBOSE1:btm_ble_gap.cc(1847)] btm_ble_process_adv_addr: bda=01:f5:30:c0:9b:7a
09-01 14:34:00.747 I/BluetoothUtils( 8588): packagename is android.uid.bluetooth:1002 ,and its permission is false
09-01 14:34:00.747 D/BluetoothUtils( 8588): blockedByLocationOff callingUid=1002
09-01 14:34:00.748 I/BluetoothUtils( 8588): packagename is android.uid.bluetooth:1002 ,and its permission is false
09-01 14:34:00.748 D/BluetoothUtils( 8588): blockedByLocationOff callingUid=1002
09-01 14:34:00.748 I/BluetoothUtils( 8588): packagename is android.uid.bluetooth:1002 ,and its permission is false
09-01 14:34:00.749 D/BluetoothUtils( 8588): blockedByLocationOff callingUid=1002
09-01 14:34:00.749 I/BluetoothUtils( 8588): packagename is android.uid.bluetooth:1002 ,and its permission is false
09-01 14:34:00.749 D/BluetoothUtils( 8588): blockedByLocationOff callingUid=1002
09-01 14:34:00.749 I/BluetoothUtils( 8588): packagename is android.uid.bluetooth:1002 ,and its permission is false
09-01 14:34:00.749 D/BluetoothUtils( 8588): blockedByLocationOff callingUid=1002
09-01 14:34:00.750 I/BluetoothUtils( 8588): packagename is android.uid.bluetooth:1002 ,and its permission is false
09-01 14:34:00.764 V/bt_stack( 8588): [VERBOSE1:btm_ble_gap.cc(1923)] btm_ble_process_ext_adv_pkt: bda=67:ec:83:7e:42:50
09-01 14:34:00.764 V/bt_stack( 8588): [VERBOSE1:btm_ble_gap.cc(1847)] btm_ble_process_adv_addr: bda=67:ec:83:7e:42:50
09-01 14:34:00.764 V/bt_stack( 8588): [VERBOSE1:btm_ble_gap.cc(2052)]  Waiting for scan response 67:ec:83:7e:42:50
09-01 14:34:00.764 V/bt_stack( 8588): [VERBOSE1:btm_ble_gap.cc(1923)] btm_ble_process_ext_adv_pkt: bda=38:f9:d3:45:87:1e
09-01 14:34:00.764 V/bt_stack( 8588): [VERBOSE1:btm_ble_gap.cc(1847)] btm_ble_process_adv_addr: bda=38:f9:d3:45:87:1e
09-01 14:34:00.765 V/bt_stack( 8588): [VERBOSE1:btm_ble_gap.cc(2052)]  Waiting for scan response 38:f9:d3:45:87:1e
09-01 14:34:00.765 V/bt_stack( 8588): [VERBOSE1:btm_ble_gap.cc(1923)] btm_ble_process_ext_adv_pkt: bda=38:f9:d3:45:87:1e
09-01 14:34:00.765 V/bt_stack( 8588): [VERBOSE1:btm_ble_gap.cc(1847)] btm_ble_process_adv_addr: bda=38:f9:d3:45:87:1e
09-01 14:34:00.765 D/BluetoothUtils( 8588): blockedByLocationOff callingUid=1002
09-01 14:34:00.766 I/BluetoothUtils( 8588): packagename is android.uid.bluetooth:1002 ,and its permission is false
09-01 14:34:00.766 D/BluetoothUtils( 8588): blockedByLocationOff callingUid=1002
09-01 14:34:00.766 I/BluetoothUtils( 8588): packagename is android.uid.bluetooth:1002 ,and its permission is false
09-01 14:34:00.766 D/BluetoothUtils( 8588): blockedByLocationOff callingUid=1002
09-01 14:34:00.767 I/BluetoothUtils( 8588): packagename is android.uid.bluetooth:1002 ,and its permission is false
09-01 14:34:00.767 V/bt_stack( 8588): [VERBOSE1:btm_ble_gap.cc(1923)] btm_ble_process_ext_adv_pkt: bda=56:e4:da:79:d5:88
09-01 14:34:00.767 V/bt_stack( 8588): [VERBOSE1:btm_ble_gap.cc(1847)] btm_ble_process_adv_addr: bda=56:e4:da:79:d5:88
09-01 14:34:00.767 V/bt_stack( 8588): [VERBOSE1:btm_ble_gap.cc(2052)]  Waiting for scan response 56:e4:da:79:d5:88
09-01 14:34:00.768 V/bt_stack( 8588): [VERBOSE1:btm_ble_gap.cc(1923)] btm_ble_process_ext_adv_pkt: bda=56:e4:da:79:d5:88
09-01 14:34:00.768 V/bt_stack( 8588): [VERBOSE1:btm_ble_gap.cc(1847)] btm_ble_process_adv_addr: bda=56:e4:da:79:d5:88
09-01 14:34:00.769 D/BluetoothUtils( 8588): blockedByLocationOff callingUid=1002
09-01 14:34:00.769 I/BluetoothUtils( 8588): packagename is android.uid.bluetooth:1002 ,and its permission is false
09-01 14:34:00.770 D/BluetoothUtils( 8588): blockedByLocationOff callingUid=1002
09-01 14:34:00.770 I/BluetoothUtils( 8588): packagename is android.uid.bluetooth:1002 ,and its permission is false
09-01 14:34:00.770 D/BluetoothUtils( 8588): blockedByLocationOff callingUid=1002
09-01 14:34:00.770 I/BluetoothUtils( 8588): packagename is android.uid.bluetooth:1002 ,and its permission is false
09-01 14:34:00.771 V/bt_stack( 8588): [VERBOSE1:btm_ble_gap.cc(1923)] btm_ble_process_ext_adv_pkt: bda=2a:1b:52:ac:62:5d
09-01 14:34:00.771 V/bt_stack( 8588): [VERBOSE1:btm_ble_gap.cc(1847)] btm_ble_process_adv_addr: bda=2a:1b:52:ac:62:5d
09-01 14:34:00.772 D/BluetoothUtils( 8588): blockedByLocationOff callingUid=1002
09-01 14:34:00.772 I/BluetoothUtils( 8588): packagename is android.uid.bluetooth:1002 ,and its permission is false
09-01 14:34:00.773 D/BluetoothUtils( 8588): blockedByLocationOff callingUid=1002
09-01 14:34:00.775 I/BluetoothUtils( 8588): packagename is android.uid.bluetooth:1002 ,and its permission is false
09-01 14:34:00.775 D/BluetoothUtils( 8588): blockedByLocationOff callingUid=1002
09-01 14:34:00.776 I/BluetoothUtils( 8588): packagename is android.uid.bluetooth:1002 ,and its permission is false
09-01 14:34:00.811 I/vendor.qti.bluetooth@1.0-ibs_handler(19843): ProcessIbsCmd: Received IBS_SLEEP_IND: 0xFE
09-01 14:34:00.811 D/vendor.qti.bluetooth@1.0-ibs_handler(19843): SerialClockVote: vote for UART CLK OFF
09-01 14:34:00.827 I/vendor.qti.bluetooth@1.0-ibs_handler(19843): ProcessIbsCmd: Received IBS_WAKE_IND: 0xFD
09-01 14:34:00.827 D/vendor.qti.bluetooth@1.0-ibs_handler(19843): SerialClockVote: vote for UART CLK ON
09-01 14:34:00.827 I/vendor.qti.bluetooth@1.0-ibs_handler(19843): ProcessIbsCmd: Writing IBS_WAKE_ACK
09-01 14:34:00.829 V/bt_stack( 8588): [VERBOSE1:btm_ble_gap.cc(1923)] btm_ble_process_ext_adv_pkt: bda=12:f7:c7:df:cb:b1
09-01 14:34:00.829 V/bt_stack( 8588): [VERBOSE1:btm_ble_gap.cc(1847)] btm_ble_process_adv_addr: bda=12:f7:c7:df:cb:b1
09-01 14:34:00.831 D/BluetoothUtils( 8588): blockedByLocationOff callingUid=1002
09-01 14:34:00.831 I/BluetoothUtils( 8588): packagename is android.uid.bluetooth:1002 ,and its permission is false
09-01 14:34:00.831 D/BluetoothUtils( 8588): blockedByLocationOff callingUid=1002
09-01 14:34:00.832 I/BluetoothUtils( 8588): packagename is android.uid.bluetooth:1002 ,and its permission is false
09-01 14:34:00.832 D/BluetoothUtils( 8588): blockedByLocationOff callingUid=1002
09-01 14:34:00.832 I/BluetoothUtils( 8588): packagename is android.uid.bluetooth:1002 ,and its permission is false
09-01 14:34:00.832 V/bt_stack( 8588): [VERBOSE1:btm_ble_gap.cc(1923)] btm_ble_process_ext_adv_pkt: bda=33:5c:08:c6:ed:02
09-01 14:34:00.832 V/bt_stack( 8588): [VERBOSE1:btm_ble_gap.cc(1847)] btm_ble_process_adv_addr: bda=33:5c:08:c6:ed:02
09-01 14:34:00.833 I/hwservicemanager(  573): getTransport: Cannot find entry android.hardware.graphics.mapper@3.0::IMapper/default in either framework or device manifest.
09-01 14:34:00.833 W/Gralloc3(11134): mapper 3.x is not supported
09-01 14:34:00.833 D/BluetoothUtils( 8588): blockedByLocationOff callingUid=1002
09-01 14:34:00.834 I/BluetoothUtils( 8588): packagename is android.uid.bluetooth:1002 ,and its permission is false
09-01 14:34:00.834 D/BluetoothUtils( 8588): blockedByLocationOff callingUid=1002
09-01 14:34:00.834 V/bt_stack( 8588): [VERBOSE1:btm_ble_gap.cc(1923)] btm_ble_process_ext_adv_pkt: bda=38:f9:d3:45:87:1e
09-01 14:34:00.834 V/bt_stack( 8588): [VERBOSE1:btm_ble_gap.cc(1847)] btm_ble_process_adv_addr: bda=38:f9:d3:45:87:1e
09-01 14:34:00.834 V/bt_stack( 8588): [VERBOSE1:btm_ble_gap.cc(2052)]  Waiting for scan response 38:f9:d3:45:87:1e
09-01 14:34:00.834 V/bt_stack( 8588): [VERBOSE1:btm_ble_gap.cc(1923)] btm_ble_process_ext_adv_pkt: bda=38:f9:d3:45:87:1e
09-01 14:34:00.834 V/bt_stack( 8588): [VERBOSE1:btm_ble_gap.cc(1847)] btm_ble_process_adv_addr: bda=38:f9:d3:45:87:1e
09-01 14:34:00.834 I/BluetoothUtils( 8588): packagename is android.uid.bluetooth:1002 ,and its permission is false
09-01 14:34:00.835 D/BluetoothUtils( 8588): blockedByLocationOff callingUid=1002
09-01 14:34:00.835 I/BluetoothUtils( 8588): packagename is android.uid.bluetooth:1002 ,and its permission is false
09-01 14:34:00.835 D/BluetoothUtils( 8588): blockedByLocationOff callingUid=1002
09-01 14:34:00.836 I/BluetoothUtils( 8588): packagename is android.uid.bluetooth:1002 ,and its permission is false
09-01 14:34:00.836 D/BluetoothUtils( 8588): blockedByLocationOff callingUid=1002
09-01 14:34:00.836 I/BluetoothUtils( 8588): packagename is android.uid.bluetooth:1002 ,and its permission is false
09-01 14:34:00.836 D/BluetoothUtils( 8588): blockedByLocationOff callingUid=1002
09-01 14:34:00.837 V/bt_stack( 8588): [VERBOSE1:btm_ble_gap.cc(1923)] btm_ble_process_ext_adv_pkt: bda=19:30:6d:c4:b5:5b
09-01 14:34:00.837 I/BluetoothUtils( 8588): packagename is android.uid.bluetooth:1002 ,and its permission is false
09-01 14:34:00.837 V/bt_stack( 8588): [VERBOSE1:btm_ble_gap.cc(1847)] btm_ble_process_adv_addr: bda=19:30:6d:c4:b5:5b
09-01 14:34:00.838 D/BluetoothUtils( 8588): blockedByLocationOff callingUid=1002
09-01 14:34:00.838 I/BluetoothUtils( 8588): packagename is android.uid.bluetooth:1002 ,and its permission is false
09-01 14:34:00.838 D/BluetoothUtils( 8588): blockedByLocationOff callingUid=1002
09-01 14:34:00.839 I/BluetoothUtils( 8588): packagename is android.uid.bluetooth:1002 ,and its permission is false
09-01 14:34:00.839 D/BluetoothUtils( 8588): blockedByLocationOff callingUid=1002
09-01 14:34:00.840 W/screencap(11134): type=1400 audit(0.0:63983): avc: denied { search } for name="kgsl" dev="sysfs" ino=55624 scontext=u:r:shell:s0 tcontext=u:object_r:sysfs_kgsl:s0 tclass=dir permissive=0
09-01 14:34:00.839 I/BluetoothUtils( 8588): packagename is android.uid.bluetooth:1002 ,and its permission is false
09-01 14:34:00.840 V/bt_stack( 8588): [VERBOSE1:btm_ble_gap.cc(1923)] btm_ble_process_ext_adv_pkt: bda=07:e4:7f:b4:5f:d9
09-01 14:34:00.840 V/bt_stack( 8588): [VERBOSE1:btm_ble_gap.cc(1847)] btm_ble_process_adv_addr: bda=07:e4:7f:b4:5f:d9
09-01 14:34:00.841 D/BluetoothUtils( 8588): blockedByLocationOff callingUid=1002
09-01 14:34:00.842 I/BluetoothUtils( 8588): packagename is android.uid.bluetooth:1002 ,and its permission is false
09-01 14:34:00.842 D/BluetoothUtils( 8588): blockedByLocationOff callingUid=1002
09-01 14:34:00.842 I/BluetoothUtils( 8588): packagename is android.uid.bluetooth:1002 ,and its permission is false
09-01 14:34:00.842 D/BluetoothUtils( 8588): blockedByLocationOff callingUid=1002
09-01 14:34:00.842 I/BluetoothUtils( 8588): packagename is android.uid.bluetooth:1002 ,and its permission is false
09-01 14:34:00.846 W/AdrenoUtils(11134): <ReadGpuID_from_sysfs:194>: Failed to open /sys/class/kgsl/kgsl-3d0/gpu_model
09-01 14:34:00.846 W/AdrenoUtils(11134): <ReadGpuID:218>: Failed to read chip ID from gpu_model. Fallback to use the GSL path
09-01 14:34:00.851 V/bt_stack( 8588): [VERBOSE1:btm_ble_gap.cc(1923)] btm_ble_process_ext_adv_pkt: bda=0a:29:89:b7:c8:4a
09-01 14:34:00.852 V/bt_stack( 8588): [VERBOSE1:btm_ble_gap.cc(1847)] btm_ble_process_adv_addr: bda=0a:29:89:b7:c8:4a
09-01 14:34:00.852 D/BluetoothUtils( 8588): blockedByLocationOff callingUid=1002
09-01 14:34:00.853 I/BluetoothUtils( 8588): packagename is android.uid.bluetooth:1002 ,and its permission is false
09-01 14:34:00.853 D/BluetoothUtils( 8588): blockedByLocationOff callingUid=1002
09-01 14:34:00.853 I/BluetoothUtils( 8588): packagename is android.uid.bluetooth:1002 ,and its permission is false
09-01 14:34:00.853 V/bt_stack( 8588): [VERBOSE1:btm_ble_gap.cc(1923)] btm_ble_process_ext_adv_pkt: bda=17:7e:29:ab:4e:d0
09-01 14:34:00.853 D/BluetoothUtils( 8588): blockedByLocationOff callingUid=1002
09-01 14:34:00.853 V/bt_stack( 8588): [VERBOSE1:btm_ble_gap.cc(1847)] btm_ble_process_adv_addr: bda=17:7e:29:ab:4e:d0
09-01 14:34:00.854 I/BluetoothUtils( 8588): packagename is android.uid.bluetooth:1002 ,and its permission is false
09-01 14:34:00.854 D/BluetoothUtils( 8588): blockedByLocationOff callingUid=1002
09-01 14:34:00.855 I/BluetoothUtils( 8588): packagename is android.uid.bluetooth:1002 ,and its permission is false
09-01 14:34:00.855 D/BluetoothUtils( 8588): blockedByLocationOff callingUid=1002
09-01 14:34:00.855 I/BluetoothUtils( 8588): packagename is android.uid.bluetooth:1002 ,and its permission is false
09-01 14:34:00.855 D/BluetoothUtils( 8588): blockedByLocationOff callingUid=1002
09-01 14:34:00.856 I/BluetoothUtils( 8588): packagename is android.uid.bluetooth:1002 ,and its permission is false
09-01 14:34:00.867 V/bt_stack( 8588): [VERBOSE1:btm_ble_gap.cc(1923)] btm_ble_process_ext_adv_pkt: bda=db:10:f5:c4:2c:b0
09-01 14:34:00.867 V/bt_stack( 8588): [VERBOSE1:btm_ble_gap.cc(1847)] btm_ble_process_adv_addr: bda=db:10:f5:c4:2c:b0
09-01 14:34:00.867 V/bt_stack( 8588): [VERBOSE1:btm_ble_gap.cc(2052)]  Waiting for scan response db:10:f5:c4:2c:b0
09-01 14:34:00.867 V/bt_stack( 8588): [VERBOSE1:btm_ble_gap.cc(1923)] btm_ble_process_ext_adv_pkt: bda=35:30:8d:fa:af:e0
09-01 14:34:00.867 V/bt_stack( 8588): [VERBOSE1:btm_ble_gap.cc(1847)] btm_ble_process_adv_addr: bda=35:30:8d:fa:af:e0
09-01 14:34:00.867 V/bt_stack( 8588): [VERBOSE1:btm_ble_gap.cc(1923)] btm_ble_process_ext_adv_pkt: bda=53:f2:a2:69:23:e6
09-01 14:34:00.867 V/bt_stack( 8588): [VERBOSE1:btm_ble_gap.cc(1847)] btm_ble_process_adv_addr: bda=53:f2:a2:69:23:e6
09-01 14:34:00.868 D/BluetoothUtils( 8588): blockedByLocationOff callingUid=1002
09-01 14:34:00.869 I/BluetoothUtils( 8588): packagename is android.uid.bluetooth:1002 ,and its permission is false
09-01 14:34:00.869 D/BluetoothUtils( 8588): blockedByLocationOff callingUid=1002
09-01 14:34:00.869 I/BluetoothUtils( 8588): packagename is android.uid.bluetooth:1002 ,and its permission is false
09-01 14:34:00.869 D/BluetoothUtils( 8588): blockedByLocationOff callingUid=1002
09-01 14:34:00.870 I/BluetoothUtils( 8588): packagename is android.uid.bluetooth:1002 ,and its permission is false
09-01 14:34:00.871 D/BluetoothUtils( 8588): blockedByLocationOff callingUid=1002
09-01 14:34:00.871 I/BluetoothUtils( 8588): packagename is android.uid.bluetooth:1002 ,and its permission is false
09-01 14:34:00.872 D/BluetoothUtils( 8588): blockedByLocationOff callingUid=1002
09-01 14:34:00.872 I/BluetoothUtils( 8588): packagename is android.uid.bluetooth:1002 ,and its permission is false
09-01 14:34:00.872 D/BluetoothUtils( 8588): blockedByLocationOff callingUid=1002
09-01 14:34:00.872 I/BluetoothUtils( 8588): packagename is android.uid.bluetooth:1002 ,and its permission is false
09-01 14:34:00.878 V/bt_stack( 8588): [VERBOSE1:btm_ble_gap.cc(1923)] btm_ble_process_ext_adv_pkt: bda=78:4f:43:58:80:7a
09-01 14:34:00.878 V/bt_stack( 8588): [VERBOSE1:btm_ble_gap.cc(1847)] btm_ble_process_adv_addr: bda=78:4f:43:58:80:7a
09-01 14:34:00.878 V/bt_stack( 8588): [VERBOSE1:btm_ble_gap.cc(2052)]  Waiting for scan response 78:4f:43:58:80:7a
09-01 14:34:00.878 V/bt_stack( 8588): [VERBOSE1:btm_ble_gap.cc(1923)] btm_ble_process_ext_adv_pkt: bda=56:e4:da:79:d5:88
09-01 14:34:00.878 V/bt_stack( 8588): [VERBOSE1:btm_ble_gap.cc(1847)] btm_ble_process_adv_addr: bda=56:e4:da:79:d5:88
09-01 14:34:00.878 V/bt_stack( 8588): [VERBOSE1:btm_ble_gap.cc(2052)]  Waiting for scan response 56:e4:da:79:d5:88
09-01 14:34:00.878 V/bt_stack( 8588): [VERBOSE1:btm_ble_gap.cc(1923)] btm_ble_process_ext_adv_pkt: bda=56:e4:da:79:d5:88
09-01 14:34:00.879 V/bt_stack( 8588): [VERBOSE1:btm_ble_gap.cc(1847)] btm_ble_process_adv_addr: bda=56:e4:da:79:d5:88
09-01 14:34:00.880 D/BluetoothUtils( 8588): blockedByLocationOff callingUid=1002
09-01 14:34:00.880 I/BluetoothUtils( 8588): packagename is android.uid.bluetooth:1002 ,and its permission is false
09-01 14:34:00.880 D/BluetoothUtils( 8588): blockedByLocationOff callingUid=1002
09-01 14:34:00.881 I/BluetoothUtils( 8588): packagename is android.uid.bluetooth:1002 ,and its permission is false
09-01 14:34:00.881 D/BluetoothUtils( 8588): blockedByLocationOff callingUid=1002
09-01 14:34:00.881 I/BluetoothUtils( 8588): packagename is android.uid.bluetooth:1002 ,and its permission is false
09-01 14:34:00.898 V/bt_stack( 8588): [VERBOSE1:btm_ble_gap.cc(1923)] btm_ble_process_ext_adv_pkt: bda=6a:1a:31:28:a4:f8
09-01 14:34:00.898 V/bt_stack( 8588): [VERBOSE1:btm_ble_gap.cc(1847)] btm_ble_process_adv_addr: bda=6a:1a:31:28:a4:f8
09-01 14:34:00.900 D/BluetoothUtils( 8588): blockedByLocationOff callingUid=1002
09-01 14:34:00.900 V/bt_stack( 8588): [VERBOSE1:btm_ble_gap.cc(1923)] btm_ble_process_ext_adv_pkt: bda=1b:39:55:3e:e3:6c
09-01 14:34:00.900 V/bt_stack( 8588): [VERBOSE1:btm_ble_gap.cc(1847)] btm_ble_process_adv_addr: bda=1b:39:55:3e:e3:6c
09-01 14:34:00.900 I/BluetoothUtils( 8588): packagename is android.uid.bluetooth:1002 ,and its permission is false
09-01 14:34:00.901 D/BluetoothUtils( 8588): blockedByLocationOff callingUid=1002
09-01 14:34:00.901 I/BluetoothUtils( 8588): packagename is android.uid.bluetooth:1002 ,and its permission is false
09-01 14:34:00.901 D/BluetoothUtils( 8588): blockedByLocationOff callingUid=1002
09-01 14:34:00.901 I/BluetoothUtils( 8588): packagename is android.uid.bluetooth:1002 ,and its permission is false
09-01 14:34:00.903 D/BluetoothUtils( 8588): blockedByLocationOff callingUid=1002
09-01 14:34:00.904 I/BluetoothUtils( 8588): packagename is android.uid.bluetooth:1002 ,and its permission is false
09-01 14:34:00.904 D/BluetoothUtils( 8588): blockedByLocationOff callingUid=1002
09-01 14:34:00.905 I/BluetoothUtils( 8588): packagename is android.uid.bluetooth:1002 ,and its permission is false
09-01 14:34:00.905 D/BluetoothUtils( 8588): blockedByLocationOff callingUid=1002
09-01 14:34:00.906 I/BluetoothUtils( 8588): packagename is android.uid.bluetooth:1002 ,and its permission is false
09-01 14:34:00.907 V/bt_stack( 8588): [VERBOSE1:btm_ble_gap.cc(1923)] btm_ble_process_ext_adv_pkt: bda=12:72:eb:81:32:03
09-01 14:34:00.907 V/bt_stack( 8588): [VERBOSE1:btm_ble_gap.cc(1847)] btm_ble_process_adv_addr: bda=12:72:eb:81:32:03
09-01 14:34:00.909 D/BluetoothUtils( 8588): blockedByLocationOff callingUid=1002
09-01 14:34:00.909 I/BluetoothUtils( 8588): packagename is android.uid.bluetooth:1002 ,and its permission is false
09-01 14:34:00.909 D/BluetoothUtils( 8588): blockedByLocationOff callingUid=1002
09-01 14:34:00.909 I/BluetoothUtils( 8588): packagename is android.uid.bluetooth:1002 ,and its permission is false
09-01 14:34:00.910 D/BluetoothUtils( 8588): blockedByLocationOff callingUid=1002
09-01 14:34:00.910 I/BluetoothUtils( 8588): packagename is android.uid.bluetooth:1002 ,and its permission is false
09-01 14:34:00.911 V/bt_stack( 8588): [VERBOSE1:btm_ble_gap.cc(1923)] btm_ble_process_ext_adv_pkt: bda=38:f9:d3:45:87:1e
09-01 14:34:00.911 V/bt_stack( 8588): [VERBOSE1:btm_ble_gap.cc(1847)] btm_ble_process_adv_addr: bda=38:f9:d3:45:87:1e
09-01 14:34:00.911 V/bt_stack( 8588): [VERBOSE1:btm_ble_gap.cc(2052)]  Waiting for scan response 38:f9:d3:45:87:1e
09-01 14:34:00.911 V/bt_stack( 8588): [VERBOSE1:btm_ble_gap.cc(1923)] btm_ble_process_ext_adv_pkt: bda=38:f9:d3:45:87:1e
09-01 14:34:00.911 V/bt_stack( 8588): [VERBOSE1:btm_ble_gap.cc(1847)] btm_ble_process_adv_addr: bda=38:f9:d3:45:87:1e
09-01 14:34:00.912 D/BluetoothUtils( 8588): blockedByLocationOff callingUid=1002
09-01 14:34:00.912 I/BluetoothUtils( 8588): packagename is android.uid.bluetooth:1002 ,and its permission is false
09-01 14:34:00.912 D/BluetoothUtils( 8588): blockedByLocationOff callingUid=1002
09-01 14:34:00.913 I/BluetoothUtils( 8588): packagename is android.uid.bluetooth:1002 ,and its permission is false
09-01 14:34:00.913 D/BluetoothUtils( 8588): blockedByLocationOff callingUid=1002
09-01 14:34:00.913 I/BluetoothUtils( 8588): packagename is android.uid.bluetooth:1002 ,and its permission is false
09-01 14:34:00.924 V/bt_stack( 8588): [VERBOSE1:btm_ble_gap.cc(1923)] btm_ble_process_ext_adv_pkt: bda=56:e4:da:79:d5:88
09-01 14:34:00.925 V/bt_stack( 8588): [VERBOSE1:btm_ble_gap.cc(1847)] btm_ble_process_adv_addr: bda=56:e4:da:79:d5:88
09-01 14:34:00.925 V/bt_stack( 8588): [VERBOSE1:btm_ble_gap.cc(2052)]  Waiting for scan response 56:e4:da:79:d5:88
09-01 14:34:00.938 V/bt_stack( 8588): [VERBOSE1:btm_ble_gap.cc(1923)] btm_ble_process_ext_adv_pkt: bda=4d:fc:af:c2:b2:22
09-01 14:34:00.938 V/bt_stack( 8588): [VERBOSE1:btm_ble_gap.cc(1847)] btm_ble_process_adv_addr: bda=4d:fc:af:c2:b2:22
09-01 14:34:00.938 V/bt_stack( 8588): [VERBOSE1:btm_ble_gap.cc(2052)]  Waiting for scan response 4d:fc:af:c2:b2:22
09-01 14:34:00.938 V/bt_stack( 8588): [VERBOSE1:btm_ble_gap.cc(1923)] btm_ble_process_ext_adv_pkt: bda=44:ca:73:cc:df:42
09-01 14:34:00.938 V/bt_stack( 8588): [VERBOSE1:btm_ble_gap.cc(1847)] btm_ble_process_adv_addr: bda=44:ca:73:cc:df:42
09-01 14:34:00.938 V/bt_stack( 8588): [VERBOSE1:btm_ble_gap.cc(2052)]  Waiting for scan response 44:ca:73:cc:df:42
09-01 14:34:00.938 V/bt_stack( 8588): [VERBOSE1:btm_ble_gap.cc(1923)] btm_ble_process_ext_adv_pkt: bda=44:ca:73:cc:df:42
09-01 14:34:00.938 V/bt_stack( 8588): [VERBOSE1:btm_ble_gap.cc(1847)] btm_ble_process_adv_addr: bda=44:ca:73:cc:df:42
09-01 14:34:00.940 D/BluetoothUtils( 8588): blockedByLocationOff callingUid=1002
09-01 14:34:00.940 I/BluetoothUtils( 8588): packagename is android.uid.bluetooth:1002 ,and its permission is false
09-01 14:34:00.941 D/BluetoothUtils( 8588): blockedByLocationOff callingUid=1002
09-01 14:34:00.941 I/BluetoothUtils( 8588): packagename is android.uid.bluetooth:1002 ,and its permission is false
09-01 14:34:00.941 D/BluetoothUtils( 8588): blockedByLocationOff callingUid=1002
09-01 14:34:00.941 I/BluetoothUtils( 8588): packagename is android.uid.bluetooth:1002 ,and its permission is false
09-01 14:34:00.946 V/bt_stack( 8588): [VERBOSE1:btm_ble_gap.cc(1923)] btm_ble_process_ext_adv_pkt: bda=38:f9:d3:45:87:1e
09-01 14:34:00.947 V/bt_stack( 8588): [VERBOSE1:btm_ble_gap.cc(1847)] btm_ble_process_adv_addr: bda=38:f9:d3:45:87:1e
09-01 14:34:00.947 V/bt_stack( 8588): [VERBOSE1:btm_ble_gap.cc(2052)]  Waiting for scan response 38:f9:d3:45:87:1e
09-01 14:34:00.947 V/bt_stack( 8588): [VERBOSE1:btm_ble_gap.cc(1923)] btm_ble_process_ext_adv_pkt: bda=38:f9:d3:45:87:1e
09-01 14:34:00.947 V/bt_stack( 8588): [VERBOSE1:btm_ble_gap.cc(1847)] btm_ble_process_adv_addr: bda=38:f9:d3:45:87:1e
09-01 14:34:00.948 D/BluetoothUtils( 8588): blockedByLocationOff callingUid=1002
09-01 14:34:00.948 I/BluetoothUtils( 8588): packagename is android.uid.bluetooth:1002 ,and its permission is false
09-01 14:34:00.948 D/BluetoothUtils( 8588): blockedByLocationOff callingUid=1002
09-01 14:34:00.949 I/BluetoothUtils( 8588): packagename is android.uid.bluetooth:1002 ,and its permission is false
09-01 14:34:00.949 D/BluetoothUtils( 8588): blockedByLocationOff callingUid=1002
09-01 14:34:00.950 I/BluetoothUtils( 8588): packagename is android.uid.bluetooth:1002 ,and its permission is false
09-01 14:34:00.955 V/bt_stack( 8588): [VERBOSE1:btm_ble_gap.cc(1923)] btm_ble_process_ext_adv_pkt: bda=66:3e:07:e0:2b:d4
09-01 14:34:00.955 V/bt_stack( 8588): [VERBOSE1:btm_ble_gap.cc(1847)] btm_ble_process_adv_addr: bda=66:3e:07:e0:2b:d4
09-01 14:34:00.955 V/bt_stack( 8588): [VERBOSE1:btm_ble_gap.cc(2052)]  Waiting for scan response 66:3e:07:e0:2b:d4
09-01 14:34:00.955 V/bt_stack( 8588): [VERBOSE1:btm_ble_gap.cc(1923)] btm_ble_process_ext_adv_pkt: bda=17:7e:29:ab:4e:d0
09-01 14:34:00.955 V/bt_stack( 8588): [VERBOSE1:btm_ble_gap.cc(1847)] btm_ble_process_adv_addr: bda=17:7e:29:ab:4e:d0
09-01 14:34:00.956 D/BluetoothUtils( 8588): blockedByLocationOff callingUid=1002
09-01 14:34:00.957 I/BluetoothUtils( 8588): packagename is android.uid.bluetooth:1002 ,and its permission is false
09-01 14:34:00.957 D/BluetoothUtils( 8588): blockedByLocationOff callingUid=1002
09-01 14:34:00.957 I/BluetoothUtils( 8588): packagename is android.uid.bluetooth:1002 ,and its permission is false
09-01 14:34:00.957 D/BluetoothUtils( 8588): blockedByLocationOff callingUid=1002
09-01 14:34:00.958 I/BluetoothUtils( 8588): packagename is android.uid.bluetooth:1002 ,and its permission is false
09-01 14:34:00.968 V/bt_stack( 8588): [VERBOSE1:btm_ble_gap.cc(1923)] btm_ble_process_ext_adv_pkt: bda=45:55:7e:66:6f:d0
09-01 14:34:00.968 V/bt_stack( 8588): [VERBOSE1:btm_ble_gap.cc(1847)] btm_ble_process_adv_addr: bda=45:55:7e:66:6f:d0
09-01 14:34:00.968 V/bt_stack( 8588): [VERBOSE1:btm_ble_gap.cc(2052)]  Waiting for scan response 45:55:7e:66:6f:d0
09-01 14:34:00.968 V/bt_stack( 8588): [VERBOSE1:btm_ble_gap.cc(1923)] btm_ble_process_ext_adv_pkt: bda=36:c9:49:a0:b6:9d
09-01 14:34:00.968 V/bt_stack( 8588): [VERBOSE1:btm_ble_gap.cc(1847)] btm_ble_process_adv_addr: bda=36:c9:49:a0:b6:9d
09-01 14:34:00.969 D/BluetoothUtils( 8588): blockedByLocationOff callingUid=1002
09-01 14:34:00.970 I/BluetoothUtils( 8588): packagename is android.uid.bluetooth:1002 ,and its permission is false
09-01 14:34:00.970 D/BluetoothUtils( 8588): blockedByLocationOff callingUid=1002
09-01 14:34:00.970 I/BluetoothUtils( 8588): packagename is android.uid.bluetooth:1002 ,and its permission is false
09-01 14:34:00.971 D/BluetoothUtils( 8588): blockedByLocationOff callingUid=1002
09-01 14:34:00.971 I/BluetoothUtils( 8588): packagename is android.uid.bluetooth:1002 ,and its permission is false
09-01 14:34:00.976 V/bt_stack( 8588): [VERBOSE1:btm_ble_gap.cc(1923)] btm_ble_process_ext_adv_pkt: bda=38:f9:d3:45:87:1e
09-01 14:34:00.976 V/bt_stack( 8588): [VERBOSE1:btm_ble_gap.cc(1847)] btm_ble_process_adv_addr: bda=38:f9:d3:45:87:1e
09-01 14:34:00.976 V/bt_stack( 8588): [VERBOSE1:btm_ble_gap.cc(2052)]  Waiting for scan response 38:f9:d3:45:87:1e
09-01 14:34:00.976 V/bt_stack( 8588): [VERBOSE1:btm_ble_gap.cc(1923)] btm_ble_process_ext_adv_pkt: bda=38:f9:d3:45:87:1e
09-01 14:34:00.977 V/bt_stack( 8588): [VERBOSE1:btm_ble_gap.cc(1847)] btm_ble_process_adv_addr: bda=38:f9:d3:45:87:1e
09-01 14:34:00.978 D/BluetoothUtils( 8588): blockedByLocationOff callingUid=1002
09-01 14:34:00.978 I/BluetoothUtils( 8588): packagename is android.uid.bluetooth:1002 ,and its permission is false
09-01 14:34:00.979 D/BluetoothUtils( 8588): blockedByLocationOff callingUid=1002
09-01 14:34:00.979 I/BluetoothUtils( 8588): packagename is android.uid.bluetooth:1002 ,and its permission is false
09-01 14:34:00.979 D/BluetoothUtils( 8588): blockedByLocationOff callingUid=1002
09-01 14:34:00.980 I/BluetoothUtils( 8588): packagename is android.uid.bluetooth:1002 ,and its permission is false
09-01 14:34:00.984 V/bt_stack( 8588): [VERBOSE1:btm_ble_gap.cc(1923)] btm_ble_process_ext_adv_pkt: bda=63:e7:6b:57:ac:90
09-01 14:34:00.984 V/bt_stack( 8588): [VERBOSE1:btm_ble_gap.cc(1847)] btm_ble_process_adv_addr: bda=63:e7:6b:57:ac:90
09-01 14:34:00.984 V/bt_stack( 8588): [VERBOSE1:btm_ble_gap.cc(2052)]  Waiting for scan response 63:e7:6b:57:ac:90
09-01 14:34:00.984 V/bt_stack( 8588): [VERBOSE1:btm_ble_gap.cc(1923)] btm_ble_process_ext_adv_pkt: bda=63:e7:6b:57:ac:90
09-01 14:34:00.984 V/bt_stack( 8588): [VERBOSE1:btm_ble_gap.cc(1847)] btm_ble_process_adv_addr: bda=63:e7:6b:57:ac:90
09-01 14:34:00.985 V/bt_stack( 8588): [VERBOSE1:btm_ble_gap.cc(1923)] btm_ble_process_ext_adv_pkt: bda=2a:1b:52:ac:62:5d
09-01 14:34:00.985 V/bt_stack( 8588): [VERBOSE1:btm_ble_gap.cc(1847)] btm_ble_process_adv_addr: bda=2a:1b:52:ac:62:5d
09-01 14:34:00.986 D/BluetoothUtils( 8588): blockedByLocationOff callingUid=1002
09-01 14:34:00.986 I/BluetoothUtils( 8588): packagename is android.uid.bluetooth:1002 ,and its permission is false
09-01 14:34:00.986 D/BluetoothUtils( 8588): blockedByLocationOff callingUid=1002
09-01 14:34:00.987 I/BluetoothUtils( 8588): packagename is android.uid.bluetooth:1002 ,and its permission is false
09-01 14:34:00.987 D/BluetoothUtils( 8588): blockedByLocationOff callingUid=1002
09-01 14:34:00.987 I/BluetoothUtils( 8588): packagename is android.uid.bluetooth:1002 ,and its permission is false
09-01 14:34:00.988 D/BluetoothUtils( 8588): blockedByLocationOff callingUid=1002
09-01 14:34:00.988 I/BluetoothUtils( 8588): packagename is android.uid.bluetooth:1002 ,and its permission is false
09-01 14:34:00.988 D/BluetoothUtils( 8588): blockedByLocationOff callingUid=1002
09-01 14:34:00.988 I/BluetoothUtils( 8588): packagename is android.uid.bluetooth:1002 ,and its permission is false
09-01 14:34:00.988 D/BluetoothUtils( 8588): blockedByLocationOff callingUid=1002
09-01 14:34:00.989 I/BluetoothUtils( 8588): packagename is android.uid.bluetooth:1002 ,and its permission is false
09-01 14:34:00.992 V/bt_stack( 8588): [VERBOSE1:btm_ble_gap.cc(1923)] btm_ble_process_ext_adv_pkt: bda=12:06:34:8b:45:70
09-01 14:34:00.992 V/bt_stack( 8588): [VERBOSE1:btm_ble_gap.cc(1847)] btm_ble_process_adv_addr: bda=12:06:34:8b:45:70
09-01 14:34:00.993 D/BluetoothUtils( 8588): blockedByLocationOff callingUid=1002
09-01 14:34:00.994 I/BluetoothUtils( 8588): packagename is android.uid.bluetooth:1002 ,and its permission is false
09-01 14:34:00.994 D/BluetoothUtils( 8588): blockedByLocationOff callingUid=1002
09-01 14:34:00.994 I/BluetoothUtils( 8588): packagename is android.uid.bluetooth:1002 ,and its permission is false
09-01 14:34:00.994 D/BluetoothUtils( 8588): blockedByLocationOff callingUid=1002
09-01 14:34:00.994 I/BluetoothUtils( 8588): packagename is android.uid.bluetooth:1002 ,and its permission is false
09-01 14:34:01.002 V/bt_stack( 8588): [VERBOSE1:btm_ble_gap.cc(1923)] btm_ble_process_ext_adv_pkt: bda=53:20:ff:cd:6c:a4
09-01 14:34:01.003 V/bt_stack( 8588): [VERBOSE1:btm_ble_gap.cc(1847)] btm_ble_process_adv_addr: bda=53:20:ff:cd:6c:a4
09-01 14:34:01.003 V/bt_stack( 8588): [VERBOSE1:btm_ble_gap.cc(2052)]  Waiting for scan response 53:20:ff:cd:6c:a4
09-01 14:34:01.003 V/bt_stack( 8588): [VERBOSE1:btm_ble_gap.cc(1923)] btm_ble_process_ext_adv_pkt: bda=6a:1a:31:28:a4:f8
09-01 14:34:01.003 V/bt_stack( 8588): [VERBOSE1:btm_ble_gap.cc(1847)] btm_ble_process_adv_addr: bda=6a:1a:31:28:a4:f8
09-01 14:34:01.004 D/BluetoothUtils( 8588): blockedByLocationOff callingUid=1002
09-01 14:34:01.005 I/BluetoothUtils( 8588): packagename is android.uid.bluetooth:1002 ,and its permission is false
09-01 14:34:01.005 D/BluetoothUtils( 8588): blockedByLocationOff callingUid=1002
09-01 14:34:01.005 I/BluetoothUtils( 8588): packagename is android.uid.bluetooth:1002 ,and its permission is false
09-01 14:34:01.005 D/BluetoothUtils( 8588): blockedByLocationOff callingUid=1002
09-01 14:34:01.006 I/BluetoothUtils( 8588): packagename is android.uid.bluetooth:1002 ,and its permission is false
09-01 14:34:01.013 V/bt_stack( 8588): [VERBOSE1:btm_ble_gap.cc(1923)] btm_ble_process_ext_adv_pkt: bda=38:f9:d3:45:87:1e
09-01 14:34:01.013 V/bt_stack( 8588): [VERBOSE1:btm_ble_gap.cc(1847)] btm_ble_process_adv_addr: bda=38:f9:d3:45:87:1e
09-01 14:34:01.013 V/bt_stack( 8588): [VERBOSE1:btm_ble_gap.cc(2052)]  Waiting for scan response 38:f9:d3:45:87:1e
09-01 14:34:01.013 V/bt_stack( 8588): [VERBOSE1:btm_ble_gap.cc(1923)] btm_ble_process_ext_adv_pkt: bda=38:f9:d3:45:87:1e
09-01 14:34:01.013 V/bt_stack( 8588): [VERBOSE1:btm_ble_gap.cc(1847)] btm_ble_process_adv_addr: bda=38:f9:d3:45:87:1e
09-01 14:34:01.014 D/BluetoothUtils( 8588): blockedByLocationOff callingUid=1002
09-01 14:34:01.014 I/BluetoothUtils( 8588): packagename is android.uid.bluetooth:1002 ,and its permission is false
09-01 14:34:01.015 D/BluetoothUtils( 8588): blockedByLocationOff callingUid=1002
09-01 14:34:01.015 I/BluetoothUtils( 8588): packagename is android.uid.bluetooth:1002 ,and its permission is false
09-01 14:34:01.015 D/BluetoothUtils( 8588): blockedByLocationOff callingUid=1002
09-01 14:34:01.016 I/BluetoothUtils( 8588): packagename is android.uid.bluetooth:1002 ,and its permission is false
09-01 14:34:01.023 V/bt_stack( 8588): [VERBOSE1:btm_ble_gap.cc(1923)] btm_ble_process_ext_adv_pkt: bda=56:e4:da:79:d5:88
09-01 14:34:01.023 V/bt_stack( 8588): [VERBOSE1:btm_ble_gap.cc(1847)] btm_ble_process_adv_addr: bda=56:e4:da:79:d5:88
09-01 14:34:01.023 V/bt_stack( 8588): [VERBOSE1:btm_ble_gap.cc(2052)]  Waiting for scan response 56:e4:da:79:d5:88
09-01 14:34:01.023 V/bt_stack( 8588): [VERBOSE1:btm_ble_gap.cc(1923)] btm_ble_process_ext_adv_pkt: bda=56:e4:da:79:d5:88
