09-01 14:34:12.013 V/bt_stack( 8588): [VERBOSE1:btm_ble_gap.cc(1923)] btm_ble_process_ext_adv_pkt: bda=2d:8f:df:c2:a9:d4
09-01 14:34:12.013 V/bt_stack( 8588): [VERBOSE1:btm_ble_gap.cc(1847)] btm_ble_process_adv_addr: bda=2d:8f:df:c2:a9:d4
09-01 14:34:12.014 D/RecentsImpl( 7676): mActivityStateObserver com.xiaomi.hm.health.activity.StatusDetailActivity
09-01 14:34:12.014 D/BluetoothUtils( 8588): blockedByLocationOff callingUid=1002
09-01 14:34:12.014 I/BluetoothUtils( 8588): packagename is android.uid.bluetooth:1002 ,and its permission is false
09-01 14:34:12.014 D/BluetoothUtils( 8588): blockedByLocationOff callingUid=1002
09-01 14:34:12.015 I/BluetoothUtils( 8588): packagename is android.uid.bluetooth:1002 ,and its permission is false
09-01 14:34:12.015 D/BluetoothUtils( 8588): blockedByLocationOff callingUid=1002
09-01 14:34:12.015 I/BluetoothUtils( 8588): packagename is android.uid.bluetooth:1002 ,and its permission is false
09-01 14:34:12.017 I/Timeline( 1639): Timeline: App_transition_ready time:211618033
09-01 14:34:12.017 D/WindowManager( 1639): Input focus has changed to Window{9219012 u0 com.xiaomi.hm.health/com.xiaomi.hm.health.activity.StatusDetailActivity}
09-01 14:34:12.020 V/bt_stack( 8588): [VERBOSE1:btm_ble_gap.cc(1923)] btm_ble_process_ext_adv_pkt: bda=36:c9:49:a0:b6:9d
09-01 14:34:12.020 V/bt_stack( 8588): [VERBOSE1:btm_ble_gap.cc(1847)] btm_ble_process_adv_addr: bda=36:c9:49:a0:b6:9d
09-01 14:34:12.021 D/BluetoothUtils( 8588): blockedByLocationOff callingUid=1002
09-01 14:34:12.021 I/BluetoothUtils( 8588): packagename is android.uid.bluetooth:1002 ,and its permission is false
09-01 14:34:12.021 D/BluetoothUtils( 8588): blockedByLocationOff callingUid=1002
09-01 14:34:12.022 I/BluetoothUtils( 8588): packagename is android.uid.bluetooth:1002 ,and its permission is false
09-01 14:34:12.022 D/BluetoothUtils( 8588): blockedByLocationOff callingUid=1002
09-01 14:34:12.022 I/BluetoothUtils( 8588): packagename is android.uid.bluetooth:1002 ,and its permission is false
09-01 14:34:12.030 V/bt_stack( 8588): [VERBOSE1:btm_ble_gap.cc(1923)] btm_ble_process_ext_adv_pkt: bda=0a:29:89:b7:c8:4a
09-01 14:34:12.030 V/bt_stack( 8588): [VERBOSE1:btm_ble_gap.cc(1847)] btm_ble_process_adv_addr: bda=0a:29:89:b7:c8:4a
09-01 14:34:12.030 D/BluetoothUtils( 8588): blockedByLocationOff callingUid=1002
09-01 14:34:12.031 I/BluetoothUtils( 8588): packagename is android.uid.bluetooth:1002 ,and its permission is false
09-01 14:34:12.031 D/BluetoothUtils( 8588): blockedByLocationOff callingUid=1002
09-01 14:34:12.031 I/BluetoothUtils( 8588): packagename is android.uid.bluetooth:1002 ,and its permission is false
09-01 14:34:12.031 D/BluetoothUtils( 8588): blockedByLocationOff callingUid=1002
09-01 14:34:12.031 I/BluetoothUtils( 8588): packagename is android.uid.bluetooth:1002 ,and its permission is false
09-01 14:34:12.040 I/appium  (10741): channel read invoked!
09-01 14:34:12.040 I/appium  (10741): channel read: POST /wd/hub/session/a4d7b541-3cc2-4590-a0d7-423994c151e3/element
09-01 14:34:12.041 I/appium  (10741): Find element command using 'xpath' with selector '//*[contains(@text, "")]'.
09-01 14:34:12.042 I/appium  (10741): Waiting up to 10000ms for device to be idle
09-01 14:34:12.043 V/bt_stack( 8588): [VERBOSE1:btm_ble_gap.cc(1923)] btm_ble_process_ext_adv_pkt: bda=32:d2:03:03:d2:bd
09-01 14:34:12.043 V/bt_stack( 8588): [VERBOSE1:btm_ble_gap.cc(1847)] btm_ble_process_adv_addr: bda=32:d2:03:03:d2:bd
09-01 14:34:12.044 D/BluetoothUtils( 8588): blockedByLocationOff callingUid=1002
09-01 14:34:12.044 I/BluetoothUtils( 8588): packagename is android.uid.bluetooth:1002 ,and its permission is false
09-01 14:34:12.044 D/BluetoothUtils( 8588): blockedByLocationOff callingUid=1002
09-01 14:34:12.045 I/BluetoothUtils( 8588): packagename is android.uid.bluetooth:1002 ,and its permission is false
09-01 14:34:12.045 D/BluetoothUtils( 8588): blockedByLocationOff callingUid=1002
09-01 14:34:12.045 I/BluetoothUtils( 8588): packagename is android.uid.bluetooth:1002 ,and its permission is false
09-01 14:34:12.052 I/Timeline( 1639): Timeline: App_transition_ready time:211618068
09-01 14:34:12.058 V/bt_stack( 8588): [VERBOSE1:btm_ble_gap.cc(1923)] btm_ble_process_ext_adv_pkt: bda=17:7e:29:ab:4e:d0
09-01 14:34:12.058 V/bt_stack( 8588): [VERBOSE1:btm_ble_gap.cc(1847)] btm_ble_process_adv_addr: bda=17:7e:29:ab:4e:d0
09-01 14:34:12.058 V/bt_stack( 8588): [VERBOSE1:btm_ble_gap.cc(1923)] btm_ble_process_ext_adv_pkt: bda=01:f5:30:c0:9b:7a
09-01 14:34:12.058 V/bt_stack( 8588): [VERBOSE1:btm_ble_gap.cc(1847)] btm_ble_process_adv_addr: bda=01:f5:30:c0:9b:7a
09-01 14:34:12.058 D/BluetoothUtils( 8588): blockedByLocationOff callingUid=1002
09-01 14:34:12.059 I/BluetoothUtils( 8588): packagename is android.uid.bluetooth:1002 ,and its permission is false
09-01 14:34:12.059 D/BluetoothUtils( 8588): blockedByLocationOff callingUid=1002
09-01 14:34:12.059 I/BluetoothUtils( 8588): packagename is android.uid.bluetooth:1002 ,and its permission is false
09-01 14:34:12.059 D/BluetoothUtils( 8588): blockedByLocationOff callingUid=1002
09-01 14:34:12.059 V/bt_stack( 8588): [VERBOSE1:btm_ble_gap.cc(1923)] btm_ble_process_ext_adv_pkt: bda=3b:30:35:17:9e:fe
09-01 14:34:12.059 V/bt_stack( 8588): [VERBOSE1:btm_ble_gap.cc(1847)] btm_ble_process_adv_addr: bda=3b:30:35:17:9e:fe
09-01 14:34:12.059 I/BluetoothUtils( 8588): packagename is android.uid.bluetooth:1002 ,and its permission is false
09-01 14:34:12.060 D/BluetoothUtils( 8588): blockedByLocationOff callingUid=1002
09-01 14:34:12.060 I/BluetoothUtils( 8588): packagename is android.uid.bluetooth:1002 ,and its permission is false
09-01 14:34:12.060 D/BluetoothUtils( 8588): blockedByLocationOff callingUid=1002
09-01 14:34:12.061 I/BluetoothUtils( 8588): packagename is android.uid.bluetooth:1002 ,and its permission is false
09-01 14:34:12.061 D/BluetoothUtils( 8588): blockedByLocationOff callingUid=1002
09-01 14:34:12.061 I/BluetoothUtils( 8588): packagename is android.uid.bluetooth:1002 ,and its permission is false
09-01 14:34:12.061 D/BluetoothUtils( 8588): blockedByLocationOff callingUid=1002
09-01 14:34:12.062 I/BluetoothUtils( 8588): packagename is android.uid.bluetooth:1002 ,and its permission is false
09-01 14:34:12.062 D/BluetoothUtils( 8588): blockedByLocationOff callingUid=1002
09-01 14:34:12.062 I/BluetoothUtils( 8588): packagename is android.uid.bluetooth:1002 ,and its permission is false
09-01 14:34:12.062 D/BluetoothUtils( 8588): blockedByLocationOff callingUid=1002
09-01 14:34:12.062 I/BluetoothUtils( 8588): packagename is android.uid.bluetooth:1002 ,and its permission is false
09-01 14:34:12.063 V/bt_stack( 8588): [VERBOSE1:btm_ble_gap.cc(1923)] btm_ble_process_ext_adv_pkt: bda=56:e4:da:79:d5:88
09-01 14:34:12.063 V/bt_stack( 8588): [VERBOSE1:btm_ble_gap.cc(1847)] btm_ble_process_adv_addr: bda=56:e4:da:79:d5:88
09-01 14:34:12.063 V/bt_stack( 8588): [VERBOSE1:btm_ble_gap.cc(2052)]  Waiting for scan response 56:e4:da:79:d5:88
09-01 14:34:12.063 V/bt_stack( 8588): [VERBOSE1:btm_ble_gap.cc(1923)] btm_ble_process_ext_adv_pkt: bda=56:e4:da:79:d5:88
09-01 14:34:12.063 V/bt_stack( 8588): [VERBOSE1:btm_ble_gap.cc(1847)] btm_ble_process_adv_addr: bda=56:e4:da:79:d5:88
09-01 14:34:12.064 D/BluetoothUtils( 8588): blockedByLocationOff callingUid=1002
09-01 14:34:12.064 I/BluetoothUtils( 8588): packagename is android.uid.bluetooth:1002 ,and its permission is false
09-01 14:34:12.064 D/BluetoothUtils( 8588): blockedByLocationOff callingUid=1002
09-01 14:34:12.064 I/BluetoothUtils( 8588): packagename is android.uid.bluetooth:1002 ,and its permission is false
09-01 14:34:12.064 D/BluetoothUtils( 8588): blockedByLocationOff callingUid=1002
09-01 14:34:12.065 I/BluetoothUtils( 8588): packagename is android.uid.bluetooth:1002 ,and its permission is false
09-01 14:34:12.067 W/AsyncHttpResponse(10791): Current thread has not called Looper.prepare().Forcing synchronous mode
09-01 14:34:12.083 V/bt_stack( 8588): [VERBOSE1:btm_ble_gap.cc(1923)] btm_ble_process_ext_adv_pkt: bda=d5:36:81:7f:af:82
09-01 14:34:12.083 V/bt_stack( 8588): [VERBOSE1:btm_ble_gap.cc(1847)] btm_ble_process_adv_addr: bda=d5:36:81:7f:af:82
09-01 14:34:12.083 V/bt_stack( 8588): [VERBOSE1:btm_ble_gap.cc(2052)]  Waiting for scan response d5:36:81:7f:af:82
09-01 14:34:12.087 V/bt_stack( 8588): [VERBOSE1:btm_ble_gap.cc(1923)] btm_ble_process_ext_adv_pkt: bda=58:d0:f0:96:be:49
09-01 14:34:12.088 V/bt_stack( 8588): [VERBOSE1:btm_ble_gap.cc(1847)] btm_ble_process_adv_addr: bda=58:d0:f0:96:be:49
09-01 14:34:12.088 V/bt_stack( 8588): [VERBOSE1:btm_ble_gap.cc(2052)]  Waiting for scan response 58:d0:f0:96:be:49
09-01 14:34:12.088 V/bt_stack( 8588): [VERBOSE1:btm_ble_gap.cc(1923)] btm_ble_process_ext_adv_pkt: bda=38:f9:d3:45:87:1e
09-01 14:34:12.089 V/bt_stack( 8588): [VERBOSE1:btm_ble_gap.cc(1847)] btm_ble_process_adv_addr: bda=38:f9:d3:45:87:1e
09-01 14:34:12.089 V/bt_stack( 8588): [VERBOSE1:btm_ble_gap.cc(2052)]  Waiting for scan response 38:f9:d3:45:87:1e
09-01 14:34:12.089 V/bt_stack( 8588): [VERBOSE1:btm_ble_gap.cc(1923)] btm_ble_process_ext_adv_pkt: bda=38:f9:d3:45:87:1e
09-01 14:34:12.089 V/bt_stack( 8588): [VERBOSE1:btm_ble_gap.cc(1847)] btm_ble_process_adv_addr: bda=38:f9:d3:45:87:1e
09-01 14:34:12.091 D/BluetoothUtils( 8588): blockedByLocationOff callingUid=1002
09-01 14:34:12.091 I/BluetoothUtils( 8588): packagename is android.uid.bluetooth:1002 ,and its permission is false
09-01 14:34:12.091 D/BluetoothUtils( 8588): blockedByLocationOff callingUid=1002
09-01 14:34:12.092 I/BluetoothUtils( 8588): packagename is android.uid.bluetooth:1002 ,and its permission is false
09-01 14:34:12.092 D/BluetoothUtils( 8588): blockedByLocationOff callingUid=1002
09-01 14:34:12.092 I/BluetoothUtils( 8588): packagename is android.uid.bluetooth:1002 ,and its permission is false
09-01 14:34:12.099 V/bt_stack( 8588): [VERBOSE1:btm_ble_gap.cc(1923)] btm_ble_process_ext_adv_pkt: bda=53:20:ff:cd:6c:a4
09-01 14:34:12.099 V/bt_stack( 8588): [VERBOSE1:btm_ble_gap.cc(1847)] btm_ble_process_adv_addr: bda=53:20:ff:cd:6c:a4
09-01 14:34:12.099 V/bt_stack( 8588): [VERBOSE1:btm_ble_gap.cc(2052)]  Waiting for scan response 53:20:ff:cd:6c:a4
09-01 14:34:12.099 V/bt_stack( 8588): [VERBOSE1:btm_ble_gap.cc(1923)] btm_ble_process_ext_adv_pkt: bda=53:20:ff:cd:6c:a4
09-01 14:34:12.099 V/bt_stack( 8588): [VERBOSE1:btm_ble_gap.cc(1847)] btm_ble_process_adv_addr: bda=53:20:ff:cd:6c:a4
09-01 14:34:12.100 D/BluetoothUtils( 8588): blockedByLocationOff callingUid=1002
09-01 14:34:12.100 I/BluetoothUtils( 8588): packagename is android.uid.bluetooth:1002 ,and its permission is false
09-01 14:34:12.100 D/BluetoothUtils( 8588): blockedByLocationOff callingUid=1002
09-01 14:34:12.101 I/BluetoothUtils( 8588): packagename is android.uid.bluetooth:1002 ,and its permission is false
09-01 14:34:12.101 D/BluetoothUtils( 8588): blockedByLocationOff callingUid=1002
09-01 14:34:12.101 V/bt_stack( 8588): [VERBOSE1:btm_ble_gap.cc(1923)] btm_ble_process_ext_adv_pkt: bda=63:e7:6b:57:ac:90
09-01 14:34:12.102 V/bt_stack( 8588): [VERBOSE1:btm_ble_gap.cc(1847)] btm_ble_process_adv_addr: bda=63:e7:6b:57:ac:90
09-01 14:34:12.102 V/bt_stack( 8588): [VERBOSE1:btm_ble_gap.cc(2052)]  Waiting for scan response 63:e7:6b:57:ac:90
09-01 14:34:12.102 I/BluetoothUtils( 8588): packagename is android.uid.bluetooth:1002 ,and its permission is false
09-01 14:34:12.102 V/bt_stack( 8588): [VERBOSE1:btm_ble_gap.cc(1923)] btm_ble_process_ext_adv_pkt: bda=63:e7:6b:57:ac:90
09-01 14:34:12.102 V/bt_stack( 8588): [VERBOSE1:btm_ble_gap.cc(1847)] btm_ble_process_adv_addr: bda=63:e7:6b:57:ac:90
09-01 14:34:12.103 D/BluetoothUtils( 8588): blockedByLocationOff callingUid=1002
09-01 14:34:12.103 I/BluetoothUtils( 8588): packagename is android.uid.bluetooth:1002 ,and its permission is false
09-01 14:34:12.103 D/BluetoothUtils( 8588): blockedByLocationOff callingUid=1002
09-01 14:34:12.103 I/BluetoothUtils( 8588): packagename is android.uid.bluetooth:1002 ,and its permission is false
09-01 14:34:12.103 D/BluetoothUtils( 8588): blockedByLocationOff callingUid=1002
09-01 14:34:12.104 I/BluetoothUtils( 8588): packagename is android.uid.bluetooth:1002 ,and its permission is false
09-01 14:34:12.105 V/bt_stack( 8588): [VERBOSE1:btm_ble_gap.cc(1923)] btm_ble_process_ext_adv_pkt: bda=14:07:18:00:04:52
09-01 14:34:12.105 V/bt_stack( 8588): [VERBOSE1:btm_ble_gap.cc(1847)] btm_ble_process_adv_addr: bda=14:07:18:00:04:52
09-01 14:34:12.105 V/bt_stack( 8588): [VERBOSE1:btm_ble_gap.cc(2052)]  Waiting for scan response 14:07:18:00:04:52
09-01 14:34:12.105 V/bt_stack( 8588): [VERBOSE1:btm_ble_gap.cc(1923)] btm_ble_process_ext_adv_pkt: bda=14:07:18:00:04:52
09-01 14:34:12.105 V/bt_stack( 8588): [VERBOSE1:btm_ble_gap.cc(1847)] btm_ble_process_adv_addr: bda=14:07:18:00:04:52
09-01 14:34:12.105 W/RecentsModel( 7676): onTaskStackChangedBackground: start loading
09-01 14:34:12.105 D/BluetoothUtils( 8588): blockedByLocationOff callingUid=1002
09-01 14:34:12.106 I/BluetoothUtils( 8588): packagename is android.uid.bluetooth:1002 ,and its permission is false
09-01 14:34:12.106 W/RecentsModel( 7676): getTaskInfoIgnoreHomeAndSplit   taskInfo=ComponentInfo{com.xiaomi.hm.health/com.xiaomi.hm.health.activity.MainTabActivity}
09-01 14:34:12.106 D/BluetoothUtils( 8588): blockedByLocationOff callingUid=1002
09-01 14:34:12.107 I/BluetoothUtils( 8588): packagename is android.uid.bluetooth:1002 ,and its permission is false
09-01 14:34:12.107 D/BluetoothUtils( 8588): blockedByLocationOff callingUid=1002
09-01 14:34:12.107 I/BluetoothUtils( 8588): packagename is android.uid.bluetooth:1002 ,and its permission is false
09-01 14:34:12.107 W/RecentsModel( 7676): getTaskInfoIgnoreHomeAndFreeform   taskInfo=ComponentInfo{com.xiaomi.hm.health/com.xiaomi.hm.health.activity.MainTabActivity}
09-01 14:34:12.107 V/bt_stack( 8588): [VERBOSE1:btm_ble_gap.cc(1923)] btm_ble_process_ext_adv_pkt: bda=63:4f:86:72:1e:da
09-01 14:34:12.107 V/bt_stack( 8588): [VERBOSE1:btm_ble_gap.cc(1847)] btm_ble_process_adv_addr: bda=63:4f:86:72:1e:da
09-01 14:34:12.107 V/bt_stack( 8588): [VERBOSE1:btm_ble_gap.cc(2052)]  Waiting for scan response 63:4f:86:72:1e:da
09-01 14:34:12.108 V/bt_stack( 8588): [VERBOSE1:btm_ble_gap.cc(1923)] btm_ble_process_ext_adv_pkt: bda=1c:91:72:ba:f7:2e
09-01 14:34:12.108 V/bt_stack( 8588): [VERBOSE1:btm_ble_gap.cc(1847)] btm_ble_process_adv_addr: bda=1c:91:72:ba:f7:2e
09-01 14:34:12.108 W/RecentsModel( 7676): getTaskInfoIgnoreFreeform   taskInfo=ComponentInfo{com.xiaomi.hm.health/com.xiaomi.hm.health.activity.MainTabActivity}
09-01 14:34:12.108 W/RecentsModel( 7676): onTaskStackChangedBackground: finishLoading loading
09-01 14:34:12.108 D/BluetoothUtils( 8588): blockedByLocationOff callingUid=1002
09-01 14:34:12.108 I/BluetoothUtils( 8588): packagename is android.uid.bluetooth:1002 ,and its permission is false
09-01 14:34:12.109 D/BluetoothUtils( 8588): blockedByLocationOff callingUid=1002
09-01 14:34:12.109 I/BluetoothUtils( 8588): packagename is android.uid.bluetooth:1002 ,and its permission is false
09-01 14:34:12.109 D/BluetoothUtils( 8588): blockedByLocationOff callingUid=1002
09-01 14:34:12.109 I/BluetoothUtils( 8588): packagename is android.uid.bluetooth:1002 ,and its permission is false
09-01 14:34:12.118 V/bt_stack( 8588): [VERBOSE1:btm_ble_gap.cc(1923)] btm_ble_process_ext_adv_pkt: bda=2d:8f:df:c2:a9:d4
09-01 14:34:12.118 V/bt_stack( 8588): [VERBOSE1:btm_ble_gap.cc(1847)] btm_ble_process_adv_addr: bda=2d:8f:df:c2:a9:d4
09-01 14:34:12.118 D/BluetoothUtils( 8588): blockedByLocationOff callingUid=1002
09-01 14:34:12.119 I/BluetoothUtils( 8588): packagename is android.uid.bluetooth:1002 ,and its permission is false
09-01 14:34:12.119 D/BluetoothUtils( 8588): blockedByLocationOff callingUid=1002
09-01 14:34:12.119 I/BluetoothUtils( 8588): packagename is android.uid.bluetooth:1002 ,and its permission is false
09-01 14:34:12.119 D/BluetoothUtils( 8588): blockedByLocationOff callingUid=1002
09-01 14:34:12.119 I/BluetoothUtils( 8588): packagename is android.uid.bluetooth:1002 ,and its permission is false
09-01 14:34:12.120 V/AsyncHttpResponse(10791): Progress 12 from 12 (100%)
09-01 14:34:12.132 V/bt_stack( 8588): [VERBOSE1:btm_ble_gap.cc(1923)] btm_ble_process_ext_adv_pkt: bda=0a:29:89:b7:c8:4a
09-01 14:34:12.132 V/bt_stack( 8588): [VERBOSE1:btm_ble_gap.cc(1847)] btm_ble_process_adv_addr: bda=0a:29:89:b7:c8:4a
09-01 14:34:12.133 D/BluetoothUtils( 8588): blockedByLocationOff callingUid=1002
09-01 14:34:12.133 W/AsyncHttpResponse(10791): Current thread has not called Looper.prepare().Forcing synchronous mode
09-01 14:34:12.133 I/BluetoothUtils( 8588): packagename is android.uid.bluetooth:1002 ,and its permission is false
09-01 14:34:12.134 D/BluetoothUtils( 8588): blockedByLocationOff callingUid=1002
09-01 14:34:12.134 I/BluetoothUtils( 8588): packagename is android.uid.bluetooth:1002 ,and its permission is false
09-01 14:34:12.134 D/BluetoothUtils( 8588): blockedByLocationOff callingUid=1002
09-01 14:34:12.134 I/BluetoothUtils( 8588): packagename is android.uid.bluetooth:1002 ,and its permission is false
09-01 14:34:12.135 I/WifiHAL (  794): event received NL80211_CMD_VENDOR, vendor_id = 0x1374, subcmd = 0xa
09-01 14:34:12.135 I/cnss-daemon( 1223): nl80211 response handler invoked
09-01 14:34:12.135 I/cnss-daemon( 1223): nl80211_response_handler: cmd 103, vendorID 4980, subcmd 10  received
09-01 14:34:12.139 I/wpa_supplicant(  312): wlan0: CTRL-EVENT-AVOID-FREQ ranges=
09-01 14:34:12.141 I/wpa_supplicant(  312): wlan0: CTRL-EVENT-REGDOM-CHANGE init=DRIVER type=COUNTRY alpha2=CN
09-01 14:34:12.143 V/bt_stack( 8588): [VERBOSE1:btm_ble_gap.cc(1923)] btm_ble_process_ext_adv_pkt: bda=32:d2:03:03:d2:bd
09-01 14:34:12.144 V/bt_stack( 8588): [VERBOSE1:btm_ble_gap.cc(1847)] btm_ble_process_adv_addr: bda=32:d2:03:03:d2:bd
09-01 14:34:12.144 D/BluetoothUtils( 8588): blockedByLocationOff callingUid=1002
09-01 14:34:12.145 V/bt_stack( 8588): [VERBOSE1:btm_ble_gap.cc(1923)] btm_ble_process_ext_adv_pkt: bda=1b:39:55:3e:e3:6c
09-01 14:34:12.145 V/bt_stack( 8588): [VERBOSE1:btm_ble_gap.cc(1847)] btm_ble_process_adv_addr: bda=1b:39:55:3e:e3:6c
09-01 14:34:12.145 I/BluetoothUtils( 8588): packagename is android.uid.bluetooth:1002 ,and its permission is false
09-01 14:34:12.145 D/BluetoothUtils( 8588): blockedByLocationOff callingUid=1002
09-01 14:34:12.145 I/BluetoothUtils( 8588): packagename is android.uid.bluetooth:1002 ,and its permission is false
09-01 14:34:12.145 D/BluetoothUtils( 8588): blockedByLocationOff callingUid=1002
09-01 14:34:12.146 I/BluetoothUtils( 8588): packagename is android.uid.bluetooth:1002 ,and its permission is false
09-01 14:34:12.146 D/BluetoothUtils( 8588): blockedByLocationOff callingUid=1002
09-01 14:34:12.147 I/BluetoothUtils( 8588): packagename is android.uid.bluetooth:1002 ,and its permission is false
09-01 14:34:12.147 D/BluetoothUtils( 8588): blockedByLocationOff callingUid=1002
09-01 14:34:12.147 I/BluetoothUtils( 8588): packagename is android.uid.bluetooth:1002 ,and its permission is false
09-01 14:34:12.147 D/BluetoothUtils( 8588): blockedByLocationOff callingUid=1002
09-01 14:34:12.147 I/BluetoothUtils( 8588): packagename is android.uid.bluetooth:1002 ,and its permission is false
09-01 14:34:12.149 V/bt_stack( 8588): [VERBOSE1:btm_ble_gap.cc(1923)] btm_ble_process_ext_adv_pkt: bda=53:f2:a2:69:23:e6
09-01 14:34:12.149 V/bt_stack( 8588): [VERBOSE1:btm_ble_gap.cc(1847)] btm_ble_process_adv_addr: bda=53:f2:a2:69:23:e6
09-01 14:34:12.150 D/BluetoothUtils( 8588): blockedByLocationOff callingUid=1002
09-01 14:34:12.151 I/BluetoothUtils( 8588): packagename is android.uid.bluetooth:1002 ,and its permission is false
09-01 14:34:12.151 D/BluetoothUtils( 8588): blockedByLocationOff callingUid=1002
09-01 14:34:12.151 I/BluetoothUtils( 8588): packagename is android.uid.bluetooth:1002 ,and its permission is false
09-01 14:34:12.151 D/BluetoothUtils( 8588): blockedByLocationOff callingUid=1002
09-01 14:34:12.151 I/BluetoothUtils( 8588): packagename is android.uid.bluetooth:1002 ,and its permission is false
09-01 14:34:12.162 V/bt_stack( 8588): [VERBOSE1:btm_ble_gap.cc(1923)] btm_ble_process_ext_adv_pkt: bda=17:7e:29:ab:4e:d0
09-01 14:34:12.162 V/bt_stack( 8588): [VERBOSE1:btm_ble_gap.cc(1847)] btm_ble_process_adv_addr: bda=17:7e:29:ab:4e:d0
09-01 14:34:12.162 D/BluetoothUtils( 8588): blockedByLocationOff callingUid=1002
09-01 14:34:12.163 I/BluetoothUtils( 8588): packagename is android.uid.bluetooth:1002 ,and its permission is false
09-01 14:34:12.163 D/BluetoothUtils( 8588): blockedByLocationOff callingUid=1002
09-01 14:34:12.163 I/BluetoothUtils( 8588): packagename is android.uid.bluetooth:1002 ,and its permission is false
09-01 14:34:12.163 D/BluetoothUtils( 8588): blockedByLocationOff callingUid=1002
09-01 14:34:12.164 I/BluetoothUtils( 8588): packagename is android.uid.bluetooth:1002 ,and its permission is false
09-01 14:34:12.164 V/bt_stack( 8588): [VERBOSE1:btm_ble_gap.cc(1923)] btm_ble_process_ext_adv_pkt: bda=01:f5:30:c0:9b:7a
09-01 14:34:12.164 V/bt_stack( 8588): [VERBOSE1:btm_ble_gap.cc(1847)] btm_ble_process_adv_addr: bda=01:f5:30:c0:9b:7a
09-01 14:34:12.165 D/BluetoothUtils( 8588): blockedByLocationOff callingUid=1002
09-01 14:34:12.165 I/BluetoothUtils( 8588): packagename is android.uid.bluetooth:1002 ,and its permission is false
09-01 14:34:12.165 D/BluetoothUtils( 8588): blockedByLocationOff callingUid=1002
09-01 14:34:12.166 I/BluetoothUtils( 8588): packagename is android.uid.bluetooth:1002 ,and its permission is false
09-01 14:34:12.166 D/BluetoothUtils( 8588): blockedByLocationOff callingUid=1002
09-01 14:34:12.166 I/BluetoothUtils( 8588): packagename is android.uid.bluetooth:1002 ,and its permission is false
09-01 14:34:12.176 V/bt_stack( 8588): [VERBOSE1:btm_ble_gap.cc(1923)] btm_ble_process_ext_adv_pkt: bda=19:30:6d:c4:b5:5b
09-01 14:34:12.176 V/bt_stack( 8588): [VERBOSE1:btm_ble_gap.cc(1847)] btm_ble_process_adv_addr: bda=19:30:6d:c4:b5:5b
09-01 14:34:12.177 D/BluetoothUtils( 8588): blockedByLocationOff callingUid=1002
09-01 14:34:12.177 I/BluetoothUtils( 8588): packagename is android.uid.bluetooth:1002 ,and its permission is false
09-01 14:34:12.178 D/BluetoothUtils( 8588): blockedByLocationOff callingUid=1002
09-01 14:34:12.178 I/BluetoothUtils( 8588): packagename is android.uid.bluetooth:1002 ,and its permission is false
09-01 14:34:12.178 D/BluetoothUtils( 8588): blockedByLocationOff callingUid=1002
09-01 14:34:12.178 I/BluetoothUtils( 8588): packagename is android.uid.bluetooth:1002 ,and its permission is false
09-01 14:34:12.184 V/AsyncHttpResponse(10791): Progress 12 from 12 (100%)
09-01 14:34:12.189 D/[Koin]  (10791): +- get 'com.huami.stress.domain.O00000oO.O000000o.O000000o'
09-01 14:34:12.189 D/[Koin]  (10791): | create instance for [type:Factory,primary_type:'com.huami.stress.domain.O00000oO.O000000o.O000000o']
09-01 14:34:12.189 D/[Koin]  (10791): +- get 'com.huami.stress.domain.O00000o.O000000o'
09-01 14:34:12.189 D/[Koin]  (10791): | create instance for [type:Factory,primary_type:'com.huami.stress.domain.O00000o.O000000o']
09-01 14:34:12.189 D/[Koin]  (10791): +- got 'com.huami.stress.domain.O00000o.O000000o' in 0.028333 ms
09-01 14:34:12.189 D/[Koin]  (10791): +- got 'com.huami.stress.domain.O00000oO.O000000o.O000000o' in 0.122657 ms
09-01 14:34:12.189 V/bt_stack( 8588): [VERBOSE1:btm_ble_gap.cc(1923)] btm_ble_process_ext_adv_pkt: bda=5d:4a:e1:72:21:47
09-01 14:34:12.189 V/bt_stack( 8588): [VERBOSE1:btm_ble_gap.cc(1847)] btm_ble_process_adv_addr: bda=5d:4a:e1:72:21:47
09-01 14:34:12.189 V/bt_stack( 8588): [VERBOSE1:btm_ble_gap.cc(2052)]  Waiting for scan response 5d:4a:e1:72:21:47
09-01 14:34:12.189 V/bt_stack( 8588): [VERBOSE1:btm_ble_gap.cc(1923)] btm_ble_process_ext_adv_pkt: bda=25:4e:aa:3f:5d:41
09-01 14:34:12.189 V/bt_stack( 8588): [VERBOSE1:btm_ble_gap.cc(1847)] btm_ble_process_adv_addr: bda=25:4e:aa:3f:5d:41
09-01 14:34:12.190 D/BluetoothUtils( 8588): blockedByLocationOff callingUid=1002
09-01 14:34:12.190 I/BluetoothUtils( 8588): packagename is android.uid.bluetooth:1002 ,and its permission is false
09-01 14:34:12.190 D/BluetoothUtils( 8588): blockedByLocationOff callingUid=1002
09-01 14:34:12.190 I/BluetoothUtils( 8588): packagename is android.uid.bluetooth:1002 ,and its permission is false
09-01 14:34:12.191 D/BluetoothUtils( 8588): blockedByLocationOff callingUid=1002
09-01 14:34:12.191 I/BluetoothUtils( 8588): packagename is android.uid.bluetooth:1002 ,and its permission is false
09-01 14:34:12.201 V/bt_stack( 8588): [VERBOSE1:btm_ble_gap.cc(1923)] btm_ble_process_ext_adv_pkt: bda=24:65:c8:81:ba:6f
09-01 14:34:12.201 V/bt_stack( 8588): [VERBOSE1:btm_ble_gap.cc(1847)] btm_ble_process_adv_addr: bda=24:65:c8:81:ba:6f
09-01 14:34:12.202 D/BluetoothUtils( 8588): blockedByLocationOff callingUid=1002
09-01 14:34:12.202 I/BluetoothUtils( 8588): packagename is android.uid.bluetooth:1002 ,and its permission is false
09-01 14:34:12.202 V/bt_stack( 8588): [VERBOSE1:btm_ble_gap.cc(1923)] btm_ble_process_ext_adv_pkt: bda=2a:1b:52:ac:62:5d
09-01 14:34:12.203 V/bt_stack( 8588): [VERBOSE1:btm_ble_gap.cc(1847)] btm_ble_process_adv_addr: bda=2a:1b:52:ac:62:5d
09-01 14:34:12.203 D/BluetoothUtils( 8588): blockedByLocationOff callingUid=1002
09-01 14:34:12.203 I/BluetoothUtils( 8588): packagename is android.uid.bluetooth:1002 ,and its permission is false
09-01 14:34:12.203 D/BluetoothUtils( 8588): blockedByLocationOff callingUid=1002
09-01 14:34:12.203 I/BluetoothUtils( 8588): packagename is android.uid.bluetooth:1002 ,and its permission is false
09-01 14:34:12.204 D/BluetoothUtils( 8588): blockedByLocationOff callingUid=1002
09-01 14:34:12.204 I/BluetoothUtils( 8588): packagename is android.uid.bluetooth:1002 ,and its permission is false
09-01 14:34:12.204 D/BluetoothUtils( 8588): blockedByLocationOff callingUid=1002
09-01 14:34:12.205 I/BluetoothUtils( 8588): packagename is android.uid.bluetooth:1002 ,and its permission is false
09-01 14:34:12.205 D/BluetoothUtils( 8588): blockedByLocationOff callingUid=1002
09-01 14:34:12.205 I/BluetoothUtils( 8588): packagename is android.uid.bluetooth:1002 ,and its permission is false
09-01 14:34:12.213 V/bt_stack( 8588): [VERBOSE1:btm_ble_gap.cc(1923)] btm_ble_process_ext_adv_pkt: bda=fe:e1:62:0f:0c:8e
09-01 14:34:12.213 V/bt_stack( 8588): [VERBOSE1:btm_ble_gap.cc(1847)] btm_ble_process_adv_addr: bda=fe:e1:62:0f:0c:8e
09-01 14:34:12.213 V/bt_stack( 8588): [VERBOSE1:btm_ble_gap.cc(2052)]  Waiting for scan response fe:e1:62:0f:0c:8e
09-01 14:34:12.213 V/bt_stack( 8588): [VERBOSE1:btm_ble_gap.cc(1923)] btm_ble_process_ext_adv_pkt: bda=6a:1a:31:28:a4:f8
09-01 14:34:12.213 V/bt_stack( 8588): [VERBOSE1:btm_ble_gap.cc(1847)] btm_ble_process_adv_addr: bda=6a:1a:31:28:a4:f8
09-01 14:34:12.214 D/BluetoothUtils( 8588): blockedByLocationOff callingUid=1002
09-01 14:34:12.214 I/BluetoothUtils( 8588): packagename is android.uid.bluetooth:1002 ,and its permission is false
09-01 14:34:12.214 D/BluetoothUtils( 8588): blockedByLocationOff callingUid=1002
09-01 14:34:12.214 I/BluetoothUtils( 8588): packagename is android.uid.bluetooth:1002 ,and its permission is false
09-01 14:34:12.214 D/BluetoothUtils( 8588): blockedByLocationOff callingUid=1002
09-01 14:34:12.214 I/BluetoothUtils( 8588): packagename is android.uid.bluetooth:1002 ,and its permission is false
09-01 14:34:12.233 V/bt_stack( 8588): [VERBOSE1:btm_ble_gap.cc(1923)] btm_ble_process_ext_adv_pkt: bda=49:5d:64:f1:a6:a9
09-01 14:34:12.234 V/bt_stack( 8588): [VERBOSE1:btm_ble_gap.cc(1847)] btm_ble_process_adv_addr: bda=49:5d:64:f1:a6:a9
09-01 14:34:12.234 V/bt_stack( 8588): [VERBOSE1:btm_ble_gap.cc(2052)]  Waiting for scan response 49:5d:64:f1:a6:a9
09-01 14:34:12.234 V/bt_stack( 8588): [VERBOSE1:btm_ble_gap.cc(1923)] btm_ble_process_ext_adv_pkt: bda=36:c9:49:a0:b6:9d
09-01 14:34:12.234 V/bt_stack( 8588): [VERBOSE1:btm_ble_gap.cc(1847)] btm_ble_process_adv_addr: bda=36:c9:49:a0:b6:9d
09-01 14:34:12.234 D/BluetoothUtils( 8588): blockedByLocationOff callingUid=1002
09-01 14:34:12.235 I/BluetoothUtils( 8588): packagename is android.uid.bluetooth:1002 ,and its permission is false
09-01 14:34:12.235 D/BluetoothUtils( 8588): blockedByLocationOff callingUid=1002
09-01 14:34:12.235 I/BluetoothUtils( 8588): packagename is android.uid.bluetooth:1002 ,and its permission is false
09-01 14:34:12.235 D/BluetoothUtils( 8588): blockedByLocationOff callingUid=1002
09-01 14:34:12.236 I/BluetoothUtils( 8588): packagename is android.uid.bluetooth:1002 ,and its permission is false
09-01 14:34:12.248 V/bt_stack( 8588): [VERBOSE1:btm_ble_gap.cc(1923)] btm_ble_process_ext_adv_pkt: bda=ef:78:8a:8d:25:f2
09-01 14:34:12.248 V/bt_stack( 8588): [VERBOSE1:btm_ble_gap.cc(1847)] btm_ble_process_adv_addr: bda=ef:78:8a:8d:25:f2
09-01 14:34:12.248 V/bt_stack( 8588): [VERBOSE1:btm_ble_gap.cc(2052)]  Waiting for scan response ef:78:8a:8d:25:f2
09-01 14:34:12.249 V/bt_stack( 8588): [VERBOSE1:btm_ble_gap.cc(1923)] btm_ble_process_ext_adv_pkt: bda=ef:78:8a:8d:25:f2
09-01 14:34:12.249 V/bt_stack( 8588): [VERBOSE1:btm_ble_gap.cc(1847)] btm_ble_process_adv_addr: bda=ef:78:8a:8d:25:f2
09-01 14:34:12.249 D/BluetoothUtils( 8588): blockedByLocationOff callingUid=1002
09-01 14:34:12.250 I/BluetoothUtils( 8588): packagename is android.uid.bluetooth:1002 ,and its permission is false
09-01 14:34:12.250 D/BluetoothUtils( 8588): blockedByLocationOff callingUid=1002
09-01 14:34:12.250 I/BluetoothUtils( 8588): packagename is android.uid.bluetooth:1002 ,and its permission is false
09-01 14:34:12.251 D/BluetoothUtils( 8588): blockedByLocationOff callingUid=1002
09-01 14:34:12.251 I/BluetoothUtils( 8588): packagename is android.uid.bluetooth:1002 ,and its permission is false
09-01 14:34:12.253 V/bt_stack( 8588): [VERBOSE1:btm_ble_gap.cc(1923)] btm_ble_process_ext_adv_pkt: bda=32:d2:03:03:d2:bd
09-01 14:34:12.253 V/bt_stack( 8588): [VERBOSE1:btm_ble_gap.cc(1847)] btm_ble_process_adv_addr: bda=32:d2:03:03:d2:bd
09-01 14:34:12.254 D/BluetoothUtils( 8588): blockedByLocationOff callingUid=1002
09-01 14:34:12.254 I/BluetoothUtils( 8588): packagename is android.uid.bluetooth:1002 ,and its permission is false
09-01 14:34:12.254 D/BluetoothUtils( 8588): blockedByLocationOff callingUid=1002
09-01 14:34:12.255 I/BluetoothUtils( 8588): packagename is android.uid.bluetooth:1002 ,and its permission is false
09-01 14:34:12.255 D/BluetoothUtils( 8588): blockedByLocationOff callingUid=1002
09-01 14:34:12.255 I/BluetoothUtils( 8588): packagename is android.uid.bluetooth:1002 ,and its permission is false
09-01 14:34:12.265 V/bt_stack( 8588): [VERBOSE1:btm_ble_gap.cc(1923)] btm_ble_process_ext_adv_pkt: bda=17:7e:29:ab:4e:d0
09-01 14:34:12.265 V/bt_stack( 8588): [VERBOSE1:btm_ble_gap.cc(1847)] btm_ble_process_adv_addr: bda=17:7e:29:ab:4e:d0
09-01 14:34:12.266 D/BluetoothUtils( 8588): blockedByLocationOff callingUid=1002
09-01 14:34:12.267 I/BluetoothUtils( 8588): packagename is android.uid.bluetooth:1002 ,and its permission is false
09-01 14:34:12.267 V/bt_stack( 8588): [VERBOSE1:btm_ble_gap.cc(1923)] btm_ble_process_ext_adv_pkt: bda=06:fa:50:9b:39:c0
09-01 14:34:12.267 V/bt_stack( 8588): [VERBOSE1:btm_ble_gap.cc(1847)] btm_ble_process_adv_addr: bda=06:fa:50:9b:39:c0
09-01 14:34:12.267 D/BluetoothUtils( 8588): blockedByLocationOff callingUid=1002
09-01 14:34:12.267 I/BluetoothUtils( 8588): packagename is android.uid.bluetooth:1002 ,and its permission is false
09-01 14:34:12.267 D/BluetoothUtils( 8588): blockedByLocationOff callingUid=1002
09-01 14:34:12.267 I/BluetoothUtils( 8588): packagename is android.uid.bluetooth:1002 ,and its permission is false
09-01 14:34:12.268 D/BluetoothUtils( 8588): blockedByLocationOff callingUid=1002
09-01 14:34:12.268 I/BluetoothUtils( 8588): packagename is android.uid.bluetooth:1002 ,and its permission is false
09-01 14:34:12.268 D/BluetoothUtils( 8588): blockedByLocationOff callingUid=1002
09-01 14:34:12.269 I/BluetoothUtils( 8588): packagename is android.uid.bluetooth:1002 ,and its permission is false
09-01 14:34:12.269 D/BluetoothUtils( 8588): blockedByLocationOff callingUid=1002
09-01 14:34:12.269 I/BluetoothUtils( 8588): packagename is android.uid.bluetooth:1002 ,and its permission is false
09-01 14:34:12.273 V/bt_stack( 8588): [VERBOSE1:btm_ble_gap.cc(1923)] btm_ble_process_ext_adv_pkt: bda=38:f9:d3:45:87:1e
09-01 14:34:12.273 V/bt_stack( 8588): [VERBOSE1:btm_ble_gap.cc(1847)] btm_ble_process_adv_addr: bda=38:f9:d3:45:87:1e
09-01 14:34:12.273 V/bt_stack( 8588): [VERBOSE1:btm_ble_gap.cc(2052)]  Waiting for scan response 38:f9:d3:45:87:1e
09-01 14:34:12.273 V/bt_stack( 8588): [VERBOSE1:btm_ble_gap.cc(1923)] btm_ble_process_ext_adv_pkt: bda=38:f9:d3:45:87:1e
09-01 14:34:12.273 V/bt_stack( 8588): [VERBOSE1:btm_ble_gap.cc(1847)] btm_ble_process_adv_addr: bda=38:f9:d3:45:87:1e
09-01 14:34:12.274 D/BluetoothUtils( 8588): blockedByLocationOff callingUid=1002
09-01 14:34:12.274 I/BluetoothUtils( 8588): packagename is android.uid.bluetooth:1002 ,and its permission is false
09-01 14:34:12.274 D/BluetoothUtils( 8588): blockedByLocationOff callingUid=1002
09-01 14:34:12.275 I/BluetoothUtils( 8588): packagename is android.uid.bluetooth:1002 ,and its permission is false
09-01 14:34:12.275 D/BluetoothUtils( 8588): blockedByLocationOff callingUid=1002
09-01 14:34:12.275 I/BluetoothUtils( 8588): packagename is android.uid.bluetooth:1002 ,and its permission is false
09-01 14:34:12.282 V/bt_stack( 8588): [VERBOSE1:btm_ble_gap.cc(1923)] btm_ble_process_ext_adv_pkt: bda=19:30:6d:c4:b5:5b
09-01 14:34:12.283 V/bt_stack( 8588): [VERBOSE1:btm_ble_gap.cc(1847)] btm_ble_process_adv_addr: bda=19:30:6d:c4:b5:5b
09-01 14:34:12.283 D/BluetoothUtils( 8588): blockedByLocationOff callingUid=1002
09-01 14:34:12.284 I/BluetoothUtils( 8588): packagename is android.uid.bluetooth:1002 ,and its permission is false
09-01 14:34:12.284 D/BluetoothUtils( 8588): blockedByLocationOff callingUid=1002
09-01 14:34:12.284 I/BluetoothUtils( 8588): packagename is android.uid.bluetooth:1002 ,and its permission is false
09-01 14:34:12.284 D/BluetoothUtils( 8588): blockedByLocationOff callingUid=1002
09-01 14:34:12.285 I/BluetoothUtils( 8588): packagename is android.uid.bluetooth:1002 ,and its permission is false
09-01 14:34:12.322 I/vendor.qti.bluetooth@1.0-ibs_handler(19843): ProcessIbsCmd: Received IBS_SLEEP_IND: 0xFE
09-01 14:34:12.331 W/AsyncHttpResponse(10791): Current thread has not called Looper.prepare().Forcing synchronous mode
09-01 14:34:12.350 I/vendor.qti.bluetooth@1.0-ibs_handler(19843): ProcessIbsCmd: Received IBS_WAKE_IND: 0xFD
09-01 14:34:12.350 I/vendor.qti.bluetooth@1.0-ibs_handler(19843): ProcessIbsCmd: Writing IBS_WAKE_ACK
09-01 14:34:12.351 V/bt_stack( 8588): [VERBOSE1:btm_ble_gap.cc(1923)] btm_ble_process_ext_adv_pkt: bda=1b:39:55:3e:e3:6c
09-01 14:34:12.351 V/bt_stack( 8588): [VERBOSE1:btm_ble_gap.cc(1847)] btm_ble_process_adv_addr: bda=1b:39:55:3e:e3:6c
09-01 14:34:12.352 D/BluetoothUtils( 8588): blockedByLocationOff callingUid=1002
09-01 14:34:12.352 I/BluetoothUtils( 8588): packagename is android.uid.bluetooth:1002 ,and its permission is false
09-01 14:34:12.352 D/BluetoothUtils( 8588): blockedByLocationOff callingUid=1002
09-01 14:34:12.353 I/BluetoothUtils( 8588): packagename is android.uid.bluetooth:1002 ,and its permission is false
09-01 14:34:12.353 D/BluetoothUtils( 8588): blockedByLocationOff callingUid=1002
09-01 14:34:12.353 I/BluetoothUtils( 8588): packagename is android.uid.bluetooth:1002 ,and its permission is false
09-01 14:34:12.368 V/bt_stack( 8588): [VERBOSE1:btm_ble_gap.cc(1923)] btm_ble_process_ext_adv_pkt: bda=7b:37:7f:df:22:35
09-01 14:34:12.368 V/bt_stack( 8588): [VERBOSE1:btm_ble_gap.cc(1847)] btm_ble_process_adv_addr: bda=7b:37:7f:df:22:35
09-01 14:34:12.368 V/bt_stack( 8588): [VERBOSE1:btm_ble_gap.cc(2052)]  Waiting for scan response 7b:37:7f:df:22:35
09-01 14:34:12.369 V/AsyncHttpResponse(10791): Progress 12 from 12 (100%)
09-01 14:34:12.369 V/bt_stack( 8588): [VERBOSE1:btm_ble_gap.cc(1923)] btm_ble_process_ext_adv_pkt: bda=53:20:ff:cd:6c:a4
09-01 14:34:12.369 V/bt_stack( 8588): [VERBOSE1:btm_ble_gap.cc(1847)] btm_ble_process_adv_addr: bda=53:20:ff:cd:6c:a4
09-01 14:34:12.369 V/bt_stack( 8588): [VERBOSE1:btm_ble_gap.cc(2052)]  Waiting for scan response 53:20:ff:cd:6c:a4
09-01 14:34:12.369 V/bt_stack( 8588): [VERBOSE1:btm_ble_gap.cc(1923)] btm_ble_process_ext_adv_pkt: bda=53:20:ff:cd:6c:a4
09-01 14:34:12.369 V/bt_stack( 8588): [VERBOSE1:btm_ble_gap.cc(1847)] btm_ble_process_adv_addr: bda=53:20:ff:cd:6c:a4
09-01 14:34:12.370 D/BluetoothUtils( 8588): blockedByLocationOff callingUid=1002
09-01 14:34:12.370 I/BluetoothUtils( 8588): packagename is android.uid.bluetooth:1002 ,and its permission is false
09-01 14:34:12.370 D/BluetoothUtils( 8588): blockedByLocationOff callingUid=1002
09-01 14:34:12.371 I/BluetoothUtils( 8588): packagename is android.uid.bluetooth:1002 ,and its permission is false
09-01 14:34:12.371 D/BluetoothUtils( 8588): blockedByLocationOff callingUid=1002
09-01 14:34:12.371 I/BluetoothUtils( 8588): packagename is android.uid.bluetooth:1002 ,and its permission is false
09-01 14:34:12.373 V/bt_stack( 8588): [VERBOSE1:btm_ble_gap.cc(1923)] btm_ble_process_ext_adv_pkt: bda=01:f5:30:c0:9b:7a
09-01 14:34:12.373 V/bt_stack( 8588): [VERBOSE1:btm_ble_gap.cc(1847)] btm_ble_process_adv_addr: bda=01:f5:30:c0:9b:7a
09-01 14:34:12.374 D/BluetoothUtils( 8588): blockedByLocationOff callingUid=1002
09-01 14:34:12.374 I/BluetoothUtils( 8588): packagename is android.uid.bluetooth:1002 ,and its permission is false
09-01 14:34:12.374 D/BluetoothUtils( 8588): blockedByLocationOff callingUid=1002
09-01 14:34:12.375 I/BluetoothUtils( 8588): packagename is android.uid.bluetooth:1002 ,and its permission is false
09-01 14:34:12.375 D/BluetoothUtils( 8588): blockedByLocationOff callingUid=1002
09-01 14:34:12.375 I/BluetoothUtils( 8588): packagename is android.uid.bluetooth:1002 ,and its permission is false
09-01 14:34:12.376 D/[Koin]  (10791): +- get 'com.huami.stress.domain.O00000oO.O000000o.O000000o'
09-01 14:34:12.376 D/[Koin]  (10791): | create instance for [type:Factory,primary_type:'com.huami.stress.domain.O00000oO.O000000o.O000000o']
09-01 14:34:12.376 D/[Koin]  (10791): +- get 'com.huami.stress.domain.O00000o.O000000o'
09-01 14:34:12.376 D/[Koin]  (10791): | create instance for [type:Factory,primary_type:'com.huami.stress.domain.O00000o.O000000o']
09-01 14:34:12.376 D/[Koin]  (10791): +- got 'com.huami.stress.domain.O00000o.O000000o' in 0.030573 ms
09-01 14:34:12.376 D/[Koin]  (10791): +- got 'com.huami.stress.domain.O00000oO.O000000o.O000000o' in 0.129011 ms
09-01 14:34:12.385 W/AsyncHttpResponse(10791): Current thread has not called Looper.prepare().Forcing synchronous mode
09-01 14:34:12.401 V/bt_stack( 8588): [VERBOSE1:btm_ble_gap.cc(1923)] btm_ble_process_ext_adv_pkt: bda=51:d1:5c:e7:f2:93
09-01 14:34:12.401 V/bt_stack( 8588): [VERBOSE1:btm_ble_gap.cc(1847)] btm_ble_process_adv_addr: bda=51:d1:5c:e7:f2:93
09-01 14:34:12.401 V/bt_stack( 8588): [VERBOSE1:btm_ble_gap.cc(2052)]  Waiting for scan response 51:d1:5c:e7:f2:93
09-01 14:34:12.402 V/bt_stack( 8588): [VERBOSE1:btm_ble_gap.cc(1923)] btm_ble_process_ext_adv_pkt: bda=25:4e:aa:3f:5d:41
09-01 14:34:12.402 V/bt_stack( 8588): [VERBOSE1:btm_ble_gap.cc(1847)] btm_ble_process_adv_addr: bda=25:4e:aa:3f:5d:41
09-01 14:34:12.402 D/BluetoothUtils( 8588): blockedByLocationOff callingUid=1002
09-01 14:34:12.403 I/BluetoothUtils( 8588): packagename is android.uid.bluetooth:1002 ,and its permission is false
09-01 14:34:12.403 D/BluetoothUtils( 8588): blockedByLocationOff callingUid=1002
09-01 14:34:12.403 I/BluetoothUtils( 8588): packagename is android.uid.bluetooth:1002 ,and its permission is false
09-01 14:34:12.403 D/BluetoothUtils( 8588): blockedByLocationOff callingUid=1002
09-01 14:34:12.403 I/BluetoothUtils( 8588): packagename is android.uid.bluetooth:1002 ,and its permission is false
09-01 14:34:12.407 V/bt_stack( 8588): [VERBOSE1:btm_ble_gap.cc(1923)] btm_ble_process_ext_adv_pkt: bda=7c:ed:2d:b6:cf:30
09-01 14:34:12.407 V/bt_stack( 8588): [VERBOSE1:btm_ble_gap.cc(1847)] btm_ble_process_adv_addr: bda=7c:ed:2d:b6:cf:30
09-01 14:34:12.407 V/bt_stack( 8588): [VERBOSE1:btm_ble_gap.cc(2052)]  Waiting for scan response 7c:ed:2d:b6:cf:30
09-01 14:34:12.407 V/bt_stack( 8588): [VERBOSE1:btm_ble_gap.cc(1923)] btm_ble_process_ext_adv_pkt: bda=07:e4:7f:b4:5f:d9
09-01 14:34:12.407 V/bt_stack( 8588): [VERBOSE1:btm_ble_gap.cc(1847)] btm_ble_process_adv_addr: bda=07:e4:7f:b4:5f:d9
09-01 14:34:12.408 D/BluetoothUtils( 8588): blockedByLocationOff callingUid=1002
09-01 14:34:12.409 I/BluetoothUtils( 8588): packagename is android.uid.bluetooth:1002 ,and its permission is false
09-01 14:34:12.409 D/BluetoothUtils( 8588): blockedByLocationOff callingUid=1002
09-01 14:34:12.409 I/BluetoothUtils( 8588): packagename is android.uid.bluetooth:1002 ,and its permission is false
09-01 14:34:12.409 D/BluetoothUtils( 8588): blockedByLocationOff callingUid=1002
09-01 14:34:12.409 I/BluetoothUtils( 8588): packagename is android.uid.bluetooth:1002 ,and its permission is false
09-01 14:34:12.410 V/bt_stack( 8588): [VERBOSE1:btm_ble_gap.cc(1923)] btm_ble_process_ext_adv_pkt: bda=0c:39:e9:d5:de:20
09-01 14:34:12.410 V/bt_stack( 8588): [VERBOSE1:btm_ble_gap.cc(1847)] btm_ble_process_adv_addr: bda=0c:39:e9:d5:de:20
09-01 14:34:12.411 D/BluetoothUtils( 8588): blockedByLocationOff callingUid=1002
09-01 14:34:12.411 I/BluetoothUtils( 8588): packagename is android.uid.bluetooth:1002 ,and its permission is false
09-01 14:34:12.412 D/BluetoothUtils( 8588): blockedByLocationOff callingUid=1002
09-01 14:34:12.412 I/BluetoothUtils( 8588): packagename is android.uid.bluetooth:1002 ,and its permission is false
09-01 14:34:12.412 D/BluetoothUtils( 8588): blockedByLocationOff callingUid=1002
09-01 14:34:12.412 I/BluetoothUtils( 8588): packagename is android.uid.bluetooth:1002 ,and its permission is false
09-01 14:34:12.421 V/bt_stack( 8588): [VERBOSE1:btm_ble_gap.cc(1923)] btm_ble_process_ext_adv_pkt: bda=6a:1a:31:28:a4:f8
09-01 14:34:12.422 V/bt_stack( 8588): [VERBOSE1:btm_ble_gap.cc(1847)] btm_ble_process_adv_addr: bda=6a:1a:31:28:a4:f8
09-01 14:34:12.422 D/BluetoothUtils( 8588): blockedByLocationOff callingUid=1002
09-01 14:34:12.423 I/BluetoothUtils( 8588): packagename is android.uid.bluetooth:1002 ,and its permission is false
09-01 14:34:12.423 D/BluetoothUtils( 8588): blockedByLocationOff callingUid=1002
09-01 14:34:12.423 I/BluetoothUtils( 8588): packagename is android.uid.bluetooth:1002 ,and its permission is false
09-01 14:34:12.424 D/BluetoothUtils( 8588): blockedByLocationOff callingUid=1002
09-01 14:34:12.424 I/BluetoothUtils( 8588): packagename is android.uid.bluetooth:1002 ,and its permission is false
09-01 14:34:12.424 V/AsyncHttpResponse(10791): Progress 12 from 12 (100%)
09-01 14:34:12.429 V/bt_stack( 8588): [VERBOSE1:btm_ble_gap.cc(1923)] btm_ble_process_ext_adv_pkt: bda=2e:5b:f3:6f:6b:fb
09-01 14:34:12.429 V/bt_stack( 8588): [VERBOSE1:btm_ble_gap.cc(1847)] btm_ble_process_adv_addr: bda=2e:5b:f3:6f:6b:fb
09-01 14:34:12.430 D/BluetoothUtils( 8588): blockedByLocationOff callingUid=1002
09-01 14:34:12.431 I/BluetoothUtils( 8588): packagename is android.uid.bluetooth:1002 ,and its permission is false
09-01 14:34:12.431 D/BluetoothUtils( 8588): blockedByLocationOff callingUid=1002
09-01 14:34:12.431 I/BluetoothUtils( 8588): packagename is android.uid.bluetooth:1002 ,and its permission is false
09-01 14:34:12.431 D/BluetoothUtils( 8588): blockedByLocationOff callingUid=1002
09-01 14:34:12.431 I/BluetoothUtils( 8588): packagename is android.uid.bluetooth:1002 ,and its permission is false
09-01 14:34:12.435 V/bt_stack( 8588): [VERBOSE1:btm_ble_gap.cc(1923)] btm_ble_process_ext_adv_pkt: bda=12:f7:c7:df:cb:b1
09-01 14:34:12.435 V/bt_stack( 8588): [VERBOSE1:btm_ble_gap.cc(1847)] btm_ble_process_adv_addr: bda=12:f7:c7:df:cb:b1
09-01 14:34:12.436 D/BluetoothUtils( 8588): blockedByLocationOff callingUid=1002
09-01 14:34:12.437 I//system/vendor/bin/mi_thermald( 1070): thermal_cpu_set_level: set cpu freq of cpu4 to 1804800
09-01 14:34:12.438 I/BluetoothUtils( 8588): packagename is android.uid.bluetooth:1002 ,and its permission is false
09-01 14:34:12.438 D/BluetoothUtils( 8588): blockedByLocationOff callingUid=1002
09-01 14:34:12.439 I/BluetoothUtils( 8588): packagename is android.uid.bluetooth:1002 ,and its permission is false
09-01 14:34:12.439 D/BluetoothUtils( 8588): blockedByLocationOff callingUid=1002
09-01 14:34:12.439 I/BluetoothUtils( 8588): packagename is android.uid.bluetooth:1002 ,and its permission is false
09-01 14:34:12.446 V/bt_stack( 8588): [VERBOSE1:btm_ble_gap.cc(1923)] btm_ble_process_ext_adv_pkt: bda=36:c9:49:a0:b6:9d
09-01 14:34:12.446 V/bt_stack( 8588): [VERBOSE1:btm_ble_gap.cc(1847)] btm_ble_process_adv_addr: bda=36:c9:49:a0:b6:9d
09-01 14:34:12.447 D/BluetoothUtils( 8588): blockedByLocationOff callingUid=1002
09-01 14:34:12.447 I/BluetoothUtils( 8588): packagename is android.uid.bluetooth:1002 ,and its permission is false
09-01 14:34:12.447 D/BluetoothUtils( 8588): blockedByLocationOff callingUid=1002
09-01 14:34:12.448 I/BluetoothUtils( 8588): packagename is android.uid.bluetooth:1002 ,and its permission is false
09-01 14:34:12.448 D/BluetoothUtils( 8588): blockedByLocationOff callingUid=1002
09-01 14:34:12.448 I/BluetoothUtils( 8588): packagename is android.uid.bluetooth:1002 ,and its permission is false
09-01 14:34:12.457 V/bt_stack( 8588): [VERBOSE1:btm_ble_gap.cc(1923)] btm_ble_process_ext_adv_pkt: bda=38:f9:d3:45:87:1e
09-01 14:34:12.457 V/bt_stack( 8588): [VERBOSE1:btm_ble_gap.cc(1847)] btm_ble_process_adv_addr: bda=38:f9:d3:45:87:1e
09-01 14:34:12.457 V/bt_stack( 8588): [VERBOSE1:btm_ble_gap.cc(2052)]  Waiting for scan response 38:f9:d3:45:87:1e
09-01 14:34:12.457 V/bt_stack( 8588): [VERBOSE1:btm_ble_gap.cc(1923)] btm_ble_process_ext_adv_pkt: bda=38:f9:d3:45:87:1e
09-01 14:34:12.457 V/bt_stack( 8588): [VERBOSE1:btm_ble_gap.cc(1847)] btm_ble_process_adv_addr: bda=38:f9:d3:45:87:1e
09-01 14:34:12.458 D/BluetoothUtils( 8588): blockedByLocationOff callingUid=1002
09-01 14:34:12.458 I/BluetoothUtils( 8588): packagename is android.uid.bluetooth:1002 ,and its permission is false
09-01 14:34:12.459 D/BluetoothUtils( 8588): blockedByLocationOff callingUid=1002
09-01 14:34:12.459 I/BluetoothUtils( 8588): packagename is android.uid.bluetooth:1002 ,and its permission is false
09-01 14:34:12.459 D/BluetoothUtils( 8588): blockedByLocationOff callingUid=1002
09-01 14:34:12.459 I/BluetoothUtils( 8588): packagename is android.uid.bluetooth:1002 ,and its permission is false
09-01 14:34:12.461 V/bt_stack( 8588): [VERBOSE1:btm_ble_gap.cc(1923)] btm_ble_process_ext_adv_pkt: bda=32:d2:03:03:d2:bd
09-01 14:34:12.461 V/bt_stack( 8588): [VERBOSE1:btm_ble_gap.cc(1847)] btm_ble_process_adv_addr: bda=32:d2:03:03:d2:bd
09-01 14:34:12.463 D/BluetoothUtils( 8588): blockedByLocationOff callingUid=1002
09-01 14:34:12.463 I/BluetoothUtils( 8588): packagename is android.uid.bluetooth:1002 ,and its permission is false
09-01 14:34:12.463 D/BluetoothUtils( 8588): blockedByLocationOff callingUid=1002
09-01 14:34:12.464 I/BluetoothUtils( 8588): packagename is android.uid.bluetooth:1002 ,and its permission is false
09-01 14:34:12.464 D/BluetoothUtils( 8588): blockedByLocationOff callingUid=1002
09-01 14:34:12.464 I/BluetoothUtils( 8588): packagename is android.uid.bluetooth:1002 ,and its permission is false
09-01 14:34:12.464 V/bt_stack( 8588): [VERBOSE1:btm_ble_gap.cc(1923)] btm_ble_process_ext_adv_pkt: bda=3b:30:35:17:9e:fe
09-01 14:34:12.464 V/bt_stack( 8588): [VERBOSE1:btm_ble_gap.cc(1847)] btm_ble_process_adv_addr: bda=3b:30:35:17:9e:fe
09-01 14:34:12.465 D/BluetoothUtils( 8588): blockedByLocationOff callingUid=1002
09-01 14:34:12.466 I/BluetoothUtils( 8588): packagename is android.uid.bluetooth:1002 ,and its permission is false
09-01 14:34:12.466 D/BluetoothUtils( 8588): blockedByLocationOff callingUid=1002
09-01 14:34:12.466 I/BluetoothUtils( 8588): packagename is android.uid.bluetooth:1002 ,and its permission is false
09-01 14:34:12.466 D/BluetoothUtils( 8588): blockedByLocationOff callingUid=1002
09-01 14:34:12.467 I/BluetoothUtils( 8588): packagename is android.uid.bluetooth:1002 ,and its permission is false
09-01 14:34:12.470 V/bt_stack( 8588): [VERBOSE1:btm_ble_gap.cc(1923)] btm_ble_process_ext_adv_pkt: bda=44:ca:73:cc:df:42
09-01 14:34:12.470 V/bt_stack( 8588): [VERBOSE1:btm_ble_gap.cc(1847)] btm_ble_process_adv_addr: bda=44:ca:73:cc:df:42
09-01 14:34:12.470 V/bt_stack( 8588): [VERBOSE1:btm_ble_gap.cc(2052)]  Waiting for scan response 44:ca:73:cc:df:42
09-01 14:34:12.471 V/bt_stack( 8588): [VERBOSE1:btm_ble_gap.cc(1923)] btm_ble_process_ext_adv_pkt: bda=44:ca:73:cc:df:42
09-01 14:34:12.471 V/bt_stack( 8588): [VERBOSE1:btm_ble_gap.cc(1847)] btm_ble_process_adv_addr: bda=44:ca:73:cc:df:42
09-01 14:34:12.471 D/BluetoothUtils( 8588): blockedByLocationOff callingUid=1002
09-01 14:34:12.472 I/BluetoothUtils( 8588): packagename is android.uid.bluetooth:1002 ,and its permission is false
09-01 14:34:12.472 D/BluetoothUtils( 8588): blockedByLocationOff callingUid=1002
09-01 14:34:12.472 I/BluetoothUtils( 8588): packagename is android.uid.bluetooth:1002 ,and its permission is false
09-01 14:34:12.472 D/BluetoothUtils( 8588): blockedByLocationOff callingUid=1002
09-01 14:34:12.472 I/BluetoothUtils( 8588): packagename is android.uid.bluetooth:1002 ,and its permission is false
09-01 14:34:12.473 I//system/vendor/bin/mi_thermald( 1070): thermal_cpu_set_level: set cpu freq of cpu7 to 1804800
09-01 14:34:12.473 V/bt_stack( 8588): [VERBOSE1:btm_ble_gap.cc(1923)] btm_ble_process_ext_adv_pkt: bda=17:7e:29:ab:4e:d0
09-01 14:34:12.474 V/bt_stack( 8588): [VERBOSE1:btm_ble_gap.cc(1847)] btm_ble_process_adv_addr: bda=17:7e:29:ab:4e:d0
09-01 14:34:12.474 D/BluetoothUtils( 8588): blockedByLocationOff callingUid=1002
09-01 14:34:12.475 I/BluetoothUtils( 8588): packagename is android.uid.bluetooth:1002 ,and its permission is false
09-01 14:34:12.475 D/BluetoothUtils( 8588): blockedByLocationOff callingUid=1002
