09-01 14:34:09.934 I/BluetoothUtils( 8588): packagename is android.uid.bluetooth:1002 ,and its permission is false
09-01 14:34:09.934 D/BluetoothUtils( 8588): blockedByLocationOff callingUid=1002
09-01 14:34:09.935 I/BluetoothUtils( 8588): packagename is android.uid.bluetooth:1002 ,and its permission is false
09-01 14:34:09.935 D/BluetoothUtils( 8588): blockedByLocationOff callingUid=1002
09-01 14:34:09.935 I/BluetoothUtils( 8588): packagename is android.uid.bluetooth:1002 ,and its permission is false
09-01 14:34:09.935 V/bt_stack( 8588): [VERBOSE1:btm_ble_gap.cc(1923)] btm_ble_process_ext_adv_pkt: bda=0a:29:89:b7:c8:4a
09-01 14:34:09.935 V/bt_stack( 8588): [VERBOSE1:btm_ble_gap.cc(1847)] btm_ble_process_adv_addr: bda=0a:29:89:b7:c8:4a
09-01 14:34:09.936 D/BluetoothUtils( 8588): blockedByLocationOff callingUid=1002
09-01 14:34:09.936 I/BluetoothUtils( 8588): packagename is android.uid.bluetooth:1002 ,and its permission is false
09-01 14:34:09.936 D/BluetoothUtils( 8588): blockedByLocationOff callingUid=1002
09-01 14:34:09.937 I/BluetoothUtils( 8588): packagename is android.uid.bluetooth:1002 ,and its permission is false
09-01 14:34:09.937 D/BluetoothUtils( 8588): blockedByLocationOff callingUid=1002
09-01 14:34:09.937 I/BluetoothUtils( 8588): packagename is android.uid.bluetooth:1002 ,and its permission is false
09-01 14:34:09.938 I/Timeline( 1639): Timeline: App_transition_ready time:211615955
09-01 14:34:09.938 I/System.out(10791): 1598889600850 - local onCompleted
09-01 14:34:09.940 V/bt_stack( 8588): [VERBOSE1:btm_ble_gap.cc(1923)] btm_ble_process_ext_adv_pkt: bda=45:55:7e:66:6f:d0
09-01 14:34:09.940 V/bt_stack( 8588): [VERBOSE1:btm_ble_gap.cc(1847)] btm_ble_process_adv_addr: bda=45:55:7e:66:6f:d0
09-01 14:34:09.941 V/bt_stack( 8588): [VERBOSE1:btm_ble_gap.cc(2052)]  Waiting for scan response 45:55:7e:66:6f:d0
09-01 14:34:09.941 V/bt_stack( 8588): [VERBOSE1:btm_ble_gap.cc(1923)] btm_ble_process_ext_adv_pkt: bda=45:55:7e:66:6f:d0
09-01 14:34:09.941 V/bt_stack( 8588): [VERBOSE1:btm_ble_gap.cc(1847)] btm_ble_process_adv_addr: bda=45:55:7e:66:6f:d0
09-01 14:34:09.941 D/BluetoothUtils( 8588): blockedByLocationOff callingUid=1002
09-01 14:34:09.942 I/BluetoothUtils( 8588): packagename is android.uid.bluetooth:1002 ,and its permission is false
09-01 14:34:09.942 D/BluetoothUtils( 8588): blockedByLocationOff callingUid=1002
09-01 14:34:09.943 I/BluetoothUtils( 8588): packagename is android.uid.bluetooth:1002 ,and its permission is false
09-01 14:34:09.943 D/BluetoothUtils( 8588): blockedByLocationOff callingUid=1002
09-01 14:34:09.943 I/System.out(10791): EventDateDataAnalysisJobFinished : 2020-08-31; stage count = [this.time:0,this.steps:0,this.count:0,this.distance:0 ,this.cal: 0, this.time:1,this.steps:0,this.count:0,this.distance:0 ,this.cal: 0, this.time:2,this.steps:0,this.count:0,this.distance:0 ,this.cal: 0, this.time:3,this.steps:0,this.count:0,this.distance:0 ,this.cal: 0, this.time:4,this.steps:0,this.count:0,this.distance:0 ,this.cal: 0, this.time:5,this.steps:0,this.count:0,this.distance:0 ,this.cal: 0, this.time:6,this.steps:0,this.count:0,this.distance:0 ,this.cal: 0, this.time:7,this.steps:0,this.count:0,this.distance:0 ,this.cal: 0, this.time:8,this.steps:0,this.count:0,this.distance:0 ,this.cal: 0, this.time:9,this.steps:0,this.count:0,this.distance:0 ,this.cal: 0, this.time:10,this.steps:0,this.count:0,this.distance:0 ,this.cal: 0, this.time:11,this.steps:0,this.count:0,this.distance:0 ,this.cal: 0, this.time:12,this.steps:0,this.count:0,this.distance:0 ,this.cal: 0, this.time:13,this.steps:0,this.count:0,this.distance:0 ,this.cal: 0, this.time:14,this.steps:0,this.count:0,this.distance:0 ,this.cal: 0, this.time:15,this.steps:0,this.count:0,this.distance:0 ,this.cal: 0, this.time:16,this.steps:0,this.count:0,this.distance:0 ,this.cal: 0, this.time:17,this.steps:0,this.count:0,this.distance:0 ,this.cal: 0, this.time:18,this.steps:0,this.count:0,this.distance:0 ,this.cal: 0, this.time:19,this.steps:0,this.count:0,this.distance:0 ,this.cal: 0, this.time:20,this.steps:0,this.count:0,this.distance:0 ,this.cal: 0, this.time:21,this.steps:0,this.count:0,this.distance:0 ,this.cal: 0, this.time:22,this.steps:0,this.count:0,this.distance:0 ,this.cal: 0, this.time:23,this.steps:0,this.count:0,this.distance:0 ,this.cal: 0, this.time:24,this.steps:0,this.count:0,this.distance:0 ,this.cal: 0, this.time:25,this.steps:0,this.count:0,this.distance:0 ,this.cal: 0, this.time:26,this.steps:0,this.count:0,this.distance:0 ,this.cal: 0, this.time:27,this.steps:0,this.count:0,this.distance:0 ,this.cal: 0, this.time:28,this.steps:0,this.count:0,this.distance:0 ,this.cal: 0, this.time:29,this.steps:0,this.count:0,this.distance:0 ,this.cal: 0, this.time:30,this.steps:0,this.count:0,this.distance:0 ,this.cal: 0, this.time:31,this.steps:0,this.count:0,this.distance:0 ,this.cal: 0, this.time:32,this.steps:0,this.count:0,this.distance:0 ,this.cal: 0, this.time:33,this.steps:0,this.count:0,this.distance:0 ,this.cal: 0, this.time:34,this.steps:0,this.count:0,this.distance:0 ,this.cal: 0, this.time:35,this.steps:0,this.count:0,this.distance:0 ,this.cal: 0, this.time:36,this.steps:0,this.count:0,this.distance:0 ,this.cal: 0, this.time:37,this.steps:0,this.count:0,this.distance:0 ,this.cal: 0, this.time:38,this.steps:0,this.count:0,this.distance:0 ,this.cal: 0, this.time:39,this.steps:0,this.count:0,this.distance:0 ,this.cal: 0, this.time:40,this.steps:0,this.count:0,this.distance:0 ,this.cal: 0, this.time:41,this.steps:0,this.count:0,this.distance:0 ,this.cal: 0, this.time:42,this.steps:0,this.count:0,this.distance:0 ,this.cal: 0, this.time:43,this.steps:0,this.count:0,this.distance:0 ,this.cal: 0, this.time:44,this.steps:0,this.count:0,this.distance:0 ,this.cal: 0, this.time:45,this.steps:0,this.count:0,this.distance:0 ,this.cal: 0, this.time:46,this.steps:0,this.count:0,this.distance:0 ,this.cal: 0, this.time:47,this.steps:0,this.count:0,this.distance:0 ,this.cal: 0, this.time:48,this.steps:0,this.count:0,this.distance:0 ,this.cal: 0, this.time:49,this.steps:0,this.count:0,this.distance:0 ,this.cal: 0, this.time:50,this.steps:0,this.count:0,this.distance:0 ,this.cal: 0, this.time:51,this.steps:0,this.count:0,this.distance:0 ,this.cal: 0, this.time:52,this.steps:0,this.count:0,this.distance:0 ,this.cal: 0, this.time:53,this.steps:0,this.count:0,this.distance:0 ,this.cal: 0, this.time:54,this.steps:0,this.count:0,this.distance:0 ,this.cal: 0, this.time:55,this.steps:0,this.count:0,this.distance:0 ,this.cal: 0, this.time:56,this.steps:270,this.count:2,this.distance:279 ,this.cal: 17, this.time:57,this.steps:0,this.count:0,this.distance:0 ,this.cal:
09-01 14:34:09.943 I/BluetoothUtils( 8588): packagename is android.uid.bluetooth:1002 ,and its permission is false
09-01 14:34:09.947 I/ActivityTaskManager( 1639): Displayed com.xiaomi.hm.health/.running.SportEnergyActivity: +146ms
09-01 14:34:09.947 I/System.out(10791): 1598803200852 - local data size : 0
09-01 14:34:09.951 V/AsyncHttpResponse(10791): Progress 2582 from 2582 (100%)
09-01 14:34:09.951 I/System.out(10791): 1598803200852 - local data size : 0
09-01 14:34:09.953 V/bt_stack( 8588): [VERBOSE1:btm_ble_gap.cc(1923)] btm_ble_process_ext_adv_pkt: bda=18:81:0e:e0:a8:6d
09-01 14:34:09.953 V/bt_stack( 8588): [VERBOSE1:btm_ble_gap.cc(1847)] btm_ble_process_adv_addr: bda=18:81:0e:e0:a8:6d
09-01 14:34:09.953 V/bt_stack( 8588): [VERBOSE1:btm_ble_gap.cc(2052)]  Waiting for scan response 18:81:0e:e0:a8:6d
09-01 14:34:09.953 V/bt_stack( 8588): [VERBOSE1:btm_ble_gap.cc(1923)] btm_ble_process_ext_adv_pkt: bda=06:fa:50:9b:39:c0
09-01 14:34:09.953 V/bt_stack( 8588): [VERBOSE1:btm_ble_gap.cc(1847)] btm_ble_process_adv_addr: bda=06:fa:50:9b:39:c0
09-01 14:34:09.954 D/BluetoothUtils( 8588): blockedByLocationOff callingUid=1002
09-01 14:34:09.954 I/BluetoothUtils( 8588): packagename is android.uid.bluetooth:1002 ,and its permission is false
09-01 14:34:09.954 D/BluetoothUtils( 8588): blockedByLocationOff callingUid=1002
09-01 14:34:09.954 I/BluetoothUtils( 8588): packagename is android.uid.bluetooth:1002 ,and its permission is false
09-01 14:34:09.954 D/BluetoothUtils( 8588): blockedByLocationOff callingUid=1002
09-01 14:34:09.955 I/BluetoothUtils( 8588): packagename is android.uid.bluetooth:1002 ,and its permission is false
09-01 14:34:09.958 V/AsyncHttpResponse(10791): Progress 1421 from 1421 (100%)
09-01 14:34:09.965 I/System.out(10791): 1598803200852 - local data size : 0
09-01 14:34:09.967 V/AsyncHttpResponse(10791): Progress 1421 from 1421 (100%)
09-01 14:34:09.968 V/bt_stack( 8588): [VERBOSE1:btm_ble_gap.cc(1923)] btm_ble_process_ext_adv_pkt: bda=3b:30:35:17:9e:fe
09-01 14:34:09.968 V/bt_stack( 8588): [VERBOSE1:btm_ble_gap.cc(1847)] btm_ble_process_adv_addr: bda=3b:30:35:17:9e:fe
09-01 14:34:09.968 D/BluetoothUtils( 8588): blockedByLocationOff callingUid=1002
09-01 14:34:09.969 I/BluetoothUtils( 8588): packagename is android.uid.bluetooth:1002 ,and its permission is false
09-01 14:34:09.969 D/BluetoothUtils( 8588): blockedByLocationOff callingUid=1002
09-01 14:34:09.969 I/BluetoothUtils( 8588): packagename is android.uid.bluetooth:1002 ,and its permission is false
09-01 14:34:09.970 D/BluetoothUtils( 8588): blockedByLocationOff callingUid=1002
09-01 14:34:09.970 I/BluetoothUtils( 8588): packagename is android.uid.bluetooth:1002 ,and its permission is false
09-01 14:34:09.974 I/System.out(10791): 1598803200852 - local data size : 0
09-01 14:34:09.976 V/bt_stack( 8588): [VERBOSE1:btm_ble_gap.cc(1923)] btm_ble_process_ext_adv_pkt: bda=19:30:6d:c4:b5:5b
09-01 14:34:09.976 V/bt_stack( 8588): [VERBOSE1:btm_ble_gap.cc(1847)] btm_ble_process_adv_addr: bda=19:30:6d:c4:b5:5b
09-01 14:34:09.977 D/BluetoothUtils( 8588): blockedByLocationOff callingUid=1002
09-01 14:34:09.977 I/BluetoothUtils( 8588): packagename is android.uid.bluetooth:1002 ,and its permission is false
09-01 14:34:09.977 D/BluetoothUtils( 8588): blockedByLocationOff callingUid=1002
09-01 14:34:09.978 I/BluetoothUtils( 8588): packagename is android.uid.bluetooth:1002 ,and its permission is false
09-01 14:34:09.978 D/BluetoothUtils( 8588): blockedByLocationOff callingUid=1002
09-01 14:34:09.978 I/BluetoothUtils( 8588): packagename is android.uid.bluetooth:1002 ,and its permission is false
09-01 14:34:09.986 V/bt_stack( 8588): [VERBOSE1:btm_ble_gap.cc(1923)] btm_ble_process_ext_adv_pkt: bda=01:f5:30:c0:9b:7a
09-01 14:34:09.986 V/bt_stack( 8588): [VERBOSE1:btm_ble_gap.cc(1847)] btm_ble_process_adv_addr: bda=01:f5:30:c0:9b:7a
09-01 14:34:09.987 D/BluetoothUtils( 8588): blockedByLocationOff callingUid=1002
09-01 14:34:09.988 I/BluetoothUtils( 8588): packagename is android.uid.bluetooth:1002 ,and its permission is false
09-01 14:34:09.988 D/BluetoothUtils( 8588): blockedByLocationOff callingUid=1002
09-01 14:34:09.988 I/BluetoothUtils( 8588): packagename is android.uid.bluetooth:1002 ,and its permission is false
09-01 14:34:09.988 D/BluetoothUtils( 8588): blockedByLocationOff callingUid=1002
09-01 14:34:09.989 I/BluetoothUtils( 8588): packagename is android.uid.bluetooth:1002 ,and its permission is false
09-01 14:34:09.997 V/bt_stack( 8588): [VERBOSE1:btm_ble_gap.cc(1923)] btm_ble_process_ext_adv_pkt: bda=6a:1a:31:28:a4:f8
09-01 14:34:09.997 V/bt_stack( 8588): [VERBOSE1:btm_ble_gap.cc(1847)] btm_ble_process_adv_addr: bda=6a:1a:31:28:a4:f8
09-01 14:34:09.998 V/bt_stack( 8588): [VERBOSE1:btm_ble_gap.cc(1923)] btm_ble_process_ext_adv_pkt: bda=07:e4:7f:b4:5f:d9
09-01 14:34:09.998 V/bt_stack( 8588): [VERBOSE1:btm_ble_gap.cc(1847)] btm_ble_process_adv_addr: bda=07:e4:7f:b4:5f:d9
09-01 14:34:09.998 D/BluetoothUtils( 8588): blockedByLocationOff callingUid=1002
09-01 14:34:09.998 I/BluetoothUtils( 8588): packagename is android.uid.bluetooth:1002 ,and its permission is false
09-01 14:34:09.999 D/BluetoothUtils( 8588): blockedByLocationOff callingUid=1002
09-01 14:34:09.999 I/BluetoothUtils( 8588): packagename is android.uid.bluetooth:1002 ,and its permission is false
09-01 14:34:09.999 D/BluetoothUtils( 8588): blockedByLocationOff callingUid=1002
09-01 14:34:09.999 I/BluetoothUtils( 8588): packagename is android.uid.bluetooth:1002 ,and its permission is false
09-01 14:34:10.000 D/BluetoothUtils( 8588): blockedByLocationOff callingUid=1002
09-01 14:34:10.000 I/BluetoothUtils( 8588): packagename is android.uid.bluetooth:1002 ,and its permission is false
09-01 14:34:10.000 D/BluetoothUtils( 8588): blockedByLocationOff callingUid=1002
09-01 14:34:10.001 I/BluetoothUtils( 8588): packagename is android.uid.bluetooth:1002 ,and its permission is false
09-01 14:34:10.001 D/BluetoothUtils( 8588): blockedByLocationOff callingUid=1002
09-01 14:34:10.001 I/BluetoothUtils( 8588): packagename is android.uid.bluetooth:1002 ,and its permission is false
09-01 14:34:10.002 V/bt_stack( 8588): [VERBOSE1:btm_ble_gap.cc(1923)] btm_ble_process_ext_adv_pkt: bda=44:ca:73:cc:df:42
09-01 14:34:10.002 V/bt_stack( 8588): [VERBOSE1:btm_ble_gap.cc(1847)] btm_ble_process_adv_addr: bda=44:ca:73:cc:df:42
09-01 14:34:10.002 V/bt_stack( 8588): [VERBOSE1:btm_ble_gap.cc(2052)]  Waiting for scan response 44:ca:73:cc:df:42
09-01 14:34:10.003 V/bt_stack( 8588): [VERBOSE1:btm_ble_gap.cc(1923)] btm_ble_process_ext_adv_pkt: bda=44:ca:73:cc:df:42
09-01 14:34:10.003 V/bt_stack( 8588): [VERBOSE1:btm_ble_gap.cc(1847)] btm_ble_process_adv_addr: bda=44:ca:73:cc:df:42
09-01 14:34:10.004 D/BluetoothUtils( 8588): blockedByLocationOff callingUid=1002
09-01 14:34:10.004 I/BluetoothUtils( 8588): packagename is android.uid.bluetooth:1002 ,and its permission is false
09-01 14:34:10.004 D/BluetoothUtils( 8588): blockedByLocationOff callingUid=1002
09-01 14:34:10.005 I/BluetoothUtils( 8588): packagename is android.uid.bluetooth:1002 ,and its permission is false
09-01 14:34:10.005 D/BluetoothUtils( 8588): blockedByLocationOff callingUid=1002
09-01 14:34:10.005 I/BluetoothUtils( 8588): packagename is android.uid.bluetooth:1002 ,and its permission is false
09-01 14:34:10.010 I/System.out(10791): 1598803200852 - local onCompleted
09-01 14:34:10.016 I/System.out(10791): 1598889600850 - local data size : 0
09-01 14:34:10.018 V/bt_stack( 8588): [VERBOSE1:btm_ble_gap.cc(1923)] btm_ble_process_ext_adv_pkt: bda=5d:4a:e1:72:21:47
09-01 14:34:10.018 V/bt_stack( 8588): [VERBOSE1:btm_ble_gap.cc(1847)] btm_ble_process_adv_addr: bda=5d:4a:e1:72:21:47
09-01 14:34:10.018 V/bt_stack( 8588): [VERBOSE1:btm_ble_gap.cc(2052)]  Waiting for scan response 5d:4a:e1:72:21:47
09-01 14:34:10.018 V/bt_stack( 8588): [VERBOSE1:btm_ble_gap.cc(1923)] btm_ble_process_ext_adv_pkt: bda=5d:4a:e1:72:21:47
09-01 14:34:10.018 V/bt_stack( 8588): [VERBOSE1:btm_ble_gap.cc(1847)] btm_ble_process_adv_addr: bda=5d:4a:e1:72:21:47
09-01 14:34:10.019 I/System.out(10791): 1598889600850 - local data size : 0
09-01 14:34:10.019 D/BluetoothUtils( 8588): blockedByLocationOff callingUid=1002
09-01 14:34:10.019 I/BluetoothUtils( 8588): packagename is android.uid.bluetooth:1002 ,and its permission is false
09-01 14:34:10.019 I/System.out(10791): web onCompleted
09-01 14:34:10.019 D/BluetoothUtils( 8588): blockedByLocationOff callingUid=1002
09-01 14:34:10.020 V/bt_stack( 8588): [VERBOSE1:btm_ble_gap.cc(1923)] btm_ble_process_ext_adv_pkt: bda=2a:1b:52:ac:62:5d
09-01 14:34:10.020 V/bt_stack( 8588): [VERBOSE1:btm_ble_gap.cc(1847)] btm_ble_process_adv_addr: bda=2a:1b:52:ac:62:5d
09-01 14:34:10.020 I/BluetoothUtils( 8588): packagename is android.uid.bluetooth:1002 ,and its permission is false
09-01 14:34:10.020 D/BluetoothUtils( 8588): blockedByLocationOff callingUid=1002
09-01 14:34:10.021 I/BluetoothUtils( 8588): packagename is android.uid.bluetooth:1002 ,and its permission is false
09-01 14:34:10.021 D/BluetoothUtils( 8588): blockedByLocationOff callingUid=1002
09-01 14:34:10.022 I/System.out(10791): 1598889600850 - local data size : 0
09-01 14:34:10.022 I/BluetoothUtils( 8588): packagename is android.uid.bluetooth:1002 ,and its permission is false
09-01 14:34:10.022 D/BluetoothUtils( 8588): blockedByLocationOff callingUid=1002
09-01 14:34:10.023 I/BluetoothUtils( 8588): packagename is android.uid.bluetooth:1002 ,and its permission is false
09-01 14:34:10.023 D/BluetoothUtils( 8588): blockedByLocationOff callingUid=1002
09-01 14:34:10.024 I/BluetoothUtils( 8588): packagename is android.uid.bluetooth:1002 ,and its permission is false
09-01 14:34:10.024 I/System.out(10791): 1598889600850 - local data size : 0
09-01 14:34:10.027 V/AsyncHttpResponse(10791): Progress 3223 from 3223 (100%)
09-01 14:34:10.030 V/bt_stack( 8588): [VERBOSE1:btm_ble_gap.cc(1923)] btm_ble_process_ext_adv_pkt: bda=56:e4:da:79:d5:88
09-01 14:34:10.031 V/bt_stack( 8588): [VERBOSE1:btm_ble_gap.cc(1847)] btm_ble_process_adv_addr: bda=56:e4:da:79:d5:88
09-01 14:34:10.031 V/bt_stack( 8588): [VERBOSE1:btm_ble_gap.cc(2052)]  Waiting for scan response 56:e4:da:79:d5:88
09-01 14:34:10.031 V/bt_stack( 8588): [VERBOSE1:btm_ble_gap.cc(1923)] btm_ble_process_ext_adv_pkt: bda=56:e4:da:79:d5:88
09-01 14:34:10.031 V/bt_stack( 8588): [VERBOSE1:btm_ble_gap.cc(1847)] btm_ble_process_adv_addr: bda=56:e4:da:79:d5:88
09-01 14:34:10.032 D/BluetoothUtils( 8588): blockedByLocationOff callingUid=1002
09-01 14:34:10.032 I/BluetoothUtils( 8588): packagename is android.uid.bluetooth:1002 ,and its permission is false
09-01 14:34:10.032 D/BluetoothUtils( 8588): blockedByLocationOff callingUid=1002
09-01 14:34:10.032 I/BluetoothUtils( 8588): packagename is android.uid.bluetooth:1002 ,and its permission is false
09-01 14:34:10.033 D/BluetoothUtils( 8588): blockedByLocationOff callingUid=1002
09-01 14:34:10.033 I/BluetoothUtils( 8588): packagename is android.uid.bluetooth:1002 ,and its permission is false
09-01 14:34:10.037 V/bt_stack( 8588): [VERBOSE1:btm_ble_gap.cc(1923)] btm_ble_process_ext_adv_pkt: bda=38:f9:d3:45:87:1e
09-01 14:34:10.037 V/bt_stack( 8588): [VERBOSE1:btm_ble_gap.cc(1847)] btm_ble_process_adv_addr: bda=38:f9:d3:45:87:1e
09-01 14:34:10.037 V/bt_stack( 8588): [VERBOSE1:btm_ble_gap.cc(2052)]  Waiting for scan response 38:f9:d3:45:87:1e
09-01 14:34:10.037 V/bt_stack( 8588): [VERBOSE1:btm_ble_gap.cc(1923)] btm_ble_process_ext_adv_pkt: bda=38:f9:d3:45:87:1e
09-01 14:34:10.037 V/bt_stack( 8588): [VERBOSE1:btm_ble_gap.cc(1847)] btm_ble_process_adv_addr: bda=38:f9:d3:45:87:1e
09-01 14:34:10.037 D/BluetoothUtils( 8588): blockedByLocationOff callingUid=1002
09-01 14:34:10.038 I/BluetoothUtils( 8588): packagename is android.uid.bluetooth:1002 ,and its permission is false
09-01 14:34:10.038 D/BluetoothUtils( 8588): blockedByLocationOff callingUid=1002
09-01 14:34:10.039 I/BluetoothUtils( 8588): packagename is android.uid.bluetooth:1002 ,and its permission is false
09-01 14:34:10.039 D/BluetoothUtils( 8588): blockedByLocationOff callingUid=1002
09-01 14:34:10.039 I/BluetoothUtils( 8588): packagename is android.uid.bluetooth:1002 ,and its permission is false
09-01 14:34:10.040 V/bt_stack( 8588): [VERBOSE1:btm_ble_gap.cc(1923)] btm_ble_process_ext_adv_pkt: bda=0a:29:89:b7:c8:4a
09-01 14:34:10.040 V/bt_stack( 8588): [VERBOSE1:btm_ble_gap.cc(1847)] btm_ble_process_adv_addr: bda=0a:29:89:b7:c8:4a
09-01 14:34:10.041 D/BluetoothUtils( 8588): blockedByLocationOff callingUid=1002
09-01 14:34:10.042 I/BluetoothUtils( 8588): packagename is android.uid.bluetooth:1002 ,and its permission is false
09-01 14:34:10.042 D/BluetoothUtils( 8588): blockedByLocationOff callingUid=1002
09-01 14:34:10.043 I/BluetoothUtils( 8588): packagename is android.uid.bluetooth:1002 ,and its permission is false
09-01 14:34:10.043 D/BluetoothUtils( 8588): blockedByLocationOff callingUid=1002
09-01 14:34:10.043 I/BluetoothUtils( 8588): packagename is android.uid.bluetooth:1002 ,and its permission is false
09-01 14:34:10.045 V/bt_stack( 8588): [VERBOSE1:btm_ble_gap.cc(1923)] btm_ble_process_ext_adv_pkt: bda=55:a7:aa:ab:14:9f
09-01 14:34:10.045 V/bt_stack( 8588): [VERBOSE1:btm_ble_gap.cc(1847)] btm_ble_process_adv_addr: bda=55:a7:aa:ab:14:9f
09-01 14:34:10.045 V/bt_stack( 8588): [VERBOSE1:btm_ble_gap.cc(2052)]  Waiting for scan response 55:a7:aa:ab:14:9f
09-01 14:34:10.050 V/bt_stack( 8588): [VERBOSE1:btm_ble_gap.cc(1923)] btm_ble_process_ext_adv_pkt: bda=ac:29:3a:9a:aa:42
09-01 14:34:10.050 V/bt_stack( 8588): [VERBOSE1:btm_ble_gap.cc(1847)] btm_ble_process_adv_addr: bda=ac:29:3a:9a:aa:42
09-01 14:34:10.050 V/bt_stack( 8588): [VERBOSE1:btm_ble_gap.cc(2052)]  Waiting for scan response ac:29:3a:9a:aa:42
09-01 14:34:10.052 V/bt_stack( 8588): [VERBOSE1:btm_ble_gap.cc(1923)] btm_ble_process_ext_adv_pkt: bda=35:38:49:78:be:f0
09-01 14:34:10.052 V/bt_stack( 8588): [VERBOSE1:btm_ble_gap.cc(1847)] btm_ble_process_adv_addr: bda=35:38:49:78:be:f0
09-01 14:34:10.052 V/bt_stack( 8588): [VERBOSE1:btm_ble_gap.cc(1923)] btm_ble_process_ext_adv_pkt: bda=17:7e:29:ab:4e:d0
09-01 14:34:10.052 V/bt_stack( 8588): [VERBOSE1:btm_ble_gap.cc(1847)] btm_ble_process_adv_addr: bda=17:7e:29:ab:4e:d0
09-01 14:34:10.053 D/BluetoothUtils( 8588): blockedByLocationOff callingUid=1002
09-01 14:34:10.053 I/BluetoothUtils( 8588): packagename is android.uid.bluetooth:1002 ,and its permission is false
09-01 14:34:10.053 D/BluetoothUtils( 8588): blockedByLocationOff callingUid=1002
09-01 14:34:10.054 I/BluetoothUtils( 8588): packagename is android.uid.bluetooth:1002 ,and its permission is false
09-01 14:34:10.054 D/BluetoothUtils( 8588): blockedByLocationOff callingUid=1002
09-01 14:34:10.054 I/BluetoothUtils( 8588): packagename is android.uid.bluetooth:1002 ,and its permission is false
09-01 14:34:10.055 D/BluetoothUtils( 8588): blockedByLocationOff callingUid=1002
09-01 14:34:10.055 I/BluetoothUtils( 8588): packagename is android.uid.bluetooth:1002 ,and its permission is false
09-01 14:34:10.055 D/BluetoothUtils( 8588): blockedByLocationOff callingUid=1002
09-01 14:34:10.056 I/BluetoothUtils( 8588): packagename is android.uid.bluetooth:1002 ,and its permission is false
09-01 14:34:10.056 D/BluetoothUtils( 8588): blockedByLocationOff callingUid=1002
09-01 14:34:10.056 I/BluetoothUtils( 8588): packagename is android.uid.bluetooth:1002 ,and its permission is false
09-01 14:34:10.064 V/bt_stack( 8588): [VERBOSE1:btm_ble_gap.cc(1923)] btm_ble_process_ext_adv_pkt: bda=66:db:a5:b4:54:91
09-01 14:34:10.064 V/bt_stack( 8588): [VERBOSE1:btm_ble_gap.cc(1847)] btm_ble_process_adv_addr: bda=66:db:a5:b4:54:91
09-01 14:34:10.064 V/bt_stack( 8588): [VERBOSE1:btm_ble_gap.cc(2052)]  Waiting for scan response 66:db:a5:b4:54:91
09-01 14:34:10.064 V/bt_stack( 8588): [VERBOSE1:btm_ble_gap.cc(1923)] btm_ble_process_ext_adv_pkt: bda=66:db:a5:b4:54:91
09-01 14:34:10.064 V/bt_stack( 8588): [VERBOSE1:btm_ble_gap.cc(1847)] btm_ble_process_adv_addr: bda=66:db:a5:b4:54:91
09-01 14:34:10.065 D/BluetoothUtils( 8588): blockedByLocationOff callingUid=1002
09-01 14:34:10.065 I/BluetoothUtils( 8588): packagename is android.uid.bluetooth:1002 ,and its permission is false
09-01 14:34:10.065 D/BluetoothUtils( 8588): blockedByLocationOff callingUid=1002
09-01 14:34:10.065 I/BluetoothUtils( 8588): packagename is android.uid.bluetooth:1002 ,and its permission is false
09-01 14:34:10.065 D/BluetoothUtils( 8588): blockedByLocationOff callingUid=1002
09-01 14:34:10.066 I/BluetoothUtils( 8588): packagename is android.uid.bluetooth:1002 ,and its permission is false
09-01 14:34:10.069 I/System.out(10791): 1598889600850 - local onCompleted
09-01 14:34:10.073 V/bt_stack( 8588): [VERBOSE1:btm_ble_gap.cc(1923)] btm_ble_process_ext_adv_pkt: bda=d3:ce:19:45:b1:77
09-01 14:34:10.073 V/bt_stack( 8588): [VERBOSE1:btm_ble_gap.cc(1847)] btm_ble_process_adv_addr: bda=d3:ce:19:45:b1:77
09-01 14:34:10.073 V/bt_stack( 8588): [VERBOSE1:btm_ble_gap.cc(2052)]  Waiting for scan response d3:ce:19:45:b1:77
09-01 14:34:10.073 V/bt_stack( 8588): [VERBOSE1:btm_ble_gap.cc(1923)] btm_ble_process_ext_adv_pkt: bda=d3:ce:19:45:b1:77
09-01 14:34:10.073 V/bt_stack( 8588): [VERBOSE1:btm_ble_gap.cc(1847)] btm_ble_process_adv_addr: bda=d3:ce:19:45:b1:77
09-01 14:34:10.074 D/BluetoothUtils( 8588): blockedByLocationOff callingUid=1002
09-01 14:34:10.074 I/BluetoothUtils( 8588): packagename is android.uid.bluetooth:1002 ,and its permission is false
09-01 14:34:10.074 D/BluetoothUtils( 8588): blockedByLocationOff callingUid=1002
09-01 14:34:10.074 I/BluetoothUtils( 8588): packagename is android.uid.bluetooth:1002 ,and its permission is false
09-01 14:34:10.074 D/BluetoothUtils( 8588): blockedByLocationOff callingUid=1002
09-01 14:34:10.075 I/BluetoothUtils( 8588): packagename is android.uid.bluetooth:1002 ,and its permission is false
09-01 14:34:10.076 V/bt_stack( 8588): [VERBOSE1:btm_ble_gap.cc(1923)] btm_ble_process_ext_adv_pkt: bda=3b:30:35:17:9e:fe
09-01 14:34:10.077 V/bt_stack( 8588): [VERBOSE1:btm_ble_gap.cc(1847)] btm_ble_process_adv_addr: bda=3b:30:35:17:9e:fe
09-01 14:34:10.077 D/BluetoothUtils( 8588): blockedByLocationOff callingUid=1002
09-01 14:34:10.078 I/BluetoothUtils( 8588): packagename is android.uid.bluetooth:1002 ,and its permission is false
09-01 14:34:10.078 D/BluetoothUtils( 8588): blockedByLocationOff callingUid=1002
09-01 14:34:10.078 I/BluetoothUtils( 8588): packagename is android.uid.bluetooth:1002 ,and its permission is false
09-01 14:34:10.078 D/BluetoothUtils( 8588): blockedByLocationOff callingUid=1002
09-01 14:34:10.078 I/BluetoothUtils( 8588): packagename is android.uid.bluetooth:1002 ,and its permission is false
09-01 14:34:10.081 V/bt_stack( 8588): [VERBOSE1:btm_ble_gap.cc(1923)] btm_ble_process_ext_adv_pkt: bda=5a:fd:6c:e2:fe:ca
09-01 14:34:10.081 V/bt_stack( 8588): [VERBOSE1:btm_ble_gap.cc(1847)] btm_ble_process_adv_addr: bda=5a:fd:6c:e2:fe:ca
09-01 14:34:10.081 V/bt_stack( 8588): [VERBOSE1:btm_ble_gap.cc(2052)]  Waiting for scan response 5a:fd:6c:e2:fe:ca
09-01 14:34:10.085 V/bt_stack( 8588): [VERBOSE1:btm_ble_gap.cc(1923)] btm_ble_process_ext_adv_pkt: bda=fd:32:0c:ad:56:d5
09-01 14:34:10.085 V/bt_stack( 8588): [VERBOSE1:btm_ble_gap.cc(1847)] btm_ble_process_adv_addr: bda=fd:32:0c:ad:56:d5
09-01 14:34:10.085 V/bt_stack( 8588): [VERBOSE1:btm_ble_gap.cc(2052)]  Waiting for scan response fd:32:0c:ad:56:d5
09-01 14:34:10.086 V/bt_stack( 8588): [VERBOSE1:btm_ble_gap.cc(1923)] btm_ble_process_ext_adv_pkt: bda=66:3e:07:e0:2b:d4
09-01 14:34:10.086 V/bt_stack( 8588): [VERBOSE1:btm_ble_gap.cc(1847)] btm_ble_process_adv_addr: bda=66:3e:07:e0:2b:d4
09-01 14:34:10.086 V/bt_stack( 8588): [VERBOSE1:btm_ble_gap.cc(2052)]  Waiting for scan response 66:3e:07:e0:2b:d4
09-01 14:34:10.086 V/bt_stack( 8588): [VERBOSE1:btm_ble_gap.cc(1923)] btm_ble_process_ext_adv_pkt: bda=66:3e:07:e0:2b:d4
09-01 14:34:10.086 V/bt_stack( 8588): [VERBOSE1:btm_ble_gap.cc(1847)] btm_ble_process_adv_addr: bda=66:3e:07:e0:2b:d4
09-01 14:34:10.087 D/BluetoothUtils( 8588): blockedByLocationOff callingUid=1002
09-01 14:34:10.087 I/BluetoothUtils( 8588): packagename is android.uid.bluetooth:1002 ,and its permission is false
09-01 14:34:10.087 D/BluetoothUtils( 8588): blockedByLocationOff callingUid=1002
09-01 14:34:10.087 I/BluetoothUtils( 8588): packagename is android.uid.bluetooth:1002 ,and its permission is false
09-01 14:34:10.087 D/BluetoothUtils( 8588): blockedByLocationOff callingUid=1002
09-01 14:34:10.088 I/BluetoothUtils( 8588): packagename is android.uid.bluetooth:1002 ,and its permission is false
09-01 14:34:10.090 V/bt_stack( 8588): [VERBOSE1:btm_ble_gap.cc(1923)] btm_ble_process_ext_adv_pkt: bda=01:f5:30:c0:9b:7a
09-01 14:34:10.091 V/bt_stack( 8588): [VERBOSE1:btm_ble_gap.cc(1847)] btm_ble_process_adv_addr: bda=01:f5:30:c0:9b:7a
09-01 14:34:10.091 D/BluetoothUtils( 8588): blockedByLocationOff callingUid=1002
09-01 14:34:10.092 I/BluetoothUtils( 8588): packagename is android.uid.bluetooth:1002 ,and its permission is false
09-01 14:34:10.092 D/BluetoothUtils( 8588): blockedByLocationOff callingUid=1002
09-01 14:34:10.092 I/BluetoothUtils( 8588): packagename is android.uid.bluetooth:1002 ,and its permission is false
09-01 14:34:10.092 D/BluetoothUtils( 8588): blockedByLocationOff callingUid=1002
09-01 14:34:10.093 I/BluetoothUtils( 8588): packagename is android.uid.bluetooth:1002 ,and its permission is false
09-01 14:34:10.093 I/System.out(10791): web onCompleted
09-01 14:34:10.094 V/bt_stack( 8588): [VERBOSE1:btm_ble_gap.cc(1923)] btm_ble_process_ext_adv_pkt: bda=24:65:c8:81:ba:6f
09-01 14:34:10.094 V/bt_stack( 8588): [VERBOSE1:btm_ble_gap.cc(1847)] btm_ble_process_adv_addr: bda=24:65:c8:81:ba:6f
09-01 14:34:10.095 D/BluetoothUtils( 8588): blockedByLocationOff callingUid=1002
09-01 14:34:10.095 I/BluetoothUtils( 8588): packagename is android.uid.bluetooth:1002 ,and its permission is false
09-01 14:34:10.095 D/BluetoothUtils( 8588): blockedByLocationOff callingUid=1002
09-01 14:34:10.096 I/BluetoothUtils( 8588): packagename is android.uid.bluetooth:1002 ,and its permission is false
09-01 14:34:10.096 D/BluetoothUtils( 8588): blockedByLocationOff callingUid=1002
09-01 14:34:10.096 I/BluetoothUtils( 8588): packagename is android.uid.bluetooth:1002 ,and its permission is false
09-01 14:34:10.105 I/SplashScreenServiceDelegate( 1639): None for com.xiaomi.hm.health
09-01 14:34:10.107 V/bt_stack( 8588): [VERBOSE1:btm_ble_gap.cc(1923)] btm_ble_process_ext_adv_pkt: bda=6a:1a:31:28:a4:f8
09-01 14:34:10.107 V/bt_stack( 8588): [VERBOSE1:btm_ble_gap.cc(1847)] btm_ble_process_adv_addr: bda=6a:1a:31:28:a4:f8
09-01 14:34:10.107 D/BluetoothUtils( 8588): blockedByLocationOff callingUid=1002
09-01 14:34:10.108 I/BluetoothUtils( 8588): packagename is android.uid.bluetooth:1002 ,and its permission is false
09-01 14:34:10.108 D/BluetoothUtils( 8588): blockedByLocationOff callingUid=1002
09-01 14:34:10.108 I/BluetoothUtils( 8588): packagename is android.uid.bluetooth:1002 ,and its permission is false
09-01 14:34:10.108 D/BluetoothUtils( 8588): blockedByLocationOff callingUid=1002
09-01 14:34:10.109 I/BluetoothUtils( 8588): packagename is android.uid.bluetooth:1002 ,and its permission is false
09-01 14:34:10.112 V/bt_stack( 8588): [VERBOSE1:btm_ble_gap.cc(1923)] btm_ble_process_ext_adv_pkt: bda=0c:39:e9:d5:de:20
09-01 14:34:10.112 V/bt_stack( 8588): [VERBOSE1:btm_ble_gap.cc(1847)] btm_ble_process_adv_addr: bda=0c:39:e9:d5:de:20
09-01 14:34:10.113 D/BluetoothUtils( 8588): blockedByLocationOff callingUid=1002
09-01 14:34:10.113 I/BluetoothUtils( 8588): packagename is android.uid.bluetooth:1002 ,and its permission is false
09-01 14:34:10.114 D/BluetoothUtils( 8588): blockedByLocationOff callingUid=1002
09-01 14:34:10.114 I/BluetoothUtils( 8588): packagename is android.uid.bluetooth:1002 ,and its permission is false
09-01 14:34:10.114 D/BluetoothUtils( 8588): blockedByLocationOff callingUid=1002
09-01 14:34:10.114 I/BluetoothUtils( 8588): packagename is android.uid.bluetooth:1002 ,and its permission is false
09-01 14:34:10.124 V/bt_stack( 8588): [VERBOSE1:btm_ble_gap.cc(1923)] btm_ble_process_ext_adv_pkt: bda=1c:91:72:ba:f7:2e
09-01 14:34:10.124 V/bt_stack( 8588): [VERBOSE1:btm_ble_gap.cc(1847)] btm_ble_process_adv_addr: bda=1c:91:72:ba:f7:2e
09-01 14:34:10.125 D/BluetoothUtils( 8588): blockedByLocationOff callingUid=1002
09-01 14:34:10.125 I/BluetoothUtils( 8588): packagename is android.uid.bluetooth:1002 ,and its permission is false
09-01 14:34:10.125 D/BluetoothUtils( 8588): blockedByLocationOff callingUid=1002
09-01 14:34:10.126 I/BluetoothUtils( 8588): packagename is android.uid.bluetooth:1002 ,and its permission is false
09-01 14:34:10.126 D/BluetoothUtils( 8588): blockedByLocationOff callingUid=1002
09-01 14:34:10.126 I/BluetoothUtils( 8588): packagename is android.uid.bluetooth:1002 ,and its permission is false
09-01 14:34:10.130 V/bt_stack( 8588): [VERBOSE1:btm_ble_gap.cc(1923)] btm_ble_process_ext_adv_pkt: bda=14:c3:61:25:db:42
09-01 14:34:10.130 V/bt_stack( 8588): [VERBOSE1:btm_ble_gap.cc(1847)] btm_ble_process_adv_addr: bda=14:c3:61:25:db:42
09-01 14:34:10.131 D/BluetoothUtils( 8588): blockedByLocationOff callingUid=1002
09-01 14:34:10.131 I/BluetoothUtils( 8588): packagename is android.uid.bluetooth:1002 ,and its permission is false
09-01 14:34:10.132 D/BluetoothUtils( 8588): blockedByLocationOff callingUid=1002
09-01 14:34:10.132 I/BluetoothUtils( 8588): packagename is android.uid.bluetooth:1002 ,and its permission is false
09-01 14:34:10.132 D/BluetoothUtils( 8588): blockedByLocationOff callingUid=1002
09-01 14:34:10.132 I/BluetoothUtils( 8588): packagename is android.uid.bluetooth:1002 ,and its permission is false
09-01 14:34:10.133 V/bt_stack( 8588): [VERBOSE1:btm_ble_gap.cc(1923)] btm_ble_process_ext_adv_pkt: bda=18:81:0e:e0:a8:6d
09-01 14:34:10.133 V/bt_stack( 8588): [VERBOSE1:btm_ble_gap.cc(1847)] btm_ble_process_adv_addr: bda=18:81:0e:e0:a8:6d
09-01 14:34:10.133 V/bt_stack( 8588): [VERBOSE1:btm_ble_gap.cc(2052)]  Waiting for scan response 18:81:0e:e0:a8:6d
09-01 14:34:10.133 V/bt_stack( 8588): [VERBOSE1:btm_ble_gap.cc(1923)] btm_ble_process_ext_adv_pkt: bda=18:81:0e:e0:a8:6d
09-01 14:34:10.133 V/bt_stack( 8588): [VERBOSE1:btm_ble_gap.cc(1847)] btm_ble_process_adv_addr: bda=18:81:0e:e0:a8:6d
09-01 14:34:10.134 D/BluetoothUtils( 8588): blockedByLocationOff callingUid=1002
09-01 14:34:10.134 I/BluetoothUtils( 8588): packagename is android.uid.bluetooth:1002 ,and its permission is false
09-01 14:34:10.134 D/BluetoothUtils( 8588): blockedByLocationOff callingUid=1002
09-01 14:34:10.135 I/BluetoothUtils( 8588): packagename is android.uid.bluetooth:1002 ,and its permission is false
09-01 14:34:10.135 D/BluetoothUtils( 8588): blockedByLocationOff callingUid=1002
09-01 14:34:10.135 I/BluetoothUtils( 8588): packagename is android.uid.bluetooth:1002 ,and its permission is false
09-01 14:34:10.146 V/bt_stack( 8588): [VERBOSE1:btm_ble_gap.cc(1923)] btm_ble_process_ext_adv_pkt: bda=1d:3e:e9:7a:79:4a
09-01 14:34:10.147 V/bt_stack( 8588): [VERBOSE1:btm_ble_gap.cc(1847)] btm_ble_process_adv_addr: bda=1d:3e:e9:7a:79:4a
09-01 14:34:10.147 D/BluetoothUtils( 8588): blockedByLocationOff callingUid=1002
09-01 14:34:10.147 I/BluetoothUtils( 8588): packagename is android.uid.bluetooth:1002 ,and its permission is false
09-01 14:34:10.148 D/BluetoothUtils( 8588): blockedByLocationOff callingUid=1002
09-01 14:34:10.148 I/BluetoothUtils( 8588): packagename is android.uid.bluetooth:1002 ,and its permission is false
09-01 14:34:10.148 D/BluetoothUtils( 8588): blockedByLocationOff callingUid=1002
09-01 14:34:10.148 V/bt_stack( 8588): [VERBOSE1:btm_ble_gap.cc(1923)] btm_ble_process_ext_adv_pkt: bda=0a:29:89:b7:c8:4a
09-01 14:34:10.148 V/bt_stack( 8588): [VERBOSE1:btm_ble_gap.cc(1847)] btm_ble_process_adv_addr: bda=0a:29:89:b7:c8:4a
09-01 14:34:10.148 I/BluetoothUtils( 8588): packagename is android.uid.bluetooth:1002 ,and its permission is false
09-01 14:34:10.149 D/BluetoothUtils( 8588): blockedByLocationOff callingUid=1002
09-01 14:34:10.149 I/BluetoothUtils( 8588): packagename is android.uid.bluetooth:1002 ,and its permission is false
09-01 14:34:10.149 D/BluetoothUtils( 8588): blockedByLocationOff callingUid=1002
09-01 14:34:10.149 I/BluetoothUtils( 8588): packagename is android.uid.bluetooth:1002 ,and its permission is false
09-01 14:34:10.149 D/BluetoothUtils( 8588): blockedByLocationOff callingUid=1002
09-01 14:34:10.149 I/BluetoothUtils( 8588): packagename is android.uid.bluetooth:1002 ,and its permission is false
09-01 14:34:10.153 V/bt_stack( 8588): [VERBOSE1:btm_ble_gap.cc(1923)] btm_ble_process_ext_adv_pkt: bda=53:f2:a2:69:23:e6
09-01 14:34:10.153 V/bt_stack( 8588): [VERBOSE1:btm_ble_gap.cc(1847)] btm_ble_process_adv_addr: bda=53:f2:a2:69:23:e6
09-01 14:34:10.154 D/BluetoothUtils( 8588): blockedByLocationOff callingUid=1002
09-01 14:34:10.155 I/BluetoothUtils( 8588): packagename is android.uid.bluetooth:1002 ,and its permission is false
09-01 14:34:10.155 D/BluetoothUtils( 8588): blockedByLocationOff callingUid=1002
09-01 14:34:10.155 I/BluetoothUtils( 8588): packagename is android.uid.bluetooth:1002 ,and its permission is false
09-01 14:34:10.155 D/BluetoothUtils( 8588): blockedByLocationOff callingUid=1002
09-01 14:34:10.155 I/BluetoothUtils( 8588): packagename is android.uid.bluetooth:1002 ,and its permission is false
09-01 14:34:10.157 V/bt_stack( 8588): [VERBOSE1:btm_ble_gap.cc(1923)] btm_ble_process_ext_adv_pkt: bda=06:fa:50:9b:39:c0
09-01 14:34:10.157 V/bt_stack( 8588): [VERBOSE1:btm_ble_gap.cc(1847)] btm_ble_process_adv_addr: bda=06:fa:50:9b:39:c0
09-01 14:34:10.157 D/BluetoothUtils( 8588): blockedByLocationOff callingUid=1002
09-01 14:34:10.158 I/BluetoothUtils( 8588): packagename is android.uid.bluetooth:1002 ,and its permission is false
09-01 14:34:10.158 D/BluetoothUtils( 8588): blockedByLocationOff callingUid=1002
09-01 14:34:10.158 I/BluetoothUtils( 8588): packagename is android.uid.bluetooth:1002 ,and its permission is false
09-01 14:34:10.158 D/BluetoothUtils( 8588): blockedByLocationOff callingUid=1002
09-01 14:34:10.158 I/BluetoothUtils( 8588): packagename is android.uid.bluetooth:1002 ,and its permission is false
09-01 14:34:10.161 V/bt_stack( 8588): [VERBOSE1:btm_ble_gap.cc(1923)] btm_ble_process_ext_adv_pkt: bda=17:7e:29:ab:4e:d0
09-01 14:34:10.161 V/bt_stack( 8588): [VERBOSE1:btm_ble_gap.cc(1847)] btm_ble_process_adv_addr: bda=17:7e:29:ab:4e:d0
09-01 14:34:10.161 D/BluetoothUtils( 8588): blockedByLocationOff callingUid=1002
09-01 14:34:10.162 I/BluetoothUtils( 8588): packagename is android.uid.bluetooth:1002 ,and its permission is false
09-01 14:34:10.162 D/BluetoothUtils( 8588): blockedByLocationOff callingUid=1002
09-01 14:34:10.162 I/BluetoothUtils( 8588): packagename is android.uid.bluetooth:1002 ,and its permission is false
09-01 14:34:10.162 D/BluetoothUtils( 8588): blockedByLocationOff callingUid=1002
09-01 14:34:10.162 V/bt_stack( 8588): [VERBOSE1:btm_ble_gap.cc(1923)] btm_ble_process_ext_adv_pkt: bda=35:38:49:78:be:f0
09-01 14:34:10.162 I/BluetoothUtils( 8588): packagename is android.uid.bluetooth:1002 ,and its permission is false
09-01 14:34:10.162 V/bt_stack( 8588): [VERBOSE1:btm_ble_gap.cc(1847)] btm_ble_process_adv_addr: bda=35:38:49:78:be:f0
09-01 14:34:10.163 D/BluetoothUtils( 8588): blockedByLocationOff callingUid=1002
09-01 14:34:10.163 I/BluetoothUtils( 8588): packagename is android.uid.bluetooth:1002 ,and its permission is false
09-01 14:34:10.163 D/BluetoothUtils( 8588): blockedByLocationOff callingUid=1002
09-01 14:34:10.164 I/BluetoothUtils( 8588): packagename is android.uid.bluetooth:1002 ,and its permission is false
09-01 14:34:10.164 D/BluetoothUtils( 8588): blockedByLocationOff callingUid=1002
09-01 14:34:10.164 I/BluetoothUtils( 8588): packagename is android.uid.bluetooth:1002 ,and its permission is false
09-01 14:34:10.172 V/bt_stack( 8588): [VERBOSE1:btm_ble_gap.cc(1923)] btm_ble_process_ext_adv_pkt: bda=c7:9e:cc:49:b0:5d
09-01 14:34:10.172 V/bt_stack( 8588): [VERBOSE1:btm_ble_gap.cc(1847)] btm_ble_process_adv_addr: bda=c7:9e:cc:49:b0:5d
09-01 14:34:10.172 V/bt_stack( 8588): [VERBOSE1:btm_ble_gap.cc(2052)]  Waiting for scan response c7:9e:cc:49:b0:5d
09-01 14:34:10.186 W/AsyncHttpResponse(10791): Current thread has not called Looper.prepare().Forcing synchronous mode
09-01 14:34:10.190 V/bt_stack( 8588): [VERBOSE1:btm_ble_gap.cc(1923)] btm_ble_process_ext_adv_pkt: bda=48:d7:15:a5:e1:08
09-01 14:34:10.190 V/bt_stack( 8588): [VERBOSE1:btm_ble_gap.cc(1847)] btm_ble_process_adv_addr: bda=48:d7:15:a5:e1:08
09-01 14:34:10.190 V/bt_stack( 8588): [VERBOSE1:btm_ble_gap.cc(2052)]  Waiting for scan response 48:d7:15:a5:e1:08
09-01 14:34:10.190 V/bt_stack( 8588): [VERBOSE1:btm_ble_gap.cc(1923)] btm_ble_process_ext_adv_pkt: bda=01:f5:30:c0:9b:7a
09-01 14:34:10.190 V/bt_stack( 8588): [VERBOSE1:btm_ble_gap.cc(1847)] btm_ble_process_adv_addr: bda=01:f5:30:c0:9b:7a
09-01 14:34:10.191 D/BluetoothUtils( 8588): blockedByLocationOff callingUid=1002
09-01 14:34:10.192 I/BluetoothUtils( 8588): packagename is android.uid.bluetooth:1002 ,and its permission is false
09-01 14:34:10.192 D/BluetoothUtils( 8588): blockedByLocationOff callingUid=1002
09-01 14:34:10.192 I/BluetoothUtils( 8588): packagename is android.uid.bluetooth:1002 ,and its permission is false
09-01 14:34:10.192 D/BluetoothUtils( 8588): blockedByLocationOff callingUid=1002
09-01 14:34:10.192 I/BluetoothUtils( 8588): packagename is android.uid.bluetooth:1002 ,and its permission is false
09-01 14:34:10.196 V/bt_stack( 8588): [VERBOSE1:btm_ble_gap.cc(1923)] btm_ble_process_ext_adv_pkt: bda=53:20:ff:cd:6c:a4
09-01 14:34:10.196 V/bt_stack( 8588): [VERBOSE1:btm_ble_gap.cc(1847)] btm_ble_process_adv_addr: bda=53:20:ff:cd:6c:a4
09-01 14:34:10.196 V/bt_stack( 8588): [VERBOSE1:btm_ble_gap.cc(2052)]  Waiting for scan response 53:20:ff:cd:6c:a4
09-01 14:34:10.197 V/bt_stack( 8588): [VERBOSE1:btm_ble_gap.cc(1923)] btm_ble_process_ext_adv_pkt: bda=53:20:ff:cd:6c:a4
09-01 14:34:10.197 V/bt_stack( 8588): [VERBOSE1:btm_ble_gap.cc(1847)] btm_ble_process_adv_addr: bda=53:20:ff:cd:6c:a4
09-01 14:34:10.197 D/BluetoothUtils( 8588): blockedByLocationOff callingUid=1002
09-01 14:34:10.198 I/BluetoothUtils( 8588): packagename is android.uid.bluetooth:1002 ,and its permission is false
09-01 14:34:10.198 D/BluetoothUtils( 8588): blockedByLocationOff callingUid=1002
09-01 14:34:10.198 I/BluetoothUtils( 8588): packagename is android.uid.bluetooth:1002 ,and its permission is false
09-01 14:34:10.198 D/BluetoothUtils( 8588): blockedByLocationOff callingUid=1002
09-01 14:34:10.198 I/BluetoothUtils( 8588): packagename is android.uid.bluetooth:1002 ,and its permission is false
09-01 14:34:10.201 D/[Koin]  (10791): +- get 'com.huami.stress.domain.O00000oO.O000000o.O000000o'
09-01 14:34:10.201 D/[Koin]  (10791): | create instance for [type:Factory,primary_type:'com.huami.stress.domain.O00000oO.O000000o.O000000o']
09-01 14:34:10.201 D/[Koin]  (10791): +- get 'com.huami.stress.domain.O00000o.O000000o'
09-01 14:34:10.201 D/[Koin]  (10791): | create instance for [type:Factory,primary_type:'com.huami.stress.domain.O00000o.O000000o']
09-01 14:34:10.201 D/[Koin]  (10791): +- got 'com.huami.stress.domain.O00000o.O000000o' in 0.034948 ms
09-01 14:34:10.201 D/[Koin]  (10791): +- got 'com.huami.stress.domain.O00000oO.O000000o.O000000o' in 0.114166 ms
09-01 14:34:10.212 V/bt_stack( 8588): [VERBOSE1:btm_ble_gap.cc(1923)] btm_ble_process_ext_adv_pkt: bda=4b:2f:6d:75:86:77
09-01 14:34:10.212 V/bt_stack( 8588): [VERBOSE1:btm_ble_gap.cc(1847)] btm_ble_process_adv_addr: bda=4b:2f:6d:75:86:77
09-01 14:34:10.212 V/bt_stack( 8588): [VERBOSE1:btm_ble_gap.cc(2052)]  Waiting for scan response 4b:2f:6d:75:86:77
09-01 14:34:10.212 V/bt_stack( 8588): [VERBOSE1:btm_ble_gap.cc(1923)] btm_ble_process_ext_adv_pkt: bda=45:55:7e:66:6f:d0
09-01 14:34:10.212 V/bt_stack( 8588): [VERBOSE1:btm_ble_gap.cc(1847)] btm_ble_process_adv_addr: bda=45:55:7e:66:6f:d0
09-01 14:34:10.212 V/bt_stack( 8588): [VERBOSE1:btm_ble_gap.cc(2052)]  Waiting for scan response 45:55:7e:66:6f:d0
09-01 14:34:10.212 V/bt_stack( 8588): [VERBOSE1:btm_ble_gap.cc(1923)] btm_ble_process_ext_adv_pkt: bda=45:55:7e:66:6f:d0
09-01 14:34:10.212 V/bt_stack( 8588): [VERBOSE1:btm_ble_gap.cc(1847)] btm_ble_process_adv_addr: bda=45:55:7e:66:6f:d0
09-01 14:34:10.213 D/BluetoothUtils( 8588): blockedByLocationOff callingUid=1002
09-01 14:34:10.214 I/BluetoothUtils( 8588): packagename is android.uid.bluetooth:1002 ,and its permission is false
09-01 14:34:10.214 D/BluetoothUtils( 8588): blockedByLocationOff callingUid=1002
09-01 14:34:10.214 I/BluetoothUtils( 8588): packagename is android.uid.bluetooth:1002 ,and its permission is false
09-01 14:34:10.214 D/BluetoothUtils( 8588): blockedByLocationOff callingUid=1002
09-01 14:34:10.215 I/BluetoothUtils( 8588): packagename is android.uid.bluetooth:1002 ,and its permission is false
09-01 14:34:10.216 V/bt_stack( 8588): [VERBOSE1:btm_ble_gap.cc(1923)] btm_ble_process_ext_adv_pkt: bda=6a:1a:31:28:a4:f8
09-01 14:34:10.216 V/bt_stack( 8588): [VERBOSE1:btm_ble_gap.cc(1847)] btm_ble_process_adv_addr: bda=6a:1a:31:28:a4:f8
09-01 14:34:10.217 D/BluetoothUtils( 8588): blockedByLocationOff callingUid=1002
09-01 14:34:10.217 I/BluetoothUtils( 8588): packagename is android.uid.bluetooth:1002 ,and its permission is false
09-01 14:34:10.218 D/BluetoothUtils( 8588): blockedByLocationOff callingUid=1002
09-01 14:34:10.218 I/BluetoothUtils( 8588): packagename is android.uid.bluetooth:1002 ,and its permission is false
09-01 14:34:10.218 D/BluetoothUtils( 8588): blockedByLocationOff callingUid=1002
09-01 14:34:10.218 I/BluetoothUtils( 8588): packagename is android.uid.bluetooth:1002 ,and its permission is false
09-01 14:34:10.225 V/bt_stack( 8588): [VERBOSE1:btm_ble_gap.cc(1923)] btm_ble_process_ext_adv_pkt: bda=2a:1b:52:ac:62:5d
09-01 14:34:10.225 V/bt_stack( 8588): [VERBOSE1:btm_ble_gap.cc(1847)] btm_ble_process_adv_addr: bda=2a:1b:52:ac:62:5d
09-01 14:34:10.226 D/BluetoothUtils( 8588): blockedByLocationOff callingUid=1002
09-01 14:34:10.226 I/BluetoothUtils( 8588): packagename is android.uid.bluetooth:1002 ,and its permission is false
09-01 14:34:10.226 V/AsyncHttpResponse(10791): Progress 12 from 12 (100%)
09-01 14:34:10.226 D/BluetoothUtils( 8588): blockedByLocationOff callingUid=1002
09-01 14:34:10.227 I/BluetoothUtils( 8588): packagename is android.uid.bluetooth:1002 ,and its permission is false
09-01 14:34:10.227 D/BluetoothUtils( 8588): blockedByLocationOff callingUid=1002
09-01 14:34:10.227 I/BluetoothUtils( 8588): packagename is android.uid.bluetooth:1002 ,and its permission is false
09-01 14:34:10.229 V/bt_stack( 8588): [VERBOSE1:btm_ble_gap.cc(1923)] btm_ble_process_ext_adv_pkt: bda=7c:7c:58:d5:aa:e1
09-01 14:34:10.229 V/bt_stack( 8588): [VERBOSE1:btm_ble_gap.cc(1847)] btm_ble_process_adv_addr: bda=7c:7c:58:d5:aa:e1
09-01 14:34:10.229 V/bt_stack( 8588): [VERBOSE1:btm_ble_gap.cc(2052)]  Waiting for scan response 7c:7c:58:d5:aa:e1
09-01 14:34:10.232 V/bt_stack( 8588): [VERBOSE1:btm_ble_gap.cc(1923)] btm_ble_process_ext_adv_pkt: bda=ac:29:3a:9a:aa:42
09-01 14:34:10.232 V/bt_stack( 8588): [VERBOSE1:btm_ble_gap.cc(1847)] btm_ble_process_adv_addr: bda=ac:29:3a:9a:aa:42
09-01 14:34:10.232 V/bt_stack( 8588): [VERBOSE1:btm_ble_gap.cc(2052)]  Waiting for scan response ac:29:3a:9a:aa:42
09-01 14:34:10.232 V/bt_stack( 8588): [VERBOSE1:btm_ble_gap.cc(1923)] btm_ble_process_ext_adv_pkt: bda=1c:91:72:ba:f7:2e
09-01 14:34:10.233 V/bt_stack( 8588): [VERBOSE1:btm_ble_gap.cc(1847)] btm_ble_process_adv_addr: bda=1c:91:72:ba:f7:2e
09-01 14:34:10.233 D/BluetoothUtils( 8588): blockedByLocationOff callingUid=1002
09-01 14:34:10.234 I/BluetoothUtils( 8588): packagename is android.uid.bluetooth:1002 ,and its permission is false
09-01 14:34:10.234 D/BluetoothUtils( 8588): blockedByLocationOff callingUid=1002
09-01 14:34:10.234 I/BluetoothUtils( 8588): packagename is android.uid.bluetooth:1002 ,and its permission is false
09-01 14:34:10.234 D/BluetoothUtils( 8588): blockedByLocationOff callingUid=1002
09-01 14:34:10.234 I/BluetoothUtils( 8588): packagename is android.uid.bluetooth:1002 ,and its permission is false
09-01 14:34:10.239 V/bt_stack( 8588): [VERBOSE1:btm_ble_gap.cc(1923)] btm_ble_process_ext_adv_pkt: bda=d3:e3:41:80:f1:8d
09-01 14:34:10.239 V/bt_stack( 8588): [VERBOSE1:btm_ble_gap.cc(1847)] btm_ble_process_adv_addr: bda=d3:e3:41:80:f1:8d
09-01 14:34:10.239 V/bt_stack( 8588): [VERBOSE1:btm_ble_gap.cc(2052)]  Waiting for scan response d3:e3:41:80:f1:8d
09-01 14:34:10.240 V/bt_stack( 8588): [VERBOSE1:btm_ble_gap.cc(1923)] btm_ble_process_ext_adv_pkt: bda=d3:e3:41:80:f1:8d
09-01 14:34:10.240 V/bt_stack( 8588): [VERBOSE1:btm_ble_gap.cc(1847)] btm_ble_process_adv_addr: bda=d3:e3:41:80:f1:8d
09-01 14:34:10.240 D/BluetoothUtils( 8588): blockedByLocationOff callingUid=1002
09-01 14:34:10.241 I/BluetoothUtils( 8588): packagename is android.uid.bluetooth:1002 ,and its permission is false
09-01 14:34:10.241 D/BluetoothUtils( 8588): blockedByLocationOff callingUid=1002
09-01 14:34:10.241 I/BluetoothUtils( 8588): packagename is android.uid.bluetooth:1002 ,and its permission is false
09-01 14:34:10.241 D/BluetoothUtils( 8588): blockedByLocationOff callingUid=1002
09-01 14:34:10.241 I/BluetoothUtils( 8588): packagename is android.uid.bluetooth:1002 ,and its permission is false
09-01 14:34:10.243 W/AsyncHttpResponse(10791): Current thread has not called Looper.prepare().Forcing synchronous mode
09-01 14:34:10.254 V/bt_stack( 8588): [VERBOSE1:btm_ble_gap.cc(1923)] btm_ble_process_ext_adv_pkt: bda=0a:29:89:b7:c8:4a
09-01 14:34:10.254 V/bt_stack( 8588): [VERBOSE1:btm_ble_gap.cc(1847)] btm_ble_process_adv_addr: bda=0a:29:89:b7:c8:4a
09-01 14:34:10.256 D/BluetoothUtils( 8588): blockedByLocationOff callingUid=1002
09-01 14:34:10.256 I/BluetoothUtils( 8588): packagename is android.uid.bluetooth:1002 ,and its permission is false
09-01 14:34:10.256 D/BluetoothUtils( 8588): blockedByLocationOff callingUid=1002
09-01 14:34:10.257 I/BluetoothUtils( 8588): packagename is android.uid.bluetooth:1002 ,and its permission is false
09-01 14:34:10.257 D/BluetoothUtils( 8588): blockedByLocationOff callingUid=1002
09-01 14:34:10.257 I/BluetoothUtils( 8588): packagename is android.uid.bluetooth:1002 ,and its permission is false
09-01 14:34:10.259 V/bt_stack( 8588): [VERBOSE1:btm_ble_gap.cc(1923)] btm_ble_process_ext_adv_pkt: bda=06:fa:50:9b:39:c0
09-01 14:34:10.259 V/bt_stack( 8588): [VERBOSE1:btm_ble_gap.cc(1847)] btm_ble_process_adv_addr: bda=06:fa:50:9b:39:c0
09-01 14:34:10.260 D/BluetoothUtils( 8588): blockedByLocationOff callingUid=1002
09-01 14:34:10.260 I/BluetoothUtils( 8588): packagename is android.uid.bluetooth:1002 ,and its permission is false
09-01 14:34:10.260 D/BluetoothUtils( 8588): blockedByLocationOff callingUid=1002
09-01 14:34:10.261 I/BluetoothUtils( 8588): packagename is android.uid.bluetooth:1002 ,and its permission is false
09-01 14:34:10.261 D/BluetoothUtils( 8588): blockedByLocationOff callingUid=1002
09-01 14:34:10.261 I/BluetoothUtils( 8588): packagename is android.uid.bluetooth:1002 ,and its permission is false
09-01 14:34:10.262 V/bt_stack( 8588): [VERBOSE1:btm_ble_gap.cc(1923)] btm_ble_process_ext_adv_pkt: bda=53:f2:a2:69:23:e6
09-01 14:34:10.262 V/bt_stack( 8588): [VERBOSE1:btm_ble_gap.cc(1847)] btm_ble_process_adv_addr: bda=53:f2:a2:69:23:e6
09-01 14:34:10.263 D/BluetoothUtils( 8588): blockedByLocationOff callingUid=1002
