09-01 14:23:52.135 I/BluetoothUtils( 8588): packagename is android.uid.bluetooth:1002 ,and its permission is false
09-01 14:23:52.135 D/BluetoothUtils( 8588): blockedByLocationOff callingUid=1002
09-01 14:23:52.135 V/bt_stack( 8588): [VERBOSE1:btm_ble_gap.cc(1923)] btm_ble_process_ext_adv_pkt: bda=30:b8:83:fe:c9:1f
09-01 14:23:52.135 V/bt_stack( 8588): [VERBOSE1:btm_ble_gap.cc(1847)] btm_ble_process_adv_addr: bda=30:b8:83:fe:c9:1f
09-01 14:23:52.135 I/BluetoothUtils( 8588): packagename is android.uid.bluetooth:1002 ,and its permission is false
09-01 14:23:52.136 I/AdrenoGLES( 3502): PFP: 0x016ee187, ME: 0x00000000
09-01 14:23:52.136 D/BluetoothUtils( 8588): blockedByLocationOff callingUid=1002
09-01 14:23:52.136 I/BluetoothUtils( 8588): packagename is android.uid.bluetooth:1002 ,and its permission is false
09-01 14:23:52.136 D/BluetoothUtils( 8588): blockedByLocationOff callingUid=1002
09-01 14:23:52.137 I/BluetoothUtils( 8588): packagename is android.uid.bluetooth:1002 ,and its permission is false
09-01 14:23:52.137 D/BluetoothUtils( 8588): blockedByLocationOff callingUid=1002
09-01 14:23:52.137 W/AdrenoUtils( 3502): <ReadGpuID_from_sysfs:194>: Failed to open /sys/class/kgsl/kgsl-3d0/gpu_model
09-01 14:23:52.137 W/AdrenoUtils( 3502): <ReadGpuID:218>: Failed to read chip ID from gpu_model. Fallback to use the GSL path
09-01 14:23:52.137 I/BluetoothUtils( 8588): packagename is android.uid.bluetooth:1002 ,and its permission is false
09-01 14:23:52.138 D/BluetoothUtils( 8588): blockedByLocationOff callingUid=1002
09-01 14:23:52.138 I/BluetoothUtils( 8588): packagename is android.uid.bluetooth:1002 ,and its permission is false
09-01 14:23:52.138 D/BluetoothUtils( 8588): blockedByLocationOff callingUid=1002
09-01 14:23:52.139 I/BluetoothUtils( 8588): packagename is android.uid.bluetooth:1002 ,and its permission is false
09-01 14:23:52.139 D/BluetoothUtils( 8588): blockedByLocationOff callingUid=1002
09-01 14:23:52.139 I/BluetoothUtils( 8588): packagename is android.uid.bluetooth:1002 ,and its permission is false
09-01 14:23:52.140 V/bt_stack( 8588): [VERBOSE1:btm_ble_gap.cc(1923)] btm_ble_process_ext_adv_pkt: bda=5c:29:57:19:d9:ea
09-01 14:23:52.140 V/bt_stack( 8588): [VERBOSE1:btm_ble_gap.cc(1847)] btm_ble_process_adv_addr: bda=5c:29:57:19:d9:ea
09-01 14:23:52.141 D/BluetoothUtils( 8588): blockedByLocationOff callingUid=1002
09-01 14:23:52.142 I/BluetoothUtils( 8588): packagename is android.uid.bluetooth:1002 ,and its permission is false
09-01 14:23:52.142 D/BluetoothUtils( 8588): blockedByLocationOff callingUid=1002
09-01 14:23:52.142 I/BluetoothUtils( 8588): packagename is android.uid.bluetooth:1002 ,and its permission is false
09-01 14:23:52.142 D/BluetoothUtils( 8588): blockedByLocationOff callingUid=1002
09-01 14:23:52.142 I/BluetoothUtils( 8588): packagename is android.uid.bluetooth:1002 ,and its permission is false
09-01 14:23:52.154 V/bt_stack( 8588): [VERBOSE1:btm_ble_gap.cc(1923)] btm_ble_process_ext_adv_pkt: bda=0a:29:89:b7:c8:4a
09-01 14:23:52.154 V/bt_stack( 8588): [VERBOSE1:btm_ble_gap.cc(1847)] btm_ble_process_adv_addr: bda=0a:29:89:b7:c8:4a
09-01 14:23:52.155 D/BluetoothUtils( 8588): blockedByLocationOff callingUid=1002
09-01 14:23:52.155 I/BluetoothUtils( 8588): packagename is android.uid.bluetooth:1002 ,and its permission is false
09-01 14:23:52.155 D/BluetoothUtils( 8588): blockedByLocationOff callingUid=1002
09-01 14:23:52.156 I/hwservicemanager(  573): getTransport: Cannot find entry android.hardware.graphics.mapper@3.0::IMapper/default in either framework or device manifest.
09-01 14:23:52.156 I/BluetoothUtils( 8588): packagename is android.uid.bluetooth:1002 ,and its permission is false
09-01 14:23:52.156 W/Gralloc3( 3502): mapper 3.x is not supported
09-01 14:23:52.156 D/BluetoothUtils( 8588): blockedByLocationOff callingUid=1002
09-01 14:23:52.156 I/BluetoothUtils( 8588): packagename is android.uid.bluetooth:1002 ,and its permission is false
09-01 14:23:52.158 V/bt_stack( 8588): [VERBOSE1:btm_ble_gap.cc(1923)] btm_ble_process_ext_adv_pkt: bda=0c:1a:06:0e:96:57
09-01 14:23:52.158 V/bt_stack( 8588): [VERBOSE1:btm_ble_gap.cc(1847)] btm_ble_process_adv_addr: bda=0c:1a:06:0e:96:57
09-01 14:23:52.158 V/bt_stack( 8588): [VERBOSE1:btm_ble_gap.cc(1923)] btm_ble_process_ext_adv_pkt: bda=77:70:e9:20:dc:cd
09-01 14:23:52.158 V/bt_stack( 8588): [VERBOSE1:btm_ble_gap.cc(1847)] btm_ble_process_adv_addr: bda=77:70:e9:20:dc:cd
09-01 14:23:52.159 D/BluetoothUtils( 8588): blockedByLocationOff callingUid=1002
09-01 14:23:52.161 V/bt_stack( 8588): [VERBOSE1:btm_ble_gap.cc(1923)] btm_ble_process_ext_adv_pkt: bda=c7:9e:cc:49:b0:5d
09-01 14:23:52.161 V/bt_stack( 8588): [VERBOSE1:btm_ble_gap.cc(1847)] btm_ble_process_adv_addr: bda=c7:9e:cc:49:b0:5d
09-01 14:23:52.161 V/bt_stack( 8588): [VERBOSE1:btm_ble_gap.cc(2052)]  Waiting for scan response c7:9e:cc:49:b0:5d
09-01 14:23:52.161 V/bt_stack( 8588): [VERBOSE1:btm_ble_gap.cc(1923)] btm_ble_process_ext_adv_pkt: bda=c7:9e:cc:49:b0:5d
09-01 14:23:52.161 V/bt_stack( 8588): [VERBOSE1:btm_ble_gap.cc(1847)] btm_ble_process_adv_addr: bda=c7:9e:cc:49:b0:5d
09-01 14:23:52.168 I/BluetoothUtils( 8588): packagename is android.uid.bluetooth:1002 ,and its permission is false
09-01 14:23:52.168 D/BluetoothUtils( 8588): blockedByLocationOff callingUid=1002
09-01 14:23:52.170 I/Timeline( 1639): Timeline: App_transition_ready time:210998187
09-01 14:23:52.171 D/StatusBar(29730): disable<e i a s b h r c s > disable2<q i n g r >
09-01 14:23:52.171 I/BluetoothUtils( 8588): packagename is android.uid.bluetooth:1002 ,and its permission is false
09-01 14:23:52.171 D/BluetoothUtils( 8588): blockedByLocationOff callingUid=1002
09-01 14:23:52.172 V/bt_stack( 8588): [VERBOSE1:btm_ble_gap.cc(1923)] btm_ble_process_ext_adv_pkt: bda=fd:32:0c:ad:56:d5
09-01 14:23:52.172 V/bt_stack( 8588): [VERBOSE1:btm_ble_gap.cc(1847)] btm_ble_process_adv_addr: bda=fd:32:0c:ad:56:d5
09-01 14:23:52.172 I/BluetoothUtils( 8588): packagename is android.uid.bluetooth:1002 ,and its permission is false
09-01 14:23:52.172 V/bt_stack( 8588): [VERBOSE1:btm_ble_gap.cc(2052)]  Waiting for scan response fd:32:0c:ad:56:d5
09-01 14:23:52.172 D/PhoneStatusBar/NavigationBarView(29730): setDisabledFlags back:false home:false recent:false
09-01 14:23:52.172 D/StatusBarClock(29730):  isNormalMode= true clock visible=true
09-01 14:23:52.172 D/BluetoothUtils( 8588): blockedByLocationOff callingUid=1002
09-01 14:23:52.173 I/BluetoothUtils( 8588): packagename is android.uid.bluetooth:1002 ,and its permission is false
09-01 14:23:52.173 D/BluetoothUtils( 8588): blockedByLocationOff callingUid=1002
09-01 14:23:52.174 I/BluetoothUtils( 8588): packagename is android.uid.bluetooth:1002 ,and its permission is false
09-01 14:23:52.174 D/BluetoothUtils( 8588): blockedByLocationOff callingUid=1002
09-01 14:23:52.175 I/BluetoothUtils( 8588): packagename is android.uid.bluetooth:1002 ,and its permission is false
09-01 14:23:52.176 D/BluetoothUtils( 8588): blockedByLocationOff callingUid=1002
09-01 14:23:52.176 W/Parcel  ( 5237): **** enforceInterface() expected 'com.miui.gamebooster.service.ISecurityCenterNotificationListener' but read 'android.service.notification.INotificationListener'
09-01 14:23:52.177 W/Binder  ( 5237): Caught a RuntimeException from the binder stub implementation.
09-01 14:23:52.177 W/Binder  ( 5237): java.lang.SecurityException: Binder invocation to an incorrect interface
09-01 14:23:52.177 W/Binder  ( 5237): 	at android.os.Parcel.nativeEnforceInterface(Native Method)
09-01 14:23:52.177 W/Binder  ( 5237): 	at android.os.Parcel.enforceInterface(Parcel.java:626)
09-01 14:23:52.177 W/Binder  ( 5237): 	at com.miui.gamebooster.service.ISecurityCenterNotificationListener$Stub.onTransact(Unknown Source:22)
09-01 14:23:52.177 W/Binder  ( 5237): 	at android.os.Binder.execTransactInternal(Binder.java:1021)
09-01 14:23:52.177 W/Binder  ( 5237): 	at android.os.Binder.execTransact(Binder.java:994)
09-01 14:23:52.177 I/BluetoothUtils( 8588): packagename is android.uid.bluetooth:1002 ,and its permission is false
09-01 14:23:52.177 D/BluetoothUtils( 8588): blockedByLocationOff callingUid=1002
09-01 14:23:52.178 I/BluetoothUtils( 8588): packagename is android.uid.bluetooth:1002 ,and its permission is false
09-01 14:23:52.178 D/BluetoothUtils( 8588): blockedByLocationOff callingUid=1002
09-01 14:23:52.178 I/BluetoothUtils( 8588): packagename is android.uid.bluetooth:1002 ,and its permission is false
09-01 14:23:52.179 W/BpBinder( 3495): Slow Binder: BpBinder transact took 2194ms, interface=android.app.IActivityManager, code=1598246212 oneway=false
09-01 14:23:52.179 D/PhoneStatusBar/NavigationBarView(29730): onDraw
09-01 14:23:52.181 D/StatusBar(29730): onNotificationPosted key=0|com.xiaomi.hm.health|4|null|10241 isUpdate=false
09-01 14:23:52.182 V/onNotificationPostedCallBack( 5237): flags=98
09-01 14:23:52.183 V/j       ( 5237): ret=0
09-01 14:23:52.185 D/IMReply:Notif(22367): onNotificationPosted before sbn = 4
09-01 14:23:52.188 I/ActivityTaskManager( 1639): Displayed com.xiaomi.hm.health/.activity.StartUpActivity: +1s927ms
09-01 14:23:52.190 D/ExpandableNotificationRow(29730): updateBackground
09-01 14:23:52.190 D/ExpandableNotificationRow(29730): updateBackground
09-01 14:23:52.190 D/AudioManager( 3502): getStreamVolume isRestricted mode = 0
09-01 14:23:52.191 I/DeviceCenter( 3502): onServiceConnected
09-01 14:23:52.191 I/DeviceCenter( 3502): onServiceConnected....out
09-01 14:23:52.194 W/Parcel  ( 5237): **** enforceInterface() expected 'com.miui.gamebooster.service.ISecurityCenterNotificationListener' but read 'android.service.notification.INotificationListener'
09-01 14:23:52.195 D/StatusBar(29730): No peeking: unimportant notification: 0|com.xiaomi.hm.health|4|null|10241
09-01 14:23:52.195 W/Binder  ( 5237): Caught a RuntimeException from the binder stub implementation.
09-01 14:23:52.195 W/Binder  ( 5237): java.lang.SecurityException: Binder invocation to an incorrect interface
09-01 14:23:52.195 W/Binder  ( 5237): 	at android.os.Parcel.nativeEnforceInterface(Native Method)
09-01 14:23:52.195 W/Binder  ( 5237): 	at android.os.Parcel.enforceInterface(Parcel.java:626)
09-01 14:23:52.195 W/Binder  ( 5237): 	at com.miui.gamebooster.service.ISecurityCenterNotificationListener$Stub.onTransact(Unknown Source:22)
09-01 14:23:52.195 W/Binder  ( 5237): 	at android.os.Binder.execTransactInternal(Binder.java:1021)
09-01 14:23:52.195 W/Binder  ( 5237): 	at android.os.Binder.execTransact(Binder.java:994)
09-01 14:23:52.199 D/StatusBar(29730): onNotificationPosted key=0|com.xiaomi.hm.health|4|null|10241 isUpdate=false
09-01 14:23:52.199 V/onNotificationPostedCallBack( 5237): flags=98
09-01 14:23:52.200 V/j       ( 5237): ret=0
09-01 14:23:52.200 V/AsyncHttpResponse( 3502): Progress 3 from 3 (100%)
09-01 14:23:52.202 D/IMReply:Notif(22367): onNotificationPosted before sbn = 4
09-01 14:23:52.203 I/hwservicemanager(  573): getTransport: Cannot find entry vendor.qti.hardware.servicetracker@1.0::IServicetracker/default in either framework or device manifest.
09-01 14:23:52.205 D/StatusBar(29730): No peeking: unimportant notification: 0|com.xiaomi.hm.health|4|null|10241
09-01 14:23:52.205 I/appium  ( 3448): channel read invoked!
09-01 14:23:52.205 I/appium  ( 3448): channel read: GET /wd/hub/session/06b5de24-b51b-4907-8e5d-a591dbb38551/appium/device/pixel_ratio
09-01 14:23:52.206 I/appium  ( 3448): Get device pixel ratio
09-01 14:23:52.207 D/CompatibilityInfo( 1639): mCompatibilityFlags - 0
09-01 14:23:52.207 D/CompatibilityInfo( 1639): applicationDensity - 440
09-01 14:23:52.207 D/CompatibilityInfo( 1639): applicationScale - 1.0
09-01 14:23:52.208 I/appium  ( 3448): AppiumResponse: {"sessionId":"06b5de24-b51b-4907-8e5d-a591dbb38551","value":2.75}
09-01 14:23:52.209 I/hwservicemanager(  573): getTransport: Cannot find entry vendor.qti.hardware.servicetracker@1.0::IServicetracker/default in either framework or device manifest.
09-01 14:23:52.210 D/ExpandableNotificationRow(29730): updateBackground
09-01 14:23:52.210 D/ExpandableNotificationRow(29730): updateBackground
09-01 14:23:52.211 I/vendor.qti.bluetooth@1.0-ibs_handler(19843): ProcessIbsCmd: Received IBS_SLEEP_IND: 0xFE
09-01 14:23:52.216 V/AsyncHttpResponse( 3502): Progress 76 from 76 (100%)
09-01 14:23:52.218 I/appium  ( 3448): channel read invoked!
09-01 14:23:52.218 I/appium  ( 3448): channel read: GET /wd/hub/session/06b5de24-b51b-4907-8e5d-a591dbb38551/appium/device/system_bars
09-01 14:23:52.218 I/appium  ( 3448): Get status bar height of the device
09-01 14:23:52.218 I/vendor.qti.bluetooth@1.0-ibs_handler(19843): ProcessIbsCmd: Received IBS_WAKE_IND: 0xFD
09-01 14:23:52.218 I/vendor.qti.bluetooth@1.0-ibs_handler(19843): ProcessIbsCmd: Writing IBS_WAKE_ACK
09-01 14:23:52.219 I/appium  ( 3448): AppiumResponse: {"sessionId":"06b5de24-b51b-4907-8e5d-a591dbb38551","value":{"statusBar":96}}
09-01 14:23:52.219 V/bt_stack( 8588): [VERBOSE1:btm_ble_gap.cc(1923)] btm_ble_process_ext_adv_pkt: bda=c2:3b:1c:22:11:66
09-01 14:23:52.219 V/bt_stack( 8588): [VERBOSE1:btm_ble_gap.cc(1847)] btm_ble_process_adv_addr: bda=c2:3b:1c:22:11:66
09-01 14:23:52.219 V/bt_stack( 8588): [VERBOSE1:btm_ble_gap.cc(2052)]  Waiting for scan response c2:3b:1c:22:11:66
09-01 14:23:52.219 V/bt_stack( 8588): [VERBOSE1:btm_ble_gap.cc(1923)] btm_ble_process_ext_adv_pkt: bda=24:49:6a:9c:39:02
09-01 14:23:52.219 V/bt_stack( 8588): [VERBOSE1:btm_ble_gap.cc(1847)] btm_ble_process_adv_addr: bda=24:49:6a:9c:39:02
09-01 14:23:52.222 V/bt_stack( 8588): [VERBOSE1:btm_ble_gap.cc(1923)] btm_ble_process_ext_adv_pkt: bda=17:be:83:99:5a:17
09-01 14:23:52.222 V/bt_stack( 8588): [VERBOSE1:btm_ble_gap.cc(1847)] btm_ble_process_adv_addr: bda=17:be:83:99:5a:17
09-01 14:23:52.222 D/BluetoothUtils( 8588): blockedByLocationOff callingUid=1002
09-01 14:23:52.222 I/BluetoothUtils( 8588): packagename is android.uid.bluetooth:1002 ,and its permission is false
09-01 14:23:52.223 D/BluetoothUtils( 8588): blockedByLocationOff callingUid=1002
09-01 14:23:52.223 I/BluetoothUtils( 8588): packagename is android.uid.bluetooth:1002 ,and its permission is false
09-01 14:23:52.223 D/BluetoothUtils( 8588): blockedByLocationOff callingUid=1002
09-01 14:23:52.223 I/BluetoothUtils( 8588): packagename is android.uid.bluetooth:1002 ,and its permission is false
09-01 14:23:52.224 D/BluetoothUtils( 8588): blockedByLocationOff callingUid=1002
09-01 14:23:52.224 I/BluetoothUtils( 8588): packagename is android.uid.bluetooth:1002 ,and its permission is false
09-01 14:23:52.224 D/BluetoothUtils( 8588): blockedByLocationOff callingUid=1002
09-01 14:23:52.225 I/BluetoothUtils( 8588): packagename is android.uid.bluetooth:1002 ,and its permission is false
09-01 14:23:52.225 D/BluetoothUtils( 8588): blockedByLocationOff callingUid=1002
09-01 14:23:52.225 I/BluetoothUtils( 8588): packagename is android.uid.bluetooth:1002 ,and its permission is false
09-01 14:23:52.228 I/appium  ( 3448): channel read invoked!
09-01 14:23:52.228 I/appium  ( 3448): channel read: GET /wd/hub/session/06b5de24-b51b-4907-8e5d-a591dbb38551/window/current/size
09-01 14:23:52.229 I/appium  ( 3448): Get window size of the device
09-01 14:23:52.230 I/appium  ( 3448): AppiumResponse: {"sessionId":"06b5de24-b51b-4907-8e5d-a591dbb38551","value":{"height":2210,"width":1080}}
09-01 14:23:52.233 D/AppOpsAdapter( 5211): using permission notify! 32
09-01 14:23:52.236 I/SplashScreenServiceDelegate( 1639): None for com.xiaomi.hm.health
09-01 14:23:52.239 V/bt_stack( 8588): [VERBOSE1:btm_ble_gap.cc(1923)] btm_ble_process_ext_adv_pkt: bda=10:42:5e:92:d4:eb
09-01 14:23:52.239 V/bt_stack( 8588): [VERBOSE1:btm_ble_gap.cc(1847)] btm_ble_process_adv_addr: bda=10:42:5e:92:d4:eb
09-01 14:23:52.240 D/BluetoothUtils( 8588): blockedByLocationOff callingUid=1002
09-01 14:23:52.240 I/BluetoothUtils( 8588): packagename is android.uid.bluetooth:1002 ,and its permission is false
09-01 14:23:52.240 D/BluetoothUtils( 8588): blockedByLocationOff callingUid=1002
09-01 14:23:52.241 I/BluetoothUtils( 8588): packagename is android.uid.bluetooth:1002 ,and its permission is false
09-01 14:23:52.241 D/BluetoothUtils( 8588): blockedByLocationOff callingUid=1002
09-01 14:23:52.241 I/BluetoothUtils( 8588): packagename is android.uid.bluetooth:1002 ,and its permission is false
09-01 14:23:52.241 I/WifiService( 1639): startScan uid=10241
09-01 14:23:52.244 D/ExpandableNotificationRow(29730): updateBackground
09-01 14:23:52.245 D/StatusBar(29730): No peeking: unimportant notification: 0|com.xiaomi.hm.health|4|null|10241
09-01 14:23:52.246 V/bt_stack( 8588): [VERBOSE1:btm_ble_gap.cc(1923)] btm_ble_process_ext_adv_pkt: bda=67:05:b3:f7:69:77
09-01 14:23:52.246 V/bt_stack( 8588): [VERBOSE1:btm_ble_gap.cc(1847)] btm_ble_process_adv_addr: bda=67:05:b3:f7:69:77
09-01 14:23:52.247 V/bt_stack( 8588): [VERBOSE1:btm_ble_gap.cc(2052)]  Waiting for scan response 67:05:b3:f7:69:77
09-01 14:23:52.247 V/bt_stack( 8588): [VERBOSE1:btm_ble_gap.cc(1923)] btm_ble_process_ext_adv_pkt: bda=2a:99:8c:12:d1:b1
09-01 14:23:52.247 V/bt_stack( 8588): [VERBOSE1:btm_ble_gap.cc(1847)] btm_ble_process_adv_addr: bda=2a:99:8c:12:d1:b1
09-01 14:23:52.247 D/BluetoothUtils( 8588): blockedByLocationOff callingUid=1002
09-01 14:23:52.248 I/BluetoothUtils( 8588): packagename is android.uid.bluetooth:1002 ,and its permission is false
09-01 14:23:52.248 D/BluetoothUtils( 8588): blockedByLocationOff callingUid=1002
09-01 14:23:52.248 I/BluetoothUtils( 8588): packagename is android.uid.bluetooth:1002 ,and its permission is false
09-01 14:23:52.249 D/BluetoothUtils( 8588): blockedByLocationOff callingUid=1002
09-01 14:23:52.249 D/AppOpsAdapter( 5211): using permission notify! 32
09-01 14:23:52.249 I/BluetoothUtils( 8588): packagename is android.uid.bluetooth:1002 ,and its permission is false
09-01 14:23:52.251 D/StackScroller(29730): applyCurrentState
09-01 14:23:52.261 V/bt_stack( 8588): [VERBOSE1:btm_ble_gap.cc(1923)] btm_ble_process_ext_adv_pkt: bda=77:70:e9:20:dc:cd
09-01 14:23:52.261 V/bt_stack( 8588): [VERBOSE1:btm_ble_gap.cc(1847)] btm_ble_process_adv_addr: bda=77:70:e9:20:dc:cd
09-01 14:23:52.261 D/AppOpsAdapter( 5211): using permission notify! 32
09-01 14:23:52.262 D/BluetoothUtils( 8588): blockedByLocationOff callingUid=1002
09-01 14:23:52.262 I/BluetoothUtils( 8588): packagename is android.uid.bluetooth:1002 ,and its permission is false
09-01 14:23:52.262 D/BluetoothUtils( 8588): blockedByLocationOff callingUid=1002
09-01 14:23:52.262 I/BluetoothUtils( 8588): packagename is android.uid.bluetooth:1002 ,and its permission is false
09-01 14:23:52.262 D/BluetoothUtils( 8588): blockedByLocationOff callingUid=1002
09-01 14:23:52.263 I/BluetoothUtils( 8588): packagename is android.uid.bluetooth:1002 ,and its permission is false
09-01 14:23:52.264 D/StackScroller(29730): applyCurrentState
09-01 14:23:52.264 V/bt_stack( 8588): [VERBOSE1:btm_ble_gap.cc(1923)] btm_ble_process_ext_adv_pkt: bda=33:55:74:83:d5:3a
09-01 14:23:52.264 V/bt_stack( 8588): [VERBOSE1:btm_ble_gap.cc(1847)] btm_ble_process_adv_addr: bda=33:55:74:83:d5:3a
09-01 14:23:52.265 D/BluetoothUtils( 8588): blockedByLocationOff callingUid=1002
09-01 14:23:52.265 I/BluetoothUtils( 8588): packagename is android.uid.bluetooth:1002 ,and its permission is false
09-01 14:23:52.265 D/BluetoothUtils( 8588): blockedByLocationOff callingUid=1002
09-01 14:23:52.266 I/BluetoothUtils( 8588): packagename is android.uid.bluetooth:1002 ,and its permission is false
09-01 14:23:52.266 D/BluetoothUtils( 8588): blockedByLocationOff callingUid=1002
09-01 14:23:52.266 I/BluetoothUtils( 8588): packagename is android.uid.bluetooth:1002 ,and its permission is false
09-01 14:23:52.268 I/appium  ( 3448): channel read invoked!
09-01 14:23:52.268 I/appium  ( 3448): channel read: POST /wd/hub/session/06b5de24-b51b-4907-8e5d-a591dbb38551/element
09-01 14:23:52.269 I/appium  ( 3448): Find element command using '-android uiautomator' with selector 'new UiSelector().text("我的")'.
09-01 14:23:52.269 D/AppOpsAdapter( 5211): using permission notify! 32
09-01 14:23:52.270 I/appium  ( 3448): Waiting up to 10000ms for device to be idle
09-01 14:23:52.276 V/AsyncHttpResponse( 3502): Progress 50 from 50 (100%)
09-01 14:23:52.286 D/Event   ( 3502): No subscribers registered for event class com.xiaomi.hm.health.locweather.O00000Oo.O000000o
09-01 14:23:52.286 D/Event   ( 3502): No subscribers registered for event class O00000Oo.O000000o.O000000o.O0000Oo0
09-01 14:23:52.290 V/bt_stack( 8588): [VERBOSE1:btm_ble_gap.cc(1923)] btm_ble_process_ext_adv_pkt: bda=71:d8:ac:89:39:0d
09-01 14:23:52.290 V/bt_stack( 8588): [VERBOSE1:btm_ble_gap.cc(1847)] btm_ble_process_adv_addr: bda=71:d8:ac:89:39:0d
09-01 14:23:52.290 V/bt_stack( 8588): [VERBOSE1:btm_ble_gap.cc(2052)]  Waiting for scan response 71:d8:ac:89:39:0d
09-01 14:23:52.290 V/bt_stack( 8588): [VERBOSE1:btm_ble_gap.cc(1923)] btm_ble_process_ext_adv_pkt: bda=59:bb:67:f0:94:3c
09-01 14:23:52.290 V/bt_stack( 8588): [VERBOSE1:btm_ble_gap.cc(1847)] btm_ble_process_adv_addr: bda=59:bb:67:f0:94:3c
09-01 14:23:52.291 D/BluetoothUtils( 8588): blockedByLocationOff callingUid=1002
09-01 14:23:52.294 V/bt_stack( 8588): [VERBOSE1:btm_ble_gap.cc(1923)] btm_ble_process_ext_adv_pkt: bda=ac:29:3a:9a:aa:42
09-01 14:23:52.294 V/bt_stack( 8588): [VERBOSE1:btm_ble_gap.cc(1847)] btm_ble_process_adv_addr: bda=ac:29:3a:9a:aa:42
09-01 14:23:52.294 V/bt_stack( 8588): [VERBOSE1:btm_ble_gap.cc(2052)]  Waiting for scan response ac:29:3a:9a:aa:42
09-01 14:23:52.294 D/AppOpsAdapter( 5211): using permission notify! 32
09-01 14:23:52.295 I/BluetoothUtils( 8588): packagename is android.uid.bluetooth:1002 ,and its permission is false
09-01 14:23:52.295 D/BluetoothUtils( 8588): blockedByLocationOff callingUid=1002
09-01 14:23:52.295 I/BluetoothUtils( 8588): packagename is android.uid.bluetooth:1002 ,and its permission is false
09-01 14:23:52.295 D/BluetoothUtils( 8588): blockedByLocationOff callingUid=1002
09-01 14:23:52.295 V/bt_stack( 8588): [VERBOSE1:btm_ble_gap.cc(1923)] btm_ble_process_ext_adv_pkt: bda=53:56:a8:ef:e5:80
09-01 14:23:52.295 V/bt_stack( 8588): [VERBOSE1:btm_ble_gap.cc(1847)] btm_ble_process_adv_addr: bda=53:56:a8:ef:e5:80
09-01 14:23:52.295 V/bt_stack( 8588): [VERBOSE1:btm_ble_gap.cc(2052)]  Waiting for scan response 53:56:a8:ef:e5:80
09-01 14:23:52.295 I/BluetoothUtils( 8588): packagename is android.uid.bluetooth:1002 ,and its permission is false
09-01 14:23:52.296 V/bt_stack( 8588): [VERBOSE1:btm_ble_gap.cc(1923)] btm_ble_process_ext_adv_pkt: bda=53:56:a8:ef:e5:80
09-01 14:23:52.296 V/bt_stack( 8588): [VERBOSE1:btm_ble_gap.cc(1847)] btm_ble_process_adv_addr: bda=53:56:a8:ef:e5:80
09-01 14:23:52.296 D/BluetoothUtils( 8588): blockedByLocationOff callingUid=1002
09-01 14:23:52.297 I/BluetoothUtils( 8588): packagename is android.uid.bluetooth:1002 ,and its permission is false
09-01 14:23:52.297 D/BluetoothUtils( 8588): blockedByLocationOff callingUid=1002
09-01 14:23:52.297 I/BluetoothUtils( 8588): packagename is android.uid.bluetooth:1002 ,and its permission is false
09-01 14:23:52.297 D/BluetoothUtils( 8588): blockedByLocationOff callingUid=1002
09-01 14:23:52.298 I/BluetoothUtils( 8588): packagename is android.uid.bluetooth:1002 ,and its permission is false
09-01 14:23:52.299 V/bt_stack( 8588): [VERBOSE1:btm_ble_gap.cc(1923)] btm_ble_process_ext_adv_pkt: bda=72:1f:5b:cb:e4:06
09-01 14:23:52.299 V/bt_stack( 8588): [VERBOSE1:btm_ble_gap.cc(1847)] btm_ble_process_adv_addr: bda=72:1f:5b:cb:e4:06
09-01 14:23:52.299 V/bt_stack( 8588): [VERBOSE1:btm_ble_gap.cc(2052)]  Waiting for scan response 72:1f:5b:cb:e4:06
09-01 14:23:52.299 V/bt_stack( 8588): [VERBOSE1:btm_ble_gap.cc(1923)] btm_ble_process_ext_adv_pkt: bda=72:1f:5b:cb:e4:06
09-01 14:23:52.299 V/bt_stack( 8588): [VERBOSE1:btm_ble_gap.cc(1847)] btm_ble_process_adv_addr: bda=72:1f:5b:cb:e4:06
09-01 14:23:52.300 D/BluetoothUtils( 8588): blockedByLocationOff callingUid=1002
09-01 14:23:52.300 I/BluetoothUtils( 8588): packagename is android.uid.bluetooth:1002 ,and its permission is false
09-01 14:23:52.300 D/BluetoothUtils( 8588): blockedByLocationOff callingUid=1002
09-01 14:23:52.301 I/BluetoothUtils( 8588): packagename is android.uid.bluetooth:1002 ,and its permission is false
09-01 14:23:52.301 D/BluetoothUtils( 8588): blockedByLocationOff callingUid=1002
09-01 14:23:52.301 I/BluetoothUtils( 8588): packagename is android.uid.bluetooth:1002 ,and its permission is false
09-01 14:23:52.311 D/AppOpsAdapter( 5211): using permission notify! 32
09-01 14:23:52.313 I/chatty  ( 5211): uid=10071(com.lbe.security.miui) Binder:5211_3 identical 1 line
09-01 14:23:52.316 D/AppOpsAdapter( 5211): using permission notify! 32
09-01 14:23:52.317 V/bt_stack( 8588): [VERBOSE1:btm_ble_gap.cc(1923)] btm_ble_process_ext_adv_pkt: bda=38:f9:d3:45:87:1e
09-01 14:23:52.318 V/bt_stack( 8588): [VERBOSE1:btm_ble_gap.cc(1847)] btm_ble_process_adv_addr: bda=38:f9:d3:45:87:1e
09-01 14:23:52.318 V/bt_stack( 8588): [VERBOSE1:btm_ble_gap.cc(2052)]  Waiting for scan response 38:f9:d3:45:87:1e
09-01 14:23:52.318 V/bt_stack( 8588): [VERBOSE1:btm_ble_gap.cc(1923)] btm_ble_process_ext_adv_pkt: bda=38:f9:d3:45:87:1e
09-01 14:23:52.318 V/bt_stack( 8588): [VERBOSE1:btm_ble_gap.cc(1847)] btm_ble_process_adv_addr: bda=38:f9:d3:45:87:1e
09-01 14:23:52.318 D/BluetoothUtils( 8588): blockedByLocationOff callingUid=1002
09-01 14:23:52.319 I/BluetoothUtils( 8588): packagename is android.uid.bluetooth:1002 ,and its permission is false
09-01 14:23:52.319 D/BluetoothUtils( 8588): blockedByLocationOff callingUid=1002
09-01 14:23:52.320 I/BluetoothUtils( 8588): packagename is android.uid.bluetooth:1002 ,and its permission is false
09-01 14:23:52.320 D/BluetoothUtils( 8588): blockedByLocationOff callingUid=1002
09-01 14:23:52.320 I/BluetoothUtils( 8588): packagename is android.uid.bluetooth:1002 ,and its permission is false
09-01 14:23:52.357 V/bt_stack( 8588): [VERBOSE1:btm_ble_gap.cc(1923)] btm_ble_process_ext_adv_pkt: bda=3c:22:fb:3d:0a:8f
09-01 14:23:52.357 V/bt_stack( 8588): [VERBOSE1:btm_ble_gap.cc(1847)] btm_ble_process_adv_addr: bda=3c:22:fb:3d:0a:8f
09-01 14:23:52.357 V/bt_stack( 8588): [VERBOSE1:btm_ble_gap.cc(2052)]  Waiting for scan response 3c:22:fb:3d:0a:8f
09-01 14:23:52.357 V/bt_stack( 8588): [VERBOSE1:btm_ble_gap.cc(1923)] btm_ble_process_ext_adv_pkt: bda=25:5e:6a:5a:81:28
09-01 14:23:52.357 V/bt_stack( 8588): [VERBOSE1:btm_ble_gap.cc(1847)] btm_ble_process_adv_addr: bda=25:5e:6a:5a:81:28
09-01 14:23:52.358 D/BluetoothUtils( 8588): blockedByLocationOff callingUid=1002
09-01 14:23:52.358 I/BluetoothUtils( 8588): packagename is android.uid.bluetooth:1002 ,and its permission is false
09-01 14:23:52.358 D/BluetoothUtils( 8588): blockedByLocationOff callingUid=1002
09-01 14:23:52.359 I/BluetoothUtils( 8588): packagename is android.uid.bluetooth:1002 ,and its permission is false
09-01 14:23:52.359 D/BluetoothUtils( 8588): blockedByLocationOff callingUid=1002
09-01 14:23:52.359 I/BluetoothUtils( 8588): packagename is android.uid.bluetooth:1002 ,and its permission is false
09-01 14:23:52.359 V/bt_stack( 8588): [VERBOSE1:btm_ble_gap.cc(1923)] btm_ble_process_ext_adv_pkt: bda=2f:3a:5d:02:04:9c
09-01 14:23:52.360 V/bt_stack( 8588): [VERBOSE1:btm_ble_gap.cc(1847)] btm_ble_process_adv_addr: bda=2f:3a:5d:02:04:9c
09-01 14:23:52.360 D/BluetoothUtils( 8588): blockedByLocationOff callingUid=1002
09-01 14:23:52.361 I/BluetoothUtils( 8588): packagename is android.uid.bluetooth:1002 ,and its permission is false
09-01 14:23:52.361 D/BluetoothUtils( 8588): blockedByLocationOff callingUid=1002
09-01 14:23:52.361 I/BluetoothUtils( 8588): packagename is android.uid.bluetooth:1002 ,and its permission is false
09-01 14:23:52.361 D/BluetoothUtils( 8588): blockedByLocationOff callingUid=1002
09-01 14:23:52.361 I/BluetoothUtils( 8588): packagename is android.uid.bluetooth:1002 ,and its permission is false
09-01 14:23:52.364 V/bt_stack( 8588): [VERBOSE1:btm_ble_gap.cc(1923)] btm_ble_process_ext_adv_pkt: bda=33:55:74:83:d5:3a
09-01 14:23:52.365 V/bt_stack( 8588): [VERBOSE1:btm_ble_gap.cc(1847)] btm_ble_process_adv_addr: bda=33:55:74:83:d5:3a
09-01 14:23:52.365 D/BluetoothUtils( 8588): blockedByLocationOff callingUid=1002
09-01 14:23:52.366 I/BluetoothUtils( 8588): packagename is android.uid.bluetooth:1002 ,and its permission is false
09-01 14:23:52.366 D/BluetoothUtils( 8588): blockedByLocationOff callingUid=1002
09-01 14:23:52.366 I/BluetoothUtils( 8588): packagename is android.uid.bluetooth:1002 ,and its permission is false
09-01 14:23:52.366 D/BluetoothUtils( 8588): blockedByLocationOff callingUid=1002
09-01 14:23:52.367 I/BluetoothUtils( 8588): packagename is android.uid.bluetooth:1002 ,and its permission is false
09-01 14:23:52.368 V/bt_stack( 8588): [VERBOSE1:btm_ble_gap.cc(1923)] btm_ble_process_ext_adv_pkt: bda=0a:29:89:b7:c8:4a
09-01 14:23:52.368 V/bt_stack( 8588): [VERBOSE1:btm_ble_gap.cc(1847)] btm_ble_process_adv_addr: bda=0a:29:89:b7:c8:4a
09-01 14:23:52.369 D/BluetoothUtils( 8588): blockedByLocationOff callingUid=1002
09-01 14:23:52.369 I/BluetoothUtils( 8588): packagename is android.uid.bluetooth:1002 ,and its permission is false
09-01 14:23:52.369 D/BluetoothUtils( 8588): blockedByLocationOff callingUid=1002
09-01 14:23:52.370 I/BluetoothUtils( 8588): packagename is android.uid.bluetooth:1002 ,and its permission is false
09-01 14:23:52.370 D/BluetoothUtils( 8588): blockedByLocationOff callingUid=1002
09-01 14:23:52.370 I/BluetoothUtils( 8588): packagename is android.uid.bluetooth:1002 ,and its permission is false
09-01 14:23:52.393 V/bt_stack( 8588): [VERBOSE1:btm_ble_gap.cc(1923)] btm_ble_process_ext_adv_pkt: bda=71:d8:ac:89:39:0d
09-01 14:23:52.393 V/bt_stack( 8588): [VERBOSE1:btm_ble_gap.cc(1847)] btm_ble_process_adv_addr: bda=71:d8:ac:89:39:0d
09-01 14:23:52.393 V/bt_stack( 8588): [VERBOSE1:btm_ble_gap.cc(2052)]  Waiting for scan response 71:d8:ac:89:39:0d
09-01 14:23:52.415 V/bt_stack( 8588): [VERBOSE1:btm_ble_gap.cc(1923)] btm_ble_process_ext_adv_pkt: bda=66:3e:07:e0:2b:d4
09-01 14:23:52.415 V/bt_stack( 8588): [VERBOSE1:btm_ble_gap.cc(1847)] btm_ble_process_adv_addr: bda=66:3e:07:e0:2b:d4
09-01 14:23:52.415 V/bt_stack( 8588): [VERBOSE1:btm_ble_gap.cc(2052)]  Waiting for scan response 66:3e:07:e0:2b:d4
09-01 14:23:52.415 V/bt_stack( 8588): [VERBOSE1:btm_ble_gap.cc(1923)] btm_ble_process_ext_adv_pkt: bda=35:08:67:20:13:25
09-01 14:23:52.415 V/bt_stack( 8588): [VERBOSE1:btm_ble_gap.cc(1847)] btm_ble_process_adv_addr: bda=35:08:67:20:13:25
09-01 14:23:52.416 D/BluetoothUtils( 8588): blockedByLocationOff callingUid=1002
09-01 14:23:52.416 I/BluetoothUtils( 8588): packagename is android.uid.bluetooth:1002 ,and its permission is false
09-01 14:23:52.416 D/BluetoothUtils( 8588): blockedByLocationOff callingUid=1002
09-01 14:23:52.417 I/BluetoothUtils( 8588): packagename is android.uid.bluetooth:1002 ,and its permission is false
09-01 14:23:52.417 D/BluetoothUtils( 8588): blockedByLocationOff callingUid=1002
09-01 14:23:52.417 I/BluetoothUtils( 8588): packagename is android.uid.bluetooth:1002 ,and its permission is false
09-01 14:23:52.422 V/bt_stack( 8588): [VERBOSE1:btm_ble_gap.cc(1923)] btm_ble_process_ext_adv_pkt: bda=17:be:83:99:5a:17
09-01 14:23:52.422 V/bt_stack( 8588): [VERBOSE1:btm_ble_gap.cc(1847)] btm_ble_process_adv_addr: bda=17:be:83:99:5a:17
09-01 14:23:52.423 D/BluetoothUtils( 8588): blockedByLocationOff callingUid=1002
09-01 14:23:52.424 I/BluetoothUtils( 8588): packagename is android.uid.bluetooth:1002 ,and its permission is false
09-01 14:23:52.424 D/BluetoothUtils( 8588): blockedByLocationOff callingUid=1002
09-01 14:23:52.424 I/BluetoothUtils( 8588): packagename is android.uid.bluetooth:1002 ,and its permission is false
09-01 14:23:52.424 D/BluetoothUtils( 8588): blockedByLocationOff callingUid=1002
09-01 14:23:52.425 I/BluetoothUtils( 8588): packagename is android.uid.bluetooth:1002 ,and its permission is false
09-01 14:23:52.425 V/bt_stack( 8588): [VERBOSE1:btm_ble_gap.cc(1923)] btm_ble_process_ext_adv_pkt: bda=2e:17:70:f9:0b:48
09-01 14:23:52.425 V/bt_stack( 8588): [VERBOSE1:btm_ble_gap.cc(1847)] btm_ble_process_adv_addr: bda=2e:17:70:f9:0b:48
09-01 14:23:52.425 D/BluetoothUtils( 8588): blockedByLocationOff callingUid=1002
09-01 14:23:52.426 I/BluetoothUtils( 8588): packagename is android.uid.bluetooth:1002 ,and its permission is false
09-01 14:23:52.426 D/BluetoothUtils( 8588): blockedByLocationOff callingUid=1002
09-01 14:23:52.426 I/BluetoothUtils( 8588): packagename is android.uid.bluetooth:1002 ,and its permission is false
09-01 14:23:52.426 D/BluetoothUtils( 8588): blockedByLocationOff callingUid=1002
09-01 14:23:52.426 I/BluetoothUtils( 8588): packagename is android.uid.bluetooth:1002 ,and its permission is false
09-01 14:23:52.433 V/bt_stack( 8588): [VERBOSE1:btm_ble_gap.cc(1923)] btm_ble_process_ext_adv_pkt: bda=1b:fe:1c:b7:b1:8a
09-01 14:23:52.433 V/bt_stack( 8588): [VERBOSE1:btm_ble_gap.cc(1847)] btm_ble_process_adv_addr: bda=1b:fe:1c:b7:b1:8a
09-01 14:23:52.433 D/BluetoothUtils( 8588): blockedByLocationOff callingUid=1002
09-01 14:23:52.434 I/BluetoothUtils( 8588): packagename is android.uid.bluetooth:1002 ,and its permission is false
09-01 14:23:52.434 D/BluetoothUtils( 8588): blockedByLocationOff callingUid=1002
09-01 14:23:52.434 I/BluetoothUtils( 8588): packagename is android.uid.bluetooth:1002 ,and its permission is false
09-01 14:23:52.434 D/BluetoothUtils( 8588): blockedByLocationOff callingUid=1002
09-01 14:23:52.435 I/BluetoothUtils( 8588): packagename is android.uid.bluetooth:1002 ,and its permission is false
09-01 14:23:52.447 V/bt_stack( 8588): [VERBOSE1:btm_ble_gap.cc(1923)] btm_ble_process_ext_adv_pkt: bda=6f:e9:1a:fa:09:95
09-01 14:23:52.447 V/bt_stack( 8588): [VERBOSE1:btm_ble_gap.cc(1847)] btm_ble_process_adv_addr: bda=6f:e9:1a:fa:09:95
09-01 14:23:52.447 V/bt_stack( 8588): [VERBOSE1:btm_ble_gap.cc(2052)]  Waiting for scan response 6f:e9:1a:fa:09:95
09-01 14:23:52.452 V/bt_stack( 8588): [VERBOSE1:btm_ble_gap.cc(1923)] btm_ble_process_ext_adv_pkt: bda=71:d8:ac:89:39:0d
09-01 14:23:52.452 V/bt_stack( 8588): [VERBOSE1:btm_ble_gap.cc(1847)] btm_ble_process_adv_addr: bda=71:d8:ac:89:39:0d
09-01 14:23:52.452 V/bt_stack( 8588): [VERBOSE1:btm_ble_gap.cc(2052)]  Waiting for scan response 71:d8:ac:89:39:0d
09-01 14:23:52.452 V/bt_stack( 8588): [VERBOSE1:btm_ble_gap.cc(1923)] btm_ble_process_ext_adv_pkt: bda=10:42:5e:92:d4:eb
09-01 14:23:52.452 V/bt_stack( 8588): [VERBOSE1:btm_ble_gap.cc(1847)] btm_ble_process_adv_addr: bda=10:42:5e:92:d4:eb
09-01 14:23:52.453 D/BluetoothUtils( 8588): blockedByLocationOff callingUid=1002
09-01 14:23:52.453 I/BluetoothUtils( 8588): packagename is android.uid.bluetooth:1002 ,and its permission is false
09-01 14:23:52.453 D/BluetoothUtils( 8588): blockedByLocationOff callingUid=1002
09-01 14:23:52.454 I/BluetoothUtils( 8588): packagename is android.uid.bluetooth:1002 ,and its permission is false
09-01 14:23:52.454 D/BluetoothUtils( 8588): blockedByLocationOff callingUid=1002
09-01 14:23:52.454 I/BluetoothUtils( 8588): packagename is android.uid.bluetooth:1002 ,and its permission is false
09-01 14:23:52.456 V/bt_stack( 8588): [VERBOSE1:btm_ble_gap.cc(1923)] btm_ble_process_ext_adv_pkt: bda=5c:29:57:19:d9:ea
09-01 14:23:52.456 V/bt_stack( 8588): [VERBOSE1:btm_ble_gap.cc(1847)] btm_ble_process_adv_addr: bda=5c:29:57:19:d9:ea
09-01 14:23:52.456 D/BluetoothUtils( 8588): blockedByLocationOff callingUid=1002
09-01 14:23:52.457 I/BluetoothUtils( 8588): packagename is android.uid.bluetooth:1002 ,and its permission is false
09-01 14:23:52.457 D/BluetoothUtils( 8588): blockedByLocationOff callingUid=1002
09-01 14:23:52.457 I/BluetoothUtils( 8588): packagename is android.uid.bluetooth:1002 ,and its permission is false
09-01 14:23:52.457 D/BluetoothUtils( 8588): blockedByLocationOff callingUid=1002
09-01 14:23:52.458 I/BluetoothUtils( 8588): packagename is android.uid.bluetooth:1002 ,and its permission is false
09-01 14:23:52.467 V/bt_stack( 8588): [VERBOSE1:btm_ble_gap.cc(1923)] btm_ble_process_ext_adv_pkt: bda=2f:3a:5d:02:04:9c
09-01 14:23:52.467 V/bt_stack( 8588): [VERBOSE1:btm_ble_gap.cc(1847)] btm_ble_process_adv_addr: bda=2f:3a:5d:02:04:9c
09-01 14:23:52.468 D/BluetoothUtils( 8588): blockedByLocationOff callingUid=1002
09-01 14:23:52.468 I/BluetoothUtils( 8588): packagename is android.uid.bluetooth:1002 ,and its permission is false
09-01 14:23:52.468 D/BluetoothUtils( 8588): blockedByLocationOff callingUid=1002
09-01 14:23:52.469 I/BluetoothUtils( 8588): packagename is android.uid.bluetooth:1002 ,and its permission is false
09-01 14:23:52.469 D/BluetoothUtils( 8588): blockedByLocationOff callingUid=1002
09-01 14:23:52.469 I/BluetoothUtils( 8588): packagename is android.uid.bluetooth:1002 ,and its permission is false
09-01 14:23:52.470 V/bt_stack( 8588): [VERBOSE1:btm_ble_gap.cc(1923)] btm_ble_process_ext_adv_pkt: bda=0c:1a:06:0e:96:57
09-01 14:23:52.470 V/bt_stack( 8588): [VERBOSE1:btm_ble_gap.cc(1847)] btm_ble_process_adv_addr: bda=0c:1a:06:0e:96:57
09-01 14:23:52.471 D/BluetoothUtils( 8588): blockedByLocationOff callingUid=1002
09-01 14:23:52.471 I/BluetoothUtils( 8588): packagename is android.uid.bluetooth:1002 ,and its permission is false
09-01 14:23:52.471 D/BluetoothUtils( 8588): blockedByLocationOff callingUid=1002
09-01 14:23:52.472 I/BluetoothUtils( 8588): packagename is android.uid.bluetooth:1002 ,and its permission is false
09-01 14:23:52.472 D/BluetoothUtils( 8588): blockedByLocationOff callingUid=1002
09-01 14:23:52.472 I/BluetoothUtils( 8588): packagename is android.uid.bluetooth:1002 ,and its permission is false
09-01 14:23:52.478 I/Timeline( 1639): Timeline: Activity_windows_visible id: ActivityRecord{983d338 u0 com.xiaomi.hm.health/.activity.StartUpActivity t476} time:210998495
09-01 14:23:52.479 I/Timeline( 1639): Timeline: App_transition_stopped time:210998496
09-01 14:23:52.479 D/EventBus(29730): [29730, u0] send(AppTransitionFinishedEvent)
09-01 14:23:52.479 D/EventBus(29730): [29730, u0]  -> ForcedResizableInfoActivityController [0xc4c1163, P1] onBusEvent(AppTransitionFinishedEvent)
09-01 14:23:52.480 D/EventBus(29730): [29730, u0] onBusEvent(AppTransitionFinishedEvent) duration: 23 microseconds, avg: 41
09-01 14:23:52.504 V/bt_stack( 8588): [VERBOSE1:btm_ble_gap.cc(1923)] btm_ble_process_ext_adv_pkt: bda=59:bb:67:f0:94:3c
09-01 14:23:52.504 V/bt_stack( 8588): [VERBOSE1:btm_ble_gap.cc(1847)] btm_ble_process_adv_addr: bda=59:bb:67:f0:94:3c
09-01 14:23:52.505 D/BluetoothUtils( 8588): blockedByLocationOff callingUid=1002
09-01 14:23:52.506 I/BluetoothUtils( 8588): packagename is android.uid.bluetooth:1002 ,and its permission is false
09-01 14:23:52.506 D/BluetoothUtils( 8588): blockedByLocationOff callingUid=1002
09-01 14:23:52.506 I/BluetoothUtils( 8588): packagename is android.uid.bluetooth:1002 ,and its permission is false
09-01 14:23:52.506 D/BluetoothUtils( 8588): blockedByLocationOff callingUid=1002
09-01 14:23:52.506 I/BluetoothUtils( 8588): packagename is android.uid.bluetooth:1002 ,and its permission is false
09-01 14:23:52.508 I/bt_stack( 8588): [INFO:connection_manager.cc(277)] lower the scan parameters used for connecting
09-01 14:23:52.508 V/bt_stack( 8588): [VERBOSE1:btm_ble_bgconn.cc(486)] BTM_WhiteListRemove: c3:d4:f4:e3:11:ec
09-01 14:23:52.508 V/bt_stack( 8588): [VERBOSE1:btm_ble_bgconn.cc(89)] background_connection_remove : c3:d4:f4:e3:11:ec
09-01 14:23:52.508 V/bt_stack( 8588): [VERBOSE1:btm_ble.cc(1906)] btm_ble_connected Security Manager: handle:15 enc_mode:0000  bda: c3:d4:f4:e3:11:ec RName:  p_dev_rec:0x74fa97a280
09-01 14:23:52.509 W/bt_btm  ( 8588): btm_acl_created hci_handle=15 link_role=0  transport=2
09-01 14:23:52.511 V/bt_stack( 8588): [VERBOSE1:btm_ble_gap.cc(1923)] btm_ble_process_ext_adv_pkt: bda=c3:d4:f4:e3:11:ec
09-01 14:23:52.511 V/bt_stack( 8588): [VERBOSE1:btm_ble_gap.cc(1847)] btm_ble_process_adv_addr: bda=c3:d4:f4:e3:11:ec
09-01 14:23:52.511 V/bt_stack( 8588): [VERBOSE1:btm_ble_gap.cc(2052)]  Waiting for scan response c3:d4:f4:e3:11:ec
09-01 14:23:52.540 V/bt_stack( 8588): [VERBOSE1:btm_ble_gap.cc(1923)] btm_ble_process_ext_adv_pkt: bda=71:d8:ac:89:39:0d
09-01 14:23:52.541 V/bt_stack( 8588): [VERBOSE1:btm_ble_gap.cc(1847)] btm_ble_process_adv_addr: bda=71:d8:ac:89:39:0d
09-01 14:23:52.541 V/bt_stack( 8588): [VERBOSE1:btm_ble_gap.cc(2052)]  Waiting for scan response 71:d8:ac:89:39:0d
09-01 14:23:52.541 V/bt_stack( 8588): [VERBOSE1:btm_ble_gap.cc(1923)] btm_ble_process_ext_adv_pkt: bda=1b:fe:1c:b7:b1:8a
09-01 14:23:52.541 V/bt_stack( 8588): [VERBOSE1:btm_ble_gap.cc(1847)] btm_ble_process_adv_addr: bda=1b:fe:1c:b7:b1:8a
09-01 14:23:52.541 D/BluetoothUtils( 8588): blockedByLocationOff callingUid=1002
09-01 14:23:52.542 I/BluetoothUtils( 8588): packagename is android.uid.bluetooth:1002 ,and its permission is false
09-01 14:23:52.542 D/BluetoothUtils( 8588): blockedByLocationOff callingUid=1002
09-01 14:23:52.542 I/BluetoothUtils( 8588): packagename is android.uid.bluetooth:1002 ,and its permission is false
09-01 14:23:52.543 D/BluetoothUtils( 8588): blockedByLocationOff callingUid=1002
09-01 14:23:52.543 I/BluetoothUtils( 8588): packagename is android.uid.bluetooth:1002 ,and its permission is false
09-01 14:23:52.553 V/bt_stack( 8588): [VERBOSE1:btm_ble_gap.cc(1923)] btm_ble_process_ext_adv_pkt: bda=10:42:5e:92:d4:eb
09-01 14:23:52.553 V/bt_stack( 8588): [VERBOSE1:btm_ble_gap.cc(1847)] btm_ble_process_adv_addr: bda=10:42:5e:92:d4:eb
09-01 14:23:52.554 D/BluetoothUtils( 8588): blockedByLocationOff callingUid=1002
09-01 14:23:52.554 I/BluetoothUtils( 8588): packagename is android.uid.bluetooth:1002 ,and its permission is false
09-01 14:23:52.555 D/BluetoothUtils( 8588): blockedByLocationOff callingUid=1002
09-01 14:23:52.555 I/BluetoothUtils( 8588): packagename is android.uid.bluetooth:1002 ,and its permission is false
09-01 14:23:52.555 D/BluetoothUtils( 8588): blockedByLocationOff callingUid=1002
09-01 14:23:52.555 I/BluetoothUtils( 8588): packagename is android.uid.bluetooth:1002 ,and its permission is false
09-01 14:23:52.568 V/bt_stack( 8588): [VERBOSE1:btm_ble_gap.cc(1923)] btm_ble_process_ext_adv_pkt: bda=71:d8:ac:89:39:0d
09-01 14:23:52.568 V/bt_stack( 8588): [VERBOSE1:btm_ble_gap.cc(1847)] btm_ble_process_adv_addr: bda=71:d8:ac:89:39:0d
09-01 14:23:52.568 V/bt_stack( 8588): [VERBOSE1:btm_ble_gap.cc(2052)]  Waiting for scan response 71:d8:ac:89:39:0d
09-01 14:23:52.568 V/bt_stack( 8588): [VERBOSE1:btm_ble_gap.cc(1923)] btm_ble_process_ext_adv_pkt: bda=3c:f2:81:5e:d7:79
09-01 14:23:52.568 V/bt_stack( 8588): [VERBOSE1:btm_ble_gap.cc(1847)] btm_ble_process_adv_addr: bda=3c:f2:81:5e:d7:79
09-01 14:23:52.569 D/BluetoothUtils( 8588): blockedByLocationOff callingUid=1002
09-01 14:23:52.569 I/BluetoothUtils( 8588): packagename is android.uid.bluetooth:1002 ,and its permission is false
09-01 14:23:52.569 V/bt_stack( 8588): [VERBOSE1:btm_ble_gap.cc(1923)] btm_ble_process_ext_adv_pkt: bda=2a:99:8c:12:d1:b1
09-01 14:23:52.569 D/BluetoothUtils( 8588): blockedByLocationOff callingUid=1002
09-01 14:23:52.569 V/bt_stack( 8588): [VERBOSE1:btm_ble_gap.cc(1847)] btm_ble_process_adv_addr: bda=2a:99:8c:12:d1:b1
09-01 14:23:52.570 I/BluetoothUtils( 8588): packagename is android.uid.bluetooth:1002 ,and its permission is false
09-01 14:23:52.570 D/BluetoothUtils( 8588): blockedByLocationOff callingUid=1002
09-01 14:23:52.570 I/BluetoothUtils( 8588): packagename is android.uid.bluetooth:1002 ,and its permission is false
09-01 14:23:52.571 D/BluetoothUtils( 8588): blockedByLocationOff callingUid=1002
09-01 14:23:52.571 I/BluetoothUtils( 8588): packagename is android.uid.bluetooth:1002 ,and its permission is false
09-01 14:23:52.571 D/BluetoothUtils( 8588): blockedByLocationOff callingUid=1002
09-01 14:23:52.572 I/BluetoothUtils( 8588): packagename is android.uid.bluetooth:1002 ,and its permission is false
09-01 14:23:52.572 D/BluetoothUtils( 8588): blockedByLocationOff callingUid=1002
09-01 14:23:52.572 I/BluetoothUtils( 8588): packagename is android.uid.bluetooth:1002 ,and its permission is false
09-01 14:23:52.574 V/bt_stack( 8588): [VERBOSE1:btm_ble_gap.cc(1923)] btm_ble_process_ext_adv_pkt: bda=66:3e:07:e0:2b:d4
09-01 14:23:52.574 V/bt_stack( 8588): [VERBOSE1:btm_ble_gap.cc(1847)] btm_ble_process_adv_addr: bda=66:3e:07:e0:2b:d4
09-01 14:23:52.574 V/bt_stack( 8588): [VERBOSE1:btm_ble_gap.cc(2052)]  Waiting for scan response 66:3e:07:e0:2b:d4
09-01 14:23:52.574 V/bt_stack( 8588): [VERBOSE1:btm_ble_gap.cc(1923)] btm_ble_process_ext_adv_pkt: bda=66:3e:07:e0:2b:d4
09-01 14:23:52.574 V/bt_stack( 8588): [VERBOSE1:btm_ble_gap.cc(1847)] btm_ble_process_adv_addr: bda=66:3e:07:e0:2b:d4
09-01 14:23:52.574 D/BluetoothUtils( 8588): blockedByLocationOff callingUid=1002
09-01 14:23:52.575 I/BluetoothUtils( 8588): packagename is android.uid.bluetooth:1002 ,and its permission is false
09-01 14:23:52.575 D/BluetoothUtils( 8588): blockedByLocationOff callingUid=1002
09-01 14:23:52.575 I/BluetoothUtils( 8588): packagename is android.uid.bluetooth:1002 ,and its permission is false
09-01 14:23:52.575 D/BluetoothUtils( 8588): blockedByLocationOff callingUid=1002
09-01 14:23:52.576 I/BluetoothUtils( 8588): packagename is android.uid.bluetooth:1002 ,and its permission is false
09-01 14:23:52.579 V/bt_stack( 8588): [VERBOSE1:btm_ble_gap.cc(1923)] btm_ble_process_ext_adv_pkt: bda=0a:29:89:b7:c8:4a
09-01 14:23:52.580 V/bt_stack( 8588): [VERBOSE1:btm_ble_gap.cc(1847)] btm_ble_process_adv_addr: bda=0a:29:89:b7:c8:4a
09-01 14:23:52.580 D/BluetoothUtils( 8588): blockedByLocationOff callingUid=1002
09-01 14:23:52.581 I/BluetoothUtils( 8588): packagename is android.uid.bluetooth:1002 ,and its permission is false
09-01 14:23:52.581 D/BluetoothUtils( 8588): blockedByLocationOff callingUid=1002
09-01 14:23:52.581 I/BluetoothUtils( 8588): packagename is android.uid.bluetooth:1002 ,and its permission is false
09-01 14:23:52.581 D/BluetoothUtils( 8588): blockedByLocationOff callingUid=1002
09-01 14:23:52.582 I/BluetoothUtils( 8588): packagename is android.uid.bluetooth:1002 ,and its permission is false
09-01 14:23:52.595 V/bt_stack( 8588): [VERBOSE1:btm_ble_gap.cc(1923)] btm_ble_process_ext_adv_pkt: bda=e5:5b:4e:62:b8:55
09-01 14:23:52.595 V/bt_stack( 8588): [VERBOSE1:btm_ble_gap.cc(1847)] btm_ble_process_adv_addr: bda=e5:5b:4e:62:b8:55
09-01 14:23:52.595 V/bt_stack( 8588): [VERBOSE1:btm_ble_gap.cc(2052)]  Waiting for scan response e5:5b:4e:62:b8:55
09-01 14:23:52.595 V/bt_stack( 8588): [VERBOSE1:btm_ble_gap.cc(1923)] btm_ble_process_ext_adv_pkt: bda=1a:90:83:98:47:ad
09-01 14:23:52.595 V/bt_stack( 8588): [VERBOSE1:btm_ble_gap.cc(1847)] btm_ble_process_adv_addr: bda=1a:90:83:98:47:ad
09-01 14:23:52.596 D/BluetoothUtils( 8588): blockedByLocationOff callingUid=1002
09-01 14:23:52.597 I/BluetoothUtils( 8588): packagename is android.uid.bluetooth:1002 ,and its permission is false
09-01 14:23:52.597 D/BluetoothUtils( 8588): blockedByLocationOff callingUid=1002
09-01 14:23:52.597 I/BluetoothUtils( 8588): packagename is android.uid.bluetooth:1002 ,and its permission is false
09-01 14:23:52.597 D/BluetoothUtils( 8588): blockedByLocationOff callingUid=1002
09-01 14:23:52.597 I/BluetoothUtils( 8588): packagename is android.uid.bluetooth:1002 ,and its permission is false
09-01 14:23:52.605 V/bt_stack( 8588): [VERBOSE1:btm_ble_gap.cc(1923)] btm_ble_process_ext_adv_pkt: bda=59:bb:67:f0:94:3c
09-01 14:23:52.605 V/bt_stack( 8588): [VERBOSE1:btm_ble_gap.cc(1847)] btm_ble_process_adv_addr: bda=59:bb:67:f0:94:3c
09-01 14:23:52.606 D/BluetoothUtils( 8588): blockedByLocationOff callingUid=1002
09-01 14:23:52.607 I/BluetoothUtils( 8588): packagename is android.uid.bluetooth:1002 ,and its permission is false
09-01 14:23:52.607 D/BluetoothUtils( 8588): blockedByLocationOff callingUid=1002
09-01 14:23:52.607 I/BluetoothUtils( 8588): packagename is android.uid.bluetooth:1002 ,and its permission is false
09-01 14:23:52.607 D/BluetoothUtils( 8588): blockedByLocationOff callingUid=1002
09-01 14:23:52.607 I/BluetoothUtils( 8588): packagename is android.uid.bluetooth:1002 ,and its permission is false
09-01 14:23:52.610 V/bt_stack( 8588): [VERBOSE1:btm_ble_gap.cc(1923)] btm_ble_process_ext_adv_pkt: bda=d0:24:10:d7:5b:bc
09-01 14:23:52.610 V/bt_stack( 8588): [VERBOSE1:btm_ble_gap.cc(1847)] btm_ble_process_adv_addr: bda=d0:24:10:d7:5b:bc
09-01 14:23:52.610 V/bt_stack( 8588): [VERBOSE1:btm_ble_gap.cc(2052)]  Waiting for scan response d0:24:10:d7:5b:bc
09-01 14:23:52.610 V/bt_stack( 8588): [VERBOSE1:btm_ble_gap.cc(1923)] btm_ble_process_ext_adv_pkt: bda=d0:24:10:d7:5b:bc
09-01 14:23:52.610 V/bt_stack( 8588): [VERBOSE1:btm_ble_gap.cc(1847)] btm_ble_process_adv_addr: bda=d0:24:10:d7:5b:bc
09-01 14:23:52.612 D/BluetoothUtils( 8588): blockedByLocationOff callingUid=1002
09-01 14:23:52.612 I/BluetoothUtils( 8588): packagename is android.uid.bluetooth:1002 ,and its permission is false
09-01 14:23:52.612 D/BluetoothUtils( 8588): blockedByLocationOff callingUid=1002
09-01 14:23:52.612 I/BluetoothUtils( 8588): packagename is android.uid.bluetooth:1002 ,and its permission is false
09-01 14:23:52.613 D/BluetoothUtils( 8588): blockedByLocationOff callingUid=1002
09-01 14:23:52.613 I/BluetoothUtils( 8588): packagename is android.uid.bluetooth:1002 ,and its permission is false
09-01 14:23:52.619 V/bt_stack( 8588): [VERBOSE1:btm_ble_gap.cc(1923)] btm_ble_process_ext_adv_pkt: bda=35:08:67:20:13:25
09-01 14:23:52.620 V/bt_stack( 8588): [VERBOSE1:btm_ble_gap.cc(1847)] btm_ble_process_adv_addr: bda=35:08:67:20:13:25
09-01 14:23:52.620 D/BluetoothUtils( 8588): blockedByLocationOff callingUid=1002
09-01 14:23:52.621 I/BluetoothUtils( 8588): packagename is android.uid.bluetooth:1002 ,and its permission is false
09-01 14:23:52.621 D/BluetoothUtils( 8588): blockedByLocationOff callingUid=1002
09-01 14:23:52.621 I/BluetoothUtils( 8588): packagename is android.uid.bluetooth:1002 ,and its permission is false
09-01 14:23:52.621 D/BluetoothUtils( 8588): blockedByLocationOff callingUid=1002
09-01 14:23:52.621 I/BluetoothUtils( 8588): packagename is android.uid.bluetooth:1002 ,and its permission is false
