09-01 14:23:46.553 D/AndroidRuntime( 2518): Shutting down VM
09-01 14:23:46.565 I/MiuiNetworkPolicy( 1639): removeUidState uid = 10224
09-01 14:23:46.566 D/OemNetd (  679): whiteListUid: uid=10224, wmm=del
09-01 14:23:46.569 V/UidProcStateHelper( 1639): process died:[2547,10224]
09-01 14:23:46.605 D/Boost   ( 1639): hostingType=added application, hostingName=io.appium.uiautomator2.server, callerPackage=android, isSystem=true, isBoostNeeded=false.
09-01 14:23:46.605 I/ActivityManager( 1639): Start proc 3448:io.appium.uiautomator2.server/u0a224 for added application io.appium.uiautomator2.server caller=android
09-01 14:23:46.626 W/WindowManager( 1639): removeWindowToken: Attempted to remove non-existing token: android.os.Binder@d6c5e37
09-01 14:23:46.629 V/SettingsProvider( 1639): Notifying for 0: content://settings/secure/accessibility_enabled
09-01 14:23:46.747 W/ActivityManager( 1639): Unable to start service Intent { act=android.bluetooth.device.action.ACL_DISCONNECTED cmp=com.google.android.gms/.nearby.discovery.service.DiscoveryService (has extras) } U=0: not found
09-01 14:23:48.138 I/appium  ( 3448): io.appium.uiautomator2.server started:
09-01 14:23:48.162 V/SettingsProvider( 1639): Notifying for 0: content://settings/secure/accessibility_enabled
09-01 14:23:48.185 I/appium  ( 3448): Started UiAutomator2 io.appium.uiautomator2.http io.appium.uiautomator2.server on port 6790
09-01 14:23:48.240 W/tomator2.serve( 3448): Accessing hidden method Lsun/misc/Unsafe;->allocateMemory(J)J (greylist, linking, allowed)
09-01 14:23:48.241 W/tomator2.serve( 3448): Accessing hidden method Lsun/misc/Unsafe;->freeMemory(J)V (greylist, linking, allowed)
09-01 14:23:48.241 W/tomator2.serve( 3448): Accessing hidden method Lsun/misc/Unsafe;->addressSize()I (greylist, linking, allowed)
09-01 14:23:48.241 W/tomator2.serve( 3448): Accessing hidden method Lsun/misc/Unsafe;->arrayBaseOffset(Ljava/lang/Class;)I (greylist,core-platform-api, linking, allowed)
09-01 14:23:48.241 W/tomator2.serve( 3448): Accessing hidden method Lsun/misc/Unsafe;->copyMemory(JJJ)V (greylist, linking, allowed)
09-01 14:23:48.241 W/tomator2.serve( 3448): Accessing hidden method Lsun/misc/Unsafe;->getByte(J)B (greylist,core-platform-api, linking, allowed)
09-01 14:23:48.241 W/tomator2.serve( 3448): Accessing hidden method Lsun/misc/Unsafe;->getByte(Ljava/lang/Object;J)B (greylist,core-platform-api, linking, allowed)
09-01 14:23:48.241 W/tomator2.serve( 3448): Accessing hidden method Lsun/misc/Unsafe;->getInt(J)I (greylist, linking, allowed)
09-01 14:23:48.241 W/tomator2.serve( 3448): Accessing hidden method Lsun/misc/Unsafe;->getInt(Ljava/lang/Object;J)I (greylist, linking, allowed)
09-01 14:23:48.241 W/tomator2.serve( 3448): Accessing hidden method Lsun/misc/Unsafe;->getLong(J)J (greylist,core-platform-api, linking, allowed)
09-01 14:23:48.241 W/tomator2.serve( 3448): Accessing hidden method Lsun/misc/Unsafe;->getLong(Ljava/lang/Object;J)J (greylist,core-platform-api, linking, allowed)
09-01 14:23:48.241 W/tomator2.serve( 3448): Accessing hidden method Lsun/misc/Unsafe;->getObject(Ljava/lang/Object;J)Ljava/lang/Object; (greylist, linking, allowed)
09-01 14:23:48.241 W/tomator2.serve( 3448): Accessing hidden method Lsun/misc/Unsafe;->getObjectVolatile(Ljava/lang/Object;J)Ljava/lang/Object; (greylist, linking, allowed)
09-01 14:23:48.241 W/tomator2.serve( 3448): Accessing hidden method Lsun/misc/Unsafe;->getShort(J)S (greylist, linking, allowed)
09-01 14:23:48.241 W/tomator2.serve( 3448): Accessing hidden method Lsun/misc/Unsafe;->getShort(Ljava/lang/Object;J)S (greylist, linking, allowed)
09-01 14:23:48.241 W/tomator2.serve( 3448): Accessing hidden method Lsun/misc/Unsafe;->objectFieldOffset(Ljava/lang/reflect/Field;)J (greylist,core-platform-api, linking, allowed)
09-01 14:23:48.241 W/tomator2.serve( 3448): Accessing hidden method Lsun/misc/Unsafe;->putByte(JB)V (greylist,core-platform-api, linking, allowed)
09-01 14:23:48.241 W/tomator2.serve( 3448): Accessing hidden method Lsun/misc/Unsafe;->putByte(Ljava/lang/Object;JB)V (greylist,core-platform-api, linking, allowed)
09-01 14:23:48.241 W/tomator2.serve( 3448): Accessing hidden method Lsun/misc/Unsafe;->putInt(JI)V (greylist, linking, allowed)
09-01 14:23:48.241 W/tomator2.serve( 3448): Accessing hidden method Lsun/misc/Unsafe;->putInt(Ljava/lang/Object;JI)V (greylist, linking, allowed)
09-01 14:23:48.241 W/tomator2.serve( 3448): Accessing hidden method Lsun/misc/Unsafe;->putLong(JJ)V (greylist, linking, allowed)
09-01 14:23:48.242 W/tomator2.serve( 3448): Accessing hidden method Lsun/misc/Unsafe;->putLong(Ljava/lang/Object;JJ)V (greylist, linking, allowed)
09-01 14:23:48.242 W/tomator2.serve( 3448): Accessing hidden method Lsun/misc/Unsafe;->putOrderedObject(Ljava/lang/Object;JLjava/lang/Object;)V (greylist, linking, allowed)
09-01 14:23:48.242 W/tomator2.serve( 3448): Accessing hidden method Lsun/misc/Unsafe;->putShort(JS)V (greylist, linking, allowed)
09-01 14:23:48.242 W/tomator2.serve( 3448): Accessing hidden method Lsun/misc/Unsafe;->putShort(Ljava/lang/Object;JS)V (greylist, linking, allowed)
09-01 14:23:48.242 W/tomator2.serve( 3448): Accessing hidden method Lsun/misc/Unsafe;->setMemory(JJB)V (greylist, linking, allowed)
09-01 14:23:48.242 W/tomator2.serve( 3448): Accessing hidden field Ljava/nio/Buffer;->address:J (greylist, reflection, allowed)
09-01 14:23:48.242 W/tomator2.serve( 3448): Accessing hidden field Lsun/misc/Unsafe;->theUnsafe:Lsun/misc/Unsafe; (greylist, reflection, allowed)
09-01 14:23:48.243 W/tomator2.serve( 3448): Accessing hidden method Lsun/misc/VM;->maxDirectMemory()J (greylist, reflection, allowed)
09-01 14:23:48.251 W/tomator2.serve( 3448): Accessing hidden field Lsun/nio/ch/SelectorImpl;->selectedKeys:Ljava/util/Set; (greylist, reflection, allowed)
09-01 14:23:48.251 W/tomator2.serve( 3448): Accessing hidden field Lsun/nio/ch/SelectorImpl;->publicSelectedKeys:Ljava/util/Set; (greylist, reflection, allowed)
09-01 14:23:48.270 E/adbd    (16935): failed to connect to socket 'tcp:6790': Connection refused
09-01 14:23:48.270 W/Thread-4( 3448): type=1400 audit(0.0:63436): avc: denied { read } for name="somaxconn" dev="proc" ino=7166948 scontext=u:r:untrusted_app_27:s0:c224,c256,c512,c768 tcontext=u:object_r:proc_net:s0 tclass=file permissive=0 app=io.appium.uiautomator2.server
09-01 14:23:48.894 I/AudioTrack( 2503): isLongTimeZoreData zoer date time 21 Seconds
09-01 14:23:49.354 I/appium  ( 3448): channel read invoked!
09-01 14:23:49.354 I/appium  ( 3448): channel read: GET /wd/hub/status
09-01 14:23:49.358 I/appium  ( 3448): AppiumResponse: {"sessionId":"None","value":{"ready":true,"message":"UiAutomator2 Server is ready to accept commands"}}
09-01 14:23:49.367 I/appium  ( 3448): channel read invoked!
09-01 14:23:49.367 I/appium  ( 3448): channel read: POST /wd/hub/session
09-01 14:23:49.370 W/tomator2.serve( 3448): Accessing hidden field Landroid/app/UiAutomation;->mOnAccessibilityEventListener:Landroid/app/UiAutomation$OnAccessibilityEventListener; (greylist-max-o, reflection, allowed)
09-01 14:23:49.371 I/appium  ( 3448): Created the new session with SessionID: 06b5de24-b51b-4907-8e5d-a591dbb38551
09-01 14:23:49.372 I/appium  ( 3448): AppiumResponse: {"sessionId":"06b5de24-b51b-4907-8e5d-a591dbb38551","value":{"sessionId":"06b5de24-b51b-4907-8e5d-a591dbb38551","capabilities":{"firstMatch":[{"platform":"LINUX","webStorageEnabled":false,"takesScreenshot":true,"javascriptEnabled":true,"databaseEnabled":false,"networkConnectionEnabled":true,"loca...
09-01 14:23:49.395 I/appium  ( 3448): channel read invoked!
09-01 14:23:49.395 I/appium  ( 3448): channel read: GET /wd/hub/session/06b5de24-b51b-4907-8e5d-a591dbb38551/appium/device/info
09-01 14:23:49.396 I/appium  ( 3448): Get Device Info command
09-01 14:23:49.418 W/tomator2.serve( 3448): Accessing hidden field Landroid/net/NetworkCapabilities;->mSignalStrength:I (greylist-max-p, reflection, allowed)
09-01 14:23:49.418 W/tomator2.serve( 3448): Accessing hidden field Landroid/net/NetworkCapabilities;->mNetworkSpecifier:Landroid/net/NetworkSpecifier; (greylist-max-o, reflection, allowed)
09-01 14:23:49.418 W/tomator2.serve( 3448): Accessing hidden field Landroid/net/NetworkCapabilities;->mSSID:Ljava/lang/String; (greylist-max-o, reflection, allowed)
09-01 14:23:49.428 I/appium  ( 3448): AppiumResponse: {"sessionId":"06b5de24-b51b-4907-8e5d-a591dbb38551","value":{"androidId":"189d1757d16bcd28","manufacturer":"Xiaomi","model":"Redmi K20 Pro","brand":"Xiaomi","apiVersion":"29","platformVersion":"10","carrierName":"小米移动","realDisplaySize":"1080x2340","displayDensity":440,"networks":[{"type":1,"type...
09-01 14:23:49.504 D/MessageMonitor( 1639): Dump Looper message took 1ms
09-01 14:23:49.508 D/MessageMonitor( 1639): Dump Looper message took 0ms
09-01 14:23:49.632 I/ActivityManager( 1639): Force stopping com.xiaomi.hm.health appid=10241 user=0: from process:3490
09-01 14:23:49.646 E/PhoneInterfaceManager( 2698): [PhoneIntfMgr] getCarrierPackageNamesForIntent: No UICC
09-01 14:23:49.647 D/CarrierSvcBindHelper( 2698): No carrier app for: 0
09-01 14:23:49.652 D/CarrierSvcBindHelper( 2698): No carrier app for: 1
09-01 14:23:49.660 D/RegisteredServicesCache( 4689):  Reading service state data always from file
09-01 14:23:49.662 D/RegisteredServicesCache( 4689): ServiceStateFileVersion=1.0
09-01 14:23:49.662 E/RegisteredServicesCache( 4689): Next Tag=services
09-01 14:23:49.662 E/RegisteredServicesCache( 4689): 1invalidateCache:WriteServiceStateToFile
09-01 14:23:49.662 E/RegisteredServicesCache( 4689):  Writing service state Data Always
09-01 14:23:49.671 E/RegisteredAidCache( 4689): updateRoutingLocked(): enter...
09-01 14:23:49.671 D/NfcService( 4689): defaultMifareCLTRoute : 315
09-01 14:23:49.671 D/RegisteredAidCache( 4689):  AID power stateB0693789675600247817route0
09-01 14:23:49.671 D/NfcService( 4689): defaultAidRoute : 315
09-01 14:23:49.671 D/NfcService( 4689): GetDefaultRouteLoc  :1
09-01 14:23:49.671 D/NfcService( 4689): defaultAidRoute : 315
09-01 14:23:49.671 D/NfcService( 4689): GetDefaultRouteLoc  :1
09-01 14:23:49.671 E/AidRoutingManager( 4689): Size of routing table970
09-01 14:23:49.671 E/RegisteredAidCache( 4689): updateRoutingLocked(): exit...
09-01 14:23:49.672 D/RegisteredNfcFServicesCache( 4689): Service unchanged, not updating
09-01 14:23:49.892 W/ActivityTaskManager( 1639): aInfo is null for resolve intent: Intent { act=android.intent.action.MAIN cat=[android.intent.category.LAUNCHER] flg=0x10200000 cmp=com.xiaomi.hm.health/activity.StartUpActivity }
09-01 14:23:49.893 W/ActivityTaskManagerServiceInjector( 1639): Intent or aInfo is null!
09-01 14:23:49.893 I/ActivityTaskManager( 1639): START u0 {act=android.intent.action.MAIN cat=[android.intent.category.LAUNCHER] flg=0x10200000 cmp=com.xiaomi.hm.health/activity.StartUpActivity} from uid 2000
09-01 14:23:49.896 W/BpBinder( 3490): Slow Binder: BpBinder transact took 267ms, interface=android.app.IActivityManager, code=1598246212 oneway=false
09-01 14:23:49.910 I/AudioTrack( 2503): isLongTimeZoreData zoer date time 22 Seconds
09-01 14:23:49.984 I/ActivityManager( 1639): Force stopping com.xiaomi.hm.health appid=10241 user=0: from process:3495
09-01 14:23:49.994 E/PhoneInterfaceManager( 2698): [PhoneIntfMgr] getCarrierPackageNamesForIntent: No UICC
09-01 14:23:49.994 D/CarrierSvcBindHelper( 2698): No carrier app for: 0
09-01 14:23:50.005 D/CarrierSvcBindHelper( 2698): No carrier app for: 1
09-01 14:23:50.010 D/RegisteredServicesCache( 4689):  Reading service state data always from file
09-01 14:23:50.011 D/RegisteredServicesCache( 4689): ServiceStateFileVersion=1.0
09-01 14:23:50.012 E/RegisteredServicesCache( 4689): Next Tag=services
09-01 14:23:50.012 E/RegisteredServicesCache( 4689): 1invalidateCache:WriteServiceStateToFile
09-01 14:23:50.012 E/RegisteredServicesCache( 4689):  Writing service state Data Always
09-01 14:23:50.022 E/RegisteredAidCache( 4689): updateRoutingLocked(): enter...
09-01 14:23:50.022 D/NfcService( 4689): defaultMifareCLTRoute : 315
09-01 14:23:50.022 D/RegisteredAidCache( 4689):  AID power stateB0693789675600247817route0
09-01 14:23:50.022 D/NfcService( 4689): defaultAidRoute : 315
09-01 14:23:50.022 D/NfcService( 4689): GetDefaultRouteLoc  :1
09-01 14:23:50.022 D/NfcService( 4689): defaultAidRoute : 315
09-01 14:23:50.022 D/NfcService( 4689): GetDefaultRouteLoc  :1
09-01 14:23:50.022 E/AidRoutingManager( 4689): Size of routing table970
09-01 14:23:50.022 E/RegisteredAidCache( 4689): updateRoutingLocked(): exit...
09-01 14:23:50.023 D/RegisteredNfcFServicesCache( 4689): Service unchanged, not updating
09-01 14:23:50.243 I/SplashScreenServiceDelegate( 1639): None for com.xiaomi.hm.health
09-01 14:23:50.243 I/ActivityTaskManager( 1639): START u0 {act=android.intent.action.MAIN cat=[android.intent.category.LAUNCHER] flg=0x10200000 cmp=com.xiaomi.hm.health/.activity.StartUpActivity} from uid 2000
09-01 14:23:50.249 E/ANDR-PERF-JNI( 1639): com_qualcomm_qtiperformance_native_perf_io_prefetch_start
09-01 14:23:50.249 E/ANDR-PERF-LM(  809): AdaptLaunchAction:: applyAction() 151: Failed to aquire perflock, handle = -1
09-01 14:23:50.263 D/CompatibilityInfo( 1639): mCompatibilityFlags - 0
09-01 14:23:50.263 D/CompatibilityInfo( 1639): applicationDensity - 440
09-01 14:23:50.263 D/CompatibilityInfo( 1639): applicationScale - 1.0
09-01 14:23:50.263 D/ActivityTrigger( 1639): ActivityTrigger activityPauseTrigger 
09-01 14:23:50.267 D/Launcher.Lifecycle( 7676): onPause:UserHandle{0},93e149d,true
09-01 14:23:50.267 D/Launcher_UnlockAnimationStateMachine( 7676): setState:PAUSE_WAIT
09-01 14:23:50.269 D/ScreenElementRoot( 7676): pause
09-01 14:23:50.269 D/ScreenElementRoot( 7676): pause
09-01 14:23:50.270 I/NotifierManager( 7676): onUnregister: miui.maml.NotifierManager$MultiBroadcastNotifier@bb30fa3
09-01 14:23:50.270 I/RenderThread( 7676): RenderThread paused, waiting for signal
09-01 14:23:50.271 E/ANDR-IOP( 2131): io prefetch is disabled
09-01 14:23:50.278 D/StatusBarClockController( 7676): show status bar clock
09-01 14:23:50.279 D/BufferQueueLayer(  881): Launcher new frame Arrived
09-01 14:23:50.291 D/Launcher_WallpaperUtils( 7676): changeStatusBarMode:false
09-01 14:23:50.296 D/BufferQueueLayer(  881): Launcher new frame Arrived
09-01 14:23:50.298 I/MiuiNetworkPolicy( 1639): bandwidth: 0 KB/s, Max bandwidth: 1898 KB/s
09-01 14:23:50.306 D/Zygote  (  680): Forked child process 3502
09-01 14:23:50.307 D/Boost   ( 1639): hostingType=activity, hostingName={com.xiaomi.hm.health/com.xiaomi.hm.health.activity.StartUpActivity}, callerPackage=null, isSystem=true, isBoostNeeded=false.
09-01 14:23:50.308 D/OemNetd (  679): setPidForPackage: packageName=com.xiaomi.hm.health, pid=3502, pid=10241
09-01 14:23:50.308 I/ActivityManager( 1639): Start proc 3502:com.xiaomi.hm.health/u0a241 for activity {com.xiaomi.hm.health/com.xiaomi.hm.health.activity.StartUpActivity} caller=null
09-01 14:23:50.326 D/CompatibilityInfo( 1639): mCompatibilityFlags - 0
09-01 14:23:50.326 D/CompatibilityInfo( 1639): applicationDensity - 440
09-01 14:23:50.326 D/CompatibilityInfo( 1639): applicationScale - 1.0
09-01 14:23:50.329 D/CompatibilityInfo( 1639): mCompatibilityFlags - 0
09-01 14:23:50.329 D/CompatibilityInfo( 1639): applicationDensity - 440
09-01 14:23:50.329 D/CompatibilityInfo( 1639): applicationScale - 1.0
09-01 14:23:50.330 D/WindowManager( 1639): Input focus has changed to null
09-01 14:23:50.330 D/PowerKeeper( 6417): PerfEngineController:ForegroundInfo{mForegroundPackageName='com.xiaomi.hm.health', mForegroundUid=10241, mForegroundPid=3502, mLastForegroundPackageName='com.miui.home', mLastForegroundUid=10090, mLastForegroundPid=7676, mMultiWindowForegroundPackageName='null', mMultiWindowForegroundUid=-1, mFlags=1}
09-01 14:23:50.331 I/qspmsvc-client( 1639): inside perf_hint_qspm
09-01 14:23:50.331 I/ProcessMonitor( 5237): onForegroundInfoChanged: ForegroundInfo{mForegroundPackageName='com.xiaomi.hm.health', mForegroundUid=10241, mForegroundPid=3502, mLastForegroundPackageName='com.miui.home', mLastForegroundUid=10090, mLastForegroundPid=7676, mMultiWindowForegroundPackageName='null', mMultiWindowForegroundUid=-1, mFlags=1}
09-01 14:23:50.331 I/GameBoosterService( 5237): onForegroundInfoChanged: Cur=com.xiaomi.hm.health	 last=com.miui.home
09-01 14:23:50.331 I/Timeline( 1639): Timeline: App_transition_ready time:210996348
09-01 14:23:50.332 D/PowerKeeper( 6417): PowerStateMachine:Enter power state id=0 name=normal
09-01 14:23:50.332 D/ProcessObserver( 6417): onScreenAppChanged, FgUid: 10241, FgPackageName: com.xiaomi.hm.health
09-01 14:23:50.332 D/ProcessObserver( 6417): onScreenAppChanged, PreTaskUid: 10090, PreTaskPackageName: com.miui.home
09-01 14:23:50.332 D/ProcessObserver( 6417): Uid: 10241 Foreground
09-01 14:23:50.333 D/PowerCheckerService( 6417): updateForFgUidChangedLocked, mScreenOn = true uid = 10241 foreground = true
09-01 14:23:50.333 D/AppActiveChecker( 6417): updateDownloadStateForFgUidChangedLocked, mScreenOn = true uid = 10241 foreground = true
09-01 14:23:50.333 D/AppActiveChecker( 6417): removeMessages: hasMessage, uid = 10241
09-01 14:23:50.333 D/DeviceIdleAppRuleChecker( 6417): updateStateForInteractiveUidChangedLocked: uid = 10241 foreground = true
09-01 14:23:50.333 D/KillProcessAppRuleChecker( 6417): updateStateForInteractiveUidChangedLocked: uid = 10241 foreground = true
09-01 14:23:50.333 D/HideModeStateMachine( 6417): updateForForegroundUidChangedLocked: uid = 10241 foreground = true
09-01 14:23:50.333 I/HideModeStateMachine( 6417): Uid: 10241 State: inactive_level_1st |-> setForegroundActive
09-01 14:23:50.334 I/HideModeStateMachine( 6417): Uid: 10241 State: inactive_level_1st Feature: location |-> setSubStateForegroundActive
09-01 14:23:50.334 I/HideModeStateMachine( 6417): Uid: 10241 State: inactive_level_1st Feature: sensor |-> setSubStateForegroundActive
09-01 14:23:50.334 I/octvm_power( 3400): power mode [normal] start 1598941430
09-01 14:23:50.334 I/HideModeStateMachine( 6417): Uid: 10241 State: inactive_level_1st Feature: appIdle |-> setSubStateForegroundActive
09-01 14:23:50.334 I/HideModeStateMachine( 6417): Uid: 10241 State: active |-> setForegroundActive
09-01 14:23:50.334 D/ActiveStateController( 6417): updateStateForFgUidChangedLocked: uid = 10241 foreground = true
09-01 14:23:50.334 D/ActiveStateController( 6417): updateRuleForUidLocked, uid = 10241 property = 0
09-01 14:23:50.334 I/octvm_drv( 3400): common drv: get_current_battery_uAh will return 0
09-01 14:23:50.334 I/octvm_power( 3400): Action: set_bcbc_cust_state(disable) for [foreground_change]
09-01 14:23:50.334 I/set_top_app( 1639): success /proc/3502/top_app:1
09-01 14:23:50.334 D/PowerKeeperConfigureProvider( 6417): appActiveTable insert 539
09-01 14:23:50.336 D/PowerChecker.BaStats( 6417): uid = 10241, uidForeground = true, lastBytes = 30514363, curBytes = 30515279, deltaBytes = 916
09-01 14:23:50.336 D/DisplayFeatureHal(  825): setFeatureEnable(displayId=0 caseId=18 modeId=0 cookie=0)
09-01 14:23:50.336 D/DisplayFeatureHal(  825): current wcg state 0, setting to 0
09-01 14:23:50.336 D/DisplayFeatureHal(  825): notifySFWcgState enable = 0
09-01 14:23:50.336 I/SDM     (  784): CoreInterface::SetWCGStatus: SetWCGStatus wcg enable 0
09-01 14:23:50.337 D/DisplayFeatureHal(  825): notifyQservice cmd 48 value 0 ret 0
09-01 14:23:50.337 I/octvm_drv_xm( 3400): platform_set_bcbc_cust_state disable success
09-01 14:23:50.337 D/DisplayFeatureHal(  825): HandleBCBCCustom  enable:0
09-01 14:23:50.337 I/octvm_power( 3400): Action: set_dfps_cust_state(disable) for [foreground_change]
09-01 14:23:50.337 I/octvm_drv( 3400): common drv: platform_set_dfps_cust_state -> platform not support
09-01 14:23:50.337 I/octvm_power( 3400): Action: set_lcd_mode(default) for [foreground_change]
09-01 14:23:50.337 I/set_top_app( 1639): success /proc/7676/top_app:0
09-01 14:23:50.337 I/set_top_app( 1639): success /proc/13261/top_app:0
09-01 14:23:50.338 D/GameBoosterService( 5237): onGameStatusChange foreground:ForegroundInfo{mForegroundPackageName='com.xiaomi.hm.health', mForegroundUid=10241, mForegroundPid=3502, mLastForegroundPackageName='com.miui.home', mLastForegroundUid=10090, mLastForegroundPid=7676, mMultiWindowForegroundPackageName='null', mMultiWindowForegroundUid=-1, mFlags=1}
09-01 14:23:50.338 I/GameBoosterService( 5237): onForegroundInfoChanged: Exit
09-01 14:23:50.338 I/VideoBoxUtils( 5237): isSupportVideoBox: false
09-01 14:23:50.338 I/VideoToolBoxService( 5237): onForegroundInfoChanged: Exit Vtb
09-01 14:23:50.339 D/Launcher.Lifecycle( 7676): onWindowFocusChanged:false,UserHandle{0},93e149d,true
09-01 14:23:50.342 V/UidProcStateHelper( 1639): foreground changed:[3502,10241,true]
09-01 14:23:50.343 I/BtGatt.ScanManager( 8588): msg.what = 6
09-01 14:23:50.343 I/MiuiNetworkPolicy( 1639): updateUidState uid = 10241, uidState = 2
09-01 14:23:50.343 D/ProcessObserver( 6417): onForegroundActivitiesChanged, pid: 3502 uid: 10241 foregroundActivities: true
09-01 14:23:50.343 I/MiuiNetworkPolicy( 1639): updateWmmForUidState uid: 10241 state: 2 wmm: 1
09-01 14:23:50.343 D/OemNetd (  679): updateWmm: uid=10241, wmm=1
09-01 14:23:50.343 D/DisplayFeatureHal(  825): setFeatureEnable(displayId=0 caseId=7 modeId=1 cookie=0)
09-01 14:23:50.343 D/DisplayFeatureHal(  825): current wcg state 0, setting to 0
09-01 14:23:50.343 D/DisplayFeatureHal(  825): notifySFWcgState enable = 0
09-01 14:23:50.344 I/SDM     (  784): CoreInterface::SetWCGStatus: SetWCGStatus wcg enable 0
09-01 14:23:50.345 I/CloudSettingsProvider(22222): uriMatch : 2
09-01 14:23:50.345 D/OemNetd (  679): whiteListUid: uid=10241, wmm=add
09-01 14:23:50.345 D/DisplayFeatureHal(  825): notifyQservice cmd 48 value 0 ret 0
09-01 14:23:50.346 D/DisplayFeatureHal(  825): HandleCabcModeCustom enter 1 0
09-01 14:23:50.346 W/DisplayFeatureHal(  825): ---skip setting acl feature currently, return!
09-01 14:23:50.346 D/DisplayFeatureHal(  825): HandleCabcModeCustom exit 0x1000
09-01 14:23:50.346 I/octvm_drv_xm( 3400): platform_set_lcd_mode default(1) success
09-01 14:23:50.346 I/octvm_power( 3400): Action: set_thermal_config(restore) for [foreground_change]
09-01 14:23:50.346 I/octvm_drv( 3400): platform_set_thermal_mode cur_global_config:[], target mode:[restore], profile=0, ret=0
09-01 14:23:50.346 I/octvm_drv( 3400): common drv: get_current_battery_uAh will return 0
09-01 14:23:50.346 I/octvm_power( 3400): onPowerModeChanged[normal] called
09-01 14:23:50.347 D/ActivityUtils(22367): packageNameComponentInfo{com.xiaomi.hm.health/com.xiaomi.hm.health.activity.StartUpActivity}
09-01 14:23:50.350 I/MiuiNetworkPolicy( 1639): updateMLUid uid:10241,old:20,new:2
09-01 14:23:50.350 I/MiuiNetworkPolicy( 1639): isMLEnabled state:20,uid:10241,connect:DISCONNECTED
09-01 14:23:50.350 I/MiuiNetworkPolicy( 1639): isMLEnabled state:2,uid:10241,connect:DISCONNECTED
09-01 14:23:50.351 I/CloudSettingsProvider(22222): uriMatch : 2
09-01 14:23:50.365 D/miuisdk ( 3502): current sdk level is 20
09-01 14:23:50.367 E/SELinux (  572): avc:  denied  { find } for service=overlay pid=3502 uid=10241 scontext=u:r:untrusted_app:s0:c241,c256,c512,c768 tcontext=u:object_r:overlay_service:s0 tclass=service_manager permissive=0
09-01 14:23:50.368 E/IconCustomizerUtils( 3502): IOverlayManager is null
09-01 14:23:50.379 E/LoadedApk( 3502): Unable to instantiate appComponentFactory
09-01 14:23:50.379 E/LoadedApk( 3502): java.lang.ClassNotFoundException: Didn't find class "androidx.core.app.CoreComponentFactory" on path: DexPathList[[zip file "/data/app/com.xiaomi.hm.health-ooUo9xQvewNmlnoHhfDwKQ==/base.apk"],nativeLibraryDirectories=[/data/app/com.xiaomi.hm.health-ooUo9xQvewNmlnoHhfDwKQ==/lib/arm64, /data/app/com.xiaomi.hm.health-ooUo9xQvewNmlnoHhfDwKQ==/base.apk!/lib/arm64-v8a, /system/lib64, /system/product/lib64]]
09-01 14:23:50.379 E/LoadedApk( 3502): 	at dalvik.system.BaseDexClassLoader.findClass(BaseDexClassLoader.java:230)
09-01 14:23:50.379 E/LoadedApk( 3502): 	at java.lang.ClassLoader.loadClass(ClassLoader.java:379)
09-01 14:23:50.379 E/LoadedApk( 3502): 	at java.lang.ClassLoader.loadClass(ClassLoader.java:312)
09-01 14:23:50.379 E/LoadedApk( 3502): 	at android.app.LoadedApk.createAppFactory(LoadedApk.java:258)
09-01 14:23:50.379 E/LoadedApk( 3502): 	at android.app.LoadedApk.createOrUpdateClassLoaderLocked(LoadedApk.java:857)
09-01 14:23:50.379 E/LoadedApk( 3502): 	at android.app.LoadedApk.getClassLoader(LoadedApk.java:952)
09-01 14:23:50.379 E/LoadedApk( 3502): 	at android.app.LoadedApk.getResources(LoadedApk.java:1190)
09-01 14:23:50.379 E/LoadedApk( 3502): 	at android.app.ContextImpl.createAppContext(ContextImpl.java:2474)
09-01 14:23:50.379 E/LoadedApk( 3502): 	at android.app.ContextImpl.createAppContext(ContextImpl.java:2466)
09-01 14:23:50.379 E/LoadedApk( 3502): 	at android.app.ActivityThread.handleBindApplication(ActivityThread.java:6442)
09-01 14:23:50.379 E/LoadedApk( 3502): 	at android.app.ActivityThread.access$1400(ActivityThread.java:224)
09-01 14:23:50.379 E/LoadedApk( 3502): 	at android.app.ActivityThread$H.handleMessage(ActivityThread.java:1887)
09-01 14:23:50.379 E/LoadedApk( 3502): 	at android.os.Handler.dispatchMessage(Handler.java:107)
09-01 14:23:50.379 E/LoadedApk( 3502): 	at android.os.Looper.loop(Looper.java:224)
09-01 14:23:50.379 E/LoadedApk( 3502): 	at android.app.ActivityThread.main(ActivityThread.java:7551)
09-01 14:23:50.379 E/LoadedApk( 3502): 	at java.lang.reflect.Method.invoke(Native Method)
09-01 14:23:50.379 E/LoadedApk( 3502): 	at com.android.internal.os.RuntimeInit$MethodAndArgsCaller.run(RuntimeInit.java:539)
09-01 14:23:50.379 E/LoadedApk( 3502): 	at com.android.internal.os.ZygoteInit.main(ZygoteInit.java:950)
09-01 14:23:50.382 W/RecentsModel( 7676): onTaskStackChangedBackground: start loading
09-01 14:23:50.384 W/RecentsModel( 7676): getTaskInfoIgnoreHomeAndSplit   taskInfo=ComponentInfo{com.xiaomi.hm.health/com.xiaomi.hm.health.activity.StartUpActivity}
09-01 14:23:50.385 W/RecentsModel( 7676): getTaskInfoIgnoreHomeAndFreeform   taskInfo=ComponentInfo{com.xiaomi.hm.health/com.xiaomi.hm.health.activity.StartUpActivity}
09-01 14:23:50.386 I/Perf    ( 3502): Connecting to perf service.
09-01 14:23:50.386 W/RecentsModel( 7676): getTaskInfoIgnoreFreeform   taskInfo=ComponentInfo{com.xiaomi.hm.health/com.xiaomi.hm.health.activity.StartUpActivity}
09-01 14:23:50.386 W/RecentsModel( 7676): onTaskStackChangedBackground: finishLoading loading
09-01 14:23:50.390 D/ForceDarkHelper( 3502): com.xiaomi.hm.health mIsDarkModeSupported = false
09-01 14:23:50.390 D/ForceDarkHelper( 3502): com.xiaomi.hm.health initialize time 1
09-01 14:23:50.390 W/iaomi.hm.health( 3502): type=1400 audit(0.0:63437): avc: granted { execute } for path="/data/data/com.xiaomi.hm.health/.jiagu/libjiagu_64.so" dev="sda31" ino=327687 scontext=u:r:untrusted_app:s0:c241,c256,c512,c768 tcontext=u:object_r:app_data_file:s0:c241,c256,c512,c768 tclass=file app=com.xiaomi.hm.health
09-01 14:23:50.390 W/iaomi.hm.health( 3502): type=1400 audit(0.0:63438): avc: denied { read } for name="tcp" dev="proc" ino=4026532156 scontext=u:r:untrusted_app:s0:c241,c256,c512,c768 tcontext=u:object_r:proc_net_tcp_udp:s0 tclass=file permissive=0 app=com.xiaomi.hm.health
09-01 14:23:50.473 D/Launcher.Transfer( 7676): transfer:onPause, extra:null
09-01 14:23:50.569 D/Launcher_UnlockAnimationStateMachine( 7676): mResetIdleStateRunnable
09-01 14:23:50.715 D/NetworkStateReceiver(22367): sWifiStrengthLevel = 3
09-01 14:23:50.716 D/QCNEJ/WlanStaInfoRelay( 2635): Received action: android.net.wifi.RSSI_CHANGED
09-01 14:23:50.725 D/StackScroller(29730): applyCurrentState
09-01 14:23:50.732 I/Timeline( 1639): Timeline: App_transition_ready time:210996749
09-01 14:23:50.756 D/StackScroller(29730): applyCurrentState
09-01 14:23:50.761 W/iaomi.hm.healt( 3502): Opening an oat file without a class loader. Are you using the deprecated DexFile APIs?
09-01 14:23:50.764 I/Timeline( 1639): Timeline: App_transition_ready time:210996781
09-01 14:23:50.902 W/iaomi.hm.healt( 3502): ClassLoaderContext shared library size mismatch. Expected=1, found=0 (PCL[]{PCL[/system/framework/org.apache.http.legacy.jar*2820881278]} | PCL[];PCL[])
09-01 14:23:50.902 I/iaomi.hm.healt( 3502): Failed to add image file Rejecting application image due to class loader mismatch: 'Class loader types don't match dalvik.system.PathClassLoader and dalvik.system.DexClassLoader'
09-01 14:23:50.904 W/System.err( 3502): Warning: Using deprecated Element constructor. Do not use internal APIs, this constructor will be removed in the future.
09-01 14:23:50.927 I/AudioTrack( 2503): isLongTimeZoreData zoer date time 23 Seconds
09-01 14:23:50.959 D/IdProviderImpl( 3502): getOAID
09-01 14:23:50.962 D/IdProviderImpl( 3502): getVAID
09-01 14:23:50.964 D/IdProviderImpl( 3502): getAAID
09-01 14:23:50.971 I/MultiDex( 3502): VM with version 2.1.0 has multidex support
09-01 14:23:50.971 I/MultiDex( 3502): Installing application
09-01 14:23:50.971 I/MultiDex( 3502): VM has multidex support, MultiDex support library is disabled.
09-01 14:23:51.040 I/ACRA    ( 3502): ACRA is enabled for com.xiaomi.hm.health, initializing...
09-01 14:23:51.054 I/ACRA    ( 3502): ACRA is disabled for com.xiaomi.hm.health
09-01 14:23:51.071 W/com.facebook.O00O0Oo0( 3502): Please set a value for AutoLogAppEventsEnabled. Set the flag to TRUE if you want to collect app install, app launch and in-app purchase events automatically. To request user consent before collecting data, set the flag value to FALSE, then change to TRUE once user consent is received. Learn more: https://developers.facebook.com/docs/app-events/getting-started-app-events-android#disable-auto-events.
09-01 14:23:51.071 W/com.facebook.O00O0Oo0( 3502): You haven't set a value for AdvertiserIDCollectionEnabled. Set the flag to TRUE if you want to collect Advertiser ID for better advertising and analytics results. To request user consent before collecting data, set the flag value to FALSE, then change to TRUE once user consent is received. Learn more: https://developers.facebook.com/docs/app-events/getting-started-app-events-android#disable-auto-events.
09-01 14:23:51.081 W/WakePathChecker( 1639): MIUILOG-AutoStart, Service/Provider/Broadcast Reject userId= 0 caller= com.xiaomi.hm.health callee= com.facebook.katana classname=com.facebook.platform.common.provider.PlatformProviderBase action=null wakeType=4
09-01 14:23:51.082 E/ActivityThread( 3502): Failed to find provider info for com.facebook.katana.provider.PlatformProvider
09-01 14:23:51.092 I/FeatureParser( 3502): can't find raphael.xml in assets/device_features/,it may be in /system/etc/device_features
09-01 14:23:51.093 D/NetworkSecurityConfig( 3502): Using Network Security Config from resource network_security_config debugBuild: false
09-01 14:23:51.093 E/libc    ( 3502): Access denied finding property "ro.vendor.df.effect.conflict"
09-01 14:23:51.090 W/iaomi.hm.health( 3502): type=1400 audit(0.0:63439): avc: denied { read } for name="u:object_r:vendor_displayfeature_prop:s0" dev="tmpfs" ino=16588 scontext=u:r:untrusted_app:s0:c241,c256,c512,c768 tcontext=u:object_r:vendor_displayfeature_prop:s0 tclass=file permissive=0 app=com.xiaomi.hm.health
09-01 14:23:51.174 D/[Koin]  ( 3502): bind type:'cn.com.smartdevices.bracelet.gps.ui.offcut.O00000o0' ~ [type:Factory,primary_type:'cn.com.smartdevices.bracelet.gps.ui.offcut.O00000o0']
09-01 14:23:51.174 D/[Koin]  ( 3502): bind type:'cn.com.smartdevices.bracelet.gps.ui.offcut.O00000Oo' ~ [type:Factory,primary_type:'cn.com.smartdevices.bracelet.gps.ui.offcut.O00000Oo']
09-01 14:23:51.174 D/[Koin]  ( 3502): bind type:'cn.com.smartdevices.bracelet.gps.ui.offcut.O000000o' ~ [type:Factory,primary_type:'cn.com.smartdevices.bracelet.gps.ui.offcut.O000000o']
09-01 14:23:51.174 D/[Koin]  ( 3502): bind type:'com.huami.fittime.ui.publish.submit.O000OO00' ~ [type:Factory,primary_type:'com.huami.fittime.ui.publish.submit.O000OO00']
09-01 14:23:51.174 D/[Koin]  ( 3502): bind type:'com.huami.fittime.ui.publish.picker.gallery.O0000o0' ~ [type:Factory,primary_type:'com.huami.fittime.ui.publish.picker.gallery.O0000o0']
09-01 14:23:51.174 D/[Koin]  ( 3502): bind type:'com.huami.fittime.ui.publish.submit.O000OOo0' ~ [type:Factory,primary_type:'com.huami.fittime.ui.publish.submit.O000OOo0']
09-01 14:23:51.174 D/[Koin]  ( 3502): bind type:'com.huami.fittime.ui.home.O00000Oo.O0000OOo' ~ [type:Factory,primary_type:'com.huami.fittime.ui.home.O00000Oo.O0000OOo']
09-01 14:23:51.174 D/[Koin]  ( 3502): bind type:'com.huami.fittime.ui.post.O000OO' ~ [type:Factory,primary_type:'com.huami.fittime.ui.post.O000OO']
09-01 14:23:51.174 D/[Koin]  ( 3502): bind type:'com.huami.fittime.ui.home.O00000o.O0000Oo' ~ [type:Factory,primary_type:'com.huami.fittime.ui.home.O00000o.O0000Oo']
09-01 14:23:51.175 D/[Koin]  ( 3502): bind type:'com.huami.fittime.ui.home.O00000o0.O0000Oo0' ~ [type:Factory,primary_type:'com.huami.fittime.ui.home.O00000o0.O0000Oo0']
09-01 14:23:51.175 D/[Koin]  ( 3502): bind type:'com.huami.fittime.ui.profile.O00000Oo.O0000OOo' ~ [type:Factory,primary_type:'com.huami.fittime.ui.profile.O00000Oo.O0000OOo']
09-01 14:23:51.175 D/[Koin]  ( 3502): bind type:'com.huami.fittime.ui.profile.O00000o0.O00000o0' ~ [type:Factory,primary_type:'com.huami.fittime.ui.profile.O00000o0.O00000o0']
09-01 14:23:51.175 D/[Koin]  ( 3502): bind type:'com.huami.fittime.ui.profile.O000000o.O0000OOo' ~ [type:Factory,primary_type:'com.huami.fittime.ui.profile.O000000o.O0000OOo']
09-01 14:23:51.175 D/[Koin]  ( 3502): bind type:'com.huami.fittime.ui.publish.picker.gallery.O0000O0o' ~ [type:Factory,primary_type:'com.huami.fittime.ui.publish.picker.gallery.O0000O0o']
09-01 14:23:51.175 D/[Koin]  ( 3502): bind type:'com.huami.fittime.ui.comment.O000OO00' ~ [type:Factory,primary_type:'com.huami.fittime.ui.comment.O000OO00']
09-01 14:23:51.175 D/[Koin]  ( 3502): bind type:'com.huami.fittime.ui.topic.O000OOOo' ~ [type:Factory,primary_type:'com.huami.fittime.ui.topic.O000OOOo']
09-01 14:23:51.175 D/[Koin]  ( 3502): bind type:'com.huami.fittime.ui.profile.O0000O0o' ~ [type:Factory,primary_type:'com.huami.fittime.ui.profile.O0000O0o']
09-01 14:23:51.175 D/[Koin]  ( 3502): bind type:'com.huami.fittime.ui.post.O0000o0' ~ [type:Factory,primary_type:'com.huami.fittime.ui.post.O0000o0']
09-01 14:23:51.175 D/[Koin]  ( 3502): bind type:'com.huami.fittime.ui.friend.O0000OOo' ~ [type:Factory,primary_type:'com.huami.fittime.ui.friend.O0000OOo']
09-01 14:23:51.175 D/[Koin]  ( 3502): bind type:'com.huami.fittime.ui.publish.picker.O00000Oo' ~ [type:Factory,primary_type:'com.huami.fittime.ui.publish.picker.O00000Oo']
09-01 14:23:51.175 D/[Koin]  ( 3502): bind type:'com.huami.fittime.ui.post.O000000o.O0000OOo' ~ [type:Factory,primary_type:'com.huami.fittime.ui.post.O000000o.O0000OOo']
09-01 14:23:51.175 D/[Koin]  ( 3502): bind type:'com.huami.fittime.ui.widget.hottopic.O00000Oo' ~ [type:Factory,primary_type:'com.huami.fittime.ui.widget.hottopic.O00000Oo']
09-01 14:23:51.175 D/[Koin]  ( 3502): bind type:'com.huami.fittime.ui.home.O00000o0' ~ [type:Factory,primary_type:'com.huami.fittime.ui.home.O00000o0']
09-01 14:23:51.175 D/[Koin]  ( 3502): bind type:'com.huami.fittime.ui.widget.O000000o.O00000o' ~ [type:Factory,primary_type:'com.huami.fittime.ui.widget.O000000o.O00000o']
09-01 14:23:51.175 D/[Koin]  ( 3502): bind type:'com.huami.fittime.ui.diary.O00000o0' ~ [type:Factory,primary_type:'com.huami.fittime.ui.diary.O00000o0']
09-01 14:23:51.175 D/[Koin]  ( 3502): bind type:'com.huami.fittime.ui.search.O00000o' ~ [type:Factory,primary_type:'com.huami.fittime.ui.search.O00000o']
09-01 14:23:51.175 D/[Koin]  ( 3502): bind type:'com.huami.fittime.ui.search.searchpost.O00000Oo' ~ [type:Factory,primary_type:'com.huami.fittime.ui.search.searchpost.O00000Oo']
09-01 14:23:51.175 D/[Koin]  ( 3502): bind type:'com.huami.fittime.ui.search.O000000o.O0000OOo' ~ [type:Factory,primary_type:'com.huami.fittime.ui.search.O000000o.O0000OOo']
09-01 14:23:51.175 D/[Koin]  ( 3502): bind type:'com.huami.fittime.ui.diary.detail.O0000O0o' ~ [type:Factory,primary_type:'com.huami.fittime.ui.diary.detail.O0000O0o']
09-01 14:23:51.175 D/[Koin]  ( 3502): bind type:'com.huami.fittime.ui.O00000Oo.O0000OOo' ~ [type:Factory,primary_type:'com.huami.fittime.ui.O00000Oo.O0000OOo']
09-01 14:23:51.175 D/[Koin]  ( 3502): bind type:'com.huami.fittime.ui.topic.O00000o0' ~ [type:Factory,primary_type:'com.huami.fittime.ui.topic.O00000o0']
09-01 14:23:51.175 D/[Koin]  ( 3502): bind type:'com.huami.fittime.ui.publish.submit.O0000OOo' ~ [type:Factory,primary_type:'com.huami.fittime.ui.publish.submit.O0000OOo']
09-01 14:23:51.176 D/[Koin]  ( 3502): bind type:'com.huami.fittime.ui.publish.submit.O00000o0' ~ [type:Factory,primary_type:'com.huami.fittime.ui.publish.submit.O00000o0']
09-01 14:23:51.176 D/[Koin]  ( 3502): bind type:'com.huami.fittime.ui.comment.O0000Oo' ~ [type:Factory,primary_type:'com.huami.fittime.ui.comment.O0000Oo']
09-01 14:23:51.176 D/[Koin]  ( 3502): bind type:'com.huami.fittime.ui.comment.O0000OOo' ~ [type:Factory,primary_type:'com.huami.fittime.ui.comment.O0000OOo']
09-01 14:23:51.176 D/[Koin]  ( 3502): bind type:'com.huami.fittime.ui.publish.picker.O00000Oo.O0000O0o' ~ [type:Factory,primary_type:'com.huami.fittime.ui.publish.picker.O00000Oo.O0000O0o']
09-01 14:23:51.176 D/[Koin]  ( 3502): bind type:'com.huami.fittime.ui.O00000Oo.O00000o' ~ [type:Factory,primary_type:'com.huami.fittime.ui.O00000Oo.O00000o']
09-01 14:23:51.176 D/[Koin]  ( 3502): bind type:'com.huami.fittime.ui.publish.submit.O000O0o' ~ [type:Factory,primary_type:'com.huami.fittime.ui.publish.submit.O000O0o']
09-01 14:23:51.176 D/[Koin]  ( 3502): bind type:'com.huami.fittime.ui.home.O00000o.O0000Oo0' ~ [type:Factory,primary_type:'com.huami.fittime.ui.home.O00000o.O0000Oo0']
09-01 14:23:51.176 D/[Koin]  ( 3502): bind type:'com.huami.fittime.ui.home.O00000o0.O0000O0o' ~ [type:Factory,primary_type:'com.huami.fittime.ui.home.O00000o0.O0000O0o']
09-01 14:23:51.176 D/[Koin]  ( 3502): bind type:'com.huami.fittime.ui.profile.O00000Oo.O0000O0o' ~ [type:Factory,primary_type:'com.huami.fittime.ui.profile.O00000Oo.O0000O0o']
09-01 14:23:51.176 D/[Koin]  ( 3502): bind type:'com.huami.fittime.ui.profile.O000000o.O0000O0o' ~ [type:Factory,primary_type:'com.huami.fittime.ui.profile.O000000o.O0000O0o']
09-01 14:23:51.176 D/[Koin]  ( 3502): bind type:'com.huami.fittime.ui.profile.O00000o0.O00000Oo' ~ [type:Factory,primary_type:'com.huami.fittime.ui.profile.O00000o0.O00000Oo']
09-01 14:23:51.176 D/[Koin]  ( 3502): bind type:'com.huami.fittime.ui.post.O000OO00' ~ [type:Factory,primary_type:'com.huami.fittime.ui.post.O000OO00']
09-01 14:23:51.176 D/[Koin]  ( 3502): bind type:'com.huami.fittime.ui.comment.O000O0o0' ~ [type:Factory,primary_type:'com.huami.fittime.ui.comment.O000O0o0']
09-01 14:23:51.176 D/[Koin]  ( 3502): bind type:'com.huami.fittime.ui.topic.O000OO00' ~ [type:Factory,primary_type:'com.huami.fittime.ui.topic.O000OO00']
09-01 14:23:51.176 D/[Koin]  ( 3502): bind type:'com.huami.fittime.ui.profile.O0000OOo' ~ [type:Factory,primary_type:'com.huami.fittime.ui.profile.O0000OOo']
09-01 14:23:51.176 D/[Koin]  ( 3502): bind type:'com.huami.fittime.ui.profile.O00000Oo' ~ [type:Factory,primary_type:'com.huami.fittime.ui.profile.O00000Oo']
09-01 14:23:51.176 D/[Koin]  ( 3502): bind type:'com.huami.fittime.ui.O000000o.O00000Oo' ~ [type:Factory,primary_type:'com.huami.fittime.ui.O000000o.O00000Oo']
09-01 14:23:51.176 D/[Koin]  ( 3502): bind type:'com.huami.fittime.ui.friend.O0000O0o' ~ [type:Factory,primary_type:'com.huami.fittime.ui.friend.O0000O0o']
09-01 14:23:51.176 D/[Koin]  ( 3502): bind type:'com.huami.fittime.ui.widget.hottopic.O000000o' ~ [type:Factory,primary_type:'com.huami.fittime.ui.widget.hottopic.O000000o']
09-01 14:23:51.176 D/[Koin]  ( 3502): bind type:'com.huami.fittime.ui.diary.O00000o0.O0000OOo' ~ [type:Factory,primary_type:'com.huami.fittime.ui.diary.O00000o0.O0000OOo']
09-01 14:23:51.176 D/[Koin]  ( 3502): bind type:'com.huami.fittime.ui.O00000Oo.O00000o0' ~ [type:Factory,primary_type:'com.huami.fittime.ui.O00000Oo.O00000o0']
09-01 14:23:51.176 D/[Koin]  ( 3502): bind type:'com.huami.fittime.ui.search.O00000o0' ~ [type:Factory,primary_type:'com.huami.fittime.ui.search.O00000o0']
09-01 14:23:51.176 D/[Koin]  ( 3502): bind type:'com.huami.fittime.ui.search.searchpost.O0000Oo0' ~ [type:Factory,primary_type:'com.huami.fittime.ui.search.searchpost.O0000Oo0']
09-01 14:23:51.176 D/[Koin]  ( 3502): bind type:'com.huami.fittime.ui.diary.detail.O00000o' ~ [type:Factory,primary_type:'com.huami.fittime.ui.diary.detail.O00000o']
09-01 14:23:51.176 D/[Koin]  ( 3502): bind type:'com.huami.fittime.ui.topic.O00000Oo' ~ [type:Factory,primary_type:'com.huami.fittime.ui.topic.O00000Oo']
09-01 14:23:51.177 D/[Koin]  ( 3502): bind type:'com.huami.fittime.ui.publish.submit.O000000o.O0000O0o' ~ [type:Factory,primary_type:'com.huami.fittime.ui.publish.submit.O000000o.O0000O0o']
09-01 14:23:51.177 D/[Koin]  ( 3502): bind type:'com.huami.fittime.ui.publish.submit.O000000o.O000000o' ~ [type:Factory,primary_type:'com.huami.fittime.ui.publish.submit.O000000o.O000000o']
09-01 14:23:51.177 D/[Koin]  ( 3502): bind type:'com.huami.fittime.O00000o.O00000Oo.O000000o' ~ [type:Factory,primary_type:'com.huami.fittime.O00000o.O00000Oo.O000000o']
09-01 14:23:51.177 D/[Koin]  ( 3502): bind type:'com.huami.fittime.ui.base.O00000o0.O000000o' ~ [type:Factory,primary_type:'com.huami.fittime.ui.base.O00000o0.O000000o']
09-01 14:23:51.177 D/[Koin]  ( 3502): bind type:'O00000oO.O0000Ooo.O000000o.O00000o0' ~ [type:Factory,primary_type:'O00000oO.O0000Ooo.O000000o.O00000o0']
09-01 14:23:51.177 D/[Koin]  ( 3502): bind type:'com.huami.training.O0000o0.O000O00o' ~ [type:Factory,primary_type:'com.huami.training.O0000o0.O000O00o']
09-01 14:23:51.177 D/[Koin]  ( 3502): bind type:'com.huami.training.ui.O00000o0.O000O00o' ~ [type:Factory,primary_type:'com.huami.training.ui.O00000o0.O000O00o']
09-01 14:23:51.177 D/[Koin]  ( 3502): bind type:'com.huami.training.ui.O00000o.O00000o0' ~ [type:Factory,primary_type:'com.huami.training.ui.O00000o.O00000o0']
09-01 14:23:51.177 D/[Koin]  ( 3502): bind type:'com.huami.training.ui.joined.O0000Oo0' ~ [type:Factory,primary_type:'com.huami.training.ui.joined.O0000Oo0']
09-01 14:23:51.177 D/[Koin]  ( 3502): bind type:'com.huami.training.ui.O00000oO.O000O0OO' ~ [type:Factory,primary_type:'com.huami.training.ui.O00000oO.O000O0OO']
09-01 14:23:51.177 D/[Koin]  ( 3502): bind type:'com.huami.training.ui.search.O0000OOo' ~ [type:Factory,primary_type:'com.huami.training.ui.search.O0000OOo']
09-01 14:23:51.177 D/[Koin]  ( 3502): bind type:'com.huami.training.ui.course.O0000o0' ~ [type:Factory,primary_type:'com.huami.training.ui.course.O0000o0']
09-01 14:23:51.177 D/[Koin]  ( 3502): bind type:'com.huami.training.ui.O0000O0o.O00000o0' ~ [type:Factory,primary_type:'com.huami.training.ui.O0000O0o.O00000o0']
09-01 14:23:51.177 D/[Koin]  ( 3502): bind type:'com.huami.training.ui.toplist.O00000o0' ~ [type:Factory,primary_type:'com.huami.training.ui.toplist.O00000o0']
09-01 14:23:51.177 D/[Koin]  ( 3502): bind type:'com.huami.training.ui.detail.O00000o' ~ [type:Factory,primary_type:'com.huami.training.ui.detail.O00000o']
09-01 14:23:51.177 D/[Koin]  ( 3502): bind type:'com.huami.training.ui.detail.O0000o' ~ [type:Factory,primary_type:'com.huami.training.ui.detail.O0000o']
09-01 14:23:51.177 D/[Koin]  ( 3502): bind type:'com.huami.training.ui.courseplay.O0000O0o' ~ [type:Factory,primary_type:'com.huami.training.ui.courseplay.O0000O0o']
09-01 14:23:51.177 D/[Koin]  ( 3502): bind type:'com.huami.training.ui.O00000Oo.O00000Oo' ~ [type:Factory,primary_type:'com.huami.training.ui.O00000Oo.O00000Oo']
09-01 14:23:51.177 D/[Koin]  ( 3502): bind type:'com.huami.training.ui.detail.O0000o00' ~ [type:Factory,primary_type:'com.huami.training.ui.detail.O0000o00']
09-01 14:23:51.177 D/[Koin]  ( 3502): bind type:'com.huami.training.ui.course.O000000o' ~ [type:Factory,primary_type:'com.huami.training.ui.course.O000000o']
09-01 14:23:51.177 D/[Koin]  ( 3502): bind type:'com.huami.training.ui.history.O00000o' ~ [type:Factory,primary_type:'com.huami.training.ui.history.O00000o']
09-01 14:23:51.177 D/[Koin]  ( 3502): bind type:'com.huami.training.ui.fav.O0000O0o' ~ [type:Factory,primary_type:'com.huami.training.ui.fav.O0000O0o']
09-01 14:23:51.177 D/[Koin]  ( 3502): bind type:'com.huami.training.O0000O0o.O000000o.O000000o' ~ [type:Factory,primary_type:'com.huami.training.O0000O0o.O000000o.O000000o']
09-01 14:23:51.177 D/[Koin]  ( 3502): bind type:'com.huami.training.O0000O0o.O000000o.O00000o0' ~ [type:Factory,primary_type:'com.huami.training.O0000O0o.O000000o.O00000o0']
09-01 14:23:51.177 D/[Koin]  ( 3502): bind type:'com.huami.training.O0000o0.O0000Oo' ~ [type:Factory,primary_type:'com.huami.training.O0000o0.O0000Oo']
09-01 14:23:51.178 D/[Koin]  ( 3502): bind type:'com.huami.training.O0000o0.O000000o' ~ [type:Factory,primary_type:'com.huami.training.O0000o0.O000000o']
09-01 14:23:51.178 D/[Koin]  ( 3502): bind type:'com.huami.training.O0000o0.O000OOOo' ~ [type:Factory,primary_type:'com.huami.training.O0000o0.O000OOOo']
09-01 14:23:51.178 D/[Koin]  ( 3502): bind type:'com.huami.training.O0000o0.O0000o' ~ [type:Factory,primary_type:'com.huami.training.O0000o0.O0000o']
09-01 14:23:51.178 D/[Koin]  ( 3502): bind type:'com.huami.training.O0000o0.O000O0o' ~ [type:Factory,primary_type:'com.huami.training.O0000o0.O000O0o']
09-01 14:23:51.178 D/[Koin]  ( 3502): bind type:'com.huami.training.O0000o0.O000o000' ~ [type:Factory,primary_type:'com.huami.training.O0000o0.O000o000']
09-01 14:23:51.178 D/[Koin]  ( 3502): bind type:'com.huami.training.O0000o0.O000OOo' ~ [type:Factory,primary_type:'com.huami.training.O0000o0.O000OOo']
09-01 14:23:51.178 D/[Koin]  ( 3502): bind type:'com.huami.training.O0000o0.O000OOo0' ~ [type:Factory,primary_type:'com.huami.training.O0000o0.O000OOo0']
09-01 14:23:51.178 D/[Koin]  ( 3502): bind type:'com.huami.training.O0000o0.O000o00' ~ [type:Factory,primary_type:'com.huami.training.O0000o0.O000o00']
09-01 14:23:51.178 D/[Koin]  ( 3502): bind type:'com.huami.training.O0000o0.O000OO0o' ~ [type:Factory,primary_type:'com.huami.training.O0000o0.O000OO0o']
09-01 14:23:51.178 D/[Koin]  ( 3502): bind type:'com.huami.training.O0000o0.O000000o.O000000o' ~ [type:Factory,primary_type:'com.huami.training.O0000o0.O000000o.O000000o']
09-01 14:23:51.178 D/[Koin]  ( 3502): bind type:'com.huami.training.O0000o0.O0000O0o' ~ [type:Factory,primary_type:'com.huami.training.O0000o0.O0000O0o']
09-01 14:23:51.178 D/[Koin]  ( 3502): bind type:'com.huami.training.O0000o0.O00000Oo' ~ [type:Factory,primary_type:'com.huami.training.O0000o0.O00000Oo']
09-01 14:23:51.178 D/[Koin]  ( 3502): bind type:'com.huami.training.O0000o0.O00000o' ~ [type:Factory,primary_type:'com.huami.training.O0000o0.O00000o']
09-01 14:23:51.178 D/[Koin]  ( 3502): bind type:'com.huami.training.O0000o0.O000Oo0' ~ [type:Factory,primary_type:'com.huami.training.O0000o0.O000Oo0']
09-01 14:23:51.178 D/[Koin]  ( 3502): bind type:'com.huami.training.O0000o0.O00000o0' ~ [type:Factory,primary_type:'com.huami.training.O0000o0.O00000o0']
09-01 14:23:51.178 D/[Koin]  ( 3502): bind type:'com.huami.training.O0000o0.O0000o00' ~ [type:Factory,primary_type:'com.huami.training.O0000o0.O0000o00']
09-01 14:23:51.178 D/[Koin]  ( 3502): bind type:'com.huami.training.ui.course.O0000O0o' ~ [type:Factory,primary_type:'com.huami.training.ui.course.O0000O0o']
09-01 14:23:51.178 D/[Koin]  ( 3502): bind type:'com.huami.training.ui.joined.O00000Oo' ~ [type:Factory,primary_type:'com.huami.training.ui.joined.O00000Oo']
09-01 14:23:51.178 D/[Koin]  ( 3502): bind type:'com.huami.training.ui.search.O0000O0o' ~ [type:Factory,primary_type:'com.huami.training.ui.search.O0000O0o']
09-01 14:23:51.178 D/[Koin]  ( 3502): bind type:'com.huami.training.ui.O00000oO.O000O00o' ~ [type:Factory,primary_type:'com.huami.training.ui.O00000oO.O000O00o']
09-01 14:23:51.178 D/[Koin]  ( 3502): bind type:'com.huami.training.ui.O000000o.O000000o' ~ [type:Factory,primary_type:'com.huami.training.ui.O000000o.O000000o']
09-01 14:23:51.178 D/[Koin]  ( 3502): bind type:'com.huami.training.ui.toplist.O00000Oo' ~ [type:Factory,primary_type:'com.huami.training.ui.toplist.O00000Oo']
09-01 14:23:51.178 D/[Koin]  ( 3502): bind type:'com.huami.training.O00000Oo.O000000o' ~ [type:Factory,primary_type:'com.huami.training.O00000Oo.O000000o']
09-01 14:23:51.178 D/[Koin]  ( 3502): bind type:'com.xiaomi.hm.health.training.O00000oO.O00000o0' ~ [type:Factory,primary_type:'com.xiaomi.hm.health.training.O00000oO.O00000o0']
09-01 14:23:51.178 D/[Koin]  ( 3502): bind type:'com.huami.training.O00000o.O000000o.O00000o' ~ [type:Factory,primary_type:'com.huami.training.O00000o.O000000o.O00000o']
09-01 14:23:51.179 D/[Koin]  ( 3502): bind qualifier:'TrainingWebFragmentCreator' ~ [type:Factory,name:'TrainingWebFragmentCreator', primary_type:'O00000oO.O0000Ooo.O000000o.O00000o0']
09-01 14:23:51.179 D/[Koin]  ( 3502): bind qualifier:'TrainingDeviceIcon' ~ [type:Factory,name:'TrainingDeviceIcon', primary_type:'O00000oO.O0000Ooo.O000000o.O00000o0']
09-01 14:23:51.179 D/[Koin]  ( 3502): bind type:'com.huami.training.O0000o0.O00oOooO' ~ [type:Factory,primary_type:'com.huami.training.O0000o0.O00oOooO']
09-01 14:23:51.179 D/[Koin]  ( 3502): bind type:'com.huami.training.O0000O0o.O00000o0.O000000o' ~ [type:Factory,primary_type:'com.huami.training.O0000O0o.O00000o0.O000000o']
09-01 14:23:51.179 D/[Koin]  ( 3502): bind type:'com.huami.wallet.ui.O0000Oo.O00000Oo' ~ [type:Single,primary_type:'com.huami.wallet.ui.O0000Oo.O00000Oo']
09-01 14:23:51.179 D/[Koin]  ( 3502): bind qualifier:'WALLET_CONFIG_APPNAME' ~ [type:Factory,name:'WALLET_CONFIG_APPNAME', primary_type:'java.lang.String']
09-01 14:23:51.179 D/[Koin]  ( 3502): bind type:'com.huami.wallet.lib.O000000o.O00000o0' ~ [type:Factory,primary_type:'com.huami.wallet.lib.O000000o.O00000o0']
