09-01 14:23:51.179 D/[Koin]  ( 3502): bind type:'com.xiaomi.hm.health.nfc.O000000o.O000000o' ~ [type:Factory,primary_type:'com.xiaomi.hm.health.nfc.O000000o.O000000o']
09-01 14:23:51.179 D/[Koin]  ( 3502): bind type:'com.huami.wallet.O000000o.O00000Oo.O000000o' ~ [type:Single,primary_type:'com.huami.wallet.O000000o.O00000Oo.O000000o']
09-01 14:23:51.179 D/[Koin]  ( 3502): bind type:'com.huami.nfc.O000000o.O000000o.O000000o' ~ [type:Single,primary_type:'com.huami.nfc.O000000o.O000000o.O000000o']
09-01 14:23:51.179 D/[Koin]  ( 3502): bind type:'com.huami.nfc.O000000o.O000000o.O00000Oo' ~ [type:Single,primary_type:'com.huami.nfc.O000000o.O000000o.O00000Oo']
09-01 14:23:51.179 D/[Koin]  ( 3502): bind type:'com.huami.nfc.O000000o.O00000o0.O00000o0' ~ [type:Single,primary_type:'com.huami.nfc.O000000o.O00000o0.O00000o0']
09-01 14:23:51.179 D/[Koin]  ( 3502): bind type:'com.huami.nfc.O00000Oo.O0000o00' ~ [type:Factory,primary_type:'com.huami.nfc.O00000Oo.O0000o00']
09-01 14:23:51.179 D/[Koin]  ( 3502): bind type:'com.huami.nfc.door.O00000o0' ~ [type:Factory,primary_type:'com.huami.nfc.door.O00000o0']
09-01 14:23:51.179 D/[Koin]  ( 3502): bind type:'com.huami.nfc.O00000Oo.O0000o0' ~ [type:Single,primary_type:'com.huami.nfc.O00000Oo.O0000o0']
09-01 14:23:51.179 D/[Koin]  ( 3502): bind type:'com.huami.nfc.door.service.AccessDoorServer' ~ [type:Single,primary_type:'com.huami.nfc.door.service.AccessDoorServer']
09-01 14:23:51.179 D/[Koin]  ( 3502): bind type:'com.huami.nfc.door.O000000o.O00000o0' ~ [type:Single,primary_type:'com.huami.nfc.door.O000000o.O00000o0']
09-01 14:23:51.179 D/[Koin]  ( 3502): bind type:'com.huami.nfc.door.O000000o.O00000o' ~ [type:Single,primary_type:'com.huami.nfc.door.O000000o.O00000o']
09-01 14:23:51.179 D/[Koin]  ( 3502): bind type:'com.huami.nfc.web.O0000o' ~ [type:Single,primary_type:'com.huami.nfc.web.O0000o']
09-01 14:23:51.179 D/[Koin]  ( 3502): bind type:'O0000Oo0.O000O0OO' ~ [type:Single,primary_type:'O0000Oo0.O000O0OO']
09-01 14:23:51.179 D/[Koin]  ( 3502): bind type:'com.huami.nfc.web.server.ProtocolServer' ~ [type:Single,primary_type:'com.huami.nfc.web.server.ProtocolServer']
09-01 14:23:51.179 D/[Koin]  ( 3502): bind type:'com.huami.nfc.web.server.InitRequestServer' ~ [type:Single,primary_type:'com.huami.nfc.web.server.InitRequestServer']
09-01 14:23:51.179 D/[Koin]  ( 3502): bind type:'com.huami.nfc.web.O000O0o0' ~ [type:Single,primary_type:'com.huami.nfc.web.O000O0o0']
09-01 14:23:51.180 D/[Koin]  ( 3502): bind type:'com.huami.nfc.web.O000O00o' ~ [type:Single,primary_type:'com.huami.nfc.web.O000O00o']
09-01 14:23:51.180 D/[Koin]  ( 3502): bind type:'com.huami.nfc.web.http.O00000o0' ~ [type:Single,primary_type:'com.huami.nfc.web.http.O00000o0']
09-01 14:23:51.180 D/[Koin]  ( 3502): bind type:'com.huami.nfc.bus.service.HuamiService' ~ [type:Single,primary_type:'com.huami.nfc.bus.service.HuamiService']
09-01 14:23:51.180 D/[Koin]  ( 3502): bind type:'com.huami.nfc.bus.service.SnowballService' ~ [type:Single,primary_type:'com.huami.nfc.bus.service.SnowballService']
09-01 14:23:51.180 D/[Koin]  ( 3502): bind type:'com.huami.nfc.bus.service.XiaomiService' ~ [type:Single,primary_type:'com.huami.nfc.bus.service.XiaomiService']
09-01 14:23:51.180 D/[Koin]  ( 3502): bind type:'com.huami.nfc.bus.O000000o.O000000o' ~ [type:Single,primary_type:'com.huami.nfc.bus.O000000o.O000000o']
09-01 14:23:51.180 D/[Koin]  ( 3502): bind type:'com.huami.nfc.bus.O000000o.O0000O0o' ~ [type:Single,primary_type:'com.huami.nfc.bus.O000000o.O0000O0o']
09-01 14:23:51.180 D/[Koin]  ( 3502): bind type:'com.huami.nfc.bus.O000000o.O00000o0' ~ [type:Single,primary_type:'com.huami.nfc.bus.O000000o.O00000o0']
09-01 14:23:51.180 D/[Koin]  ( 3502): bind type:'com.huami.nfc.ble.O0000O0o' ~ [type:Single,primary_type:'com.huami.nfc.ble.O0000O0o']
09-01 14:23:51.180 D/[Koin]  ( 3502): bind type:'com.huami.nfc.ble.O00000o' ~ [type:Single,primary_type:'com.huami.nfc.ble.O00000o']
09-01 14:23:51.180 D/[Koin]  ( 3502): bind type:'com.huami.nfc.web.O00oOooO' ~ [type:Single,primary_type:'com.huami.nfc.web.O00oOooO']
09-01 14:23:51.180 D/[Koin]  ( 3502): bind type:'com.huami.nfc.O00000o0.O00000Oo' ~ [type:Single,primary_type:'com.huami.nfc.O00000o0.O00000Oo']
09-01 14:23:51.180 D/[Koin]  ( 3502): bind type:'com.huami.nfc.web.O000OO0o' ~ [type:Single,primary_type:'com.huami.nfc.web.O000OO0o']
09-01 14:23:51.180 D/[Koin]  ( 3502): bind type:'com.huami.nfc.web.O000o000' ~ [type:Single,primary_type:'com.huami.nfc.web.O000o000']
09-01 14:23:51.180 D/[Koin]  ( 3502): bind type:'com.huami.wallet.O000000o.O00000Oo.O00000o' ~ [type:Single,primary_type:'com.huami.wallet.O000000o.O00000Oo.O00000o']
09-01 14:23:51.180 D/[Koin]  ( 3502): bind type:'com.unionpay.tsmservice.blesdk.O000000o' ~ [type:Single,primary_type:'com.unionpay.tsmservice.blesdk.O000000o']
09-01 14:23:51.180 D/[Koin]  ( 3502): bind type:'com.huami.wallet.O000000o.O000000o.O000000o' ~ [type:Single,primary_type:'com.huami.wallet.O000000o.O000000o.O000000o']
09-01 14:23:51.180 D/[Koin]  ( 3502): bind type:'com.huami.nfc.O00000o.O000000o.O00000Oo' ~ [type:Single,primary_type:'com.huami.nfc.O00000o.O000000o.O00000Oo']
09-01 14:23:51.180 D/[Koin]  ( 3502): bind type:'com.huami.wallet.ui.O0000o0.O00000o0' ~ [type:Factory,primary_type:'com.huami.wallet.ui.O0000o0.O00000o0']
09-01 14:23:51.180 D/[Koin]  ( 3502): bind type:'com.huami.wallet.ui.O0000o0.O00000o' ~ [type:Factory,primary_type:'com.huami.wallet.ui.O0000o0.O00000o']
09-01 14:23:51.180 D/[Koin]  ( 3502): bind type:'com.huami.wallet.ui.O0000o0.O0000O0o' ~ [type:Factory,primary_type:'com.huami.wallet.ui.O0000o0.O0000O0o']
09-01 14:23:51.180 D/[Koin]  ( 3502): bind type:'com.huami.wallet.ui.O0000o0.O0000OOo' ~ [type:Factory,primary_type:'com.huami.wallet.ui.O0000o0.O0000OOo']
09-01 14:23:51.180 D/[Koin]  ( 3502): bind type:'com.huami.wallet.ui.O0000o0.O0000Oo0' ~ [type:Factory,primary_type:'com.huami.wallet.ui.O0000o0.O0000Oo0']
09-01 14:23:51.180 D/[Koin]  ( 3502): bind type:'com.huami.wallet.ui.O0000o0.O0000Oo' ~ [type:Factory,primary_type:'com.huami.wallet.ui.O0000o0.O0000Oo']
09-01 14:23:51.180 D/[Koin]  ( 3502): bind type:'com.huami.wallet.ui.O0000o0.O0000o00' ~ [type:Factory,primary_type:'com.huami.wallet.ui.O0000o0.O0000o00']
09-01 14:23:51.180 D/[Koin]  ( 3502): bind type:'com.huami.wallet.ui.O0000o0.O0000o' ~ [type:Factory,primary_type:'com.huami.wallet.ui.O0000o0.O0000o']
09-01 14:23:51.181 D/[Koin]  ( 3502): bind type:'com.huami.wallet.ui.O0000o0.O00oOooO' ~ [type:Factory,primary_type:'com.huami.wallet.ui.O0000o0.O00oOooO']
09-01 14:23:51.181 D/[Koin]  ( 3502): bind type:'com.huami.wallet.ui.O0000o0.O000O00o' ~ [type:Factory,primary_type:'com.huami.wallet.ui.O0000o0.O000O00o']
09-01 14:23:51.181 D/[Koin]  ( 3502): bind type:'com.huami.wallet.ui.O0000o0.O000O0OO' ~ [type:Factory,primary_type:'com.huami.wallet.ui.O0000o0.O000O0OO']
09-01 14:23:51.181 D/[Koin]  ( 3502): bind type:'com.huami.wallet.ui.O0000o0.O000O0o' ~ [type:Factory,primary_type:'com.huami.wallet.ui.O0000o0.O000O0o']
09-01 14:23:51.181 D/[Koin]  ( 3502): bind type:'com.huami.wallet.ui.O0000o0.O000OOOo' ~ [type:Factory,primary_type:'com.huami.wallet.ui.O0000o0.O000OOOo']
09-01 14:23:51.181 D/[Koin]  ( 3502): bind type:'com.huami.wallet.ui.O0000o0.O000OO0o' ~ [type:Factory,primary_type:'com.huami.wallet.ui.O0000o0.O000OO0o']
09-01 14:23:51.181 D/[Koin]  ( 3502): bind type:'com.huami.wallet.ui.O0000o0.O000OO' ~ [type:Factory,primary_type:'com.huami.wallet.ui.O0000o0.O000OO']
09-01 14:23:51.181 D/[Koin]  ( 3502): bind type:'com.huami.wallet.ui.O0000o0.O000O0o0' ~ [type:Factory,primary_type:'com.huami.wallet.ui.O0000o0.O000O0o0']
09-01 14:23:51.181 D/[Koin]  ( 3502): bind type:'com.huami.wallet.ui.O0000o0.O000OO00' ~ [type:Factory,primary_type:'com.huami.wallet.ui.O0000o0.O000OO00']
09-01 14:23:51.181 D/[Koin]  ( 3502): bind type:'com.huami.wallet.ui.O0000o0.O0000o0' ~ [type:Factory,primary_type:'com.huami.wallet.ui.O0000o0.O0000o0']
09-01 14:23:51.181 D/[Koin]  ( 3502): bind type:'com.huami.wallet.ui.O0000Oo0.O000000o' ~ [type:Single,primary_type:'com.huami.wallet.ui.O0000Oo0.O000000o']
09-01 14:23:51.181 D/[Koin]  ( 3502): bind type:'com.huami.wallet.ui.O00000Oo.O00000o0' ~ [type:Single,primary_type:'com.huami.wallet.ui.O00000Oo.O00000o0']
09-01 14:23:51.181 D/[Koin]  ( 3502): bind type:'com.huami.wallet.ui.O0000OoO.O0000o00' ~ [type:Single,primary_type:'com.huami.wallet.ui.O0000OoO.O0000o00']
09-01 14:23:51.181 D/[Koin]  ( 3502): bind type:'com.huami.wallet.ui.O0000OoO.O0000o0' ~ [type:Single,primary_type:'com.huami.wallet.ui.O0000OoO.O0000o0']
09-01 14:23:51.181 D/[Koin]  ( 3502): bind type:'com.huami.wallet.ui.O0000OoO.O000O00o' ~ [type:Single,primary_type:'com.huami.wallet.ui.O0000OoO.O000O00o']
09-01 14:23:51.181 D/[Koin]  ( 3502): bind type:'com.huami.wallet.ui.O0000OoO.O00oOooO' ~ [type:Single,primary_type:'com.huami.wallet.ui.O0000OoO.O00oOooO']
09-01 14:23:51.181 D/[Koin]  ( 3502): bind type:'com.huami.wallet.ui.O0000OoO.O0000o' ~ [type:Single,primary_type:'com.huami.wallet.ui.O0000OoO.O0000o']
09-01 14:23:51.181 D/[Koin]  ( 3502): bind type:'com.huami.wallet.accessdoor.O00000Oo.O0000O0o' ~ [type:Single,primary_type:'com.huami.wallet.accessdoor.O00000Oo.O0000O0o']
09-01 14:23:51.181 D/[Koin]  ( 3502): bind qualifier:'DOOR_CONFIG_APP_NAME' ~ [type:Factory,name:'DOOR_CONFIG_APP_NAME', primary_type:'java.lang.String']
09-01 14:23:51.181 D/[Koin]  ( 3502): bind type:'com.huami.wallet.accessdoor.O00000Oo.O00000o0.O000000o' ~ [type:Single,primary_type:'com.huami.wallet.accessdoor.O00000Oo.O00000o0.O000000o']
09-01 14:23:51.181 D/[Koin]  ( 3502): bind type:'com.huami.wallet.accessdoor.O0000Oo0.O0000OOo' ~ [type:Factory,primary_type:'com.huami.wallet.accessdoor.O0000Oo0.O0000OOo']
09-01 14:23:51.181 D/[Koin]  ( 3502): bind type:'com.huami.wallet.accessdoor.O0000Oo0.O000000o' ~ [type:Factory,primary_type:'com.huami.wallet.accessdoor.O0000Oo0.O000000o']
09-01 14:23:51.181 D/[Koin]  ( 3502): bind type:'com.huami.wallet.accessdoor.O0000Oo0.O00000Oo' ~ [type:Factory,primary_type:'com.huami.wallet.accessdoor.O0000Oo0.O00000Oo']
09-01 14:23:51.181 D/[Koin]  ( 3502): bind type:'com.huami.wallet.accessdoor.O0000Oo0.O0000O0o' ~ [type:Factory,primary_type:'com.huami.wallet.accessdoor.O0000Oo0.O0000O0o']
09-01 14:23:51.181 D/[Koin]  ( 3502): bind type:'com.huami.wallet.accessdoor.O0000Oo0.O0000Oo0' ~ [type:Factory,primary_type:'com.huami.wallet.accessdoor.O0000Oo0.O0000Oo0']
09-01 14:23:51.181 D/[Koin]  ( 3502): bind type:'com.huami.wallet.accessdoor.O0000Oo0.O0000Oo' ~ [type:Factory,primary_type:'com.huami.wallet.accessdoor.O0000Oo0.O0000Oo']
09-01 14:23:51.181 D/[Koin]  ( 3502): bind type:'com.huami.wallet.accessdoor.O0000Oo0.O0000o00' ~ [type:Factory,primary_type:'com.huami.wallet.accessdoor.O0000Oo0.O0000o00']
09-01 14:23:51.181 D/[Koin]  ( 3502): bind type:'com.huami.wallet.accessdoor.O0000Oo0.O00oOooO' ~ [type:Factory,primary_type:'com.huami.wallet.accessdoor.O0000Oo0.O00oOooO']
09-01 14:23:51.181 D/[Koin]  ( 3502): bind type:'com.huami.wallet.accessdoor.O0000Oo0.O000O00o' ~ [type:Factory,primary_type:'com.huami.wallet.accessdoor.O0000Oo0.O000O00o']
09-01 14:23:51.181 D/[Koin]  ( 3502): bind type:'com.huami.wallet.accessdoor.O0000Oo0.O000O0o' ~ [type:Factory,primary_type:'com.huami.wallet.accessdoor.O0000Oo0.O000O0o']
09-01 14:23:51.182 D/[Koin]  ( 3502): bind type:'com.huami.wallet.accessdoor.O0000Oo0.O000O0OO' ~ [type:Factory,primary_type:'com.huami.wallet.accessdoor.O0000Oo0.O000O0OO']
09-01 14:23:51.182 D/[Koin]  ( 3502): bind type:'com.huami.wallet.accessdoor.O0000Oo0.O0000o0' ~ [type:Factory,primary_type:'com.huami.wallet.accessdoor.O0000Oo0.O0000o0']
09-01 14:23:51.182 D/[Koin]  ( 3502): bind type:'com.huami.wallet.accessdoor.O0000Oo0.O000O0o0' ~ [type:Factory,primary_type:'com.huami.wallet.accessdoor.O0000Oo0.O000O0o0']
09-01 14:23:51.182 D/[Koin]  ( 3502): bind type:'com.huami.wallet.accessdoor.O0000Oo0.O000OO00' ~ [type:Factory,primary_type:'com.huami.wallet.accessdoor.O0000Oo0.O000OO00']
09-01 14:23:51.182 D/[Koin]  ( 3502): bind type:'com.huami.message.ui.O00000Oo.O00000o' ~ [type:Factory,primary_type:'com.huami.message.ui.O00000Oo.O00000o']
09-01 14:23:51.182 D/[Koin]  ( 3502): bind type:'com.huami.message.O0000OoO.O0000Oo' ~ [type:Factory,primary_type:'com.huami.message.O0000OoO.O0000Oo']
09-01 14:23:51.182 D/[Koin]  ( 3502): bind type:'com.huami.message.ui.submessage.O0000OOo' ~ [type:Factory,primary_type:'com.huami.message.ui.submessage.O0000OOo']
09-01 14:23:51.182 D/[Koin]  ( 3502): bind type:'com.huami.message.ui.O00000o0.O0000OOo' ~ [type:Factory,primary_type:'com.huami.message.ui.O00000o0.O0000OOo']
09-01 14:23:51.182 D/[Koin]  ( 3502): bind type:'com.huami.message.O0000OOo.O0000O0o' ~ [type:Factory,primary_type:'com.huami.message.O0000OOo.O0000O0o']
09-01 14:23:51.182 D/[Koin]  ( 3502): bind type:'com.huami.message.O0000OOo.O0000OOo' ~ [type:Factory,primary_type:'com.huami.message.O0000OOo.O0000OOo']
09-01 14:23:51.182 D/[Koin]  ( 3502): bind type:'com.huami.message.O0000OOo.O000000o' ~ [type:Factory,primary_type:'com.huami.message.O0000OOo.O000000o']
09-01 14:23:51.182 D/[Koin]  ( 3502): bind type:'com.huami.sleepassistant.lib.O0000OOo.O0000O0o' ~ [type:Factory,primary_type:'com.huami.sleepassistant.lib.O0000OOo.O0000O0o']
09-01 14:23:51.182 D/[Koin]  ( 3502): bind type:'com.huami.sleepassistant.lib.O0000OOo.O00000Oo' ~ [type:Factory,primary_type:'com.huami.sleepassistant.lib.O0000OOo.O00000Oo']
09-01 14:23:51.182 D/[Koin]  ( 3502): bind type:'com.huami.sleepassistant.lib.O0000OOo.O0000OOo' ~ [type:Factory,primary_type:'com.huami.sleepassistant.lib.O0000OOo.O0000OOo']
09-01 14:23:51.182 D/[Koin]  ( 3502): bind type:'com.huami.sleepassistant.lib.O0000OOo.O00000o' ~ [type:Factory,primary_type:'com.huami.sleepassistant.lib.O0000OOo.O00000o']
09-01 14:23:51.182 D/[Koin]  ( 3502): bind type:'com.huami.sleepassistant.lib.O0000OOo.O000000o' ~ [type:Factory,primary_type:'com.huami.sleepassistant.lib.O0000OOo.O000000o']
09-01 14:23:51.182 D/[Koin]  ( 3502): bind type:'com.huami.sleepassistant.lib.ui.temperament.O00000o.O00000Oo' ~ [type:Factory,primary_type:'com.huami.sleepassistant.lib.ui.temperament.O00000o.O00000Oo']
09-01 14:23:51.182 D/[Koin]  ( 3502): bind type:'com.huami.sleepassistant.lib.ui.temperament.O00000Oo.O0000Oo' ~ [type:Factory,primary_type:'com.huami.sleepassistant.lib.ui.temperament.O00000Oo.O0000Oo']
09-01 14:23:51.182 D/[Koin]  ( 3502): bind type:'com.huami.sleepassistant.lib.ui.temperament.media.O000000o' ~ [type:Factory,primary_type:'com.huami.sleepassistant.lib.ui.temperament.media.O000000o']
09-01 14:23:51.182 D/[Koin]  ( 3502): bind type:'com.huami.sleepassistant.lib.ui.temperament.sort.O0000O0o' ~ [type:Factory,primary_type:'com.huami.sleepassistant.lib.ui.temperament.sort.O0000O0o']
09-01 14:23:51.182 D/[Koin]  ( 3502): bind type:'com.huami.sleepassistant.lib.ui.breathe.begins.O000000o' ~ [type:Factory,primary_type:'com.huami.sleepassistant.lib.ui.breathe.begins.O000000o']
09-01 14:23:51.182 D/[Koin]  ( 3502): bind type:'com.xiaomi.hm.health.healthdata.viewmodel.NapSleepDayViewModel' ~ [type:Factory,primary_type:'com.xiaomi.hm.health.healthdata.viewmodel.NapSleepDayViewModel']
09-01 14:23:51.182 D/[Koin]  ( 3502): bind type:'com.xiaomi.hm.health.healthdata.viewmodel.NapSleepWeekViewModel' ~ [type:Factory,primary_type:'com.xiaomi.hm.health.healthdata.viewmodel.NapSleepWeekViewModel']
09-01 14:23:51.182 D/[Koin]  ( 3502): bind type:'com.xiaomi.hm.health.healthdata.viewmodel.NapSleepMonthViewModel' ~ [type:Factory,primary_type:'com.xiaomi.hm.health.healthdata.viewmodel.NapSleepMonthViewModel']
09-01 14:23:51.182 D/[Koin]  ( 3502): bind type:'com.xiaomi.hm.health.healthdata.viewmodel.NapSleepYearViewModel' ~ [type:Factory,primary_type:'com.xiaomi.hm.health.healthdata.viewmodel.NapSleepYearViewModel']
09-01 14:23:51.182 D/[Koin]  ( 3502): bind type:'com.xiaomi.hm.health.healthdata.viewmodel.StatisticsMonthAndWeekViewModel' ~ [type:Factory,primary_type:'com.xiaomi.hm.health.healthdata.viewmodel.StatisticsMonthAndWeekViewModel']
09-01 14:23:51.182 D/[Koin]  ( 3502): bind type:'com.huami.stress.domain.O00000oO.O00000o0' ~ [type:Factory,primary_type:'com.huami.stress.domain.O00000oO.O00000o0']
09-01 14:23:51.182 D/[Koin]  ( 3502): bind type:'com.huami.stress.domain.O00000oO.O00000o' ~ [type:Factory,primary_type:'com.huami.stress.domain.O00000oO.O00000o']
09-01 14:23:51.183 D/[Koin]  ( 3502): bind type:'com.huami.stress.domain.O00000oO.O0000Oo' ~ [type:Factory,primary_type:'com.huami.stress.domain.O00000oO.O0000Oo']
09-01 14:23:51.183 D/[Koin]  ( 3502): bind type:'com.huami.stress.domain.O00000oO.O0000o00' ~ [type:Factory,primary_type:'com.huami.stress.domain.O00000oO.O0000o00']
09-01 14:23:51.183 D/[Koin]  ( 3502): bind type:'com.huami.stress.domain.O00000oO.O0000o0' ~ [type:Factory,primary_type:'com.huami.stress.domain.O00000oO.O0000o0']
09-01 14:23:51.183 D/[Koin]  ( 3502): bind type:'com.huami.stress.domain.O00000oO.O000O00o' ~ [type:Factory,primary_type:'com.huami.stress.domain.O00000oO.O000O00o']
09-01 14:23:51.183 D/[Koin]  ( 3502): bind type:'com.huami.stress.domain.O00000oO.O000O0OO' ~ [type:Factory,primary_type:'com.huami.stress.domain.O00000oO.O000O0OO']
09-01 14:23:51.183 D/[Koin]  ( 3502): bind type:'com.huami.stress.domain.O00000oO.O0000Oo0' ~ [type:Factory,primary_type:'com.huami.stress.domain.O00000oO.O0000Oo0']
09-01 14:23:51.183 D/[Koin]  ( 3502): bind type:'com.huami.stress.domain.O00000oO.O0000O0o' ~ [type:Factory,primary_type:'com.huami.stress.domain.O00000oO.O0000O0o']
09-01 14:23:51.183 D/[Koin]  ( 3502): bind type:'com.huami.stress.domain.O00000oO.O000000o.O000000o' ~ [type:Factory,primary_type:'com.huami.stress.domain.O00000oO.O000000o.O000000o']
09-01 14:23:51.183 D/[Koin]  ( 3502): bind type:'com.huami.stress.mifit.ui.O00000o' ~ [type:Factory,primary_type:'com.huami.stress.mifit.ui.O00000o']
09-01 14:23:51.183 D/[Koin]  ( 3502): bind type:'com.huami.stress.mifit.ui.O00000Oo' ~ [type:Factory,primary_type:'com.huami.stress.mifit.ui.O00000Oo']
09-01 14:23:51.183 D/[Koin]  ( 3502): bind type:'com.huami.stress.mifit.O000000o.O000000o' ~ [type:Factory,primary_type:'com.huami.stress.mifit.O000000o.O000000o']
09-01 14:23:51.183 D/[Koin]  ( 3502): bind type:'com.huami.stress.domain.O00000o.O000000o' ~ [type:Factory,primary_type:'com.huami.stress.domain.O00000o.O000000o']
09-01 14:23:51.183 D/[Koin]  ( 3502): bind type:'com.huami.stress.domain.data.O00000Oo.O000000o' ~ [type:Single,primary_type:'com.huami.stress.domain.data.O00000Oo.O000000o']
09-01 14:23:51.183 D/[Koin]  ( 3502): bind type:'com.huami.stress.domain.data.O00000o0.O00000Oo' ~ [type:Single,primary_type:'com.huami.stress.domain.data.O00000o0.O00000Oo']
09-01 14:23:51.183 D/[Koin]  ( 3502): bind type:'com.huami.femalehealth.uilib.O00000o0.O0000Oo' ~ [type:Factory,primary_type:'com.huami.femalehealth.uilib.O00000o0.O0000Oo']
09-01 14:23:51.183 D/[Koin]  ( 3502): bind type:'com.huami.femalehealth.uilib.O00000o0.O00000o0' ~ [type:Single,primary_type:'com.huami.femalehealth.uilib.O00000o0.O00000o0']
09-01 14:23:51.183 D/[Koin]  ( 3502): bind type:'com.huami.femalehealth.logiclib.O00000Oo.O00000o' ~ [type:Factory,primary_type:'com.huami.femalehealth.logiclib.O00000Oo.O00000o']
09-01 14:23:51.183 D/[Koin]  ( 3502): bind type:'com.huami.femalehealth.logiclib.O0000O0o.O0000OOo' ~ [type:Factory,primary_type:'com.huami.femalehealth.logiclib.O0000O0o.O0000OOo']
09-01 14:23:51.183 D/[Koin]  ( 3502): bind type:'com.huami.femalehealth.logiclib.O0000O0o.O00000Oo' ~ [type:Factory,primary_type:'com.huami.femalehealth.logiclib.O0000O0o.O00000Oo']
09-01 14:23:51.183 D/[Koin]  ( 3502): bind type:'com.huami.femalehealth.logiclib.O0000O0o.O000000o' ~ [type:Factory,primary_type:'com.huami.femalehealth.logiclib.O0000O0o.O000000o']
09-01 14:23:51.183 D/[Koin]  ( 3502): bind type:'com.huami.femalehealth.logiclib.O0000O0o.O00000o' ~ [type:Factory,primary_type:'com.huami.femalehealth.logiclib.O0000O0o.O00000o']
09-01 14:23:51.183 D/[Koin]  ( 3502): bind type:'com.huami.femalehealth.logiclib.O0000O0o.O0000O0o' ~ [type:Factory,primary_type:'com.huami.femalehealth.logiclib.O0000O0o.O0000O0o']
09-01 14:23:51.183 D/[Koin]  ( 3502): bind type:'com.huami.femalehealth.uilib.O00000Oo' ~ [type:Factory,primary_type:'com.huami.femalehealth.uilib.O00000Oo']
09-01 14:23:51.183 D/[Koin]  ( 3502): bind type:'com.huami.femalehealth.uilib.ui.O00000Oo' ~ [type:Factory,primary_type:'com.huami.femalehealth.uilib.ui.O00000Oo']
09-01 14:23:51.183 D/[Koin]  ( 3502): bind type:'com.huami.femalehealth.uilib.viewmodel.FemaleHealthViewModel' ~ [type:Factory,primary_type:'com.huami.femalehealth.uilib.viewmodel.FemaleHealthViewModel']
09-01 14:23:51.183 D/[Koin]  ( 3502): bind type:'com.huami.femalehealth.uilib.viewmodel.MenstruationHistoryViewModel' ~ [type:Factory,primary_type:'com.huami.femalehealth.uilib.viewmodel.MenstruationHistoryViewModel']
09-01 14:23:51.183 D/[Koin]  ( 3502): bind type:'com.huami.femalehealth.uilib.viewmodel.MenstruationHistoryDetailViewModel' ~ [type:Factory,primary_type:'com.huami.femalehealth.uilib.viewmodel.MenstruationHistoryDetailViewModel']
09-01 14:23:51.183 D/[Koin]  ( 3502): bind type:'com.huami.femalehealth.uilib.viewmodel.TrainingViewModel' ~ [type:Factory,primary_type:'com.huami.femalehealth.uilib.viewmodel.TrainingViewModel']
09-01 14:23:51.183 D/[Koin]  ( 3502): bind type:'com.huami.femalehealth.uilib.viewmodel.StatusViewModel' ~ [type:Factory,primary_type:'com.huami.femalehealth.uilib.viewmodel.StatusViewModel']
09-01 14:23:51.184 D/[Koin]  ( 3502): bind type:'com.huami.femalehealth.uilib.viewmodel.SettingViewModel' ~ [type:Factory,primary_type:'com.huami.femalehealth.uilib.viewmodel.SettingViewModel']
09-01 14:23:51.184 D/[Koin]  ( 3502): bind type:'com.huami.femalehealth.uilib.viewmodel.FemaleMifitViewModel' ~ [type:Factory,primary_type:'com.huami.femalehealth.uilib.viewmodel.FemaleMifitViewModel']
09-01 14:23:51.184 D/[Koin]  ( 3502): bind type:'com.huami.femalehealth.uilib.viewmodel.EditDetailViewModel' ~ [type:Factory,primary_type:'com.huami.femalehealth.uilib.viewmodel.EditDetailViewModel']
09-01 14:23:51.184 D/[Koin]  ( 3502): bind type:'com.huami.femalehealth.logiclib.O00000Oo.O00000o0' ~ [type:Factory,primary_type:'com.huami.femalehealth.logiclib.O00000Oo.O00000o0']
09-01 14:23:51.184 D/[Koin]  ( 3502): bind type:'com.huami.worldclock.home.O00000o' ~ [type:Factory,primary_type:'com.huami.worldclock.home.O00000o']
09-01 14:23:51.184 D/[Koin]  ( 3502): bind type:'com.huami.worldclock.add.O00000o' ~ [type:Factory,primary_type:'com.huami.worldclock.add.O00000o']
09-01 14:23:51.184 D/[Koin]  ( 3502): bind type:'com.huami.worldclock.O00000o.O00000o0' ~ [type:Single,primary_type:'com.huami.worldclock.O00000o.O00000o0']
09-01 14:23:51.184 D/[Koin]  ( 3502): bind type:'com.xiaomi.hm.health.O0000OOo.O00000o0.O000000o' ~ [type:Single,primary_type:'com.xiaomi.hm.health.O0000OOo.O00000o0.O000000o']
09-01 14:23:51.184 D/[Koin]  ( 3502): bind qualifier:'MASTER_CONFIG_APP_NAME' ~ [type:Factory,name:'MASTER_CONFIG_APP_NAME', primary_type:'java.lang.String']
09-01 14:23:51.184 D/[Koin]  ( 3502): bind type:'com.huami.mastercard.ui.mifit.O0000O0o.O0000Oo' ~ [type:Factory,primary_type:'com.huami.mastercard.ui.mifit.O0000O0o.O0000Oo']
09-01 14:23:51.184 D/[Koin]  ( 3502): bind type:'com.huami.mastercard.ui.mifit.O0000O0o.O0000O0o' ~ [type:Factory,primary_type:'com.huami.mastercard.ui.mifit.O0000O0o.O0000O0o']
09-01 14:23:51.184 D/[Koin]  ( 3502): bind type:'com.huami.mastercard.ui.mifit.O0000O0o.O0000o' ~ [type:Factory,primary_type:'com.huami.mastercard.ui.mifit.O0000O0o.O0000o']
09-01 14:23:51.184 D/[Koin]  ( 3502): bind type:'com.huami.mastercard.ui.mifit.O0000O0o.O00000Oo' ~ [type:Factory,primary_type:'com.huami.mastercard.ui.mifit.O0000O0o.O00000Oo']
09-01 14:23:51.184 D/[Koin]  ( 3502): bind type:'com.huami.mastercard.ui.mifit.O0000O0o.O0000o0' ~ [type:Factory,primary_type:'com.huami.mastercard.ui.mifit.O0000O0o.O0000o0']
09-01 14:23:51.184 D/[Koin]  ( 3502): bind type:'com.huami.mastercard.ui.mifit.O0000O0o.O00000o0' ~ [type:Factory,primary_type:'com.huami.mastercard.ui.mifit.O0000O0o.O00000o0']
09-01 14:23:51.184 D/[Koin]  ( 3502): bind type:'com.huami.mastercard.ui.mifit.O0000O0o.O0000OOo' ~ [type:Factory,primary_type:'com.huami.mastercard.ui.mifit.O0000O0o.O0000OOo']
09-01 14:23:51.184 D/[Koin]  ( 3502): bind type:'com.huami.mastercard.ui.mifit.O0000O0o.O000O0OO' ~ [type:Factory,primary_type:'com.huami.mastercard.ui.mifit.O0000O0o.O000O0OO']
09-01 14:23:51.184 D/[Koin]  ( 3502): bind type:'com.huami.mastercard.ui.mifit.O0000O0o.O00oOooO' ~ [type:Factory,primary_type:'com.huami.mastercard.ui.mifit.O0000O0o.O00oOooO']
09-01 14:23:51.184 D/[Koin]  ( 3502): bind type:'com.huami.mastercard.ui.mifit.O0000O0o.O000O00o' ~ [type:Factory,primary_type:'com.huami.mastercard.ui.mifit.O0000O0o.O000O00o']
09-01 14:23:51.184 D/[Koin]  ( 3502): bind type:'com.huami.mastercard.ui.mifit.O0000O0o.O0000o00' ~ [type:Factory,primary_type:'com.huami.mastercard.ui.mifit.O0000O0o.O0000o00']
09-01 14:23:51.184 D/[Koin]  ( 3502): bind type:'com.huami.mastercard.ui.mifit.O0000O0o.O00000o' ~ [type:Factory,primary_type:'com.huami.mastercard.ui.mifit.O0000O0o.O00000o']
09-01 14:23:51.184 D/[Koin]  ( 3502): bind type:'com.huami.mastercard.ui.mifit.O0000O0o.O000000o' ~ [type:Factory,primary_type:'com.huami.mastercard.ui.mifit.O0000O0o.O000000o']
09-01 14:23:51.184 D/[Koin]  ( 3502): bind type:'com.huami.mastercard.O000000o.O000000o.O00000o' ~ [type:Single,primary_type:'com.huami.mastercard.O000000o.O000000o.O00000o']
09-01 14:23:51.184 D/[Koin]  ( 3502): bind type:'com.huami.mastercard.O000000o.O000000o.O0000O0o' ~ [type:Single,primary_type:'com.huami.mastercard.O000000o.O000000o.O0000O0o']
09-01 14:23:51.184 D/[Koin]  ( 3502): bind type:'com.huami.mastercard.O000000o.O00000oo.O0000O0o' ~ [type:Single,primary_type:'com.huami.mastercard.O000000o.O00000oo.O0000O0o']
09-01 14:23:51.184 D/[Koin]  ( 3502): bind type:'com.huami.mastercard.O000000o.O00000oo.O0000OOo' ~ [type:Single,primary_type:'com.huami.mastercard.O000000o.O00000oo.O0000OOo']
09-01 14:23:51.184 D/[Koin]  ( 3502): bind type:'com.huami.mastercard.O000000o.O00000oo.O00000o0' ~ [type:Single,primary_type:'com.huami.mastercard.O000000o.O00000oo.O00000o0']
09-01 14:23:51.184 D/[Koin]  ( 3502): bind type:'com.huami.mastercard.O000000o.O00000oo.O0000Oo0' ~ [type:Single,primary_type:'com.huami.mastercard.O000000o.O00000oo.O0000Oo0']
09-01 14:23:51.184 D/[Koin]  ( 3502): bind type:'com.huami.mastercard.O000000o.O000000o.O000000o' ~ [type:Single,primary_type:'com.huami.mastercard.O000000o.O000000o.O000000o']
09-01 14:23:51.184 D/[Koin]  ( 3502): bind type:'com.huami.mastercard.O000000o.O000000o.O00000o0' ~ [type:Single,primary_type:'com.huami.mastercard.O000000o.O000000o.O00000o0']
09-01 14:23:51.184 D/[Koin]  ( 3502): bind type:'com.huami.mastercard.O000000o.O00000oo.O00000o' ~ [type:Single,primary_type:'com.huami.mastercard.O000000o.O00000oo.O00000o']
09-01 14:23:51.184 D/[Koin]  ( 3502): bind qualifier:'MASTER_DEVICE_PROVIDER' ~ [type:Single,name:'MASTER_DEVICE_PROVIDER', primary_type:'com.huami.components.O000000o.O0000Oo0']
09-01 14:23:51.184 D/[Koin]  ( 3502): bind qualifier:'UP_DEVICE_PROVIDER' ~ [type:Single,name:'UP_DEVICE_PROVIDER', primary_type:'com.huami.components.O000000o.O0000Oo0']
09-01 14:23:51.184 D/[Koin]  ( 3502): bind type:'com.huami.nfc.unionpay.api.UnionpayAppletApi' ~ [type:Single,primary_type:'com.huami.nfc.unionpay.api.UnionpayAppletApi']
09-01 14:23:51.184 D/[Koin]  ( 3502): bind type:'com.huami.nfc.unionpay.api.UnionpayWebApi' ~ [type:Single,primary_type:'com.huami.nfc.unionpay.api.UnionpayWebApi']
09-01 14:23:51.184 D/[Koin]  ( 3502): bind type:'com.huami.nfc.unionpay.api.UnionpaySdkApi' ~ [type:Single,primary_type:'com.huami.nfc.unionpay.api.UnionpaySdkApi']
09-01 14:23:51.185 D/[Koin]  ( 3502): bind type:'com.huami.wallet.unionpay.unionpayuimifit.repo.O00000o.O0000Oo0' ~ [type:Single,primary_type:'com.huami.wallet.unionpay.unionpayuimifit.repo.O00000o.O0000Oo0']
09-01 14:23:51.185 D/[Koin]  ( 3502): bind type:'com.huami.wallet.unionpay.unionpayuimifit.repo.O000000o.O00000Oo' ~ [type:Single,primary_type:'com.huami.wallet.unionpay.unionpayuimifit.repo.O000000o.O00000Oo']
09-01 14:23:51.185 D/[Koin]  ( 3502): bind type:'com.huami.wallet.unionpay.unionpayuimifit.repo.O000000o.O0000O0o' ~ [type:Single,primary_type:'com.huami.wallet.unionpay.unionpayuimifit.repo.O000000o.O0000O0o']
09-01 14:23:51.185 D/[Koin]  ( 3502): bind type:'com.huami.wallet.unionpay.unionpayuimifit.repo.O0000OOo.O0000O0o' ~ [type:Factory,primary_type:'com.huami.wallet.unionpay.unionpayuimifit.repo.O0000OOo.O0000O0o']
09-01 14:23:51.185 D/[Koin]  ( 3502): bind type:'com.huami.wallet.unionpay.unionpayuimifit.repo.O0000OOo.O00000o' ~ [type:Factory,primary_type:'com.huami.wallet.unionpay.unionpayuimifit.repo.O0000OOo.O00000o']
09-01 14:23:51.185 D/[Koin]  ( 3502): bind type:'com.huami.wallet.unionpay.unionpayuimifit.repo.O0000OOo.O00000o0' ~ [type:Factory,primary_type:'com.huami.wallet.unionpay.unionpayuimifit.repo.O0000OOo.O00000o0']
09-01 14:23:51.185 D/[Koin]  ( 3502): bind type:'com.huami.wallet.unionpay.unionpayuimifit.repo.O0000OOo.O0000OOo' ~ [type:Factory,primary_type:'com.huami.wallet.unionpay.unionpayuimifit.repo.O0000OOo.O0000OOo']
09-01 14:23:51.185 D/[Koin]  ( 3502): bind type:'com.huami.wallet.unionpay.unionpayuimifit.repo.O000000o.O0000OOo' ~ [type:Single,primary_type:'com.huami.wallet.unionpay.unionpayuimifit.repo.O000000o.O0000OOo']
09-01 14:23:51.185 D/[Koin]  ( 3502): bind type:'com.huami.wallet.unionpay.unionpayuimifit.repo.O000000o.O00000o' ~ [type:Single,primary_type:'com.huami.wallet.unionpay.unionpayuimifit.repo.O000000o.O00000o']
09-01 14:23:51.185 D/[Koin]  ( 3502): bind type:'com.huami.wallet.unionpay.unionpayuimifit.repo.O000000o.O00000o0' ~ [type:Single,primary_type:'com.huami.wallet.unionpay.unionpayuimifit.repo.O000000o.O00000o0']
09-01 14:23:51.185 D/[Koin]  ( 3502): bind type:'com.huami.wallet.unionpay.unionpayuimifit.O0000O0o.O00000o0' ~ [type:Single,primary_type:'com.huami.wallet.unionpay.unionpayuimifit.O0000O0o.O00000o0']
09-01 14:23:51.185 D/[Koin]  ( 3502): bind type:'com.huami.wallet.unionpay.unionpayuimifit.repo.O00000Oo.O00000Oo' ~ [type:Single,primary_type:'com.huami.wallet.unionpay.unionpayuimifit.repo.O00000Oo.O00000Oo']
09-01 14:23:51.185 D/[Koin]  ( 3502): bind type:'com.huami.wallet.unionpay.unionpayuimifit.O00000oo.O00000o' ~ [type:Single,primary_type:'com.huami.wallet.unionpay.unionpayuimifit.O00000oo.O00000o']
09-01 14:23:51.189 D/[Koin]  ( 3502): total 375 registered definitions
09-01 14:23:51.189 D/[Koin]  ( 3502): load modules in 11.460834 ms
09-01 14:23:51.189 D/[Koin]  ( 3502): | create instance for [type:Factory,primary_type:'com.huami.worldclock.add.O00000o']
09-01 14:23:51.190 D/[Koin]  ( 3502): | create instance for [type:Factory,primary_type:'com.huami.worldclock.home.O00000o']
09-01 14:23:51.191 D/[Koin]  ( 3502): | create instance for [type:Single,primary_type:'com.huami.worldclock.O00000o.O00000o0']
09-01 14:23:51.191 D/[Koin]  ( 3502): instances started in 2.495052 ms
09-01 14:23:51.250 E/ResolverController(  679): No valid NAT64 prefix (116, <unspecified>/0)
09-01 14:23:51.250 E/ResolverController(  679): No valid NAT64 prefix (116, <unspecified>/0)
09-01 14:23:51.252 I/speech  ( 3502): speech event bus register >>> (BraceletApp.java:333) -> onCreate() | Thread:main
09-01 14:23:51.255 E/ResolverController(  679): No valid NAT64 prefix (116, <unspecified>/0)
09-01 14:23:51.358 I/MiuiNetworkPolicy( 1639): updateUidState uid = 10062, uidState = 4
09-01 14:23:51.358 D/OemNetd (  679): whiteListUid: uid=10062, wmm=add
09-01 14:23:51.360 I/MiuiNetworkPolicy( 1639): updateMLUid uid:10062,old:16,new:4
09-01 14:23:51.360 I/MiuiNetworkPolicy( 1639): isMLEnabled state:16,uid:10062,connect:DISCONNECTED
09-01 14:23:51.360 I/MiuiNetworkPolicy( 1639): isMLEnabled state:4,uid:10062,connect:DISCONNECTED
09-01 14:23:51.360 D/NetworkController.MobileSignalController(1)(29730): 4G level = 5
09-01 14:23:51.444 I/ACRA    ( 3502): ACRA is enabled for com.xiaomi.hm.health
09-01 14:23:51.477 I/MiuiNetworkPolicy( 1639): updateUidState uid = 10062, uidState = 16
09-01 14:23:51.477 D/OemNetd (  679): whiteListUid: uid=10062, wmm=del
09-01 14:23:51.480 I/MiuiNetworkPolicy( 1639): updateMLUid uid:10062,old:4,new:16
09-01 14:23:51.480 I/MiuiNetworkPolicy( 1639): isMLEnabled state:4,uid:10062,connect:DISCONNECTED
09-01 14:23:51.480 I/MiuiNetworkPolicy( 1639): isMLEnabled state:16,uid:10062,connect:DISCONNECTED
09-01 14:23:51.499 D/[Koin]  ( 3502): !- create scope - id:User q:User
09-01 14:23:51.500 D/[Koin]  ( 3502): bind qualifier:'UserId' ~ [type:Scoped,scope:'User', name:'UserId', primary_type:'java.lang.String']
09-01 14:23:51.500 D/[Koin]  ( 3502): bind qualifier:'Gender' ~ [type:Scoped,scope:'User', name:'Gender', primary_type:'O00000oO.O0000Ooo.O000000o.O00000Oo']
09-01 14:23:51.500 D/[Koin]  ( 3502): bind qualifier:'Type' ~ [type:Scoped,scope:'User', name:'Type', primary_type:'O00000oO.O0000Ooo.O000000o.O00000Oo']
09-01 14:23:51.500 D/[Koin]  ( 3502): bind qualifier:'Avatar' ~ [type:Scoped,scope:'User', name:'Avatar', primary_type:'O00000oO.O0000Ooo.O000000o.O00000Oo']
09-01 14:23:51.500 D/[Koin]  ( 3502): bind qualifier:'Location' ~ [type:Scoped,scope:'User', name:'Location', primary_type:'O00000oO.O0000Ooo.O000000o.O00000Oo']
09-01 14:23:51.500 D/[Koin]  ( 3502): bind qualifier:'Host' ~ [type:Scoped,scope:'User', name:'Host', primary_type:'java.lang.String']
09-01 14:23:51.500 D/[Koin]  ( 3502): bind qualifier:'BoundHrDevice' ~ [type:Scoped,scope:'User', name:'BoundHrDevice', primary_type:'O00000oO.O0000Ooo.O000000o.O00000Oo']
09-01 14:23:51.500 D/[Koin]  ( 3502): bind qualifier:'Nickname' ~ [type:Scoped,scope:'User', name:'Nickname', primary_type:'O00000oO.O0000Ooo.O000000o.O00000Oo']
09-01 14:23:51.500 D/[Koin]  ( 3502): bind qualifier:'Age' ~ [type:Scoped,scope:'User', name:'Age', primary_type:'O00000oO.O0000Ooo.O000000o.O00000Oo']
09-01 14:23:51.500 D/[Koin]  ( 3502): bind qualifier:'Summary' ~ [type:Scoped,scope:'User', name:'Summary', primary_type:'O00000oO.O0000Ooo.O000000o.O00000Oo']
09-01 14:23:51.500 D/[Koin]  ( 3502): bind qualifier:'Token' ~ [type:Scoped,scope:'User', name:'Token', primary_type:'java.lang.String']
09-01 14:23:51.500 D/[Koin]  ( 3502): bind type:'com.xiaomi.hm.health.O000O00o' ~ [type:Scoped,scope:'User', primary_type:'com.xiaomi.hm.health.O000O00o']
09-01 14:23:51.500 D/[Koin]  ( 3502): +- get 'com.xiaomi.hm.health.O000O00o'
09-01 14:23:51.500 D/[Koin]  ( 3502): | create instance for [type:Scoped,scope:'User', primary_type:'com.xiaomi.hm.health.O000O00o']
09-01 14:23:51.501 D/[Koin]  ( 3502): +- got 'com.xiaomi.hm.health.O000O00o' in 0.558698 ms
09-01 14:23:51.502 D/BluetoothGatt( 3502): connect() - device: C3:D4:F4:E3:11:EC, auto: false
09-01 14:23:51.502 D/BluetoothGatt( 3502): registerApp()
09-01 14:23:51.502 D/BluetoothGatt( 3502): registerApp() - UUID=d373b81b-759f-4013-99f7-7730dcda81ec
09-01 14:23:51.502 D/BtGatt.GattService( 8588): registerClient() - UUID=d373b81b-759f-4013-99f7-7730dcda81ec
09-01 14:23:51.503 V/bt_stack( 8588): [VERBOSE1:bta_gattc_act.cc(175)] bta_gattc_register: state:2
09-01 14:23:51.503 I/bt_stack( 8588): [INFO:gatt_api.cc(957)] GATT_Register b73e29eb-dd9d-27c3-be36-987cc12face5
09-01 14:23:51.503 I/bt_stack( 8588): [INFO:gatt_api.cc(977)] allocated gatt_if=8
09-01 14:23:51.503 D/[Koin]  ( 3502): closing scope:'User'
09-01 14:23:51.503 D/[Koin]  ( 3502): releasing 'Scope[id:'User',set:'User']' ~ [type:Scoped,scope:'User', name:'UserId', primary_type:'java.lang.String'] 
09-01 14:23:51.503 V/bt_stack( 8588): [VERBOSE1:gatt_api.cc(1087)] GATT_StartIf gatt_if=8
09-01 14:23:51.503 D/[Koin]  ( 3502): releasing 'Scope[id:'User',set:'User']' ~ [type:Scoped,scope:'User', name:'Gender', primary_type:'O00000oO.O0000Ooo.O000000o.O00000Oo'] 
09-01 14:23:51.503 V/bt_stack( 8588): [VERBOSE1:gatt_utils.cc(254)] gatt_find_the_connected_bda start_idx=0
09-01 14:23:51.503 D/[Koin]  ( 3502): releasing 'Scope[id:'User',set:'User']' ~ [type:Scoped,scope:'User', name:'Type', primary_type:'O00000oO.O0000Ooo.O000000o.O00000Oo'] 
09-01 14:23:51.503 D/[Koin]  ( 3502): releasing 'Scope[id:'User',set:'User']' ~ [type:Scoped,scope:'User', name:'Avatar', primary_type:'O00000oO.O0000Ooo.O000000o.O00000Oo'] 
09-01 14:23:51.503 V/bt_stack( 8588): [VERBOSE1:gatt_utils.cc(266)]  found=0 found_idx=10
09-01 14:23:51.503 D/[Koin]  ( 3502): releasing 'Scope[id:'User',set:'User']' ~ [type:Scoped,scope:'User', name:'Location', primary_type:'O00000oO.O0000Ooo.O000000o.O00000Oo'] 
09-01 14:23:51.503 D/BtGatt.GattService( 8588): onClientRegistered() - UUID=d373b81b-759f-4013-99f7-7730dcda81ec, clientIf=8
09-01 14:23:51.503 D/[Koin]  ( 3502): releasing 'Scope[id:'User',set:'User']' ~ [type:Scoped,scope:'User', name:'Host', primary_type:'java.lang.String'] 
09-01 14:23:51.503 D/[Koin]  ( 3502): releasing 'Scope[id:'User',set:'User']' ~ [type:Scoped,scope:'User', name:'BoundHrDevice', primary_type:'O00000oO.O0000Ooo.O000000o.O00000Oo'] 
09-01 14:23:51.503 D/[Koin]  ( 3502): releasing 'Scope[id:'User',set:'User']' ~ [type:Scoped,scope:'User', name:'Nickname', primary_type:'O00000oO.O0000Ooo.O000000o.O00000Oo'] 
09-01 14:23:51.504 D/[Koin]  ( 3502): releasing 'Scope[id:'User',set:'User']' ~ [type:Scoped,scope:'User', name:'Age', primary_type:'O00000oO.O0000Ooo.O000000o.O00000Oo'] 
09-01 14:23:51.504 D/[Koin]  ( 3502): releasing 'Scope[id:'User',set:'User']' ~ [type:Scoped,scope:'User', name:'Summary', primary_type:'O00000oO.O0000Ooo.O000000o.O00000Oo'] 
09-01 14:23:51.504 D/[Koin]  ( 3502): releasing 'Scope[id:'User',set:'User']' ~ [type:Scoped,scope:'User', name:'Token', primary_type:'java.lang.String'] 
09-01 14:23:51.504 D/BluetoothGatt( 3502): onClientRegistered() - status=0 clientIf=8
09-01 14:23:51.504 D/[Koin]  ( 3502): releasing 'Scope[id:'User',set:'User']' ~ [type:Scoped,scope:'User', primary_type:'com.xiaomi.hm.health.O000O00o'] 
09-01 14:23:51.504 D/[Koin]  ( 3502): !- create scope - id:Training q:Training
09-01 14:23:51.504 D/[Koin]  ( 3502): bind type:'com.huami.training.O000000o.O000OO0o' ~ [type:Scoped,scope:'Training', primary_type:'com.huami.training.O000000o.O000OO0o']
09-01 14:23:51.504 D/[Koin]  ( 3502): bind type:'com.huami.training.O0000o00.O00000Oo' ~ [type:Scoped,scope:'Training', primary_type:'com.huami.training.O0000o00.O00000Oo']
09-01 14:23:51.504 D/[Koin]  ( 3502): bind qualifier:'TrainingWebHost' ~ [type:Scoped,scope:'Training', name:'TrainingWebHost', primary_type:'java.lang.String']
09-01 14:23:51.504 D/[Koin]  ( 3502): bind type:'com.huami.training.O0000Ooo.O000o00' ~ [type:Scoped,scope:'Training', primary_type:'com.huami.training.O0000Ooo.O000o00']
09-01 14:23:51.504 D/[Koin]  ( 3502): bind type:'com.huami.training.O0000OOo.O000000o' ~ [type:Scoped,scope:'Training', primary_type:'com.huami.training.O0000OOo.O000000o']
09-01 14:23:51.504 D/BtGatt.GattService( 8588): clientConnect() - address=C3:D4:F4:E3:11:EC, isDirect=true, opportunistic=false, phy=1
09-01 14:23:51.504 D/[Koin]  ( 3502): bind type:'com.huami.training.O0000o0O.O00000Oo' ~ [type:Scoped,scope:'Training', primary_type:'com.huami.training.O0000o0O.O00000Oo']
09-01 14:23:51.504 D/[Koin]  ( 3502): bind type:'com.huami.training.O0000OOo.O000OO0o' ~ [type:Scoped,scope:'Training', primary_type:'com.huami.training.O0000OOo.O000OO0o']
09-01 14:23:51.504 D/[Koin]  ( 3502): bind type:'com.huami.training.O0000Oo.O000000o' ~ [type:Scoped,scope:'Training', primary_type:'com.huami.training.O0000Oo.O000000o']
09-01 14:23:51.504 D/[Koin]  ( 3502): bind type:'com.huami.training.db.TrainingDb' ~ [type:Scoped,scope:'Training', primary_type:'com.huami.training.db.TrainingDb']
09-01 14:23:51.505 D/[Koin]  ( 3502): bind type:'com.huami.training.O0000o00.O00000o0' ~ [type:Scoped,scope:'Training', primary_type:'com.huami.training.O0000o00.O00000o0']
09-01 14:23:51.505 D/bt_btif_config( 8588): btif_get_address_type: Device [c3:d4:f4:e3:11:ec] address type 0
09-01 14:23:51.505 D/[Koin]  ( 3502): +- get 'com.huami.training.db.TrainingDb'
09-01 14:23:51.505 D/bt_btif_config( 8588): btif_get_device_type: Device [c3:d4:f4:e3:11:ec] type 2
09-01 14:23:51.505 D/[Koin]  ( 3502): | create instance for [type:Scoped,scope:'Training', primary_type:'com.huami.training.db.TrainingDb']
09-01 14:23:51.505 V/bt_stack( 8588): [VERBOSE1:bta_gattc_main.cc(361)] bta_gattc_hdl_event: Event:BTA_GATTC_API_OPEN_EVT
09-01 14:23:51.505 V/bt_stack( 8588): [VERBOSE1:bta_gattc_main.cc(305)] bta_gattc_sm_execute: State 0x00 [GATTC_IDLE_ST], Event 0x1f00[BTA_GATTC_API_OPEN_EVT]
09-01 14:23:51.505 I/bt_stack( 8588): [INFO:gatt_api.cc(1129)] GATT_Connect gatt_if=8, address=c3:d4:f4:e3:11:ec is_direct 1
09-01 14:23:51.505 V/bt_stack( 8588): [VERBOSE1:gatt_main.cc(1079)] gatt_get_ch_state: ch_state=0
09-01 14:23:51.505 V/bt_stack( 8588): [VERBOSE1:gatt_main.cc(1070)] gatt_set_ch_state: old=0 new=0x02
09-01 14:23:51.505 V/bt_stack( 8588): [VERBOSE1:gatt_main.cc(1079)] gatt_get_ch_state: ch_state=2
09-01 14:23:51.505 V/bt_stack( 8588): [VERBOSE1:connection_manager.cc(216)] direct_connect_add : address:c3:d4:f4:e3:11:ec
09-01 14:23:51.505 V/bt_stack( 8588): [VERBOSE1:btm_ble_bgconn.cc(468)] BTM_WhiteListAdd: c3:d4:f4:e3:11:ec
09-01 14:23:51.505 V/bt_stack( 8588): [VERBOSE1:connection_manager.cc(53)] scheduling timer %spc:0x749f909cf8
09-01 14:23:51.505 V/bt_stack( 8588): [VERBOSE1:gatt_main.cc(359)] gatt_update_app_use_link_flag: is_add=1 chk_link=0
09-01 14:23:51.505 V/bt_stack( 8588): [VERBOSE1:gatt_main.cc(325)] gatt_update_app_hold_link_status
09-01 14:23:51.506 V/bt_stack( 8588): [VERBOSE1:gatt_main.cc(329)] added gatt_if=8
09-01 14:23:51.506 V/bt_stack( 8588): [VERBOSE1:gatt_main.cc(1079)] gatt_get_ch_state: ch_state=2
09-01 14:23:51.506 D/vendor.qti.bluetooth@1.0-ibs_handler(19843): SerialClockVote: vote for UART CLK ON
09-01 14:23:51.506 V/bt_stack( 8588): [VERBOSE1:gatt_api.cc(1312)] GATT_GetConnIdIfConnected status= 0
09-01 14:23:51.506 V/bt_stack( 8588): [VERBOSE1:bta_gattc_main.cc(341)] bta_gattc_sm_execute: GATTC State Change: 0x00 -> 0x01 after Event 0x1f00
09-01 14:23:51.506 D/vendor.qti.bluetooth@1.0-wake_lock(19843): Acquire wakelock is acquired 
09-01 14:23:51.506 I/vendor.qti.bluetooth@1.0-ibs_handler(19843): DeviceWakeUp: Writing IBS_WAKE_IND
09-01 14:23:51.506 I/vendor.qti.bluetooth@1.0-ibs_handler(19843): ProcessIbsCmd: Received IBS_WAKE_ACK: 0xFC
09-01 14:23:51.508 D/[Koin]  ( 3502): +- get 'android.content.Context'
09-01 14:23:51.508 D/[Koin]  ( 3502): | create instance for [type:Single,primary_type:'android.content.Context']
09-01 14:23:51.508 D/[Koin]  ( 3502): +- got 'android.content.Context' in 0.078906 ms
09-01 14:23:51.508 D/[Koin]  ( 3502): +- get 'com.huami.training.O0000OOo.O000OO0o'
09-01 14:23:51.508 D/[Koin]  ( 3502): | create instance for [type:Scoped,scope:'Training', primary_type:'com.huami.training.O0000OOo.O000OO0o']
09-01 14:23:51.508 D/[Koin]  ( 3502): !- create scope - id:User q:User
09-01 14:23:51.508 D/[Koin]  ( 3502): bind qualifier:'UserId' ~ [type:Scoped,scope:'User', name:'UserId', primary_type:'java.lang.String']
09-01 14:23:51.508 D/[Koin]  ( 3502): bind qualifier:'Gender' ~ [type:Scoped,scope:'User', name:'Gender', primary_type:'O00000oO.O0000Ooo.O000000o.O00000Oo']
09-01 14:23:51.508 D/[Koin]  ( 3502): bind qualifier:'Type' ~ [type:Scoped,scope:'User', name:'Type', primary_type:'O00000oO.O0000Ooo.O000000o.O00000Oo']
09-01 14:23:51.508 D/[Koin]  ( 3502): bind qualifier:'Avatar' ~ [type:Scoped,scope:'User', name:'Avatar', primary_type:'O00000oO.O0000Ooo.O000000o.O00000Oo']
09-01 14:23:51.508 D/[Koin]  ( 3502): bind qualifier:'Location' ~ [type:Scoped,scope:'User', name:'Location', primary_type:'O00000oO.O0000Ooo.O000000o.O00000Oo']
09-01 14:23:51.508 D/[Koin]  ( 3502): bind qualifier:'Host' ~ [type:Scoped,scope:'User', name:'Host', primary_type:'java.lang.String']
09-01 14:23:51.508 D/[Koin]  ( 3502): bind qualifier:'BoundHrDevice' ~ [type:Scoped,scope:'User', name:'BoundHrDevice', primary_type:'O00000oO.O0000Ooo.O000000o.O00000Oo']
09-01 14:23:51.509 D/[Koin]  ( 3502): bind qualifier:'Nickname' ~ [type:Scoped,scope:'User', name:'Nickname', primary_type:'O00000oO.O0000Ooo.O000000o.O00000Oo']
09-01 14:23:51.509 D/[Koin]  ( 3502): bind qualifier:'Age' ~ [type:Scoped,scope:'User', name:'Age', primary_type:'O00000oO.O0000Ooo.O000000o.O00000Oo']
09-01 14:23:51.509 D/[Koin]  ( 3502): bind qualifier:'Summary' ~ [type:Scoped,scope:'User', name:'Summary', primary_type:'O00000oO.O0000Ooo.O000000o.O00000Oo']
09-01 14:23:51.509 D/[Koin]  ( 3502): bind qualifier:'Token' ~ [type:Scoped,scope:'User', name:'Token', primary_type:'java.lang.String']
09-01 14:23:51.509 D/[Koin]  ( 3502): bind type:'com.xiaomi.hm.health.O000O00o' ~ [type:Scoped,scope:'User', primary_type:'com.xiaomi.hm.health.O000O00o']
09-01 14:23:51.509 D/[Koin]  ( 3502): +- get 'java.lang.String'
09-01 14:23:51.509 D/[Koin]  ( 3502): | create instance for [type:Scoped,scope:'User', name:'UserId', primary_type:'java.lang.String']
09-01 14:23:51.509 D/[Koin]  ( 3502): +- got 'java.lang.String' in 0.074948 ms
09-01 14:23:51.509 D/[Koin]  ( 3502): +- get 'O00000oO.O0000Ooo.O000000o.O00000Oo'
09-01 14:23:51.509 D/[Koin]  ( 3502): | create instance for [type:Scoped,scope:'User', name:'Avatar', primary_type:'O00000oO.O0000Ooo.O000000o.O00000Oo']
09-01 14:23:51.509 D/[Koin]  ( 3502): +- got 'O00000oO.O0000Ooo.O000000o.O00000Oo' in 0.156354 ms
09-01 14:23:51.509 D/[Koin]  ( 3502): +- get 'O00000oO.O0000Ooo.O000000o.O00000Oo'
09-01 14:23:51.509 D/[Koin]  ( 3502): | create instance for [type:Scoped,scope:'User', name:'Nickname', primary_type:'O00000oO.O0000Ooo.O000000o.O00000Oo']
09-01 14:23:51.509 D/[Koin]  ( 3502): +- got 'O00000oO.O0000Ooo.O000000o.O00000Oo' in 0.100989 ms
09-01 14:23:51.509 D/[Koin]  ( 3502): +- get 'O00000oO.O0000Ooo.O000000o.O00000Oo'
09-01 14:23:51.509 D/[Koin]  ( 3502): | create instance for [type:Scoped,scope:'User', name:'Age', primary_type:'O00000oO.O0000Ooo.O000000o.O00000Oo']
09-01 14:23:51.509 I/vendor.qti.bluetooth@1.0-ibs_handler(19843): ProcessIbsCmd: Received IBS_WAKE_IND: 0xFD
09-01 14:23:51.509 D/[Koin]  ( 3502): +- got 'O00000oO.O0000Ooo.O000000o.O00000Oo' in 0.098594 ms
09-01 14:23:51.509 D/[Koin]  ( 3502): +- get 'O00000oO.O0000Ooo.O000000o.O00000Oo'
09-01 14:23:51.509 I/vendor.qti.bluetooth@1.0-ibs_handler(19843): ProcessIbsCmd: Writing IBS_WAKE_ACK
09-01 14:23:51.509 D/[Koin]  ( 3502): | create instance for [type:Scoped,scope:'User', name:'Gender', primary_type:'O00000oO.O0000Ooo.O000000o.O00000Oo']
09-01 14:23:51.510 D/[Koin]  ( 3502): +- got 'O00000oO.O0000Ooo.O000000o.O00000Oo' in 0.087968 ms
09-01 14:23:51.510 D/[Koin]  ( 3502): +- get 'O00000oO.O0000Ooo.O000000o.O00000Oo'
09-01 14:23:51.510 D/[Koin]  ( 3502): | create instance for [type:Scoped,scope:'User', name:'BoundHrDevice', primary_type:'O00000oO.O0000Ooo.O000000o.O00000Oo']
09-01 14:23:51.510 D/[Koin]  ( 3502): +- got 'O00000oO.O0000Ooo.O000000o.O00000Oo' in 0.084219 ms
09-01 14:23:51.510 D/[Koin]  ( 3502): +- got 'com.huami.training.O0000OOo.O000OO0o' in 1.83349 ms
09-01 14:23:51.517 D/[Koin]  ( 3502): +- got 'com.huami.training.db.TrainingDb' in 12.420468 ms
09-01 14:23:51.518 D/[Koin]  ( 3502): +- get 'com.huami.training.db.TrainingDb'
09-01 14:23:51.518 D/[Koin]  ( 3502): +- got 'com.huami.training.db.TrainingDb' in 0.029844 ms
09-01 14:23:51.518 D/[Koin]  ( 3502): +- get 'com.huami.training.O0000Oo.O000000o'
09-01 14:23:51.518 D/[Koin]  ( 3502): | create instance for [type:Scoped,scope:'Training', primary_type:'com.huami.training.O0000Oo.O000000o']
09-01 14:23:51.518 D/[Koin]  ( 3502): +- got 'com.huami.training.O0000Oo.O000000o' in 0.26849 ms
09-01 14:23:51.519 D/Event   ( 3502): No subscribers registered for event class com.xiaomi.hm.health.traininglib.O00000o0.O00000Oo
09-01 14:23:51.519 D/Event   ( 3502): No subscribers registered for event class O00000Oo.O000000o.O000000o.O0000Oo0
09-01 14:23:51.519 D/[Koin]  ( 3502): +- get 'com.huami.training.O0000o0O.O00000Oo'
09-01 14:23:51.519 D/[Koin]  ( 3502): | create instance for [type:Scoped,scope:'Training', primary_type:'com.huami.training.O0000o0O.O00000Oo']
09-01 14:23:51.520 D/[Koin]  ( 3502): +- get 'android.content.Context'
09-01 14:23:51.520 D/[Koin]  ( 3502): +- got 'android.content.Context' in 0.021614 ms
09-01 14:23:51.521 D/[Koin]  ( 3502): +- get 'com.huami.training.O0000Oo.O000000o'
09-01 14:23:51.521 D/[Koin]  ( 3502): +- got 'com.huami.training.O0000Oo.O000000o' in 0.024479 ms
09-01 14:23:51.521 D/[Koin]  ( 3502): +- get 'com.huami.training.O0000OOo.O000OO0o'
09-01 14:23:51.521 D/[Koin]  ( 3502): +- got 'com.huami.training.O0000OOo.O000OO0o' in 0.013906 ms
09-01 14:23:51.521 D/[Koin]  ( 3502): +- got 'com.huami.training.O0000o0O.O00000Oo' in 2.098958 ms
09-01 14:23:51.547 D/[Koin]  ( 3502): +- get 'com.huami.stress.domain.O00000oO.O000O00o'
09-01 14:23:51.547 D/[Koin]  ( 3502): | create instance for [type:Factory,primary_type:'com.huami.stress.domain.O00000oO.O000O00o']
09-01 14:23:51.548 D/[Koin]  ( 3502): !- create scope - id:Stress q:Stress
09-01 14:23:51.548 D/[Koin]  ( 3502): bind type:'com.huami.stress.domain.data.local.StressDatabase' ~ [type:Scoped,scope:'Stress', primary_type:'com.huami.stress.domain.data.local.StressDatabase']
09-01 14:23:51.548 D/[Koin]  ( 3502): bind type:'com.huami.stress.domain.O00000Oo.O000000o' ~ [type:Scoped,scope:'Stress', primary_type:'com.huami.stress.domain.O00000Oo.O000000o']
09-01 14:23:51.548 D/[Koin]  ( 3502): bind type:'com.huami.stress.domain.O00000Oo.O00000Oo' ~ [type:Scoped,scope:'Stress', primary_type:'com.huami.stress.domain.O00000Oo.O00000Oo']
09-01 14:23:51.548 D/[Koin]  ( 3502): +- get 'com.huami.stress.domain.O00000Oo.O00000Oo'
09-01 14:23:51.548 D/[Koin]  ( 3502): | create instance for [type:Scoped,scope:'Stress', primary_type:'com.huami.stress.domain.O00000Oo.O00000Oo']
09-01 14:23:51.548 D/[Koin]  ( 3502): +- get 'com.huami.stress.domain.data.local.StressDatabase'
