09-01 14:23:52.626 V/bt_stack( 8588): [VERBOSE1:btm_ble_gap.cc(1923)] btm_ble_process_ext_adv_pkt: bda=17:be:83:99:5a:17
09-01 14:23:52.626 V/bt_stack( 8588): [VERBOSE1:btm_ble_gap.cc(1847)] btm_ble_process_adv_addr: bda=17:be:83:99:5a:17
09-01 14:23:52.627 D/BluetoothUtils( 8588): blockedByLocationOff callingUid=1002
09-01 14:23:52.628 I/BluetoothUtils( 8588): packagename is android.uid.bluetooth:1002 ,and its permission is false
09-01 14:23:52.628 D/BluetoothUtils( 8588): blockedByLocationOff callingUid=1002
09-01 14:23:52.628 I/BluetoothUtils( 8588): packagename is android.uid.bluetooth:1002 ,and its permission is false
09-01 14:23:52.628 D/BluetoothUtils( 8588): blockedByLocationOff callingUid=1002
09-01 14:23:52.628 I/BluetoothUtils( 8588): packagename is android.uid.bluetooth:1002 ,and its permission is false
09-01 14:23:52.634 V/bt_stack( 8588): [VERBOSE1:btm_ble_gap.cc(1923)] btm_ble_process_ext_adv_pkt: bda=24:49:6a:9c:39:02
09-01 14:23:52.634 V/bt_stack( 8588): [VERBOSE1:btm_ble_gap.cc(1847)] btm_ble_process_adv_addr: bda=24:49:6a:9c:39:02
09-01 14:23:52.634 D/BluetoothUtils( 8588): blockedByLocationOff callingUid=1002
09-01 14:23:52.635 I/BluetoothUtils( 8588): packagename is android.uid.bluetooth:1002 ,and its permission is false
09-01 14:23:52.635 D/BluetoothUtils( 8588): blockedByLocationOff callingUid=1002
09-01 14:23:52.635 I/BluetoothUtils( 8588): packagename is android.uid.bluetooth:1002 ,and its permission is false
09-01 14:23:52.635 D/BluetoothUtils( 8588): blockedByLocationOff callingUid=1002
09-01 14:23:52.636 I/BluetoothUtils( 8588): packagename is android.uid.bluetooth:1002 ,and its permission is false
09-01 14:23:52.636 V/bt_stack( 8588): [VERBOSE1:btm_ble_gap.cc(1923)] btm_ble_process_ext_adv_pkt: bda=2e:17:70:f9:0b:48
09-01 14:23:52.636 V/bt_stack( 8588): [VERBOSE1:btm_ble_gap.cc(1847)] btm_ble_process_adv_addr: bda=2e:17:70:f9:0b:48
09-01 14:23:52.637 D/BluetoothUtils( 8588): blockedByLocationOff callingUid=1002
09-01 14:23:52.637 I/BluetoothUtils( 8588): packagename is android.uid.bluetooth:1002 ,and its permission is false
09-01 14:23:52.638 D/BluetoothUtils( 8588): blockedByLocationOff callingUid=1002
09-01 14:23:52.638 I/BluetoothUtils( 8588): packagename is android.uid.bluetooth:1002 ,and its permission is false
09-01 14:23:52.638 D/BluetoothUtils( 8588): blockedByLocationOff callingUid=1002
09-01 14:23:52.638 I/BluetoothUtils( 8588): packagename is android.uid.bluetooth:1002 ,and its permission is false
09-01 14:23:52.660 V/bt_stack( 8588): [VERBOSE1:btm_ble_gap.cc(1923)] btm_ble_process_ext_adv_pkt: bda=3c:22:fb:6a:ee:2c
09-01 14:23:52.660 V/bt_stack( 8588): [VERBOSE1:btm_ble_gap.cc(1847)] btm_ble_process_adv_addr: bda=3c:22:fb:6a:ee:2c
09-01 14:23:52.660 V/bt_stack( 8588): [VERBOSE1:btm_ble_gap.cc(2052)]  Waiting for scan response 3c:22:fb:6a:ee:2c
09-01 14:23:52.660 V/bt_stack( 8588): [VERBOSE1:btm_ble_gap.cc(1923)] btm_ble_process_ext_adv_pkt: bda=10:42:5e:92:d4:eb
09-01 14:23:52.660 V/bt_stack( 8588): [VERBOSE1:btm_ble_gap.cc(1847)] btm_ble_process_adv_addr: bda=10:42:5e:92:d4:eb
09-01 14:23:52.661 D/BluetoothUtils( 8588): blockedByLocationOff callingUid=1002
09-01 14:23:52.661 I/BluetoothUtils( 8588): packagename is android.uid.bluetooth:1002 ,and its permission is false
09-01 14:23:52.661 D/BluetoothUtils( 8588): blockedByLocationOff callingUid=1002
09-01 14:23:52.661 I/BluetoothUtils( 8588): packagename is android.uid.bluetooth:1002 ,and its permission is false
09-01 14:23:52.661 D/BluetoothUtils( 8588): blockedByLocationOff callingUid=1002
09-01 14:23:52.662 I/BluetoothUtils( 8588): packagename is android.uid.bluetooth:1002 ,and its permission is false
09-01 14:23:52.667 V/bt_stack( 8588): [VERBOSE1:btm_ble_gap.cc(1923)] btm_ble_process_ext_adv_pkt: bda=53:56:a8:ef:e5:80
09-01 14:23:52.668 V/bt_stack( 8588): [VERBOSE1:btm_ble_gap.cc(1847)] btm_ble_process_adv_addr: bda=53:56:a8:ef:e5:80
09-01 14:23:52.668 V/bt_stack( 8588): [VERBOSE1:btm_ble_gap.cc(2052)]  Waiting for scan response 53:56:a8:ef:e5:80
09-01 14:23:52.668 V/bt_stack( 8588): [VERBOSE1:btm_ble_gap.cc(1923)] btm_ble_process_ext_adv_pkt: bda=53:56:a8:ef:e5:80
09-01 14:23:52.668 V/bt_stack( 8588): [VERBOSE1:btm_ble_gap.cc(1847)] btm_ble_process_adv_addr: bda=53:56:a8:ef:e5:80
09-01 14:23:52.668 D/BluetoothUtils( 8588): blockedByLocationOff callingUid=1002
09-01 14:23:52.669 I/BluetoothUtils( 8588): packagename is android.uid.bluetooth:1002 ,and its permission is false
09-01 14:23:52.669 D/BluetoothUtils( 8588): blockedByLocationOff callingUid=1002
09-01 14:23:52.669 I/BluetoothUtils( 8588): packagename is android.uid.bluetooth:1002 ,and its permission is false
09-01 14:23:52.669 D/BluetoothUtils( 8588): blockedByLocationOff callingUid=1002
09-01 14:23:52.669 I/BluetoothUtils( 8588): packagename is android.uid.bluetooth:1002 ,and its permission is false
09-01 14:23:52.678 V/bt_stack( 8588): [VERBOSE1:btm_ble_gap.cc(1923)] btm_ble_process_ext_adv_pkt: bda=5d:4a:e1:72:21:47
09-01 14:23:52.678 V/bt_stack( 8588): [VERBOSE1:btm_ble_gap.cc(1847)] btm_ble_process_adv_addr: bda=5d:4a:e1:72:21:47
09-01 14:23:52.678 V/bt_stack( 8588): [VERBOSE1:btm_ble_gap.cc(2052)]  Waiting for scan response 5d:4a:e1:72:21:47
09-01 14:23:52.678 V/bt_stack( 8588): [VERBOSE1:btm_ble_gap.cc(1923)] btm_ble_process_ext_adv_pkt: bda=25:5e:6a:5a:81:28
09-01 14:23:52.678 V/bt_stack( 8588): [VERBOSE1:btm_ble_gap.cc(1847)] btm_ble_process_adv_addr: bda=25:5e:6a:5a:81:28
09-01 14:23:52.679 D/BluetoothUtils( 8588): blockedByLocationOff callingUid=1002
09-01 14:23:52.680 I/BluetoothUtils( 8588): packagename is android.uid.bluetooth:1002 ,and its permission is false
09-01 14:23:52.680 D/BluetoothUtils( 8588): blockedByLocationOff callingUid=1002
09-01 14:23:52.680 I/BluetoothUtils( 8588): packagename is android.uid.bluetooth:1002 ,and its permission is false
09-01 14:23:52.680 D/BluetoothUtils( 8588): blockedByLocationOff callingUid=1002
09-01 14:23:52.680 V/bt_stack( 8588): [VERBOSE1:btm_ble_gap.cc(1923)] btm_ble_process_ext_adv_pkt: bda=77:70:e9:20:dc:cd
09-01 14:23:52.681 I/BluetoothUtils( 8588): packagename is android.uid.bluetooth:1002 ,and its permission is false
09-01 14:23:52.681 V/bt_stack( 8588): [VERBOSE1:btm_ble_gap.cc(1847)] btm_ble_process_adv_addr: bda=77:70:e9:20:dc:cd
09-01 14:23:52.681 D/BluetoothUtils( 8588): blockedByLocationOff callingUid=1002
09-01 14:23:52.682 V/bt_stack( 8588): [VERBOSE1:btm_ble_gap.cc(1923)] btm_ble_process_ext_adv_pkt: bda=0c:1a:06:0e:96:57
09-01 14:23:52.682 V/bt_stack( 8588): [VERBOSE1:btm_ble_gap.cc(1847)] btm_ble_process_adv_addr: bda=0c:1a:06:0e:96:57
09-01 14:23:52.682 I/BluetoothUtils( 8588): packagename is android.uid.bluetooth:1002 ,and its permission is false
09-01 14:23:52.682 D/BluetoothUtils( 8588): blockedByLocationOff callingUid=1002
09-01 14:23:52.682 I/BluetoothUtils( 8588): packagename is android.uid.bluetooth:1002 ,and its permission is false
09-01 14:23:52.682 D/BluetoothUtils( 8588): blockedByLocationOff callingUid=1002
09-01 14:23:52.682 I/BluetoothUtils( 8588): packagename is android.uid.bluetooth:1002 ,and its permission is false
09-01 14:23:52.683 D/BluetoothUtils( 8588): blockedByLocationOff callingUid=1002
09-01 14:23:52.684 I/BluetoothUtils( 8588): packagename is android.uid.bluetooth:1002 ,and its permission is false
09-01 14:23:52.684 D/BluetoothUtils( 8588): blockedByLocationOff callingUid=1002
09-01 14:23:52.684 I/BluetoothUtils( 8588): packagename is android.uid.bluetooth:1002 ,and its permission is false
09-01 14:23:52.684 D/BluetoothUtils( 8588): blockedByLocationOff callingUid=1002
09-01 14:23:52.684 I/BluetoothUtils( 8588): packagename is android.uid.bluetooth:1002 ,and its permission is false
09-01 14:23:52.688 V/bt_stack( 8588): [VERBOSE1:btm_ble_gap.cc(1923)] btm_ble_process_ext_adv_pkt: bda=3c:22:fb:3d:0a:8f
09-01 14:23:52.688 V/bt_stack( 8588): [VERBOSE1:btm_ble_gap.cc(1847)] btm_ble_process_adv_addr: bda=3c:22:fb:3d:0a:8f
09-01 14:23:52.688 V/bt_stack( 8588): [VERBOSE1:btm_ble_gap.cc(2052)]  Waiting for scan response 3c:22:fb:3d:0a:8f
09-01 14:23:52.688 V/bt_stack( 8588): [VERBOSE1:btm_ble_gap.cc(1923)] btm_ble_process_ext_adv_pkt: bda=38:f9:d3:45:87:1e
09-01 14:23:52.688 V/bt_stack( 8588): [VERBOSE1:btm_ble_gap.cc(1847)] btm_ble_process_adv_addr: bda=38:f9:d3:45:87:1e
09-01 14:23:52.688 V/bt_stack( 8588): [VERBOSE1:btm_ble_gap.cc(2052)]  Waiting for scan response 38:f9:d3:45:87:1e
09-01 14:23:52.688 V/bt_stack( 8588): [VERBOSE1:btm_ble_gap.cc(1923)] btm_ble_process_ext_adv_pkt: bda=38:f9:d3:45:87:1e
09-01 14:23:52.688 V/bt_stack( 8588): [VERBOSE1:btm_ble_gap.cc(1847)] btm_ble_process_adv_addr: bda=38:f9:d3:45:87:1e
09-01 14:23:52.689 I//system/vendor/bin/mi_thermald( 1070): thermal_cpu_set_level: set cpu freq of cpu7 to 2419200
09-01 14:23:52.689 D/BluetoothUtils( 8588): blockedByLocationOff callingUid=1002
09-01 14:23:52.689 I/BluetoothUtils( 8588): packagename is android.uid.bluetooth:1002 ,and its permission is false
09-01 14:23:52.689 D/BluetoothUtils( 8588): blockedByLocationOff callingUid=1002
09-01 14:23:52.690 I/BluetoothUtils( 8588): packagename is android.uid.bluetooth:1002 ,and its permission is false
09-01 14:23:52.690 D/BluetoothUtils( 8588): blockedByLocationOff callingUid=1002
09-01 14:23:52.690 I/BluetoothUtils( 8588): packagename is android.uid.bluetooth:1002 ,and its permission is false
09-01 14:23:52.703 V/bt_stack( 8588): [VERBOSE1:btm_ble_gap.cc(1923)] btm_ble_process_ext_adv_pkt: bda=1a:90:83:98:47:ad
09-01 14:23:52.704 V/bt_stack( 8588): [VERBOSE1:btm_ble_gap.cc(1847)] btm_ble_process_adv_addr: bda=1a:90:83:98:47:ad
09-01 14:23:52.704 D/BluetoothUtils( 8588): blockedByLocationOff callingUid=1002
09-01 14:23:52.705 I/BluetoothUtils( 8588): packagename is android.uid.bluetooth:1002 ,and its permission is false
09-01 14:23:52.705 D/BluetoothUtils( 8588): blockedByLocationOff callingUid=1002
09-01 14:23:52.705 I/BluetoothUtils( 8588): packagename is android.uid.bluetooth:1002 ,and its permission is false
09-01 14:23:52.705 D/BluetoothUtils( 8588): blockedByLocationOff callingUid=1002
09-01 14:23:52.705 I/BluetoothUtils( 8588): packagename is android.uid.bluetooth:1002 ,and its permission is false
09-01 14:23:52.714 V/bt_stack( 8588): [VERBOSE1:btm_ble_gap.cc(1923)] btm_ble_process_ext_adv_pkt: bda=59:bb:67:f0:94:3c
09-01 14:23:52.714 V/bt_stack( 8588): [VERBOSE1:btm_ble_gap.cc(1847)] btm_ble_process_adv_addr: bda=59:bb:67:f0:94:3c
09-01 14:23:52.715 D/BluetoothUtils( 8588): blockedByLocationOff callingUid=1002
09-01 14:23:52.716 I/BluetoothUtils( 8588): packagename is android.uid.bluetooth:1002 ,and its permission is false
09-01 14:23:52.716 D/BluetoothUtils( 8588): blockedByLocationOff callingUid=1002
09-01 14:23:52.716 I/BluetoothUtils( 8588): packagename is android.uid.bluetooth:1002 ,and its permission is false
09-01 14:23:52.716 D/BluetoothUtils( 8588): blockedByLocationOff callingUid=1002
09-01 14:23:52.717 I/BluetoothUtils( 8588): packagename is android.uid.bluetooth:1002 ,and its permission is false
09-01 14:23:52.734 V/bt_stack( 8588): [VERBOSE1:btm_ble_gap.cc(1923)] btm_ble_process_ext_adv_pkt: bda=67:f6:87:88:9f:40
09-01 14:23:52.734 V/bt_stack( 8588): [VERBOSE1:btm_ble_gap.cc(1847)] btm_ble_process_adv_addr: bda=67:f6:87:88:9f:40
09-01 14:23:52.734 V/bt_stack( 8588): [VERBOSE1:btm_ble_gap.cc(2052)]  Waiting for scan response 67:f6:87:88:9f:40
09-01 14:23:52.734 V/bt_stack( 8588): [VERBOSE1:btm_ble_gap.cc(1923)] btm_ble_process_ext_adv_pkt: bda=17:be:83:99:5a:17
09-01 14:23:52.734 V/bt_stack( 8588): [VERBOSE1:btm_ble_gap.cc(1847)] btm_ble_process_adv_addr: bda=17:be:83:99:5a:17
09-01 14:23:52.735 D/BluetoothUtils( 8588): blockedByLocationOff callingUid=1002
09-01 14:23:52.736 I/BluetoothUtils( 8588): packagename is android.uid.bluetooth:1002 ,and its permission is false
09-01 14:23:52.736 D/BluetoothUtils( 8588): blockedByLocationOff callingUid=1002
09-01 14:23:52.736 I/BluetoothUtils( 8588): packagename is android.uid.bluetooth:1002 ,and its permission is false
09-01 14:23:52.736 D/BluetoothUtils( 8588): blockedByLocationOff callingUid=1002
09-01 14:23:52.737 I/BluetoothUtils( 8588): packagename is android.uid.bluetooth:1002 ,and its permission is false
09-01 14:23:52.737 V/bt_stack( 8588): [VERBOSE1:btm_ble_gap.cc(1923)] btm_ble_process_ext_adv_pkt: bda=2e:17:70:f9:0b:48
09-01 14:23:52.737 V/bt_stack( 8588): [VERBOSE1:btm_ble_gap.cc(1847)] btm_ble_process_adv_addr: bda=2e:17:70:f9:0b:48
09-01 14:23:52.738 D/BluetoothUtils( 8588): blockedByLocationOff callingUid=1002
09-01 14:23:52.738 I/BluetoothUtils( 8588): packagename is android.uid.bluetooth:1002 ,and its permission is false
09-01 14:23:52.738 D/BluetoothUtils( 8588): blockedByLocationOff callingUid=1002
09-01 14:23:52.739 I/BluetoothUtils( 8588): packagename is android.uid.bluetooth:1002 ,and its permission is false
09-01 14:23:52.739 D/BluetoothUtils( 8588): blockedByLocationOff callingUid=1002
09-01 14:23:52.739 I/BluetoothUtils( 8588): packagename is android.uid.bluetooth:1002 ,and its permission is false
09-01 14:23:52.755 V/bt_stack( 8588): [VERBOSE1:btm_ble_gap.cc(1923)] btm_ble_process_ext_adv_pkt: bda=71:d8:ac:89:39:0d
09-01 14:23:52.755 V/bt_stack( 8588): [VERBOSE1:btm_ble_gap.cc(1847)] btm_ble_process_adv_addr: bda=71:d8:ac:89:39:0d
09-01 14:23:52.755 V/bt_stack( 8588): [VERBOSE1:btm_ble_gap.cc(2052)]  Waiting for scan response 71:d8:ac:89:39:0d
09-01 14:23:52.755 V/bt_stack( 8588): [VERBOSE1:btm_ble_gap.cc(1923)] btm_ble_process_ext_adv_pkt: bda=07:5a:b0:04:f2:ba
09-01 14:23:52.756 V/bt_stack( 8588): [VERBOSE1:btm_ble_gap.cc(1847)] btm_ble_process_adv_addr: bda=07:5a:b0:04:f2:ba
09-01 14:23:52.757 D/BluetoothUtils( 8588): blockedByLocationOff callingUid=1002
09-01 14:23:52.757 I/BluetoothUtils( 8588): packagename is android.uid.bluetooth:1002 ,and its permission is false
09-01 14:23:52.758 D/BluetoothUtils( 8588): blockedByLocationOff callingUid=1002
09-01 14:23:52.758 I/BluetoothUtils( 8588): packagename is android.uid.bluetooth:1002 ,and its permission is false
09-01 14:23:52.758 D/BluetoothUtils( 8588): blockedByLocationOff callingUid=1002
09-01 14:23:52.758 V/bt_stack( 8588): [VERBOSE1:btm_ble_gap.cc(1923)] btm_ble_process_ext_adv_pkt: bda=66:3e:07:e0:2b:d4
09-01 14:23:52.758 I/BluetoothUtils( 8588): packagename is android.uid.bluetooth:1002 ,and its permission is false
09-01 14:23:52.759 V/bt_stack( 8588): [VERBOSE1:btm_ble_gap.cc(1847)] btm_ble_process_adv_addr: bda=66:3e:07:e0:2b:d4
09-01 14:23:52.759 V/bt_stack( 8588): [VERBOSE1:btm_ble_gap.cc(2052)]  Waiting for scan response 66:3e:07:e0:2b:d4
09-01 14:23:52.759 V/bt_stack( 8588): [VERBOSE1:btm_ble_gap.cc(1923)] btm_ble_process_ext_adv_pkt: bda=66:3e:07:e0:2b:d4
09-01 14:23:52.759 V/bt_stack( 8588): [VERBOSE1:btm_ble_gap.cc(1847)] btm_ble_process_adv_addr: bda=66:3e:07:e0:2b:d4
09-01 14:23:52.759 D/BluetoothUtils( 8588): blockedByLocationOff callingUid=1002
09-01 14:23:52.760 I/BluetoothUtils( 8588): packagename is android.uid.bluetooth:1002 ,and its permission is false
09-01 14:23:52.760 D/BluetoothUtils( 8588): blockedByLocationOff callingUid=1002
09-01 14:23:52.760 I/BluetoothUtils( 8588): packagename is android.uid.bluetooth:1002 ,and its permission is false
09-01 14:23:52.760 D/BluetoothUtils( 8588): blockedByLocationOff callingUid=1002
09-01 14:23:52.761 I/BluetoothUtils( 8588): packagename is android.uid.bluetooth:1002 ,and its permission is false
09-01 14:23:52.774 V/bt_stack( 8588): [VERBOSE1:gatt_main.cc(457)] GATT   ATT protocol channel with BDA: c3:d4:f4:e3:11:ec is connected
09-01 14:23:52.774 V/bt_stack( 8588): [VERBOSE1:gatt_utils.cc(312)] gatt_is_bda_in_the_srv_chg_clt_list: c3:d4:f4:e3:11:ec
09-01 14:23:52.774 V/bt_stack( 8588): [VERBOSE1:gatt_main.cc(1079)] gatt_get_ch_state: ch_state=2
09-01 14:23:52.775 V/bt_stack( 8588): [VERBOSE1:gatt_main.cc(1070)] gatt_set_ch_state: old=2 new=0x04
09-01 14:23:52.775 V/bt_stack( 8588): [VERBOSE1:gatt_main.cc(858)] gatt_send_conn_cback : address c3:d4:f4:e3:11:ec
09-01 14:23:52.775 V/bt_stack( 8588): [VERBOSE1:gatt_attr.cc(245)] gatt_connect_cback: from c3:d4:f4:e3:11:ec connected: 1, conn_id: 0x0001reason: 000000
09-01 14:23:52.775 V/bt_stack( 8588): [VERBOSE1:gatt_api.cc(934)] GATT_SetIdleTimeout idle_tout=65535, status=1 (1-OK 0-not performed)
09-01 14:23:52.775 W/bt_btm  ( 8588): btm_read_remote_version_complete lmp_version 10 manufacturer 210 lmp_subversion 1
09-01 14:23:52.775 E/bt_btif ( 8588): bta_dm_acl_change new acl connetion:count = 1
09-01 14:23:52.775 W/bt_btif ( 8588): bta_dm_acl_change info: 0x0
09-01 14:23:52.775 W/bt_l2cap( 8588): L2CA_SetDesireRole() new:x1, disallow_switch:0
09-01 14:23:52.775 D/bt_btif_dm( 8588): remote version info [c3:d4:f4:e3:11:ec]: 0, 0, 0
09-01 14:23:52.775 V/bt_stack( 8588): [VERBOSE1:bta_gattc_main.cc(361)] bta_gattc_hdl_event: Event:BTA_GATTC_INT_CONN_EVT
09-01 14:23:52.776 V/bt_stack( 8588): [VERBOSE1:bta_gattc_main.cc(385)] Ignore unknown conn ID: 3
09-01 14:23:52.776 V/bt_stack( 8588): [VERBOSE1:bta_gattc_main.cc(361)] bta_gattc_hdl_event: Event:BTA_GATTC_INT_CONN_EVT
09-01 14:23:52.776 V/bt_stack( 8588): [VERBOSE1:bta_gattc_main.cc(385)] Ignore unknown conn ID: 4
09-01 14:23:52.776 V/bt_stack( 8588): [VERBOSE1:bta_gattc_main.cc(361)] bta_gattc_hdl_event: Event:BTA_GATTC_INT_CONN_EVT
09-01 14:23:52.776 V/bt_stack( 8588): [VERBOSE1:bta_gattc_main.cc(385)] Ignore unknown conn ID: 5
09-01 14:23:52.776 V/bt_stack( 8588): [VERBOSE1:bta_gattc_main.cc(361)] bta_gattc_hdl_event: Event:BTA_GATTC_INT_CONN_EVT
09-01 14:23:52.776 V/bt_stack( 8588): [VERBOSE1:bta_gattc_main.cc(385)] Ignore unknown conn ID: 6
09-01 14:23:52.776 V/bt_stack( 8588): [VERBOSE1:bta_gattc_main.cc(361)] bta_gattc_hdl_event: Event:BTA_GATTC_INT_CONN_EVT
09-01 14:23:52.776 V/bt_stack( 8588): [VERBOSE1:bta_gattc_main.cc(385)] Ignore unknown conn ID: 7
09-01 14:23:52.776 V/bt_stack( 8588): [VERBOSE1:bta_gattc_main.cc(361)] bta_gattc_hdl_event: Event:BTA_GATTC_INT_CONN_EVT
09-01 14:23:52.776 V/bt_stack( 8588): [VERBOSE1:bta_gattc_main.cc(305)] bta_gattc_sm_execute: State 0x01 [GATTC_W4_CONN_ST], Event 0x1f0c[BTA_GATTC_INT_CONN_EVT]
09-01 14:23:52.776 V/bt_stack( 8588): [VERBOSE1:bta_gattc_act.cc(462)] bta_gattc_conn: server cache state=0
09-01 14:23:52.776 V/bt_stack( 8588): [VERBOSE1:bta_gattc_act.cc(465)] bta_gattc_conn: conn_id=0x0008
09-01 14:23:52.776 V/bt_stack( 8588): [VERBOSE1:gatt_api.cc(1276)] GATT_GetConnectionInfor conn_id=0x0008
09-01 14:23:52.776 E/bt_stack( 8588): [ERROR:bta_gattc_cache.cc(723)] bta_gattc_cache_load: can't open GATT cache file /data/misc/bluetooth/gatt_cache_c3d4f4e311ec for reading, error: No such file or directory
09-01 14:23:52.776 V/bt_stack( 8588): [VERBOSE1:bta_gattc_act.cc(641)] bta_gattc_start_discover: conn_id:0x0008 p_clcb->p_srcb->state:3
09-01 14:23:52.777 I/bt_stack( 8588): [INFO:hearing_aid.cc(1796)] GetDeviceCount: Not initialized yet
09-01 14:23:52.778 I/bt_stack( 8588): [INFO:gatt_api.cc(642)] GATTC_Discover conn_id=0x0008, disc_type=1, s_handle=0x0001, e_handle=0xffff
09-01 14:23:52.778 V/bt_stack( 8588): [VERBOSE1:bta_gattc_main.cc(341)] bta_gattc_sm_execute: GATTC State Change: 0x01 -> 0x03 after Event 0x1f0c
09-01 14:23:52.778 D/BtGatt.GattService( 8588): onConnected() - clientIf=8, connId=8, address=C3:D4:F4:E3:11:EC
09-01 14:23:52.778 V/bt_stack( 8588): [VERBOSE1:bta_gattc_main.cc(361)] bta_gattc_hdl_event: Event:BTA_GATTC_INT_CONN_EVT
09-01 14:23:52.778 V/bt_stack( 8588): [VERBOSE1:bta_gattc_main.cc(385)] Ignore unknown conn ID: 9
09-01 14:23:52.778 V/bt_stack( 8588): [VERBOSE1:bta_gattc_main.cc(361)] bta_gattc_hdl_event: Event:BTA_GATTC_INT_CONN_EVT
09-01 14:23:52.778 V/bt_stack( 8588): [VERBOSE1:bta_gattc_main.cc(385)] Ignore unknown conn ID: 10
09-01 14:23:52.778 V/bt_stack( 8588): [VERBOSE1:bta_gattc_main.cc(361)] bta_gattc_hdl_event: Event:BTA_GATTC_INT_CONN_EVT
09-01 14:23:52.778 V/bt_stack( 8588): [VERBOSE1:bta_gattc_main.cc(385)] Ignore unknown conn ID: 11
09-01 14:23:52.778 W/BluetoothEventManager( 3272): AclStateChangedHandler: activeDevice is null
09-01 14:23:52.780 D/CompatibilityInfo( 1639): mCompatibilityFlags - 0
09-01 14:23:52.780 D/CompatibilityInfo( 1639): applicationDensity - 440
09-01 14:23:52.780 D/CompatibilityInfo( 1639): applicationScale - 1.0
09-01 14:23:52.782 D/BluetoothGatt( 3502): onClientConnectionState() - status=0 clientIf=8 device=C3:D4:F4:E3:11:EC
09-01 14:23:52.782 W/BluetoothEventManager(29730): AclStateChangedHandler: activeDevice is null
09-01 14:23:52.782 D/Bluetooth_AIVS_SDK(22367): AIVS:BluetoothBase:onConnection Find device :C3:D4:F4:E3:11:EC not exist.
09-01 14:23:52.783 I/TrustAgent(20208): TAG: TrustAgent.Tracker. [BluetoothConnectionTracker] Bluetooth connect broadast for Mi Smart Band 5 C3:D4:F4:E3:11:EC [CONTEXT service_id=84 ]
09-01 14:23:52.785 D/BluetoothGatt( 3502): discoverServices() - device: C3:D4:F4:E3:11:EC
09-01 14:23:52.785 D/BtGatt.GattService( 8588): discoverServices() - address=C3:D4:F4:E3:11:EC, connId=8
09-01 14:23:52.785 V/bt_stack( 8588): [VERBOSE1:bta_gattc_main.cc(361)] bta_gattc_hdl_event: Event:BTA_GATTC_API_SEARCH_EVT
09-01 14:23:52.786 V/bt_stack( 8588): [VERBOSE1:bta_gattc_main.cc(305)] bta_gattc_sm_execute: State 0x03 [GATTC_DISCOVER_ST], Event 0x1f09[BTA_GATTC_API_SEARCH_EVT]
09-01 14:23:52.786 V/bt_stack( 8588): [VERBOSE1:bta_gattc_main.cc(341)] bta_gattc_sm_execute: GATTC State Change: 0x03 -> 0x03 after Event 0x1f09
09-01 14:23:52.789 D/Bluetooth_AIVS_SDK(22367): AIVS:BluetoothBase:onReceive: ACTION_ACL_CONNECTED,  device : BluetoothDeviceInfo{ mCurrentOpType: 2 Device Ble='Mi Smart Band 5; C3:D4:F4:E3:11:EC vid:0xffff pid:0x ffff MandatoryUpgrade:false channelStatus:0bleStatus:0 sppStatus:0 authStage:0 PowerMode:0 mBackUpMode:-1 FailedReason:0x0}
09-01 14:23:52.791 I/BluetoothProxy(22367): onBleStatus: device = bluetoothDeviceExt{ mCurrentOpType: 2, Device Ble='Mi Smart Band 5; C3:D4:F4:E3:11:EC, vid:0xffff, pid:0x ffff, Status : MandatoryUpgrade:false, PowerMode:0, mChannelType:-1, DualBackupFlag:-1, mRssi:-9999, mConnectType:0, mIsBoundByOtherDevice:false, mIsDirectlyConnectSpp:false, mIsEdrConnectedByOtherDevice:false, color type:0, count:0, mFailedReason:0x0}, status = 4
09-01 14:23:52.792 I/BaseBluetoothBusEvent(22367): onBleStatus: bluetoothDevice = bluetoothDeviceExt{ mCurrentOpType: 2, Device Ble='Mi Smart Band 5; C3:D4:F4:E3:11:EC, vid:0xffff, pid:0x ffff, Status : MandatoryUpgrade:false, PowerMode:0, mChannelType:-1, DualBackupFlag:-1, mRssi:-9999, mConnectType:0, mIsBoundByOtherDevice:false, mIsDirectlyConnectSpp:false, mIsEdrConnectedByOtherDevice:false, color type:0, count:0, mFailedReason:0x0} , status = 4
09-01 14:23:52.808 W/ActivityManager( 1639): Unable to start service Intent { act=android.bluetooth.device.action.ACL_CONNECTED cmp=com.google.android.gms/.nearby.discovery.service.DiscoveryService (has extras) } U=0: not found
09-01 14:23:52.819 I/vendor.qti.bluetooth@1.0-ibs_handler(19843): ProcessIbsCmd: Received IBS_SLEEP_IND: 0xFE
09-01 14:23:52.819 I/vendor.qti.bluetooth@1.0-ibs_handler(19843): ProcessIbsCmd: Received IBS_WAKE_IND: 0xFD
09-01 14:23:52.819 I/vendor.qti.bluetooth@1.0-ibs_handler(19843): ProcessIbsCmd: Writing IBS_WAKE_ACK
09-01 14:23:52.820 D/AppOpsAdapter( 5211): using permission notify! 32
09-01 14:23:52.824 I/BehaviorRecord-Monitor( 5237): com.xiaomi.hm.health , perm: 32 , operation 2 , current size: 1
09-01 14:23:52.825 D/IdProviderImpl( 3502): getOAID
09-01 14:23:52.836 V/bt_stack( 8588): [VERBOSE1:btm_ble_gap.cc(1923)] btm_ble_process_ext_adv_pkt: bda=17:be:83:99:5a:17
09-01 14:23:52.836 V/bt_stack( 8588): [VERBOSE1:btm_ble_gap.cc(1847)] btm_ble_process_adv_addr: bda=17:be:83:99:5a:17
09-01 14:23:52.837 D/BluetoothUtils( 8588): blockedByLocationOff callingUid=1002
09-01 14:23:52.838 I/BluetoothUtils( 8588): packagename is android.uid.bluetooth:1002 ,and its permission is false
09-01 14:23:52.838 D/BluetoothUtils( 8588): blockedByLocationOff callingUid=1002
09-01 14:23:52.838 I/BluetoothUtils( 8588): packagename is android.uid.bluetooth:1002 ,and its permission is false
09-01 14:23:52.838 D/BluetoothUtils( 8588): blockedByLocationOff callingUid=1002
09-01 14:23:52.838 I/BluetoothUtils( 8588): packagename is android.uid.bluetooth:1002 ,and its permission is false
09-01 14:23:52.855 V/bt_stack( 8588): [VERBOSE1:btm_ble_gap.cc(1923)] btm_ble_process_ext_adv_pkt: bda=72:1f:5b:cb:e4:06
09-01 14:23:52.855 V/bt_stack( 8588): [VERBOSE1:btm_ble_gap.cc(1847)] btm_ble_process_adv_addr: bda=72:1f:5b:cb:e4:06
09-01 14:23:52.855 V/bt_stack( 8588): [VERBOSE1:btm_ble_gap.cc(2052)]  Waiting for scan response 72:1f:5b:cb:e4:06
09-01 14:23:52.855 V/bt_stack( 8588): [VERBOSE1:btm_ble_gap.cc(1923)] btm_ble_process_ext_adv_pkt: bda=07:5a:b0:04:f2:ba
09-01 14:23:52.855 V/bt_stack( 8588): [VERBOSE1:btm_ble_gap.cc(1847)] btm_ble_process_adv_addr: bda=07:5a:b0:04:f2:ba
09-01 14:23:52.856 D/BluetoothUtils( 8588): blockedByLocationOff callingUid=1002
09-01 14:23:52.856 I/BluetoothUtils( 8588): packagename is android.uid.bluetooth:1002 ,and its permission is false
09-01 14:23:52.856 D/BluetoothUtils( 8588): blockedByLocationOff callingUid=1002
09-01 14:23:52.856 I/BluetoothUtils( 8588): packagename is android.uid.bluetooth:1002 ,and its permission is false
09-01 14:23:52.856 D/BluetoothUtils( 8588): blockedByLocationOff callingUid=1002
09-01 14:23:52.857 I/BluetoothUtils( 8588): packagename is android.uid.bluetooth:1002 ,and its permission is false
09-01 14:23:52.864 V/bt_stack( 8588): [VERBOSE1:gatt_main.cc(1079)] gatt_get_ch_state: ch_state=4
09-01 14:23:52.864 I/bt_stack( 8588): [INFO:gatt_main.cc(912)] gatt_data_process op_code = 17, msg_len = 19
09-01 14:23:52.864 I/appium  ( 3448): AppiumResponse: {"sessionId":"06b5de24-b51b-4907-8e5d-a591dbb38551","value":{"error":"no such element","message":"An element could not be located on the page using the given search parameters","stacktrace":"io.appium.uiautomator2.common.exceptions.ElementNotFoundException: An element could not be located on the ...
09-01 14:23:52.864 V/bt_stack( 8588): [VERBOSE1:gatt_cl.cc(1094)] gatt_client_handle_server_rsp op_code: 17, len = 19rsp_code: 17
09-01 14:23:52.864 V/bt_stack( 8588): [VERBOSE1:bta_gattc_cache.cc(322)] bta_gattc_disc_res_cbackconn_id 8disc_type 
09-01 14:23:52.864 I/chatty  ( 8588): uid=1002(bluetooth) btu message loo identical 1 line
09-01 14:23:52.864 V/bt_stack( 8588): [VERBOSE1:bta_gattc_cache.cc(322)] bta_gattc_disc_res_cbackconn_id 8disc_type 
09-01 14:23:52.871 E/ResolverController(  679): No valid NAT64 prefix (116, <unspecified>/0)
09-01 14:23:52.874 V/bt_stack( 8588): [VERBOSE1:btm_ble_gap.cc(1923)] btm_ble_process_ext_adv_pkt: bda=45:55:7e:66:6f:d0
09-01 14:23:52.874 V/bt_stack( 8588): [VERBOSE1:btm_ble_gap.cc(1847)] btm_ble_process_adv_addr: bda=45:55:7e:66:6f:d0
09-01 14:23:52.874 V/bt_stack( 8588): [VERBOSE1:btm_ble_gap.cc(2052)]  Waiting for scan response 45:55:7e:66:6f:d0
09-01 14:23:52.875 V/bt_stack( 8588): [VERBOSE1:btm_ble_gap.cc(1923)] btm_ble_process_ext_adv_pkt: bda=38:f9:d3:45:87:1e
09-01 14:23:52.875 V/bt_stack( 8588): [VERBOSE1:btm_ble_gap.cc(1847)] btm_ble_process_adv_addr: bda=38:f9:d3:45:87:1e
09-01 14:23:52.875 V/bt_stack( 8588): [VERBOSE1:btm_ble_gap.cc(2052)]  Waiting for scan response 38:f9:d3:45:87:1e
09-01 14:23:52.875 V/bt_stack( 8588): [VERBOSE1:btm_ble_gap.cc(1923)] btm_ble_process_ext_adv_pkt: bda=38:f9:d3:45:87:1e
09-01 14:23:52.875 V/bt_stack( 8588): [VERBOSE1:btm_ble_gap.cc(1847)] btm_ble_process_adv_addr: bda=38:f9:d3:45:87:1e
09-01 14:23:52.876 D/BluetoothUtils( 8588): blockedByLocationOff callingUid=1002
09-01 14:23:52.876 I/BluetoothUtils( 8588): packagename is android.uid.bluetooth:1002 ,and its permission is false
09-01 14:23:52.876 D/BluetoothUtils( 8588): blockedByLocationOff callingUid=1002
09-01 14:23:52.877 I/BluetoothUtils( 8588): packagename is android.uid.bluetooth:1002 ,and its permission is false
09-01 14:23:52.877 D/BluetoothUtils( 8588): blockedByLocationOff callingUid=1002
09-01 14:23:52.877 I/BluetoothUtils( 8588): packagename is android.uid.bluetooth:1002 ,and its permission is false
09-01 14:23:52.884 V/bt_stack( 8588): [VERBOSE1:btm_ble_gap.cc(1923)] btm_ble_process_ext_adv_pkt: bda=33:55:74:83:d5:3a
09-01 14:23:52.884 V/bt_stack( 8588): [VERBOSE1:btm_ble_gap.cc(1847)] btm_ble_process_adv_addr: bda=33:55:74:83:d5:3a
09-01 14:23:52.885 D/BluetoothUtils( 8588): blockedByLocationOff callingUid=1002
09-01 14:23:52.885 I/BluetoothUtils( 8588): packagename is android.uid.bluetooth:1002 ,and its permission is false
09-01 14:23:52.885 D/BluetoothUtils( 8588): blockedByLocationOff callingUid=1002
09-01 14:23:52.886 I/BluetoothUtils( 8588): packagename is android.uid.bluetooth:1002 ,and its permission is false
09-01 14:23:52.886 D/BluetoothUtils( 8588): blockedByLocationOff callingUid=1002
09-01 14:23:52.886 V/bt_stack( 8588): [VERBOSE1:btm_ble_gap.cc(1923)] btm_ble_process_ext_adv_pkt: bda=77:70:e9:20:dc:cd
09-01 14:23:52.886 I/BluetoothUtils( 8588): packagename is android.uid.bluetooth:1002 ,and its permission is false
09-01 14:23:52.886 V/bt_stack( 8588): [VERBOSE1:btm_ble_gap.cc(1847)] btm_ble_process_adv_addr: bda=77:70:e9:20:dc:cd
09-01 14:23:52.887 D/BluetoothUtils( 8588): blockedByLocationOff callingUid=1002
09-01 14:23:52.887 I/BluetoothUtils( 8588): packagename is android.uid.bluetooth:1002 ,and its permission is false
09-01 14:23:52.887 D/BluetoothUtils( 8588): blockedByLocationOff callingUid=1002
09-01 14:23:52.888 I/BluetoothUtils( 8588): packagename is android.uid.bluetooth:1002 ,and its permission is false
09-01 14:23:52.888 D/BluetoothUtils( 8588): blockedByLocationOff callingUid=1002
09-01 14:23:52.888 I/BluetoothUtils( 8588): packagename is android.uid.bluetooth:1002 ,and its permission is false
09-01 14:23:52.895 V/bt_stack( 8588): [VERBOSE1:btm_ble_gap.cc(1923)] btm_ble_process_ext_adv_pkt: bda=0a:29:89:b7:c8:4a
09-01 14:23:52.895 V/bt_stack( 8588): [VERBOSE1:btm_ble_gap.cc(1847)] btm_ble_process_adv_addr: bda=0a:29:89:b7:c8:4a
09-01 14:23:52.896 D/BluetoothUtils( 8588): blockedByLocationOff callingUid=1002
09-01 14:23:52.897 I/BluetoothUtils( 8588): packagename is android.uid.bluetooth:1002 ,and its permission is false
09-01 14:23:52.897 D/BluetoothUtils( 8588): blockedByLocationOff callingUid=1002
09-01 14:23:52.897 I/BluetoothUtils( 8588): packagename is android.uid.bluetooth:1002 ,and its permission is false
09-01 14:23:52.897 V/bt_stack( 8588): [VERBOSE1:btm_ble_gap.cc(1923)] btm_ble_process_ext_adv_pkt: bda=0c:1a:06:0e:96:57
09-01 14:23:52.897 D/BluetoothUtils( 8588): blockedByLocationOff callingUid=1002
09-01 14:23:52.897 V/bt_stack( 8588): [VERBOSE1:btm_ble_gap.cc(1847)] btm_ble_process_adv_addr: bda=0c:1a:06:0e:96:57
09-01 14:23:52.897 I/BluetoothUtils( 8588): packagename is android.uid.bluetooth:1002 ,and its permission is false
09-01 14:23:52.898 D/BluetoothUtils( 8588): blockedByLocationOff callingUid=1002
09-01 14:23:52.898 I/BluetoothUtils( 8588): packagename is android.uid.bluetooth:1002 ,and its permission is false
09-01 14:23:52.898 D/BluetoothUtils( 8588): blockedByLocationOff callingUid=1002
09-01 14:23:52.898 V/bt_stack( 8588): [VERBOSE1:btm_ble_gap.cc(1923)] btm_ble_process_ext_adv_pkt: bda=30:b8:83:fe:c9:1f
09-01 14:23:52.899 V/bt_stack( 8588): [VERBOSE1:btm_ble_gap.cc(1847)] btm_ble_process_adv_addr: bda=30:b8:83:fe:c9:1f
09-01 14:23:52.899 I/BluetoothUtils( 8588): packagename is android.uid.bluetooth:1002 ,and its permission is false
09-01 14:23:52.899 D/BluetoothUtils( 8588): blockedByLocationOff callingUid=1002
09-01 14:23:52.899 I/BluetoothUtils( 8588): packagename is android.uid.bluetooth:1002 ,and its permission is false
09-01 14:23:52.900 D/BluetoothUtils( 8588): blockedByLocationOff callingUid=1002
09-01 14:23:52.900 I/BluetoothUtils( 8588): packagename is android.uid.bluetooth:1002 ,and its permission is false
09-01 14:23:52.900 D/BluetoothUtils( 8588): blockedByLocationOff callingUid=1002
09-01 14:23:52.900 I/BluetoothUtils( 8588): packagename is android.uid.bluetooth:1002 ,and its permission is false
09-01 14:23:52.900 D/BluetoothUtils( 8588): blockedByLocationOff callingUid=1002
09-01 14:23:52.901 I/BluetoothUtils( 8588): packagename is android.uid.bluetooth:1002 ,and its permission is false
09-01 14:23:52.921 V/bt_stack( 8588): [VERBOSE1:btm_ble_gap.cc(1923)] btm_ble_process_ext_adv_pkt: bda=71:d8:ac:89:39:0d
09-01 14:23:52.921 V/bt_stack( 8588): [VERBOSE1:btm_ble_gap.cc(1847)] btm_ble_process_adv_addr: bda=71:d8:ac:89:39:0d
09-01 14:23:52.921 V/bt_stack( 8588): [VERBOSE1:btm_ble_gap.cc(2052)]  Waiting for scan response 71:d8:ac:89:39:0d
09-01 14:23:52.921 V/bt_stack( 8588): [VERBOSE1:btm_ble_gap.cc(1923)] btm_ble_process_ext_adv_pkt: bda=1a:90:83:98:47:ad
09-01 14:23:52.921 V/bt_stack( 8588): [VERBOSE1:btm_ble_gap.cc(1847)] btm_ble_process_adv_addr: bda=1a:90:83:98:47:ad
09-01 14:23:52.922 V/bt_stack( 8588): [VERBOSE1:btm_ble_gap.cc(1923)] btm_ble_process_ext_adv_pkt: bda=12:1c:38:cd:04:e8
09-01 14:23:52.922 V/bt_stack( 8588): [VERBOSE1:btm_ble_gap.cc(1847)] btm_ble_process_adv_addr: bda=12:1c:38:cd:04:e8
09-01 14:23:52.922 W/Parcel  ( 5237): **** enforceInterface() expected 'com.miui.gamebooster.service.ISecurityCenterNotificationListener' but read 'android.service.notification.INotificationListener'
09-01 14:23:52.922 W/Binder  ( 5237): Caught a RuntimeException from the binder stub implementation.
09-01 14:23:52.922 W/Binder  ( 5237): java.lang.SecurityException: Binder invocation to an incorrect interface
09-01 14:23:52.922 W/Binder  ( 5237): 	at android.os.Parcel.nativeEnforceInterface(Native Method)
09-01 14:23:52.922 W/Binder  ( 5237): 	at android.os.Parcel.enforceInterface(Parcel.java:626)
09-01 14:23:52.922 W/Binder  ( 5237): 	at com.miui.gamebooster.service.ISecurityCenterNotificationListener$Stub.onTransact(Unknown Source:22)
09-01 14:23:52.922 W/Binder  ( 5237): 	at android.os.Binder.execTransactInternal(Binder.java:1021)
09-01 14:23:52.922 W/Binder  ( 5237): 	at android.os.Binder.execTransact(Binder.java:994)
09-01 14:23:52.923 D/BluetoothUtils( 8588): blockedByLocationOff callingUid=1002
09-01 14:23:52.925 V/onNotificationPostedCallBack( 5237): flags=98
09-01 14:23:52.926 V/j       ( 5237): ret=0
09-01 14:23:52.926 W/Parcel  ( 5237): **** enforceInterface() expected 'com.miui.gamebooster.service.ISecurityCenterNotificationListener' but read 'android.service.notification.INotificationListener'
09-01 14:23:52.927 I/BluetoothUtils( 8588): packagename is android.uid.bluetooth:1002 ,and its permission is false
09-01 14:23:52.927 W/Binder  ( 5237): Caught a RuntimeException from the binder stub implementation.
09-01 14:23:52.927 W/Binder  ( 5237): java.lang.SecurityException: Binder invocation to an incorrect interface
09-01 14:23:52.927 W/Binder  ( 5237): 	at android.os.Parcel.nativeEnforceInterface(Native Method)
09-01 14:23:52.927 W/Binder  ( 5237): 	at android.os.Parcel.enforceInterface(Parcel.java:626)
09-01 14:23:52.927 W/Binder  ( 5237): 	at com.miui.gamebooster.service.ISecurityCenterNotificationListener$Stub.onTransact(Unknown Source:22)
09-01 14:23:52.927 W/Binder  ( 5237): 	at android.os.Binder.execTransactInternal(Binder.java:1021)
09-01 14:23:52.927 W/Binder  ( 5237): 	at android.os.Binder.execTransact(Binder.java:994)
09-01 14:23:52.927 D/BluetoothUtils( 8588): blockedByLocationOff callingUid=1002
09-01 14:23:52.927 I/BluetoothUtils( 8588): packagename is android.uid.bluetooth:1002 ,and its permission is false
09-01 14:23:52.927 D/BluetoothUtils( 8588): blockedByLocationOff callingUid=1002
09-01 14:23:52.927 I/BluetoothUtils( 8588): packagename is android.uid.bluetooth:1002 ,and its permission is false
09-01 14:23:52.928 D/BluetoothUtils( 8588): blockedByLocationOff callingUid=1002
09-01 14:23:52.928 I/BluetoothUtils( 8588): packagename is android.uid.bluetooth:1002 ,and its permission is false
09-01 14:23:52.929 D/BluetoothUtils( 8588): blockedByLocationOff callingUid=1002
09-01 14:23:52.929 I/BluetoothUtils( 8588): packagename is android.uid.bluetooth:1002 ,and its permission is false
09-01 14:23:52.929 D/BluetoothUtils( 8588): blockedByLocationOff callingUid=1002
09-01 14:23:52.929 I/BluetoothUtils( 8588): packagename is android.uid.bluetooth:1002 ,and its permission is false
09-01 14:23:52.934 D/IMReply:Notif(22367): onNotificationPosted before sbn = 4
09-01 14:23:52.935 D/StatusBar(29730): onNotificationPosted key=0|com.xiaomi.hm.health|4|null|10241 isUpdate=true
09-01 14:23:52.936 D/StatusBar(29730): updateNotification old=StatusBarNotification(pkg=com.xiaomi.hm.health user=UserHandle{0} id=4 tag=null key=0|com.xiaomi.hm.health|4|null|10241: Notification(channel=O000Oo0 pri=0 contentView=null vibrate=null sound=null defaults=0x0 flags=0x62 color=0xffff5a00 vis=PRIVATE))
09-01 14:23:52.936 D/StatusBar(29730):     pkgName=com.xiaomi.hm.health appUid=10241 sdk=29 imp=2 sysApp=F priApp=F hasShown=F float=F keyguard=F peek=F fullscreen=F
09-01 14:23:52.936 D/StatusBar(29730):     showMiuiAction=F enableFloat=T enableKeyguard=T floatTime=5000 messageCount=1 persistent=F customHeight=F
09-01 14:23:52.938 V/onNotificationPostedCallBack( 5237): flags=98
09-01 14:23:52.939 D/IMReply:Notif(22367): onNotificationPosted before sbn = 4
09-01 14:23:52.939 V/j       ( 5237): ret=0
09-01 14:23:52.944 D/StackScroller(29730): applyCurrentState
09-01 14:23:52.946 V/bt_stack( 8588): [VERBOSE1:btm_ble_gap.cc(1923)] btm_ble_process_ext_adv_pkt: bda=f2:58:f4:89:d0:4a
09-01 14:23:52.946 V/bt_stack( 8588): [VERBOSE1:btm_ble_gap.cc(1847)] btm_ble_process_adv_addr: bda=f2:58:f4:89:d0:4a
09-01 14:23:52.946 V/bt_stack( 8588): [VERBOSE1:btm_ble_gap.cc(2052)]  Waiting for scan response f2:58:f4:89:d0:4a
09-01 14:23:52.949 D/ExpandableNotificationRow(29730): updateBackground
09-01 14:23:52.950 D/StatusBar(29730): No peeking: unimportant notification: 0|com.xiaomi.hm.health|4|null|10241
09-01 14:23:52.950 D/StatusBar(29730): updateHeadsUp wasHeadsUp=false shouldPeek=false alertAgain=true
09-01 14:23:52.950 D/StatusBar(29730): onNotificationPosted key=0|com.xiaomi.hm.health|4|null|10241 isUpdate=true
09-01 14:23:52.951 D/StatusBar(29730): updateNotification old=StatusBarNotification(pkg=com.xiaomi.hm.health user=UserHandle{0} id=4 tag=null key=0|com.xiaomi.hm.health|4|null|10241: Notification(channel=O000Oo0 pri=0 contentView=null vibrate=null sound=null defaults=0x0 flags=0x62 color=0xffff5a00 vis=PRIVATE))
09-01 14:23:52.951 D/StatusBar(29730):     pkgName=com.xiaomi.hm.health appUid=10241 sdk=29 imp=2 sysApp=F priApp=F hasShown=F float=F keyguard=F peek=F fullscreen=F
09-01 14:23:52.951 D/StatusBar(29730):     showMiuiAction=F enableFloat=T enableKeyguard=T floatTime=5000 messageCount=1 persistent=F customHeight=F
09-01 14:23:52.954 V/bt_stack( 8588): [VERBOSE1:gatt_main.cc(1079)] gatt_get_ch_state: ch_state=4
09-01 14:23:52.954 I/bt_stack( 8588): [INFO:gatt_main.cc(912)] gatt_data_process op_code = 17, msg_len = 21
09-01 14:23:52.954 V/bt_stack( 8588): [VERBOSE1:gatt_cl.cc(1094)] gatt_client_handle_server_rsp op_code: 17, len = 21rsp_code: 17
09-01 14:23:52.955 V/bt_stack( 8588): [VERBOSE1:bta_gattc_cache.cc(322)] bta_gattc_disc_res_cbackconn_id 8disc_type 
09-01 14:23:52.957 I/AudioTrack( 2503): isLongTimeZoreData zoer date time 25 Seconds
09-01 14:23:52.958 V/bt_stack( 8588): [VERBOSE1:btm_ble_gap.cc(1923)] btm_ble_process_ext_adv_pkt: bda=5d:4a:e1:72:21:47
09-01 14:23:52.958 V/bt_stack( 8588): [VERBOSE1:btm_ble_gap.cc(1847)] btm_ble_process_adv_addr: bda=5d:4a:e1:72:21:47
09-01 14:23:52.958 V/bt_stack( 8588): [VERBOSE1:btm_ble_gap.cc(2052)]  Waiting for scan response 5d:4a:e1:72:21:47
09-01 14:23:52.958 V/bt_stack( 8588): [VERBOSE1:btm_ble_gap.cc(1923)] btm_ble_process_ext_adv_pkt: bda=07:5a:b0:04:f2:ba
09-01 14:23:52.958 V/bt_stack( 8588): [VERBOSE1:btm_ble_gap.cc(1847)] btm_ble_process_adv_addr: bda=07:5a:b0:04:f2:ba
09-01 14:23:52.959 D/BluetoothUtils( 8588): blockedByLocationOff callingUid=1002
09-01 14:23:52.959 I/BluetoothUtils( 8588): packagename is android.uid.bluetooth:1002 ,and its permission is false
09-01 14:23:52.959 D/BluetoothUtils( 8588): blockedByLocationOff callingUid=1002
09-01 14:23:52.960 I/BluetoothUtils( 8588): packagename is android.uid.bluetooth:1002 ,and its permission is false
09-01 14:23:52.960 D/BluetoothUtils( 8588): blockedByLocationOff callingUid=1002
09-01 14:23:52.960 D/StackScroller(29730): applyCurrentState
09-01 14:23:52.960 I/BluetoothUtils( 8588): packagename is android.uid.bluetooth:1002 ,and its permission is false
09-01 14:23:52.960 V/bt_stack( 8588): [VERBOSE1:btm_ble_gap.cc(1923)] btm_ble_process_ext_adv_pkt: bda=35:fe:26:b4:13:ca
09-01 14:23:52.960 V/bt_stack( 8588): [VERBOSE1:btm_ble_gap.cc(1847)] btm_ble_process_adv_addr: bda=35:fe:26:b4:13:ca
09-01 14:23:52.961 D/BluetoothUtils( 8588): blockedByLocationOff callingUid=1002
09-01 14:23:52.961 I/BluetoothUtils( 8588): packagename is android.uid.bluetooth:1002 ,and its permission is false
09-01 14:23:52.961 D/BluetoothUtils( 8588): blockedByLocationOff callingUid=1002
09-01 14:23:52.962 I/BluetoothUtils( 8588): packagename is android.uid.bluetooth:1002 ,and its permission is false
09-01 14:23:52.962 D/BluetoothUtils( 8588): blockedByLocationOff callingUid=1002
09-01 14:23:52.962 I/BluetoothUtils( 8588): packagename is android.uid.bluetooth:1002 ,and its permission is false
09-01 14:23:52.966 D/ExpandableNotificationRow(29730): updateBackground
09-01 14:23:52.966 D/StatusBar(29730): No peeking: unimportant notification: 0|com.xiaomi.hm.health|4|null|10241
09-01 14:23:52.966 D/StatusBar(29730): updateHeadsUp wasHeadsUp=false shouldPeek=false alertAgain=true
09-01 14:23:52.976 D/StackScroller(29730): applyCurrentState
09-01 14:23:53.001 V/bt_stack( 8588): [VERBOSE1:btm_ble_gap.cc(1923)] btm_ble_process_ext_adv_pkt: bda=59:b2:14:05:95:91
09-01 14:23:53.001 V/bt_stack( 8588): [VERBOSE1:btm_ble_gap.cc(1847)] btm_ble_process_adv_addr: bda=59:b2:14:05:95:91
09-01 14:23:53.001 V/bt_stack( 8588): [VERBOSE1:btm_ble_gap.cc(2052)]  Waiting for scan response 59:b2:14:05:95:91
09-01 14:23:53.001 V/bt_stack( 8588): [VERBOSE1:btm_ble_gap.cc(1923)] btm_ble_process_ext_adv_pkt: bda=0c:1a:06:0e:96:57
09-01 14:23:53.001 V/bt_stack( 8588): [VERBOSE1:btm_ble_gap.cc(1847)] btm_ble_process_adv_addr: bda=0c:1a:06:0e:96:57
09-01 14:23:53.002 D/BluetoothUtils( 8588): blockedByLocationOff callingUid=1002
09-01 14:23:53.003 I/BluetoothUtils( 8588): packagename is android.uid.bluetooth:1002 ,and its permission is false
09-01 14:23:53.003 D/BluetoothUtils( 8588): blockedByLocationOff callingUid=1002
09-01 14:23:53.003 I/BluetoothUtils( 8588): packagename is android.uid.bluetooth:1002 ,and its permission is false
09-01 14:23:53.003 D/BluetoothUtils( 8588): blockedByLocationOff callingUid=1002
09-01 14:23:53.004 I/BluetoothUtils( 8588): packagename is android.uid.bluetooth:1002 ,and its permission is false
09-01 14:23:53.022 V/bt_stack( 8588): [VERBOSE1:btm_ble_gap.cc(1923)] btm_ble_process_ext_adv_pkt: bda=03:98:cf:7d:8e:6f
09-01 14:23:53.022 V/bt_stack( 8588): [VERBOSE1:btm_ble_gap.cc(1847)] btm_ble_process_adv_addr: bda=03:98:cf:7d:8e:6f
09-01 14:23:53.023 D/BluetoothUtils( 8588): blockedByLocationOff callingUid=1002
09-01 14:23:53.023 I/BluetoothUtils( 8588): packagename is android.uid.bluetooth:1002 ,and its permission is false
09-01 14:23:53.023 D/BluetoothUtils( 8588): blockedByLocationOff callingUid=1002
09-01 14:23:53.023 V/bt_stack( 8588): [VERBOSE1:btm_ble_gap.cc(1923)] btm_ble_process_ext_adv_pkt: bda=fd:32:0c:ad:56:d5
09-01 14:23:53.024 V/bt_stack( 8588): [VERBOSE1:btm_ble_gap.cc(1847)] btm_ble_process_adv_addr: bda=fd:32:0c:ad:56:d5
09-01 14:23:53.024 V/bt_stack( 8588): [VERBOSE1:btm_ble_gap.cc(2052)]  Waiting for scan response fd:32:0c:ad:56:d5
09-01 14:23:53.024 I/BluetoothUtils( 8588): packagename is android.uid.bluetooth:1002 ,and its permission is false
09-01 14:23:53.024 D/BluetoothUtils( 8588): blockedByLocationOff callingUid=1002
09-01 14:23:53.024 I/BluetoothUtils( 8588): packagename is android.uid.bluetooth:1002 ,and its permission is false
09-01 14:23:53.024 V/bt_stack( 8588): [VERBOSE1:btm_ble_gap.cc(1923)] btm_ble_process_ext_adv_pkt: bda=fd:32:0c:ad:56:d5
09-01 14:23:53.024 V/bt_stack( 8588): [VERBOSE1:btm_ble_gap.cc(1847)] btm_ble_process_adv_addr: bda=fd:32:0c:ad:56:d5
09-01 14:23:53.026 D/BluetoothUtils( 8588): blockedByLocationOff callingUid=1002
09-01 14:23:53.026 V/bt_stack( 8588): [VERBOSE1:btm_ble_gap.cc(1923)] btm_ble_process_ext_adv_pkt: bda=c2:3b:1c:22:11:66
09-01 14:23:53.026 I/BluetoothUtils( 8588): packagename is android.uid.bluetooth:1002 ,and its permission is false
09-01 14:23:53.027 V/bt_stack( 8588): [VERBOSE1:btm_ble_gap.cc(1847)] btm_ble_process_adv_addr: bda=c2:3b:1c:22:11:66
09-01 14:23:53.027 V/bt_stack( 8588): [VERBOSE1:btm_ble_gap.cc(2052)]  Waiting for scan response c2:3b:1c:22:11:66
09-01 14:23:53.027 D/BluetoothUtils( 8588): blockedByLocationOff callingUid=1002
09-01 14:23:53.027 I/BluetoothUtils( 8588): packagename is android.uid.bluetooth:1002 ,and its permission is false
09-01 14:23:53.027 V/bt_stack( 8588): [VERBOSE1:btm_ble_gap.cc(1923)] btm_ble_process_ext_adv_pkt: bda=c2:3b:1c:22:11:66
09-01 14:23:53.027 D/BluetoothUtils( 8588): blockedByLocationOff callingUid=1002
09-01 14:23:53.027 V/bt_stack( 8588): [VERBOSE1:btm_ble_gap.cc(1847)] btm_ble_process_adv_addr: bda=c2:3b:1c:22:11:66
09-01 14:23:53.027 I/BluetoothUtils( 8588): packagename is android.uid.bluetooth:1002 ,and its permission is false
09-01 14:23:53.028 D/BluetoothUtils( 8588): blockedByLocationOff callingUid=1002
09-01 14:23:53.029 I/BluetoothUtils( 8588): packagename is android.uid.bluetooth:1002 ,and its permission is false
09-01 14:23:53.029 D/BluetoothUtils( 8588): blockedByLocationOff callingUid=1002
09-01 14:23:53.029 I/BluetoothUtils( 8588): packagename is android.uid.bluetooth:1002 ,and its permission is false
09-01 14:23:53.029 D/BluetoothUtils( 8588): blockedByLocationOff callingUid=1002
09-01 14:23:53.029 I/BluetoothUtils( 8588): packagename is android.uid.bluetooth:1002 ,and its permission is false
09-01 14:23:53.032 V/bt_stack( 8588): [VERBOSE1:btm_ble_gap.cc(1923)] btm_ble_process_ext_adv_pkt: bda=59:bb:67:f0:94:3c
09-01 14:23:53.032 V/bt_stack( 8588): [VERBOSE1:btm_ble_gap.cc(1847)] btm_ble_process_adv_addr: bda=59:bb:67:f0:94:3c
09-01 14:23:53.033 D/BluetoothUtils( 8588): blockedByLocationOff callingUid=1002
09-01 14:23:53.033 I/BluetoothUtils( 8588): packagename is android.uid.bluetooth:1002 ,and its permission is false
09-01 14:23:53.034 D/BluetoothUtils( 8588): blockedByLocationOff callingUid=1002
09-01 14:23:53.034 V/bt_stack( 8588): [VERBOSE1:btm_ble_gap.cc(1923)] btm_ble_process_ext_adv_pkt: bda=35:08:67:20:13:25
09-01 14:23:53.034 V/bt_stack( 8588): [VERBOSE1:btm_ble_gap.cc(1847)] btm_ble_process_adv_addr: bda=35:08:67:20:13:25
09-01 14:23:53.034 I/BluetoothUtils( 8588): packagename is android.uid.bluetooth:1002 ,and its permission is false
09-01 14:23:53.034 D/BluetoothUtils( 8588): blockedByLocationOff callingUid=1002
09-01 14:23:53.034 I/BluetoothUtils( 8588): packagename is android.uid.bluetooth:1002 ,and its permission is false
09-01 14:23:53.035 D/BluetoothUtils( 8588): blockedByLocationOff callingUid=1002
09-01 14:23:53.035 I/BluetoothUtils( 8588): packagename is android.uid.bluetooth:1002 ,and its permission is false
09-01 14:23:53.035 D/BluetoothUtils( 8588): blockedByLocationOff callingUid=1002
09-01 14:23:53.036 I/BluetoothUtils( 8588): packagename is android.uid.bluetooth:1002 ,and its permission is false
09-01 14:23:53.036 D/BluetoothUtils( 8588): blockedByLocationOff callingUid=1002
09-01 14:23:53.036 I/BluetoothUtils( 8588): packagename is android.uid.bluetooth:1002 ,and its permission is false
09-01 14:23:53.041 V/bt_stack( 8588): [VERBOSE1:btm_ble_gap.cc(1923)] btm_ble_process_ext_adv_pkt: bda=53:56:a8:ef:e5:80
09-01 14:23:53.041 V/bt_stack( 8588): [VERBOSE1:btm_ble_gap.cc(1847)] btm_ble_process_adv_addr: bda=53:56:a8:ef:e5:80
09-01 14:23:53.041 V/bt_stack( 8588): [VERBOSE1:btm_ble_gap.cc(2052)]  Waiting for scan response 53:56:a8:ef:e5:80
09-01 14:23:53.042 V/bt_stack( 8588): [VERBOSE1:btm_ble_gap.cc(1923)] btm_ble_process_ext_adv_pkt: bda=53:56:a8:ef:e5:80
09-01 14:23:53.042 V/bt_stack( 8588): [VERBOSE1:btm_ble_gap.cc(1847)] btm_ble_process_adv_addr: bda=53:56:a8:ef:e5:80
09-01 14:23:53.042 D/AppOpsAdapter( 5211): using permission notify! 32
09-01 14:23:53.042 D/BluetoothUtils( 8588): blockedByLocationOff callingUid=1002
09-01 14:23:53.043 I/BluetoothUtils( 8588): packagename is android.uid.bluetooth:1002 ,and its permission is false
09-01 14:23:53.043 D/BluetoothUtils( 8588): blockedByLocationOff callingUid=1002
09-01 14:23:53.043 I/BluetoothUtils( 8588): packagename is android.uid.bluetooth:1002 ,and its permission is false
09-01 14:23:53.043 D/BluetoothUtils( 8588): blockedByLocationOff callingUid=1002
09-01 14:23:53.043 I/BluetoothUtils( 8588): packagename is android.uid.bluetooth:1002 ,and its permission is false
09-01 14:23:53.044 D/Event   ( 3502): No subscribers registered for event class com.xiaomi.hm.health.locweather.O00000Oo.O000000o
09-01 14:23:53.044 D/Event   ( 3502): No subscribers registered for event class O00000Oo.O000000o.O000000o.O0000Oo0
09-01 14:23:53.044 V/bt_stack( 8588): [VERBOSE1:gatt_main.cc(1079)] gatt_get_ch_state: ch_state=4
09-01 14:23:53.044 I/bt_stack( 8588): [INFO:gatt_main.cc(912)] gatt_data_process op_code = 17, msg_len = 19
09-01 14:23:53.044 V/bt_stack( 8588): [VERBOSE1:gatt_cl.cc(1094)] gatt_client_handle_server_rsp op_code: 17, len = 19rsp_code: 17
09-01 14:23:53.044 V/bt_stack( 8588): [VERBOSE1:bta_gattc_cache.cc(322)] bta_gattc_disc_res_cbackconn_id 8disc_type 
09-01 14:23:53.045 I/chatty  ( 8588): uid=1002(bluetooth) btu message loo identical 1 line
09-01 14:23:53.045 V/bt_stack( 8588): [VERBOSE1:bta_gattc_cache.cc(322)] bta_gattc_disc_res_cbackconn_id 8disc_type 
09-01 14:23:53.045 I/BehaviorRecord-Monitor( 5237): com.xiaomi.hm.health , perm: 32 , operation 3 , current size: 0
09-01 14:23:53.046 D/AppOpsAdapter( 5211): using permission notify! 32
09-01 14:23:53.048 D/AppOpsAdapter( 5211): using permission notify! 32
