09-01 14:42:54.474 I/BluetoothUtils( 8588): packagename is android.uid.bluetooth:1002 ,and its permission is false
09-01 14:42:54.474 D/BluetoothUtils( 8588): blockedByLocationOff callingUid=1002
09-01 14:42:54.475 I/BluetoothUtils( 8588): packagename is android.uid.bluetooth:1002 ,and its permission is false
09-01 14:42:54.484 V/bt_stack( 8588): [VERBOSE1:btm_ble_gap.cc(1923)] btm_ble_process_ext_adv_pkt: bda=38:a9:e2:54:94:54
09-01 14:42:54.484 V/bt_stack( 8588): [VERBOSE1:btm_ble_gap.cc(1847)] btm_ble_process_adv_addr: bda=38:a9:e2:54:94:54
09-01 14:42:54.485 I/appium  (13898): AppiumResponse: {"sessionId":"94b2dfbc-5a87-4ff5-8430-a6752ec32c55","value":{"ELEMENT":"1c4f619a-d856-4411-823c-c65f8d4e69f5","element-6066-11e4-a52e-4f735466cecf":"1c4f619a-d856-4411-823c-c65f8d4e69f5"}}
09-01 14:42:54.486 D/BluetoothUtils( 8588): blockedByLocationOff callingUid=1002
09-01 14:42:54.486 I/BluetoothUtils( 8588): packagename is android.uid.bluetooth:1002 ,and its permission is false
09-01 14:42:54.486 D/BluetoothUtils( 8588): blockedByLocationOff callingUid=1002
09-01 14:42:54.487 I/BluetoothUtils( 8588): packagename is android.uid.bluetooth:1002 ,and its permission is false
09-01 14:42:54.487 D/BluetoothUtils( 8588): blockedByLocationOff callingUid=1002
09-01 14:42:54.487 I/BluetoothUtils( 8588): packagename is android.uid.bluetooth:1002 ,and its permission is false
09-01 14:42:54.489 V/bt_stack( 8588): [VERBOSE1:btm_ble_gap.cc(1923)] btm_ble_process_ext_adv_pkt: bda=66:db:a5:b4:54:91
09-01 14:42:54.489 V/bt_stack( 8588): [VERBOSE1:btm_ble_gap.cc(1847)] btm_ble_process_adv_addr: bda=66:db:a5:b4:54:91
09-01 14:42:54.489 V/bt_stack( 8588): [VERBOSE1:btm_ble_gap.cc(2052)]  Waiting for scan response 66:db:a5:b4:54:91
09-01 14:42:54.489 V/bt_stack( 8588): [VERBOSE1:btm_ble_gap.cc(1923)] btm_ble_process_ext_adv_pkt: bda=01:f5:30:c0:9b:7a
09-01 14:42:54.489 V/bt_stack( 8588): [VERBOSE1:btm_ble_gap.cc(1847)] btm_ble_process_adv_addr: bda=01:f5:30:c0:9b:7a
09-01 14:42:54.490 D/BluetoothUtils( 8588): blockedByLocationOff callingUid=1002
09-01 14:42:54.491 I/BluetoothUtils( 8588): packagename is android.uid.bluetooth:1002 ,and its permission is false
09-01 14:42:54.491 D/BluetoothUtils( 8588): blockedByLocationOff callingUid=1002
09-01 14:42:54.491 I/BluetoothUtils( 8588): packagename is android.uid.bluetooth:1002 ,and its permission is false
09-01 14:42:54.491 D/BluetoothUtils( 8588): blockedByLocationOff callingUid=1002
09-01 14:42:54.492 I/BluetoothUtils( 8588): packagename is android.uid.bluetooth:1002 ,and its permission is false
09-01 14:42:54.495 V/bt_stack( 8588): [VERBOSE1:btm_ble_gap.cc(1923)] btm_ble_process_ext_adv_pkt: bda=05:18:f1:4b:2c:d4
09-01 14:42:54.495 V/bt_stack( 8588): [VERBOSE1:btm_ble_gap.cc(1847)] btm_ble_process_adv_addr: bda=05:18:f1:4b:2c:d4
09-01 14:42:54.497 D/BluetoothUtils( 8588): blockedByLocationOff callingUid=1002
09-01 14:42:54.498 I/BluetoothUtils( 8588): packagename is android.uid.bluetooth:1002 ,and its permission is false
09-01 14:42:54.498 D/BluetoothUtils( 8588): blockedByLocationOff callingUid=1002
09-01 14:42:54.498 I/BluetoothUtils( 8588): packagename is android.uid.bluetooth:1002 ,and its permission is false
09-01 14:42:54.498 D/BluetoothUtils( 8588): blockedByLocationOff callingUid=1002
09-01 14:42:54.498 I/BluetoothUtils( 8588): packagename is android.uid.bluetooth:1002 ,and its permission is false
09-01 14:42:54.508 I/appium  (13898): channel read invoked!
09-01 14:42:54.508 I/appium  (13898): channel read: POST /wd/hub/session/94b2dfbc-5a87-4ff5-8430-a6752ec32c55/element/1c4f619a-d856-4411-823c-c65f8d4e69f5/click
09-01 14:42:54.508 V/bt_stack( 8588): [VERBOSE1:btm_ble_gap.cc(1923)] btm_ble_process_ext_adv_pkt: bda=77:60:99:3a:74:d9
09-01 14:42:54.509 V/bt_stack( 8588): [VERBOSE1:btm_ble_gap.cc(1847)] btm_ble_process_adv_addr: bda=77:60:99:3a:74:d9
09-01 14:42:54.509 V/bt_stack( 8588): [VERBOSE1:btm_ble_gap.cc(2052)]  Waiting for scan response 77:60:99:3a:74:d9
09-01 14:42:54.509 V/bt_stack( 8588): [VERBOSE1:btm_ble_gap.cc(1923)] btm_ble_process_ext_adv_pkt: bda=77:60:99:3a:74:d9
09-01 14:42:54.509 V/bt_stack( 8588): [VERBOSE1:btm_ble_gap.cc(1847)] btm_ble_process_adv_addr: bda=77:60:99:3a:74:d9
09-01 14:42:54.510 I/appium  (13898): Click element command
09-01 14:42:54.510 D/BluetoothUtils( 8588): blockedByLocationOff callingUid=1002
09-01 14:42:54.511 I/BluetoothUtils( 8588): packagename is android.uid.bluetooth:1002 ,and its permission is false
09-01 14:42:54.511 D/BluetoothUtils( 8588): blockedByLocationOff callingUid=1002
09-01 14:42:54.512 I/BluetoothUtils( 8588): packagename is android.uid.bluetooth:1002 ,and its permission is false
09-01 14:42:54.512 D/BluetoothUtils( 8588): blockedByLocationOff callingUid=1002
09-01 14:42:54.513 I/BluetoothUtils( 8588): packagename is android.uid.bluetooth:1002 ,and its permission is false
09-01 14:42:54.519 V/bt_stack( 8588): [VERBOSE1:btm_ble_gap.cc(1923)] btm_ble_process_ext_adv_pkt: bda=2c:09:3e:94:80:f3
09-01 14:42:54.519 V/bt_stack( 8588): [VERBOSE1:btm_ble_gap.cc(1847)] btm_ble_process_adv_addr: bda=2c:09:3e:94:80:f3
09-01 14:42:54.521 D/BluetoothUtils( 8588): blockedByLocationOff callingUid=1002
09-01 14:42:54.521 I/BluetoothUtils( 8588): packagename is android.uid.bluetooth:1002 ,and its permission is false
09-01 14:42:54.521 D/BluetoothUtils( 8588): blockedByLocationOff callingUid=1002
09-01 14:42:54.522 I/BluetoothUtils( 8588): packagename is android.uid.bluetooth:1002 ,and its permission is false
09-01 14:42:54.522 D/BluetoothUtils( 8588): blockedByLocationOff callingUid=1002
09-01 14:42:54.522 I/BluetoothUtils( 8588): packagename is android.uid.bluetooth:1002 ,and its permission is false
09-01 14:42:54.528 V/bt_stack( 8588): [VERBOSE1:btm_ble_gap.cc(1923)] btm_ble_process_ext_adv_pkt: bda=00:35:64:83:a4:98
09-01 14:42:54.528 V/bt_stack( 8588): [VERBOSE1:btm_ble_gap.cc(1847)] btm_ble_process_adv_addr: bda=00:35:64:83:a4:98
09-01 14:42:54.529 D/BluetoothUtils( 8588): blockedByLocationOff callingUid=1002
09-01 14:42:54.529 I/BluetoothUtils( 8588): packagename is android.uid.bluetooth:1002 ,and its permission is false
09-01 14:42:54.530 D/BluetoothUtils( 8588): blockedByLocationOff callingUid=1002
09-01 14:42:54.530 I/BluetoothUtils( 8588): packagename is android.uid.bluetooth:1002 ,and its permission is false
09-01 14:42:54.530 D/BluetoothUtils( 8588): blockedByLocationOff callingUid=1002
09-01 14:42:54.530 I/BluetoothUtils( 8588): packagename is android.uid.bluetooth:1002 ,and its permission is false
09-01 14:42:54.535 V/bt_stack( 8588): [VERBOSE1:btm_ble_gap.cc(1923)] btm_ble_process_ext_adv_pkt: bda=35:45:bf:2c:e1:03
09-01 14:42:54.535 V/bt_stack( 8588): [VERBOSE1:btm_ble_gap.cc(1847)] btm_ble_process_adv_addr: bda=35:45:bf:2c:e1:03
09-01 14:42:54.535 D/ActivityTrigger( 1639): ActivityTrigger activityPauseTrigger 
09-01 14:42:54.536 D/BluetoothUtils( 8588): blockedByLocationOff callingUid=1002
09-01 14:42:54.536 I/BluetoothUtils( 8588): packagename is android.uid.bluetooth:1002 ,and its permission is false
09-01 14:42:54.536 D/BluetoothUtils( 8588): blockedByLocationOff callingUid=1002
09-01 14:42:54.537 I/BluetoothUtils( 8588): packagename is android.uid.bluetooth:1002 ,and its permission is false
09-01 14:42:54.537 D/BluetoothUtils( 8588): blockedByLocationOff callingUid=1002
09-01 14:42:54.537 V/bt_stack( 8588): [VERBOSE1:btm_ble_gap.cc(1923)] btm_ble_process_ext_adv_pkt: bda=78:e7:79:bd:c0:21
09-01 14:42:54.537 I/BluetoothUtils( 8588): packagename is android.uid.bluetooth:1002 ,and its permission is false
09-01 14:42:54.537 V/bt_stack( 8588): [VERBOSE1:btm_ble_gap.cc(1847)] btm_ble_process_adv_addr: bda=78:e7:79:bd:c0:21
09-01 14:42:54.537 V/bt_stack( 8588): [VERBOSE1:btm_ble_gap.cc(2052)]  Waiting for scan response 78:e7:79:bd:c0:21
09-01 14:42:54.537 V/bt_stack( 8588): [VERBOSE1:btm_ble_gap.cc(1923)] btm_ble_process_ext_adv_pkt: bda=78:e7:79:bd:c0:21
09-01 14:42:54.537 V/bt_stack( 8588): [VERBOSE1:btm_ble_gap.cc(1847)] btm_ble_process_adv_addr: bda=78:e7:79:bd:c0:21
09-01 14:42:54.539 D/BluetoothUtils( 8588): blockedByLocationOff callingUid=1002
09-01 14:42:54.540 I/BluetoothUtils( 8588): packagename is android.uid.bluetooth:1002 ,and its permission is false
09-01 14:42:54.540 D/BluetoothUtils( 8588): blockedByLocationOff callingUid=1002
09-01 14:42:54.540 I/BluetoothUtils( 8588): packagename is android.uid.bluetooth:1002 ,and its permission is false
09-01 14:42:54.540 D/BluetoothUtils( 8588): blockedByLocationOff callingUid=1002
09-01 14:42:54.541 I/BluetoothUtils( 8588): packagename is android.uid.bluetooth:1002 ,and its permission is false
09-01 14:42:54.545 D/WindowManager( 1639): Input focus has changed to null
09-01 14:42:54.549 I/Timeline( 1639): Timeline: App_transition_ready time:212140566
09-01 14:42:54.554 I/MiuiNetworkPolicy( 1639): updateUidState uid = 10062, uidState = 20
09-01 14:42:54.554 I/MiuiNetworkPolicy( 1639): updateMLUid uid:10062,old:16,new:20
09-01 14:42:54.554 I/MiuiNetworkPolicy( 1639): isMLEnabled state:16,uid:10062,connect:DISCONNECTED
09-01 14:42:54.554 I/MiuiNetworkPolicy( 1639): isMLEnabled state:20,uid:10062,connect:DISCONNECTED
09-01 14:42:54.559 D/RecentsImpl( 7676): mActivityStateObserver com.xiaomi.hm.health.ui.information.DetailInfoActivity
09-01 14:42:54.561 I/Timeline( 1639): Timeline: App_transition_ready time:212140578
09-01 14:42:54.561 D/WindowManager( 1639): Input focus has changed to Window{ccc139f u0 com.xiaomi.hm.health/com.xiaomi.hm.health.ui.information.DetailInfoActivity}
09-01 14:42:54.573 I/Timeline( 1639): Timeline: App_transition_ready time:212140590
09-01 14:42:54.576 I/SplashScreenServiceDelegate( 1639): None for com.xiaomi.hm.health
09-01 14:42:54.577 I/vendor.qti.bluetooth@1.0-ibs_handler(19843): ProcessIbsCmd: Received IBS_SLEEP_IND: 0xFE
09-01 14:42:54.577 D/vendor.qti.bluetooth@1.0-ibs_handler(19843): SerialClockVote: vote for UART CLK OFF
09-01 14:42:54.590 I/vendor.qti.bluetooth@1.0-ibs_handler(19843): ProcessIbsCmd: Received IBS_WAKE_IND: 0xFD
09-01 14:42:54.590 D/vendor.qti.bluetooth@1.0-ibs_handler(19843): SerialClockVote: vote for UART CLK ON
09-01 14:42:54.590 I/vendor.qti.bluetooth@1.0-ibs_handler(19843): ProcessIbsCmd: Writing IBS_WAKE_ACK
09-01 14:42:54.592 V/bt_stack( 8588): [VERBOSE1:btm_ble_gap.cc(1923)] btm_ble_process_ext_adv_pkt: bda=0e:10:bb:c2:00:89
09-01 14:42:54.592 V/bt_stack( 8588): [VERBOSE1:btm_ble_gap.cc(1847)] btm_ble_process_adv_addr: bda=0e:10:bb:c2:00:89
09-01 14:42:54.593 D/BluetoothUtils( 8588): blockedByLocationOff callingUid=1002
09-01 14:42:54.594 I/BluetoothUtils( 8588): packagename is android.uid.bluetooth:1002 ,and its permission is false
09-01 14:42:54.594 D/BluetoothUtils( 8588): blockedByLocationOff callingUid=1002
09-01 14:42:54.594 I/BluetoothUtils( 8588): packagename is android.uid.bluetooth:1002 ,and its permission is false
09-01 14:42:54.594 V/bt_stack( 8588): [VERBOSE1:btm_ble_gap.cc(1923)] btm_ble_process_ext_adv_pkt: bda=05:18:f1:4b:2c:d4
09-01 14:42:54.594 V/bt_stack( 8588): [VERBOSE1:btm_ble_gap.cc(1847)] btm_ble_process_adv_addr: bda=05:18:f1:4b:2c:d4
09-01 14:42:54.594 D/BluetoothUtils( 8588): blockedByLocationOff callingUid=1002
09-01 14:42:54.594 I/BluetoothUtils( 8588): packagename is android.uid.bluetooth:1002 ,and its permission is false
09-01 14:42:54.595 D/BluetoothUtils( 8588): blockedByLocationOff callingUid=1002
09-01 14:42:54.595 I/BluetoothUtils( 8588): packagename is android.uid.bluetooth:1002 ,and its permission is false
09-01 14:42:54.595 D/BluetoothUtils( 8588): blockedByLocationOff callingUid=1002
09-01 14:42:54.595 I/BluetoothUtils( 8588): packagename is android.uid.bluetooth:1002 ,and its permission is false
09-01 14:42:54.596 D/BluetoothUtils( 8588): blockedByLocationOff callingUid=1002
09-01 14:42:54.596 I/BluetoothUtils( 8588): packagename is android.uid.bluetooth:1002 ,and its permission is false
09-01 14:42:54.596 V/bt_stack( 8588): [VERBOSE1:btm_ble_gap.cc(1923)] btm_ble_process_ext_adv_pkt: bda=01:f5:30:c0:9b:7a
09-01 14:42:54.596 V/bt_stack( 8588): [VERBOSE1:btm_ble_gap.cc(1847)] btm_ble_process_adv_addr: bda=01:f5:30:c0:9b:7a
09-01 14:42:54.596 D/BluetoothUtils( 8588): blockedByLocationOff callingUid=1002
09-01 14:42:54.597 I/BluetoothUtils( 8588): packagename is android.uid.bluetooth:1002 ,and its permission is false
09-01 14:42:54.597 D/BluetoothUtils( 8588): blockedByLocationOff callingUid=1002
09-01 14:42:54.597 I/BluetoothUtils( 8588): packagename is android.uid.bluetooth:1002 ,and its permission is false
09-01 14:42:54.597 D/BluetoothUtils( 8588): blockedByLocationOff callingUid=1002
09-01 14:42:54.597 I/BluetoothUtils( 8588): packagename is android.uid.bluetooth:1002 ,and its permission is false
09-01 14:42:54.610 V/bt_stack( 8588): [VERBOSE1:btm_ble_gap.cc(1923)] btm_ble_process_ext_adv_pkt: bda=66:3e:07:e0:2b:d4
09-01 14:42:54.610 V/bt_stack( 8588): [VERBOSE1:btm_ble_gap.cc(1847)] btm_ble_process_adv_addr: bda=66:3e:07:e0:2b:d4
09-01 14:42:54.610 V/bt_stack( 8588): [VERBOSE1:btm_ble_gap.cc(2052)]  Waiting for scan response 66:3e:07:e0:2b:d4
09-01 14:42:54.610 V/bt_stack( 8588): [VERBOSE1:btm_ble_gap.cc(1923)] btm_ble_process_ext_adv_pkt: bda=66:3e:07:e0:2b:d4
09-01 14:42:54.610 V/bt_stack( 8588): [VERBOSE1:btm_ble_gap.cc(1847)] btm_ble_process_adv_addr: bda=66:3e:07:e0:2b:d4
09-01 14:42:54.611 D/BluetoothUtils( 8588): blockedByLocationOff callingUid=1002
09-01 14:42:54.611 I/BluetoothUtils( 8588): packagename is android.uid.bluetooth:1002 ,and its permission is false
09-01 14:42:54.611 D/BluetoothUtils( 8588): blockedByLocationOff callingUid=1002
09-01 14:42:54.611 I/BluetoothUtils( 8588): packagename is android.uid.bluetooth:1002 ,and its permission is false
09-01 14:42:54.612 D/BluetoothUtils( 8588): blockedByLocationOff callingUid=1002
09-01 14:42:54.612 I/BluetoothUtils( 8588): packagename is android.uid.bluetooth:1002 ,and its permission is false
09-01 14:42:54.626 V/bt_stack( 8588): [VERBOSE1:btm_ble_gap.cc(1923)] btm_ble_process_ext_adv_pkt: bda=35:38:49:78:be:f0
09-01 14:42:54.626 V/bt_stack( 8588): [VERBOSE1:btm_ble_gap.cc(1847)] btm_ble_process_adv_addr: bda=35:38:49:78:be:f0
09-01 14:42:54.626 D/BluetoothUtils( 8588): blockedByLocationOff callingUid=1002
09-01 14:42:54.627 I/BluetoothUtils( 8588): packagename is android.uid.bluetooth:1002 ,and its permission is false
09-01 14:42:54.627 D/BluetoothUtils( 8588): blockedByLocationOff callingUid=1002
09-01 14:42:54.627 I/BluetoothUtils( 8588): packagename is android.uid.bluetooth:1002 ,and its permission is false
09-01 14:42:54.627 D/BluetoothUtils( 8588): blockedByLocationOff callingUid=1002
09-01 14:42:54.627 I/BluetoothUtils( 8588): packagename is android.uid.bluetooth:1002 ,and its permission is false
09-01 14:42:54.635 V/bt_stack( 8588): [VERBOSE1:btm_ble_gap.cc(1923)] btm_ble_process_ext_adv_pkt: bda=35:45:bf:2c:e1:03
09-01 14:42:54.635 V/bt_stack( 8588): [VERBOSE1:btm_ble_gap.cc(1847)] btm_ble_process_adv_addr: bda=35:45:bf:2c:e1:03
09-01 14:42:54.636 D/BluetoothUtils( 8588): blockedByLocationOff callingUid=1002
09-01 14:42:54.636 I/BluetoothUtils( 8588): packagename is android.uid.bluetooth:1002 ,and its permission is false
09-01 14:42:54.636 D/BluetoothUtils( 8588): blockedByLocationOff callingUid=1002
09-01 14:42:54.637 I/BluetoothUtils( 8588): packagename is android.uid.bluetooth:1002 ,and its permission is false
09-01 14:42:54.637 D/BluetoothUtils( 8588): blockedByLocationOff callingUid=1002
09-01 14:42:54.637 I/BluetoothUtils( 8588): packagename is android.uid.bluetooth:1002 ,and its permission is false
09-01 14:42:54.645 V/bt_stack( 8588): [VERBOSE1:btm_ble_gap.cc(1923)] btm_ble_process_ext_adv_pkt: bda=06:fa:50:9b:39:c0
09-01 14:42:54.646 V/bt_stack( 8588): [VERBOSE1:btm_ble_gap.cc(1847)] btm_ble_process_adv_addr: bda=06:fa:50:9b:39:c0
09-01 14:42:54.646 D/BluetoothUtils( 8588): blockedByLocationOff callingUid=1002
09-01 14:42:54.647 I/BluetoothUtils( 8588): packagename is android.uid.bluetooth:1002 ,and its permission is false
09-01 14:42:54.647 D/BluetoothUtils( 8588): blockedByLocationOff callingUid=1002
09-01 14:42:54.647 I/BluetoothUtils( 8588): packagename is android.uid.bluetooth:1002 ,and its permission is false
09-01 14:42:54.647 D/BluetoothUtils( 8588): blockedByLocationOff callingUid=1002
09-01 14:42:54.647 I/BluetoothUtils( 8588): packagename is android.uid.bluetooth:1002 ,and its permission is false
09-01 14:42:54.654 W/RecentsModel( 7676): onTaskStackChangedBackground: start loading
09-01 14:42:54.655 W/RecentsModel( 7676): getTaskInfoIgnoreHomeAndSplit   taskInfo=ComponentInfo{com.xiaomi.hm.health/com.xiaomi.hm.health.activity.MainTabActivity}
09-01 14:42:54.655 W/RecentsModel( 7676): getTaskInfoIgnoreHomeAndFreeform   taskInfo=ComponentInfo{com.xiaomi.hm.health/com.xiaomi.hm.health.activity.MainTabActivity}
09-01 14:42:54.656 W/RecentsModel( 7676): getTaskInfoIgnoreFreeform   taskInfo=ComponentInfo{com.xiaomi.hm.health/com.xiaomi.hm.health.activity.MainTabActivity}
09-01 14:42:54.656 W/RecentsModel( 7676): onTaskStackChangedBackground: finishLoading loading
09-01 14:42:54.658 V/bt_stack( 8588): [VERBOSE1:btm_ble_gap.cc(1923)] btm_ble_process_ext_adv_pkt: bda=1c:91:72:ba:f7:2e
09-01 14:42:54.658 V/bt_stack( 8588): [VERBOSE1:btm_ble_gap.cc(1847)] btm_ble_process_adv_addr: bda=1c:91:72:ba:f7:2e
09-01 14:42:54.659 D/BluetoothUtils( 8588): blockedByLocationOff callingUid=1002
09-01 14:42:54.659 I/BluetoothUtils( 8588): packagename is android.uid.bluetooth:1002 ,and its permission is false
09-01 14:42:54.659 D/BluetoothUtils( 8588): blockedByLocationOff callingUid=1002
09-01 14:42:54.659 V/bt_stack( 8588): [VERBOSE1:btm_ble_gap.cc(1923)] btm_ble_process_ext_adv_pkt: bda=59:f7:61:0b:a3:40
09-01 14:42:54.659 V/bt_stack( 8588): [VERBOSE1:btm_ble_gap.cc(1847)] btm_ble_process_adv_addr: bda=59:f7:61:0b:a3:40
09-01 14:42:54.659 I/BluetoothUtils( 8588): packagename is android.uid.bluetooth:1002 ,and its permission is false
09-01 14:42:54.659 D/BluetoothUtils( 8588): blockedByLocationOff callingUid=1002
09-01 14:42:54.659 I/BluetoothUtils( 8588): packagename is android.uid.bluetooth:1002 ,and its permission is false
09-01 14:42:54.660 D/BluetoothUtils( 8588): blockedByLocationOff callingUid=1002
09-01 14:42:54.660 I/BluetoothUtils( 8588): packagename is android.uid.bluetooth:1002 ,and its permission is false
09-01 14:42:54.660 D/BluetoothUtils( 8588): blockedByLocationOff callingUid=1002
09-01 14:42:54.661 I/BluetoothUtils( 8588): packagename is android.uid.bluetooth:1002 ,and its permission is false
09-01 14:42:54.661 D/BluetoothUtils( 8588): blockedByLocationOff callingUid=1002
09-01 14:42:54.661 I/BluetoothUtils( 8588): packagename is android.uid.bluetooth:1002 ,and its permission is false
09-01 14:42:54.667 V/bt_stack( 8588): [VERBOSE1:btm_ble_gap.cc(1923)] btm_ble_process_ext_adv_pkt: bda=44:ca:73:cc:df:42
09-01 14:42:54.667 V/bt_stack( 8588): [VERBOSE1:btm_ble_gap.cc(1847)] btm_ble_process_adv_addr: bda=44:ca:73:cc:df:42
09-01 14:42:54.668 V/bt_stack( 8588): [VERBOSE1:btm_ble_gap.cc(2052)]  Waiting for scan response 44:ca:73:cc:df:42
09-01 14:42:54.668 V/bt_stack( 8588): [VERBOSE1:btm_ble_gap.cc(1923)] btm_ble_process_ext_adv_pkt: bda=30:31:51:23:9b:e3
09-01 14:42:54.668 V/bt_stack( 8588): [VERBOSE1:btm_ble_gap.cc(1847)] btm_ble_process_adv_addr: bda=30:31:51:23:9b:e3
09-01 14:42:54.668 D/BluetoothUtils( 8588): blockedByLocationOff callingUid=1002
09-01 14:42:54.669 I/BluetoothUtils( 8588): packagename is android.uid.bluetooth:1002 ,and its permission is false
09-01 14:42:54.669 D/BluetoothUtils( 8588): blockedByLocationOff callingUid=1002
09-01 14:42:54.669 I/BluetoothUtils( 8588): packagename is android.uid.bluetooth:1002 ,and its permission is false
09-01 14:42:54.669 D/BluetoothUtils( 8588): blockedByLocationOff callingUid=1002
09-01 14:42:54.669 I/BluetoothUtils( 8588): packagename is android.uid.bluetooth:1002 ,and its permission is false
09-01 14:42:54.683 V/bt_stack( 8588): [VERBOSE1:btm_ble_gap.cc(1923)] btm_ble_process_ext_adv_pkt: bda=59:ea:73:03:7b:dc
09-01 14:42:54.684 V/bt_stack( 8588): [VERBOSE1:btm_ble_gap.cc(1847)] btm_ble_process_adv_addr: bda=59:ea:73:03:7b:dc
09-01 14:42:54.684 D/BluetoothUtils( 8588): blockedByLocationOff callingUid=1002
09-01 14:42:54.685 I/BluetoothUtils( 8588): packagename is android.uid.bluetooth:1002 ,and its permission is false
09-01 14:42:54.685 D/BluetoothUtils( 8588): blockedByLocationOff callingUid=1002
09-01 14:42:54.685 I/BluetoothUtils( 8588): packagename is android.uid.bluetooth:1002 ,and its permission is false
09-01 14:42:54.685 D/BluetoothUtils( 8588): blockedByLocationOff callingUid=1002
09-01 14:42:54.685 I/BluetoothUtils( 8588): packagename is android.uid.bluetooth:1002 ,and its permission is false
09-01 14:42:54.712 V/bt_stack( 8588): [VERBOSE1:btm_ble_gap.cc(1923)] btm_ble_process_ext_adv_pkt: bda=fb:6c:b6:2d:47:ad
09-01 14:42:54.712 V/bt_stack( 8588): [VERBOSE1:btm_ble_gap.cc(1847)] btm_ble_process_adv_addr: bda=fb:6c:b6:2d:47:ad
09-01 14:42:54.712 V/bt_stack( 8588): [VERBOSE1:btm_ble_gap.cc(2052)]  Waiting for scan response fb:6c:b6:2d:47:ad
09-01 14:42:54.713 V/bt_stack( 8588): [VERBOSE1:btm_ble_gap.cc(1923)] btm_ble_process_ext_adv_pkt: bda=75:55:30:69:5d:bf
09-01 14:42:54.713 V/bt_stack( 8588): [VERBOSE1:btm_ble_gap.cc(1847)] btm_ble_process_adv_addr: bda=75:55:30:69:5d:bf
09-01 14:42:54.713 V/bt_stack( 8588): [VERBOSE1:btm_ble_gap.cc(2052)]  Waiting for scan response 75:55:30:69:5d:bf
09-01 14:42:54.713 V/bt_stack( 8588): [VERBOSE1:btm_ble_gap.cc(1923)] btm_ble_process_ext_adv_pkt: bda=75:55:30:69:5d:bf
09-01 14:42:54.713 V/bt_stack( 8588): [VERBOSE1:btm_ble_gap.cc(1847)] btm_ble_process_adv_addr: bda=75:55:30:69:5d:bf
09-01 14:42:54.714 D/BluetoothUtils( 8588): blockedByLocationOff callingUid=1002
09-01 14:42:54.714 I/BluetoothUtils( 8588): packagename is android.uid.bluetooth:1002 ,and its permission is false
09-01 14:42:54.714 D/BluetoothUtils( 8588): blockedByLocationOff callingUid=1002
09-01 14:42:54.714 I/BluetoothUtils( 8588): packagename is android.uid.bluetooth:1002 ,and its permission is false
09-01 14:42:54.714 D/BluetoothUtils( 8588): blockedByLocationOff callingUid=1002
09-01 14:42:54.715 I/BluetoothUtils( 8588): packagename is android.uid.bluetooth:1002 ,and its permission is false
09-01 14:42:54.731 V/bt_stack( 8588): [VERBOSE1:btm_ble_gap.cc(1923)] btm_ble_process_ext_adv_pkt: bda=35:38:49:78:be:f0
09-01 14:42:54.731 V/bt_stack( 8588): [VERBOSE1:btm_ble_gap.cc(1847)] btm_ble_process_adv_addr: bda=35:38:49:78:be:f0
09-01 14:42:54.732 D/BluetoothUtils( 8588): blockedByLocationOff callingUid=1002
09-01 14:42:54.732 I/BluetoothUtils( 8588): packagename is android.uid.bluetooth:1002 ,and its permission is false
09-01 14:42:54.732 D/BluetoothUtils( 8588): blockedByLocationOff callingUid=1002
09-01 14:42:54.733 I/BluetoothUtils( 8588): packagename is android.uid.bluetooth:1002 ,and its permission is false
09-01 14:42:54.733 D/BluetoothUtils( 8588): blockedByLocationOff callingUid=1002
09-01 14:42:54.733 I/BluetoothUtils( 8588): packagename is android.uid.bluetooth:1002 ,and its permission is false
09-01 14:42:54.733 V/bt_stack( 8588): [VERBOSE1:btm_ble_gap.cc(1923)] btm_ble_process_ext_adv_pkt: bda=0c:39:e9:d5:de:20
09-01 14:42:54.734 V/bt_stack( 8588): [VERBOSE1:btm_ble_gap.cc(1847)] btm_ble_process_adv_addr: bda=0c:39:e9:d5:de:20
09-01 14:42:54.734 D/BluetoothUtils( 8588): blockedByLocationOff callingUid=1002
09-01 14:42:54.734 I/BluetoothUtils( 8588): packagename is android.uid.bluetooth:1002 ,and its permission is false
09-01 14:42:54.734 D/BluetoothUtils( 8588): blockedByLocationOff callingUid=1002
09-01 14:42:54.735 I/BluetoothUtils( 8588): packagename is android.uid.bluetooth:1002 ,and its permission is false
09-01 14:42:54.735 D/BluetoothUtils( 8588): blockedByLocationOff callingUid=1002
09-01 14:42:54.735 I/BluetoothUtils( 8588): packagename is android.uid.bluetooth:1002 ,and its permission is false
09-01 14:42:54.735 V/bt_stack( 8588): [VERBOSE1:btm_ble_gap.cc(1923)] btm_ble_process_ext_adv_pkt: bda=00:35:64:83:a4:98
09-01 14:42:54.735 V/bt_stack( 8588): [VERBOSE1:btm_ble_gap.cc(1847)] btm_ble_process_adv_addr: bda=00:35:64:83:a4:98
09-01 14:42:54.736 D/BluetoothUtils( 8588): blockedByLocationOff callingUid=1002
09-01 14:42:54.736 I/BluetoothUtils( 8588): packagename is android.uid.bluetooth:1002 ,and its permission is false
09-01 14:42:54.736 D/BluetoothUtils( 8588): blockedByLocationOff callingUid=1002
09-01 14:42:54.736 I/BluetoothUtils( 8588): packagename is android.uid.bluetooth:1002 ,and its permission is false
09-01 14:42:54.736 D/BluetoothUtils( 8588): blockedByLocationOff callingUid=1002
09-01 14:42:54.737 I/BluetoothUtils( 8588): packagename is android.uid.bluetooth:1002 ,and its permission is false
09-01 14:42:54.741 V/bt_stack( 8588): [VERBOSE1:btm_ble_gap.cc(1923)] btm_ble_process_ext_adv_pkt: bda=58:d0:f0:96:be:49
09-01 14:42:54.741 V/bt_stack( 8588): [VERBOSE1:btm_ble_gap.cc(1847)] btm_ble_process_adv_addr: bda=58:d0:f0:96:be:49
09-01 14:42:54.741 V/bt_stack( 8588): [VERBOSE1:btm_ble_gap.cc(2052)]  Waiting for scan response 58:d0:f0:96:be:49
09-01 14:42:54.741 V/bt_stack( 8588): [VERBOSE1:btm_ble_gap.cc(1923)] btm_ble_process_ext_adv_pkt: bda=58:d0:f0:96:be:49
09-01 14:42:54.741 V/bt_stack( 8588): [VERBOSE1:btm_ble_gap.cc(1847)] btm_ble_process_adv_addr: bda=58:d0:f0:96:be:49
09-01 14:42:54.742 D/BluetoothUtils( 8588): blockedByLocationOff callingUid=1002
09-01 14:42:54.742 I/BluetoothUtils( 8588): packagename is android.uid.bluetooth:1002 ,and its permission is false
09-01 14:42:54.742 D/BluetoothUtils( 8588): blockedByLocationOff callingUid=1002
09-01 14:42:54.742 I/BluetoothUtils( 8588): packagename is android.uid.bluetooth:1002 ,and its permission is false
09-01 14:42:54.743 D/BluetoothUtils( 8588): blockedByLocationOff callingUid=1002
09-01 14:42:54.743 I/BluetoothUtils( 8588): packagename is android.uid.bluetooth:1002 ,and its permission is false
09-01 14:42:54.744 V/bt_stack( 8588): [VERBOSE1:btm_ble_gap.cc(1923)] btm_ble_process_ext_adv_pkt: bda=3e:4e:78:8c:48:a5
09-01 14:42:54.744 V/bt_stack( 8588): [VERBOSE1:btm_ble_gap.cc(1847)] btm_ble_process_adv_addr: bda=3e:4e:78:8c:48:a5
09-01 14:42:54.745 D/BluetoothUtils( 8588): blockedByLocationOff callingUid=1002
09-01 14:42:54.745 I/BluetoothUtils( 8588): packagename is android.uid.bluetooth:1002 ,and its permission is false
09-01 14:42:54.745 D/BluetoothUtils( 8588): blockedByLocationOff callingUid=1002
09-01 14:42:54.745 I/BluetoothUtils( 8588): packagename is android.uid.bluetooth:1002 ,and its permission is false
09-01 14:42:54.745 D/BluetoothUtils( 8588): blockedByLocationOff callingUid=1002
09-01 14:42:54.745 I/BluetoothUtils( 8588): packagename is android.uid.bluetooth:1002 ,and its permission is false
09-01 14:42:54.749 V/bt_stack( 8588): [VERBOSE1:btm_ble_gap.cc(1923)] btm_ble_process_ext_adv_pkt: bda=38:f9:d3:45:87:1e
09-01 14:42:54.749 V/bt_stack( 8588): [VERBOSE1:btm_ble_gap.cc(1847)] btm_ble_process_adv_addr: bda=38:f9:d3:45:87:1e
09-01 14:42:54.749 V/bt_stack( 8588): [VERBOSE1:btm_ble_gap.cc(2052)]  Waiting for scan response 38:f9:d3:45:87:1e
09-01 14:42:54.749 V/bt_stack( 8588): [VERBOSE1:btm_ble_gap.cc(1923)] btm_ble_process_ext_adv_pkt: bda=38:f9:d3:45:87:1e
09-01 14:42:54.749 V/bt_stack( 8588): [VERBOSE1:btm_ble_gap.cc(1847)] btm_ble_process_adv_addr: bda=38:f9:d3:45:87:1e
09-01 14:42:54.750 D/BluetoothUtils( 8588): blockedByLocationOff callingUid=1002
09-01 14:42:54.750 I/BluetoothUtils( 8588): packagename is android.uid.bluetooth:1002 ,and its permission is false
09-01 14:42:54.750 D/BluetoothUtils( 8588): blockedByLocationOff callingUid=1002
09-01 14:42:54.750 I/BluetoothUtils( 8588): packagename is android.uid.bluetooth:1002 ,and its permission is false
09-01 14:42:54.750 D/BluetoothUtils( 8588): blockedByLocationOff callingUid=1002
09-01 14:42:54.750 I/BluetoothUtils( 8588): packagename is android.uid.bluetooth:1002 ,and its permission is false
09-01 14:42:54.762 V/bt_stack( 8588): [VERBOSE1:btm_ble_gap.cc(1923)] btm_ble_process_ext_adv_pkt: bda=66:db:a5:b4:54:91
09-01 14:42:54.762 V/bt_stack( 8588): [VERBOSE1:btm_ble_gap.cc(1847)] btm_ble_process_adv_addr: bda=66:db:a5:b4:54:91
09-01 14:42:54.762 V/bt_stack( 8588): [VERBOSE1:btm_ble_gap.cc(2052)]  Waiting for scan response 66:db:a5:b4:54:91
09-01 14:42:54.762 V/bt_stack( 8588): [VERBOSE1:btm_ble_gap.cc(1923)] btm_ble_process_ext_adv_pkt: bda=24:36:26:fc:bf:e5
09-01 14:42:54.762 V/bt_stack( 8588): [VERBOSE1:btm_ble_gap.cc(1847)] btm_ble_process_adv_addr: bda=24:36:26:fc:bf:e5
09-01 14:42:54.763 D/BluetoothUtils( 8588): blockedByLocationOff callingUid=1002
09-01 14:42:54.763 V/bt_stack( 8588): [VERBOSE1:btm_ble_gap.cc(1923)] btm_ble_process_ext_adv_pkt: bda=1c:91:72:ba:f7:2e
09-01 14:42:54.763 V/bt_stack( 8588): [VERBOSE1:btm_ble_gap.cc(1847)] btm_ble_process_adv_addr: bda=1c:91:72:ba:f7:2e
09-01 14:42:54.763 I/BluetoothUtils( 8588): packagename is android.uid.bluetooth:1002 ,and its permission is false
09-01 14:42:54.763 D/BluetoothUtils( 8588): blockedByLocationOff callingUid=1002
09-01 14:42:54.763 I/BluetoothUtils( 8588): packagename is android.uid.bluetooth:1002 ,and its permission is false
09-01 14:42:54.763 D/BluetoothUtils( 8588): blockedByLocationOff callingUid=1002
09-01 14:42:54.764 I/BluetoothUtils( 8588): packagename is android.uid.bluetooth:1002 ,and its permission is false
09-01 14:42:54.764 D/BluetoothUtils( 8588): blockedByLocationOff callingUid=1002
09-01 14:42:54.765 I/BluetoothUtils( 8588): packagename is android.uid.bluetooth:1002 ,and its permission is false
09-01 14:42:54.765 D/BluetoothUtils( 8588): blockedByLocationOff callingUid=1002
09-01 14:42:54.765 I/BluetoothUtils( 8588): packagename is android.uid.bluetooth:1002 ,and its permission is false
09-01 14:42:54.765 D/BluetoothUtils( 8588): blockedByLocationOff callingUid=1002
09-01 14:42:54.765 I/BluetoothUtils( 8588): packagename is android.uid.bluetooth:1002 ,and its permission is false
09-01 14:42:54.771 V/bt_stack( 8588): [VERBOSE1:btm_ble_gap.cc(1923)] btm_ble_process_ext_adv_pkt: bda=c7:c8:7a:ef:62:16
09-01 14:42:54.772 V/bt_stack( 8588): [VERBOSE1:btm_ble_gap.cc(1847)] btm_ble_process_adv_addr: bda=c7:c8:7a:ef:62:16
09-01 14:42:54.772 V/bt_stack( 8588): [VERBOSE1:btm_ble_gap.cc(2052)]  Waiting for scan response c7:c8:7a:ef:62:16
09-01 14:42:54.772 V/bt_stack( 8588): [VERBOSE1:btm_ble_gap.cc(1923)] btm_ble_process_ext_adv_pkt: bda=33:91:15:08:2a:2b
09-01 14:42:54.772 V/bt_stack( 8588): [VERBOSE1:btm_ble_gap.cc(1847)] btm_ble_process_adv_addr: bda=33:91:15:08:2a:2b
09-01 14:42:54.772 V/bt_stack( 8588): [VERBOSE1:btm_ble_gap.cc(1923)] btm_ble_process_ext_adv_pkt: bda=30:31:51:23:9b:e3
09-01 14:42:54.772 V/bt_stack( 8588): [VERBOSE1:btm_ble_gap.cc(1847)] btm_ble_process_adv_addr: bda=30:31:51:23:9b:e3
09-01 14:42:54.772 D/BluetoothUtils( 8588): blockedByLocationOff callingUid=1002
09-01 14:42:54.773 I/BluetoothUtils( 8588): packagename is android.uid.bluetooth:1002 ,and its permission is false
09-01 14:42:54.773 D/BluetoothUtils( 8588): blockedByLocationOff callingUid=1002
09-01 14:42:54.773 I/BluetoothUtils( 8588): packagename is android.uid.bluetooth:1002 ,and its permission is false
09-01 14:42:54.773 D/BluetoothUtils( 8588): blockedByLocationOff callingUid=1002
09-01 14:42:54.773 I/BluetoothUtils( 8588): packagename is android.uid.bluetooth:1002 ,and its permission is false
09-01 14:42:54.774 D/BluetoothUtils( 8588): blockedByLocationOff callingUid=1002
09-01 14:42:54.774 I/BluetoothUtils( 8588): packagename is android.uid.bluetooth:1002 ,and its permission is false
09-01 14:42:54.774 D/BluetoothUtils( 8588): blockedByLocationOff callingUid=1002
09-01 14:42:54.775 I/BluetoothUtils( 8588): packagename is android.uid.bluetooth:1002 ,and its permission is false
09-01 14:42:54.775 D/BluetoothUtils( 8588): blockedByLocationOff callingUid=1002
09-01 14:42:54.775 I/BluetoothUtils( 8588): packagename is android.uid.bluetooth:1002 ,and its permission is false
09-01 14:42:54.785 V/bt_stack( 8588): [VERBOSE1:btm_ble_gap.cc(1923)] btm_ble_process_ext_adv_pkt: bda=59:ea:73:03:7b:dc
09-01 14:42:54.785 V/bt_stack( 8588): [VERBOSE1:btm_ble_gap.cc(1847)] btm_ble_process_adv_addr: bda=59:ea:73:03:7b:dc
09-01 14:42:54.786 D/BluetoothUtils( 8588): blockedByLocationOff callingUid=1002
09-01 14:42:54.786 V/bt_stack( 8588): [VERBOSE1:btm_ble_gap.cc(1923)] btm_ble_process_ext_adv_pkt: bda=2a:7b:59:84:d7:1e
09-01 14:42:54.786 V/bt_stack( 8588): [VERBOSE1:btm_ble_gap.cc(1847)] btm_ble_process_adv_addr: bda=2a:7b:59:84:d7:1e
09-01 14:42:54.786 I/BluetoothUtils( 8588): packagename is android.uid.bluetooth:1002 ,and its permission is false
09-01 14:42:54.786 D/BluetoothUtils( 8588): blockedByLocationOff callingUid=1002
09-01 14:42:54.787 I/BluetoothUtils( 8588): packagename is android.uid.bluetooth:1002 ,and its permission is false
09-01 14:42:54.787 D/BluetoothUtils( 8588): blockedByLocationOff callingUid=1002
09-01 14:42:54.788 I/BluetoothUtils( 8588): packagename is android.uid.bluetooth:1002 ,and its permission is false
09-01 14:42:54.788 D/BluetoothUtils( 8588): blockedByLocationOff callingUid=1002
09-01 14:42:54.789 I/BluetoothUtils( 8588): packagename is android.uid.bluetooth:1002 ,and its permission is false
09-01 14:42:54.789 D/BluetoothUtils( 8588): blockedByLocationOff callingUid=1002
09-01 14:42:54.789 I/BluetoothUtils( 8588): packagename is android.uid.bluetooth:1002 ,and its permission is false
09-01 14:42:54.789 D/BluetoothUtils( 8588): blockedByLocationOff callingUid=1002
09-01 14:42:54.789 I/BluetoothUtils( 8588): packagename is android.uid.bluetooth:1002 ,and its permission is false
09-01 14:42:54.791 V/bt_stack( 8588): [VERBOSE1:btm_ble_gap.cc(1923)] btm_ble_process_ext_adv_pkt: bda=38:a9:e2:54:94:54
09-01 14:42:54.791 V/bt_stack( 8588): [VERBOSE1:btm_ble_gap.cc(1847)] btm_ble_process_adv_addr: bda=38:a9:e2:54:94:54
09-01 14:42:54.791 D/BluetoothUtils( 8588): blockedByLocationOff callingUid=1002
09-01 14:42:54.792 I/BluetoothUtils( 8588): packagename is android.uid.bluetooth:1002 ,and its permission is false
09-01 14:42:54.792 D/BluetoothUtils( 8588): blockedByLocationOff callingUid=1002
09-01 14:42:54.792 I/BluetoothUtils( 8588): packagename is android.uid.bluetooth:1002 ,and its permission is false
09-01 14:42:54.792 D/BluetoothUtils( 8588): blockedByLocationOff callingUid=1002
09-01 14:42:54.792 I/BluetoothUtils( 8588): packagename is android.uid.bluetooth:1002 ,and its permission is false
09-01 14:42:54.802 V/bt_stack( 8588): [VERBOSE1:btm_ble_gap.cc(1923)] btm_ble_process_ext_adv_pkt: bda=01:f5:30:c0:9b:7a
09-01 14:42:54.802 V/bt_stack( 8588): [VERBOSE1:btm_ble_gap.cc(1847)] btm_ble_process_adv_addr: bda=01:f5:30:c0:9b:7a
09-01 14:42:54.803 D/BluetoothUtils( 8588): blockedByLocationOff callingUid=1002
09-01 14:42:54.803 I/BluetoothUtils( 8588): packagename is android.uid.bluetooth:1002 ,and its permission is false
09-01 14:42:54.804 D/BluetoothUtils( 8588): blockedByLocationOff callingUid=1002
09-01 14:42:54.804 I/BluetoothUtils( 8588): packagename is android.uid.bluetooth:1002 ,and its permission is false
09-01 14:42:54.804 D/BluetoothUtils( 8588): blockedByLocationOff callingUid=1002
09-01 14:42:54.804 I/BluetoothUtils( 8588): packagename is android.uid.bluetooth:1002 ,and its permission is false
09-01 14:42:54.811 V/bt_stack( 8588): [VERBOSE1:btm_ble_gap.cc(1923)] btm_ble_process_ext_adv_pkt: bda=78:e7:79:bd:c0:21
09-01 14:42:54.811 V/bt_stack( 8588): [VERBOSE1:btm_ble_gap.cc(1847)] btm_ble_process_adv_addr: bda=78:e7:79:bd:c0:21
09-01 14:42:54.811 V/bt_stack( 8588): [VERBOSE1:btm_ble_gap.cc(2052)]  Waiting for scan response 78:e7:79:bd:c0:21
09-01 14:42:54.811 V/bt_stack( 8588): [VERBOSE1:btm_ble_gap.cc(1923)] btm_ble_process_ext_adv_pkt: bda=78:e7:79:bd:c0:21
09-01 14:42:54.811 V/bt_stack( 8588): [VERBOSE1:btm_ble_gap.cc(1847)] btm_ble_process_adv_addr: bda=78:e7:79:bd:c0:21
09-01 14:42:54.812 D/BluetoothUtils( 8588): blockedByLocationOff callingUid=1002
09-01 14:42:54.812 I/BluetoothUtils( 8588): packagename is android.uid.bluetooth:1002 ,and its permission is false
09-01 14:42:54.812 D/BluetoothUtils( 8588): blockedByLocationOff callingUid=1002
09-01 14:42:54.812 I/BluetoothUtils( 8588): packagename is android.uid.bluetooth:1002 ,and its permission is false
09-01 14:42:54.813 D/BluetoothUtils( 8588): blockedByLocationOff callingUid=1002
09-01 14:42:54.813 I/BluetoothUtils( 8588): packagename is android.uid.bluetooth:1002 ,and its permission is false
09-01 14:42:54.814 D/NtpTrustedTime( 1639): currentTimeMillis() cache hit
09-01 14:42:54.814 I/netd    (  679): trafficSwapActiveStatsMap() <0.32ms>
09-01 14:42:54.815 V/bt_stack( 8588): [VERBOSE1:btm_ble_gap.cc(1923)] btm_ble_process_ext_adv_pkt: bda=6b:b4:0f:63:00:12
09-01 14:42:54.815 V/bt_stack( 8588): [VERBOSE1:btm_ble_gap.cc(1847)] btm_ble_process_adv_addr: bda=6b:b4:0f:63:00:12
09-01 14:42:54.815 V/bt_stack( 8588): [VERBOSE1:btm_ble_gap.cc(2052)]  Waiting for scan response 6b:b4:0f:63:00:12
09-01 14:42:54.815 V/bt_stack( 8588): [VERBOSE1:btm_ble_gap.cc(1923)] btm_ble_process_ext_adv_pkt: bda=6b:b4:0f:63:00:12
09-01 14:42:54.815 V/bt_stack( 8588): [VERBOSE1:btm_ble_gap.cc(1847)] btm_ble_process_adv_addr: bda=6b:b4:0f:63:00:12
09-01 14:42:54.816 I/netd    (  679): tetherGetStats() <0.49ms>
09-01 14:42:54.816 D/BluetoothUtils( 8588): blockedByLocationOff callingUid=1002
09-01 14:42:54.816 I/BluetoothUtils( 8588): packagename is android.uid.bluetooth:1002 ,and its permission is false
09-01 14:42:54.816 D/BluetoothUtils( 8588): blockedByLocationOff callingUid=1002
09-01 14:42:54.817 I/BluetoothUtils( 8588): packagename is android.uid.bluetooth:1002 ,and its permission is false
09-01 14:42:54.817 D/BluetoothUtils( 8588): blockedByLocationOff callingUid=1002
09-01 14:42:54.817 I/BluetoothUtils( 8588): packagename is android.uid.bluetooth:1002 ,and its permission is false
09-01 14:42:54.819 D/NtpTrustedTime( 1639): currentTimeMillis() cache hit
09-01 14:42:54.820 I/netd    (  679): bandwidthSetGlobalAlert(131072) <0.14ms>
09-01 14:42:54.820 I/TrafficManageService( 5237): mina mTrafficStatsReceiver onReceive
09-01 14:42:54.834 V/bt_stack( 8588): [VERBOSE1:btm_ble_gap.cc(1923)] btm_ble_process_ext_adv_pkt: bda=63:53:07:fa:3c:f1
09-01 14:42:54.834 V/bt_stack( 8588): [VERBOSE1:btm_ble_gap.cc(1847)] btm_ble_process_adv_addr: bda=63:53:07:fa:3c:f1
09-01 14:42:54.835 D/BluetoothUtils( 8588): blockedByLocationOff callingUid=1002
09-01 14:42:54.835 I/BluetoothUtils( 8588): packagename is android.uid.bluetooth:1002 ,and its permission is false
09-01 14:42:54.835 D/BluetoothUtils( 8588): blockedByLocationOff callingUid=1002
09-01 14:42:54.836 I/BluetoothUtils( 8588): packagename is android.uid.bluetooth:1002 ,and its permission is false
09-01 14:42:54.836 D/BluetoothUtils( 8588): blockedByLocationOff callingUid=1002
09-01 14:42:54.836 I/BluetoothUtils( 8588): packagename is android.uid.bluetooth:1002 ,and its permission is false
09-01 14:42:54.838 V/bt_stack( 8588): [VERBOSE1:btm_ble_gap.cc(1923)] btm_ble_process_ext_adv_pkt: bda=46:25:ff:ec:21:0b
09-01 14:42:54.838 V/bt_stack( 8588): [VERBOSE1:btm_ble_gap.cc(1847)] btm_ble_process_adv_addr: bda=46:25:ff:ec:21:0b
09-01 14:42:54.839 V/bt_stack( 8588): [VERBOSE1:btm_ble_gap.cc(2052)]  Waiting for scan response 46:25:ff:ec:21:0b
09-01 14:42:54.839 V/bt_stack( 8588): [VERBOSE1:btm_ble_gap.cc(1923)] btm_ble_process_ext_adv_pkt: bda=46:25:ff:ec:21:0b
09-01 14:42:54.839 V/bt_stack( 8588): [VERBOSE1:btm_ble_gap.cc(1847)] btm_ble_process_adv_addr: bda=46:25:ff:ec:21:0b
09-01 14:42:54.839 V/bt_stack( 8588): [VERBOSE1:btm_ble_gap.cc(1923)] btm_ble_process_ext_adv_pkt: bda=0c:39:e9:d5:de:20
09-01 14:42:54.839 V/bt_stack( 8588): [VERBOSE1:btm_ble_gap.cc(1847)] btm_ble_process_adv_addr: bda=0c:39:e9:d5:de:20
09-01 14:42:54.839 D/BluetoothUtils( 8588): blockedByLocationOff callingUid=1002
09-01 14:42:54.840 I/BluetoothUtils( 8588): packagename is android.uid.bluetooth:1002 ,and its permission is false
09-01 14:42:54.840 D/BluetoothUtils( 8588): blockedByLocationOff callingUid=1002
09-01 14:42:54.840 I/BluetoothUtils( 8588): packagename is android.uid.bluetooth:1002 ,and its permission is false
09-01 14:42:54.840 D/BluetoothUtils( 8588): blockedByLocationOff callingUid=1002
09-01 14:42:54.841 I/BluetoothUtils( 8588): packagename is android.uid.bluetooth:1002 ,and its permission is false
09-01 14:42:54.841 D/BluetoothUtils( 8588): blockedByLocationOff callingUid=1002
09-01 14:42:54.841 I/BluetoothUtils( 8588): packagename is android.uid.bluetooth:1002 ,and its permission is false
09-01 14:42:54.841 D/BluetoothUtils( 8588): blockedByLocationOff callingUid=1002
09-01 14:42:54.842 I/BluetoothUtils( 8588): packagename is android.uid.bluetooth:1002 ,and its permission is false
09-01 14:42:54.842 D/BluetoothUtils( 8588): blockedByLocationOff callingUid=1002
09-01 14:42:54.842 I/BluetoothUtils( 8588): packagename is android.uid.bluetooth:1002 ,and its permission is false
09-01 14:42:54.853 V/bt_stack( 8588): [VERBOSE1:btm_ble_gap.cc(1923)] btm_ble_process_ext_adv_pkt: bda=68:61:6b:f6:07:2e
09-01 14:42:54.853 V/bt_stack( 8588): [VERBOSE1:btm_ble_gap.cc(1847)] btm_ble_process_adv_addr: bda=68:61:6b:f6:07:2e
09-01 14:42:54.853 V/bt_stack( 8588): [VERBOSE1:btm_ble_gap.cc(2052)]  Waiting for scan response 68:61:6b:f6:07:2e
09-01 14:42:54.854 V/bt_stack( 8588): [VERBOSE1:btm_ble_gap.cc(1923)] btm_ble_process_ext_adv_pkt: bda=7a:11:28:6c:23:6e
09-01 14:42:54.854 V/bt_stack( 8588): [VERBOSE1:btm_ble_gap.cc(1847)] btm_ble_process_adv_addr: bda=7a:11:28:6c:23:6e
09-01 14:42:54.854 V/bt_stack( 8588): [VERBOSE1:btm_ble_gap.cc(2052)]  Waiting for scan response 7a:11:28:6c:23:6e
09-01 14:42:54.854 V/bt_stack( 8588): [VERBOSE1:btm_ble_gap.cc(1923)] btm_ble_process_ext_adv_pkt: bda=7a:11:28:6c:23:6e
09-01 14:42:54.854 V/bt_stack( 8588): [VERBOSE1:btm_ble_gap.cc(1847)] btm_ble_process_adv_addr: bda=7a:11:28:6c:23:6e
09-01 14:42:54.854 D/BluetoothUtils( 8588): blockedByLocationOff callingUid=1002
09-01 14:42:54.855 I/BluetoothUtils( 8588): packagename is android.uid.bluetooth:1002 ,and its permission is false
09-01 14:42:54.855 D/BluetoothUtils( 8588): blockedByLocationOff callingUid=1002
09-01 14:42:54.855 I/BluetoothUtils( 8588): packagename is android.uid.bluetooth:1002 ,and its permission is false
09-01 14:42:54.855 D/BluetoothUtils( 8588): blockedByLocationOff callingUid=1002
09-01 14:42:54.856 I/BluetoothUtils( 8588): packagename is android.uid.bluetooth:1002 ,and its permission is false
09-01 14:42:54.865 V/bt_stack( 8588): [VERBOSE1:btm_ble_gap.cc(1923)] btm_ble_process_ext_adv_pkt: bda=59:f7:61:0b:a3:40
09-01 14:42:54.865 V/bt_stack( 8588): [VERBOSE1:btm_ble_gap.cc(1847)] btm_ble_process_adv_addr: bda=59:f7:61:0b:a3:40
09-01 14:42:54.866 D/BluetoothUtils( 8588): blockedByLocationOff callingUid=1002
09-01 14:42:54.867 I/BluetoothUtils( 8588): packagename is android.uid.bluetooth:1002 ,and its permission is false
09-01 14:42:54.867 D/BluetoothUtils( 8588): blockedByLocationOff callingUid=1002
09-01 14:42:54.867 I/BluetoothUtils( 8588): packagename is android.uid.bluetooth:1002 ,and its permission is false
09-01 14:42:54.867 D/BluetoothUtils( 8588): blockedByLocationOff callingUid=1002
09-01 14:42:54.867 I/BluetoothUtils( 8588): packagename is android.uid.bluetooth:1002 ,and its permission is false
09-01 14:42:54.868 V/bt_stack( 8588): [VERBOSE1:btm_ble_gap.cc(1923)] btm_ble_process_ext_adv_pkt: bda=1c:91:72:ba:f7:2e
09-01 14:42:54.868 V/bt_stack( 8588): [VERBOSE1:btm_ble_gap.cc(1847)] btm_ble_process_adv_addr: bda=1c:91:72:ba:f7:2e
09-01 14:42:54.869 D/BluetoothUtils( 8588): blockedByLocationOff callingUid=1002
09-01 14:42:54.869 I/BluetoothUtils( 8588): packagename is android.uid.bluetooth:1002 ,and its permission is false
09-01 14:42:54.870 D/BluetoothUtils( 8588): blockedByLocationOff callingUid=1002
09-01 14:42:54.870 I/BluetoothUtils( 8588): packagename is android.uid.bluetooth:1002 ,and its permission is false
09-01 14:42:54.870 D/BluetoothUtils( 8588): blockedByLocationOff callingUid=1002
09-01 14:42:54.870 I/BluetoothUtils( 8588): packagename is android.uid.bluetooth:1002 ,and its permission is false
09-01 14:42:54.871 V/bt_stack( 8588): [VERBOSE1:btm_ble_gap.cc(1923)] btm_ble_process_ext_adv_pkt: bda=24:36:26:fc:bf:e5
09-01 14:42:54.871 V/bt_stack( 8588): [VERBOSE1:btm_ble_gap.cc(1847)] btm_ble_process_adv_addr: bda=24:36:26:fc:bf:e5
09-01 14:42:54.872 D/BluetoothUtils( 8588): blockedByLocationOff callingUid=1002
09-01 14:42:54.872 I/BluetoothUtils( 8588): packagename is android.uid.bluetooth:1002 ,and its permission is false
09-01 14:42:54.872 D/BluetoothUtils( 8588): blockedByLocationOff callingUid=1002
09-01 14:42:54.872 I/BluetoothUtils( 8588): packagename is android.uid.bluetooth:1002 ,and its permission is false
09-01 14:42:54.872 D/BluetoothUtils( 8588): blockedByLocationOff callingUid=1002
09-01 14:42:54.873 I/BluetoothUtils( 8588): packagename is android.uid.bluetooth:1002 ,and its permission is false
09-01 14:42:54.874 V/bt_stack( 8588): [VERBOSE1:btm_ble_gap.cc(1923)] btm_ble_process_ext_adv_pkt: bda=33:91:15:08:2a:2b
09-01 14:42:54.875 V/bt_stack( 8588): [VERBOSE1:btm_ble_gap.cc(1847)] btm_ble_process_adv_addr: bda=33:91:15:08:2a:2b
09-01 14:42:54.875 D/BluetoothUtils( 8588): blockedByLocationOff callingUid=1002
09-01 14:42:54.876 I/BluetoothUtils( 8588): packagename is android.uid.bluetooth:1002 ,and its permission is false
09-01 14:42:54.876 D/BluetoothUtils( 8588): blockedByLocationOff callingUid=1002
09-01 14:42:54.876 I/BluetoothUtils( 8588): packagename is android.uid.bluetooth:1002 ,and its permission is false
09-01 14:42:54.876 D/BluetoothUtils( 8588): blockedByLocationOff callingUid=1002
09-01 14:42:54.876 I/BluetoothUtils( 8588): packagename is android.uid.bluetooth:1002 ,and its permission is false
09-01 14:42:54.878 V/bt_stack( 8588): [VERBOSE1:btm_ble_gap.cc(1923)] btm_ble_process_ext_adv_pkt: bda=03:d8:93:20:a7:46
09-01 14:42:54.878 V/bt_stack( 8588): [VERBOSE1:btm_ble_gap.cc(1847)] btm_ble_process_adv_addr: bda=03:d8:93:20:a7:46
09-01 14:42:54.878 D/BluetoothUtils( 8588): blockedByLocationOff callingUid=1002
09-01 14:42:54.879 I/BluetoothUtils( 8588): packagename is android.uid.bluetooth:1002 ,and its permission is false
09-01 14:42:54.879 D/BluetoothUtils( 8588): blockedByLocationOff callingUid=1002
09-01 14:42:54.879 I/BluetoothUtils( 8588): packagename is android.uid.bluetooth:1002 ,and its permission is false
09-01 14:42:54.879 D/BluetoothUtils( 8588): blockedByLocationOff callingUid=1002
09-01 14:42:54.879 I/BluetoothUtils( 8588): packagename is android.uid.bluetooth:1002 ,and its permission is false
09-01 14:42:54.883 V/bt_stack( 8588): [VERBOSE1:btm_ble_gap.cc(1923)] btm_ble_process_ext_adv_pkt: bda=28:bc:17:6a:f4:4d
09-01 14:42:54.883 V/bt_stack( 8588): [VERBOSE1:btm_ble_gap.cc(1847)] btm_ble_process_adv_addr: bda=28:bc:17:6a:f4:4d
09-01 14:42:54.884 D/BluetoothUtils( 8588): blockedByLocationOff callingUid=1002
09-01 14:42:54.884 I/BluetoothUtils( 8588): packagename is android.uid.bluetooth:1002 ,and its permission is false
09-01 14:42:54.884 D/BluetoothUtils( 8588): blockedByLocationOff callingUid=1002
09-01 14:42:54.884 I/BluetoothUtils( 8588): packagename is android.uid.bluetooth:1002 ,and its permission is false
09-01 14:42:54.884 D/BluetoothUtils( 8588): blockedByLocationOff callingUid=1002
09-01 14:42:54.885 I/BluetoothUtils( 8588): packagename is android.uid.bluetooth:1002 ,and its permission is false
09-01 14:42:54.887 V/bt_stack( 8588): [VERBOSE1:btm_ble_gap.cc(1923)] btm_ble_process_ext_adv_pkt: bda=56:e4:da:79:d5:88
09-01 14:42:54.887 V/bt_stack( 8588): [VERBOSE1:btm_ble_gap.cc(1847)] btm_ble_process_adv_addr: bda=56:e4:da:79:d5:88
09-01 14:42:54.887 V/bt_stack( 8588): [VERBOSE1:btm_ble_gap.cc(2052)]  Waiting for scan response 56:e4:da:79:d5:88
09-01 14:42:54.887 V/bt_stack( 8588): [VERBOSE1:btm_ble_gap.cc(1923)] btm_ble_process_ext_adv_pkt: bda=56:e4:da:79:d5:88
09-01 14:42:54.887 V/bt_stack( 8588): [VERBOSE1:btm_ble_gap.cc(1847)] btm_ble_process_adv_addr: bda=56:e4:da:79:d5:88
09-01 14:42:54.888 D/BluetoothUtils( 8588): blockedByLocationOff callingUid=1002
09-01 14:42:54.888 I/BluetoothUtils( 8588): packagename is android.uid.bluetooth:1002 ,and its permission is false
09-01 14:42:54.888 D/BluetoothUtils( 8588): blockedByLocationOff callingUid=1002
09-01 14:42:54.888 I/BluetoothUtils( 8588): packagename is android.uid.bluetooth:1002 ,and its permission is false
09-01 14:42:54.889 D/BluetoothUtils( 8588): blockedByLocationOff callingUid=1002
09-01 14:42:54.889 I/BluetoothUtils( 8588): packagename is android.uid.bluetooth:1002 ,and its permission is false
09-01 14:42:54.894 V/bt_stack( 8588): [VERBOSE1:btm_ble_gap.cc(1923)] btm_ble_process_ext_adv_pkt: bda=59:ea:73:03:7b:dc
09-01 14:42:54.894 V/bt_stack( 8588): [VERBOSE1:btm_ble_gap.cc(1847)] btm_ble_process_adv_addr: bda=59:ea:73:03:7b:dc
09-01 14:42:54.894 D/BluetoothUtils( 8588): blockedByLocationOff callingUid=1002
09-01 14:42:54.895 I/BluetoothUtils( 8588): packagename is android.uid.bluetooth:1002 ,and its permission is false
09-01 14:42:54.895 D/BluetoothUtils( 8588): blockedByLocationOff callingUid=1002
09-01 14:42:54.895 I/BluetoothUtils( 8588): packagename is android.uid.bluetooth:1002 ,and its permission is false
09-01 14:42:54.895 D/BluetoothUtils( 8588): blockedByLocationOff callingUid=1002
09-01 14:42:54.895 V/bt_stack( 8588): [VERBOSE1:btm_ble_gap.cc(1923)] btm_ble_process_ext_adv_pkt: bda=05:18:f1:4b:2c:d4
09-01 14:42:54.895 V/bt_stack( 8588): [VERBOSE1:btm_ble_gap.cc(1847)] btm_ble_process_adv_addr: bda=05:18:f1:4b:2c:d4
09-01 14:42:54.896 I/BluetoothUtils( 8588): packagename is android.uid.bluetooth:1002 ,and its permission is false
09-01 14:42:54.896 D/BluetoothUtils( 8588): blockedByLocationOff callingUid=1002
09-01 14:42:54.896 I/BluetoothUtils( 8588): packagename is android.uid.bluetooth:1002 ,and its permission is false
09-01 14:42:54.896 D/BluetoothUtils( 8588): blockedByLocationOff callingUid=1002
09-01 14:42:54.897 I/BluetoothUtils( 8588): packagename is android.uid.bluetooth:1002 ,and its permission is false
