09-01 14:42:52.806 V/bt_stack( 8588): [VERBOSE1:btm_ble_gap.cc(1847)] btm_ble_process_adv_addr: bda=05:18:f1:4b:2c:d4
09-01 14:42:52.807 D/BluetoothUtils( 8588): blockedByLocationOff callingUid=1002
09-01 14:42:52.807 I/BluetoothUtils( 8588): packagename is android.uid.bluetooth:1002 ,and its permission is false
09-01 14:42:52.807 D/BluetoothUtils( 8588): blockedByLocationOff callingUid=1002
09-01 14:42:52.807 I/BluetoothUtils( 8588): packagename is android.uid.bluetooth:1002 ,and its permission is false
09-01 14:42:52.807 D/BluetoothUtils( 8588): blockedByLocationOff callingUid=1002
09-01 14:42:52.808 I/BluetoothUtils( 8588): packagename is android.uid.bluetooth:1002 ,and its permission is false
09-01 14:42:52.817 V/bt_stack( 8588): [VERBOSE1:btm_ble_gap.cc(1923)] btm_ble_process_ext_adv_pkt: bda=44:73:b6:51:63:17
09-01 14:42:52.817 V/bt_stack( 8588): [VERBOSE1:btm_ble_gap.cc(1847)] btm_ble_process_adv_addr: bda=44:73:b6:51:63:17
09-01 14:42:52.817 V/bt_stack( 8588): [VERBOSE1:btm_ble_gap.cc(2052)]  Waiting for scan response 44:73:b6:51:63:17
09-01 14:42:52.817 V/bt_stack( 8588): [VERBOSE1:btm_ble_gap.cc(1923)] btm_ble_process_ext_adv_pkt: bda=05:d9:72:f7:0f:69
09-01 14:42:52.817 V/bt_stack( 8588): [VERBOSE1:btm_ble_gap.cc(1847)] btm_ble_process_adv_addr: bda=05:d9:72:f7:0f:69
09-01 14:42:52.818 D/BluetoothUtils( 8588): blockedByLocationOff callingUid=1002
09-01 14:42:52.818 I/BluetoothUtils( 8588): packagename is android.uid.bluetooth:1002 ,and its permission is false
09-01 14:42:52.818 D/BluetoothUtils( 8588): blockedByLocationOff callingUid=1002
09-01 14:42:52.818 I/BluetoothUtils( 8588): packagename is android.uid.bluetooth:1002 ,and its permission is false
09-01 14:42:52.818 D/BluetoothUtils( 8588): blockedByLocationOff callingUid=1002
09-01 14:42:52.819 I/BluetoothUtils( 8588): packagename is android.uid.bluetooth:1002 ,and its permission is false
09-01 14:42:52.821 I/appium  (13898): AppiumResponse: {"sessionId":"94b2dfbc-5a87-4ff5-8430-a6752ec32c55","value":{"ELEMENT":"1b5a054e-cf1f-4cfd-bb84-e0aa9cdf3a62","element-6066-11e4-a52e-4f735466cecf":"1b5a054e-cf1f-4cfd-bb84-e0aa9cdf3a62"}}
09-01 14:42:52.825 V/bt_stack( 8588): [VERBOSE1:btm_ble_gap.cc(1923)] btm_ble_process_ext_adv_pkt: bda=38:a9:e2:54:94:54
09-01 14:42:52.825 V/bt_stack( 8588): [VERBOSE1:btm_ble_gap.cc(1847)] btm_ble_process_adv_addr: bda=38:a9:e2:54:94:54
09-01 14:42:52.826 D/BluetoothUtils( 8588): blockedByLocationOff callingUid=1002
09-01 14:42:52.827 I/BluetoothUtils( 8588): packagename is android.uid.bluetooth:1002 ,and its permission is false
09-01 14:42:52.827 D/BluetoothUtils( 8588): blockedByLocationOff callingUid=1002
09-01 14:42:52.827 I/BluetoothUtils( 8588): packagename is android.uid.bluetooth:1002 ,and its permission is false
09-01 14:42:52.827 D/BluetoothUtils( 8588): blockedByLocationOff callingUid=1002
09-01 14:42:52.827 I/BluetoothUtils( 8588): packagename is android.uid.bluetooth:1002 ,and its permission is false
09-01 14:42:52.832 V/bt_stack( 8588): [VERBOSE1:btm_ble_gap.cc(1923)] btm_ble_process_ext_adv_pkt: bda=56:e4:da:79:d5:88
09-01 14:42:52.832 V/bt_stack( 8588): [VERBOSE1:btm_ble_gap.cc(1847)] btm_ble_process_adv_addr: bda=56:e4:da:79:d5:88
09-01 14:42:52.832 V/bt_stack( 8588): [VERBOSE1:btm_ble_gap.cc(2052)]  Waiting for scan response 56:e4:da:79:d5:88
09-01 14:42:52.832 V/bt_stack( 8588): [VERBOSE1:btm_ble_gap.cc(1923)] btm_ble_process_ext_adv_pkt: bda=56:e4:da:79:d5:88
09-01 14:42:52.832 V/bt_stack( 8588): [VERBOSE1:btm_ble_gap.cc(1847)] btm_ble_process_adv_addr: bda=56:e4:da:79:d5:88
09-01 14:42:52.833 D/BluetoothUtils( 8588): blockedByLocationOff callingUid=1002
09-01 14:42:52.834 I/BluetoothUtils( 8588): packagename is android.uid.bluetooth:1002 ,and its permission is false
09-01 14:42:52.834 D/BluetoothUtils( 8588): blockedByLocationOff callingUid=1002
09-01 14:42:52.834 I/BluetoothUtils( 8588): packagename is android.uid.bluetooth:1002 ,and its permission is false
09-01 14:42:52.834 D/BluetoothUtils( 8588): blockedByLocationOff callingUid=1002
09-01 14:42:52.834 I/BluetoothUtils( 8588): packagename is android.uid.bluetooth:1002 ,and its permission is false
09-01 14:42:52.841 V/bt_stack( 8588): [VERBOSE1:btm_ble_gap.cc(1923)] btm_ble_process_ext_adv_pkt: bda=2c:09:3e:94:80:f3
09-01 14:42:52.841 V/bt_stack( 8588): [VERBOSE1:btm_ble_gap.cc(1847)] btm_ble_process_adv_addr: bda=2c:09:3e:94:80:f3
09-01 14:42:52.842 D/BluetoothUtils( 8588): blockedByLocationOff callingUid=1002
09-01 14:42:52.843 I/BluetoothUtils( 8588): packagename is android.uid.bluetooth:1002 ,and its permission is false
09-01 14:42:52.843 D/BluetoothUtils( 8588): blockedByLocationOff callingUid=1002
09-01 14:42:52.844 I/BluetoothUtils( 8588): packagename is android.uid.bluetooth:1002 ,and its permission is false
09-01 14:42:52.844 D/BluetoothUtils( 8588): blockedByLocationOff callingUid=1002
09-01 14:42:52.845 I/BluetoothUtils( 8588): packagename is android.uid.bluetooth:1002 ,and its permission is false
09-01 14:42:52.854 I/appium  (13898): channel read invoked!
09-01 14:42:52.855 I/appium  (13898): channel read: POST /wd/hub/session/94b2dfbc-5a87-4ff5-8430-a6752ec32c55/element
09-01 14:42:52.856 V/bt_stack( 8588): [VERBOSE1:btm_ble_gap.cc(1923)] btm_ble_process_ext_adv_pkt: bda=59:5f:ac:32:e1:b7
09-01 14:42:52.856 V/bt_stack( 8588): [VERBOSE1:btm_ble_gap.cc(1847)] btm_ble_process_adv_addr: bda=59:5f:ac:32:e1:b7
09-01 14:42:52.856 V/bt_stack( 8588): [VERBOSE1:btm_ble_gap.cc(2052)]  Waiting for scan response 59:5f:ac:32:e1:b7
09-01 14:42:52.856 I/appium  (13898): Find element command using 'id' with selector 'chart_up_title'.
09-01 14:42:52.857 I/appium  (13898): Waiting up to 10000ms for device to be idle
09-01 14:42:52.857 V/bt_stack( 8588): [VERBOSE1:btm_ble_gap.cc(1923)] btm_ble_process_ext_adv_pkt: bda=59:5f:ac:32:e1:b7
09-01 14:42:52.857 V/bt_stack( 8588): [VERBOSE1:btm_ble_gap.cc(1847)] btm_ble_process_adv_addr: bda=59:5f:ac:32:e1:b7
09-01 14:42:52.859 D/BluetoothUtils( 8588): blockedByLocationOff callingUid=1002
09-01 14:42:52.860 I/BluetoothUtils( 8588): packagename is android.uid.bluetooth:1002 ,and its permission is false
09-01 14:42:52.860 D/BluetoothUtils( 8588): blockedByLocationOff callingUid=1002
09-01 14:42:52.860 I/BluetoothUtils( 8588): packagename is android.uid.bluetooth:1002 ,and its permission is false
09-01 14:42:52.861 D/BluetoothUtils( 8588): blockedByLocationOff callingUid=1002
09-01 14:42:52.861 I/BluetoothUtils( 8588): packagename is android.uid.bluetooth:1002 ,and its permission is false
09-01 14:42:52.864 V/bt_stack( 8588): [VERBOSE1:btm_ble_gap.cc(1923)] btm_ble_process_ext_adv_pkt: bda=63:53:07:fa:3c:f1
09-01 14:42:52.864 V/bt_stack( 8588): [VERBOSE1:btm_ble_gap.cc(1847)] btm_ble_process_adv_addr: bda=63:53:07:fa:3c:f1
09-01 14:42:52.865 D/BluetoothUtils( 8588): blockedByLocationOff callingUid=1002
09-01 14:42:52.866 I/BluetoothUtils( 8588): packagename is android.uid.bluetooth:1002 ,and its permission is false
09-01 14:42:52.866 D/BluetoothUtils( 8588): blockedByLocationOff callingUid=1002
09-01 14:42:52.866 I/BluetoothUtils( 8588): packagename is android.uid.bluetooth:1002 ,and its permission is false
09-01 14:42:52.866 D/BluetoothUtils( 8588): blockedByLocationOff callingUid=1002
09-01 14:42:52.866 I/BluetoothUtils( 8588): packagename is android.uid.bluetooth:1002 ,and its permission is false
09-01 14:42:52.868 V/bt_stack( 8588): [VERBOSE1:btm_ble_gap.cc(1923)] btm_ble_process_ext_adv_pkt: bda=33:91:15:08:2a:2b
09-01 14:42:52.869 V/bt_stack( 8588): [VERBOSE1:btm_ble_gap.cc(1847)] btm_ble_process_adv_addr: bda=33:91:15:08:2a:2b
09-01 14:42:52.869 D/BluetoothUtils( 8588): blockedByLocationOff callingUid=1002
09-01 14:42:52.870 I/BluetoothUtils( 8588): packagename is android.uid.bluetooth:1002 ,and its permission is false
09-01 14:42:52.870 D/BluetoothUtils( 8588): blockedByLocationOff callingUid=1002
09-01 14:42:52.870 I/BluetoothUtils( 8588): packagename is android.uid.bluetooth:1002 ,and its permission is false
09-01 14:42:52.871 D/BluetoothUtils( 8588): blockedByLocationOff callingUid=1002
09-01 14:42:52.871 I/BluetoothUtils( 8588): packagename is android.uid.bluetooth:1002 ,and its permission is false
09-01 14:42:52.872 V/bt_stack( 8588): [VERBOSE1:btm_ble_gap.cc(1923)] btm_ble_process_ext_adv_pkt: bda=77:60:99:3a:74:d9
09-01 14:42:52.872 V/bt_stack( 8588): [VERBOSE1:btm_ble_gap.cc(1847)] btm_ble_process_adv_addr: bda=77:60:99:3a:74:d9
09-01 14:42:52.872 V/bt_stack( 8588): [VERBOSE1:btm_ble_gap.cc(2052)]  Waiting for scan response 77:60:99:3a:74:d9
09-01 14:42:52.872 V/bt_stack( 8588): [VERBOSE1:btm_ble_gap.cc(1923)] btm_ble_process_ext_adv_pkt: bda=00:35:64:83:a4:98
09-01 14:42:52.872 V/bt_stack( 8588): [VERBOSE1:btm_ble_gap.cc(1847)] btm_ble_process_adv_addr: bda=00:35:64:83:a4:98
09-01 14:42:52.874 D/BluetoothUtils( 8588): blockedByLocationOff callingUid=1002
09-01 14:42:52.874 I/BluetoothUtils( 8588): packagename is android.uid.bluetooth:1002 ,and its permission is false
09-01 14:42:52.874 D/BluetoothUtils( 8588): blockedByLocationOff callingUid=1002
09-01 14:42:52.874 V/bt_stack( 8588): [VERBOSE1:btm_ble_gap.cc(1923)] btm_ble_process_ext_adv_pkt: bda=1c:91:72:ba:f7:2e
09-01 14:42:52.874 V/bt_stack( 8588): [VERBOSE1:btm_ble_gap.cc(1847)] btm_ble_process_adv_addr: bda=1c:91:72:ba:f7:2e
09-01 14:42:52.875 I/BluetoothUtils( 8588): packagename is android.uid.bluetooth:1002 ,and its permission is false
09-01 14:42:52.875 D/BluetoothUtils( 8588): blockedByLocationOff callingUid=1002
09-01 14:42:52.876 V/bt_stack( 8588): [VERBOSE1:btm_ble_gap.cc(1923)] btm_ble_process_ext_adv_pkt: bda=38:f9:d3:45:87:1e
09-01 14:42:52.876 I/BluetoothUtils( 8588): packagename is android.uid.bluetooth:1002 ,and its permission is false
09-01 14:42:52.876 V/bt_stack( 8588): [VERBOSE1:btm_ble_gap.cc(1847)] btm_ble_process_adv_addr: bda=38:f9:d3:45:87:1e
09-01 14:42:52.876 V/bt_stack( 8588): [VERBOSE1:btm_ble_gap.cc(2052)]  Waiting for scan response 38:f9:d3:45:87:1e
09-01 14:42:52.876 V/bt_stack( 8588): [VERBOSE1:btm_ble_gap.cc(1923)] btm_ble_process_ext_adv_pkt: bda=38:f9:d3:45:87:1e
09-01 14:42:52.876 V/bt_stack( 8588): [VERBOSE1:btm_ble_gap.cc(1847)] btm_ble_process_adv_addr: bda=38:f9:d3:45:87:1e
09-01 14:42:52.877 D/BluetoothUtils( 8588): blockedByLocationOff callingUid=1002
09-01 14:42:52.878 I/BluetoothUtils( 8588): packagename is android.uid.bluetooth:1002 ,and its permission is false
09-01 14:42:52.878 D/BluetoothUtils( 8588): blockedByLocationOff callingUid=1002
09-01 14:42:52.878 I/BluetoothUtils( 8588): packagename is android.uid.bluetooth:1002 ,and its permission is false
09-01 14:42:52.878 D/BluetoothUtils( 8588): blockedByLocationOff callingUid=1002
09-01 14:42:52.879 I/BluetoothUtils( 8588): packagename is android.uid.bluetooth:1002 ,and its permission is false
09-01 14:42:52.879 D/BluetoothUtils( 8588): blockedByLocationOff callingUid=1002
09-01 14:42:52.880 I/BluetoothUtils( 8588): packagename is android.uid.bluetooth:1002 ,and its permission is false
09-01 14:42:52.880 D/BluetoothUtils( 8588): blockedByLocationOff callingUid=1002
09-01 14:42:52.880 I/BluetoothUtils( 8588): packagename is android.uid.bluetooth:1002 ,and its permission is false
09-01 14:42:52.880 D/BluetoothUtils( 8588): blockedByLocationOff callingUid=1002
09-01 14:42:52.881 I/appium  (13898): AppiumResponse: {"sessionId":"94b2dfbc-5a87-4ff5-8430-a6752ec32c55","value":{"ELEMENT":"f257f4ed-cc13-470f-8e38-5d338739422c","element-6066-11e4-a52e-4f735466cecf":"f257f4ed-cc13-470f-8e38-5d338739422c"}}
09-01 14:42:52.883 I/BluetoothUtils( 8588): packagename is android.uid.bluetooth:1002 ,and its permission is false
09-01 14:42:52.884 V/bt_stack( 8588): [VERBOSE1:btm_ble_gap.cc(1923)] btm_ble_process_ext_adv_pkt: bda=c4:cf:3f:4b:ad:c8
09-01 14:42:52.884 V/bt_stack( 8588): [VERBOSE1:btm_ble_gap.cc(1847)] btm_ble_process_adv_addr: bda=c4:cf:3f:4b:ad:c8
09-01 14:42:52.884 V/bt_stack( 8588): [VERBOSE1:btm_ble_gap.cc(2052)]  Waiting for scan response c4:cf:3f:4b:ad:c8
09-01 14:42:52.884 V/bt_stack( 8588): [VERBOSE1:btm_ble_gap.cc(1923)] btm_ble_process_ext_adv_pkt: bda=35:45:bf:2c:e1:03
09-01 14:42:52.884 V/bt_stack( 8588): [VERBOSE1:btm_ble_gap.cc(1847)] btm_ble_process_adv_addr: bda=35:45:bf:2c:e1:03
09-01 14:42:52.885 D/BluetoothUtils( 8588): blockedByLocationOff callingUid=1002
09-01 14:42:52.885 I/BluetoothUtils( 8588): packagename is android.uid.bluetooth:1002 ,and its permission is false
09-01 14:42:52.885 D/BluetoothUtils( 8588): blockedByLocationOff callingUid=1002
09-01 14:42:52.886 I/BluetoothUtils( 8588): packagename is android.uid.bluetooth:1002 ,and its permission is false
09-01 14:42:52.886 D/BluetoothUtils( 8588): blockedByLocationOff callingUid=1002
09-01 14:42:52.886 I/BluetoothUtils( 8588): packagename is android.uid.bluetooth:1002 ,and its permission is false
09-01 14:42:52.886 V/bt_stack( 8588): [VERBOSE1:btm_ble_gap.cc(1923)] btm_ble_process_ext_adv_pkt: bda=03:d8:93:20:a7:46
09-01 14:42:52.886 V/bt_stack( 8588): [VERBOSE1:btm_ble_gap.cc(1847)] btm_ble_process_adv_addr: bda=03:d8:93:20:a7:46
09-01 14:42:52.887 D/BluetoothUtils( 8588): blockedByLocationOff callingUid=1002
09-01 14:42:52.887 I/BluetoothUtils( 8588): packagename is android.uid.bluetooth:1002 ,and its permission is false
09-01 14:42:52.887 D/BluetoothUtils( 8588): blockedByLocationOff callingUid=1002
09-01 14:42:52.888 I/BluetoothUtils( 8588): packagename is android.uid.bluetooth:1002 ,and its permission is false
09-01 14:42:52.888 D/BluetoothUtils( 8588): blockedByLocationOff callingUid=1002
09-01 14:42:52.888 I/BluetoothUtils( 8588): packagename is android.uid.bluetooth:1002 ,and its permission is false
09-01 14:42:52.897 I/appium  (13898): channel read invoked!
09-01 14:42:52.897 I/appium  (13898): channel read: GET /wd/hub/session/94b2dfbc-5a87-4ff5-8430-a6752ec32c55/element/f257f4ed-cc13-470f-8e38-5d338739422c/attribute/contentDescription
09-01 14:42:52.898 I/appium  (13898): get attribute of element command
09-01 14:42:52.900 V/bt_stack( 8588): [VERBOSE1:btm_ble_gap.cc(1923)] btm_ble_process_ext_adv_pkt: bda=30:31:51:23:9b:e3
09-01 14:42:52.900 V/bt_stack( 8588): [VERBOSE1:btm_ble_gap.cc(1847)] btm_ble_process_adv_addr: bda=30:31:51:23:9b:e3
09-01 14:42:52.901 D/BluetoothUtils( 8588): blockedByLocationOff callingUid=1002
09-01 14:42:52.901 I/BluetoothUtils( 8588): packagename is android.uid.bluetooth:1002 ,and its permission is false
09-01 14:42:52.901 D/BluetoothUtils( 8588): blockedByLocationOff callingUid=1002
09-01 14:42:52.901 I/BluetoothUtils( 8588): packagename is android.uid.bluetooth:1002 ,and its permission is false
09-01 14:42:52.902 D/BluetoothUtils( 8588): blockedByLocationOff callingUid=1002
09-01 14:42:52.902 I/BluetoothUtils( 8588): packagename is android.uid.bluetooth:1002 ,and its permission is false
09-01 14:42:52.903 I/appium  (13898): AppiumResponse: {"sessionId":"94b2dfbc-5a87-4ff5-8430-a6752ec32c55","value":"[3311, 步]"}
09-01 14:42:52.906 V/bt_stack( 8588): [VERBOSE1:btm_ble_gap.cc(1923)] btm_ble_process_ext_adv_pkt: bda=58:80:3c:e4:e8:ac
09-01 14:42:52.906 V/bt_stack( 8588): [VERBOSE1:btm_ble_gap.cc(1847)] btm_ble_process_adv_addr: bda=58:80:3c:e4:e8:ac
09-01 14:42:52.906 V/bt_stack( 8588): [VERBOSE1:btm_ble_gap.cc(2052)]  Waiting for scan response 58:80:3c:e4:e8:ac
09-01 14:42:52.906 V/bt_stack( 8588): [VERBOSE1:btm_ble_gap.cc(1923)] btm_ble_process_ext_adv_pkt: bda=05:18:f1:4b:2c:d4
09-01 14:42:52.906 V/bt_stack( 8588): [VERBOSE1:btm_ble_gap.cc(1847)] btm_ble_process_adv_addr: bda=05:18:f1:4b:2c:d4
09-01 14:42:52.907 V/bt_stack( 8588): [VERBOSE1:btm_ble_gap.cc(1923)] btm_ble_process_ext_adv_pkt: bda=59:ea:73:03:7b:dc
09-01 14:42:52.907 V/bt_stack( 8588): [VERBOSE1:btm_ble_gap.cc(1847)] btm_ble_process_adv_addr: bda=59:ea:73:03:7b:dc
09-01 14:42:52.907 D/BluetoothUtils( 8588): blockedByLocationOff callingUid=1002
09-01 14:42:52.908 I/BluetoothUtils( 8588): packagename is android.uid.bluetooth:1002 ,and its permission is false
09-01 14:42:52.908 D/BluetoothUtils( 8588): blockedByLocationOff callingUid=1002
09-01 14:42:52.908 I/BluetoothUtils( 8588): packagename is android.uid.bluetooth:1002 ,and its permission is false
09-01 14:42:52.908 D/BluetoothUtils( 8588): blockedByLocationOff callingUid=1002
09-01 14:42:52.908 I/BluetoothUtils( 8588): packagename is android.uid.bluetooth:1002 ,and its permission is false
09-01 14:42:52.909 D/BluetoothUtils( 8588): blockedByLocationOff callingUid=1002
09-01 14:42:52.909 I/BluetoothUtils( 8588): packagename is android.uid.bluetooth:1002 ,and its permission is false
09-01 14:42:52.909 D/BluetoothUtils( 8588): blockedByLocationOff callingUid=1002
09-01 14:42:52.910 I/BluetoothUtils( 8588): packagename is android.uid.bluetooth:1002 ,and its permission is false
09-01 14:42:52.910 D/BluetoothUtils( 8588): blockedByLocationOff callingUid=1002
09-01 14:42:52.910 I/BluetoothUtils( 8588): packagename is android.uid.bluetooth:1002 ,and its permission is false
09-01 14:42:52.910 V/bt_stack( 8588): [VERBOSE1:btm_ble_gap.cc(1923)] btm_ble_process_ext_adv_pkt: bda=78:e7:79:bd:c0:21
09-01 14:42:52.911 V/bt_stack( 8588): [VERBOSE1:btm_ble_gap.cc(1847)] btm_ble_process_adv_addr: bda=78:e7:79:bd:c0:21
09-01 14:42:52.911 V/bt_stack( 8588): [VERBOSE1:btm_ble_gap.cc(2052)]  Waiting for scan response 78:e7:79:bd:c0:21
09-01 14:42:52.911 V/bt_stack( 8588): [VERBOSE1:btm_ble_gap.cc(1923)] btm_ble_process_ext_adv_pkt: bda=78:e7:79:bd:c0:21
09-01 14:42:52.911 V/bt_stack( 8588): [VERBOSE1:btm_ble_gap.cc(1847)] btm_ble_process_adv_addr: bda=78:e7:79:bd:c0:21
09-01 14:42:52.911 D/BluetoothUtils( 8588): blockedByLocationOff callingUid=1002
09-01 14:42:52.912 I/BluetoothUtils( 8588): packagename is android.uid.bluetooth:1002 ,and its permission is false
09-01 14:42:52.912 D/BluetoothUtils( 8588): blockedByLocationOff callingUid=1002
09-01 14:42:52.912 I/BluetoothUtils( 8588): packagename is android.uid.bluetooth:1002 ,and its permission is false
09-01 14:42:52.912 D/BluetoothUtils( 8588): blockedByLocationOff callingUid=1002
09-01 14:42:52.912 I/BluetoothUtils( 8588): packagename is android.uid.bluetooth:1002 ,and its permission is false
09-01 14:42:52.912 V/bt_stack( 8588): [VERBOSE1:btm_ble_gap.cc(1923)] btm_ble_process_ext_adv_pkt: bda=2a:7b:59:84:d7:1e
09-01 14:42:52.912 V/bt_stack( 8588): [VERBOSE1:btm_ble_gap.cc(1847)] btm_ble_process_adv_addr: bda=2a:7b:59:84:d7:1e
09-01 14:42:52.913 D/BluetoothUtils( 8588): blockedByLocationOff callingUid=1002
09-01 14:42:52.914 I/BluetoothUtils( 8588): packagename is android.uid.bluetooth:1002 ,and its permission is false
09-01 14:42:52.914 D/BluetoothUtils( 8588): blockedByLocationOff callingUid=1002
09-01 14:42:52.914 I/BluetoothUtils( 8588): packagename is android.uid.bluetooth:1002 ,and its permission is false
09-01 14:42:52.914 D/BluetoothUtils( 8588): blockedByLocationOff callingUid=1002
09-01 14:42:52.914 I/BluetoothUtils( 8588): packagename is android.uid.bluetooth:1002 ,and its permission is false
09-01 14:42:52.916 V/bt_stack( 8588): [VERBOSE1:btm_ble_gap.cc(1923)] btm_ble_process_ext_adv_pkt: bda=6b:b4:0f:63:00:12
09-01 14:42:52.916 V/bt_stack( 8588): [VERBOSE1:btm_ble_gap.cc(1847)] btm_ble_process_adv_addr: bda=6b:b4:0f:63:00:12
09-01 14:42:52.916 V/bt_stack( 8588): [VERBOSE1:btm_ble_gap.cc(2052)]  Waiting for scan response 6b:b4:0f:63:00:12
09-01 14:42:52.916 V/bt_stack( 8588): [VERBOSE1:btm_ble_gap.cc(1923)] btm_ble_process_ext_adv_pkt: bda=6b:b4:0f:63:00:12
09-01 14:42:52.916 V/bt_stack( 8588): [VERBOSE1:btm_ble_gap.cc(1847)] btm_ble_process_adv_addr: bda=6b:b4:0f:63:00:12
09-01 14:42:52.917 D/BluetoothUtils( 8588): blockedByLocationOff callingUid=1002
09-01 14:42:52.918 I/BluetoothUtils( 8588): packagename is android.uid.bluetooth:1002 ,and its permission is false
09-01 14:42:52.918 D/BluetoothUtils( 8588): blockedByLocationOff callingUid=1002
09-01 14:42:52.918 I/BluetoothUtils( 8588): packagename is android.uid.bluetooth:1002 ,and its permission is false
09-01 14:42:52.918 D/BluetoothUtils( 8588): blockedByLocationOff callingUid=1002
09-01 14:42:52.918 I/BluetoothUtils( 8588): packagename is android.uid.bluetooth:1002 ,and its permission is false
09-01 14:42:52.921 I/appium  (13898): channel read invoked!
09-01 14:42:52.921 I/appium  (13898): channel read: POST /wd/hub/session/94b2dfbc-5a87-4ff5-8430-a6752ec32c55/element
09-01 14:42:52.923 I/appium  (13898): Find element command using 'id' with selector 'common_title_right_image'.
09-01 14:42:52.923 I/appium  (13898): Waiting up to 10000ms for device to be idle
09-01 14:42:52.930 V/bt_stack( 8588): [VERBOSE1:btm_ble_gap.cc(1923)] btm_ble_process_ext_adv_pkt: bda=0d:9d:5c:f5:50:58
09-01 14:42:52.930 V/bt_stack( 8588): [VERBOSE1:btm_ble_gap.cc(1847)] btm_ble_process_adv_addr: bda=0d:9d:5c:f5:50:58
09-01 14:42:52.931 D/BluetoothUtils( 8588): blockedByLocationOff callingUid=1002
09-01 14:42:52.931 I/BluetoothUtils( 8588): packagename is android.uid.bluetooth:1002 ,and its permission is false
09-01 14:42:52.931 D/BluetoothUtils( 8588): blockedByLocationOff callingUid=1002
09-01 14:42:52.932 I/BluetoothUtils( 8588): packagename is android.uid.bluetooth:1002 ,and its permission is false
09-01 14:42:52.932 D/BluetoothUtils( 8588): blockedByLocationOff callingUid=1002
09-01 14:42:52.932 I/BluetoothUtils( 8588): packagename is android.uid.bluetooth:1002 ,and its permission is false
09-01 14:42:52.933 I/appium  (13898): AppiumResponse: {"sessionId":"94b2dfbc-5a87-4ff5-8430-a6752ec32c55","value":{"ELEMENT":"9f33d8b6-054b-4ee4-9b4c-c49275faff11","element-6066-11e4-a52e-4f735466cecf":"9f33d8b6-054b-4ee4-9b4c-c49275faff11"}}
09-01 14:42:52.936 V/bt_stack( 8588): [VERBOSE1:btm_ble_gap.cc(1923)] btm_ble_process_ext_adv_pkt: bda=68:61:6b:f6:07:2e
09-01 14:42:52.936 V/bt_stack( 8588): [VERBOSE1:btm_ble_gap.cc(1847)] btm_ble_process_adv_addr: bda=68:61:6b:f6:07:2e
09-01 14:42:52.936 V/bt_stack( 8588): [VERBOSE1:btm_ble_gap.cc(2052)]  Waiting for scan response 68:61:6b:f6:07:2e
09-01 14:42:52.937 V/bt_stack( 8588): [VERBOSE1:btm_ble_gap.cc(1923)] btm_ble_process_ext_adv_pkt: bda=68:61:6b:f6:07:2e
09-01 14:42:52.937 V/bt_stack( 8588): [VERBOSE1:btm_ble_gap.cc(1847)] btm_ble_process_adv_addr: bda=68:61:6b:f6:07:2e
09-01 14:42:52.938 D/BluetoothUtils( 8588): blockedByLocationOff callingUid=1002
09-01 14:42:52.938 I/BluetoothUtils( 8588): packagename is android.uid.bluetooth:1002 ,and its permission is false
09-01 14:42:52.938 D/BluetoothUtils( 8588): blockedByLocationOff callingUid=1002
09-01 14:42:52.938 I/BluetoothUtils( 8588): packagename is android.uid.bluetooth:1002 ,and its permission is false
09-01 14:42:52.938 D/BluetoothUtils( 8588): blockedByLocationOff callingUid=1002
09-01 14:42:52.939 I/BluetoothUtils( 8588): packagename is android.uid.bluetooth:1002 ,and its permission is false
09-01 14:42:52.949 V/bt_stack( 8588): [VERBOSE1:btm_ble_gap.cc(1923)] btm_ble_process_ext_adv_pkt: bda=45:55:7e:66:6f:d0
09-01 14:42:52.950 V/bt_stack( 8588): [VERBOSE1:btm_ble_gap.cc(1847)] btm_ble_process_adv_addr: bda=45:55:7e:66:6f:d0
09-01 14:42:52.950 V/bt_stack( 8588): [VERBOSE1:btm_ble_gap.cc(2052)]  Waiting for scan response 45:55:7e:66:6f:d0
09-01 14:42:52.950 V/bt_stack( 8588): [VERBOSE1:btm_ble_gap.cc(1923)] btm_ble_process_ext_adv_pkt: bda=2c:09:3e:94:80:f3
09-01 14:42:52.950 V/bt_stack( 8588): [VERBOSE1:btm_ble_gap.cc(1847)] btm_ble_process_adv_addr: bda=2c:09:3e:94:80:f3
09-01 14:42:52.950 I/appium  (13898): channel read invoked!
09-01 14:42:52.950 I/appium  (13898): channel read: POST /wd/hub/session/94b2dfbc-5a87-4ff5-8430-a6752ec32c55/element/9f33d8b6-054b-4ee4-9b4c-c49275faff11/click
09-01 14:42:52.951 D/BluetoothUtils( 8588): blockedByLocationOff callingUid=1002
09-01 14:42:52.951 I/BluetoothUtils( 8588): packagename is android.uid.bluetooth:1002 ,and its permission is false
09-01 14:42:52.951 D/BluetoothUtils( 8588): blockedByLocationOff callingUid=1002
09-01 14:42:52.951 I/appium  (13898): Click element command
09-01 14:42:52.951 I/BluetoothUtils( 8588): packagename is android.uid.bluetooth:1002 ,and its permission is false
09-01 14:42:52.952 V/bt_stack( 8588): [VERBOSE1:btm_ble_gap.cc(1923)] btm_ble_process_ext_adv_pkt: bda=7a:11:28:6c:23:6e
09-01 14:42:52.952 D/BluetoothUtils( 8588): blockedByLocationOff callingUid=1002
09-01 14:42:52.952 V/bt_stack( 8588): [VERBOSE1:btm_ble_gap.cc(1847)] btm_ble_process_adv_addr: bda=7a:11:28:6c:23:6e
09-01 14:42:52.952 V/bt_stack( 8588): [VERBOSE1:btm_ble_gap.cc(2052)]  Waiting for scan response 7a:11:28:6c:23:6e
09-01 14:42:52.952 V/bt_stack( 8588): [VERBOSE1:btm_ble_gap.cc(1923)] btm_ble_process_ext_adv_pkt: bda=7a:11:28:6c:23:6e
09-01 14:42:52.952 V/bt_stack( 8588): [VERBOSE1:btm_ble_gap.cc(1847)] btm_ble_process_adv_addr: bda=7a:11:28:6c:23:6e
09-01 14:42:52.952 I/BluetoothUtils( 8588): packagename is android.uid.bluetooth:1002 ,and its permission is false
09-01 14:42:52.953 D/BluetoothUtils( 8588): blockedByLocationOff callingUid=1002
09-01 14:42:52.953 I/BluetoothUtils( 8588): packagename is android.uid.bluetooth:1002 ,and its permission is false
09-01 14:42:52.953 D/BluetoothUtils( 8588): blockedByLocationOff callingUid=1002
09-01 14:42:52.953 I/BluetoothUtils( 8588): packagename is android.uid.bluetooth:1002 ,and its permission is false
09-01 14:42:52.953 D/BluetoothUtils( 8588): blockedByLocationOff callingUid=1002
09-01 14:42:52.954 I/BluetoothUtils( 8588): packagename is android.uid.bluetooth:1002 ,and its permission is false
09-01 14:42:52.963 V/bt_stack( 8588): [VERBOSE1:btm_ble_gap.cc(1923)] btm_ble_process_ext_adv_pkt: bda=0c:39:e9:d5:de:20
09-01 14:42:52.963 V/bt_stack( 8588): [VERBOSE1:btm_ble_gap.cc(1847)] btm_ble_process_adv_addr: bda=0c:39:e9:d5:de:20
09-01 14:42:52.964 V/bt_stack( 8588): [VERBOSE1:btm_ble_gap.cc(1923)] btm_ble_process_ext_adv_pkt: bda=63:53:07:fa:3c:f1
09-01 14:42:52.964 D/BluetoothUtils( 8588): blockedByLocationOff callingUid=1002
09-01 14:42:52.964 V/bt_stack( 8588): [VERBOSE1:btm_ble_gap.cc(1847)] btm_ble_process_adv_addr: bda=63:53:07:fa:3c:f1
09-01 14:42:52.964 I/BluetoothUtils( 8588): packagename is android.uid.bluetooth:1002 ,and its permission is false
09-01 14:42:52.964 D/BluetoothUtils( 8588): blockedByLocationOff callingUid=1002
09-01 14:42:52.964 I/BluetoothUtils( 8588): packagename is android.uid.bluetooth:1002 ,and its permission is false
09-01 14:42:52.964 D/BluetoothUtils( 8588): blockedByLocationOff callingUid=1002
09-01 14:42:52.965 I/BluetoothUtils( 8588): packagename is android.uid.bluetooth:1002 ,and its permission is false
09-01 14:42:52.965 D/BluetoothUtils( 8588): blockedByLocationOff callingUid=1002
09-01 14:42:52.966 I/BluetoothUtils( 8588): packagename is android.uid.bluetooth:1002 ,and its permission is false
09-01 14:42:52.966 D/BluetoothUtils( 8588): blockedByLocationOff callingUid=1002
09-01 14:42:52.966 I/BluetoothUtils( 8588): packagename is android.uid.bluetooth:1002 ,and its permission is false
09-01 14:42:52.966 D/BluetoothUtils( 8588): blockedByLocationOff callingUid=1002
09-01 14:42:52.966 I/BluetoothUtils( 8588): packagename is android.uid.bluetooth:1002 ,and its permission is false
09-01 14:42:52.975 V/bt_stack( 8588): [VERBOSE1:btm_ble_gap.cc(1923)] btm_ble_process_ext_adv_pkt: bda=41:d6:cb:db:d1:76
09-01 14:42:52.975 V/bt_stack( 8588): [VERBOSE1:btm_ble_gap.cc(1847)] btm_ble_process_adv_addr: bda=41:d6:cb:db:d1:76
09-01 14:42:52.975 V/bt_stack( 8588): [VERBOSE1:btm_ble_gap.cc(2052)]  Waiting for scan response 41:d6:cb:db:d1:76
09-01 14:42:52.975 V/bt_stack( 8588): [VERBOSE1:btm_ble_gap.cc(1923)] btm_ble_process_ext_adv_pkt: bda=3e:4e:78:8c:48:a5
09-01 14:42:52.975 V/bt_stack( 8588): [VERBOSE1:btm_ble_gap.cc(1847)] btm_ble_process_adv_addr: bda=3e:4e:78:8c:48:a5
09-01 14:42:52.978 D/BluetoothUtils( 8588): blockedByLocationOff callingUid=1002
09-01 14:42:52.978 I/BluetoothUtils( 8588): packagename is android.uid.bluetooth:1002 ,and its permission is false
09-01 14:42:52.979 D/BluetoothUtils( 8588): blockedByLocationOff callingUid=1002
09-01 14:42:52.979 I/BluetoothUtils( 8588): packagename is android.uid.bluetooth:1002 ,and its permission is false
09-01 14:42:52.979 D/BluetoothUtils( 8588): blockedByLocationOff callingUid=1002
09-01 14:42:52.979 I/BluetoothUtils( 8588): packagename is android.uid.bluetooth:1002 ,and its permission is false
09-01 14:42:52.980 I/Timeline(13945): Timeline: Activity_launch_request time:212138996
09-01 14:42:52.980 I/SplashScreenServiceDelegate( 1639): None for com.xiaomi.hm.health
09-01 14:42:52.980 I/ActivityTaskManager( 1639): START u0 {cmp=com.xiaomi.hm.health/.share.HMShareActivity (has extras)} from uid 10241
09-01 14:42:52.982 V/bt_stack( 8588): [VERBOSE1:btm_ble_gap.cc(1923)] btm_ble_process_ext_adv_pkt: bda=06:fa:50:9b:39:c0
09-01 14:42:52.982 V/bt_stack( 8588): [VERBOSE1:btm_ble_gap.cc(1847)] btm_ble_process_adv_addr: bda=06:fa:50:9b:39:c0
09-01 14:42:52.982 V/bt_stack( 8588): [VERBOSE1:btm_ble_gap.cc(1923)] btm_ble_process_ext_adv_pkt: bda=1c:91:72:ba:f7:2e
09-01 14:42:52.983 V/bt_stack( 8588): [VERBOSE1:btm_ble_gap.cc(1847)] btm_ble_process_adv_addr: bda=1c:91:72:ba:f7:2e
09-01 14:42:52.983 D/BluetoothUtils( 8588): blockedByLocationOff callingUid=1002
09-01 14:42:52.984 D/CompatibilityInfo( 1639): mCompatibilityFlags - 0
09-01 14:42:52.984 D/CompatibilityInfo( 1639): applicationDensity - 440
09-01 14:42:52.984 D/CompatibilityInfo( 1639): applicationScale - 1.0
09-01 14:42:52.984 I/BluetoothUtils( 8588): packagename is android.uid.bluetooth:1002 ,and its permission is false
09-01 14:42:52.984 D/BluetoothUtils( 8588): blockedByLocationOff callingUid=1002
09-01 14:42:52.984 I/BluetoothUtils( 8588): packagename is android.uid.bluetooth:1002 ,and its permission is false
09-01 14:42:52.985 D/ActivityTrigger( 1639): ActivityTrigger activityPauseTrigger 
09-01 14:42:52.985 D/BluetoothUtils( 8588): blockedByLocationOff callingUid=1002
09-01 14:42:52.985 I/BluetoothUtils( 8588): packagename is android.uid.bluetooth:1002 ,and its permission is false
09-01 14:42:52.986 D/BluetoothUtils( 8588): blockedByLocationOff callingUid=1002
09-01 14:42:52.986 I/BluetoothUtils( 8588): packagename is android.uid.bluetooth:1002 ,and its permission is false
09-01 14:42:52.986 D/BluetoothUtils( 8588): blockedByLocationOff callingUid=1002
09-01 14:42:52.986 I/BluetoothUtils( 8588): packagename is android.uid.bluetooth:1002 ,and its permission is false
09-01 14:42:52.986 D/BluetoothUtils( 8588): blockedByLocationOff callingUid=1002
09-01 14:42:52.986 I/BluetoothUtils( 8588): packagename is android.uid.bluetooth:1002 ,and its permission is false
09-01 14:42:52.988 I/appium  (13898): Waiting up to 10000ms for device to be idle
09-01 14:42:52.989 I/appium  (13898): AppiumResponse: {"sessionId":"94b2dfbc-5a87-4ff5-8430-a6752ec32c55","value":null}
09-01 14:42:52.990 V/bt_stack( 8588): [VERBOSE1:btm_ble_gap.cc(1923)] btm_ble_process_ext_adv_pkt: bda=03:d8:93:20:a7:46
09-01 14:42:52.991 V/bt_stack( 8588): [VERBOSE1:btm_ble_gap.cc(1847)] btm_ble_process_adv_addr: bda=03:d8:93:20:a7:46
09-01 14:42:52.991 D/BluetoothUtils( 8588): blockedByLocationOff callingUid=1002
09-01 14:42:52.992 I/BluetoothUtils( 8588): packagename is android.uid.bluetooth:1002 ,and its permission is false
09-01 14:42:52.992 D/BluetoothUtils( 8588): blockedByLocationOff callingUid=1002
09-01 14:42:52.992 I/BluetoothUtils( 8588): packagename is android.uid.bluetooth:1002 ,and its permission is false
09-01 14:42:52.992 D/BluetoothUtils( 8588): blockedByLocationOff callingUid=1002
09-01 14:42:52.992 I/ActivityTaskManager( 1639): The Process com.xiaomi.hm.health Already Exists in BG. So sending its PID: 13945
09-01 14:42:52.992 I/BluetoothUtils( 8588): packagename is android.uid.bluetooth:1002 ,and its permission is false
09-01 14:42:52.993 D/CompatibilityInfo( 1639): mCompatibilityFlags - 0
09-01 14:42:52.993 D/CompatibilityInfo( 1639): applicationDensity - 440
09-01 14:42:52.993 D/CompatibilityInfo( 1639): applicationScale - 1.0
09-01 14:42:52.993 D/WindowManager( 1639): Input focus has changed to null
09-01 14:42:52.995 I/Timeline( 1639): Timeline: App_transition_ready time:212139011
09-01 14:42:52.995 W/ActivityThread(13945): handleWindowVisibility: no activity for token android.os.BinderProxy@d9ed29f
09-01 14:42:53.001 D/ViewContentFactory(13945): initViewContentFetcherClass
09-01 14:42:53.001 I/ContentCatcher(13945): ViewContentFetcher : ViewContentFetcher
09-01 14:42:53.001 D/ViewContentFactory(13945): createInterceptor took 0ms
09-01 14:42:53.004 V/bt_stack( 8588): [VERBOSE1:btm_ble_gap.cc(1923)] btm_ble_process_ext_adv_pkt: bda=44:73:b6:51:63:17
09-01 14:42:53.004 V/bt_stack( 8588): [VERBOSE1:btm_ble_gap.cc(1847)] btm_ble_process_adv_addr: bda=44:73:b6:51:63:17
09-01 14:42:53.004 V/bt_stack( 8588): [VERBOSE1:btm_ble_gap.cc(2052)]  Waiting for scan response 44:73:b6:51:63:17
09-01 14:42:53.004 V/bt_stack( 8588): [VERBOSE1:btm_ble_gap.cc(1923)] btm_ble_process_ext_adv_pkt: bda=30:31:51:23:9b:e3
09-01 14:42:53.004 V/bt_stack( 8588): [VERBOSE1:btm_ble_gap.cc(1847)] btm_ble_process_adv_addr: bda=30:31:51:23:9b:e3
09-01 14:42:53.004 V/bt_stack( 8588): [VERBOSE1:btm_ble_gap.cc(1923)] btm_ble_process_ext_adv_pkt: bda=01:f5:30:c0:9b:7a
09-01 14:42:53.004 V/bt_stack( 8588): [VERBOSE1:btm_ble_gap.cc(1847)] btm_ble_process_adv_addr: bda=01:f5:30:c0:9b:7a
09-01 14:42:53.005 D/BluetoothUtils( 8588): blockedByLocationOff callingUid=1002
09-01 14:42:53.005 I/BluetoothUtils( 8588): packagename is android.uid.bluetooth:1002 ,and its permission is false
09-01 14:42:53.005 D/BluetoothUtils( 8588): blockedByLocationOff callingUid=1002
09-01 14:42:53.005 I/BluetoothUtils( 8588): packagename is android.uid.bluetooth:1002 ,and its permission is false
09-01 14:42:53.005 D/BluetoothUtils( 8588): blockedByLocationOff callingUid=1002
09-01 14:42:53.006 I/BluetoothUtils( 8588): packagename is android.uid.bluetooth:1002 ,and its permission is false
09-01 14:42:53.006 D/BluetoothUtils( 8588): blockedByLocationOff callingUid=1002
09-01 14:42:53.007 I/BluetoothUtils( 8588): packagename is android.uid.bluetooth:1002 ,and its permission is false
09-01 14:42:53.007 D/BluetoothUtils( 8588): blockedByLocationOff callingUid=1002
09-01 14:42:53.007 I/BluetoothUtils( 8588): packagename is android.uid.bluetooth:1002 ,and its permission is false
09-01 14:42:53.007 D/BluetoothUtils( 8588): blockedByLocationOff callingUid=1002
09-01 14:42:53.007 I/BluetoothUtils( 8588): packagename is android.uid.bluetooth:1002 ,and its permission is false
09-01 14:42:53.011 I/appium  (13898): channel read invoked!
09-01 14:42:53.011 I/appium  (13898): channel read: POST /wd/hub/session/94b2dfbc-5a87-4ff5-8430-a6752ec32c55/element
09-01 14:42:53.011 I/appium  (13898): Find element command using 'id' with selector 'unit_text'.
09-01 14:42:53.011 I/appium  (13898): Waiting up to 10000ms for device to be idle
09-01 14:42:53.011 V/bt_stack( 8588): [VERBOSE1:btm_ble_gap.cc(1923)] btm_ble_process_ext_adv_pkt: bda=05:18:f1:4b:2c:d4
09-01 14:42:53.011 V/bt_stack( 8588): [VERBOSE1:btm_ble_gap.cc(1847)] btm_ble_process_adv_addr: bda=05:18:f1:4b:2c:d4
09-01 14:42:53.012 D/BluetoothUtils( 8588): blockedByLocationOff callingUid=1002
09-01 14:42:53.013 I/BluetoothUtils( 8588): packagename is android.uid.bluetooth:1002 ,and its permission is false
09-01 14:42:53.013 D/BluetoothUtils( 8588): blockedByLocationOff callingUid=1002
09-01 14:42:53.013 I/BluetoothUtils( 8588): packagename is android.uid.bluetooth:1002 ,and its permission is false
09-01 14:42:53.013 V/bt_stack( 8588): [VERBOSE1:btm_ble_gap.cc(1923)] btm_ble_process_ext_adv_pkt: bda=56:e4:da:79:d5:88
09-01 14:42:53.013 V/bt_stack( 8588): [VERBOSE1:btm_ble_gap.cc(1847)] btm_ble_process_adv_addr: bda=56:e4:da:79:d5:88
09-01 14:42:53.013 D/BluetoothUtils( 8588): blockedByLocationOff callingUid=1002
09-01 14:42:53.013 V/bt_stack( 8588): [VERBOSE1:btm_ble_gap.cc(2052)]  Waiting for scan response 56:e4:da:79:d5:88
09-01 14:42:53.013 V/bt_stack( 8588): [VERBOSE1:btm_ble_gap.cc(1923)] btm_ble_process_ext_adv_pkt: bda=56:e4:da:79:d5:88
09-01 14:42:53.013 V/bt_stack( 8588): [VERBOSE1:btm_ble_gap.cc(1847)] btm_ble_process_adv_addr: bda=56:e4:da:79:d5:88
09-01 14:42:53.013 I/BluetoothUtils( 8588): packagename is android.uid.bluetooth:1002 ,and its permission is false
09-01 14:42:53.014 D/BluetoothUtils( 8588): blockedByLocationOff callingUid=1002
09-01 14:42:53.014 I/BluetoothUtils( 8588): packagename is android.uid.bluetooth:1002 ,and its permission is false
09-01 14:42:53.014 D/BluetoothUtils( 8588): blockedByLocationOff callingUid=1002
09-01 14:42:53.015 I/BluetoothUtils( 8588): packagename is android.uid.bluetooth:1002 ,and its permission is false
09-01 14:42:53.015 D/BluetoothUtils( 8588): blockedByLocationOff callingUid=1002
09-01 14:42:53.015 I/BluetoothUtils( 8588): packagename is android.uid.bluetooth:1002 ,and its permission is false
09-01 14:42:53.016 V/bt_stack( 8588): [VERBOSE1:btm_ble_gap.cc(1923)] btm_ble_process_ext_adv_pkt: bda=59:ea:73:03:7b:dc
09-01 14:42:53.016 V/bt_stack( 8588): [VERBOSE1:btm_ble_gap.cc(1847)] btm_ble_process_adv_addr: bda=59:ea:73:03:7b:dc
09-01 14:42:53.017 D/BluetoothUtils( 8588): blockedByLocationOff callingUid=1002
09-01 14:42:53.017 I/BluetoothUtils( 8588): packagename is android.uid.bluetooth:1002 ,and its permission is false
09-01 14:42:53.017 D/BluetoothUtils( 8588): blockedByLocationOff callingUid=1002
09-01 14:42:53.018 I/BluetoothUtils( 8588): packagename is android.uid.bluetooth:1002 ,and its permission is false
09-01 14:42:53.018 D/BluetoothUtils( 8588): blockedByLocationOff callingUid=1002
09-01 14:42:53.018 I/BluetoothUtils( 8588): packagename is android.uid.bluetooth:1002 ,and its permission is false
09-01 14:42:53.019 V/bt_stack( 8588): [VERBOSE1:btm_ble_gap.cc(1923)] btm_ble_process_ext_adv_pkt: bda=2a:7b:59:84:d7:1e
09-01 14:42:53.020 V/bt_stack( 8588): [VERBOSE1:btm_ble_gap.cc(1847)] btm_ble_process_adv_addr: bda=2a:7b:59:84:d7:1e
09-01 14:42:53.020 D/BluetoothUtils( 8588): blockedByLocationOff callingUid=1002
09-01 14:42:53.021 I/BluetoothUtils( 8588): packagename is android.uid.bluetooth:1002 ,and its permission is false
09-01 14:42:53.021 D/BluetoothUtils( 8588): blockedByLocationOff callingUid=1002
09-01 14:42:53.021 I/BluetoothUtils( 8588): packagename is android.uid.bluetooth:1002 ,and its permission is false
09-01 14:42:53.021 D/BluetoothUtils( 8588): blockedByLocationOff callingUid=1002
09-01 14:42:53.021 I/BluetoothUtils( 8588): packagename is android.uid.bluetooth:1002 ,and its permission is false
09-01 14:42:53.030 V/bt_stack( 8588): [VERBOSE1:btm_ble_gap.cc(1923)] btm_ble_process_ext_adv_pkt: bda=38:a9:e2:54:94:54
09-01 14:42:53.030 V/bt_stack( 8588): [VERBOSE1:btm_ble_gap.cc(1847)] btm_ble_process_adv_addr: bda=38:a9:e2:54:94:54
09-01 14:42:53.030 D/BluetoothUtils( 8588): blockedByLocationOff callingUid=1002
09-01 14:42:53.031 I/BluetoothUtils( 8588): packagename is android.uid.bluetooth:1002 ,and its permission is false
09-01 14:42:53.031 D/BluetoothUtils( 8588): blockedByLocationOff callingUid=1002
09-01 14:42:53.031 I/BluetoothUtils( 8588): packagename is android.uid.bluetooth:1002 ,and its permission is false
09-01 14:42:53.031 D/BluetoothUtils( 8588): blockedByLocationOff callingUid=1002
09-01 14:42:53.031 I/BluetoothUtils( 8588): packagename is android.uid.bluetooth:1002 ,and its permission is false
09-01 14:42:53.032 V/bt_stack( 8588): [VERBOSE1:btm_ble_gap.cc(1923)] btm_ble_process_ext_adv_pkt: bda=c7:9e:cc:49:b0:5d
09-01 14:42:53.032 V/bt_stack( 8588): [VERBOSE1:btm_ble_gap.cc(1847)] btm_ble_process_adv_addr: bda=c7:9e:cc:49:b0:5d
09-01 14:42:53.032 V/bt_stack( 8588): [VERBOSE1:btm_ble_gap.cc(2052)]  Waiting for scan response c7:9e:cc:49:b0:5d
09-01 14:42:53.032 V/bt_stack( 8588): [VERBOSE1:btm_ble_gap.cc(1923)] btm_ble_process_ext_adv_pkt: bda=0d:9d:5c:f5:50:58
09-01 14:42:53.032 V/bt_stack( 8588): [VERBOSE1:btm_ble_gap.cc(1847)] btm_ble_process_adv_addr: bda=0d:9d:5c:f5:50:58
09-01 14:42:53.033 D/BluetoothUtils( 8588): blockedByLocationOff callingUid=1002
09-01 14:42:53.034 I/BluetoothUtils( 8588): packagename is android.uid.bluetooth:1002 ,and its permission is false
09-01 14:42:53.034 D/BluetoothUtils( 8588): blockedByLocationOff callingUid=1002
09-01 14:42:53.034 I/BluetoothUtils( 8588): packagename is android.uid.bluetooth:1002 ,and its permission is false
09-01 14:42:53.034 D/BluetoothUtils( 8588): blockedByLocationOff callingUid=1002
09-01 14:42:53.034 I/BluetoothUtils( 8588): packagename is android.uid.bluetooth:1002 ,and its permission is false
09-01 14:42:53.064 V/bt_stack( 8588): [VERBOSE1:btm_ble_gap.cc(1923)] btm_ble_process_ext_adv_pkt: bda=ef:b7:d5:04:a7:8a
09-01 14:42:53.064 V/bt_stack( 8588): [VERBOSE1:btm_ble_gap.cc(1847)] btm_ble_process_adv_addr: bda=ef:b7:d5:04:a7:8a
09-01 14:42:53.064 V/bt_stack( 8588): [VERBOSE1:btm_ble_gap.cc(2052)]  Waiting for scan response ef:b7:d5:04:a7:8a
09-01 14:42:53.066 V/bt_stack( 8588): [VERBOSE1:btm_ble_gap.cc(1923)] btm_ble_process_ext_adv_pkt: bda=18:81:0e:e0:aa:a1
09-01 14:42:53.066 V/bt_stack( 8588): [VERBOSE1:btm_ble_gap.cc(1847)] btm_ble_process_adv_addr: bda=18:81:0e:e0:aa:a1
09-01 14:42:53.066 V/bt_stack( 8588): [VERBOSE1:btm_ble_gap.cc(2052)]  Waiting for scan response 18:81:0e:e0:aa:a1
09-01 14:42:53.067 V/bt_stack( 8588): [VERBOSE1:btm_ble_gap.cc(1923)] btm_ble_process_ext_adv_pkt: bda=38:f9:d3:45:87:1e
09-01 14:42:53.067 V/bt_stack( 8588): [VERBOSE1:btm_ble_gap.cc(1847)] btm_ble_process_adv_addr: bda=38:f9:d3:45:87:1e
09-01 14:42:53.067 V/bt_stack( 8588): [VERBOSE1:btm_ble_gap.cc(2052)]  Waiting for scan response 38:f9:d3:45:87:1e
09-01 14:42:53.067 V/bt_stack( 8588): [VERBOSE1:btm_ble_gap.cc(1923)] btm_ble_process_ext_adv_pkt: bda=38:f9:d3:45:87:1e
09-01 14:42:53.067 V/bt_stack( 8588): [VERBOSE1:btm_ble_gap.cc(1847)] btm_ble_process_adv_addr: bda=38:f9:d3:45:87:1e
09-01 14:42:53.068 D/BluetoothUtils( 8588): blockedByLocationOff callingUid=1002
09-01 14:42:53.068 I/BluetoothUtils( 8588): packagename is android.uid.bluetooth:1002 ,and its permission is false
09-01 14:42:53.068 D/BluetoothUtils( 8588): blockedByLocationOff callingUid=1002
09-01 14:42:53.068 I/BluetoothUtils( 8588): packagename is android.uid.bluetooth:1002 ,and its permission is false
09-01 14:42:53.068 D/BluetoothUtils( 8588): blockedByLocationOff callingUid=1002
09-01 14:42:53.069 I/BluetoothUtils( 8588): packagename is android.uid.bluetooth:1002 ,and its permission is false
09-01 14:42:53.070 V/bt_stack( 8588): [VERBOSE1:btm_ble_gap.cc(1923)] btm_ble_process_ext_adv_pkt: bda=63:53:07:fa:3c:f1
09-01 14:42:53.070 V/bt_stack( 8588): [VERBOSE1:btm_ble_gap.cc(1847)] btm_ble_process_adv_addr: bda=63:53:07:fa:3c:f1
09-01 14:42:53.071 D/BluetoothUtils( 8588): blockedByLocationOff callingUid=1002
09-01 14:42:53.071 I/BluetoothUtils( 8588): packagename is android.uid.bluetooth:1002 ,and its permission is false
09-01 14:42:53.071 D/BluetoothUtils( 8588): blockedByLocationOff callingUid=1002
09-01 14:42:53.072 I/BluetoothUtils( 8588): packagename is android.uid.bluetooth:1002 ,and its permission is false
09-01 14:42:53.072 D/BluetoothUtils( 8588): blockedByLocationOff callingUid=1002
09-01 14:42:53.072 I/BluetoothUtils( 8588): packagename is android.uid.bluetooth:1002 ,and its permission is false
09-01 14:42:53.085 V/bt_stack( 8588): [VERBOSE1:btm_ble_gap.cc(1923)] btm_ble_process_ext_adv_pkt: bda=00:35:64:83:a4:98
09-01 14:42:53.085 V/bt_stack( 8588): [VERBOSE1:btm_ble_gap.cc(1847)] btm_ble_process_adv_addr: bda=00:35:64:83:a4:98
09-01 14:42:53.086 V/bt_stack( 8588): [VERBOSE1:btm_ble_gap.cc(1923)] btm_ble_process_ext_adv_pkt: bda=33:91:15:08:2a:2b
09-01 14:42:53.086 V/bt_stack( 8588): [VERBOSE1:btm_ble_gap.cc(1847)] btm_ble_process_adv_addr: bda=33:91:15:08:2a:2b
09-01 14:42:53.086 D/BluetoothUtils( 8588): blockedByLocationOff callingUid=1002
09-01 14:42:53.086 D/MicroMsg.PaySdk.WXFactory(13945): createWXAPI, appId = wx05a5c3841b61aaf8, checkSignature = true
09-01 14:42:53.086 I/BluetoothUtils( 8588): packagename is android.uid.bluetooth:1002 ,and its permission is false
09-01 14:42:53.086 D/BluetoothUtils( 8588): blockedByLocationOff callingUid=1002
09-01 14:42:53.087 I/BluetoothUtils( 8588): packagename is android.uid.bluetooth:1002 ,and its permission is false
09-01 14:42:53.087 D/BluetoothUtils( 8588): blockedByLocationOff callingUid=1002
09-01 14:42:53.087 I/BluetoothUtils( 8588): packagename is android.uid.bluetooth:1002 ,and its permission is false
09-01 14:42:53.088 D/BluetoothUtils( 8588): blockedByLocationOff callingUid=1002
09-01 14:42:53.088 I/BluetoothUtils( 8588): packagename is android.uid.bluetooth:1002 ,and its permission is false
09-01 14:42:53.088 D/BluetoothUtils( 8588): blockedByLocationOff callingUid=1002
09-01 14:42:53.088 I/BluetoothUtils( 8588): packagename is android.uid.bluetooth:1002 ,and its permission is false
09-01 14:42:53.089 D/BluetoothUtils( 8588): blockedByLocationOff callingUid=1002
09-01 14:42:53.089 D/MicroMsg.SDK.WXApiImplV10(13945): <init>, appId = wx05a5c3841b61aaf8, checkSignature = true
09-01 14:42:53.089 I/BluetoothUtils( 8588): packagename is android.uid.bluetooth:1002 ,and its permission is false
09-01 14:42:53.089 V/bt_stack( 8588): [VERBOSE1:btm_ble_gap.cc(1923)] btm_ble_process_ext_adv_pkt: bda=35:45:bf:2c:e1:03
09-01 14:42:53.089 V/bt_stack( 8588): [VERBOSE1:btm_ble_gap.cc(1847)] btm_ble_process_adv_addr: bda=35:45:bf:2c:e1:03
09-01 14:42:53.089 D/MicroMsg.SDK.WXMsgImplComm(13945): check signature:308202eb30820254a00302010202044d36f7a4300d06092a864886f70d01010505003081b9310b300906035504061302383631123010060355040813094775616e67646f6e673111300f060355040713085368656e7a68656e31353033060355040a132c54656e63656e7420546563686e6f6c6f6779285368656e7a68656e2920436f6d70616e79204c696d69746564313a3038060355040b133154656e63656e74204775616e677a686f7520526573656172636820616e6420446576656c6f706d656e742043656e7465723110300e0603550403130754656e63656e74301e170d3131303131393134333933325a170d3431303131313134333933325a3081b9310b300906035504061302383631123010060355040813094775616e67646f6e673111300f060355040713085368656e7a68656e31353033060355040a132c54656e63656e7420546563686e6f6c6f6779285368656e7a68656e2920436f6d70616e79204c696d69746564313a3038060355040b133154656e63656e74204775616e677a686f7520526573656172636820616e6420446576656c6f706d656e742043656e7465723110300e0603550403130754656e63656e7430819f300d06092a864886f70d010101050003818d0030818902818100c05f34b231b083fb1323670bfbe7bdab40c0c0a6efc87ef2072a1ff0d60cc67c8edb0d0847f210bea6cbfaa241be70c86daf56be08b723c859e52428a064555d80db448cdcacc1aea2501eba06f8bad12a4fa49d85cacd7abeb68945a5cb5e061629b52e3254c373550ee4e40cb7c8ae6f7a8151ccd8df582d446f39ae0c5e930203010001300d06092a864886f70d0101050500038181009c8d9d7f2f908c42081b4c764c377109a8b2c70582422125ce545842d5f520aea69550b6bd8bfd94e987b75a3077eb04ad341f481aac266e89d3864456e69fba13df018acdc168b9a19dfd7ad9d9cc6f6ace57c746515f71234df3a053e33ba93ece5cd0fc15f3e389a3f365588a9fcb439e069d3629cd7732a13fff7b891499
09-01 14:42:53.089 D/MicroMsg.SDK.WXMsgImplComm(13945): pass
09-01 14:42:53.089 D/MicroMsg.SDK.WXApiImplV10(13945): registerApp, appId = wx05a5c3841b61aaf8
09-01 14:42:53.090 D/MicroMsg.SDK.WXApiImplV10(13945): registerApp, appId = wx05a5c3841b61aaf8
09-01 14:42:53.090 D/MicroMsg.SDK.WXApiImplV10(13945): register app com.xiaomi.hm.health
09-01 14:42:53.090 D/BluetoothUtils( 8588): blockedByLocationOff callingUid=1002
09-01 14:42:53.090 I/BluetoothUtils( 8588): packagename is android.uid.bluetooth:1002 ,and its permission is false
09-01 14:42:53.090 D/BluetoothUtils( 8588): blockedByLocationOff callingUid=1002
09-01 14:42:53.090 D/MicroMsg.SDK.MMessage(13945): send mm message, intent=Intent { act=com.tencent.mm.plugin.openapi.Intent.ACTION_HANDLE_APP_REGISTER (has extras) }, perm=com.tencent.mm.permission.MM_MESSAGE
09-01 14:42:53.091 I/MicroMsg.SDK.WXApiImplV10(13945): handleIntent fail, intent not from weixin msg
09-01 14:42:53.091 I/BluetoothUtils( 8588): packagename is android.uid.bluetooth:1002 ,and its permission is false
09-01 14:42:53.091 D/BluetoothUtils( 8588): blockedByLocationOff callingUid=1002
09-01 14:42:53.091 V/bt_stack( 8588): [VERBOSE1:btm_ble_gap.cc(1923)] btm_ble_process_ext_adv_pkt: bda=24:36:26:fc:bf:e5
09-01 14:42:53.091 V/bt_stack( 8588): [VERBOSE1:btm_ble_gap.cc(1847)] btm_ble_process_adv_addr: bda=24:36:26:fc:bf:e5
09-01 14:42:53.091 I/BluetoothUtils( 8588): packagename is android.uid.bluetooth:1002 ,and its permission is false
09-01 14:42:53.092 D/BluetoothUtils( 8588): blockedByLocationOff callingUid=1002
09-01 14:42:53.092 I/BluetoothUtils( 8588): packagename is android.uid.bluetooth:1002 ,and its permission is false
09-01 14:42:53.092 D/BluetoothUtils( 8588): blockedByLocationOff callingUid=1002
09-01 14:42:53.092 I/BluetoothUtils( 8588): packagename is android.uid.bluetooth:1002 ,and its permission is false
09-01 14:42:53.092 D/BluetoothUtils( 8588): blockedByLocationOff callingUid=1002
09-01 14:42:53.093 I/BluetoothUtils( 8588): packagename is android.uid.bluetooth:1002 ,and its permission is false
09-01 14:42:53.093 D/CompatibilityInfo( 1639): mCompatibilityFlags - 0
09-01 14:42:53.093 D/CompatibilityInfo( 1639): applicationDensity - 440
09-01 14:42:53.093 D/CompatibilityInfo( 1639): applicationScale - 1.0
09-01 14:42:53.094 I/openSDK_LOG.Tencent(13945): createInstance()  -- start, appId = 1103177325
09-01 14:42:53.095 I/openSDK_LOG.Tencent(13945): createInstance()  -- end
09-01 14:42:53.098 V/bt_stack( 8588): [VERBOSE1:btm_ble_gap.cc(1923)] btm_ble_process_ext_adv_pkt: bda=03:d8:93:20:a7:46
09-01 14:42:53.099 V/bt_stack( 8588): [VERBOSE1:btm_ble_gap.cc(1847)] btm_ble_process_adv_addr: bda=03:d8:93:20:a7:46
09-01 14:42:53.099 D/BluetoothUtils( 8588): blockedByLocationOff callingUid=1002
09-01 14:42:53.100 I/BluetoothUtils( 8588): packagename is android.uid.bluetooth:1002 ,and its permission is false
09-01 14:42:53.100 D/BluetoothUtils( 8588): blockedByLocationOff callingUid=1002
09-01 14:42:53.100 I/BluetoothUtils( 8588): packagename is android.uid.bluetooth:1002 ,and its permission is false
09-01 14:42:53.100 D/BluetoothUtils( 8588): blockedByLocationOff callingUid=1002
