09-01 14:42:52.095 W/RecentsModel( 7676): getTaskInfoIgnoreHomeAndFreeform   taskInfo=ComponentInfo{com.xiaomi.hm.health/com.xiaomi.hm.health.activity.MainTabActivity}
09-01 14:42:52.096 W/RecentsModel( 7676): getTaskInfoIgnoreFreeform   taskInfo=ComponentInfo{com.xiaomi.hm.health/com.xiaomi.hm.health.activity.MainTabActivity}
09-01 14:42:52.096 W/RecentsModel( 7676): onTaskStackChangedBackground: finishLoading loading
09-01 14:42:52.102 V/bt_stack( 8588): [VERBOSE1:btm_ble_gap.cc(1923)] btm_ble_process_ext_adv_pkt: bda=6b:b4:0f:63:00:12
09-01 14:42:52.103 V/bt_stack( 8588): [VERBOSE1:btm_ble_gap.cc(1847)] btm_ble_process_adv_addr: bda=6b:b4:0f:63:00:12
09-01 14:42:52.103 V/bt_stack( 8588): [VERBOSE1:btm_ble_gap.cc(2052)]  Waiting for scan response 6b:b4:0f:63:00:12
09-01 14:42:52.111 V/bt_stack( 8588): [VERBOSE1:btm_ble_gap.cc(1923)] btm_ble_process_ext_adv_pkt: bda=54:fe:5c:4f:2d:8b
09-01 14:42:52.111 V/bt_stack( 8588): [VERBOSE1:btm_ble_gap.cc(1847)] btm_ble_process_adv_addr: bda=54:fe:5c:4f:2d:8b
09-01 14:42:52.112 V/bt_stack( 8588): [VERBOSE1:btm_ble_gap.cc(2052)]  Waiting for scan response 54:fe:5c:4f:2d:8b
09-01 14:42:52.112 V/bt_stack( 8588): [VERBOSE1:btm_ble_gap.cc(1923)] btm_ble_process_ext_adv_pkt: bda=0e:d9:77:bb:0c:79
09-01 14:42:52.112 V/bt_stack( 8588): [VERBOSE1:btm_ble_gap.cc(1847)] btm_ble_process_adv_addr: bda=0e:d9:77:bb:0c:79
09-01 14:42:52.112 D/BluetoothUtils( 8588): blockedByLocationOff callingUid=1002
09-01 14:42:52.113 I/BluetoothUtils( 8588): packagename is android.uid.bluetooth:1002 ,and its permission is false
09-01 14:42:52.113 D/BluetoothUtils( 8588): blockedByLocationOff callingUid=1002
09-01 14:42:52.113 I/BluetoothUtils( 8588): packagename is android.uid.bluetooth:1002 ,and its permission is false
09-01 14:42:52.113 D/BluetoothUtils( 8588): blockedByLocationOff callingUid=1002
09-01 14:42:52.113 I/BluetoothUtils( 8588): packagename is android.uid.bluetooth:1002 ,and its permission is false
09-01 14:42:52.115 V/bt_stack( 8588): [VERBOSE1:btm_ble_gap.cc(1923)] btm_ble_process_ext_adv_pkt: bda=0c:39:e9:d5:de:20
09-01 14:42:52.115 V/bt_stack( 8588): [VERBOSE1:btm_ble_gap.cc(1847)] btm_ble_process_adv_addr: bda=0c:39:e9:d5:de:20
09-01 14:42:52.116 D/BluetoothUtils( 8588): blockedByLocationOff callingUid=1002
09-01 14:42:52.116 I/BluetoothUtils( 8588): packagename is android.uid.bluetooth:1002 ,and its permission is false
09-01 14:42:52.116 D/BluetoothUtils( 8588): blockedByLocationOff callingUid=1002
09-01 14:42:52.117 I/BluetoothUtils( 8588): packagename is android.uid.bluetooth:1002 ,and its permission is false
09-01 14:42:52.118 D/BluetoothUtils( 8588): blockedByLocationOff callingUid=1002
09-01 14:42:52.118 I/BluetoothUtils( 8588): packagename is android.uid.bluetooth:1002 ,and its permission is false
09-01 14:42:52.125 V/bt_stack( 8588): [VERBOSE1:btm_ble_gap.cc(1923)] btm_ble_process_ext_adv_pkt: bda=7b:37:7f:df:22:35
09-01 14:42:52.126 V/bt_stack( 8588): [VERBOSE1:btm_ble_gap.cc(1847)] btm_ble_process_adv_addr: bda=7b:37:7f:df:22:35
09-01 14:42:52.126 V/bt_stack( 8588): [VERBOSE1:btm_ble_gap.cc(2052)]  Waiting for scan response 7b:37:7f:df:22:35
09-01 14:42:52.126 V/bt_stack( 8588): [VERBOSE1:btm_ble_gap.cc(1923)] btm_ble_process_ext_adv_pkt: bda=70:33:97:a2:2a:78
09-01 14:42:52.126 V/bt_stack( 8588): [VERBOSE1:btm_ble_gap.cc(1847)] btm_ble_process_adv_addr: bda=70:33:97:a2:2a:78
09-01 14:42:52.126 V/bt_stack( 8588): [VERBOSE1:btm_ble_gap.cc(2052)]  Waiting for scan response 70:33:97:a2:2a:78
09-01 14:42:52.126 V/bt_stack( 8588): [VERBOSE1:btm_ble_gap.cc(1923)] btm_ble_process_ext_adv_pkt: bda=70:33:97:a2:2a:78
09-01 14:42:52.126 V/bt_stack( 8588): [VERBOSE1:btm_ble_gap.cc(1847)] btm_ble_process_adv_addr: bda=70:33:97:a2:2a:78
09-01 14:42:52.127 D/BluetoothUtils( 8588): blockedByLocationOff callingUid=1002
09-01 14:42:52.127 I/BluetoothUtils( 8588): packagename is android.uid.bluetooth:1002 ,and its permission is false
09-01 14:42:52.127 D/BluetoothUtils( 8588): blockedByLocationOff callingUid=1002
09-01 14:42:52.127 I/BluetoothUtils( 8588): packagename is android.uid.bluetooth:1002 ,and its permission is false
09-01 14:42:52.127 D/BluetoothUtils( 8588): blockedByLocationOff callingUid=1002
09-01 14:42:52.128 I/BluetoothUtils( 8588): packagename is android.uid.bluetooth:1002 ,and its permission is false
09-01 14:42:52.132 V/bt_stack( 8588): [VERBOSE1:btm_ble_gap.cc(1923)] btm_ble_process_ext_adv_pkt: bda=45:55:7e:66:6f:d0
09-01 14:42:52.132 V/bt_stack( 8588): [VERBOSE1:btm_ble_gap.cc(1847)] btm_ble_process_adv_addr: bda=45:55:7e:66:6f:d0
09-01 14:42:52.132 V/bt_stack( 8588): [VERBOSE1:btm_ble_gap.cc(2052)]  Waiting for scan response 45:55:7e:66:6f:d0
09-01 14:42:52.132 V/bt_stack( 8588): [VERBOSE1:btm_ble_gap.cc(1923)] btm_ble_process_ext_adv_pkt: bda=45:55:7e:66:6f:d0
09-01 14:42:52.132 V/bt_stack( 8588): [VERBOSE1:btm_ble_gap.cc(1847)] btm_ble_process_adv_addr: bda=45:55:7e:66:6f:d0
09-01 14:42:52.133 D/BluetoothUtils( 8588): blockedByLocationOff callingUid=1002
09-01 14:42:52.133 I/BluetoothUtils( 8588): packagename is android.uid.bluetooth:1002 ,and its permission is false
09-01 14:42:52.133 D/BluetoothUtils( 8588): blockedByLocationOff callingUid=1002
09-01 14:42:52.133 V/bt_stack( 8588): [VERBOSE1:btm_ble_gap.cc(1923)] btm_ble_process_ext_adv_pkt: bda=7a:11:28:6c:23:6e
09-01 14:42:52.133 V/bt_stack( 8588): [VERBOSE1:btm_ble_gap.cc(1847)] btm_ble_process_adv_addr: bda=7a:11:28:6c:23:6e
09-01 14:42:52.133 V/bt_stack( 8588): [VERBOSE1:btm_ble_gap.cc(2052)]  Waiting for scan response 7a:11:28:6c:23:6e
09-01 14:42:52.134 V/bt_stack( 8588): [VERBOSE1:btm_ble_gap.cc(1923)] btm_ble_process_ext_adv_pkt: bda=7a:11:28:6c:23:6e
09-01 14:42:52.134 I/BluetoothUtils( 8588): packagename is android.uid.bluetooth:1002 ,and its permission is false
09-01 14:42:52.134 V/bt_stack( 8588): [VERBOSE1:btm_ble_gap.cc(1847)] btm_ble_process_adv_addr: bda=7a:11:28:6c:23:6e
09-01 14:42:52.134 D/BluetoothUtils( 8588): blockedByLocationOff callingUid=1002
09-01 14:42:52.134 I/BluetoothUtils( 8588): packagename is android.uid.bluetooth:1002 ,and its permission is false
09-01 14:42:52.134 D/BluetoothUtils( 8588): blockedByLocationOff callingUid=1002
09-01 14:42:52.135 I/BluetoothUtils( 8588): packagename is android.uid.bluetooth:1002 ,and its permission is false
09-01 14:42:52.135 D/BluetoothUtils( 8588): blockedByLocationOff callingUid=1002
09-01 14:42:52.135 I/BluetoothUtils( 8588): packagename is android.uid.bluetooth:1002 ,and its permission is false
09-01 14:42:52.135 D/BluetoothUtils( 8588): blockedByLocationOff callingUid=1002
09-01 14:42:52.135 I/BluetoothUtils( 8588): packagename is android.uid.bluetooth:1002 ,and its permission is false
09-01 14:42:52.137 V/bt_stack( 8588): [VERBOSE1:btm_ble_gap.cc(1923)] btm_ble_process_ext_adv_pkt: bda=08:91:e9:c8:a9:2d
09-01 14:42:52.137 V/bt_stack( 8588): [VERBOSE1:btm_ble_gap.cc(1847)] btm_ble_process_adv_addr: bda=08:91:e9:c8:a9:2d
09-01 14:42:52.137 D/BluetoothUtils( 8588): blockedByLocationOff callingUid=1002
09-01 14:42:52.138 I/BluetoothUtils( 8588): packagename is android.uid.bluetooth:1002 ,and its permission is false
09-01 14:42:52.138 D/BluetoothUtils( 8588): blockedByLocationOff callingUid=1002
09-01 14:42:52.138 I/BluetoothUtils( 8588): packagename is android.uid.bluetooth:1002 ,and its permission is false
09-01 14:42:52.138 D/BluetoothUtils( 8588): blockedByLocationOff callingUid=1002
09-01 14:42:52.138 I/BluetoothUtils( 8588): packagename is android.uid.bluetooth:1002 ,and its permission is false
09-01 14:42:52.138 I/Timeline( 1639): Timeline: App_transition_ready time:212138155
09-01 14:42:52.139 I/Timeline( 1639): Timeline: App_transition_ready time:212138156
09-01 14:42:52.140 D/WindowManager( 1639): Input focus has changed to Window{ccc139f u0 com.xiaomi.hm.health/com.xiaomi.hm.health.ui.information.DetailInfoActivity}
09-01 14:42:52.141 V/bt_stack( 8588): [VERBOSE1:btm_ble_gap.cc(1923)] btm_ble_process_ext_adv_pkt: bda=63:53:07:fa:3c:f1
09-01 14:42:52.141 V/bt_stack( 8588): [VERBOSE1:btm_ble_gap.cc(1847)] btm_ble_process_adv_addr: bda=63:53:07:fa:3c:f1
09-01 14:42:52.142 D/BluetoothUtils( 8588): blockedByLocationOff callingUid=1002
09-01 14:42:52.142 I/BluetoothUtils( 8588): packagename is android.uid.bluetooth:1002 ,and its permission is false
09-01 14:42:52.142 D/BluetoothUtils( 8588): blockedByLocationOff callingUid=1002
09-01 14:42:52.142 I/BluetoothUtils( 8588): packagename is android.uid.bluetooth:1002 ,and its permission is false
09-01 14:42:52.142 D/BluetoothUtils( 8588): blockedByLocationOff callingUid=1002
09-01 14:42:52.143 I/BluetoothUtils( 8588): packagename is android.uid.bluetooth:1002 ,and its permission is false
09-01 14:42:52.143 V/bt_stack( 8588): [VERBOSE1:btm_ble_gap.cc(1923)] btm_ble_process_ext_adv_pkt: bda=00:35:64:83:a4:98
09-01 14:42:52.143 V/bt_stack( 8588): [VERBOSE1:btm_ble_gap.cc(1847)] btm_ble_process_adv_addr: bda=00:35:64:83:a4:98
09-01 14:42:52.144 D/BluetoothUtils( 8588): blockedByLocationOff callingUid=1002
09-01 14:42:52.144 I/BluetoothUtils( 8588): packagename is android.uid.bluetooth:1002 ,and its permission is false
09-01 14:42:52.144 D/BluetoothUtils( 8588): blockedByLocationOff callingUid=1002
09-01 14:42:52.144 I/BluetoothUtils( 8588): packagename is android.uid.bluetooth:1002 ,and its permission is false
09-01 14:42:52.145 D/BluetoothUtils( 8588): blockedByLocationOff callingUid=1002
09-01 14:42:52.145 I/BluetoothUtils( 8588): packagename is android.uid.bluetooth:1002 ,and its permission is false
09-01 14:42:52.146 V/bt_stack( 8588): [VERBOSE1:btm_ble_gap.cc(1923)] btm_ble_process_ext_adv_pkt: bda=41:d6:cb:db:d1:76
09-01 14:42:52.146 V/bt_stack( 8588): [VERBOSE1:btm_ble_gap.cc(1847)] btm_ble_process_adv_addr: bda=41:d6:cb:db:d1:76
09-01 14:42:52.146 V/bt_stack( 8588): [VERBOSE1:btm_ble_gap.cc(2052)]  Waiting for scan response 41:d6:cb:db:d1:76
09-01 14:42:52.146 V/bt_stack( 8588): [VERBOSE1:btm_ble_gap.cc(1923)] btm_ble_process_ext_adv_pkt: bda=03:d8:93:20:a7:46
09-01 14:42:52.146 V/bt_stack( 8588): [VERBOSE1:btm_ble_gap.cc(1847)] btm_ble_process_adv_addr: bda=03:d8:93:20:a7:46
09-01 14:42:52.147 D/BluetoothUtils( 8588): blockedByLocationOff callingUid=1002
09-01 14:42:52.147 I/BluetoothUtils( 8588): packagename is android.uid.bluetooth:1002 ,and its permission is false
09-01 14:42:52.147 D/BluetoothUtils( 8588): blockedByLocationOff callingUid=1002
09-01 14:42:52.148 I/BluetoothUtils( 8588): packagename is android.uid.bluetooth:1002 ,and its permission is false
09-01 14:42:52.148 D/BluetoothUtils( 8588): blockedByLocationOff callingUid=1002
09-01 14:42:52.148 I/BluetoothUtils( 8588): packagename is android.uid.bluetooth:1002 ,and its permission is false
09-01 14:42:52.148 V/bt_stack( 8588): [VERBOSE1:btm_ble_gap.cc(1923)] btm_ble_process_ext_adv_pkt: bda=1c:91:72:ba:f7:2e
09-01 14:42:52.149 V/bt_stack( 8588): [VERBOSE1:btm_ble_gap.cc(1847)] btm_ble_process_adv_addr: bda=1c:91:72:ba:f7:2e
09-01 14:42:52.149 D/BluetoothUtils( 8588): blockedByLocationOff callingUid=1002
09-01 14:42:52.149 I/BluetoothUtils( 8588): packagename is android.uid.bluetooth:1002 ,and its permission is false
09-01 14:42:52.150 D/BluetoothUtils( 8588): blockedByLocationOff callingUid=1002
09-01 14:42:52.150 I/BluetoothUtils( 8588): packagename is android.uid.bluetooth:1002 ,and its permission is false
09-01 14:42:52.150 D/BluetoothUtils( 8588): blockedByLocationOff callingUid=1002
09-01 14:42:52.150 I/BluetoothUtils( 8588): packagename is android.uid.bluetooth:1002 ,and its permission is false
09-01 14:42:52.158 V/bt_stack( 8588): [VERBOSE1:btm_ble_gap.cc(1923)] btm_ble_process_ext_adv_pkt: bda=35:45:bf:2c:e1:03
09-01 14:42:52.159 V/bt_stack( 8588): [VERBOSE1:btm_ble_gap.cc(1847)] btm_ble_process_adv_addr: bda=35:45:bf:2c:e1:03
09-01 14:42:52.159 D/BluetoothUtils( 8588): blockedByLocationOff callingUid=1002
09-01 14:42:52.160 I/BluetoothUtils( 8588): packagename is android.uid.bluetooth:1002 ,and its permission is false
09-01 14:42:52.160 D/BluetoothUtils( 8588): blockedByLocationOff callingUid=1002
09-01 14:42:52.160 I/BluetoothUtils( 8588): packagename is android.uid.bluetooth:1002 ,and its permission is false
09-01 14:42:52.160 D/BluetoothUtils( 8588): blockedByLocationOff callingUid=1002
09-01 14:42:52.160 I/BluetoothUtils( 8588): packagename is android.uid.bluetooth:1002 ,and its permission is false
09-01 14:42:52.168 V/bt_stack( 8588): [VERBOSE1:btm_ble_gap.cc(1923)] btm_ble_process_ext_adv_pkt: bda=58:d0:f0:96:be:49
09-01 14:42:52.168 V/bt_stack( 8588): [VERBOSE1:btm_ble_gap.cc(1847)] btm_ble_process_adv_addr: bda=58:d0:f0:96:be:49
09-01 14:42:52.168 V/bt_stack( 8588): [VERBOSE1:btm_ble_gap.cc(2052)]  Waiting for scan response 58:d0:f0:96:be:49
09-01 14:42:52.169 V/bt_stack( 8588): [VERBOSE1:btm_ble_gap.cc(1923)] btm_ble_process_ext_adv_pkt: bda=59:ea:73:03:7b:dc
09-01 14:42:52.169 V/bt_stack( 8588): [VERBOSE1:btm_ble_gap.cc(1847)] btm_ble_process_adv_addr: bda=59:ea:73:03:7b:dc
09-01 14:42:52.169 D/BluetoothUtils( 8588): blockedByLocationOff callingUid=1002
09-01 14:42:52.170 I/BluetoothUtils( 8588): packagename is android.uid.bluetooth:1002 ,and its permission is false
09-01 14:42:52.170 D/BluetoothUtils( 8588): blockedByLocationOff callingUid=1002
09-01 14:42:52.170 I/BluetoothUtils( 8588): packagename is android.uid.bluetooth:1002 ,and its permission is false
09-01 14:42:52.170 D/BluetoothUtils( 8588): blockedByLocationOff callingUid=1002
09-01 14:42:52.170 I/BluetoothUtils( 8588): packagename is android.uid.bluetooth:1002 ,and its permission is false
09-01 14:42:52.172 V/bt_stack( 8588): [VERBOSE1:btm_ble_gap.cc(1923)] btm_ble_process_ext_adv_pkt: bda=01:f5:30:c0:9b:7a
09-01 14:42:52.172 V/bt_stack( 8588): [VERBOSE1:btm_ble_gap.cc(1847)] btm_ble_process_adv_addr: bda=01:f5:30:c0:9b:7a
09-01 14:42:52.172 D/BluetoothUtils( 8588): blockedByLocationOff callingUid=1002
09-01 14:42:52.173 I/BluetoothUtils( 8588): packagename is android.uid.bluetooth:1002 ,and its permission is false
09-01 14:42:52.173 D/BluetoothUtils( 8588): blockedByLocationOff callingUid=1002
09-01 14:42:52.173 I/BluetoothUtils( 8588): packagename is android.uid.bluetooth:1002 ,and its permission is false
09-01 14:42:52.173 D/BluetoothUtils( 8588): blockedByLocationOff callingUid=1002
09-01 14:42:52.173 I/BluetoothUtils( 8588): packagename is android.uid.bluetooth:1002 ,and its permission is false
09-01 14:42:52.178 V/bt_stack( 8588): [VERBOSE1:btm_ble_gap.cc(1923)] btm_ble_process_ext_adv_pkt: bda=c7:9e:cc:49:b0:5d
09-01 14:42:52.178 V/bt_stack( 8588): [VERBOSE1:btm_ble_gap.cc(1847)] btm_ble_process_adv_addr: bda=c7:9e:cc:49:b0:5d
09-01 14:42:52.178 V/bt_stack( 8588): [VERBOSE1:btm_ble_gap.cc(2052)]  Waiting for scan response c7:9e:cc:49:b0:5d
09-01 14:42:52.178 V/bt_stack( 8588): [VERBOSE1:btm_ble_gap.cc(1923)] btm_ble_process_ext_adv_pkt: bda=c7:9e:cc:49:b0:5d
09-01 14:42:52.178 V/bt_stack( 8588): [VERBOSE1:btm_ble_gap.cc(1847)] btm_ble_process_adv_addr: bda=c7:9e:cc:49:b0:5d
09-01 14:42:52.180 D/BluetoothUtils( 8588): blockedByLocationOff callingUid=1002
09-01 14:42:52.180 I/BluetoothUtils( 8588): packagename is android.uid.bluetooth:1002 ,and its permission is false
09-01 14:42:52.180 D/BluetoothUtils( 8588): blockedByLocationOff callingUid=1002
09-01 14:42:52.181 I/BluetoothUtils( 8588): packagename is android.uid.bluetooth:1002 ,and its permission is false
09-01 14:42:52.181 D/BluetoothUtils( 8588): blockedByLocationOff callingUid=1002
09-01 14:42:52.181 I/BluetoothUtils( 8588): packagename is android.uid.bluetooth:1002 ,and its permission is false
09-01 14:42:52.188 I/Timeline( 1639): Timeline: App_transition_ready time:212138205
09-01 14:42:52.189 V/bt_stack( 8588): [VERBOSE1:btm_ble_gap.cc(1923)] btm_ble_process_ext_adv_pkt: bda=44:ca:73:cc:df:42
09-01 14:42:52.189 V/bt_stack( 8588): [VERBOSE1:btm_ble_gap.cc(1847)] btm_ble_process_adv_addr: bda=44:ca:73:cc:df:42
09-01 14:42:52.189 V/bt_stack( 8588): [VERBOSE1:btm_ble_gap.cc(2052)]  Waiting for scan response 44:ca:73:cc:df:42
09-01 14:42:52.189 W/ByMatcher(13898): Node returned null child: android.view.accessibility.AccessibilityNodeInfo@200aa; boundsInParent: Rect(0, 0 - 1080, 2060); boundsInScreen: Rect(0, 0 - 1080, 2060); packageName: com.xiaomi.hm.health; className: android.widget.RelativeLayout; text: null; error: null; maxTextLength: -1; contentDescription: null; tooltipText: null; viewIdResName: null; checkable: false; checked: false; focusable: false; focused: false; selected: false; clickable: false; longClickable: false; contextClickable: false; enabled: true; password: false; scrollable: false; importantForAccessibility: false; visible: true; actions: [AccessibilityAction: ACTION_SELECT - null, AccessibilityAction: ACTION_CLEAR_SELECTION - null, AccessibilityAction: ACTION_ACCESSIBILITY_FOCUS - null, AccessibilityAction: ACTION_SHOW_ON_SCREEN - null]
09-01 14:42:52.189 V/bt_stack( 8588): [VERBOSE1:btm_ble_gap.cc(1923)] btm_ble_process_ext_adv_pkt: bda=44:ca:73:cc:df:42
09-01 14:42:52.189 V/bt_stack( 8588): [VERBOSE1:btm_ble_gap.cc(1847)] btm_ble_process_adv_addr: bda=44:ca:73:cc:df:42
09-01 14:42:52.189 W/ByMatcher(13898): Skipping null child (0 of 5)
09-01 14:42:52.190 D/BluetoothUtils( 8588): blockedByLocationOff callingUid=1002
09-01 14:42:52.190 I/BluetoothUtils( 8588): packagename is android.uid.bluetooth:1002 ,and its permission is false
09-01 14:42:52.190 D/BluetoothUtils( 8588): blockedByLocationOff callingUid=1002
09-01 14:42:52.190 W/ByMatcher(13898): Skipping null child (1 of 5)
09-01 14:42:52.191 I/BluetoothUtils( 8588): packagename is android.uid.bluetooth:1002 ,and its permission is false
09-01 14:42:52.191 D/BluetoothUtils( 8588): blockedByLocationOff callingUid=1002
09-01 14:42:52.191 I/BluetoothUtils( 8588): packagename is android.uid.bluetooth:1002 ,and its permission is false
09-01 14:42:52.191 V/bt_stack( 8588): [VERBOSE1:btm_ble_gap.cc(1923)] btm_ble_process_ext_adv_pkt: bda=05:d9:72:f7:0f:69
09-01 14:42:52.191 V/bt_stack( 8588): [VERBOSE1:btm_ble_gap.cc(1847)] btm_ble_process_adv_addr: bda=05:d9:72:f7:0f:69
09-01 14:42:52.192 W/ByMatcher(13898): Skipping null child (2 of 5)
09-01 14:42:52.192 D/BluetoothUtils( 8588): blockedByLocationOff callingUid=1002
09-01 14:42:52.193 I/BluetoothUtils( 8588): packagename is android.uid.bluetooth:1002 ,and its permission is false
09-01 14:42:52.193 D/BluetoothUtils( 8588): blockedByLocationOff callingUid=1002
09-01 14:42:52.193 W/ByMatcher(13898): Skipping null child (3 of 5)
09-01 14:42:52.193 I/BluetoothUtils( 8588): packagename is android.uid.bluetooth:1002 ,and its permission is false
09-01 14:42:52.193 D/BluetoothUtils( 8588): blockedByLocationOff callingUid=1002
09-01 14:42:52.194 I/BluetoothUtils( 8588): packagename is android.uid.bluetooth:1002 ,and its permission is false
09-01 14:42:52.194 W/ByMatcher(13898): Skipping null child (4 of 5)
09-01 14:42:52.195 I/ActivityTaskManager( 1639): Displayed com.xiaomi.hm.health/.ui.information.DetailInfoActivity: +224ms
09-01 14:42:52.195 V/bt_stack( 8588): [VERBOSE1:btm_ble_gap.cc(1923)] btm_ble_process_ext_adv_pkt: bda=ac:29:3a:9a:aa:42
09-01 14:42:52.196 V/bt_stack( 8588): [VERBOSE1:btm_ble_gap.cc(1847)] btm_ble_process_adv_addr: bda=ac:29:3a:9a:aa:42
09-01 14:42:52.196 V/bt_stack( 8588): [VERBOSE1:btm_ble_gap.cc(2052)]  Waiting for scan response ac:29:3a:9a:aa:42
09-01 14:42:52.196 V/bt_stack( 8588): [VERBOSE1:btm_ble_gap.cc(1923)] btm_ble_process_ext_adv_pkt: bda=ac:29:3a:9a:aa:42
09-01 14:42:52.196 V/bt_stack( 8588): [VERBOSE1:btm_ble_gap.cc(1847)] btm_ble_process_adv_addr: bda=ac:29:3a:9a:aa:42
09-01 14:42:52.196 D/BluetoothUtils( 8588): blockedByLocationOff callingUid=1002
09-01 14:42:52.196 W/ByMatcher(13898): Node returned null child: android.view.accessibility.AccessibilityNodeInfo@126f0; boundsInParent: Rect(0, 0 - 1080, 150); boundsInScreen: Rect(0, 2060 - 1080, 2210); packageName: com.xiaomi.hm.health; className: android.widget.LinearLayout; text: null; error: null; maxTextLength: -1; contentDescription: null; tooltipText: null; viewIdResName: com.xiaomi.hm.health:id/indicator; checkable: false; checked: false; focusable: false; focused: false; selected: false; clickable: false; longClickable: false; contextClickable: false; enabled: true; password: false; scrollable: false; importantForAccessibility: false; visible: true; actions: [AccessibilityAction: ACTION_SELECT - null, AccessibilityAction: ACTION_CLEAR_SELECTION - null, AccessibilityAction: ACTION_ACCESSIBILITY_FOCUS - null, AccessibilityAction: ACTION_SHOW_ON_SCREEN - null]
09-01 14:42:52.196 I/BluetoothUtils( 8588): packagename is android.uid.bluetooth:1002 ,and its permission is false
09-01 14:42:52.196 D/BluetoothUtils( 8588): blockedByLocationOff callingUid=1002
09-01 14:42:52.196 W/ByMatcher(13898): Skipping null child (0 of 1)
09-01 14:42:52.197 V/bt_stack( 8588): [VERBOSE1:btm_ble_gap.cc(1923)] btm_ble_process_ext_adv_pkt: bda=35:38:49:78:be:f0
09-01 14:42:52.197 V/bt_stack( 8588): [VERBOSE1:btm_ble_gap.cc(1847)] btm_ble_process_adv_addr: bda=35:38:49:78:be:f0
09-01 14:42:52.197 I/BluetoothUtils( 8588): packagename is android.uid.bluetooth:1002 ,and its permission is false
09-01 14:42:52.197 D/BluetoothUtils( 8588): blockedByLocationOff callingUid=1002
09-01 14:42:52.197 I/BluetoothUtils( 8588): packagename is android.uid.bluetooth:1002 ,and its permission is false
09-01 14:42:52.198 D/BluetoothUtils( 8588): blockedByLocationOff callingUid=1002
09-01 14:42:52.198 I/BluetoothUtils( 8588): packagename is android.uid.bluetooth:1002 ,and its permission is false
09-01 14:42:52.198 D/BluetoothUtils( 8588): blockedByLocationOff callingUid=1002
09-01 14:42:52.198 I/BluetoothUtils( 8588): packagename is android.uid.bluetooth:1002 ,and its permission is false
09-01 14:42:52.198 D/BluetoothUtils( 8588): blockedByLocationOff callingUid=1002
09-01 14:42:52.198 I/BluetoothUtils( 8588): packagename is android.uid.bluetooth:1002 ,and its permission is false
09-01 14:42:52.199 W/ByMatcher(13898): Node returned null child: android.view.accessibility.AccessibilityNodeInfo@200aa; boundsInParent: Rect(0, 0 - 1080, 2060); boundsInScreen: Rect(0, 0 - 1080, 2060); packageName: com.xiaomi.hm.health; className: android.widget.RelativeLayout; text: null; error: null; maxTextLength: -1; contentDescription: null; tooltipText: null; viewIdResName: null; checkable: false; checked: false; focusable: false; focused: false; selected: false; clickable: false; longClickable: false; contextClickable: false; enabled: true; password: false; scrollable: false; importantForAccessibility: false; visible: true; actions: [AccessibilityAction: ACTION_SELECT - null, AccessibilityAction: ACTION_CLEAR_SELECTION - null, AccessibilityAction: ACTION_ACCESSIBILITY_FOCUS - null, AccessibilityAction: ACTION_SHOW_ON_SCREEN - null]
09-01 14:42:52.200 W/ByMatcher(13898): Skipping null child (0 of 5)
09-01 14:42:52.201 W/ByMatcher(13898): Skipping null child (1 of 5)
09-01 14:42:52.202 W/ByMatcher(13898): Skipping null child (2 of 5)
09-01 14:42:52.203 W/ByMatcher(13898): Skipping null child (3 of 5)
09-01 14:42:52.203 W/ByMatcher(13898): Skipping null child (4 of 5)
09-01 14:42:52.204 V/bt_stack( 8588): [VERBOSE1:btm_ble_gap.cc(1923)] btm_ble_process_ext_adv_pkt: bda=fd:32:0c:ad:56:d5
09-01 14:42:52.204 V/bt_stack( 8588): [VERBOSE1:btm_ble_gap.cc(1847)] btm_ble_process_adv_addr: bda=fd:32:0c:ad:56:d5
09-01 14:42:52.204 V/bt_stack( 8588): [VERBOSE1:btm_ble_gap.cc(2052)]  Waiting for scan response fd:32:0c:ad:56:d5
09-01 14:42:52.204 V/bt_stack( 8588): [VERBOSE1:btm_ble_gap.cc(1923)] btm_ble_process_ext_adv_pkt: bda=fd:32:0c:ad:56:d5
09-01 14:42:52.204 V/bt_stack( 8588): [VERBOSE1:btm_ble_gap.cc(1847)] btm_ble_process_adv_addr: bda=fd:32:0c:ad:56:d5
09-01 14:42:52.205 D/BluetoothUtils( 8588): blockedByLocationOff callingUid=1002
09-01 14:42:52.205 I/BluetoothUtils( 8588): packagename is android.uid.bluetooth:1002 ,and its permission is false
09-01 14:42:52.205 D/BluetoothUtils( 8588): blockedByLocationOff callingUid=1002
09-01 14:42:52.205 I/BluetoothUtils( 8588): packagename is android.uid.bluetooth:1002 ,and its permission is false
09-01 14:42:52.205 D/BluetoothUtils( 8588): blockedByLocationOff callingUid=1002
09-01 14:42:52.206 I/BluetoothUtils( 8588): packagename is android.uid.bluetooth:1002 ,and its permission is false
09-01 14:42:52.206 W/ByMatcher(13898): Node returned null child: android.view.accessibility.AccessibilityNodeInfo@126f0; boundsInParent: Rect(0, 0 - 1080, 150); boundsInScreen: Rect(0, 2060 - 1080, 2210); packageName: com.xiaomi.hm.health; className: android.widget.LinearLayout; text: null; error: null; maxTextLength: -1; contentDescription: null; tooltipText: null; viewIdResName: com.xiaomi.hm.health:id/indicator; checkable: false; checked: false; focusable: false; focused: false; selected: false; clickable: false; longClickable: false; contextClickable: false; enabled: true; password: false; scrollable: false; importantForAccessibility: false; visible: true; actions: [AccessibilityAction: ACTION_SELECT - null, AccessibilityAction: ACTION_CLEAR_SELECTION - null, AccessibilityAction: ACTION_ACCESSIBILITY_FOCUS - null, AccessibilityAction: ACTION_SHOW_ON_SCREEN - null]
09-01 14:42:52.206 W/ByMatcher(13898): Skipping null child (0 of 1)
09-01 14:42:52.207 I/appium  (13898): AppiumResponse: {"sessionId":"94b2dfbc-5a87-4ff5-8430-a6752ec32c55","value":{"error":"no such element","message":"An element could not be located on the page using the given search parameters","stacktrace":"io.appium.uiautomator2.common.exceptions.ElementNotFoundException: An element could not be located on the ...
09-01 14:42:52.211 I/SplashScreenServiceDelegate( 1639): None for com.xiaomi.hm.health
09-01 14:42:52.227 V/bt_stack( 8588): [VERBOSE1:btm_ble_gap.cc(1923)] btm_ble_process_ext_adv_pkt: bda=66:3e:07:e0:2b:d4
09-01 14:42:52.227 V/bt_stack( 8588): [VERBOSE1:btm_ble_gap.cc(1847)] btm_ble_process_adv_addr: bda=66:3e:07:e0:2b:d4
09-01 14:42:52.227 V/bt_stack( 8588): [VERBOSE1:btm_ble_gap.cc(2052)]  Waiting for scan response 66:3e:07:e0:2b:d4
09-01 14:42:52.227 V/bt_stack( 8588): [VERBOSE1:btm_ble_gap.cc(1923)] btm_ble_process_ext_adv_pkt: bda=66:3e:07:e0:2b:d4
09-01 14:42:52.228 V/bt_stack( 8588): [VERBOSE1:btm_ble_gap.cc(1847)] btm_ble_process_adv_addr: bda=66:3e:07:e0:2b:d4
09-01 14:42:52.228 D/BluetoothUtils( 8588): blockedByLocationOff callingUid=1002
09-01 14:42:52.228 I/BluetoothUtils( 8588): packagename is android.uid.bluetooth:1002 ,and its permission is false
09-01 14:42:52.228 D/BluetoothUtils( 8588): blockedByLocationOff callingUid=1002
09-01 14:42:52.228 I/BluetoothUtils( 8588): packagename is android.uid.bluetooth:1002 ,and its permission is false
09-01 14:42:52.229 D/BluetoothUtils( 8588): blockedByLocationOff callingUid=1002
09-01 14:42:52.229 I/BluetoothUtils( 8588): packagename is android.uid.bluetooth:1002 ,and its permission is false
09-01 14:42:52.239 V/bt_stack( 8588): [VERBOSE1:btm_ble_gap.cc(1923)] btm_ble_process_ext_adv_pkt: bda=c5:a0:8f:2d:86:2c
09-01 14:42:52.239 V/bt_stack( 8588): [VERBOSE1:btm_ble_gap.cc(1847)] btm_ble_process_adv_addr: bda=c5:a0:8f:2d:86:2c
09-01 14:42:52.239 V/bt_stack( 8588): [VERBOSE1:btm_ble_gap.cc(2052)]  Waiting for scan response c5:a0:8f:2d:86:2c
09-01 14:42:52.239 V/bt_stack( 8588): [VERBOSE1:btm_ble_gap.cc(1923)] btm_ble_process_ext_adv_pkt: bda=c5:a0:8f:2d:86:2c
09-01 14:42:52.239 V/bt_stack( 8588): [VERBOSE1:btm_ble_gap.cc(1847)] btm_ble_process_adv_addr: bda=c5:a0:8f:2d:86:2c
09-01 14:42:52.240 D/BluetoothUtils( 8588): blockedByLocationOff callingUid=1002
09-01 14:42:52.240 I/BluetoothUtils( 8588): packagename is android.uid.bluetooth:1002 ,and its permission is false
09-01 14:42:52.240 D/BluetoothUtils( 8588): blockedByLocationOff callingUid=1002
09-01 14:42:52.240 I/BluetoothUtils( 8588): packagename is android.uid.bluetooth:1002 ,and its permission is false
09-01 14:42:52.241 D/BluetoothUtils( 8588): blockedByLocationOff callingUid=1002
09-01 14:42:52.241 I/BluetoothUtils( 8588): packagename is android.uid.bluetooth:1002 ,and its permission is false
09-01 14:42:52.245 V/bt_stack( 8588): [VERBOSE1:btm_ble_gap.cc(1923)] btm_ble_process_ext_adv_pkt: bda=63:53:07:fa:3c:f1
09-01 14:42:52.245 V/bt_stack( 8588): [VERBOSE1:btm_ble_gap.cc(1847)] btm_ble_process_adv_addr: bda=63:53:07:fa:3c:f1
09-01 14:42:52.246 D/BluetoothUtils( 8588): blockedByLocationOff callingUid=1002
09-01 14:42:52.246 I/BluetoothUtils( 8588): packagename is android.uid.bluetooth:1002 ,and its permission is false
09-01 14:42:52.246 D/BluetoothUtils( 8588): blockedByLocationOff callingUid=1002
09-01 14:42:52.247 I/BluetoothUtils( 8588): packagename is android.uid.bluetooth:1002 ,and its permission is false
09-01 14:42:52.247 D/BluetoothUtils( 8588): blockedByLocationOff callingUid=1002
09-01 14:42:52.247 I/BluetoothUtils( 8588): packagename is android.uid.bluetooth:1002 ,and its permission is false
09-01 14:42:52.249 V/bt_stack( 8588): [VERBOSE1:btm_ble_gap.cc(1923)] btm_ble_process_ext_adv_pkt: bda=3e:4e:78:8c:48:a5
09-01 14:42:52.249 V/bt_stack( 8588): [VERBOSE1:btm_ble_gap.cc(1847)] btm_ble_process_adv_addr: bda=3e:4e:78:8c:48:a5
09-01 14:42:52.250 D/BluetoothUtils( 8588): blockedByLocationOff callingUid=1002
09-01 14:42:52.250 I/BluetoothUtils( 8588): packagename is android.uid.bluetooth:1002 ,and its permission is false
09-01 14:42:52.250 D/BluetoothUtils( 8588): blockedByLocationOff callingUid=1002
09-01 14:42:52.251 I/BluetoothUtils( 8588): packagename is android.uid.bluetooth:1002 ,and its permission is false
09-01 14:42:52.251 D/BluetoothUtils( 8588): blockedByLocationOff callingUid=1002
09-01 14:42:52.251 I/BluetoothUtils( 8588): packagename is android.uid.bluetooth:1002 ,and its permission is false
09-01 14:42:52.251 V/bt_stack( 8588): [VERBOSE1:btm_ble_gap.cc(1923)] btm_ble_process_ext_adv_pkt: bda=03:d8:93:20:a7:46
09-01 14:42:52.251 V/bt_stack( 8588): [VERBOSE1:btm_ble_gap.cc(1847)] btm_ble_process_adv_addr: bda=03:d8:93:20:a7:46
09-01 14:42:52.252 D/BluetoothUtils( 8588): blockedByLocationOff callingUid=1002
09-01 14:42:52.252 I/BluetoothUtils( 8588): packagename is android.uid.bluetooth:1002 ,and its permission is false
09-01 14:42:52.252 D/BluetoothUtils( 8588): blockedByLocationOff callingUid=1002
09-01 14:42:52.253 I/BluetoothUtils( 8588): packagename is android.uid.bluetooth:1002 ,and its permission is false
09-01 14:42:52.253 D/BluetoothUtils( 8588): blockedByLocationOff callingUid=1002
09-01 14:42:52.253 I/BluetoothUtils( 8588): packagename is android.uid.bluetooth:1002 ,and its permission is false
09-01 14:42:52.258 V/bt_stack( 8588): [VERBOSE1:btm_ble_gap.cc(1923)] btm_ble_process_ext_adv_pkt: bda=35:45:bf:2c:e1:03
09-01 14:42:52.259 V/bt_stack( 8588): [VERBOSE1:btm_ble_gap.cc(1847)] btm_ble_process_adv_addr: bda=35:45:bf:2c:e1:03
09-01 14:42:52.259 D/BluetoothUtils( 8588): blockedByLocationOff callingUid=1002
09-01 14:42:52.260 I/BluetoothUtils( 8588): packagename is android.uid.bluetooth:1002 ,and its permission is false
09-01 14:42:52.260 D/BluetoothUtils( 8588): blockedByLocationOff callingUid=1002
09-01 14:42:52.260 I/BluetoothUtils( 8588): packagename is android.uid.bluetooth:1002 ,and its permission is false
09-01 14:42:52.260 D/BluetoothUtils( 8588): blockedByLocationOff callingUid=1002
09-01 14:42:52.260 I/BluetoothUtils( 8588): packagename is android.uid.bluetooth:1002 ,and its permission is false
09-01 14:42:52.268 V/bt_stack( 8588): [VERBOSE1:btm_ble_gap.cc(1923)] btm_ble_process_ext_adv_pkt: bda=79:51:46:d8:72:5f
09-01 14:42:52.268 V/bt_stack( 8588): [VERBOSE1:btm_ble_gap.cc(1847)] btm_ble_process_adv_addr: bda=79:51:46:d8:72:5f
09-01 14:42:52.269 D/BluetoothUtils( 8588): blockedByLocationOff callingUid=1002
09-01 14:42:52.269 I/BluetoothUtils( 8588): packagename is android.uid.bluetooth:1002 ,and its permission is false
09-01 14:42:52.269 D/BluetoothUtils( 8588): blockedByLocationOff callingUid=1002
09-01 14:42:52.270 I/BluetoothUtils( 8588): packagename is android.uid.bluetooth:1002 ,and its permission is false
09-01 14:42:52.270 D/BluetoothUtils( 8588): blockedByLocationOff callingUid=1002
09-01 14:42:52.270 I/BluetoothUtils( 8588): packagename is android.uid.bluetooth:1002 ,and its permission is false
09-01 14:42:52.274 V/bt_stack( 8588): [VERBOSE1:btm_ble_gap.cc(1923)] btm_ble_process_ext_adv_pkt: bda=56:e4:da:79:d5:88
09-01 14:42:52.275 V/bt_stack( 8588): [VERBOSE1:btm_ble_gap.cc(1847)] btm_ble_process_adv_addr: bda=56:e4:da:79:d5:88
09-01 14:42:52.275 V/bt_stack( 8588): [VERBOSE1:btm_ble_gap.cc(2052)]  Waiting for scan response 56:e4:da:79:d5:88
09-01 14:42:52.275 V/bt_stack( 8588): [VERBOSE1:btm_ble_gap.cc(1923)] btm_ble_process_ext_adv_pkt: bda=56:e4:da:79:d5:88
09-01 14:42:52.275 V/bt_stack( 8588): [VERBOSE1:btm_ble_gap.cc(1847)] btm_ble_process_adv_addr: bda=56:e4:da:79:d5:88
09-01 14:42:52.275 D/BluetoothUtils( 8588): blockedByLocationOff callingUid=1002
09-01 14:42:52.276 I/BluetoothUtils( 8588): packagename is android.uid.bluetooth:1002 ,and its permission is false
09-01 14:42:52.276 D/BluetoothUtils( 8588): blockedByLocationOff callingUid=1002
09-01 14:42:52.276 I/BluetoothUtils( 8588): packagename is android.uid.bluetooth:1002 ,and its permission is false
09-01 14:42:52.276 D/BluetoothUtils( 8588): blockedByLocationOff callingUid=1002
09-01 14:42:52.276 I/BluetoothUtils( 8588): packagename is android.uid.bluetooth:1002 ,and its permission is false
09-01 14:42:52.277 V/bt_stack( 8588): [VERBOSE1:btm_ble_gap.cc(1923)] btm_ble_process_ext_adv_pkt: bda=01:f5:30:c0:9b:7a
09-01 14:42:52.277 V/bt_stack( 8588): [VERBOSE1:btm_ble_gap.cc(1847)] btm_ble_process_adv_addr: bda=01:f5:30:c0:9b:7a
09-01 14:42:52.277 D/BluetoothUtils( 8588): blockedByLocationOff callingUid=1002
09-01 14:42:52.278 I/BluetoothUtils( 8588): packagename is android.uid.bluetooth:1002 ,and its permission is false
09-01 14:42:52.278 D/BluetoothUtils( 8588): blockedByLocationOff callingUid=1002
09-01 14:42:52.278 I/BluetoothUtils( 8588): packagename is android.uid.bluetooth:1002 ,and its permission is false
09-01 14:42:52.278 D/BluetoothUtils( 8588): blockedByLocationOff callingUid=1002
09-01 14:42:52.278 I/BluetoothUtils( 8588): packagename is android.uid.bluetooth:1002 ,and its permission is false
09-01 14:42:52.295 V/bt_stack( 8588): [VERBOSE1:btm_ble_gap.cc(1923)] btm_ble_process_ext_adv_pkt: bda=56:23:e7:94:9e:a9
09-01 14:42:52.295 V/bt_stack( 8588): [VERBOSE1:btm_ble_gap.cc(1847)] btm_ble_process_adv_addr: bda=56:23:e7:94:9e:a9
09-01 14:42:52.295 V/bt_stack( 8588): [VERBOSE1:btm_ble_gap.cc(2052)]  Waiting for scan response 56:23:e7:94:9e:a9
09-01 14:42:52.295 V/bt_stack( 8588): [VERBOSE1:btm_ble_gap.cc(1923)] btm_ble_process_ext_adv_pkt: bda=05:d9:72:f7:0f:69
09-01 14:42:52.295 V/bt_stack( 8588): [VERBOSE1:btm_ble_gap.cc(1847)] btm_ble_process_adv_addr: bda=05:d9:72:f7:0f:69
09-01 14:42:52.296 D/BluetoothUtils( 8588): blockedByLocationOff callingUid=1002
09-01 14:42:52.296 I/BluetoothUtils( 8588): packagename is android.uid.bluetooth:1002 ,and its permission is false
09-01 14:42:52.296 D/BluetoothUtils( 8588): blockedByLocationOff callingUid=1002
09-01 14:42:52.297 I/BluetoothUtils( 8588): packagename is android.uid.bluetooth:1002 ,and its permission is false
09-01 14:42:52.297 D/BluetoothUtils( 8588): blockedByLocationOff callingUid=1002
09-01 14:42:52.297 I/BluetoothUtils( 8588): packagename is android.uid.bluetooth:1002 ,and its permission is false
09-01 14:42:52.317 V/bt_stack( 8588): [VERBOSE1:btm_ble_gap.cc(1923)] btm_ble_process_ext_adv_pkt: bda=59:5f:ac:32:e1:b7
09-01 14:42:52.317 V/bt_stack( 8588): [VERBOSE1:btm_ble_gap.cc(1847)] btm_ble_process_adv_addr: bda=59:5f:ac:32:e1:b7
09-01 14:42:52.317 V/bt_stack( 8588): [VERBOSE1:btm_ble_gap.cc(2052)]  Waiting for scan response 59:5f:ac:32:e1:b7
09-01 14:42:52.317 V/bt_stack( 8588): [VERBOSE1:btm_ble_gap.cc(1923)] btm_ble_process_ext_adv_pkt: bda=38:f9:d3:45:87:1e
09-01 14:42:52.317 V/bt_stack( 8588): [VERBOSE1:btm_ble_gap.cc(1847)] btm_ble_process_adv_addr: bda=38:f9:d3:45:87:1e
09-01 14:42:52.318 V/bt_stack( 8588): [VERBOSE1:btm_ble_gap.cc(2052)]  Waiting for scan response 38:f9:d3:45:87:1e
09-01 14:42:52.318 V/bt_stack( 8588): [VERBOSE1:btm_ble_gap.cc(1923)] btm_ble_process_ext_adv_pkt: bda=38:f9:d3:45:87:1e
09-01 14:42:52.318 V/bt_stack( 8588): [VERBOSE1:btm_ble_gap.cc(1847)] btm_ble_process_adv_addr: bda=38:f9:d3:45:87:1e
09-01 14:42:52.318 D/BluetoothUtils( 8588): blockedByLocationOff callingUid=1002
09-01 14:42:52.318 I/BluetoothUtils( 8588): packagename is android.uid.bluetooth:1002 ,and its permission is false
09-01 14:42:52.318 D/BluetoothUtils( 8588): blockedByLocationOff callingUid=1002
09-01 14:42:52.319 I/BluetoothUtils( 8588): packagename is android.uid.bluetooth:1002 ,and its permission is false
09-01 14:42:52.319 D/BluetoothUtils( 8588): blockedByLocationOff callingUid=1002
09-01 14:42:52.319 I/BluetoothUtils( 8588): packagename is android.uid.bluetooth:1002 ,and its permission is false
09-01 14:42:52.350 V/bt_stack( 8588): [VERBOSE1:btm_ble_gap.cc(1923)] btm_ble_process_ext_adv_pkt: bda=d5:fe:ca:e3:d1:ce
09-01 14:42:52.350 V/bt_stack( 8588): [VERBOSE1:btm_ble_gap.cc(1847)] btm_ble_process_adv_addr: bda=d5:fe:ca:e3:d1:ce
09-01 14:42:52.350 V/bt_stack( 8588): [VERBOSE1:btm_ble_gap.cc(2052)]  Waiting for scan response d5:fe:ca:e3:d1:ce
09-01 14:42:52.350 V/bt_stack( 8588): [VERBOSE1:btm_ble_gap.cc(1923)] btm_ble_process_ext_adv_pkt: bda=63:53:07:fa:3c:f1
09-01 14:42:52.350 V/bt_stack( 8588): [VERBOSE1:btm_ble_gap.cc(1847)] btm_ble_process_adv_addr: bda=63:53:07:fa:3c:f1
09-01 14:42:52.350 V/bt_stack( 8588): [VERBOSE1:btm_ble_gap.cc(1923)] btm_ble_process_ext_adv_pkt: bda=1c:91:72:ba:f7:2e
09-01 14:42:52.350 V/bt_stack( 8588): [VERBOSE1:btm_ble_gap.cc(1847)] btm_ble_process_adv_addr: bda=1c:91:72:ba:f7:2e
09-01 14:42:52.351 D/BluetoothUtils( 8588): blockedByLocationOff callingUid=1002
09-01 14:42:52.351 I/BluetoothUtils( 8588): packagename is android.uid.bluetooth:1002 ,and its permission is false
09-01 14:42:52.351 D/BluetoothUtils( 8588): blockedByLocationOff callingUid=1002
09-01 14:42:52.351 I/BluetoothUtils( 8588): packagename is android.uid.bluetooth:1002 ,and its permission is false
09-01 14:42:52.352 D/BluetoothUtils( 8588): blockedByLocationOff callingUid=1002
09-01 14:42:52.352 I/BluetoothUtils( 8588): packagename is android.uid.bluetooth:1002 ,and its permission is false
09-01 14:42:52.352 V/bt_stack( 8588): [VERBOSE1:btm_ble_gap.cc(1923)] btm_ble_process_ext_adv_pkt: bda=00:35:64:83:a4:98
09-01 14:42:52.352 V/bt_stack( 8588): [VERBOSE1:btm_ble_gap.cc(1847)] btm_ble_process_adv_addr: bda=00:35:64:83:a4:98
09-01 14:42:52.352 D/BluetoothUtils( 8588): blockedByLocationOff callingUid=1002
09-01 14:42:52.353 I/BluetoothUtils( 8588): packagename is android.uid.bluetooth:1002 ,and its permission is false
09-01 14:42:52.353 D/BluetoothUtils( 8588): blockedByLocationOff callingUid=1002
09-01 14:42:52.353 I/BluetoothUtils( 8588): packagename is android.uid.bluetooth:1002 ,and its permission is false
09-01 14:42:52.353 D/BluetoothUtils( 8588): blockedByLocationOff callingUid=1002
09-01 14:42:52.353 I/BluetoothUtils( 8588): packagename is android.uid.bluetooth:1002 ,and its permission is false
09-01 14:42:52.354 D/BluetoothUtils( 8588): blockedByLocationOff callingUid=1002
09-01 14:42:52.354 I/BluetoothUtils( 8588): packagename is android.uid.bluetooth:1002 ,and its permission is false
09-01 14:42:52.354 D/BluetoothUtils( 8588): blockedByLocationOff callingUid=1002
09-01 14:42:52.354 I/BluetoothUtils( 8588): packagename is android.uid.bluetooth:1002 ,and its permission is false
09-01 14:42:52.354 D/BluetoothUtils( 8588): blockedByLocationOff callingUid=1002
09-01 14:42:52.354 I/BluetoothUtils( 8588): packagename is android.uid.bluetooth:1002 ,and its permission is false
09-01 14:42:52.357 V/bt_stack( 8588): [VERBOSE1:btm_ble_gap.cc(1923)] btm_ble_process_ext_adv_pkt: bda=03:d8:93:20:a7:46
09-01 14:42:52.357 V/bt_stack( 8588): [VERBOSE1:btm_ble_gap.cc(1847)] btm_ble_process_adv_addr: bda=03:d8:93:20:a7:46
09-01 14:42:52.358 D/BluetoothUtils( 8588): blockedByLocationOff callingUid=1002
09-01 14:42:52.358 I/BluetoothUtils( 8588): packagename is android.uid.bluetooth:1002 ,and its permission is false
09-01 14:42:52.358 D/BluetoothUtils( 8588): blockedByLocationOff callingUid=1002
09-01 14:42:52.358 I/BluetoothUtils( 8588): packagename is android.uid.bluetooth:1002 ,and its permission is false
09-01 14:42:52.358 D/BluetoothUtils( 8588): blockedByLocationOff callingUid=1002
09-01 14:42:52.358 I/BluetoothUtils( 8588): packagename is android.uid.bluetooth:1002 ,and its permission is false
09-01 14:42:52.366 V/bt_stack( 8588): [VERBOSE1:btm_ble_gap.cc(1923)] btm_ble_process_ext_adv_pkt: bda=7c:7c:58:d5:aa:e1
09-01 14:42:52.366 V/bt_stack( 8588): [VERBOSE1:btm_ble_gap.cc(1847)] btm_ble_process_adv_addr: bda=7c:7c:58:d5:aa:e1
09-01 14:42:52.367 V/bt_stack( 8588): [VERBOSE1:btm_ble_gap.cc(2052)]  Waiting for scan response 7c:7c:58:d5:aa:e1
09-01 14:42:52.368 V/bt_stack( 8588): [VERBOSE1:btm_ble_gap.cc(1923)] btm_ble_process_ext_adv_pkt: bda=78:e7:79:bd:c0:21
09-01 14:42:52.368 V/bt_stack( 8588): [VERBOSE1:btm_ble_gap.cc(1847)] btm_ble_process_adv_addr: bda=78:e7:79:bd:c0:21
09-01 14:42:52.368 V/bt_stack( 8588): [VERBOSE1:btm_ble_gap.cc(2052)]  Waiting for scan response 78:e7:79:bd:c0:21
09-01 14:42:52.369 V/bt_stack( 8588): [VERBOSE1:btm_ble_gap.cc(1923)] btm_ble_process_ext_adv_pkt: bda=6b:b4:0f:63:00:12
09-01 14:42:52.369 V/bt_stack( 8588): [VERBOSE1:btm_ble_gap.cc(1847)] btm_ble_process_adv_addr: bda=6b:b4:0f:63:00:12
09-01 14:42:52.369 V/bt_stack( 8588): [VERBOSE1:btm_ble_gap.cc(2052)]  Waiting for scan response 6b:b4:0f:63:00:12
09-01 14:42:52.370 V/bt_stack( 8588): [VERBOSE1:btm_ble_gap.cc(1923)] btm_ble_process_ext_adv_pkt: bda=6b:b4:0f:63:00:12
09-01 14:42:52.370 V/bt_stack( 8588): [VERBOSE1:btm_ble_gap.cc(1847)] btm_ble_process_adv_addr: bda=6b:b4:0f:63:00:12
09-01 14:42:52.371 D/BluetoothUtils( 8588): blockedByLocationOff callingUid=1002
09-01 14:42:52.371 I/BluetoothUtils( 8588): packagename is android.uid.bluetooth:1002 ,and its permission is false
09-01 14:42:52.371 D/BluetoothUtils( 8588): blockedByLocationOff callingUid=1002
09-01 14:42:52.371 I/BluetoothUtils( 8588): packagename is android.uid.bluetooth:1002 ,and its permission is false
09-01 14:42:52.372 D/BluetoothUtils( 8588): blockedByLocationOff callingUid=1002
09-01 14:42:52.372 I/BluetoothUtils( 8588): packagename is android.uid.bluetooth:1002 ,and its permission is false
09-01 14:42:52.379 V/bt_stack( 8588): [VERBOSE1:btm_ble_gap.cc(1923)] btm_ble_process_ext_adv_pkt: bda=c1:e5:1e:69:fb:26
09-01 14:42:52.379 V/bt_stack( 8588): [VERBOSE1:btm_ble_gap.cc(1847)] btm_ble_process_adv_addr: bda=c1:e5:1e:69:fb:26
09-01 14:42:52.379 V/bt_stack( 8588): [VERBOSE1:btm_ble_gap.cc(2052)]  Waiting for scan response c1:e5:1e:69:fb:26
09-01 14:42:52.379 V/bt_stack( 8588): [VERBOSE1:btm_ble_gap.cc(1923)] btm_ble_process_ext_adv_pkt: bda=01:f5:30:c0:9b:7a
09-01 14:42:52.379 V/bt_stack( 8588): [VERBOSE1:btm_ble_gap.cc(1847)] btm_ble_process_adv_addr: bda=01:f5:30:c0:9b:7a
09-01 14:42:52.380 D/BluetoothUtils( 8588): blockedByLocationOff callingUid=1002
09-01 14:42:52.380 I/BluetoothUtils( 8588): packagename is android.uid.bluetooth:1002 ,and its permission is false
09-01 14:42:52.380 D/BluetoothUtils( 8588): blockedByLocationOff callingUid=1002
09-01 14:42:52.380 I/BluetoothUtils( 8588): packagename is android.uid.bluetooth:1002 ,and its permission is false
09-01 14:42:52.380 D/BluetoothUtils( 8588): blockedByLocationOff callingUid=1002
09-01 14:42:52.380 I/BluetoothUtils( 8588): packagename is android.uid.bluetooth:1002 ,and its permission is false
09-01 14:42:52.385 V/bt_stack( 8588): [VERBOSE1:btm_ble_gap.cc(1923)] btm_ble_process_ext_adv_pkt: bda=1d:3e:e9:7a:79:4a
09-01 14:42:52.385 V/bt_stack( 8588): [VERBOSE1:btm_ble_gap.cc(1847)] btm_ble_process_adv_addr: bda=1d:3e:e9:7a:79:4a
09-01 14:42:52.386 D/BluetoothUtils( 8588): blockedByLocationOff callingUid=1002
09-01 14:42:52.387 I/BluetoothUtils( 8588): packagename is android.uid.bluetooth:1002 ,and its permission is false
09-01 14:42:52.387 D/BluetoothUtils( 8588): blockedByLocationOff callingUid=1002
09-01 14:42:52.387 I/BluetoothUtils( 8588): packagename is android.uid.bluetooth:1002 ,and its permission is false
09-01 14:42:52.387 D/BluetoothUtils( 8588): blockedByLocationOff callingUid=1002
09-01 14:42:52.387 I/BluetoothUtils( 8588): packagename is android.uid.bluetooth:1002 ,and its permission is false
09-01 14:42:52.391 V/bt_stack( 8588): [VERBOSE1:btm_ble_gap.cc(1923)] btm_ble_process_ext_adv_pkt: bda=0e:10:bb:c2:00:89
09-01 14:42:52.392 V/bt_stack( 8588): [VERBOSE1:btm_ble_gap.cc(1847)] btm_ble_process_adv_addr: bda=0e:10:bb:c2:00:89
09-01 14:42:52.393 D/BluetoothUtils( 8588): blockedByLocationOff callingUid=1002
09-01 14:42:52.394 I/BluetoothUtils( 8588): packagename is android.uid.bluetooth:1002 ,and its permission is false
09-01 14:42:52.394 D/BluetoothUtils( 8588): blockedByLocationOff callingUid=1002
09-01 14:42:52.394 I/BluetoothUtils( 8588): packagename is android.uid.bluetooth:1002 ,and its permission is false
09-01 14:42:52.394 D/BluetoothUtils( 8588): blockedByLocationOff callingUid=1002
09-01 14:42:52.394 I/BluetoothUtils( 8588): packagename is android.uid.bluetooth:1002 ,and its permission is false
09-01 14:42:52.408 V/bt_stack( 8588): [VERBOSE1:btm_ble_gap.cc(1923)] btm_ble_process_ext_adv_pkt: bda=7b:37:7f:df:22:35
09-01 14:42:52.408 V/bt_stack( 8588): [VERBOSE1:btm_ble_gap.cc(1847)] btm_ble_process_adv_addr: bda=7b:37:7f:df:22:35
09-01 14:42:52.408 V/bt_stack( 8588): [VERBOSE1:btm_ble_gap.cc(2052)]  Waiting for scan response 7b:37:7f:df:22:35
09-01 14:42:52.408 V/bt_stack( 8588): [VERBOSE1:btm_ble_gap.cc(1923)] btm_ble_process_ext_adv_pkt: bda=35:38:49:78:be:f0
09-01 14:42:52.408 V/bt_stack( 8588): [VERBOSE1:btm_ble_gap.cc(1847)] btm_ble_process_adv_addr: bda=35:38:49:78:be:f0
09-01 14:42:52.410 D/BluetoothUtils( 8588): blockedByLocationOff callingUid=1002
09-01 14:42:52.410 I/BluetoothUtils( 8588): packagename is android.uid.bluetooth:1002 ,and its permission is false
09-01 14:42:52.410 D/BluetoothUtils( 8588): blockedByLocationOff callingUid=1002
09-01 14:42:52.410 I/BluetoothUtils( 8588): packagename is android.uid.bluetooth:1002 ,and its permission is false
09-01 14:42:52.410 D/BluetoothUtils( 8588): blockedByLocationOff callingUid=1002
09-01 14:42:52.411 I/BluetoothUtils( 8588): packagename is android.uid.bluetooth:1002 ,and its permission is false
09-01 14:42:52.411 V/bt_stack( 8588): [VERBOSE1:btm_ble_gap.cc(1923)] btm_ble_process_ext_adv_pkt: bda=66:3e:07:e0:2b:d4
09-01 14:42:52.411 V/bt_stack( 8588): [VERBOSE1:btm_ble_gap.cc(1847)] btm_ble_process_adv_addr: bda=66:3e:07:e0:2b:d4
09-01 14:42:52.411 V/bt_stack( 8588): [VERBOSE1:btm_ble_gap.cc(2052)]  Waiting for scan response 66:3e:07:e0:2b:d4
09-01 14:42:52.411 V/bt_stack( 8588): [VERBOSE1:btm_ble_gap.cc(1923)] btm_ble_process_ext_adv_pkt: bda=66:3e:07:e0:2b:d4
09-01 14:42:52.411 V/bt_stack( 8588): [VERBOSE1:btm_ble_gap.cc(1847)] btm_ble_process_adv_addr: bda=66:3e:07:e0:2b:d4
09-01 14:42:52.412 D/BluetoothUtils( 8588): blockedByLocationOff callingUid=1002
09-01 14:42:52.412 I/BluetoothUtils( 8588): packagename is android.uid.bluetooth:1002 ,and its permission is false
09-01 14:42:52.412 D/BluetoothUtils( 8588): blockedByLocationOff callingUid=1002
09-01 14:42:52.413 I/BluetoothUtils( 8588): packagename is android.uid.bluetooth:1002 ,and its permission is false
09-01 14:42:52.413 D/BluetoothUtils( 8588): blockedByLocationOff callingUid=1002
09-01 14:42:52.413 I/BluetoothUtils( 8588): packagename is android.uid.bluetooth:1002 ,and its permission is false
09-01 14:42:52.414 V/bt_stack( 8588): [VERBOSE1:btm_ble_gap.cc(1923)] btm_ble_process_ext_adv_pkt: bda=70:33:97:a2:2a:78
09-01 14:42:52.414 V/bt_stack( 8588): [VERBOSE1:btm_ble_gap.cc(1847)] btm_ble_process_adv_addr: bda=70:33:97:a2:2a:78
09-01 14:42:52.414 V/bt_stack( 8588): [VERBOSE1:btm_ble_gap.cc(2052)]  Waiting for scan response 70:33:97:a2:2a:78
09-01 14:42:52.414 V/bt_stack( 8588): [VERBOSE1:btm_ble_gap.cc(1923)] btm_ble_process_ext_adv_pkt: bda=70:33:97:a2:2a:78
09-01 14:42:52.414 V/bt_stack( 8588): [VERBOSE1:btm_ble_gap.cc(1847)] btm_ble_process_adv_addr: bda=70:33:97:a2:2a:78
09-01 14:42:52.415 D/BluetoothUtils( 8588): blockedByLocationOff callingUid=1002
09-01 14:42:52.415 I/BluetoothUtils( 8588): packagename is android.uid.bluetooth:1002 ,and its permission is false
09-01 14:42:52.415 D/BluetoothUtils( 8588): blockedByLocationOff callingUid=1002
09-01 14:42:52.415 I/BluetoothUtils( 8588): packagename is android.uid.bluetooth:1002 ,and its permission is false
09-01 14:42:52.415 D/BluetoothUtils( 8588): blockedByLocationOff callingUid=1002
09-01 14:42:52.416 I/BluetoothUtils( 8588): packagename is android.uid.bluetooth:1002 ,and its permission is false
09-01 14:42:52.420 V/bt_stack( 8588): [VERBOSE1:btm_ble_gap.cc(1923)] btm_ble_process_ext_adv_pkt: bda=2c:09:3e:94:80:f3
09-01 14:42:52.420 V/bt_stack( 8588): [VERBOSE1:btm_ble_gap.cc(1847)] btm_ble_process_adv_addr: bda=2c:09:3e:94:80:f3
09-01 14:42:52.421 D/BluetoothUtils( 8588): blockedByLocationOff callingUid=1002
09-01 14:42:52.421 I/BluetoothUtils( 8588): packagename is android.uid.bluetooth:1002 ,and its permission is false
09-01 14:42:52.421 D/BluetoothUtils( 8588): blockedByLocationOff callingUid=1002
09-01 14:42:52.421 I/BluetoothUtils( 8588): packagename is android.uid.bluetooth:1002 ,and its permission is false
09-01 14:42:52.422 D/BluetoothUtils( 8588): blockedByLocationOff callingUid=1002
09-01 14:42:52.422 I/BluetoothUtils( 8588): packagename is android.uid.bluetooth:1002 ,and its permission is false
09-01 14:42:52.445 V/bt_stack( 8588): [VERBOSE1:btm_ble_gap.cc(1923)] btm_ble_process_ext_adv_pkt: bda=51:d1:5c:e7:f2:93
09-01 14:42:52.445 V/bt_stack( 8588): [VERBOSE1:btm_ble_gap.cc(1847)] btm_ble_process_adv_addr: bda=51:d1:5c:e7:f2:93
09-01 14:42:52.445 V/bt_stack( 8588): [VERBOSE1:btm_ble_gap.cc(2052)]  Waiting for scan response 51:d1:5c:e7:f2:93
