09-01 14:42:53.510 I/BluetoothUtils( 8588): packagename is android.uid.bluetooth:1002 ,and its permission is false
09-01 14:42:53.510 V/bt_stack( 8588): [VERBOSE1:btm_ble_gap.cc(1923)] btm_ble_process_ext_adv_pkt: bda=66:3e:07:e0:2b:d4
09-01 14:42:53.510 V/bt_stack( 8588): [VERBOSE1:btm_ble_gap.cc(1847)] btm_ble_process_adv_addr: bda=66:3e:07:e0:2b:d4
09-01 14:42:53.511 V/bt_stack( 8588): [VERBOSE1:btm_ble_gap.cc(2052)]  Waiting for scan response 66:3e:07:e0:2b:d4
09-01 14:42:53.511 V/bt_stack( 8588): [VERBOSE1:btm_ble_gap.cc(1923)] btm_ble_process_ext_adv_pkt: bda=66:3e:07:e0:2b:d4
09-01 14:42:53.511 V/bt_stack( 8588): [VERBOSE1:btm_ble_gap.cc(1847)] btm_ble_process_adv_addr: bda=66:3e:07:e0:2b:d4
09-01 14:42:53.511 D/BluetoothUtils( 8588): blockedByLocationOff callingUid=1002
09-01 14:42:53.511 I/BluetoothUtils( 8588): packagename is android.uid.bluetooth:1002 ,and its permission is false
09-01 14:42:53.511 D/BluetoothUtils( 8588): blockedByLocationOff callingUid=1002
09-01 14:42:53.512 I/BluetoothUtils( 8588): packagename is android.uid.bluetooth:1002 ,and its permission is false
09-01 14:42:53.512 D/BluetoothUtils( 8588): blockedByLocationOff callingUid=1002
09-01 14:42:53.512 I/BluetoothUtils( 8588): packagename is android.uid.bluetooth:1002 ,and its permission is false
09-01 14:42:53.514 V/bt_stack( 8588): [VERBOSE1:btm_ble_gap.cc(1923)] btm_ble_process_ext_adv_pkt: bda=24:36:26:fc:bf:e5
09-01 14:42:53.514 V/bt_stack( 8588): [VERBOSE1:btm_ble_gap.cc(1847)] btm_ble_process_adv_addr: bda=24:36:26:fc:bf:e5
09-01 14:42:53.515 V/bt_stack( 8588): [VERBOSE1:btm_ble_gap.cc(1923)] btm_ble_process_ext_adv_pkt: bda=03:d8:93:20:a7:46
09-01 14:42:53.515 V/bt_stack( 8588): [VERBOSE1:btm_ble_gap.cc(1847)] btm_ble_process_adv_addr: bda=03:d8:93:20:a7:46
09-01 14:42:53.516 D/BluetoothUtils( 8588): blockedByLocationOff callingUid=1002
09-01 14:42:53.516 I/BluetoothUtils( 8588): packagename is android.uid.bluetooth:1002 ,and its permission is false
09-01 14:42:53.516 D/BluetoothUtils( 8588): blockedByLocationOff callingUid=1002
09-01 14:42:53.516 I/BluetoothUtils( 8588): packagename is android.uid.bluetooth:1002 ,and its permission is false
09-01 14:42:53.516 D/BluetoothUtils( 8588): blockedByLocationOff callingUid=1002
09-01 14:42:53.517 I/BluetoothUtils( 8588): packagename is android.uid.bluetooth:1002 ,and its permission is false
09-01 14:42:53.517 D/BluetoothUtils( 8588): blockedByLocationOff callingUid=1002
09-01 14:42:53.517 I/BluetoothUtils( 8588): packagename is android.uid.bluetooth:1002 ,and its permission is false
09-01 14:42:53.517 D/BluetoothUtils( 8588): blockedByLocationOff callingUid=1002
09-01 14:42:53.518 I/BluetoothUtils( 8588): packagename is android.uid.bluetooth:1002 ,and its permission is false
09-01 14:42:53.518 D/BluetoothUtils( 8588): blockedByLocationOff callingUid=1002
09-01 14:42:53.518 I/BluetoothUtils( 8588): packagename is android.uid.bluetooth:1002 ,and its permission is false
09-01 14:42:53.522 V/bt_stack( 8588): [VERBOSE1:btm_ble_gap.cc(1923)] btm_ble_process_ext_adv_pkt: bda=30:31:51:23:9b:e3
09-01 14:42:53.523 V/bt_stack( 8588): [VERBOSE1:btm_ble_gap.cc(1847)] btm_ble_process_adv_addr: bda=30:31:51:23:9b:e3
09-01 14:42:53.524 D/BluetoothUtils( 8588): blockedByLocationOff callingUid=1002
09-01 14:42:53.524 I/BluetoothUtils( 8588): packagename is android.uid.bluetooth:1002 ,and its permission is false
09-01 14:42:53.524 D/BluetoothUtils( 8588): blockedByLocationOff callingUid=1002
09-01 14:42:53.524 I/BluetoothUtils( 8588): packagename is android.uid.bluetooth:1002 ,and its permission is false
09-01 14:42:53.524 D/BluetoothUtils( 8588): blockedByLocationOff callingUid=1002
09-01 14:42:53.525 I/BluetoothUtils( 8588): packagename is android.uid.bluetooth:1002 ,and its permission is false
09-01 14:42:53.530 V/bt_stack( 8588): [VERBOSE1:btm_ble_gap.cc(1923)] btm_ble_process_ext_adv_pkt: bda=01:f5:30:c0:9b:7a
09-01 14:42:53.530 V/bt_stack( 8588): [VERBOSE1:btm_ble_gap.cc(1847)] btm_ble_process_adv_addr: bda=01:f5:30:c0:9b:7a
09-01 14:42:53.531 D/BluetoothUtils( 8588): blockedByLocationOff callingUid=1002
09-01 14:42:53.532 I/BluetoothUtils( 8588): packagename is android.uid.bluetooth:1002 ,and its permission is false
09-01 14:42:53.532 D/BluetoothUtils( 8588): blockedByLocationOff callingUid=1002
09-01 14:42:53.532 I/BluetoothUtils( 8588): packagename is android.uid.bluetooth:1002 ,and its permission is false
09-01 14:42:53.532 D/BluetoothUtils( 8588): blockedByLocationOff callingUid=1002
09-01 14:42:53.533 I/BluetoothUtils( 8588): packagename is android.uid.bluetooth:1002 ,and its permission is false
09-01 14:42:53.541 I//system/vendor/bin/mi_thermald( 1070): thermal_cpu_set_level: set cpu freq of cpu4 to 1804800
09-01 14:42:53.542 V/bt_stack( 8588): [VERBOSE1:btm_ble_gap.cc(1923)] btm_ble_process_ext_adv_pkt: bda=59:42:c0:da:6b:7b
09-01 14:42:53.542 V/bt_stack( 8588): [VERBOSE1:btm_ble_gap.cc(1847)] btm_ble_process_adv_addr: bda=59:42:c0:da:6b:7b
09-01 14:42:53.542 V/bt_stack( 8588): [VERBOSE1:btm_ble_gap.cc(2052)]  Waiting for scan response 59:42:c0:da:6b:7b
09-01 14:42:53.542 V/bt_stack( 8588): [VERBOSE1:btm_ble_gap.cc(1923)] btm_ble_process_ext_adv_pkt: bda=05:18:f1:4b:2c:d4
09-01 14:42:53.542 V/bt_stack( 8588): [VERBOSE1:btm_ble_gap.cc(1847)] btm_ble_process_adv_addr: bda=05:18:f1:4b:2c:d4
09-01 14:42:53.544 D/BluetoothUtils( 8588): blockedByLocationOff callingUid=1002
09-01 14:42:53.544 I/BluetoothUtils( 8588): packagename is android.uid.bluetooth:1002 ,and its permission is false
09-01 14:42:53.544 D/BluetoothUtils( 8588): blockedByLocationOff callingUid=1002
09-01 14:42:53.544 I/BluetoothUtils( 8588): packagename is android.uid.bluetooth:1002 ,and its permission is false
09-01 14:42:53.545 D/BluetoothUtils( 8588): blockedByLocationOff callingUid=1002
09-01 14:42:53.545 I/BluetoothUtils( 8588): packagename is android.uid.bluetooth:1002 ,and its permission is false
09-01 14:42:53.548 V/bt_stack( 8588): [VERBOSE1:btm_ble_gap.cc(1923)] btm_ble_process_ext_adv_pkt: bda=44:73:b6:51:63:17
09-01 14:42:53.548 V/bt_stack( 8588): [VERBOSE1:btm_ble_gap.cc(1847)] btm_ble_process_adv_addr: bda=44:73:b6:51:63:17
09-01 14:42:53.548 V/bt_stack( 8588): [VERBOSE1:btm_ble_gap.cc(2052)]  Waiting for scan response 44:73:b6:51:63:17
09-01 14:42:53.548 V/bt_stack( 8588): [VERBOSE1:btm_ble_gap.cc(1923)] btm_ble_process_ext_adv_pkt: bda=05:d9:72:f7:0f:69
09-01 14:42:53.548 V/bt_stack( 8588): [VERBOSE1:btm_ble_gap.cc(1847)] btm_ble_process_adv_addr: bda=05:d9:72:f7:0f:69
09-01 14:42:53.549 D/BluetoothUtils( 8588): blockedByLocationOff callingUid=1002
09-01 14:42:53.550 I/BluetoothUtils( 8588): packagename is android.uid.bluetooth:1002 ,and its permission is false
09-01 14:42:53.550 D/BluetoothUtils( 8588): blockedByLocationOff callingUid=1002
09-01 14:42:53.550 I/BluetoothUtils( 8588): packagename is android.uid.bluetooth:1002 ,and its permission is false
09-01 14:42:53.550 D/BluetoothUtils( 8588): blockedByLocationOff callingUid=1002
09-01 14:42:53.551 I/BluetoothUtils( 8588): packagename is android.uid.bluetooth:1002 ,and its permission is false
09-01 14:42:53.555 V/bt_stack( 8588): [VERBOSE1:btm_ble_gap.cc(1923)] btm_ble_process_ext_adv_pkt: bda=38:a9:e2:54:94:54
09-01 14:42:53.555 V/bt_stack( 8588): [VERBOSE1:btm_ble_gap.cc(1847)] btm_ble_process_adv_addr: bda=38:a9:e2:54:94:54
09-01 14:42:53.556 D/BluetoothUtils( 8588): blockedByLocationOff callingUid=1002
09-01 14:42:53.556 I/BluetoothUtils( 8588): packagename is android.uid.bluetooth:1002 ,and its permission is false
09-01 14:42:53.556 D/BluetoothUtils( 8588): blockedByLocationOff callingUid=1002
09-01 14:42:53.557 I/BluetoothUtils( 8588): packagename is android.uid.bluetooth:1002 ,and its permission is false
09-01 14:42:53.557 D/BluetoothUtils( 8588): blockedByLocationOff callingUid=1002
09-01 14:42:53.557 I/BluetoothUtils( 8588): packagename is android.uid.bluetooth:1002 ,and its permission is false
09-01 14:42:53.562 V/bt_stack( 8588): [VERBOSE1:btm_ble_gap.cc(1923)] btm_ble_process_ext_adv_pkt: bda=44:ca:73:cc:df:42
09-01 14:42:53.562 V/bt_stack( 8588): [VERBOSE1:btm_ble_gap.cc(1847)] btm_ble_process_adv_addr: bda=44:ca:73:cc:df:42
09-01 14:42:53.563 V/bt_stack( 8588): [VERBOSE1:btm_ble_gap.cc(2052)]  Waiting for scan response 44:ca:73:cc:df:42
09-01 14:42:53.563 V/bt_stack( 8588): [VERBOSE1:btm_ble_gap.cc(1923)] btm_ble_process_ext_adv_pkt: bda=44:ca:73:cc:df:42
09-01 14:42:53.563 V/bt_stack( 8588): [VERBOSE1:btm_ble_gap.cc(1847)] btm_ble_process_adv_addr: bda=44:ca:73:cc:df:42
09-01 14:42:53.564 D/BluetoothUtils( 8588): blockedByLocationOff callingUid=1002
09-01 14:42:53.564 I/BluetoothUtils( 8588): packagename is android.uid.bluetooth:1002 ,and its permission is false
09-01 14:42:53.564 D/BluetoothUtils( 8588): blockedByLocationOff callingUid=1002
09-01 14:42:53.565 I/BluetoothUtils( 8588): packagename is android.uid.bluetooth:1002 ,and its permission is false
09-01 14:42:53.565 D/BluetoothUtils( 8588): blockedByLocationOff callingUid=1002
09-01 14:42:53.565 I/BluetoothUtils( 8588): packagename is android.uid.bluetooth:1002 ,and its permission is false
09-01 14:42:53.577 V/bt_stack( 8588): [VERBOSE1:btm_ble_gap.cc(1923)] btm_ble_process_ext_adv_pkt: bda=56:e4:da:79:d5:88
09-01 14:42:53.577 V/bt_stack( 8588): [VERBOSE1:btm_ble_gap.cc(1847)] btm_ble_process_adv_addr: bda=56:e4:da:79:d5:88
09-01 14:42:53.577 V/bt_stack( 8588): [VERBOSE1:btm_ble_gap.cc(2052)]  Waiting for scan response 56:e4:da:79:d5:88
09-01 14:42:53.577 V/bt_stack( 8588): [VERBOSE1:btm_ble_gap.cc(1923)] btm_ble_process_ext_adv_pkt: bda=2c:09:3e:94:80:f3
09-01 14:42:53.577 V/bt_stack( 8588): [VERBOSE1:btm_ble_gap.cc(1847)] btm_ble_process_adv_addr: bda=2c:09:3e:94:80:f3
09-01 14:42:53.579 D/BluetoothUtils( 8588): blockedByLocationOff callingUid=1002
09-01 14:42:53.579 I/BluetoothUtils( 8588): packagename is android.uid.bluetooth:1002 ,and its permission is false
09-01 14:42:53.579 D/BluetoothUtils( 8588): blockedByLocationOff callingUid=1002
09-01 14:42:53.579 I/BluetoothUtils( 8588): packagename is android.uid.bluetooth:1002 ,and its permission is false
09-01 14:42:53.579 D/BluetoothUtils( 8588): blockedByLocationOff callingUid=1002
09-01 14:42:53.580 I/BluetoothUtils( 8588): packagename is android.uid.bluetooth:1002 ,and its permission is false
09-01 14:42:53.586 V/bt_stack( 8588): [VERBOSE1:btm_ble_gap.cc(1923)] btm_ble_process_ext_adv_pkt: bda=15:60:5f:ab:4f:6e
09-01 14:42:53.586 V/bt_stack( 8588): [VERBOSE1:btm_ble_gap.cc(1847)] btm_ble_process_adv_addr: bda=15:60:5f:ab:4f:6e
09-01 14:42:53.587 D/BluetoothUtils( 8588): blockedByLocationOff callingUid=1002
09-01 14:42:53.588 I/BluetoothUtils( 8588): packagename is android.uid.bluetooth:1002 ,and its permission is false
09-01 14:42:53.588 D/BluetoothUtils( 8588): blockedByLocationOff callingUid=1002
09-01 14:42:53.588 V/bt_stack( 8588): [VERBOSE1:btm_ble_gap.cc(1923)] btm_ble_process_ext_adv_pkt: bda=00:35:64:83:a4:98
09-01 14:42:53.588 V/bt_stack( 8588): [VERBOSE1:btm_ble_gap.cc(1847)] btm_ble_process_adv_addr: bda=00:35:64:83:a4:98
09-01 14:42:53.588 I/BluetoothUtils( 8588): packagename is android.uid.bluetooth:1002 ,and its permission is false
09-01 14:42:53.588 D/BluetoothUtils( 8588): blockedByLocationOff callingUid=1002
09-01 14:42:53.589 I/BluetoothUtils( 8588): packagename is android.uid.bluetooth:1002 ,and its permission is false
09-01 14:42:53.589 V/bt_stack( 8588): [VERBOSE1:btm_ble_gap.cc(1923)] btm_ble_process_ext_adv_pkt: bda=0c:39:e9:d5:de:20
09-01 14:42:53.589 V/bt_stack( 8588): [VERBOSE1:btm_ble_gap.cc(1847)] btm_ble_process_adv_addr: bda=0c:39:e9:d5:de:20
09-01 14:42:53.589 D/BluetoothUtils( 8588): blockedByLocationOff callingUid=1002
09-01 14:42:53.590 I/BluetoothUtils( 8588): packagename is android.uid.bluetooth:1002 ,and its permission is false
09-01 14:42:53.590 D/BluetoothUtils( 8588): blockedByLocationOff callingUid=1002
09-01 14:42:53.590 I/BluetoothUtils( 8588): packagename is android.uid.bluetooth:1002 ,and its permission is false
09-01 14:42:53.590 D/BluetoothUtils( 8588): blockedByLocationOff callingUid=1002
09-01 14:42:53.590 I/BluetoothUtils( 8588): packagename is android.uid.bluetooth:1002 ,and its permission is false
09-01 14:42:53.591 D/BluetoothUtils( 8588): blockedByLocationOff callingUid=1002
09-01 14:42:53.592 I/BluetoothUtils( 8588): packagename is android.uid.bluetooth:1002 ,and its permission is false
09-01 14:42:53.592 D/BluetoothUtils( 8588): blockedByLocationOff callingUid=1002
09-01 14:42:53.592 I/BluetoothUtils( 8588): packagename is android.uid.bluetooth:1002 ,and its permission is false
09-01 14:42:53.592 D/BluetoothUtils( 8588): blockedByLocationOff callingUid=1002
09-01 14:42:53.592 I/BluetoothUtils( 8588): packagename is android.uid.bluetooth:1002 ,and its permission is false
09-01 14:42:53.593 V/bt_stack( 8588): [VERBOSE1:btm_ble_gap.cc(1923)] btm_ble_process_ext_adv_pkt: bda=63:53:07:fa:3c:f1
09-01 14:42:53.593 V/bt_stack( 8588): [VERBOSE1:btm_ble_gap.cc(1847)] btm_ble_process_adv_addr: bda=63:53:07:fa:3c:f1
09-01 14:42:53.594 D/BluetoothUtils( 8588): blockedByLocationOff callingUid=1002
09-01 14:42:53.595 I/BluetoothUtils( 8588): packagename is android.uid.bluetooth:1002 ,and its permission is false
09-01 14:42:53.595 D/BluetoothUtils( 8588): blockedByLocationOff callingUid=1002
09-01 14:42:53.595 I/BluetoothUtils( 8588): packagename is android.uid.bluetooth:1002 ,and its permission is false
09-01 14:42:53.595 D/BluetoothUtils( 8588): blockedByLocationOff callingUid=1002
09-01 14:42:53.596 I/BluetoothUtils( 8588): packagename is android.uid.bluetooth:1002 ,and its permission is false
09-01 14:42:53.604 V/bt_stack( 8588): [VERBOSE1:btm_ble_gap.cc(1923)] btm_ble_process_ext_adv_pkt: bda=06:fa:50:9b:39:c0
09-01 14:42:53.604 V/bt_stack( 8588): [VERBOSE1:btm_ble_gap.cc(1847)] btm_ble_process_adv_addr: bda=06:fa:50:9b:39:c0
09-01 14:42:53.605 D/BluetoothUtils( 8588): blockedByLocationOff callingUid=1002
09-01 14:42:53.606 V/bt_stack( 8588): [VERBOSE1:btm_ble_gap.cc(1923)] btm_ble_process_ext_adv_pkt: bda=35:45:bf:2c:e1:03
09-01 14:42:53.606 I/BluetoothUtils( 8588): packagename is android.uid.bluetooth:1002 ,and its permission is false
09-01 14:42:53.606 V/bt_stack( 8588): [VERBOSE1:btm_ble_gap.cc(1847)] btm_ble_process_adv_addr: bda=35:45:bf:2c:e1:03
09-01 14:42:53.606 D/BluetoothUtils( 8588): blockedByLocationOff callingUid=1002
09-01 14:42:53.606 I/BluetoothUtils( 8588): packagename is android.uid.bluetooth:1002 ,and its permission is false
09-01 14:42:53.606 D/BluetoothUtils( 8588): blockedByLocationOff callingUid=1002
09-01 14:42:53.607 I/BluetoothUtils( 8588): packagename is android.uid.bluetooth:1002 ,and its permission is false
09-01 14:42:53.608 D/BluetoothUtils( 8588): blockedByLocationOff callingUid=1002
09-01 14:42:53.608 I/BluetoothUtils( 8588): packagename is android.uid.bluetooth:1002 ,and its permission is false
09-01 14:42:53.608 D/BluetoothUtils( 8588): blockedByLocationOff callingUid=1002
09-01 14:42:53.608 V/bt_stack( 8588): [VERBOSE1:btm_ble_gap.cc(1923)] btm_ble_process_ext_adv_pkt: bda=1c:91:72:ba:f7:2e
09-01 14:42:53.608 V/bt_stack( 8588): [VERBOSE1:btm_ble_gap.cc(1847)] btm_ble_process_adv_addr: bda=1c:91:72:ba:f7:2e
09-01 14:42:53.608 I/BluetoothUtils( 8588): packagename is android.uid.bluetooth:1002 ,and its permission is false
09-01 14:42:53.609 D/BluetoothUtils( 8588): blockedByLocationOff callingUid=1002
09-01 14:42:53.609 I/BluetoothUtils( 8588): packagename is android.uid.bluetooth:1002 ,and its permission is false
09-01 14:42:53.609 V/bt_stack( 8588): [VERBOSE1:btm_ble_gap.cc(1923)] btm_ble_process_ext_adv_pkt: bda=59:f7:61:0b:a3:40
09-01 14:42:53.609 V/bt_stack( 8588): [VERBOSE1:btm_ble_gap.cc(1847)] btm_ble_process_adv_addr: bda=59:f7:61:0b:a3:40
09-01 14:42:53.610 D/BluetoothUtils( 8588): blockedByLocationOff callingUid=1002
09-01 14:42:53.610 I/BluetoothUtils( 8588): packagename is android.uid.bluetooth:1002 ,and its permission is false
09-01 14:42:53.610 D/BluetoothUtils( 8588): blockedByLocationOff callingUid=1002
09-01 14:42:53.610 I/BluetoothUtils( 8588): packagename is android.uid.bluetooth:1002 ,and its permission is false
09-01 14:42:53.610 D/BluetoothUtils( 8588): blockedByLocationOff callingUid=1002
09-01 14:42:53.611 I/BluetoothUtils( 8588): packagename is android.uid.bluetooth:1002 ,and its permission is false
09-01 14:42:53.611 D/BluetoothUtils( 8588): blockedByLocationOff callingUid=1002
09-01 14:42:53.612 I/BluetoothUtils( 8588): packagename is android.uid.bluetooth:1002 ,and its permission is false
09-01 14:42:53.612 D/BluetoothUtils( 8588): blockedByLocationOff callingUid=1002
09-01 14:42:53.612 I/BluetoothUtils( 8588): packagename is android.uid.bluetooth:1002 ,and its permission is false
09-01 14:42:53.612 D/BluetoothUtils( 8588): blockedByLocationOff callingUid=1002
09-01 14:42:53.612 I/BluetoothUtils( 8588): packagename is android.uid.bluetooth:1002 ,and its permission is false
09-01 14:42:53.621 V/bt_stack( 8588): [VERBOSE1:btm_ble_gap.cc(1923)] btm_ble_process_ext_adv_pkt: bda=03:d8:93:20:a7:46
09-01 14:42:53.621 V/bt_stack( 8588): [VERBOSE1:btm_ble_gap.cc(1847)] btm_ble_process_adv_addr: bda=03:d8:93:20:a7:46
09-01 14:42:53.623 D/BluetoothUtils( 8588): blockedByLocationOff callingUid=1002
09-01 14:42:53.623 I/BluetoothUtils( 8588): packagename is android.uid.bluetooth:1002 ,and its permission is false
09-01 14:42:53.623 D/BluetoothUtils( 8588): blockedByLocationOff callingUid=1002
09-01 14:42:53.624 V/bt_stack( 8588): [VERBOSE1:btm_ble_gap.cc(1923)] btm_ble_process_ext_adv_pkt: bda=30:31:51:23:9b:e3
09-01 14:42:53.624 V/bt_stack( 8588): [VERBOSE1:btm_ble_gap.cc(1847)] btm_ble_process_adv_addr: bda=30:31:51:23:9b:e3
09-01 14:42:53.624 I/BluetoothUtils( 8588): packagename is android.uid.bluetooth:1002 ,and its permission is false
09-01 14:42:53.624 D/BluetoothUtils( 8588): blockedByLocationOff callingUid=1002
09-01 14:42:53.624 I/BluetoothUtils( 8588): packagename is android.uid.bluetooth:1002 ,and its permission is false
09-01 14:42:53.625 D/BluetoothUtils( 8588): blockedByLocationOff callingUid=1002
09-01 14:42:53.625 I/vendor.qti.bluetooth@1.0-ibs_handler(19843): DeviceSleep: TX Awake, Sending SLEEP_IND
09-01 14:42:53.626 I/BluetoothUtils( 8588): packagename is android.uid.bluetooth:1002 ,and its permission is false
09-01 14:42:53.626 V/bt_stack( 8588): [VERBOSE1:btm_ble_gap.cc(1923)] btm_ble_process_ext_adv_pkt: bda=38:f9:d3:45:87:1e
09-01 14:42:53.626 D/BluetoothUtils( 8588): blockedByLocationOff callingUid=1002
09-01 14:42:53.626 V/bt_stack( 8588): [VERBOSE1:btm_ble_gap.cc(1847)] btm_ble_process_adv_addr: bda=38:f9:d3:45:87:1e
09-01 14:42:53.626 V/bt_stack( 8588): [VERBOSE1:btm_ble_gap.cc(2052)]  Waiting for scan response 38:f9:d3:45:87:1e
09-01 14:42:53.626 V/bt_stack( 8588): [VERBOSE1:btm_ble_gap.cc(1923)] btm_ble_process_ext_adv_pkt: bda=38:f9:d3:45:87:1e
09-01 14:42:53.626 V/bt_stack( 8588): [VERBOSE1:btm_ble_gap.cc(1847)] btm_ble_process_adv_addr: bda=38:f9:d3:45:87:1e
09-01 14:42:53.626 I/BluetoothUtils( 8588): packagename is android.uid.bluetooth:1002 ,and its permission is false
09-01 14:42:53.627 D/BluetoothUtils( 8588): blockedByLocationOff callingUid=1002
09-01 14:42:53.627 V/bt_stack( 8588): [VERBOSE1:btm_ble_gap.cc(1923)] btm_ble_process_ext_adv_pkt: bda=04:1e:5d:a8:7c:db
09-01 14:42:53.627 I/BluetoothUtils( 8588): packagename is android.uid.bluetooth:1002 ,and its permission is false
09-01 14:42:53.627 V/bt_stack( 8588): [VERBOSE1:btm_ble_gap.cc(1847)] btm_ble_process_adv_addr: bda=04:1e:5d:a8:7c:db
09-01 14:42:53.627 D/BluetoothUtils( 8588): blockedByLocationOff callingUid=1002
09-01 14:42:53.628 I/BluetoothUtils( 8588): packagename is android.uid.bluetooth:1002 ,and its permission is false
09-01 14:42:53.628 D/BluetoothUtils( 8588): blockedByLocationOff callingUid=1002
09-01 14:42:53.628 I/BluetoothUtils( 8588): packagename is android.uid.bluetooth:1002 ,and its permission is false
09-01 14:42:53.628 D/BluetoothUtils( 8588): blockedByLocationOff callingUid=1002
09-01 14:42:53.628 I/BluetoothUtils( 8588): packagename is android.uid.bluetooth:1002 ,and its permission is false
09-01 14:42:53.629 D/BluetoothUtils( 8588): blockedByLocationOff callingUid=1002
09-01 14:42:53.629 I/BluetoothUtils( 8588): packagename is android.uid.bluetooth:1002 ,and its permission is false
09-01 14:42:53.629 D/BluetoothUtils( 8588): blockedByLocationOff callingUid=1002
09-01 14:42:53.630 I/BluetoothUtils( 8588): packagename is android.uid.bluetooth:1002 ,and its permission is false
09-01 14:42:53.630 D/BluetoothUtils( 8588): blockedByLocationOff callingUid=1002
09-01 14:42:53.630 I/BluetoothUtils( 8588): packagename is android.uid.bluetooth:1002 ,and its permission is false
09-01 14:42:53.635 V/bt_stack( 8588): [VERBOSE1:btm_ble_gap.cc(1923)] btm_ble_process_ext_adv_pkt: bda=75:55:30:69:5d:bf
09-01 14:42:53.635 V/bt_stack( 8588): [VERBOSE1:btm_ble_gap.cc(1847)] btm_ble_process_adv_addr: bda=75:55:30:69:5d:bf
09-01 14:42:53.635 V/bt_stack( 8588): [VERBOSE1:btm_ble_gap.cc(2052)]  Waiting for scan response 75:55:30:69:5d:bf
09-01 14:42:53.635 V/bt_stack( 8588): [VERBOSE1:btm_ble_gap.cc(1923)] btm_ble_process_ext_adv_pkt: bda=01:f5:30:c0:9b:7a
09-01 14:42:53.635 V/bt_stack( 8588): [VERBOSE1:btm_ble_gap.cc(1847)] btm_ble_process_adv_addr: bda=01:f5:30:c0:9b:7a
09-01 14:42:53.636 D/BluetoothUtils( 8588): blockedByLocationOff callingUid=1002
09-01 14:42:53.636 I/BluetoothUtils( 8588): packagename is android.uid.bluetooth:1002 ,and its permission is false
09-01 14:42:53.637 D/BluetoothUtils( 8588): blockedByLocationOff callingUid=1002
09-01 14:42:53.637 I/BluetoothUtils( 8588): packagename is android.uid.bluetooth:1002 ,and its permission is false
09-01 14:42:53.637 D/BluetoothUtils( 8588): blockedByLocationOff callingUid=1002
09-01 14:42:53.637 I/BluetoothUtils( 8588): packagename is android.uid.bluetooth:1002 ,and its permission is false
09-01 14:42:53.638 V/bt_stack( 8588): [VERBOSE1:btm_ble_gap.cc(1923)] btm_ble_process_ext_adv_pkt: bda=59:ea:73:03:7b:dc
09-01 14:42:53.638 V/bt_stack( 8588): [VERBOSE1:btm_ble_gap.cc(1847)] btm_ble_process_adv_addr: bda=59:ea:73:03:7b:dc
09-01 14:42:53.639 D/BluetoothUtils( 8588): blockedByLocationOff callingUid=1002
09-01 14:42:53.639 I/BluetoothUtils( 8588): packagename is android.uid.bluetooth:1002 ,and its permission is false
09-01 14:42:53.639 D/BluetoothUtils( 8588): blockedByLocationOff callingUid=1002
09-01 14:42:53.639 I/BluetoothUtils( 8588): packagename is android.uid.bluetooth:1002 ,and its permission is false
09-01 14:42:53.639 D/BluetoothUtils( 8588): blockedByLocationOff callingUid=1002
09-01 14:42:53.640 I/BluetoothUtils( 8588): packagename is android.uid.bluetooth:1002 ,and its permission is false
09-01 14:42:53.651 V/bt_stack( 8588): [VERBOSE1:btm_ble_gap.cc(1923)] btm_ble_process_ext_adv_pkt: bda=05:18:f1:4b:2c:d4
09-01 14:42:53.651 V/bt_stack( 8588): [VERBOSE1:btm_ble_gap.cc(1847)] btm_ble_process_adv_addr: bda=05:18:f1:4b:2c:d4
09-01 14:42:53.652 D/BluetoothUtils( 8588): blockedByLocationOff callingUid=1002
09-01 14:42:53.652 I/BluetoothUtils( 8588): packagename is android.uid.bluetooth:1002 ,and its permission is false
09-01 14:42:53.652 D/BluetoothUtils( 8588): blockedByLocationOff callingUid=1002
09-01 14:42:53.653 I/BluetoothUtils( 8588): packagename is android.uid.bluetooth:1002 ,and its permission is false
09-01 14:42:53.653 D/BluetoothUtils( 8588): blockedByLocationOff callingUid=1002
09-01 14:42:53.653 V/bt_stack( 8588): [VERBOSE1:btm_ble_gap.cc(1923)] btm_ble_process_ext_adv_pkt: bda=05:d9:72:f7:0f:69
09-01 14:42:53.653 V/bt_stack( 8588): [VERBOSE1:btm_ble_gap.cc(1847)] btm_ble_process_adv_addr: bda=05:d9:72:f7:0f:69
09-01 14:42:53.653 I/BluetoothUtils( 8588): packagename is android.uid.bluetooth:1002 ,and its permission is false
09-01 14:42:53.654 D/BluetoothUtils( 8588): blockedByLocationOff callingUid=1002
09-01 14:42:53.654 I/BluetoothUtils( 8588): packagename is android.uid.bluetooth:1002 ,and its permission is false
09-01 14:42:53.654 D/BluetoothUtils( 8588): blockedByLocationOff callingUid=1002
09-01 14:42:53.655 I/BluetoothUtils( 8588): packagename is android.uid.bluetooth:1002 ,and its permission is false
09-01 14:42:53.655 D/BluetoothUtils( 8588): blockedByLocationOff callingUid=1002
09-01 14:42:53.655 I/BluetoothUtils( 8588): packagename is android.uid.bluetooth:1002 ,and its permission is false
09-01 14:42:53.656 V/bt_stack( 8588): [VERBOSE1:btm_ble_gap.cc(1923)] btm_ble_process_ext_adv_pkt: bda=38:a9:e2:54:94:54
09-01 14:42:53.656 V/bt_stack( 8588): [VERBOSE1:btm_ble_gap.cc(1847)] btm_ble_process_adv_addr: bda=38:a9:e2:54:94:54
09-01 14:42:53.658 D/BluetoothUtils( 8588): blockedByLocationOff callingUid=1002
09-01 14:42:53.658 I/BluetoothUtils( 8588): packagename is android.uid.bluetooth:1002 ,and its permission is false
09-01 14:42:53.658 D/BluetoothUtils( 8588): blockedByLocationOff callingUid=1002
09-01 14:42:53.658 I/BluetoothUtils( 8588): packagename is android.uid.bluetooth:1002 ,and its permission is false
09-01 14:42:53.659 D/BluetoothUtils( 8588): blockedByLocationOff callingUid=1002
09-01 14:42:53.659 I/BluetoothUtils( 8588): packagename is android.uid.bluetooth:1002 ,and its permission is false
09-01 14:42:53.669 V/bt_stack( 8588): [VERBOSE1:btm_ble_gap.cc(1923)] btm_ble_process_ext_adv_pkt: bda=63:4f:86:72:1e:da
09-01 14:42:53.669 V/bt_stack( 8588): [VERBOSE1:btm_ble_gap.cc(1847)] btm_ble_process_adv_addr: bda=63:4f:86:72:1e:da
09-01 14:42:53.669 V/bt_stack( 8588): [VERBOSE1:btm_ble_gap.cc(2052)]  Waiting for scan response 63:4f:86:72:1e:da
09-01 14:42:53.669 V/bt_stack( 8588): [VERBOSE1:btm_ble_gap.cc(1923)] btm_ble_process_ext_adv_pkt: bda=59:5f:ac:32:e1:b7
09-01 14:42:53.669 V/bt_stack( 8588): [VERBOSE1:btm_ble_gap.cc(1847)] btm_ble_process_adv_addr: bda=59:5f:ac:32:e1:b7
09-01 14:42:53.669 V/bt_stack( 8588): [VERBOSE1:btm_ble_gap.cc(2052)]  Waiting for scan response 59:5f:ac:32:e1:b7
09-01 14:42:53.669 V/bt_stack( 8588): [VERBOSE1:btm_ble_gap.cc(1923)] btm_ble_process_ext_adv_pkt: bda=59:5f:ac:32:e1:b7
09-01 14:42:53.669 V/bt_stack( 8588): [VERBOSE1:btm_ble_gap.cc(1847)] btm_ble_process_adv_addr: bda=59:5f:ac:32:e1:b7
09-01 14:42:53.671 D/BluetoothUtils( 8588): blockedByLocationOff callingUid=1002
09-01 14:42:53.671 I/BluetoothUtils( 8588): packagename is android.uid.bluetooth:1002 ,and its permission is false
09-01 14:42:53.671 D/BluetoothUtils( 8588): blockedByLocationOff callingUid=1002
09-01 14:42:53.671 I/BluetoothUtils( 8588): packagename is android.uid.bluetooth:1002 ,and its permission is false
09-01 14:42:53.672 D/BluetoothUtils( 8588): blockedByLocationOff callingUid=1002
09-01 14:42:53.672 I/BluetoothUtils( 8588): packagename is android.uid.bluetooth:1002 ,and its permission is false
09-01 14:42:53.684 V/bt_stack( 8588): [VERBOSE1:btm_ble_gap.cc(1923)] btm_ble_process_ext_adv_pkt: bda=ef:78:8a:8d:25:f2
09-01 14:42:53.684 V/bt_stack( 8588): [VERBOSE1:btm_ble_gap.cc(1847)] btm_ble_process_adv_addr: bda=ef:78:8a:8d:25:f2
09-01 14:42:53.684 V/bt_stack( 8588): [VERBOSE1:btm_ble_gap.cc(2052)]  Waiting for scan response ef:78:8a:8d:25:f2
09-01 14:42:53.684 V/bt_stack( 8588): [VERBOSE1:btm_ble_gap.cc(1923)] btm_ble_process_ext_adv_pkt: bda=ef:78:8a:8d:25:f2
09-01 14:42:53.684 V/bt_stack( 8588): [VERBOSE1:btm_ble_gap.cc(1847)] btm_ble_process_adv_addr: bda=ef:78:8a:8d:25:f2
09-01 14:42:53.684 V/bt_stack( 8588): [VERBOSE1:btm_ble_gap.cc(1923)] btm_ble_process_ext_adv_pkt: bda=2c:09:3e:94:80:f3
09-01 14:42:53.684 V/bt_stack( 8588): [VERBOSE1:btm_ble_gap.cc(1847)] btm_ble_process_adv_addr: bda=2c:09:3e:94:80:f3
09-01 14:42:53.685 D/BluetoothUtils( 8588): blockedByLocationOff callingUid=1002
09-01 14:42:53.686 I/BluetoothUtils( 8588): packagename is android.uid.bluetooth:1002 ,and its permission is false
09-01 14:42:53.686 D/BluetoothUtils( 8588): blockedByLocationOff callingUid=1002
09-01 14:42:53.686 I/BluetoothUtils( 8588): packagename is android.uid.bluetooth:1002 ,and its permission is false
09-01 14:42:53.686 D/BluetoothUtils( 8588): blockedByLocationOff callingUid=1002
09-01 14:42:53.686 I/BluetoothUtils( 8588): packagename is android.uid.bluetooth:1002 ,and its permission is false
09-01 14:42:53.687 D/BluetoothUtils( 8588): blockedByLocationOff callingUid=1002
09-01 14:42:53.688 I/BluetoothUtils( 8588): packagename is android.uid.bluetooth:1002 ,and its permission is false
09-01 14:42:53.688 D/BluetoothUtils( 8588): blockedByLocationOff callingUid=1002
09-01 14:42:53.688 I/BluetoothUtils( 8588): packagename is android.uid.bluetooth:1002 ,and its permission is false
09-01 14:42:53.688 D/BluetoothUtils( 8588): blockedByLocationOff callingUid=1002
09-01 14:42:53.688 I//system/vendor/bin/mi_thermald( 1070): thermal_cpu_set_level: set cpu freq of cpu7 to 1804800
09-01 14:42:53.688 I/BluetoothUtils( 8588): packagename is android.uid.bluetooth:1002 ,and its permission is false
09-01 14:42:53.692 V/bt_stack( 8588): [VERBOSE1:btm_ble_gap.cc(1923)] btm_ble_process_ext_adv_pkt: bda=77:60:99:3a:74:d9
09-01 14:42:53.692 V/bt_stack( 8588): [VERBOSE1:btm_ble_gap.cc(1847)] btm_ble_process_adv_addr: bda=77:60:99:3a:74:d9
09-01 14:42:53.692 V/bt_stack( 8588): [VERBOSE1:btm_ble_gap.cc(2052)]  Waiting for scan response 77:60:99:3a:74:d9
09-01 14:42:53.692 V/bt_stack( 8588): [VERBOSE1:btm_ble_gap.cc(1923)] btm_ble_process_ext_adv_pkt: bda=00:35:64:83:a4:98
09-01 14:42:53.692 V/bt_stack( 8588): [VERBOSE1:btm_ble_gap.cc(1847)] btm_ble_process_adv_addr: bda=00:35:64:83:a4:98
09-01 14:42:53.693 D/BluetoothUtils( 8588): blockedByLocationOff callingUid=1002
09-01 14:42:53.694 I/BluetoothUtils( 8588): packagename is android.uid.bluetooth:1002 ,and its permission is false
09-01 14:42:53.694 D/BluetoothUtils( 8588): blockedByLocationOff callingUid=1002
09-01 14:42:53.694 I/BluetoothUtils( 8588): packagename is android.uid.bluetooth:1002 ,and its permission is false
09-01 14:42:53.694 D/BluetoothUtils( 8588): blockedByLocationOff callingUid=1002
09-01 14:42:53.695 I/BluetoothUtils( 8588): packagename is android.uid.bluetooth:1002 ,and its permission is false
09-01 14:42:53.701 V/bt_stack( 8588): [VERBOSE1:btm_ble_gap.cc(1923)] btm_ble_process_ext_adv_pkt: bda=3e:4e:78:8c:48:a5
09-01 14:42:53.701 V/bt_stack( 8588): [VERBOSE1:btm_ble_gap.cc(1847)] btm_ble_process_adv_addr: bda=3e:4e:78:8c:48:a5
09-01 14:42:53.702 D/BluetoothUtils( 8588): blockedByLocationOff callingUid=1002
09-01 14:42:53.703 I/BluetoothUtils( 8588): packagename is android.uid.bluetooth:1002 ,and its permission is false
09-01 14:42:53.703 D/BluetoothUtils( 8588): blockedByLocationOff callingUid=1002
09-01 14:42:53.703 I/BluetoothUtils( 8588): packagename is android.uid.bluetooth:1002 ,and its permission is false
09-01 14:42:53.703 D/BluetoothUtils( 8588): blockedByLocationOff callingUid=1002
09-01 14:42:53.703 I/BluetoothUtils( 8588): packagename is android.uid.bluetooth:1002 ,and its permission is false
09-01 14:42:53.707 V/bt_stack( 8588): [VERBOSE1:btm_ble_gap.cc(1923)] btm_ble_process_ext_adv_pkt: bda=35:45:bf:2c:e1:03
09-01 14:42:53.707 V/bt_stack( 8588): [VERBOSE1:btm_ble_gap.cc(1847)] btm_ble_process_adv_addr: bda=35:45:bf:2c:e1:03
09-01 14:42:53.708 D/BluetoothUtils( 8588): blockedByLocationOff callingUid=1002
09-01 14:42:53.708 I/BluetoothUtils( 8588): packagename is android.uid.bluetooth:1002 ,and its permission is false
09-01 14:42:53.708 D/BluetoothUtils( 8588): blockedByLocationOff callingUid=1002
09-01 14:42:53.709 I/BluetoothUtils( 8588): packagename is android.uid.bluetooth:1002 ,and its permission is false
09-01 14:42:53.709 D/BluetoothUtils( 8588): blockedByLocationOff callingUid=1002
09-01 14:42:53.709 V/bt_stack( 8588): [VERBOSE1:btm_ble_gap.cc(1923)] btm_ble_process_ext_adv_pkt: bda=1c:91:72:ba:f7:2e
09-01 14:42:53.709 I/BluetoothUtils( 8588): packagename is android.uid.bluetooth:1002 ,and its permission is false
09-01 14:42:53.709 V/bt_stack( 8588): [VERBOSE1:btm_ble_gap.cc(1847)] btm_ble_process_adv_addr: bda=1c:91:72:ba:f7:2e
09-01 14:42:53.710 D/BluetoothUtils( 8588): blockedByLocationOff callingUid=1002
09-01 14:42:53.711 I/BluetoothUtils( 8588): packagename is android.uid.bluetooth:1002 ,and its permission is false
09-01 14:42:53.711 D/BluetoothUtils( 8588): blockedByLocationOff callingUid=1002
09-01 14:42:53.711 I/BluetoothUtils( 8588): packagename is android.uid.bluetooth:1002 ,and its permission is false
09-01 14:42:53.711 D/BluetoothUtils( 8588): blockedByLocationOff callingUid=1002
09-01 14:42:53.712 I/BluetoothUtils( 8588): packagename is android.uid.bluetooth:1002 ,and its permission is false
09-01 14:42:53.719 V/bt_stack( 8588): [VERBOSE1:btm_ble_gap.cc(1923)] btm_ble_process_ext_adv_pkt: bda=33:91:15:08:2a:2b
09-01 14:42:53.720 V/bt_stack( 8588): [VERBOSE1:btm_ble_gap.cc(1847)] btm_ble_process_adv_addr: bda=33:91:15:08:2a:2b
09-01 14:42:53.721 D/BluetoothUtils( 8588): blockedByLocationOff callingUid=1002
09-01 14:42:53.722 I/BluetoothUtils( 8588): packagename is android.uid.bluetooth:1002 ,and its permission is false
09-01 14:42:53.722 D/BluetoothUtils( 8588): blockedByLocationOff callingUid=1002
09-01 14:42:53.722 I/BluetoothUtils( 8588): packagename is android.uid.bluetooth:1002 ,and its permission is false
09-01 14:42:53.722 D/BluetoothUtils( 8588): blockedByLocationOff callingUid=1002
09-01 14:42:53.723 I/BluetoothUtils( 8588): packagename is android.uid.bluetooth:1002 ,and its permission is false
09-01 14:42:53.724 V/bt_stack( 8588): [VERBOSE1:btm_ble_gap.cc(1923)] btm_ble_process_ext_adv_pkt: bda=78:e7:79:bd:c0:21
09-01 14:42:53.724 V/bt_stack( 8588): [VERBOSE1:btm_ble_gap.cc(1847)] btm_ble_process_adv_addr: bda=78:e7:79:bd:c0:21
09-01 14:42:53.724 V/bt_stack( 8588): [VERBOSE1:btm_ble_gap.cc(2052)]  Waiting for scan response 78:e7:79:bd:c0:21
09-01 14:42:53.724 V/bt_stack( 8588): [VERBOSE1:btm_ble_gap.cc(1923)] btm_ble_process_ext_adv_pkt: bda=78:e7:79:bd:c0:21
09-01 14:42:53.724 V/bt_stack( 8588): [VERBOSE1:btm_ble_gap.cc(1847)] btm_ble_process_adv_addr: bda=78:e7:79:bd:c0:21
09-01 14:42:53.726 D/BluetoothUtils( 8588): blockedByLocationOff callingUid=1002
09-01 14:42:53.726 I/BluetoothUtils( 8588): packagename is android.uid.bluetooth:1002 ,and its permission is false
09-01 14:42:53.726 D/BluetoothUtils( 8588): blockedByLocationOff callingUid=1002
09-01 14:42:53.727 I/BluetoothUtils( 8588): packagename is android.uid.bluetooth:1002 ,and its permission is false
09-01 14:42:53.727 D/BluetoothUtils( 8588): blockedByLocationOff callingUid=1002
09-01 14:42:53.727 I/BluetoothUtils( 8588): packagename is android.uid.bluetooth:1002 ,and its permission is false
09-01 14:42:53.729 V/bt_stack( 8588): [VERBOSE1:btm_ble_gap.cc(1923)] btm_ble_process_ext_adv_pkt: bda=03:d8:93:20:a7:46
09-01 14:42:53.729 V/bt_stack( 8588): [VERBOSE1:btm_ble_gap.cc(1847)] btm_ble_process_adv_addr: bda=03:d8:93:20:a7:46
09-01 14:42:53.730 I/Timeline( 1639): Timeline: Activity_windows_visible id: ActivityRecord{1a56df0 u0 com.xiaomi.hm.health/.share.HMShareActivity t491} time:212139746
09-01 14:42:53.730 V/bt_stack( 8588): [VERBOSE1:btm_ble_gap.cc(1923)] btm_ble_process_ext_adv_pkt: bda=30:31:51:23:9b:e3
09-01 14:42:53.730 V/bt_stack( 8588): [VERBOSE1:btm_ble_gap.cc(1847)] btm_ble_process_adv_addr: bda=30:31:51:23:9b:e3
09-01 14:42:53.730 D/BluetoothUtils( 8588): blockedByLocationOff callingUid=1002
09-01 14:42:53.731 I/BluetoothUtils( 8588): packagename is android.uid.bluetooth:1002 ,and its permission is false
09-01 14:42:53.731 D/BluetoothUtils( 8588): blockedByLocationOff callingUid=1002
09-01 14:42:53.731 I/Timeline( 1639): Timeline: App_transition_stopped time:212139748
09-01 14:42:53.731 I/BluetoothUtils( 8588): packagename is android.uid.bluetooth:1002 ,and its permission is false
09-01 14:42:53.731 D/BluetoothUtils( 8588): blockedByLocationOff callingUid=1002
09-01 14:42:53.732 I/BluetoothUtils( 8588): packagename is android.uid.bluetooth:1002 ,and its permission is false
09-01 14:42:53.732 V/bt_stack( 8588): [VERBOSE1:btm_ble_gap.cc(1923)] btm_ble_process_ext_adv_pkt: bda=24:c2:07:5f:ee:ac
09-01 14:42:53.732 V/bt_stack( 8588): [VERBOSE1:btm_ble_gap.cc(1847)] btm_ble_process_adv_addr: bda=24:c2:07:5f:ee:ac
09-01 14:42:53.733 D/BluetoothUtils( 8588): blockedByLocationOff callingUid=1002
09-01 14:42:53.733 I/BluetoothUtils( 8588): packagename is android.uid.bluetooth:1002 ,and its permission is false
09-01 14:42:53.733 D/BluetoothUtils( 8588): blockedByLocationOff callingUid=1002
09-01 14:42:53.733 D/EventBus(29730): [29730, u0] send(AppTransitionFinishedEvent)
09-01 14:42:53.733 I/BluetoothUtils( 8588): packagename is android.uid.bluetooth:1002 ,and its permission is false
09-01 14:42:53.733 D/EventBus(29730): [29730, u0]  -> ForcedResizableInfoActivityController [0xc4c1163, P1] onBusEvent(AppTransitionFinishedEvent)
09-01 14:42:53.734 D/EventBus(29730): [29730, u0] onBusEvent(AppTransitionFinishedEvent) duration: 34 microseconds, avg: 35
09-01 14:42:53.734 D/BluetoothUtils( 8588): blockedByLocationOff callingUid=1002
09-01 14:42:53.734 D/EventBus(29730): [29730, u0] send(AppTransitionFinishedEvent)
09-01 14:42:53.734 D/EventBus(29730): [29730, u0]  -> ForcedResizableInfoActivityController [0xc4c1163, P1] onBusEvent(AppTransitionFinishedEvent)
09-01 14:42:53.734 D/EventBus(29730): [29730, u0] onBusEvent(AppTransitionFinishedEvent) duration: 14 microseconds, avg: 35
09-01 14:42:53.734 I/BluetoothUtils( 8588): packagename is android.uid.bluetooth:1002 ,and its permission is false
09-01 14:42:53.735 D/BluetoothUtils( 8588): blockedByLocationOff callingUid=1002
09-01 14:42:53.735 I/BluetoothUtils( 8588): packagename is android.uid.bluetooth:1002 ,and its permission is false
09-01 14:42:53.735 D/BluetoothUtils( 8588): blockedByLocationOff callingUid=1002
09-01 14:42:53.735 I/BluetoothUtils( 8588): packagename is android.uid.bluetooth:1002 ,and its permission is false
09-01 14:42:53.736 D/BluetoothUtils( 8588): blockedByLocationOff callingUid=1002
09-01 14:42:53.736 I/BluetoothUtils( 8588): packagename is android.uid.bluetooth:1002 ,and its permission is false
09-01 14:42:53.737 D/ActivityTrigger( 1639): ActivityTrigger activityStopTrigger 
09-01 14:42:53.737 V/bt_stack( 8588): [VERBOSE1:btm_ble_gap.cc(1923)] btm_ble_process_ext_adv_pkt: bda=01:f5:30:c0:9b:7a
09-01 14:42:53.737 V/bt_stack( 8588): [VERBOSE1:btm_ble_gap.cc(1847)] btm_ble_process_adv_addr: bda=01:f5:30:c0:9b:7a
09-01 14:42:53.738 D/BluetoothUtils( 8588): blockedByLocationOff callingUid=1002
09-01 14:42:53.738 I/BluetoothUtils( 8588): packagename is android.uid.bluetooth:1002 ,and its permission is false
09-01 14:42:53.738 D/BluetoothUtils( 8588): blockedByLocationOff callingUid=1002
09-01 14:42:53.738 I/BluetoothUtils( 8588): packagename is android.uid.bluetooth:1002 ,and its permission is false
09-01 14:42:53.739 D/BluetoothUtils( 8588): blockedByLocationOff callingUid=1002
09-01 14:42:53.739 I/BluetoothUtils( 8588): packagename is android.uid.bluetooth:1002 ,and its permission is false
09-01 14:42:53.741 V/bt_stack( 8588): [VERBOSE1:btm_ble_gap.cc(1923)] btm_ble_process_ext_adv_pkt: bda=2a:7b:59:84:d7:1e
09-01 14:42:53.741 V/bt_stack( 8588): [VERBOSE1:btm_ble_gap.cc(1847)] btm_ble_process_adv_addr: bda=2a:7b:59:84:d7:1e
09-01 14:42:53.743 V/bt_stack( 8588): [VERBOSE1:btm_ble_gap.cc(1923)] btm_ble_process_ext_adv_pkt: bda=59:ea:73:03:7b:dc
09-01 14:42:53.743 V/bt_stack( 8588): [VERBOSE1:btm_ble_gap.cc(1847)] btm_ble_process_adv_addr: bda=59:ea:73:03:7b:dc
09-01 14:42:53.743 D/BluetoothUtils( 8588): blockedByLocationOff callingUid=1002
09-01 14:42:53.744 I/BluetoothUtils( 8588): packagename is android.uid.bluetooth:1002 ,and its permission is false
09-01 14:42:53.744 D/BluetoothUtils( 8588): blockedByLocationOff callingUid=1002
09-01 14:42:53.744 I/BluetoothUtils( 8588): packagename is android.uid.bluetooth:1002 ,and its permission is false
09-01 14:42:53.744 D/BluetoothUtils( 8588): blockedByLocationOff callingUid=1002
09-01 14:42:53.745 I/BluetoothUtils( 8588): packagename is android.uid.bluetooth:1002 ,and its permission is false
09-01 14:42:53.745 D/BluetoothUtils( 8588): blockedByLocationOff callingUid=1002
09-01 14:42:53.746 I/BluetoothUtils( 8588): packagename is android.uid.bluetooth:1002 ,and its permission is false
09-01 14:42:53.746 D/BluetoothUtils( 8588): blockedByLocationOff callingUid=1002
09-01 14:42:53.746 I/BluetoothUtils( 8588): packagename is android.uid.bluetooth:1002 ,and its permission is false
09-01 14:42:53.746 D/BluetoothUtils( 8588): blockedByLocationOff callingUid=1002
09-01 14:42:53.746 I/BluetoothUtils( 8588): packagename is android.uid.bluetooth:1002 ,and its permission is false
09-01 14:42:53.751 V/bt_stack( 8588): [VERBOSE1:btm_ble_gap.cc(1923)] btm_ble_process_ext_adv_pkt: bda=05:18:f1:4b:2c:d4
09-01 14:42:53.751 V/bt_stack( 8588): [VERBOSE1:btm_ble_gap.cc(1847)] btm_ble_process_adv_addr: bda=05:18:f1:4b:2c:d4
09-01 14:42:53.752 D/BluetoothUtils( 8588): blockedByLocationOff callingUid=1002
09-01 14:42:53.753 I/BluetoothUtils( 8588): packagename is android.uid.bluetooth:1002 ,and its permission is false
09-01 14:42:53.753 D/BluetoothUtils( 8588): blockedByLocationOff callingUid=1002
09-01 14:42:53.753 V/bt_stack( 8588): [VERBOSE1:btm_ble_gap.cc(1923)] btm_ble_process_ext_adv_pkt: bda=68:61:6b:f6:07:2e
09-01 14:42:53.754 V/bt_stack( 8588): [VERBOSE1:btm_ble_gap.cc(1847)] btm_ble_process_adv_addr: bda=68:61:6b:f6:07:2e
09-01 14:42:53.754 I/BluetoothUtils( 8588): packagename is android.uid.bluetooth:1002 ,and its permission is false
09-01 14:42:53.754 V/bt_stack( 8588): [VERBOSE1:btm_ble_gap.cc(2052)]  Waiting for scan response 68:61:6b:f6:07:2e
09-01 14:42:53.754 V/bt_stack( 8588): [VERBOSE1:btm_ble_gap.cc(1923)] btm_ble_process_ext_adv_pkt: bda=68:61:6b:f6:07:2e
09-01 14:42:53.754 V/bt_stack( 8588): [VERBOSE1:btm_ble_gap.cc(1847)] btm_ble_process_adv_addr: bda=68:61:6b:f6:07:2e
09-01 14:42:53.754 D/BluetoothUtils( 8588): blockedByLocationOff callingUid=1002
09-01 14:42:53.754 I/BluetoothUtils( 8588): packagename is android.uid.bluetooth:1002 ,and its permission is false
09-01 14:42:53.755 D/BluetoothUtils( 8588): blockedByLocationOff callingUid=1002
09-01 14:42:53.755 I/BluetoothUtils( 8588): packagename is android.uid.bluetooth:1002 ,and its permission is false
09-01 14:42:53.755 D/BluetoothUtils( 8588): blockedByLocationOff callingUid=1002
09-01 14:42:53.756 I/BluetoothUtils( 8588): packagename is android.uid.bluetooth:1002 ,and its permission is false
09-01 14:42:53.756 D/BluetoothUtils( 8588): blockedByLocationOff callingUid=1002
09-01 14:42:53.756 I/BluetoothUtils( 8588): packagename is android.uid.bluetooth:1002 ,and its permission is false
09-01 14:42:53.756 V/bt_stack( 8588): [VERBOSE1:btm_ble_gap.cc(1923)] btm_ble_process_ext_adv_pkt: bda=38:a9:e2:54:94:54
09-01 14:42:53.756 V/bt_stack( 8588): [VERBOSE1:btm_ble_gap.cc(1847)] btm_ble_process_adv_addr: bda=38:a9:e2:54:94:54
09-01 14:42:53.757 D/BluetoothUtils( 8588): blockedByLocationOff callingUid=1002
09-01 14:42:53.758 I/BluetoothUtils( 8588): packagename is android.uid.bluetooth:1002 ,and its permission is false
09-01 14:42:53.758 D/BluetoothUtils( 8588): blockedByLocationOff callingUid=1002
09-01 14:42:53.758 V/bt_stack( 8588): [VERBOSE1:btm_ble_gap.cc(1923)] btm_ble_process_ext_adv_pkt: bda=56:e4:da:79:d5:88
09-01 14:42:53.758 V/bt_stack( 8588): [VERBOSE1:btm_ble_gap.cc(1847)] btm_ble_process_adv_addr: bda=56:e4:da:79:d5:88
09-01 14:42:53.758 V/bt_stack( 8588): [VERBOSE1:btm_ble_gap.cc(2052)]  Waiting for scan response 56:e4:da:79:d5:88
09-01 14:42:53.758 V/bt_stack( 8588): [VERBOSE1:btm_ble_gap.cc(1923)] btm_ble_process_ext_adv_pkt: bda=56:e4:da:79:d5:88
09-01 14:42:53.758 V/bt_stack( 8588): [VERBOSE1:btm_ble_gap.cc(1847)] btm_ble_process_adv_addr: bda=56:e4:da:79:d5:88
09-01 14:42:53.758 I/BluetoothUtils( 8588): packagename is android.uid.bluetooth:1002 ,and its permission is false
09-01 14:42:53.759 D/BluetoothUtils( 8588): blockedByLocationOff callingUid=1002
09-01 14:42:53.759 I/BluetoothUtils( 8588): packagename is android.uid.bluetooth:1002 ,and its permission is false
09-01 14:42:53.760 D/BluetoothUtils( 8588): blockedByLocationOff callingUid=1002
09-01 14:42:53.760 I/BluetoothUtils( 8588): packagename is android.uid.bluetooth:1002 ,and its permission is false
09-01 14:42:53.760 D/BluetoothUtils( 8588): blockedByLocationOff callingUid=1002
09-01 14:42:53.760 I/BluetoothUtils( 8588): packagename is android.uid.bluetooth:1002 ,and its permission is false
09-01 14:42:53.760 D/BluetoothUtils( 8588): blockedByLocationOff callingUid=1002
09-01 14:42:53.761 I/BluetoothUtils( 8588): packagename is android.uid.bluetooth:1002 ,and its permission is false
09-01 14:42:53.767 V/bt_stack( 8588): [VERBOSE1:btm_ble_gap.cc(1923)] btm_ble_process_ext_adv_pkt: bda=7a:11:28:6c:23:6e
09-01 14:42:53.767 V/bt_stack( 8588): [VERBOSE1:btm_ble_gap.cc(1847)] btm_ble_process_adv_addr: bda=7a:11:28:6c:23:6e
09-01 14:42:53.767 V/bt_stack( 8588): [VERBOSE1:btm_ble_gap.cc(2052)]  Waiting for scan response 7a:11:28:6c:23:6e
09-01 14:42:53.767 V/bt_stack( 8588): [VERBOSE1:btm_ble_gap.cc(1923)] btm_ble_process_ext_adv_pkt: bda=7a:11:28:6c:23:6e
09-01 14:42:53.767 V/bt_stack( 8588): [VERBOSE1:btm_ble_gap.cc(1847)] btm_ble_process_adv_addr: bda=7a:11:28:6c:23:6e
09-01 14:42:53.768 D/BluetoothUtils( 8588): blockedByLocationOff callingUid=1002
09-01 14:42:53.768 I/BluetoothUtils( 8588): packagename is android.uid.bluetooth:1002 ,and its permission is false
09-01 14:42:53.768 D/BluetoothUtils( 8588): blockedByLocationOff callingUid=1002
09-01 14:42:53.769 I/BluetoothUtils( 8588): packagename is android.uid.bluetooth:1002 ,and its permission is false
09-01 14:42:53.769 D/BluetoothUtils( 8588): blockedByLocationOff callingUid=1002
09-01 14:42:53.769 I/BluetoothUtils( 8588): packagename is android.uid.bluetooth:1002 ,and its permission is false
09-01 14:42:53.786 I/appium  (13898): AppiumResponse: {"sessionId":"94b2dfbc-5a87-4ff5-8430-a6752ec32c55","value":{"ELEMENT":"ed0c8c40-9593-4a3c-be6c-e6e2159af323","element-6066-11e4-a52e-4f735466cecf":"ed0c8c40-9593-4a3c-be6c-e6e2159af323"}}
09-01 14:42:53.792 V/bt_stack( 8588): [VERBOSE1:btm_ble_gap.cc(1923)] btm_ble_process_ext_adv_pkt: bda=2c:09:3e:94:80:f3
09-01 14:42:53.792 V/bt_stack( 8588): [VERBOSE1:btm_ble_gap.cc(1847)] btm_ble_process_adv_addr: bda=2c:09:3e:94:80:f3
09-01 14:42:53.793 D/BluetoothUtils( 8588): blockedByLocationOff callingUid=1002
09-01 14:42:53.794 I/BluetoothUtils( 8588): packagename is android.uid.bluetooth:1002 ,and its permission is false
09-01 14:42:53.794 D/BluetoothUtils( 8588): blockedByLocationOff callingUid=1002
09-01 14:42:53.794 I/BluetoothUtils( 8588): packagename is android.uid.bluetooth:1002 ,and its permission is false
09-01 14:42:53.794 D/BluetoothUtils( 8588): blockedByLocationOff callingUid=1002
09-01 14:42:53.794 I/BluetoothUtils( 8588): packagename is android.uid.bluetooth:1002 ,and its permission is false
09-01 14:42:53.798 V/bt_stack( 8588): [VERBOSE1:btm_ble_gap.cc(1923)] btm_ble_process_ext_adv_pkt: bda=63:53:07:fa:3c:f1
09-01 14:42:53.798 V/bt_stack( 8588): [VERBOSE1:btm_ble_gap.cc(1847)] btm_ble_process_adv_addr: bda=63:53:07:fa:3c:f1
09-01 14:42:53.800 D/BluetoothUtils( 8588): blockedByLocationOff callingUid=1002
09-01 14:42:53.800 I/BluetoothUtils( 8588): packagename is android.uid.bluetooth:1002 ,and its permission is false
09-01 14:42:53.800 D/BluetoothUtils( 8588): blockedByLocationOff callingUid=1002
09-01 14:42:53.801 I/BluetoothUtils( 8588): packagename is android.uid.bluetooth:1002 ,and its permission is false
09-01 14:42:53.801 D/BluetoothUtils( 8588): blockedByLocationOff callingUid=1002
09-01 14:42:53.801 I/BluetoothUtils( 8588): packagename is android.uid.bluetooth:1002 ,and its permission is false
09-01 14:42:53.809 I/appium  (13898): channel read invoked!
09-01 14:42:53.810 I/appium  (13898): channel read: GET /wd/hub/session/94b2dfbc-5a87-4ff5-8430-a6752ec32c55/element/ed0c8c40-9593-4a3c-be6c-e6e2159af323/attribute/contentDescription
09-01 14:42:53.811 I/appium  (13898): get attribute of element command
09-01 14:42:53.818 I/appium  (13898): AppiumResponse: {"sessionId":"94b2dfbc-5a87-4ff5-8430-a6752ec32c55","value":"[3311, 步]"}
09-01 14:42:53.819 V/bt_stack( 8588): [VERBOSE1:btm_ble_gap.cc(1923)] btm_ble_process_ext_adv_pkt: bda=fe:e1:62:0f:0c:8e
09-01 14:42:53.819 V/bt_stack( 8588): [VERBOSE1:btm_ble_gap.cc(1847)] btm_ble_process_adv_addr: bda=fe:e1:62:0f:0c:8e
09-01 14:42:53.820 V/bt_stack( 8588): [VERBOSE1:btm_ble_gap.cc(2052)]  Waiting for scan response fe:e1:62:0f:0c:8e
09-01 14:42:53.820 V/bt_stack( 8588): [VERBOSE1:btm_ble_gap.cc(1923)] btm_ble_process_ext_adv_pkt: bda=1c:91:72:ba:f7:2e
09-01 14:42:53.820 V/bt_stack( 8588): [VERBOSE1:btm_ble_gap.cc(1847)] btm_ble_process_adv_addr: bda=1c:91:72:ba:f7:2e
09-01 14:42:53.821 D/BluetoothUtils( 8588): blockedByLocationOff callingUid=1002
09-01 14:42:53.821 I/BluetoothUtils( 8588): packagename is android.uid.bluetooth:1002 ,and its permission is false
09-01 14:42:53.821 D/BluetoothUtils( 8588): blockedByLocationOff callingUid=1002
09-01 14:42:53.822 I/BluetoothUtils( 8588): packagename is android.uid.bluetooth:1002 ,and its permission is false
09-01 14:42:53.822 D/BluetoothUtils( 8588): blockedByLocationOff callingUid=1002
09-01 14:42:53.822 I/BluetoothUtils( 8588): packagename is android.uid.bluetooth:1002 ,and its permission is false
09-01 14:42:53.827 V/bt_stack( 8588): [VERBOSE1:btm_ble_gap.cc(1923)] btm_ble_process_ext_adv_pkt: bda=fb:6c:b6:2d:47:ad
09-01 14:42:53.827 V/bt_stack( 8588): [VERBOSE1:btm_ble_gap.cc(1847)] btm_ble_process_adv_addr: bda=fb:6c:b6:2d:47:ad
09-01 14:42:53.827 V/bt_stack( 8588): [VERBOSE1:btm_ble_gap.cc(2052)]  Waiting for scan response fb:6c:b6:2d:47:ad
09-01 14:42:53.827 V/bt_stack( 8588): [VERBOSE1:btm_ble_gap.cc(1923)] btm_ble_process_ext_adv_pkt: bda=33:91:15:08:2a:2b
09-01 14:42:53.827 V/bt_stack( 8588): [VERBOSE1:btm_ble_gap.cc(1847)] btm_ble_process_adv_addr: bda=33:91:15:08:2a:2b
09-01 14:42:53.829 D/BluetoothUtils( 8588): blockedByLocationOff callingUid=1002
09-01 14:42:53.830 I/BluetoothUtils( 8588): packagename is android.uid.bluetooth:1002 ,and its permission is false
