09-01 14:24:53.117 V/bt_stack( 8588): [VERBOSE1:btm_ble_gap.cc(1847)] btm_ble_process_adv_addr: bda=36:c9:49:a0:b6:9d
09-01 14:24:53.118 D/BluetoothUtils( 8588): blockedByLocationOff callingUid=1002
09-01 14:24:53.119 I/BluetoothUtils( 8588): packagename is android.uid.bluetooth:1002 ,and its permission is false
09-01 14:24:53.119 D/BluetoothUtils( 8588): blockedByLocationOff callingUid=1002
09-01 14:24:53.119 I/Timeline( 1639): Timeline: Activity_windows_visible id: ActivityRecord{7330006 u0 com.xiaomi.hm.health/com.huami.training.ui.joined.JoinedCourseListActivity t477} time:211059136
09-01 14:24:53.119 I/BluetoothUtils( 8588): packagename is android.uid.bluetooth:1002 ,and its permission is false
09-01 14:24:53.120 D/BluetoothUtils( 8588): blockedByLocationOff callingUid=1002
09-01 14:24:53.120 D/EventBus(29730): [29730, u0] send(AppTransitionFinishedEvent)
09-01 14:24:53.120 D/EventBus(29730): [29730, u0]  -> ForcedResizableInfoActivityController [0xc4c1163, P1] onBusEvent(AppTransitionFinishedEvent)
09-01 14:24:53.120 D/EventBus(29730): [29730, u0] onBusEvent(AppTransitionFinishedEvent) duration: 26 microseconds, avg: 40
09-01 14:24:53.120 I/BluetoothUtils( 8588): packagename is android.uid.bluetooth:1002 ,and its permission is false
09-01 14:24:53.120 D/EventBus(29730): [29730, u0] send(AppTransitionFinishedEvent)
09-01 14:24:53.120 D/EventBus(29730): [29730, u0]  -> ForcedResizableInfoActivityController [0xc4c1163, P1] onBusEvent(AppTransitionFinishedEvent)
09-01 14:24:53.120 D/EventBus(29730): [29730, u0] onBusEvent(AppTransitionFinishedEvent) duration: 14 microseconds, avg: 40
09-01 14:24:53.120 I/Timeline( 1639): Timeline: App_transition_stopped time:211059137
09-01 14:24:53.122 I/SplashScreenServiceDelegate( 1639): None for com.xiaomi.hm.health
09-01 14:24:53.123 V/bt_stack( 8588): [VERBOSE1:btm_ble_gap.cc(1923)] btm_ble_process_ext_adv_pkt: bda=17:be:83:99:5a:17
09-01 14:24:53.123 V/bt_stack( 8588): [VERBOSE1:btm_ble_gap.cc(1847)] btm_ble_process_adv_addr: bda=17:be:83:99:5a:17
09-01 14:24:53.124 D/BluetoothUtils( 8588): blockedByLocationOff callingUid=1002
09-01 14:24:53.124 I/BluetoothUtils( 8588): packagename is android.uid.bluetooth:1002 ,and its permission is false
09-01 14:24:53.125 D/BluetoothUtils( 8588): blockedByLocationOff callingUid=1002
09-01 14:24:53.125 I/BluetoothUtils( 8588): packagename is android.uid.bluetooth:1002 ,and its permission is false
09-01 14:24:53.125 D/BluetoothUtils( 8588): blockedByLocationOff callingUid=1002
09-01 14:24:53.125 I/BluetoothUtils( 8588): packagename is android.uid.bluetooth:1002 ,and its permission is false
09-01 14:24:53.133 V/bt_stack( 8588): [VERBOSE1:btm_ble_gap.cc(1923)] btm_ble_process_ext_adv_pkt: bda=72:1f:5b:cb:e4:06
09-01 14:24:53.133 V/bt_stack( 8588): [VERBOSE1:btm_ble_gap.cc(1847)] btm_ble_process_adv_addr: bda=72:1f:5b:cb:e4:06
09-01 14:24:53.133 V/bt_stack( 8588): [VERBOSE1:btm_ble_gap.cc(2052)]  Waiting for scan response 72:1f:5b:cb:e4:06
09-01 14:24:53.133 V/bt_stack( 8588): [VERBOSE1:btm_ble_gap.cc(1923)] btm_ble_process_ext_adv_pkt: bda=72:1f:5b:cb:e4:06
09-01 14:24:53.133 V/bt_stack( 8588): [VERBOSE1:btm_ble_gap.cc(1847)] btm_ble_process_adv_addr: bda=72:1f:5b:cb:e4:06
09-01 14:24:53.134 D/BluetoothUtils( 8588): blockedByLocationOff callingUid=1002
09-01 14:24:53.135 I/BluetoothUtils( 8588): packagename is android.uid.bluetooth:1002 ,and its permission is false
09-01 14:24:53.135 D/BluetoothUtils( 8588): blockedByLocationOff callingUid=1002
09-01 14:24:53.135 I/BluetoothUtils( 8588): packagename is android.uid.bluetooth:1002 ,and its permission is false
09-01 14:24:53.135 D/BluetoothUtils( 8588): blockedByLocationOff callingUid=1002
09-01 14:24:53.136 I/BluetoothUtils( 8588): packagename is android.uid.bluetooth:1002 ,and its permission is false
09-01 14:24:53.138 V/bt_stack( 8588): [VERBOSE1:btm_ble_gap.cc(1923)] btm_ble_process_ext_adv_pkt: bda=0c:1a:06:0e:96:57
09-01 14:24:53.138 V/bt_stack( 8588): [VERBOSE1:btm_ble_gap.cc(1847)] btm_ble_process_adv_addr: bda=0c:1a:06:0e:96:57
09-01 14:24:53.139 D/BluetoothUtils( 8588): blockedByLocationOff callingUid=1002
09-01 14:24:53.139 I/BluetoothUtils( 8588): packagename is android.uid.bluetooth:1002 ,and its permission is false
09-01 14:24:53.140 D/BluetoothUtils( 8588): blockedByLocationOff callingUid=1002
09-01 14:24:53.140 I/BluetoothUtils( 8588): packagename is android.uid.bluetooth:1002 ,and its permission is false
09-01 14:24:53.140 D/BluetoothUtils( 8588): blockedByLocationOff callingUid=1002
09-01 14:24:53.140 I/BluetoothUtils( 8588): packagename is android.uid.bluetooth:1002 ,and its permission is false
09-01 14:24:53.147 V/bt_stack( 8588): [VERBOSE1:btm_ble_gap.cc(1923)] btm_ble_process_ext_adv_pkt: bda=3c:22:fb:3d:0a:8f
09-01 14:24:53.147 V/bt_stack( 8588): [VERBOSE1:btm_ble_gap.cc(1847)] btm_ble_process_adv_addr: bda=3c:22:fb:3d:0a:8f
09-01 14:24:53.147 V/bt_stack( 8588): [VERBOSE1:btm_ble_gap.cc(2052)]  Waiting for scan response 3c:22:fb:3d:0a:8f
09-01 14:24:53.147 V/bt_stack( 8588): [VERBOSE1:btm_ble_gap.cc(1923)] btm_ble_process_ext_adv_pkt: bda=3c:22:fb:3d:0a:8f
09-01 14:24:53.147 V/bt_stack( 8588): [VERBOSE1:btm_ble_gap.cc(1847)] btm_ble_process_adv_addr: bda=3c:22:fb:3d:0a:8f
09-01 14:24:53.148 D/BluetoothUtils( 8588): blockedByLocationOff callingUid=1002
09-01 14:24:53.149 I/BluetoothUtils( 8588): packagename is android.uid.bluetooth:1002 ,and its permission is false
09-01 14:24:53.149 D/BluetoothUtils( 8588): blockedByLocationOff callingUid=1002
09-01 14:24:53.149 I/BluetoothUtils( 8588): packagename is android.uid.bluetooth:1002 ,and its permission is false
09-01 14:24:53.149 D/BluetoothUtils( 8588): blockedByLocationOff callingUid=1002
09-01 14:24:53.149 I/BluetoothUtils( 8588): packagename is android.uid.bluetooth:1002 ,and its permission is false
09-01 14:24:53.153 V/bt_stack( 8588): [VERBOSE1:btm_ble_gap.cc(1923)] btm_ble_process_ext_adv_pkt: bda=2a:99:8c:12:d1:b1
09-01 14:24:53.153 V/bt_stack( 8588): [VERBOSE1:btm_ble_gap.cc(1847)] btm_ble_process_adv_addr: bda=2a:99:8c:12:d1:b1
09-01 14:24:53.154 D/BluetoothUtils( 8588): blockedByLocationOff callingUid=1002
09-01 14:24:53.154 I/BluetoothUtils( 8588): packagename is android.uid.bluetooth:1002 ,and its permission is false
09-01 14:24:53.154 D/BluetoothUtils( 8588): blockedByLocationOff callingUid=1002
09-01 14:24:53.155 I/BluetoothUtils( 8588): packagename is android.uid.bluetooth:1002 ,and its permission is false
09-01 14:24:53.155 D/BluetoothUtils( 8588): blockedByLocationOff callingUid=1002
09-01 14:24:53.155 I/BluetoothUtils( 8588): packagename is android.uid.bluetooth:1002 ,and its permission is false
09-01 14:24:53.158 V/bt_stack( 8588): [VERBOSE1:btm_ble_gap.cc(1923)] btm_ble_process_ext_adv_pkt: bda=2f:3a:5d:02:04:9c
09-01 14:24:53.158 V/bt_stack( 8588): [VERBOSE1:btm_ble_gap.cc(1847)] btm_ble_process_adv_addr: bda=2f:3a:5d:02:04:9c
09-01 14:24:53.158 D/EventBus(29730): [29730, u0] send(AppTransitionFinishedEvent)
09-01 14:24:53.158 D/EventBus(29730): [29730, u0]  -> ForcedResizableInfoActivityController [0xc4c1163, P1] onBusEvent(AppTransitionFinishedEvent)
09-01 14:24:53.159 D/EventBus(29730): [29730, u0] onBusEvent(AppTransitionFinishedEvent) duration: 24 microseconds, avg: 40
09-01 14:24:53.159 D/BluetoothUtils( 8588): blockedByLocationOff callingUid=1002
09-01 14:24:53.159 I/BluetoothUtils( 8588): packagename is android.uid.bluetooth:1002 ,and its permission is false
09-01 14:24:53.159 D/BluetoothUtils( 8588): blockedByLocationOff callingUid=1002
09-01 14:24:53.159 V/bt_stack( 8588): [VERBOSE1:btm_ble_gap.cc(1923)] btm_ble_process_ext_adv_pkt: bda=12:1c:38:cd:04:e8
09-01 14:24:53.159 V/bt_stack( 8588): [VERBOSE1:btm_ble_gap.cc(1847)] btm_ble_process_adv_addr: bda=12:1c:38:cd:04:e8
09-01 14:24:53.160 I/BluetoothUtils( 8588): packagename is android.uid.bluetooth:1002 ,and its permission is false
09-01 14:24:53.160 D/BluetoothUtils( 8588): blockedByLocationOff callingUid=1002
09-01 14:24:53.160 I/BluetoothUtils( 8588): packagename is android.uid.bluetooth:1002 ,and its permission is false
09-01 14:24:53.161 D/BluetoothUtils( 8588): blockedByLocationOff callingUid=1002
09-01 14:24:53.161 I/BluetoothUtils( 8588): packagename is android.uid.bluetooth:1002 ,and its permission is false
09-01 14:24:53.161 D/BluetoothUtils( 8588): blockedByLocationOff callingUid=1002
09-01 14:24:53.161 I/BluetoothUtils( 8588): packagename is android.uid.bluetooth:1002 ,and its permission is false
09-01 14:24:53.161 D/BluetoothUtils( 8588): blockedByLocationOff callingUid=1002
09-01 14:24:53.162 I/BluetoothUtils( 8588): packagename is android.uid.bluetooth:1002 ,and its permission is false
09-01 14:24:53.165 V/bt_stack( 8588): [VERBOSE1:btm_ble_gap.cc(1923)] btm_ble_process_ext_adv_pkt: bda=07:5a:b0:04:f2:ba
09-01 14:24:53.165 V/bt_stack( 8588): [VERBOSE1:btm_ble_gap.cc(1847)] btm_ble_process_adv_addr: bda=07:5a:b0:04:f2:ba
09-01 14:24:53.166 D/BluetoothUtils( 8588): blockedByLocationOff callingUid=1002
09-01 14:24:53.166 I/BluetoothUtils( 8588): packagename is android.uid.bluetooth:1002 ,and its permission is false
09-01 14:24:53.166 D/BluetoothUtils( 8588): blockedByLocationOff callingUid=1002
09-01 14:24:53.167 I/BluetoothUtils( 8588): packagename is android.uid.bluetooth:1002 ,and its permission is false
09-01 14:24:53.167 D/BluetoothUtils( 8588): blockedByLocationOff callingUid=1002
09-01 14:24:53.167 I/BluetoothUtils( 8588): packagename is android.uid.bluetooth:1002 ,and its permission is false
09-01 14:24:53.175 V/bt_stack( 8588): [VERBOSE1:btm_ble_gap.cc(1923)] btm_ble_process_ext_adv_pkt: bda=18:81:0e:e0:a8:6d
09-01 14:24:53.175 V/bt_stack( 8588): [VERBOSE1:btm_ble_gap.cc(1847)] btm_ble_process_adv_addr: bda=18:81:0e:e0:a8:6d
09-01 14:24:53.175 V/bt_stack( 8588): [VERBOSE1:btm_ble_gap.cc(2052)]  Waiting for scan response 18:81:0e:e0:a8:6d
09-01 14:24:53.175 V/bt_stack( 8588): [VERBOSE1:btm_ble_gap.cc(1923)] btm_ble_process_ext_adv_pkt: bda=33:55:74:83:d5:3a
09-01 14:24:53.175 V/bt_stack( 8588): [VERBOSE1:btm_ble_gap.cc(1847)] btm_ble_process_adv_addr: bda=33:55:74:83:d5:3a
09-01 14:24:53.177 D/BluetoothUtils( 8588): blockedByLocationOff callingUid=1002
09-01 14:24:53.177 I/BluetoothUtils( 8588): packagename is android.uid.bluetooth:1002 ,and its permission is false
09-01 14:24:53.177 D/BluetoothUtils( 8588): blockedByLocationOff callingUid=1002
09-01 14:24:53.177 I/BluetoothUtils( 8588): packagename is android.uid.bluetooth:1002 ,and its permission is false
09-01 14:24:53.177 D/BluetoothUtils( 8588): blockedByLocationOff callingUid=1002
09-01 14:24:53.178 I/BluetoothUtils( 8588): packagename is android.uid.bluetooth:1002 ,and its permission is false
09-01 14:24:53.195 V/bt_stack( 8588): [VERBOSE1:btm_ble_gap.cc(1923)] btm_ble_process_ext_adv_pkt: bda=71:d8:ac:89:39:0d
09-01 14:24:53.195 V/bt_stack( 8588): [VERBOSE1:btm_ble_gap.cc(1847)] btm_ble_process_adv_addr: bda=71:d8:ac:89:39:0d
09-01 14:24:53.195 V/bt_stack( 8588): [VERBOSE1:btm_ble_gap.cc(2052)]  Waiting for scan response 71:d8:ac:89:39:0d
09-01 14:24:53.197 V/bt_stack( 8588): [VERBOSE1:btm_ble_gap.cc(1923)] btm_ble_process_ext_adv_pkt: bda=fe:e1:62:0f:0c:8e
09-01 14:24:53.197 V/bt_stack( 8588): [VERBOSE1:btm_ble_gap.cc(1847)] btm_ble_process_adv_addr: bda=fe:e1:62:0f:0c:8e
09-01 14:24:53.197 V/bt_stack( 8588): [VERBOSE1:btm_ble_gap.cc(2052)]  Waiting for scan response fe:e1:62:0f:0c:8e
09-01 14:24:53.198 V/bt_stack( 8588): [VERBOSE1:btm_ble_gap.cc(1923)] btm_ble_process_ext_adv_pkt: bda=38:f9:d3:45:87:1e
09-01 14:24:53.198 V/bt_stack( 8588): [VERBOSE1:btm_ble_gap.cc(1847)] btm_ble_process_adv_addr: bda=38:f9:d3:45:87:1e
09-01 14:24:53.198 V/bt_stack( 8588): [VERBOSE1:btm_ble_gap.cc(2052)]  Waiting for scan response 38:f9:d3:45:87:1e
09-01 14:24:53.198 V/bt_stack( 8588): [VERBOSE1:btm_ble_gap.cc(1923)] btm_ble_process_ext_adv_pkt: bda=38:f9:d3:45:87:1e
09-01 14:24:53.198 V/bt_stack( 8588): [VERBOSE1:btm_ble_gap.cc(1847)] btm_ble_process_adv_addr: bda=38:f9:d3:45:87:1e
09-01 14:24:53.200 D/BluetoothUtils( 8588): blockedByLocationOff callingUid=1002
09-01 14:24:53.201 I/BluetoothUtils( 8588): packagename is android.uid.bluetooth:1002 ,and its permission is false
09-01 14:24:53.201 D/BluetoothUtils( 8588): blockedByLocationOff callingUid=1002
09-01 14:24:53.201 I/BluetoothUtils( 8588): packagename is android.uid.bluetooth:1002 ,and its permission is false
09-01 14:24:53.201 D/BluetoothUtils( 8588): blockedByLocationOff callingUid=1002
09-01 14:24:53.202 I/BluetoothUtils( 8588): packagename is android.uid.bluetooth:1002 ,and its permission is false
09-01 14:24:53.204 V/bt_stack( 8588): [VERBOSE1:btm_ble_gap.cc(1923)] btm_ble_process_ext_adv_pkt: bda=59:b2:14:05:95:91
09-01 14:24:53.204 V/bt_stack( 8588): [VERBOSE1:btm_ble_gap.cc(1847)] btm_ble_process_adv_addr: bda=59:b2:14:05:95:91
09-01 14:24:53.204 V/bt_stack( 8588): [VERBOSE1:btm_ble_gap.cc(2052)]  Waiting for scan response 59:b2:14:05:95:91
09-01 14:24:53.204 V/bt_stack( 8588): [VERBOSE1:btm_ble_gap.cc(1923)] btm_ble_process_ext_adv_pkt: bda=59:b2:14:05:95:91
09-01 14:24:53.204 V/bt_stack( 8588): [VERBOSE1:btm_ble_gap.cc(1847)] btm_ble_process_adv_addr: bda=59:b2:14:05:95:91
09-01 14:24:53.205 V/bt_stack( 8588): [VERBOSE1:btm_ble_gap.cc(1923)] btm_ble_process_ext_adv_pkt: bda=59:bb:67:f0:94:3c
09-01 14:24:53.205 V/bt_stack( 8588): [VERBOSE1:btm_ble_gap.cc(1847)] btm_ble_process_adv_addr: bda=59:bb:67:f0:94:3c
09-01 14:24:53.206 D/BluetoothUtils( 8588): blockedByLocationOff callingUid=1002
09-01 14:24:53.206 I/BluetoothUtils( 8588): packagename is android.uid.bluetooth:1002 ,and its permission is false
09-01 14:24:53.206 D/BluetoothUtils( 8588): blockedByLocationOff callingUid=1002
09-01 14:24:53.206 I/BluetoothUtils( 8588): packagename is android.uid.bluetooth:1002 ,and its permission is false
09-01 14:24:53.206 D/BluetoothUtils( 8588): blockedByLocationOff callingUid=1002
09-01 14:24:53.207 I/BluetoothUtils( 8588): packagename is android.uid.bluetooth:1002 ,and its permission is false
09-01 14:24:53.207 D/BluetoothUtils( 8588): blockedByLocationOff callingUid=1002
09-01 14:24:53.208 I/BluetoothUtils( 8588): packagename is android.uid.bluetooth:1002 ,and its permission is false
09-01 14:24:53.208 D/BluetoothUtils( 8588): blockedByLocationOff callingUid=1002
09-01 14:24:53.208 I/BluetoothUtils( 8588): packagename is android.uid.bluetooth:1002 ,and its permission is false
09-01 14:24:53.208 D/BluetoothUtils( 8588): blockedByLocationOff callingUid=1002
09-01 14:24:53.209 I/BluetoothUtils( 8588): packagename is android.uid.bluetooth:1002 ,and its permission is false
09-01 14:24:53.211 V/bt_stack( 8588): [VERBOSE1:btm_ble_gap.cc(1923)] btm_ble_process_ext_adv_pkt: bda=66:3e:07:e0:2b:d4
09-01 14:24:53.211 V/bt_stack( 8588): [VERBOSE1:btm_ble_gap.cc(1847)] btm_ble_process_adv_addr: bda=66:3e:07:e0:2b:d4
09-01 14:24:53.211 V/bt_stack( 8588): [VERBOSE1:btm_ble_gap.cc(2052)]  Waiting for scan response 66:3e:07:e0:2b:d4
09-01 14:24:53.211 V/bt_stack( 8588): [VERBOSE1:btm_ble_gap.cc(1923)] btm_ble_process_ext_adv_pkt: bda=66:3e:07:e0:2b:d4
09-01 14:24:53.211 V/bt_stack( 8588): [VERBOSE1:btm_ble_gap.cc(1847)] btm_ble_process_adv_addr: bda=66:3e:07:e0:2b:d4
09-01 14:24:53.212 D/BluetoothUtils( 8588): blockedByLocationOff callingUid=1002
09-01 14:24:53.212 I//system/vendor/bin/mi_thermald( 1070): thermal_cpu_set_level: set cpu freq of cpu7 to 2419200
09-01 14:24:53.212 I/BluetoothUtils( 8588): packagename is android.uid.bluetooth:1002 ,and its permission is false
09-01 14:24:53.212 D/BluetoothUtils( 8588): blockedByLocationOff callingUid=1002
09-01 14:24:53.212 I/BluetoothUtils( 8588): packagename is android.uid.bluetooth:1002 ,and its permission is false
09-01 14:24:53.213 D/BluetoothUtils( 8588): blockedByLocationOff callingUid=1002
09-01 14:24:53.213 I/BluetoothUtils( 8588): packagename is android.uid.bluetooth:1002 ,and its permission is false
09-01 14:24:53.220 V/bt_stack( 8588): [VERBOSE1:btm_ble_gap.cc(1923)] btm_ble_process_ext_adv_pkt: bda=67:ec:83:7e:42:50
09-01 14:24:53.220 V/bt_stack( 8588): [VERBOSE1:btm_ble_gap.cc(1847)] btm_ble_process_adv_addr: bda=67:ec:83:7e:42:50
09-01 14:24:53.220 V/bt_stack( 8588): [VERBOSE1:btm_ble_gap.cc(2052)]  Waiting for scan response 67:ec:83:7e:42:50
09-01 14:24:53.220 V/bt_stack( 8588): [VERBOSE1:btm_ble_gap.cc(1923)] btm_ble_process_ext_adv_pkt: bda=36:c9:49:a0:b6:9d
09-01 14:24:53.220 V/bt_stack( 8588): [VERBOSE1:btm_ble_gap.cc(1847)] btm_ble_process_adv_addr: bda=36:c9:49:a0:b6:9d
09-01 14:24:53.220 V/bt_stack( 8588): [VERBOSE1:btm_ble_gap.cc(1923)] btm_ble_process_ext_adv_pkt: bda=2e:17:70:f9:0b:48
09-01 14:24:53.220 V/bt_stack( 8588): [VERBOSE1:btm_ble_gap.cc(1847)] btm_ble_process_adv_addr: bda=2e:17:70:f9:0b:48
09-01 14:24:53.221 D/BluetoothUtils( 8588): blockedByLocationOff callingUid=1002
09-01 14:24:53.222 I/BluetoothUtils( 8588): packagename is android.uid.bluetooth:1002 ,and its permission is false
09-01 14:24:53.222 D/BluetoothUtils( 8588): blockedByLocationOff callingUid=1002
09-01 14:24:53.222 I/BluetoothUtils( 8588): packagename is android.uid.bluetooth:1002 ,and its permission is false
09-01 14:24:53.222 D/BluetoothUtils( 8588): blockedByLocationOff callingUid=1002
09-01 14:24:53.222 I/BluetoothUtils( 8588): packagename is android.uid.bluetooth:1002 ,and its permission is false
09-01 14:24:53.223 V/bt_stack( 8588): [VERBOSE1:btm_ble_gap.cc(1923)] btm_ble_process_ext_adv_pkt: bda=30:b8:83:fe:c9:1f
09-01 14:24:53.223 V/bt_stack( 8588): [VERBOSE1:btm_ble_gap.cc(1847)] btm_ble_process_adv_addr: bda=30:b8:83:fe:c9:1f
09-01 14:24:53.223 D/BluetoothUtils( 8588): blockedByLocationOff callingUid=1002
09-01 14:24:53.224 I/BluetoothUtils( 8588): packagename is android.uid.bluetooth:1002 ,and its permission is false
09-01 14:24:53.224 D/BluetoothUtils( 8588): blockedByLocationOff callingUid=1002
09-01 14:24:53.224 I/BluetoothUtils( 8588): packagename is android.uid.bluetooth:1002 ,and its permission is false
09-01 14:24:53.224 D/BluetoothUtils( 8588): blockedByLocationOff callingUid=1002
09-01 14:24:53.224 I/BluetoothUtils( 8588): packagename is android.uid.bluetooth:1002 ,and its permission is false
09-01 14:24:53.225 D/BluetoothUtils( 8588): blockedByLocationOff callingUid=1002
09-01 14:24:53.226 I/BluetoothUtils( 8588): packagename is android.uid.bluetooth:1002 ,and its permission is false
09-01 14:24:53.226 D/BluetoothUtils( 8588): blockedByLocationOff callingUid=1002
09-01 14:24:53.226 I/BluetoothUtils( 8588): packagename is android.uid.bluetooth:1002 ,and its permission is false
09-01 14:24:53.226 D/BluetoothUtils( 8588): blockedByLocationOff callingUid=1002
09-01 14:24:53.226 I/BluetoothUtils( 8588): packagename is android.uid.bluetooth:1002 ,and its permission is false
09-01 14:24:53.230 V/bt_stack( 8588): [VERBOSE1:btm_ble_gap.cc(1923)] btm_ble_process_ext_adv_pkt: bda=17:be:83:99:5a:17
09-01 14:24:53.230 V/bt_stack( 8588): [VERBOSE1:btm_ble_gap.cc(1847)] btm_ble_process_adv_addr: bda=17:be:83:99:5a:17
09-01 14:24:53.231 D/BluetoothUtils( 8588): blockedByLocationOff callingUid=1002
09-01 14:24:53.231 I/BluetoothUtils( 8588): packagename is android.uid.bluetooth:1002 ,and its permission is false
09-01 14:24:53.231 D/BluetoothUtils( 8588): blockedByLocationOff callingUid=1002
09-01 14:24:53.231 I/BluetoothUtils( 8588): packagename is android.uid.bluetooth:1002 ,and its permission is false
09-01 14:24:53.232 D/BluetoothUtils( 8588): blockedByLocationOff callingUid=1002
09-01 14:24:53.232 I/BluetoothUtils( 8588): packagename is android.uid.bluetooth:1002 ,and its permission is false
09-01 14:24:53.244 V/bt_stack( 8588): [VERBOSE1:btm_ble_gap.cc(1923)] btm_ble_process_ext_adv_pkt: bda=0c:1a:06:0e:96:57
09-01 14:24:53.244 V/bt_stack( 8588): [VERBOSE1:btm_ble_gap.cc(1847)] btm_ble_process_adv_addr: bda=0c:1a:06:0e:96:57
09-01 14:24:53.245 D/BluetoothUtils( 8588): blockedByLocationOff callingUid=1002
09-01 14:24:53.246 I/BluetoothUtils( 8588): packagename is android.uid.bluetooth:1002 ,and its permission is false
09-01 14:24:53.246 D/BluetoothUtils( 8588): blockedByLocationOff callingUid=1002
09-01 14:24:53.246 I/BluetoothUtils( 8588): packagename is android.uid.bluetooth:1002 ,and its permission is false
09-01 14:24:53.246 D/BluetoothUtils( 8588): blockedByLocationOff callingUid=1002
09-01 14:24:53.246 I/BluetoothUtils( 8588): packagename is android.uid.bluetooth:1002 ,and its permission is false
09-01 14:24:53.249 V/bt_stack( 8588): [VERBOSE1:btm_ble_gap.cc(1923)] btm_ble_process_ext_adv_pkt: bda=25:4e:aa:3f:5d:41
09-01 14:24:53.249 V/bt_stack( 8588): [VERBOSE1:btm_ble_gap.cc(1847)] btm_ble_process_adv_addr: bda=25:4e:aa:3f:5d:41
09-01 14:24:53.249 D/BluetoothUtils( 8588): blockedByLocationOff callingUid=1002
09-01 14:24:53.250 I/BluetoothUtils( 8588): packagename is android.uid.bluetooth:1002 ,and its permission is false
09-01 14:24:53.250 D/BluetoothUtils( 8588): blockedByLocationOff callingUid=1002
09-01 14:24:53.250 I/BluetoothUtils( 8588): packagename is android.uid.bluetooth:1002 ,and its permission is false
09-01 14:24:53.250 D/BluetoothUtils( 8588): blockedByLocationOff callingUid=1002
09-01 14:24:53.250 I/BluetoothUtils( 8588): packagename is android.uid.bluetooth:1002 ,and its permission is false
09-01 14:24:53.251 I/appium  ( 4037): AppiumResponse: {"sessionId":"f0ce778c-9a08-42fe-b827-2bc440618298","value":{"ELEMENT":"b6f88402-90ab-466a-b3dc-955ef6f6ec0f","element-6066-11e4-a52e-4f735466cecf":"b6f88402-90ab-466a-b3dc-955ef6f6ec0f"}}
09-01 14:24:53.260 V/bt_stack( 8588): [VERBOSE1:btm_ble_gap.cc(1923)] btm_ble_process_ext_adv_pkt: bda=2f:3a:5d:02:04:9c
09-01 14:24:53.260 V/bt_stack( 8588): [VERBOSE1:btm_ble_gap.cc(1847)] btm_ble_process_adv_addr: bda=2f:3a:5d:02:04:9c
09-01 14:24:53.261 D/BluetoothUtils( 8588): blockedByLocationOff callingUid=1002
09-01 14:24:53.262 I/BluetoothUtils( 8588): packagename is android.uid.bluetooth:1002 ,and its permission is false
09-01 14:24:53.262 D/BluetoothUtils( 8588): blockedByLocationOff callingUid=1002
09-01 14:24:53.262 I/BluetoothUtils( 8588): packagename is android.uid.bluetooth:1002 ,and its permission is false
09-01 14:24:53.262 D/BluetoothUtils( 8588): blockedByLocationOff callingUid=1002
09-01 14:24:53.262 I/BluetoothUtils( 8588): packagename is android.uid.bluetooth:1002 ,and its permission is false
09-01 14:24:53.266 V/bt_stack( 8588): [VERBOSE1:btm_ble_gap.cc(1923)] btm_ble_process_ext_adv_pkt: bda=12:1c:38:cd:04:e8
09-01 14:24:53.266 V/bt_stack( 8588): [VERBOSE1:btm_ble_gap.cc(1847)] btm_ble_process_adv_addr: bda=12:1c:38:cd:04:e8
09-01 14:24:53.267 D/BluetoothUtils( 8588): blockedByLocationOff callingUid=1002
09-01 14:24:53.267 I/appium  ( 4037): channel read invoked!
09-01 14:24:53.267 I/appium  ( 4037): channel read: GET /wd/hub/session/f0ce778c-9a08-42fe-b827-2bc440618298/element/b6f88402-90ab-466a-b3dc-955ef6f6ec0f/attribute/text
09-01 14:24:53.268 I/appium  ( 4037): get attribute of element command
09-01 14:24:53.268 I/BluetoothUtils( 8588): packagename is android.uid.bluetooth:1002 ,and its permission is false
09-01 14:24:53.268 D/BluetoothUtils( 8588): blockedByLocationOff callingUid=1002
09-01 14:24:53.268 I/BluetoothUtils( 8588): packagename is android.uid.bluetooth:1002 ,and its permission is false
09-01 14:24:53.268 D/BluetoothUtils( 8588): blockedByLocationOff callingUid=1002
09-01 14:24:53.268 I/BluetoothUtils( 8588): packagename is android.uid.bluetooth:1002 ,and its permission is false
09-01 14:24:53.272 V/bt_stack( 8588): [VERBOSE1:btm_ble_gap.cc(1923)] btm_ble_process_ext_adv_pkt: bda=63:e7:6b:57:ac:90
09-01 14:24:53.272 V/bt_stack( 8588): [VERBOSE1:btm_ble_gap.cc(1847)] btm_ble_process_adv_addr: bda=63:e7:6b:57:ac:90
09-01 14:24:53.272 V/bt_stack( 8588): [VERBOSE1:btm_ble_gap.cc(2052)]  Waiting for scan response 63:e7:6b:57:ac:90
09-01 14:24:53.272 V/bt_stack( 8588): [VERBOSE1:btm_ble_gap.cc(1923)] btm_ble_process_ext_adv_pkt: bda=63:e7:6b:57:ac:90
09-01 14:24:53.272 V/bt_stack( 8588): [VERBOSE1:btm_ble_gap.cc(1847)] btm_ble_process_adv_addr: bda=63:e7:6b:57:ac:90
09-01 14:24:53.273 D/BluetoothUtils( 8588): blockedByLocationOff callingUid=1002
09-01 14:24:53.274 I/BluetoothUtils( 8588): packagename is android.uid.bluetooth:1002 ,and its permission is false
09-01 14:24:53.274 D/BluetoothUtils( 8588): blockedByLocationOff callingUid=1002
09-01 14:24:53.274 I/BluetoothUtils( 8588): packagename is android.uid.bluetooth:1002 ,and its permission is false
09-01 14:24:53.274 D/BluetoothUtils( 8588): blockedByLocationOff callingUid=1002
09-01 14:24:53.275 I/BluetoothUtils( 8588): packagename is android.uid.bluetooth:1002 ,and its permission is false
09-01 14:24:53.290 V/bt_stack( 8588): [VERBOSE1:btm_ble_gap.cc(1923)] btm_ble_process_ext_adv_pkt: bda=6c:37:b5:6b:a1:b8
09-01 14:24:53.291 V/bt_stack( 8588): [VERBOSE1:btm_ble_gap.cc(1847)] btm_ble_process_adv_addr: bda=6c:37:b5:6b:a1:b8
09-01 14:24:53.291 V/bt_stack( 8588): [VERBOSE1:btm_ble_gap.cc(2052)]  Waiting for scan response 6c:37:b5:6b:a1:b8
09-01 14:24:53.291 V/bt_stack( 8588): [VERBOSE1:btm_ble_gap.cc(1923)] btm_ble_process_ext_adv_pkt: bda=6c:37:b5:6b:a1:b8
09-01 14:24:53.291 V/bt_stack( 8588): [VERBOSE1:btm_ble_gap.cc(1847)] btm_ble_process_adv_addr: bda=6c:37:b5:6b:a1:b8
09-01 14:24:53.292 D/BluetoothUtils( 8588): blockedByLocationOff callingUid=1002
09-01 14:24:53.292 I/BluetoothUtils( 8588): packagename is android.uid.bluetooth:1002 ,and its permission is false
09-01 14:24:53.292 D/BluetoothUtils( 8588): blockedByLocationOff callingUid=1002
09-01 14:24:53.293 I/BluetoothUtils( 8588): packagename is android.uid.bluetooth:1002 ,and its permission is false
09-01 14:24:53.293 D/BluetoothUtils( 8588): blockedByLocationOff callingUid=1002
09-01 14:24:53.293 I/BluetoothUtils( 8588): packagename is android.uid.bluetooth:1002 ,and its permission is false
09-01 14:24:53.306 V/bt_stack( 8588): [VERBOSE1:btm_ble_gap.cc(1923)] btm_ble_process_ext_adv_pkt: bda=24:49:6a:9c:39:02
09-01 14:24:53.306 V/bt_stack( 8588): [VERBOSE1:btm_ble_gap.cc(1847)] btm_ble_process_adv_addr: bda=24:49:6a:9c:39:02
09-01 14:24:53.307 V/bt_stack( 8588): [VERBOSE1:btm_ble_gap.cc(1923)] btm_ble_process_ext_adv_pkt: bda=0a:29:89:b7:c8:4a
09-01 14:24:53.307 V/bt_stack( 8588): [VERBOSE1:btm_ble_gap.cc(1847)] btm_ble_process_adv_addr: bda=0a:29:89:b7:c8:4a
09-01 14:24:53.308 D/BluetoothUtils( 8588): blockedByLocationOff callingUid=1002
09-01 14:24:53.309 I/BluetoothUtils( 8588): packagename is android.uid.bluetooth:1002 ,and its permission is false
09-01 14:24:53.309 D/BluetoothUtils( 8588): blockedByLocationOff callingUid=1002
09-01 14:24:53.309 I/BluetoothUtils( 8588): packagename is android.uid.bluetooth:1002 ,and its permission is false
09-01 14:24:53.310 D/BluetoothUtils( 8588): blockedByLocationOff callingUid=1002
09-01 14:24:53.310 I/BluetoothUtils( 8588): packagename is android.uid.bluetooth:1002 ,and its permission is false
09-01 14:24:53.311 D/BluetoothUtils( 8588): blockedByLocationOff callingUid=1002
09-01 14:24:53.312 I/BluetoothUtils( 8588): packagename is android.uid.bluetooth:1002 ,and its permission is false
09-01 14:24:53.312 D/BluetoothUtils( 8588): blockedByLocationOff callingUid=1002
09-01 14:24:53.312 I/BluetoothUtils( 8588): packagename is android.uid.bluetooth:1002 ,and its permission is false
09-01 14:24:53.312 D/BluetoothUtils( 8588): blockedByLocationOff callingUid=1002
09-01 14:24:53.313 I/BluetoothUtils( 8588): packagename is android.uid.bluetooth:1002 ,and its permission is false
09-01 14:24:53.332 V/bt_stack( 8588): [VERBOSE1:btm_ble_gap.cc(1923)] btm_ble_process_ext_adv_pkt: bda=3c:22:fb:3d:0a:8f
09-01 14:24:53.332 V/bt_stack( 8588): [VERBOSE1:btm_ble_gap.cc(1847)] btm_ble_process_adv_addr: bda=3c:22:fb:3d:0a:8f
09-01 14:24:53.332 V/bt_stack( 8588): [VERBOSE1:btm_ble_gap.cc(2052)]  Waiting for scan response 3c:22:fb:3d:0a:8f
09-01 14:24:53.332 V/bt_stack( 8588): [VERBOSE1:btm_ble_gap.cc(1923)] btm_ble_process_ext_adv_pkt: bda=3c:22:fb:3d:0a:8f
09-01 14:24:53.332 V/bt_stack( 8588): [VERBOSE1:btm_ble_gap.cc(1847)] btm_ble_process_adv_addr: bda=3c:22:fb:3d:0a:8f
09-01 14:24:53.334 D/BluetoothUtils( 8588): blockedByLocationOff callingUid=1002
09-01 14:24:53.335 I/BluetoothUtils( 8588): packagename is android.uid.bluetooth:1002 ,and its permission is false
09-01 14:24:53.335 D/BluetoothUtils( 8588): blockedByLocationOff callingUid=1002
09-01 14:24:53.336 I/BluetoothUtils( 8588): packagename is android.uid.bluetooth:1002 ,and its permission is false
09-01 14:24:53.336 D/BluetoothUtils( 8588): blockedByLocationOff callingUid=1002
09-01 14:24:53.336 I/BluetoothUtils( 8588): packagename is android.uid.bluetooth:1002 ,and its permission is false
09-01 14:24:53.336 V/bt_stack( 8588): [VERBOSE1:btm_ble_gap.cc(1923)] btm_ble_process_ext_adv_pkt: bda=17:be:83:99:5a:17
09-01 14:24:53.336 V/bt_stack( 8588): [VERBOSE1:btm_ble_gap.cc(1847)] btm_ble_process_adv_addr: bda=17:be:83:99:5a:17
09-01 14:24:53.339 D/BluetoothUtils( 8588): blockedByLocationOff callingUid=1002
09-01 14:24:53.339 I/BluetoothUtils( 8588): packagename is android.uid.bluetooth:1002 ,and its permission is false
09-01 14:24:53.339 V/bt_stack( 8588): [VERBOSE1:btm_ble_gap.cc(1923)] btm_ble_process_ext_adv_pkt: bda=26:c8:00:52:93:8d
09-01 14:24:53.339 D/BluetoothUtils( 8588): blockedByLocationOff callingUid=1002
09-01 14:24:53.340 V/bt_stack( 8588): [VERBOSE1:btm_ble_gap.cc(1847)] btm_ble_process_adv_addr: bda=26:c8:00:52:93:8d
09-01 14:24:53.340 I/BluetoothUtils( 8588): packagename is android.uid.bluetooth:1002 ,and its permission is false
09-01 14:24:53.340 D/BluetoothUtils( 8588): blockedByLocationOff callingUid=1002
09-01 14:24:53.340 I/BluetoothUtils( 8588): packagename is android.uid.bluetooth:1002 ,and its permission is false
09-01 14:24:53.342 D/BluetoothUtils( 8588): blockedByLocationOff callingUid=1002
09-01 14:24:53.342 I/BluetoothUtils( 8588): packagename is android.uid.bluetooth:1002 ,and its permission is false
09-01 14:24:53.342 D/BluetoothUtils( 8588): blockedByLocationOff callingUid=1002
09-01 14:24:53.343 I/BluetoothUtils( 8588): packagename is android.uid.bluetooth:1002 ,and its permission is false
09-01 14:24:53.343 D/BluetoothUtils( 8588): blockedByLocationOff callingUid=1002
09-01 14:24:53.343 I/BluetoothUtils( 8588): packagename is android.uid.bluetooth:1002 ,and its permission is false
09-01 14:24:53.347 V/bt_stack( 8588): [VERBOSE1:btm_ble_gap.cc(1923)] btm_ble_process_ext_adv_pkt: bda=5b:ac:e3:62:1e:4e
09-01 14:24:53.347 V/bt_stack( 8588): [VERBOSE1:btm_ble_gap.cc(1847)] btm_ble_process_adv_addr: bda=5b:ac:e3:62:1e:4e
09-01 14:24:53.348 D/BluetoothUtils( 8588): blockedByLocationOff callingUid=1002
09-01 14:24:53.349 I/BluetoothUtils( 8588): packagename is android.uid.bluetooth:1002 ,and its permission is false
09-01 14:24:53.349 D/BluetoothUtils( 8588): blockedByLocationOff callingUid=1002
09-01 14:24:53.349 I/BluetoothUtils( 8588): packagename is android.uid.bluetooth:1002 ,and its permission is false
09-01 14:24:53.349 D/BluetoothUtils( 8588): blockedByLocationOff callingUid=1002
09-01 14:24:53.350 I/BluetoothUtils( 8588): packagename is android.uid.bluetooth:1002 ,and its permission is false
09-01 14:24:53.350 I/MiuiNetworkPolicy( 1639): bandwidth: 170 KB/s, Max bandwidth: 1898 KB/s
09-01 14:24:53.364 V/bt_stack( 8588): [VERBOSE1:btm_ble_gap.cc(1923)] btm_ble_process_ext_adv_pkt: bda=18:81:0e:e0:a8:6d
09-01 14:24:53.365 V/bt_stack( 8588): [VERBOSE1:btm_ble_gap.cc(1847)] btm_ble_process_adv_addr: bda=18:81:0e:e0:a8:6d
09-01 14:24:53.365 V/bt_stack( 8588): [VERBOSE1:btm_ble_gap.cc(2052)]  Waiting for scan response 18:81:0e:e0:a8:6d
09-01 14:24:53.365 V/bt_stack( 8588): [VERBOSE1:btm_ble_gap.cc(1923)] btm_ble_process_ext_adv_pkt: bda=ef:c7:41:c6:68:90
09-01 14:24:53.365 V/bt_stack( 8588): [VERBOSE1:btm_ble_gap.cc(1847)] btm_ble_process_adv_addr: bda=ef:c7:41:c6:68:90
09-01 14:24:53.365 V/bt_stack( 8588): [VERBOSE1:btm_ble_gap.cc(2052)]  Waiting for scan response ef:c7:41:c6:68:90
09-01 14:24:53.365 V/bt_stack( 8588): [VERBOSE1:btm_ble_gap.cc(1923)] btm_ble_process_ext_adv_pkt: bda=2f:3a:5d:02:04:9c
09-01 14:24:53.365 V/bt_stack( 8588): [VERBOSE1:btm_ble_gap.cc(1847)] btm_ble_process_adv_addr: bda=2f:3a:5d:02:04:9c
09-01 14:24:53.368 D/BluetoothUtils( 8588): blockedByLocationOff callingUid=1002
09-01 14:24:53.369 I/BluetoothUtils( 8588): packagename is android.uid.bluetooth:1002 ,and its permission is false
09-01 14:24:53.369 D/BluetoothUtils( 8588): blockedByLocationOff callingUid=1002
09-01 14:24:53.370 I/BluetoothUtils( 8588): packagename is android.uid.bluetooth:1002 ,and its permission is false
09-01 14:24:53.370 D/BluetoothUtils( 8588): blockedByLocationOff callingUid=1002
09-01 14:24:53.370 I/BluetoothUtils( 8588): packagename is android.uid.bluetooth:1002 ,and its permission is false
09-01 14:24:53.372 V/bt_stack( 8588): [VERBOSE1:btm_ble_gap.cc(1923)] btm_ble_process_ext_adv_pkt: bda=71:d8:ac:89:39:0d
09-01 14:24:53.372 V/bt_stack( 8588): [VERBOSE1:btm_ble_gap.cc(1847)] btm_ble_process_adv_addr: bda=71:d8:ac:89:39:0d
09-01 14:24:53.372 V/bt_stack( 8588): [VERBOSE1:btm_ble_gap.cc(2052)]  Waiting for scan response 71:d8:ac:89:39:0d
09-01 14:24:53.372 V/bt_stack( 8588): [VERBOSE1:btm_ble_gap.cc(1923)] btm_ble_process_ext_adv_pkt: bda=2a:99:8c:12:d1:b1
09-01 14:24:53.372 V/bt_stack( 8588): [VERBOSE1:btm_ble_gap.cc(1847)] btm_ble_process_adv_addr: bda=2a:99:8c:12:d1:b1
09-01 14:24:53.374 D/BluetoothUtils( 8588): blockedByLocationOff callingUid=1002
09-01 14:24:53.375 I/BluetoothUtils( 8588): packagename is android.uid.bluetooth:1002 ,and its permission is false
09-01 14:24:53.375 D/BluetoothUtils( 8588): blockedByLocationOff callingUid=1002
09-01 14:24:53.375 I/BluetoothUtils( 8588): packagename is android.uid.bluetooth:1002 ,and its permission is false
09-01 14:24:53.375 D/BluetoothUtils( 8588): blockedByLocationOff callingUid=1002
09-01 14:24:53.375 I/BluetoothUtils( 8588): packagename is android.uid.bluetooth:1002 ,and its permission is false
09-01 14:24:53.377 V/bt_stack( 8588): [VERBOSE1:btm_ble_gap.cc(1923)] btm_ble_process_ext_adv_pkt: bda=07:5a:b0:04:f2:ba
09-01 14:24:53.377 V/bt_stack( 8588): [VERBOSE1:btm_ble_gap.cc(1847)] btm_ble_process_adv_addr: bda=07:5a:b0:04:f2:ba
09-01 14:24:53.378 D/BluetoothUtils( 8588): blockedByLocationOff callingUid=1002
09-01 14:24:53.378 I/BluetoothUtils( 8588): packagename is android.uid.bluetooth:1002 ,and its permission is false
09-01 14:24:53.379 D/BluetoothUtils( 8588): blockedByLocationOff callingUid=1002
09-01 14:24:53.379 I/BluetoothUtils( 8588): packagename is android.uid.bluetooth:1002 ,and its permission is false
09-01 14:24:53.379 D/BluetoothUtils( 8588): blockedByLocationOff callingUid=1002
09-01 14:24:53.379 I/BluetoothUtils( 8588): packagename is android.uid.bluetooth:1002 ,and its permission is false
09-01 14:24:53.380 V/bt_stack( 8588): [VERBOSE1:btm_ble_gap.cc(1923)] btm_ble_process_ext_adv_pkt: bda=75:55:30:69:5d:bf
09-01 14:24:53.380 V/bt_stack( 8588): [VERBOSE1:btm_ble_gap.cc(1847)] btm_ble_process_adv_addr: bda=75:55:30:69:5d:bf
09-01 14:24:53.380 V/bt_stack( 8588): [VERBOSE1:btm_ble_gap.cc(2052)]  Waiting for scan response 75:55:30:69:5d:bf
09-01 14:24:53.380 V/bt_stack( 8588): [VERBOSE1:btm_ble_gap.cc(1923)] btm_ble_process_ext_adv_pkt: bda=75:55:30:69:5d:bf
09-01 14:24:53.381 V/bt_stack( 8588): [VERBOSE1:btm_ble_gap.cc(1847)] btm_ble_process_adv_addr: bda=75:55:30:69:5d:bf
09-01 14:24:53.381 V/bt_stack( 8588): [VERBOSE1:btm_ble_gap.cc(1923)] btm_ble_process_ext_adv_pkt: bda=53:56:a8:ef:e5:80
09-01 14:24:53.381 V/bt_stack( 8588): [VERBOSE1:btm_ble_gap.cc(1847)] btm_ble_process_adv_addr: bda=53:56:a8:ef:e5:80
09-01 14:24:53.381 V/bt_stack( 8588): [VERBOSE1:btm_ble_gap.cc(2052)]  Waiting for scan response 53:56:a8:ef:e5:80
09-01 14:24:53.381 V/bt_stack( 8588): [VERBOSE1:btm_ble_gap.cc(1923)] btm_ble_process_ext_adv_pkt: bda=53:56:a8:ef:e5:80
09-01 14:24:53.381 V/bt_stack( 8588): [VERBOSE1:btm_ble_gap.cc(1847)] btm_ble_process_adv_addr: bda=53:56:a8:ef:e5:80
09-01 14:24:53.382 D/BluetoothUtils( 8588): blockedByLocationOff callingUid=1002
09-01 14:24:53.382 I/BluetoothUtils( 8588): packagename is android.uid.bluetooth:1002 ,and its permission is false
09-01 14:24:53.382 D/BluetoothUtils( 8588): blockedByLocationOff callingUid=1002
09-01 14:24:53.383 I/BluetoothUtils( 8588): packagename is android.uid.bluetooth:1002 ,and its permission is false
09-01 14:24:53.383 D/BluetoothUtils( 8588): blockedByLocationOff callingUid=1002
09-01 14:24:53.383 I/BluetoothUtils( 8588): packagename is android.uid.bluetooth:1002 ,and its permission is false
09-01 14:24:53.384 D/BluetoothUtils( 8588): blockedByLocationOff callingUid=1002
09-01 14:24:53.384 I/BluetoothUtils( 8588): packagename is android.uid.bluetooth:1002 ,and its permission is false
09-01 14:24:53.384 D/BluetoothUtils( 8588): blockedByLocationOff callingUid=1002
09-01 14:24:53.385 I/BluetoothUtils( 8588): packagename is android.uid.bluetooth:1002 ,and its permission is false
09-01 14:24:53.385 D/BluetoothUtils( 8588): blockedByLocationOff callingUid=1002
09-01 14:24:53.385 I/BluetoothUtils( 8588): packagename is android.uid.bluetooth:1002 ,and its permission is false
09-01 14:24:53.386 V/bt_stack( 8588): [VERBOSE1:btm_ble_gap.cc(1923)] btm_ble_process_ext_adv_pkt: bda=38:f9:d3:45:87:1e
09-01 14:24:53.386 V/bt_stack( 8588): [VERBOSE1:btm_ble_gap.cc(1847)] btm_ble_process_adv_addr: bda=38:f9:d3:45:87:1e
09-01 14:24:53.386 V/bt_stack( 8588): [VERBOSE1:btm_ble_gap.cc(2052)]  Waiting for scan response 38:f9:d3:45:87:1e
09-01 14:24:53.386 V/bt_stack( 8588): [VERBOSE1:btm_ble_gap.cc(1923)] btm_ble_process_ext_adv_pkt: bda=38:f9:d3:45:87:1e
09-01 14:24:53.386 V/bt_stack( 8588): [VERBOSE1:btm_ble_gap.cc(1847)] btm_ble_process_adv_addr: bda=38:f9:d3:45:87:1e
09-01 14:24:53.387 D/BluetoothUtils( 8588): blockedByLocationOff callingUid=1002
09-01 14:24:53.388 I/BluetoothUtils( 8588): packagename is android.uid.bluetooth:1002 ,and its permission is false
09-01 14:24:53.388 D/BluetoothUtils( 8588): blockedByLocationOff callingUid=1002
09-01 14:24:53.388 I/BluetoothUtils( 8588): packagename is android.uid.bluetooth:1002 ,and its permission is false
09-01 14:24:53.388 D/BluetoothUtils( 8588): blockedByLocationOff callingUid=1002
09-01 14:24:53.388 I/BluetoothUtils( 8588): packagename is android.uid.bluetooth:1002 ,and its permission is false
09-01 14:24:53.391 V/bt_stack( 8588): [VERBOSE1:btm_ble_gap.cc(1923)] btm_ble_process_ext_adv_pkt: bda=11:82:f5:89:45:91
09-01 14:24:53.391 V/bt_stack( 8588): [VERBOSE1:btm_ble_gap.cc(1847)] btm_ble_process_adv_addr: bda=11:82:f5:89:45:91
09-01 14:24:53.392 D/BluetoothUtils( 8588): blockedByLocationOff callingUid=1002
09-01 14:24:53.392 I/BluetoothUtils( 8588): packagename is android.uid.bluetooth:1002 ,and its permission is false
09-01 14:24:53.392 V/bt_stack( 8588): [VERBOSE1:btm_ble_gap.cc(1923)] btm_ble_process_ext_adv_pkt: bda=66:3e:07:e0:2b:d4
09-01 14:24:53.392 D/BluetoothUtils( 8588): blockedByLocationOff callingUid=1002
09-01 14:24:53.392 V/bt_stack( 8588): [VERBOSE1:btm_ble_gap.cc(1847)] btm_ble_process_adv_addr: bda=66:3e:07:e0:2b:d4
09-01 14:24:53.392 V/bt_stack( 8588): [VERBOSE1:btm_ble_gap.cc(2052)]  Waiting for scan response 66:3e:07:e0:2b:d4
09-01 14:24:53.392 V/bt_stack( 8588): [VERBOSE1:btm_ble_gap.cc(1923)] btm_ble_process_ext_adv_pkt: bda=66:3e:07:e0:2b:d4
09-01 14:24:53.392 V/bt_stack( 8588): [VERBOSE1:btm_ble_gap.cc(1847)] btm_ble_process_adv_addr: bda=66:3e:07:e0:2b:d4
09-01 14:24:53.392 I/BluetoothUtils( 8588): packagename is android.uid.bluetooth:1002 ,and its permission is false
09-01 14:24:53.393 D/BluetoothUtils( 8588): blockedByLocationOff callingUid=1002
09-01 14:24:53.393 I/BluetoothUtils( 8588): packagename is android.uid.bluetooth:1002 ,and its permission is false
09-01 14:24:53.393 D/BluetoothUtils( 8588): blockedByLocationOff callingUid=1002
09-01 14:24:53.393 I/BluetoothUtils( 8588): packagename is android.uid.bluetooth:1002 ,and its permission is false
09-01 14:24:53.394 D/BluetoothUtils( 8588): blockedByLocationOff callingUid=1002
09-01 14:24:53.394 I/BluetoothUtils( 8588): packagename is android.uid.bluetooth:1002 ,and its permission is false
09-01 14:24:53.394 D/BluetoothUtils( 8588): blockedByLocationOff callingUid=1002
09-01 14:24:53.394 I/BluetoothUtils( 8588): packagename is android.uid.bluetooth:1002 ,and its permission is false
09-01 14:24:53.408 D/BluetoothAdapter( 4088): stopLeScan()
09-01 14:24:53.408 V/bt_stack( 8588): [VERBOSE1:btm_ble_gap.cc(1923)] btm_ble_process_ext_adv_pkt: bda=3a:95:e1:8a:cd:9b
09-01 14:24:53.408 V/bt_stack( 8588): [VERBOSE1:btm_ble_gap.cc(1847)] btm_ble_process_adv_addr: bda=3a:95:e1:8a:cd:9b
09-01 14:24:53.409 D/BluetoothAdapter( 4088): isLeEnabled(): ON
09-01 14:24:53.409 D/BtGatt.GattService( 8588): stopScan() - queue size =3
09-01 14:24:53.410 D/BluetoothUtils( 8588): blockedByLocationOff callingUid=1002
09-01 14:24:53.411 I/BtGatt.ScanManager( 8588): msg.what = 1
09-01 14:24:53.411 I/BluetoothUtils( 8588): packagename is android.uid.bluetooth:1002 ,and its permission is false
09-01 14:24:53.411 D/BluetoothUtils( 8588): blockedByLocationOff callingUid=1002
09-01 14:24:53.411 V/bt_stack( 8588): [VERBOSE1:btm_ble_gap.cc(1923)] btm_ble_process_ext_adv_pkt: bda=5c:29:57:19:d9:ea
09-01 14:24:53.411 V/bt_stack( 8588): [VERBOSE1:btm_ble_gap.cc(1847)] btm_ble_process_adv_addr: bda=5c:29:57:19:d9:ea
09-01 14:24:53.412 D/BtGatt.GattService( 8588): unregisterScanner() - scannerId=11
09-01 14:24:53.412 I/BluetoothUtils( 8588): packagename is android.uid.bluetooth:1002 ,and its permission is false
09-01 14:24:53.412 I/vendor.qti.bluetooth@1.0-ibs_handler(19843): DeviceWakeUp: Writing IBS_WAKE_IND
09-01 14:24:53.412 E/BtGatt.ContextMap( 8588): Context not found for ID 11
09-01 14:24:53.412 E/BtGatt.GattService( 8588): onScanResult appName: com.xiaomi.hm.health, scannerId: 11
09-01 14:24:53.412 V/bt_stack( 8588): [VERBOSE1:gatt_api.cc(1000)] GATT_Deregister gatt_if=11
09-01 14:24:53.412 V/bt_stack( 8588): [VERBOSE1:gatt_main.cc(1079)] gatt_get_ch_state: ch_state=4
09-01 14:24:53.412 V/bt_stack( 8588): [VERBOSE1:gatt_main.cc(307)] gatt_is_app_holding_linkgatt_if= 11not found;
09-01 14:24:53.412 V/bt_stack( 8588): [VERBOSE1:gatt_main.cc(359)] gatt_update_app_use_link_flag: is_add=0 chk_link=1
09-01 14:24:53.412 V/bt_stack( 8588): [VERBOSE1:gatt_main.cc(325)] gatt_update_app_hold_link_status
09-01 14:24:53.412 V/bt_stack( 8588): [VERBOSE1:gatt_main.cc(338)] attempt to remove nonexisting gatt_if=11
09-01 14:24:53.412 V/bt_stack( 8588): [VERBOSE1:connection_manager.cc(161)] on_app_deregistered : app_id 0x0b
09-01 14:24:53.412 I/vendor.qti.bluetooth@1.0-ibs_handler(19843): ProcessIbsCmd: Received IBS_WAKE_ACK: 0xFC
09-01 14:24:53.413 D/BluetoothUtils( 8588): blockedByLocationOff callingUid=1002
09-01 14:24:53.413 D/PowerKeeperPolicy( 1639): stopLeScan: BleScanWrapper[mClientIf = 11 mPendingIntent=null] uid=10241BleScanWrapper[mClientIf = 11 mPendingIntent=null]
09-01 14:24:53.414 I/BluetoothUtils( 8588): packagename is android.uid.bluetooth:1002 ,and its permission is false
09-01 14:24:53.414 D/BluetoothUtils( 8588): blockedByLocationOff callingUid=1002
09-01 14:24:53.414 I/BluetoothUtils( 8588): packagename is android.uid.bluetooth:1002 ,and its permission is false
09-01 14:24:53.415 D/BluetoothAdapter( 4088): startLeScan(): null
09-01 14:24:53.415 D/BtGatt.GattService( 8588): onScanFilterParamsConfigured() - clientIf=11, status=0, action=1, availableSpace=11
09-01 14:24:53.415 D/BtGatt.ScanManager( 8588): callback done for scannerId - 11 status - 0
09-01 14:24:53.415 D/BtGatt.ScanManager( 8588): configureRegularScanParams() - queue=2
09-01 14:24:53.415 D/BtGatt.ScanManager( 8588): configureRegularScanParams() - ScanSetting LE 1M Scan mode=0ScanSetting LE Coded Scan mode=0 mLastConfiguredScanSettingLE1M=2 mLastConfiguredScanSettingLECoded=2scanPhy=255
09-01 14:24:53.416 D/BluetoothAdapter( 4088): isLeEnabled(): ON
09-01 14:24:53.416 D/BtGatt.ScanManager( 8588): configureRegularScanParams - scanInterval LE 1M = 1500configureRegularScanParams - scanWindow LE 1M= 150configureRegularScanParams - scanInterval LE Coded= 1500configureRegularScanParams - scanWindow LE Coded= 150
09-01 14:24:53.416 I/BtGatt.ScanManager( 8588): msg.what = 1
09-01 14:24:53.416 D/BtGatt.ScanManager( 8588): regular client is null
09-01 14:24:53.416 D/BtGatt.ScanManager( 8588): batch client is null
09-01 14:24:53.416 D/BtGatt.GattService( 8588): onScanParamSetupCompleted : 0
09-01 14:24:53.417 D/BtGatt.GattService( 8588): registerScanner() - UUID=56acd53a-c3e2-47d3-9f05-71a05e61edb0
09-01 14:24:53.417 V/bt_stack( 8588): [VERBOSE1:bta_gattc_act.cc(175)] bta_gattc_register: state:2
09-01 14:24:53.417 I/bt_stack( 8588): [INFO:gatt_api.cc(957)] GATT_Register 5bdd65f8-e33a-e2fd-9e58-7412a91d4010
09-01 14:24:53.417 I/bt_stack( 8588): [INFO:gatt_api.cc(977)] allocated gatt_if=11
09-01 14:24:53.417 V/bt_stack( 8588): [VERBOSE1:gatt_api.cc(1087)] GATT_StartIf gatt_if=11
09-01 14:24:53.417 V/bt_stack( 8588): [VERBOSE1:gatt_utils.cc(254)] gatt_find_the_connected_bda start_idx=0
09-01 14:24:53.417 V/bt_stack( 8588): [VERBOSE1:gatt_utils.cc(262)]  bda :c3:d4:f4:e3:11:ec
09-01 14:24:53.417 V/bt_stack( 8588): [VERBOSE1:gatt_utils.cc(266)]  found=1 found_idx=0
09-01 14:24:53.417 V/bt_stack( 8588): [VERBOSE1:gatt_utils.cc(254)] gatt_find_the_connected_bda start_idx=1
09-01 14:24:53.417 V/bt_stack( 8588): [VERBOSE1:gatt_utils.cc(266)]  found=0 found_idx=10
09-01 14:24:53.417 V/bt_stack( 8588): [VERBOSE1:bta_gattc_main.cc(361)] bta_gattc_hdl_event: Event:BTA_GATTC_INT_CONN_EVT
09-01 14:24:53.417 V/bt_stack( 8588): [VERBOSE1:bta_gattc_main.cc(385)] Ignore unknown conn ID: 11
09-01 14:24:53.417 D/BtGatt.GattService( 8588): onScannerRegistered() - UUID=56acd53a-c3e2-47d3-9f05-71a05e61edb0, scannerId=11, status=0
09-01 14:24:53.418 D/BluetoothLeScanner( 4088): onScannerRegistered() - status=0 scannerId=11 mScannerId=0
09-01 14:24:53.418 D/PowerKeeperPolicy( 1639): isLeScanAllowed: uid = 10241, allow = true
09-01 14:24:53.418 D/BtGatt.GattService( 8588): start scan with filters. callingPackage: com.xiaomi.hm.health
09-01 14:24:53.419 D/BluetoothUtils( 8588): blockedByLocationOff callingUid=10241
09-01 14:24:53.420 I/BluetoothUtils( 8588): packagename is com.xiaomi.hm.health ,and its permission is false
09-01 14:24:53.421 I/BtGatt.ScanManager( 8588): msg.what = 0
09-01 14:24:53.421 D/BtGatt.ScanManager( 8588): handling starting scan
09-01 14:24:53.422 D/BtGatt.ScanManager( 8588): isAptXLowLatencyModeEnabled: false
09-01 14:24:53.422 D/PowerKeeperPolicy( 1639): startLeScan: BleScanWrapper[mClientIf = 11 mPendingIntent=null] uid=10241
09-01 14:24:53.422 D/PowerKeeperPolicy( 1639): uid = 10241 setAllowed, allowed = true
09-01 14:24:53.422 D/PowerKeeperPolicy( 1639): uid = 10241 setScanning, scanning = true
09-01 14:24:53.423 D/PowerKeeperPolicy( 1639): startLeScan, uid = 10241 is scanning
09-01 14:24:53.424 D/BtGatt.GattService( 8588): onScanFilterEnableDisabled() - clientIf=11, status=0, action=1
09-01 14:24:53.424 D/BtGatt.ScanManager( 8588): callback done for scannerId - 11 status - 0
09-01 14:24:53.424 D/BtGatt.ScanManager( 8588): configureFilterParamter 500 10000 1 0, deliveryMode=0
09-01 14:24:53.425 D/BtGatt.GattService( 8588): onScanFilterParamsConfigured() - clientIf=11, status=0, action=0, availableSpace=10
09-01 14:24:53.425 D/BtGatt.ScanManager( 8588): callback done for scannerId - 11 status - 0
09-01 14:24:53.425 D/BtGatt.ScanManager( 8588): configureRegularScanParams() - queue=3
09-01 14:24:53.425 D/BtGatt.ScanManager( 8588): configureRegularScanParams() - ScanSetting LE 1M Scan mode=2ScanSetting LE Coded Scan mode=2 mLastConfiguredScanSettingLE1M=0 mLastConfiguredScanSettingLECoded=0scanPhy=255
09-01 14:24:53.426 D/BtGatt.ScanManager( 8588): configureRegularScanParams - scanInterval LE 1M = 4096configureRegularScanParams - scanWindow LE 1M= 4096configureRegularScanParams - scanInterval LE Coded= 4096configureRegularScanParams - scanWindow LE Coded= 4096
09-01 14:24:53.426 D/BtGatt.GattService( 8588): onScanParamSetupCompleted : 0
09-01 14:24:53.454 V/bt_stack( 8588): [VERBOSE1:btm_ble_gap.cc(1923)] btm_ble_process_ext_adv_pkt: bda=0c:1a:06:0e:96:57
09-01 14:24:53.454 V/bt_stack( 8588): [VERBOSE1:btm_ble_gap.cc(1847)] btm_ble_process_adv_addr: bda=0c:1a:06:0e:96:57
09-01 14:24:53.454 V/bt_stack( 8588): [VERBOSE1:btm_ble_gap.cc(1923)] btm_ble_process_ext_adv_pkt: bda=1e:a8:1e:1b:55:36
09-01 14:24:53.454 V/bt_stack( 8588): [VERBOSE1:btm_ble_gap.cc(1847)] btm_ble_process_adv_addr: bda=1e:a8:1e:1b:55:36
09-01 14:24:53.456 D/BluetoothUtils( 8588): blockedByLocationOff callingUid=1002
09-01 14:24:53.457 I/BluetoothUtils( 8588): packagename is android.uid.bluetooth:1002 ,and its permission is false
09-01 14:24:53.457 D/BluetoothUtils( 8588): blockedByLocationOff callingUid=1002
09-01 14:24:53.457 I/BluetoothUtils( 8588): packagename is android.uid.bluetooth:1002 ,and its permission is false
09-01 14:24:53.458 D/BluetoothUtils( 8588): blockedByLocationOff callingUid=1002
09-01 14:24:53.458 I/BluetoothUtils( 8588): packagename is android.uid.bluetooth:1002 ,and its permission is false
09-01 14:24:53.460 D/BluetoothUtils( 8588): blockedByLocationOff callingUid=1002
09-01 14:24:53.460 I/BluetoothUtils( 8588): packagename is android.uid.bluetooth:1002 ,and its permission is false
09-01 14:24:53.461 D/BluetoothUtils( 8588): blockedByLocationOff callingUid=1002
09-01 14:24:53.461 I/BluetoothUtils( 8588): packagename is android.uid.bluetooth:1002 ,and its permission is false
09-01 14:24:53.461 D/BluetoothUtils( 8588): blockedByLocationOff callingUid=1002
09-01 14:24:53.462 I/BluetoothUtils( 8588): packagename is android.uid.bluetooth:1002 ,and its permission is false
09-01 14:24:53.462 V/bt_stack( 8588): [VERBOSE1:btm_ble_gap.cc(1923)] btm_ble_process_ext_adv_pkt: bda=25:4e:aa:3f:5d:41
09-01 14:24:53.462 V/bt_stack( 8588): [VERBOSE1:btm_ble_gap.cc(1847)] btm_ble_process_adv_addr: bda=25:4e:aa:3f:5d:41
09-01 14:24:53.464 D/BluetoothUtils( 8588): blockedByLocationOff callingUid=1002
