09-01 14:33:35.266 I/Choreographer(10791): Skipped 93 frames!  The application may be doing too much work on its main thread.
09-01 14:33:35.268 I/Timeline( 1639): Timeline: App_transition_ready time:211581285
09-01 14:33:35.270 W/Looper  (10791): Slow Looper main: doFrame is 1552ms late because of 28 msg, msg 1 took 1562ms (seq=500 running=1375ms runnable=64ms io=2ms late=32ms h=android.view.Choreographer$FrameHandler c=android.view.Choreographer$FrameDisplayEventReceiver)
09-01 14:33:35.271 D/[Koin]  (10791): +- get 'com.huami.femalehealth.uilib.O00000o0.O0000Oo'
09-01 14:33:35.271 D/[Koin]  (10791): | create instance for [type:Factory,primary_type:'com.huami.femalehealth.uilib.O00000o0.O0000Oo']
09-01 14:33:35.271 D/[Koin]  (10791): +- get 'com.huami.femalehealth.logiclib.O00000oO.O00oOooO'
09-01 14:33:35.271 D/[Koin]  (10791): +- got 'com.huami.femalehealth.logiclib.O00000oO.O00oOooO' in 0.025781 ms
09-01 14:33:35.271 D/[Koin]  (10791): +- get 'com.huami.femalehealth.logiclib.O0000O0o.O00000o'
09-01 14:33:35.271 D/[Koin]  (10791): | create instance for [type:Factory,primary_type:'com.huami.femalehealth.logiclib.O0000O0o.O00000o']
09-01 14:33:35.271 D/[Koin]  (10791): +- get 'com.huami.femalehealth.logiclib.O00000oO.O0000O0o'
09-01 14:33:35.271 D/[Koin]  (10791): +- got 'com.huami.femalehealth.logiclib.O00000oO.O0000O0o' in 0.005469 ms
09-01 14:33:35.272 D/[Koin]  (10791): +- get 'com.huami.femalehealth.logiclib.O000000o.O00000Oo'
09-01 14:33:35.272 D/[Koin]  (10791): +- got 'com.huami.femalehealth.logiclib.O000000o.O00000Oo' in 0.005573 ms
09-01 14:33:35.272 D/[Koin]  (10791): +- get 'com.huami.femalehealth.logiclib.db.FemaleHealthDb'
09-01 14:33:35.272 D/[Koin]  (10791): +- got 'com.huami.femalehealth.logiclib.db.FemaleHealthDb' in 0.005573 ms
09-01 14:33:35.272 D/[Koin]  (10791): +- get 'com.huami.femalehealth.logiclib.O00000Oo.O00000o'
09-01 14:33:35.272 D/[Koin]  (10791): | create instance for [type:Factory,primary_type:'com.huami.femalehealth.logiclib.O00000Oo.O00000o']
09-01 14:33:35.272 D/[Koin]  (10791): +- get 'com.huami.femalehealth.logiclib.O00000oO.O0000O0o'
09-01 14:33:35.272 D/[Koin]  (10791): +- got 'com.huami.femalehealth.logiclib.O00000oO.O0000O0o' in 0.004739 ms
09-01 14:33:35.272 D/[Koin]  (10791): +- get 'com.huami.femalehealth.logiclib.O000000o.O00000Oo'
09-01 14:33:35.272 D/[Koin]  (10791): +- got 'com.huami.femalehealth.logiclib.O000000o.O00000Oo' in 0.010156 ms
09-01 14:33:35.272 D/[Koin]  (10791): +- get 'com.huami.femalehealth.logiclib.db.FemaleHealthDb'
09-01 14:33:35.272 D/[Koin]  (10791): +- got 'com.huami.femalehealth.logiclib.db.FemaleHealthDb' in 0.004583 ms
09-01 14:33:35.272 D/[Koin]  (10791): +- get 'com.huami.femalehealth.logiclib.O00000Oo.O00000Oo'
09-01 14:33:35.272 D/[Koin]  (10791): +- got 'com.huami.femalehealth.logiclib.O00000Oo.O00000Oo' in 0.007552 ms
09-01 14:33:35.272 D/[Koin]  (10791): +- get 'com.huami.femalehealth.logiclib.O00000oO.O00oOooO'
09-01 14:33:35.272 D/[Koin]  (10791): +- got 'com.huami.femalehealth.logiclib.O00000oO.O00oOooO' in 0.004219 ms
09-01 14:33:35.272 D/[Koin]  (10791): +- got 'com.huami.femalehealth.logiclib.O00000Oo.O00000o' in 0.236094 ms
09-01 14:33:35.272 D/[Koin]  (10791): +- get 'com.huami.femalehealth.logiclib.O00000Oo.O00000o0'
09-01 14:33:35.272 D/[Koin]  (10791): | create instance for [type:Factory,primary_type:'com.huami.femalehealth.logiclib.O00000Oo.O00000o0']
09-01 14:33:35.272 D/[Koin]  (10791): +- got 'com.huami.femalehealth.logiclib.O00000Oo.O00000o0' in 0.035312 ms
09-01 14:33:35.272 D/[Koin]  (10791): +- got 'com.huami.femalehealth.logiclib.O0000O0o.O00000o' in 0.553073 ms
09-01 14:33:35.272 D/[Koin]  (10791): +- got 'com.huami.femalehealth.uilib.O00000o0.O0000Oo' in 0.975886 ms
09-01 14:33:35.286 I/ActivityTaskManager( 1639): Displayed com.xiaomi.hm.health/.activity.MainTabActivity: +1s923ms
09-01 14:33:35.315 D/BluetoothAdapter(10791): stopLeScan()
09-01 14:33:35.316 D/BluetoothAdapter(10791): isLeEnabled(): ON
09-01 14:33:35.316 I/chatty  ( 8588): uid=1002(bluetooth) Binder:8588_7 expire 7 lines
09-01 14:33:35.317 I/chatty  ( 8588): uid=1002(bluetooth) BluetoothScanMa expire 11 lines
09-01 14:33:35.319 D/BluetoothAdapter(10791): startLeScan(): null
09-01 14:33:35.320 D/PowerKeeperPolicy( 1639): stopLeScan: BleScanWrapper[mClientIf = 19 mPendingIntent=null] uid=10241BleScanWrapper[mClientIf = 19 mPendingIntent=null]
09-01 14:33:35.323 D/BluetoothAdapter(10791): isLeEnabled(): ON
09-01 14:33:35.325 D/BluetoothLeScanner(10791): onScannerRegistered() - status=0 scannerId=19 mScannerId=0
09-01 14:33:35.327 D/PowerKeeperPolicy( 1639): isLeScanAllowed: uid = 10241, allow = true
09-01 14:33:35.336 D/PowerKeeperPolicy( 1639): startLeScan: BleScanWrapper[mClientIf = 19 mPendingIntent=null] uid=10241
09-01 14:33:35.337 D/PowerKeeperPolicy( 1639): uid = 10241 setAllowed, allowed = true
09-01 14:33:35.337 D/PowerKeeperPolicy( 1639): uid = 10241 setScanning, scanning = true
09-01 14:33:35.337 D/PowerKeeperPolicy( 1639): startLeScan, uid = 10241 is scanning
09-01 14:33:35.345 V/xiaomi  (10791): [Thread:6387] receive an intent from server, action=com.xiaomi.mipush.RECEIVE_MESSAGE
09-01 14:33:35.349 V/xiaomi  (10791): [Thread:6387] processing a message, action=UnSubscription
09-01 14:33:35.352 D/BluetoothGatt(10791): setCharacteristicNotification() - uuid: 00000006-0000-3512-2118-0009af100700 enable: true
09-01 14:33:35.357 V/xiaomi  (10791): [Thread:6387] begin execute onCommandResult, command=unsubscibe-topic, resultCode=0, reason=Success!
09-01 14:33:35.403 I/appium  (10741): AppiumResponse: {"sessionId":"a4d7b541-3cc2-4590-a0d7-423994c151e3","value":{"error":"no such element","message":"An element could not be located on the page using the given search parameters","stacktrace":"io.appium.uiautomator2.common.exceptions.ElementNotFoundException: An element could not be located on the ...
09-01 14:33:35.410 W/Settings(10791): Setting android_id has moved from android.provider.Settings.System to android.provider.Settings.Secure, returning read-only value.
09-01 14:33:35.417 W/AsyncHttpResponse(10791): Current thread has not called Looper.prepare().Forcing synchronous mode
09-01 14:33:35.420 I/chatty  ( 8588): uid=1002(bluetooth) BT Service Call expire 113 lines
09-01 14:33:35.431 I/chatty  ( 8588): uid=1002(bluetooth) btu message loo expire 140 lines
09-01 14:33:35.437 I/hwservicemanager(  573): getTransport: Cannot find entry vendor.qti.hardware.servicetracker@1.0::IServicetracker/default in either framework or device manifest.
09-01 14:33:35.438 D/BluetoothGatt(10791): setCharacteristicNotification() - uuid: 00000003-0000-3512-2118-0009af100700 enable: true
09-01 14:33:35.441 I/chatty  ( 8588): uid=1002(bluetooth) Binder:8588_7 expire 3 lines
09-01 14:33:35.469 E/ResolverController(  679): No valid NAT64 prefix (116, <unspecified>/0)
09-01 14:33:35.498 E/ResolverController(  679): No valid NAT64 prefix (116, <unspecified>/0)
09-01 14:33:35.526 V/AsyncHttpResponse(10791): Progress 13 from 13 (100%)
09-01 14:33:35.536 W/System  (10791): A resource failed to call close. 
09-01 14:33:35.562 I/hwservicemanager(  573): getTransport: Cannot find entry vendor.qti.hardware.servicetracker@1.0::IServicetracker/default in either framework or device manifest.
09-01 14:33:35.567 D/CompatibilityInfo( 1639): mCompatibilityFlags - 0
09-01 14:33:35.567 D/CompatibilityInfo( 1639): applicationDensity - 440
09-01 14:33:35.567 D/CompatibilityInfo( 1639): applicationScale - 1.0
09-01 14:33:35.568 I/hwservicemanager(  573): getTransport: Cannot find entry vendor.qti.hardware.servicetracker@1.0::IServicetracker/default in either framework or device manifest.
09-01 14:33:35.569 I/MiuiNetworkPolicy( 1639): updateUidState uid = 10173, uidState = 4
09-01 14:33:35.569 I/MiuiNetworkPolicy( 1639): updateMLUid uid:10173,old:6,new:4
09-01 14:33:35.569 I/MiuiNetworkPolicy( 1639): isMLEnabled state:6,uid:10173,connect:DISCONNECTED
09-01 14:33:35.569 I/MiuiNetworkPolicy( 1639): isMLEnabled state:4,uid:10173,connect:DISCONNECTED
09-01 14:33:35.615 D/BluetoothGatt(10791): setCharacteristicNotification() - uuid: 00000003-0000-3512-2118-0009af100700 enable: false
09-01 14:33:35.634 I/chatty  ( 8588): uid=1002(bluetooth) btu message loo expire 121 lines
09-01 14:33:35.635 I/chatty  ( 8588): uid=1002(bluetooth) BT Service Call expire 213 lines
09-01 14:33:35.708 D/BluetoothGatt(10791): setCharacteristicNotification() - uuid: 00000010-0000-3512-2118-0009af100700 enable: true
09-01 14:33:35.772 I/Timeline( 1639): Timeline: Activity_windows_visible id: ActivityRecord{1282b3e u0 com.xiaomi.hm.health/.activity.MainTabActivity t487} time:211581789
09-01 14:33:35.773 D/MiWallpaper-MarsSuperWallpaper( 2503): Engine onVisibilityChanged, visible: false mIsPreview = false
09-01 14:33:35.773 I/Timeline( 1639): Timeline: App_transition_stopped time:211581790
09-01 14:33:35.774 D/EventBus(29730): [29730, u0] send(AppTransitionFinishedEvent)
09-01 14:33:35.774 D/EventBus(29730): [29730, u0]  -> ForcedResizableInfoActivityController [0xc4c1163, P1] onBusEvent(AppTransitionFinishedEvent)
09-01 14:33:35.774 D/EventBus(29730): [29730, u0] onBusEvent(AppTransitionFinishedEvent) duration: 22 microseconds, avg: 36
09-01 14:33:35.774 D/EventBus(29730): [29730, u0] send(AppTransitionFinishedEvent)
09-01 14:33:35.774 D/EventBus(29730): [29730, u0]  -> ForcedResizableInfoActivityController [0xc4c1163, P1] onBusEvent(AppTransitionFinishedEvent)
09-01 14:33:35.775 D/EventBus(29730): [29730, u0] onBusEvent(AppTransitionFinishedEvent) duration: 13 microseconds, avg: 36
09-01 14:33:35.775 D/EventBus(29730): [29730, u0] send(AppTransitionFinishedEvent)
09-01 14:33:35.775 D/EventBus(29730): [29730, u0]  -> ForcedResizableInfoActivityController [0xc4c1163, P1] onBusEvent(AppTransitionFinishedEvent)
09-01 14:33:35.775 D/EventBus(29730): [29730, u0] onBusEvent(AppTransitionFinishedEvent) duration: 9 microseconds, avg: 36
09-01 14:33:35.792 D/FOD     (  881): Launcher Changed hasLauncher=0
09-01 14:33:35.793 I/AudioTrack( 2503): isLongTimeZoreData zoer date time 34 Seconds
09-01 14:33:35.794 I/hwservicemanager(  573): getTransport: Cannot find entry vendor.qti.hardware.servicetracker@1.0::IServicetracker/default in either framework or device manifest.
09-01 14:33:35.796 W/AsyncHttpResponse(10791): Current thread has not called Looper.prepare().Forcing synchronous mode
09-01 14:33:35.834 V/AsyncHttpResponse(10791): Progress 12 from 12 (100%)
09-01 14:33:35.840 I/chatty  ( 8588): uid=1002(bluetooth) btu message loo expire 173 lines
09-01 14:33:35.843 D/DeviceCenter(10791): user data:UserData{uid='1092412362', age=27, isMetric=true, weight=75.7, height=242, gender=0, avatarUrl='', avatarPath='', name='username3', isChinaUser=true, buyMifiProUrl='https://api-mifit-cn2.huami.com/apps/redirectPages?lang=zh_CN&userId=1092412362&channel=Normal&redirectType=buy&appplatform=android_phone&cv=113651_4.6.0'}
09-01 14:33:35.850 W/AsyncHttpResponse(10791): Current thread has not called Looper.prepare().Forcing synchronous mode
09-01 14:33:35.851 W/AsyncHttpResponse(10791): Current thread has not called Looper.prepare().Forcing synchronous mode
09-01 14:33:35.851 D/NfcService( 4689): Received android.intent.action.BATTERY_CHANGED
09-01 14:33:35.851 I/BatteryInfoReceiver( 5237): ACTION_BATTERY_CHANGED
09-01 14:33:35.851 D/QtiCarrierConfigHelper( 2698): WARNING, no carrier configs on phone Id: 0
09-01 14:33:35.852 D/PowerCheckerService( 6417): onBatteryChanged, mBatteryLevel = 100, status = 5, level = 100, plug = 2, scale = 100
09-01 14:33:35.855 D/ThermalTempInfoHelper( 6417): thermal sensor73 temp is 44950
09-01 14:33:35.855 I/MiuiNetworkPolicy( 1639): bandwidth: 18 KB/s, Max bandwidth: 3727 KB/s
09-01 14:33:35.857 D/ThermalTempInfoHelper( 6417): thermal sensor73 temp is 44950
09-01 14:33:35.857 D/PowerKeeper.Thermal( 6417): current battery temperature:35 xo_thermal 44 valid true
09-01 14:33:35.859 D/KeyguardUpdateMonitor(29730): received broadcast android.intent.action.BATTERY_CHANGED
09-01 14:33:35.861 W/AsyncHttpResponse(10791): Current thread has not called Looper.prepare().Forcing synchronous mode
09-01 14:33:35.869 D/BluetoothGatt(10791): setCharacteristicNotification() - uuid: 00000005-0000-3512-2118-0009af100700 enable: true
09-01 14:33:35.870 I/chatty  ( 8588): uid=1002(bluetooth) Binder:8588_7 expire 1 line
09-01 14:33:35.885 D/BluetoothGatt(10791): setCharacteristicNotification() - uuid: 00000012-0000-3512-2118-0009af100700 enable: true
09-01 14:33:35.887 I/chatty  ( 8588): uid=1002(bluetooth) Binder:8588_2 expire 3 lines
09-01 14:33:35.900 V/AsyncHttpResponse(10791): Progress 4096 from 4914 (83%)
09-01 14:33:35.900 V/AsyncHttpResponse(10791): Progress 4914 from 4914 (100%)
09-01 14:33:35.905 V/AsyncHttpResponse(10791): Progress 1421 from 1421 (100%)
09-01 14:33:35.905 V/AsyncHttpResponse(10791): Progress 12 from 12 (100%)
09-01 14:33:35.919 I/appium  (10741): channel read invoked!
09-01 14:33:35.919 I/appium  (10741): channel read: POST /wd/hub/session/a4d7b541-3cc2-4590-a0d7-423994c151e3/element
09-01 14:33:35.920 I/appium  (10741): Find element command using '-android uiautomator' with selector 'new UiSelector().text("运动")'.
09-01 14:33:35.920 I/appium  (10741): Waiting up to 10000ms for device to be idle
09-01 14:33:35.940 W/AsyncHttpResponse(10791): Current thread has not called Looper.prepare().Forcing synchronous mode
09-01 14:33:35.975 I/chatty  ( 8588): uid=1002(bluetooth) btu message loo expire 125 lines
09-01 14:33:35.976 D/BluetoothGatt(10791): setCharacteristicNotification() - uuid: 00000017-0000-3512-2118-0009af100700 enable: true
09-01 14:33:35.980 I/chatty  ( 8588): uid=1002(bluetooth) BT Service Call expire 237 lines
09-01 14:33:35.981 W/Looper  (10791): Slow Looper main: doFrame is 363ms late because of 78 msg, msg 1 took 193ms (seq=1034 running=161ms runnable=13ms late=181ms h=android.view.Choreographer$FrameHandler c=android.view.Choreographer$FrameDisplayEventReceiver)
09-01 14:33:35.987 I/System.out(10791): onEventMainThread : start
09-01 14:33:35.988 I/hwservicemanager(  573): getTransport: Cannot find entry vendor.qti.hardware.servicetracker@1.0::IServicetracker/default in either framework or device manifest.
09-01 14:33:36.003 V/AsyncHttpResponse(10791): Progress 4096 from 1 (409600%)
09-01 14:33:36.004 V/AsyncHttpResponse(10791): Progress 7955 from 1 (795500%)
09-01 14:33:36.004 V/AsyncHttpResponse(10791): Progress 12051 from 1 (1205100%)
09-01 14:33:36.004 V/AsyncHttpResponse(10791): Progress 13995 from 1 (1399500%)
09-01 14:33:36.005 V/AsyncHttpResponse(10791): Progress 18091 from 1 (1809100%)
09-01 14:33:36.005 D/[Koin]  (10791): +- get 'com.huami.stress.domain.O00000oO.O0000O0o'
09-01 14:33:36.005 V/AsyncHttpResponse(10791): Progress 21227 from 1 (2122700%)
09-01 14:33:36.005 D/[Koin]  (10791): | create instance for [type:Factory,primary_type:'com.huami.stress.domain.O00000oO.O0000O0o']
09-01 14:33:36.005 D/[Koin]  (10791): +- get 'com.huami.stress.domain.O00000Oo.O000000o'
09-01 14:33:36.005 D/[Koin]  (10791): +- got 'com.huami.stress.domain.O00000Oo.O000000o' in 0.033177 ms
09-01 14:33:36.005 V/AsyncHttpResponse(10791): Progress 25323 from 1 (2532300%)
09-01 14:33:36.005 D/[Koin]  (10791): +- get 'com.huami.stress.domain.O00000Oo.O00000Oo'
09-01 14:33:36.005 D/[Koin]  (10791): +- got 'com.huami.stress.domain.O00000Oo.O00000Oo' in 0.008281 ms
09-01 14:33:36.005 V/AsyncHttpResponse(10791): Progress 25949 from 1 (2594900%)
09-01 14:33:36.005 D/[Koin]  (10791): +- got 'com.huami.stress.domain.O00000oO.O0000O0o' in 0.554635 ms
09-01 14:33:36.011 E/iaomi.hm.healt(10791): Invalid ID 0x00000000.
09-01 14:33:36.011 W/ResourceLoader(10791): Received invalid resource id: 0
09-01 14:33:36.011 W/ResourceLoader(10791): android.content.res.Resources$NotFoundException: Unable to find resource ID #0x0
09-01 14:33:36.011 W/ResourceLoader(10791): 	at android.content.res.ResourcesImpl.getResourcePackageName(ResourcesImpl.java:286)
09-01 14:33:36.011 W/ResourceLoader(10791): 	at android.content.res.Resources.getResourcePackageName(Resources.java:2116)
09-01 14:33:36.011 W/ResourceLoader(10791): 	at com.O00000o0.O000000o.O00000o.O00000o0.O000OO.O00000Oo(ResourceLoader.java:43)
09-01 14:33:36.011 W/ResourceLoader(10791): 	at com.O00000o0.O000000o.O00000o.O00000o0.O000OO.O000000o(ResourceLoader.java:35)
09-01 14:33:36.011 W/ResourceLoader(10791): 	at com.O00000o0.O000000o.O00000o.O00000o0.O000OO.O000000o(ResourceLoader.java:20)
09-01 14:33:36.011 W/ResourceLoader(10791): 	at com.O00000o0.O000000o.O00000o.O00000Oo.O0000OOo.O0000o0(DecodeHelper.java:210)
09-01 14:33:36.011 W/ResourceLoader(10791): 	at com.O00000o0.O000000o.O00000o.O00000Oo.O0000OOo.O0000o0O(DecodeHelper.java:223)
09-01 14:33:36.011 W/ResourceLoader(10791): 	at com.O00000o0.O000000o.O00000o.O00000Oo.O00000Oo.<init>(DataCacheGenerator.java:34)
09-01 14:33:36.011 W/ResourceLoader(10791): 	at com.O00000o0.O000000o.O00000o.O00000Oo.O0000Oo0.O0000Oo(DecodeJob.java:287)
09-01 14:33:36.011 W/ResourceLoader(10791): 	at com.O00000o0.O000000o.O00000o.O00000Oo.O0000Oo0.O0000Oo0(DecodeJob.java:268)
09-01 14:33:36.011 W/ResourceLoader(10791): 	at com.O00000o0.O000000o.O00000o.O00000Oo.O0000Oo0.run(DecodeJob.java:233)
09-01 14:33:36.011 W/ResourceLoader(10791): 	at java.util.concurrent.ThreadPoolExecutor.runWorker(ThreadPoolExecutor.java:1167)
09-01 14:33:36.011 W/ResourceLoader(10791): 	at java.util.concurrent.ThreadPoolExecutor$Worker.run(ThreadPoolExecutor.java:641)
09-01 14:33:36.011 W/ResourceLoader(10791): 	at java.lang.Thread.run(Thread.java:919)
09-01 14:33:36.011 W/ResourceLoader(10791): 	at com.O00000o0.O000000o.O00000o.O00000Oo.O00000o0.O000000o$O000000o$1.run(GlideExecutor.java:446)
09-01 14:33:36.011 E/iaomi.hm.healt(10791): Invalid ID 0x00000000.
09-01 14:33:36.012 W/ResourceLoader(10791): Received invalid resource id: 0
09-01 14:33:36.012 W/ResourceLoader(10791): android.content.res.Resources$NotFoundException: Unable to find resource ID #0x0
09-01 14:33:36.012 W/ResourceLoader(10791): 	at android.content.res.ResourcesImpl.getResourcePackageName(ResourcesImpl.java:286)
09-01 14:33:36.012 W/ResourceLoader(10791): 	at android.content.res.Resources.getResourcePackageName(Resources.java:2116)
09-01 14:33:36.012 W/ResourceLoader(10791): 	at com.O00000o0.O000000o.O00000o.O00000o0.O000OO.O00000Oo(ResourceLoader.java:43)
09-01 14:33:36.012 W/ResourceLoader(10791): 	at com.O00000o0.O000000o.O00000o.O00000o0.O000OO.O000000o(ResourceLoader.java:35)
09-01 14:33:36.012 W/ResourceLoader(10791): 	at com.O00000o0.O000000o.O00000o.O00000o0.O000OO.O000000o(ResourceLoader.java:20)
09-01 14:33:36.012 W/ResourceLoader(10791): 	at com.O00000o0.O000000o.O00000o.O00000Oo.O0000OOo.O0000o0(DecodeHelper.java:210)
09-01 14:33:36.012 W/ResourceLoader(10791): 	at com.O00000o0.O000000o.O00000o.O00000Oo.O0000OOo.O0000o0O(DecodeHelper.java:223)
09-01 14:33:36.012 W/ResourceLoader(10791): 	at com.O00000o0.O000000o.O00000o.O00000Oo.O00000Oo.<init>(DataCacheGenerator.java:34)
09-01 14:33:36.012 W/ResourceLoader(10791): 	at com.O00000o0.O000000o.O00000o.O00000Oo.O0000Oo0.O0000Oo(DecodeJob.java:287)
09-01 14:33:36.012 W/ResourceLoader(10791): 	at com.O00000o0.O000000o.O00000o.O00000Oo.O0000Oo0.O0000Oo0(DecodeJob.java:268)
09-01 14:33:36.012 W/ResourceLoader(10791): 	at com.O00000o0.O000000o.O00000o.O00000Oo.O0000Oo0.run(DecodeJob.java:233)
09-01 14:33:36.012 W/ResourceLoader(10791): 	at java.util.concurrent.ThreadPoolExecutor.runWorker(ThreadPoolExecutor.java:1167)
09-01 14:33:36.012 W/ResourceLoader(10791): 	at java.util.concurrent.ThreadPoolExecutor$Worker.run(ThreadPoolExecutor.java:641)
09-01 14:33:36.012 W/ResourceLoader(10791): 	at java.lang.Thread.run(Thread.java:919)
09-01 14:33:36.012 W/ResourceLoader(10791): 	at com.O00000o0.O000000o.O00000o.O00000Oo.O00000o0.O000000o$O000000o$1.run(GlideExecutor.java:446)
09-01 14:33:36.012 E/iaomi.hm.healt(10791): Invalid ID 0x00000000.
09-01 14:33:36.014 I/hwservicemanager(  573): getTransport: Cannot find entry vendor.qti.hardware.servicetracker@1.0::IServicetracker/default in either framework or device manifest.
09-01 14:33:36.018 I/hwservicemanager(  573): getTransport: Cannot find entry vendor.qti.hardware.servicetracker@1.0::IServicetracker/default in either framework or device manifest.
09-01 14:33:36.012 W/ResourceLoader(10791): Received invalid resource id: 0
09-01 14:33:36.012 W/ResourceLoader(10791): android.content.res.Resources$NotFoundException: Unable to find resource ID #0x0
09-01 14:33:36.012 W/ResourceLoader(10791): 	at android.content.res.ResourcesImpl.getResourcePackageName(ResourcesImpl.java:286)
09-01 14:33:36.012 W/ResourceLoader(10791): 	at android.content.res.Resources.getResourcePackageName(Resources.java:2116)
09-01 14:33:36.012 W/ResourceLoader(10791): 	at com.O00000o0.O000000o.O00000o.O00000o0.O000OO.O00000Oo(ResourceLoader.java:43)
09-01 14:33:36.012 W/ResourceLoader(10791): 	at com.O00000o0.O000000o.O00000o.O00000o0.O000OO.O000000o(ResourceLoader.java:35)
09-01 14:33:36.012 W/ResourceLoader(10791): 	at com.O00000o0.O000000o.O00000o.O00000o0.O000OO.O000000o(ResourceLoader.java:20)
09-01 14:33:36.012 W/ResourceLoader(10791): 	at com.O00000o0.O000000o.O00000o.O00000Oo.O0000OOo.O0000o0(DecodeHelper.java:210)
09-01 14:33:36.012 W/ResourceLoader(10791): 	at com.O00000o0.O000000o.O00000o.O00000Oo.O0000OOo.O0000o0O(DecodeHelper.java:223)
09-01 14:33:36.012 W/ResourceLoader(10791): 	at com.O00000o0.O000000o.O00000o.O00000Oo.O00000Oo.<init>(DataCacheGenerator.java:34)
09-01 14:33:36.012 W/ResourceLoader(10791): 	at com.O00000o0.O000000o.O00000o.O00000Oo.O0000Oo0.O0000Oo(DecodeJob.java:287)
09-01 14:33:36.012 W/ResourceLoader(10791): 	at com.O00000o0.O000000o.O00000o.O00000Oo.O0000Oo0.O0000Oo0(DecodeJob.java:268)
09-01 14:33:36.012 W/ResourceLoader(10791): 	at com.O00000o0.O000000o.O00000o.O00000Oo.O0000Oo0.run(DecodeJob.java:233)
09-01 14:33:36.012 W/ResourceLoader(10791): 	at java.util.concurrent.ThreadPoolExecutor.runWorker(ThreadPoolExecutor.java:1167)
09-01 14:33:36.012 W/ResourceLoader(10791): 	at java.util.concurrent.ThreadPoolExecutor$Worker.run(ThreadPoolExecutor.java:641)
09-01 14:33:36.012 W/ResourceLoader(10791): 	at java.lang.Thread.run(Thread.java:919)
09-01 14:33:36.012 W/ResourceLoader(10791): 	at com.O00000o0.O000000o.O00000o.O00000Oo.O00000o0.O000000o$O000000o$1.run(GlideExecutor.java:446)
09-01 14:33:36.018 E/iaomi.hm.healt(10791): Invalid ID 0x00000000.
09-01 14:33:36.019 W/ResourceLoader(10791): Received invalid resource id: 0
09-01 14:33:36.019 W/ResourceLoader(10791): android.content.res.Resources$NotFoundException: Unable to find resource ID #0x0
09-01 14:33:36.019 W/ResourceLoader(10791): 	at android.content.res.ResourcesImpl.getResourcePackageName(ResourcesImpl.java:286)
09-01 14:33:36.019 W/ResourceLoader(10791): 	at android.content.res.Resources.getResourcePackageName(Resources.java:2116)
09-01 14:33:36.019 W/ResourceLoader(10791): 	at com.O00000o0.O000000o.O00000o.O00000o0.O000OO.O00000Oo(ResourceLoader.java:43)
09-01 14:33:36.019 W/ResourceLoader(10791): 	at com.O00000o0.O000000o.O00000o.O00000o0.O000OO.O000000o(ResourceLoader.java:35)
09-01 14:33:36.019 W/ResourceLoader(10791): 	at com.O00000o0.O000000o.O00000o.O00000o0.O000OO.O000000o(ResourceLoader.java:20)
09-01 14:33:36.019 W/ResourceLoader(10791): 	at com.O00000o0.O000000o.O00000o.O00000Oo.O0000OOo.O0000o0(DecodeHelper.java:210)
09-01 14:33:36.019 W/ResourceLoader(10791): 	at com.O00000o0.O000000o.O00000o.O00000Oo.O0000OOo.O0000o0O(DecodeHelper.java:223)
09-01 14:33:36.019 W/ResourceLoader(10791): 	at com.O00000o0.O000000o.O00000o.O00000Oo.O00000Oo.<init>(DataCacheGenerator.java:34)
09-01 14:33:36.019 W/ResourceLoader(10791): 	at com.O00000o0.O000000o.O00000o.O00000Oo.O0000Oo0.O0000Oo(DecodeJob.java:287)
09-01 14:33:36.019 W/ResourceLoader(10791): 	at com.O00000o0.O000000o.O00000o.O00000Oo.O0000Oo0.O0000Oo0(DecodeJob.java:268)
09-01 14:33:36.019 W/ResourceLoader(10791): 	at com.O00000o0.O000000o.O00000o.O00000Oo.O0000Oo0.run(DecodeJob.java:233)
09-01 14:33:36.019 W/ResourceLoader(10791): 	at java.util.concurrent.ThreadPoolExecutor.runWorker(ThreadPoolExecutor.java:1167)
09-01 14:33:36.019 W/ResourceLoader(10791): 	at java.util.concurrent.ThreadPoolExecutor$Worker.run(ThreadPoolExecutor.java:641)
09-01 14:33:36.019 W/ResourceLoader(10791): 	at java.lang.Thread.run(Thread.java:919)
09-01 14:33:36.019 W/ResourceLoader(10791): 	at com.O00000o0.O000000o.O00000o.O00000Oo.O00000o0.O000000o$O000000o$1.run(GlideExecutor.java:446)
09-01 14:33:36.023 D/[Koin]  (10791): +- get 'com.huami.training.O000000o.O000OO0o'
09-01 14:33:36.023 D/[Koin]  (10791): +- got 'com.huami.training.O000000o.O000OO0o' in 0.029532 ms
09-01 14:33:36.025 I/MiuiNetworkPolicy( 1639): updateUidState uid = 10173, uidState = 6
09-01 14:33:36.025 I/MiuiNetworkPolicy( 1639): updateMLUid uid:10173,old:4,new:6
09-01 14:33:36.025 I/MiuiNetworkPolicy( 1639): isMLEnabled state:4,uid:10173,connect:DISCONNECTED
09-01 14:33:36.025 I/MiuiNetworkPolicy( 1639): isMLEnabled state:6,uid:10173,connect:DISCONNECTED
09-01 14:33:36.026 W/WakePathChecker( 1639): MIUILOG-AutoStart, Service/Provider/Broadcast Reject userId= 0 caller= com.xiaomi.hm.health callee= com.facebook.katana classname=com.facebook.katana.provider.AttributionIdProvider action=null wakeType=4
09-01 14:33:36.026 E/ActivityThread(10791): Failed to find provider info for com.facebook.katana.provider.AttributionIdProvider
09-01 14:33:36.028 W/WakePathChecker( 1639): MIUILOG-AutoStart, Service/Provider/Broadcast Reject userId= 0 caller= com.xiaomi.hm.health callee= com.facebook.katana classname=com.facebook.katana.provider.AttributionIdProvider action=null wakeType=4
09-01 14:33:36.028 E/ActivityThread(10791): Failed to find provider info for com.facebook.katana.provider.AttributionIdProvider
09-01 14:33:36.043 W/AsyncHttpResponse(10791): Current thread has not called Looper.prepare().Forcing synchronous mode
09-01 14:33:36.067 D/BluetoothGatt(10791): setCharacteristicNotification() - uuid: 00000004-0000-3512-2118-0009af100700 enable: true
09-01 14:33:36.074 V/AsyncHttpResponse(10791): Progress 891 from 891 (100%)
09-01 14:33:36.088 D/[Koin]  (10791): +- get 'com.huami.training.db.TrainingDb'
09-01 14:33:36.088 D/[Koin]  (10791): +- got 'com.huami.training.db.TrainingDb' in 0.03052 ms
09-01 14:33:36.133 D/[Koin]  (10791): +- get 'com.huami.training.O000000o.O000OO0o'
09-01 14:33:36.133 D/[Koin]  (10791): +- got 'com.huami.training.O000000o.O000OO0o' in 0.033125 ms
09-01 14:33:36.137 I/iaomi.hm.healt(10791): Background concurrent copying GC freed 501068(25MB) AllocSpace objects, 48(1532KB) LOS objects, 50% free, 18MB/37MB, paused 287us total 154.588ms
09-01 14:33:36.138 W/AsyncHttpResponse(10791): Current thread has not called Looper.prepare().Forcing synchronous mode
09-01 14:33:36.141 W/System  (10791): A resource failed to call close. 
09-01 14:33:36.173 V/AsyncHttpResponse(10791): Progress 1181 from 1181 (100%)
09-01 14:33:36.176 D/[Koin]  (10791): +- get 'com.huami.training.db.TrainingDb'
09-01 14:33:36.176 D/[Koin]  (10791): +- got 'com.huami.training.db.TrainingDb' in 0.021614 ms
09-01 14:33:36.182 D/[Koin]  (10791): +- get 'com.huami.training.O000000o.O000OO0o'
09-01 14:33:36.182 D/[Koin]  (10791): +- got 'com.huami.training.O000000o.O000OO0o' in 0.030625 ms
09-01 14:33:36.186 W/AsyncHttpResponse(10791): Current thread has not called Looper.prepare().Forcing synchronous mode
09-01 14:33:36.192 I/PlatformDependent(10791): Your platform does not provide complete low-level API for accessing direct buffers reliably. Unless explicitly requested, heap buffer will always be preferred to avoid potential system instability.
09-01 14:33:36.219 V/AsyncHttpResponse(10791): Progress 1181 from 1181 (100%)
09-01 14:33:36.222 D/[Koin]  (10791): +- get 'com.huami.training.db.TrainingDb'
09-01 14:33:36.222 D/[Koin]  (10791): +- got 'com.huami.training.db.TrainingDb' in 0.023021 ms
09-01 14:33:36.226 D/[Koin]  (10791): +- get 'com.huami.training.O000000o.O000OO0o'
09-01 14:33:36.226 D/[Koin]  (10791): +- got 'com.huami.training.O000000o.O000OO0o' in 0.024531 ms
09-01 14:33:36.231 W/AsyncHttpResponse(10791): Current thread has not called Looper.prepare().Forcing synchronous mode
09-01 14:33:36.236 I/chatty  ( 8588): uid=1002(bluetooth) btu message loo expire 365 lines
09-01 14:33:36.262 V/AsyncHttpResponse(10791): Progress 891 from 891 (100%)
09-01 14:33:36.266 D/[Koin]  (10791): +- get 'com.huami.training.db.TrainingDb'
09-01 14:33:36.266 D/[Koin]  (10791): +- got 'com.huami.training.db.TrainingDb' in 0.020313 ms
09-01 14:33:36.271 D/[Koin]  (10791): +- get 'com.huami.training.O000000o.O000OO0o'
09-01 14:33:36.271 D/[Koin]  (10791): +- got 'com.huami.training.O000000o.O000OO0o' in 0.094636 ms
09-01 14:33:36.275 W/AsyncHttpResponse(10791): Current thread has not called Looper.prepare().Forcing synchronous mode
09-01 14:33:36.276 E/ResolverController(  679): No valid NAT64 prefix (116, <unspecified>/0)
09-01 14:33:36.298 I/MarketUpdateAgent(10791): UpdateInfo:
09-01 14:33:36.298 I/MarketUpdateAgent(10791): host = 
09-01 14:33:36.298 I/MarketUpdateAgent(10791): fitness = 1
09-01 14:33:36.298 I/MarketUpdateAgent(10791): updateLog = 
09-01 14:33:36.298 I/MarketUpdateAgent(10791): versionCode = 0
09-01 14:33:36.298 I/MarketUpdateAgent(10791): versionName = 
09-01 14:33:36.298 I/MarketUpdateAgent(10791): apkUrl = 
09-01 14:33:36.298 I/MarketUpdateAgent(10791): apkHash = 
09-01 14:33:36.298 I/MarketUpdateAgent(10791): apkSize = 0
09-01 14:33:36.298 I/MarketUpdateAgent(10791): diffUrl = 
09-01 14:33:36.298 I/MarketUpdateAgent(10791): diffHash = 
09-01 14:33:36.298 I/MarketUpdateAgent(10791): diffSize = 0
09-01 14:33:36.309 V/AsyncHttpResponse(10791): Progress 1794 from 1794 (100%)
09-01 14:33:36.313 D/[Koin]  (10791): +- get 'com.huami.training.db.TrainingDb'
09-01 14:33:36.313 D/[Koin]  (10791): +- got 'com.huami.training.db.TrainingDb' in 0.01974 ms
09-01 14:33:36.317 D/[Koin]  (10791): +- get 'com.huami.training.O000000o.O000OO0o'
09-01 14:33:36.317 D/[Koin]  (10791): +- got 'com.huami.training.O000000o.O000OO0o' in 0.022604 ms
09-01 14:33:36.320 W/AsyncHttpResponse(10791): Current thread has not called Looper.prepare().Forcing synchronous mode
09-01 14:33:36.320 D/NetworkController.MobileSignalController(1)(29730): 4G level = 5
09-01 14:33:36.321 W/Glide   (10791): Load failed for 0 with size [-2147483648x-2147483648]
09-01 14:33:36.321 W/Glide   (10791): class com.O00000o0.O000000o.O00000o.O00000Oo.O000O0o: Failed to load resource
09-01 14:33:36.323 W/Settings(10791): Setting android_id has moved from android.provider.Settings.System to android.provider.Settings.Secure, returning read-only value.
09-01 14:33:36.323 W/System.err(10791): java.util.concurrent.ExecutionException: com.O00000o0.O000000o.O00000o.O00000Oo.O000O0o: Failed to load resource
09-01 14:33:36.323 W/System.err(10791): 	at com.O00000o0.O000000o.O0000OOo.O0000O0o.O000000o(RequestFutureTarget.java:212)
09-01 14:33:36.323 W/System.err(10791): 	at com.O00000o0.O000000o.O0000OOo.O0000O0o.get(RequestFutureTarget.java:115)
09-01 14:33:36.323 W/System.err(10791): 	at com.xiaomi.hm.health.imageload.O0000O0o.O00000o0(GlideLoader.java:98)
09-01 14:33:36.324 W/System.err(10791): 	at com.xiaomi.hm.health.imageload.O000000o.O0000ooO(DisplayConfig.java:177)
09-01 14:33:36.324 W/System.err(10791): 	at com.xiaomi.hm.health.imageload.O000000o.O00000o0(DisplayConfig.java:24)
09-01 14:33:36.324 W/System.err(10791): 	at com.xiaomi.hm.health.imageload.O000000o$O000000o.O00000Oo(DisplayConfig.java:449)
09-01 14:33:36.324 W/System.err(10791): 	at com.huami.O000000o.O00000oO.O00000o.O000000o(AdHelper.java:317)
09-01 14:33:36.324 W/System.err(10791): 	at com.huami.O000000o.O00000oO.O00000o.lambda$yrA-IfrcoHQaeb6XuWXLpVHYcoc(Unknown Source:0)
09-01 14:33:36.324 W/System.err(10791): 	at com.huami.O000000o.O00000oO.-$$Lambda$O00000o$yrA-IfrcoHQaeb6XuWXLpVHYcoc.accept(Unknown Source:6)
09-01 14:33:36.324 W/System.err(10791): 	at io.O000000o.O0000O0o.O00000o.O000OOo0.b_(LambdaObserver.java:63)
09-01 14:33:36.324 W/System.err(10791): 	at io.O000000o.O0000O0o.O00000oO.O00000oO.oOO0O000$O000000o.O00000o(ObservableObserveOn.java:201)
09-01 14:33:36.324 W/System.err(10791): 	at io.O000000o.O0000O0o.O00000oO.O00000oO.oOO0O000$O000000o.run(ObservableObserveOn.java:255)
09-01 14:33:36.324 W/System.err(10791): 	at io.O000000o.O0000O0o.O0000O0o.O000O0OO.run(ScheduledRunnable.java:66)
09-01 14:33:36.324 W/System.err(10791): 	at io.O000000o.O0000O0o.O0000O0o.O000O0OO.call(ScheduledRunnable.java:57)
09-01 14:33:36.324 W/System.err(10791): 	at java.util.concurrent.FutureTask.run(FutureTask.java:266)
09-01 14:33:36.324 W/System.err(10791): 	at java.util.concurrent.ScheduledThreadPoolExecutor$ScheduledFutureTask.run(ScheduledThreadPoolExecutor.java:301)
09-01 14:33:36.324 W/System.err(10791): 	at java.util.concurrent.ThreadPoolExecutor.runWorker(ThreadPoolExecutor.java:1167)
09-01 14:33:36.324 W/System.err(10791): 	at java.util.concurrent.ThreadPoolExecutor$Worker.run(ThreadPoolExecutor.java:641)
09-01 14:33:36.324 W/System.err(10791): 	at java.lang.Thread.run(Thread.java:919)
09-01 14:33:36.324 W/System.err(10791): Caused by: com.O00000o0.O000000o.O00000o.O00000Oo.O000O0o: Failed to load resource
09-01 14:33:36.330 W/AsyncHttpResponse(10791): Current thread has not called Looper.prepare().Forcing synchronous mode
09-01 14:33:36.340 I/speech  (10791): device connect,begin set voice callback >>> (SpeechEventBusRegister.kt:37) -> onEventBackgroundThread() | Thread:HMBaseBleDevice
09-01 14:33:36.340 I/speech  (10791): add speech entrance >>> (SpeechEventBusRegister.kt:37) -> onEventBackgroundThread() | Thread:HMBaseBleDevice
09-01 14:33:36.341 I/speech  (10791): get module class by feature ：17 >>> (SpeechEventBusRegister.kt:1) -> O000000o() | Thread:HMBaseBleDevice
09-01 14:33:36.342 I/speech  (10791): get module by module class >>> (SpeechEventBusRegister.kt:1) -> O000000o() | Thread:HMBaseBleDevice
09-01 14:33:36.345 I/speech  (10791): call voiceCallback destroy >>> (SpeechEventBusRegister.kt:1) -> O000000o() | Thread:HMBaseBleDevice
09-01 14:33:36.345 I/speech  (10791): set Voice callback >>> (SpeechEventBusRegister.kt:1) -> O000000o() | Thread:HMBaseBleDevice
09-01 14:33:36.354 V/AsyncHttpResponse(10791): Progress 899 from 899 (100%)
09-01 14:33:36.357 D/[Koin]  (10791): +- get 'com.huami.training.db.TrainingDb'
09-01 14:33:36.357 D/[Koin]  (10791): +- got 'com.huami.training.db.TrainingDb' in 0.019063 ms
09-01 14:33:36.361 D/[Koin]  (10791): +- get 'com.huami.training.O000000o.O000OO0o'
09-01 14:33:36.361 D/[Koin]  (10791): +- got 'com.huami.training.O000000o.O000OO0o' in 0.01974 ms
09-01 14:33:36.373 W/AsyncHttpResponse(10791): Current thread has not called Looper.prepare().Forcing synchronous mode
09-01 14:33:36.402 D/[Koin]  (10791): +- get 'com.huami.stress.domain.O00000oO.O000000o.O000000o'
09-01 14:33:36.402 D/[Koin]  (10791): | create instance for [type:Factory,primary_type:'com.huami.stress.domain.O00000oO.O000000o.O000000o']
09-01 14:33:36.402 D/[Koin]  (10791): +- get 'com.huami.stress.domain.O00000o.O000000o'
09-01 14:33:36.402 D/[Koin]  (10791): | create instance for [type:Factory,primary_type:'com.huami.stress.domain.O00000o.O000000o']
09-01 14:33:36.402 D/[Koin]  (10791): +- got 'com.huami.stress.domain.O00000o.O000000o' in 0.089427 ms
09-01 14:33:36.402 D/[Koin]  (10791): +- got 'com.huami.stress.domain.O00000oO.O000000o.O000000o' in 0.243385 ms
09-01 14:33:36.410 V/AsyncHttpResponse(10791): Progress 1209 from 1209 (100%)
09-01 14:33:36.413 D/[Koin]  (10791): +- get 'com.huami.training.db.TrainingDb'
09-01 14:33:36.413 D/[Koin]  (10791): +- got 'com.huami.training.db.TrainingDb' in 0.024948 ms
09-01 14:33:36.417 D/[Koin]  (10791): +- get 'com.huami.training.O000000o.O000OO0o'
09-01 14:33:36.417 D/[Koin]  (10791): +- got 'com.huami.training.O000000o.O000OO0o' in 0.03 ms
09-01 14:33:36.423 W/AsyncHttpResponse(10791): Current thread has not called Looper.prepare().Forcing synchronous mode
09-01 14:33:36.424 I/chatty  ( 8588): uid=1002(bluetooth) BT Service Call expire 31 lines
09-01 14:33:36.431 W/AsyncHttpResponse(10791): Current thread has not called Looper.prepare().Forcing synchronous mode
09-01 14:33:36.433 D/[Koin]  (10791): +- get 'com.huami.worldclock.O00000o.O00000o0'
09-01 14:33:36.433 D/[Koin]  (10791): +- got 'com.huami.worldclock.O00000o.O00000o0' in 0.017604 ms
09-01 14:33:36.437 I/HMCoreService(10791): The current world clock information is valid and does not need to be pushed to the device 
09-01 14:33:36.439 I/O00000o0(10791): connectingLanguageSettingFlowJudge --------------
09-01 14:33:36.446 D/Event   (10791): No subscribers registered for event class com.xiaomi.hm.health.device.O00000o.O000000o
09-01 14:33:36.446 D/Event   (10791): No subscribers registered for event class O00000Oo.O000000o.O000000o.O0000Oo0
09-01 14:33:36.453 D/BluetoothGatt(10791): setCharacteristicNotification() - uuid: 00000003-0000-3512-2118-0009af100700 enable: true
09-01 14:33:36.453 I/chatty  ( 8588): uid=1002(bluetooth) Binder:8588_2 expire 2 lines
09-01 14:33:36.455 V/AsyncHttpResponse(10791): Progress 1209 from 1209 (100%)
09-01 14:33:36.458 D/[Koin]  (10791): +- get 'com.huami.training.db.TrainingDb'
09-01 14:33:36.459 D/[Koin]  (10791): +- got 'com.huami.training.db.TrainingDb' in 0.022864 ms
09-01 14:33:36.462 D/[Koin]  (10791): +- get 'com.huami.training.O000000o.O000OO0o'
09-01 14:33:36.462 D/[Koin]  (10791): +- got 'com.huami.training.O000000o.O000OO0o' in 0.020417 ms
09-01 14:33:36.466 W/AsyncHttpResponse(10791): Current thread has not called Looper.prepare().Forcing synchronous mode
09-01 14:33:36.499 V/AsyncHttpResponse(10791): Progress 899 from 899 (100%)
09-01 14:33:36.503 D/[Koin]  (10791): +- get 'com.huami.training.db.TrainingDb'
09-01 14:33:36.503 D/[Koin]  (10791): +- got 'com.huami.training.db.TrainingDb' in 0.032552 ms
09-01 14:33:36.509 I/chatty  (19843): uid=1002 bluetooth@1.0-s expire 3 lines
09-01 14:33:36.516 D/BluetoothGatt(10791): setCharacteristicNotification() - uuid: 00000005-0000-3512-2118-0009af100700 enable: false
09-01 14:33:36.525 I/chatty  ( 8588): uid=1002(bluetooth) BT Service Call expire 135 lines
09-01 14:33:36.525 I/chatty  ( 8588): uid=1002(bluetooth) btu message loo expire 119 lines
09-01 14:33:36.542 E/AppInfoUtil(10791): IOException licence.conf1
09-01 14:33:36.544 I/hwservicemanager(  573): getTransport: Cannot find entry vendor.qti.hardware.servicetracker@1.0::IServicetracker/default in either framework or device manifest.
09-01 14:33:36.545 D/CompatibilityInfo( 1639): mCompatibilityFlags - 0
09-01 14:33:36.545 D/CompatibilityInfo( 1639): applicationDensity - 440
09-01 14:33:36.545 D/CompatibilityInfo( 1639): applicationScale - 1.0
09-01 14:33:36.546 V/AsyncHttpResponse(10791): Progress 76 from 76 (100%)
09-01 14:33:36.546 I/hwservicemanager(  573): getTransport: Cannot find entry vendor.qti.hardware.servicetracker@1.0::IServicetracker/default in either framework or device manifest.
09-01 14:33:36.550 I/MiuiNetworkPolicy( 1639): updateUidState uid = 10072, uidState = 4
09-01 14:33:36.551 D/OemNetd (  679): whiteListUid: uid=10072, wmm=add
09-01 14:33:36.555 W/Parcel  ( 5237): **** enforceInterface() expected 'com.miui.gamebooster.service.ISecurityCenterNotificationListener' but read 'android.service.notification.INotificationListener'
09-01 14:33:36.555 W/Binder  ( 5237): Caught a RuntimeException from the binder stub implementation.
09-01 14:33:36.555 W/Binder  ( 5237): java.lang.SecurityException: Binder invocation to an incorrect interface
09-01 14:33:36.555 W/Binder  ( 5237): 	at android.os.Parcel.nativeEnforceInterface(Native Method)
09-01 14:33:36.555 W/Binder  ( 5237): 	at android.os.Parcel.enforceInterface(Parcel.java:626)
09-01 14:33:36.555 W/Binder  ( 5237): 	at com.miui.gamebooster.service.ISecurityCenterNotificationListener$Stub.onTransact(Unknown Source:22)
09-01 14:33:36.555 W/Binder  ( 5237): 	at android.os.Binder.execTransactInternal(Binder.java:1021)
09-01 14:33:36.555 W/Binder  ( 5237): 	at android.os.Binder.execTransact(Binder.java:994)
09-01 14:33:36.555 I/MiuiNetworkPolicy( 1639): updateMLUid uid:10072,old:20,new:4
09-01 14:33:36.555 I/MiuiNetworkPolicy( 1639): isMLEnabled state:20,uid:10072,connect:DISCONNECTED
09-01 14:33:36.555 I/MiuiNetworkPolicy( 1639): isMLEnabled state:4,uid:10072,connect:DISCONNECTED
09-01 14:33:36.558 D/StatusBar(29730): onNotificationPosted key=0|com.xiaomi.hm.health|4|null|10241 isUpdate=true
09-01 14:33:36.559 V/onNotificationPostedCallBack( 5237): flags=98
09-01 14:33:36.559 D/IMReply:Notif(22367): onNotificationPosted before sbn = 4
09-01 14:33:36.559 D/StatusBar(29730): updateNotification old=StatusBarNotification(pkg=com.xiaomi.hm.health user=UserHandle{0} id=4 tag=null key=0|com.xiaomi.hm.health|4|null|10241: Notification(channel=O000Oo0 pri=0 contentView=null vibrate=null sound=null defaults=0x0 flags=0x62 color=0xffff5a00 vis=PRIVATE))
09-01 14:33:36.559 D/StatusBar(29730):     pkgName=com.xiaomi.hm.health appUid=10241 sdk=29 imp=2 sysApp=F priApp=F hasShown=F float=F keyguard=F peek=F fullscreen=F
09-01 14:33:36.559 D/StatusBar(29730):     showMiuiAction=F enableFloat=T enableKeyguard=T floatTime=5000 messageCount=1 persistent=F customHeight=F
09-01 14:33:36.560 V/j       ( 5237): ret=0
09-01 14:33:36.577 W/AsyncHttpResponse(10791): Current thread has not called Looper.prepare().Forcing synchronous mode
09-01 14:33:36.584 D/StackScroller(29730): applyCurrentState
09-01 14:33:36.587 E/Event   (10791): Could not dispatch event: class com.xiaomi.hm.health.device.O00000o.O00000o0 to subscribing class class com.xiaomi.hm.health.O0000o0O.O0000o0
09-01 14:33:36.587 E/Event   (10791): java.lang.NullPointerException
09-01 14:33:36.587 E/Event   (10791): 	at java.util.Objects.requireNonNull(Objects.java:203)
09-01 14:33:36.587 E/Event   (10791): 	at com.xiaomi.hm.health.O0000o0O.O0000o0.O0000o00(MineFragment.java:1129)
09-01 14:33:36.587 E/Event   (10791): 	at com.xiaomi.hm.health.O0000o0O.O0000o0.onEventMainThread(MineFragment.java:1097)
09-01 14:33:36.587 E/Event   (10791): 	at java.lang.reflect.Method.invoke(Native Method)
09-01 14:33:36.587 E/Event   (10791): 	at O00000Oo.O000000o.O000000o.O00000o0.O000000o(EventBus.java:498)
09-01 14:33:36.587 E/Event   (10791): 	at O00000Oo.O000000o.O000000o.O00000o0.O000000o(EventBus.java:433)
09-01 14:33:36.587 E/Event   (10791): 	at O00000Oo.O000000o.O000000o.O00000o0.O000000o(EventBus.java:410)
09-01 14:33:36.587 E/Event   (10791): 	at O00000Oo.O000000o.O000000o.O00000o0.O000000o(EventBus.java:383)
09-01 14:33:36.587 E/Event   (10791): 	at O00000Oo.O000000o.O000000o.O00000o0.O00000oO(EventBus.java:263)
09-01 14:33:36.587 E/Event   (10791): 	at com.xiaomi.hm.health.device.O000000o.O00000o0.O000000o(MyBatteryChangedCallback.java:27)
09-01 14:33:36.587 E/Event   (10791): 	at com.xiaomi.hm.health.device.O000000o.O00000o0.onData(MyBatteryChangedCallback.java:17)
09-01 14:33:36.587 E/Event   (10791): 	at com.xiaomi.hm.health.bt.O00000o0.O0000o00$1.handleMessage(HMCallback.java:42)
09-01 14:33:36.587 E/Event   (10791): 	at android.os.Handler.dispatchMessage(Handler.java:107)
09-01 14:33:36.587 E/Event   (10791): 	at android.os.Looper.loop(Looper.java:224)
09-01 14:33:36.587 E/Event   (10791): 	at android.app.ActivityThread.main(ActivityThread.java:7551)
09-01 14:33:36.587 E/Event   (10791): 	at java.lang.reflect.Method.invoke(Native Method)
09-01 14:33:36.587 E/Event   (10791): 	at com.android.internal.os.RuntimeInit$MethodAndArgsCaller.run(RuntimeInit.java:539)
09-01 14:33:36.587 E/Event   (10791): 	at com.android.internal.os.ZygoteInit.main(ZygoteInit.java:950)
09-01 14:33:36.587 D/Event   (10791): No subscribers registered for event class O00000Oo.O000000o.O000000o.O0000o0
09-01 14:33:36.591 D/AppOpsAdapter( 5211): using permission notify! 32
09-01 14:33:36.591 D/ExpandableNotificationRow(29730): updateBackground
09-01 14:33:36.592 D/StatusBar(29730): No peeking: unimportant notification: 0|com.xiaomi.hm.health|4|null|10241
09-01 14:33:36.592 D/StatusBar(29730): updateHeadsUp wasHeadsUp=false shouldPeek=false alertAgain=true
09-01 14:33:36.595 I/BehaviorRecord-Monitor( 5237): com.xiaomi.hm.health , perm: 32 , operation 2 , current size: 1
09-01 14:33:36.602 D/StackScroller(29730): applyCurrentState
09-01 14:33:36.606 D/BluetoothGatt(10791): setCharacteristicNotification() - uuid: 00000003-0000-3512-2118-0009af100700 enable: false
09-01 14:33:36.607 I/chatty  ( 8588): uid=1002(bluetooth) Binder:8588_2 expire 3 lines
09-01 14:33:36.618 W/Settings(10791): Setting android_id has moved from android.provider.Settings.System to android.provider.Settings.Secure, returning read-only value.
09-01 14:33:36.622 W/ExifInterface(10791): Invalid image: ExifInterface got an unsupported image format file(ExifInterface supports JPEG and some RAW image formats only) or a corrupted JPEG file to ExifInterface.
09-01 14:33:36.622 W/ExifInterface(10791): java.io.IOException: Invalid byte order: ffff8950
09-01 14:33:36.622 W/ExifInterface(10791): 	at android.media.ExifInterface.readByteOrder(ExifInterface.java:3128)
09-01 14:33:36.622 W/ExifInterface(10791): 	at android.media.ExifInterface.isOrfFormat(ExifInterface.java:2443)
09-01 14:33:36.622 W/ExifInterface(10791): 	at android.media.ExifInterface.getMimeType(ExifInterface.java:2321)
09-01 14:33:36.622 W/ExifInterface(10791): 	at android.media.ExifInterface.loadAttributes(ExifInterface.java:1755)
09-01 14:33:36.622 W/ExifInterface(10791): 	at android.media.ExifInterface.<init>(ExifInterface.java:1449)
09-01 14:33:36.622 W/ExifInterface(10791): 	at com.O00000o0.O000000o.O00000o.O00000o.O000000o.O000OO0o.O000000o(ExifInterfaceImageHeaderParser.java:40)
09-01 14:33:36.622 W/ExifInterface(10791): 	at com.O00000o0.O000000o.O00000o.O0000Oo0.O00000Oo(ImageHeaderParserUtils.java:91)
09-01 14:33:36.622 W/ExifInterface(10791): 	at com.O00000o0.O000000o.O00000o.O00000o.O000000o.O000O0o0.O000000o(Downsampler.java:236)
09-01 14:33:36.622 W/ExifInterface(10791): 	at com.O00000o0.O000000o.O00000o.O00000o.O000000o.O000O0o0.O000000o(Downsampler.java:206)
09-01 14:33:36.622 W/ExifInterface(10791): 	at com.O00000o0.O000000o.O00000o.O00000o.O000000o.O000O0o0.O000000o(Downsampler.java:162)
09-01 14:33:36.622 W/ExifInterface(10791): 	at com.O00000o0.O000000o.O00000o.O00000o.O000000o.O0000o00.O000000o(ByteBufferBitmapDecoder.java:33)
09-01 14:33:36.622 W/ExifInterface(10791): 	at com.O00000o0.O000000o.O00000o.O00000o.O000000o.O0000o00.O000000o(ByteBufferBitmapDecoder.java:16)
09-01 14:33:36.622 W/ExifInterface(10791): 	at com.O00000o0.O000000o.O00000o.O00000Oo.O0000Oo.O000000o(DecodePath.java:72)
09-01 14:33:36.622 W/ExifInterface(10791): 	at com.O00000o0.O000000o.O00000o.O00000Oo.O0000Oo.O000000o(DecodePath.java:55)
09-01 14:33:36.622 W/ExifInterface(10791): 	at com.O00000o0.O000000o.O00000o.O00000Oo.O0000Oo.O000000o(DecodePath.java:45)
09-01 14:33:36.622 W/ExifInterface(10791): 	at com.O00000o0.O000000o.O00000o.O00000Oo.O000OO.O000000o(LoadPath.java:58)
09-01 14:33:36.622 W/ExifInterface(10791): 	at com.O00000o0.O000000o.O00000o.O00000Oo.O000OO.O000000o(LoadPath.java:43)
09-01 14:33:36.622 W/ExifInterface(10791): 	at com.O00000o0.O000000o.O00000o.O00000Oo.O0000Oo0.O000000o(DecodeJob.java:507)
09-01 14:33:36.622 W/ExifInterface(10791): 	at com.O00000o0.O000000o.O00000o.O00000Oo.O0000Oo0.O000000o(DecodeJob.java:472)
09-01 14:33:36.622 W/ExifInterface(10791): 	at com.O00000o0.O000000o.O00000o.O00000Oo.O0000Oo0.O000000o(DecodeJob.java:458)
09-01 14:33:36.622 W/ExifInterface(10791): 	at com.O00000o0.O000000o.O00000o.O00000Oo.O0000Oo0.O0000o0(DecodeJob.java:410)
09-01 14:33:36.622 W/ExifInterface(10791): 	at com.O00000o0.O000000o.O00000o.O00000Oo.O0000Oo0.O000000o(DecodeJob.java:379)
09-01 14:33:36.622 W/ExifInterface(10791): 	at com.O00000o0.O000000o.O00000o.O00000Oo.O00000Oo.O000000o(DataCacheGenerator.java:95)
09-01 14:33:36.622 W/ExifInterface(10791): 	at com.O00000o0.O000000o.O00000o.O00000o0.O00000o$O000000o.O000000o(ByteBufferFileLoader.java:74)
09-01 14:33:36.622 W/ExifInterface(10791): 	at com.O00000o0.O000000o.O00000o.O00000Oo.O00000Oo.O000000o(DataCacheGenerator.java:75)
09-01 14:33:36.622 W/ExifInterface(10791): 	at com.O00000o0.O000000o.O00000o.O00000Oo.O0000Oo0.O0000OoO(DecodeJob.java:302)
09-01 14:33:36.622 W/ExifInterface(10791): 	at com.O00000o0.O000000o.O00000o.O00000Oo.O0000Oo0.O0000Oo0(DecodeJob.java:269)
09-01 14:33:36.622 W/ExifInterface(10791): 	at com.O00000o0.O000000o.O00000o.O00000Oo.O0000Oo0.run(DecodeJob.java:233)
09-01 14:33:36.622 W/ExifInterface(10791): 	at java.util.concurrent.ThreadPoolExecutor.runWorker(ThreadPoolExecutor.java:1167)
09-01 14:33:36.622 W/ExifInterface(10791): 	at java.util.concurrent.ThreadPoolExecutor$Worker.run(ThreadPoolExecutor.java:641)
09-01 14:33:36.622 W/ExifInterface(10791): 	at java.lang.Thread.run(Thread.java:919)
09-01 14:33:36.622 W/ExifInterface(10791): 	at com.O00000o0.O000000o.O00000o.O00000Oo.O00000o0.O000000o$O000000o$1.run(GlideExecutor.java:446)
09-01 14:33:36.625 W/AsyncHttpResponse(10791): Current thread has not called Looper.prepare().Forcing synchronous mode
09-01 14:33:36.626 V/AsyncHttpResponse(10791): Progress 155 from 155 (100%)
09-01 14:33:36.634 D/Event   (10791): No subscribers registered for event class com.xiaomi.hm.health.O0000o00.O000O0OO
09-01 14:33:36.634 D/Event   (10791): No subscribers registered for event class O00000Oo.O000000o.O000000o.O0000Oo0
09-01 14:33:36.749 I/chatty  ( 8588): uid=1002(bluetooth) BT Service Call expire 115 lines
09-01 14:33:36.767 I/chatty  ( 8588): uid=1002(bluetooth) btu message loo expire 138 lines
09-01 14:33:36.786 D/BluetoothGatt(10791): setCharacteristicNotification() - uuid: 00000004-0000-3512-2118-0009af100700 enable: false
09-01 14:33:36.787 D/AssistContentIndex(10791): connected service android.os.BinderProxy@b3b6b01
09-01 14:33:36.788 I/DataTransmissionService(28909): onTransact callingPkg = com.xiaomi.hm.health callingUid = 10241
