09-01 14:33:33.679 E/MarketSdkClient(10791): 	at android.telephony.TelephonyManager.getDeviceId(TelephonyManager.java:1619)
09-01 14:33:33.679 E/MarketSdkClient(10791): 	at com.xiaomi.market.sdk.Client.acquireIdentity(Client.java:190)
09-01 14:33:33.679 E/MarketSdkClient(10791): 	at com.xiaomi.market.sdk.Client.init(Client.java:104)
09-01 14:33:33.679 E/MarketSdkClient(10791): 	at com.xiaomi.market.sdk.XiaomiUpdateAgent.update(XiaomiUpdateAgent.java:74)
09-01 14:33:33.679 E/MarketSdkClient(10791): 	at com.xiaomi.market.sdk.XiaomiUpdateAgent.update(XiaomiUpdateAgent.java:61)
09-01 14:33:33.679 E/MarketSdkClient(10791): 	at com.xiaomi.hm.health.O00000o.O000000o.O000000o(AppUpgradeManager.java:540)
09-01 14:33:33.679 E/MarketSdkClient(10791): 	at com.xiaomi.hm.health.O00000o.O000000o.O000000o(AppUpgradeManager.java:620)
09-01 14:33:33.679 E/MarketSdkClient(10791): 	at com.xiaomi.hm.health.O00000o.O000000o.O000000o(AppUpgradeManager.java:142)
09-01 14:33:33.679 E/MarketSdkClient(10791): 	at com.xiaomi.hm.health.O00000o.O000000o.O000000o(AppUpgradeManager.java:46)
09-01 14:33:33.679 E/MarketSdkClient(10791): 	at com.xiaomi.hm.health.O00000o.O000000o$O000000o.onItem(AppUpgradeManager.java:106)
09-01 14:33:33.679 E/MarketSdkClient(10791): 	at com.huami.O0000o0.O000000o.O00000o.O00000o0.onSuccess(IHMHttpResponseHandler.java:14)
09-01 14:33:33.679 E/MarketSdkClient(10791): 	at com.huami.O0000o0.O000000o.O00000Oo$1.O000000o(HMHttpRequest.java:158)
09-01 14:33:33.679 E/MarketSdkClient(10791): 	at com.huami.O0000o0.O000000o.O00000Oo$1.b_(HMHttpRequest.java:141)
09-01 14:33:33.679 E/MarketSdkClient(10791): 	at io.O000000o.O0000O0o.O00000oO.O00000oO.oOO0O000$O000000o.O00000o(ObservableObserveOn.java:201)
09-01 14:33:33.679 E/MarketSdkClient(10791): 	at io.O000000o.O0000O0o.O00000oO.O00000oO.oOO0O000$O000000o.run(ObservableObserveOn.java:255)
09-01 14:33:33.679 E/MarketSdkClient(10791): 	at io.O000000o.O000000o.O00000Oo.O00000Oo$O00000Oo.run(HandlerScheduler.java:109)
09-01 14:33:33.679 E/MarketSdkClient(10791): 	at android.os.Handler.handleCallback(Handler.java:883)
09-01 14:33:33.679 E/MarketSdkClient(10791): 	at android.os.Handler.dispatchMessage(Handler.java:100)
09-01 14:33:33.679 E/MarketSdkClient(10791): 	at android.os.Looper.loop(Looper.java:224)
09-01 14:33:33.679 E/MarketSdkClient(10791): 	at android.app.ActivityThread.main(ActivityThread.java:7551)
09-01 14:33:33.679 E/MarketSdkClient(10791): 	at java.lang.reflect.Method.invoke(Native Method)
09-01 14:33:33.679 E/MarketSdkClient(10791): 	at com.android.internal.os.RuntimeInit$MethodAndArgsCaller.run(RuntimeInit.java:539)
09-01 14:33:33.679 E/MarketSdkClient(10791): 	at com.android.internal.os.ZygoteInit.main(ZygoteInit.java:950)
09-01 14:33:33.682 D/MarketUpdateAgent(10791): start to check update
09-01 14:33:33.683 E/MarketPatcher(10791): load patcher library failed : java.lang.UnsatisfiedLinkError: dalvik.system.PathClassLoader[DexPathList[[zip file "/data/app/com.xiaomi.hm.health-ooUo9xQvewNmlnoHhfDwKQ==/base.apk", dex file "/data/app/com.xiaomi.hm.health-ooUo9xQvewNmlnoHhfDwKQ==/base.apk"],nativeLibraryDirectories=[/data/app/com.xiaomi.hm.health-ooUo9xQvewNmlnoHhfDwKQ==/lib/arm64, /data/app/com.xiaomi.hm.health-ooUo9xQvewNmlnoHhfDwKQ==/base.apk!/lib/arm64-v8a, /system/lib64, /system/product/lib64]]] couldn't find "libsdk_patcher_jni.so"
09-01 14:33:33.684 V/AsyncHttpResponse(10791): Progress 315 from 315 (100%)
09-01 14:33:33.695 D/[Koin]  (10791): +- get 'com.huami.femalehealth.uilib.O00000o0.O0000Oo'
09-01 14:33:33.695 D/[Koin]  (10791): | create instance for [type:Factory,primary_type:'com.huami.femalehealth.uilib.O00000o0.O0000Oo']
09-01 14:33:33.695 D/[Koin]  (10791): +- get 'com.huami.femalehealth.logiclib.O00000oO.O00oOooO'
09-01 14:33:33.695 D/[Koin]  (10791): +- got 'com.huami.femalehealth.logiclib.O00000oO.O00oOooO' in 0.018282 ms
09-01 14:33:33.695 D/[Koin]  (10791): +- get 'com.huami.femalehealth.logiclib.O0000O0o.O00000o'
09-01 14:33:33.695 D/[Koin]  (10791): | create instance for [type:Factory,primary_type:'com.huami.femalehealth.logiclib.O0000O0o.O00000o']
09-01 14:33:33.695 D/[Koin]  (10791): +- get 'com.huami.femalehealth.logiclib.O00000oO.O0000O0o'
09-01 14:33:33.695 D/[Koin]  (10791): +- got 'com.huami.femalehealth.logiclib.O00000oO.O0000O0o' in 0.050468 ms
09-01 14:33:33.695 D/[Koin]  (10791): +- get 'com.huami.femalehealth.logiclib.O000000o.O00000Oo'
09-01 14:33:33.695 D/[Koin]  (10791): +- got 'com.huami.femalehealth.logiclib.O000000o.O00000Oo' in 0.00875 ms
09-01 14:33:33.695 D/[Koin]  (10791): +- get 'com.huami.femalehealth.logiclib.db.FemaleHealthDb'
09-01 14:33:33.695 D/[Koin]  (10791): +- got 'com.huami.femalehealth.logiclib.db.FemaleHealthDb' in 0.00974 ms
09-01 14:33:33.695 D/[Koin]  (10791): +- get 'com.huami.femalehealth.logiclib.O00000Oo.O00000o'
09-01 14:33:33.695 D/[Koin]  (10791): | create instance for [type:Factory,primary_type:'com.huami.femalehealth.logiclib.O00000Oo.O00000o']
09-01 14:33:33.695 D/[Koin]  (10791): +- get 'com.huami.femalehealth.logiclib.O00000oO.O0000O0o'
09-01 14:33:33.695 D/[Koin]  (10791): +- got 'com.huami.femalehealth.logiclib.O00000oO.O0000O0o' in 0.010729 ms
09-01 14:33:33.695 D/[Koin]  (10791): +- get 'com.huami.femalehealth.logiclib.O000000o.O00000Oo'
09-01 14:33:33.695 D/[Koin]  (10791): +- got 'com.huami.femalehealth.logiclib.O000000o.O00000Oo' in 0.006511 ms
09-01 14:33:33.695 D/[Koin]  (10791): +- get 'com.huami.femalehealth.logiclib.db.FemaleHealthDb'
09-01 14:33:33.695 D/[Koin]  (10791): +- got 'com.huami.femalehealth.logiclib.db.FemaleHealthDb' in 0.006094 ms
09-01 14:33:33.695 D/[Koin]  (10791): +- get 'com.huami.femalehealth.logiclib.O00000Oo.O00000Oo'
09-01 14:33:33.695 D/[Koin]  (10791): +- got 'com.huami.femalehealth.logiclib.O00000Oo.O00000Oo' in 0.008386 ms
09-01 14:33:33.695 D/[Koin]  (10791): +- get 'com.huami.femalehealth.logiclib.O00000oO.O00oOooO'
09-01 14:33:33.696 D/[Koin]  (10791): +- got 'com.huami.femalehealth.logiclib.O00000oO.O00oOooO' in 0.006823 ms
09-01 14:33:33.696 D/[Koin]  (10791): +- got 'com.huami.femalehealth.logiclib.O00000Oo.O00000o' in 0.293072 ms
09-01 14:33:33.696 D/[Koin]  (10791): +- get 'com.huami.femalehealth.logiclib.O00000Oo.O00000o0'
09-01 14:33:33.696 D/[Koin]  (10791): | create instance for [type:Factory,primary_type:'com.huami.femalehealth.logiclib.O00000Oo.O00000o0']
09-01 14:33:33.696 D/[Koin]  (10791): +- got 'com.huami.femalehealth.logiclib.O00000Oo.O00000o0' in 0.045052 ms
09-01 14:33:33.696 D/[Koin]  (10791): +- got 'com.huami.femalehealth.logiclib.O0000O0o.O00000o' in 0.801407 ms
09-01 14:33:33.696 D/[Koin]  (10791): +- got 'com.huami.femalehealth.uilib.O00000o0.O0000Oo' in 1.324688 ms
09-01 14:33:33.697 V/AsyncHttpResponse(10791): Progress 156 from 156 (100%)
09-01 14:33:33.699 I/appium  (10741): AppiumResponse: {"sessionId":"a4d7b541-3cc2-4590-a0d7-423994c151e3","value":{"error":"no such element","message":"An element could not be located on the page using the given search parameters","stacktrace":"io.appium.uiautomator2.common.exceptions.ElementNotFoundException: An element could not be located on the ...
09-01 14:33:33.701 D/Event   (10791): No subscribers registered for event class com.xiaomi.hm.health.bodyfat.O00000Oo.O00oOooO
09-01 14:33:33.701 D/Event   (10791): No subscribers registered for event class O00000Oo.O000000o.O000000o.O0000Oo0
09-01 14:33:33.716 W/AsyncHttpResponse(10791): Current thread has not called Looper.prepare().Forcing synchronous mode
09-01 14:33:33.717 D/[Koin]  (10791): +- get 'com.huami.message.O0000OoO.O0000Oo'
09-01 14:33:33.717 D/[Koin]  (10791): | create instance for [type:Factory,primary_type:'com.huami.message.O0000OoO.O0000Oo']
09-01 14:33:33.717 D/[Koin]  (10791): +- get 'com.huami.message.O0000OOo.O000000o'
09-01 14:33:33.717 D/[Koin]  (10791): | create instance for [type:Factory,primary_type:'com.huami.message.O0000OOo.O000000o']
09-01 14:33:33.717 D/[Koin]  (10791): +- get 'com.huami.message.O000000o.O00000o'
09-01 14:33:33.717 D/[Koin]  (10791): +- got 'com.huami.message.O000000o.O00000o' in 0.016719 ms
09-01 14:33:33.717 D/[Koin]  (10791): +- get 'com.huami.message.db.MessageDb'
09-01 14:33:33.717 D/[Koin]  (10791): +- got 'com.huami.message.db.MessageDb' in 0.006927 ms
09-01 14:33:33.717 D/[Koin]  (10791): +- get 'com.huami.message.O0000Oo0.O000000o'
09-01 14:33:33.717 D/[Koin]  (10791): +- got 'com.huami.message.O0000Oo0.O000000o' in 0.007968 ms
09-01 14:33:33.718 D/[Koin]  (10791): +- got 'com.huami.message.O0000OOo.O000000o' in 0.276562 ms
09-01 14:33:33.718 D/[Koin]  (10791): +- got 'com.huami.message.O0000OoO.O0000Oo' in 0.485104 ms
09-01 14:33:33.724 W/AsyncHttpResponse(10791): Current thread has not called Looper.prepare().Forcing synchronous mode
09-01 14:33:33.738 V/AsyncHttpResponse(10791): Progress 357 from 357 (100%)
09-01 14:33:33.751 V/AsyncHttpResponse(10791): Progress 315 from 315 (100%)
09-01 14:33:33.761 I/AudioTrack( 2503): isLongTimeZoreData zoer date time 32 Seconds
09-01 14:33:33.764 V/AsyncHttpResponse(10791): Progress 162 from 162 (100%)
09-01 14:33:33.773 D/MSF.D.QLog(25307): QLog clear logs
09-01 14:33:33.794 D/[Koin]  (10791): +- get 'com.huami.femalehealth.uilib.O00000o0.O00000o0'
09-01 14:33:33.794 D/[Koin]  (10791): | create instance for [type:Single,primary_type:'com.huami.femalehealth.uilib.O00000o0.O00000o0']
09-01 14:33:33.794 D/[Koin]  (10791): +- get 'android.content.Context'
09-01 14:33:33.794 D/[Koin]  (10791): +- got 'android.content.Context' in 0.005208 ms
09-01 14:33:33.794 D/[Koin]  (10791): +- got 'com.huami.femalehealth.uilib.O00000o0.O00000o0' in 0.197656 ms
09-01 14:33:33.826 D/[Koin]  (10791): +- get 'com.huami.femalehealth.uilib.viewmodel.FemaleMifitViewModel'
09-01 14:33:33.826 D/[Koin]  (10791): | create instance for [type:Factory,primary_type:'com.huami.femalehealth.uilib.viewmodel.FemaleMifitViewModel']
09-01 14:33:33.826 D/[Koin]  (10791): +- get 'com.huami.femalehealth.logiclib.O0000O0o.O0000O0o'
09-01 14:33:33.826 D/[Koin]  (10791): | create instance for [type:Factory,primary_type:'com.huami.femalehealth.logiclib.O0000O0o.O0000O0o']
09-01 14:33:33.826 D/[Koin]  (10791): +- get 'com.huami.femalehealth.logiclib.O00000oO.O0000O0o'
09-01 14:33:33.826 D/[Koin]  (10791): +- got 'com.huami.femalehealth.logiclib.O00000oO.O0000O0o' in 0.017604 ms
09-01 14:33:33.826 D/[Koin]  (10791): +- get 'com.huami.femalehealth.logiclib.O000000o.O00000Oo'
09-01 14:33:33.826 D/[Koin]  (10791): +- got 'com.huami.femalehealth.logiclib.O000000o.O00000Oo' in 0.005468 ms
09-01 14:33:33.826 D/[Koin]  (10791): +- get 'com.huami.femalehealth.logiclib.O00000oO.O00oOooO'
09-01 14:33:33.826 D/[Koin]  (10791): +- got 'com.huami.femalehealth.logiclib.O00000oO.O00oOooO' in 0.004688 ms
09-01 14:33:33.826 D/[Koin]  (10791): +- get 'com.huami.femalehealth.logiclib.O00000Oo.O00000o'
09-01 14:33:33.826 D/[Koin]  (10791): | create instance for [type:Factory,primary_type:'com.huami.femalehealth.logiclib.O00000Oo.O00000o']
09-01 14:33:33.826 D/[Koin]  (10791): +- get 'com.huami.femalehealth.logiclib.O00000oO.O0000O0o'
09-01 14:33:33.826 D/[Koin]  (10791): +- got 'com.huami.femalehealth.logiclib.O00000oO.O0000O0o' in 0.003802 ms
09-01 14:33:33.826 D/[Koin]  (10791): +- get 'com.huami.femalehealth.logiclib.O000000o.O00000Oo'
09-01 14:33:33.826 D/[Koin]  (10791): +- got 'com.huami.femalehealth.logiclib.O000000o.O00000Oo' in 0.003802 ms
09-01 14:33:33.826 D/[Koin]  (10791): +- get 'com.huami.femalehealth.logiclib.db.FemaleHealthDb'
09-01 14:33:33.826 D/[Koin]  (10791): +- got 'com.huami.femalehealth.logiclib.db.FemaleHealthDb' in 0.004948 ms
09-01 14:33:33.826 D/[Koin]  (10791): +- get 'com.huami.femalehealth.logiclib.O00000Oo.O00000Oo'
09-01 14:33:33.826 D/[Koin]  (10791): +- got 'com.huami.femalehealth.logiclib.O00000Oo.O00000Oo' in 0.004948 ms
09-01 14:33:33.826 D/[Koin]  (10791): +- get 'com.huami.femalehealth.logiclib.O00000oO.O00oOooO'
09-01 14:33:33.826 D/[Koin]  (10791): +- got 'com.huami.femalehealth.logiclib.O00000oO.O00oOooO' in 0.004271 ms
09-01 14:33:33.826 D/[Koin]  (10791): +- got 'com.huami.femalehealth.logiclib.O00000Oo.O00000o' in 0.176979 ms
09-01 14:33:33.826 D/[Koin]  (10791): +- got 'com.huami.femalehealth.logiclib.O0000O0o.O0000O0o' in 0.366563 ms
09-01 14:33:33.826 D/[Koin]  (10791): +- get 'com.huami.femalehealth.logiclib.O0000O0o.O00000o'
09-01 14:33:33.826 D/[Koin]  (10791): | create instance for [type:Factory,primary_type:'com.huami.femalehealth.logiclib.O0000O0o.O00000o']
09-01 14:33:33.826 D/[Koin]  (10791): +- get 'com.huami.femalehealth.logiclib.O00000oO.O0000O0o'
09-01 14:33:33.826 D/[Koin]  (10791): +- got 'com.huami.femalehealth.logiclib.O00000oO.O0000O0o' in 0.004427 ms
09-01 14:33:33.826 D/[Koin]  (10791): +- get 'com.huami.femalehealth.logiclib.O000000o.O00000Oo'
09-01 14:33:33.826 D/[Koin]  (10791): +- got 'com.huami.femalehealth.logiclib.O000000o.O00000Oo' in 0.003594 ms
09-01 14:33:33.826 D/[Koin]  (10791): +- get 'com.huami.femalehealth.logiclib.db.FemaleHealthDb'
09-01 14:33:33.826 D/[Koin]  (10791): +- got 'com.huami.femalehealth.logiclib.db.FemaleHealthDb' in 0.003803 ms
09-01 14:33:33.826 D/[Koin]  (10791): +- get 'com.huami.femalehealth.logiclib.O00000Oo.O00000o'
09-01 14:33:33.826 D/[Koin]  (10791): | create instance for [type:Factory,primary_type:'com.huami.femalehealth.logiclib.O00000Oo.O00000o']
09-01 14:33:33.827 D/[Koin]  (10791): +- get 'com.huami.femalehealth.logiclib.O00000oO.O0000O0o'
09-01 14:33:33.827 D/[Koin]  (10791): +- got 'com.huami.femalehealth.logiclib.O00000oO.O0000O0o' in 0.003698 ms
09-01 14:33:33.827 D/[Koin]  (10791): +- get 'com.huami.femalehealth.logiclib.O000000o.O00000Oo'
09-01 14:33:33.827 D/[Koin]  (10791): +- got 'com.huami.femalehealth.logiclib.O000000o.O00000Oo' in 0.008021 ms
09-01 14:33:33.827 D/[Koin]  (10791): +- get 'com.huami.femalehealth.logiclib.db.FemaleHealthDb'
09-01 14:33:33.827 D/[Koin]  (10791): +- got 'com.huami.femalehealth.logiclib.db.FemaleHealthDb' in 0.004114 ms
09-01 14:33:33.827 D/[Koin]  (10791): +- get 'com.huami.femalehealth.logiclib.O00000Oo.O00000Oo'
09-01 14:33:33.827 D/[Koin]  (10791): +- got 'com.huami.femalehealth.logiclib.O00000Oo.O00000Oo' in 0.004115 ms
09-01 14:33:33.827 D/[Koin]  (10791): +- get 'com.huami.femalehealth.logiclib.O00000oO.O00oOooO'
09-01 14:33:33.827 D/[Koin]  (10791): +- got 'com.huami.femalehealth.logiclib.O00000oO.O00oOooO' in 0.004375 ms
09-01 14:33:33.827 D/[Koin]  (10791): +- got 'com.huami.femalehealth.logiclib.O00000Oo.O00000o' in 0.170729 ms
09-01 14:33:33.827 D/[Koin]  (10791): +- get 'com.huami.femalehealth.logiclib.O00000Oo.O00000o0'
09-01 14:33:33.827 D/[Koin]  (10791): | create instance for [type:Factory,primary_type:'com.huami.femalehealth.logiclib.O00000Oo.O00000o0']
09-01 14:33:33.827 D/[Koin]  (10791): +- got 'com.huami.femalehealth.logiclib.O00000Oo.O00000o0' in 0.029219 ms
09-01 14:33:33.827 D/[Koin]  (10791): +- got 'com.huami.femalehealth.logiclib.O0000O0o.O00000o' in 0.427135 ms
09-01 14:33:33.827 D/[Koin]  (10791): +- got 'com.huami.femalehealth.uilib.viewmodel.FemaleMifitViewModel' in 1.003698 ms
09-01 14:33:33.828 D/[Koin]  (10791): +- get 'com.huami.femalehealth.uilib.viewmodel.StatusViewModel'
09-01 14:33:33.828 D/[Koin]  (10791): | create instance for [type:Factory,primary_type:'com.huami.femalehealth.uilib.viewmodel.StatusViewModel']
09-01 14:33:33.828 D/[Koin]  (10791): +- get 'com.huami.femalehealth.logiclib.O0000O0o.O00000o'
09-01 14:33:33.828 D/[Koin]  (10791): | create instance for [type:Factory,primary_type:'com.huami.femalehealth.logiclib.O0000O0o.O00000o']
09-01 14:33:33.828 D/[Koin]  (10791): +- get 'com.huami.femalehealth.logiclib.O00000oO.O0000O0o'
09-01 14:33:33.828 D/[Koin]  (10791): +- got 'com.huami.femalehealth.logiclib.O00000oO.O0000O0o' in 0.037813 ms
09-01 14:33:33.828 D/[Koin]  (10791): +- get 'com.huami.femalehealth.logiclib.O000000o.O00000Oo'
09-01 14:33:33.828 D/[Koin]  (10791): +- got 'com.huami.femalehealth.logiclib.O000000o.O00000Oo' in 0.004792 ms
09-01 14:33:33.828 D/[Koin]  (10791): +- get 'com.huami.femalehealth.logiclib.db.FemaleHealthDb'
09-01 14:33:33.828 D/[Koin]  (10791): +- got 'com.huami.femalehealth.logiclib.db.FemaleHealthDb' in 0.005312 ms
09-01 14:33:33.828 D/[Koin]  (10791): +- get 'com.huami.femalehealth.logiclib.O00000Oo.O00000o'
09-01 14:33:33.828 D/[Koin]  (10791): | create instance for [type:Factory,primary_type:'com.huami.femalehealth.logiclib.O00000Oo.O00000o']
09-01 14:33:33.828 D/[Koin]  (10791): +- get 'com.huami.femalehealth.logiclib.O00000oO.O0000O0o'
09-01 14:33:33.828 D/[Koin]  (10791): +- got 'com.huami.femalehealth.logiclib.O00000oO.O0000O0o' in 0.004323 ms
09-01 14:33:33.828 D/[Koin]  (10791): +- get 'com.huami.femalehealth.logiclib.O000000o.O00000Oo'
09-01 14:33:33.828 D/[Koin]  (10791): +- got 'com.huami.femalehealth.logiclib.O000000o.O00000Oo' in 0.004896 ms
09-01 14:33:33.828 D/[Koin]  (10791): +- get 'com.huami.femalehealth.logiclib.db.FemaleHealthDb'
09-01 14:33:33.828 D/[Koin]  (10791): +- got 'com.huami.femalehealth.logiclib.db.FemaleHealthDb' in 0.004271 ms
09-01 14:33:33.828 D/[Koin]  (10791): +- get 'com.huami.femalehealth.logiclib.O00000Oo.O00000Oo'
09-01 14:33:33.829 D/[Koin]  (10791): +- got 'com.huami.femalehealth.logiclib.O00000Oo.O00000Oo' in 0.005261 ms
09-01 14:33:33.829 D/[Koin]  (10791): +- get 'com.huami.femalehealth.logiclib.O00000oO.O00oOooO'
09-01 14:33:33.829 D/[Koin]  (10791): +- got 'com.huami.femalehealth.logiclib.O00000oO.O00oOooO' in 0.004531 ms
09-01 14:33:33.829 D/[Koin]  (10791): +- got 'com.huami.femalehealth.logiclib.O00000Oo.O00000o' in 0.18125 ms
09-01 14:33:33.829 D/[Koin]  (10791): +- get 'com.huami.femalehealth.logiclib.O00000Oo.O00000o0'
09-01 14:33:33.829 D/[Koin]  (10791): | create instance for [type:Factory,primary_type:'com.huami.femalehealth.logiclib.O00000Oo.O00000o0']
09-01 14:33:33.829 D/[Koin]  (10791): +- got 'com.huami.femalehealth.logiclib.O00000Oo.O00000o0' in 0.022187 ms
09-01 14:33:33.829 D/[Koin]  (10791): +- got 'com.huami.femalehealth.logiclib.O0000O0o.O00000o' in 0.46526 ms
09-01 14:33:33.829 D/[Koin]  (10791): +- get 'com.huami.femalehealth.logiclib.O00000Oo.O00000o'
09-01 14:33:33.829 D/[Koin]  (10791): | create instance for [type:Factory,primary_type:'com.huami.femalehealth.logiclib.O00000Oo.O00000o']
09-01 14:33:33.829 D/[Koin]  (10791): +- get 'com.huami.femalehealth.logiclib.O00000oO.O0000O0o'
09-01 14:33:33.829 D/[Koin]  (10791): +- got 'com.huami.femalehealth.logiclib.O00000oO.O0000O0o' in 0.005052 ms
09-01 14:33:33.829 D/[Koin]  (10791): +- get 'com.huami.femalehealth.logiclib.O000000o.O00000Oo'
09-01 14:33:33.829 D/[Koin]  (10791): +- got 'com.huami.femalehealth.logiclib.O000000o.O00000Oo' in 0.004218 ms
09-01 14:33:33.829 D/[Koin]  (10791): +- get 'com.huami.femalehealth.logiclib.db.FemaleHealthDb'
09-01 14:33:33.829 D/[Koin]  (10791): +- got 'com.huami.femalehealth.logiclib.db.FemaleHealthDb' in 0.003437 ms
09-01 14:33:33.829 D/[Koin]  (10791): +- get 'com.huami.femalehealth.logiclib.O00000Oo.O00000Oo'
09-01 14:33:33.829 D/[Koin]  (10791): +- got 'com.huami.femalehealth.logiclib.O00000Oo.O00000Oo' in 0.003854 ms
09-01 14:33:33.829 D/[Koin]  (10791): +- get 'com.huami.femalehealth.logiclib.O00000oO.O00oOooO'
09-01 14:33:33.829 D/[Koin]  (10791): +- got 'com.huami.femalehealth.logiclib.O00000oO.O00oOooO' in 0.005886 ms
09-01 14:33:33.829 D/[Koin]  (10791): +- got 'com.huami.femalehealth.logiclib.O00000Oo.O00000o' in 0.188386 ms
09-01 14:33:33.831 D/[Koin]  (10791): +- got 'com.huami.femalehealth.uilib.viewmodel.StatusViewModel' in 3.084792 ms
09-01 14:33:33.845 W/AsyncHttpResponse(10791): Current thread has not called Looper.prepare().Forcing synchronous mode
09-01 14:33:33.884 V/AsyncHttpResponse(10791): Progress 12 from 12 (100%)
09-01 14:33:33.919 W/AsyncHttpResponse(10791): Current thread has not called Looper.prepare().Forcing synchronous mode
09-01 14:33:33.944 I/chatty  (19843): uid=1002 bluetooth@1.0-s expire 3 lines
09-01 14:33:33.952 I/chatty  ( 8588): uid=1002(bluetooth) btu message loo expire 108 lines
09-01 14:33:33.955 I//system/vendor/bin/mi_thermald( 1070): thermal_cpu_set_level: set cpu freq of cpu7 to 2016000
09-01 14:33:33.956 I//system/vendor/bin/mi_thermald( 1070): thermal_cpu_set_level: set cpu freq of cpu4 to 2016000
09-01 14:33:33.966 W/PushService( 5479): 2020-08-31 23:33:33,966 - [WARN::PushService] - [Thread:658] [Slim] Read {cmd=SECMSG;chid=5;len=435}
09-01 14:33:33.966 W/PushService( 5479): 2020-08-31 23:33:33,966 - [WARN::PushService] - [Thread:658] [Slim] 11:33:33 PM RCV  Blob [SECMSG,5,CnvP0]
09-01 14:33:33.966 V/AsyncHttpResponse(10791): Progress 12 from 12 (100%)
09-01 14:33:33.967 W/PushService( 5479): 2020-08-31 23:33:33,967 - [WARN::PushService] - [Thread:293] receive a message, appid=2882303761517163841, msgid= CnvP0
09-01 14:33:33.967 I/chatty  ( 8588): uid=1002(bluetooth) BT Service Call expire 146 lines
09-01 14:33:33.960 W/memtrack@1.0-se(  787): type=1400 audit(0.0:63969): avc: denied { search } for name="kgsl" dev="sysfs" ino=55624 scontext=u:r:hal_memtrack_default:s0 tcontext=u:object_r:sysfs_kgsl:s0 tclass=dir permissive=0
09-01 14:33:33.960 W/memtrack@1.0-se(  787): type=1400 audit(0.0:63970): avc: denied { search } for name="kgsl" dev="sysfs" ino=55624 scontext=u:r:hal_memtrack_default:s0 tcontext=u:object_r:sysfs_kgsl:s0 tclass=dir permissive=0
09-01 14:33:33.971 D/CompatibilityInfo( 1639): mCompatibilityFlags - 0
09-01 14:33:33.971 D/CompatibilityInfo( 1639): applicationDensity - 440
09-01 14:33:33.971 D/CompatibilityInfo( 1639): applicationScale - 1.0
09-01 14:33:34.022 W/System.err(10791): java.lang.NoSuchFieldException: No field mObservers in class Landroidx/lifecycle/LiveData; (declaration of 'androidx.lifecycle.LiveData' appears in /data/data/com.xiaomi.hm.health/.jiagu/classes.dex)
09-01 14:33:34.022 W/System.err(10791): 	at java.lang.Class.getDeclaredField(Native Method)
09-01 14:33:34.022 W/System.err(10791): 	at com.xiaomi.hm.health.training.api.O00000Oo.O00000Oo$O000000o.O00000o0(LiveDataBus.java:116)
09-01 14:33:34.022 W/System.err(10791): 	at com.xiaomi.hm.health.training.api.O00000Oo.O00000Oo$O000000o.O000000o(LiveDataBus.java:88)
09-01 14:33:34.022 W/System.err(10791): 	at com.xiaomi.hm.health.O0000o0O.O000OOo.O0000oOo(StatusNewFragment.java:1408)
09-01 14:33:34.022 W/System.err(10791): 	at com.xiaomi.hm.health.O0000o0O.O000OOo.onCreateView(StatusNewFragment.java:421)
09-01 14:33:34.022 W/System.err(10791): 	at androidx.fragment.app.Fragment.performCreateView(Fragment.java:2698)
09-01 14:33:34.022 W/System.err(10791): 	at androidx.fragment.app.O000O0o.O000000o(FragmentStateManager.java:310)
09-01 14:33:34.022 W/System.err(10791): 	at androidx.fragment.app.O0000o0.O000000o(FragmentManager.java:1185)
09-01 14:33:34.022 W/System.err(10791): 	at androidx.fragment.app.O0000o0.O0000O0o(FragmentManager.java:1354)
09-01 14:33:34.022 W/System.err(10791): 	at androidx.fragment.app.O0000o0.O0000OOo(FragmentManager.java:1432)
09-01 14:33:34.022 W/System.err(10791): 	at androidx.fragment.app.O0000o0.O000000o(FragmentManager.java:1495)
09-01 14:33:34.022 W/System.err(10791): 	at androidx.fragment.app.O000000o.O0000OoO(BackStackRecord.java:447)
09-01 14:33:34.022 W/System.err(10791): 	at androidx.fragment.app.O0000o0.O00000Oo(FragmentManager.java:2167)
09-01 14:33:34.022 W/System.err(10791): 	at androidx.fragment.app.O0000o0.O000000o(FragmentManager.java:1990)
09-01 14:33:34.022 W/System.err(10791): 	at androidx.fragment.app.O0000o0.O00000Oo(FragmentManager.java:1945)
09-01 14:33:34.022 W/System.err(10791): 	at androidx.fragment.app.O0000o0.O00000Oo(FragmentManager.java:1816)
09-01 14:33:34.022 W/System.err(10791): 	at androidx.fragment.app.O000000o.O0000Oo(BackStackRecord.java:303)
09-01 14:33:34.022 W/System.err(10791): 	at androidx.fragment.app.O000OO00.finishUpdate(FragmentStatePagerAdapter.java:262)
09-01 14:33:34.022 W/System.err(10791): 	at androidx.viewpager.widget.ViewPager.populate(ViewPager.java:1244)
09-01 14:33:34.022 W/System.err(10791): 	at androidx.viewpager.widget.ViewPager.populate(ViewPager.java:1092)
09-01 14:33:34.022 W/System.err(10791): 	at androidx.viewpager.widget.ViewPager.onMeasure(ViewPager.java:1622)
09-01 14:33:34.022 W/System.err(10791): 	at android.view.View.measure(View.java:24962)
09-01 14:33:34.022 W/System.err(10791): 	at android.widget.RelativeLayout.measureChildHorizontal(RelativeLayout.java:735)
09-01 14:33:34.022 W/System.err(10791): 	at android.widget.RelativeLayout.onMeasure(RelativeLayout.java:481)
09-01 14:33:34.022 W/System.err(10791): 	at android.view.View.measure(View.java:24962)
09-01 14:33:34.022 W/System.err(10791): 	at android.view.ViewGroup.measureChildWithMargins(ViewGroup.java:6901)
09-01 14:33:34.022 W/System.err(10791): 	at android.widget.FrameLayout.onMeasure(FrameLayout.java:194)
09-01 14:33:34.022 W/System.err(10791): 	at android.view.View.measure(View.java:24962)
09-01 14:33:34.022 W/System.err(10791): 	at android.view.ViewGroup.measureChildWithMargins(ViewGroup.java:6901)
09-01 14:33:34.022 W/System.err(10791): 	at android.widget.FrameLayout.onMeasure(FrameLayout.java:194)
09-01 14:33:34.022 W/System.err(10791): 	at androidx.appcompat.widget.ContentFrameLayout.onMeasure(ContentFrameLayout.java:143)
09-01 14:33:34.022 W/System.err(10791): 	at android.view.View.measure(View.java:24962)
09-01 14:33:34.022 W/System.err(10791): 	at android.view.ViewGroup.measureChildWithMargins(ViewGroup.java:6901)
09-01 14:33:34.022 W/System.err(10791): 	at android.widget.LinearLayout.measureChildBeforeLayout(LinearLayout.java:1552)
09-01 14:33:34.022 W/System.err(10791): 	at android.widget.LinearLayout.measureVertical(LinearLayout.java:842)
09-01 14:33:34.022 W/System.err(10791): 	at android.widget.LinearLayout.onMeasure(LinearLayout.java:721)
09-01 14:33:34.022 W/System.err(10791): 	at android.view.View.measure(View.java:24962)
09-01 14:33:34.022 W/System.err(10791): 	at android.view.ViewGroup.measureChildWithMargins(ViewGroup.java:6901)
09-01 14:33:34.022 W/System.err(10791): 	at android.widget.FrameLayout.onMeasure(FrameLayout.java:194)
09-01 14:33:34.022 W/System.err(10791): 	at android.view.View.measure(View.java:24962)
09-01 14:33:34.022 W/System.err(10791): 	at android.view.ViewGroup.measureChildWithMargins(ViewGroup.java:6901)
09-01 14:33:34.023 W/System.err(10791): 	at android.widget.LinearLayout.measureChildBeforeLayout(LinearLayout.java:1552)
09-01 14:33:34.023 W/System.err(10791): 	at android.widget.LinearLayout.measureVertical(LinearLayout.java:842)
09-01 14:33:34.023 W/System.err(10791): 	at android.widget.LinearLayout.onMeasure(LinearLayout.java:721)
09-01 14:33:34.023 W/System.err(10791): 	at android.view.View.measure(View.java:24962)
09-01 14:33:34.023 W/System.err(10791): 	at android.view.ViewGroup.measureChildWithMargins(ViewGroup.java:6901)
09-01 14:33:34.023 W/System.err(10791): 	at android.widget.FrameLayout.onMeasure(FrameLayout.java:194)
09-01 14:33:34.023 W/System.err(10791): 	at com.android.internal.policy.DecorView.onMeasure(DecorView.java:774)
09-01 14:33:34.023 W/System.err(10791): 	at android.view.View.measure(View.java:24962)
09-01 14:33:34.023 W/System.err(10791): 	at android.view.ViewRootImpl.performMeasure(ViewRootImpl.java:3087)
09-01 14:33:34.023 W/System.err(10791): 	at android.view.ViewRootImpl.measureHierarchy(ViewRootImpl.java:1903)
09-01 14:33:34.023 W/System.err(10791): 	at android.view.ViewRootImpl.performTraversals(ViewRootImpl.java:2195)
09-01 14:33:34.023 W/System.err(10791): 	at android.view.ViewRootImpl.doTraversal(ViewRootImpl.java:1791)
09-01 14:33:34.023 W/System.err(10791): 	at android.view.ViewRootImpl$TraversalRunnable.run(ViewRootImpl.java:7783)
09-01 14:33:34.023 W/System.err(10791): 	at android.view.Choreographer$CallbackRecord.run(Choreographer.java:1031)
09-01 14:33:34.023 W/System.err(10791): 	at android.view.Choreographer.doCallbacks(Choreographer.java:854)
09-01 14:33:34.023 W/System.err(10791): 	at android.view.Choreographer.doFrame(Choreographer.java:789)
09-01 14:33:34.023 W/System.err(10791): 	at android.view.Choreographer$FrameDisplayEventReceiver.run(Choreographer.java:1016)
09-01 14:33:34.023 W/System.err(10791): 	at android.os.Handler.handleCallback(Handler.java:883)
09-01 14:33:34.023 W/System.err(10791): 	at android.os.Handler.dispatchMessage(Handler.java:100)
09-01 14:33:34.023 W/System.err(10791): 	at android.os.Looper.loop(Looper.java:224)
09-01 14:33:34.023 W/System.err(10791): 	at android.app.ActivityThread.main(ActivityThread.java:7551)
09-01 14:33:34.023 W/System.err(10791): 	at java.lang.reflect.Method.invoke(Native Method)
09-01 14:33:34.023 W/System.err(10791): 	at com.android.internal.os.RuntimeInit$MethodAndArgsCaller.run(RuntimeInit.java:539)
09-01 14:33:34.023 W/System.err(10791): 	at com.android.internal.os.ZygoteInit.main(ZygoteInit.java:950)
09-01 14:33:34.023 W/AsyncHttpResponse(10791): Current thread has not called Looper.prepare().Forcing synchronous mode
09-01 14:33:34.029 W/AsyncHttpResponse(10791): Current thread has not called Looper.prepare().Forcing synchronous mode
09-01 14:33:34.039 D/DeviceCenter(10791): user data:UserData{uid='1092412362', age=27, isMetric=true, weight=75.7, height=242, gender=0, avatarUrl='', avatarPath='', name='username3', isChinaUser=true, buyMifiProUrl='https://api-mifit-cn2.huami.com/apps/redirectPages?lang=zh_CN&userId=1092412362&channel=Normal&redirectType=buy&appplatform=android_phone&cv=113651_4.6.0'}
09-01 14:33:34.042 D/BluetoothGatt(10791): setCharacteristicNotification() - uuid: 00000014-0000-3512-2118-0009af100700 enable: true
09-01 14:33:34.042 I/chatty  ( 8588): uid=1002(bluetooth) Binder:8588_7 expire 2 lines
09-01 14:33:34.046 W/AsyncHttpResponse(10791): Current thread has not called Looper.prepare().Forcing synchronous mode
09-01 14:33:34.048 W/AsyncHttpResponse(10791): Current thread has not called Looper.prepare().Forcing synchronous mode
09-01 14:33:34.057 V/AsyncHttpResponse(10791): Progress 3 from 3 (100%)
09-01 14:33:34.083 V/AsyncHttpResponse(10791): Progress 2371 from 2371 (100%)
09-01 14:33:34.098 V/AsyncHttpResponse(10791): Progress 100 from 100 (100%)
09-01 14:33:34.098 V/AsyncHttpResponse(10791): Progress 205 from 205 (100%)
09-01 14:33:34.189 D/[Koin]  (10791): +- get 'com.huami.training.ui.O000000o.O000000o'
09-01 14:33:34.189 D/[Koin]  (10791): | create instance for [type:Factory,primary_type:'com.huami.training.ui.O000000o.O000000o']
09-01 14:33:34.189 D/[Koin]  (10791): +- got 'com.huami.training.ui.O000000o.O000000o' in 0.081875 ms
09-01 14:33:34.195 D/[Koin]  (10791): +- get 'com.huami.training.O0000Oo.O000000o'
09-01 14:33:34.195 D/[Koin]  (10791): +- got 'com.huami.training.O0000Oo.O000000o' in 0.030105 ms
09-01 14:33:34.198 I/chatty  ( 8588): uid=1002(bluetooth) BT Service Call expire 124 lines
09-01 14:33:34.209 I/appium  (10741): channel read invoked!
09-01 14:33:34.209 I/appium  (10741): channel read: POST /wd/hub/session/a4d7b541-3cc2-4590-a0d7-423994c151e3/element
09-01 14:33:34.210 I/appium  (10741): Find element command using '-android uiautomator' with selector 'new UiSelector().text("运动")'.
09-01 14:33:34.210 I/appium  (10741): Waiting up to 10000ms for device to be idle
09-01 14:33:34.216 I/chatty  ( 8588): uid=1002(bluetooth) btu message loo expire 253 lines
09-01 14:33:34.272 D/BluetoothGatt(10791): setCharacteristicNotification() - uuid: 00000003-0000-3512-2118-0009af100700 enable: true
09-01 14:33:34.344 D/[Koin]  (10791): +- get 'com.huami.fittime.ui.home.O00000o0'
09-01 14:33:34.344 D/[Koin]  (10791): | create instance for [type:Factory,primary_type:'com.huami.fittime.ui.home.O00000o0']
09-01 14:33:34.344 D/[Koin]  (10791): +- get 'android.app.Application'
09-01 14:33:34.344 D/[Koin]  (10791): +- got 'android.app.Application' in 0.011458 ms
09-01 14:33:34.344 D/[Koin]  (10791): +- get 'com.huami.fittime.ui.profile.O0000OOo'
09-01 14:33:34.344 D/[Koin]  (10791): | create instance for [type:Factory,primary_type:'com.huami.fittime.ui.profile.O0000OOo']
09-01 14:33:34.344 D/[Koin]  (10791): +- get 'com.huami.fittime.O00000oo.O00O0Oo'
09-01 14:33:34.344 D/[Koin]  (10791): +- got 'com.huami.fittime.O00000oo.O00O0Oo' in 0.015052 ms
09-01 14:33:34.344 D/[Koin]  (10791): +- get 'com.huami.fittime.db.FitTimeDb'
09-01 14:33:34.344 D/[Koin]  (10791): +- got 'com.huami.fittime.db.FitTimeDb' in 0.006458 ms
09-01 14:33:34.344 D/[Koin]  (10791): +- get 'com.huami.fittime.O000000o.O00000o'
09-01 14:33:34.344 D/[Koin]  (10791): +- got 'com.huami.fittime.O000000o.O00000o' in 0.005 ms
09-01 14:33:34.344 D/[Koin]  (10791): +- got 'com.huami.fittime.ui.profile.O0000OOo' in 0.181667 ms
09-01 14:33:34.344 D/[Koin]  (10791): +- get 'com.huami.fittime.ui.diary.O00000o0.O0000OOo'
09-01 14:33:34.344 D/[Koin]  (10791): | create instance for [type:Factory,primary_type:'com.huami.fittime.ui.diary.O00000o0.O0000OOo']
09-01 14:33:34.344 D/[Koin]  (10791): +- get 'com.huami.fittime.O000000o.O00000o'
09-01 14:33:34.344 D/[Koin]  (10791): +- got 'com.huami.fittime.O000000o.O00000o' in 0.005052 ms
09-01 14:33:34.344 D/[Koin]  (10791): +- get 'com.huami.fittime.O00000oO.O00oOooO'
09-01 14:33:34.344 D/[Koin]  (10791): +- got 'com.huami.fittime.O00000oO.O00oOooO' in 0.006823 ms
09-01 14:33:34.344 D/[Koin]  (10791): +- get 'com.huami.fittime.db.FitTimeDb'
09-01 14:33:34.344 D/[Koin]  (10791): +- got 'com.huami.fittime.db.FitTimeDb' in 0.004896 ms
09-01 14:33:34.344 D/[Koin]  (10791): +- got 'com.huami.fittime.ui.diary.O00000o0.O0000OOo' in 0.185782 ms
09-01 14:33:34.346 D/[Koin]  (10791): +- got 'com.huami.fittime.ui.home.O00000o0' in 1.658333 ms
09-01 14:33:34.347 W/AsyncHttpResponse(10791): Current thread has not called Looper.prepare().Forcing synchronous mode
09-01 14:33:34.356 W/AsyncHttpResponse(10791): Current thread has not called Looper.prepare().Forcing synchronous mode
09-01 14:33:34.384 I/chatty  ( 8588): uid=1002(bluetooth) BT Service Call expire 130 lines
09-01 14:33:34.392 V/AsyncHttpResponse(10791): Progress 156 from 156 (100%)
09-01 14:33:34.395 D/[Koin]  (10791): +- get 'com.huami.femalehealth.uilib.viewmodel.FemaleMifitViewModel'
09-01 14:33:34.395 D/[Koin]  (10791): | create instance for [type:Factory,primary_type:'com.huami.femalehealth.uilib.viewmodel.FemaleMifitViewModel']
09-01 14:33:34.395 D/[Koin]  (10791): +- get 'com.huami.femalehealth.logiclib.O0000O0o.O0000O0o'
09-01 14:33:34.395 D/[Koin]  (10791): | create instance for [type:Factory,primary_type:'com.huami.femalehealth.logiclib.O0000O0o.O0000O0o']
09-01 14:33:34.395 D/[Koin]  (10791): +- get 'com.huami.femalehealth.logiclib.O00000oO.O0000O0o'
09-01 14:33:34.395 D/[Koin]  (10791): +- got 'com.huami.femalehealth.logiclib.O00000oO.O0000O0o' in 0.015261 ms
09-01 14:33:34.395 D/[Koin]  (10791): +- get 'com.huami.femalehealth.logiclib.O000000o.O00000Oo'
09-01 14:33:34.395 D/[Koin]  (10791): +- got 'com.huami.femalehealth.logiclib.O000000o.O00000Oo' in 0.006042 ms
09-01 14:33:34.395 D/[Koin]  (10791): +- get 'com.huami.femalehealth.logiclib.O00000oO.O00oOooO'
09-01 14:33:34.395 D/[Koin]  (10791): +- got 'com.huami.femalehealth.logiclib.O00000oO.O00oOooO' in 0.005208 ms
09-01 14:33:34.395 D/[Koin]  (10791): +- get 'com.huami.femalehealth.logiclib.O00000Oo.O00000o'
09-01 14:33:34.395 D/[Koin]  (10791): | create instance for [type:Factory,primary_type:'com.huami.femalehealth.logiclib.O00000Oo.O00000o']
09-01 14:33:34.395 D/[Koin]  (10791): +- get 'com.huami.femalehealth.logiclib.O00000oO.O0000O0o'
09-01 14:33:34.395 D/[Koin]  (10791): +- got 'com.huami.femalehealth.logiclib.O00000oO.O0000O0o' in 0.004583 ms
09-01 14:33:34.395 D/[Koin]  (10791): +- get 'com.huami.femalehealth.logiclib.O000000o.O00000Oo'
09-01 14:33:34.395 D/[Koin]  (10791): +- got 'com.huami.femalehealth.logiclib.O000000o.O00000Oo' in 0.004062 ms
09-01 14:33:34.395 D/[Koin]  (10791): +- get 'com.huami.femalehealth.logiclib.db.FemaleHealthDb'
09-01 14:33:34.395 D/[Koin]  (10791): +- got 'com.huami.femalehealth.logiclib.db.FemaleHealthDb' in 0.004896 ms
09-01 14:33:34.395 D/[Koin]  (10791): +- get 'com.huami.femalehealth.logiclib.O00000Oo.O00000Oo'
09-01 14:33:34.395 D/[Koin]  (10791): +- got 'com.huami.femalehealth.logiclib.O00000Oo.O00000Oo' in 0.00599 ms
09-01 14:33:34.395 D/[Koin]  (10791): +- get 'com.huami.femalehealth.logiclib.O00000oO.O00oOooO'
09-01 14:33:34.395 D/[Koin]  (10791): +- got 'com.huami.femalehealth.logiclib.O00000oO.O00oOooO' in 0.021927 ms
09-01 14:33:34.395 D/[Koin]  (10791): +- got 'com.huami.femalehealth.logiclib.O00000Oo.O00000o' in 0.254792 ms
09-01 14:33:34.396 V/AsyncHttpResponse(10791): Progress 117 from 117 (100%)
09-01 14:33:34.396 D/[Koin]  (10791): +- got 'com.huami.femalehealth.logiclib.O0000O0o.O0000O0o' in 0.852761 ms
09-01 14:33:34.396 D/[Koin]  (10791): +- get 'com.huami.femalehealth.logiclib.O0000O0o.O00000o'
09-01 14:33:34.396 D/[Koin]  (10791): | create instance for [type:Factory,primary_type:'com.huami.femalehealth.logiclib.O0000O0o.O00000o']
09-01 14:33:34.396 D/[Koin]  (10791): +- get 'com.huami.femalehealth.logiclib.O00000oO.O0000O0o'
09-01 14:33:34.396 D/[Koin]  (10791): +- got 'com.huami.femalehealth.logiclib.O00000oO.O0000O0o' in 0.011562 ms
09-01 14:33:34.396 D/[Koin]  (10791): +- get 'com.huami.femalehealth.logiclib.O000000o.O00000Oo'
09-01 14:33:34.396 D/[Koin]  (10791): +- got 'com.huami.femalehealth.logiclib.O000000o.O00000Oo' in 0.006146 ms
09-01 14:33:34.396 D/[Koin]  (10791): +- get 'com.huami.femalehealth.logiclib.db.FemaleHealthDb'
09-01 14:33:34.396 D/[Koin]  (10791): +- got 'com.huami.femalehealth.logiclib.db.FemaleHealthDb' in 0.005156 ms
09-01 14:33:34.396 D/[Koin]  (10791): +- get 'com.huami.femalehealth.logiclib.O00000Oo.O00000o'
09-01 14:33:34.396 D/[Koin]  (10791): | create instance for [type:Factory,primary_type:'com.huami.femalehealth.logiclib.O00000Oo.O00000o']
09-01 14:33:34.396 D/[Koin]  (10791): +- get 'com.huami.femalehealth.logiclib.O00000oO.O0000O0o'
09-01 14:33:34.396 D/[Koin]  (10791): +- got 'com.huami.femalehealth.logiclib.O00000oO.O0000O0o' in 0.020208 ms
09-01 14:33:34.396 D/[Koin]  (10791): +- get 'com.huami.femalehealth.logiclib.O000000o.O00000Oo'
09-01 14:33:34.396 D/[Koin]  (10791): +- got 'com.huami.femalehealth.logiclib.O000000o.O00000Oo' in 0.005573 ms
09-01 14:33:34.396 D/[Koin]  (10791): +- get 'com.huami.femalehealth.logiclib.db.FemaleHealthDb'
09-01 14:33:34.396 D/[Koin]  (10791): +- got 'com.huami.femalehealth.logiclib.db.FemaleHealthDb' in 0.005677 ms
09-01 14:33:34.396 D/[Koin]  (10791): +- get 'com.huami.femalehealth.logiclib.O00000Oo.O00000Oo'
09-01 14:33:34.396 D/[Koin]  (10791): +- got 'com.huami.femalehealth.logiclib.O00000Oo.O00000Oo' in 0.006042 ms
09-01 14:33:34.396 D/[Koin]  (10791): +- get 'com.huami.femalehealth.logiclib.O00000oO.O00oOooO'
09-01 14:33:34.396 D/[Koin]  (10791): +- got 'com.huami.femalehealth.logiclib.O00000oO.O00oOooO' in 0.005781 ms
09-01 14:33:34.396 D/[Koin]  (10791): +- got 'com.huami.femalehealth.logiclib.O00000Oo.O00000o' in 0.266875 ms
09-01 14:33:34.396 D/[Koin]  (10791): +- get 'com.huami.femalehealth.logiclib.O00000Oo.O00000o0'
09-01 14:33:34.396 D/[Koin]  (10791): | create instance for [type:Factory,primary_type:'com.huami.femalehealth.logiclib.O00000Oo.O00000o0']
09-01 14:33:34.396 D/[Koin]  (10791): +- got 'com.huami.femalehealth.logiclib.O00000Oo.O00000o0' in 0.037969 ms
09-01 14:33:34.396 D/[Koin]  (10791): +- got 'com.huami.femalehealth.logiclib.O0000O0o.O00000o' in 0.618958 ms
09-01 14:33:34.396 D/[Koin]  (10791): +- got 'com.huami.femalehealth.uilib.viewmodel.FemaleMifitViewModel' in 1.742916 ms
09-01 14:33:34.397 D/[Koin]  (10791): +- get 'com.huami.femalehealth.uilib.viewmodel.StatusViewModel'
09-01 14:33:34.397 D/[Koin]  (10791): | create instance for [type:Factory,primary_type:'com.huami.femalehealth.uilib.viewmodel.StatusViewModel']
09-01 14:33:34.397 D/[Koin]  (10791): +- get 'com.huami.femalehealth.logiclib.O0000O0o.O00000o'
09-01 14:33:34.397 D/[Koin]  (10791): | create instance for [type:Factory,primary_type:'com.huami.femalehealth.logiclib.O0000O0o.O00000o']
09-01 14:33:34.397 D/[Koin]  (10791): +- get 'com.huami.femalehealth.logiclib.O00000oO.O0000O0o'
09-01 14:33:34.397 D/[Koin]  (10791): +- got 'com.huami.femalehealth.logiclib.O00000oO.O0000O0o' in 0.02073 ms
09-01 14:33:34.398 D/[Koin]  (10791): +- get 'com.huami.femalehealth.logiclib.O000000o.O00000Oo'
09-01 14:33:34.398 D/[Koin]  (10791): +- got 'com.huami.femalehealth.logiclib.O000000o.O00000Oo' in 0.006979 ms
09-01 14:33:34.398 D/[Koin]  (10791): +- get 'com.huami.femalehealth.logiclib.db.FemaleHealthDb'
09-01 14:33:34.398 D/[Koin]  (10791): +- got 'com.huami.femalehealth.logiclib.db.FemaleHealthDb' in 0.006406 ms
09-01 14:33:34.398 D/[Koin]  (10791): +- get 'com.huami.femalehealth.logiclib.O00000Oo.O00000o'
09-01 14:33:34.398 D/[Koin]  (10791): | create instance for [type:Factory,primary_type:'com.huami.femalehealth.logiclib.O00000Oo.O00000o']
09-01 14:33:34.398 D/[Koin]  (10791): +- get 'com.huami.femalehealth.logiclib.O00000oO.O0000O0o'
09-01 14:33:34.398 D/[Koin]  (10791): +- got 'com.huami.femalehealth.logiclib.O00000oO.O0000O0o' in 0.006823 ms
09-01 14:33:34.398 D/[Koin]  (10791): +- get 'com.huami.femalehealth.logiclib.O000000o.O00000Oo'
09-01 14:33:34.398 D/[Koin]  (10791): +- got 'com.huami.femalehealth.logiclib.O000000o.O00000Oo' in 0.005781 ms
09-01 14:33:34.398 D/[Koin]  (10791): +- get 'com.huami.femalehealth.logiclib.db.FemaleHealthDb'
09-01 14:33:34.398 D/[Koin]  (10791): +- got 'com.huami.femalehealth.logiclib.db.FemaleHealthDb' in 0.005313 ms
09-01 14:33:34.398 D/[Koin]  (10791): +- get 'com.huami.femalehealth.logiclib.O00000Oo.O00000Oo'
09-01 14:33:34.398 D/[Koin]  (10791): +- got 'com.huami.femalehealth.logiclib.O00000Oo.O00000Oo' in 0.006458 ms
09-01 14:33:34.398 D/[Koin]  (10791): +- get 'com.huami.femalehealth.logiclib.O00000oO.O00oOooO'
09-01 14:33:34.398 D/[Koin]  (10791): +- got 'com.huami.femalehealth.logiclib.O00000oO.O00oOooO' in 0.00651 ms
09-01 14:33:34.398 D/[Koin]  (10791): +- got 'com.huami.femalehealth.logiclib.O00000Oo.O00000o' in 0.265365 ms
09-01 14:33:34.398 D/[Koin]  (10791): +- get 'com.huami.femalehealth.logiclib.O00000Oo.O00000o0'
09-01 14:33:34.398 D/[Koin]  (10791): | create instance for [type:Factory,primary_type:'com.huami.femalehealth.logiclib.O00000Oo.O00000o0']
09-01 14:33:34.398 D/[Koin]  (10791): +- got 'com.huami.femalehealth.logiclib.O00000Oo.O00000o0' in 0.035729 ms
09-01 14:33:34.398 D/[Koin]  (10791): +- got 'com.huami.femalehealth.logiclib.O0000O0o.O00000o' in 0.645729 ms
09-01 14:33:34.398 D/[Koin]  (10791): +- get 'com.huami.femalehealth.logiclib.O00000Oo.O00000o'
09-01 14:33:34.398 D/[Koin]  (10791): | create instance for [type:Factory,primary_type:'com.huami.femalehealth.logiclib.O00000Oo.O00000o']
09-01 14:33:34.398 D/[Koin]  (10791): +- get 'com.huami.femalehealth.logiclib.O00000oO.O0000O0o'
09-01 14:33:34.398 D/[Koin]  (10791): +- got 'com.huami.femalehealth.logiclib.O00000oO.O0000O0o' in 0.00776 ms
09-01 14:33:34.398 D/[Koin]  (10791): +- get 'com.huami.femalehealth.logiclib.O000000o.O00000Oo'
09-01 14:33:34.398 D/[Koin]  (10791): +- got 'com.huami.femalehealth.logiclib.O000000o.O00000Oo' in 0.004896 ms
09-01 14:33:34.398 D/[Koin]  (10791): +- get 'com.huami.femalehealth.logiclib.db.FemaleHealthDb'
09-01 14:33:34.398 D/[Koin]  (10791): +- got 'com.huami.femalehealth.logiclib.db.FemaleHealthDb' in 0.005209 ms
09-01 14:33:34.398 D/[Koin]  (10791): +- get 'com.huami.femalehealth.logiclib.O00000Oo.O00000Oo'
09-01 14:33:34.398 D/[Koin]  (10791): +- got 'com.huami.femalehealth.logiclib.O00000Oo.O00000Oo' in 0.005885 ms
09-01 14:33:34.398 D/[Koin]  (10791): +- get 'com.huami.femalehealth.logiclib.O00000oO.O00oOooO'
09-01 14:33:34.398 D/[Koin]  (10791): +- got 'com.huami.femalehealth.logiclib.O00000oO.O00oOooO' in 0.004687 ms
09-01 14:33:34.398 D/[Koin]  (10791): +- got 'com.huami.femalehealth.logiclib.O00000Oo.O00000o' in 0.236667 ms
09-01 14:33:34.399 D/[Koin]  (10791): +- got 'com.huami.femalehealth.uilib.viewmodel.StatusViewModel' in 1.877448 ms
09-01 14:33:34.403 W/AsyncHttpResponse(10791): Current thread has not called Looper.prepare().Forcing synchronous mode
09-01 14:33:34.446 D/BluetoothGatt(10791): setCharacteristicNotification() - uuid: 00000003-0000-3512-2118-0009af100700 enable: false
09-01 14:33:34.446 I/chatty  ( 8588): uid=1002(bluetooth) Binder:8588_7 expire 3 lines
09-01 14:33:34.453 V/AsyncHttpResponse(10791): Progress 12 from 12 (100%)
09-01 14:33:34.477 W/AsyncHttpResponse(10791): Current thread has not called Looper.prepare().Forcing synchronous mode
09-01 14:33:34.516 V/AsyncHttpResponse(10791): Progress 12 from 12 (100%)
09-01 14:33:34.535 D/BluetoothGatt(10791): setCharacteristicNotification() - uuid: 00000003-0000-3512-2118-0009af100700 enable: true
09-01 14:33:34.571 D/DeviceCenter(10791): user data:UserData{uid='1092412362', age=27, isMetric=true, weight=75.7, height=242, gender=0, avatarUrl='', avatarPath='', name='username3', isChinaUser=true, buyMifiProUrl='https://api-mifit-cn2.huami.com/apps/redirectPages?lang=zh_CN&userId=1092412362&channel=Normal&redirectType=buy&appplatform=android_phone&cv=113651_4.6.0'}
09-01 14:33:34.572 D/[Koin]  (10791): +- get 'com.huami.fittime.ui.widget.hottopic.O00000Oo'
09-01 14:33:34.572 D/[Koin]  (10791): | create instance for [type:Factory,primary_type:'com.huami.fittime.ui.widget.hottopic.O00000Oo']
09-01 14:33:34.573 D/[Koin]  (10791): +- get 'com.huami.fittime.ui.widget.hottopic.O000000o'
09-01 14:33:34.573 D/[Koin]  (10791): | create instance for [type:Factory,primary_type:'com.huami.fittime.ui.widget.hottopic.O000000o']
09-01 14:33:34.573 D/[Koin]  (10791): +- get 'com.huami.fittime.db.FitTimeDb'
09-01 14:33:34.573 D/[Koin]  (10791): +- got 'com.huami.fittime.db.FitTimeDb' in 0.025677 ms
09-01 14:33:34.573 D/[Koin]  (10791): +- get 'com.huami.fittime.O000000o.O0000Oo'
09-01 14:33:34.573 D/[Koin]  (10791): | create instance for [type:Scoped,scope:'FitTime', primary_type:'com.huami.fittime.O000000o.O0000Oo']
09-01 14:33:34.573 D/[Koin]  (10791): +- get 'java.lang.String'
09-01 14:33:34.573 D/[Koin]  (10791): +- got 'java.lang.String' in 0.01151 ms
09-01 14:33:34.573 D/[Koin]  (10791): +- got 'com.huami.fittime.O000000o.O0000Oo' in 0.469532 ms
09-01 14:33:34.573 D/[Koin]  (10791): +- get 'android.content.Context'
09-01 14:33:34.573 D/[Koin]  (10791): +- got 'android.content.Context' in 0.013802 ms
09-01 14:33:34.575 D/[Koin]  (10791): +- got 'com.huami.fittime.ui.widget.hottopic.O000000o' in 1.935885 ms
09-01 14:33:34.575 D/[Koin]  (10791): +- got 'com.huami.fittime.ui.widget.hottopic.O00000Oo' in 2.468229 ms
09-01 14:33:34.577 I/chatty  ( 8588): uid=1002(bluetooth) BT Service Call expire 124 lines
09-01 14:33:34.578 W/AsyncHttpResponse(10791): Current thread has not called Looper.prepare().Forcing synchronous mode
09-01 14:33:34.578 D/Event   (10791): No subscribers registered for event class com.xiaomi.hm.health.O0000o00.O00O0o00
09-01 14:33:34.578 D/Event   (10791): No subscribers registered for event class O00000Oo.O000000o.O000000o.O0000Oo0
09-01 14:33:34.579 W/AsyncHttpResponse(10791): Current thread has not called Looper.prepare().Forcing synchronous mode
09-01 14:33:34.583 W/AsyncHttpResponse(10791): Current thread has not called Looper.prepare().Forcing synchronous mode
09-01 14:33:34.585 I/chatty  ( 8588): uid=1002(bluetooth) btu message loo expire 237 lines
09-01 14:33:34.623 V/AsyncHttpResponse(10791): Progress 3751 from 1 (375100%)
09-01 14:33:34.624 V/AsyncHttpResponse(10791): Progress 6857 from 1 (685700%)
09-01 14:33:34.626 V/AsyncHttpResponse(10791): Progress 3637 from 4914 (74%)
09-01 14:33:34.626 V/AsyncHttpResponse(10791): Progress 4914 from 4914 (100%)
09-01 14:33:34.631 V/AsyncHttpResponse(10791): Progress 1421 from 1421 (100%)
09-01 14:33:34.715 D/BluetoothGatt(10791): setCharacteristicNotification() - uuid: 00000003-0000-3512-2118-0009af100700 enable: false
09-01 14:33:34.728 W/System  (10791): A resource failed to call close. 
09-01 14:33:34.774 I/chatty  ( 8588): uid=1002(bluetooth) BT Service Call expire 147 lines
09-01 14:33:34.777 I/AudioTrack( 2503): isLongTimeZoreData zoer date time 33 Seconds
09-01 14:33:34.813 D/BluetoothGatt(10791): setCharacteristicNotification() - uuid: 00000003-0000-3512-2118-0009af100700 enable: true
09-01 14:33:34.814 I/chatty  ( 8588): uid=1002(bluetooth) Binder:8588_7 expire 3 lines
09-01 14:33:34.951 I/chatty  ( 8588): uid=1002(bluetooth) BT Service Call expire 115 lines
09-01 14:33:34.955 I/chatty  ( 8588): uid=1002(bluetooth) btu message loo expire 270 lines
09-01 14:33:34.985 D/BluetoothGatt(10791): setCharacteristicNotification() - uuid: 00000003-0000-3512-2118-0009af100700 enable: false
09-01 14:33:35.063 I/Timeline( 1639): Timeline: App_transition_ready time:211581080
09-01 14:33:35.064 I/Timeline( 1639): Timeline: App_transition_ready time:211581081
09-01 14:33:35.064 D/WindowManager( 1639): Input focus has changed to Window{1fa4325 u0 com.xiaomi.hm.health/com.xiaomi.hm.health.activity.MainTabActivity}
09-01 14:33:35.076 D/BluetoothGatt(10791): setCharacteristicNotification() - uuid: 00000003-0000-3512-2118-0009af100700 enable: true
09-01 14:33:35.169 I/chatty  ( 8588): uid=1002(bluetooth) BT Service Call expire 105 lines
09-01 14:33:35.258 I/OpenGLRenderer(10791): Davey! duration=1592ms; Flags=1, IntendedVsync=211579682221336, Vsync=211579715554668, OldestInputEvent=9223372036854775807, NewestInputEvent=0, HandleInputStart=211579717777152, AnimationStart=211579717798975, PerformTraversalsStart=211579717800121, DrawStart=211581241064860, SyncQueued=211581248097099, SyncStart=211581248609339, IssueDrawCommandsStart=211581249464755, SwapBuffers=211581273714703, FrameCompleted=211581275161422, DequeueBufferDuration=139000, QueueBufferDuration=782000, 
09-01 14:33:35.259 W/Looper  (10791): Slow Looper main: Long Msg: seq=500 plan=14:33:33.665  late=32ms wall=1562ms running=1375ms runnable=64ms io=2ms h=android.view.Choreographer$FrameHandler c=android.view.Choreographer$FrameDisplayEventReceiver
