09-01 14:33:22.811 D/ACDB-LOADER(  771): ACDB -> send_adm_topology
09-01 14:33:22.811 D/ACDB-LOADER(  771): ACDB -> ACDB_CMD_GET_AUDPROC_COMMON_TOPOLOGY_ID
09-01 14:33:22.811 D/ACDB-LOADER(  771): ACDB -> send_audtable
09-01 14:33:22.811 D/ACDB-LOADER(  771): ACDB -> ACDB_CMD_GET_AUDPROC_INSTANCE_COMMON_TABLE_SIZE
09-01 14:33:22.811 D/ACDB-LOADER(  771): ACDB -> ACDB_CMD_GET_AUDPROC_INSTANCE_COMMON_TABLE
09-01 14:33:22.812 D/ACDB-LOADER(  771): ACDB -> AUDIO_SET_AUDPROC_CAL cal_type[11] acdb_id[102] app_type[69938]
09-01 14:33:22.812 D/ACDB-LOADER(  771): ACDB -> ACDB_CMD_GET_AUDPROC_INSTANCE_STREAM_TABLE_SIZE
09-01 14:33:22.812 D/ACDB-LOADER(  771): ACDB -> send_audstrmtable
09-01 14:33:22.812 D/ACDB-LOADER(  771): ACDB -> ACDB_CMD_GET_AUDPROC_INSTANCE_STREAM_TABLE
09-01 14:33:22.812 D/ACDB-LOADER(  771): ACDB -> audstrm_cal->cal_type.cal_data.cal_size = 20
09-01 14:33:22.812 D/ACDB-LOADER(  771): ACDB -> send_afe_topology
09-01 14:33:22.812 D/ACDB-LOADER(  771): ACDB -> ACDB_CMD_GET_AFE_TOPOLOGY_ID
09-01 14:33:22.812 D/ACDB-LOADER(  771): ACDB -> GET_AFE_TOPOLOGY_ID for adcd_id 102, Topology Id 1000b909
09-01 14:33:22.812 D/ACDB-LOADER(  771): ACDB -> send_afe_cal
09-01 14:33:22.812 D/ACDB-LOADER(  771): ACDB -> ACDB_CMD_GET_AFE_INSTANCE_COMMON_TABLE_SIZE
09-01 14:33:22.812 D/ACDB-LOADER(  771): ACDB -> ACDB_CMD_GET_AFE_INSTANCE_COMMON_TABLE
09-01 14:33:22.812 D/ACDB-LOADER(  771): ACDB -> AUDIO_SET_AFE_CAL cal_type[17] acdb_id[102]
09-01 14:33:22.812 D/ACDB-LOADER(  771): ACDB -> send_hw_delay : acdb_id = 102 path = 1
09-01 14:33:22.812 D/ACDB-LOADER(  771): ACDB -> ACDB_AVSYNC_INFO: ACDB_CMD_GET_DEVICE_PROPERTY
09-01 14:33:22.812 D/audio_hw_primary(  771): enable_audio_route: apply mixer and update path: spkr-vi-record
09-01 14:33:22.812 E/audio_route(  771): Path: spkr-vi-record, length: 1
09-01 14:33:22.812 E/audio_route(  771):   id=0: ctl=QUATERNARY_MI2S_RX_VI_FB_MUX
09-01 14:33:22.812 E/audio_route(  771):     id=0 value=1
09-01 14:33:22.812 E/audio_route(  771):     id=1 value=1
09-01 14:33:22.812 D/audio_route(  771): Apply path: spkr-vi-record
09-01 14:33:22.812 D/audio_route(  771): audio_route_apply_and_update_path name spkr-vi-record
09-01 14:33:22.814 E/audio_hw_tfa98xx_feedback(  771): pcm_dev_tx_id = 35
09-01 14:33:22.821 E/InputDispatcher( 1639): Window handle Window{643224a u0 com.xiaomi.hm.health/com.xiaomi.hm.health.activity.StatusDetailActivity} has no registered input channel
09-01 14:33:22.821 I/chatty  (19843): uid=1002 bluetooth@1.0-s expire 11 lines
09-01 14:33:22.823 V/SettingsProvider( 1639): Notifying for 0: content://settings/global/hidden_api_policy
09-01 14:33:22.828 I/audio_hw_utils(  771): audio_extn_utils_update_stream_output_app_type_cfg Allowing 24 and above bits playback on speaker ONLY at default sampling rate
09-01 14:33:22.828 E/soundtrigger(  771): audio_extn_sound_trigger_update_stream_status: invalid input device 0x0, for event 3
09-01 14:33:22.828 D/soundtrigger(  771): audio_extn_sound_trigger_update_stream_status: uc_info->id 1 of type 0 for Event 3, with Raise=0
09-01 14:33:22.828 D/audio_hw_utils(  771): audio_extn_utils_send_app_type_cfg: usecase->out_snd_device speaker
09-01 14:33:22.828 D/msm8974_platform(  771): platform_split_snd_device: snd_device(2) num devices(0) new_snd_devices(0)
09-01 14:33:22.829 D/audio_hw_utils(  771): audio_extn_btsco_get_sample_rate:Not a BT SCO device, need not update sampling rate
09-01 14:33:22.829 I/audio_hw_utils(  771): send_app_type_cfg_for_device PLAYBACK app_type 69937, acdb_dev_id 10011, sample_rate 48000, snd_device_be_idx 39
09-01 14:33:22.830 D/msm8974_platform(  771): platform_split_snd_device: snd_device(2) num devices(1) new_snd_devices(0)
09-01 14:33:22.830 D/audio_hw_utils(  771): audio_extn_btsco_get_sample_rate:Not a BT SCO device, need not update sampling rate
09-01 14:33:22.830 D/ACDB-LOADER(  771): ACDB -> send_audio_cal, acdb_id = 10011, path = 0, app id = 0x11131, sample rate = 48000
09-01 14:33:22.830 D/ACDB-LOADER(  771): ACDB -> send_asm_topology
09-01 14:33:22.830 D/ACDB-LOADER(  771): ACDB -> ACDB_CMD_GET_AUDPROC_STREAM_TOPOLOGY_ID
09-01 14:33:22.830 D/ACDB-LOADER(  771): ACDB -> send_adm_topology
09-01 14:33:22.830 D/ACDB-LOADER(  771): ACDB -> ACDB_CMD_GET_AUDPROC_COMMON_TOPOLOGY_ID
09-01 14:33:22.830 D/ACDB-LOADER(  771): ACDB -> send_audtable
09-01 14:33:22.830 D/ACDB-LOADER(  771): ACDB -> ACDB_CMD_GET_AUDPROC_INSTANCE_COMMON_TABLE_SIZE
09-01 14:33:22.830 D/ACDB-LOADER(  771): ACDB -> ACDB_CMD_GET_AUDPROC_INSTANCE_COMMON_TABLE
09-01 14:33:22.830 D/ACDB-LOADER(  771): ACDB -> AUDIO_SET_AUDPROC_CAL cal_type[11] acdb_id[10011] app_type[69937]
09-01 14:33:22.830 D/ACDB-LOADER(  771): ACDB -> send_audvoltable
09-01 14:33:22.830 D/ACDB-LOADER(  771): ACDB -> ACDB_CMD_GET_AUDPROC_INSTANCE_GAIN_DEP_STEP_TABLE_SIZE
09-01 14:33:22.830 D/ACDB-LOADER(  771): ACDB -> ACDB_CMD_GET_AUDPROC_INSTANCE_GAIN_DEP_STEP_TABLE, vol index 0
09-01 14:33:22.830 D/ACDB-LOADER(  771): ACDB -> AUDIO_SET_VOL_CAL cal type = 12
09-01 14:33:22.830 D/ACDB-LOADER(  771): ACDB -> ACDB_CMD_GET_AUDPROC_INSTANCE_STREAM_TABLE_SIZE
09-01 14:33:22.830 D/ACDB-LOADER(  771): ACDB -> send_audstrmtable
09-01 14:33:22.830 D/ACDB-LOADER(  771): ACDB -> ACDB_CMD_GET_AUDPROC_INSTANCE_STREAM_TABLE
09-01 14:33:22.830 D/ACDB-LOADER(  771): ACDB -> audstrm_cal->cal_type.cal_data.cal_size = 20
09-01 14:33:22.830 D/ACDB-LOADER(  771): ACDB -> send_afe_topology
09-01 14:33:22.830 D/ACDB-LOADER(  771): ACDB -> ACDB_CMD_GET_AFE_TOPOLOGY_ID
09-01 14:33:22.830 D/ACDB-LOADER(  771): ACDB -> GET_AFE_TOPOLOGY_ID for adcd_id 10011, Topology Id 1000b910
09-01 14:33:22.830 D/ACDB-LOADER(  771): ACDB -> send_afe_cal
09-01 14:33:22.830 D/ACDB-LOADER(  771): ACDB -> ACDB_CMD_GET_AFE_INSTANCE_COMMON_TABLE_SIZE
09-01 14:33:22.830 D/ACDB-LOADER(  771): ACDB -> ACDB_CMD_GET_AFE_INSTANCE_COMMON_TABLE
09-01 14:33:22.830 D/ACDB-LOADER(  771): ACDB -> AUDIO_SET_AFE_CAL cal_type[16] acdb_id[10011]
09-01 14:33:22.830 D/ACDB-LOADER(  771): ACDB -> send_hw_delay : acdb_id = 10011 path = 0
09-01 14:33:22.830 D/ACDB-LOADER(  771): ACDB -> ACDB_AVSYNC_INFO: ACDB_CMD_GET_DEVICE_PROPERTY
09-01 14:33:22.830 D/msm8974_platform(  771): platform_split_snd_device: snd_device(2) num devices(0) new_snd_devices(0)
09-01 14:33:22.830 I/msm8974_platform(  771): platform_get_custom_mtmx_params: no matching param with id 0 ip_ch 2 op_ch 2 uc_id 1 snd_dev 2
09-01 14:33:22.830 D/audio_hw_primary(  771): enable_audio_route: apply mixer and update path: low-latency-playback speaker
09-01 14:33:22.830 E/audio_route(  771): Path: low-latency-playback speaker, length: 1
09-01 14:33:22.830 E/audio_route(  771):   id=0: ctl=QUAT_MI2S_RX Audio Mixer MultiMedia5
09-01 14:33:22.830 E/audio_route(  771):     id=0 value=1
09-01 14:33:22.830 E/audio_route(  771):     id=1 value=1
09-01 14:33:22.830 D/audio_route(  771): Apply path: low-latency-playback speaker
09-01 14:33:22.831 D/audio_route(  771): audio_route_apply_and_update_path name low-latency-playback speaker
09-01 14:33:22.833 D/send_data_to_xlog(  771): send_misound_data_to_xlog: enter: usecase(1)
09-01 14:33:22.833 D/audio_hw_primary(  771): select_devices: done
09-01 14:33:22.833 D/audio_hw_primary(  771): start_output_stream: Opening PCM device card_id(0) device_id(13) format(0x4)
09-01 14:33:22.837 E/InputDispatcher( 1639): Window handle Window{643224a u0 com.xiaomi.hm.health/com.xiaomi.hm.health.activity.StatusDetailActivity} has no registered input channel
09-01 14:33:22.854 I/chatty  ( 1639): uid=1000(system) Binder:1639_20 identical 1 line
09-01 14:33:22.870 E/InputDispatcher( 1639): Window handle Window{643224a u0 com.xiaomi.hm.health/com.xiaomi.hm.health.activity.StatusDetailActivity} has no registered input channel
09-01 14:33:22.881 D/msm8974_platform(  771): platform_set_channel_map mixer_ctl_name:Playback Channel Map13
09-01 14:33:22.881 D/msm8974_platform(  771): platform_set_channel_map: set mapping(1 2 0 0 0 0 0 0) for channel:2
09-01 14:33:22.882 D/audio_hw_primary(  771): start_output_stream: pcm_prepare
09-01 14:33:22.883 D/audio_hw_primary(  771): start_output_stream: exit
09-01 14:33:22.883 D/audio_hw_primary(  771): check_and_set_karaok_parameters: is karaok rx device 0, is karaok tx device 0
09-01 14:33:22.883 D/audio_hw_primary(  771): out_write: retry previous failed cal level set
09-01 14:33:22.883 D/msm8974_platform(  771): platform_split_snd_device: snd_device(2) num devices(1) new_snd_devices(0)
09-01 14:33:22.883 D/ACDB-LOADER(  771): ACDB -> send_audvoltable
09-01 14:33:22.883 D/ACDB-LOADER(  771): ACDB -> ACDB_CMD_GET_AUDPROC_INSTANCE_GAIN_DEP_STEP_TABLE_SIZE
09-01 14:33:22.883 D/ACDB-LOADER(  771): ACDB -> ACDB_CMD_GET_AUDPROC_INSTANCE_GAIN_DEP_STEP_TABLE, vol index 5
09-01 14:33:22.883 D/ACDB-LOADER(  771): ACDB -> AUDIO_SET_VOL_CAL cal type = 40
09-01 14:33:22.883 W/msm8974_platform(  771): platform_send_gain_dep_cal: Usecase list is empty
09-01 14:33:22.883 D/msm8974_platform(  771): platform_split_snd_device: snd_device(2) num devices(0) new_snd_devices(0)
09-01 14:33:22.883 I/msm8974_platform(  771): platform_get_custom_mtmx_params: no matching param with id 0 ip_ch 2 op_ch 2 uc_id 1 snd_dev 2
09-01 14:33:22.887 E/InputDispatcher( 1639): Window handle Window{643224a u0 com.xiaomi.hm.health/com.xiaomi.hm.health.activity.StatusDetailActivity} has no registered input channel
09-01 14:33:22.905 E/InputDispatcher( 1639): Window handle Window{643224a u0 com.xiaomi.hm.health/com.xiaomi.hm.health.activity.StatusDetailActivity} has no registered input channel
09-01 14:33:22.919 I/MiuiNetworkPolicy( 1639): updateUidState uid = 10062, uidState = 4
09-01 14:33:22.919 D/OemNetd (  679): whiteListUid: uid=10062, wmm=add
09-01 14:33:22.920 I/Timeline( 1639): Timeline: Activity_windows_visible id: ActivityRecord{751966d u0 com.miui.home/.launcher.Launcher t1} time:211568937
09-01 14:33:22.920 E/InputDispatcher( 1639): Window handle Window{643224a u0 com.xiaomi.hm.health/com.xiaomi.hm.health.activity.StatusDetailActivity} has no registered input channel
09-01 14:33:22.921 E/RotationHelper( 7676): setCurrentTransitionRequest: request=0
09-01 14:33:22.925 I/MiuiNetworkPolicy( 1639): updateMLUid uid:10062,old:20,new:4
09-01 14:33:22.925 I/MiuiNetworkPolicy( 1639): isMLEnabled state:20,uid:10062,connect:DISCONNECTED
09-01 14:33:22.925 I/MiuiNetworkPolicy( 1639): isMLEnabled state:4,uid:10062,connect:DISCONNECTED
09-01 14:33:22.927 D/Launcher.Transfer( 7676): transfer:onResume, extra:null
09-01 14:33:22.930 D/EventBus(29730): [29730, u0] send(AppTransitionFinishedEvent)
09-01 14:33:22.931 D/EventBus(29730): [29730, u0]  -> ForcedResizableInfoActivityController [0xc4c1163, P1] onBusEvent(AppTransitionFinishedEvent)
09-01 14:33:22.931 D/EventBus(29730): [29730, u0] onBusEvent(AppTransitionFinishedEvent) duration: 100 microseconds, avg: 36
09-01 14:33:22.937 E/InputDispatcher( 1639): Window handle Window{643224a u0 com.xiaomi.hm.health/com.xiaomi.hm.health.activity.StatusDetailActivity} has no registered input channel
09-01 14:33:22.940 E/ActivityThread(26104): Failed to find provider info for com.android.bluetooth.deviceinfo_provider
09-01 14:33:22.954 E/InputDispatcher( 1639): Window handle Window{643224a u0 com.xiaomi.hm.health/com.xiaomi.hm.health.activity.StatusDetailActivity} has no registered input channel
09-01 14:33:22.970 E/InputDispatcher( 1639): Window handle Window{643224a u0 com.xiaomi.hm.health/com.xiaomi.hm.health.activity.StatusDetailActivity} has no registered input channel
09-01 14:33:23.061 V/SettingsProvider( 1639): Notifying for 0: content://settings/global/hidden_api_policy_pre_p_apps
09-01 14:33:23.098 V/SettingsProvider( 1639): Notifying for 0: content://settings/global/hidden_api_policy_p_apps
09-01 14:33:23.120 I/chatty  ( 1639): uid=1000(system) Binder:1639_1D identical 9 lines
09-01 14:33:23.137 E/InputDispatcher( 1639): Window handle Window{643224a u0 com.xiaomi.hm.health/com.xiaomi.hm.health.activity.StatusDetailActivity} has no registered input channel
09-01 14:33:23.140 D/EventBus(29730): [29730, u0] send(AppTransitionFinishedEvent)
09-01 14:33:23.141 D/EventBus(29730): [29730, u0]  -> ForcedResizableInfoActivityController [0xc4c1163, P1] onBusEvent(AppTransitionFinishedEvent)
09-01 14:33:23.141 D/EventBus(29730): [29730, u0] onBusEvent(AppTransitionFinishedEvent) duration: 26 microseconds, avg: 36
09-01 14:33:23.141 I/Timeline( 1639): Timeline: App_transition_stopped time:211569158
09-01 14:33:23.143 V/SettingsProvider( 1639): Notifying for 0: content://settings/global/hidden_api_policy
09-01 14:33:23.144 D/EventBus(29730): [29730, u0] send(AppTransitionFinishedEvent)
09-01 14:33:23.145 D/EventBus(29730): [29730, u0]  -> ForcedResizableInfoActivityController [0xc4c1163, P1] onBusEvent(AppTransitionFinishedEvent)
09-01 14:33:23.145 D/EventBus(29730): [29730, u0] onBusEvent(AppTransitionFinishedEvent) duration: 225 microseconds, avg: 37
09-01 14:33:23.145 D/EventBus(29730): [29730, u0] send(AppTransitionFinishedEvent)
09-01 14:33:23.145 D/EventBus(29730): [29730, u0]  -> ForcedResizableInfoActivityController [0xc4c1163, P1] onBusEvent(AppTransitionFinishedEvent)
09-01 14:33:23.145 D/EventBus(29730): [29730, u0] onBusEvent(AppTransitionFinishedEvent) duration: 16 microseconds, avg: 37
09-01 14:33:23.147 W/ActivityManager( 1639): setHasOverlayUi called on unknown pid: 10274
09-01 14:33:23.148 D/EventBus(29730): [29730, u0] send(AppTransitionFinishedEvent)
09-01 14:33:23.148 D/EventBus(29730): [29730, u0]  -> ForcedResizableInfoActivityController [0xc4c1163, P1] onBusEvent(AppTransitionFinishedEvent)
09-01 14:33:23.148 D/EventBus(29730): [29730, u0] onBusEvent(AppTransitionFinishedEvent) duration: 26 microseconds, avg: 37
09-01 14:33:23.348 I/TestRunner(10226): finished: startServer(io.appium.uiautomator2.server.test.AppiumUiAutomator2Server)
09-01 14:33:23.353 I/MonitoringInstr(10226): Activities that are still in CREATED to STOPPED: 0
09-01 14:33:23.355 I/TestRunner(10226): run finished: 1 tests, 0 failed, 0 ignored
09-01 14:33:23.366 E/adbd    (16935): failed to connect to socket 'tcp:6790': Connection refused
09-01 14:33:23.370 D/NetworkSecurityConfig(10226): No Network Security Config specified, using platform default
09-01 14:33:23.374 E/ResolverController(  679): No valid NAT64 prefix (116, <unspecified>/0)
09-01 14:33:23.421 I//system/vendor/bin/mi_thermald( 1070): thermal_cpu_set_level: set cpu freq of cpu4 to 2016000
09-01 14:33:23.452 I//system/vendor/bin/mi_thermald( 1070): thermal_cpu_set_level: set cpu freq of cpu7 to 2016000
09-01 14:33:23.478 I/ActivityManager( 1639): Force stopping io.appium.uiautomator2.server.test appid=10225 user=0: from process:10722
09-01 14:33:23.489 E/PhoneInterfaceManager( 2698): [PhoneIntfMgr] getCarrierPackageNamesForIntent: No UICC
09-01 14:33:23.489 D/CarrierSvcBindHelper( 2698): No carrier app for: 0
09-01 14:33:23.496 D/CarrierSvcBindHelper( 2698): No carrier app for: 1
09-01 14:33:23.500 D/RegisteredServicesCache( 4689):  Reading service state data always from file
09-01 14:33:23.501 D/RegisteredServicesCache( 4689): ServiceStateFileVersion=1.0
09-01 14:33:23.501 E/RegisteredServicesCache( 4689): Next Tag=services
09-01 14:33:23.501 E/RegisteredServicesCache( 4689): 1invalidateCache:WriteServiceStateToFile
09-01 14:33:23.501 E/RegisteredServicesCache( 4689):  Writing service state Data Always
09-01 14:33:23.510 E/RegisteredAidCache( 4689): updateRoutingLocked(): enter...
09-01 14:33:23.510 D/NfcService( 4689): defaultMifareCLTRoute : 315
09-01 14:33:23.510 D/RegisteredAidCache( 4689):  AID power stateB0693789675600247817route0
09-01 14:33:23.510 D/NfcService( 4689): defaultAidRoute : 315
09-01 14:33:23.510 D/NfcService( 4689): GetDefaultRouteLoc  :1
09-01 14:33:23.510 D/NfcService( 4689): defaultAidRoute : 315
09-01 14:33:23.510 D/NfcService( 4689): GetDefaultRouteLoc  :1
09-01 14:33:23.510 E/AidRoutingManager( 4689): Size of routing table970
09-01 14:33:23.510 E/RegisteredAidCache( 4689): updateRoutingLocked(): exit...
09-01 14:33:23.512 D/RegisteredNfcFServicesCache( 4689): Service unchanged, not updating
09-01 14:33:23.604 I/AudioTrack( 2503): isLongTimeZoreData zoer date time 22 Seconds
09-01 14:33:23.735 D/AndroidRuntime(10725): >>>>>> START com.android.internal.os.RuntimeInit uid 2000 <<<<<<
09-01 14:33:23.730 W/app_process(10725): type=1400 audit(0.0:63946): avc: denied { read } for name="u:object_r:device_config_runtime_native_boot_prop:s0" dev="tmpfs" ino=16478 scontext=u:r:shell:s0 tcontext=u:object_r:device_config_runtime_native_boot_prop:s0 tclass=file permissive=0
09-01 14:33:23.738 E/libc    (10725): Access denied finding property "persist.device_config.runtime_native_boot.enable_apex_image"
09-01 14:33:23.738 I/AndroidRuntime(10725): Using default boot image
09-01 14:33:23.738 E/libc    (10725): Access denied finding property "persist.device_config.runtime_native_boot.disable_lock_profiling"
09-01 14:33:23.738 I/AndroidRuntime(10725): Leaving lock profiling enabled
09-01 14:33:23.739 E/libc    (10725): Access denied finding property "persist.device_config.runtime_native_boot.enable_generational_cc"
09-01 14:33:23.730 W/app_process(10725): type=1400 audit(0.0:63947): avc: denied { read } for name="u:object_r:device_config_runtime_native_boot_prop:s0" dev="tmpfs" ino=16478 scontext=u:r:shell:s0 tcontext=u:object_r:device_config_runtime_native_boot_prop:s0 tclass=file permissive=0
09-01 14:33:23.730 W/app_process(10725): type=1400 audit(0.0:63948): avc: denied { read } for name="u:object_r:device_config_runtime_native_boot_prop:s0" dev="tmpfs" ino=16478 scontext=u:r:shell:s0 tcontext=u:object_r:device_config_runtime_native_boot_prop:s0 tclass=file permissive=0
09-01 14:33:23.780 I/chatty  (19843): uid=1002(bluetooth) POSIX timer 7 expire 4 lines
09-01 14:33:23.791 I/chatty  (19843): uid=1002 bluetooth@1.0-s expire 5 lines
09-01 14:33:23.807 D/ICU     (10725): Time zone APEX file found: /apex/com.android.tzdata/etc/icu/icu_tzdata.dat
09-01 14:33:23.810 I/chatty  ( 8588): uid=1002(bluetooth) btu message loo expire 118 lines
09-01 14:33:23.814 I/chatty  ( 8588): uid=1002(bluetooth) BT Service Call expire 7 lines
09-01 14:33:23.818 I/chatty  ( 8588): uid=1002(bluetooth) com.android.bluetooth expire 2 lines
09-01 14:33:23.819 W/BluetoothEventManager(29730): AclStateChangedHandler: activeDevice is null
09-01 14:33:23.819 I/chatty  ( 3272): uid=1002(bluetooth) com.xiaomi.bluetooth expire 3 lines
09-01 14:33:23.821 I/TrustAgent(20208): TAG: TrustAgent.Tracker. [BluetoothConnectionTracker] Bluetooth disconnect broadast for Mi Smart Band 5 C3:D4:F4:E3:11:EC [CONTEXT service_id=84 ]
09-01 14:33:23.825 D/Bluetooth_AIVS_SDK(22367): AIVS:BluetoothBase:onReceive: ACTION_ACL_DISCONNECTED, device:Mi Smart Band 5 type:2
09-01 14:33:23.825 D/CompatibilityInfo( 1639): mCompatibilityFlags - 0
09-01 14:33:23.826 D/CompatibilityInfo( 1639): applicationDensity - 440
09-01 14:33:23.826 D/CompatibilityInfo( 1639): applicationScale - 1.0
09-01 14:33:23.830 W/app_process(10725): JNI RegisterNativeMethods: attempt to register 0 native methods for android.media.AudioAttributes
09-01 14:33:23.833 E/libc    (10725): Access denied finding property "persist.vendor.qti.debug.atlogs_enable"
09-01 14:33:23.834 D/CompatibilityInfo( 1639): mCompatibilityFlags - 0
09-01 14:33:23.834 D/CompatibilityInfo( 1639): applicationDensity - 440
09-01 14:33:23.834 D/CompatibilityInfo( 1639): applicationScale - 1.0
09-01 14:33:23.835 I/hwservicemanager(  573): getTransport: Cannot find entry vendor.qti.hardware.servicetracker@1.0::IServicetracker/default in either framework or device manifest.
09-01 14:33:23.837 D/AndroidRuntime(10725): Calling main entry com.android.commands.am.Am
09-01 14:33:23.820 W/main    (10725): type=1400 audit(0.0:63949): avc: denied { read } for name="u:object_r:vendor_default_prop:s0" dev="tmpfs" ino=16586 scontext=u:r:shell:s0 tcontext=u:object_r:vendor_default_prop:s0 tclass=file permissive=0
09-01 14:33:23.843 I/ActivityManager( 1639): Force stopping io.appium.uiautomator2.server appid=10224 user=0: start instr
09-01 14:33:23.844 I/MiuiNetworkPolicy( 1639): bandwidth: 0 KB/s, Max bandwidth: 3727 KB/s
09-01 14:33:23.844 I/ActivityManager( 1639): Killing 10226:io.appium.uiautomator2.server/u0a224 (adj 0): stop io.appium.uiautomator2.server: start instr
09-01 14:33:23.845 D/ProcessRecordInjector( 1639): Begin to report kill process events...
09-01 14:33:23.845 I/hwservicemanager(  573): getTransport: Cannot find entry vendor.qti.hardware.servicetracker@1.0::IServicetracker/default in either framework or device manifest.
09-01 14:33:23.846 W/ActivityManager( 1639): Crash of app io.appium.uiautomator2.server running instrumentation ComponentInfo{io.appium.uiautomator2.server.test/androidx.test.runner.AndroidJUnitRunner}
09-01 14:33:23.847 I/ActivityManager( 1639): Force stopping io.appium.uiautomator2.server appid=10224 user=0: finished inst
09-01 14:33:23.849 W/Binder  (10204): Caught a RuntimeException from the binder stub implementation.
09-01 14:33:23.849 W/Binder  (10204): java.lang.SecurityException: Calling from not trusted UID!
09-01 14:33:23.849 W/Binder  (10204): 	at android.app.UiAutomationConnection.throwIfCalledByNotTrustedUidLocked(UiAutomationConnection.java:520)
09-01 14:33:23.849 W/Binder  (10204): 	at android.app.UiAutomationConnection.shutdown(UiAutomationConnection.java:424)
09-01 14:33:23.849 W/Binder  (10204): 	at android.app.IUiAutomationConnection$Stub.onTransact(IUiAutomationConnection.java:390)
09-01 14:33:23.849 W/Binder  (10204): 	at android.os.Binder.execTransactInternal(Binder.java:1021)
09-01 14:33:23.849 W/Binder  (10204): 	at android.os.Binder.execTransact(Binder.java:994)
09-01 14:33:23.850 W/Binder  ( 1639): Outgoing transactions from this process must be FLAG_ONEWAY
09-01 14:33:23.850 W/Binder  ( 1639): java.lang.Throwable
09-01 14:33:23.850 W/Binder  ( 1639): 	at android.os.BinderProxy.transact(BinderProxy.java:480)
09-01 14:33:23.850 W/Binder  ( 1639): 	at android.app.IInstrumentationWatcher$Stub$Proxy.instrumentationFinished(IInstrumentationWatcher.java:205)
09-01 14:33:23.850 W/Binder  ( 1639): 	at com.android.server.am.InstrumentationReporter$MyThread.run(InstrumentationReporter.java:86)
09-01 14:33:23.851 D/AndroidRuntime(10204): Shutting down VM
09-01 14:33:23.854 D/CompatibilityInfo( 1639): mCompatibilityFlags - 0
09-01 14:33:23.854 D/CompatibilityInfo( 1639): applicationDensity - 440
09-01 14:33:23.854 D/CompatibilityInfo( 1639): applicationScale - 1.0
09-01 14:33:23.854 I/MiuiNetworkPolicy( 1639): removeUidState uid = 10224
09-01 14:33:23.855 D/OemNetd (  679): whiteListUid: uid=10224, wmm=del
09-01 14:33:23.855 I/hwservicemanager(  573): getTransport: Cannot find entry vendor.qti.hardware.servicetracker@1.0::IServicetracker/default in either framework or device manifest.
09-01 14:33:23.857 I/MiuiNetworkPolicy( 1639): updateMLUid uid:10224,old:5,new:20
09-01 14:33:23.857 I/MiuiNetworkPolicy( 1639): isMLEnabled state:5,uid:10224,connect:DISCONNECTED
09-01 14:33:23.857 I/MiuiNetworkPolicy( 1639): isMLEnabled state:20,uid:10224,connect:DISCONNECTED
09-01 14:33:23.857 I/MiuiNetworkPolicy( 1639): updateUidState uid = 10224, uidState = 20
09-01 14:33:23.875 V/UidProcStateHelper( 1639): process died:[10226,10224]
09-01 14:33:23.878 D/ActiveStateController( 6417): updateStateForUidActiveChangedLocked, uid: 10224 active: false
09-01 14:33:23.878 W/WindowManager( 1639): removeWindowToken: Attempted to remove non-existing token: android.os.Binder@c88f249
09-01 14:33:23.878 D/Zygote  (  680): Forked child process 10741
09-01 14:33:23.878 I/Zygote  (  680): Process 10226 exited due to signal 9 (Killed)
09-01 14:33:23.881 D/Boost   ( 1639): hostingType=added application, hostingName=io.appium.uiautomator2.server, callerPackage=android, isSystem=true, isBoostNeeded=false.
09-01 14:33:23.881 D/OemNetd (  679): setPidForPackage: packageName=io.appium.uiautomator2.server, pid=10741, pid=10224
09-01 14:33:23.881 V/SettingsProvider( 1639): Notifying for 0: content://settings/secure/accessibility_enabled
09-01 14:33:23.882 I/libprocessgroup( 1639): Successfully killed process cgroup uid 10224 pid 10226 in 37ms
09-01 14:33:23.883 I/ActivityManager( 1639): Start proc 10741:io.appium.uiautomator2.server/u0a224 for added application io.appium.uiautomator2.server caller=android
09-01 14:33:23.883 I/tomator2.serve(10741): Late-enabling -Xcheck:jni
09-01 14:33:23.894 W/.gms.persisten(20208): Reducing the number of considered missed Gc histogram windows from 127 to 100
09-01 14:33:23.896 W/ActivityManager( 1639): Unable to start service Intent { act=android.bluetooth.device.action.ACL_DISCONNECTED cmp=com.google.android.gms/.nearby.discovery.service.DiscoveryService (has extras) } U=0: not found
09-01 14:33:23.897 E/tomator2.serve(10741): Unknown bits set in runtime_flags: 0x8000
09-01 14:33:23.918 D/CompatibilityInfo( 1639): mCompatibilityFlags - 0
09-01 14:33:23.918 D/CompatibilityInfo( 1639): applicationDensity - 440
09-01 14:33:23.918 D/CompatibilityInfo( 1639): applicationScale - 1.0
09-01 14:33:23.921 I/MiuiNetworkPolicy( 1639): updateUidState uid = 10224, uidState = 5
09-01 14:33:23.921 D/OemNetd (  679): whiteListUid: uid=10224, wmm=add
09-01 14:33:23.924 I/MiuiNetworkPolicy( 1639): updateMLUid uid:10224,old:20,new:5
09-01 14:33:23.924 I/MiuiNetworkPolicy( 1639): isMLEnabled state:20,uid:10224,connect:DISCONNECTED
09-01 14:33:23.924 I/MiuiNetworkPolicy( 1639): isMLEnabled state:5,uid:10224,connect:DISCONNECTED
09-01 14:33:23.931 I/MiuiNetworkPolicy( 1639): updateUidState uid = 10062, uidState = 16
09-01 14:33:23.931 D/OemNetd (  679): whiteListUid: uid=10062, wmm=del
09-01 14:33:23.933 I/MiuiNetworkPolicy( 1639): updateMLUid uid:10062,old:4,new:16
09-01 14:33:23.933 I/MiuiNetworkPolicy( 1639): isMLEnabled state:4,uid:10062,connect:DISCONNECTED
09-01 14:33:23.933 I/MiuiNetworkPolicy( 1639): isMLEnabled state:16,uid:10062,connect:DISCONNECTED
09-01 14:33:24.028 D/miuisdk (10741): current sdk level is 20
09-01 14:33:24.031 E/SELinux (  572): avc:  denied  { find } for service=overlay pid=10741 uid=10224 scontext=u:r:untrusted_app_27:s0:c224,c256,c512,c768 tcontext=u:object_r:overlay_service:s0 tclass=service_manager permissive=0
09-01 14:33:24.032 E/IconCustomizerUtils(10741): IOverlayManager is null
09-01 14:33:24.038 W/tomator2.serve(10741): ClassLoaderContext classpath size mismatch. expected=0, found=2 (PCL[]{PCL[/system/framework/android.test.mock.jar*3601177991]{PCL[/system/framework/android.test.base.jar*1299883780]}#PCL[/system/framework/android.test.runner.jar*3312018701]{PCL[/system/framework/android.test.base.jar*1299883780]#PCL[/system/framework/android.test.mock.jar*3601177991]{PCL[/system/framework/android.test.base.jar*1299883780]}}} | PCL[/system/framework/android.test.runner.jar*3312018701:/system/framework/android.test.mock.jar*3601177991])
09-01 14:33:24.039 W/tomator2.serve(10741): ClassLoaderContext classpath size mismatch. expected=0, found=4 (PCL[] | PCL[/system/framework/android.test.runner.jar*3312018701:/system/framework/android.test.mock.jar*3601177991:/data/app/io.appium.uiautomator2.server.test-xiUTBeW1tD0RDVGssLKQjw==/base.apk*4256641845:/data/app/io.appium.uiautomator2.server.test-xiUTBeW1tD0RDVGssLKQjw==/base.apk!classes2.dex*3909004592])
09-01 14:33:24.039 W/tomator2.serve(10741): Found duplicate classes, falling back to extracting from APK : /data/app/io.appium.uiautomator2.server-R860u7MKtILXj95_tECd6A==/base.apk
09-01 14:33:24.039 W/tomator2.serve(10741): NOTE: This wastes RAM and hurts startup performance.
09-01 14:33:24.039 W/tomator2.serve(10741): Found duplicated class when checking oat files: 'Ljunit/runner/BaseTestRunner;' in /system/framework/android.test.runner.jar and /data/app/io.appium.uiautomator2.server-R860u7MKtILXj95_tECd6A==/base.apk
09-01 14:33:24.039 W/tomator2.serve(10741): 
09-01 14:33:24.127 I/Perf    (10741): Connecting to perf service.
09-01 14:33:24.134 W/tomator2.serve(10741): ClassLoaderContext classpath size mismatch. expected=0, found=2 (PCL[]{PCL[/system/framework/android.test.mock.jar*3601177991]{PCL[/system/framework/android.test.base.jar*1299883780]}#PCL[/system/framework/android.test.runner.jar*3312018701]{PCL[/system/framework/android.test.base.jar*1299883780]#PCL[/system/framework/android.test.mock.jar*3601177991]{PCL[/system/framework/android.test.base.jar*1299883780]}}} | PCL[/system/framework/android.test.runner.jar*3312018701:/system/framework/android.test.mock.jar*3601177991];PCL[/system/framework/android.test.runner.jar*3312018701:/system/framework/android.test.mock.jar*3601177991:/data/app/io.appium.uiautomator2.server.test-xiUTBeW1tD0RDVGssLKQjw==/base.apk*4256641845:/data/app/io.appium.uiautomator2.server.test-xiUTBeW1tD0RDVGssLKQjw==/base.apk!classes2.dex*3909004592:/data/app/io.appium.uiautomator2.server-R860u7MKtILXj95_tECd6A==/base.apk*2224874488:/data/app/io.appium.uiautomator2.server-R860u7MKtILXj95_tECd6A==/base.apk!classes2.dex*2518648215])
09-01 14:33:24.134 W/tomator2.serve(10741): Found duplicate classes, falling back to extracting from APK : /data/app/io.appium.uiautomator2.server.test-xiUTBeW1tD0RDVGssLKQjw==/base.apk
09-01 14:33:24.134 W/tomator2.serve(10741): NOTE: This wastes RAM and hurts startup performance.
09-01 14:33:24.134 W/tomator2.serve(10741): Found duplicated class when checking oat files: 'Landroidx/test/espresso/AmbiguousViewMatcherException$1;' in /data/app/io.appium.uiautomator2.server.test-xiUTBeW1tD0RDVGssLKQjw==/base.apk and /data/app/io.appium.uiautomator2.server.test-xiUTBeW1tD0RDVGssLKQjw==/base.apk
09-01 14:33:24.134 W/tomator2.serve(10741): 
09-01 14:33:24.155 W/tomator2.serve(10741): ClassLoaderContext classpath size mismatch. expected=0, found=4 (PCL[] | PCL[/system/framework/android.test.runner.jar*3312018701:/system/framework/android.test.mock.jar*3601177991:/data/app/io.appium.uiautomator2.server.test-xiUTBeW1tD0RDVGssLKQjw==/base.apk*4256641845:/data/app/io.appium.uiautomator2.server.test-xiUTBeW1tD0RDVGssLKQjw==/base.apk!classes2.dex*3909004592];PCL[/system/framework/android.test.runner.jar*3312018701:/system/framework/android.test.mock.jar*3601177991:/data/app/io.appium.uiautomator2.server.test-xiUTBeW1tD0RDVGssLKQjw==/base.apk*4256641845:/data/app/io.appium.uiautomator2.server.test-xiUTBeW1tD0RDVGssLKQjw==/base.apk!classes2.dex*3909004592:/data/app/io.appium.uiautomator2.server-R860u7MKtILXj95_tECd6A==/base.apk*2224874488:/data/app/io.appium.uiautomator2.server-R860u7MKtILXj95_tECd6A==/base.apk!classes2.dex*2518648215])
09-01 14:33:24.155 W/tomator2.serve(10741): Found duplicate classes, falling back to extracting from APK : /data/app/io.appium.uiautomator2.server-R860u7MKtILXj95_tECd6A==/base.apk
09-01 14:33:24.155 W/tomator2.serve(10741): NOTE: This wastes RAM and hurts startup performance.
09-01 14:33:24.155 W/tomator2.serve(10741): Found duplicated class when checking oat files: 'Landroid_libs/ub_uiautomator/R;' in /data/app/io.appium.uiautomator2.server-R860u7MKtILXj95_tECd6A==/base.apk!classes2.dex and /data/app/io.appium.uiautomator2.server-R860u7MKtILXj95_tECd6A==/base.apk!classes2.dex
09-01 14:33:24.156 W/tomator2.serve(10741): 
09-01 14:33:24.239 W/tomator2.serve(10741): Accessing hidden method Landroid/app/Instrumentation;->execStartActivity(Landroid/content/Context;Landroid/os/IBinder;Landroid/os/IBinder;Landroid/app/Activity;Landroid/content/Intent;ILandroid/os/Bundle;)Landroid/app/Instrumentation$ActivityResult; (greylist, linking, allowed)
09-01 14:33:24.239 W/tomator2.serve(10741): Accessing hidden method Landroid/app/Instrumentation;->execStartActivity(Landroid/content/Context;Landroid/os/IBinder;Landroid/os/IBinder;Ljava/lang/String;Landroid/content/Intent;ILandroid/os/Bundle;)Landroid/app/Instrumentation$ActivityResult; (greylist, linking, allowed)
09-01 14:33:24.245 D/ForceDarkHelper(10741): io.appium.uiautomator2.server mIsDarkModeSupported = false
09-01 14:33:24.245 D/ForceDarkHelper(10741): io.appium.uiautomator2.server initialize time 3
09-01 14:33:24.251 I/MonitoringInstr(10741): Instrumentation started!
09-01 14:33:24.259 I/MonitoringInstr(10741): Setting context classloader to 'dalvik.system.PathClassLoader[DexPathList[[zip file "/system/framework/android.test.runner.jar", zip file "/system/framework/android.test.mock.jar", zip file "/data/app/io.appium.uiautomator2.server.test-xiUTBeW1tD0RDVGssLKQjw==/base.apk", zip file "/data/app/io.appium.uiautomator2.server-R860u7MKtILXj95_tECd6A==/base.apk"],nativeLibraryDirectories=[/data/app/io.appium.uiautomator2.server.test-xiUTBeW1tD0RDVGssLKQjw==/lib/arm64, /data/app/io.appium.uiautomator2.server-R860u7MKtILXj95_tECd6A==/lib/arm64, /system/lib64, /system/product/lib64]]]', Original: 'dalvik.system.PathClassLoader[DexPathList[[zip file "/system/framework/android.test.runner.jar", zip file "/system/framework/android.test.mock.jar", zip file "/data/app/io.appium.uiautomator2.server.test-xiUTBeW1tD0RDVGssLKQjw==/base.apk", zip file "/data/app/io.appium.uiautomator2.server-R860u7MKtILXj95_tECd6A==/base.apk"],nativeLibraryDirectories=[/data/app/io.appium.uiautomator2.server.test-xiUTBeW1tD0RDVGssLKQjw==/lib/arm64, /data/app/io.appium.uiautomator2.server-R860u7MKtILXj95_tECd6A==/lib/arm64, /system/lib64, /system/product/lib64]]]'
09-01 14:33:24.262 I/FeatureParser(10741): can't find raphael.xml in assets/device_features/,it may be in /system/etc/device_features
09-01 14:33:24.272 E/libc    (10741): Access denied finding property "ro.vendor.df.effect.conflict"
09-01 14:33:24.260 W/tomator2.server(10741): type=1400 audit(0.0:63950): avc: denied { read } for name="u:object_r:vendor_displayfeature_prop:s0" dev="tmpfs" ino=16588 scontext=u:r:untrusted_app_27:s0:c224,c256,c512,c768 tcontext=u:object_r:vendor_displayfeature_prop:s0 tclass=file permissive=0 app=io.appium.uiautomator2.server
09-01 14:33:24.276 I/MonitoringInstr(10741): No JSBridge.
09-01 14:33:24.276 E/Perf    (10741): Fail to get file list io.appium.uiautomator2.server
09-01 14:33:24.276 E/Perf    (10741): getFolderSize() : Exception_1 = java.lang.NullPointerException: Attempt to get length of null array
09-01 14:33:24.277 E/Perf    (10741): Fail to get file list io.appium.uiautomator2.server
09-01 14:33:24.277 E/Perf    (10741): getFolderSize() : Exception_1 = java.lang.NullPointerException: Attempt to get length of null array
09-01 14:33:24.277 E/Perf    (10741): Fail to get file list oat
09-01 14:33:24.277 E/Perf    (10741): getFolderSize() : Exception_1 = java.lang.NullPointerException: Attempt to get length of null array
09-01 14:33:24.279 I/MonitoringInstr(10741): Setting context classloader to 'dalvik.system.PathClassLoader[DexPathList[[zip file "/system/framework/android.test.runner.jar", zip file "/system/framework/android.test.mock.jar", zip file "/data/app/io.appium.uiautomator2.server.test-xiUTBeW1tD0RDVGssLKQjw==/base.apk", zip file "/data/app/io.appium.uiautomator2.server-R860u7MKtILXj95_tECd6A==/base.apk"],nativeLibraryDirectories=[/data/app/io.appium.uiautomator2.server.test-xiUTBeW1tD0RDVGssLKQjw==/lib/arm64, /data/app/io.appium.uiautomator2.server-R860u7MKtILXj95_tECd6A==/lib/arm64, /system/lib64, /system/product/lib64]]]', Original: 'dalvik.system.PathClassLoader[DexPathList[[zip file "/system/framework/android.test.runner.jar", zip file "/system/framework/android.test.mock.jar", zip file "/data/app/io.appium.uiautomator2.server.test-xiUTBeW1tD0RDVGssLKQjw==/base.apk", zip file "/data/app/io.appium.uiautomator2.server-R860u7MKtILXj95_tECd6A==/base.apk"],nativeLibraryDirectories=[/data/app/io.appium.uiautomator2.server.test-xiUTBeW1tD0RDVGssLKQjw==/lib/arm64, /data/app/io.appium.uiautomator2.server-R860u7MKtILXj95_tECd6A==/lib/arm64, /system/lib64, /system/product/lib64]]]'
09-01 14:33:24.309 I/UsageTrackerFacilitator(10741): Usage tracking enabled
09-01 14:33:24.316 I/TestRequestBuilder(10741): Scanning classpath to find tests in paths [/data/app/io.appium.uiautomator2.server.test-xiUTBeW1tD0RDVGssLKQjw==/base.apk]
09-01 14:33:24.318 W/tomator2.serve(10741): Opening an oat file without a class loader. Are you using the deprecated DexFile APIs?
09-01 14:33:24.450 D/TestExecutor(10741): Adding listener androidx.test.internal.runner.listener.LogRunListener
09-01 14:33:24.450 D/TestExecutor(10741): Adding listener androidx.test.internal.runner.listener.InstrumentationResultPrinter
09-01 14:33:24.450 D/TestExecutor(10741): Adding listener androidx.test.internal.runner.listener.ActivityFinisherRunListener
09-01 14:33:24.451 I/TestRunner(10741): run started: 1 tests
09-01 14:33:24.452 I/TestRunner(10741): started: startServer(io.appium.uiautomator2.server.test.AppiumUiAutomator2Server)
09-01 14:33:24.454 I/MonitoringInstr(10741): Activities that are still in CREATED to STOPPED: 0
09-01 14:33:24.455 I/appium  (10741): [AppiumUiAutomator2Server] Starting Server
09-01 14:33:24.562 E/adbd    (16935): failed to connect to socket 'tcp:6790': Connection refused
09-01 14:33:24.617 I/AudioTrack( 2503): isLongTimeZoreData zoer date time 23 Seconds
09-01 14:33:24.629 D/NetworkController.MobileSignalController(1)(29730): 4G level = 5
09-01 14:33:24.954 I/chatty  (19843): uid=1002(bluetooth) POSIX timer 4 expire 1 line
09-01 14:33:25.417 D/QCNEJ/WlanStaInfoRelay( 2635): Received action: android.net.wifi.RSSI_CHANGED
09-01 14:33:25.421 D/NetworkStateReceiver(22367): sWifiStrengthLevel = 4
09-01 14:33:25.447 D/StackScroller(29730): applyCurrentState
09-01 14:33:25.467 I/appium  (10741): AndroidServer created on port 6790
09-01 14:33:25.467 I/appium  (10741): io.appium.uiautomator2.server started:
09-01 14:33:25.495 V/SettingsProvider( 1639): Notifying for 0: content://settings/secure/accessibility_enabled
09-01 14:33:25.519 I/appium  (10741): Started UiAutomator2 io.appium.uiautomator2.http io.appium.uiautomator2.server on port 6790
09-01 14:33:25.564 W/tomator2.serve(10741): Accessing hidden method Lsun/misc/Unsafe;->allocateMemory(J)J (greylist, linking, allowed)
09-01 14:33:25.564 W/tomator2.serve(10741): Accessing hidden method Lsun/misc/Unsafe;->freeMemory(J)V (greylist, linking, allowed)
09-01 14:33:25.564 W/tomator2.serve(10741): Accessing hidden method Lsun/misc/Unsafe;->addressSize()I (greylist, linking, allowed)
09-01 14:33:25.564 W/tomator2.serve(10741): Accessing hidden method Lsun/misc/Unsafe;->arrayBaseOffset(Ljava/lang/Class;)I (greylist,core-platform-api, linking, allowed)
09-01 14:33:25.564 W/tomator2.serve(10741): Accessing hidden method Lsun/misc/Unsafe;->copyMemory(JJJ)V (greylist, linking, allowed)
09-01 14:33:25.564 W/tomator2.serve(10741): Accessing hidden method Lsun/misc/Unsafe;->getByte(J)B (greylist,core-platform-api, linking, allowed)
09-01 14:33:25.564 W/tomator2.serve(10741): Accessing hidden method Lsun/misc/Unsafe;->getByte(Ljava/lang/Object;J)B (greylist,core-platform-api, linking, allowed)
09-01 14:33:25.565 W/tomator2.serve(10741): Accessing hidden method Lsun/misc/Unsafe;->getInt(J)I (greylist, linking, allowed)
09-01 14:33:25.565 W/tomator2.serve(10741): Accessing hidden method Lsun/misc/Unsafe;->getInt(Ljava/lang/Object;J)I (greylist, linking, allowed)
09-01 14:33:25.565 W/tomator2.serve(10741): Accessing hidden method Lsun/misc/Unsafe;->getLong(J)J (greylist,core-platform-api, linking, allowed)
09-01 14:33:25.565 W/tomator2.serve(10741): Accessing hidden method Lsun/misc/Unsafe;->getLong(Ljava/lang/Object;J)J (greylist,core-platform-api, linking, allowed)
09-01 14:33:25.565 W/tomator2.serve(10741): Accessing hidden method Lsun/misc/Unsafe;->getObject(Ljava/lang/Object;J)Ljava/lang/Object; (greylist, linking, allowed)
09-01 14:33:25.565 W/tomator2.serve(10741): Accessing hidden method Lsun/misc/Unsafe;->getObjectVolatile(Ljava/lang/Object;J)Ljava/lang/Object; (greylist, linking, allowed)
09-01 14:33:25.565 W/tomator2.serve(10741): Accessing hidden method Lsun/misc/Unsafe;->getShort(J)S (greylist, linking, allowed)
09-01 14:33:25.565 W/tomator2.serve(10741): Accessing hidden method Lsun/misc/Unsafe;->getShort(Ljava/lang/Object;J)S (greylist, linking, allowed)
09-01 14:33:25.565 W/tomator2.serve(10741): Accessing hidden method Lsun/misc/Unsafe;->objectFieldOffset(Ljava/lang/reflect/Field;)J (greylist,core-platform-api, linking, allowed)
09-01 14:33:25.565 W/tomator2.serve(10741): Accessing hidden method Lsun/misc/Unsafe;->putByte(JB)V (greylist,core-platform-api, linking, allowed)
09-01 14:33:25.565 W/tomator2.serve(10741): Accessing hidden method Lsun/misc/Unsafe;->putByte(Ljava/lang/Object;JB)V (greylist,core-platform-api, linking, allowed)
09-01 14:33:25.565 W/tomator2.serve(10741): Accessing hidden method Lsun/misc/Unsafe;->putInt(JI)V (greylist, linking, allowed)
09-01 14:33:25.565 W/tomator2.serve(10741): Accessing hidden method Lsun/misc/Unsafe;->putInt(Ljava/lang/Object;JI)V (greylist, linking, allowed)
09-01 14:33:25.565 W/tomator2.serve(10741): Accessing hidden method Lsun/misc/Unsafe;->putLong(JJ)V (greylist, linking, allowed)
09-01 14:33:25.565 W/tomator2.serve(10741): Accessing hidden method Lsun/misc/Unsafe;->putLong(Ljava/lang/Object;JJ)V (greylist, linking, allowed)
09-01 14:33:25.565 W/tomator2.serve(10741): Accessing hidden method Lsun/misc/Unsafe;->putOrderedObject(Ljava/lang/Object;JLjava/lang/Object;)V (greylist, linking, allowed)
09-01 14:33:25.565 W/tomator2.serve(10741): Accessing hidden method Lsun/misc/Unsafe;->putShort(JS)V (greylist, linking, allowed)
09-01 14:33:25.565 W/tomator2.serve(10741): Accessing hidden method Lsun/misc/Unsafe;->putShort(Ljava/lang/Object;JS)V (greylist, linking, allowed)
09-01 14:33:25.565 W/tomator2.serve(10741): Accessing hidden method Lsun/misc/Unsafe;->setMemory(JJB)V (greylist, linking, allowed)
09-01 14:33:25.565 W/tomator2.serve(10741): Accessing hidden field Ljava/nio/Buffer;->address:J (greylist, reflection, allowed)
09-01 14:33:25.566 W/tomator2.serve(10741): Accessing hidden field Lsun/misc/Unsafe;->theUnsafe:Lsun/misc/Unsafe; (greylist, reflection, allowed)
09-01 14:33:25.567 W/tomator2.serve(10741): Accessing hidden method Lsun/misc/VM;->maxDirectMemory()J (greylist, reflection, allowed)
09-01 14:33:25.574 W/tomator2.serve(10741): Accessing hidden field Lsun/nio/ch/SelectorImpl;->selectedKeys:Ljava/util/Set; (greylist, reflection, allowed)
09-01 14:33:25.574 W/tomator2.serve(10741): Accessing hidden field Lsun/nio/ch/SelectorImpl;->publicSelectedKeys:Ljava/util/Set; (greylist, reflection, allowed)
09-01 14:33:25.577 E/adbd    (16935): failed to connect to socket 'tcp:6790': Connection refused
09-01 14:33:25.590 W/Thread-4(10741): type=1400 audit(0.0:63951): avc: denied { read } for name="somaxconn" dev="proc" ino=7220655 scontext=u:r:untrusted_app_27:s0:c224,c256,c512,c768 tcontext=u:object_r:proc_net:s0 tclass=file permissive=0 app=io.appium.uiautomator2.server
09-01 14:33:25.633 I/AudioTrack( 2503): isLongTimeZoreData zoer date time 24 Seconds
09-01 14:33:26.648 I/AudioTrack( 2503): isLongTimeZoreData zoer date time 25 Seconds
09-01 14:33:26.654 I/appium  (10741): channel read invoked!
09-01 14:33:26.654 I/appium  (10741): channel read: GET /wd/hub/status
09-01 14:33:26.658 I/appium  (10741): AppiumResponse: {"sessionId":"None","value":{"ready":true,"message":"UiAutomator2 Server is ready to accept commands"}}
09-01 14:33:26.669 I/appium  (10741): channel read invoked!
09-01 14:33:26.669 I/appium  (10741): channel read: POST /wd/hub/session
09-01 14:33:26.673 W/tomator2.serve(10741): Accessing hidden field Landroid/app/UiAutomation;->mOnAccessibilityEventListener:Landroid/app/UiAutomation$OnAccessibilityEventListener; (greylist-max-o, reflection, allowed)
09-01 14:33:26.673 I/appium  (10741): Created the new session with SessionID: a4d7b541-3cc2-4590-a0d7-423994c151e3
09-01 14:33:26.674 I/appium  (10741): AppiumResponse: {"sessionId":"a4d7b541-3cc2-4590-a0d7-423994c151e3","value":{"sessionId":"a4d7b541-3cc2-4590-a0d7-423994c151e3","capabilities":{"firstMatch":[{"platform":"LINUX","webStorageEnabled":false,"takesScreenshot":true,"javascriptEnabled":true,"databaseEnabled":false,"networkConnectionEnabled":true,"loca...
09-01 14:33:26.701 I/appium  (10741): channel read invoked!
09-01 14:33:26.701 I/appium  (10741): channel read: GET /wd/hub/session/a4d7b541-3cc2-4590-a0d7-423994c151e3/appium/device/info
09-01 14:33:26.702 I/appium  (10741): Get Device Info command
09-01 14:33:26.725 W/tomator2.serve(10741): Accessing hidden field Landroid/net/NetworkCapabilities;->mSignalStrength:I (greylist-max-p, reflection, allowed)
09-01 14:33:26.725 W/tomator2.serve(10741): Accessing hidden field Landroid/net/NetworkCapabilities;->mNetworkSpecifier:Landroid/net/NetworkSpecifier; (greylist-max-o, reflection, allowed)
09-01 14:33:26.725 W/tomator2.serve(10741): Accessing hidden field Landroid/net/NetworkCapabilities;->mSSID:Ljava/lang/String; (greylist-max-o, reflection, allowed)
09-01 14:33:26.732 I/appium  (10741): AppiumResponse: {"sessionId":"a4d7b541-3cc2-4590-a0d7-423994c151e3","value":{"androidId":"189d1757d16bcd28","manufacturer":"Xiaomi","model":"Redmi K20 Pro","brand":"Xiaomi","apiVersion":"29","platformVersion":"10","carrierName":"小米移动","realDisplaySize":"1080x2340","displayDensity":440,"networks":[{"type":1,"type...
09-01 14:33:26.816 D/MessageMonitor( 1639): Dump Looper message took 1ms
09-01 14:33:26.820 D/MessageMonitor( 1639): Dump Looper message took 1ms
09-01 14:33:26.848 I/MiuiNetworkPolicy( 1639): bandwidth: 0 KB/s, Max bandwidth: 3727 KB/s
09-01 14:33:26.933 I/ActivityManager( 1639): Force stopping com.xiaomi.hm.health appid=10241 user=0: from process:10779
09-01 14:33:26.941 E/PhoneInterfaceManager( 2698): [PhoneIntfMgr] getCarrierPackageNamesForIntent: No UICC
09-01 14:33:26.941 D/CarrierSvcBindHelper( 2698): No carrier app for: 0
09-01 14:33:26.940 W/memtrack@1.0-se(  787): type=1400 audit(0.0:63952): avc: denied { search } for name="kgsl" dev="sysfs" ino=55624 scontext=u:r:hal_memtrack_default:s0 tcontext=u:object_r:sysfs_kgsl:s0 tclass=dir permissive=0
09-01 14:33:26.940 W/memtrack@1.0-se(  787): type=1400 audit(0.0:63953): avc: denied { search } for name="kgsl" dev="sysfs" ino=55624 scontext=u:r:hal_memtrack_default:s0 tcontext=u:object_r:sysfs_kgsl:s0 tclass=dir permissive=0
09-01 14:33:26.950 D/CarrierSvcBindHelper( 2698): No carrier app for: 1
09-01 14:33:26.956 D/RegisteredServicesCache( 4689):  Reading service state data always from file
09-01 14:33:26.957 D/RegisteredServicesCache( 4689): ServiceStateFileVersion=1.0
09-01 14:33:26.957 E/RegisteredServicesCache( 4689): Next Tag=services
09-01 14:33:26.958 E/RegisteredServicesCache( 4689): 1invalidateCache:WriteServiceStateToFile
09-01 14:33:26.958 E/RegisteredServicesCache( 4689):  Writing service state Data Always
09-01 14:33:26.968 E/RegisteredAidCache( 4689): updateRoutingLocked(): enter...
09-01 14:33:26.969 D/NfcService( 4689): defaultMifareCLTRoute : 315
09-01 14:33:26.969 D/RegisteredAidCache( 4689):  AID power stateB0693789675600247817route0
09-01 14:33:26.969 D/NfcService( 4689): defaultAidRoute : 315
09-01 14:33:26.969 D/NfcService( 4689): GetDefaultRouteLoc  :1
09-01 14:33:26.969 D/NfcService( 4689): defaultAidRoute : 315
09-01 14:33:26.969 D/NfcService( 4689): GetDefaultRouteLoc  :1
09-01 14:33:26.969 E/AidRoutingManager( 4689): Size of routing table970
09-01 14:33:26.969 E/RegisteredAidCache( 4689): updateRoutingLocked(): exit...
09-01 14:33:26.971 D/RegisteredNfcFServicesCache( 4689): Service unchanged, not updating
09-01 14:33:27.190 W/ActivityTaskManager( 1639): aInfo is null for resolve intent: Intent { act=android.intent.action.MAIN cat=[android.intent.category.LAUNCHER] flg=0x10200000 cmp=com.xiaomi.hm.health/activity.StartUpActivity }
09-01 14:33:27.191 W/ActivityTaskManagerServiceInjector( 1639): Intent or aInfo is null!
09-01 14:33:27.191 I/ActivityTaskManager( 1639): START u0 {act=android.intent.action.MAIN cat=[android.intent.category.LAUNCHER] flg=0x10200000 cmp=com.xiaomi.hm.health/activity.StartUpActivity} from uid 2000
09-01 14:33:27.194 W/BpBinder(10779): Slow Binder: BpBinder transact took 263ms, interface=android.app.IActivityManager, code=1598246212 oneway=false
09-01 14:33:27.283 I/ActivityManager( 1639): Force stopping com.xiaomi.hm.health appid=10241 user=0: from process:10784
09-01 14:33:27.293 E/PhoneInterfaceManager( 2698): [PhoneIntfMgr] getCarrierPackageNamesForIntent: No UICC
09-01 14:33:27.294 D/CarrierSvcBindHelper( 2698): No carrier app for: 0
09-01 14:33:27.296 D/CarrierSvcBindHelper( 2698): No carrier app for: 1
09-01 14:33:27.311 D/RegisteredServicesCache( 4689):  Reading service state data always from file
09-01 14:33:27.313 D/RegisteredServicesCache( 4689): ServiceStateFileVersion=1.0
09-01 14:33:27.313 E/RegisteredServicesCache( 4689): Next Tag=services
09-01 14:33:27.313 E/RegisteredServicesCache( 4689): 1invalidateCache:WriteServiceStateToFile
09-01 14:33:27.313 E/RegisteredServicesCache( 4689):  Writing service state Data Always
09-01 14:33:27.322 E/RegisteredAidCache( 4689): updateRoutingLocked(): enter...
09-01 14:33:27.322 D/NfcService( 4689): defaultMifareCLTRoute : 315
09-01 14:33:27.322 D/RegisteredAidCache( 4689):  AID power stateB0693789675600247817route0
09-01 14:33:27.322 D/NfcService( 4689): defaultAidRoute : 315
09-01 14:33:27.322 D/NfcService( 4689): GetDefaultRouteLoc  :1
09-01 14:33:27.322 D/NfcService( 4689): defaultAidRoute : 315
09-01 14:33:27.322 D/NfcService( 4689): GetDefaultRouteLoc  :1
09-01 14:33:27.322 E/AidRoutingManager( 4689): Size of routing table970
09-01 14:33:27.322 E/RegisteredAidCache( 4689): updateRoutingLocked(): exit...
09-01 14:33:27.323 D/RegisteredNfcFServicesCache( 4689): Service unchanged, not updating
09-01 14:33:27.542 I/SplashScreenServiceDelegate( 1639): None for com.xiaomi.hm.health
09-01 14:33:27.542 I/ActivityTaskManager( 1639): START u0 {act=android.intent.action.MAIN cat=[android.intent.category.LAUNCHER] flg=0x10200000 cmp=com.xiaomi.hm.health/.activity.StartUpActivity} from uid 2000
09-01 14:33:27.547 E/ANDR-PERF-LM(  809): AdaptLaunchAction:: applyAction() 151: Failed to aquire perflock, handle = -1
