--------- beginning of main
09-01 14:33:19.578 I/appium  (10226): AppiumResponse: {"sessionId":"3b8c72a3-7a5f-4eee-8121-946476795ec0","value":{"ELEMENT":"245bacd3-79cc-456a-8061-b0ff2d245452","element-6066-11e4-a52e-4f735466cecf":"245bacd3-79cc-456a-8061-b0ff2d245452"}}
09-01 14:33:19.604 I/appium  (10226): channel read invoked!
09-01 14:33:19.604 I/appium  (10226): channel read: GET /wd/hub/session/3b8c72a3-7a5f-4eee-8121-946476795ec0/element/245bacd3-79cc-456a-8061-b0ff2d245452/attribute/text
09-01 14:33:19.604 I/appium  (10226): get attribute of element command
09-01 14:33:19.980 I/appium  (10226): AppiumResponse: {"sessionId":"3b8c72a3-7a5f-4eee-8121-946476795ec0","value":"月睡眠统计"}
09-01 14:33:19.999 I/appium  (10226): channel read invoked!
09-01 14:33:19.999 I/appium  (10226): channel read: GET /wd/hub/session/3b8c72a3-7a5f-4eee-8121-946476795ec0/screenshot
09-01 14:33:20.000 I/appium  (10226): Capture screenshot command
09-01 14:33:20.016 I/chatty  (19843): uid=1002(bluetooth) POSIX timer 7 expire 2 lines
09-01 14:33:20.133 D/BluetoothAdapter(10274): stopLeScan()
09-01 14:33:20.134 D/BluetoothAdapter(10274): isLeEnabled(): ON
09-01 14:33:20.134 D/BluetoothLeScanner(10274): could not find callback wrapper
09-01 14:33:20.135 D/BluetoothAdapter(10274): startLeScan(): null
09-01 14:33:20.138 D/BluetoothAdapter(10274): isLeEnabled(): ON
09-01 14:33:20.140 I/chatty  ( 8588): uid=1002(bluetooth) Binder:8588_6 expire 4 lines
09-01 14:33:20.141 I/chatty  ( 8588): uid=1002(bluetooth) btu message loo expire 92 lines
09-01 14:33:20.141 I/chatty  ( 8588): uid=1002(bluetooth) BT Service Call expire 145 lines
09-01 14:33:20.141 D/BluetoothLeScanner(10274): onScannerRegistered() - status=0 scannerId=18 mScannerId=0
09-01 14:33:20.143 D/PowerKeeperPolicy( 1639): isLeScanAllowed: uid = 10241, allow = true
09-01 14:33:20.147 I/chatty  ( 8588): uid=1002(bluetooth) BluetoothScanMa expire 7 lines
09-01 14:33:20.149 D/PowerKeeperPolicy( 1639): startLeScan: BleScanWrapper[mClientIf = 18 mPendingIntent=null] uid=10241
09-01 14:33:20.149 I/hwservicemanager(  573): getTransport: Cannot find entry android.hardware.graphics.mapper@3.0::IMapper/default in either framework or device manifest.
09-01 14:33:20.149 D/PowerKeeperPolicy( 1639): uid = 10241 setAllowed, allowed = true
09-01 14:33:20.149 D/PowerKeeperPolicy( 1639): uid = 10241 setScanning, scanning = true
09-01 14:33:20.149 D/PowerKeeperPolicy( 1639): startLeScan, uid = 10241 is scanning
09-01 14:33:20.150 W/Gralloc3(10623): mapper 3.x is not supported
09-01 14:33:20.150 I/chatty  (19843): uid=1002 bluetooth@1.0-s expire 2 lines
09-01 14:33:20.154 I/chatty  (19843): uid=1002 bluetooth@1.0-s expire 3 lines
09-01 14:33:20.150 W/screencap(10623): type=1400 audit(0.0:63938): avc: denied { search } for name="kgsl" dev="sysfs" ino=55624 scontext=u:r:shell:s0 tcontext=u:object_r:sysfs_kgsl:s0 tclass=dir permissive=0
09-01 14:33:20.162 W/AdrenoUtils(10623): <ReadGpuID_from_sysfs:194>: Failed to open /sys/class/kgsl/kgsl-3d0/gpu_model
09-01 14:33:20.162 W/AdrenoUtils(10623): <ReadGpuID:218>: Failed to read chip ID from gpu_model. Fallback to use the GSL path
09-01 14:33:20.337 I/chatty  ( 8588): uid=1002(bluetooth) BT Service Call expire 155 lines
09-01 14:33:20.337 I/chatty  ( 8588): uid=1002(bluetooth) btu message loo expire 205 lines
09-01 14:33:20.442 I/appium  (10226): AppiumResponse: {"sessionId":"3b8c72a3-7a5f-4eee-8121-946476795ec0","value":"iVBORw0KGgoAAAANSUhEUgAABDgAAAkkCAYAAAD508+vAAAAAXNSR0IArs4c6QAAAARzQklUCAgI\nCHwIZIgAACAASURBVHic7N13fFv1vT\/+1zk6WpY1bHnF2QlZZJKQCQGSEEICCSNQVhktbWmB3ksp\nLbftve3v3q7b2w2lFFq+QFtmGSFhhZlABmQnZA9Ctrcty5YsSzrn98fRkXQs2ZYteUh5PR8PiH2k\nc...
09-01 14:33:20.533 D/OemNetd (  679): setLimit: enable, rate=3227614
09-01 14:33:20.543 I/chatty  ( 8588): uid=1002(bluetooth) BT Service Call expire 309 lines
09-01 14:33:20.591 I/appium  (10226): channel read invoked!
09-01 14:33:20.592 I/appium  (10226): channel read: POST /wd/hub/session/3b8c72a3-7a5f-4eee-8121-946476795ec0/element
09-01 14:33:20.594 I/appium  (10226): Find element command using 'id' with selector 'common_title_right_image'.
09-01 14:33:20.594 I/appium  (10226): Waiting up to 10000ms for device to be idle
09-01 14:33:20.611 I/appium  (10226): AppiumResponse: {"sessionId":"3b8c72a3-7a5f-4eee-8121-946476795ec0","value":{"ELEMENT":"4efcafd4-e5ed-4e88-9e1f-a4f90e53cdd4","element-6066-11e4-a52e-4f735466cecf":"4efcafd4-e5ed-4e88-9e1f-a4f90e53cdd4"}}
09-01 14:33:20.630 I/appium  (10226): channel read invoked!
09-01 14:33:20.630 I/appium  (10226): channel read: GET /wd/hub/session/3b8c72a3-7a5f-4eee-8121-946476795ec0/element/4efcafd4-e5ed-4e88-9e1f-a4f90e53cdd4/attribute/text
09-01 14:33:20.631 I/appium  (10226): get attribute of element command
09-01 14:33:20.638 I/appium  (10226): AppiumResponse: {"sessionId":"3b8c72a3-7a5f-4eee-8121-946476795ec0","value":""}
09-01 14:33:20.684 I/appium  (10226): channel read invoked!
09-01 14:33:20.684 I/appium  (10226): channel read: POST /wd/hub/session/3b8c72a3-7a5f-4eee-8121-946476795ec0/element
09-01 14:33:20.686 I/appium  (10226): Find element command using 'xpath' with selector '//*[contains(@text, "年")]'.
09-01 14:33:20.686 I/appium  (10226): Waiting up to 10000ms for device to be idle
09-01 14:33:20.744 I/chatty  ( 8588): uid=1002(bluetooth) btu message loo expire 190 lines
09-01 14:33:20.842 I/MiuiNetworkPolicy( 1639): bandwidth: 1 KB/s, Max bandwidth: 3727 KB/s
09-01 14:33:20.879 I/appium  (10226): AppiumResponse: {"sessionId":"3b8c72a3-7a5f-4eee-8121-946476795ec0","value":{"ELEMENT":"a178e181-75a4-40b9-bf88-3206eedf1761","element-6066-11e4-a52e-4f735466cecf":"a178e181-75a4-40b9-bf88-3206eedf1761"}}
09-01 14:33:20.892 I/appium  (10226): channel read invoked!
09-01 14:33:20.892 I/appium  (10226): channel read: POST /wd/hub/session/3b8c72a3-7a5f-4eee-8121-946476795ec0/element/a178e181-75a4-40b9-bf88-3206eedf1761/click
09-01 14:33:20.893 I/appium  (10226): Click element command
09-01 14:33:20.913 I/appium  (10226): Waiting up to 10000ms for device to be idle
09-01 14:33:20.914 I/appium  (10226): AppiumResponse: {"sessionId":"3b8c72a3-7a5f-4eee-8121-946476795ec0","value":null}
09-01 14:33:20.922 D/[Koin]  (10274): !- ViewModelProvider getting instance
09-01 14:33:20.922 D/[Koin]  (10274): +- get 'com.xiaomi.hm.health.healthdata.viewmodel.StatisticsMonthAndWeekViewModel'
09-01 14:33:20.922 D/[Koin]  (10274): | create instance for [type:Factory,primary_type:'com.xiaomi.hm.health.healthdata.viewmodel.StatisticsMonthAndWeekViewModel']
09-01 14:33:20.922 D/[Koin]  (10274): +- get 'com.xiaomi.hm.health.healthdata.repository.NapAndSleepStatisticsRepo'
09-01 14:33:20.922 D/[Koin]  (10274): | create instance for [type:Factory,scope:'health_data', primary_type:'com.xiaomi.hm.health.healthdata.repository.NapAndSleepStatisticsRepo']
09-01 14:33:20.922 D/[Koin]  (10274): +- get 'com.xiaomi.hm.health.healthdata.helper.AppExecutors'
09-01 14:33:20.922 D/[Koin]  (10274): | create instance for [type:Factory,scope:'health_data', primary_type:'com.xiaomi.hm.health.healthdata.helper.AppExecutors']
09-01 14:33:20.922 D/[Koin]  (10274): +- got 'com.xiaomi.hm.health.healthdata.helper.AppExecutors' in 0.114687 ms
09-01 14:33:20.922 D/[Koin]  (10274): +- get 'com.xiaomi.hm.health.healthdata.db.NapSleepDataDb'
09-01 14:33:20.922 D/[Koin]  (10274): | create instance for [type:Factory,scope:'health_data', primary_type:'com.xiaomi.hm.health.healthdata.db.NapSleepDataDb']
09-01 14:33:20.922 D/[Koin]  (10274): +- get 'android.content.Context'
09-01 14:33:20.922 D/[Koin]  (10274): +- got 'android.content.Context' in 0.018021 ms
09-01 14:33:20.923 D/[Koin]  (10274): +- got 'com.xiaomi.hm.health.healthdata.db.NapSleepDataDb' in 0.587864 ms
09-01 14:33:20.923 D/[Koin]  (10274): +- get 'com.xiaomi.hm.health.healthdata.api.NapSleepWebApi'
09-01 14:33:20.923 D/[Koin]  (10274): +- got 'com.xiaomi.hm.health.healthdata.api.NapSleepWebApi' in 0.035104 ms
09-01 14:33:20.923 D/[Koin]  (10274): +- got 'com.xiaomi.hm.health.healthdata.repository.NapAndSleepStatisticsRepo' in 0.976823 ms
09-01 14:33:20.923 D/[Koin]  (10274): +- got 'com.xiaomi.hm.health.healthdata.viewmodel.StatisticsMonthAndWeekViewModel' in 1.192657 ms
09-01 14:33:20.923 D/[Koin]  (10274): !- ViewModelProvider got instance in 1.313125
09-01 14:33:20.935 D/[Koin]  (10274): !- ViewModelProvider getting instance
09-01 14:33:20.935 D/[Koin]  (10274): +- get 'com.xiaomi.hm.health.healthdata.viewmodel.NapSleepYearViewModel'
09-01 14:33:20.935 D/[Koin]  (10274): | create instance for [type:Factory,primary_type:'com.xiaomi.hm.health.healthdata.viewmodel.NapSleepYearViewModel']
09-01 14:33:20.936 D/[Koin]  (10274): +- get 'com.xiaomi.hm.health.healthdata.repository.NapSleepStatisticsRepo'
09-01 14:33:20.936 D/[Koin]  (10274): | create instance for [type:Factory,scope:'health_data', primary_type:'com.xiaomi.hm.health.healthdata.repository.NapSleepStatisticsRepo']
09-01 14:33:20.936 D/[Koin]  (10274): +- get 'com.xiaomi.hm.health.healthdata.helper.AppExecutors'
09-01 14:33:20.936 D/[Koin]  (10274): | create instance for [type:Factory,scope:'health_data', primary_type:'com.xiaomi.hm.health.healthdata.helper.AppExecutors']
09-01 14:33:20.936 D/[Koin]  (10274): +- got 'com.xiaomi.hm.health.healthdata.helper.AppExecutors' in 0.078542 ms
09-01 14:33:20.936 D/[Koin]  (10274): +- get 'com.xiaomi.hm.health.healthdata.db.NapSleepDataDb'
09-01 14:33:20.936 D/[Koin]  (10274): | create instance for [type:Factory,scope:'health_data', primary_type:'com.xiaomi.hm.health.healthdata.db.NapSleepDataDb']
09-01 14:33:20.936 D/[Koin]  (10274): +- get 'android.content.Context'
09-01 14:33:20.936 D/[Koin]  (10274): +- got 'android.content.Context' in 0.012292 ms
09-01 14:33:20.936 D/[Koin]  (10274): +- got 'com.xiaomi.hm.health.healthdata.db.NapSleepDataDb' in 0.36224 ms
09-01 14:33:20.936 D/[Koin]  (10274): +- get 'com.xiaomi.hm.health.healthdata.api.NapSleepWebApi'
09-01 14:33:20.936 D/[Koin]  (10274): +- got 'com.xiaomi.hm.health.healthdata.api.NapSleepWebApi' in 0.016771 ms
09-01 14:33:20.936 D/[Koin]  (10274): +- got 'com.xiaomi.hm.health.healthdata.repository.NapSleepStatisticsRepo' in 0.621927 ms
09-01 14:33:20.936 D/[Koin]  (10274): +- got 'com.xiaomi.hm.health.healthdata.viewmodel.NapSleepYearViewModel' in 0.839947 ms
09-01 14:33:20.936 D/[Koin]  (10274): !- ViewModelProvider got instance in 0.952448
09-01 14:33:20.937 I/appium  (10226): channel read invoked!
09-01 14:33:20.937 I/appium  (10226): channel read: POST /wd/hub/session/3b8c72a3-7a5f-4eee-8121-946476795ec0/element
09-01 14:33:20.938 I/appium  (10226): Find element command using 'xpath' with selector '//*[@resource-id='com.xiaomi.hm.health:id/container']/android.widget.FrameLayout/android.widget.LinearLayout/android.widget.TextView'.
09-01 14:33:20.938 I/appium  (10226): Waiting up to 10000ms for device to be idle
09-01 14:33:20.951 W/AsyncHttpResponse(10274): Current thread has not called Looper.prepare().Forcing synchronous mode
09-01 14:33:20.956 I/chatty  ( 8588): uid=1002(bluetooth) BT Service Call expire 157 lines
09-01 14:33:21.007 V/AsyncHttpResponse(10274): Progress 679 from 679 (100%)
09-01 14:33:21.127 I/chatty  (19843): uid=1002 bluetooth@1.0-s expire 3 lines
09-01 14:33:21.161 I/chatty  (19843): uid=1002(bluetooth) POSIX timer 7 expire 1 line
09-01 14:33:21.230 I/chatty  ( 8588): uid=1002(bluetooth) BT Service Call expire 158 lines
09-01 14:33:21.232 I/chatty  ( 8588): uid=1002(bluetooth) btu message loo expire 182 lines
09-01 14:33:21.466 I/chatty  ( 8588): uid=1002(bluetooth) BT Service Call expire 333 lines
09-01 14:33:21.713 I/chatty  ( 8588): uid=1002(bluetooth) btu message loo expire 172 lines
09-01 14:33:21.934 I/appium  (10226): AppiumResponse: {"sessionId":"3b8c72a3-7a5f-4eee-8121-946476795ec0","value":{"ELEMENT":"797b71cd-f051-453f-b5cb-3191fa28dba2","element-6066-11e4-a52e-4f735466cecf":"797b71cd-f051-453f-b5cb-3191fa28dba2"}}
09-01 14:33:21.944 I/appium  (10226): channel read invoked!
09-01 14:33:21.944 I/appium  (10226): channel read: GET /wd/hub/session/3b8c72a3-7a5f-4eee-8121-946476795ec0/element/797b71cd-f051-453f-b5cb-3191fa28dba2/attribute/text
09-01 14:33:21.944 I/appium  (10226): get attribute of element command
09-01 14:33:21.949 I/appium  (10226): AppiumResponse: {"sessionId":"3b8c72a3-7a5f-4eee-8121-946476795ec0","value":"年睡眠统计"}
09-01 14:33:21.960 I/appium  (10226): channel read invoked!
09-01 14:33:21.960 I/appium  (10226): channel read: GET /wd/hub/session/3b8c72a3-7a5f-4eee-8121-946476795ec0/screenshot
09-01 14:33:21.961 I/appium  (10226): Capture screenshot command
09-01 14:33:21.975 I/chatty  ( 8588): uid=1002(bluetooth) BT Service Call expire 339 lines
09-01 14:33:22.096 I/hwservicemanager(  573): getTransport: Cannot find entry android.hardware.graphics.mapper@3.0::IMapper/default in either framework or device manifest.
09-01 14:33:22.097 W/Gralloc3(10638): mapper 3.x is not supported
09-01 14:33:22.100 W/screencap(10638): type=1400 audit(0.0:63939): avc: denied { search } for name="kgsl" dev="sysfs" ino=55624 scontext=u:r:shell:s0 tcontext=u:object_r:sysfs_kgsl:s0 tclass=dir permissive=0
09-01 14:33:22.108 W/AdrenoUtils(10638): <ReadGpuID_from_sysfs:194>: Failed to open /sys/class/kgsl/kgsl-3d0/gpu_model
09-01 14:33:22.108 W/AdrenoUtils(10638): <ReadGpuID:218>: Failed to read chip ID from gpu_model. Fallback to use the GSL path
09-01 14:33:22.247 I/chatty  ( 8588): uid=1002(bluetooth) btu message loo expire 86 lines
09-01 14:33:22.362 I/appium  (10226): AppiumResponse: {"sessionId":"3b8c72a3-7a5f-4eee-8121-946476795ec0","value":"iVBORw0KGgoAAAANSUhEUgAABDgAAAkkCAYAAAD508+vAAAAAXNSR0IArs4c6QAAAARzQklUCAgI\nCHwIZIgAACAASURBVHic7N13fFv1vT\/+1zk6WpY1bHnF2QlZZJKQCQGSEEICCSNQVhktbWmB3ksp\nLbftve3v3q7b2w2lFFq+QFtmGSFhhZlABmQnZA9Ctrcty5YsSzrn98fRkXQs2ZYteUh5PR8PiH2k\nc...
09-01 14:33:22.383 D/NetworkController.MobileSignalController(1)(29730): 4G level = 5
09-01 14:33:22.418 I/chatty  (19843): uid=1002 bluetooth@1.0-s expire 6 lines
09-01 14:33:22.499 I/appium  (10226): channel read invoked!
09-01 14:33:22.499 I/appium  (10226): channel read: POST /wd/hub/session/3b8c72a3-7a5f-4eee-8121-946476795ec0/element
09-01 14:33:22.501 I/appium  (10226): Find element command using 'id' with selector 'com.xiaomi.hm.health:id/common_title_left_image'.
09-01 14:33:22.501 I/appium  (10226): Waiting up to 10000ms for device to be idle
09-01 14:33:22.515 I/appium  (10226): AppiumResponse: {"sessionId":"3b8c72a3-7a5f-4eee-8121-946476795ec0","value":{"ELEMENT":"0d40b125-744b-4330-aee1-d2346dad0ece","element-6066-11e4-a52e-4f735466cecf":"0d40b125-744b-4330-aee1-d2346dad0ece"}}
09-01 14:33:22.532 I/appium  (10226): channel read invoked!
09-01 14:33:22.533 I/appium  (10226): channel read: POST /wd/hub/session/3b8c72a3-7a5f-4eee-8121-946476795ec0/element/0d40b125-744b-4330-aee1-d2346dad0ece/click
09-01 14:33:22.534 I/appium  (10226): Click element command
09-01 14:33:22.534 I/chatty  ( 8588): uid=1002(bluetooth) BT Service Call expire 127 lines
09-01 14:33:22.536 I/chatty  ( 8588): uid=1002(bluetooth) btu message loo expire 91 lines
09-01 14:33:22.564 D/ActivityTrigger( 1639): ActivityTrigger activityPauseTrigger 
--------- beginning of system
09-01 14:33:22.571 D/WindowManager( 1639): Input focus has changed to null
09-01 14:33:22.575 I/appium  (10226): Waiting up to 10000ms for device to be idle
09-01 14:33:22.576 I/appium  (10226): AppiumResponse: {"sessionId":"3b8c72a3-7a5f-4eee-8121-946476795ec0","value":null}
09-01 14:33:22.578 I/Timeline( 1639): Timeline: App_transition_ready time:211568595
09-01 14:33:22.580 W/memtrack@1.0-se(  787): type=1400 audit(0.0:63940): avc: denied { search } for name="kgsl" dev="sysfs" ino=55624 scontext=u:r:hal_memtrack_default:s0 tcontext=u:object_r:sysfs_kgsl:s0 tclass=dir permissive=0
09-01 14:33:22.580 W/memtrack@1.0-se(  787): type=1400 audit(0.0:63941): avc: denied { search } for name="kgsl" dev="sysfs" ino=55624 scontext=u:r:hal_memtrack_default:s0 tcontext=u:object_r:sysfs_kgsl:s0 tclass=dir permissive=0
09-01 14:33:22.594 I/appium  (10226): channel read invoked!
09-01 14:33:22.594 I/appium  (10226): channel read: DELETE /wd/hub/session/3b8c72a3-7a5f-4eee-8121-946476795ec0
09-01 14:33:22.595 I/appium  (10226): Delete session command
09-01 14:33:22.597 I/appium  (10226): Stopping uiautomator2 io.appium.uiautomator2.http io.appium.uiautomator2.server
09-01 14:33:22.597 D/RecentsImpl( 7676): mActivityStateObserver com.xiaomi.hm.health.activity.StatusDetailActivity
09-01 14:33:22.599 I/appium  (10226): AppiumResponse: {"sessionId":"3b8c72a3-7a5f-4eee-8121-946476795ec0","value":null}
09-01 14:33:22.600 I/Timeline( 1639): Timeline: App_transition_ready time:211568617
09-01 14:33:22.601 D/WindowManager( 1639): Input focus has changed to Window{643224a u0 com.xiaomi.hm.health/com.xiaomi.hm.health.activity.StatusDetailActivity}
09-01 14:33:22.600 W/memtrack@1.0-se(  787): type=1400 audit(0.0:63942): avc: denied { search } for name="kgsl" dev="sysfs" ino=55624 scontext=u:r:hal_memtrack_default:s0 tcontext=u:object_r:sysfs_kgsl:s0 tclass=dir permissive=0
09-01 14:33:22.600 W/memtrack@1.0-se(  787): type=1400 audit(0.0:63943): avc: denied { search } for name="kgsl" dev="sysfs" ino=55624 scontext=u:r:hal_memtrack_default:s0 tcontext=u:object_r:sysfs_kgsl:s0 tclass=dir permissive=0
09-01 14:33:22.630 I/Timeline( 1639): Timeline: App_transition_ready time:211568647
09-01 14:33:22.649 W/AsyncHttpResponse(10274): Current thread has not called Looper.prepare().Forcing synchronous mode
09-01 14:33:22.664 I/ActivityManager( 1639): Force stopping com.xiaomi.hm.health appid=10241 user=0: from process:10663
09-01 14:33:22.664 I/ActivityManager( 1639): Killing 10274:com.xiaomi.hm.health/u0a241 (adj 0): stop com.xiaomi.hm.health: from process:10663
09-01 14:33:22.666 I/hwservicemanager(  573): getTransport: Cannot find entry vendor.qti.hardware.servicetracker@1.0::IServicetracker/default in either framework or device manifest.
09-01 14:33:22.667 I/ProcessManager( 1639): remove no clear notification:StatusBarNotification(pkg=com.xiaomi.hm.health user=UserHandle{0} id=4 tag=null key=0|com.xiaomi.hm.health|4|null|10241: Notification(channel=O000Oo0 pri=0 contentView=null vibrate=null sound=null defaults=0x0 flags=0x62 color=0xffff5a00 vis=PRIVATE))
09-01 14:33:22.670 I/AutoStartManagerService( 1639): MIUILOG- Reject RestartService packageName :com.xiaomi.hm.health uid : 10241
09-01 14:33:22.668 I/chatty  (  573): uid=1000(system) hwservicemanage identical 1 line
09-01 14:33:22.669 I/hwservicemanager(  573): getTransport: Cannot find entry vendor.qti.hardware.servicetracker@1.0::IServicetracker/default in either framework or device manifest.
09-01 14:33:22.670 W/PushService( 5479): 2020-08-31 23:33:22,670 - [WARN::PushService] - GROUPSUMMARY  : 0onNotificationRemovedcom.xiaomi.hm.health
09-01 14:33:22.672 I/hwservicemanager(  573): getTransport: Cannot find entry vendor.qti.hardware.servicetracker@1.0::IServicetracker/default in either framework or device manifest.
09-01 14:33:22.672 W/ActivityTaskManager( 1639): Force removing ActivityRecord{f185c25 u0 com.xiaomi.hm.health/.healthdata.ui.sleep.sleephome.SleepHomeActivity t486 f}: app died, no saved state
09-01 14:33:22.673 W/PushService( 5479): 2020-08-31 23:33:22,673 - [WARN::PushService] - GROUPSUMMARY  : 0onNotificationRemovedcom.xiaomi.hm.health
09-01 14:33:22.673 W/WindowManager( 1639): AppToken= AppWindowToken{5b223ab token=Token{310b1fa ActivityRecord{f185c25 u0 com.xiaomi.hm.health/.healthdata.ui.sleep.sleephome.SleepHomeActivity t486}}} mIsExiting=is animating, remove from display after animation done.
09-01 14:33:22.673 W/ActivityTaskManager( 1639): Force removing ActivityRecord{e6ae8f9 u0 com.xiaomi.hm.health/.activity.StatusDetailActivity t486 f}: app died, no saved state
09-01 14:33:22.674 W/WindowManager( 1639): AppToken= AppWindowToken{d6d6e9f token=Token{17403e ActivityRecord{e6ae8f9 u0 com.xiaomi.hm.health/.activity.StatusDetailActivity t486}}} mIsExiting=is animating, remove from display after animation done.
09-01 14:33:22.674 W/ActivityTaskManager( 1639): Force removing ActivityRecord{57c2593 u0 com.xiaomi.hm.health/.activity.MainTabActivity t486 f}: app died, no saved state
09-01 14:33:22.675 D/IMReply:Notif(22367): onNotificationPosted onNotificationRemoved sbn = 4
09-01 14:33:22.675 D/WindowManager( 1639): Input focus has changed to null
09-01 14:33:22.676 D/StatusBar(29730): onNotificationRemoved key=0|com.xiaomi.hm.health|4|null|10241 reason=8
09-01 14:33:22.681 I/Timeline( 1639): Timeline: App_transition_ready time:211568698
09-01 14:33:22.682 D/PowerKeeper( 6417): PerfEngineController:ForegroundInfo{mForegroundPackageName='com.miui.home', mForegroundUid=10090, mForegroundPid=7676, mLastForegroundPackageName='com.xiaomi.hm.health', mLastForegroundUid=10241, mLastForegroundPid=10274, mMultiWindowForegroundPackageName='null', mMultiWindowForegroundUid=-1, mFlags=0}
09-01 14:33:22.683 I/set_top_app( 1639): success /proc/7676/top_app:1
09-01 14:33:22.683 D/ProcessObserver( 6417): onScreenAppChanged, FgUid: 10090, FgPackageName: com.miui.home
09-01 14:33:22.683 D/ProcessObserver( 6417): onScreenAppChanged, PreTaskUid: 10241, PreTaskPackageName: com.xiaomi.hm.health
09-01 14:33:22.683 D/ProcessObserver( 6417): Uid: 10090 Foreground
09-01 14:33:22.683 I/set_top_app( 1639): success /proc/13261/top_app:2
09-01 14:33:22.684 D/StatusBar(29730): removeNotification StatusBarNotification(pkg=com.xiaomi.hm.health user=UserHandle{0} id=4 tag=null key=0|com.xiaomi.hm.health|4|null|10241: Notification(channel=O000Oo0 pri=0 contentView=null vibrate=null sound=null defaults=0x0 flags=0x62 color=0xffff5a00 vis=PRIVATE))
09-01 14:33:22.684 D/StatusBar(29730):     pkgName=com.xiaomi.hm.health appUid=10241 sdk=29 imp=2 sysApp=F priApp=F hasShown=F float=F keyguard=F peek=F fullscreen=F
09-01 14:33:22.684 D/StatusBar(29730):     showMiuiAction=F enableFloat=T enableKeyguard=T floatTime=5000 messageCount=1 persistent=F customHeight=F
09-01 14:33:22.684 D/StatusBar(29730): update app badge num: com.xiaomi.hm.health/,num=0,isAllowed=false,userId=0
09-01 14:33:22.684 I/ProcessMonitor( 5237): onForegroundInfoChanged: ForegroundInfo{mForegroundPackageName='com.miui.home', mForegroundUid=10090, mForegroundPid=7676, mLastForegroundPackageName='com.xiaomi.hm.health', mLastForegroundUid=10241, mLastForegroundPid=10274, mMultiWindowForegroundPackageName='null', mMultiWindowForegroundUid=-1, mFlags=0}
09-01 14:33:22.684 I/GameBoosterService( 5237): onForegroundInfoChanged: Cur=com.miui.home	 last=com.xiaomi.hm.health
09-01 14:33:22.684 D/PowerKeeper( 6417): PowerStateMachine:Enter power state id=3 name=home
09-01 14:33:22.685 I/octvm_power( 3400): power mode [home] start 1598942002
09-01 14:33:22.685 I/octvm_drv( 3400): common drv: get_current_battery_uAh will return 0
09-01 14:33:22.685 I/octvm_power( 3400): Action: set_bcbc_cust_state(disable) for [foreground_change]
09-01 14:33:22.686 I/MiuiNetworkPolicy( 1639): removeUidState uid = 10241
09-01 14:33:22.686 V/UidProcStateHelper( 1639): foreground changed:[7676,10090,true]
09-01 14:33:22.686 I/MiuiNetworkPolicy( 1639): updateWmmForUidState uid: 10241 state: 20 wmm: 0
09-01 14:33:22.686 D/GameBoosterService( 5237): onGameStatusChange foreground:ForegroundInfo{mForegroundPackageName='com.miui.home', mForegroundUid=10090, mForegroundPid=7676, mLastForegroundPackageName='com.xiaomi.hm.health', mLastForegroundUid=10241, mLastForegroundPid=10274, mMultiWindowForegroundPackageName='null', mMultiWindowForegroundUid=-1, mFlags=0}
09-01 14:33:22.686 I/GameBoosterService( 5237): onForegroundInfoChanged: Exit
09-01 14:33:22.686 V/UidProcStateHelper( 1639): process died:[10274,10241]
09-01 14:33:22.686 I/VideoBoxUtils( 5237): isSupportVideoBox: false
09-01 14:33:22.686 D/PowerCheckerService( 6417): updateForFgUidChangedLocked, mScreenOn = true uid = 10090 foreground = true
09-01 14:33:22.686 I/chatty  ( 8588): uid=1002(bluetooth) BluetoothScanMa expire 11 lines
09-01 14:33:22.686 I/VideoToolBoxService( 5237): onForegroundInfoChanged: Exit Vtb
09-01 14:33:22.686 D/ProcessObserver( 6417): onForegroundActivitiesChanged, pid: 7676 uid: 10090 foregroundActivities: true
09-01 14:33:22.686 D/AppActiveChecker( 6417): updateDownloadStateForFgUidChangedLocked, mScreenOn = true uid = 10090 foreground = true
09-01 14:33:22.686 D/ProcessObserver( 6417): Uid: 10241 Background
09-01 14:33:22.686 D/AppActiveChecker( 6417): updateAppActiveStateForUidLocked, uid = 10090 appActiveState = 0
09-01 14:33:22.686 I/Timeline( 1639): Timeline: App_transition_ready time:211568703
09-01 14:33:22.686 D/DeviceIdleAppRuleChecker( 6417): updateStateForInteractiveUidChangedLocked: uid = 10090 foreground = true
09-01 14:33:22.686 D/KillProcessAppRuleChecker( 6417): updateStateForInteractiveUidChangedLocked: uid = 10090 foreground = true
09-01 14:33:22.686 D/HideModeStateMachine( 6417): updateForForegroundUidChangedLocked: uid = 10090 foreground = true
09-01 14:33:22.686 D/ProcessObserver( 6417): Uid: 10241 foreground service removed 
09-01 14:33:22.686 D/OemNetd (  679): updateWmm: uid=10241, wmm=0
09-01 14:33:22.686 I/HideModeStateMachine( 6417): Uid: 10090 State: inactive_level_1st |-> setForegroundActive
09-01 14:33:22.686 I/HideModeStateMachine( 6417): Uid: 10090 State: inactive_level_1st Feature: location |-> setSubStateForegroundActive
09-01 14:33:22.686 I/HideModeStateMachine( 6417): Uid: 10090 State: inactive_level_1st Feature: sensor |-> setSubStateForegroundActive
09-01 14:33:22.686 I/HideModeStateMachine( 6417): Uid: 10090 State: inactive_level_1st Feature: appIdle |-> setSubStateForegroundActive
09-01 14:33:22.687 I/HideModeStateMachine( 6417): Uid: 10090 State: active |-> setForegroundActive
09-01 14:33:22.687 D/ActiveStateController( 6417): updateStateForFgUidChangedLocked: uid = 10090 foreground = true
09-01 14:33:22.689 D/OemNetd (  679): whiteListUid: uid=10241, wmm=del
09-01 14:33:22.689 D/PowerChecker.BaStats( 6417): uid = 10090, uidForeground = true, lastBytes = 39165, curBytes = 39165, deltaBytes = 0
09-01 14:33:22.689 D/PowerCheckerService( 6417): updateForFgUidChangedLocked, mScreenOn = true uid = 10241 foreground = false
09-01 14:33:22.690 D/PowerChecker.BaStats( 6417): uid = 10241, uidForeground = false, lastBytes = 71015394, curBytes = 71620091, deltaBytes = 604697
09-01 14:33:22.691 I/chatty  (19843): uid=1002 bluetooth@1.0-s expire 1 line
09-01 14:33:22.691 I/Timeline( 1639): Timeline: App_transition_ready time:211568708
09-01 14:33:22.692 D/DisplayFeatureHal(  825): setFeatureEnable(displayId=0 caseId=18 modeId=0 cookie=0)
09-01 14:33:22.692 D/DisplayFeatureHal(  825): current wcg state 0, setting to 0
09-01 14:33:22.692 D/DisplayFeatureHal(  825): notifySFWcgState enable = 0
09-01 14:33:22.694 I/SDM     (  784): CoreInterface::SetWCGStatus: SetWCGStatus wcg enable 0
09-01 14:33:22.694 D/DisplayFeatureHal(  825): notifyQservice cmd 48 value 0 ret 0
09-01 14:33:22.695 I/octvm_drv_xm( 3400): platform_set_bcbc_cust_state disable success
09-01 14:33:22.695 I/octvm_power( 3400): Action: set_dfps_cust_state(disable) for [foreground_change]
09-01 14:33:22.695 I/octvm_drv( 3400): common drv: platform_set_dfps_cust_state -> platform not support
09-01 14:33:22.695 I/octvm_power( 3400): Action: set_lcd_mode(default) for [foreground_change]
09-01 14:33:22.696 D/DisplayFeatureHal(  825): HandleBCBCCustom  enable:0
09-01 14:33:22.696 W/ActivityManager( 1639): Sending non-protected broadcast android.intent.action.APPLICATION_MESSAGE_UPDATE from system 29730:com.android.systemui/1000 pkg com.android.systemui. Callers=
09-01 14:33:22.697 D/Launcher.Lifecycle( 7676): onStart:UserHandle{0},93e149d,false
09-01 14:33:22.698 I/RenderThread( 7676): RenderThread resumed
09-01 14:33:22.698 D/ScreenElementRoot( 7676): resume
09-01 14:33:22.698 I/MiuiNetworkPolicy( 1639): updateMLUid uid:10241,old:2,new:20
09-01 14:33:22.698 I/MiuiNetworkPolicy( 1639): isMLEnabled state:2,uid:10241,connect:DISCONNECTED
09-01 14:33:22.698 I/MiuiNetworkPolicy( 1639): isMLEnabled state:20,uid:10241,connect:DISCONNECTED
09-01 14:33:22.698 I/CloudSettingsProvider(22222): uriMatch : 2
09-01 14:33:22.698 I/MiuiNetworkPolicy( 1639): updateUidState uid = 10121, uidState = 4
09-01 14:33:22.698 D/OemNetd (  679): whiteListUid: uid=10121, wmm=add
09-01 14:33:22.699 I/MiuiNetworkPolicy( 1639): updateMLUid uid:10121,old:6,new:4
09-01 14:33:22.699 I/MiuiNetworkPolicy( 1639): isMLEnabled state:6,uid:10121,connect:DISCONNECTED
09-01 14:33:22.699 I/MiuiNetworkPolicy( 1639): isMLEnabled state:4,uid:10121,connect:DISCONNECTED
09-01 14:33:22.699 I/MiuiNetworkPolicy( 1639): updateUidState uid = 10090, uidState = 2
09-01 14:33:22.699 I/MiuiNetworkPolicy( 1639): updateWmmForUidState uid: 10090 state: 2 wmm: 1
09-01 14:33:22.699 D/StackScroller(29730): applyCurrentState
09-01 14:33:22.699 D/OemNetd (  679): updateWmm: uid=10090, wmm=1
09-01 14:33:22.699 I/hwservicemanager(  573): getTransport: Cannot find entry vendor.qti.hardware.servicetracker@1.0::IServicetracker/default in either framework or device manifest.
09-01 14:33:22.700 D/OemNetd (  679): whiteListUid: uid=10090, wmm=add
09-01 14:33:22.701 I/MiuiNetworkPolicy( 1639): updateMLUid uid:10090,old:6,new:2
09-01 14:33:22.701 I/MiuiNetworkPolicy( 1639): isMLEnabled state:6,uid:10090,connect:DISCONNECTED
09-01 14:33:22.701 I/MiuiNetworkPolicy( 1639): isMLEnabled state:2,uid:10090,connect:DISCONNECTED
09-01 14:33:22.703 D/AppActiveChecker( 6417): updateDownloadStateForFgUidChangedLocked, mScreenOn = true uid = 10241 foreground = false
09-01 14:33:22.703 D/DisplayFeatureHal(  825): setFeatureEnable(displayId=0 caseId=7 modeId=1 cookie=0)
09-01 14:33:22.703 D/DisplayFeatureHal(  825): current wcg state 0, setting to 0
09-01 14:33:22.703 D/DisplayFeatureHal(  825): notifySFWcgState enable = 0
09-01 14:33:22.703 D/EventBus(29730): [29730, u0] send(AppTransitionFinishedEvent)
09-01 14:33:22.703 D/EventBus(29730): [29730, u0]  -> ForcedResizableInfoActivityController [0xc4c1163, P1] onBusEvent(AppTransitionFinishedEvent)
09-01 14:33:22.704 D/EventBus(29730): [29730, u0] onBusEvent(AppTransitionFinishedEvent) duration: 16 microseconds, avg: 36
09-01 14:33:22.704 D/AppActiveChecker( 6417): sendMessageDelayed: uid = 10241 delayMillis = 180000 elapsedRealtime = 595924033
09-01 14:33:22.704 D/AppActiveChecker( 6417): updateAppActiveStateForUidLocked, uid = 10241 appActiveState = 0
09-01 14:33:22.704 D/DeviceIdleAppRuleChecker( 6417): updateStateForInteractiveUidChangedLocked: uid = 10241 foreground = false
09-01 14:33:22.704 D/KillProcessAppRuleChecker( 6417): updateStateForInteractiveUidChangedLocked: uid = 10241 foreground = false
09-01 14:33:22.704 D/HideModeStateMachine( 6417): updateForForegroundUidChangedLocked: uid = 10241 foreground = false
09-01 14:33:22.704 I/HideModeStateMachine( 6417): Uid: 10241 State: inactive_level_1st |-> startRun
09-01 14:33:22.704 I/HideModeStateMachine( 6417): Uid: 10241 State: inactive_level_1st Feature: location |-> startRun
09-01 14:33:22.704 I/HideModeStateMachine( 6417): Uid: 10241 State: inactive_level_1st Feature: location |-> setActive
09-01 14:33:22.704 I/SDM     (  784): CoreInterface::SetWCGStatus: SetWCGStatus wcg enable 0
09-01 14:33:22.704 I/HideModeStateMachine( 6417): Uid: 10241 State: inactive_level_1st Feature: sensor |-> startRun
09-01 14:33:22.704 I/HideModeStateMachine( 6417): Uid: 10241 State: inactive_level_1st Feature: sensor |-> setActive
09-01 14:33:22.704 I/HideModeStateMachine( 6417): Uid: 10241 State: inactive_level_1st Feature: appIdle |-> startRun
09-01 14:33:22.704 I/HideModeStateMachine( 6417): Uid: 10241 State: inactive_level_1st Feature: appIdle |-> setActive
09-01 14:33:22.704 D/ActiveStateController( 6417): updateStateForFgUidChangedLocked: uid = 10241 foreground = false
09-01 14:33:22.704 D/ActiveStateController( 6417): updateRuleForUidLocked, uid = 10241 property = 32
09-01 14:33:22.704 D/DisplayFeatureHal(  825): notifyQservice cmd 48 value 0 ret 0
09-01 14:33:22.704 I/octvm_drv_xm( 3400): platform_set_lcd_mode default(1) success
09-01 14:33:22.704 I/octvm_power( 3400): Action: set_thermal_config(restore) for [foreground_change]
09-01 14:33:22.704 D/PowerKeeperConfigureProvider( 6417): appActiveTable insert 578
09-01 14:33:22.705 I/octvm_drv( 3400): platform_set_thermal_mode cur_global_config:[], target mode:[restore], profile=0, ret=0
09-01 14:33:22.705 I/octvm_drv( 3400): common drv: get_current_battery_uAh will return 0
09-01 14:33:22.705 I/octvm_power( 3400): onPowerModeChanged[home] called
09-01 14:33:22.705 D/DisplayFeatureHal(  825): HandleCabcModeCustom enter 1 0
09-01 14:33:22.705 W/DisplayFeatureHal(  825): ---skip setting acl feature currently, return!
09-01 14:33:22.705 D/DisplayFeatureHal(  825): HandleCabcModeCustom exit 0x1000
09-01 14:33:22.706 I/Timeline( 1639): Timeline: App_transition_ready time:211568723
09-01 14:33:22.708 I/NotifierManager( 7676): onRegister: miui.maml.NotifierManager$MultiBroadcastNotifier@bb30fa3
09-01 14:33:22.709 D/ScreenElementRoot( 7676): resume
09-01 14:33:22.710 D/ActivityUtils(22367): packageNameComponentInfo{com.miui.home/com.miui.home.launcher.Launcher}
09-01 14:33:22.712 D/Launcher.Lifecycle( 7676): onResume:UserHandle{0},93e149d,false
09-01 14:33:22.713 D/Launcher.XOutUtils( 7676): canRecommendScreenShow, isShowXout=false
09-01 14:33:22.714 D/Launcher.RecommendController( 7676): don't request, because recommend screen can't show
09-01 14:33:22.714 D/Launcher.RecommendController( 7676): folder display and try to request recommend list
09-01 14:33:22.714 D/HideModeStateMachine( 6417): updateForForegroundServiceUidChangedLocked: uid = 10241 foreground = false
09-01 14:33:22.714 D/ActiveStateController( 6417): updateStateForUidActiveChangedLocked, uid: 10241 active: false
09-01 14:33:22.714 D/ActiveStateController( 6417): updateRuleForUidLocked, uid = 10241 property = 0
09-01 14:33:22.714 E/PhoneInterfaceManager( 2698): [PhoneIntfMgr] getCarrierPackageNamesForIntent: No UICC
09-01 14:33:22.714 D/StatusBarClockController( 7676): show status bar clock
09-01 14:33:22.715 D/CarrierSvcBindHelper( 2698): No carrier app for: 0
09-01 14:33:22.715 D/PowerKeeperConfigureProvider( 6417): appActiveTable insert 579
09-01 14:33:22.719 D/Layer   (  881): ---setAlpha Launcher=1.000000
09-01 14:33:22.719 I/Timeline( 1639): Timeline: App_transition_ready time:211568736
09-01 14:33:22.719 D/CarrierSvcBindHelper( 2698): No carrier app for: 1
09-01 14:33:22.719 D/WindowManager( 1639): Input focus has changed to Window{fa1ce05 u0 com.miui.home/com.miui.home.launcher.Launcher}
09-01 14:33:22.723 D/Layer   (  881): ---setAlpha Launcher=1.000000
09-01 14:33:22.724 I/CloudSettingsProvider(22222): uriMatch : 2
09-01 14:33:22.724 D/Layer   (  881): ---setAlpha Launcher=1.000000
09-01 14:33:22.724 I/Timeline( 1639): Timeline: App_transition_ready time:211568741
09-01 14:33:22.724 D/StatusBar(29730): recevie broadbcast ACTION_APPLICATION_MESSAGE_QUERY, requestFirstTime=false
09-01 14:33:22.725 D/ActiveStateController( 6417): updateStateForUidActiveChangedLocked, uid: 10241 active: true
09-01 14:33:22.725 D/ActiveStateController( 6417): updateRuleForUidLocked, uid = 10241 property = 32
09-01 14:33:22.726 V/SettingsProvider( 1639): Notifying for 0: content://settings/secure/com.miui.newhome.preferences.key_tips_show_time
09-01 14:33:22.728 D/PowerKeeperConfigureProvider( 6417): appActiveTable insert 580
09-01 14:33:22.738 D/Layer   (  881): ---setAlpha Launcher=1.000000
09-01 14:33:22.740 D/ScreenView_MultiSeekBarIndicator( 7676): dispatchDraw:0
09-01 14:33:22.740 D/ScreenView_Workspace( 7676): dispatchDraw:1080
09-01 14:33:22.741 D/ScreenView_HotSeats( 7676): dispatchDraw:0
09-01 14:33:22.741 D/ScreenView_MinusOneScreenView( 7676): dispatchDraw:1080
09-01 14:33:22.743 D/RegisteredServicesCache( 4689):  Reading service state data always from file
09-01 14:33:22.744 D/RegisteredServicesCache( 4689): ServiceStateFileVersion=1.0
09-01 14:33:22.744 E/RegisteredServicesCache( 4689): Next Tag=services
09-01 14:33:22.744 E/RegisteredServicesCache( 4689): 1invalidateCache:WriteServiceStateToFile
09-01 14:33:22.744 E/RegisteredServicesCache( 4689):  Writing service state Data Always
09-01 14:33:22.753 D/BufferQueueLayer(  881): Launcher new frame Arrived
09-01 14:33:22.755 I/Launcher.ApplicationsMessage( 7676): onReceive false
09-01 14:33:22.755 I/Launcher.ApplicationsMessage( 7676): update com.xiaomi.hm.health/ to null
09-01 14:33:22.755 D/Launcher_WallpaperUtils( 7676): changeStatusBarMode:false
09-01 14:33:22.755 D/RecentsImpl( 7676): mActivityStateObserver com.miui.home.launcher.Launcher
09-01 14:33:22.755 D/Launcher.Lifecycle( 7676): onWindowFocusChanged:true,UserHandle{0},93e149d,false
09-01 14:33:22.755 D/Launcher_UnlockAnimationStateMachine( 7676): onWindowFocus:IDLE
09-01 14:33:22.756 D/Layer   (  881): ---setAlpha Launcher=1.000000
09-01 14:33:22.758 D/FeedSwipeController( 7676): touchState : 0 scrolling : false normalEditing : false WidgetThumbnailViewShowing : false UninstallDialogShowing : false isMinusScreenShowing: false
09-01 14:33:22.758 I/Timeline( 1639): Timeline: App_transition_ready time:211568775
09-01 14:33:22.758 E/RegisteredAidCache( 4689): updateRoutingLocked(): enter...
09-01 14:33:22.758 D/NfcService( 4689): defaultMifareCLTRoute : 315
09-01 14:33:22.758 D/RegisteredAidCache( 4689):  AID power stateB0693789675600247817route0
09-01 14:33:22.758 D/NfcService( 4689): defaultAidRoute : 315
09-01 14:33:22.759 D/NfcService( 4689): GetDefaultRouteLoc  :1
09-01 14:33:22.759 D/NfcService( 4689): defaultAidRoute : 315
09-01 14:33:22.759 D/NfcService( 4689): GetDefaultRouteLoc  :1
09-01 14:33:22.759 E/AidRoutingManager( 4689): Size of routing table970
09-01 14:33:22.759 E/RegisteredAidCache( 4689): updateRoutingLocked(): exit...
09-01 14:33:22.759 D/Layer   (  881): ---setAlpha Launcher=1.000000
09-01 14:33:22.759 D/RegisteredNfcFServicesCache( 4689): Service unchanged, not updating
09-01 14:33:22.759 D/MiWallpaper-MarsSuperWallpaper( 2503): Engine onOffsetsChanged super wallpaper-xOffset=1.0;yOffset=0.0;xOffsetStep=1.0;yOffsetStep=0.0;xPixelOffset=-1260;yPixelOffset=0
09-01 14:33:22.759 D/MiWallpaper-MarsSuperWallpaper( 2503): Engine onVisibilityChanged, visible: true mIsPreview = false
09-01 14:33:22.759 W/Unity   ( 2503): Not running Unity from an Activity; ignored...
09-01 14:33:22.759 D/MiWallpaper-MarsSuperWallpaper( 2503): unityResume
09-01 14:33:22.759 W/InputMethodManagerService( 1639): Got RemoteException sending setActive(false) notification to pid 10274 uid 10241
09-01 14:33:22.760 D/StatusBar(29730): disable<e i a s b h r c s > disable2<q i n g r >
09-01 14:33:22.761 D/AudioManager( 2503): getStreamVolume isRestricted mode = 0
09-01 14:33:22.761 I/SplashScreenServiceDelegate( 1639): None for com.miui.home
09-01 14:33:22.764 D/PhoneStatusBar/NavigationBarView(29730): setDisabledFlags back:false home:false recent:false
09-01 14:33:22.764 D/StatusBarClock(29730):  isNormalMode= true clock visible=true
09-01 14:33:22.768 V/SettingsProvider( 1639): Notifying for 0: content://settings/global/hidden_api_policy_pre_p_apps
09-01 14:33:22.772 D/PhoneStatusBar/NavigationBarView(29730): onDraw
09-01 14:33:22.777 W/RecentsModel( 7676): onTaskStackChangedBackground: start loading
09-01 14:33:22.778 W/RecentsModel( 7676): getTaskInfoIgnoreHomeAndSplit   taskInfo=ComponentInfo{com.android.settings/com.android.settings.MainSettings}
09-01 14:33:22.779 W/RecentsModel( 7676): getTaskInfoIgnoreHomeAndFreeform   taskInfo=ComponentInfo{com.android.settings/com.android.settings.MainSettings}
09-01 14:33:22.779 W/RecentsModel( 7676): getTaskInfoIgnoreFreeform   taskInfo=ComponentInfo{com.miui.home/com.miui.home.launcher.Launcher}
09-01 14:33:22.779 W/RecentsModel( 7676): onTaskStackChangedBackground: finishLoading loading
09-01 14:33:22.782 W/InputDispatcher( 1639): channel 'aa7f3c6 com.xiaomi.hm.health/com.xiaomi.hm.health.healthdata.ui.sleep.sleephome.SleepHomeActivity (server)' ~ Consumer closed input channel or an error occurred.  events=0x9
09-01 14:33:22.782 E/InputDispatcher( 1639): channel 'aa7f3c6 com.xiaomi.hm.health/com.xiaomi.hm.health.healthdata.ui.sleep.sleephome.SleepHomeActivity (server)' ~ Channel is unrecoverably broken and will be disposed!
09-01 14:33:22.782 W/InputDispatcher( 1639): channel '643224a com.xiaomi.hm.health/com.xiaomi.hm.health.activity.StatusDetailActivity (server)' ~ Consumer closed input channel or an error occurred.  events=0x9
09-01 14:33:22.782 E/InputDispatcher( 1639): channel '643224a com.xiaomi.hm.health/com.xiaomi.hm.health.activity.StatusDetailActivity (server)' ~ Channel is unrecoverably broken and will be disposed!
09-01 14:33:22.783 D/PowerKeeperPolicy( 1639): Binder is dead - unregistering client (BleScanWrapper[mClientIf = 18 mPendingIntent=null])! uid=10241
09-01 14:33:22.784 I/WindowManager( 1639): WIN DEATH: Window{aa7f3c6 u0 com.xiaomi.hm.health/com.xiaomi.hm.health.healthdata.ui.sleep.sleephome.SleepHomeActivity}
09-01 14:33:22.784 W/InputDispatcher( 1639): Attempted to unregister already unregistered input channel 'aa7f3c6 com.xiaomi.hm.health/com.xiaomi.hm.health.healthdata.ui.sleep.sleephome.SleepHomeActivity (server)'
09-01 14:33:22.784 I/chatty  ( 8588): uid=1002(bluetooth) Binder:8588_4 expire 2 lines
09-01 14:33:22.784 D/PowerKeeperPolicy( 1639): ForceStopLeScan, uid = 10241BleScanWrapper[mClientIf = 18 mPendingIntent=null]
09-01 14:33:22.785 I/libprocessgroup( 1639): Successfully killed process cgroup uid 10241 pid 10274 in 119ms
09-01 14:33:22.785 I/chatty  ( 8588): uid=1002(bluetooth) Binder:8588_2 expire 2 lines
09-01 14:33:22.785 I/Zygote  (  680): Process 10274 exited due to signal 9 (Killed)
09-01 14:33:22.785 I/WindowManager( 1639): WIN DEATH: Window{643224a u0 com.xiaomi.hm.health/com.xiaomi.hm.health.activity.StatusDetailActivity}
09-01 14:33:22.785 W/InputDispatcher( 1639): Attempted to unregister already unregistered input channel '643224a com.xiaomi.hm.health/com.xiaomi.hm.health.activity.StatusDetailActivity (server)'
09-01 14:33:22.786 W/ActivityManager( 1639): Sending non-protected broadcast android.bluetooth.ble.BLE_DEVICE_DISCONNECTED from system 8588:com.android.bluetooth/1002 pkg com.android.bluetooth. Callers=
09-01 14:33:22.788 D/CompatibilityInfo( 1639): mCompatibilityFlags - 0
09-01 14:33:22.788 D/CompatibilityInfo( 1639): applicationDensity - 440
09-01 14:33:22.788 D/CompatibilityInfo( 1639): applicationScale - 1.0
09-01 14:33:22.789 E/InputDispatcher( 1639): Window handle Window{643224a u0 com.xiaomi.hm.health/com.xiaomi.hm.health.activity.StatusDetailActivity} has no registered input channel
09-01 14:33:22.790 I/chatty  ( 3272): uid=1002(bluetooth) com.xiaomi.bluetooth expire 2 lines
09-01 14:33:22.791 W/Unity   ( 2503): Not running Unity from an Activity; ignored...
09-01 14:33:22.792 I/sensors-hal(  791): flush:209, android.sensor.accelerometer/56
09-01 14:33:22.792 D/FOD     (  881): Launcher Changed hasLauncher=1
09-01 14:33:22.794 I/sensors-hal(  791): flush:215, android.sensor.accelerometer/56 completed
09-01 14:33:22.794 I/sensors-hal(  791): batch:180, android.sensor.accelerometer/56, period=20000000, max_latency=0
09-01 14:33:22.796 I/sensors-hal(  791): batch:189, android.sensor.accelerometer/56, period=20000000, max_latency=0 request completed
09-01 14:33:22.799 I/chatty  ( 8588): uid=1002(bluetooth) BluetoothAvrcpH expire 118 lines
09-01 14:33:22.800 V/SettingsProvider( 1639): Notifying for 0: content://settings/global/hidden_api_policy_p_apps
09-01 14:33:22.801 V/MediaRouter( 2503): Selecting route: RouteInfo{ name=手机, description=null, status=null, category=RouteCategory{ name=系统 types=ROUTE_TYPE_LIVE_AUDIO ROUTE_TYPE_LIVE_VIDEO  groupable=false }, supportedTypes=ROUTE_TYPE_LIVE_AUDIO ROUTE_TYPE_LIVE_VIDEO , presentationDisplay=null }
09-01 14:33:22.805 E/InputDispatcher( 1639): Window handle Window{643224a u0 com.xiaomi.hm.health/com.xiaomi.hm.health.activity.StatusDetailActivity} has no registered input channel
09-01 14:33:22.805 D/APM_AudioPolicyManager(  849): startOutput portId 26
09-01 14:33:22.805 D/APM_AudioPolicyManager(  849): startOutput() output 13, stream 3, session 9
09-01 14:33:22.800 W/perf@2.0-servic(  809): type=1400 audit(0.0:63944): avc: denied { search } for name="771" dev="proc" ino=7088293 scontext=u:r:hal_perf_default:s0 tcontext=u:r:hal_audio_default:s0 tclass=dir permissive=0
09-01 14:33:22.800 W/perf@2.0-servic(  809): type=1400 audit(0.0:63945): avc: denied { search } for name="771" dev="proc" ino=7088293 scontext=u:r:hal_perf_default:s0 tcontext=u:r:hal_audio_default:s0 tclass=dir permissive=0
09-01 14:33:22.805 D/APM_AudioPolicyManager(  849): getNewOutputDevices selected devices {type:0x2,@:}
09-01 14:33:22.805 D/APM_AudioPolicyManager(  849): setOutputDevices device {type:0x2,@:} delayMs 0 force 0
09-01 14:33:22.805 D/APM_AudioPolicyManager(  849): setOutputDevices setting same device {type:0x2,@:} or null device, force=0, patch handle=4
09-01 14:33:22.805 V/AudioPolicyManagerCustom(  849): checkAndSetVolume() set volumeSource 4 volume index 3 for device 0x02
09-01 14:33:22.806 E/AudioFlinger(  849): open /proc/2503/cmdline error
09-01 14:33:22.806 I/AudioFlinger(  849): setAppName(), name=[], active=[1]
09-01 14:33:22.806 V/EffectMiSound(  771): MiSound_command() start, cmdCode=23
09-01 14:33:22.806 V/EffectMiSound(  771): MiSound_Command EFFECT_CMD_SET_APP_NAME: stream=3, name=+
09-01 14:33:22.808 D/AudioManager( 2503): getStreamVolume isRestricted mode = 0
09-01 14:33:22.809 E/volume_listener(  771): check_and_set_gain_dep_cal: Failed to set gain dep cal level
09-01 14:33:22.810 D/audio_hw_primary(  771): start_output_stream: enter: stream(0xe916a800)usecase(1: low-latency-playback) devices(0x2) is_haptic_usecase(0)
09-01 14:33:22.810 D/audio_hw_primary(  771): select_devices for use case (low-latency-playback)
09-01 14:33:22.811 I/msm8974_platform(  771): platform_check_and_set_codec_backend_cfg:becf: afe: bitwidth 24, samplerate 48000 channels 2, backend_idx 4 usecase = 1 device (speaker)
09-01 14:33:22.811 D/msm8974_platform(  771): platform_split_snd_device: snd_device(2) num devices(1) new_snd_devices(0)
09-01 14:33:22.811 I/msm8974_platform(  771): platform_check_and_set_codec_backend_cfg: new_snd_devices[0] is 2
09-01 14:33:22.811 I/msm8974_platform(  771): platform_check_codec_backend_cfg:becf: afe: bitwidth 24, samplerate 48000 channels 2, backend_idx 4 usecase = 1 device (speaker)
09-01 14:33:22.811 D/msm8974_platform(  771): platform_check_codec_backend_cfg:becf: afe: playback on codec device not supporting native playback set default Sample Rate(48k)
09-01 14:33:22.811 I/msm8974_platform(  771): platform_check_codec_backend_cfg:becf: afe: Codec selected backend: 4 updated bit width: 24 and sample rate: 48000
09-01 14:33:22.811 D/audio_hw_primary(  771): check_usecases_codec_backend:becf: force routing 0
09-01 14:33:22.811 E/msm8974_platform(  771): platform_check_backends_match: Invalid snd_device = 
09-01 14:33:22.811 D/audio_hw_primary(  771): check_usecases_codec_backend:becf: (112) check_usecases curr device: speaker, usecase device: backends match 0
09-01 14:33:22.811 D/audio_hw_primary(  771): check_usecases_codec_backend:becf: check_usecases num.of Usecases to switch 0
09-01 14:33:22.811 D/msm8974_platform(  771): platform_split_snd_device: snd_device(2) num devices(0) new_snd_devices(0)
09-01 14:33:22.811 D/hardware_info(  771): hw_info_append_hw_type : device_name = speaker
09-01 14:33:22.811 D/msm8974_platform(  771): platform_split_snd_device: snd_device(2) num devices(0) new_snd_devices(0)
09-01 14:33:22.811 D/audio_hw_primary(  771): enable_snd_device: snd_device(2: speaker)
09-01 14:33:22.811 I/soundtrigger(  771): audio_extn_sound_trigger_update_device_status: device 0x2 of type 0 for Event 1, with Raise=0
09-01 14:33:22.811 E/audio_route(  771): Path: speaker, length: 1
09-01 14:33:22.811 E/audio_route(  771):   id=0: ctl=TFA Profile
09-01 14:33:22.811 E/audio_route(  771):     id=0 value=0
09-01 14:33:22.811 D/audio_route(  771): Apply path: speaker
09-01 14:33:22.811 D/audio_route(  771): audio_route_apply_and_update_path name speaker
09-01 14:33:22.811 D/hardware_info(  771): hw_info_append_hw_type : device_name = vi-feedback
09-01 14:33:22.811 D/msm8974_platform(  771): platform_split_snd_device: snd_device(199) num devices(0) new_snd_devices(-371483466)
09-01 14:33:22.811 D/audio_hw_primary(  771): enable_snd_device: snd_device(199: vi-feedback)
09-01 14:33:22.811 I/soundtrigger(  771): audio_extn_sound_trigger_update_device_status: device 0xc7 of type 1 for Event 1, with Raise=0
09-01 14:33:22.811 E/audio_route(  771): Path: vi-feedback, length: 0
09-01 14:33:22.811 D/audio_route(  771): Apply path: vi-feedback
09-01 14:33:22.811 D/audio_route(  771): audio_route_apply_and_update_path name vi-feedback
09-01 14:33:22.811 D/soundtrigger(  771): audio_extn_sound_trigger_update_stream_status: uc_info->id 50 of type 1 for Event 3, with Raise=1
09-01 14:33:22.811 D/soundtrigger(  771):  audio_extn_sound_trigger_update_stream_status ignore stream event for devcie 199
09-01 14:33:22.811 D/audio_hw_utils(  771): audio_extn_utils_send_app_type_cfg: usecase->in_snd_device vi-feedback
09-01 14:33:22.811 E/voice   (  771): voice_is_in_call_rec_stream: input stream is NULL
09-01 14:33:22.811 D/msm8974_platform(  771): platform_split_snd_device: snd_device(199) num devices(0) new_snd_devices(0)
09-01 14:33:22.811 E/audio_hw_utils(  771): send_app_type_cfg_for_device: Could not get ctl for mixer cmd - Audio Stream Capture 35 App Type Cfg
09-01 14:33:22.811 D/msm8974_platform(  771): platform_split_snd_device: snd_device(199) num devices(1) new_snd_devices(0)
09-01 14:33:22.811 D/ACDB-LOADER(  771): ACDB -> send_audio_cal, acdb_id = 102, path = 1, app id = 0x11132, sample rate = 48000
09-01 14:33:22.811 D/ACDB-LOADER(  771): ACDB -> send_asm_topology
09-01 14:33:22.811 D/ACDB-LOADER(  771): ACDB -> ACDB_CMD_GET_AUDPROC_STREAM_TOPOLOGY_ID
