09-01 14:29:37.552 D/[Koin]  ( 7638): +- got 'com.huami.training.O0000O0o.O000000o.O00000o0' in 4.363073 ms
09-01 14:29:37.553 D/[Koin]  ( 7638): +- got 'com.huami.fittime.ui.base.O00000o0.O000000o' in 5.142447 ms
09-01 14:29:37.553 D/[Koin]  ( 7638): +- got 'com.huami.fittime.O00000o.O00000Oo.O000000o' in 5.727187 ms
09-01 14:29:37.553 D/[Koin]  ( 7638): +- get 'com.huami.fittime.O00000oO.O00oOooO'
09-01 14:29:37.553 D/[Koin]  ( 7638): +- got 'com.huami.fittime.O00000oO.O00oOooO' in 0.025208 ms
09-01 14:29:37.553 D/[Koin]  ( 7638): +- get 'com.huami.fittime.ui.profile.O00000Oo'
09-01 14:29:37.553 D/[Koin]  ( 7638): | create instance for [type:Factory,primary_type:'com.huami.fittime.ui.profile.O00000Oo']
09-01 14:29:37.553 D/[Koin]  ( 7638): +- get 'com.huami.fittime.O00000oo.O00O0Oo'
09-01 14:29:37.553 D/[Koin]  ( 7638): +- got 'com.huami.fittime.O00000oo.O00O0Oo' in 0.011094 ms
09-01 14:29:37.553 D/[Koin]  ( 7638): +- get 'com.huami.fittime.db.FitTimeDb'
09-01 14:29:37.553 V/AsyncHttpResponse( 7638): Progress 12 from 12 (100%)
09-01 14:29:37.554 D/[Koin]  ( 7638): +- got 'com.huami.fittime.db.FitTimeDb' in 0.012032 ms
09-01 14:29:37.554 D/[Koin]  ( 7638): +- got 'com.huami.fittime.ui.profile.O00000Oo' in 0.274218 ms
09-01 14:29:37.554 D/[Koin]  ( 7638): +- get 'com.huami.fittime.ui.diary.O00000o0.O0000OOo'
09-01 14:29:37.554 D/[Koin]  ( 7638): | create instance for [type:Factory,primary_type:'com.huami.fittime.ui.diary.O00000o0.O0000OOo']
09-01 14:29:37.554 D/[Koin]  ( 7638): +- get 'com.huami.fittime.O000000o.O00000o'
09-01 14:29:37.554 D/[Koin]  ( 7638): +- got 'com.huami.fittime.O000000o.O00000o' in 0.025625 ms
09-01 14:29:37.554 D/[Koin]  ( 7638): +- get 'com.huami.fittime.O00000oO.O00oOooO'
09-01 14:29:37.554 D/[Koin]  ( 7638): +- got 'com.huami.fittime.O00000oO.O00oOooO' in 0.010312 ms
09-01 14:29:37.554 D/[Koin]  ( 7638): +- get 'com.huami.fittime.db.FitTimeDb'
09-01 14:29:37.554 D/[Koin]  ( 7638): +- got 'com.huami.fittime.db.FitTimeDb' in 0.007292 ms
09-01 14:29:37.555 D/[Koin]  ( 7638): +- got 'com.huami.fittime.ui.diary.O00000o0.O0000OOo' in 1.14599 ms
09-01 14:29:37.556 D/[Koin]  ( 7638): +- got 'com.huami.fittime.ui.profile.O0000O0o' in 39.094791 ms
09-01 14:29:37.556 D/[Koin]  ( 7638): +- get 'com.huami.message.O0000OoO.O0000Oo'
09-01 14:29:37.556 D/[Koin]  ( 7638): | create instance for [type:Factory,primary_type:'com.huami.message.O0000OoO.O0000Oo']
09-01 14:29:37.556 D/[Koin]  ( 7638): !- create scope - id:Message q:Message
09-01 14:29:37.556 D/[Koin]  ( 7638): bind type:'com.huami.message.db.MessageDb' ~ [type:Scoped,scope:'Message', primary_type:'com.huami.message.db.MessageDb']
09-01 14:29:37.556 D/[Koin]  ( 7638): bind type:'com.huami.training.O0000OOo.O000000o' ~ [type:Scoped,scope:'Message', primary_type:'com.huami.training.O0000OOo.O000000o']
09-01 14:29:37.556 D/[Koin]  ( 7638): bind type:'com.huami.message.O00000oo.O0000Oo' ~ [type:Scoped,scope:'Message', primary_type:'com.huami.message.O00000oo.O0000Oo']
09-01 14:29:37.556 D/[Koin]  ( 7638): bind type:'com.huami.message.O0000O0o.O0000OOo' ~ [type:Scoped,scope:'Message', primary_type:'com.huami.message.O0000O0o.O0000OOo']
09-01 14:29:37.556 D/[Koin]  ( 7638): bind type:'com.huami.message.O000000o.O00000o' ~ [type:Scoped,scope:'Message', primary_type:'com.huami.message.O000000o.O00000o']
09-01 14:29:37.556 D/[Koin]  ( 7638): bind type:'com.huami.message.O0000Oo0.O000000o' ~ [type:Scoped,scope:'Message', primary_type:'com.huami.message.O0000Oo0.O000000o']
09-01 14:29:37.556 D/[Koin]  ( 7638): bind qualifier:'MessageWebHost' ~ [type:Scoped,scope:'Message', name:'MessageWebHost', primary_type:'java.lang.String']
09-01 14:29:37.556 D/[Koin]  ( 7638): bind type:'com.huami.message.O00000o.O0000Oo0' ~ [type:Scoped,scope:'Message', primary_type:'com.huami.message.O00000o.O0000Oo0']
09-01 14:29:37.556 D/[Koin]  ( 7638): +- get 'com.huami.message.O0000OOo.O000000o'
09-01 14:29:37.557 D/[Koin]  ( 7638): | create instance for [type:Factory,primary_type:'com.huami.message.O0000OOo.O000000o']
09-01 14:29:37.557 D/[Koin]  ( 7638): +- get 'com.huami.message.O000000o.O00000o'
09-01 14:29:37.557 D/[Koin]  ( 7638): | create instance for [type:Scoped,scope:'Message', primary_type:'com.huami.message.O000000o.O00000o']
09-01 14:29:37.558 D/[Koin]  ( 7638): +- get 'java.lang.String'
09-01 14:29:37.558 D/[Koin]  ( 7638): | create instance for [type:Scoped,scope:'Message', name:'MessageWebHost', primary_type:'java.lang.String']
09-01 14:29:37.558 D/[Koin]  ( 7638): +- get 'java.lang.String'
09-01 14:29:37.558 D/[Koin]  ( 7638): +- got 'java.lang.String' in 0.011198 ms
09-01 14:29:37.558 D/[Koin]  ( 7638): +- got 'java.lang.String' in 0.127969 ms
09-01 14:29:37.558 D/[Koin]  ( 7638): +- get 'com.huami.message.O00000o.O0000Oo0'
09-01 14:29:37.558 D/[Koin]  ( 7638): | create instance for [type:Scoped,scope:'Message', primary_type:'com.huami.message.O00000o.O0000Oo0']
09-01 14:29:37.558 D/[Koin]  ( 7638): +- get 'java.lang.String'
09-01 14:29:37.558 D/[Koin]  ( 7638): +- got 'java.lang.String' in 0.012396 ms
09-01 14:29:37.558 D/[Koin]  ( 7638): +- get 'O00000oO.O0000Ooo.O000000o.O00000Oo'
09-01 14:29:37.558 D/[Koin]  ( 7638): +- got 'O00000oO.O0000Ooo.O000000o.O00000Oo' in 0.008541 ms
09-01 14:29:37.558 D/[Koin]  ( 7638): +- get 'O00000oO.O0000Ooo.O000000o.O00000Oo'
09-01 14:29:37.558 D/[Koin]  ( 7638): +- got 'O00000oO.O0000Ooo.O000000o.O00000Oo' in 0.007084 ms
09-01 14:29:37.558 D/[Koin]  ( 7638): +- get 'O00000oO.O0000Ooo.O000000o.O00000Oo'
09-01 14:29:37.558 D/[Koin]  ( 7638): +- got 'O00000oO.O0000Ooo.O000000o.O00000Oo' in 0.008282 ms
09-01 14:29:37.558 D/[Koin]  ( 7638): +- get 'O00000oO.O0000Ooo.O000000o.O00000Oo'
09-01 14:29:37.558 D/[Koin]  ( 7638): +- got 'O00000oO.O0000Ooo.O000000o.O00000Oo' in 0.007605 ms
09-01 14:29:37.558 D/[Koin]  ( 7638): +- got 'com.huami.message.O00000o.O0000Oo0' in 0.440677 ms
09-01 14:29:37.558 D/[Koin]  ( 7638): +- got 'com.huami.message.O000000o.O00000o' in 1.660104 ms
09-01 14:29:37.558 D/[Koin]  ( 7638): +- get 'com.huami.message.db.MessageDb'
09-01 14:29:37.558 D/[Koin]  ( 7638): | create instance for [type:Scoped,scope:'Message', primary_type:'com.huami.message.db.MessageDb']
09-01 14:29:37.558 D/[Koin]  ( 7638): +- get 'android.content.Context'
09-01 14:29:37.558 D/[Koin]  ( 7638): +- got 'android.content.Context' in 0.010781 ms
09-01 14:29:37.559 D/[Koin]  ( 7638): +- get 'com.huami.message.O00000o.O0000Oo0'
09-01 14:29:37.559 D/[Koin]  ( 7638): +- got 'com.huami.message.O00000o.O0000Oo0' in 0.009792 ms
09-01 14:29:37.559 D/NetworkController.MobileSignalController(1)(29730): 4G level = 5
09-01 14:29:37.560 D/[Koin]  ( 7638): +- got 'com.huami.message.db.MessageDb' in 2.046458 ms
09-01 14:29:37.560 D/[Koin]  ( 7638): +- get 'com.huami.message.O0000Oo0.O000000o'
09-01 14:29:37.560 D/[Koin]  ( 7638): | create instance for [type:Scoped,scope:'Message', primary_type:'com.huami.message.O0000Oo0.O000000o']
09-01 14:29:37.561 D/[Koin]  ( 7638): +- got 'com.huami.message.O0000Oo0.O000000o' in 0.332917 ms
09-01 14:29:37.562 W/AsyncHttpResponse( 7638): Current thread has not called Looper.prepare().Forcing synchronous mode
09-01 14:29:37.562 D/[Koin]  ( 7638): +- got 'com.huami.message.O0000OOo.O000000o' in 5.805156 ms
09-01 14:29:37.563 D/[Koin]  ( 7638): +- got 'com.huami.message.O0000OoO.O0000Oo' in 7.452552 ms
09-01 14:29:37.565 D/[Koin]  ( 7638): +- get 'com.huami.femalehealth.uilib.viewmodel.FemaleMifitViewModel'
09-01 14:29:37.565 D/[Koin]  ( 7638): | create instance for [type:Factory,primary_type:'com.huami.femalehealth.uilib.viewmodel.FemaleMifitViewModel']
09-01 14:29:37.566 D/[Koin]  ( 7638): +- get 'com.huami.femalehealth.logiclib.O0000O0o.O0000O0o'
09-01 14:29:37.566 D/[Koin]  ( 7638): | create instance for [type:Factory,primary_type:'com.huami.femalehealth.logiclib.O0000O0o.O0000O0o']
09-01 14:29:37.566 D/[Koin]  ( 7638): +- get 'com.huami.femalehealth.logiclib.O00000oO.O0000O0o'
09-01 14:29:37.566 D/[Koin]  ( 7638): +- got 'com.huami.femalehealth.logiclib.O00000oO.O0000O0o' in 0.020989 ms
09-01 14:29:37.566 D/[Koin]  ( 7638): +- get 'com.huami.femalehealth.logiclib.O000000o.O00000Oo'
09-01 14:29:37.566 D/[Koin]  ( 7638): +- got 'com.huami.femalehealth.logiclib.O000000o.O00000Oo' in 0.013229 ms
09-01 14:29:37.566 D/[Koin]  ( 7638): +- get 'com.huami.femalehealth.logiclib.O00000oO.O00oOooO'
09-01 14:29:37.566 D/[Koin]  ( 7638): +- got 'com.huami.femalehealth.logiclib.O00000oO.O00oOooO' in 0.00849 ms
09-01 14:29:37.566 D/[Koin]  ( 7638): +- get 'com.huami.femalehealth.logiclib.O00000Oo.O00000o'
09-01 14:29:37.566 D/[Koin]  ( 7638): | create instance for [type:Factory,primary_type:'com.huami.femalehealth.logiclib.O00000Oo.O00000o']
09-01 14:29:37.566 D/[Koin]  ( 7638): +- get 'com.huami.femalehealth.logiclib.O00000oO.O0000O0o'
09-01 14:29:37.566 D/[Koin]  ( 7638): +- got 'com.huami.femalehealth.logiclib.O00000oO.O0000O0o' in 0.010416 ms
09-01 14:29:37.566 D/[Koin]  ( 7638): +- get 'com.huami.femalehealth.logiclib.O000000o.O00000Oo'
09-01 14:29:37.566 D/[Koin]  ( 7638): +- got 'com.huami.femalehealth.logiclib.O000000o.O00000Oo' in 0.007344 ms
09-01 14:29:37.566 D/[Koin]  ( 7638): +- get 'com.huami.femalehealth.logiclib.db.FemaleHealthDb'
09-01 14:29:37.566 D/[Koin]  ( 7638): +- got 'com.huami.femalehealth.logiclib.db.FemaleHealthDb' in 0.009375 ms
09-01 14:29:37.566 D/[Koin]  ( 7638): +- get 'com.huami.femalehealth.logiclib.O00000Oo.O00000Oo'
09-01 14:29:37.566 D/[Koin]  ( 7638): +- got 'com.huami.femalehealth.logiclib.O00000Oo.O00000Oo' in 0.012865 ms
09-01 14:29:37.566 D/[Koin]  ( 7638): +- get 'com.huami.femalehealth.logiclib.O00000oO.O00oOooO'
09-01 14:29:37.566 D/[Koin]  ( 7638): +- got 'com.huami.femalehealth.logiclib.O00000oO.O00oOooO' in 0.010469 ms
09-01 14:29:37.566 D/[Koin]  ( 7638): +- got 'com.huami.femalehealth.logiclib.O00000Oo.O00000o' in 0.275521 ms
09-01 14:29:37.567 D/[Koin]  ( 7638): +- got 'com.huami.femalehealth.logiclib.O0000O0o.O0000O0o' in 1.289063 ms
09-01 14:29:37.567 D/[Koin]  ( 7638): +- get 'com.huami.femalehealth.logiclib.O0000O0o.O00000o'
09-01 14:29:37.567 D/[Koin]  ( 7638): | create instance for [type:Factory,primary_type:'com.huami.femalehealth.logiclib.O0000O0o.O00000o']
09-01 14:29:37.567 D/[Koin]  ( 7638): +- get 'com.huami.femalehealth.logiclib.O00000oO.O0000O0o'
09-01 14:29:37.567 D/[Koin]  ( 7638): +- got 'com.huami.femalehealth.logiclib.O00000oO.O0000O0o' in 0.016823 ms
09-01 14:29:37.567 D/[Koin]  ( 7638): +- get 'com.huami.femalehealth.logiclib.O000000o.O00000Oo'
09-01 14:29:37.567 D/[Koin]  ( 7638): +- got 'com.huami.femalehealth.logiclib.O000000o.O00000Oo' in 0.012239 ms
09-01 14:29:37.567 D/[Koin]  ( 7638): +- get 'com.huami.femalehealth.logiclib.db.FemaleHealthDb'
09-01 14:29:37.567 D/[Koin]  ( 7638): +- got 'com.huami.femalehealth.logiclib.db.FemaleHealthDb' in 0.008854 ms
09-01 14:29:37.567 D/[Koin]  ( 7638): +- get 'com.huami.femalehealth.logiclib.O00000Oo.O00000o'
09-01 14:29:37.567 D/[Koin]  ( 7638): | create instance for [type:Factory,primary_type:'com.huami.femalehealth.logiclib.O00000Oo.O00000o']
09-01 14:29:37.567 D/[Koin]  ( 7638): +- get 'com.huami.femalehealth.logiclib.O00000oO.O0000O0o'
09-01 14:29:37.567 D/[Koin]  ( 7638): +- got 'com.huami.femalehealth.logiclib.O00000oO.O0000O0o' in 0.011979 ms
09-01 14:29:37.567 D/[Koin]  ( 7638): +- get 'com.huami.femalehealth.logiclib.O000000o.O00000Oo'
09-01 14:29:37.567 D/[Koin]  ( 7638): +- got 'com.huami.femalehealth.logiclib.O000000o.O00000Oo' in 0.007813 ms
09-01 14:29:37.567 D/[Koin]  ( 7638): +- get 'com.huami.femalehealth.logiclib.db.FemaleHealthDb'
09-01 14:29:37.567 D/[Koin]  ( 7638): +- got 'com.huami.femalehealth.logiclib.db.FemaleHealthDb' in 0.007083 ms
09-01 14:29:37.567 D/[Koin]  ( 7638): +- get 'com.huami.femalehealth.logiclib.O00000Oo.O00000Oo'
09-01 14:29:37.567 D/[Koin]  ( 7638): +- got 'com.huami.femalehealth.logiclib.O00000Oo.O00000Oo' in 0.009531 ms
09-01 14:29:37.567 D/[Koin]  ( 7638): +- get 'com.huami.femalehealth.logiclib.O00000oO.O00oOooO'
09-01 14:29:37.567 D/[Koin]  ( 7638): +- got 'com.huami.femalehealth.logiclib.O00000oO.O00oOooO' in 0.008542 ms
09-01 14:29:37.567 D/[Koin]  ( 7638): +- got 'com.huami.femalehealth.logiclib.O00000Oo.O00000o' in 0.232604 ms
09-01 14:29:37.567 D/[Koin]  ( 7638): +- get 'com.huami.femalehealth.logiclib.O00000Oo.O00000o0'
09-01 14:29:37.567 D/[Koin]  ( 7638): | create instance for [type:Factory,primary_type:'com.huami.femalehealth.logiclib.O00000Oo.O00000o0']
09-01 14:29:37.567 D/[Koin]  ( 7638): +- got 'com.huami.femalehealth.logiclib.O00000Oo.O00000o0' in 0.038854 ms
09-01 14:29:37.568 D/[Koin]  ( 7638): +- got 'com.huami.femalehealth.logiclib.O0000O0o.O00000o' in 0.572031 ms
09-01 14:29:37.570 D/[Koin]  ( 7638): +- got 'com.huami.femalehealth.uilib.viewmodel.FemaleMifitViewModel' in 4.714271 ms
09-01 14:29:37.572 E/ResolverController(  679): No valid NAT64 prefix (116, <unspecified>/0)
09-01 14:29:37.577 D/Event   ( 7638): No subscribers registered for event class com.xiaomi.hm.health.O0000o00.O000OOo0
09-01 14:29:37.577 D/Event   ( 7638): No subscribers registered for event class O00000Oo.O000000o.O000000o.O0000Oo0
09-01 14:29:37.580 W/AsyncHttpResponse( 7638): Current thread has not called Looper.prepare().Forcing synchronous mode
09-01 14:29:37.583 W/AsyncHttpResponse( 7638): Current thread has not called Looper.prepare().Forcing synchronous mode
09-01 14:29:37.584 D/RecentsImpl( 7676): mActivityStateObserver com.xiaomi.hm.health.activity.MainTabActivity
09-01 14:29:37.587 V/xiaomi  ( 7638): [Thread:6339] receive an intent from server, action=com.xiaomi.mipush.RECEIVE_MESSAGE
09-01 14:29:37.587 V/xiaomi  ( 7638): receiving an empty message, drop
09-01 14:29:37.590 V/xiaomi  ( 7638): [Thread:6339] receive an intent from server, action=com.xiaomi.mipush.RECEIVE_MESSAGE
09-01 14:29:37.590 V/xiaomi  ( 7638): receiving an empty message, drop
09-01 14:29:37.591 V/xiaomi  ( 7638): [Thread:6339] receive an intent from server, action=com.xiaomi.mipush.RECEIVE_MESSAGE
09-01 14:29:37.591 V/xiaomi  ( 7638): receiving an empty message, drop
09-01 14:29:37.591 V/xiaomi  ( 7638): [Thread:6339] receive an intent from server, action=com.xiaomi.mipush.RECEIVE_MESSAGE
09-01 14:29:37.591 V/xiaomi  ( 7638): receiving an empty message, drop
09-01 14:29:37.592 V/xiaomi  ( 7638): [Thread:6339] receive an intent from server, action=com.xiaomi.mipush.RECEIVE_MESSAGE
09-01 14:29:37.592 V/xiaomi  ( 7638): receiving an empty message, drop
09-01 14:29:37.592 V/xiaomi  ( 7638): [Thread:6339] receive an intent from server, action=com.xiaomi.mipush.RECEIVE_MESSAGE
09-01 14:29:37.592 V/xiaomi  ( 7638): receiving an empty message, drop
09-01 14:29:37.593 V/xiaomi  ( 7638): [Thread:6339] receive an intent from server, action=com.xiaomi.mipush.RECEIVE_MESSAGE
09-01 14:29:37.593 V/xiaomi  ( 7638): receiving an empty message, drop
09-01 14:29:37.594 V/xiaomi  ( 7638): [Thread:6339] receive an intent from server, action=com.xiaomi.mipush.RECEIVE_MESSAGE
09-01 14:29:37.594 V/xiaomi  ( 7638): receiving an empty message, drop
09-01 14:29:37.595 V/xiaomi  ( 7638): [Thread:6339] receive an intent from server, action=com.xiaomi.mipush.RECEIVE_MESSAGE
09-01 14:29:37.595 V/xiaomi  ( 7638): receiving an empty message, drop
09-01 14:29:37.596 V/AsyncHttpResponse( 7638): Progress 2355 from 2355 (100%)
09-01 14:29:37.598 W/System.err( 7638): java.lang.ClassNotFoundException: com.xiaomi.hm.health.BuildConfig
09-01 14:29:37.598 W/System.err( 7638): 	at java.lang.Class.classForName(Native Method)
09-01 14:29:37.598 W/System.err( 7638): 	at java.lang.Class.forName(Class.java:454)
09-01 14:29:37.598 W/System.err( 7638): 	at java.lang.Class.forName(Class.java:379)
09-01 14:29:37.598 W/System.err( 7638): 	at com.xiaomi.market.sdk.XiaomiUpdateAgent.update(XiaomiUpdateAgent.java:55)
09-01 14:29:37.598 W/System.err( 7638): 	at com.xiaomi.hm.health.O00000o.O000000o.O000000o(AppUpgradeManager.java:540)
09-01 14:29:37.598 W/System.err( 7638): 	at com.xiaomi.hm.health.O00000o.O000000o.O000000o(AppUpgradeManager.java:620)
09-01 14:29:37.598 W/System.err( 7638): 	at com.xiaomi.hm.health.O00000o.O000000o.O000000o(AppUpgradeManager.java:142)
09-01 14:29:37.598 W/System.err( 7638): 	at com.xiaomi.hm.health.O00000o.O000000o.O000000o(AppUpgradeManager.java:46)
09-01 14:29:37.598 W/System.err( 7638): 	at com.xiaomi.hm.health.O00000o.O000000o$O000000o.onItem(AppUpgradeManager.java:106)
09-01 14:29:37.598 W/System.err( 7638): 	at com.huami.O0000o0.O000000o.O00000o.O00000o0.onSuccess(IHMHttpResponseHandler.java:14)
09-01 14:29:37.598 W/System.err( 7638): 	at com.huami.O0000o0.O000000o.O00000Oo$1.O000000o(HMHttpRequest.java:158)
09-01 14:29:37.598 W/System.err( 7638): 	at com.huami.O0000o0.O000000o.O00000Oo$1.b_(HMHttpRequest.java:141)
09-01 14:29:37.599 W/System.err( 7638): 	at io.O000000o.O0000O0o.O00000oO.O00000oO.oOO0O000$O000000o.O00000o(ObservableObserveOn.java:201)
09-01 14:29:37.599 W/System.err( 7638): 	at io.O000000o.O0000O0o.O00000oO.O00000oO.oOO0O000$O000000o.run(ObservableObserveOn.java:255)
09-01 14:29:37.599 W/System.err( 7638): 	at io.O000000o.O000000o.O00000Oo.O00000Oo$O00000Oo.run(HandlerScheduler.java:109)
09-01 14:29:37.599 W/System.err( 7638): 	at android.os.Handler.handleCallback(Handler.java:883)
09-01 14:29:37.599 W/System.err( 7638): 	at android.os.Handler.dispatchMessage(Handler.java:100)
09-01 14:29:37.599 W/System.err( 7638): 	at android.os.Looper.loop(Looper.java:224)
09-01 14:29:37.599 W/System.err( 7638): 	at android.app.ActivityThread.main(ActivityThread.java:7551)
09-01 14:29:37.599 W/System.err( 7638): 	at java.lang.reflect.Method.invoke(Native Method)
09-01 14:29:37.599 W/System.err( 7638): 	at com.android.internal.os.RuntimeInit$MethodAndArgsCaller.run(RuntimeInit.java:539)
09-01 14:29:37.599 W/System.err( 7638): 	at com.android.internal.os.ZygoteInit.main(ZygoteInit.java:950)
09-01 14:29:37.599 W/System.err( 7638): Caused by: java.lang.ClassNotFoundException: com.xiaomi.hm.health.BuildConfig
09-01 14:29:37.599 W/System.err( 7638): 	... 22 more
09-01 14:29:37.600 D/AppOpsAdapter( 5211): using permission notify! 32
09-01 14:29:37.601 V/xiaomi  ( 7638): [Thread:6339] receive an intent from server, action=com.xiaomi.mipush.RECEIVE_MESSAGE
09-01 14:29:37.601 V/xiaomi  ( 7638): receiving an empty message, drop
09-01 14:29:37.601 V/xiaomi  ( 7638): [Thread:6339] receive an intent from server, action=com.xiaomi.mipush.RECEIVE_MESSAGE
09-01 14:29:37.601 V/xiaomi  ( 7638): receiving an empty message, drop
09-01 14:29:37.604 V/AsyncHttpResponse( 7638): Progress 12 from 12 (100%)
09-01 14:29:37.605 I/BehaviorRecord-Monitor( 5237): com.xiaomi.hm.health , perm: 32 , operation 3 , current size: 0
09-01 14:29:37.608 W/DevicePolicyManager( 1639): Package com.xiaomi.hm.health (uid=10241, pid=7638) cannot access Device IDs
09-01 14:29:37.609 W/TelephonyPermissions( 2698): reportAccessDeniedToReadIdentifiers:com.xiaomi.hm.health:getDeviceId:isPreinstalled=false:isPrivApp=false
09-01 14:29:37.609 E/MarketSdkClient( 7638): getDeviceId: The user 10241 does not meet the requirements to access device identifiers.
09-01 14:29:37.609 E/MarketSdkClient( 7638): java.lang.SecurityException: getDeviceId: The user 10241 does not meet the requirements to access device identifiers.
09-01 14:29:37.609 E/MarketSdkClient( 7638): 	at android.os.Parcel.createException(Parcel.java:2074)
09-01 14:29:37.609 E/MarketSdkClient( 7638): 	at android.os.Parcel.readException(Parcel.java:2042)
09-01 14:29:37.609 E/MarketSdkClient( 7638): 	at android.os.Parcel.readException(Parcel.java:1990)
09-01 14:29:37.609 E/MarketSdkClient( 7638): 	at com.android.internal.telephony.ITelephony$Stub$Proxy.getDeviceId(ITelephony.java:10389)
09-01 14:29:37.609 E/MarketSdkClient( 7638): 	at java.lang.reflect.Method.invoke(Native Method)
09-01 14:29:37.609 E/MarketSdkClient( 7638): 	at com.jg.bh.b.a.a.invoke(Native Method)
09-01 14:29:37.609 E/MarketSdkClient( 7638): 	at java.lang.reflect.Proxy.invoke(Proxy.java:1006)
09-01 14:29:37.609 E/MarketSdkClient( 7638): 	at $Proxy5.getDeviceId(Unknown Source)
09-01 14:29:37.609 E/MarketSdkClient( 7638): 	at android.telephony.TelephonyManager.getDeviceId(TelephonyManager.java:1619)
09-01 14:29:37.609 E/MarketSdkClient( 7638): 	at com.xiaomi.market.sdk.Client.acquireIdentity(Client.java:190)
09-01 14:29:37.609 E/MarketSdkClient( 7638): 	at com.xiaomi.market.sdk.Client.init(Client.java:104)
09-01 14:29:37.609 E/MarketSdkClient( 7638): 	at com.xiaomi.market.sdk.XiaomiUpdateAgent.update(XiaomiUpdateAgent.java:74)
09-01 14:29:37.609 E/MarketSdkClient( 7638): 	at com.xiaomi.market.sdk.XiaomiUpdateAgent.update(XiaomiUpdateAgent.java:61)
09-01 14:29:37.609 E/MarketSdkClient( 7638): 	at com.xiaomi.hm.health.O00000o.O000000o.O000000o(AppUpgradeManager.java:540)
09-01 14:29:37.609 E/MarketSdkClient( 7638): 	at com.xiaomi.hm.health.O00000o.O000000o.O000000o(AppUpgradeManager.java:620)
09-01 14:29:37.609 E/MarketSdkClient( 7638): 	at com.xiaomi.hm.health.O00000o.O000000o.O000000o(AppUpgradeManager.java:142)
09-01 14:29:37.609 E/MarketSdkClient( 7638): 	at com.xiaomi.hm.health.O00000o.O000000o.O000000o(AppUpgradeManager.java:46)
09-01 14:29:37.609 E/MarketSdkClient( 7638): 	at com.xiaomi.hm.health.O00000o.O000000o$O000000o.onItem(AppUpgradeManager.java:106)
09-01 14:29:37.609 E/MarketSdkClient( 7638): 	at com.huami.O0000o0.O000000o.O00000o.O00000o0.onSuccess(IHMHttpResponseHandler.java:14)
09-01 14:29:37.609 E/MarketSdkClient( 7638): 	at com.huami.O0000o0.O000000o.O00000Oo$1.O000000o(HMHttpRequest.java:158)
09-01 14:29:37.609 E/MarketSdkClient( 7638): 	at com.huami.O0000o0.O000000o.O00000Oo$1.b_(HMHttpRequest.java:141)
09-01 14:29:37.609 E/MarketSdkClient( 7638): 	at io.O000000o.O0000O0o.O00000oO.O00000oO.oOO0O000$O000000o.O00000o(ObservableObserveOn.java:201)
09-01 14:29:37.609 E/MarketSdkClient( 7638): 	at io.O000000o.O0000O0o.O00000oO.O00000oO.oOO0O000$O000000o.run(ObservableObserveOn.java:255)
09-01 14:29:37.609 E/MarketSdkClient( 7638): 	at io.O000000o.O000000o.O00000Oo.O00000Oo$O00000Oo.run(HandlerScheduler.java:109)
09-01 14:29:37.609 E/MarketSdkClient( 7638): 	at android.os.Handler.handleCallback(Handler.java:883)
09-01 14:29:37.609 E/MarketSdkClient( 7638): 	at android.os.Handler.dispatchMessage(Handler.java:100)
09-01 14:29:37.609 E/MarketSdkClient( 7638): 	at android.os.Looper.loop(Looper.java:224)
09-01 14:29:37.609 E/MarketSdkClient( 7638): 	at android.app.ActivityThread.main(ActivityThread.java:7551)
09-01 14:29:37.609 E/MarketSdkClient( 7638): 	at java.lang.reflect.Method.invoke(Native Method)
09-01 14:29:37.609 E/MarketSdkClient( 7638): 	at com.android.internal.os.RuntimeInit$MethodAndArgsCaller.run(RuntimeInit.java:539)
09-01 14:29:37.609 E/MarketSdkClient( 7638): 	at com.android.internal.os.ZygoteInit.main(ZygoteInit.java:950)
09-01 14:29:37.613 D/MarketUpdateAgent( 7638): start to check update
09-01 14:29:37.613 E/MarketPatcher( 7638): load patcher library failed : java.lang.UnsatisfiedLinkError: dalvik.system.PathClassLoader[DexPathList[[zip file "/data/app/com.xiaomi.hm.health-ooUo9xQvewNmlnoHhfDwKQ==/base.apk", dex file "/data/app/com.xiaomi.hm.health-ooUo9xQvewNmlnoHhfDwKQ==/base.apk"],nativeLibraryDirectories=[/data/app/com.xiaomi.hm.health-ooUo9xQvewNmlnoHhfDwKQ==/lib/arm64, /data/app/com.xiaomi.hm.health-ooUo9xQvewNmlnoHhfDwKQ==/base.apk!/lib/arm64-v8a, /system/lib64, /system/product/lib64]]] couldn't find "libsdk_patcher_jni.so"
09-01 14:29:37.622 V/AsyncHttpResponse( 7638): Progress 315 from 315 (100%)
09-01 14:29:37.622 D/[Koin]  ( 7638): +- get 'com.huami.femalehealth.uilib.O00000o0.O0000Oo'
09-01 14:29:37.622 D/[Koin]  ( 7638): | create instance for [type:Factory,primary_type:'com.huami.femalehealth.uilib.O00000o0.O0000Oo']
09-01 14:29:37.623 D/[Koin]  ( 7638): +- get 'com.huami.femalehealth.logiclib.O00000oO.O00oOooO'
09-01 14:29:37.623 D/[Koin]  ( 7638): +- got 'com.huami.femalehealth.logiclib.O00000oO.O00oOooO' in 0.023802 ms
09-01 14:29:37.623 D/[Koin]  ( 7638): +- get 'com.huami.femalehealth.logiclib.O0000O0o.O00000o'
09-01 14:29:37.623 D/[Koin]  ( 7638): | create instance for [type:Factory,primary_type:'com.huami.femalehealth.logiclib.O0000O0o.O00000o']
09-01 14:29:37.623 D/[Koin]  ( 7638): +- get 'com.huami.femalehealth.logiclib.O00000oO.O0000O0o'
09-01 14:29:37.623 D/[Koin]  ( 7638): +- got 'com.huami.femalehealth.logiclib.O00000oO.O0000O0o' in 0.009583 ms
09-01 14:29:37.623 D/[Koin]  ( 7638): +- get 'com.huami.femalehealth.logiclib.O000000o.O00000Oo'
09-01 14:29:37.623 D/[Koin]  ( 7638): +- got 'com.huami.femalehealth.logiclib.O000000o.O00000Oo' in 0.006042 ms
09-01 14:29:37.623 D/[Koin]  ( 7638): +- get 'com.huami.femalehealth.logiclib.db.FemaleHealthDb'
09-01 14:29:37.623 D/[Koin]  ( 7638): +- got 'com.huami.femalehealth.logiclib.db.FemaleHealthDb' in 0.04875 ms
09-01 14:29:37.623 D/[Koin]  ( 7638): +- get 'com.huami.femalehealth.logiclib.O00000Oo.O00000o'
09-01 14:29:37.623 D/[Koin]  ( 7638): | create instance for [type:Factory,primary_type:'com.huami.femalehealth.logiclib.O00000Oo.O00000o']
09-01 14:29:37.623 D/[Koin]  ( 7638): +- get 'com.huami.femalehealth.logiclib.O00000oO.O0000O0o'
09-01 14:29:37.623 D/[Koin]  ( 7638): +- got 'com.huami.femalehealth.logiclib.O00000oO.O0000O0o' in 0.006771 ms
09-01 14:29:37.623 D/[Koin]  ( 7638): +- get 'com.huami.femalehealth.logiclib.O000000o.O00000Oo'
09-01 14:29:37.623 D/[Koin]  ( 7638): +- got 'com.huami.femalehealth.logiclib.O000000o.O00000Oo' in 0.005677 ms
09-01 14:29:37.623 D/[Koin]  ( 7638): +- get 'com.huami.femalehealth.logiclib.db.FemaleHealthDb'
09-01 14:29:37.623 D/[Koin]  ( 7638): +- got 'com.huami.femalehealth.logiclib.db.FemaleHealthDb' in 0.005052 ms
09-01 14:29:37.623 D/[Koin]  ( 7638): +- get 'com.huami.femalehealth.logiclib.O00000Oo.O00000Oo'
09-01 14:29:37.623 D/[Koin]  ( 7638): +- got 'com.huami.femalehealth.logiclib.O00000Oo.O00000Oo' in 0.007916 ms
09-01 14:29:37.623 D/[Koin]  ( 7638): +- get 'com.huami.femalehealth.logiclib.O00000oO.O00oOooO'
09-01 14:29:37.623 D/[Koin]  ( 7638): +- got 'com.huami.femalehealth.logiclib.O00000oO.O00oOooO' in 0.011094 ms
09-01 14:29:37.623 D/[Koin]  ( 7638): +- got 'com.huami.femalehealth.logiclib.O00000Oo.O00000o' in 0.218489 ms
09-01 14:29:37.623 D/[Koin]  ( 7638): +- get 'com.huami.femalehealth.logiclib.O00000Oo.O00000o0'
09-01 14:29:37.623 D/[Koin]  ( 7638): | create instance for [type:Factory,primary_type:'com.huami.femalehealth.logiclib.O00000Oo.O00000o0']
09-01 14:29:37.623 D/[Koin]  ( 7638): +- got 'com.huami.femalehealth.logiclib.O00000Oo.O00000o0' in 0.031562 ms
09-01 14:29:37.623 D/[Koin]  ( 7638): +- got 'com.huami.femalehealth.logiclib.O0000O0o.O00000o' in 0.539114 ms
09-01 14:29:37.624 D/[Koin]  ( 7638): +- got 'com.huami.femalehealth.uilib.O00000o0.O0000Oo' in 1.07599 ms
09-01 14:29:37.627 V/AsyncHttpResponse( 7638): Progress 156 from 156 (100%)
09-01 14:29:37.635 D/Event   ( 7638): No subscribers registered for event class com.xiaomi.hm.health.bodyfat.O00000Oo.O00oOooO
09-01 14:29:37.635 D/Event   ( 7638): No subscribers registered for event class O00000Oo.O000000o.O000000o.O0000Oo0
09-01 14:29:37.641 I/chatty  ( 8588): uid=1002(bluetooth) BT Service Call expire 117 lines
09-01 14:29:37.643 I/chatty  ( 8588): uid=1002(bluetooth) btu message loo expire 264 lines
09-01 14:29:37.646 D/[Koin]  ( 7638): +- get 'com.huami.message.O0000OoO.O0000Oo'
09-01 14:29:37.646 D/[Koin]  ( 7638): | create instance for [type:Factory,primary_type:'com.huami.message.O0000OoO.O0000Oo']
09-01 14:29:37.646 D/[Koin]  ( 7638): +- get 'com.huami.message.O0000OOo.O000000o'
09-01 14:29:37.646 D/[Koin]  ( 7638): | create instance for [type:Factory,primary_type:'com.huami.message.O0000OOo.O000000o']
09-01 14:29:37.646 D/[Koin]  ( 7638): +- get 'com.huami.message.O000000o.O00000o'
09-01 14:29:37.646 D/[Koin]  ( 7638): +- got 'com.huami.message.O000000o.O00000o' in 0.018489 ms
09-01 14:29:37.646 D/[Koin]  ( 7638): +- get 'com.huami.message.db.MessageDb'
09-01 14:29:37.646 D/[Koin]  ( 7638): +- got 'com.huami.message.db.MessageDb' in 0.006719 ms
09-01 14:29:37.646 D/[Koin]  ( 7638): +- get 'com.huami.message.O0000Oo0.O000000o'
09-01 14:29:37.646 D/[Koin]  ( 7638): +- got 'com.huami.message.O0000Oo0.O000000o' in 0.008281 ms
09-01 14:29:37.646 D/[Koin]  ( 7638): +- got 'com.huami.message.O0000OOo.O000000o' in 0.226146 ms
09-01 14:29:37.646 D/[Koin]  ( 7638): +- got 'com.huami.message.O0000OoO.O0000Oo' in 0.423542 ms
09-01 14:29:37.647 V/AsyncHttpResponse( 7638): Progress 357 from 357 (100%)
09-01 14:29:37.656 W/AsyncHttpResponse( 7638): Current thread has not called Looper.prepare().Forcing synchronous mode
09-01 14:29:37.657 W/AsyncHttpResponse( 7638): Current thread has not called Looper.prepare().Forcing synchronous mode
09-01 14:29:37.696 V/AsyncHttpResponse( 7638): Progress 315 from 315 (100%)
09-01 14:29:37.697 V/AsyncHttpResponse( 7638): Progress 162 from 162 (100%)
09-01 14:29:37.702 D/BluetoothGatt( 7638): setCharacteristicNotification() - uuid: 00000003-0000-3512-2118-0009af100700 enable: false
09-01 14:29:37.728 D/[Koin]  ( 7638): +- get 'com.huami.femalehealth.uilib.O00000o0.O00000o0'
09-01 14:29:37.728 D/[Koin]  ( 7638): | create instance for [type:Single,primary_type:'com.huami.femalehealth.uilib.O00000o0.O00000o0']
09-01 14:29:37.728 D/[Koin]  ( 7638): +- get 'android.content.Context'
09-01 14:29:37.728 D/[Koin]  ( 7638): +- got 'android.content.Context' in 0.008489 ms
09-01 14:29:37.728 D/[Koin]  ( 7638): +- got 'com.huami.femalehealth.uilib.O00000o0.O00000o0' in 0.226927 ms
09-01 14:29:37.731 I/AudioTrack( 2503): isLongTimeZoreData zoer date time 39 Seconds
09-01 14:29:37.760 D/[Koin]  ( 7638): +- get 'com.huami.femalehealth.uilib.viewmodel.FemaleMifitViewModel'
09-01 14:29:37.760 D/[Koin]  ( 7638): | create instance for [type:Factory,primary_type:'com.huami.femalehealth.uilib.viewmodel.FemaleMifitViewModel']
09-01 14:29:37.760 D/[Koin]  ( 7638): +- get 'com.huami.femalehealth.logiclib.O0000O0o.O0000O0o'
09-01 14:29:37.760 D/[Koin]  ( 7638): | create instance for [type:Factory,primary_type:'com.huami.femalehealth.logiclib.O0000O0o.O0000O0o']
09-01 14:29:37.760 D/[Koin]  ( 7638): +- get 'com.huami.femalehealth.logiclib.O00000oO.O0000O0o'
09-01 14:29:37.760 D/[Koin]  ( 7638): +- got 'com.huami.femalehealth.logiclib.O00000oO.O0000O0o' in 0.017708 ms
09-01 14:29:37.760 D/[Koin]  ( 7638): +- get 'com.huami.femalehealth.logiclib.O000000o.O00000Oo'
09-01 14:29:37.760 D/[Koin]  ( 7638): +- got 'com.huami.femalehealth.logiclib.O000000o.O00000Oo' in 0.004531 ms
09-01 14:29:37.760 D/[Koin]  ( 7638): +- get 'com.huami.femalehealth.logiclib.O00000oO.O00oOooO'
09-01 14:29:37.760 D/[Koin]  ( 7638): +- got 'com.huami.femalehealth.logiclib.O00000oO.O00oOooO' in 0.004583 ms
09-01 14:29:37.760 D/[Koin]  ( 7638): +- get 'com.huami.femalehealth.logiclib.O00000Oo.O00000o'
09-01 14:29:37.760 D/[Koin]  ( 7638): | create instance for [type:Factory,primary_type:'com.huami.femalehealth.logiclib.O00000Oo.O00000o']
09-01 14:29:37.760 D/[Koin]  ( 7638): +- get 'com.huami.femalehealth.logiclib.O00000oO.O0000O0o'
09-01 14:29:37.760 D/[Koin]  ( 7638): +- got 'com.huami.femalehealth.logiclib.O00000oO.O0000O0o' in 0.005625 ms
09-01 14:29:37.760 D/[Koin]  ( 7638): +- get 'com.huami.femalehealth.logiclib.O000000o.O00000Oo'
09-01 14:29:37.760 D/[Koin]  ( 7638): +- got 'com.huami.femalehealth.logiclib.O000000o.O00000Oo' in 0.005157 ms
09-01 14:29:37.760 D/[Koin]  ( 7638): +- get 'com.huami.femalehealth.logiclib.db.FemaleHealthDb'
09-01 14:29:37.760 D/[Koin]  ( 7638): +- got 'com.huami.femalehealth.logiclib.db.FemaleHealthDb' in 0.00625 ms
09-01 14:29:37.760 D/[Koin]  ( 7638): +- get 'com.huami.femalehealth.logiclib.O00000Oo.O00000Oo'
09-01 14:29:37.760 D/[Koin]  ( 7638): +- got 'com.huami.femalehealth.logiclib.O00000Oo.O00000Oo' in 0.006042 ms
09-01 14:29:37.760 D/[Koin]  ( 7638): +- get 'com.huami.femalehealth.logiclib.O00000oO.O00oOooO'
09-01 14:29:37.760 D/[Koin]  ( 7638): +- got 'com.huami.femalehealth.logiclib.O00000oO.O00oOooO' in 0.005469 ms
09-01 14:29:37.760 D/[Koin]  ( 7638): +- got 'com.huami.femalehealth.logiclib.O00000Oo.O00000o' in 0.175 ms
09-01 14:29:37.760 D/[Koin]  ( 7638): +- got 'com.huami.femalehealth.logiclib.O0000O0o.O0000O0o' in 0.3525 ms
09-01 14:29:37.760 D/[Koin]  ( 7638): +- get 'com.huami.femalehealth.logiclib.O0000O0o.O00000o'
09-01 14:29:37.760 D/[Koin]  ( 7638): | create instance for [type:Factory,primary_type:'com.huami.femalehealth.logiclib.O0000O0o.O00000o']
09-01 14:29:37.760 D/[Koin]  ( 7638): +- get 'com.huami.femalehealth.logiclib.O00000oO.O0000O0o'
09-01 14:29:37.760 D/[Koin]  ( 7638): +- got 'com.huami.femalehealth.logiclib.O00000oO.O0000O0o' in 0.005 ms
09-01 14:29:37.760 D/[Koin]  ( 7638): +- get 'com.huami.femalehealth.logiclib.O000000o.O00000Oo'
09-01 14:29:37.760 D/[Koin]  ( 7638): +- got 'com.huami.femalehealth.logiclib.O000000o.O00000Oo' in 0.004167 ms
09-01 14:29:37.760 D/[Koin]  ( 7638): +- get 'com.huami.femalehealth.logiclib.db.FemaleHealthDb'
09-01 14:29:37.760 D/[Koin]  ( 7638): +- got 'com.huami.femalehealth.logiclib.db.FemaleHealthDb' in 0.004375 ms
09-01 14:29:37.760 D/[Koin]  ( 7638): +- get 'com.huami.femalehealth.logiclib.O00000Oo.O00000o'
09-01 14:29:37.760 D/[Koin]  ( 7638): | create instance for [type:Factory,primary_type:'com.huami.femalehealth.logiclib.O00000Oo.O00000o']
09-01 14:29:37.760 D/[Koin]  ( 7638): +- get 'com.huami.femalehealth.logiclib.O00000oO.O0000O0o'
09-01 14:29:37.760 D/[Koin]  ( 7638): +- got 'com.huami.femalehealth.logiclib.O00000oO.O0000O0o' in 0.004115 ms
09-01 14:29:37.760 D/[Koin]  ( 7638): +- get 'com.huami.femalehealth.logiclib.O000000o.O00000Oo'
09-01 14:29:37.760 D/[Koin]  ( 7638): +- got 'com.huami.femalehealth.logiclib.O000000o.O00000Oo' in 0.004218 ms
09-01 14:29:37.760 D/[Koin]  ( 7638): +- get 'com.huami.femalehealth.logiclib.db.FemaleHealthDb'
09-01 14:29:37.760 D/[Koin]  ( 7638): +- got 'com.huami.femalehealth.logiclib.db.FemaleHealthDb' in 0.004114 ms
09-01 14:29:37.760 D/[Koin]  ( 7638): +- get 'com.huami.femalehealth.logiclib.O00000Oo.O00000Oo'
09-01 14:29:37.760 D/[Koin]  ( 7638): +- got 'com.huami.femalehealth.logiclib.O00000Oo.O00000Oo' in 0.004739 ms
09-01 14:29:37.760 D/[Koin]  ( 7638): +- get 'com.huami.femalehealth.logiclib.O00000oO.O00oOooO'
09-01 14:29:37.760 D/[Koin]  ( 7638): +- got 'com.huami.femalehealth.logiclib.O00000oO.O00oOooO' in 0.021927 ms
09-01 14:29:37.760 D/[Koin]  ( 7638): +- got 'com.huami.femalehealth.logiclib.O00000Oo.O00000o' in 0.183906 ms
09-01 14:29:37.760 D/[Koin]  ( 7638): +- get 'com.huami.femalehealth.logiclib.O00000Oo.O00000o0'
09-01 14:29:37.760 D/[Koin]  ( 7638): | create instance for [type:Factory,primary_type:'com.huami.femalehealth.logiclib.O00000Oo.O00000o0']
09-01 14:29:37.760 D/[Koin]  ( 7638): +- got 'com.huami.femalehealth.logiclib.O00000Oo.O00000o0' in 0.025729 ms
09-01 14:29:37.761 D/[Koin]  ( 7638): +- got 'com.huami.femalehealth.logiclib.O0000O0o.O00000o' in 0.409479 ms
09-01 14:29:37.761 D/[Koin]  ( 7638): +- got 'com.huami.femalehealth.uilib.viewmodel.FemaleMifitViewModel' in 0.948854 ms
09-01 14:29:37.762 D/[Koin]  ( 7638): +- get 'com.huami.femalehealth.uilib.viewmodel.StatusViewModel'
09-01 14:29:37.762 D/[Koin]  ( 7638): | create instance for [type:Factory,primary_type:'com.huami.femalehealth.uilib.viewmodel.StatusViewModel']
09-01 14:29:37.762 D/[Koin]  ( 7638): +- get 'com.huami.femalehealth.logiclib.O0000O0o.O00000o'
09-01 14:29:37.762 D/[Koin]  ( 7638): | create instance for [type:Factory,primary_type:'com.huami.femalehealth.logiclib.O0000O0o.O00000o']
09-01 14:29:37.762 D/[Koin]  ( 7638): +- get 'com.huami.femalehealth.logiclib.O00000oO.O0000O0o'
09-01 14:29:37.762 D/[Koin]  ( 7638): +- got 'com.huami.femalehealth.logiclib.O00000oO.O0000O0o' in 0.033333 ms
09-01 14:29:37.762 D/[Koin]  ( 7638): +- get 'com.huami.femalehealth.logiclib.O000000o.O00000Oo'
09-01 14:29:37.762 D/[Koin]  ( 7638): +- got 'com.huami.femalehealth.logiclib.O000000o.O00000Oo' in 0.005365 ms
09-01 14:29:37.762 D/[Koin]  ( 7638): +- get 'com.huami.femalehealth.logiclib.db.FemaleHealthDb'
09-01 14:29:37.762 D/[Koin]  ( 7638): +- got 'com.huami.femalehealth.logiclib.db.FemaleHealthDb' in 0.005573 ms
09-01 14:29:37.762 D/[Koin]  ( 7638): +- get 'com.huami.femalehealth.logiclib.O00000Oo.O00000o'
09-01 14:29:37.762 D/[Koin]  ( 7638): | create instance for [type:Factory,primary_type:'com.huami.femalehealth.logiclib.O00000Oo.O00000o']
09-01 14:29:37.762 D/[Koin]  ( 7638): +- get 'com.huami.femalehealth.logiclib.O00000oO.O0000O0o'
09-01 14:29:37.762 D/[Koin]  ( 7638): +- got 'com.huami.femalehealth.logiclib.O00000oO.O0000O0o' in 0.005781 ms
09-01 14:29:37.762 D/[Koin]  ( 7638): +- get 'com.huami.femalehealth.logiclib.O000000o.O00000Oo'
09-01 14:29:37.762 D/[Koin]  ( 7638): +- got 'com.huami.femalehealth.logiclib.O000000o.O00000Oo' in 0.003906 ms
09-01 14:29:37.762 D/[Koin]  ( 7638): +- get 'com.huami.femalehealth.logiclib.db.FemaleHealthDb'
09-01 14:29:37.762 D/[Koin]  ( 7638): +- got 'com.huami.femalehealth.logiclib.db.FemaleHealthDb' in 0.005052 ms
09-01 14:29:37.762 D/[Koin]  ( 7638): +- get 'com.huami.femalehealth.logiclib.O00000Oo.O00000Oo'
09-01 14:29:37.762 D/[Koin]  ( 7638): +- got 'com.huami.femalehealth.logiclib.O00000Oo.O00000Oo' in 0.005156 ms
09-01 14:29:37.762 D/[Koin]  ( 7638): +- get 'com.huami.femalehealth.logiclib.O00000oO.O00oOooO'
09-01 14:29:37.762 D/[Koin]  ( 7638): +- got 'com.huami.femalehealth.logiclib.O00000oO.O00oOooO' in 0.005521 ms
09-01 14:29:37.762 D/[Koin]  ( 7638): +- got 'com.huami.femalehealth.logiclib.O00000Oo.O00000o' in 0.168593 ms
09-01 14:29:37.762 D/[Koin]  ( 7638): +- get 'com.huami.femalehealth.logiclib.O00000Oo.O00000o0'
09-01 14:29:37.762 D/[Koin]  ( 7638): | create instance for [type:Factory,primary_type:'com.huami.femalehealth.logiclib.O00000Oo.O00000o0']
09-01 14:29:37.762 D/[Koin]  ( 7638): +- got 'com.huami.femalehealth.logiclib.O00000Oo.O00000o0' in 0.023854 ms
09-01 14:29:37.762 D/[Koin]  ( 7638): +- got 'com.huami.femalehealth.logiclib.O0000O0o.O00000o' in 0.433698 ms
09-01 14:29:37.762 D/[Koin]  ( 7638): +- get 'com.huami.femalehealth.logiclib.O00000Oo.O00000o'
09-01 14:29:37.762 D/[Koin]  ( 7638): | create instance for [type:Factory,primary_type:'com.huami.femalehealth.logiclib.O00000Oo.O00000o']
09-01 14:29:37.762 D/[Koin]  ( 7638): +- get 'com.huami.femalehealth.logiclib.O00000oO.O0000O0o'
09-01 14:29:37.762 D/[Koin]  ( 7638): +- got 'com.huami.femalehealth.logiclib.O00000oO.O0000O0o' in 0.010885 ms
09-01 14:29:37.762 D/[Koin]  ( 7638): +- get 'com.huami.femalehealth.logiclib.O000000o.O00000Oo'
09-01 14:29:37.763 D/[Koin]  ( 7638): +- got 'com.huami.femalehealth.logiclib.O000000o.O00000Oo' in 0.005834 ms
09-01 14:29:37.763 D/[Koin]  ( 7638): +- get 'com.huami.femalehealth.logiclib.db.FemaleHealthDb'
09-01 14:29:37.763 D/[Koin]  ( 7638): +- got 'com.huami.femalehealth.logiclib.db.FemaleHealthDb' in 0.005469 ms
09-01 14:29:37.763 D/[Koin]  ( 7638): +- get 'com.huami.femalehealth.logiclib.O00000Oo.O00000Oo'
09-01 14:29:37.763 D/[Koin]  ( 7638): +- got 'com.huami.femalehealth.logiclib.O00000Oo.O00000Oo' in 0.004792 ms
09-01 14:29:37.763 D/[Koin]  ( 7638): +- get 'com.huami.femalehealth.logiclib.O00000oO.O00oOooO'
09-01 14:29:37.763 D/[Koin]  ( 7638): +- got 'com.huami.femalehealth.logiclib.O00000oO.O00oOooO' in 0.006354 ms
09-01 14:29:37.763 D/[Koin]  ( 7638): +- got 'com.huami.femalehealth.logiclib.O00000Oo.O00000o' in 0.200469 ms
09-01 14:29:37.765 D/[Koin]  ( 7638): +- got 'com.huami.femalehealth.uilib.viewmodel.StatusViewModel' in 3.201563 ms
09-01 14:29:37.784 W/AsyncHttpResponse( 7638): Current thread has not called Looper.prepare().Forcing synchronous mode
09-01 14:29:37.785 I/appium  ( 7566): channel read invoked!
09-01 14:29:37.785 I/appium  ( 7566): channel read: POST /wd/hub/session/3815013e-299e-415b-b512-6f1514a74ec6/element
09-01 14:29:37.786 I/appium  ( 7566): Find element command using '-android uiautomator' with selector 'new UiSelector().text("我的")'.
09-01 14:29:37.786 I/appium  ( 7566): Waiting up to 10000ms for device to be idle
09-01 14:29:37.791 D/BluetoothGatt( 7638): setCharacteristicNotification() - uuid: 00000003-0000-3512-2118-0009af100700 enable: true
09-01 14:29:37.831 W/PushService( 5479): 2020-08-31 23:29:37,831 - [WARN::PushService] - [Thread:658] [Slim] Read {cmd=SECMSG;chid=5;len=419}
09-01 14:29:37.831 W/PushService( 5479): 2020-08-31 23:29:37,831 - [WARN::PushService] - [Thread:658] [Slim] 11:29:37 PM RCV  Blob [SECMSG,5,K8UQ0]
09-01 14:29:37.832 V/AsyncHttpResponse( 7638): Progress 12 from 12 (100%)
09-01 14:29:37.832 W/PushService( 5479): 2020-08-31 23:29:37,832 - [WARN::PushService] - [Thread:293] receive a message, appid=2882303761517163841, msgid= K8UQ0
09-01 14:29:37.837 D/CompatibilityInfo( 1639): mCompatibilityFlags - 0
09-01 14:29:37.837 D/CompatibilityInfo( 1639): applicationDensity - 440
09-01 14:29:37.837 D/CompatibilityInfo( 1639): applicationScale - 1.0
09-01 14:29:37.838 I/chatty  ( 8588): uid=1002(bluetooth) BT Service Call expire 126 lines
09-01 14:29:37.847 I//system/vendor/bin/mi_thermald( 1070): thermal_cpu_set_level: set cpu freq of cpu7 to 2131200
09-01 14:29:37.847 I//system/vendor/bin/mi_thermald( 1070): thermal_cpu_set_level: set cpu freq of cpu4 to 2131200
09-01 14:29:37.876 W/AsyncHttpResponse( 7638): Current thread has not called Looper.prepare().Forcing synchronous mode
09-01 14:29:37.921 V/AsyncHttpResponse( 7638): Progress 12 from 12 (100%)
09-01 14:29:37.960 W/System.err( 7638): java.lang.NoSuchFieldException: No field mObservers in class Landroidx/lifecycle/LiveData; (declaration of 'androidx.lifecycle.LiveData' appears in /data/data/com.xiaomi.hm.health/.jiagu/classes.dex)
09-01 14:29:37.961 W/System.err( 7638): 	at java.lang.Class.getDeclaredField(Native Method)
09-01 14:29:37.961 W/System.err( 7638): 	at com.xiaomi.hm.health.training.api.O00000Oo.O00000Oo$O000000o.O00000o0(LiveDataBus.java:116)
09-01 14:29:37.961 W/System.err( 7638): 	at com.xiaomi.hm.health.training.api.O00000Oo.O00000Oo$O000000o.O000000o(LiveDataBus.java:88)
09-01 14:29:37.961 W/System.err( 7638): 	at com.xiaomi.hm.health.O0000o0O.O000OOo.O0000oOo(StatusNewFragment.java:1408)
09-01 14:29:37.961 W/System.err( 7638): 	at com.xiaomi.hm.health.O0000o0O.O000OOo.onCreateView(StatusNewFragment.java:421)
09-01 14:29:37.961 W/System.err( 7638): 	at androidx.fragment.app.Fragment.performCreateView(Fragment.java:2698)
09-01 14:29:37.961 W/System.err( 7638): 	at androidx.fragment.app.O000O0o.O000000o(FragmentStateManager.java:310)
09-01 14:29:37.961 W/System.err( 7638): 	at androidx.fragment.app.O0000o0.O000000o(FragmentManager.java:1185)
09-01 14:29:37.961 W/System.err( 7638): 	at androidx.fragment.app.O0000o0.O0000O0o(FragmentManager.java:1354)
09-01 14:29:37.961 W/System.err( 7638): 	at androidx.fragment.app.O0000o0.O0000OOo(FragmentManager.java:1432)
09-01 14:29:37.961 W/System.err( 7638): 	at androidx.fragment.app.O0000o0.O000000o(FragmentManager.java:1495)
09-01 14:29:37.961 W/System.err( 7638): 	at androidx.fragment.app.O000000o.O0000OoO(BackStackRecord.java:447)
09-01 14:29:37.961 W/System.err( 7638): 	at androidx.fragment.app.O0000o0.O00000Oo(FragmentManager.java:2167)
09-01 14:29:37.961 W/System.err( 7638): 	at androidx.fragment.app.O0000o0.O000000o(FragmentManager.java:1990)
09-01 14:29:37.961 W/System.err( 7638): 	at androidx.fragment.app.O0000o0.O00000Oo(FragmentManager.java:1945)
09-01 14:29:37.961 W/System.err( 7638): 	at androidx.fragment.app.O0000o0.O00000Oo(FragmentManager.java:1816)
09-01 14:29:37.961 W/System.err( 7638): 	at androidx.fragment.app.O000000o.O0000Oo(BackStackRecord.java:303)
09-01 14:29:37.961 W/System.err( 7638): 	at androidx.fragment.app.O000OO00.finishUpdate(FragmentStatePagerAdapter.java:262)
09-01 14:29:37.961 W/System.err( 7638): 	at androidx.viewpager.widget.ViewPager.populate(ViewPager.java:1244)
09-01 14:29:37.961 W/System.err( 7638): 	at androidx.viewpager.widget.ViewPager.populate(ViewPager.java:1092)
09-01 14:29:37.961 W/System.err( 7638): 	at androidx.viewpager.widget.ViewPager.onMeasure(ViewPager.java:1622)
09-01 14:29:37.961 W/System.err( 7638): 	at android.view.View.measure(View.java:24962)
09-01 14:29:37.961 W/System.err( 7638): 	at android.widget.RelativeLayout.measureChildHorizontal(RelativeLayout.java:735)
09-01 14:29:37.961 W/System.err( 7638): 	at android.widget.RelativeLayout.onMeasure(RelativeLayout.java:481)
09-01 14:29:37.961 W/System.err( 7638): 	at android.view.View.measure(View.java:24962)
09-01 14:29:37.961 W/System.err( 7638): 	at android.view.ViewGroup.measureChildWithMargins(ViewGroup.java:6901)
09-01 14:29:37.961 W/System.err( 7638): 	at android.widget.FrameLayout.onMeasure(FrameLayout.java:194)
09-01 14:29:37.961 W/System.err( 7638): 	at android.view.View.measure(View.java:24962)
09-01 14:29:37.961 W/System.err( 7638): 	at android.view.ViewGroup.measureChildWithMargins(ViewGroup.java:6901)
09-01 14:29:37.961 W/System.err( 7638): 	at android.widget.FrameLayout.onMeasure(FrameLayout.java:194)
09-01 14:29:37.961 W/System.err( 7638): 	at androidx.appcompat.widget.ContentFrameLayout.onMeasure(ContentFrameLayout.java:143)
09-01 14:29:37.961 W/System.err( 7638): 	at android.view.View.measure(View.java:24962)
09-01 14:29:37.961 W/System.err( 7638): 	at android.view.ViewGroup.measureChildWithMargins(ViewGroup.java:6901)
09-01 14:29:37.961 W/System.err( 7638): 	at android.widget.LinearLayout.measureChildBeforeLayout(LinearLayout.java:1552)
09-01 14:29:37.961 W/System.err( 7638): 	at android.widget.LinearLayout.measureVertical(LinearLayout.java:842)
09-01 14:29:37.961 W/System.err( 7638): 	at android.widget.LinearLayout.onMeasure(LinearLayout.java:721)
09-01 14:29:37.961 W/System.err( 7638): 	at android.view.View.measure(View.java:24962)
09-01 14:29:37.961 W/System.err( 7638): 	at android.view.ViewGroup.measureChildWithMargins(ViewGroup.java:6901)
09-01 14:29:37.961 W/System.err( 7638): 	at android.widget.FrameLayout.onMeasure(FrameLayout.java:194)
09-01 14:29:37.961 W/System.err( 7638): 	at android.view.View.measure(View.java:24962)
09-01 14:29:37.961 W/System.err( 7638): 	at android.view.ViewGroup.measureChildWithMargins(ViewGroup.java:6901)
09-01 14:29:37.961 W/System.err( 7638): 	at android.widget.LinearLayout.measureChildBeforeLayout(LinearLayout.java:1552)
09-01 14:29:37.961 W/System.err( 7638): 	at android.widget.LinearLayout.measureVertical(LinearLayout.java:842)
09-01 14:29:37.961 W/System.err( 7638): 	at android.widget.LinearLayout.onMeasure(LinearLayout.java:721)
09-01 14:29:37.961 W/System.err( 7638): 	at android.view.View.measure(View.java:24962)
09-01 14:29:37.961 W/System.err( 7638): 	at android.view.ViewGroup.measureChildWithMargins(ViewGroup.java:6901)
09-01 14:29:37.961 W/System.err( 7638): 	at android.widget.FrameLayout.onMeasure(FrameLayout.java:194)
09-01 14:29:37.961 W/System.err( 7638): 	at com.android.internal.policy.DecorView.onMeasure(DecorView.java:774)
09-01 14:29:37.961 W/System.err( 7638): 	at android.view.View.measure(View.java:24962)
09-01 14:29:37.961 W/System.err( 7638): 	at android.view.ViewRootImpl.performMeasure(ViewRootImpl.java:3087)
09-01 14:29:37.961 W/System.err( 7638): 	at android.view.ViewRootImpl.measureHierarchy(ViewRootImpl.java:1903)
09-01 14:29:37.961 W/System.err( 7638): 	at android.view.ViewRootImpl.performTraversals(ViewRootImpl.java:2195)
09-01 14:29:37.961 W/System.err( 7638): 	at android.view.ViewRootImpl.doTraversal(ViewRootImpl.java:1791)
09-01 14:29:37.961 W/System.err( 7638): 	at android.view.ViewRootImpl$TraversalRunnable.run(ViewRootImpl.java:7783)
09-01 14:29:37.961 W/System.err( 7638): 	at android.view.Choreographer$CallbackRecord.run(Choreographer.java:1031)
09-01 14:29:37.961 W/System.err( 7638): 	at android.view.Choreographer.doCallbacks(Choreographer.java:854)
09-01 14:29:37.961 W/System.err( 7638): 	at android.view.Choreographer.doFrame(Choreographer.java:789)
09-01 14:29:37.961 W/System.err( 7638): 	at android.view.Choreographer$FrameDisplayEventReceiver.run(Choreographer.java:1016)
09-01 14:29:37.961 W/System.err( 7638): 	at android.os.Handler.handleCallback(Handler.java:883)
09-01 14:29:37.961 W/System.err( 7638): 	at android.os.Handler.dispatchMessage(Handler.java:100)
09-01 14:29:37.961 W/System.err( 7638): 	at android.os.Looper.loop(Looper.java:224)
09-01 14:29:37.961 W/System.err( 7638): 	at android.app.ActivityThread.main(ActivityThread.java:7551)
09-01 14:29:37.961 W/System.err( 7638): 	at java.lang.reflect.Method.invoke(Native Method)
09-01 14:29:37.961 W/System.err( 7638): 	at com.android.internal.os.RuntimeInit$MethodAndArgsCaller.run(RuntimeInit.java:539)
09-01 14:29:37.961 W/System.err( 7638): 	at com.android.internal.os.ZygoteInit.main(ZygoteInit.java:950)
09-01 14:29:37.961 W/AsyncHttpResponse( 7638): Current thread has not called Looper.prepare().Forcing synchronous mode
09-01 14:29:37.971 D/BluetoothGatt( 7638): setCharacteristicNotification() - uuid: 00000003-0000-3512-2118-0009af100700 enable: false
09-01 14:29:37.972 I/chatty  ( 8588): uid=1002(bluetooth) Binder:8588_2 expire 1 line
09-01 14:29:37.972 W/AsyncHttpResponse( 7638): Current thread has not called Looper.prepare().Forcing synchronous mode
09-01 14:29:37.978 D/DeviceCenter( 7638): user data:UserData{uid='1092412362', age=27, isMetric=true, weight=75.7, height=242, gender=1, avatarUrl='', avatarPath='', name='username3', isChinaUser=true, buyMifiProUrl='https://api-mifit-cn2.huami.com/apps/redirectPages?lang=zh_CN&userId=1092412362&channel=Normal&redirectType=buy&appplatform=android_phone&cv=113651_4.6.0'}
09-01 14:29:37.979 W/AsyncHttpResponse( 7638): Current thread has not called Looper.prepare().Forcing synchronous mode
09-01 14:29:37.984 W/AsyncHttpResponse( 7638): Current thread has not called Looper.prepare().Forcing synchronous mode
09-01 14:29:37.988 I/chatty  ( 8588): uid=1002(bluetooth) btu message loo expire 139 lines
09-01 14:29:37.989 I/chatty  ( 8588): uid=1002(bluetooth) BT Service Call expire 115 lines
09-01 14:29:38.023 V/AsyncHttpResponse( 7638): Progress 2371 from 2371 (100%)
