09-01 14:29:47.967 W/ExifInterface( 7638): 	at com.O00000o0.O000000o.O00000o.O00000o.O000000o.O0000o00.O000000o(ByteBufferBitmapDecoder.java:33)
09-01 14:29:47.967 W/ExifInterface( 7638): 	at com.O00000o0.O000000o.O00000o.O00000o.O000000o.O0000o00.O000000o(ByteBufferBitmapDecoder.java:16)
09-01 14:29:47.967 W/ExifInterface( 7638): 	at com.O00000o0.O000000o.O00000o.O00000Oo.O0000Oo.O000000o(DecodePath.java:72)
09-01 14:29:47.967 W/ExifInterface( 7638): 	at com.O00000o0.O000000o.O00000o.O00000Oo.O0000Oo.O000000o(DecodePath.java:55)
09-01 14:29:47.967 W/ExifInterface( 7638): 	at com.O00000o0.O000000o.O00000o.O00000Oo.O0000Oo.O000000o(DecodePath.java:45)
09-01 14:29:47.967 W/ExifInterface( 7638): 	at com.O00000o0.O000000o.O00000o.O00000Oo.O000OO.O000000o(LoadPath.java:58)
09-01 14:29:47.967 W/ExifInterface( 7638): 	at com.O00000o0.O000000o.O00000o.O00000Oo.O000OO.O000000o(LoadPath.java:43)
09-01 14:29:47.967 W/ExifInterface( 7638): 	at com.O00000o0.O000000o.O00000o.O00000Oo.O0000Oo0.O000000o(DecodeJob.java:507)
09-01 14:29:47.967 W/ExifInterface( 7638): 	at com.O00000o0.O000000o.O00000o.O00000Oo.O0000Oo0.O000000o(DecodeJob.java:472)
09-01 14:29:47.967 W/ExifInterface( 7638): 	at com.O00000o0.O000000o.O00000o.O00000Oo.O0000Oo0.O000000o(DecodeJob.java:458)
09-01 14:29:47.967 W/ExifInterface( 7638): 	at com.O00000o0.O000000o.O00000o.O00000Oo.O0000Oo0.O0000o0(DecodeJob.java:410)
09-01 14:29:47.967 W/ExifInterface( 7638): 	at com.O00000o0.O000000o.O00000o.O00000Oo.O0000Oo0.O000000o(DecodeJob.java:379)
09-01 14:29:47.967 W/ExifInterface( 7638): 	at com.O00000o0.O000000o.O00000o.O00000Oo.O00000Oo.O000000o(DataCacheGenerator.java:95)
09-01 14:29:47.967 W/ExifInterface( 7638): 	at com.O00000o0.O000000o.O00000o.O00000o0.O00000o$O000000o.O000000o(ByteBufferFileLoader.java:74)
09-01 14:29:47.967 W/ExifInterface( 7638): 	at com.O00000o0.O000000o.O00000o.O00000Oo.O00000Oo.O000000o(DataCacheGenerator.java:75)
09-01 14:29:47.967 W/ExifInterface( 7638): 	at com.O00000o0.O000000o.O00000o.O00000Oo.O0000Oo0.O0000OoO(DecodeJob.java:302)
09-01 14:29:47.967 W/ExifInterface( 7638): 	at com.O00000o0.O000000o.O00000o.O00000Oo.O0000Oo0.O0000Oo0(DecodeJob.java:269)
09-01 14:29:47.967 W/ExifInterface( 7638): 	at com.O00000o0.O000000o.O00000o.O00000Oo.O0000Oo0.run(DecodeJob.java:233)
09-01 14:29:47.967 W/ExifInterface( 7638): 	at java.util.concurrent.ThreadPoolExecutor.runWorker(ThreadPoolExecutor.java:1167)
09-01 14:29:47.967 W/ExifInterface( 7638): 	at java.util.concurrent.ThreadPoolExecutor$Worker.run(ThreadPoolExecutor.java:641)
09-01 14:29:47.967 W/ExifInterface( 7638): 	at java.lang.Thread.run(Thread.java:919)
09-01 14:29:47.967 W/ExifInterface( 7638): 	at com.O00000o0.O000000o.O00000o.O00000Oo.O00000o0.O000000o$O000000o$1.run(GlideExecutor.java:446)
09-01 14:29:47.975 W/ExifInterface( 7638): Invalid image: ExifInterface got an unsupported image format file(ExifInterface supports JPEG and some RAW image formats only) or a corrupted JPEG file to ExifInterface.
09-01 14:29:47.975 W/ExifInterface( 7638): java.io.IOException: Invalid byte order: ffff8950
09-01 14:29:47.975 W/ExifInterface( 7638): 	at android.media.ExifInterface.readByteOrder(ExifInterface.java:3128)
09-01 14:29:47.975 W/ExifInterface( 7638): 	at android.media.ExifInterface.isOrfFormat(ExifInterface.java:2443)
09-01 14:29:47.975 W/ExifInterface( 7638): 	at android.media.ExifInterface.getMimeType(ExifInterface.java:2321)
09-01 14:29:47.975 W/ExifInterface( 7638): 	at android.media.ExifInterface.loadAttributes(ExifInterface.java:1755)
09-01 14:29:47.975 W/ExifInterface( 7638): 	at android.media.ExifInterface.<init>(ExifInterface.java:1449)
09-01 14:29:47.975 W/ExifInterface( 7638): 	at com.O00000o0.O000000o.O00000o.O00000o.O000000o.O000OO0o.O000000o(ExifInterfaceImageHeaderParser.java:40)
09-01 14:29:47.975 W/ExifInterface( 7638): 	at com.O00000o0.O000000o.O00000o.O0000Oo0.O00000Oo(ImageHeaderParserUtils.java:91)
09-01 14:29:47.975 W/ExifInterface( 7638): 	at com.O00000o0.O000000o.O00000o.O00000o.O000000o.O000O0o0.O000000o(Downsampler.java:236)
09-01 14:29:47.975 W/ExifInterface( 7638): 	at com.O00000o0.O000000o.O00000o.O00000o.O000000o.O000O0o0.O000000o(Downsampler.java:206)
09-01 14:29:47.975 W/ExifInterface( 7638): 	at com.O00000o0.O000000o.O00000o.O00000o.O000000o.O000O0o0.O000000o(Downsampler.java:162)
09-01 14:29:47.975 W/ExifInterface( 7638): 	at com.O00000o0.O000000o.O00000o.O00000o.O000000o.O0000o00.O000000o(ByteBufferBitmapDecoder.java:33)
09-01 14:29:47.975 W/ExifInterface( 7638): 	at com.O00000o0.O000000o.O00000o.O00000o.O000000o.O0000o00.O000000o(ByteBufferBitmapDecoder.java:16)
09-01 14:29:47.975 W/ExifInterface( 7638): 	at com.O00000o0.O000000o.O00000o.O00000Oo.O0000Oo.O000000o(DecodePath.java:72)
09-01 14:29:47.975 W/ExifInterface( 7638): 	at com.O00000o0.O000000o.O00000o.O00000Oo.O0000Oo.O000000o(DecodePath.java:55)
09-01 14:29:47.975 W/ExifInterface( 7638): 	at com.O00000o0.O000000o.O00000o.O00000Oo.O0000Oo.O000000o(DecodePath.java:45)
09-01 14:29:47.975 W/ExifInterface( 7638): 	at com.O00000o0.O000000o.O00000o.O00000Oo.O000OO.O000000o(LoadPath.java:58)
09-01 14:29:47.975 W/ExifInterface( 7638): 	at com.O00000o0.O000000o.O00000o.O00000Oo.O000OO.O000000o(LoadPath.java:43)
09-01 14:29:47.975 W/ExifInterface( 7638): 	at com.O00000o0.O000000o.O00000o.O00000Oo.O0000Oo0.O000000o(DecodeJob.java:507)
09-01 14:29:47.975 W/ExifInterface( 7638): 	at com.O00000o0.O000000o.O00000o.O00000Oo.O0000Oo0.O000000o(DecodeJob.java:472)
09-01 14:29:47.975 W/ExifInterface( 7638): 	at com.O00000o0.O000000o.O00000o.O00000Oo.O0000Oo0.O000000o(DecodeJob.java:458)
09-01 14:29:47.975 W/ExifInterface( 7638): 	at com.O00000o0.O000000o.O00000o.O00000Oo.O0000Oo0.O0000o0(DecodeJob.java:410)
09-01 14:29:47.975 W/ExifInterface( 7638): 	at com.O00000o0.O000000o.O00000o.O00000Oo.O0000Oo0.O000000o(DecodeJob.java:379)
09-01 14:29:47.975 W/ExifInterface( 7638): 	at com.O00000o0.O000000o.O00000o.O00000Oo.O00000Oo.O000000o(DataCacheGenerator.java:95)
09-01 14:29:47.975 W/ExifInterface( 7638): 	at com.O00000o0.O000000o.O00000o.O00000o0.O00000o$O000000o.O000000o(ByteBufferFileLoader.java:74)
09-01 14:29:47.975 W/ExifInterface( 7638): 	at com.O00000o0.O000000o.O00000o.O00000Oo.O00000Oo.O000000o(DataCacheGenerator.java:75)
09-01 14:29:47.975 W/ExifInterface( 7638): 	at com.O00000o0.O000000o.O00000o.O00000Oo.O0000Oo0.O0000OoO(DecodeJob.java:302)
09-01 14:29:47.975 W/ExifInterface( 7638): 	at com.O00000o0.O000000o.O00000o.O00000Oo.O0000Oo0.O0000Oo0(DecodeJob.java:269)
09-01 14:29:47.975 W/ExifInterface( 7638): 	at com.O00000o0.O000000o.O00000o.O00000Oo.O0000Oo0.run(DecodeJob.java:233)
09-01 14:29:47.975 W/ExifInterface( 7638): 	at java.util.concurrent.ThreadPoolExecutor.runWorker(ThreadPoolExecutor.java:1167)
09-01 14:29:47.975 W/ExifInterface( 7638): 	at java.util.concurrent.ThreadPoolExecutor$Worker.run(ThreadPoolExecutor.java:641)
09-01 14:29:47.975 W/ExifInterface( 7638): 	at java.lang.Thread.run(Thread.java:919)
09-01 14:29:47.975 W/ExifInterface( 7638): 	at com.O00000o0.O000000o.O00000o.O00000Oo.O00000o0.O000000o$O000000o$1.run(GlideExecutor.java:446)
09-01 14:29:47.978 W/ExifInterface( 7638): Invalid image: ExifInterface got an unsupported image format file(ExifInterface supports JPEG and some RAW image formats only) or a corrupted JPEG file to ExifInterface.
09-01 14:29:47.978 W/ExifInterface( 7638): java.io.IOException: Invalid byte order: ffff8950
09-01 14:29:47.978 W/ExifInterface( 7638): 	at android.media.ExifInterface.readByteOrder(ExifInterface.java:3128)
09-01 14:29:47.978 W/ExifInterface( 7638): 	at android.media.ExifInterface.isOrfFormat(ExifInterface.java:2443)
09-01 14:29:47.978 W/ExifInterface( 7638): 	at android.media.ExifInterface.getMimeType(ExifInterface.java:2321)
09-01 14:29:47.978 W/ExifInterface( 7638): 	at android.media.ExifInterface.loadAttributes(ExifInterface.java:1755)
09-01 14:29:47.978 W/ExifInterface( 7638): 	at android.media.ExifInterface.<init>(ExifInterface.java:1449)
09-01 14:29:47.978 W/ExifInterface( 7638): 	at com.O00000o0.O000000o.O00000o.O00000o.O000000o.O000OO0o.O000000o(ExifInterfaceImageHeaderParser.java:40)
09-01 14:29:47.978 W/ExifInterface( 7638): 	at com.O00000o0.O000000o.O00000o.O0000Oo0.O00000Oo(ImageHeaderParserUtils.java:91)
09-01 14:29:47.978 W/ExifInterface( 7638): 	at com.O00000o0.O000000o.O00000o.O00000o.O000000o.O000O0o0.O000000o(Downsampler.java:236)
09-01 14:29:47.978 W/ExifInterface( 7638): 	at com.O00000o0.O000000o.O00000o.O00000o.O000000o.O000O0o0.O000000o(Downsampler.java:206)
09-01 14:29:47.978 W/ExifInterface( 7638): 	at com.O00000o0.O000000o.O00000o.O00000o.O000000o.O000O0o0.O000000o(Downsampler.java:162)
09-01 14:29:47.978 W/ExifInterface( 7638): 	at com.O00000o0.O000000o.O00000o.O00000o.O000000o.O0000o00.O000000o(ByteBufferBitmapDecoder.java:33)
09-01 14:29:47.978 W/ExifInterface( 7638): 	at com.O00000o0.O000000o.O00000o.O00000o.O000000o.O0000o00.O000000o(ByteBufferBitmapDecoder.java:16)
09-01 14:29:47.978 W/ExifInterface( 7638): 	at com.O00000o0.O000000o.O00000o.O00000Oo.O0000Oo.O000000o(DecodePath.java:72)
09-01 14:29:47.978 W/ExifInterface( 7638): 	at com.O00000o0.O000000o.O00000o.O00000Oo.O0000Oo.O000000o(DecodePath.java:55)
09-01 14:29:47.978 W/ExifInterface( 7638): 	at com.O00000o0.O000000o.O00000o.O00000Oo.O0000Oo.O000000o(DecodePath.java:45)
09-01 14:29:47.978 W/ExifInterface( 7638): 	at com.O00000o0.O000000o.O00000o.O00000Oo.O000OO.O000000o(LoadPath.java:58)
09-01 14:29:47.978 W/ExifInterface( 7638): 	at com.O00000o0.O000000o.O00000o.O00000Oo.O000OO.O000000o(LoadPath.java:43)
09-01 14:29:47.978 W/ExifInterface( 7638): 	at com.O00000o0.O000000o.O00000o.O00000Oo.O0000Oo0.O000000o(DecodeJob.java:507)
09-01 14:29:47.978 W/ExifInterface( 7638): 	at com.O00000o0.O000000o.O00000o.O00000Oo.O0000Oo0.O000000o(DecodeJob.java:472)
09-01 14:29:47.978 W/ExifInterface( 7638): 	at com.O00000o0.O000000o.O00000o.O00000Oo.O0000Oo0.O000000o(DecodeJob.java:458)
09-01 14:29:47.978 W/ExifInterface( 7638): 	at com.O00000o0.O000000o.O00000o.O00000Oo.O0000Oo0.O0000o0(DecodeJob.java:410)
09-01 14:29:47.978 W/ExifInterface( 7638): 	at com.O00000o0.O000000o.O00000o.O00000Oo.O0000Oo0.O000000o(DecodeJob.java:379)
09-01 14:29:47.978 W/ExifInterface( 7638): 	at com.O00000o0.O000000o.O00000o.O00000Oo.O00000Oo.O000000o(DataCacheGenerator.java:95)
09-01 14:29:47.978 W/ExifInterface( 7638): 	at com.O00000o0.O000000o.O00000o.O00000o0.O00000o$O000000o.O000000o(ByteBufferFileLoader.java:74)
09-01 14:29:47.978 W/ExifInterface( 7638): 	at com.O00000o0.O000000o.O00000o.O00000Oo.O00000Oo.O000000o(DataCacheGenerator.java:75)
09-01 14:29:47.978 W/ExifInterface( 7638): 	at com.O00000o0.O000000o.O00000o.O00000Oo.O0000Oo0.O0000OoO(DecodeJob.java:302)
09-01 14:29:47.978 W/ExifInterface( 7638): 	at com.O00000o0.O000000o.O00000o.O00000Oo.O0000Oo0.O0000Oo0(DecodeJob.java:269)
09-01 14:29:47.978 W/ExifInterface( 7638): 	at com.O00000o0.O000000o.O00000o.O00000Oo.O0000Oo0.run(DecodeJob.java:233)
09-01 14:29:47.978 W/ExifInterface( 7638): 	at java.util.concurrent.ThreadPoolExecutor.runWorker(ThreadPoolExecutor.java:1167)
09-01 14:29:47.978 W/ExifInterface( 7638): 	at java.util.concurrent.ThreadPoolExecutor$Worker.run(ThreadPoolExecutor.java:641)
09-01 14:29:47.978 W/ExifInterface( 7638): 	at java.lang.Thread.run(Thread.java:919)
09-01 14:29:47.978 W/ExifInterface( 7638): 	at com.O00000o0.O000000o.O00000o.O00000Oo.O00000o0.O000000o$O000000o$1.run(GlideExecutor.java:446)
09-01 14:29:47.984 V/AsyncHttpResponse( 7638): Progress 866 from 866 (100%)
09-01 14:29:47.993 V/AsyncHttpResponse( 7638): Progress 4096 from 1 (409600%)
09-01 14:29:47.993 V/AsyncHttpResponse( 7638): Progress 4338 from 1 (433800%)
09-01 14:29:48.073 D/WindowManager( 1639): Input focus has changed to Window{a577d0b u0 com.xiaomi.hm.health/com.huami.fittime.ui.profile.ProfileActivity}
09-01 14:29:48.083 E/InputDispatcher( 1639): Window handle Window{c5fe85 u0 com.xiaomi.hm.health/com.huami.fittime.ui.profile.ProfileActivity} has no registered input channel
09-01 14:29:48.102 I/SplashScreenServiceDelegate( 1639): None for com.xiaomi.hm.health
09-01 14:29:48.156 I/chatty  ( 8588): uid=1002(bluetooth) BT Service Call expire 163 lines
09-01 14:29:48.337 I/chatty  (19843): uid=1002 bluetooth@1.0-s expire 10 lines
09-01 14:29:48.351 I//system/vendor/bin/mi_thermald( 1070): thermal_cpu_set_level: set cpu freq of cpu7 to 2016000
09-01 14:29:48.351 I//system/vendor/bin/mi_thermald( 1070): thermal_cpu_set_level: set cpu freq of cpu4 to 2016000
09-01 14:29:48.360 D/MSF.D.QLog(25307): QLog clear logs
09-01 14:29:48.385 I/Timeline( 1639): Timeline: Activity_windows_visible id: ActivityRecord{108eed0 u0 com.xiaomi.hm.health/com.huami.fittime.ui.profile.ProfileActivity t482} time:211354402
09-01 14:29:48.386 D/EventBus(29730): [29730, u0] send(AppTransitionFinishedEvent)
09-01 14:29:48.388 D/EventBus(29730): [29730, u0]  -> ForcedResizableInfoActivityController [0xc4c1163, P1] onBusEvent(AppTransitionFinishedEvent)
09-01 14:29:48.388 D/EventBus(29730): [29730, u0] onBusEvent(AppTransitionFinishedEvent) duration: 28 microseconds, avg: 36
09-01 14:29:48.388 D/EventBus(29730): [29730, u0] send(AppTransitionFinishedEvent)
09-01 14:29:48.388 D/EventBus(29730): [29730, u0]  -> ForcedResizableInfoActivityController [0xc4c1163, P1] onBusEvent(AppTransitionFinishedEvent)
09-01 14:29:48.388 D/EventBus(29730): [29730, u0] onBusEvent(AppTransitionFinishedEvent) duration: 10 microseconds, avg: 36
09-01 14:29:48.388 I/Timeline( 1639): Timeline: App_transition_stopped time:211354405
09-01 14:29:48.391 D/ActivityTrigger( 1639): ActivityTrigger activityStopTrigger 
09-01 14:29:48.476 I/chatty  ( 8588): uid=1002(bluetooth) BT Service Call expire 160 lines
09-01 14:29:48.486 I/chatty  ( 8588): uid=1002(bluetooth) btu message loo expire 183 lines
09-01 14:29:48.747 I/chatty  ( 8588): uid=1002(bluetooth) BT Service Call expire 328 lines
09-01 14:29:48.885 I/appium  ( 7566): AppiumResponse: {"sessionId":"3815013e-299e-415b-b512-6f1514a74ec6","value":{"ELEMENT":"c10e23b5-7e38-4287-9836-1fe757e25cb2","element-6066-11e4-a52e-4f735466cecf":"c10e23b5-7e38-4287-9836-1fe757e25cb2"}}
09-01 14:29:48.898 I/appium  ( 7566): channel read invoked!
09-01 14:29:48.898 I/appium  ( 7566): channel read: POST /wd/hub/session/3815013e-299e-415b-b512-6f1514a74ec6/element/c10e23b5-7e38-4287-9836-1fe757e25cb2/click
09-01 14:29:48.899 I/appium  ( 7566): Click element command
09-01 14:29:48.907 I/AudioTrack( 2503): isLongTimeZoreData zoer date time 50 Seconds
09-01 14:29:48.920 I/Timeline( 7638): Timeline: Activity_launch_request time:211354936
09-01 14:29:48.920 I/SplashScreenServiceDelegate( 1639): None for com.xiaomi.hm.health
09-01 14:29:48.920 I/ActivityTaskManager( 1639): START u0 {flg=0x10000000 cmp=com.xiaomi.hm.health/com.huami.fittime.ui.post.PostDetailActivity (has extras)} from uid 10241
09-01 14:29:48.924 D/CompatibilityInfo( 1639): mCompatibilityFlags - 0
09-01 14:29:48.924 D/CompatibilityInfo( 1639): applicationDensity - 440
09-01 14:29:48.924 D/CompatibilityInfo( 1639): applicationScale - 1.0
09-01 14:29:48.924 D/ActivityTrigger( 1639): ActivityTrigger activityPauseTrigger 
09-01 14:29:48.930 I/appium  ( 7566): Waiting up to 10000ms for device to be idle
09-01 14:29:48.931 I/appium  ( 7566): AppiumResponse: {"sessionId":"3815013e-299e-415b-b512-6f1514a74ec6","value":null}
09-01 14:29:48.940 I/ActivityTaskManager( 1639): The Process com.xiaomi.hm.health Already Exists in BG. So sending its PID: 7638
09-01 14:29:48.941 D/CompatibilityInfo( 1639): mCompatibilityFlags - 0
09-01 14:29:48.941 D/CompatibilityInfo( 1639): applicationDensity - 440
09-01 14:29:48.941 D/CompatibilityInfo( 1639): applicationScale - 1.0
09-01 14:29:48.941 D/WindowManager( 1639): Input focus has changed to null
09-01 14:29:48.942 I/Timeline( 1639): Timeline: App_transition_ready time:211354959
09-01 14:29:48.943 W/ActivityThread( 7638): handleWindowVisibility: no activity for token android.os.BinderProxy@365c669
09-01 14:29:48.946 I/appium  ( 7566): channel read invoked!
09-01 14:29:48.946 I/appium  ( 7566): channel read: POST /wd/hub/session/3815013e-299e-415b-b512-6f1514a74ec6/element
09-01 14:29:48.946 I/appium  ( 7566): Find element command using 'id' with selector 'comment_number'.
09-01 14:29:48.946 I/appium  ( 7566): Waiting up to 10000ms for device to be idle
09-01 14:29:48.952 I/chatty  ( 8588): uid=1002(bluetooth) btu message loo expire 172 lines
09-01 14:29:48.956 D/ViewContentFactory( 7638): initViewContentFetcherClass
09-01 14:29:48.956 I/ContentCatcher( 7638): ViewContentFetcher : ViewContentFetcher
09-01 14:29:48.956 D/ViewContentFactory( 7638): createInterceptor took 0ms
09-01 14:29:48.971 D/BaseTitleActivity( 7638): setStyle BACK_AND_TITLE title  darkMode true color 0
09-01 14:29:48.977 D/[Koin]  ( 7638): +- get 'com.huami.fittime.O00000oO.O00oOooO'
09-01 14:29:48.977 D/[Koin]  ( 7638): +- got 'com.huami.fittime.O00000oO.O00oOooO' in 0.030416 ms
09-01 14:29:48.978 D/[Koin]  ( 7638): +- get 'com.huami.fittime.ui.post.O0000o0'
09-01 14:29:48.979 D/[Koin]  ( 7638): | create instance for [type:Factory,primary_type:'com.huami.fittime.ui.post.O0000o0']
09-01 14:29:48.979 D/[Koin]  ( 7638): +- get 'com.huami.fittime.ui.post.O000OO00'
09-01 14:29:48.979 D/[Koin]  ( 7638): | create instance for [type:Factory,primary_type:'com.huami.fittime.ui.post.O000OO00']
09-01 14:29:48.979 D/[Koin]  ( 7638): +- get 'com.huami.fittime.O00000oo.O00O0Oo'
09-01 14:29:48.979 D/[Koin]  ( 7638): +- got 'com.huami.fittime.O00000oo.O00O0Oo' in 0.013177 ms
09-01 14:29:48.979 D/[Koin]  ( 7638): +- get 'com.huami.fittime.db.FitTimeDb'
09-01 14:29:48.979 D/[Koin]  ( 7638): +- got 'com.huami.fittime.db.FitTimeDb' in 0.00625 ms
09-01 14:29:48.979 D/[Koin]  ( 7638): +- get 'com.huami.fittime.O000000o.O00000o'
09-01 14:29:48.979 D/[Koin]  ( 7638): +- got 'com.huami.fittime.O000000o.O00000o' in 0.005833 ms
09-01 14:29:48.979 D/[Koin]  ( 7638): +- get 'com.huami.fittime.O00000oo.O00O0o00'
09-01 14:29:48.979 D/[Koin]  ( 7638): +- got 'com.huami.fittime.O00000oo.O00O0o00' in 0.005312 ms
09-01 14:29:48.979 D/[Koin]  ( 7638): +- got 'com.huami.fittime.ui.post.O000OO00' in 0.218646 ms
09-01 14:29:48.979 D/[Koin]  ( 7638): +- get 'com.huami.fittime.O00000o.O00000Oo.O000000o'
09-01 14:29:48.979 D/[Koin]  ( 7638): | create instance for [type:Factory,primary_type:'com.huami.fittime.O00000o.O00000Oo.O000000o']
09-01 14:29:48.979 D/[Koin]  ( 7638): +- get 'com.huami.fittime.O00000oo.O00O0Oo'
09-01 14:29:48.979 D/[Koin]  ( 7638): +- got 'com.huami.fittime.O00000oo.O00O0Oo' in 0.005625 ms
09-01 14:29:48.979 D/[Koin]  ( 7638): +- get 'com.huami.fittime.O000000o.O00000o'
09-01 14:29:48.979 D/[Koin]  ( 7638): +- got 'com.huami.fittime.O000000o.O00000o' in 0.005417 ms
09-01 14:29:48.979 D/[Koin]  ( 7638): +- get 'com.huami.fittime.db.FitTimeDb'
09-01 14:29:48.979 D/[Koin]  ( 7638): +- got 'com.huami.fittime.db.FitTimeDb' in 0.004479 ms
09-01 14:29:48.979 D/[Koin]  ( 7638): +- get 'com.huami.fittime.ui.base.O00000o0.O000000o'
09-01 14:29:48.979 D/[Koin]  ( 7638): | create instance for [type:Factory,primary_type:'com.huami.fittime.ui.base.O00000o0.O000000o']
09-01 14:29:48.979 D/[Koin]  ( 7638): +- get 'com.huami.training.O0000O0o.O000000o.O00000o0'
09-01 14:29:48.979 D/[Koin]  ( 7638): | create instance for [type:Factory,primary_type:'com.huami.training.O0000O0o.O000000o.O00000o0']
09-01 14:29:48.979 D/[Koin]  ( 7638): +- get 'com.huami.training.O0000o0.O000OO0o'
09-01 14:29:48.979 D/[Koin]  ( 7638): | create instance for [type:Factory,primary_type:'com.huami.training.O0000o0.O000OO0o']
09-01 14:29:48.979 D/[Koin]  ( 7638): +- get 'com.huami.training.O0000Oo.O000000o'
09-01 14:29:48.979 D/[Koin]  ( 7638): +- got 'com.huami.training.O0000Oo.O000000o' in 0.006302 ms
09-01 14:29:48.979 D/[Koin]  ( 7638): +- get 'com.huami.training.O0000OOo.O000OO0o'
09-01 14:29:48.979 D/[Koin]  ( 7638): +- got 'com.huami.training.O0000OOo.O000OO0o' in 0.006562 ms
09-01 14:29:48.979 D/[Koin]  ( 7638): +- get 'com.huami.training.db.TrainingDb'
09-01 14:29:48.979 D/[Koin]  ( 7638): +- got 'com.huami.training.db.TrainingDb' in 0.005312 ms
09-01 14:29:48.979 D/[Koin]  ( 7638): +- get 'com.huami.training.O000000o.O000OO0o'
09-01 14:29:48.979 D/[Koin]  ( 7638): +- got 'com.huami.training.O000000o.O000OO0o' in 0.005833 ms
09-01 14:29:48.979 D/[Koin]  ( 7638): +- got 'com.huami.training.O0000o0.O000OO0o' in 0.183803 ms
09-01 14:29:48.979 D/[Koin]  ( 7638): +- got 'com.huami.training.O0000O0o.O000000o.O00000o0' in 0.241406 ms
09-01 14:29:48.979 D/[Koin]  ( 7638): +- got 'com.huami.fittime.ui.base.O00000o0.O000000o' in 0.308282 ms
09-01 14:29:48.979 D/[Koin]  ( 7638): +- got 'com.huami.fittime.O00000o.O00000Oo.O000000o' in 0.524896 ms
09-01 14:29:48.979 D/[Koin]  ( 7638): +- get 'com.huami.fittime.ui.O000000o.O00000Oo'
09-01 14:29:48.980 D/[Koin]  ( 7638): | create instance for [type:Factory,primary_type:'com.huami.fittime.ui.O000000o.O00000Oo']
09-01 14:29:48.980 D/[Koin]  ( 7638): +- get 'com.huami.fittime.O00000oo.O00O0Oo'
09-01 14:29:48.980 D/[Koin]  ( 7638): +- got 'com.huami.fittime.O00000oo.O00O0Oo' in 0.005365 ms
09-01 14:29:48.980 D/[Koin]  ( 7638): +- get 'com.huami.fittime.O000000o.O00000o'
09-01 14:29:48.980 D/[Koin]  ( 7638): +- got 'com.huami.fittime.O000000o.O00000o' in 0.004948 ms
09-01 14:29:48.980 D/[Koin]  ( 7638): +- got 'com.huami.fittime.ui.O000000o.O00000Oo' in 0.092969 ms
09-01 14:29:48.980 D/[Koin]  ( 7638): +- get 'com.huami.fittime.ui.O00000Oo.O00000o'
09-01 14:29:48.980 D/[Koin]  ( 7638): | create instance for [type:Factory,primary_type:'com.huami.fittime.ui.O00000Oo.O00000o']
09-01 14:29:48.980 D/[Koin]  ( 7638): +- get 'com.huami.fittime.ui.O00000Oo.O00000o0'
09-01 14:29:48.980 D/[Koin]  ( 7638): | create instance for [type:Factory,primary_type:'com.huami.fittime.ui.O00000Oo.O00000o0']
09-01 14:29:48.980 D/[Koin]  ( 7638): +- get 'com.huami.fittime.O00000oo.O00O0Oo'
09-01 14:29:48.980 D/[Koin]  ( 7638): +- got 'com.huami.fittime.O00000oo.O00O0Oo' in 0.005 ms
09-01 14:29:48.980 D/[Koin]  ( 7638): +- get 'com.huami.fittime.db.FitTimeDb'
09-01 14:29:48.980 D/[Koin]  ( 7638): +- got 'com.huami.fittime.db.FitTimeDb' in 0.005156 ms
09-01 14:29:48.980 D/[Koin]  ( 7638): +- get 'com.huami.fittime.O000000o.O00000o'
09-01 14:29:48.980 D/[Koin]  ( 7638): +- got 'com.huami.fittime.O000000o.O00000o' in 0.005 ms
09-01 14:29:48.980 D/[Koin]  ( 7638): +- get 'com.huami.fittime.O00000oo.O00O0o00'
09-01 14:29:48.980 D/[Koin]  ( 7638): +- got 'com.huami.fittime.O00000oo.O00O0o00' in 0.005157 ms
09-01 14:29:48.980 D/[Koin]  ( 7638): +- got 'com.huami.fittime.ui.O00000Oo.O00000o0' in 0.612031 ms
09-01 14:29:48.980 D/[Koin]  ( 7638): +- get 'com.huami.fittime.O00000oo.O00O0Oo'
09-01 14:29:48.980 D/[Koin]  ( 7638): +- got 'com.huami.fittime.O00000oo.O00O0Oo' in 0.015521 ms
09-01 14:29:48.980 D/[Koin]  ( 7638): +- get 'com.huami.fittime.db.FitTimeDb'
09-01 14:29:48.980 D/[Koin]  ( 7638): +- got 'com.huami.fittime.db.FitTimeDb' in 0.005729 ms
09-01 14:29:48.981 D/[Koin]  ( 7638): +- got 'com.huami.fittime.ui.O00000Oo.O00000o' in 0.90974 ms
09-01 14:29:48.981 D/[Koin]  ( 7638): +- get 'com.huami.fittime.ui.comment.O000O0o0'
09-01 14:29:48.981 D/[Koin]  ( 7638): | create instance for [type:Factory,primary_type:'com.huami.fittime.ui.comment.O000O0o0']
09-01 14:29:48.981 D/[Koin]  ( 7638): +- get 'com.huami.fittime.O00000oo.O00O0Oo'
09-01 14:29:48.981 D/[Koin]  ( 7638): +- got 'com.huami.fittime.O00000oo.O00O0Oo' in 0.00698 ms
09-01 14:29:48.981 D/[Koin]  ( 7638): +- get 'com.huami.fittime.db.FitTimeDb'
09-01 14:29:48.981 D/[Koin]  ( 7638): +- got 'com.huami.fittime.db.FitTimeDb' in 0.005364 ms
09-01 14:29:48.981 D/[Koin]  ( 7638): +- get 'com.huami.fittime.O000000o.O00000o'
09-01 14:29:48.981 D/[Koin]  ( 7638): +- got 'com.huami.fittime.O000000o.O00000o' in 0.004792 ms
09-01 14:29:48.981 D/[Koin]  ( 7638): +- get 'com.huami.fittime.O00000oo.O00O0o00'
09-01 14:29:48.981 D/[Koin]  ( 7638): +- got 'com.huami.fittime.O00000oo.O00O0o00' in 0.005989 ms
09-01 14:29:48.982 D/[Koin]  ( 7638): +- got 'com.huami.fittime.ui.comment.O000O0o0' in 1.211354 ms
09-01 14:29:48.983 D/[Koin]  ( 7638): +- got 'com.huami.fittime.ui.post.O0000o0' in 4.001823 ms
09-01 14:29:48.991 D/RecentsImpl( 7676): mActivityStateObserver com.huami.fittime.ui.post.PostDetailActivity
09-01 14:29:49.005 W/AsyncHttpResponse( 7638): Current thread has not called Looper.prepare().Forcing synchronous mode
09-01 14:29:49.005 I/Timeline( 1639): Timeline: App_transition_ready time:211355022
09-01 14:29:49.006 I/Timeline( 1639): Timeline: App_transition_ready time:211355023
09-01 14:29:49.006 D/WindowManager( 1639): Input focus has changed to Window{2395a48 u0 com.xiaomi.hm.health/com.huami.fittime.ui.post.PostDetailActivity}
09-01 14:29:49.025 I/Timeline( 1639): Timeline: App_transition_ready time:211355042
09-01 14:29:49.027 W/ByMatcher( 7566): Node returned null child: android.view.accessibility.AccessibilityNodeInfo@155b14; boundsInParent: Rect(0, 0 - 1080, 1839); boundsInScreen: Rect(0, 1008 - 1080, 2210); packageName: com.xiaomi.hm.health; className: androidx.viewpager.widget.ViewPager; text: null; error: null; maxTextLength: -1; contentDescription: null; tooltipText: null; viewIdResName: com.xiaomi.hm.health:id/view_pager; checkable: false; checked: false; focusable: true; focused: false; selected: false; clickable: false; longClickable: false; contextClickable: false; enabled: true; password: false; scrollable: true; importantForAccessibility: true; visible: true; actions: [AccessibilityAction: ACTION_FOCUS - null, AccessibilityAction: ACTION_SELECT - null, AccessibilityAction: ACTION_CLEAR_SELECTION - null, AccessibilityAction: ACTION_ACCESSIBILITY_FOCUS - null, AccessibilityAction: ACTION_SCROLL_FORWARD - null, AccessibilityAction: ACTION_SHOW_ON_SCREEN - null]
09-01 14:29:49.028 W/ByMatcher( 7566): Skipping null child (1 of 2)
09-01 14:29:49.028 W/ByMatcher( 7566): Node returned null child: android.view.accessibility.AccessibilityNodeInfo@80006e41; boundsInParent: Rect(0, 0 - 1080, 2340); boundsInScreen: Rect(0, 0 - 1080, 2340); packageName: com.xiaomi.hm.health; className: android.widget.FrameLayout; text: null; error: null; maxTextLength: -1; contentDescription: null; tooltipText: null; viewIdResName: null; checkable: false; checked: false; focusable: false; focused: false; selected: false; clickable: false; longClickable: false; contextClickable: false; enabled: true; password: false; scrollable: false; importantForAccessibility: true; visible: true; actions: [AccessibilityAction: ACTION_SELECT - null, AccessibilityAction: ACTION_CLEAR_SELECTION - null, AccessibilityAction: ACTION_ACCESSIBILITY_FOCUS - null, AccessibilityAction: ACTION_SHOW_ON_SCREEN - null]
09-01 14:29:49.028 W/ByMatcher( 7566): Skipping null child (1 of 3)
09-01 14:29:49.031 I/SplashScreenServiceDelegate( 1639): None for com.xiaomi.hm.health
09-01 14:29:49.032 W/ByMatcher( 7566): Skipping null child (2 of 3)
09-01 14:29:49.034 W/ByMatcher( 7566): Node returned null child: android.view.accessibility.AccessibilityNodeInfo@80006e41; boundsInParent: Rect(0, 0 - 1080, 2340); boundsInScreen: Rect(0, 0 - 1080, 2340); packageName: com.xiaomi.hm.health; className: android.widget.FrameLayout; text: null; error: null; maxTextLength: -1; contentDescription: null; tooltipText: null; viewIdResName: null; checkable: false; checked: false; focusable: false; focused: false; selected: false; clickable: false; longClickable: false; contextClickable: false; enabled: true; password: false; scrollable: false; importantForAccessibility: true; visible: true; actions: [AccessibilityAction: ACTION_SELECT - null, AccessibilityAction: ACTION_CLEAR_SELECTION - null, AccessibilityAction: ACTION_ACCESSIBILITY_FOCUS - null, AccessibilityAction: ACTION_SHOW_ON_SCREEN - null]
09-01 14:29:49.034 W/ByMatcher( 7566): Skipping null child (0 of 3)
09-01 14:29:49.035 I/ActivityTaskManager( 1639): Displayed com.xiaomi.hm.health/com.huami.fittime.ui.post.PostDetailActivity: +104ms
09-01 14:29:49.035 W/ByMatcher( 7566): Skipping null child (1 of 3)
09-01 14:29:49.036 W/ByMatcher( 7566): Skipping null child (2 of 3)
09-01 14:29:49.038 I/appium  ( 7566): AppiumResponse: {"sessionId":"3815013e-299e-415b-b512-6f1514a74ec6","value":{"error":"no such element","message":"An element could not be located on the page using the given search parameters","stacktrace":"io.appium.uiautomator2.common.exceptions.ElementNotFoundException: An element could not be located on the ...
09-01 14:29:49.052 W/RecentsModel( 7676): onTaskStackChangedBackground: start loading
09-01 14:29:49.053 W/RecentsModel( 7676): getTaskInfoIgnoreHomeAndSplit   taskInfo=ComponentInfo{com.xiaomi.hm.health/com.xiaomi.hm.health.activity.MainTabActivity}
09-01 14:29:49.054 W/RecentsModel( 7676): getTaskInfoIgnoreHomeAndFreeform   taskInfo=ComponentInfo{com.xiaomi.hm.health/com.xiaomi.hm.health.activity.MainTabActivity}
09-01 14:29:49.055 W/RecentsModel( 7676): getTaskInfoIgnoreFreeform   taskInfo=ComponentInfo{com.xiaomi.hm.health/com.xiaomi.hm.health.activity.MainTabActivity}
09-01 14:29:49.055 W/RecentsModel( 7676): onTaskStackChangedBackground: finishLoading loading
09-01 14:29:49.066 V/AsyncHttpResponse( 7638): Progress 1982 from 1982 (100%)
09-01 14:29:49.216 I/chatty  ( 8588): uid=1002(bluetooth) BT Service Call expire 320 lines
09-01 14:29:49.352 I//system/vendor/bin/mi_thermald( 1070): thermal_cpu_set_level: set cpu freq of cpu7 to 2016000
09-01 14:29:49.352 I//system/vendor/bin/mi_thermald( 1070): thermal_cpu_set_level: set cpu freq of cpu4 to 2016000
09-01 14:29:49.420 I/chatty  ( 8588): uid=1002(bluetooth) btu message loo expire 184 lines
09-01 14:29:49.525 I/Timeline( 1639): Timeline: Activity_windows_visible id: ActivityRecord{75662cf u0 com.xiaomi.hm.health/com.huami.fittime.ui.post.PostDetailActivity t482} time:211355542
09-01 14:29:49.525 D/ActivityTrigger( 1639): ActivityTrigger activityStopTrigger 
09-01 14:29:49.526 D/EventBus(29730): [29730, u0] send(AppTransitionFinishedEvent)
09-01 14:29:49.527 I/Timeline( 1639): Timeline: App_transition_stopped time:211355544
09-01 14:29:49.528 D/EventBus(29730): [29730, u0]  -> ForcedResizableInfoActivityController [0xc4c1163, P1] onBusEvent(AppTransitionFinishedEvent)
09-01 14:29:49.520 W/memtrack@1.0-se(  787): type=1400 audit(0.0:63756): avc: denied { search } for name="kgsl" dev="sysfs" ino=55624 scontext=u:r:hal_memtrack_default:s0 tcontext=u:object_r:sysfs_kgsl:s0 tclass=dir permissive=0
09-01 14:29:49.520 W/memtrack@1.0-se(  787): type=1400 audit(0.0:63757): avc: denied { search } for name="kgsl" dev="sysfs" ino=55624 scontext=u:r:hal_memtrack_default:s0 tcontext=u:object_r:sysfs_kgsl:s0 tclass=dir permissive=0
09-01 14:29:49.528 D/EventBus(29730): [29730, u0] onBusEvent(AppTransitionFinishedEvent) duration: 41 microseconds, avg: 36
09-01 14:29:49.529 D/EventBus(29730): [29730, u0] send(AppTransitionFinishedEvent)
09-01 14:29:49.529 D/EventBus(29730): [29730, u0]  -> ForcedResizableInfoActivityController [0xc4c1163, P1] onBusEvent(AppTransitionFinishedEvent)
09-01 14:29:49.529 D/EventBus(29730): [29730, u0] onBusEvent(AppTransitionFinishedEvent) duration: 31 microseconds, avg: 36
09-01 14:29:49.551 I/appium  ( 7566): channel read invoked!
09-01 14:29:49.552 I/appium  ( 7566): channel read: POST /wd/hub/session/3815013e-299e-415b-b512-6f1514a74ec6/element
09-01 14:29:49.553 I/appium  ( 7566): Find element command using 'id' with selector 'comment_number'.
09-01 14:29:49.554 I/appium  ( 7566): Waiting up to 10000ms for device to be idle
09-01 14:29:49.621 I/chatty  ( 8588): uid=1002(bluetooth) BT Service Call expire 115 lines
09-01 14:29:49.703 D/MiWallpaper-MarsSuperWallpaper( 2503): MSG_UNITY_PAUSE
09-01 14:29:49.703 W/Unity   ( 2503): Not running Unity from an Activity; ignored...
09-01 14:29:49.708 D/MiWallpaper-MarsSuperWallpaper( 2503): unityPause
09-01 14:29:49.711 D/        ( 2503): PlayerBase::stop() from IPlayer
09-01 14:29:49.711 D/AudioTrack( 2503): stop(sessionID=9)
09-01 14:29:49.711 D/AudioTrack( 2503): stop(26): called with 1043520 frames delivered
09-01 14:29:49.711 E/AudioFlinger(  849): open /proc/2503/cmdline error
09-01 14:29:49.711 I/AudioFlinger(  849): setAppName(), name=[], active=[0]
09-01 14:29:49.712 V/EffectMiSound(  771): MiSound_command() start, cmdCode=23
09-01 14:29:49.712 V/EffectMiSound(  771): MiSound_Command EFFECT_CMD_SET_APP_NAME: stream=3, name=-
09-01 14:29:49.714 I/chatty  ( 8588): uid=1002(bluetooth) BluetoothAvrcpH expire 66 lines
09-01 14:29:49.719 I/sensors-hal(  791): batch:180, android.sensor.accelerometer/56, period=200000000, max_latency=0
09-01 14:29:49.720 I/sensors-hal(  791): batch:189, android.sensor.accelerometer/56, period=200000000, max_latency=0 request completed
09-01 14:29:49.757 I/appium  ( 7566): AppiumResponse: {"sessionId":"3815013e-299e-415b-b512-6f1514a74ec6","value":{"ELEMENT":"986405de-fdc4-41bd-995a-11cb5fc9f620","element-6066-11e4-a52e-4f735466cecf":"986405de-fdc4-41bd-995a-11cb5fc9f620"}}
09-01 14:29:49.786 I/appium  ( 7566): channel read invoked!
09-01 14:29:49.786 I/appium  ( 7566): channel read: GET /wd/hub/session/3815013e-299e-415b-b512-6f1514a74ec6/element/986405de-fdc4-41bd-995a-11cb5fc9f620/attribute/text
09-01 14:29:49.787 I/appium  ( 7566): get attribute of element command
09-01 14:29:49.798 I/appium  ( 7566): AppiumResponse: {"sessionId":"3815013e-299e-415b-b512-6f1514a74ec6","value":"1"}
09-01 14:29:49.808 I/chatty  ( 8588): uid=1002(bluetooth) BT Service Call expire 159 lines
09-01 14:29:49.809 D/APM_AudioPolicyManager(  849): stopOutput portId 26
09-01 14:29:49.809 D/APM_AudioPolicyManager(  849): stopOutput() output 13, stream 3, session 9
09-01 14:29:49.809 D/APM_AudioPolicyManager(  849): getNewOutputDevices selected devices AUDIO_DEVICE_NONE
09-01 14:29:49.809 D/APM_AudioPolicyManager(  849): setOutputDevices device AUDIO_DEVICE_NONE delayMs 96 force 0
09-01 14:29:49.809 I/chatty  ( 8588): uid=1002(bluetooth) btu message loo expire 91 lines
09-01 14:29:49.810 D/APM_AudioPolicyManager(  849): setOutputDevices setting same device AUDIO_DEVICE_NONE or null device, force=0, patch handle=4
09-01 14:29:49.811 D/msm8974_platform(  771): platform_split_snd_device: snd_device(2) num devices(1) new_snd_devices(0)
09-01 14:29:49.811 D/ACDB-LOADER(  771): ACDB -> send_audvoltable
09-01 14:29:49.811 D/ACDB-LOADER(  771): ACDB -> ACDB_CMD_GET_AUDPROC_INSTANCE_GAIN_DEP_STEP_TABLE_SIZE
09-01 14:29:49.811 D/ACDB-LOADER(  771): ACDB -> ACDB_CMD_GET_AUDPROC_INSTANCE_GAIN_DEP_STEP_TABLE, vol index 0
09-01 14:29:49.811 D/ACDB-LOADER(  771): ACDB -> AUDIO_SET_VOL_CAL cal type = 40
09-01 14:29:49.811 W/msm8974_platform(  771): platform_send_gain_dep_cal: Usecase list is empty
09-01 14:29:49.836 I/appium  ( 7566): channel read invoked!
09-01 14:29:49.837 I/appium  ( 7566): channel read: POST /wd/hub/session/3815013e-299e-415b-b512-6f1514a74ec6/element
09-01 14:29:49.839 I/appium  ( 7566): Find element command using 'id' with selector 'tv_input'.
09-01 14:29:49.839 I/appium  ( 7566): Waiting up to 10000ms for device to be idle
09-01 14:29:49.856 I/appium  ( 7566): AppiumResponse: {"sessionId":"3815013e-299e-415b-b512-6f1514a74ec6","value":{"ELEMENT":"68382adb-3bd5-43b4-9b90-0edf5f18ea0e","element-6066-11e4-a52e-4f735466cecf":"68382adb-3bd5-43b4-9b90-0edf5f18ea0e"}}
09-01 14:29:49.884 I/appium  ( 7566): channel read invoked!
09-01 14:29:49.884 I/appium  ( 7566): channel read: POST /wd/hub/session/3815013e-299e-415b-b512-6f1514a74ec6/element/68382adb-3bd5-43b4-9b90-0edf5f18ea0e/click
09-01 14:29:49.885 I/appium  ( 7566): Click element command
09-01 14:29:49.918 I/chatty  (19843): uid=1002 bluetooth@1.0-s expire 5 lines
09-01 14:29:49.926 I/appium  ( 7566): Waiting up to 10000ms for device to be idle
09-01 14:29:49.938 D/WindowManager( 1639): Input focus has changed to Window{d985b7 u0 com.xiaomi.hm.health/com.huami.fittime.ui.post.PostDetailActivity}
09-01 14:29:49.961 I/AutofillManagerServiceImpl( 1639): Prune session 394952049 (Token{b904aa8 null})
09-01 14:29:49.962 D/AutofillUI( 1639): destroySaveUiUiThread(): already destroyed
09-01 14:29:49.994 I/AssistStructure( 7638): Flattened final assist data: 3036 bytes, containing 2 windows, 22 views
09-01 14:29:49.996 I/hwservicemanager(  573): getTransport: Cannot find entry vendor.qti.hardware.servicetracker@1.0::IServicetracker/default in either framework or device manifest.
09-01 14:29:49.999 D/CompatibilityInfo( 1639): mCompatibilityFlags - 0
09-01 14:29:49.999 D/CompatibilityInfo( 1639): applicationDensity - 440
09-01 14:29:49.999 D/CompatibilityInfo( 1639): applicationScale - 1.0
09-01 14:29:50.001 I/hwservicemanager(  573): getTransport: Cannot find entry vendor.qti.hardware.servicetracker@1.0::IServicetracker/default in either framework or device manifest.
09-01 14:29:50.011 I/AssistStructure( 1639): Flattened final assist data: 2976 bytes, containing 2 windows, 22 views
09-01 14:29:50.017 I/hwservicemanager(  573): getTransport: Cannot find entry vendor.qti.hardware.servicetracker@1.0::IServicetracker/default in either framework or device manifest.
09-01 14:29:50.018 I/hwservicemanager(  573): getTransport: Cannot find entry vendor.qti.hardware.servicetracker@1.0::IServicetracker/default in either framework or device manifest.
09-01 14:29:50.056 I/InputMethodService(27277): Can't show Miui bottom view.
09-01 14:29:50.016 D/AutofillUI( 1639): destroySaveUiUiThread(): already destroyed
09-01 14:29:50.056 I/WindowManager( 1639): input method visible height changed 772
09-01 14:29:50.056 I/chatty  (27277): uid=10187(com.baidu.input_mi) identical 2 lines
09-01 14:29:50.056 I/InputMethodService(27277): Can't show Miui bottom view.
09-01 14:29:50.057 I/chatty  ( 8588): uid=1002(bluetooth) btu message loo expire 75 lines
09-01 14:29:50.059 I/chatty  ( 8588): uid=1002(bluetooth) BT Service Call expire 125 lines
09-01 14:29:50.061 I/        (27277): draw cand icon: Rect(0, 0 - 72, 72) scale:0.65
09-01 14:29:50.087 I/InputMethodService(27277): Can't show Miui bottom view.
09-01 14:29:50.088 I/InputMethodService(27277): Can't show Miui bottom view.
09-01 14:29:50.153 W/Parcel  ( 5237): **** enforceInterface() expected 'com.miui.gamebooster.service.ISecurityCenterNotificationListener' but read 'android.service.notification.INotificationListener'
09-01 14:29:50.154 W/Binder  ( 5237): Caught a RuntimeException from the binder stub implementation.
09-01 14:29:50.154 W/Binder  ( 5237): java.lang.SecurityException: Binder invocation to an incorrect interface
09-01 14:29:50.154 W/Binder  ( 5237): 	at android.os.Parcel.nativeEnforceInterface(Native Method)
09-01 14:29:50.154 W/Binder  ( 5237): 	at android.os.Parcel.enforceInterface(Parcel.java:626)
09-01 14:29:50.154 W/Binder  ( 5237): 	at com.miui.gamebooster.service.ISecurityCenterNotificationListener$Stub.onTransact(Unknown Source:22)
09-01 14:29:50.154 W/Binder  ( 5237): 	at android.os.Binder.execTransactInternal(Binder.java:1021)
09-01 14:29:50.154 W/Binder  ( 5237): 	at android.os.Binder.execTransact(Binder.java:994)
09-01 14:29:50.157 D/StatusBar(29730): onNotificationPosted key=-1|android|8|null|1000 isUpdate=false
09-01 14:29:50.159 W/Parcel  ( 5237): **** enforceInterface() expected 'com.miui.gamebooster.service.ISecurityCenterNotificationListener' but read 'android.service.notification.INotificationListener'
09-01 14:29:50.159 W/Binder  ( 5237): Caught a RuntimeException from the binder stub implementation.
09-01 14:29:50.159 W/Binder  ( 5237): java.lang.SecurityException: Binder invocation to an incorrect interface
09-01 14:29:50.159 W/Binder  ( 5237): 	at android.os.Parcel.nativeEnforceInterface(Native Method)
09-01 14:29:50.159 W/Binder  ( 5237): 	at android.os.Parcel.enforceInterface(Parcel.java:626)
09-01 14:29:50.159 W/Binder  ( 5237): 	at com.miui.gamebooster.service.ISecurityCenterNotificationListener$Stub.onTransact(Unknown Source:22)
09-01 14:29:50.159 W/Binder  ( 5237): 	at android.os.Binder.execTransactInternal(Binder.java:1021)
09-01 14:29:50.159 W/Binder  ( 5237): 	at android.os.Binder.execTransact(Binder.java:994)
09-01 14:29:50.161 D/StatusBar(29730): No peeking: -1|android|8|null|1000
09-01 14:29:50.162 D/StatusBar(29730): onNotificationPosted key=-1|android|8|null|1000 isUpdate=false
09-01 14:29:50.162 D/IMReply:Notif(22367): onNotificationPosted before sbn = 8
09-01 14:29:50.163 D/IMReply:Notif(22367): onNotificationPosted before sbn = 8
09-01 14:29:50.165 D/StatusBar(29730): No peeking: -1|android|8|null|1000
09-01 14:29:50.167 D/ExpandableNotificationRow(29730): updateBackground
09-01 14:29:50.167 D/ExpandableNotificationRow(29730): updateBackground
09-01 14:29:50.169 D/ExpandableNotificationRow(29730): updateBackground
09-01 14:29:50.169 D/ExpandableNotificationRow(29730): updateBackground
09-01 14:29:50.219 I/chatty  ( 8588): uid=1002(bluetooth) BluetoothAvrcpH expire 58 lines
09-01 14:29:50.231 D/ExpandableNotificationRow(29730): updateBackground
09-01 14:29:50.232 D/StatusBar(29730): No peeking: -1|android|8|null|1000
09-01 14:29:50.235 D/ExpandableNotificationRow(29730): updateBackground
09-01 14:29:50.235 D/ExpandableNotificationRow(29730): updateBackground
09-01 14:29:50.239 I/chatty  ( 8588): uid=1002(bluetooth) BT Service Call expire 157 lines
09-01 14:29:50.239 D/StackScroller(29730): applyCurrentState
09-01 14:29:50.256 D/StackScroller(29730): applyCurrentState
09-01 14:29:50.266 I/chatty  ( 8588): uid=1002(bluetooth) btu message loo expire 195 lines
09-01 14:29:50.430 D/OemNetd (  679): setLimit: enable, rate=3227614
09-01 14:29:50.476 I/chatty  ( 8588): uid=1002(bluetooth) BT Service Call expire 315 lines
09-01 14:29:50.625 I/WifiHAL (  794): event received NL80211_CMD_VENDOR, vendor_id = 0x1374, subcmd = 0xa
09-01 14:29:50.625 I/cnss-daemon( 1223): nl80211 response handler invoked
09-01 14:29:50.625 I/cnss-daemon( 1223): nl80211_response_handler: cmd 103, vendorID 4980, subcmd 10  received
09-01 14:29:50.628 I/wpa_supplicant(  312): wlan0: CTRL-EVENT-AVOID-FREQ ranges=
09-01 14:29:50.630 I/wpa_supplicant(  312): wlan0: CTRL-EVENT-REGDOM-CHANGE init=DRIVER type=COUNTRY alpha2=CN
09-01 14:29:50.647 I/MiuiNetworkPolicy( 1639): bandwidth: 2 KB/s, Max bandwidth: 3727 KB/s
09-01 14:29:50.742 I/chatty  ( 8588): uid=1002(bluetooth) btu message loo expire 195 lines
09-01 14:29:50.936 I/chatty  ( 8588): uid=1002(bluetooth) BT Service Call expire 286 lines
09-01 14:29:51.036 I/appium  ( 7566): AppiumResponse: {"sessionId":"3815013e-299e-415b-b512-6f1514a74ec6","value":null}
09-01 14:29:51.086 I/appium  ( 7566): channel read invoked!
09-01 14:29:51.086 I/appium  ( 7566): channel read: POST /wd/hub/session/3815013e-299e-415b-b512-6f1514a74ec6/element
09-01 14:29:51.088 I/appium  ( 7566): Find element command using 'id' with selector 'edit_comment'.
09-01 14:29:51.089 I/appium  ( 7566): Waiting up to 10000ms for device to be idle
09-01 14:29:51.106 I/appium  ( 7566): AppiumResponse: {"sessionId":"3815013e-299e-415b-b512-6f1514a74ec6","value":{"ELEMENT":"6a75c625-4f96-458f-bc5a-0f3950713b5d","element-6066-11e4-a52e-4f735466cecf":"6a75c625-4f96-458f-bc5a-0f3950713b5d"}}
09-01 14:29:51.136 I/appium  ( 7566): channel read invoked!
09-01 14:29:51.137 I/appium  ( 7566): channel read: POST /wd/hub/session/3815013e-299e-415b-b512-6f1514a74ec6/element/6a75c625-4f96-458f-bc5a-0f3950713b5d/value
09-01 14:29:51.137 I/appium  ( 7566): send keys to element command
09-01 14:29:51.147 I/chatty  ( 8588): uid=1002(bluetooth) btu message loo expire 102 lines
09-01 14:29:51.181 I/InputMethodService(27277): Can't show Miui bottom view.
09-01 14:29:51.181 I/chatty  (27277): uid=10187(com.baidu.input_mi) identical 1 line
09-01 14:29:51.181 I/InputMethodService(27277): Can't show Miui bottom view.
09-01 14:29:51.181 I/        (27277): draw cand icon: Rect(0, 0 - 72, 72) scale:0.65
09-01 14:29:51.217 I/chatty  (19843): uid=1002 bluetooth@1.0-s expire 6 lines
09-01 14:29:51.289 W/Parcel  ( 5237): **** enforceInterface() expected 'com.miui.gamebooster.service.ISecurityCenterNotificationListener' but read 'android.service.notification.INotificationListener'
09-01 14:29:51.290 W/Binder  ( 5237): Caught a RuntimeException from the binder stub implementation.
09-01 14:29:51.290 W/Binder  ( 5237): java.lang.SecurityException: Binder invocation to an incorrect interface
09-01 14:29:51.290 W/Binder  ( 5237): 	at android.os.Parcel.nativeEnforceInterface(Native Method)
09-01 14:29:51.290 W/Binder  ( 5237): 	at android.os.Parcel.enforceInterface(Parcel.java:626)
09-01 14:29:51.290 W/Binder  ( 5237): 	at com.miui.gamebooster.service.ISecurityCenterNotificationListener$Stub.onTransact(Unknown Source:22)
09-01 14:29:51.290 W/Binder  ( 5237): 	at android.os.Binder.execTransactInternal(Binder.java:1021)
09-01 14:29:51.290 W/Binder  ( 5237): 	at android.os.Binder.execTransact(Binder.java:994)
09-01 14:29:51.294 D/IMReply:Notif(22367): onNotificationPosted before sbn = 8
09-01 14:29:51.295 D/StatusBar(29730): onNotificationPosted key=-1|android|8|null|1000 isUpdate=true
09-01 14:29:51.296 D/BluetoothAdapter( 7638): stopLeScan()
09-01 14:29:51.297 D/StatusBar(29730): updateNotification old=StatusBarNotification(pkg=android user=UserHandle{-1} id=8 tag=null key=-1|android|8|null|1000: Notification(channel=VIRTUAL_KEYBOARD_MIUI pri=0 contentView=null vibrate=null sound=null defaults=0x0 flags=0x2 color=0xff607d8b category=sys vis=PRIVATE))
09-01 14:29:51.297 D/StatusBar(29730):     pkgName=android appUid=1000 sdk=29 imp=5 sysApp=T priApp=T hasShown=F float=T keyguard=T peek=F fullscreen=F
09-01 14:29:51.297 D/StatusBar(29730):     showMiuiAction=F enableFloat=F enableKeyguard=T floatTime=5000 messageCount=1 persistent=F customHeight=F
09-01 14:29:51.297 D/BluetoothAdapter( 7638): isLeEnabled(): ON
09-01 14:29:51.297 I/chatty  ( 8588): uid=1002(bluetooth) Binder:8588_7 expire 7 lines
09-01 14:29:51.298 I/chatty  ( 8588): uid=1002(bluetooth) BluetoothScanMa expire 11 lines
09-01 14:29:51.298 I/chatty  (19843): uid=1002 bluetooth@1.0-s expire 1 line
09-01 14:29:51.301 D/PowerKeeperPolicy( 1639): stopLeScan: BleScanWrapper[mClientIf = 16 mPendingIntent=null] uid=10241BleScanWrapper[mClientIf = 16 mPendingIntent=null]
09-01 14:29:51.301 D/BluetoothAdapter( 7638): startLeScan(): null
09-01 14:29:51.302 D/BluetoothAdapter( 7638): isLeEnabled(): ON
09-01 14:29:51.304 D/BluetoothLeScanner( 7638): onScannerRegistered() - status=0 scannerId=16 mScannerId=0
09-01 14:29:51.305 D/PowerKeeperPolicy( 1639): isLeScanAllowed: uid = 10241, allow = true
09-01 14:29:51.310 D/PowerKeeperPolicy( 1639): startLeScan: BleScanWrapper[mClientIf = 16 mPendingIntent=null] uid=10241
09-01 14:29:51.310 D/PowerKeeperPolicy( 1639): uid = 10241 setAllowed, allowed = true
09-01 14:29:51.310 D/PowerKeeperPolicy( 1639): uid = 10241 setScanning, scanning = true
09-01 14:29:51.310 D/PowerKeeperPolicy( 1639): startLeScan, uid = 10241 is scanning
09-01 14:29:51.315 D/StackScroller(29730): applyCurrentState
09-01 14:29:51.327 D/ExpandableNotificationRow(29730): updateBackground
09-01 14:29:51.327 D/StatusBar(29730): No peeking: -1|android|8|null|1000
09-01 14:29:51.328 D/StatusBar(29730): updateHeadsUp wasHeadsUp=false shouldPeek=false alertAgain=true
09-01 14:29:51.332 D/StackScroller(29730): applyCurrentState
09-01 14:29:51.366 D/BluetoothGatt( 7638): setCharacteristicNotification() - uuid: 00000003-0000-3512-2118-0009af100700 enable: false
09-01 14:29:51.377 I/chatty  ( 8588): uid=1002(bluetooth) BT Service Call expire 149 lines
09-01 14:29:51.390 I/chatty  ( 8588): uid=1002(bluetooth) btu message loo expire 105 lines
09-01 14:29:51.431 D/BluetoothGatt( 7638): setCharacteristicNotification() - uuid: 00000003-0000-3512-2118-0009af100700 enable: true
09-01 14:29:51.431 I/chatty  ( 8588): uid=1002(bluetooth) Binder:8588_7 expire 3 lines
09-01 14:29:51.561 I/chatty  ( 8588): uid=1002(bluetooth) BT Service Call expire 131 lines
09-01 14:29:51.586 I/chatty  ( 8588): uid=1002(bluetooth) btu message loo expire 254 lines
09-01 14:29:51.606 D/BluetoothGatt( 7638): setCharacteristicNotification() - uuid: 00000003-0000-3512-2118-0009af100700 enable: false
09-01 14:29:51.701 D/BluetoothGatt( 7638): setCharacteristicNotification() - uuid: 00000003-0000-3512-2118-0009af100700 enable: true
09-01 14:29:51.747 I/chatty  ( 8588): uid=1002(bluetooth) BT Service Call expire 122 lines
09-01 14:29:51.769 I/appium  ( 7566): AppiumResponse: {"sessionId":"3815013e-299e-415b-b512-6f1514a74ec6","value":null}
09-01 14:29:51.788 I/InputMethodService(27277): Can't show Miui bottom view.
09-01 14:29:51.788 I/chatty  (27277): uid=10187(com.baidu.input_mi) identical 1 line
09-01 14:29:51.788 I/InputMethodService(27277): Can't show Miui bottom view.
09-01 14:29:51.789 I/        (27277): draw cand icon: Rect(0, 0 - 72, 72) scale:0.65
09-01 14:29:51.796 I/appium  ( 7566): channel read invoked!
09-01 14:29:51.796 I/appium  ( 7566): channel read: POST /wd/hub/session/3815013e-299e-415b-b512-6f1514a74ec6/element
09-01 14:29:51.798 I/appium  ( 7566): Find element command using 'id' with selector 'post_comment'.
09-01 14:29:51.798 I/appium  ( 7566): Waiting up to 10000ms for device to be idle
09-01 14:29:51.876 D/BluetoothGatt( 7638): setCharacteristicNotification() - uuid: 00000003-0000-3512-2118-0009af100700 enable: false
09-01 14:29:51.877 I/chatty  ( 8588): uid=1002(bluetooth) Binder:8588_7 expire 3 lines
09-01 14:29:51.888 W/Parcel  ( 5237): **** enforceInterface() expected 'com.miui.gamebooster.service.ISecurityCenterNotificationListener' but read 'android.service.notification.INotificationListener'
09-01 14:29:51.889 W/Binder  ( 5237): Caught a RuntimeException from the binder stub implementation.
09-01 14:29:51.889 W/Binder  ( 5237): java.lang.SecurityException: Binder invocation to an incorrect interface
09-01 14:29:51.889 W/Binder  ( 5237): 	at android.os.Parcel.nativeEnforceInterface(Native Method)
09-01 14:29:51.889 W/Binder  ( 5237): 	at android.os.Parcel.enforceInterface(Parcel.java:626)
