09-01 14:29:42.743 I/chatty  ( 8588): uid=1002(bluetooth) BT Service Call expire 232 lines
09-01 14:29:42.810 I/AudioTrack( 2503): isLongTimeZoreData zoer date time 44 Seconds
09-01 14:29:42.872 D/BluetoothGatt( 7638): setCharacteristicNotification() - uuid: 00000005-0000-3512-2118-0009af100700 enable: true
09-01 14:29:42.879 I/chatty  ( 8588): uid=1002(bluetooth) btu message loo expire 139 lines
09-01 14:29:42.906 D/Event   ( 7638): No subscribers registered for event class com.xiaomi.hm.health.O0000o00.O0000o0
09-01 14:29:42.906 D/Event   ( 7638): No subscribers registered for event class O00000Oo.O000000o.O000000o.O0000Oo0
09-01 14:29:42.908 W/tomator2.serve( 7566): Long monitor contention with owner UiAutomation (7609) at void java.lang.Object.wait(long, int)(Object.java:-2) waiters=0 in void android.view.accessibility.AccessibilityCache.add(android.view.accessibility.AccessibilityNodeInfo) for 596ms
09-01 14:29:42.939 D/AppOpsAdapter( 5211): using permission notify! 32
09-01 14:29:42.944 I/BehaviorRecord-Monitor( 5237): com.xiaomi.hm.health , perm: 32 , operation 3 , current size: 0
09-01 14:29:42.946 W/AsyncHttpResponse( 7638): Current thread has not called Looper.prepare().Forcing synchronous mode
09-01 14:29:42.966 D/BluetoothGatt( 7638): setCharacteristicNotification() - uuid: 00000004-0000-3512-2118-0009af100700 enable: true
09-01 14:29:42.967 I/chatty  ( 8588): uid=1002(bluetooth) Binder:8588_2 expire 1 line
09-01 14:29:43.049 V/AsyncHttpResponse( 7638): Progress 30 from 30 (100%)
09-01 14:29:43.055 I/chatty  ( 8588): uid=1002(bluetooth) btu message loo expire 186 lines
09-01 14:29:43.070 I/chatty  ( 8588): uid=1002(bluetooth) BT Service Call expire 188 lines
09-01 14:29:43.172 I/chatty  ( 8588): uid=1002(bluetooth) btu message loo expire 135 lines
09-01 14:29:43.236 D/BluetoothGatt( 7638): setCharacteristicNotification() - uuid: 00000005-0000-3512-2118-0009af100700 enable: false
09-01 14:29:43.236 I/chatty  ( 8588): uid=1002(bluetooth) Binder:8588_7 expire 1 line
09-01 14:29:43.324 I/chatty  ( 8588): uid=1002(bluetooth) btu message loo expire 144 lines
09-01 14:29:43.325 D/BluetoothGatt( 7638): setCharacteristicNotification() - uuid: 00000004-0000-3512-2118-0009af100700 enable: false
09-01 14:29:43.325 I/chatty  ( 8588): uid=1002(bluetooth) Binder:8588_2 expire 1 line
09-01 14:29:43.326 I/chatty  ( 8588): uid=1002(bluetooth) BT Service Call expire 233 lines
09-01 14:29:43.492 I/chatty  ( 8588): uid=1002(bluetooth) btu message loo expire 129 lines
09-01 14:29:43.544 I/chatty  (19843): uid=1002 bluetooth@1.0-s expire 3 lines
09-01 14:29:43.612 I/hwservicemanager(  573): getTransport: Cannot find entry vendor.qti.hardware.servicetracker@1.0::IServicetracker/default in either framework or device manifest.
09-01 14:29:43.614 I/hwservicemanager(  573): getTransport: Cannot find entry vendor.qti.hardware.servicetracker@1.0::IServicetracker/default in either framework or device manifest.
09-01 14:29:43.717 I/chatty  ( 8588): uid=1002(bluetooth) BT Service Call expire 155 lines
09-01 14:29:43.721 I/chatty  ( 8588): uid=1002(bluetooth) btu message loo expire 231 lines
09-01 14:29:43.826 I/AudioTrack( 2503): isLongTimeZoreData zoer date time 45 Seconds
09-01 14:29:43.937 I/chatty  ( 8588): uid=1002(bluetooth) BT Service Call expire 227 lines
09-01 14:29:43.957 V/AsyncHttpResponse( 7638): Progress 13 from 13 (100%)
09-01 14:29:44.091 I/chatty  ( 8588): uid=1002(bluetooth) btu message loo expire 300 lines
09-01 14:29:44.238 I/chatty  ( 8588): uid=1002(bluetooth) BT Service Call expire 226 lines
09-01 14:29:44.355 D/[Koin]  ( 7638): +- get 'com.huami.stress.domain.O00000oO.O000000o.O000000o'
09-01 14:29:44.355 D/[Koin]  ( 7638): | create instance for [type:Factory,primary_type:'com.huami.stress.domain.O00000oO.O000000o.O000000o']
09-01 14:29:44.355 D/[Koin]  ( 7638): +- get 'com.huami.stress.domain.O00000o.O000000o'
09-01 14:29:44.355 D/[Koin]  ( 7638): | create instance for [type:Factory,primary_type:'com.huami.stress.domain.O00000o.O000000o']
09-01 14:29:44.355 D/[Koin]  ( 7638): +- got 'com.huami.stress.domain.O00000o.O000000o' in 0.027604 ms
09-01 14:29:44.355 D/[Koin]  ( 7638): +- got 'com.huami.stress.domain.O00000oO.O000000o.O000000o' in 0.104895 ms
09-01 14:29:44.407 I/chatty  ( 8588): uid=1002(bluetooth) btu message loo expire 247 lines
09-01 14:29:44.574 I/chatty  ( 8588): uid=1002(bluetooth) BT Service Call expire 303 lines
09-01 14:29:44.626 D/NetworkController.MobileSignalController(1)(29730): 4G level = 5
09-01 14:29:44.641 I/MiuiNetworkPolicy( 1639): bandwidth: 0 KB/s, Max bandwidth: 3727 KB/s
09-01 14:29:44.653 I/SplashScreenServiceDelegate( 1639): None for com.xiaomi.hm.health
09-01 14:29:44.655 D/ActivityTrigger( 1639): ActivityTrigger activityStopTrigger 
09-01 14:29:44.657 D/Launcher.Lifecycle( 7676): onStop:UserHandle{0},93e149d,false
09-01 14:29:44.662 I/MiuiNetworkPolicy( 1639): updateUidState uid = 10121, uidState = 6
09-01 14:29:44.663 D/OemNetd (  679): whiteListUid: uid=10121, wmm=del
09-01 14:29:44.666 I/MiuiNetworkPolicy( 1639): updateMLUid uid:10121,old:4,new:6
09-01 14:29:44.667 I/MiuiNetworkPolicy( 1639): isMLEnabled state:4,uid:10121,connect:DISCONNECTED
09-01 14:29:44.667 I/MiuiNetworkPolicy( 1639): isMLEnabled state:6,uid:10121,connect:DISCONNECTED
09-01 14:29:44.667 I/MiuiNetworkPolicy( 1639): updateUidState uid = 10090, uidState = 6
09-01 14:29:44.667 I/MiuiNetworkPolicy( 1639): updateWmmForUidState uid: 10090 state: 6 wmm: 0
09-01 14:29:44.667 D/OemNetd (  679): updateWmm: uid=10090, wmm=0
09-01 14:29:44.667 D/EventBus(29730): [29730, u0] send(AppTransitionFinishedEvent)
09-01 14:29:44.667 D/EventBus(29730): [29730, u0]  -> ForcedResizableInfoActivityController [0xc4c1163, P1] onBusEvent(AppTransitionFinishedEvent)
09-01 14:29:44.668 D/EventBus(29730): [29730, u0] onBusEvent(AppTransitionFinishedEvent) duration: 14 microseconds, avg: 36
09-01 14:29:44.672 D/OemNetd (  679): whiteListUid: uid=10090, wmm=del
09-01 14:29:44.673 I/MiuiNetworkPolicy( 1639): updateMLUid uid:10090,old:2,new:6
09-01 14:29:44.673 I/MiuiNetworkPolicy( 1639): isMLEnabled state:2,uid:10090,connect:DISCONNECTED
09-01 14:29:44.673 I/MiuiNetworkPolicy( 1639): isMLEnabled state:6,uid:10090,connect:DISCONNECTED
09-01 14:29:44.675 I/hwservicemanager(  573): getTransport: Cannot find entry vendor.qti.hardware.servicetracker@1.0::IServicetracker/default in either framework or device manifest.
09-01 14:29:44.676 D/CompatibilityInfo( 1639): mCompatibilityFlags - 0
09-01 14:29:44.676 D/CompatibilityInfo( 1639): applicationDensity - 440
09-01 14:29:44.676 D/CompatibilityInfo( 1639): applicationScale - 1.0
09-01 14:29:44.677 I/hwservicemanager(  573): getTransport: Cannot find entry vendor.qti.hardware.servicetracker@1.0::IServicetracker/default in either framework or device manifest.
09-01 14:29:44.656 I/SplashScreenServiceDelegate( 1639): None for com.xiaomi.hm.health
09-01 14:29:44.689 V/UidProcStateHelper( 1639): foreground changed:[7676,10090,false]
09-01 14:29:44.690 D/ProcessObserver( 6417): onForegroundActivitiesChanged, pid: 7676 uid: 10090 foregroundActivities: false
09-01 14:29:44.690 D/ProcessObserver( 6417): Uid: 10090 Background
09-01 14:29:44.691 D/PowerCheckerService( 6417): updateForFgUidChangedLocked, mScreenOn = true uid = 10090 foreground = false
09-01 14:29:44.691 D/AppActiveChecker( 6417): updateDownloadStateForFgUidChangedLocked, mScreenOn = true uid = 10090 foreground = false
09-01 14:29:44.691 D/AppActiveChecker( 6417): updateAppActiveStateForUidLocked, uid = 10090 appActiveState = 1
09-01 14:29:44.691 D/DeviceIdleAppRuleChecker( 6417): updateStateForInteractiveUidChangedLocked: uid = 10090 foreground = false
09-01 14:29:44.691 D/KillProcessAppRuleChecker( 6417): updateStateForInteractiveUidChangedLocked: uid = 10090 foreground = false
09-01 14:29:44.691 D/HideModeStateMachine( 6417): updateForForegroundUidChangedLocked: uid = 10090 foreground = false
09-01 14:29:44.691 I/HideModeStateMachine( 6417): Uid: 10090 State: inactive_level_1st |-> startRun
09-01 14:29:44.691 I/HideModeStateMachine( 6417): Uid: 10090 State: inactive_level_1st Feature: location |-> startRun
09-01 14:29:44.691 I/HideModeStateMachine( 6417): Uid: 10090 State: inactive_level_1st Feature: location |-> setActive
09-01 14:29:44.692 I/HideModeStateMachine( 6417): Uid: 10090 State: inactive_level_1st Feature: sensor |-> startRun
09-01 14:29:44.692 I/HideModeStateMachine( 6417): Uid: 10090 State: inactive_level_1st Feature: sensor |-> setActive
09-01 14:29:44.692 I/HideModeStateMachine( 6417): Uid: 10090 State: inactive_level_1st Feature: appIdle |-> startRun
09-01 14:29:44.692 I/HideModeStateMachine( 6417): Uid: 10090 State: inactive_level_1st Feature: appIdle |-> setActive
09-01 14:29:44.692 D/ActiveStateController( 6417): updateStateForFgUidChangedLocked: uid = 10090 foreground = false
09-01 14:29:44.692 E/ResolverController(  679): No valid NAT64 prefix (116, <unspecified>/0)
09-01 14:29:44.693 D/PowerChecker.BaStats( 6417): uid = 10090, uidForeground = false, lastBytes = 39165, curBytes = 39165, deltaBytes = 0
09-01 14:29:44.744 I/QueryController( 7566): Matched selector: UiSelector[TEXT=我的] <<==>> [android.view.accessibility.AccessibilityNodeInfo@1930d; boundsInParent: Rect(0, 0 - 60, 41); boundsInScreen: Rect(942, 2150 - 1002, 2191); packageName: com.xiaomi.hm.health; className: android.widget.TextView; text: 我的; error: null; maxTextLength: -1; contentDescription: null; tooltipText: null; viewIdResName: com.xiaomi.hm.health:id/textview; checkable: false; checked: false; focusable: false; focused: false; selected: false; clickable: false; longClickable: false; contextClickable: false; enabled: true; password: false; scrollable: false; importantForAccessibility: true; visible: true; actions: [AccessibilityAction: ACTION_SELECT - null, AccessibilityAction: ACTION_CLEAR_SELECTION - null, AccessibilityAction: ACTION_ACCESSIBILITY_FOCUS - null, AccessibilityAction: ACTION_NEXT_AT_MOVEMENT_GRANULARITY - null, AccessibilityAction: ACTION_PREVIOUS_AT_MOVEMENT_GRANULARITY - null, AccessibilityAction: ACTION_SET_SELECTION - null, AccessibilityAction: ACTION_SHOW_ON_SCREEN - null]]
09-01 14:29:44.751 I/appium  ( 7566): AppiumResponse: {"sessionId":"3815013e-299e-415b-b512-6f1514a74ec6","value":{"ELEMENT":"0f868bfb-5c01-4060-bde7-8bcc3e19f3ea","element-6066-11e4-a52e-4f735466cecf":"0f868bfb-5c01-4060-bde7-8bcc3e19f3ea"}}
09-01 14:29:44.766 I/chatty  ( 8588): uid=1002(bluetooth) btu message loo expire 93 lines
09-01 14:29:44.784 I/appium  ( 7566): channel read invoked!
09-01 14:29:44.784 I/appium  ( 7566): channel read: POST /wd/hub/session/3815013e-299e-415b-b512-6f1514a74ec6/element/0f868bfb-5c01-4060-bde7-8bcc3e19f3ea/click
09-01 14:29:44.784 I/appium  ( 7566): Click element command
09-01 14:29:44.785 D/com.xiaomi.common.Network( 5479): Http POST Response Code: 200
09-01 14:29:44.790 I/hwservicemanager(  573): getTransport: Cannot find entry vendor.qti.hardware.servicetracker@1.0::IServicetracker/default in either framework or device manifest.
09-01 14:29:44.791 I/hwservicemanager(  573): getTransport: Cannot find entry vendor.qti.hardware.servicetracker@1.0::IServicetracker/default in either framework or device manifest.
09-01 14:29:44.811 I/chatty  (19843): uid=1002 bluetooth@1.0-s expire 3 lines
09-01 14:29:44.843 I/AudioTrack( 2503): isLongTimeZoreData zoer date time 46 Seconds
09-01 14:29:45.012 I/chatty  ( 8588): uid=1002(bluetooth) BT Service Call expire 144 lines
09-01 14:29:45.013 W/AsyncHttpResponse( 7638): Current thread has not called Looper.prepare().Forcing synchronous mode
09-01 14:29:45.014 I/chatty  ( 8588): uid=1002(bluetooth) btu message loo expire 109 lines
09-01 14:29:45.017 D/BluetoothGatt( 7638): setCharacteristicNotification() - uuid: 00000005-0000-3512-2118-0009af100700 enable: true
09-01 14:29:45.018 I/chatty  ( 8588): uid=1002(bluetooth) Binder:8588_7 expire 8 lines
09-01 14:29:45.058 V/AsyncHttpResponse( 7638): Progress 3 from 3 (100%)
09-01 14:29:45.082 D/BluetoothGatt( 7638): setCharacteristicNotification() - uuid: 00000004-0000-3512-2118-0009af100700 enable: true
09-01 14:29:45.224 I/chatty  ( 8588): uid=1002(bluetooth) btu message loo expire 133 lines
09-01 14:29:45.225 I/chatty  ( 8588): uid=1002(bluetooth) BT Service Call expire 105 lines
09-01 14:29:45.281 D/BluetoothAdapter( 7638): stopLeScan()
09-01 14:29:45.281 D/BluetoothAdapter( 7638): isLeEnabled(): ON
09-01 14:29:45.282 I/chatty  ( 8588): uid=1002(bluetooth) BluetoothScanMa expire 11 lines
09-01 14:29:45.286 D/PowerKeeperPolicy( 1639): stopLeScan: BleScanWrapper[mClientIf = 16 mPendingIntent=null] uid=10241BleScanWrapper[mClientIf = 16 mPendingIntent=null]
09-01 14:29:45.287 D/BluetoothAdapter( 7638): startLeScan(): null
09-01 14:29:45.288 D/BluetoothAdapter( 7638): isLeEnabled(): ON
09-01 14:29:45.289 D/BluetoothLeScanner( 7638): onScannerRegistered() - status=0 scannerId=16 mScannerId=0
09-01 14:29:45.290 D/PowerKeeperPolicy( 1639): isLeScanAllowed: uid = 10241, allow = true
09-01 14:29:45.296 D/PowerKeeperPolicy( 1639): startLeScan: BleScanWrapper[mClientIf = 16 mPendingIntent=null] uid=10241
09-01 14:29:45.296 D/PowerKeeperPolicy( 1639): uid = 10241 setAllowed, allowed = true
09-01 14:29:45.296 D/PowerKeeperPolicy( 1639): uid = 10241 setScanning, scanning = true
09-01 14:29:45.296 D/PowerKeeperPolicy( 1639): startLeScan, uid = 10241 is scanning
09-01 14:29:45.394 I/chatty  ( 8588): uid=1002(bluetooth) btu message loo expire 117 lines
09-01 14:29:45.396 D/BluetoothGatt( 7638): setCharacteristicNotification() - uuid: 00000005-0000-3512-2118-0009af100700 enable: false
09-01 14:29:45.396 I/chatty  ( 8588): uid=1002(bluetooth) Binder:8588_7 expire 2 lines
09-01 14:29:45.397 I/chatty  ( 8588): uid=1002(bluetooth) BT Service Call expire 244 lines
09-01 14:29:45.424 D/OemNetd (  679): setLimit: disable, rate=0
09-01 14:29:45.485 D/BluetoothGatt( 7638): setCharacteristicNotification() - uuid: 00000004-0000-3512-2118-0009af100700 enable: false
09-01 14:29:45.644 I/chatty  ( 8588): uid=1002(bluetooth) btu message loo expire 294 lines
09-01 14:29:45.839 I/chatty  ( 8588): uid=1002(bluetooth) BT Service Call expire 206 lines
09-01 14:29:45.858 I/AudioTrack( 2503): isLongTimeZoreData zoer date time 47 Seconds
09-01 14:29:46.002 I/chatty  ( 8588): uid=1002(bluetooth) btu message loo expire 154 lines
09-01 14:29:46.108 I/chatty  (19843): uid=1002 bluetooth@1.0-s expire 3 lines
09-01 14:29:46.205 I/chatty  ( 8588): uid=1002(bluetooth) BT Service Call expire 131 lines
09-01 14:29:46.208 I/chatty  ( 8588): uid=1002(bluetooth) btu message loo expire 123 lines
09-01 14:29:46.259 D/BluetoothGatt( 7638): setCharacteristicNotification() - uuid: 00000003-0000-3512-2118-0009af100700 enable: true
09-01 14:29:46.260 I/chatty  ( 8588): uid=1002(bluetooth) Binder:8588_7 expire 1 line
09-01 14:29:46.446 I/chatty  ( 8588): uid=1002(bluetooth) btu message loo expire 92 lines
09-01 14:29:46.447 I/chatty  ( 8588): uid=1002(bluetooth) BT Service Call expire 335 lines
09-01 14:29:46.661 I/QueryController( 7566): Matched selector: UiSelector[TEXT=我的] <<==>> [android.view.accessibility.AccessibilityNodeInfo@1930d; boundsInParent: Rect(0, 0 - 60, 41); boundsInScreen: Rect(942, 2150 - 1002, 2191); packageName: com.xiaomi.hm.health; className: android.widget.TextView; text: 我的; error: null; maxTextLength: -1; contentDescription: null; tooltipText: null; viewIdResName: com.xiaomi.hm.health:id/textview; checkable: false; checked: false; focusable: false; focused: false; selected: false; clickable: false; longClickable: false; contextClickable: false; enabled: true; password: false; scrollable: false; importantForAccessibility: true; visible: true; actions: [AccessibilityAction: ACTION_SELECT - null, AccessibilityAction: ACTION_CLEAR_SELECTION - null, AccessibilityAction: ACTION_ACCESSIBILITY_FOCUS - null, AccessibilityAction: ACTION_NEXT_AT_MOVEMENT_GRANULARITY - null, AccessibilityAction: ACTION_PREVIOUS_AT_MOVEMENT_GRANULARITY - null, AccessibilityAction: ACTION_SET_SELECTION - null, AccessibilityAction: ACTION_SHOW_ON_SCREEN - null]]
09-01 14:29:46.693 I/QueryController( 7566): Matched selector: UiSelector[TEXT=我的] <<==>> [android.view.accessibility.AccessibilityNodeInfo@1930d; boundsInParent: Rect(0, 0 - 60, 41); boundsInScreen: Rect(942, 2150 - 1002, 2191); packageName: com.xiaomi.hm.health; className: android.widget.TextView; text: 我的; error: null; maxTextLength: -1; contentDescription: null; tooltipText: null; viewIdResName: com.xiaomi.hm.health:id/textview; checkable: false; checked: false; focusable: false; focused: false; selected: false; clickable: false; longClickable: false; contextClickable: false; enabled: true; password: false; scrollable: false; importantForAccessibility: true; visible: true; actions: [AccessibilityAction: ACTION_SELECT - null, AccessibilityAction: ACTION_CLEAR_SELECTION - null, AccessibilityAction: ACTION_ACCESSIBILITY_FOCUS - null, AccessibilityAction: ACTION_NEXT_AT_MOVEMENT_GRANULARITY - null, AccessibilityAction: ACTION_PREVIOUS_AT_MOVEMENT_GRANULARITY - null, AccessibilityAction: ACTION_SET_SELECTION - null, AccessibilityAction: ACTION_SHOW_ON_SCREEN - null]]
09-01 14:29:46.698 D/InteractionController( 7566): clickAndSync(972, 2170)
09-01 14:29:46.708 W/ANDR-PERF-LM(  809): FeatureState: readState() 149: warning: appName is NULL, returning default State
09-01 14:29:46.708 W/ANDR-PERF-LM(  809): FeatureState: readState() 149: warning: appName is NULL, returning default State
09-01 14:29:46.708 W/ANDR-PERF-LM(  809): MetaMeter: handleSecondaryAsync() 149: AdaptLaunch MetaMeterThread start(). No MeterMgr Available to handle this Secondary/Data Async. !!!! 
09-01 14:29:46.735 I/chatty  ( 8588): uid=1002(bluetooth) btu message loo expire 80 lines
09-01 14:29:46.797 I/chatty  (19843): uid=1002 bluetooth@1.0-s expire 3 lines
09-01 14:29:46.833 I/appium  ( 7566): Waiting up to 10000ms for device to be idle
09-01 14:29:46.846 W/AsyncHttpResponse( 7638): Current thread has not called Looper.prepare().Forcing synchronous mode
09-01 14:29:46.857 D/[Koin]  ( 7638): +- get 'com.huami.fittime.ui.profile.O0000O0o'
09-01 14:29:46.858 D/[Koin]  ( 7638): | create instance for [type:Factory,primary_type:'com.huami.fittime.ui.profile.O0000O0o']
09-01 14:29:46.858 D/[Koin]  ( 7638): +- get 'com.huami.fittime.ui.profile.O0000OOo'
09-01 14:29:46.858 D/[Koin]  ( 7638): | create instance for [type:Factory,primary_type:'com.huami.fittime.ui.profile.O0000OOo']
09-01 14:29:46.858 D/[Koin]  ( 7638): +- get 'com.huami.fittime.O00000oo.O00O0Oo'
09-01 14:29:46.858 D/[Koin]  ( 7638): +- got 'com.huami.fittime.O00000oo.O00O0Oo' in 0.019115 ms
09-01 14:29:46.858 D/[Koin]  ( 7638): +- get 'com.huami.fittime.db.FitTimeDb'
09-01 14:29:46.858 D/[Koin]  ( 7638): +- got 'com.huami.fittime.db.FitTimeDb' in 0.009062 ms
09-01 14:29:46.858 D/[Koin]  ( 7638): +- get 'com.huami.fittime.O000000o.O00000o'
09-01 14:29:46.858 D/[Koin]  ( 7638): +- got 'com.huami.fittime.O000000o.O00000o' in 0.007604 ms
09-01 14:29:46.858 D/[Koin]  ( 7638): +- got 'com.huami.fittime.ui.profile.O0000OOo' in 0.197916 ms
09-01 14:29:46.858 D/[Koin]  ( 7638): +- get 'com.huami.fittime.ui.O000000o.O00000Oo'
09-01 14:29:46.858 D/[Koin]  ( 7638): | create instance for [type:Factory,primary_type:'com.huami.fittime.ui.O000000o.O00000Oo']
09-01 14:29:46.858 D/[Koin]  ( 7638): +- get 'com.huami.fittime.O00000oo.O00O0Oo'
09-01 14:29:46.858 D/[Koin]  ( 7638): +- got 'com.huami.fittime.O00000oo.O00O0Oo' in 0.008178 ms
09-01 14:29:46.858 D/[Koin]  ( 7638): +- get 'com.huami.fittime.O000000o.O00000o'
09-01 14:29:46.858 D/[Koin]  ( 7638): +- got 'com.huami.fittime.O000000o.O00000o' in 0.007656 ms
09-01 14:29:46.858 D/[Koin]  ( 7638): +- got 'com.huami.fittime.ui.O000000o.O00000Oo' in 0.120625 ms
09-01 14:29:46.858 D/[Koin]  ( 7638): +- get 'com.huami.fittime.O00000o.O00000Oo.O000000o'
09-01 14:29:46.858 D/[Koin]  ( 7638): +- got 'com.huami.fittime.O00000o.O00000Oo.O000000o' in 0.010625 ms
09-01 14:29:46.858 D/[Koin]  ( 7638): +- get 'com.huami.fittime.O00000oO.O00oOooO'
09-01 14:29:46.858 D/[Koin]  ( 7638): +- got 'com.huami.fittime.O00000oO.O00oOooO' in 0.006406 ms
09-01 14:29:46.858 D/[Koin]  ( 7638): +- get 'com.huami.fittime.ui.profile.O00000Oo'
09-01 14:29:46.858 D/[Koin]  ( 7638): | create instance for [type:Factory,primary_type:'com.huami.fittime.ui.profile.O00000Oo']
09-01 14:29:46.858 D/[Koin]  ( 7638): +- get 'com.huami.fittime.O00000oo.O00O0Oo'
09-01 14:29:46.858 D/[Koin]  ( 7638): +- got 'com.huami.fittime.O00000oo.O00O0Oo' in 0.005365 ms
09-01 14:29:46.858 D/[Koin]  ( 7638): +- get 'com.huami.fittime.db.FitTimeDb'
09-01 14:29:46.858 D/[Koin]  ( 7638): +- got 'com.huami.fittime.db.FitTimeDb' in 0.005521 ms
09-01 14:29:46.858 D/[Koin]  ( 7638): +- got 'com.huami.fittime.ui.profile.O00000Oo' in 0.103802 ms
09-01 14:29:46.858 D/[Koin]  ( 7638): +- get 'com.huami.fittime.ui.diary.O00000o0.O0000OOo'
09-01 14:29:46.858 D/[Koin]  ( 7638): | create instance for [type:Factory,primary_type:'com.huami.fittime.ui.diary.O00000o0.O0000OOo']
09-01 14:29:46.858 D/[Koin]  ( 7638): +- get 'com.huami.fittime.O000000o.O00000o'
09-01 14:29:46.858 D/[Koin]  ( 7638): +- got 'com.huami.fittime.O000000o.O00000o' in 0.006093 ms
09-01 14:29:46.858 D/[Koin]  ( 7638): +- get 'com.huami.fittime.O00000oO.O00oOooO'
09-01 14:29:46.858 D/[Koin]  ( 7638): +- got 'com.huami.fittime.O00000oO.O00oOooO' in 0.006771 ms
09-01 14:29:46.858 D/[Koin]  ( 7638): +- get 'com.huami.fittime.db.FitTimeDb'
09-01 14:29:46.858 D/[Koin]  ( 7638): +- got 'com.huami.fittime.db.FitTimeDb' in 0.005782 ms
09-01 14:29:46.858 D/[Koin]  ( 7638): +- got 'com.huami.fittime.ui.diary.O00000o0.O0000OOo' in 0.183906 ms
09-01 14:29:46.859 D/[Koin]  ( 7638): +- got 'com.huami.fittime.ui.profile.O0000O0o' in 1.060104 ms
09-01 14:29:46.871 D/BaseTitleActivity( 7638): setStyle NONE title  darkMode true color 0
09-01 14:29:46.874 I/AudioTrack( 2503): isLongTimeZoreData zoer date time 48 Seconds
09-01 14:29:46.880 W/AsyncHttpResponse( 7638): Current thread has not called Looper.prepare().Forcing synchronous mode
09-01 14:29:46.885 W/AsyncHttpResponse( 7638): Current thread has not called Looper.prepare().Forcing synchronous mode
09-01 14:29:46.894 V/AsyncHttpResponse( 7638): Progress 84 from 84 (100%)
09-01 14:29:46.912 W/Glide   ( 7638): Load failed for  with size [-2147483648x-2147483648]
09-01 14:29:46.912 W/Glide   ( 7638): class com.O00000o0.O000000o.O00000o.O00000Oo.O000O0o: Failed to load resource
09-01 14:29:46.926 W/Glide   ( 7638): Load failed for  with size [-2147483648x-2147483648]
09-01 14:29:46.926 W/Glide   ( 7638): class com.O00000o0.O000000o.O00000o.O00000Oo.O000O0o: Failed to load resource
09-01 14:29:46.929 W/AsyncHttpResponse( 7638): Current thread has not called Looper.prepare().Forcing synchronous mode
09-01 14:29:46.931 V/AsyncHttpResponse( 7638): Progress 156 from 156 (100%)
09-01 14:29:46.935 V/AsyncHttpResponse( 7638): Progress 40 from 40 (100%)
09-01 14:29:46.988 V/AsyncHttpResponse( 7638): Progress 4096 from 1 (409600%)
09-01 14:29:46.988 V/AsyncHttpResponse( 7638): Progress 4338 from 1 (433800%)
09-01 14:29:47.013 I/chatty  ( 8588): uid=1002(bluetooth) BT Service Call expire 154 lines
09-01 14:29:47.030 I/chatty  ( 8588): uid=1002(bluetooth) btu message loo expire 190 lines
09-01 14:29:47.254 I/chatty  ( 8588): uid=1002(bluetooth) BT Service Call expire 160 lines
09-01 14:29:47.343 I/chatty  (19843): uid=1002(bluetooth) POSIX timer 7 expire 1 line
09-01 14:29:47.357 I/chatty  (19843): uid=1002 bluetooth@1.0-s expire 5 lines
09-01 14:29:47.498 I/chatty  ( 8588): uid=1002(bluetooth) BT Service Call expire 162 lines
09-01 14:29:47.513 I/chatty  ( 8588): uid=1002(bluetooth) btu message loo expire 176 lines
09-01 14:29:47.588 I/appium  ( 7566): AppiumResponse: {"sessionId":"3815013e-299e-415b-b512-6f1514a74ec6","value":null}
09-01 14:29:47.637 I/appium  ( 7566): channel read invoked!
09-01 14:29:47.638 I/appium  ( 7566): channel read: POST /wd/hub/session/3815013e-299e-415b-b512-6f1514a74ec6/element
09-01 14:29:47.640 I/appium  ( 7566): Find element command using 'id' with selector 'mine_care'.
09-01 14:29:47.641 I/appium  ( 7566): Waiting up to 10000ms for device to be idle
09-01 14:29:47.644 I/MiuiNetworkPolicy( 1639): bandwidth: 2 KB/s, Max bandwidth: 3727 KB/s
09-01 14:29:47.685 I/appium  ( 7566): AppiumResponse: {"sessionId":"3815013e-299e-415b-b512-6f1514a74ec6","value":{"ELEMENT":"4eab94af-8969-4443-9594-f0b3b29a231a","element-6066-11e4-a52e-4f735466cecf":"4eab94af-8969-4443-9594-f0b3b29a231a"}}
09-01 14:29:47.698 I/appium  ( 7566): channel read invoked!
09-01 14:29:47.698 I/appium  ( 7566): channel read: POST /wd/hub/session/3815013e-299e-415b-b512-6f1514a74ec6/element/4eab94af-8969-4443-9594-f0b3b29a231a/click
09-01 14:29:47.698 I/appium  ( 7566): Click element command
09-01 14:29:47.727 I/Timeline( 7638): Timeline: Activity_launch_request time:211353744
09-01 14:29:47.728 I/SplashScreenServiceDelegate( 1639): None for com.xiaomi.hm.health
09-01 14:29:47.728 I/ActivityTaskManager( 1639): START u0 {flg=0x10000000 cmp=com.xiaomi.hm.health/com.huami.fittime.ui.profile.ProfileActivity (has extras)} from uid 10241
09-01 14:29:47.732 D/CompatibilityInfo( 1639): mCompatibilityFlags - 0
09-01 14:29:47.732 D/CompatibilityInfo( 1639): applicationDensity - 440
09-01 14:29:47.732 D/CompatibilityInfo( 1639): applicationScale - 1.0
09-01 14:29:47.732 D/ActivityTrigger( 1639): ActivityTrigger activityPauseTrigger 
09-01 14:29:47.738 I/appium  ( 7566): Waiting up to 10000ms for device to be idle
09-01 14:29:47.739 I/appium  ( 7566): AppiumResponse: {"sessionId":"3815013e-299e-415b-b512-6f1514a74ec6","value":null}
09-01 14:29:47.744 I/ActivityTaskManager( 1639): The Process com.xiaomi.hm.health Already Exists in BG. So sending its PID: 7638
09-01 14:29:47.745 D/CompatibilityInfo( 1639): mCompatibilityFlags - 0
09-01 14:29:47.745 D/CompatibilityInfo( 1639): applicationDensity - 440
09-01 14:29:47.745 D/CompatibilityInfo( 1639): applicationScale - 1.0
09-01 14:29:47.746 D/WindowManager( 1639): Input focus has changed to null
09-01 14:29:47.746 I/chatty  ( 8588): uid=1002(bluetooth) BT Service Call expire 338 lines
09-01 14:29:47.747 I/Timeline( 1639): Timeline: App_transition_ready time:211353764
09-01 14:29:47.748 W/ActivityThread( 7638): handleWindowVisibility: no activity for token android.os.BinderProxy@d8a1964
09-01 14:29:47.760 D/ViewContentFactory( 7638): initViewContentFetcherClass
09-01 14:29:47.760 I/ContentCatcher( 7638): ViewContentFetcher : ViewContentFetcher
09-01 14:29:47.760 D/ViewContentFactory( 7638): createInterceptor took 0ms
09-01 14:29:47.786 I/appium  ( 7566): channel read invoked!
09-01 14:29:47.786 I/appium  ( 7566): channel read: POST /wd/hub/session/3815013e-299e-415b-b512-6f1514a74ec6/element
09-01 14:29:47.787 I/appium  ( 7566): Find element command using 'xpath' with selector '//*[@resource-id='com.xiaomi.hm.health:id/recyclerView']/android.widget.FrameLayout'.
09-01 14:29:47.787 I/appium  ( 7566): Waiting up to 10000ms for device to be idle
09-01 14:29:47.809 D/[Koin]  ( 7638): +- get 'com.huami.fittime.ui.profile.O0000O0o'
09-01 14:29:47.809 D/[Koin]  ( 7638): | create instance for [type:Factory,primary_type:'com.huami.fittime.ui.profile.O0000O0o']
09-01 14:29:47.809 D/[Koin]  ( 7638): +- get 'com.huami.fittime.ui.profile.O0000OOo'
09-01 14:29:47.809 D/[Koin]  ( 7638): | create instance for [type:Factory,primary_type:'com.huami.fittime.ui.profile.O0000OOo']
09-01 14:29:47.809 D/[Koin]  ( 7638): +- get 'com.huami.fittime.O00000oo.O00O0Oo'
09-01 14:29:47.809 D/[Koin]  ( 7638): +- got 'com.huami.fittime.O00000oo.O00O0Oo' in 0.018073 ms
09-01 14:29:47.809 D/[Koin]  ( 7638): +- get 'com.huami.fittime.db.FitTimeDb'
09-01 14:29:47.809 D/[Koin]  ( 7638): +- got 'com.huami.fittime.db.FitTimeDb' in 0.005156 ms
09-01 14:29:47.809 D/[Koin]  ( 7638): +- get 'com.huami.fittime.O000000o.O00000o'
09-01 14:29:47.809 D/[Koin]  ( 7638): +- got 'com.huami.fittime.O000000o.O00000o' in 0.005313 ms
09-01 14:29:47.810 D/[Koin]  ( 7638): +- got 'com.huami.fittime.ui.profile.O0000OOo' in 0.147656 ms
09-01 14:29:47.810 D/[Koin]  ( 7638): +- get 'com.huami.fittime.ui.O000000o.O00000Oo'
09-01 14:29:47.810 D/[Koin]  ( 7638): | create instance for [type:Factory,primary_type:'com.huami.fittime.ui.O000000o.O00000Oo']
09-01 14:29:47.810 D/[Koin]  ( 7638): +- get 'com.huami.fittime.O00000oo.O00O0Oo'
09-01 14:29:47.810 D/[Koin]  ( 7638): +- got 'com.huami.fittime.O00000oo.O00O0Oo' in 0.004323 ms
09-01 14:29:47.810 D/[Koin]  ( 7638): +- get 'com.huami.fittime.O000000o.O00000o'
09-01 14:29:47.810 D/[Koin]  ( 7638): +- got 'com.huami.fittime.O000000o.O00000o' in 0.004167 ms
09-01 14:29:47.810 D/[Koin]  ( 7638): +- got 'com.huami.fittime.ui.O000000o.O00000Oo' in 0.084636 ms
09-01 14:29:47.810 D/[Koin]  ( 7638): +- get 'com.huami.fittime.O00000o.O00000Oo.O000000o'
09-01 14:29:47.810 D/[Koin]  ( 7638): +- got 'com.huami.fittime.O00000o.O00000Oo.O000000o' in 0.005729 ms
09-01 14:29:47.810 D/[Koin]  ( 7638): +- get 'com.huami.fittime.O00000oO.O00oOooO'
09-01 14:29:47.810 D/[Koin]  ( 7638): +- got 'com.huami.fittime.O00000oO.O00oOooO' in 0.005052 ms
09-01 14:29:47.810 D/[Koin]  ( 7638): +- get 'com.huami.fittime.ui.profile.O00000Oo'
09-01 14:29:47.810 D/[Koin]  ( 7638): | create instance for [type:Factory,primary_type:'com.huami.fittime.ui.profile.O00000Oo']
09-01 14:29:47.810 D/[Koin]  ( 7638): +- get 'com.huami.fittime.O00000oo.O00O0Oo'
09-01 14:29:47.810 D/[Koin]  ( 7638): +- got 'com.huami.fittime.O00000oo.O00O0Oo' in 0.004167 ms
09-01 14:29:47.810 D/[Koin]  ( 7638): +- get 'com.huami.fittime.db.FitTimeDb'
09-01 14:29:47.810 D/[Koin]  ( 7638): +- got 'com.huami.fittime.db.FitTimeDb' in 0.084687 ms
09-01 14:29:47.810 D/[Koin]  ( 7638): +- got 'com.huami.fittime.ui.profile.O00000Oo' in 0.163125 ms
09-01 14:29:47.810 D/[Koin]  ( 7638): +- get 'com.huami.fittime.ui.diary.O00000o0.O0000OOo'
09-01 14:29:47.810 D/[Koin]  ( 7638): | create instance for [type:Factory,primary_type:'com.huami.fittime.ui.diary.O00000o0.O0000OOo']
09-01 14:29:47.810 D/[Koin]  ( 7638): +- get 'com.huami.fittime.O000000o.O00000o'
09-01 14:29:47.810 D/[Koin]  ( 7638): +- got 'com.huami.fittime.O000000o.O00000o' in 0.004323 ms
09-01 14:29:47.810 D/[Koin]  ( 7638): +- get 'com.huami.fittime.O00000oO.O00oOooO'
09-01 14:29:47.810 D/[Koin]  ( 7638): +- got 'com.huami.fittime.O00000oO.O00oOooO' in 0.014427 ms
09-01 14:29:47.810 D/[Koin]  ( 7638): +- get 'com.huami.fittime.db.FitTimeDb'
09-01 14:29:47.810 D/[Koin]  ( 7638): +- got 'com.huami.fittime.db.FitTimeDb' in 0.004532 ms
09-01 14:29:47.810 D/[Koin]  ( 7638): +- got 'com.huami.fittime.ui.diary.O00000o0.O0000OOo' in 0.147917 ms
09-01 14:29:47.810 D/[Koin]  ( 7638): +- got 'com.huami.fittime.ui.profile.O0000O0o' in 0.867135 ms
09-01 14:29:47.826 D/WindowManager( 1639): Input focus has changed to Window{c5fe85 u0 com.xiaomi.hm.health/com.huami.fittime.ui.profile.ProfileActivity}
09-01 14:29:47.835 D/RecentsImpl( 7676): mActivityStateObserver com.huami.fittime.ui.profile.ProfileActivity
09-01 14:29:47.839 I/Timeline( 1639): Timeline: App_transition_ready time:211353856
09-01 14:29:47.840 I/Timeline( 1639): Timeline: App_transition_ready time:211353857
09-01 14:29:47.851 W/RecentsModel( 7676): onTaskStackChangedBackground: start loading
09-01 14:29:47.851 W/RecentsModel( 7676): getTaskInfoIgnoreHomeAndSplit   taskInfo=ComponentInfo{com.xiaomi.hm.health/com.xiaomi.hm.health.activity.MainTabActivity}
09-01 14:29:47.851 W/RecentsModel( 7676): getTaskInfoIgnoreHomeAndFreeform   taskInfo=ComponentInfo{com.xiaomi.hm.health/com.xiaomi.hm.health.activity.MainTabActivity}
09-01 14:29:47.852 W/RecentsModel( 7676): getTaskInfoIgnoreFreeform   taskInfo=ComponentInfo{com.xiaomi.hm.health/com.xiaomi.hm.health.activity.MainTabActivity}
09-01 14:29:47.852 W/RecentsModel( 7676): onTaskStackChangedBackground: finishLoading loading
09-01 14:29:47.858 I/Timeline( 1639): Timeline: App_transition_ready time:211353875
09-01 14:29:47.871 I/Timeline( 1639): Timeline: App_transition_ready time:211353888
09-01 14:29:47.877 W/AsyncHttpResponse( 7638): Current thread has not called Looper.prepare().Forcing synchronous mode
09-01 14:29:47.877 I/Timeline( 1639): Timeline: App_transition_ready time:211353894
09-01 14:29:47.884 I/ActivityTaskManager( 1639): Displayed com.xiaomi.hm.health/com.huami.fittime.ui.profile.ProfileActivity: +147ms
09-01 14:29:47.890 I/AudioTrack( 2503): isLongTimeZoreData zoer date time 49 Seconds
09-01 14:29:47.915 D/[Koin]  ( 7638): +- get 'com.huami.fittime.ui.post.O000000o.O0000OOo'
09-01 14:29:47.916 D/[Koin]  ( 7638): | create instance for [type:Factory,primary_type:'com.huami.fittime.ui.post.O000000o.O0000OOo']
09-01 14:29:47.916 D/[Koin]  ( 7638): +- get 'com.huami.fittime.ui.post.O000OO00'
09-01 14:29:47.916 D/[Koin]  ( 7638): | create instance for [type:Factory,primary_type:'com.huami.fittime.ui.post.O000OO00']
09-01 14:29:47.916 D/[Koin]  ( 7638): +- get 'com.huami.fittime.O00000oo.O00O0Oo'
09-01 14:29:47.916 D/[Koin]  ( 7638): +- got 'com.huami.fittime.O00000oo.O00O0Oo' in 0.015521 ms
09-01 14:29:47.916 D/[Koin]  ( 7638): +- get 'com.huami.fittime.db.FitTimeDb'
09-01 14:29:47.916 D/[Koin]  ( 7638): +- got 'com.huami.fittime.db.FitTimeDb' in 0.00625 ms
09-01 14:29:47.916 D/[Koin]  ( 7638): +- get 'com.huami.fittime.O000000o.O00000o'
09-01 14:29:47.916 D/[Koin]  ( 7638): +- got 'com.huami.fittime.O000000o.O00000o' in 0.005052 ms
09-01 14:29:47.916 D/[Koin]  ( 7638): +- get 'com.huami.fittime.O00000oo.O00O0o00'
09-01 14:29:47.916 D/[Koin]  ( 7638): | create instance for [type:Scoped,scope:'FitTime', primary_type:'com.huami.fittime.O00000oo.O00O0o00']
09-01 14:29:47.916 D/[Koin]  ( 7638): +- get 'android.content.Context'
09-01 14:29:47.916 D/[Koin]  ( 7638): +- got 'android.content.Context' in 0.013281 ms
09-01 14:29:47.916 D/[Koin]  ( 7638): +- got 'com.huami.fittime.O00000oo.O00O0o00' in 0.34198 ms
09-01 14:29:47.918 D/[Koin]  ( 7638): +- got 'com.huami.fittime.ui.post.O000OO00' in 2.313489 ms
09-01 14:29:47.918 D/[Koin]  ( 7638): +- get 'com.huami.fittime.ui.diary.O00000o0.O0000OOo'
09-01 14:29:47.918 D/[Koin]  ( 7638): | create instance for [type:Factory,primary_type:'com.huami.fittime.ui.diary.O00000o0.O0000OOo']
09-01 14:29:47.918 D/[Koin]  ( 7638): +- get 'com.huami.fittime.O000000o.O00000o'
09-01 14:29:47.918 D/[Koin]  ( 7638): +- got 'com.huami.fittime.O000000o.O00000o' in 0.014948 ms
09-01 14:29:47.918 D/[Koin]  ( 7638): +- get 'com.huami.fittime.O00000oO.O00oOooO'
09-01 14:29:47.918 D/[Koin]  ( 7638): +- got 'com.huami.fittime.O00000oO.O00oOooO' in 0.015781 ms
09-01 14:29:47.918 D/[Koin]  ( 7638): +- get 'com.huami.fittime.db.FitTimeDb'
09-01 14:29:47.918 D/[Koin]  ( 7638): +- got 'com.huami.fittime.db.FitTimeDb' in 0.006042 ms
09-01 14:29:47.918 D/[Koin]  ( 7638): +- got 'com.huami.fittime.ui.diary.O00000o0.O0000OOo' in 0.206511 ms
09-01 14:29:47.922 D/[Koin]  ( 7638): +- got 'com.huami.fittime.ui.post.O000000o.O0000OOo' in 6.319844 ms
09-01 14:29:47.922 D/[Koin]  ( 7638): +- get 'com.huami.fittime.O00000oO.O00oOooO'
09-01 14:29:47.922 D/[Koin]  ( 7638): +- got 'com.huami.fittime.O00000oO.O00oOooO' in 0.022709 ms
09-01 14:29:47.928 W/AsyncHttpResponse( 7638): Current thread has not called Looper.prepare().Forcing synchronous mode
09-01 14:29:47.944 I/chatty  ( 8588): uid=1002(bluetooth) btu message loo expire 176 lines
09-01 14:29:47.952 W/ExifInterface( 7638): Invalid image: ExifInterface got an unsupported image format file(ExifInterface supports JPEG and some RAW image formats only) or a corrupted JPEG file to ExifInterface.
09-01 14:29:47.952 W/ExifInterface( 7638): java.io.IOException: Invalid byte order: ffff8950
09-01 14:29:47.952 W/ExifInterface( 7638): 	at android.media.ExifInterface.readByteOrder(ExifInterface.java:3128)
09-01 14:29:47.952 W/ExifInterface( 7638): 	at android.media.ExifInterface.isOrfFormat(ExifInterface.java:2443)
09-01 14:29:47.952 W/ExifInterface( 7638): 	at android.media.ExifInterface.getMimeType(ExifInterface.java:2321)
09-01 14:29:47.952 W/ExifInterface( 7638): 	at android.media.ExifInterface.loadAttributes(ExifInterface.java:1755)
09-01 14:29:47.952 W/ExifInterface( 7638): 	at android.media.ExifInterface.<init>(ExifInterface.java:1449)
09-01 14:29:47.952 W/ExifInterface( 7638): 	at com.O00000o0.O000000o.O00000o.O00000o.O000000o.O000OO0o.O000000o(ExifInterfaceImageHeaderParser.java:40)
09-01 14:29:47.952 W/ExifInterface( 7638): 	at com.O00000o0.O000000o.O00000o.O0000Oo0.O00000Oo(ImageHeaderParserUtils.java:91)
09-01 14:29:47.952 W/ExifInterface( 7638): 	at com.O00000o0.O000000o.O00000o.O00000o.O000000o.O000O0o0.O000000o(Downsampler.java:236)
09-01 14:29:47.952 W/ExifInterface( 7638): 	at com.O00000o0.O000000o.O00000o.O00000o.O000000o.O000O0o0.O000000o(Downsampler.java:206)
09-01 14:29:47.952 W/ExifInterface( 7638): 	at com.O00000o0.O000000o.O00000o.O00000o.O000000o.O000O0o0.O000000o(Downsampler.java:162)
09-01 14:29:47.952 W/ExifInterface( 7638): 	at com.O00000o0.O000000o.O00000o.O00000o.O000000o.O0000o00.O000000o(ByteBufferBitmapDecoder.java:33)
09-01 14:29:47.952 W/ExifInterface( 7638): 	at com.O00000o0.O000000o.O00000o.O00000o.O000000o.O0000o00.O000000o(ByteBufferBitmapDecoder.java:16)
09-01 14:29:47.952 W/ExifInterface( 7638): 	at com.O00000o0.O000000o.O00000o.O00000Oo.O0000Oo.O000000o(DecodePath.java:72)
09-01 14:29:47.952 W/ExifInterface( 7638): 	at com.O00000o0.O000000o.O00000o.O00000Oo.O0000Oo.O000000o(DecodePath.java:55)
09-01 14:29:47.952 W/ExifInterface( 7638): 	at com.O00000o0.O000000o.O00000o.O00000Oo.O0000Oo.O000000o(DecodePath.java:45)
09-01 14:29:47.952 W/ExifInterface( 7638): 	at com.O00000o0.O000000o.O00000o.O00000Oo.O000OO.O000000o(LoadPath.java:58)
09-01 14:29:47.952 W/ExifInterface( 7638): 	at com.O00000o0.O000000o.O00000o.O00000Oo.O000OO.O000000o(LoadPath.java:43)
09-01 14:29:47.952 W/ExifInterface( 7638): 	at com.O00000o0.O000000o.O00000o.O00000Oo.O0000Oo0.O000000o(DecodeJob.java:507)
09-01 14:29:47.952 W/ExifInterface( 7638): 	at com.O00000o0.O000000o.O00000o.O00000Oo.O0000Oo0.O000000o(DecodeJob.java:472)
09-01 14:29:47.952 W/ExifInterface( 7638): 	at com.O00000o0.O000000o.O00000o.O00000Oo.O0000Oo0.O000000o(DecodeJob.java:458)
09-01 14:29:47.952 W/ExifInterface( 7638): 	at com.O00000o0.O000000o.O00000o.O00000Oo.O0000Oo0.O0000o0(DecodeJob.java:410)
09-01 14:29:47.952 W/ExifInterface( 7638): 	at com.O00000o0.O000000o.O00000o.O00000Oo.O0000Oo0.O000000o(DecodeJob.java:379)
09-01 14:29:47.952 W/ExifInterface( 7638): 	at com.O00000o0.O000000o.O00000o.O00000Oo.O00000Oo.O000000o(DataCacheGenerator.java:95)
09-01 14:29:47.952 W/ExifInterface( 7638): 	at com.O00000o0.O000000o.O00000o.O00000o0.O00000o$O000000o.O000000o(ByteBufferFileLoader.java:74)
09-01 14:29:47.952 W/ExifInterface( 7638): 	at com.O00000o0.O000000o.O00000o.O00000Oo.O00000Oo.O000000o(DataCacheGenerator.java:75)
09-01 14:29:47.952 W/ExifInterface( 7638): 	at com.O00000o0.O000000o.O00000o.O00000Oo.O0000Oo0.O0000OoO(DecodeJob.java:302)
09-01 14:29:47.952 W/ExifInterface( 7638): 	at com.O00000o0.O000000o.O00000o.O00000Oo.O0000Oo0.O0000Oo0(DecodeJob.java:269)
09-01 14:29:47.952 W/ExifInterface( 7638): 	at com.O00000o0.O000000o.O00000o.O00000Oo.O0000Oo0.run(DecodeJob.java:233)
09-01 14:29:47.952 W/ExifInterface( 7638): 	at java.util.concurrent.ThreadPoolExecutor.runWorker(ThreadPoolExecutor.java:1167)
09-01 14:29:47.952 W/ExifInterface( 7638): 	at java.util.concurrent.ThreadPoolExecutor$Worker.run(ThreadPoolExecutor.java:641)
09-01 14:29:47.952 W/ExifInterface( 7638): 	at java.lang.Thread.run(Thread.java:919)
09-01 14:29:47.952 W/ExifInterface( 7638): 	at com.O00000o0.O000000o.O00000o.O00000Oo.O00000o0.O000000o$O000000o$1.run(GlideExecutor.java:446)
09-01 14:29:47.959 W/ExifInterface( 7638): Invalid image: ExifInterface got an unsupported image format file(ExifInterface supports JPEG and some RAW image formats only) or a corrupted JPEG file to ExifInterface.
09-01 14:29:47.959 W/ExifInterface( 7638): java.io.IOException: Invalid byte order: ffff8950
09-01 14:29:47.959 W/ExifInterface( 7638): 	at android.media.ExifInterface.readByteOrder(ExifInterface.java:3128)
09-01 14:29:47.959 W/ExifInterface( 7638): 	at android.media.ExifInterface.isOrfFormat(ExifInterface.java:2443)
09-01 14:29:47.959 W/ExifInterface( 7638): 	at android.media.ExifInterface.getMimeType(ExifInterface.java:2321)
09-01 14:29:47.959 W/ExifInterface( 7638): 	at android.media.ExifInterface.loadAttributes(ExifInterface.java:1755)
09-01 14:29:47.959 W/ExifInterface( 7638): 	at android.media.ExifInterface.<init>(ExifInterface.java:1449)
09-01 14:29:47.959 W/ExifInterface( 7638): 	at com.O00000o0.O000000o.O00000o.O00000o.O000000o.O000OO0o.O000000o(ExifInterfaceImageHeaderParser.java:40)
09-01 14:29:47.959 W/ExifInterface( 7638): 	at com.O00000o0.O000000o.O00000o.O0000Oo0.O00000Oo(ImageHeaderParserUtils.java:91)
09-01 14:29:47.959 W/ExifInterface( 7638): 	at com.O00000o0.O000000o.O00000o.O00000o.O000000o.O000O0o0.O000000o(Downsampler.java:236)
09-01 14:29:47.959 W/ExifInterface( 7638): 	at com.O00000o0.O000000o.O00000o.O00000o.O000000o.O000O0o0.O000000o(Downsampler.java:206)
09-01 14:29:47.959 W/ExifInterface( 7638): 	at com.O00000o0.O000000o.O00000o.O00000o.O000000o.O000O0o0.O000000o(Downsampler.java:162)
09-01 14:29:47.959 W/ExifInterface( 7638): 	at com.O00000o0.O000000o.O00000o.O00000o.O000000o.O0000o00.O000000o(ByteBufferBitmapDecoder.java:33)
09-01 14:29:47.959 W/ExifInterface( 7638): 	at com.O00000o0.O000000o.O00000o.O00000o.O000000o.O0000o00.O000000o(ByteBufferBitmapDecoder.java:16)
09-01 14:29:47.959 W/ExifInterface( 7638): 	at com.O00000o0.O000000o.O00000o.O00000Oo.O0000Oo.O000000o(DecodePath.java:72)
09-01 14:29:47.959 W/ExifInterface( 7638): 	at com.O00000o0.O000000o.O00000o.O00000Oo.O0000Oo.O000000o(DecodePath.java:55)
09-01 14:29:47.959 W/ExifInterface( 7638): 	at com.O00000o0.O000000o.O00000o.O00000Oo.O0000Oo.O000000o(DecodePath.java:45)
09-01 14:29:47.959 W/ExifInterface( 7638): 	at com.O00000o0.O000000o.O00000o.O00000Oo.O000OO.O000000o(LoadPath.java:58)
09-01 14:29:47.959 W/ExifInterface( 7638): 	at com.O00000o0.O000000o.O00000o.O00000Oo.O000OO.O000000o(LoadPath.java:43)
09-01 14:29:47.959 W/ExifInterface( 7638): 	at com.O00000o0.O000000o.O00000o.O00000Oo.O0000Oo0.O000000o(DecodeJob.java:507)
09-01 14:29:47.959 W/ExifInterface( 7638): 	at com.O00000o0.O000000o.O00000o.O00000Oo.O0000Oo0.O000000o(DecodeJob.java:472)
09-01 14:29:47.959 W/ExifInterface( 7638): 	at com.O00000o0.O000000o.O00000o.O00000Oo.O0000Oo0.O000000o(DecodeJob.java:458)
09-01 14:29:47.959 W/ExifInterface( 7638): 	at com.O00000o0.O000000o.O00000o.O00000Oo.O0000Oo0.O0000o0(DecodeJob.java:410)
09-01 14:29:47.959 W/ExifInterface( 7638): 	at com.O00000o0.O000000o.O00000o.O00000Oo.O0000Oo0.O000000o(DecodeJob.java:379)
09-01 14:29:47.959 W/ExifInterface( 7638): 	at com.O00000o0.O000000o.O00000o.O00000Oo.O00000Oo.O000000o(DataCacheGenerator.java:95)
09-01 14:29:47.959 W/ExifInterface( 7638): 	at com.O00000o0.O000000o.O00000o.O00000o0.O00000o$O000000o.O000000o(ByteBufferFileLoader.java:74)
09-01 14:29:47.959 W/ExifInterface( 7638): 	at com.O00000o0.O000000o.O00000o.O00000Oo.O00000Oo.O000000o(DataCacheGenerator.java:75)
09-01 14:29:47.959 W/ExifInterface( 7638): 	at com.O00000o0.O000000o.O00000o.O00000Oo.O0000Oo0.O0000OoO(DecodeJob.java:302)
09-01 14:29:47.959 W/ExifInterface( 7638): 	at com.O00000o0.O000000o.O00000o.O00000Oo.O0000Oo0.O0000Oo0(DecodeJob.java:269)
09-01 14:29:47.959 W/ExifInterface( 7638): 	at com.O00000o0.O000000o.O00000o.O00000Oo.O0000Oo0.run(DecodeJob.java:233)
09-01 14:29:47.959 W/ExifInterface( 7638): 	at java.util.concurrent.ThreadPoolExecutor.runWorker(ThreadPoolExecutor.java:1167)
09-01 14:29:47.959 W/ExifInterface( 7638): 	at java.util.concurrent.ThreadPoolExecutor$Worker.run(ThreadPoolExecutor.java:641)
09-01 14:29:47.959 W/ExifInterface( 7638): 	at java.lang.Thread.run(Thread.java:919)
09-01 14:29:47.959 W/ExifInterface( 7638): 	at com.O00000o0.O000000o.O00000o.O00000Oo.O00000o0.O000000o$O000000o$1.run(GlideExecutor.java:446)
09-01 14:29:47.963 W/ExifInterface( 7638): Invalid image: ExifInterface got an unsupported image format file(ExifInterface supports JPEG and some RAW image formats only) or a corrupted JPEG file to ExifInterface.
09-01 14:29:47.963 W/ExifInterface( 7638): java.io.IOException: Invalid byte order: ffff8950
09-01 14:29:47.963 W/ExifInterface( 7638): 	at android.media.ExifInterface.readByteOrder(ExifInterface.java:3128)
09-01 14:29:47.963 W/ExifInterface( 7638): 	at android.media.ExifInterface.isOrfFormat(ExifInterface.java:2443)
09-01 14:29:47.963 W/ExifInterface( 7638): 	at android.media.ExifInterface.getMimeType(ExifInterface.java:2321)
09-01 14:29:47.963 W/ExifInterface( 7638): 	at android.media.ExifInterface.loadAttributes(ExifInterface.java:1755)
09-01 14:29:47.963 W/ExifInterface( 7638): 	at android.media.ExifInterface.<init>(ExifInterface.java:1449)
09-01 14:29:47.963 W/ExifInterface( 7638): 	at com.O00000o0.O000000o.O00000o.O00000o.O000000o.O000OO0o.O000000o(ExifInterfaceImageHeaderParser.java:40)
09-01 14:29:47.963 W/ExifInterface( 7638): 	at com.O00000o0.O000000o.O00000o.O0000Oo0.O00000Oo(ImageHeaderParserUtils.java:91)
09-01 14:29:47.963 W/ExifInterface( 7638): 	at com.O00000o0.O000000o.O00000o.O00000o.O000000o.O000O0o0.O000000o(Downsampler.java:236)
09-01 14:29:47.963 W/ExifInterface( 7638): 	at com.O00000o0.O000000o.O00000o.O00000o.O000000o.O000O0o0.O000000o(Downsampler.java:206)
09-01 14:29:47.963 W/ExifInterface( 7638): 	at com.O00000o0.O000000o.O00000o.O00000o.O000000o.O000O0o0.O000000o(Downsampler.java:162)
09-01 14:29:47.963 W/ExifInterface( 7638): 	at com.O00000o0.O000000o.O00000o.O00000o.O000000o.O0000o00.O000000o(ByteBufferBitmapDecoder.java:33)
09-01 14:29:47.963 W/ExifInterface( 7638): 	at com.O00000o0.O000000o.O00000o.O00000o.O000000o.O0000o00.O000000o(ByteBufferBitmapDecoder.java:16)
09-01 14:29:47.963 W/ExifInterface( 7638): 	at com.O00000o0.O000000o.O00000o.O00000Oo.O0000Oo.O000000o(DecodePath.java:72)
09-01 14:29:47.963 W/ExifInterface( 7638): 	at com.O00000o0.O000000o.O00000o.O00000Oo.O0000Oo.O000000o(DecodePath.java:55)
09-01 14:29:47.963 W/ExifInterface( 7638): 	at com.O00000o0.O000000o.O00000o.O00000Oo.O0000Oo.O000000o(DecodePath.java:45)
09-01 14:29:47.963 W/ExifInterface( 7638): 	at com.O00000o0.O000000o.O00000o.O00000Oo.O000OO.O000000o(LoadPath.java:58)
09-01 14:29:47.963 W/ExifInterface( 7638): 	at com.O00000o0.O000000o.O00000o.O00000Oo.O000OO.O000000o(LoadPath.java:43)
09-01 14:29:47.963 W/ExifInterface( 7638): 	at com.O00000o0.O000000o.O00000o.O00000Oo.O0000Oo0.O000000o(DecodeJob.java:507)
09-01 14:29:47.963 W/ExifInterface( 7638): 	at com.O00000o0.O000000o.O00000o.O00000Oo.O0000Oo0.O000000o(DecodeJob.java:472)
09-01 14:29:47.963 W/ExifInterface( 7638): 	at com.O00000o0.O000000o.O00000o.O00000Oo.O0000Oo0.O000000o(DecodeJob.java:458)
09-01 14:29:47.963 W/ExifInterface( 7638): 	at com.O00000o0.O000000o.O00000o.O00000Oo.O0000Oo0.O0000o0(DecodeJob.java:410)
09-01 14:29:47.963 W/ExifInterface( 7638): 	at com.O00000o0.O000000o.O00000o.O00000Oo.O0000Oo0.O000000o(DecodeJob.java:379)
09-01 14:29:47.963 W/ExifInterface( 7638): 	at com.O00000o0.O000000o.O00000o.O00000Oo.O00000Oo.O000000o(DataCacheGenerator.java:95)
09-01 14:29:47.963 W/ExifInterface( 7638): 	at com.O00000o0.O000000o.O00000o.O00000o0.O00000o$O000000o.O000000o(ByteBufferFileLoader.java:74)
09-01 14:29:47.963 W/ExifInterface( 7638): 	at com.O00000o0.O000000o.O00000o.O00000Oo.O00000Oo.O000000o(DataCacheGenerator.java:75)
09-01 14:29:47.963 W/ExifInterface( 7638): 	at com.O00000o0.O000000o.O00000o.O00000Oo.O0000Oo0.O0000OoO(DecodeJob.java:302)
09-01 14:29:47.963 W/ExifInterface( 7638): 	at com.O00000o0.O000000o.O00000o.O00000Oo.O0000Oo0.O0000Oo0(DecodeJob.java:269)
09-01 14:29:47.963 W/ExifInterface( 7638): 	at com.O00000o0.O000000o.O00000o.O00000Oo.O0000Oo0.run(DecodeJob.java:233)
09-01 14:29:47.963 W/ExifInterface( 7638): 	at java.util.concurrent.ThreadPoolExecutor.runWorker(ThreadPoolExecutor.java:1167)
09-01 14:29:47.963 W/ExifInterface( 7638): 	at java.util.concurrent.ThreadPoolExecutor$Worker.run(ThreadPoolExecutor.java:641)
09-01 14:29:47.963 W/ExifInterface( 7638): 	at java.lang.Thread.run(Thread.java:919)
09-01 14:29:47.963 W/ExifInterface( 7638): 	at com.O00000o0.O000000o.O00000o.O00000Oo.O00000o0.O000000o$O000000o$1.run(GlideExecutor.java:446)
09-01 14:29:47.967 W/ExifInterface( 7638): Invalid image: ExifInterface got an unsupported image format file(ExifInterface supports JPEG and some RAW image formats only) or a corrupted JPEG file to ExifInterface.
09-01 14:29:47.967 W/ExifInterface( 7638): java.io.IOException: Invalid byte order: ffff8950
09-01 14:29:47.967 W/ExifInterface( 7638): 	at android.media.ExifInterface.readByteOrder(ExifInterface.java:3128)
09-01 14:29:47.967 W/ExifInterface( 7638): 	at android.media.ExifInterface.isOrfFormat(ExifInterface.java:2443)
09-01 14:29:47.967 W/ExifInterface( 7638): 	at android.media.ExifInterface.getMimeType(ExifInterface.java:2321)
09-01 14:29:47.967 W/ExifInterface( 7638): 	at android.media.ExifInterface.loadAttributes(ExifInterface.java:1755)
09-01 14:29:47.967 W/ExifInterface( 7638): 	at android.media.ExifInterface.<init>(ExifInterface.java:1449)
09-01 14:29:47.967 W/ExifInterface( 7638): 	at com.O00000o0.O000000o.O00000o.O00000o.O000000o.O000OO0o.O000000o(ExifInterfaceImageHeaderParser.java:40)
09-01 14:29:47.967 W/ExifInterface( 7638): 	at com.O00000o0.O000000o.O00000o.O0000Oo0.O00000Oo(ImageHeaderParserUtils.java:91)
09-01 14:29:47.967 W/ExifInterface( 7638): 	at com.O00000o0.O000000o.O00000o.O00000o.O000000o.O000O0o0.O000000o(Downsampler.java:236)
09-01 14:29:47.967 W/ExifInterface( 7638): 	at com.O00000o0.O000000o.O00000o.O00000o.O000000o.O000O0o0.O000000o(Downsampler.java:206)
09-01 14:29:47.967 W/ExifInterface( 7638): 	at com.O00000o0.O000000o.O00000o.O00000o.O000000o.O000O0o0.O000000o(Downsampler.java:162)
