--------- beginning of main
09-01 14:31:52.321 I/appium  ( 8902): Waiting up to 10000ms for device to be idle
09-01 14:31:52.322 I/appium  ( 8902): AppiumResponse: {"sessionId":"ad6d0c78-5f6e-4b34-a966-5b7ce44708b4","value":null}
--------- beginning of system
09-01 14:31:52.325 I/Timeline( 8957): Timeline: Activity_launch_request time:211478342
09-01 14:31:52.326 I/SplashScreenServiceDelegate( 1639): None for com.xiaomi.hm.health
09-01 14:31:52.326 I/ActivityTaskManager( 1639): START u0 {cmp=com.xiaomi.hm.health/.ui.SettingActivity (has extras)} from uid 10241
09-01 14:31:52.330 D/CompatibilityInfo( 1639): mCompatibilityFlags - 0
09-01 14:31:52.330 D/CompatibilityInfo( 1639): applicationDensity - 440
09-01 14:31:52.330 D/CompatibilityInfo( 1639): applicationScale - 1.0
09-01 14:31:52.330 D/ActivityTrigger( 1639): ActivityTrigger activityPauseTrigger 
09-01 14:31:52.332 I/chatty  ( 8588): uid=1002(bluetooth) btu message loo expire 31 lines
09-01 14:31:52.334 I/chatty  ( 8588): uid=1002(bluetooth) BT Service Call expire 205 lines
09-01 14:31:52.340 I/ActivityTaskManager( 1639): The Process com.xiaomi.hm.health Already Exists in BG. So sending its PID: 8957
09-01 14:31:52.342 D/CompatibilityInfo( 1639): mCompatibilityFlags - 0
09-01 14:31:52.342 D/CompatibilityInfo( 1639): applicationDensity - 440
09-01 14:31:52.342 D/CompatibilityInfo( 1639): applicationScale - 1.0
09-01 14:31:52.343 D/WindowManager( 1639): Input focus has changed to null
09-01 14:31:52.346 I/Timeline( 1639): Timeline: App_transition_ready time:211478363
09-01 14:31:52.347 W/ActivityThread( 8957): handleWindowVisibility: no activity for token android.os.BinderProxy@8f2a41b
09-01 14:31:52.348 I/appium  ( 8902): channel read invoked!
09-01 14:31:52.348 I/appium  ( 8902): channel read: POST /wd/hub/session/ad6d0c78-5f6e-4b34-a966-5b7ce44708b4/element
09-01 14:31:52.349 I/appium  ( 8902): Find element command using 'id' with selector 'account_bind'.
09-01 14:31:52.349 I/appium  ( 8902): Waiting up to 10000ms for device to be idle
09-01 14:31:52.352 D/ViewContentFactory( 8957): initViewContentFetcherClass
09-01 14:31:52.352 I/ContentCatcher( 8957): ViewContentFetcher : ViewContentFetcher
09-01 14:31:52.352 D/ViewContentFactory( 8957): createInterceptor took 0ms
09-01 14:31:52.393 D/BaseTitleActivity( 8957): setStyle BACK_AND_TITLE title 设置 darkMode true color -1118224
09-01 14:31:52.394 D/[Koin]  ( 8957): +- get 'com.xiaomi.hm.health.O0000OOo.O00000o0.O000000o'
09-01 14:31:52.394 D/[Koin]  ( 8957): | create instance for [type:Single,primary_type:'com.xiaomi.hm.health.O0000OOo.O00000o0.O000000o']
09-01 14:31:52.394 D/[Koin]  ( 8957): !- create scope - id:mifit q:mifit
09-01 14:31:52.395 D/[Koin]  ( 8957): bind type:'com.huami.message.O0000Oo0.O000000o' ~ [type:Scoped,scope:'mifit', primary_type:'com.huami.message.O0000Oo0.O000000o']
09-01 14:31:52.395 D/[Koin]  ( 8957): +- get 'com.huami.message.O0000Oo0.O000000o'
09-01 14:31:52.395 D/[Koin]  ( 8957): | create instance for [type:Scoped,scope:'mifit', primary_type:'com.huami.message.O0000Oo0.O000000o']
09-01 14:31:52.395 D/[Koin]  ( 8957): +- got 'com.huami.message.O0000Oo0.O000000o' in 0.090052 ms
09-01 14:31:52.395 D/[Koin]  ( 8957): +- got 'com.xiaomi.hm.health.O0000OOo.O00000o0.O000000o' in 0.749479 ms
09-01 14:31:52.402 I/chatty  ( 8588): uid=1002(bluetooth) btu message loo expire 179 lines
09-01 14:31:52.404 D/RecentsImpl( 7676): mActivityStateObserver com.xiaomi.hm.health.ui.SettingActivity
09-01 14:31:52.411 I/Timeline( 1639): Timeline: App_transition_ready time:211478428
09-01 14:31:52.412 I/Timeline( 1639): Timeline: App_transition_ready time:211478429
09-01 14:31:52.412 D/WindowManager( 1639): Input focus has changed to Window{6a388ee u0 com.xiaomi.hm.health/com.xiaomi.hm.health.ui.SettingActivity}
09-01 14:31:52.426 I/Timeline( 1639): Timeline: App_transition_ready time:211478443
09-01 14:31:52.433 I/SplashScreenServiceDelegate( 1639): None for com.xiaomi.hm.health
09-01 14:31:52.433 W/ByMatcher( 8902): Node returned null child: android.view.accessibility.AccessibilityNodeInfo@3cdd2; boundsInParent: Rect(0, 0 - 1080, 2060); boundsInScreen: Rect(0, 0 - 1080, 2060); packageName: com.xiaomi.hm.health; className: android.view.ViewGroup; text: null; error: null; maxTextLength: -1; contentDescription: null; tooltipText: null; viewIdResName: null; checkable: false; checked: false; focusable: false; focused: false; selected: false; clickable: false; longClickable: false; contextClickable: false; enabled: true; password: false; scrollable: false; importantForAccessibility: false; visible: true; actions: [AccessibilityAction: ACTION_SELECT - null, AccessibilityAction: ACTION_CLEAR_SELECTION - null, AccessibilityAction: ACTION_ACCESSIBILITY_FOCUS - null, AccessibilityAction: ACTION_SHOW_ON_SCREEN - null]
09-01 14:31:52.434 W/ByMatcher( 8902): Skipping null child (0 of 4)
09-01 14:31:52.435 I/ActivityTaskManager( 1639): Displayed com.xiaomi.hm.health/.ui.SettingActivity: +100ms
09-01 14:31:52.436 W/ByMatcher( 8902): Skipping null child (1 of 4)
09-01 14:31:52.437 W/ByMatcher( 8902): Skipping null child (2 of 4)
09-01 14:31:52.437 W/ByMatcher( 8902): Skipping null child (3 of 4)
09-01 14:31:52.439 W/ByMatcher( 8902): Node returned null child: android.view.accessibility.AccessibilityNodeInfo@1265d; boundsInParent: Rect(0, 0 - 1080, 150); boundsInScreen: Rect(0, 2060 - 1080, 2210); packageName: com.xiaomi.hm.health; className: android.widget.LinearLayout; text: null; error: null; maxTextLength: -1; contentDescription: null; tooltipText: null; viewIdResName: com.xiaomi.hm.health:id/indicator; checkable: false; checked: false; focusable: false; focused: false; selected: false; clickable: false; longClickable: false; contextClickable: false; enabled: true; password: false; scrollable: false; importantForAccessibility: false; visible: true; actions: [AccessibilityAction: ACTION_SELECT - null, AccessibilityAction: ACTION_CLEAR_SELECTION - null, AccessibilityAction: ACTION_ACCESSIBILITY_FOCUS - null, AccessibilityAction: ACTION_SHOW_ON_SCREEN - null]
09-01 14:31:52.439 W/ByMatcher( 8902): Skipping null child (0 of 1)
09-01 14:31:52.441 W/ByMatcher( 8902): Node returned null child: android.view.accessibility.AccessibilityNodeInfo@3cdd2; boundsInParent: Rect(0, 0 - 1080, 2060); boundsInScreen: Rect(0, 0 - 1080, 2060); packageName: com.xiaomi.hm.health; className: android.view.ViewGroup; text: null; error: null; maxTextLength: -1; contentDescription: null; tooltipText: null; viewIdResName: null; checkable: false; checked: false; focusable: false; focused: false; selected: false; clickable: false; longClickable: false; contextClickable: false; enabled: true; password: false; scrollable: false; importantForAccessibility: false; visible: true; actions: [AccessibilityAction: ACTION_SELECT - null, AccessibilityAction: ACTION_CLEAR_SELECTION - null, AccessibilityAction: ACTION_ACCESSIBILITY_FOCUS - null, AccessibilityAction: ACTION_SHOW_ON_SCREEN - null]
09-01 14:31:52.442 W/ByMatcher( 8902): Skipping null child (0 of 4)
09-01 14:31:52.442 W/ByMatcher( 8902): Skipping null child (1 of 4)
09-01 14:31:52.443 W/ByMatcher( 8902): Skipping null child (2 of 4)
09-01 14:31:52.444 W/ByMatcher( 8902): Skipping null child (3 of 4)
09-01 14:31:52.445 W/ByMatcher( 8902): Node returned null child: android.view.accessibility.AccessibilityNodeInfo@1265d; boundsInParent: Rect(0, 0 - 1080, 150); boundsInScreen: Rect(0, 2060 - 1080, 2210); packageName: com.xiaomi.hm.health; className: android.widget.LinearLayout; text: null; error: null; maxTextLength: -1; contentDescription: null; tooltipText: null; viewIdResName: com.xiaomi.hm.health:id/indicator; checkable: false; checked: false; focusable: false; focused: false; selected: false; clickable: false; longClickable: false; contextClickable: false; enabled: true; password: false; scrollable: false; importantForAccessibility: false; visible: true; actions: [AccessibilityAction: ACTION_SELECT - null, AccessibilityAction: ACTION_CLEAR_SELECTION - null, AccessibilityAction: ACTION_ACCESSIBILITY_FOCUS - null, AccessibilityAction: ACTION_SHOW_ON_SCREEN - null]
09-01 14:31:52.445 W/ByMatcher( 8902): Skipping null child (0 of 1)
09-01 14:31:52.445 I/appium  ( 8902): AppiumResponse: {"sessionId":"ad6d0c78-5f6e-4b34-a966-5b7ce44708b4","value":{"error":"no such element","message":"An element could not be located on the page using the given search parameters","stacktrace":"io.appium.uiautomator2.common.exceptions.ElementNotFoundException: An element could not be located on the ...
09-01 14:31:52.449 W/RecentsModel( 7676): onTaskStackChangedBackground: start loading
09-01 14:31:52.449 W/RecentsModel( 7676): getTaskInfoIgnoreHomeAndSplit   taskInfo=ComponentInfo{com.xiaomi.hm.health/com.xiaomi.hm.health.activity.MainTabActivity}
09-01 14:31:52.450 W/RecentsModel( 7676): getTaskInfoIgnoreHomeAndFreeform   taskInfo=ComponentInfo{com.xiaomi.hm.health/com.xiaomi.hm.health.activity.MainTabActivity}
09-01 14:31:52.450 W/RecentsModel( 7676): getTaskInfoIgnoreFreeform   taskInfo=ComponentInfo{com.xiaomi.hm.health/com.xiaomi.hm.health.activity.MainTabActivity}
09-01 14:31:52.450 W/RecentsModel( 7676): onTaskStackChangedBackground: finishLoading loading
09-01 14:31:52.630 I/chatty  ( 8588): uid=1002(bluetooth) BT Service Call expire 167 lines
09-01 14:31:52.815 I/chatty  (19843): uid=1002 bluetooth@1.0-s expire 5 lines
09-01 14:31:52.913 I//system/vendor/bin/mi_thermald( 1070): thermal_cpu_set_level: set cpu freq of cpu7 to 2016000
09-01 14:31:52.913 I//system/vendor/bin/mi_thermald( 1070): thermal_cpu_set_level: set cpu freq of cpu4 to 2016000
09-01 14:31:52.934 I/Timeline( 1639): Timeline: Activity_windows_visible id: ActivityRecord{d24f06d u0 com.xiaomi.hm.health/.ui.SettingActivity t484} time:211478951
09-01 14:31:52.935 D/ActivityTrigger( 1639): ActivityTrigger activityStopTrigger 
09-01 14:31:52.935 D/EventBus(29730): [29730, u0] send(AppTransitionFinishedEvent)
09-01 14:31:52.936 D/EventBus(29730): [29730, u0]  -> ForcedResizableInfoActivityController [0xc4c1163, P1] onBusEvent(AppTransitionFinishedEvent)
09-01 14:31:52.936 D/EventBus(29730): [29730, u0] onBusEvent(AppTransitionFinishedEvent) duration: 34 microseconds, avg: 34
09-01 14:31:52.937 D/EventBus(29730): [29730, u0] send(AppTransitionFinishedEvent)
09-01 14:31:52.937 D/EventBus(29730): [29730, u0]  -> ForcedResizableInfoActivityController [0xc4c1163, P1] onBusEvent(AppTransitionFinishedEvent)
09-01 14:31:52.937 D/EventBus(29730): [29730, u0] onBusEvent(AppTransitionFinishedEvent) duration: 28 microseconds, avg: 34
09-01 14:31:52.937 I/Timeline( 1639): Timeline: App_transition_stopped time:211478954
09-01 14:31:52.963 I/chatty  ( 8588): uid=1002(bluetooth) BT Service Call expire 169 lines
09-01 14:31:52.973 I/chatty  ( 8588): uid=1002(bluetooth) btu message loo expire 175 lines
09-01 14:31:52.987 I/appium  ( 8902): channel read invoked!
09-01 14:31:52.988 I/appium  ( 8902): channel read: POST /wd/hub/session/ad6d0c78-5f6e-4b34-a966-5b7ce44708b4/element
09-01 14:31:52.989 I/appium  ( 8902): Find element command using 'id' with selector 'account_bind'.
09-01 14:31:52.990 I/appium  ( 8902): Waiting up to 10000ms for device to be idle
09-01 14:31:53.004 I/appium  ( 8902): AppiumResponse: {"sessionId":"ad6d0c78-5f6e-4b34-a966-5b7ce44708b4","value":{"ELEMENT":"a058ea91-ce23-4e63-aab0-d11e9125ded5","element-6066-11e4-a52e-4f735466cecf":"a058ea91-ce23-4e63-aab0-d11e9125ded5"}}
09-01 14:31:53.034 I/appium  ( 8902): channel read invoked!
09-01 14:31:53.035 I/appium  ( 8902): channel read: POST /wd/hub/session/ad6d0c78-5f6e-4b34-a966-5b7ce44708b4/element/a058ea91-ce23-4e63-aab0-d11e9125ded5/click
09-01 14:31:53.036 I/appium  ( 8902): Click element command
09-01 14:31:53.060 D/WindowManager( 1639): Input focus has changed to Window{e1f7bd9 u0 com.xiaomi.hm.health/com.xiaomi.hm.health.ui.SettingActivity}
09-01 14:31:53.068 I/appium  ( 8902): Waiting up to 10000ms for device to be idle
09-01 14:31:53.108 I/Timeline( 8957): Timeline: Activity_launch_request time:211479125
09-01 14:31:53.109 I/SplashScreenServiceDelegate( 1639): None for com.xiaomi.hm.health
09-01 14:31:53.109 I/ActivityTaskManager( 1639): START u0 {cmp=com.xiaomi.hm.health/.ui.accountbind.AccountBindActivity (has extras)} from uid 10241
09-01 14:31:53.111 D/CompatibilityInfo( 1639): mCompatibilityFlags - 0
09-01 14:31:53.112 D/CompatibilityInfo( 1639): applicationDensity - 440
09-01 14:31:53.112 D/CompatibilityInfo( 1639): applicationScale - 1.0
09-01 14:31:53.112 D/ActivityTrigger( 1639): ActivityTrigger activityPauseTrigger 
09-01 14:31:53.118 D/WindowManager( 1639): Input focus has changed to Window{6a388ee u0 com.xiaomi.hm.health/com.xiaomi.hm.health.ui.SettingActivity}
09-01 14:31:53.123 I/ActivityTaskManager( 1639): The Process com.xiaomi.hm.health Already Exists in BG. So sending its PID: 8957
09-01 14:31:53.124 D/CompatibilityInfo( 1639): mCompatibilityFlags - 0
09-01 14:31:53.124 D/CompatibilityInfo( 1639): applicationDensity - 440
09-01 14:31:53.124 D/CompatibilityInfo( 1639): applicationScale - 1.0
09-01 14:31:53.124 D/WindowManager( 1639): Input focus has changed to null
09-01 14:31:53.126 I/Timeline( 1639): Timeline: App_transition_ready time:211479143
09-01 14:31:53.127 W/ActivityThread( 8957): handleWindowVisibility: no activity for token android.os.BinderProxy@fe0b272
09-01 14:31:53.132 D/ViewContentFactory( 8957): initViewContentFetcherClass
09-01 14:31:53.132 I/ContentCatcher( 8957): ViewContentFetcher : ViewContentFetcher
09-01 14:31:53.132 D/ViewContentFactory( 8957): createInterceptor took 0ms
09-01 14:31:53.165 D/BaseTitleActivity( 8957): setStyle BACK_AND_TITLE title 账号与安全 darkMode true color -1118224
09-01 14:31:53.173 I/chatty  ( 8588): uid=1002(bluetooth) BT Service Call expire 161 lines
09-01 14:31:53.175 D/RecentsImpl( 7676): mActivityStateObserver com.xiaomi.hm.health.ui.accountbind.AccountBindActivity
09-01 14:31:53.180 I/Timeline( 1639): Timeline: App_transition_ready time:211479197
09-01 14:31:53.181 I/Timeline( 1639): Timeline: App_transition_ready time:211479198
09-01 14:31:53.181 D/WindowManager( 1639): Input focus has changed to Window{7e5913 u0 com.xiaomi.hm.health/com.xiaomi.hm.health.ui.accountbind.AccountBindActivity}
09-01 14:31:53.193 I/Timeline( 1639): Timeline: App_transition_ready time:211479210
09-01 14:31:53.198 I/SplashScreenServiceDelegate( 1639): None for com.xiaomi.hm.health
09-01 14:31:53.201 I/ActivityTaskManager( 1639): Displayed com.xiaomi.hm.health/.ui.accountbind.AccountBindActivity: +84ms
09-01 14:31:53.233 W/RecentsModel( 7676): onTaskStackChangedBackground: start loading
09-01 14:31:53.234 W/RecentsModel( 7676): getTaskInfoIgnoreHomeAndSplit   taskInfo=ComponentInfo{com.xiaomi.hm.health/com.xiaomi.hm.health.activity.MainTabActivity}
09-01 14:31:53.234 W/RecentsModel( 7676): getTaskInfoIgnoreHomeAndFreeform   taskInfo=ComponentInfo{com.xiaomi.hm.health/com.xiaomi.hm.health.activity.MainTabActivity}
09-01 14:31:53.235 W/RecentsModel( 7676): getTaskInfoIgnoreFreeform   taskInfo=ComponentInfo{com.xiaomi.hm.health/com.xiaomi.hm.health.activity.MainTabActivity}
09-01 14:31:53.235 W/RecentsModel( 7676): onTaskStackChangedBackground: finishLoading loading
09-01 14:31:53.402 I/chatty  (19843): uid=1002 bluetooth@1.0-s expire 5 lines
09-01 14:31:53.475 I/chatty  ( 8588): uid=1002(bluetooth) btu message loo expire 93 lines
09-01 14:31:53.477 I/chatty  ( 8588): uid=1002(bluetooth) BT Service Call expire 319 lines
09-01 14:31:53.686 I/appium  ( 8902): AppiumResponse: {"sessionId":"ad6d0c78-5f6e-4b34-a966-5b7ce44708b4","value":null}
09-01 14:31:53.697 I/Timeline( 1639): Timeline: Activity_windows_visible id: ActivityRecord{c7921aa u0 com.xiaomi.hm.health/.ui.accountbind.AccountBindActivity t484} time:211479714
09-01 14:31:53.700 D/EventBus(29730): [29730, u0] send(AppTransitionFinishedEvent)
09-01 14:31:53.700 D/EventBus(29730): [29730, u0]  -> ForcedResizableInfoActivityController [0xc4c1163, P1] onBusEvent(AppTransitionFinishedEvent)
09-01 14:31:53.700 D/EventBus(29730): [29730, u0] onBusEvent(AppTransitionFinishedEvent) duration: 29 microseconds, avg: 34
09-01 14:31:53.701 D/EventBus(29730): [29730, u0] send(AppTransitionFinishedEvent)
09-01 14:31:53.701 D/EventBus(29730): [29730, u0]  -> ForcedResizableInfoActivityController [0xc4c1163, P1] onBusEvent(AppTransitionFinishedEvent)
09-01 14:31:53.701 I/Timeline( 1639): Timeline: App_transition_stopped time:211479718
09-01 14:31:53.701 D/EventBus(29730): [29730, u0] onBusEvent(AppTransitionFinishedEvent) duration: 25 microseconds, avg: 34
09-01 14:31:53.707 D/ActivityTrigger( 1639): ActivityTrigger activityStopTrigger 
09-01 14:31:53.763 I/chatty  ( 8588): uid=1002(bluetooth) btu message loo expire 98 lines
09-01 14:31:53.763 I/MiuiNetworkPolicy( 1639): bandwidth: 0 KB/s, Max bandwidth: 3727 KB/s
09-01 14:31:53.914 I//system/vendor/bin/mi_thermald( 1070): thermal_cpu_set_level: set cpu freq of cpu7 to 2016000
09-01 14:31:53.915 I//system/vendor/bin/mi_thermald( 1070): thermal_cpu_set_level: set cpu freq of cpu4 to 2016000
09-01 14:31:53.994 I/BluetoothUtils( 8588): packagename is android.uid.bluetooth:1002 ,and its permission is false
09-01 14:31:53.994 D/BluetoothUtils( 8588): blockedByLocationOff callingUid=1002
09-01 14:31:53.994 I/BluetoothUtils( 8588): packagename is android.uid.bluetooth:1002 ,and its permission is false
09-01 14:31:53.995 D/BluetoothUtils( 8588): blockedByLocationOff callingUid=1002
09-01 14:31:53.995 I/BluetoothUtils( 8588): packagename is android.uid.bluetooth:1002 ,and its permission is false
09-01 14:31:53.997 V/bt_stack( 8588): [VERBOSE1:btm_ble_gap.cc(1923)] btm_ble_process_ext_adv_pkt: bda=36:c9:49:a0:b6:9d
09-01 14:31:53.997 V/bt_stack( 8588): [VERBOSE1:btm_ble_gap.cc(1847)] btm_ble_process_adv_addr: bda=36:c9:49:a0:b6:9d
09-01 14:31:53.999 D/BluetoothUtils( 8588): blockedByLocationOff callingUid=1002
09-01 14:31:53.999 I/BluetoothUtils( 8588): packagename is android.uid.bluetooth:1002 ,and its permission is false
09-01 14:31:54.000 D/BluetoothUtils( 8588): blockedByLocationOff callingUid=1002
09-01 14:31:54.000 I/BluetoothUtils( 8588): packagename is android.uid.bluetooth:1002 ,and its permission is false
09-01 14:31:54.000 D/BluetoothUtils( 8588): blockedByLocationOff callingUid=1002
09-01 14:31:54.000 I/BluetoothUtils( 8588): packagename is android.uid.bluetooth:1002 ,and its permission is false
09-01 14:31:54.005 V/bt_stack( 8588): [VERBOSE1:btm_ble_gap.cc(1923)] btm_ble_process_ext_adv_pkt: bda=07:e4:7f:b4:5f:d9
09-01 14:31:54.005 V/bt_stack( 8588): [VERBOSE1:btm_ble_gap.cc(1847)] btm_ble_process_adv_addr: bda=07:e4:7f:b4:5f:d9
09-01 14:31:54.007 D/BluetoothUtils( 8588): blockedByLocationOff callingUid=1002
09-01 14:31:54.007 V/bt_stack( 8588): [VERBOSE1:btm_ble_gap.cc(1923)] btm_ble_process_ext_adv_pkt: bda=f2:58:f4:89:d0:4a
09-01 14:31:54.007 V/bt_stack( 8588): [VERBOSE1:btm_ble_gap.cc(1847)] btm_ble_process_adv_addr: bda=f2:58:f4:89:d0:4a
09-01 14:31:54.008 V/bt_stack( 8588): [VERBOSE1:btm_ble_gap.cc(2052)]  Waiting for scan response f2:58:f4:89:d0:4a
09-01 14:31:54.008 V/bt_stack( 8588): [VERBOSE1:btm_ble_gap.cc(1923)] btm_ble_process_ext_adv_pkt: bda=f2:58:f4:89:d0:4a
09-01 14:31:54.008 I/BluetoothUtils( 8588): packagename is android.uid.bluetooth:1002 ,and its permission is false
09-01 14:31:54.008 V/bt_stack( 8588): [VERBOSE1:btm_ble_gap.cc(1847)] btm_ble_process_adv_addr: bda=f2:58:f4:89:d0:4a
09-01 14:31:54.008 D/BluetoothUtils( 8588): blockedByLocationOff callingUid=1002
09-01 14:31:54.008 I/BluetoothUtils( 8588): packagename is android.uid.bluetooth:1002 ,and its permission is false
09-01 14:31:54.008 D/BluetoothUtils( 8588): blockedByLocationOff callingUid=1002
09-01 14:31:54.008 I/BluetoothUtils( 8588): packagename is android.uid.bluetooth:1002 ,and its permission is false
09-01 14:31:54.009 D/BluetoothUtils( 8588): blockedByLocationOff callingUid=1002
09-01 14:31:54.010 I/BluetoothUtils( 8588): packagename is android.uid.bluetooth:1002 ,and its permission is false
09-01 14:31:54.010 D/BluetoothUtils( 8588): blockedByLocationOff callingUid=1002
09-01 14:31:54.010 I/BluetoothUtils( 8588): packagename is android.uid.bluetooth:1002 ,and its permission is false
09-01 14:31:54.010 D/BluetoothUtils( 8588): blockedByLocationOff callingUid=1002
09-01 14:31:54.011 I/BluetoothUtils( 8588): packagename is android.uid.bluetooth:1002 ,and its permission is false
09-01 14:31:54.014 V/bt_stack( 8588): [VERBOSE1:btm_ble_gap.cc(1923)] btm_ble_process_ext_adv_pkt: bda=53:f2:a2:69:23:e6
09-01 14:31:54.015 V/bt_stack( 8588): [VERBOSE1:btm_ble_gap.cc(1847)] btm_ble_process_adv_addr: bda=53:f2:a2:69:23:e6
09-01 14:31:54.016 D/BluetoothUtils( 8588): blockedByLocationOff callingUid=1002
09-01 14:31:54.016 I/BluetoothUtils( 8588): packagename is android.uid.bluetooth:1002 ,and its permission is false
09-01 14:31:54.016 D/BluetoothUtils( 8588): blockedByLocationOff callingUid=1002
09-01 14:31:54.017 I/BluetoothUtils( 8588): packagename is android.uid.bluetooth:1002 ,and its permission is false
09-01 14:31:54.017 D/BluetoothUtils( 8588): blockedByLocationOff callingUid=1002
09-01 14:31:54.017 I/BluetoothUtils( 8588): packagename is android.uid.bluetooth:1002 ,and its permission is false
09-01 14:31:54.022 V/bt_stack( 8588): [VERBOSE1:btm_ble_gap.cc(1923)] btm_ble_process_ext_adv_pkt: bda=17:be:83:99:5a:17
09-01 14:31:54.022 V/bt_stack( 8588): [VERBOSE1:btm_ble_gap.cc(1847)] btm_ble_process_adv_addr: bda=17:be:83:99:5a:17
09-01 14:31:54.024 D/BluetoothUtils( 8588): blockedByLocationOff callingUid=1002
09-01 14:31:54.024 I/BluetoothUtils( 8588): packagename is android.uid.bluetooth:1002 ,and its permission is false
09-01 14:31:54.025 D/BluetoothUtils( 8588): blockedByLocationOff callingUid=1002
09-01 14:31:54.025 I/BluetoothUtils( 8588): packagename is android.uid.bluetooth:1002 ,and its permission is false
09-01 14:31:54.025 D/BluetoothUtils( 8588): blockedByLocationOff callingUid=1002
09-01 14:31:54.025 V/bt_stack( 8588): [VERBOSE1:btm_ble_gap.cc(1923)] btm_ble_process_ext_adv_pkt: bda=45:55:7e:66:6f:d0
09-01 14:31:54.025 V/bt_stack( 8588): [VERBOSE1:btm_ble_gap.cc(1847)] btm_ble_process_adv_addr: bda=45:55:7e:66:6f:d0
09-01 14:31:54.025 V/bt_stack( 8588): [VERBOSE1:btm_ble_gap.cc(2052)]  Waiting for scan response 45:55:7e:66:6f:d0
09-01 14:31:54.025 V/bt_stack( 8588): [VERBOSE1:btm_ble_gap.cc(1923)] btm_ble_process_ext_adv_pkt: bda=45:55:7e:66:6f:d0
09-01 14:31:54.025 V/bt_stack( 8588): [VERBOSE1:btm_ble_gap.cc(1847)] btm_ble_process_adv_addr: bda=45:55:7e:66:6f:d0
09-01 14:31:54.025 I/BluetoothUtils( 8588): packagename is android.uid.bluetooth:1002 ,and its permission is false
09-01 14:31:54.026 D/BluetoothUtils( 8588): blockedByLocationOff callingUid=1002
09-01 14:31:54.026 I/BluetoothUtils( 8588): packagename is android.uid.bluetooth:1002 ,and its permission is false
09-01 14:31:54.026 D/BluetoothUtils( 8588): blockedByLocationOff callingUid=1002
09-01 14:31:54.027 I/BluetoothUtils( 8588): packagename is android.uid.bluetooth:1002 ,and its permission is false
09-01 14:31:54.027 V/bt_stack( 8588): [VERBOSE1:btm_ble_gap.cc(1923)] btm_ble_process_ext_adv_pkt: bda=19:30:6d:c4:b5:5b
09-01 14:31:54.027 D/BluetoothUtils( 8588): blockedByLocationOff callingUid=1002
09-01 14:31:54.027 V/bt_stack( 8588): [VERBOSE1:btm_ble_gap.cc(1847)] btm_ble_process_adv_addr: bda=19:30:6d:c4:b5:5b
09-01 14:31:54.027 I/BluetoothUtils( 8588): packagename is android.uid.bluetooth:1002 ,and its permission is false
09-01 14:31:54.028 D/BluetoothUtils( 8588): blockedByLocationOff callingUid=1002
09-01 14:31:54.028 I/BluetoothUtils( 8588): packagename is android.uid.bluetooth:1002 ,and its permission is false
09-01 14:31:54.028 D/BluetoothUtils( 8588): blockedByLocationOff callingUid=1002
09-01 14:31:54.028 I/BluetoothUtils( 8588): packagename is android.uid.bluetooth:1002 ,and its permission is false
09-01 14:31:54.028 D/BluetoothUtils( 8588): blockedByLocationOff callingUid=1002
09-01 14:31:54.029 I/BluetoothUtils( 8588): packagename is android.uid.bluetooth:1002 ,and its permission is false
09-01 14:31:54.037 V/bt_stack( 8588): [VERBOSE1:btm_ble_gap.cc(1923)] btm_ble_process_ext_adv_pkt: bda=6c:37:b5:6b:a1:b8
09-01 14:31:54.037 V/bt_stack( 8588): [VERBOSE1:btm_ble_gap.cc(1847)] btm_ble_process_adv_addr: bda=6c:37:b5:6b:a1:b8
09-01 14:31:54.037 V/bt_stack( 8588): [VERBOSE1:btm_ble_gap.cc(2052)]  Waiting for scan response 6c:37:b5:6b:a1:b8
09-01 14:31:54.037 V/bt_stack( 8588): [VERBOSE1:btm_ble_gap.cc(1923)] btm_ble_process_ext_adv_pkt: bda=6a:1a:31:28:a4:f8
09-01 14:31:54.037 V/bt_stack( 8588): [VERBOSE1:btm_ble_gap.cc(1847)] btm_ble_process_adv_addr: bda=6a:1a:31:28:a4:f8
09-01 14:31:54.039 D/BluetoothUtils( 8588): blockedByLocationOff callingUid=1002
09-01 14:31:54.039 I/BluetoothUtils( 8588): packagename is android.uid.bluetooth:1002 ,and its permission is false
09-01 14:31:54.039 D/BluetoothUtils( 8588): blockedByLocationOff callingUid=1002
09-01 14:31:54.040 I/BluetoothUtils( 8588): packagename is android.uid.bluetooth:1002 ,and its permission is false
09-01 14:31:54.040 D/BluetoothUtils( 8588): blockedByLocationOff callingUid=1002
09-01 14:31:54.040 I/BluetoothUtils( 8588): packagename is android.uid.bluetooth:1002 ,and its permission is false
09-01 14:31:54.043 V/bt_stack( 8588): [VERBOSE1:btm_ble_gap.cc(1923)] btm_ble_process_ext_adv_pkt: bda=0c:1a:06:0e:96:57
09-01 14:31:54.043 V/bt_stack( 8588): [VERBOSE1:btm_ble_gap.cc(1847)] btm_ble_process_adv_addr: bda=0c:1a:06:0e:96:57
09-01 14:31:54.045 D/BluetoothUtils( 8588): blockedByLocationOff callingUid=1002
09-01 14:31:54.045 I/BluetoothUtils( 8588): packagename is android.uid.bluetooth:1002 ,and its permission is false
09-01 14:31:54.046 D/BluetoothUtils( 8588): blockedByLocationOff callingUid=1002
09-01 14:31:54.046 I/BluetoothUtils( 8588): packagename is android.uid.bluetooth:1002 ,and its permission is false
09-01 14:31:54.046 D/BluetoothUtils( 8588): blockedByLocationOff callingUid=1002
09-01 14:31:54.046 I/BluetoothUtils( 8588): packagename is android.uid.bluetooth:1002 ,and its permission is false
09-01 14:31:54.048 V/bt_stack( 8588): [VERBOSE1:btm_ble_gap.cc(1923)] btm_ble_process_ext_adv_pkt: bda=56:e4:da:79:d5:88
09-01 14:31:54.049 V/bt_stack( 8588): [VERBOSE1:btm_ble_gap.cc(1847)] btm_ble_process_adv_addr: bda=56:e4:da:79:d5:88
09-01 14:31:54.049 V/bt_stack( 8588): [VERBOSE1:btm_ble_gap.cc(2052)]  Waiting for scan response 56:e4:da:79:d5:88
09-01 14:31:54.049 V/bt_stack( 8588): [VERBOSE1:btm_ble_gap.cc(1923)] btm_ble_process_ext_adv_pkt: bda=56:e4:da:79:d5:88
09-01 14:31:54.049 V/bt_stack( 8588): [VERBOSE1:btm_ble_gap.cc(1847)] btm_ble_process_adv_addr: bda=56:e4:da:79:d5:88
09-01 14:31:54.050 D/BluetoothUtils( 8588): blockedByLocationOff callingUid=1002
09-01 14:31:54.050 I/BluetoothUtils( 8588): packagename is android.uid.bluetooth:1002 ,and its permission is false
09-01 14:31:54.050 D/BluetoothUtils( 8588): blockedByLocationOff callingUid=1002
09-01 14:31:54.051 I/BluetoothUtils( 8588): packagename is android.uid.bluetooth:1002 ,and its permission is false
09-01 14:31:54.051 D/BluetoothUtils( 8588): blockedByLocationOff callingUid=1002
09-01 14:31:54.051 I/BluetoothUtils( 8588): packagename is android.uid.bluetooth:1002 ,and its permission is false
09-01 14:31:54.088 I/vendor.qti.bluetooth@1.0-ibs_handler(19843): ProcessIbsCmd: Received IBS_SLEEP_IND: 0xFE
09-01 14:31:54.088 D/vendor.qti.bluetooth@1.0-ibs_handler(19843): SerialClockVote: vote for UART CLK OFF
09-01 14:31:54.118 I/vendor.qti.bluetooth@1.0-ibs_handler(19843): ProcessIbsCmd: Received IBS_WAKE_IND: 0xFD
09-01 14:31:54.118 D/vendor.qti.bluetooth@1.0-ibs_handler(19843): SerialClockVote: vote for UART CLK ON
09-01 14:31:54.118 I/vendor.qti.bluetooth@1.0-ibs_handler(19843): ProcessIbsCmd: Writing IBS_WAKE_ACK
09-01 14:31:54.120 V/bt_stack( 8588): [VERBOSE1:btm_ble_gap.cc(1923)] btm_ble_process_ext_adv_pkt: bda=53:f2:a2:69:23:e6
09-01 14:31:54.120 V/bt_stack( 8588): [VERBOSE1:btm_ble_gap.cc(1847)] btm_ble_process_adv_addr: bda=53:f2:a2:69:23:e6
09-01 14:31:54.123 D/BluetoothUtils( 8588): blockedByLocationOff callingUid=1002
09-01 14:31:54.123 I/BluetoothUtils( 8588): packagename is android.uid.bluetooth:1002 ,and its permission is false
09-01 14:31:54.124 D/BluetoothUtils( 8588): blockedByLocationOff callingUid=1002
09-01 14:31:54.124 I/BluetoothUtils( 8588): packagename is android.uid.bluetooth:1002 ,and its permission is false
09-01 14:31:54.125 D/BluetoothUtils( 8588): blockedByLocationOff callingUid=1002
09-01 14:31:54.125 I/BluetoothUtils( 8588): packagename is android.uid.bluetooth:1002 ,and its permission is false
09-01 14:31:54.127 V/bt_stack( 8588): [VERBOSE1:btm_ble_gap.cc(1923)] btm_ble_process_ext_adv_pkt: bda=48:14:81:f8:b8:84
09-01 14:31:54.127 V/bt_stack( 8588): [VERBOSE1:btm_ble_gap.cc(1847)] btm_ble_process_adv_addr: bda=48:14:81:f8:b8:84
09-01 14:31:54.127 V/bt_stack( 8588): [VERBOSE1:btm_ble_gap.cc(2052)]  Waiting for scan response 48:14:81:f8:b8:84
09-01 14:31:54.127 V/bt_stack( 8588): [VERBOSE1:btm_ble_gap.cc(1923)] btm_ble_process_ext_adv_pkt: bda=19:30:6d:c4:b5:5b
09-01 14:31:54.128 V/bt_stack( 8588): [VERBOSE1:btm_ble_gap.cc(1847)] btm_ble_process_adv_addr: bda=19:30:6d:c4:b5:5b
09-01 14:31:54.129 D/BluetoothUtils( 8588): blockedByLocationOff callingUid=1002
09-01 14:31:54.129 I/BluetoothUtils( 8588): packagename is android.uid.bluetooth:1002 ,and its permission is false
09-01 14:31:54.130 D/BluetoothUtils( 8588): blockedByLocationOff callingUid=1002
09-01 14:31:54.130 I/BluetoothUtils( 8588): packagename is android.uid.bluetooth:1002 ,and its permission is false
09-01 14:31:54.130 D/BluetoothUtils( 8588): blockedByLocationOff callingUid=1002
09-01 14:31:54.130 I/BluetoothUtils( 8588): packagename is android.uid.bluetooth:1002 ,and its permission is false
09-01 14:31:54.137 V/bt_stack( 8588): [VERBOSE1:btm_ble_gap.cc(1923)] btm_ble_process_ext_adv_pkt: bda=04:b0:56:de:30:bf
09-01 14:31:54.137 V/bt_stack( 8588): [VERBOSE1:btm_ble_gap.cc(1847)] btm_ble_process_adv_addr: bda=04:b0:56:de:30:bf
09-01 14:31:54.138 D/BluetoothUtils( 8588): blockedByLocationOff callingUid=1002
09-01 14:31:54.139 I/BluetoothUtils( 8588): packagename is android.uid.bluetooth:1002 ,and its permission is false
09-01 14:31:54.139 D/BluetoothUtils( 8588): blockedByLocationOff callingUid=1002
09-01 14:31:54.139 I/BluetoothUtils( 8588): packagename is android.uid.bluetooth:1002 ,and its permission is false
09-01 14:31:54.139 D/BluetoothUtils( 8588): blockedByLocationOff callingUid=1002
09-01 14:31:54.140 I/BluetoothUtils( 8588): packagename is android.uid.bluetooth:1002 ,and its permission is false
09-01 14:31:54.143 V/bt_stack( 8588): [VERBOSE1:btm_ble_gap.cc(1923)] btm_ble_process_ext_adv_pkt: bda=72:1f:5b:cb:e4:06
09-01 14:31:54.143 V/bt_stack( 8588): [VERBOSE1:btm_ble_gap.cc(1847)] btm_ble_process_adv_addr: bda=72:1f:5b:cb:e4:06
09-01 14:31:54.143 V/bt_stack( 8588): [VERBOSE1:btm_ble_gap.cc(2052)]  Waiting for scan response 72:1f:5b:cb:e4:06
09-01 14:31:54.143 V/bt_stack( 8588): [VERBOSE1:btm_ble_gap.cc(1923)] btm_ble_process_ext_adv_pkt: bda=72:1f:5b:cb:e4:06
09-01 14:31:54.143 V/bt_stack( 8588): [VERBOSE1:btm_ble_gap.cc(1847)] btm_ble_process_adv_addr: bda=72:1f:5b:cb:e4:06
09-01 14:31:54.145 D/BluetoothUtils( 8588): blockedByLocationOff callingUid=1002
09-01 14:31:54.146 I/BluetoothUtils( 8588): packagename is android.uid.bluetooth:1002 ,and its permission is false
09-01 14:31:54.146 D/BluetoothUtils( 8588): blockedByLocationOff callingUid=1002
09-01 14:31:54.146 I/BluetoothUtils( 8588): packagename is android.uid.bluetooth:1002 ,and its permission is false
09-01 14:31:54.146 D/BluetoothUtils( 8588): blockedByLocationOff callingUid=1002
09-01 14:31:54.147 I/BluetoothUtils( 8588): packagename is android.uid.bluetooth:1002 ,and its permission is false
09-01 14:31:54.161 V/bt_stack( 8588): [VERBOSE1:btm_ble_gap.cc(1923)] btm_ble_process_ext_adv_pkt: bda=5d:4a:e1:72:21:47
09-01 14:31:54.162 V/bt_stack( 8588): [VERBOSE1:btm_ble_gap.cc(1847)] btm_ble_process_adv_addr: bda=5d:4a:e1:72:21:47
09-01 14:31:54.162 V/bt_stack( 8588): [VERBOSE1:btm_ble_gap.cc(2052)]  Waiting for scan response 5d:4a:e1:72:21:47
09-01 14:31:54.162 V/bt_stack( 8588): [VERBOSE1:btm_ble_gap.cc(1923)] btm_ble_process_ext_adv_pkt: bda=2a:1b:52:ac:62:5d
09-01 14:31:54.162 V/bt_stack( 8588): [VERBOSE1:btm_ble_gap.cc(1847)] btm_ble_process_adv_addr: bda=2a:1b:52:ac:62:5d
09-01 14:31:54.164 D/BluetoothUtils( 8588): blockedByLocationOff callingUid=1002
09-01 14:31:54.164 I/BluetoothUtils( 8588): packagename is android.uid.bluetooth:1002 ,and its permission is false
09-01 14:31:54.165 D/BluetoothUtils( 8588): blockedByLocationOff callingUid=1002
09-01 14:31:54.165 I/BluetoothUtils( 8588): packagename is android.uid.bluetooth:1002 ,and its permission is false
09-01 14:31:54.165 D/BluetoothUtils( 8588): blockedByLocationOff callingUid=1002
09-01 14:31:54.166 I/BluetoothUtils( 8588): packagename is android.uid.bluetooth:1002 ,and its permission is false
09-01 14:31:54.177 V/bt_stack( 8588): [VERBOSE1:btm_ble_gap.cc(1923)] btm_ble_process_ext_adv_pkt: bda=ef:78:8a:8d:25:f2
09-01 14:31:54.177 V/bt_stack( 8588): [VERBOSE1:btm_ble_gap.cc(1847)] btm_ble_process_adv_addr: bda=ef:78:8a:8d:25:f2
09-01 14:31:54.177 V/bt_stack( 8588): [VERBOSE1:btm_ble_gap.cc(2052)]  Waiting for scan response ef:78:8a:8d:25:f2
09-01 14:31:54.177 V/bt_stack( 8588): [VERBOSE1:btm_ble_gap.cc(1923)] btm_ble_process_ext_adv_pkt: bda=ef:78:8a:8d:25:f2
09-01 14:31:54.177 V/bt_stack( 8588): [VERBOSE1:btm_ble_gap.cc(1847)] btm_ble_process_adv_addr: bda=ef:78:8a:8d:25:f2
09-01 14:31:54.178 D/BluetoothUtils( 8588): blockedByLocationOff callingUid=1002
09-01 14:31:54.178 I/BluetoothUtils( 8588): packagename is android.uid.bluetooth:1002 ,and its permission is false
09-01 14:31:54.179 D/BluetoothUtils( 8588): blockedByLocationOff callingUid=1002
09-01 14:31:54.179 I/BluetoothUtils( 8588): packagename is android.uid.bluetooth:1002 ,and its permission is false
09-01 14:31:54.179 D/BluetoothUtils( 8588): blockedByLocationOff callingUid=1002
09-01 14:31:54.179 I/BluetoothUtils( 8588): packagename is android.uid.bluetooth:1002 ,and its permission is false
09-01 14:31:54.184 V/bt_stack( 8588): [VERBOSE1:btm_ble_gap.cc(1923)] btm_ble_process_ext_adv_pkt: bda=06:fa:50:9b:39:c0
09-01 14:31:54.184 V/bt_stack( 8588): [VERBOSE1:btm_ble_gap.cc(1847)] btm_ble_process_adv_addr: bda=06:fa:50:9b:39:c0
09-01 14:31:54.186 D/BluetoothUtils( 8588): blockedByLocationOff callingUid=1002
09-01 14:31:54.186 I/BluetoothUtils( 8588): packagename is android.uid.bluetooth:1002 ,and its permission is false
09-01 14:31:54.186 D/BluetoothUtils( 8588): blockedByLocationOff callingUid=1002
09-01 14:31:54.187 I/BluetoothUtils( 8588): packagename is android.uid.bluetooth:1002 ,and its permission is false
09-01 14:31:54.187 D/BluetoothUtils( 8588): blockedByLocationOff callingUid=1002
09-01 14:31:54.187 I/BluetoothUtils( 8588): packagename is android.uid.bluetooth:1002 ,and its permission is false
09-01 14:31:54.193 V/bt_stack( 8588): [VERBOSE1:btm_ble_gap.cc(1923)] btm_ble_process_ext_adv_pkt: bda=2e:17:70:f9:0b:48
09-01 14:31:54.193 V/bt_stack( 8588): [VERBOSE1:btm_ble_gap.cc(1847)] btm_ble_process_adv_addr: bda=2e:17:70:f9:0b:48
09-01 14:31:54.195 D/BluetoothUtils( 8588): blockedByLocationOff callingUid=1002
09-01 14:31:54.196 I/BluetoothUtils( 8588): packagename is android.uid.bluetooth:1002 ,and its permission is false
09-01 14:31:54.196 D/BluetoothUtils( 8588): blockedByLocationOff callingUid=1002
09-01 14:31:54.196 I/BluetoothUtils( 8588): packagename is android.uid.bluetooth:1002 ,and its permission is false
09-01 14:31:54.196 D/BluetoothUtils( 8588): blockedByLocationOff callingUid=1002
09-01 14:31:54.197 I/BluetoothUtils( 8588): packagename is android.uid.bluetooth:1002 ,and its permission is false
09-01 14:31:54.202 D/NetworkController.MobileSignalController(1)(29730): 4G level = 5
09-01 14:31:54.213 V/bt_stack( 8588): [VERBOSE1:btm_ble_gap.cc(1923)] btm_ble_process_ext_adv_pkt: bda=07:e4:7f:b4:5f:d9
09-01 14:31:54.213 V/bt_stack( 8588): [VERBOSE1:btm_ble_gap.cc(1847)] btm_ble_process_adv_addr: bda=07:e4:7f:b4:5f:d9
09-01 14:31:54.215 D/BluetoothUtils( 8588): blockedByLocationOff callingUid=1002
09-01 14:31:54.216 I/BluetoothUtils( 8588): packagename is android.uid.bluetooth:1002 ,and its permission is false
09-01 14:31:54.216 D/BluetoothUtils( 8588): blockedByLocationOff callingUid=1002
09-01 14:31:54.216 I/BluetoothUtils( 8588): packagename is android.uid.bluetooth:1002 ,and its permission is false
09-01 14:31:54.216 D/BluetoothUtils( 8588): blockedByLocationOff callingUid=1002
09-01 14:31:54.217 I/BluetoothUtils( 8588): packagename is android.uid.bluetooth:1002 ,and its permission is false
09-01 14:31:54.225 V/bt_stack( 8588): [VERBOSE1:btm_ble_gap.cc(1923)] btm_ble_process_ext_adv_pkt: bda=44:ca:73:cc:df:42
09-01 14:31:54.225 V/bt_stack( 8588): [VERBOSE1:btm_ble_gap.cc(1847)] btm_ble_process_adv_addr: bda=44:ca:73:cc:df:42
09-01 14:31:54.225 V/bt_stack( 8588): [VERBOSE1:btm_ble_gap.cc(2052)]  Waiting for scan response 44:ca:73:cc:df:42
09-01 14:31:54.233 V/bt_stack( 8588): [VERBOSE1:btm_ble_gap.cc(1923)] btm_ble_process_ext_adv_pkt: bda=6c:37:b5:6b:a1:b8
09-01 14:31:54.233 V/bt_stack( 8588): [VERBOSE1:btm_ble_gap.cc(1847)] btm_ble_process_adv_addr: bda=6c:37:b5:6b:a1:b8
09-01 14:31:54.233 V/bt_stack( 8588): [VERBOSE1:btm_ble_gap.cc(2052)]  Waiting for scan response 6c:37:b5:6b:a1:b8
09-01 14:31:54.233 V/bt_stack( 8588): [VERBOSE1:btm_ble_gap.cc(1923)] btm_ble_process_ext_adv_pkt: bda=19:30:6d:c4:b5:5b
09-01 14:31:54.233 V/bt_stack( 8588): [VERBOSE1:btm_ble_gap.cc(1847)] btm_ble_process_adv_addr: bda=19:30:6d:c4:b5:5b
09-01 14:31:54.235 V/bt_stack( 8588): [VERBOSE1:btm_ble_gap.cc(1923)] btm_ble_process_ext_adv_pkt: bda=56:e4:da:79:d5:88
09-01 14:31:54.235 V/bt_stack( 8588): [VERBOSE1:btm_ble_gap.cc(1847)] btm_ble_process_adv_addr: bda=56:e4:da:79:d5:88
09-01 14:31:54.235 V/bt_stack( 8588): [VERBOSE1:btm_ble_gap.cc(2052)]  Waiting for scan response 56:e4:da:79:d5:88
09-01 14:31:54.235 V/bt_stack( 8588): [VERBOSE1:btm_ble_gap.cc(1923)] btm_ble_process_ext_adv_pkt: bda=56:e4:da:79:d5:88
09-01 14:31:54.235 D/BluetoothUtils( 8588): blockedByLocationOff callingUid=1002
09-01 14:31:54.235 V/bt_stack( 8588): [VERBOSE1:btm_ble_gap.cc(1847)] btm_ble_process_adv_addr: bda=56:e4:da:79:d5:88
09-01 14:31:54.236 I/BluetoothUtils( 8588): packagename is android.uid.bluetooth:1002 ,and its permission is false
09-01 14:31:54.236 D/BluetoothUtils( 8588): blockedByLocationOff callingUid=1002
09-01 14:31:54.236 I/BluetoothUtils( 8588): packagename is android.uid.bluetooth:1002 ,and its permission is false
09-01 14:31:54.236 D/BluetoothUtils( 8588): blockedByLocationOff callingUid=1002
09-01 14:31:54.237 I/BluetoothUtils( 8588): packagename is android.uid.bluetooth:1002 ,and its permission is false
09-01 14:31:54.238 D/BluetoothUtils( 8588): blockedByLocationOff callingUid=1002
09-01 14:31:54.238 I/BluetoothUtils( 8588): packagename is android.uid.bluetooth:1002 ,and its permission is false
09-01 14:31:54.238 D/BluetoothUtils( 8588): blockedByLocationOff callingUid=1002
09-01 14:31:54.239 V/bt_stack( 8588): [VERBOSE1:btm_ble_gap.cc(1923)] btm_ble_process_ext_adv_pkt: bda=6a:1a:31:28:a4:f8
09-01 14:31:54.239 V/bt_stack( 8588): [VERBOSE1:btm_ble_gap.cc(1847)] btm_ble_process_adv_addr: bda=6a:1a:31:28:a4:f8
09-01 14:31:54.239 I/BluetoothUtils( 8588): packagename is android.uid.bluetooth:1002 ,and its permission is false
09-01 14:31:54.239 D/BluetoothUtils( 8588): blockedByLocationOff callingUid=1002
09-01 14:31:54.239 I/BluetoothUtils( 8588): packagename is android.uid.bluetooth:1002 ,and its permission is false
09-01 14:31:54.240 D/BluetoothUtils( 8588): blockedByLocationOff callingUid=1002
09-01 14:31:54.241 I/BluetoothUtils( 8588): packagename is android.uid.bluetooth:1002 ,and its permission is false
09-01 14:31:54.241 D/BluetoothUtils( 8588): blockedByLocationOff callingUid=1002
09-01 14:31:54.241 I/BluetoothUtils( 8588): packagename is android.uid.bluetooth:1002 ,and its permission is false
09-01 14:31:54.241 D/BluetoothUtils( 8588): blockedByLocationOff callingUid=1002
09-01 14:31:54.242 I/BluetoothUtils( 8588): packagename is android.uid.bluetooth:1002 ,and its permission is false
09-01 14:31:54.253 V/bt_stack( 8588): [VERBOSE1:btm_ble_gap.cc(1923)] btm_ble_process_ext_adv_pkt: bda=38:f9:d3:45:87:1e
09-01 14:31:54.254 V/bt_stack( 8588): [VERBOSE1:btm_ble_gap.cc(1847)] btm_ble_process_adv_addr: bda=38:f9:d3:45:87:1e
09-01 14:31:54.254 V/bt_stack( 8588): [VERBOSE1:btm_ble_gap.cc(2052)]  Waiting for scan response 38:f9:d3:45:87:1e
09-01 14:31:54.254 V/bt_stack( 8588): [VERBOSE1:btm_ble_gap.cc(1923)] btm_ble_process_ext_adv_pkt: bda=38:f9:d3:45:87:1e
09-01 14:31:54.254 V/bt_stack( 8588): [VERBOSE1:btm_ble_gap.cc(1847)] btm_ble_process_adv_addr: bda=38:f9:d3:45:87:1e
09-01 14:31:54.255 D/BluetoothUtils( 8588): blockedByLocationOff callingUid=1002
09-01 14:31:54.256 I/BluetoothUtils( 8588): packagename is android.uid.bluetooth:1002 ,and its permission is false
09-01 14:31:54.256 D/BluetoothUtils( 8588): blockedByLocationOff callingUid=1002
09-01 14:31:54.256 I/BluetoothUtils( 8588): packagename is android.uid.bluetooth:1002 ,and its permission is false
09-01 14:31:54.256 D/BluetoothUtils( 8588): blockedByLocationOff callingUid=1002
09-01 14:31:54.257 I/BluetoothUtils( 8588): packagename is android.uid.bluetooth:1002 ,and its permission is false
09-01 14:31:54.257 V/bt_stack( 8588): [VERBOSE1:btm_ble_gap.cc(1923)] btm_ble_process_ext_adv_pkt: bda=0c:1a:06:0e:96:57
09-01 14:31:54.258 V/bt_stack( 8588): [VERBOSE1:btm_ble_gap.cc(1847)] btm_ble_process_adv_addr: bda=0c:1a:06:0e:96:57
09-01 14:31:54.258 D/BluetoothUtils( 8588): blockedByLocationOff callingUid=1002
09-01 14:31:54.259 I/BluetoothUtils( 8588): packagename is android.uid.bluetooth:1002 ,and its permission is false
09-01 14:31:54.259 D/BluetoothUtils( 8588): blockedByLocationOff callingUid=1002
09-01 14:31:54.259 I/BluetoothUtils( 8588): packagename is android.uid.bluetooth:1002 ,and its permission is false
09-01 14:31:54.260 D/BluetoothUtils( 8588): blockedByLocationOff callingUid=1002
09-01 14:31:54.260 I/BluetoothUtils( 8588): packagename is android.uid.bluetooth:1002 ,and its permission is false
09-01 14:31:54.264 V/bt_stack( 8588): [VERBOSE1:btm_ble_gap.cc(1923)] btm_ble_process_ext_adv_pkt: bda=2a:1b:52:ac:62:5d
09-01 14:31:54.264 V/bt_stack( 8588): [VERBOSE1:btm_ble_gap.cc(1847)] btm_ble_process_adv_addr: bda=2a:1b:52:ac:62:5d
09-01 14:31:54.265 D/BluetoothUtils( 8588): blockedByLocationOff callingUid=1002
09-01 14:31:54.265 I/BluetoothUtils( 8588): packagename is android.uid.bluetooth:1002 ,and its permission is false
09-01 14:31:54.266 D/BluetoothUtils( 8588): blockedByLocationOff callingUid=1002
09-01 14:31:54.266 I/BluetoothUtils( 8588): packagename is android.uid.bluetooth:1002 ,and its permission is false
09-01 14:31:54.266 D/BluetoothUtils( 8588): blockedByLocationOff callingUid=1002
09-01 14:31:54.266 I/BluetoothUtils( 8588): packagename is android.uid.bluetooth:1002 ,and its permission is false
09-01 14:31:54.280 V/bt_stack( 8588): [VERBOSE1:btm_ble_gap.cc(1923)] btm_ble_process_ext_adv_pkt: bda=56:23:e7:94:9e:a9
09-01 14:31:54.281 V/bt_stack( 8588): [VERBOSE1:btm_ble_gap.cc(1847)] btm_ble_process_adv_addr: bda=56:23:e7:94:9e:a9
09-01 14:31:54.281 V/bt_stack( 8588): [VERBOSE1:btm_ble_gap.cc(2052)]  Waiting for scan response 56:23:e7:94:9e:a9
09-01 14:31:54.281 V/bt_stack( 8588): [VERBOSE1:btm_ble_gap.cc(1923)] btm_ble_process_ext_adv_pkt: bda=56:23:e7:94:9e:a9
09-01 14:31:54.281 V/bt_stack( 8588): [VERBOSE1:btm_ble_gap.cc(1847)] btm_ble_process_adv_addr: bda=56:23:e7:94:9e:a9
09-01 14:31:54.282 D/BluetoothUtils( 8588): blockedByLocationOff callingUid=1002
09-01 14:31:54.283 I/BluetoothUtils( 8588): packagename is android.uid.bluetooth:1002 ,and its permission is false
09-01 14:31:54.283 D/BluetoothUtils( 8588): blockedByLocationOff callingUid=1002
09-01 14:31:54.283 I/BluetoothUtils( 8588): packagename is android.uid.bluetooth:1002 ,and its permission is false
09-01 14:31:54.283 D/BluetoothUtils( 8588): blockedByLocationOff callingUid=1002
09-01 14:31:54.284 I/BluetoothUtils( 8588): packagename is android.uid.bluetooth:1002 ,and its permission is false
09-01 14:31:54.292 V/bt_stack( 8588): [VERBOSE1:btm_ble_gap.cc(1923)] btm_ble_process_ext_adv_pkt: bda=66:3e:07:e0:2b:d4
09-01 14:31:54.292 V/bt_stack( 8588): [VERBOSE1:btm_ble_gap.cc(1847)] btm_ble_process_adv_addr: bda=66:3e:07:e0:2b:d4
09-01 14:31:54.292 V/bt_stack( 8588): [VERBOSE1:btm_ble_gap.cc(2052)]  Waiting for scan response 66:3e:07:e0:2b:d4
09-01 14:31:54.292 V/bt_stack( 8588): [VERBOSE1:btm_ble_gap.cc(1923)] btm_ble_process_ext_adv_pkt: bda=66:3e:07:e0:2b:d4
09-01 14:31:54.292 V/bt_stack( 8588): [VERBOSE1:btm_ble_gap.cc(1847)] btm_ble_process_adv_addr: bda=66:3e:07:e0:2b:d4
09-01 14:31:54.294 D/BluetoothUtils( 8588): blockedByLocationOff callingUid=1002
09-01 14:31:54.294 I/BluetoothUtils( 8588): packagename is android.uid.bluetooth:1002 ,and its permission is false
09-01 14:31:54.294 D/BluetoothUtils( 8588): blockedByLocationOff callingUid=1002
09-01 14:31:54.295 I/BluetoothUtils( 8588): packagename is android.uid.bluetooth:1002 ,and its permission is false
09-01 14:31:54.295 D/BluetoothUtils( 8588): blockedByLocationOff callingUid=1002
09-01 14:31:54.295 I/BluetoothUtils( 8588): packagename is android.uid.bluetooth:1002 ,and its permission is false
09-01 14:31:54.295 V/bt_stack( 8588): [VERBOSE1:btm_ble_gap.cc(1923)] btm_ble_process_ext_adv_pkt: bda=45:55:7e:66:6f:d0
09-01 14:31:54.295 V/bt_stack( 8588): [VERBOSE1:btm_ble_gap.cc(1847)] btm_ble_process_adv_addr: bda=45:55:7e:66:6f:d0
09-01 14:31:54.295 V/bt_stack( 8588): [VERBOSE1:btm_ble_gap.cc(2052)]  Waiting for scan response 45:55:7e:66:6f:d0
09-01 14:31:54.295 V/bt_stack( 8588): [VERBOSE1:btm_ble_gap.cc(1923)] btm_ble_process_ext_adv_pkt: bda=45:55:7e:66:6f:d0
09-01 14:31:54.295 V/bt_stack( 8588): [VERBOSE1:btm_ble_gap.cc(1847)] btm_ble_process_adv_addr: bda=45:55:7e:66:6f:d0
09-01 14:31:54.296 D/BluetoothUtils( 8588): blockedByLocationOff callingUid=1002
09-01 14:31:54.297 I/BluetoothUtils( 8588): packagename is android.uid.bluetooth:1002 ,and its permission is false
09-01 14:31:54.297 D/BluetoothUtils( 8588): blockedByLocationOff callingUid=1002
09-01 14:31:54.298 I/BluetoothUtils( 8588): packagename is android.uid.bluetooth:1002 ,and its permission is false
09-01 14:31:54.298 D/BluetoothUtils( 8588): blockedByLocationOff callingUid=1002
09-01 14:31:54.298 I/BluetoothUtils( 8588): packagename is android.uid.bluetooth:1002 ,and its permission is false
09-01 14:31:54.317 V/bt_stack( 8588): [VERBOSE1:btm_ble_gap.cc(1923)] btm_ble_process_ext_adv_pkt: bda=36:c9:49:a0:b6:9d
09-01 14:31:54.317 V/bt_stack( 8588): [VERBOSE1:btm_ble_gap.cc(1847)] btm_ble_process_adv_addr: bda=36:c9:49:a0:b6:9d
09-01 14:31:54.320 D/BluetoothUtils( 8588): blockedByLocationOff callingUid=1002
09-01 14:31:54.321 I/BluetoothUtils( 8588): packagename is android.uid.bluetooth:1002 ,and its permission is false
09-01 14:31:54.321 V/bt_stack( 8588): [VERBOSE1:btm_ble_gap.cc(1923)] btm_ble_process_ext_adv_pkt: bda=07:e4:7f:b4:5f:d9
09-01 14:31:54.321 V/bt_stack( 8588): [VERBOSE1:btm_ble_gap.cc(1847)] btm_ble_process_adv_addr: bda=07:e4:7f:b4:5f:d9
09-01 14:31:54.321 D/BluetoothUtils( 8588): blockedByLocationOff callingUid=1002
09-01 14:31:54.321 I/BluetoothUtils( 8588): packagename is android.uid.bluetooth:1002 ,and its permission is false
09-01 14:31:54.321 D/BluetoothUtils( 8588): blockedByLocationOff callingUid=1002
09-01 14:31:54.322 I/BluetoothUtils( 8588): packagename is android.uid.bluetooth:1002 ,and its permission is false
09-01 14:31:54.323 D/BluetoothUtils( 8588): blockedByLocationOff callingUid=1002
09-01 14:31:54.324 I/BluetoothUtils( 8588): packagename is android.uid.bluetooth:1002 ,and its permission is false
09-01 14:31:54.324 D/BluetoothUtils( 8588): blockedByLocationOff callingUid=1002
09-01 14:31:54.325 I/BluetoothUtils( 8588): packagename is android.uid.bluetooth:1002 ,and its permission is false
09-01 14:31:54.325 D/BluetoothUtils( 8588): blockedByLocationOff callingUid=1002
09-01 14:31:54.325 I/BluetoothUtils( 8588): packagename is android.uid.bluetooth:1002 ,and its permission is false
09-01 14:31:54.352 V/bt_stack( 8588): [VERBOSE1:btm_ble_gap.cc(1923)] btm_ble_process_ext_adv_pkt: bda=e5:5b:4e:62:b8:55
09-01 14:31:54.352 V/bt_stack( 8588): [VERBOSE1:btm_ble_gap.cc(1847)] btm_ble_process_adv_addr: bda=e5:5b:4e:62:b8:55
09-01 14:31:54.352 V/bt_stack( 8588): [VERBOSE1:btm_ble_gap.cc(2052)]  Waiting for scan response e5:5b:4e:62:b8:55
09-01 14:31:54.352 V/bt_stack( 8588): [VERBOSE1:btm_ble_gap.cc(1923)] btm_ble_process_ext_adv_pkt: bda=04:b0:56:de:30:bf
09-01 14:31:54.352 V/bt_stack( 8588): [VERBOSE1:btm_ble_gap.cc(1847)] btm_ble_process_adv_addr: bda=04:b0:56:de:30:bf
09-01 14:31:54.355 D/BluetoothUtils( 8588): blockedByLocationOff callingUid=1002
09-01 14:31:54.356 I/BluetoothUtils( 8588): packagename is android.uid.bluetooth:1002 ,and its permission is false
09-01 14:31:54.357 D/BluetoothUtils( 8588): blockedByLocationOff callingUid=1002
09-01 14:31:54.357 I/BluetoothUtils( 8588): packagename is android.uid.bluetooth:1002 ,and its permission is false
09-01 14:31:54.357 V/bt_stack( 8588): [VERBOSE1:btm_ble_gap.cc(1923)] btm_ble_process_ext_adv_pkt: bda=0a:29:89:b7:c8:4a
09-01 14:31:54.357 D/BluetoothUtils( 8588): blockedByLocationOff callingUid=1002
09-01 14:31:54.358 V/bt_stack( 8588): [VERBOSE1:btm_ble_gap.cc(1847)] btm_ble_process_adv_addr: bda=0a:29:89:b7:c8:4a
09-01 14:31:54.358 I/BluetoothUtils( 8588): packagename is android.uid.bluetooth:1002 ,and its permission is false
09-01 14:31:54.359 V/bt_stack( 8588): [VERBOSE1:btm_ble_gap.cc(1923)] btm_ble_process_ext_adv_pkt: bda=0c:1a:06:0e:96:57
09-01 14:31:54.360 D/BluetoothUtils( 8588): blockedByLocationOff callingUid=1002
