09-01 14:32:00.421 W/tomator2.serve( 9696): Accessing hidden method Lsun/misc/Unsafe;->setMemory(JJB)V (greylist, linking, allowed)
09-01 14:32:00.422 W/tomator2.serve( 9696): Accessing hidden field Ljava/nio/Buffer;->address:J (greylist, reflection, allowed)
09-01 14:32:00.422 W/tomator2.serve( 9696): Accessing hidden field Lsun/misc/Unsafe;->theUnsafe:Lsun/misc/Unsafe; (greylist, reflection, allowed)
09-01 14:32:00.423 W/tomator2.serve( 9696): Accessing hidden method Lsun/misc/VM;->maxDirectMemory()J (greylist, reflection, allowed)
09-01 14:32:00.429 E/adbd    (16935): failed to connect to socket 'tcp:6790': Connection refused
09-01 14:32:00.431 W/tomator2.serve( 9696): Accessing hidden field Lsun/nio/ch/SelectorImpl;->selectedKeys:Ljava/util/Set; (greylist, reflection, allowed)
09-01 14:32:00.431 W/tomator2.serve( 9696): Accessing hidden field Lsun/nio/ch/SelectorImpl;->publicSelectedKeys:Ljava/util/Set; (greylist, reflection, allowed)
09-01 14:32:00.450 W/Thread-4( 9696): type=1400 audit(0.0:63878): avc: denied { read } for name="somaxconn" dev="proc" ino=7220655 scontext=u:r:untrusted_app_27:s0:c224,c256,c512,c768 tcontext=u:object_r:proc_net:s0 tclass=file permissive=0 app=io.appium.uiautomator2.server
09-01 14:32:00.756 I/AudioTrack( 2503): isLongTimeZoreData zoer date time 39 Seconds
09-01 14:32:01.510 I/appium  ( 9696): channel read invoked!
09-01 14:32:01.510 I/appium  ( 9696): channel read: GET /wd/hub/status
09-01 14:32:01.515 I/appium  ( 9696): AppiumResponse: {"sessionId":"None","value":{"ready":true,"message":"UiAutomator2 Server is ready to accept commands"}}
09-01 14:32:01.537 I/appium  ( 9696): channel read invoked!
09-01 14:32:01.537 I/appium  ( 9696): channel read: POST /wd/hub/session
09-01 14:32:01.541 W/tomator2.serve( 9696): Accessing hidden field Landroid/app/UiAutomation;->mOnAccessibilityEventListener:Landroid/app/UiAutomation$OnAccessibilityEventListener; (greylist-max-o, reflection, allowed)
09-01 14:32:01.542 I/appium  ( 9696): Created the new session with SessionID: f134a94f-7c6f-46ba-965f-e61e75cb9df7
09-01 14:32:01.543 I/appium  ( 9696): AppiumResponse: {"sessionId":"f134a94f-7c6f-46ba-965f-e61e75cb9df7","value":{"sessionId":"f134a94f-7c6f-46ba-965f-e61e75cb9df7","capabilities":{"firstMatch":[{"platform":"LINUX","webStorageEnabled":false,"takesScreenshot":true,"javascriptEnabled":true,"databaseEnabled":false,"networkConnectionEnabled":true,"loca...
09-01 14:32:01.596 I/appium  ( 9696): channel read invoked!
09-01 14:32:01.597 I/appium  ( 9696): channel read: GET /wd/hub/session/f134a94f-7c6f-46ba-965f-e61e75cb9df7/appium/device/info
09-01 14:32:01.598 I/appium  ( 9696): Get Device Info command
09-01 14:32:01.620 W/tomator2.serve( 9696): Accessing hidden field Landroid/net/NetworkCapabilities;->mSignalStrength:I (greylist-max-p, reflection, allowed)
09-01 14:32:01.621 W/tomator2.serve( 9696): Accessing hidden field Landroid/net/NetworkCapabilities;->mNetworkSpecifier:Landroid/net/NetworkSpecifier; (greylist-max-o, reflection, allowed)
09-01 14:32:01.621 W/tomator2.serve( 9696): Accessing hidden field Landroid/net/NetworkCapabilities;->mSSID:Ljava/lang/String; (greylist-max-o, reflection, allowed)
09-01 14:32:01.635 I/appium  ( 9696): AppiumResponse: {"sessionId":"f134a94f-7c6f-46ba-965f-e61e75cb9df7","value":{"androidId":"189d1757d16bcd28","manufacturer":"Xiaomi","model":"Redmi K20 Pro","brand":"Xiaomi","apiVersion":"29","platformVersion":"10","carrierName":"小米移动","realDisplaySize":"1080x2340","displayDensity":440,"networks":[{"type":1,"type...
09-01 14:32:01.704 D/MessageMonitor( 1639): Dump Looper message took 1ms
09-01 14:32:01.708 D/MessageMonitor( 1639): Dump Looper message took 1ms
09-01 14:32:01.773 I/AudioTrack( 2503): isLongTimeZoreData zoer date time 40 Seconds
09-01 14:32:01.817 I/ActivityManager( 1639): Force stopping com.xiaomi.hm.health appid=10241 user=0: from process:9732
09-01 14:32:01.832 E/PhoneInterfaceManager( 2698): [PhoneIntfMgr] getCarrierPackageNamesForIntent: No UICC
09-01 14:32:01.832 D/CarrierSvcBindHelper( 2698): No carrier app for: 0
09-01 14:32:01.834 D/CarrierSvcBindHelper( 2698): No carrier app for: 1
09-01 14:32:01.840 D/RegisteredServicesCache( 4689):  Reading service state data always from file
09-01 14:32:01.840 D/RegisteredServicesCache( 4689): ServiceStateFileVersion=1.0
09-01 14:32:01.840 E/RegisteredServicesCache( 4689): Next Tag=services
09-01 14:32:01.841 E/RegisteredServicesCache( 4689): 1invalidateCache:WriteServiceStateToFile
09-01 14:32:01.841 E/RegisteredServicesCache( 4689):  Writing service state Data Always
09-01 14:32:01.847 E/RegisteredAidCache( 4689): updateRoutingLocked(): enter...
09-01 14:32:01.847 D/NfcService( 4689): defaultMifareCLTRoute : 315
09-01 14:32:01.847 D/RegisteredAidCache( 4689):  AID power stateB0693789675600247817route0
09-01 14:32:01.847 D/NfcService( 4689): defaultAidRoute : 315
09-01 14:32:01.847 D/NfcService( 4689): GetDefaultRouteLoc  :1
09-01 14:32:01.847 D/NfcService( 4689): defaultAidRoute : 315
09-01 14:32:01.847 D/NfcService( 4689): GetDefaultRouteLoc  :1
09-01 14:32:01.847 E/AidRoutingManager( 4689): Size of routing table970
09-01 14:32:01.847 E/RegisteredAidCache( 4689): updateRoutingLocked(): exit...
09-01 14:32:01.848 D/RegisteredNfcFServicesCache( 4689): Service unchanged, not updating
09-01 14:32:01.885 D/NetworkController.MobileSignalController(1)(29730): 4G level = 5
09-01 14:32:02.074 W/ActivityTaskManager( 1639): aInfo is null for resolve intent: Intent { act=android.intent.action.MAIN cat=[android.intent.category.LAUNCHER] flg=0x10200000 cmp=com.xiaomi.hm.health/activity.StartUpActivity }
09-01 14:32:02.074 W/ActivityTaskManagerServiceInjector( 1639): Intent or aInfo is null!
09-01 14:32:02.074 I/ActivityTaskManager( 1639): START u0 {act=android.intent.action.MAIN cat=[android.intent.category.LAUNCHER] flg=0x10200000 cmp=com.xiaomi.hm.health/activity.StartUpActivity} from uid 2000
09-01 14:32:02.078 W/BpBinder( 9732): Slow Binder: BpBinder transact took 262ms, interface=android.app.IActivityManager, code=1598246212 oneway=false
09-01 14:32:02.167 I/ActivityManager( 1639): Force stopping com.xiaomi.hm.health appid=10241 user=0: from process:9737
09-01 14:32:02.181 E/PhoneInterfaceManager( 2698): [PhoneIntfMgr] getCarrierPackageNamesForIntent: No UICC
09-01 14:32:02.181 D/CarrierSvcBindHelper( 2698): No carrier app for: 0
09-01 14:32:02.187 D/CarrierSvcBindHelper( 2698): No carrier app for: 1
09-01 14:32:02.200 D/RegisteredServicesCache( 4689):  Reading service state data always from file
09-01 14:32:02.201 D/RegisteredServicesCache( 4689): ServiceStateFileVersion=1.0
09-01 14:32:02.201 E/RegisteredServicesCache( 4689): Next Tag=services
09-01 14:32:02.201 E/RegisteredServicesCache( 4689): 1invalidateCache:WriteServiceStateToFile
09-01 14:32:02.201 E/RegisteredServicesCache( 4689):  Writing service state Data Always
09-01 14:32:02.212 E/RegisteredAidCache( 4689): updateRoutingLocked(): enter...
09-01 14:32:02.212 D/NfcService( 4689): defaultMifareCLTRoute : 315
09-01 14:32:02.212 D/RegisteredAidCache( 4689):  AID power stateB0693789675600247817route0
09-01 14:32:02.212 D/NfcService( 4689): defaultAidRoute : 315
09-01 14:32:02.212 D/NfcService( 4689): GetDefaultRouteLoc  :1
09-01 14:32:02.212 D/NfcService( 4689): defaultAidRoute : 315
09-01 14:32:02.212 D/NfcService( 4689): GetDefaultRouteLoc  :1
09-01 14:32:02.212 E/AidRoutingManager( 4689): Size of routing table970
09-01 14:32:02.212 E/RegisteredAidCache( 4689): updateRoutingLocked(): exit...
09-01 14:32:02.214 D/RegisteredNfcFServicesCache( 4689): Service unchanged, not updating
09-01 14:32:02.249 I/MiuiNetworkPolicy( 1639): updateUidState uid = 10072, uidState = 20
09-01 14:32:02.426 I/SplashScreenServiceDelegate( 1639): None for com.xiaomi.hm.health
09-01 14:32:02.427 I/ActivityTaskManager( 1639): START u0 {act=android.intent.action.MAIN cat=[android.intent.category.LAUNCHER] flg=0x10200000 cmp=com.xiaomi.hm.health/.activity.StartUpActivity} from uid 2000
09-01 14:32:02.432 E/ANDR-PERF-LM(  809): AdaptLaunchAction:: applyAction() 151: Failed to aquire perflock, handle = -1
09-01 14:32:02.433 E/ANDR-PERF-JNI( 1639): com_qualcomm_qtiperformance_native_perf_io_prefetch_start
09-01 14:32:02.443 D/CompatibilityInfo( 1639): mCompatibilityFlags - 0
09-01 14:32:02.443 D/CompatibilityInfo( 1639): applicationDensity - 440
09-01 14:32:02.443 D/CompatibilityInfo( 1639): applicationScale - 1.0
09-01 14:32:02.443 D/ActivityTrigger( 1639): ActivityTrigger activityPauseTrigger 
09-01 14:32:02.446 D/Launcher.Lifecycle( 7676): onPause:UserHandle{0},93e149d,true
09-01 14:32:02.446 D/Launcher_UnlockAnimationStateMachine( 7676): setState:PAUSE_WAIT
09-01 14:32:02.447 D/ScreenElementRoot( 7676): pause
09-01 14:32:02.447 D/ScreenElementRoot( 7676): pause
09-01 14:32:02.447 I/NotifierManager( 7676): onUnregister: miui.maml.NotifierManager$MultiBroadcastNotifier@bb30fa3
09-01 14:32:02.447 I/RenderThread( 7676): RenderThread paused, waiting for signal
09-01 14:32:02.451 E/ANDR-IOP( 2131): io prefetch is disabled
09-01 14:32:02.454 D/StatusBarClockController( 7676): show status bar clock
09-01 14:32:02.455 D/BufferQueueLayer(  881): Launcher new frame Arrived
09-01 14:32:02.468 D/Launcher_WallpaperUtils( 7676): changeStatusBarMode:false
09-01 14:32:02.471 D/BufferQueueLayer(  881): Launcher new frame Arrived
09-01 14:32:02.481 D/Zygote  (  680): Forked child process 9745
09-01 14:32:02.482 D/Boost   ( 1639): hostingType=activity, hostingName={com.xiaomi.hm.health/com.xiaomi.hm.health.activity.StartUpActivity}, callerPackage=null, isSystem=true, isBoostNeeded=false.
09-01 14:32:02.482 D/OemNetd (  679): setPidForPackage: packageName=com.xiaomi.hm.health, pid=9745, pid=10241
09-01 14:32:02.482 I/ActivityManager( 1639): Start proc 9745:com.xiaomi.hm.health/u0a241 for activity {com.xiaomi.hm.health/com.xiaomi.hm.health.activity.StartUpActivity} caller=null
09-01 14:32:02.500 D/CompatibilityInfo( 1639): mCompatibilityFlags - 0
09-01 14:32:02.500 D/CompatibilityInfo( 1639): applicationDensity - 440
09-01 14:32:02.500 D/CompatibilityInfo( 1639): applicationScale - 1.0
09-01 14:32:02.502 D/CompatibilityInfo( 1639): mCompatibilityFlags - 0
09-01 14:32:02.502 D/CompatibilityInfo( 1639): applicationDensity - 440
09-01 14:32:02.502 D/CompatibilityInfo( 1639): applicationScale - 1.0
09-01 14:32:02.503 D/WindowManager( 1639): Input focus has changed to null
09-01 14:32:02.504 D/PowerKeeper( 6417): PerfEngineController:ForegroundInfo{mForegroundPackageName='com.xiaomi.hm.health', mForegroundUid=10241, mForegroundPid=9745, mLastForegroundPackageName='com.miui.home', mLastForegroundUid=10090, mLastForegroundPid=7676, mMultiWindowForegroundPackageName='null', mMultiWindowForegroundUid=-1, mFlags=1}
09-01 14:32:02.504 I/qspmsvc-client( 1639): inside perf_hint_qspm
09-01 14:32:02.504 D/PowerKeeper( 6417): PowerStateMachine:Enter power state id=0 name=normal
09-01 14:32:02.504 I/ProcessMonitor( 5237): onForegroundInfoChanged: ForegroundInfo{mForegroundPackageName='com.xiaomi.hm.health', mForegroundUid=10241, mForegroundPid=9745, mLastForegroundPackageName='com.miui.home', mLastForegroundUid=10090, mLastForegroundPid=7676, mMultiWindowForegroundPackageName='null', mMultiWindowForegroundUid=-1, mFlags=1}
09-01 14:32:02.504 I/GameBoosterService( 5237): onForegroundInfoChanged: Cur=com.xiaomi.hm.health	 last=com.miui.home
09-01 14:32:02.505 I/Timeline( 1639): Timeline: App_transition_ready time:211488522
09-01 14:32:02.505 D/ProcessObserver( 6417): onScreenAppChanged, FgUid: 10241, FgPackageName: com.xiaomi.hm.health
09-01 14:32:02.505 D/ProcessObserver( 6417): onScreenAppChanged, PreTaskUid: 10090, PreTaskPackageName: com.miui.home
09-01 14:32:02.505 D/ProcessObserver( 6417): Uid: 10241 Foreground
09-01 14:32:02.505 I/octvm_power( 3400): power mode [normal] start 1598941922
09-01 14:32:02.505 I/octvm_drv( 3400): common drv: get_current_battery_uAh will return 0
09-01 14:32:02.505 I/octvm_power( 3400): Action: set_bcbc_cust_state(disable) for [foreground_change]
09-01 14:32:02.506 D/AppActiveChecker( 6417): updateDownloadStateForFgUidChangedLocked, mScreenOn = true uid = 10241 foreground = true
09-01 14:32:02.506 D/PowerCheckerService( 6417): updateForFgUidChangedLocked, mScreenOn = true uid = 10241 foreground = true
09-01 14:32:02.506 D/AppActiveChecker( 6417): removeMessages: hasMessage, uid = 10241
09-01 14:32:02.506 D/DeviceIdleAppRuleChecker( 6417): updateStateForInteractiveUidChangedLocked: uid = 10241 foreground = true
09-01 14:32:02.506 D/KillProcessAppRuleChecker( 6417): updateStateForInteractiveUidChangedLocked: uid = 10241 foreground = true
09-01 14:32:02.506 D/HideModeStateMachine( 6417): updateForForegroundUidChangedLocked: uid = 10241 foreground = true
09-01 14:32:02.506 I/HideModeStateMachine( 6417): Uid: 10241 State: inactive_level_1st |-> setForegroundActive
09-01 14:32:02.506 I/HideModeStateMachine( 6417): Uid: 10241 State: inactive_level_1st Feature: location |-> setSubStateForegroundActive
09-01 14:32:02.506 I/HideModeStateMachine( 6417): Uid: 10241 State: inactive_level_1st Feature: sensor |-> setSubStateForegroundActive
09-01 14:32:02.506 I/HideModeStateMachine( 6417): Uid: 10241 State: inactive_level_1st Feature: appIdle |-> setSubStateForegroundActive
09-01 14:32:02.506 I/set_top_app( 1639): success /proc/9745/top_app:1
09-01 14:32:02.506 I/HideModeStateMachine( 6417): Uid: 10241 State: active |-> setForegroundActive
09-01 14:32:02.506 D/ActiveStateController( 6417): updateStateForFgUidChangedLocked: uid = 10241 foreground = true
09-01 14:32:02.506 D/ActiveStateController( 6417): updateRuleForUidLocked, uid = 10241 property = 0
09-01 14:32:02.506 D/PowerKeeperConfigureProvider( 6417): appActiveTable insert 573
09-01 14:32:02.506 I/set_top_app( 1639): success /proc/7676/top_app:0
09-01 14:32:02.507 I/set_top_app( 1639): success /proc/13261/top_app:0
09-01 14:32:02.507 D/GameBoosterService( 5237): onGameStatusChange foreground:ForegroundInfo{mForegroundPackageName='com.xiaomi.hm.health', mForegroundUid=10241, mForegroundPid=9745, mLastForegroundPackageName='com.miui.home', mLastForegroundUid=10090, mLastForegroundPid=7676, mMultiWindowForegroundPackageName='null', mMultiWindowForegroundUid=-1, mFlags=1}
09-01 14:32:02.507 I/GameBoosterService( 5237): onForegroundInfoChanged: Exit
09-01 14:32:02.507 I/VideoBoxUtils( 5237): isSupportVideoBox: false
09-01 14:32:02.507 D/Launcher.Lifecycle( 7676): onWindowFocusChanged:false,UserHandle{0},93e149d,true
09-01 14:32:02.507 I/VideoToolBoxService( 5237): onForegroundInfoChanged: Exit Vtb
09-01 14:32:02.508 D/PowerChecker.BaStats( 6417): uid = 10241, uidForeground = true, lastBytes = 70485193, curBytes = 70487155, deltaBytes = 1962
09-01 14:32:02.509 D/DisplayFeatureHal(  825): setFeatureEnable(displayId=0 caseId=18 modeId=0 cookie=0)
09-01 14:32:02.509 D/DisplayFeatureHal(  825): current wcg state 0, setting to 0
09-01 14:32:02.509 D/DisplayFeatureHal(  825): notifySFWcgState enable = 0
09-01 14:32:02.509 V/UidProcStateHelper( 1639): foreground changed:[9745,10241,true]
09-01 14:32:02.510 I/SDM     (  784): CoreInterface::SetWCGStatus: SetWCGStatus wcg enable 0
09-01 14:32:02.510 I/MiuiNetworkPolicy( 1639): updateUidState uid = 10241, uidState = 2
09-01 14:32:02.510 I/MiuiNetworkPolicy( 1639): updateWmmForUidState uid: 10241 state: 2 wmm: 1
09-01 14:32:02.511 D/OemNetd (  679): updateWmm: uid=10241, wmm=1
09-01 14:32:02.511 I/BtGatt.ScanManager( 8588): msg.what = 6
09-01 14:32:02.513 D/ProcessObserver( 6417): onForegroundActivitiesChanged, pid: 9745 uid: 10241 foregroundActivities: true
09-01 14:32:02.513 D/OemNetd (  679): whiteListUid: uid=10241, wmm=add
09-01 14:32:02.513 D/DisplayFeatureHal(  825): notifyQservice cmd 48 value 0 ret 0
09-01 14:32:02.514 I/octvm_drv_xm( 3400): platform_set_bcbc_cust_state disable success
09-01 14:32:02.514 I/octvm_power( 3400): Action: set_dfps_cust_state(disable) for [foreground_change]
09-01 14:32:02.514 I/octvm_drv( 3400): common drv: platform_set_dfps_cust_state -> platform not support
09-01 14:32:02.514 I/octvm_power( 3400): Action: set_lcd_mode(default) for [foreground_change]
09-01 14:32:02.514 D/DisplayFeatureHal(  825): HandleBCBCCustom  enable:0
09-01 14:32:02.514 I/CloudSettingsProvider(22222): uriMatch : 2
09-01 14:32:02.515 I/MiuiNetworkPolicy( 1639): updateMLUid uid:10241,old:20,new:2
09-01 14:32:02.515 I/MiuiNetworkPolicy( 1639): isMLEnabled state:20,uid:10241,connect:DISCONNECTED
09-01 14:32:02.515 I/MiuiNetworkPolicy( 1639): isMLEnabled state:2,uid:10241,connect:DISCONNECTED
09-01 14:32:02.516 D/ActivityUtils(22367): packageNameComponentInfo{com.xiaomi.hm.health/com.xiaomi.hm.health.activity.StartUpActivity}
09-01 14:32:02.517 D/DisplayFeatureHal(  825): setFeatureEnable(displayId=0 caseId=7 modeId=1 cookie=0)
09-01 14:32:02.517 D/DisplayFeatureHal(  825): current wcg state 0, setting to 0
09-01 14:32:02.517 D/DisplayFeatureHal(  825): notifySFWcgState enable = 0
09-01 14:32:02.518 I/SDM     (  784): CoreInterface::SetWCGStatus: SetWCGStatus wcg enable 0
09-01 14:32:02.518 D/DisplayFeatureHal(  825): notifyQservice cmd 48 value 0 ret 0
09-01 14:32:02.518 D/DisplayFeatureHal(  825): HandleCabcModeCustom enter 1 0
09-01 14:32:02.518 W/DisplayFeatureHal(  825): ---skip setting acl feature currently, return!
09-01 14:32:02.518 D/DisplayFeatureHal(  825): HandleCabcModeCustom exit 0x1000
09-01 14:32:02.518 I/octvm_drv_xm( 3400): platform_set_lcd_mode default(1) success
09-01 14:32:02.518 I/octvm_power( 3400): Action: set_thermal_config(restore) for [foreground_change]
09-01 14:32:02.518 I/octvm_drv( 3400): platform_set_thermal_mode cur_global_config:[], target mode:[restore], profile=0, ret=0
09-01 14:32:02.518 I/octvm_drv( 3400): common drv: get_current_battery_uAh will return 0
09-01 14:32:02.518 I/octvm_power( 3400): onPowerModeChanged[normal] called
09-01 14:32:02.523 I/CloudSettingsProvider(22222): uriMatch : 2
09-01 14:32:02.540 D/miuisdk ( 9745): current sdk level is 20
09-01 14:32:02.541 E/SELinux (  572): avc:  denied  { find } for service=overlay pid=9745 uid=10241 scontext=u:r:untrusted_app:s0:c241,c256,c512,c768 tcontext=u:object_r:overlay_service:s0 tclass=service_manager permissive=0
09-01 14:32:02.541 E/IconCustomizerUtils( 9745): IOverlayManager is null
09-01 14:32:02.552 E/LoadedApk( 9745): Unable to instantiate appComponentFactory
09-01 14:32:02.552 E/LoadedApk( 9745): java.lang.ClassNotFoundException: Didn't find class "androidx.core.app.CoreComponentFactory" on path: DexPathList[[zip file "/data/app/com.xiaomi.hm.health-ooUo9xQvewNmlnoHhfDwKQ==/base.apk"],nativeLibraryDirectories=[/data/app/com.xiaomi.hm.health-ooUo9xQvewNmlnoHhfDwKQ==/lib/arm64, /data/app/com.xiaomi.hm.health-ooUo9xQvewNmlnoHhfDwKQ==/base.apk!/lib/arm64-v8a, /system/lib64, /system/product/lib64]]
09-01 14:32:02.552 E/LoadedApk( 9745): 	at dalvik.system.BaseDexClassLoader.findClass(BaseDexClassLoader.java:230)
09-01 14:32:02.552 E/LoadedApk( 9745): 	at java.lang.ClassLoader.loadClass(ClassLoader.java:379)
09-01 14:32:02.552 E/LoadedApk( 9745): 	at java.lang.ClassLoader.loadClass(ClassLoader.java:312)
09-01 14:32:02.552 E/LoadedApk( 9745): 	at android.app.LoadedApk.createAppFactory(LoadedApk.java:258)
09-01 14:32:02.552 E/LoadedApk( 9745): 	at android.app.LoadedApk.createOrUpdateClassLoaderLocked(LoadedApk.java:857)
09-01 14:32:02.552 E/LoadedApk( 9745): 	at android.app.LoadedApk.getClassLoader(LoadedApk.java:952)
09-01 14:32:02.552 E/LoadedApk( 9745): 	at android.app.LoadedApk.getResources(LoadedApk.java:1190)
09-01 14:32:02.552 E/LoadedApk( 9745): 	at android.app.ContextImpl.createAppContext(ContextImpl.java:2474)
09-01 14:32:02.552 E/LoadedApk( 9745): 	at android.app.ContextImpl.createAppContext(ContextImpl.java:2466)
09-01 14:32:02.552 E/LoadedApk( 9745): 	at android.app.ActivityThread.handleBindApplication(ActivityThread.java:6442)
09-01 14:32:02.552 E/LoadedApk( 9745): 	at android.app.ActivityThread.access$1400(ActivityThread.java:224)
09-01 14:32:02.552 E/LoadedApk( 9745): 	at android.app.ActivityThread$H.handleMessage(ActivityThread.java:1887)
09-01 14:32:02.552 E/LoadedApk( 9745): 	at android.os.Handler.dispatchMessage(Handler.java:107)
09-01 14:32:02.552 E/LoadedApk( 9745): 	at android.os.Looper.loop(Looper.java:224)
09-01 14:32:02.552 E/LoadedApk( 9745): 	at android.app.ActivityThread.main(ActivityThread.java:7551)
09-01 14:32:02.552 E/LoadedApk( 9745): 	at java.lang.reflect.Method.invoke(Native Method)
09-01 14:32:02.552 E/LoadedApk( 9745): 	at com.android.internal.os.RuntimeInit$MethodAndArgsCaller.run(RuntimeInit.java:539)
09-01 14:32:02.552 E/LoadedApk( 9745): 	at com.android.internal.os.ZygoteInit.main(ZygoteInit.java:950)
09-01 14:32:02.553 W/RecentsModel( 7676): onTaskStackChangedBackground: start loading
09-01 14:32:02.553 W/RecentsModel( 7676): getTaskInfoIgnoreHomeAndSplit   taskInfo=ComponentInfo{com.xiaomi.hm.health/com.xiaomi.hm.health.activity.StartUpActivity}
09-01 14:32:02.554 W/RecentsModel( 7676): getTaskInfoIgnoreHomeAndFreeform   taskInfo=ComponentInfo{com.xiaomi.hm.health/com.xiaomi.hm.health.activity.StartUpActivity}
09-01 14:32:02.554 W/RecentsModel( 7676): getTaskInfoIgnoreFreeform   taskInfo=ComponentInfo{com.xiaomi.hm.health/com.xiaomi.hm.health.activity.StartUpActivity}
09-01 14:32:02.554 W/RecentsModel( 7676): onTaskStackChangedBackground: finishLoading loading
09-01 14:32:02.556 I/Perf    ( 9745): Connecting to perf service.
09-01 14:32:02.559 D/ForceDarkHelper( 9745): com.xiaomi.hm.health mIsDarkModeSupported = false
09-01 14:32:02.559 D/ForceDarkHelper( 9745): com.xiaomi.hm.health initialize time 1
09-01 14:32:02.560 W/iaomi.hm.health( 9745): type=1400 audit(0.0:63879): avc: granted { execute } for path="/data/data/com.xiaomi.hm.health/.jiagu/libjiagu_64.so" dev="sda31" ino=327687 scontext=u:r:untrusted_app:s0:c241,c256,c512,c768 tcontext=u:object_r:app_data_file:s0:c241,c256,c512,c768 tclass=file app=com.xiaomi.hm.health
09-01 14:32:02.560 W/iaomi.hm.health( 9745): type=1400 audit(0.0:63880): avc: denied { read } for name="tcp" dev="proc" ino=4026532156 scontext=u:r:untrusted_app:s0:c241,c256,c512,c768 tcontext=u:object_r:proc_net_tcp_udp:s0 tclass=file permissive=0 app=com.xiaomi.hm.health
09-01 14:32:02.650 D/Launcher.Transfer( 7676): transfer:onPause, extra:null
09-01 14:32:02.748 D/Launcher_UnlockAnimationStateMachine( 7676): mResetIdleStateRunnable
09-01 14:32:02.770 I/MiuiNetworkPolicy( 1639): bandwidth: 0 KB/s, Max bandwidth: 3727 KB/s
09-01 14:32:02.788 I/AudioTrack( 2503): isLongTimeZoreData zoer date time 41 Seconds
09-01 14:32:02.936 W/iaomi.hm.healt( 9745): Opening an oat file without a class loader. Are you using the deprecated DexFile APIs?
09-01 14:32:03.078 W/iaomi.hm.healt( 9745): ClassLoaderContext shared library size mismatch. Expected=1, found=0 (PCL[]{PCL[/system/framework/org.apache.http.legacy.jar*2820881278]} | PCL[];PCL[])
09-01 14:32:03.078 I/iaomi.hm.healt( 9745): Failed to add image file Rejecting application image due to class loader mismatch: 'Class loader types don't match dalvik.system.PathClassLoader and dalvik.system.DexClassLoader'
09-01 14:32:03.080 W/System.err( 9745): Warning: Using deprecated Element constructor. Do not use internal APIs, this constructor will be removed in the future.
09-01 14:32:03.141 I/MultiDex( 9745): VM with version 2.1.0 has multidex support
09-01 14:32:03.141 I/MultiDex( 9745): Installing application
09-01 14:32:03.141 I/MultiDex( 9745): VM has multidex support, MultiDex support library is disabled.
09-01 14:32:03.211 I/ACRA    ( 9745): ACRA is enabled for com.xiaomi.hm.health, initializing...
09-01 14:32:03.224 I/ACRA    ( 9745): ACRA is disabled for com.xiaomi.hm.health
09-01 14:32:03.240 W/com.facebook.O00O0Oo0( 9745): Please set a value for AutoLogAppEventsEnabled. Set the flag to TRUE if you want to collect app install, app launch and in-app purchase events automatically. To request user consent before collecting data, set the flag value to FALSE, then change to TRUE once user consent is received. Learn more: https://developers.facebook.com/docs/app-events/getting-started-app-events-android#disable-auto-events.
09-01 14:32:03.240 W/com.facebook.O00O0Oo0( 9745): You haven't set a value for AdvertiserIDCollectionEnabled. Set the flag to TRUE if you want to collect Advertiser ID for better advertising and analytics results. To request user consent before collecting data, set the flag value to FALSE, then change to TRUE once user consent is received. Learn more: https://developers.facebook.com/docs/app-events/getting-started-app-events-android#disable-auto-events.
09-01 14:32:03.250 W/WakePathChecker( 1639): MIUILOG-AutoStart, Service/Provider/Broadcast Reject userId= 0 caller= com.xiaomi.hm.health callee= com.facebook.katana classname=com.facebook.platform.common.provider.PlatformProviderBase action=null wakeType=4
09-01 14:32:03.250 E/ActivityThread( 9745): Failed to find provider info for com.facebook.katana.provider.PlatformProvider
09-01 14:32:03.255 D/NetworkSecurityConfig( 9745): Using Network Security Config from resource network_security_config debugBuild: false
09-01 14:32:03.260 I/FeatureParser( 9745): can't find raphael.xml in assets/device_features/,it may be in /system/etc/device_features
09-01 14:32:03.261 E/libc    ( 9745): Access denied finding property "ro.vendor.df.effect.conflict"
09-01 14:32:03.250 W/iaomi.hm.health( 9745): type=1400 audit(0.0:63881): avc: denied { read } for name="u:object_r:vendor_displayfeature_prop:s0" dev="tmpfs" ino=16588 scontext=u:r:untrusted_app:s0:c241,c256,c512,c768 tcontext=u:object_r:vendor_displayfeature_prop:s0 tclass=file permissive=0 app=com.xiaomi.hm.health
09-01 14:32:03.337 D/[Koin]  ( 9745): bind type:'cn.com.smartdevices.bracelet.gps.ui.offcut.O00000o0' ~ [type:Factory,primary_type:'cn.com.smartdevices.bracelet.gps.ui.offcut.O00000o0']
09-01 14:32:03.337 D/[Koin]  ( 9745): bind type:'cn.com.smartdevices.bracelet.gps.ui.offcut.O00000Oo' ~ [type:Factory,primary_type:'cn.com.smartdevices.bracelet.gps.ui.offcut.O00000Oo']
09-01 14:32:03.337 D/[Koin]  ( 9745): bind type:'cn.com.smartdevices.bracelet.gps.ui.offcut.O000000o' ~ [type:Factory,primary_type:'cn.com.smartdevices.bracelet.gps.ui.offcut.O000000o']
09-01 14:32:03.337 D/[Koin]  ( 9745): bind type:'com.huami.fittime.ui.publish.submit.O000OO00' ~ [type:Factory,primary_type:'com.huami.fittime.ui.publish.submit.O000OO00']
09-01 14:32:03.337 D/[Koin]  ( 9745): bind type:'com.huami.fittime.ui.publish.picker.gallery.O0000o0' ~ [type:Factory,primary_type:'com.huami.fittime.ui.publish.picker.gallery.O0000o0']
09-01 14:32:03.337 D/[Koin]  ( 9745): bind type:'com.huami.fittime.ui.publish.submit.O000OOo0' ~ [type:Factory,primary_type:'com.huami.fittime.ui.publish.submit.O000OOo0']
09-01 14:32:03.337 D/[Koin]  ( 9745): bind type:'com.huami.fittime.ui.home.O00000Oo.O0000OOo' ~ [type:Factory,primary_type:'com.huami.fittime.ui.home.O00000Oo.O0000OOo']
09-01 14:32:03.337 D/[Koin]  ( 9745): bind type:'com.huami.fittime.ui.post.O000OO' ~ [type:Factory,primary_type:'com.huami.fittime.ui.post.O000OO']
09-01 14:32:03.337 D/[Koin]  ( 9745): bind type:'com.huami.fittime.ui.home.O00000o.O0000Oo' ~ [type:Factory,primary_type:'com.huami.fittime.ui.home.O00000o.O0000Oo']
09-01 14:32:03.337 D/[Koin]  ( 9745): bind type:'com.huami.fittime.ui.home.O00000o0.O0000Oo0' ~ [type:Factory,primary_type:'com.huami.fittime.ui.home.O00000o0.O0000Oo0']
09-01 14:32:03.337 D/[Koin]  ( 9745): bind type:'com.huami.fittime.ui.profile.O00000Oo.O0000OOo' ~ [type:Factory,primary_type:'com.huami.fittime.ui.profile.O00000Oo.O0000OOo']
09-01 14:32:03.337 D/[Koin]  ( 9745): bind type:'com.huami.fittime.ui.profile.O00000o0.O00000o0' ~ [type:Factory,primary_type:'com.huami.fittime.ui.profile.O00000o0.O00000o0']
09-01 14:32:03.337 D/[Koin]  ( 9745): bind type:'com.huami.fittime.ui.profile.O000000o.O0000OOo' ~ [type:Factory,primary_type:'com.huami.fittime.ui.profile.O000000o.O0000OOo']
09-01 14:32:03.337 D/[Koin]  ( 9745): bind type:'com.huami.fittime.ui.publish.picker.gallery.O0000O0o' ~ [type:Factory,primary_type:'com.huami.fittime.ui.publish.picker.gallery.O0000O0o']
09-01 14:32:03.337 D/[Koin]  ( 9745): bind type:'com.huami.fittime.ui.comment.O000OO00' ~ [type:Factory,primary_type:'com.huami.fittime.ui.comment.O000OO00']
09-01 14:32:03.337 D/[Koin]  ( 9745): bind type:'com.huami.fittime.ui.topic.O000OOOo' ~ [type:Factory,primary_type:'com.huami.fittime.ui.topic.O000OOOo']
09-01 14:32:03.337 D/[Koin]  ( 9745): bind type:'com.huami.fittime.ui.profile.O0000O0o' ~ [type:Factory,primary_type:'com.huami.fittime.ui.profile.O0000O0o']
09-01 14:32:03.337 D/[Koin]  ( 9745): bind type:'com.huami.fittime.ui.post.O0000o0' ~ [type:Factory,primary_type:'com.huami.fittime.ui.post.O0000o0']
09-01 14:32:03.337 D/[Koin]  ( 9745): bind type:'com.huami.fittime.ui.friend.O0000OOo' ~ [type:Factory,primary_type:'com.huami.fittime.ui.friend.O0000OOo']
09-01 14:32:03.337 D/[Koin]  ( 9745): bind type:'com.huami.fittime.ui.publish.picker.O00000Oo' ~ [type:Factory,primary_type:'com.huami.fittime.ui.publish.picker.O00000Oo']
09-01 14:32:03.337 D/[Koin]  ( 9745): bind type:'com.huami.fittime.ui.post.O000000o.O0000OOo' ~ [type:Factory,primary_type:'com.huami.fittime.ui.post.O000000o.O0000OOo']
09-01 14:32:03.337 D/[Koin]  ( 9745): bind type:'com.huami.fittime.ui.widget.hottopic.O00000Oo' ~ [type:Factory,primary_type:'com.huami.fittime.ui.widget.hottopic.O00000Oo']
09-01 14:32:03.338 D/[Koin]  ( 9745): bind type:'com.huami.fittime.ui.home.O00000o0' ~ [type:Factory,primary_type:'com.huami.fittime.ui.home.O00000o0']
09-01 14:32:03.338 D/[Koin]  ( 9745): bind type:'com.huami.fittime.ui.widget.O000000o.O00000o' ~ [type:Factory,primary_type:'com.huami.fittime.ui.widget.O000000o.O00000o']
09-01 14:32:03.338 D/[Koin]  ( 9745): bind type:'com.huami.fittime.ui.diary.O00000o0' ~ [type:Factory,primary_type:'com.huami.fittime.ui.diary.O00000o0']
09-01 14:32:03.338 D/[Koin]  ( 9745): bind type:'com.huami.fittime.ui.search.O00000o' ~ [type:Factory,primary_type:'com.huami.fittime.ui.search.O00000o']
09-01 14:32:03.338 D/[Koin]  ( 9745): bind type:'com.huami.fittime.ui.search.searchpost.O00000Oo' ~ [type:Factory,primary_type:'com.huami.fittime.ui.search.searchpost.O00000Oo']
09-01 14:32:03.338 D/[Koin]  ( 9745): bind type:'com.huami.fittime.ui.search.O000000o.O0000OOo' ~ [type:Factory,primary_type:'com.huami.fittime.ui.search.O000000o.O0000OOo']
09-01 14:32:03.338 D/[Koin]  ( 9745): bind type:'com.huami.fittime.ui.diary.detail.O0000O0o' ~ [type:Factory,primary_type:'com.huami.fittime.ui.diary.detail.O0000O0o']
09-01 14:32:03.338 D/[Koin]  ( 9745): bind type:'com.huami.fittime.ui.O00000Oo.O0000OOo' ~ [type:Factory,primary_type:'com.huami.fittime.ui.O00000Oo.O0000OOo']
09-01 14:32:03.338 D/[Koin]  ( 9745): bind type:'com.huami.fittime.ui.topic.O00000o0' ~ [type:Factory,primary_type:'com.huami.fittime.ui.topic.O00000o0']
09-01 14:32:03.338 D/[Koin]  ( 9745): bind type:'com.huami.fittime.ui.publish.submit.O0000OOo' ~ [type:Factory,primary_type:'com.huami.fittime.ui.publish.submit.O0000OOo']
09-01 14:32:03.338 D/[Koin]  ( 9745): bind type:'com.huami.fittime.ui.publish.submit.O00000o0' ~ [type:Factory,primary_type:'com.huami.fittime.ui.publish.submit.O00000o0']
09-01 14:32:03.338 D/[Koin]  ( 9745): bind type:'com.huami.fittime.ui.comment.O0000Oo' ~ [type:Factory,primary_type:'com.huami.fittime.ui.comment.O0000Oo']
09-01 14:32:03.338 D/[Koin]  ( 9745): bind type:'com.huami.fittime.ui.comment.O0000OOo' ~ [type:Factory,primary_type:'com.huami.fittime.ui.comment.O0000OOo']
09-01 14:32:03.338 D/[Koin]  ( 9745): bind type:'com.huami.fittime.ui.publish.picker.O00000Oo.O0000O0o' ~ [type:Factory,primary_type:'com.huami.fittime.ui.publish.picker.O00000Oo.O0000O0o']
09-01 14:32:03.338 D/[Koin]  ( 9745): bind type:'com.huami.fittime.ui.O00000Oo.O00000o' ~ [type:Factory,primary_type:'com.huami.fittime.ui.O00000Oo.O00000o']
09-01 14:32:03.338 D/[Koin]  ( 9745): bind type:'com.huami.fittime.ui.publish.submit.O000O0o' ~ [type:Factory,primary_type:'com.huami.fittime.ui.publish.submit.O000O0o']
09-01 14:32:03.338 D/[Koin]  ( 9745): bind type:'com.huami.fittime.ui.home.O00000o.O0000Oo0' ~ [type:Factory,primary_type:'com.huami.fittime.ui.home.O00000o.O0000Oo0']
09-01 14:32:03.338 D/[Koin]  ( 9745): bind type:'com.huami.fittime.ui.home.O00000o0.O0000O0o' ~ [type:Factory,primary_type:'com.huami.fittime.ui.home.O00000o0.O0000O0o']
09-01 14:32:03.338 D/[Koin]  ( 9745): bind type:'com.huami.fittime.ui.profile.O00000Oo.O0000O0o' ~ [type:Factory,primary_type:'com.huami.fittime.ui.profile.O00000Oo.O0000O0o']
09-01 14:32:03.338 D/[Koin]  ( 9745): bind type:'com.huami.fittime.ui.profile.O000000o.O0000O0o' ~ [type:Factory,primary_type:'com.huami.fittime.ui.profile.O000000o.O0000O0o']
09-01 14:32:03.338 D/[Koin]  ( 9745): bind type:'com.huami.fittime.ui.profile.O00000o0.O00000Oo' ~ [type:Factory,primary_type:'com.huami.fittime.ui.profile.O00000o0.O00000Oo']
09-01 14:32:03.338 D/[Koin]  ( 9745): bind type:'com.huami.fittime.ui.post.O000OO00' ~ [type:Factory,primary_type:'com.huami.fittime.ui.post.O000OO00']
09-01 14:32:03.338 D/[Koin]  ( 9745): bind type:'com.huami.fittime.ui.comment.O000O0o0' ~ [type:Factory,primary_type:'com.huami.fittime.ui.comment.O000O0o0']
09-01 14:32:03.338 D/[Koin]  ( 9745): bind type:'com.huami.fittime.ui.topic.O000OO00' ~ [type:Factory,primary_type:'com.huami.fittime.ui.topic.O000OO00']
09-01 14:32:03.338 D/[Koin]  ( 9745): bind type:'com.huami.fittime.ui.profile.O0000OOo' ~ [type:Factory,primary_type:'com.huami.fittime.ui.profile.O0000OOo']
09-01 14:32:03.338 D/[Koin]  ( 9745): bind type:'com.huami.fittime.ui.profile.O00000Oo' ~ [type:Factory,primary_type:'com.huami.fittime.ui.profile.O00000Oo']
09-01 14:32:03.338 D/[Koin]  ( 9745): bind type:'com.huami.fittime.ui.O000000o.O00000Oo' ~ [type:Factory,primary_type:'com.huami.fittime.ui.O000000o.O00000Oo']
09-01 14:32:03.339 D/[Koin]  ( 9745): bind type:'com.huami.fittime.ui.friend.O0000O0o' ~ [type:Factory,primary_type:'com.huami.fittime.ui.friend.O0000O0o']
09-01 14:32:03.339 D/[Koin]  ( 9745): bind type:'com.huami.fittime.ui.widget.hottopic.O000000o' ~ [type:Factory,primary_type:'com.huami.fittime.ui.widget.hottopic.O000000o']
09-01 14:32:03.339 D/[Koin]  ( 9745): bind type:'com.huami.fittime.ui.diary.O00000o0.O0000OOo' ~ [type:Factory,primary_type:'com.huami.fittime.ui.diary.O00000o0.O0000OOo']
09-01 14:32:03.339 D/[Koin]  ( 9745): bind type:'com.huami.fittime.ui.O00000Oo.O00000o0' ~ [type:Factory,primary_type:'com.huami.fittime.ui.O00000Oo.O00000o0']
09-01 14:32:03.339 D/[Koin]  ( 9745): bind type:'com.huami.fittime.ui.search.O00000o0' ~ [type:Factory,primary_type:'com.huami.fittime.ui.search.O00000o0']
09-01 14:32:03.339 D/[Koin]  ( 9745): bind type:'com.huami.fittime.ui.search.searchpost.O0000Oo0' ~ [type:Factory,primary_type:'com.huami.fittime.ui.search.searchpost.O0000Oo0']
09-01 14:32:03.339 D/[Koin]  ( 9745): bind type:'com.huami.fittime.ui.diary.detail.O00000o' ~ [type:Factory,primary_type:'com.huami.fittime.ui.diary.detail.O00000o']
09-01 14:32:03.339 D/[Koin]  ( 9745): bind type:'com.huami.fittime.ui.topic.O00000Oo' ~ [type:Factory,primary_type:'com.huami.fittime.ui.topic.O00000Oo']
09-01 14:32:03.339 D/[Koin]  ( 9745): bind type:'com.huami.fittime.ui.publish.submit.O000000o.O0000O0o' ~ [type:Factory,primary_type:'com.huami.fittime.ui.publish.submit.O000000o.O0000O0o']
09-01 14:32:03.339 D/[Koin]  ( 9745): bind type:'com.huami.fittime.ui.publish.submit.O000000o.O000000o' ~ [type:Factory,primary_type:'com.huami.fittime.ui.publish.submit.O000000o.O000000o']
09-01 14:32:03.339 D/[Koin]  ( 9745): bind type:'com.huami.fittime.O00000o.O00000Oo.O000000o' ~ [type:Factory,primary_type:'com.huami.fittime.O00000o.O00000Oo.O000000o']
09-01 14:32:03.339 D/[Koin]  ( 9745): bind type:'com.huami.fittime.ui.base.O00000o0.O000000o' ~ [type:Factory,primary_type:'com.huami.fittime.ui.base.O00000o0.O000000o']
09-01 14:32:03.339 D/[Koin]  ( 9745): bind type:'O00000oO.O0000Ooo.O000000o.O00000o0' ~ [type:Factory,primary_type:'O00000oO.O0000Ooo.O000000o.O00000o0']
09-01 14:32:03.339 D/[Koin]  ( 9745): bind type:'com.huami.training.O0000o0.O000O00o' ~ [type:Factory,primary_type:'com.huami.training.O0000o0.O000O00o']
09-01 14:32:03.339 D/[Koin]  ( 9745): bind type:'com.huami.training.ui.O00000o0.O000O00o' ~ [type:Factory,primary_type:'com.huami.training.ui.O00000o0.O000O00o']
09-01 14:32:03.339 D/[Koin]  ( 9745): bind type:'com.huami.training.ui.O00000o.O00000o0' ~ [type:Factory,primary_type:'com.huami.training.ui.O00000o.O00000o0']
09-01 14:32:03.339 D/[Koin]  ( 9745): bind type:'com.huami.training.ui.joined.O0000Oo0' ~ [type:Factory,primary_type:'com.huami.training.ui.joined.O0000Oo0']
09-01 14:32:03.339 D/[Koin]  ( 9745): bind type:'com.huami.training.ui.O00000oO.O000O0OO' ~ [type:Factory,primary_type:'com.huami.training.ui.O00000oO.O000O0OO']
09-01 14:32:03.339 D/[Koin]  ( 9745): bind type:'com.huami.training.ui.search.O0000OOo' ~ [type:Factory,primary_type:'com.huami.training.ui.search.O0000OOo']
09-01 14:32:03.339 D/[Koin]  ( 9745): bind type:'com.huami.training.ui.course.O0000o0' ~ [type:Factory,primary_type:'com.huami.training.ui.course.O0000o0']
09-01 14:32:03.339 D/[Koin]  ( 9745): bind type:'com.huami.training.ui.O0000O0o.O00000o0' ~ [type:Factory,primary_type:'com.huami.training.ui.O0000O0o.O00000o0']
09-01 14:32:03.339 D/[Koin]  ( 9745): bind type:'com.huami.training.ui.toplist.O00000o0' ~ [type:Factory,primary_type:'com.huami.training.ui.toplist.O00000o0']
09-01 14:32:03.339 D/[Koin]  ( 9745): bind type:'com.huami.training.ui.detail.O00000o' ~ [type:Factory,primary_type:'com.huami.training.ui.detail.O00000o']
09-01 14:32:03.339 D/[Koin]  ( 9745): bind type:'com.huami.training.ui.detail.O0000o' ~ [type:Factory,primary_type:'com.huami.training.ui.detail.O0000o']
09-01 14:32:03.339 D/[Koin]  ( 9745): bind type:'com.huami.training.ui.courseplay.O0000O0o' ~ [type:Factory,primary_type:'com.huami.training.ui.courseplay.O0000O0o']
09-01 14:32:03.340 D/[Koin]  ( 9745): bind type:'com.huami.training.ui.O00000Oo.O00000Oo' ~ [type:Factory,primary_type:'com.huami.training.ui.O00000Oo.O00000Oo']
09-01 14:32:03.340 D/[Koin]  ( 9745): bind type:'com.huami.training.ui.detail.O0000o00' ~ [type:Factory,primary_type:'com.huami.training.ui.detail.O0000o00']
09-01 14:32:03.340 D/[Koin]  ( 9745): bind type:'com.huami.training.ui.course.O000000o' ~ [type:Factory,primary_type:'com.huami.training.ui.course.O000000o']
09-01 14:32:03.340 D/[Koin]  ( 9745): bind type:'com.huami.training.ui.history.O00000o' ~ [type:Factory,primary_type:'com.huami.training.ui.history.O00000o']
09-01 14:32:03.340 D/[Koin]  ( 9745): bind type:'com.huami.training.ui.fav.O0000O0o' ~ [type:Factory,primary_type:'com.huami.training.ui.fav.O0000O0o']
09-01 14:32:03.340 D/[Koin]  ( 9745): bind type:'com.huami.training.O0000O0o.O000000o.O000000o' ~ [type:Factory,primary_type:'com.huami.training.O0000O0o.O000000o.O000000o']
09-01 14:32:03.340 D/[Koin]  ( 9745): bind type:'com.huami.training.O0000O0o.O000000o.O00000o0' ~ [type:Factory,primary_type:'com.huami.training.O0000O0o.O000000o.O00000o0']
09-01 14:32:03.340 D/[Koin]  ( 9745): bind type:'com.huami.training.O0000o0.O0000Oo' ~ [type:Factory,primary_type:'com.huami.training.O0000o0.O0000Oo']
09-01 14:32:03.340 D/[Koin]  ( 9745): bind type:'com.huami.training.O0000o0.O000000o' ~ [type:Factory,primary_type:'com.huami.training.O0000o0.O000000o']
09-01 14:32:03.340 D/[Koin]  ( 9745): bind type:'com.huami.training.O0000o0.O000OOOo' ~ [type:Factory,primary_type:'com.huami.training.O0000o0.O000OOOo']
09-01 14:32:03.340 D/[Koin]  ( 9745): bind type:'com.huami.training.O0000o0.O0000o' ~ [type:Factory,primary_type:'com.huami.training.O0000o0.O0000o']
09-01 14:32:03.340 D/[Koin]  ( 9745): bind type:'com.huami.training.O0000o0.O000O0o' ~ [type:Factory,primary_type:'com.huami.training.O0000o0.O000O0o']
09-01 14:32:03.340 D/[Koin]  ( 9745): bind type:'com.huami.training.O0000o0.O000o000' ~ [type:Factory,primary_type:'com.huami.training.O0000o0.O000o000']
09-01 14:32:03.340 D/[Koin]  ( 9745): bind type:'com.huami.training.O0000o0.O000OOo' ~ [type:Factory,primary_type:'com.huami.training.O0000o0.O000OOo']
09-01 14:32:03.340 D/[Koin]  ( 9745): bind type:'com.huami.training.O0000o0.O000OOo0' ~ [type:Factory,primary_type:'com.huami.training.O0000o0.O000OOo0']
09-01 14:32:03.340 D/[Koin]  ( 9745): bind type:'com.huami.training.O0000o0.O000o00' ~ [type:Factory,primary_type:'com.huami.training.O0000o0.O000o00']
09-01 14:32:03.340 D/[Koin]  ( 9745): bind type:'com.huami.training.O0000o0.O000OO0o' ~ [type:Factory,primary_type:'com.huami.training.O0000o0.O000OO0o']
09-01 14:32:03.340 D/[Koin]  ( 9745): bind type:'com.huami.training.O0000o0.O000000o.O000000o' ~ [type:Factory,primary_type:'com.huami.training.O0000o0.O000000o.O000000o']
09-01 14:32:03.340 D/[Koin]  ( 9745): bind type:'com.huami.training.O0000o0.O0000O0o' ~ [type:Factory,primary_type:'com.huami.training.O0000o0.O0000O0o']
09-01 14:32:03.340 D/[Koin]  ( 9745): bind type:'com.huami.training.O0000o0.O00000Oo' ~ [type:Factory,primary_type:'com.huami.training.O0000o0.O00000Oo']
09-01 14:32:03.340 D/[Koin]  ( 9745): bind type:'com.huami.training.O0000o0.O00000o' ~ [type:Factory,primary_type:'com.huami.training.O0000o0.O00000o']
09-01 14:32:03.340 D/[Koin]  ( 9745): bind type:'com.huami.training.O0000o0.O000Oo0' ~ [type:Factory,primary_type:'com.huami.training.O0000o0.O000Oo0']
09-01 14:32:03.340 D/[Koin]  ( 9745): bind type:'com.huami.training.O0000o0.O00000o0' ~ [type:Factory,primary_type:'com.huami.training.O0000o0.O00000o0']
09-01 14:32:03.340 D/[Koin]  ( 9745): bind type:'com.huami.training.O0000o0.O0000o00' ~ [type:Factory,primary_type:'com.huami.training.O0000o0.O0000o00']
09-01 14:32:03.340 D/[Koin]  ( 9745): bind type:'com.huami.training.ui.course.O0000O0o' ~ [type:Factory,primary_type:'com.huami.training.ui.course.O0000O0o']
09-01 14:32:03.340 D/[Koin]  ( 9745): bind type:'com.huami.training.ui.joined.O00000Oo' ~ [type:Factory,primary_type:'com.huami.training.ui.joined.O00000Oo']
09-01 14:32:03.340 D/[Koin]  ( 9745): bind type:'com.huami.training.ui.search.O0000O0o' ~ [type:Factory,primary_type:'com.huami.training.ui.search.O0000O0o']
09-01 14:32:03.341 D/[Koin]  ( 9745): bind type:'com.huami.training.ui.O00000oO.O000O00o' ~ [type:Factory,primary_type:'com.huami.training.ui.O00000oO.O000O00o']
09-01 14:32:03.341 D/[Koin]  ( 9745): bind type:'com.huami.training.ui.O000000o.O000000o' ~ [type:Factory,primary_type:'com.huami.training.ui.O000000o.O000000o']
09-01 14:32:03.341 D/[Koin]  ( 9745): bind type:'com.huami.training.ui.toplist.O00000Oo' ~ [type:Factory,primary_type:'com.huami.training.ui.toplist.O00000Oo']
09-01 14:32:03.341 D/[Koin]  ( 9745): bind type:'com.huami.training.O00000Oo.O000000o' ~ [type:Factory,primary_type:'com.huami.training.O00000Oo.O000000o']
09-01 14:32:03.341 D/[Koin]  ( 9745): bind type:'com.xiaomi.hm.health.training.O00000oO.O00000o0' ~ [type:Factory,primary_type:'com.xiaomi.hm.health.training.O00000oO.O00000o0']
09-01 14:32:03.341 D/[Koin]  ( 9745): bind type:'com.huami.training.O00000o.O000000o.O00000o' ~ [type:Factory,primary_type:'com.huami.training.O00000o.O000000o.O00000o']
09-01 14:32:03.341 D/[Koin]  ( 9745): bind qualifier:'TrainingWebFragmentCreator' ~ [type:Factory,name:'TrainingWebFragmentCreator', primary_type:'O00000oO.O0000Ooo.O000000o.O00000o0']
09-01 14:32:03.341 D/[Koin]  ( 9745): bind qualifier:'TrainingDeviceIcon' ~ [type:Factory,name:'TrainingDeviceIcon', primary_type:'O00000oO.O0000Ooo.O000000o.O00000o0']
09-01 14:32:03.341 D/[Koin]  ( 9745): bind type:'com.huami.training.O0000o0.O00oOooO' ~ [type:Factory,primary_type:'com.huami.training.O0000o0.O00oOooO']
09-01 14:32:03.341 D/[Koin]  ( 9745): bind type:'com.huami.training.O0000O0o.O00000o0.O000000o' ~ [type:Factory,primary_type:'com.huami.training.O0000O0o.O00000o0.O000000o']
09-01 14:32:03.341 D/[Koin]  ( 9745): bind type:'com.huami.wallet.ui.O0000Oo.O00000Oo' ~ [type:Single,primary_type:'com.huami.wallet.ui.O0000Oo.O00000Oo']
09-01 14:32:03.341 D/[Koin]  ( 9745): bind qualifier:'WALLET_CONFIG_APPNAME' ~ [type:Factory,name:'WALLET_CONFIG_APPNAME', primary_type:'java.lang.String']
09-01 14:32:03.341 D/[Koin]  ( 9745): bind type:'com.huami.wallet.lib.O000000o.O00000o0' ~ [type:Factory,primary_type:'com.huami.wallet.lib.O000000o.O00000o0']
09-01 14:32:03.341 D/[Koin]  ( 9745): bind type:'com.xiaomi.hm.health.nfc.O000000o.O000000o' ~ [type:Factory,primary_type:'com.xiaomi.hm.health.nfc.O000000o.O000000o']
09-01 14:32:03.341 D/[Koin]  ( 9745): bind type:'com.huami.wallet.O000000o.O00000Oo.O000000o' ~ [type:Single,primary_type:'com.huami.wallet.O000000o.O00000Oo.O000000o']
09-01 14:32:03.341 D/[Koin]  ( 9745): bind type:'com.huami.nfc.O000000o.O000000o.O000000o' ~ [type:Single,primary_type:'com.huami.nfc.O000000o.O000000o.O000000o']
09-01 14:32:03.341 D/[Koin]  ( 9745): bind type:'com.huami.nfc.O000000o.O000000o.O00000Oo' ~ [type:Single,primary_type:'com.huami.nfc.O000000o.O000000o.O00000Oo']
09-01 14:32:03.341 D/[Koin]  ( 9745): bind type:'com.huami.nfc.O000000o.O00000o0.O00000o0' ~ [type:Single,primary_type:'com.huami.nfc.O000000o.O00000o0.O00000o0']
09-01 14:32:03.341 D/[Koin]  ( 9745): bind type:'com.huami.nfc.O00000Oo.O0000o00' ~ [type:Factory,primary_type:'com.huami.nfc.O00000Oo.O0000o00']
09-01 14:32:03.341 D/[Koin]  ( 9745): bind type:'com.huami.nfc.door.O00000o0' ~ [type:Factory,primary_type:'com.huami.nfc.door.O00000o0']
09-01 14:32:03.341 D/[Koin]  ( 9745): bind type:'com.huami.nfc.O00000Oo.O0000o0' ~ [type:Single,primary_type:'com.huami.nfc.O00000Oo.O0000o0']
09-01 14:32:03.341 D/[Koin]  ( 9745): bind type:'com.huami.nfc.door.service.AccessDoorServer' ~ [type:Single,primary_type:'com.huami.nfc.door.service.AccessDoorServer']
09-01 14:32:03.341 D/[Koin]  ( 9745): bind type:'com.huami.nfc.door.O000000o.O00000o0' ~ [type:Single,primary_type:'com.huami.nfc.door.O000000o.O00000o0']
09-01 14:32:03.341 D/[Koin]  ( 9745): bind type:'com.huami.nfc.door.O000000o.O00000o' ~ [type:Single,primary_type:'com.huami.nfc.door.O000000o.O00000o']
09-01 14:32:03.341 D/[Koin]  ( 9745): bind type:'com.huami.nfc.web.O0000o' ~ [type:Single,primary_type:'com.huami.nfc.web.O0000o']
09-01 14:32:03.342 D/[Koin]  ( 9745): bind type:'O0000Oo0.O000O0OO' ~ [type:Single,primary_type:'O0000Oo0.O000O0OO']
09-01 14:32:03.342 D/[Koin]  ( 9745): bind type:'com.huami.nfc.web.server.ProtocolServer' ~ [type:Single,primary_type:'com.huami.nfc.web.server.ProtocolServer']
09-01 14:32:03.342 D/[Koin]  ( 9745): bind type:'com.huami.nfc.web.server.InitRequestServer' ~ [type:Single,primary_type:'com.huami.nfc.web.server.InitRequestServer']
09-01 14:32:03.342 D/[Koin]  ( 9745): bind type:'com.huami.nfc.web.O000O0o0' ~ [type:Single,primary_type:'com.huami.nfc.web.O000O0o0']
09-01 14:32:03.342 D/[Koin]  ( 9745): bind type:'com.huami.nfc.web.O000O00o' ~ [type:Single,primary_type:'com.huami.nfc.web.O000O00o']
09-01 14:32:03.342 D/[Koin]  ( 9745): bind type:'com.huami.nfc.web.http.O00000o0' ~ [type:Single,primary_type:'com.huami.nfc.web.http.O00000o0']
09-01 14:32:03.342 D/[Koin]  ( 9745): bind type:'com.huami.nfc.bus.service.HuamiService' ~ [type:Single,primary_type:'com.huami.nfc.bus.service.HuamiService']
09-01 14:32:03.342 D/[Koin]  ( 9745): bind type:'com.huami.nfc.bus.service.SnowballService' ~ [type:Single,primary_type:'com.huami.nfc.bus.service.SnowballService']
09-01 14:32:03.342 D/[Koin]  ( 9745): bind type:'com.huami.nfc.bus.service.XiaomiService' ~ [type:Single,primary_type:'com.huami.nfc.bus.service.XiaomiService']
09-01 14:32:03.342 D/[Koin]  ( 9745): bind type:'com.huami.nfc.bus.O000000o.O000000o' ~ [type:Single,primary_type:'com.huami.nfc.bus.O000000o.O000000o']
09-01 14:32:03.342 D/[Koin]  ( 9745): bind type:'com.huami.nfc.bus.O000000o.O0000O0o' ~ [type:Single,primary_type:'com.huami.nfc.bus.O000000o.O0000O0o']
09-01 14:32:03.342 D/[Koin]  ( 9745): bind type:'com.huami.nfc.bus.O000000o.O00000o0' ~ [type:Single,primary_type:'com.huami.nfc.bus.O000000o.O00000o0']
09-01 14:32:03.342 D/[Koin]  ( 9745): bind type:'com.huami.nfc.ble.O0000O0o' ~ [type:Single,primary_type:'com.huami.nfc.ble.O0000O0o']
09-01 14:32:03.342 D/[Koin]  ( 9745): bind type:'com.huami.nfc.ble.O00000o' ~ [type:Single,primary_type:'com.huami.nfc.ble.O00000o']
09-01 14:32:03.342 D/[Koin]  ( 9745): bind type:'com.huami.nfc.web.O00oOooO' ~ [type:Single,primary_type:'com.huami.nfc.web.O00oOooO']
09-01 14:32:03.342 D/[Koin]  ( 9745): bind type:'com.huami.nfc.O00000o0.O00000Oo' ~ [type:Single,primary_type:'com.huami.nfc.O00000o0.O00000Oo']
09-01 14:32:03.342 D/[Koin]  ( 9745): bind type:'com.huami.nfc.web.O000OO0o' ~ [type:Single,primary_type:'com.huami.nfc.web.O000OO0o']
09-01 14:32:03.342 D/[Koin]  ( 9745): bind type:'com.huami.nfc.web.O000o000' ~ [type:Single,primary_type:'com.huami.nfc.web.O000o000']
09-01 14:32:03.342 D/[Koin]  ( 9745): bind type:'com.huami.wallet.O000000o.O00000Oo.O00000o' ~ [type:Single,primary_type:'com.huami.wallet.O000000o.O00000Oo.O00000o']
09-01 14:32:03.342 D/[Koin]  ( 9745): bind type:'com.unionpay.tsmservice.blesdk.O000000o' ~ [type:Single,primary_type:'com.unionpay.tsmservice.blesdk.O000000o']
09-01 14:32:03.342 D/[Koin]  ( 9745): bind type:'com.huami.wallet.O000000o.O000000o.O000000o' ~ [type:Single,primary_type:'com.huami.wallet.O000000o.O000000o.O000000o']
09-01 14:32:03.342 D/[Koin]  ( 9745): bind type:'com.huami.nfc.O00000o.O000000o.O00000Oo' ~ [type:Single,primary_type:'com.huami.nfc.O00000o.O000000o.O00000Oo']
09-01 14:32:03.342 D/[Koin]  ( 9745): bind type:'com.huami.wallet.ui.O0000o0.O00000o0' ~ [type:Factory,primary_type:'com.huami.wallet.ui.O0000o0.O00000o0']
09-01 14:32:03.342 D/[Koin]  ( 9745): bind type:'com.huami.wallet.ui.O0000o0.O00000o' ~ [type:Factory,primary_type:'com.huami.wallet.ui.O0000o0.O00000o']
09-01 14:32:03.342 D/[Koin]  ( 9745): bind type:'com.huami.wallet.ui.O0000o0.O0000O0o' ~ [type:Factory,primary_type:'com.huami.wallet.ui.O0000o0.O0000O0o']
