--------- beginning of main
09-01 14:31:34.395 V/bt_stack( 8588): [VERBOSE1:btm_ble_gap.cc(1923)] btm_ble_process_ext_adv_pkt: bda=2e:17:70:f9:0b:48
09-01 14:31:34.395 V/bt_stack( 8588): [VERBOSE1:btm_ble_gap.cc(1847)] btm_ble_process_adv_addr: bda=2e:17:70:f9:0b:48
09-01 14:31:34.397 V/bt_stack( 8588): [VERBOSE1:btm_ble_gap.cc(1923)] btm_ble_process_ext_adv_pkt: bda=53:20:ff:cd:6c:a4
09-01 14:31:34.397 D/BluetoothUtils( 8588): blockedByLocationOff callingUid=1002
09-01 14:31:34.397 V/bt_stack( 8588): [VERBOSE1:btm_ble_gap.cc(1847)] btm_ble_process_adv_addr: bda=53:20:ff:cd:6c:a4
09-01 14:31:34.397 V/bt_stack( 8588): [VERBOSE1:btm_ble_gap.cc(2052)]  Waiting for scan response 53:20:ff:cd:6c:a4
09-01 14:31:34.398 V/bt_stack( 8588): [VERBOSE1:btm_ble_gap.cc(1923)] btm_ble_process_ext_adv_pkt: bda=53:20:ff:cd:6c:a4
09-01 14:31:34.398 V/bt_stack( 8588): [VERBOSE1:btm_ble_gap.cc(1847)] btm_ble_process_adv_addr: bda=53:20:ff:cd:6c:a4
09-01 14:31:34.398 I/BluetoothUtils( 8588): packagename is android.uid.bluetooth:1002 ,and its permission is false
09-01 14:31:34.398 D/BluetoothUtils( 8588): blockedByLocationOff callingUid=1002
09-01 14:31:34.399 I/BluetoothUtils( 8588): packagename is android.uid.bluetooth:1002 ,and its permission is false
09-01 14:31:34.399 D/BluetoothUtils( 8588): blockedByLocationOff callingUid=1002
09-01 14:31:34.399 I/BluetoothUtils( 8588): packagename is android.uid.bluetooth:1002 ,and its permission is false
09-01 14:31:34.400 D/BluetoothUtils( 8588): blockedByLocationOff callingUid=1002
09-01 14:31:34.400 I/BluetoothUtils( 8588): packagename is android.uid.bluetooth:1002 ,and its permission is false
09-01 14:31:34.400 D/BluetoothUtils( 8588): blockedByLocationOff callingUid=1002
09-01 14:31:34.401 I/BluetoothUtils( 8588): packagename is android.uid.bluetooth:1002 ,and its permission is false
09-01 14:31:34.401 D/BluetoothUtils( 8588): blockedByLocationOff callingUid=1002
09-01 14:31:34.401 I/BluetoothUtils( 8588): packagename is android.uid.bluetooth:1002 ,and its permission is false
09-01 14:31:34.402 V/bt_stack( 8588): [VERBOSE1:btm_ble_gap.cc(1923)] btm_ble_process_ext_adv_pkt: bda=66:db:a5:b4:54:91
09-01 14:31:34.402 V/bt_stack( 8588): [VERBOSE1:btm_ble_gap.cc(1847)] btm_ble_process_adv_addr: bda=66:db:a5:b4:54:91
09-01 14:31:34.402 V/bt_stack( 8588): [VERBOSE1:btm_ble_gap.cc(2052)]  Waiting for scan response 66:db:a5:b4:54:91
09-01 14:31:34.402 V/bt_stack( 8588): [VERBOSE1:btm_ble_gap.cc(1923)] btm_ble_process_ext_adv_pkt: bda=66:db:a5:b4:54:91
09-01 14:31:34.402 V/bt_stack( 8588): [VERBOSE1:btm_ble_gap.cc(1847)] btm_ble_process_adv_addr: bda=66:db:a5:b4:54:91
09-01 14:31:34.403 V/bt_stack( 8588): [VERBOSE1:btm_ble_gap.cc(1923)] btm_ble_process_ext_adv_pkt: bda=6a:1a:31:28:a4:f8
09-01 14:31:34.403 V/bt_stack( 8588): [VERBOSE1:btm_ble_gap.cc(1847)] btm_ble_process_adv_addr: bda=6a:1a:31:28:a4:f8
09-01 14:31:34.404 D/BluetoothUtils( 8588): blockedByLocationOff callingUid=1002
09-01 14:31:34.404 I/BluetoothUtils( 8588): packagename is android.uid.bluetooth:1002 ,and its permission is false
09-01 14:31:34.404 D/BluetoothUtils( 8588): blockedByLocationOff callingUid=1002
09-01 14:31:34.405 I/BluetoothUtils( 8588): packagename is android.uid.bluetooth:1002 ,and its permission is false
09-01 14:31:34.405 D/BluetoothUtils( 8588): blockedByLocationOff callingUid=1002
09-01 14:31:34.405 I/BluetoothUtils( 8588): packagename is android.uid.bluetooth:1002 ,and its permission is false
09-01 14:31:34.405 V/bt_stack( 8588): [VERBOSE1:btm_ble_gap.cc(1923)] btm_ble_process_ext_adv_pkt: bda=38:f9:d3:45:87:1e
09-01 14:31:34.405 V/bt_stack( 8588): [VERBOSE1:btm_ble_gap.cc(1847)] btm_ble_process_adv_addr: bda=38:f9:d3:45:87:1e
09-01 14:31:34.405 V/bt_stack( 8588): [VERBOSE1:btm_ble_gap.cc(2052)]  Waiting for scan response 38:f9:d3:45:87:1e
09-01 14:31:34.405 V/bt_stack( 8588): [VERBOSE1:btm_ble_gap.cc(1923)] btm_ble_process_ext_adv_pkt: bda=38:f9:d3:45:87:1e
09-01 14:31:34.406 V/bt_stack( 8588): [VERBOSE1:btm_ble_gap.cc(1847)] btm_ble_process_adv_addr: bda=38:f9:d3:45:87:1e
09-01 14:31:34.406 D/BluetoothUtils( 8588): blockedByLocationOff callingUid=1002
09-01 14:31:34.406 I/BluetoothUtils( 8588): packagename is android.uid.bluetooth:1002 ,and its permission is false
09-01 14:31:34.406 D/BluetoothUtils( 8588): blockedByLocationOff callingUid=1002
09-01 14:31:34.407 I/BluetoothUtils( 8588): packagename is android.uid.bluetooth:1002 ,and its permission is false
09-01 14:31:34.407 D/BluetoothUtils( 8588): blockedByLocationOff callingUid=1002
09-01 14:31:34.407 I/BluetoothUtils( 8588): packagename is android.uid.bluetooth:1002 ,and its permission is false
09-01 14:31:34.407 D/BluetoothUtils( 8588): blockedByLocationOff callingUid=1002
09-01 14:31:34.408 I/BluetoothUtils( 8588): packagename is android.uid.bluetooth:1002 ,and its permission is false
09-01 14:31:34.408 D/BluetoothUtils( 8588): blockedByLocationOff callingUid=1002
09-01 14:31:34.408 I/BluetoothUtils( 8588): packagename is android.uid.bluetooth:1002 ,and its permission is false
09-01 14:31:34.408 D/BluetoothUtils( 8588): blockedByLocationOff callingUid=1002
09-01 14:31:34.409 I/BluetoothUtils( 8588): packagename is android.uid.bluetooth:1002 ,and its permission is false
09-01 14:31:34.412 V/bt_stack( 8588): [VERBOSE1:btm_ble_gap.cc(1923)] btm_ble_process_ext_adv_pkt: bda=24:65:c8:81:ba:6f
09-01 14:31:34.412 V/bt_stack( 8588): [VERBOSE1:btm_ble_gap.cc(1847)] btm_ble_process_adv_addr: bda=24:65:c8:81:ba:6f
09-01 14:31:34.413 D/BluetoothUtils( 8588): blockedByLocationOff callingUid=1002
09-01 14:31:34.414 I/BluetoothUtils( 8588): packagename is android.uid.bluetooth:1002 ,and its permission is false
09-01 14:31:34.414 D/BluetoothUtils( 8588): blockedByLocationOff callingUid=1002
09-01 14:31:34.414 I/BluetoothUtils( 8588): packagename is android.uid.bluetooth:1002 ,and its permission is false
09-01 14:31:34.414 D/BluetoothUtils( 8588): blockedByLocationOff callingUid=1002
09-01 14:31:34.414 I/BluetoothUtils( 8588): packagename is android.uid.bluetooth:1002 ,and its permission is false
09-01 14:31:34.417 V/bt_stack( 8588): [VERBOSE1:btm_ble_gap.cc(1923)] btm_ble_process_ext_adv_pkt: bda=2a:1b:52:ac:62:5d
09-01 14:31:34.417 V/bt_stack( 8588): [VERBOSE1:btm_ble_gap.cc(1847)] btm_ble_process_adv_addr: bda=2a:1b:52:ac:62:5d
09-01 14:31:34.417 V/bt_stack( 8588): [VERBOSE1:btm_ble_gap.cc(1923)] btm_ble_process_ext_adv_pkt: bda=64:62:50:0c:82:d1
09-01 14:31:34.417 V/bt_stack( 8588): [VERBOSE1:btm_ble_gap.cc(1847)] btm_ble_process_adv_addr: bda=64:62:50:0c:82:d1
09-01 14:31:34.417 V/bt_stack( 8588): [VERBOSE1:btm_ble_gap.cc(2052)]  Waiting for scan response 64:62:50:0c:82:d1
09-01 14:31:34.417 V/bt_stack( 8588): [VERBOSE1:btm_ble_gap.cc(1923)] btm_ble_process_ext_adv_pkt: bda=64:62:50:0c:82:d1
09-01 14:31:34.417 V/bt_stack( 8588): [VERBOSE1:btm_ble_gap.cc(1847)] btm_ble_process_adv_addr: bda=64:62:50:0c:82:d1
09-01 14:31:34.418 D/BluetoothUtils( 8588): blockedByLocationOff callingUid=1002
09-01 14:31:34.419 I/BluetoothUtils( 8588): packagename is android.uid.bluetooth:1002 ,and its permission is false
09-01 14:31:34.419 D/BluetoothUtils( 8588): blockedByLocationOff callingUid=1002
09-01 14:31:34.419 I/BluetoothUtils( 8588): packagename is android.uid.bluetooth:1002 ,and its permission is false
09-01 14:31:34.419 D/BluetoothUtils( 8588): blockedByLocationOff callingUid=1002
09-01 14:31:34.420 I/BluetoothUtils( 8588): packagename is android.uid.bluetooth:1002 ,and its permission is false
09-01 14:31:34.420 D/BluetoothUtils( 8588): blockedByLocationOff callingUid=1002
09-01 14:31:34.420 I/BluetoothUtils( 8588): packagename is android.uid.bluetooth:1002 ,and its permission is false
09-01 14:31:34.420 D/BluetoothUtils( 8588): blockedByLocationOff callingUid=1002
09-01 14:31:34.420 I/BluetoothUtils( 8588): packagename is android.uid.bluetooth:1002 ,and its permission is false
09-01 14:31:34.421 D/BluetoothUtils( 8588): blockedByLocationOff callingUid=1002
09-01 14:31:34.421 I/BluetoothUtils( 8588): packagename is android.uid.bluetooth:1002 ,and its permission is false
09-01 14:31:34.442 V/bt_stack( 8588): [VERBOSE1:btm_ble_gap.cc(1923)] btm_ble_process_ext_adv_pkt: bda=6c:37:b5:6b:a1:b8
09-01 14:31:34.442 V/bt_stack( 8588): [VERBOSE1:btm_ble_gap.cc(1847)] btm_ble_process_adv_addr: bda=6c:37:b5:6b:a1:b8
09-01 14:31:34.442 V/bt_stack( 8588): [VERBOSE1:btm_ble_gap.cc(2052)]  Waiting for scan response 6c:37:b5:6b:a1:b8
09-01 14:31:34.442 V/bt_stack( 8588): [VERBOSE1:btm_ble_gap.cc(1923)] btm_ble_process_ext_adv_pkt: bda=53:f2:a2:69:23:e6
09-01 14:31:34.442 V/bt_stack( 8588): [VERBOSE1:btm_ble_gap.cc(1847)] btm_ble_process_adv_addr: bda=53:f2:a2:69:23:e6
09-01 14:31:34.444 D/BluetoothUtils( 8588): blockedByLocationOff callingUid=1002
09-01 14:31:34.444 I/BluetoothUtils( 8588): packagename is android.uid.bluetooth:1002 ,and its permission is false
09-01 14:31:34.449 D/BluetoothUtils( 8588): blockedByLocationOff callingUid=1002
09-01 14:31:34.449 I/BluetoothUtils( 8588): packagename is android.uid.bluetooth:1002 ,and its permission is false
09-01 14:31:34.449 D/BluetoothUtils( 8588): blockedByLocationOff callingUid=1002
09-01 14:31:34.449 I/BluetoothUtils( 8588): packagename is android.uid.bluetooth:1002 ,and its permission is false
09-01 14:31:34.462 V/bt_stack( 8588): [VERBOSE1:btm_ble_gap.cc(1923)] btm_ble_process_ext_adv_pkt: bda=56:e4:da:79:d5:88
09-01 14:31:34.462 V/bt_stack( 8588): [VERBOSE1:btm_ble_gap.cc(1847)] btm_ble_process_adv_addr: bda=56:e4:da:79:d5:88
09-01 14:31:34.462 V/bt_stack( 8588): [VERBOSE1:btm_ble_gap.cc(2052)]  Waiting for scan response 56:e4:da:79:d5:88
09-01 14:31:34.462 V/bt_stack( 8588): [VERBOSE1:btm_ble_gap.cc(1923)] btm_ble_process_ext_adv_pkt: bda=56:e4:da:79:d5:88
09-01 14:31:34.462 V/bt_stack( 8588): [VERBOSE1:btm_ble_gap.cc(1847)] btm_ble_process_adv_addr: bda=56:e4:da:79:d5:88
09-01 14:31:34.463 D/BluetoothUtils( 8588): blockedByLocationOff callingUid=1002
09-01 14:31:34.463 I/BluetoothUtils( 8588): packagename is android.uid.bluetooth:1002 ,and its permission is false
09-01 14:31:34.463 D/BluetoothUtils( 8588): blockedByLocationOff callingUid=1002
09-01 14:31:34.464 I/BluetoothUtils( 8588): packagename is android.uid.bluetooth:1002 ,and its permission is false
09-01 14:31:34.464 D/BluetoothUtils( 8588): blockedByLocationOff callingUid=1002
09-01 14:31:34.464 I/BluetoothUtils( 8588): packagename is android.uid.bluetooth:1002 ,and its permission is false
09-01 14:31:34.468 V/bt_stack( 8588): [VERBOSE1:btm_ble_gap.cc(1923)] btm_ble_process_ext_adv_pkt: bda=0c:1a:06:0e:96:57
09-01 14:31:34.468 V/bt_stack( 8588): [VERBOSE1:btm_ble_gap.cc(1847)] btm_ble_process_adv_addr: bda=0c:1a:06:0e:96:57
09-01 14:31:34.469 V/bt_stack( 8588): [VERBOSE1:btm_ble_gap.cc(1923)] btm_ble_process_ext_adv_pkt: bda=36:c9:49:a0:b6:9d
09-01 14:31:34.469 V/bt_stack( 8588): [VERBOSE1:btm_ble_gap.cc(1847)] btm_ble_process_adv_addr: bda=36:c9:49:a0:b6:9d
09-01 14:31:34.470 D/BluetoothUtils( 8588): blockedByLocationOff callingUid=1002
09-01 14:31:34.470 I/BluetoothUtils( 8588): packagename is android.uid.bluetooth:1002 ,and its permission is false
09-01 14:31:34.470 D/BluetoothUtils( 8588): blockedByLocationOff callingUid=1002
09-01 14:31:34.471 I/BluetoothUtils( 8588): packagename is android.uid.bluetooth:1002 ,and its permission is false
09-01 14:31:34.471 D/BluetoothUtils( 8588): blockedByLocationOff callingUid=1002
09-01 14:31:34.471 I/BluetoothUtils( 8588): packagename is android.uid.bluetooth:1002 ,and its permission is false
09-01 14:31:34.472 V/bt_stack( 8588): [VERBOSE1:btm_ble_gap.cc(1923)] btm_ble_process_ext_adv_pkt: bda=45:55:7e:66:6f:d0
09-01 14:31:34.472 D/BluetoothUtils( 8588): blockedByLocationOff callingUid=1002
09-01 14:31:34.472 V/bt_stack( 8588): [VERBOSE1:btm_ble_gap.cc(1847)] btm_ble_process_adv_addr: bda=45:55:7e:66:6f:d0
09-01 14:31:34.472 V/bt_stack( 8588): [VERBOSE1:btm_ble_gap.cc(2052)]  Waiting for scan response 45:55:7e:66:6f:d0
09-01 14:31:34.472 V/bt_stack( 8588): [VERBOSE1:btm_ble_gap.cc(1923)] btm_ble_process_ext_adv_pkt: bda=45:55:7e:66:6f:d0
09-01 14:31:34.472 V/bt_stack( 8588): [VERBOSE1:btm_ble_gap.cc(1847)] btm_ble_process_adv_addr: bda=45:55:7e:66:6f:d0
09-01 14:31:34.472 I/BluetoothUtils( 8588): packagename is android.uid.bluetooth:1002 ,and its permission is false
09-01 14:31:34.472 D/BluetoothUtils( 8588): blockedByLocationOff callingUid=1002
09-01 14:31:34.473 I/BluetoothUtils( 8588): packagename is android.uid.bluetooth:1002 ,and its permission is false
09-01 14:31:34.473 D/BluetoothUtils( 8588): blockedByLocationOff callingUid=1002
09-01 14:31:34.473 I/BluetoothUtils( 8588): packagename is android.uid.bluetooth:1002 ,and its permission is false
09-01 14:31:34.474 D/BluetoothUtils( 8588): blockedByLocationOff callingUid=1002
09-01 14:31:34.474 I/BluetoothUtils( 8588): packagename is android.uid.bluetooth:1002 ,and its permission is false
09-01 14:31:34.474 D/BluetoothUtils( 8588): blockedByLocationOff callingUid=1002
09-01 14:31:34.474 I/BluetoothUtils( 8588): packagename is android.uid.bluetooth:1002 ,and its permission is false
09-01 14:31:34.475 D/BluetoothUtils( 8588): blockedByLocationOff callingUid=1002
09-01 14:31:34.475 I/BluetoothUtils( 8588): packagename is android.uid.bluetooth:1002 ,and its permission is false
09-01 14:31:34.484 V/bt_stack( 8588): [VERBOSE1:btm_ble_gap.cc(1923)] btm_ble_process_ext_adv_pkt: bda=17:be:83:99:5a:17
09-01 14:31:34.484 V/bt_stack( 8588): [VERBOSE1:btm_ble_gap.cc(1847)] btm_ble_process_adv_addr: bda=17:be:83:99:5a:17
09-01 14:31:34.485 D/BluetoothUtils( 8588): blockedByLocationOff callingUid=1002
09-01 14:31:34.486 V/bt_stack( 8588): [VERBOSE1:btm_ble_gap.cc(1923)] btm_ble_process_ext_adv_pkt: bda=28:f0:76:67:1f:c7
09-01 14:31:34.486 V/bt_stack( 8588): [VERBOSE1:btm_ble_gap.cc(1847)] btm_ble_process_adv_addr: bda=28:f0:76:67:1f:c7
09-01 14:31:34.486 V/bt_stack( 8588): [VERBOSE1:btm_ble_gap.cc(2052)]  Waiting for scan response 28:f0:76:67:1f:c7
09-01 14:31:34.486 I/BluetoothUtils( 8588): packagename is android.uid.bluetooth:1002 ,and its permission is false
09-01 14:31:34.486 D/BluetoothUtils( 8588): blockedByLocationOff callingUid=1002
09-01 14:31:34.486 I/BluetoothUtils( 8588): packagename is android.uid.bluetooth:1002 ,and its permission is false
09-01 14:31:34.486 D/BluetoothUtils( 8588): blockedByLocationOff callingUid=1002
09-01 14:31:34.487 I/BluetoothUtils( 8588): packagename is android.uid.bluetooth:1002 ,and its permission is false
09-01 14:31:34.497 V/bt_stack( 8588): [VERBOSE1:btm_ble_gap.cc(1923)] btm_ble_process_ext_adv_pkt: bda=63:e7:6b:57:ac:90
09-01 14:31:34.497 V/bt_stack( 8588): [VERBOSE1:btm_ble_gap.cc(1847)] btm_ble_process_adv_addr: bda=63:e7:6b:57:ac:90
09-01 14:31:34.497 V/bt_stack( 8588): [VERBOSE1:btm_ble_gap.cc(2052)]  Waiting for scan response 63:e7:6b:57:ac:90
09-01 14:31:34.498 V/bt_stack( 8588): [VERBOSE1:btm_ble_gap.cc(1923)] btm_ble_process_ext_adv_pkt: bda=2e:17:70:f9:0b:48
09-01 14:31:34.498 V/bt_stack( 8588): [VERBOSE1:btm_ble_gap.cc(1847)] btm_ble_process_adv_addr: bda=2e:17:70:f9:0b:48
09-01 14:31:34.499 D/BluetoothUtils( 8588): blockedByLocationOff callingUid=1002
09-01 14:31:34.500 I/BluetoothUtils( 8588): packagename is android.uid.bluetooth:1002 ,and its permission is false
09-01 14:31:34.500 D/BluetoothUtils( 8588): blockedByLocationOff callingUid=1002
09-01 14:31:34.500 I/BluetoothUtils( 8588): packagename is android.uid.bluetooth:1002 ,and its permission is false
09-01 14:31:34.500 D/BluetoothUtils( 8588): blockedByLocationOff callingUid=1002
09-01 14:31:34.500 I/BluetoothUtils( 8588): packagename is android.uid.bluetooth:1002 ,and its permission is false
09-01 14:31:34.508 V/bt_stack( 8588): [VERBOSE1:btm_ble_gap.cc(1923)] btm_ble_process_ext_adv_pkt: bda=6a:1a:31:28:a4:f8
09-01 14:31:34.508 V/bt_stack( 8588): [VERBOSE1:btm_ble_gap.cc(1847)] btm_ble_process_adv_addr: bda=6a:1a:31:28:a4:f8
09-01 14:31:34.510 D/BluetoothUtils( 8588): blockedByLocationOff callingUid=1002
09-01 14:31:34.510 I/BluetoothUtils( 8588): packagename is android.uid.bluetooth:1002 ,and its permission is false
09-01 14:31:34.510 D/BluetoothUtils( 8588): blockedByLocationOff callingUid=1002
09-01 14:31:34.511 I/BluetoothUtils( 8588): packagename is android.uid.bluetooth:1002 ,and its permission is false
09-01 14:31:34.511 D/BluetoothUtils( 8588): blockedByLocationOff callingUid=1002
09-01 14:31:34.511 I/BluetoothUtils( 8588): packagename is android.uid.bluetooth:1002 ,and its permission is false
09-01 14:31:34.521 V/bt_stack( 8588): [VERBOSE1:btm_ble_gap.cc(1923)] btm_ble_process_ext_adv_pkt: bda=66:3e:07:e0:2b:d4
09-01 14:31:34.521 V/bt_stack( 8588): [VERBOSE1:btm_ble_gap.cc(1847)] btm_ble_process_adv_addr: bda=66:3e:07:e0:2b:d4
09-01 14:31:34.521 V/bt_stack( 8588): [VERBOSE1:btm_ble_gap.cc(2052)]  Waiting for scan response 66:3e:07:e0:2b:d4
09-01 14:31:34.521 V/bt_stack( 8588): [VERBOSE1:btm_ble_gap.cc(1923)] btm_ble_process_ext_adv_pkt: bda=2a:1b:52:ac:62:5d
09-01 14:31:34.521 V/bt_stack( 8588): [VERBOSE1:btm_ble_gap.cc(1847)] btm_ble_process_adv_addr: bda=2a:1b:52:ac:62:5d
09-01 14:31:34.523 D/BluetoothUtils( 8588): blockedByLocationOff callingUid=1002
09-01 14:31:34.523 I/BluetoothUtils( 8588): packagename is android.uid.bluetooth:1002 ,and its permission is false
09-01 14:31:34.523 D/BluetoothUtils( 8588): blockedByLocationOff callingUid=1002
09-01 14:31:34.524 I/BluetoothUtils( 8588): packagename is android.uid.bluetooth:1002 ,and its permission is false
09-01 14:31:34.524 D/BluetoothUtils( 8588): blockedByLocationOff callingUid=1002
09-01 14:31:34.524 V/bt_stack( 8588): [VERBOSE1:btm_ble_gap.cc(1923)] btm_ble_process_ext_adv_pkt: bda=12:f7:c7:df:cb:b1
09-01 14:31:34.524 V/bt_stack( 8588): [VERBOSE1:btm_ble_gap.cc(1847)] btm_ble_process_adv_addr: bda=12:f7:c7:df:cb:b1
09-01 14:31:34.524 I/BluetoothUtils( 8588): packagename is android.uid.bluetooth:1002 ,and its permission is false
09-01 14:31:34.525 D/BluetoothUtils( 8588): blockedByLocationOff callingUid=1002
09-01 14:31:34.525 I/BluetoothUtils( 8588): packagename is android.uid.bluetooth:1002 ,and its permission is false
09-01 14:31:34.526 D/BluetoothUtils( 8588): blockedByLocationOff callingUid=1002
09-01 14:31:34.526 I/BluetoothUtils( 8588): packagename is android.uid.bluetooth:1002 ,and its permission is false
09-01 14:31:34.526 D/BluetoothUtils( 8588): blockedByLocationOff callingUid=1002
09-01 14:31:34.527 I/BluetoothUtils( 8588): packagename is android.uid.bluetooth:1002 ,and its permission is false
09-01 14:31:34.539 V/bt_stack( 8588): [VERBOSE1:btm_ble_gap.cc(1923)] btm_ble_process_ext_adv_pkt: bda=12:72:eb:81:32:03
09-01 14:31:34.539 V/bt_stack( 8588): [VERBOSE1:btm_ble_gap.cc(1847)] btm_ble_process_adv_addr: bda=12:72:eb:81:32:03
09-01 14:31:34.540 D/BluetoothUtils( 8588): blockedByLocationOff callingUid=1002
09-01 14:31:34.541 I/BluetoothUtils( 8588): packagename is android.uid.bluetooth:1002 ,and its permission is false
09-01 14:31:34.541 D/BluetoothUtils( 8588): blockedByLocationOff callingUid=1002
09-01 14:31:34.541 I/BluetoothUtils( 8588): packagename is android.uid.bluetooth:1002 ,and its permission is false
09-01 14:31:34.541 D/BluetoothUtils( 8588): blockedByLocationOff callingUid=1002
09-01 14:31:34.542 I/BluetoothUtils( 8588): packagename is android.uid.bluetooth:1002 ,and its permission is false
09-01 14:31:34.551 V/bt_stack( 8588): [VERBOSE1:btm_ble_gap.cc(1923)] btm_ble_process_ext_adv_pkt: bda=64:62:50:0c:82:d1
09-01 14:31:34.551 V/bt_stack( 8588): [VERBOSE1:btm_ble_gap.cc(1847)] btm_ble_process_adv_addr: bda=64:62:50:0c:82:d1
09-01 14:31:34.551 V/bt_stack( 8588): [VERBOSE1:btm_ble_gap.cc(2052)]  Waiting for scan response 64:62:50:0c:82:d1
09-01 14:31:34.556 V/bt_stack( 8588): [VERBOSE1:btm_ble_gap.cc(1923)] btm_ble_process_ext_adv_pkt: bda=76:43:75:32:34:8f
09-01 14:31:34.556 V/bt_stack( 8588): [VERBOSE1:btm_ble_gap.cc(1847)] btm_ble_process_adv_addr: bda=76:43:75:32:34:8f
09-01 14:31:34.556 V/bt_stack( 8588): [VERBOSE1:btm_ble_gap.cc(2052)]  Waiting for scan response 76:43:75:32:34:8f
09-01 14:31:34.556 V/bt_stack( 8588): [VERBOSE1:btm_ble_gap.cc(1923)] btm_ble_process_ext_adv_pkt: bda=2d:8f:df:c2:a9:d4
09-01 14:31:34.556 V/bt_stack( 8588): [VERBOSE1:btm_ble_gap.cc(1847)] btm_ble_process_adv_addr: bda=2d:8f:df:c2:a9:d4
09-01 14:31:34.558 D/BluetoothUtils( 8588): blockedByLocationOff callingUid=1002
09-01 14:31:34.559 I/BluetoothUtils( 8588): packagename is android.uid.bluetooth:1002 ,and its permission is false
09-01 14:31:34.559 D/BluetoothUtils( 8588): blockedByLocationOff callingUid=1002
09-01 14:31:34.559 I/BluetoothUtils( 8588): packagename is android.uid.bluetooth:1002 ,and its permission is false
09-01 14:31:34.559 D/BluetoothUtils( 8588): blockedByLocationOff callingUid=1002
09-01 14:31:34.559 I/BluetoothUtils( 8588): packagename is android.uid.bluetooth:1002 ,and its permission is false
09-01 14:31:34.573 V/bt_stack( 8588): [VERBOSE1:btm_ble_gap.cc(1923)] btm_ble_process_ext_adv_pkt: bda=72:1f:5b:cb:e4:06
09-01 14:31:34.573 V/bt_stack( 8588): [VERBOSE1:btm_ble_gap.cc(1847)] btm_ble_process_adv_addr: bda=72:1f:5b:cb:e4:06
09-01 14:31:34.573 V/bt_stack( 8588): [VERBOSE1:btm_ble_gap.cc(2052)]  Waiting for scan response 72:1f:5b:cb:e4:06
09-01 14:31:34.573 V/bt_stack( 8588): [VERBOSE1:btm_ble_gap.cc(1923)] btm_ble_process_ext_adv_pkt: bda=0c:1a:06:0e:96:57
09-01 14:31:34.573 V/bt_stack( 8588): [VERBOSE1:btm_ble_gap.cc(1847)] btm_ble_process_adv_addr: bda=0c:1a:06:0e:96:57
09-01 14:31:34.573 V/bt_stack( 8588): [VERBOSE1:btm_ble_gap.cc(1923)] btm_ble_process_ext_adv_pkt: bda=26:c8:00:52:93:8d
09-01 14:31:34.573 V/bt_stack( 8588): [VERBOSE1:btm_ble_gap.cc(1847)] btm_ble_process_adv_addr: bda=26:c8:00:52:93:8d
09-01 14:31:34.575 D/BluetoothUtils( 8588): blockedByLocationOff callingUid=1002
09-01 14:31:34.576 I/BluetoothUtils( 8588): packagename is android.uid.bluetooth:1002 ,and its permission is false
09-01 14:31:34.576 D/BluetoothUtils( 8588): blockedByLocationOff callingUid=1002
09-01 14:31:34.576 I/BluetoothUtils( 8588): packagename is android.uid.bluetooth:1002 ,and its permission is false
09-01 14:31:34.577 D/BluetoothUtils( 8588): blockedByLocationOff callingUid=1002
09-01 14:31:34.577 I/BluetoothUtils( 8588): packagename is android.uid.bluetooth:1002 ,and its permission is false
09-01 14:31:34.577 V/bt_stack( 8588): [VERBOSE1:btm_ble_gap.cc(1923)] btm_ble_process_ext_adv_pkt: bda=64:62:50:0c:82:d1
09-01 14:31:34.577 V/bt_stack( 8588): [VERBOSE1:btm_ble_gap.cc(1847)] btm_ble_process_adv_addr: bda=64:62:50:0c:82:d1
09-01 14:31:34.578 V/bt_stack( 8588): [VERBOSE1:btm_ble_gap.cc(2052)]  Waiting for scan response 64:62:50:0c:82:d1
09-01 14:31:34.578 D/BluetoothUtils( 8588): blockedByLocationOff callingUid=1002
09-01 14:31:34.579 I/BluetoothUtils( 8588): packagename is android.uid.bluetooth:1002 ,and its permission is false
09-01 14:31:34.579 D/BluetoothUtils( 8588): blockedByLocationOff callingUid=1002
09-01 14:31:34.579 I/BluetoothUtils( 8588): packagename is android.uid.bluetooth:1002 ,and its permission is false
09-01 14:31:34.580 D/BluetoothUtils( 8588): blockedByLocationOff callingUid=1002
09-01 14:31:34.580 I/BluetoothUtils( 8588): packagename is android.uid.bluetooth:1002 ,and its permission is false
09-01 14:31:34.583 V/bt_stack( 8588): [VERBOSE1:btm_ble_gap.cc(1923)] btm_ble_process_ext_adv_pkt: bda=28:f0:76:67:1f:c7
09-01 14:31:34.583 V/bt_stack( 8588): [VERBOSE1:btm_ble_gap.cc(1847)] btm_ble_process_adv_addr: bda=28:f0:76:67:1f:c7
09-01 14:31:34.583 V/bt_stack( 8588): [VERBOSE1:btm_ble_gap.cc(2052)]  Waiting for scan response 28:f0:76:67:1f:c7
09-01 14:31:34.584 V/bt_stack( 8588): [VERBOSE1:btm_ble_gap.cc(1923)] btm_ble_process_ext_adv_pkt: bda=5d:4a:e1:72:21:47
09-01 14:31:34.584 V/bt_stack( 8588): [VERBOSE1:btm_ble_gap.cc(1847)] btm_ble_process_adv_addr: bda=5d:4a:e1:72:21:47
09-01 14:31:34.585 V/bt_stack( 8588): [VERBOSE1:btm_ble_gap.cc(2052)]  Waiting for scan response 5d:4a:e1:72:21:47
09-01 14:31:34.585 V/bt_stack( 8588): [VERBOSE1:btm_ble_gap.cc(1923)] btm_ble_process_ext_adv_pkt: bda=5d:4a:e1:72:21:47
09-01 14:31:34.585 V/bt_stack( 8588): [VERBOSE1:btm_ble_gap.cc(1847)] btm_ble_process_adv_addr: bda=5d:4a:e1:72:21:47
09-01 14:31:34.585 D/BluetoothUtils( 8588): blockedByLocationOff callingUid=1002
09-01 14:31:34.586 I/BluetoothUtils( 8588): packagename is android.uid.bluetooth:1002 ,and its permission is false
09-01 14:31:34.586 D/BluetoothUtils( 8588): blockedByLocationOff callingUid=1002
09-01 14:31:34.587 I/BluetoothUtils( 8588): packagename is android.uid.bluetooth:1002 ,and its permission is false
09-01 14:31:34.587 D/BluetoothUtils( 8588): blockedByLocationOff callingUid=1002
09-01 14:31:34.587 I/BluetoothUtils( 8588): packagename is android.uid.bluetooth:1002 ,and its permission is false
09-01 14:31:34.590 V/bt_stack( 8588): [VERBOSE1:btm_ble_gap.cc(1923)] btm_ble_process_ext_adv_pkt: bda=17:be:83:99:5a:17
09-01 14:31:34.590 V/bt_stack( 8588): [VERBOSE1:btm_ble_gap.cc(1847)] btm_ble_process_adv_addr: bda=17:be:83:99:5a:17
09-01 14:31:34.590 V/bt_stack( 8588): [VERBOSE1:btm_ble_gap.cc(1923)] btm_ble_process_ext_adv_pkt: bda=0a:29:89:b7:c8:4a
09-01 14:31:34.590 V/bt_stack( 8588): [VERBOSE1:btm_ble_gap.cc(1847)] btm_ble_process_adv_addr: bda=0a:29:89:b7:c8:4a
09-01 14:31:34.590 D/BluetoothUtils( 8588): blockedByLocationOff callingUid=1002
09-01 14:31:34.591 I/BluetoothUtils( 8588): packagename is android.uid.bluetooth:1002 ,and its permission is false
09-01 14:31:34.591 D/BluetoothUtils( 8588): blockedByLocationOff callingUid=1002
09-01 14:31:34.591 I/BluetoothUtils( 8588): packagename is android.uid.bluetooth:1002 ,and its permission is false
09-01 14:31:34.591 D/BluetoothUtils( 8588): blockedByLocationOff callingUid=1002
09-01 14:31:34.592 I/BluetoothUtils( 8588): packagename is android.uid.bluetooth:1002 ,and its permission is false
09-01 14:31:34.592 D/BluetoothUtils( 8588): blockedByLocationOff callingUid=1002
09-01 14:31:34.593 I/BluetoothUtils( 8588): packagename is android.uid.bluetooth:1002 ,and its permission is false
09-01 14:31:34.593 D/BluetoothUtils( 8588): blockedByLocationOff callingUid=1002
09-01 14:31:34.593 I/BluetoothUtils( 8588): packagename is android.uid.bluetooth:1002 ,and its permission is false
09-01 14:31:34.594 D/BluetoothUtils( 8588): blockedByLocationOff callingUid=1002
09-01 14:31:34.594 I/BluetoothUtils( 8588): packagename is android.uid.bluetooth:1002 ,and its permission is false
09-01 14:31:34.602 V/bt_stack( 8588): [VERBOSE1:btm_ble_gap.cc(1923)] btm_ble_process_ext_adv_pkt: bda=d0:24:10:d7:5b:bc
09-01 14:31:34.602 V/bt_stack( 8588): [VERBOSE1:btm_ble_gap.cc(1847)] btm_ble_process_adv_addr: bda=d0:24:10:d7:5b:bc
09-01 14:31:34.602 V/bt_stack( 8588): [VERBOSE1:btm_ble_gap.cc(2052)]  Waiting for scan response d0:24:10:d7:5b:bc
09-01 14:31:34.602 V/bt_stack( 8588): [VERBOSE1:btm_ble_gap.cc(1923)] btm_ble_process_ext_adv_pkt: bda=2e:17:70:f9:0b:48
09-01 14:31:34.602 V/bt_stack( 8588): [VERBOSE1:btm_ble_gap.cc(1847)] btm_ble_process_adv_addr: bda=2e:17:70:f9:0b:48
09-01 14:31:34.603 D/BluetoothUtils( 8588): blockedByLocationOff callingUid=1002
09-01 14:31:34.603 I/BluetoothUtils( 8588): packagename is android.uid.bluetooth:1002 ,and its permission is false
09-01 14:31:34.604 D/BluetoothUtils( 8588): blockedByLocationOff callingUid=1002
09-01 14:31:34.604 I/BluetoothUtils( 8588): packagename is android.uid.bluetooth:1002 ,and its permission is false
09-01 14:31:34.604 D/BluetoothUtils( 8588): blockedByLocationOff callingUid=1002
09-01 14:31:34.604 I/BluetoothUtils( 8588): packagename is android.uid.bluetooth:1002 ,and its permission is false
09-01 14:31:34.616 V/bt_stack( 8588): [VERBOSE1:btm_ble_gap.cc(1923)] btm_ble_process_ext_adv_pkt: bda=28:f0:76:67:1f:c7
09-01 14:31:34.616 V/bt_stack( 8588): [VERBOSE1:btm_ble_gap.cc(1847)] btm_ble_process_adv_addr: bda=28:f0:76:67:1f:c7
09-01 14:31:34.616 V/bt_stack( 8588): [VERBOSE1:btm_ble_gap.cc(2052)]  Waiting for scan response 28:f0:76:67:1f:c7
09-01 14:31:34.616 V/bt_stack( 8588): [VERBOSE1:btm_ble_gap.cc(1923)] btm_ble_process_ext_adv_pkt: bda=6a:1a:31:28:a4:f8
09-01 14:31:34.616 V/bt_stack( 8588): [VERBOSE1:btm_ble_gap.cc(1847)] btm_ble_process_adv_addr: bda=6a:1a:31:28:a4:f8
09-01 14:31:34.617 D/BluetoothUtils( 8588): blockedByLocationOff callingUid=1002
09-01 14:31:34.618 I/BluetoothUtils( 8588): packagename is android.uid.bluetooth:1002 ,and its permission is false
09-01 14:31:34.618 D/BluetoothUtils( 8588): blockedByLocationOff callingUid=1002
09-01 14:31:34.619 I/BluetoothUtils( 8588): packagename is android.uid.bluetooth:1002 ,and its permission is false
09-01 14:31:34.619 D/BluetoothUtils( 8588): blockedByLocationOff callingUid=1002
09-01 14:31:34.620 I/BluetoothUtils( 8588): packagename is android.uid.bluetooth:1002 ,and its permission is false
09-01 14:31:34.621 V/bt_stack( 8588): [VERBOSE1:btm_ble_gap.cc(1923)] btm_ble_process_ext_adv_pkt: bda=f7:46:5c:bc:40:f9
09-01 14:31:34.621 V/bt_stack( 8588): [VERBOSE1:btm_ble_gap.cc(1847)] btm_ble_process_adv_addr: bda=f7:46:5c:bc:40:f9
09-01 14:31:34.621 V/bt_stack( 8588): [VERBOSE1:btm_ble_gap.cc(2052)]  Waiting for scan response f7:46:5c:bc:40:f9
09-01 14:31:34.621 V/bt_stack( 8588): [VERBOSE1:btm_ble_gap.cc(1923)] btm_ble_process_ext_adv_pkt: bda=2a:1b:52:ac:62:5d
09-01 14:31:34.621 V/bt_stack( 8588): [VERBOSE1:btm_ble_gap.cc(1847)] btm_ble_process_adv_addr: bda=2a:1b:52:ac:62:5d
09-01 14:31:34.622 D/BluetoothUtils( 8588): blockedByLocationOff callingUid=1002
09-01 14:31:34.622 I/BluetoothUtils( 8588): packagename is android.uid.bluetooth:1002 ,and its permission is false
09-01 14:31:34.623 D/BluetoothUtils( 8588): blockedByLocationOff callingUid=1002
09-01 14:31:34.623 I/BluetoothUtils( 8588): packagename is android.uid.bluetooth:1002 ,and its permission is false
09-01 14:31:34.623 D/BluetoothUtils( 8588): blockedByLocationOff callingUid=1002
09-01 14:31:34.623 I/BluetoothUtils( 8588): packagename is android.uid.bluetooth:1002 ,and its permission is false
09-01 14:31:34.625 I/appium  ( 8902): AppiumResponse: {"sessionId":"ad6d0c78-5f6e-4b34-a966-5b7ce44708b4","value":{"ELEMENT":"35b0dee8-7f72-487c-bc54-e98cdb1a645d","element-6066-11e4-a52e-4f735466cecf":"35b0dee8-7f72-487c-bc54-e98cdb1a645d"}}
09-01 14:31:34.625 V/bt_stack( 8588): [VERBOSE1:btm_ble_gap.cc(1923)] btm_ble_process_ext_adv_pkt: bda=24:65:c8:81:ba:6f
09-01 14:31:34.625 V/bt_stack( 8588): [VERBOSE1:btm_ble_gap.cc(1847)] btm_ble_process_adv_addr: bda=24:65:c8:81:ba:6f
09-01 14:31:34.627 D/BluetoothUtils( 8588): blockedByLocationOff callingUid=1002
09-01 14:31:34.627 I/BluetoothUtils( 8588): packagename is android.uid.bluetooth:1002 ,and its permission is false
09-01 14:31:34.627 D/BluetoothUtils( 8588): blockedByLocationOff callingUid=1002
09-01 14:31:34.628 I/BluetoothUtils( 8588): packagename is android.uid.bluetooth:1002 ,and its permission is false
09-01 14:31:34.628 D/BluetoothUtils( 8588): blockedByLocationOff callingUid=1002
09-01 14:31:34.628 I/BluetoothUtils( 8588): packagename is android.uid.bluetooth:1002 ,and its permission is false
09-01 14:31:34.635 V/bt_stack( 8588): [VERBOSE1:btm_ble_gap.cc(1923)] btm_ble_process_ext_adv_pkt: bda=6e:9f:2d:a1:ea:cd
09-01 14:31:34.635 V/bt_stack( 8588): [VERBOSE1:btm_ble_gap.cc(1847)] btm_ble_process_adv_addr: bda=6e:9f:2d:a1:ea:cd
09-01 14:31:34.635 V/bt_stack( 8588): [VERBOSE1:btm_ble_gap.cc(2052)]  Waiting for scan response 6e:9f:2d:a1:ea:cd
09-01 14:31:34.635 V/bt_stack( 8588): [VERBOSE1:btm_ble_gap.cc(1923)] btm_ble_process_ext_adv_pkt: bda=17:7e:29:ab:4e:d0
09-01 14:31:34.635 V/bt_stack( 8588): [VERBOSE1:btm_ble_gap.cc(1847)] btm_ble_process_adv_addr: bda=17:7e:29:ab:4e:d0
09-01 14:31:34.637 D/BluetoothUtils( 8588): blockedByLocationOff callingUid=1002
09-01 14:31:34.637 I/BluetoothUtils( 8588): packagename is android.uid.bluetooth:1002 ,and its permission is false
09-01 14:31:34.637 D/BluetoothUtils( 8588): blockedByLocationOff callingUid=1002
09-01 14:31:34.638 I/BluetoothUtils( 8588): packagename is android.uid.bluetooth:1002 ,and its permission is false
09-01 14:31:34.638 D/BluetoothUtils( 8588): blockedByLocationOff callingUid=1002
09-01 14:31:34.638 I/BluetoothUtils( 8588): packagename is android.uid.bluetooth:1002 ,and its permission is false
09-01 14:31:34.645 V/bt_stack( 8588): [VERBOSE1:btm_ble_gap.cc(1923)] btm_ble_process_ext_adv_pkt: bda=7a:57:24:41:08:b2
09-01 14:31:34.645 V/bt_stack( 8588): [VERBOSE1:btm_ble_gap.cc(1847)] btm_ble_process_adv_addr: bda=7a:57:24:41:08:b2
09-01 14:31:34.645 V/bt_stack( 8588): [VERBOSE1:btm_ble_gap.cc(2052)]  Waiting for scan response 7a:57:24:41:08:b2
09-01 14:31:34.645 V/bt_stack( 8588): [VERBOSE1:btm_ble_gap.cc(1923)] btm_ble_process_ext_adv_pkt: bda=56:e4:da:79:d5:88
09-01 14:31:34.645 V/bt_stack( 8588): [VERBOSE1:btm_ble_gap.cc(1847)] btm_ble_process_adv_addr: bda=56:e4:da:79:d5:88
09-01 14:31:34.645 V/bt_stack( 8588): [VERBOSE1:btm_ble_gap.cc(2052)]  Waiting for scan response 56:e4:da:79:d5:88
09-01 14:31:34.645 V/bt_stack( 8588): [VERBOSE1:btm_ble_gap.cc(1923)] btm_ble_process_ext_adv_pkt: bda=56:e4:da:79:d5:88
09-01 14:31:34.645 V/bt_stack( 8588): [VERBOSE1:btm_ble_gap.cc(1847)] btm_ble_process_adv_addr: bda=56:e4:da:79:d5:88
09-01 14:31:34.647 D/BluetoothUtils( 8588): blockedByLocationOff callingUid=1002
09-01 14:31:34.647 I/BluetoothUtils( 8588): packagename is android.uid.bluetooth:1002 ,and its permission is false
09-01 14:31:34.648 D/BluetoothUtils( 8588): blockedByLocationOff callingUid=1002
09-01 14:31:34.648 I/BluetoothUtils( 8588): packagename is android.uid.bluetooth:1002 ,and its permission is false
09-01 14:31:34.648 D/BluetoothUtils( 8588): blockedByLocationOff callingUid=1002
09-01 14:31:34.648 I/BluetoothUtils( 8588): packagename is android.uid.bluetooth:1002 ,and its permission is false
09-01 14:31:34.651 V/bt_stack( 8588): [VERBOSE1:btm_ble_gap.cc(1923)] btm_ble_process_ext_adv_pkt: bda=2a:99:8c:12:d1:b1
09-01 14:31:34.651 V/bt_stack( 8588): [VERBOSE1:btm_ble_gap.cc(1847)] btm_ble_process_adv_addr: bda=2a:99:8c:12:d1:b1
09-01 14:31:34.652 D/BluetoothUtils( 8588): blockedByLocationOff callingUid=1002
09-01 14:31:34.653 I/BluetoothUtils( 8588): packagename is android.uid.bluetooth:1002 ,and its permission is false
09-01 14:31:34.653 D/BluetoothUtils( 8588): blockedByLocationOff callingUid=1002
09-01 14:31:34.653 I/BluetoothUtils( 8588): packagename is android.uid.bluetooth:1002 ,and its permission is false
09-01 14:31:34.653 D/BluetoothUtils( 8588): blockedByLocationOff callingUid=1002
09-01 14:31:34.653 I/BluetoothUtils( 8588): packagename is android.uid.bluetooth:1002 ,and its permission is false
09-01 14:31:34.655 I/appium  ( 8902): channel read invoked!
09-01 14:31:34.655 I/appium  ( 8902): channel read: GET /wd/hub/session/ad6d0c78-5f6e-4b34-a966-5b7ce44708b4/window/current/size
09-01 14:31:34.656 I/appium  ( 8902): Get window size of the device
09-01 14:31:34.665 I/appium  ( 8902): AppiumResponse: {"sessionId":"ad6d0c78-5f6e-4b34-a966-5b7ce44708b4","value":{"height":2210,"width":1080}}
09-01 14:31:34.676 V/bt_stack( 8588): [VERBOSE1:btm_ble_gap.cc(1923)] btm_ble_process_ext_adv_pkt: bda=53:20:ff:cd:6c:a4
09-01 14:31:34.676 V/bt_stack( 8588): [VERBOSE1:btm_ble_gap.cc(1847)] btm_ble_process_adv_addr: bda=53:20:ff:cd:6c:a4
09-01 14:31:34.676 V/bt_stack( 8588): [VERBOSE1:btm_ble_gap.cc(2052)]  Waiting for scan response 53:20:ff:cd:6c:a4
09-01 14:31:34.685 V/bt_stack( 8588): [VERBOSE1:btm_ble_gap.cc(1923)] btm_ble_process_ext_adv_pkt: bda=28:f0:76:67:1f:c7
09-01 14:31:34.685 V/bt_stack( 8588): [VERBOSE1:btm_ble_gap.cc(1847)] btm_ble_process_adv_addr: bda=28:f0:76:67:1f:c7
09-01 14:31:34.685 V/bt_stack( 8588): [VERBOSE1:btm_ble_gap.cc(2052)]  Waiting for scan response 28:f0:76:67:1f:c7
09-01 14:31:34.685 V/bt_stack( 8588): [VERBOSE1:btm_ble_gap.cc(1923)] btm_ble_process_ext_adv_pkt: bda=04:b0:56:de:30:bf
09-01 14:31:34.685 V/bt_stack( 8588): [VERBOSE1:btm_ble_gap.cc(1847)] btm_ble_process_adv_addr: bda=04:b0:56:de:30:bf
09-01 14:31:34.686 I/appium  ( 8902): channel read invoked!
09-01 14:31:34.686 I/appium  ( 8902): channel read: GET /wd/hub/session/ad6d0c78-5f6e-4b34-a966-5b7ce44708b4/window/current/size
09-01 14:31:34.687 I/appium  ( 8902): Get window size of the device
09-01 14:31:34.687 D/BluetoothUtils( 8588): blockedByLocationOff callingUid=1002
09-01 14:31:34.687 I/BluetoothUtils( 8588): packagename is android.uid.bluetooth:1002 ,and its permission is false
09-01 14:31:34.688 D/BluetoothUtils( 8588): blockedByLocationOff callingUid=1002
09-01 14:31:34.688 I/BluetoothUtils( 8588): packagename is android.uid.bluetooth:1002 ,and its permission is false
09-01 14:31:34.688 D/BluetoothUtils( 8588): blockedByLocationOff callingUid=1002
09-01 14:31:34.688 I/BluetoothUtils( 8588): packagename is android.uid.bluetooth:1002 ,and its permission is false
09-01 14:31:34.691 I/appium  ( 8902): AppiumResponse: {"sessionId":"ad6d0c78-5f6e-4b34-a966-5b7ce44708b4","value":{"height":2210,"width":1080}}
09-01 14:31:34.703 V/bt_stack( 8588): [VERBOSE1:btm_ble_gap.cc(1923)] btm_ble_process_ext_adv_pkt: bda=2e:17:70:f9:0b:48
09-01 14:31:34.703 V/bt_stack( 8588): [VERBOSE1:btm_ble_gap.cc(1847)] btm_ble_process_adv_addr: bda=2e:17:70:f9:0b:48
09-01 14:31:34.703 I/appium  ( 8902): channel read invoked!
09-01 14:31:34.704 I/appium  ( 8902): channel read: GET /wd/hub/session/ad6d0c78-5f6e-4b34-a966-5b7ce44708b4/window/current/size
09-01 14:31:34.704 I/appium  ( 8902): Get window size of the device
09-01 14:31:34.705 D/BluetoothUtils( 8588): blockedByLocationOff callingUid=1002
09-01 14:31:34.705 I/BluetoothUtils( 8588): packagename is android.uid.bluetooth:1002 ,and its permission is false
09-01 14:31:34.705 D/BluetoothUtils( 8588): blockedByLocationOff callingUid=1002
09-01 14:31:34.705 I/BluetoothUtils( 8588): packagename is android.uid.bluetooth:1002 ,and its permission is false
09-01 14:31:34.705 D/BluetoothUtils( 8588): blockedByLocationOff callingUid=1002
09-01 14:31:34.706 I/BluetoothUtils( 8588): packagename is android.uid.bluetooth:1002 ,and its permission is false
09-01 14:31:34.708 I/appium  ( 8902): AppiumResponse: {"sessionId":"ad6d0c78-5f6e-4b34-a966-5b7ce44708b4","value":{"height":2210,"width":1080}}
09-01 14:31:34.719 V/bt_stack( 8588): [VERBOSE1:btm_ble_gap.cc(1923)] btm_ble_process_ext_adv_pkt: bda=44:ca:73:cc:df:42
09-01 14:31:34.719 V/bt_stack( 8588): [VERBOSE1:btm_ble_gap.cc(1847)] btm_ble_process_adv_addr: bda=44:ca:73:cc:df:42
09-01 14:31:34.719 V/bt_stack( 8588): [VERBOSE1:btm_ble_gap.cc(2052)]  Waiting for scan response 44:ca:73:cc:df:42
09-01 14:31:34.719 V/bt_stack( 8588): [VERBOSE1:btm_ble_gap.cc(1923)] btm_ble_process_ext_adv_pkt: bda=44:ca:73:cc:df:42
09-01 14:31:34.719 V/bt_stack( 8588): [VERBOSE1:btm_ble_gap.cc(1847)] btm_ble_process_adv_addr: bda=44:ca:73:cc:df:42
09-01 14:31:34.720 V/bt_stack( 8588): [VERBOSE1:btm_ble_gap.cc(1923)] btm_ble_process_ext_adv_pkt: bda=2a:1b:52:ac:62:5d
09-01 14:31:34.720 V/bt_stack( 8588): [VERBOSE1:btm_ble_gap.cc(1847)] btm_ble_process_adv_addr: bda=2a:1b:52:ac:62:5d
09-01 14:31:34.720 D/BluetoothUtils( 8588): blockedByLocationOff callingUid=1002
09-01 14:31:34.721 I/BluetoothUtils( 8588): packagename is android.uid.bluetooth:1002 ,and its permission is false
09-01 14:31:34.721 D/BluetoothUtils( 8588): blockedByLocationOff callingUid=1002
09-01 14:31:34.721 I/BluetoothUtils( 8588): packagename is android.uid.bluetooth:1002 ,and its permission is false
09-01 14:31:34.721 D/BluetoothUtils( 8588): blockedByLocationOff callingUid=1002
09-01 14:31:34.721 I/BluetoothUtils( 8588): packagename is android.uid.bluetooth:1002 ,and its permission is false
09-01 14:31:34.722 D/BluetoothUtils( 8588): blockedByLocationOff callingUid=1002
09-01 14:31:34.722 I/BluetoothUtils( 8588): packagename is android.uid.bluetooth:1002 ,and its permission is false
09-01 14:31:34.722 D/BluetoothUtils( 8588): blockedByLocationOff callingUid=1002
09-01 14:31:34.723 I/BluetoothUtils( 8588): packagename is android.uid.bluetooth:1002 ,and its permission is false
09-01 14:31:34.723 D/BluetoothUtils( 8588): blockedByLocationOff callingUid=1002
09-01 14:31:34.723 I/BluetoothUtils( 8588): packagename is android.uid.bluetooth:1002 ,and its permission is false
09-01 14:31:34.727 V/bt_stack( 8588): [VERBOSE1:btm_ble_gap.cc(1923)] btm_ble_process_ext_adv_pkt: bda=24:65:c8:81:ba:6f
09-01 14:31:34.727 V/bt_stack( 8588): [VERBOSE1:btm_ble_gap.cc(1847)] btm_ble_process_adv_addr: bda=24:65:c8:81:ba:6f
09-01 14:31:34.729 D/BluetoothUtils( 8588): blockedByLocationOff callingUid=1002
09-01 14:31:34.729 I/BluetoothUtils( 8588): packagename is android.uid.bluetooth:1002 ,and its permission is false
09-01 14:31:34.729 D/BluetoothUtils( 8588): blockedByLocationOff callingUid=1002
09-01 14:31:34.730 I/BluetoothUtils( 8588): packagename is android.uid.bluetooth:1002 ,and its permission is false
09-01 14:31:34.730 D/BluetoothUtils( 8588): blockedByLocationOff callingUid=1002
09-01 14:31:34.730 I/BluetoothUtils( 8588): packagename is android.uid.bluetooth:1002 ,and its permission is false
09-01 14:31:34.731 V/bt_stack( 8588): [VERBOSE1:btm_ble_gap.cc(1923)] btm_ble_process_ext_adv_pkt: bda=12:f7:c7:df:cb:b1
09-01 14:31:34.731 V/bt_stack( 8588): [VERBOSE1:btm_ble_gap.cc(1847)] btm_ble_process_adv_addr: bda=12:f7:c7:df:cb:b1
09-01 14:31:34.733 D/BluetoothUtils( 8588): blockedByLocationOff callingUid=1002
09-01 14:31:34.733 I/BluetoothUtils( 8588): packagename is android.uid.bluetooth:1002 ,and its permission is false
09-01 14:31:34.733 D/BluetoothUtils( 8588): blockedByLocationOff callingUid=1002
09-01 14:31:34.734 I/BluetoothUtils( 8588): packagename is android.uid.bluetooth:1002 ,and its permission is false
09-01 14:31:34.734 D/BluetoothUtils( 8588): blockedByLocationOff callingUid=1002
09-01 14:31:34.734 I/BluetoothUtils( 8588): packagename is android.uid.bluetooth:1002 ,and its permission is false
09-01 14:31:34.737 V/bt_stack( 8588): [VERBOSE1:btm_ble_gap.cc(1923)] btm_ble_process_ext_adv_pkt: bda=64:62:50:0c:82:d1
09-01 14:31:34.737 V/bt_stack( 8588): [VERBOSE1:btm_ble_gap.cc(1847)] btm_ble_process_adv_addr: bda=64:62:50:0c:82:d1
09-01 14:31:34.737 V/bt_stack( 8588): [VERBOSE1:btm_ble_gap.cc(2052)]  Waiting for scan response 64:62:50:0c:82:d1
09-01 14:31:34.737 V/bt_stack( 8588): [VERBOSE1:btm_ble_gap.cc(1923)] btm_ble_process_ext_adv_pkt: bda=17:7e:29:ab:4e:d0
09-01 14:31:34.738 V/bt_stack( 8588): [VERBOSE1:btm_ble_gap.cc(1847)] btm_ble_process_adv_addr: bda=17:7e:29:ab:4e:d0
09-01 14:31:34.739 D/BluetoothUtils( 8588): blockedByLocationOff callingUid=1002
09-01 14:31:34.739 I/BluetoothUtils( 8588): packagename is android.uid.bluetooth:1002 ,and its permission is false
09-01 14:31:34.739 D/BluetoothUtils( 8588): blockedByLocationOff callingUid=1002
09-01 14:31:34.739 I/BluetoothUtils( 8588): packagename is android.uid.bluetooth:1002 ,and its permission is false
09-01 14:31:34.739 D/BluetoothUtils( 8588): blockedByLocationOff callingUid=1002
09-01 14:31:34.740 I/BluetoothUtils( 8588): packagename is android.uid.bluetooth:1002 ,and its permission is false
09-01 14:31:34.742 V/bt_stack( 8588): [VERBOSE1:btm_ble_gap.cc(1923)] btm_ble_process_ext_adv_pkt: bda=45:55:7e:66:6f:d0
09-01 14:31:34.742 V/bt_stack( 8588): [VERBOSE1:btm_ble_gap.cc(1847)] btm_ble_process_adv_addr: bda=45:55:7e:66:6f:d0
09-01 14:31:34.742 V/bt_stack( 8588): [VERBOSE1:btm_ble_gap.cc(2052)]  Waiting for scan response 45:55:7e:66:6f:d0
09-01 14:31:34.742 V/bt_stack( 8588): [VERBOSE1:btm_ble_gap.cc(1923)] btm_ble_process_ext_adv_pkt: bda=45:55:7e:66:6f:d0
09-01 14:31:34.742 V/bt_stack( 8588): [VERBOSE1:btm_ble_gap.cc(1847)] btm_ble_process_adv_addr: bda=45:55:7e:66:6f:d0
09-01 14:31:34.743 D/BluetoothUtils( 8588): blockedByLocationOff callingUid=1002
09-01 14:31:34.743 I/BluetoothUtils( 8588): packagename is android.uid.bluetooth:1002 ,and its permission is false
09-01 14:31:34.743 D/BluetoothUtils( 8588): blockedByLocationOff callingUid=1002
09-01 14:31:34.744 I/BluetoothUtils( 8588): packagename is android.uid.bluetooth:1002 ,and its permission is false
09-01 14:31:34.744 D/BluetoothUtils( 8588): blockedByLocationOff callingUid=1002
09-01 14:31:34.745 I/BluetoothUtils( 8588): packagename is android.uid.bluetooth:1002 ,and its permission is false
09-01 14:31:34.746 I/appium  ( 8902): channel read invoked!
09-01 14:31:34.746 I/appium  ( 8902): channel read: POST /wd/hub/session/ad6d0c78-5f6e-4b34-a966-5b7ce44708b4/touch/perform
09-01 14:31:34.747 I/appium  ( 8902): JSON Payload : {"startX":540,"startY":1989,"endX":540,"endY":221,"steps":22}
09-01 14:31:34.762 V/bt_stack( 8588): [VERBOSE1:btm_ble_gap.cc(1923)] btm_ble_process_ext_adv_pkt: bda=49:23:89:86:fb:3d
09-01 14:31:34.762 V/bt_stack( 8588): [VERBOSE1:btm_ble_gap.cc(1847)] btm_ble_process_adv_addr: bda=49:23:89:86:fb:3d
09-01 14:31:34.762 V/bt_stack( 8588): [VERBOSE1:btm_ble_gap.cc(2052)]  Waiting for scan response 49:23:89:86:fb:3d
09-01 14:31:34.765 V/bt_stack( 8588): [VERBOSE1:btm_ble_gap.cc(1923)] btm_ble_process_ext_adv_pkt: bda=2a:99:8c:12:d1:b1
09-01 14:31:34.765 V/bt_stack( 8588): [VERBOSE1:btm_ble_gap.cc(1847)] btm_ble_process_adv_addr: bda=2a:99:8c:12:d1:b1
09-01 14:31:34.767 D/BluetoothUtils( 8588): blockedByLocationOff callingUid=1002
09-01 14:31:34.767 I/BluetoothUtils( 8588): packagename is android.uid.bluetooth:1002 ,and its permission is false
09-01 14:31:34.767 D/BluetoothUtils( 8588): blockedByLocationOff callingUid=1002
09-01 14:31:34.767 I/BluetoothUtils( 8588): packagename is android.uid.bluetooth:1002 ,and its permission is false
09-01 14:31:34.767 D/BluetoothUtils( 8588): blockedByLocationOff callingUid=1002
09-01 14:31:34.768 I/BluetoothUtils( 8588): packagename is android.uid.bluetooth:1002 ,and its permission is false
09-01 14:31:34.784 V/bt_stack( 8588): [VERBOSE1:btm_ble_gap.cc(1923)] btm_ble_process_ext_adv_pkt: bda=0c:1a:06:0e:96:57
09-01 14:31:34.784 V/bt_stack( 8588): [VERBOSE1:btm_ble_gap.cc(1847)] btm_ble_process_adv_addr: bda=0c:1a:06:0e:96:57
09-01 14:31:34.785 D/BluetoothUtils( 8588): blockedByLocationOff callingUid=1002
09-01 14:31:34.785 I/BluetoothUtils( 8588): packagename is android.uid.bluetooth:1002 ,and its permission is false
09-01 14:31:34.785 D/BluetoothUtils( 8588): blockedByLocationOff callingUid=1002
09-01 14:31:34.786 I/BluetoothUtils( 8588): packagename is android.uid.bluetooth:1002 ,and its permission is false
09-01 14:31:34.786 D/BluetoothUtils( 8588): blockedByLocationOff callingUid=1002
09-01 14:31:34.786 I/BluetoothUtils( 8588): packagename is android.uid.bluetooth:1002 ,and its permission is false
09-01 14:31:34.793 V/bt_stack( 8588): [VERBOSE1:btm_ble_gap.cc(1923)] btm_ble_process_ext_adv_pkt: bda=14:c3:61:25:db:42
09-01 14:31:34.793 V/bt_stack( 8588): [VERBOSE1:btm_ble_gap.cc(1847)] btm_ble_process_adv_addr: bda=14:c3:61:25:db:42
09-01 14:31:34.794 D/BluetoothUtils( 8588): blockedByLocationOff callingUid=1002
09-01 14:31:34.795 I/BluetoothUtils( 8588): packagename is android.uid.bluetooth:1002 ,and its permission is false
09-01 14:31:34.795 D/BluetoothUtils( 8588): blockedByLocationOff callingUid=1002
09-01 14:31:34.795 I/BluetoothUtils( 8588): packagename is android.uid.bluetooth:1002 ,and its permission is false
09-01 14:31:34.795 D/BluetoothUtils( 8588): blockedByLocationOff callingUid=1002
09-01 14:31:34.796 I/BluetoothUtils( 8588): packagename is android.uid.bluetooth:1002 ,and its permission is false
09-01 14:31:34.797 V/bt_stack( 8588): [VERBOSE1:btm_ble_gap.cc(1923)] btm_ble_process_ext_adv_pkt: bda=17:be:83:99:5a:17
09-01 14:31:34.797 V/bt_stack( 8588): [VERBOSE1:btm_ble_gap.cc(1847)] btm_ble_process_adv_addr: bda=17:be:83:99:5a:17
09-01 14:31:34.798 D/BluetoothUtils( 8588): blockedByLocationOff callingUid=1002
09-01 14:31:34.798 I/BluetoothUtils( 8588): packagename is android.uid.bluetooth:1002 ,and its permission is false
09-01 14:31:34.798 D/BluetoothUtils( 8588): blockedByLocationOff callingUid=1002
09-01 14:31:34.799 I/BluetoothUtils( 8588): packagename is android.uid.bluetooth:1002 ,and its permission is false
09-01 14:31:34.799 D/BluetoothUtils( 8588): blockedByLocationOff callingUid=1002
09-01 14:31:34.799 I/BluetoothUtils( 8588): packagename is android.uid.bluetooth:1002 ,and its permission is false
09-01 14:31:34.799 V/bt_stack( 8588): [VERBOSE1:btm_ble_gap.cc(1923)] btm_ble_process_ext_adv_pkt: bda=0a:29:89:b7:c8:4a
09-01 14:31:34.799 V/bt_stack( 8588): [VERBOSE1:btm_ble_gap.cc(1847)] btm_ble_process_adv_addr: bda=0a:29:89:b7:c8:4a
09-01 14:31:34.800 D/BluetoothUtils( 8588): blockedByLocationOff callingUid=1002
09-01 14:31:34.801 I/BluetoothUtils( 8588): packagename is android.uid.bluetooth:1002 ,and its permission is false
09-01 14:31:34.801 D/BluetoothUtils( 8588): blockedByLocationOff callingUid=1002
09-01 14:31:34.801 I/BluetoothUtils( 8588): packagename is android.uid.bluetooth:1002 ,and its permission is false
09-01 14:31:34.801 D/BluetoothUtils( 8588): blockedByLocationOff callingUid=1002
09-01 14:31:34.801 I/BluetoothUtils( 8588): packagename is android.uid.bluetooth:1002 ,and its permission is false
09-01 14:31:34.805 V/bt_stack( 8588): [VERBOSE1:btm_ble_gap.cc(1923)] btm_ble_process_ext_adv_pkt: bda=2e:17:70:f9:0b:48
09-01 14:31:34.805 V/bt_stack( 8588): [VERBOSE1:btm_ble_gap.cc(1847)] btm_ble_process_adv_addr: bda=2e:17:70:f9:0b:48
09-01 14:31:34.806 D/BluetoothUtils( 8588): blockedByLocationOff callingUid=1002
09-01 14:31:34.807 I/BluetoothUtils( 8588): packagename is android.uid.bluetooth:1002 ,and its permission is false
09-01 14:31:34.807 D/BluetoothUtils( 8588): blockedByLocationOff callingUid=1002
09-01 14:31:34.807 I/BluetoothUtils( 8588): packagename is android.uid.bluetooth:1002 ,and its permission is false
09-01 14:31:34.807 D/BluetoothUtils( 8588): blockedByLocationOff callingUid=1002
09-01 14:31:34.807 I/BluetoothUtils( 8588): packagename is android.uid.bluetooth:1002 ,and its permission is false
09-01 14:31:34.808 V/bt_stack( 8588): [VERBOSE1:btm_ble_gap.cc(1923)] btm_ble_process_ext_adv_pkt: bda=6e:3b:40:73:ff:b3
09-01 14:31:34.808 V/bt_stack( 8588): [VERBOSE1:btm_ble_gap.cc(1847)] btm_ble_process_adv_addr: bda=6e:3b:40:73:ff:b3
