09-01 14:31:35.865 V/bt_stack( 8588): [VERBOSE1:btm_ble_gap.cc(1847)] btm_ble_process_adv_addr: bda=38:f9:d3:45:87:1e
09-01 14:31:35.866 D/BluetoothUtils( 8588): blockedByLocationOff callingUid=1002
09-01 14:31:35.866 I/BluetoothUtils( 8588): packagename is android.uid.bluetooth:1002 ,and its permission is false
09-01 14:31:35.866 D/BluetoothUtils( 8588): blockedByLocationOff callingUid=1002
09-01 14:31:35.867 I/BluetoothUtils( 8588): packagename is android.uid.bluetooth:1002 ,and its permission is false
09-01 14:31:35.867 D/BluetoothUtils( 8588): blockedByLocationOff callingUid=1002
09-01 14:31:35.867 V/bt_stack( 8588): [VERBOSE1:btm_ble_gap.cc(1923)] btm_ble_process_ext_adv_pkt: bda=06:fa:50:9b:39:c0
09-01 14:31:35.867 V/bt_stack( 8588): [VERBOSE1:btm_ble_gap.cc(1847)] btm_ble_process_adv_addr: bda=06:fa:50:9b:39:c0
09-01 14:31:35.868 I/BluetoothUtils( 8588): packagename is android.uid.bluetooth:1002 ,and its permission is false
09-01 14:31:35.868 D/BluetoothUtils( 8588): blockedByLocationOff callingUid=1002
09-01 14:31:35.868 I/BluetoothUtils( 8588): packagename is android.uid.bluetooth:1002 ,and its permission is false
09-01 14:31:35.869 D/BluetoothUtils( 8588): blockedByLocationOff callingUid=1002
09-01 14:31:35.869 I/BluetoothUtils( 8588): packagename is android.uid.bluetooth:1002 ,and its permission is false
09-01 14:31:35.869 D/BluetoothUtils( 8588): blockedByLocationOff callingUid=1002
09-01 14:31:35.869 I/BluetoothUtils( 8588): packagename is android.uid.bluetooth:1002 ,and its permission is false
09-01 14:31:35.870 D/BluetoothUtils( 8588): blockedByLocationOff callingUid=1002
09-01 14:31:35.870 I/BluetoothUtils( 8588): packagename is android.uid.bluetooth:1002 ,and its permission is false
09-01 14:31:35.870 D/BluetoothUtils( 8588): blockedByLocationOff callingUid=1002
09-01 14:31:35.871 I/BluetoothUtils( 8588): packagename is android.uid.bluetooth:1002 ,and its permission is false
09-01 14:31:35.871 D/BluetoothUtils( 8588): blockedByLocationOff callingUid=1002
09-01 14:31:35.871 I/BluetoothUtils( 8588): packagename is android.uid.bluetooth:1002 ,and its permission is false
09-01 14:31:35.872 V/bt_stack( 8588): [VERBOSE1:btm_ble_gap.cc(1923)] btm_ble_process_ext_adv_pkt: bda=2a:1b:52:ac:62:5d
09-01 14:31:35.873 V/bt_stack( 8588): [VERBOSE1:btm_ble_gap.cc(1847)] btm_ble_process_adv_addr: bda=2a:1b:52:ac:62:5d
09-01 14:31:35.873 D/BluetoothUtils( 8588): blockedByLocationOff callingUid=1002
09-01 14:31:35.874 V/bt_stack( 8588): [VERBOSE1:btm_ble_gap.cc(1923)] btm_ble_process_ext_adv_pkt: bda=24:65:c8:81:ba:6f
09-01 14:31:35.874 V/bt_stack( 8588): [VERBOSE1:btm_ble_gap.cc(1847)] btm_ble_process_adv_addr: bda=24:65:c8:81:ba:6f
09-01 14:31:35.874 I/BluetoothUtils( 8588): packagename is android.uid.bluetooth:1002 ,and its permission is false
09-01 14:31:35.875 D/BluetoothUtils( 8588): blockedByLocationOff callingUid=1002
09-01 14:31:35.875 I/BluetoothUtils( 8588): packagename is android.uid.bluetooth:1002 ,and its permission is false
09-01 14:31:35.875 D/BluetoothUtils( 8588): blockedByLocationOff callingUid=1002
09-01 14:31:35.875 I/BluetoothUtils( 8588): packagename is android.uid.bluetooth:1002 ,and its permission is false
09-01 14:31:35.876 D/BluetoothUtils( 8588): blockedByLocationOff callingUid=1002
09-01 14:31:35.876 I/BluetoothUtils( 8588): packagename is android.uid.bluetooth:1002 ,and its permission is false
09-01 14:31:35.876 D/BluetoothUtils( 8588): blockedByLocationOff callingUid=1002
09-01 14:31:35.876 I/appium  ( 8902): AppiumResponse: {"sessionId":"ad6d0c78-5f6e-4b34-a966-5b7ce44708b4","value":null}
09-01 14:31:35.876 I/BluetoothUtils( 8588): packagename is android.uid.bluetooth:1002 ,and its permission is false
09-01 14:31:35.877 D/BluetoothUtils( 8588): blockedByLocationOff callingUid=1002
09-01 14:31:35.877 I/BluetoothUtils( 8588): packagename is android.uid.bluetooth:1002 ,and its permission is false
09-01 14:31:35.883 V/bt_stack( 8588): [VERBOSE1:btm_ble_gap.cc(1923)] btm_ble_process_ext_adv_pkt: bda=07:e4:7f:b4:5f:d9
09-01 14:31:35.883 V/bt_stack( 8588): [VERBOSE1:btm_ble_gap.cc(1847)] btm_ble_process_adv_addr: bda=07:e4:7f:b4:5f:d9
09-01 14:31:35.884 D/BluetoothUtils( 8588): blockedByLocationOff callingUid=1002
09-01 14:31:35.884 I/BluetoothUtils( 8588): packagename is android.uid.bluetooth:1002 ,and its permission is false
09-01 14:31:35.884 D/BluetoothUtils( 8588): blockedByLocationOff callingUid=1002
09-01 14:31:35.885 I/BluetoothUtils( 8588): packagename is android.uid.bluetooth:1002 ,and its permission is false
09-01 14:31:35.885 D/BluetoothUtils( 8588): blockedByLocationOff callingUid=1002
09-01 14:31:35.885 I/BluetoothUtils( 8588): packagename is android.uid.bluetooth:1002 ,and its permission is false
09-01 14:31:35.890 V/bt_stack( 8588): [VERBOSE1:btm_ble_gap.cc(1923)] btm_ble_process_ext_adv_pkt: bda=ac:29:3a:9a:aa:42
09-01 14:31:35.890 V/bt_stack( 8588): [VERBOSE1:btm_ble_gap.cc(1847)] btm_ble_process_adv_addr: bda=ac:29:3a:9a:aa:42
09-01 14:31:35.890 V/bt_stack( 8588): [VERBOSE1:btm_ble_gap.cc(2052)]  Waiting for scan response ac:29:3a:9a:aa:42
09-01 14:31:35.901 I/appium  ( 8902): channel read invoked!
09-01 14:31:35.901 I/appium  ( 8902): channel read: POST /wd/hub/session/ad6d0c78-5f6e-4b34-a966-5b7ce44708b4/element
09-01 14:31:35.901 I/appium  ( 8902): Find element command using 'id' with selector 'item_lab'.
09-01 14:31:35.902 I/appium  ( 8902): Waiting up to 10000ms for device to be idle
09-01 14:31:35.912 V/bt_stack( 8588): [VERBOSE1:btm_ble_gap.cc(1923)] btm_ble_process_ext_adv_pkt: bda=67:b4:51:17:77:d2
09-01 14:31:35.912 V/bt_stack( 8588): [VERBOSE1:btm_ble_gap.cc(1847)] btm_ble_process_adv_addr: bda=67:b4:51:17:77:d2
09-01 14:31:35.912 V/bt_stack( 8588): [VERBOSE1:btm_ble_gap.cc(2052)]  Waiting for scan response 67:b4:51:17:77:d2
09-01 14:31:35.912 V/bt_stack( 8588): [VERBOSE1:btm_ble_gap.cc(1923)] btm_ble_process_ext_adv_pkt: bda=36:c9:49:a0:b6:9d
09-01 14:31:35.912 V/bt_stack( 8588): [VERBOSE1:btm_ble_gap.cc(1847)] btm_ble_process_adv_addr: bda=36:c9:49:a0:b6:9d
09-01 14:31:35.913 D/BluetoothUtils( 8588): blockedByLocationOff callingUid=1002
09-01 14:31:35.914 I/BluetoothUtils( 8588): packagename is android.uid.bluetooth:1002 ,and its permission is false
09-01 14:31:35.914 D/BluetoothUtils( 8588): blockedByLocationOff callingUid=1002
09-01 14:31:35.914 I/BluetoothUtils( 8588): packagename is android.uid.bluetooth:1002 ,and its permission is false
09-01 14:31:35.914 D/BluetoothUtils( 8588): blockedByLocationOff callingUid=1002
09-01 14:31:35.915 I/BluetoothUtils( 8588): packagename is android.uid.bluetooth:1002 ,and its permission is false
09-01 14:31:35.936 V/bt_stack( 8588): [VERBOSE1:btm_ble_gap.cc(1923)] btm_ble_process_ext_adv_pkt: bda=48:14:81:f8:b8:84
09-01 14:31:35.936 V/bt_stack( 8588): [VERBOSE1:btm_ble_gap.cc(1847)] btm_ble_process_adv_addr: bda=48:14:81:f8:b8:84
09-01 14:31:35.936 V/bt_stack( 8588): [VERBOSE1:btm_ble_gap.cc(2052)]  Waiting for scan response 48:14:81:f8:b8:84
09-01 14:31:35.936 V/bt_stack( 8588): [VERBOSE1:btm_ble_gap.cc(1923)] btm_ble_process_ext_adv_pkt: bda=0c:1a:06:0e:96:57
09-01 14:31:35.936 V/bt_stack( 8588): [VERBOSE1:btm_ble_gap.cc(1847)] btm_ble_process_adv_addr: bda=0c:1a:06:0e:96:57
09-01 14:31:35.938 D/BluetoothUtils( 8588): blockedByLocationOff callingUid=1002
09-01 14:31:35.939 I/BluetoothUtils( 8588): packagename is android.uid.bluetooth:1002 ,and its permission is false
09-01 14:31:35.939 D/BluetoothUtils( 8588): blockedByLocationOff callingUid=1002
09-01 14:31:35.940 I/BluetoothUtils( 8588): packagename is android.uid.bluetooth:1002 ,and its permission is false
09-01 14:31:35.940 D/BluetoothUtils( 8588): blockedByLocationOff callingUid=1002
09-01 14:31:35.940 I/BluetoothUtils( 8588): packagename is android.uid.bluetooth:1002 ,and its permission is false
09-01 14:31:35.941 V/bt_stack( 8588): [VERBOSE1:btm_ble_gap.cc(1923)] btm_ble_process_ext_adv_pkt: bda=2c:e0:b3:78:83:e3
09-01 14:31:35.941 V/bt_stack( 8588): [VERBOSE1:btm_ble_gap.cc(1847)] btm_ble_process_adv_addr: bda=2c:e0:b3:78:83:e3
09-01 14:31:35.943 D/BluetoothUtils( 8588): blockedByLocationOff callingUid=1002
09-01 14:31:35.943 I/BluetoothUtils( 8588): packagename is android.uid.bluetooth:1002 ,and its permission is false
09-01 14:31:35.943 D/BluetoothUtils( 8588): blockedByLocationOff callingUid=1002
09-01 14:31:35.944 I/BluetoothUtils( 8588): packagename is android.uid.bluetooth:1002 ,and its permission is false
09-01 14:31:35.944 D/BluetoothUtils( 8588): blockedByLocationOff callingUid=1002
09-01 14:31:35.944 I/BluetoothUtils( 8588): packagename is android.uid.bluetooth:1002 ,and its permission is false
09-01 14:31:35.950 I/appium  ( 8902): AppiumResponse: {"sessionId":"ad6d0c78-5f6e-4b34-a966-5b7ce44708b4","value":{"ELEMENT":"5c28f767-f56b-4036-bcc2-ef2ff5b66ecd","element-6066-11e4-a52e-4f735466cecf":"5c28f767-f56b-4036-bcc2-ef2ff5b66ecd"}}
09-01 14:31:35.954 V/bt_stack( 8588): [VERBOSE1:btm_ble_gap.cc(1923)] btm_ble_process_ext_adv_pkt: bda=56:23:e7:94:9e:a9
09-01 14:31:35.954 V/bt_stack( 8588): [VERBOSE1:btm_ble_gap.cc(1847)] btm_ble_process_adv_addr: bda=56:23:e7:94:9e:a9
09-01 14:31:35.954 V/bt_stack( 8588): [VERBOSE1:btm_ble_gap.cc(2052)]  Waiting for scan response 56:23:e7:94:9e:a9
09-01 14:31:35.956 V/bt_stack( 8588): [VERBOSE1:btm_ble_gap.cc(1923)] btm_ble_process_ext_adv_pkt: bda=56:23:e7:94:9e:a9
09-01 14:31:35.956 V/bt_stack( 8588): [VERBOSE1:btm_ble_gap.cc(1847)] btm_ble_process_adv_addr: bda=56:23:e7:94:9e:a9
09-01 14:31:35.957 V/bt_stack( 8588): [VERBOSE1:btm_ble_gap.cc(1923)] btm_ble_process_ext_adv_pkt: bda=12:f7:c7:df:cb:b1
09-01 14:31:35.957 V/bt_stack( 8588): [VERBOSE1:btm_ble_gap.cc(1847)] btm_ble_process_adv_addr: bda=12:f7:c7:df:cb:b1
09-01 14:31:35.957 D/BluetoothUtils( 8588): blockedByLocationOff callingUid=1002
09-01 14:31:35.957 I/BluetoothUtils( 8588): packagename is android.uid.bluetooth:1002 ,and its permission is false
09-01 14:31:35.957 D/BluetoothUtils( 8588): blockedByLocationOff callingUid=1002
09-01 14:31:35.957 I/BluetoothUtils( 8588): packagename is android.uid.bluetooth:1002 ,and its permission is false
09-01 14:31:35.957 D/BluetoothUtils( 8588): blockedByLocationOff callingUid=1002
09-01 14:31:35.958 I/BluetoothUtils( 8588): packagename is android.uid.bluetooth:1002 ,and its permission is false
09-01 14:31:35.958 D/BluetoothUtils( 8588): blockedByLocationOff callingUid=1002
09-01 14:31:35.959 I/BluetoothUtils( 8588): packagename is android.uid.bluetooth:1002 ,and its permission is false
09-01 14:31:35.959 D/BluetoothUtils( 8588): blockedByLocationOff callingUid=1002
09-01 14:31:35.959 I/BluetoothUtils( 8588): packagename is android.uid.bluetooth:1002 ,and its permission is false
09-01 14:31:35.959 D/BluetoothUtils( 8588): blockedByLocationOff callingUid=1002
09-01 14:31:35.959 I/BluetoothUtils( 8588): packagename is android.uid.bluetooth:1002 ,and its permission is false
09-01 14:31:35.963 V/bt_stack( 8588): [VERBOSE1:btm_ble_gap.cc(1923)] btm_ble_process_ext_adv_pkt: bda=fd:32:0c:ad:56:d5
09-01 14:31:35.963 V/bt_stack( 8588): [VERBOSE1:btm_ble_gap.cc(1847)] btm_ble_process_adv_addr: bda=fd:32:0c:ad:56:d5
09-01 14:31:35.963 V/bt_stack( 8588): [VERBOSE1:btm_ble_gap.cc(2052)]  Waiting for scan response fd:32:0c:ad:56:d5
09-01 14:31:35.963 V/bt_stack( 8588): [VERBOSE1:btm_ble_gap.cc(1923)] btm_ble_process_ext_adv_pkt: bda=fd:32:0c:ad:56:d5
09-01 14:31:35.963 V/bt_stack( 8588): [VERBOSE1:btm_ble_gap.cc(1847)] btm_ble_process_adv_addr: bda=fd:32:0c:ad:56:d5
09-01 14:31:35.964 V/bt_stack( 8588): [VERBOSE1:btm_ble_gap.cc(1923)] btm_ble_process_ext_adv_pkt: bda=3b:30:35:17:9e:fe
09-01 14:31:35.964 V/bt_stack( 8588): [VERBOSE1:btm_ble_gap.cc(1847)] btm_ble_process_adv_addr: bda=3b:30:35:17:9e:fe
09-01 14:31:35.965 D/BluetoothUtils( 8588): blockedByLocationOff callingUid=1002
09-01 14:31:35.966 I/BluetoothUtils( 8588): packagename is android.uid.bluetooth:1002 ,and its permission is false
09-01 14:31:35.966 D/BluetoothUtils( 8588): blockedByLocationOff callingUid=1002
09-01 14:31:35.966 I/BluetoothUtils( 8588): packagename is android.uid.bluetooth:1002 ,and its permission is false
09-01 14:31:35.966 D/BluetoothUtils( 8588): blockedByLocationOff callingUid=1002
09-01 14:31:35.967 I/BluetoothUtils( 8588): packagename is android.uid.bluetooth:1002 ,and its permission is false
09-01 14:31:35.967 D/BluetoothUtils( 8588): blockedByLocationOff callingUid=1002
09-01 14:31:35.968 V/bt_stack( 8588): [VERBOSE1:btm_ble_gap.cc(1923)] btm_ble_process_ext_adv_pkt: bda=6a:1a:31:28:a4:f8
09-01 14:31:35.968 V/bt_stack( 8588): [VERBOSE1:btm_ble_gap.cc(1847)] btm_ble_process_adv_addr: bda=6a:1a:31:28:a4:f8
09-01 14:31:35.968 I/BluetoothUtils( 8588): packagename is android.uid.bluetooth:1002 ,and its permission is false
09-01 14:31:35.968 D/BluetoothUtils( 8588): blockedByLocationOff callingUid=1002
09-01 14:31:35.968 I/BluetoothUtils( 8588): packagename is android.uid.bluetooth:1002 ,and its permission is false
09-01 14:31:35.968 D/BluetoothUtils( 8588): blockedByLocationOff callingUid=1002
09-01 14:31:35.968 I/BluetoothUtils( 8588): packagename is android.uid.bluetooth:1002 ,and its permission is false
09-01 14:31:35.969 D/BluetoothUtils( 8588): blockedByLocationOff callingUid=1002
09-01 14:31:35.969 I/BluetoothUtils( 8588): packagename is android.uid.bluetooth:1002 ,and its permission is false
09-01 14:31:35.969 D/BluetoothUtils( 8588): blockedByLocationOff callingUid=1002
09-01 14:31:35.970 I/BluetoothUtils( 8588): packagename is android.uid.bluetooth:1002 ,and its permission is false
09-01 14:31:35.970 D/BluetoothUtils( 8588): blockedByLocationOff callingUid=1002
09-01 14:31:35.970 I/BluetoothUtils( 8588): packagename is android.uid.bluetooth:1002 ,and its permission is false
09-01 14:31:35.971 V/bt_stack( 8588): [VERBOSE1:btm_ble_gap.cc(1923)] btm_ble_process_ext_adv_pkt: bda=2a:1b:52:ac:62:5d
09-01 14:31:35.971 V/bt_stack( 8588): [VERBOSE1:btm_ble_gap.cc(1847)] btm_ble_process_adv_addr: bda=2a:1b:52:ac:62:5d
09-01 14:31:35.973 D/BluetoothUtils( 8588): blockedByLocationOff callingUid=1002
09-01 14:31:35.973 I/BluetoothUtils( 8588): packagename is android.uid.bluetooth:1002 ,and its permission is false
09-01 14:31:35.974 D/BluetoothUtils( 8588): blockedByLocationOff callingUid=1002
09-01 14:31:35.974 I/BluetoothUtils( 8588): packagename is android.uid.bluetooth:1002 ,and its permission is false
09-01 14:31:35.974 D/BluetoothUtils( 8588): blockedByLocationOff callingUid=1002
09-01 14:31:35.974 I/BluetoothUtils( 8588): packagename is android.uid.bluetooth:1002 ,and its permission is false
09-01 14:31:35.985 I/appium  ( 8902): channel read invoked!
09-01 14:31:35.985 I/appium  ( 8902): channel read: POST /wd/hub/session/ad6d0c78-5f6e-4b34-a966-5b7ce44708b4/element/5c28f767-f56b-4036-bcc2-ef2ff5b66ecd/click
09-01 14:31:35.986 V/bt_stack( 8588): [VERBOSE1:btm_ble_gap.cc(1923)] btm_ble_process_ext_adv_pkt: bda=64:62:50:0c:82:d1
09-01 14:31:35.986 V/bt_stack( 8588): [VERBOSE1:btm_ble_gap.cc(1847)] btm_ble_process_adv_addr: bda=64:62:50:0c:82:d1
09-01 14:31:35.987 V/bt_stack( 8588): [VERBOSE1:btm_ble_gap.cc(2052)]  Waiting for scan response 64:62:50:0c:82:d1
09-01 14:31:35.987 V/bt_stack( 8588): [VERBOSE1:btm_ble_gap.cc(1923)] btm_ble_process_ext_adv_pkt: bda=17:7e:29:ab:4e:d0
09-01 14:31:35.987 V/bt_stack( 8588): [VERBOSE1:btm_ble_gap.cc(1847)] btm_ble_process_adv_addr: bda=17:7e:29:ab:4e:d0
09-01 14:31:35.987 I/appium  ( 8902): Click element command
09-01 14:31:35.988 D/BluetoothUtils( 8588): blockedByLocationOff callingUid=1002
09-01 14:31:35.988 I/BluetoothUtils( 8588): packagename is android.uid.bluetooth:1002 ,and its permission is false
09-01 14:31:35.988 D/BluetoothUtils( 8588): blockedByLocationOff callingUid=1002
09-01 14:31:35.989 I/BluetoothUtils( 8588): packagename is android.uid.bluetooth:1002 ,and its permission is false
09-01 14:31:35.989 D/BluetoothUtils( 8588): blockedByLocationOff callingUid=1002
09-01 14:31:35.989 I/BluetoothUtils( 8588): packagename is android.uid.bluetooth:1002 ,and its permission is false
09-01 14:31:35.992 V/bt_stack( 8588): [VERBOSE1:btm_ble_gap.cc(1923)] btm_ble_process_ext_adv_pkt: bda=18:81:0e:e0:a8:6d
09-01 14:31:35.992 V/bt_stack( 8588): [VERBOSE1:btm_ble_gap.cc(1847)] btm_ble_process_adv_addr: bda=18:81:0e:e0:a8:6d
09-01 14:31:35.992 V/bt_stack( 8588): [VERBOSE1:btm_ble_gap.cc(2052)]  Waiting for scan response 18:81:0e:e0:a8:6d
09-01 14:31:35.992 V/bt_stack( 8588): [VERBOSE1:btm_ble_gap.cc(1923)] btm_ble_process_ext_adv_pkt: bda=07:e4:7f:b4:5f:d9
09-01 14:31:35.992 V/bt_stack( 8588): [VERBOSE1:btm_ble_gap.cc(1847)] btm_ble_process_adv_addr: bda=07:e4:7f:b4:5f:d9
09-01 14:31:35.994 D/BluetoothUtils( 8588): blockedByLocationOff callingUid=1002
09-01 14:31:35.994 I/BluetoothUtils( 8588): packagename is android.uid.bluetooth:1002 ,and its permission is false
09-01 14:31:35.994 D/BluetoothUtils( 8588): blockedByLocationOff callingUid=1002
09-01 14:31:35.995 I/BluetoothUtils( 8588): packagename is android.uid.bluetooth:1002 ,and its permission is false
09-01 14:31:35.995 D/BluetoothUtils( 8588): blockedByLocationOff callingUid=1002
09-01 14:31:35.996 I/BluetoothUtils( 8588): packagename is android.uid.bluetooth:1002 ,and its permission is false
09-01 14:31:36.018 V/bt_stack( 8588): [VERBOSE1:btm_ble_gap.cc(1923)] btm_ble_process_ext_adv_pkt: bda=64:62:50:0c:82:d1
09-01 14:31:36.018 V/bt_stack( 8588): [VERBOSE1:btm_ble_gap.cc(1847)] btm_ble_process_adv_addr: bda=64:62:50:0c:82:d1
09-01 14:31:36.018 V/bt_stack( 8588): [VERBOSE1:btm_ble_gap.cc(2052)]  Waiting for scan response 64:62:50:0c:82:d1
09-01 14:31:36.018 V/bt_stack( 8588): [VERBOSE1:btm_ble_gap.cc(1923)] btm_ble_process_ext_adv_pkt: bda=36:c9:49:a0:b6:9d
09-01 14:31:36.018 V/bt_stack( 8588): [VERBOSE1:btm_ble_gap.cc(1847)] btm_ble_process_adv_addr: bda=36:c9:49:a0:b6:9d
09-01 14:31:36.020 D/BluetoothUtils( 8588): blockedByLocationOff callingUid=1002
09-01 14:31:36.021 I/BluetoothUtils( 8588): packagename is android.uid.bluetooth:1002 ,and its permission is false
09-01 14:31:36.021 D/BluetoothUtils( 8588): blockedByLocationOff callingUid=1002
09-01 14:31:36.021 I/BluetoothUtils( 8588): packagename is android.uid.bluetooth:1002 ,and its permission is false
09-01 14:31:36.021 D/BluetoothUtils( 8588): blockedByLocationOff callingUid=1002
09-01 14:31:36.022 I/BluetoothUtils( 8588): packagename is android.uid.bluetooth:1002 ,and its permission is false
09-01 14:31:36.041 V/bt_stack( 8588): [VERBOSE1:btm_ble_gap.cc(1923)] btm_ble_process_ext_adv_pkt: bda=2c:e0:b3:78:83:e3
09-01 14:31:36.041 V/bt_stack( 8588): [VERBOSE1:btm_ble_gap.cc(1847)] btm_ble_process_adv_addr: bda=2c:e0:b3:78:83:e3
09-01 14:31:36.042 D/BluetoothUtils( 8588): blockedByLocationOff callingUid=1002
09-01 14:31:36.042 I/BluetoothUtils( 8588): packagename is android.uid.bluetooth:1002 ,and its permission is false
09-01 14:31:36.042 D/BluetoothUtils( 8588): blockedByLocationOff callingUid=1002
09-01 14:31:36.043 I/BluetoothUtils( 8588): packagename is android.uid.bluetooth:1002 ,and its permission is false
09-01 14:31:36.043 D/BluetoothUtils( 8588): blockedByLocationOff callingUid=1002
09-01 14:31:36.043 I/BluetoothUtils( 8588): packagename is android.uid.bluetooth:1002 ,and its permission is false
09-01 14:31:36.045 V/bt_stack( 8588): [VERBOSE1:btm_ble_gap.cc(1923)] btm_ble_process_ext_adv_pkt: bda=56:e4:da:79:d5:88
09-01 14:31:36.045 V/bt_stack( 8588): [VERBOSE1:btm_ble_gap.cc(1847)] btm_ble_process_adv_addr: bda=56:e4:da:79:d5:88
09-01 14:31:36.045 V/bt_stack( 8588): [VERBOSE1:btm_ble_gap.cc(2052)]  Waiting for scan response 56:e4:da:79:d5:88
09-01 14:31:36.045 V/bt_stack( 8588): [VERBOSE1:btm_ble_gap.cc(1923)] btm_ble_process_ext_adv_pkt: bda=56:e4:da:79:d5:88
09-01 14:31:36.045 V/bt_stack( 8588): [VERBOSE1:btm_ble_gap.cc(1847)] btm_ble_process_adv_addr: bda=56:e4:da:79:d5:88
09-01 14:31:36.047 D/BluetoothUtils( 8588): blockedByLocationOff callingUid=1002
09-01 14:31:36.047 I/BluetoothUtils( 8588): packagename is android.uid.bluetooth:1002 ,and its permission is false
09-01 14:31:36.047 D/BluetoothUtils( 8588): blockedByLocationOff callingUid=1002
09-01 14:31:36.048 I/BluetoothUtils( 8588): packagename is android.uid.bluetooth:1002 ,and its permission is false
09-01 14:31:36.048 D/BluetoothUtils( 8588): blockedByLocationOff callingUid=1002
09-01 14:31:36.048 I/BluetoothUtils( 8588): packagename is android.uid.bluetooth:1002 ,and its permission is false
09-01 14:31:36.054 I/appium  ( 8902): Waiting up to 10000ms for device to be idle
09-01 14:31:36.054 I/appium  ( 8902): AppiumResponse: {"sessionId":"ad6d0c78-5f6e-4b34-a966-5b7ce44708b4","value":null}
--------- beginning of system
09-01 14:31:36.055 I/Timeline( 8957): Timeline: Activity_launch_request time:211462072
09-01 14:31:36.055 I/SplashScreenServiceDelegate( 1639): None for com.xiaomi.hm.health
09-01 14:31:36.055 I/ActivityTaskManager( 1639): START u0 {cmp=com.xiaomi.hm.health/.lab.activity.BehaviorsActivity} from uid 10241
09-01 14:31:36.057 V/bt_stack( 8588): [VERBOSE1:btm_ble_gap.cc(1923)] btm_ble_process_ext_adv_pkt: bda=38:f9:d3:45:87:1e
09-01 14:31:36.057 V/bt_stack( 8588): [VERBOSE1:btm_ble_gap.cc(1847)] btm_ble_process_adv_addr: bda=38:f9:d3:45:87:1e
09-01 14:31:36.057 V/bt_stack( 8588): [VERBOSE1:btm_ble_gap.cc(2052)]  Waiting for scan response 38:f9:d3:45:87:1e
09-01 14:31:36.059 V/bt_stack( 8588): [VERBOSE1:btm_ble_gap.cc(1923)] btm_ble_process_ext_adv_pkt: bda=38:f9:d3:45:87:1e
09-01 14:31:36.059 V/bt_stack( 8588): [VERBOSE1:btm_ble_gap.cc(1847)] btm_ble_process_adv_addr: bda=38:f9:d3:45:87:1e
09-01 14:31:36.059 V/bt_stack( 8588): [VERBOSE1:btm_ble_gap.cc(1923)] btm_ble_process_ext_adv_pkt: bda=0a:29:89:b7:c8:4a
09-01 14:31:36.059 V/bt_stack( 8588): [VERBOSE1:btm_ble_gap.cc(1847)] btm_ble_process_adv_addr: bda=0a:29:89:b7:c8:4a
09-01 14:31:36.059 D/CompatibilityInfo( 1639): mCompatibilityFlags - 0
09-01 14:31:36.059 D/CompatibilityInfo( 1639): applicationDensity - 440
09-01 14:31:36.059 D/CompatibilityInfo( 1639): applicationScale - 1.0
09-01 14:31:36.059 D/BluetoothUtils( 8588): blockedByLocationOff callingUid=1002
09-01 14:31:36.060 I/BluetoothUtils( 8588): packagename is android.uid.bluetooth:1002 ,and its permission is false
09-01 14:31:36.060 D/ActivityTrigger( 1639): ActivityTrigger activityPauseTrigger 
09-01 14:31:36.060 D/BluetoothUtils( 8588): blockedByLocationOff callingUid=1002
09-01 14:31:36.060 I/BluetoothUtils( 8588): packagename is android.uid.bluetooth:1002 ,and its permission is false
09-01 14:31:36.060 D/BluetoothUtils( 8588): blockedByLocationOff callingUid=1002
09-01 14:31:36.061 I/BluetoothUtils( 8588): packagename is android.uid.bluetooth:1002 ,and its permission is false
09-01 14:31:36.061 D/BluetoothUtils( 8588): blockedByLocationOff callingUid=1002
09-01 14:31:36.061 I/BluetoothUtils( 8588): packagename is android.uid.bluetooth:1002 ,and its permission is false
09-01 14:31:36.062 D/BluetoothUtils( 8588): blockedByLocationOff callingUid=1002
09-01 14:31:36.062 I/BluetoothUtils( 8588): packagename is android.uid.bluetooth:1002 ,and its permission is false
09-01 14:31:36.062 D/BluetoothUtils( 8588): blockedByLocationOff callingUid=1002
09-01 14:31:36.062 I/BluetoothUtils( 8588): packagename is android.uid.bluetooth:1002 ,and its permission is false
09-01 14:31:36.067 I/ActivityTaskManager( 1639): The Process com.xiaomi.hm.health Already Exists in BG. So sending its PID: 8957
09-01 14:31:36.067 V/bt_stack( 8588): [VERBOSE1:btm_ble_gap.cc(1923)] btm_ble_process_ext_adv_pkt: bda=7c:7c:58:d5:aa:e1
09-01 14:31:36.067 V/bt_stack( 8588): [VERBOSE1:btm_ble_gap.cc(1847)] btm_ble_process_adv_addr: bda=7c:7c:58:d5:aa:e1
09-01 14:31:36.067 V/bt_stack( 8588): [VERBOSE1:btm_ble_gap.cc(2052)]  Waiting for scan response 7c:7c:58:d5:aa:e1
09-01 14:31:36.068 D/CompatibilityInfo( 1639): mCompatibilityFlags - 0
09-01 14:31:36.068 D/CompatibilityInfo( 1639): applicationDensity - 440
09-01 14:31:36.068 D/CompatibilityInfo( 1639): applicationScale - 1.0
09-01 14:31:36.068 V/bt_stack( 8588): [VERBOSE1:btm_ble_gap.cc(1923)] btm_ble_process_ext_adv_pkt: bda=ac:29:3a:9a:aa:42
09-01 14:31:36.068 V/bt_stack( 8588): [VERBOSE1:btm_ble_gap.cc(1847)] btm_ble_process_adv_addr: bda=ac:29:3a:9a:aa:42
09-01 14:31:36.068 V/bt_stack( 8588): [VERBOSE1:btm_ble_gap.cc(2052)]  Waiting for scan response ac:29:3a:9a:aa:42
09-01 14:31:36.068 V/bt_stack( 8588): [VERBOSE1:btm_ble_gap.cc(1923)] btm_ble_process_ext_adv_pkt: bda=ac:29:3a:9a:aa:42
09-01 14:31:36.068 V/bt_stack( 8588): [VERBOSE1:btm_ble_gap.cc(1847)] btm_ble_process_adv_addr: bda=ac:29:3a:9a:aa:42
09-01 14:31:36.069 D/WindowManager( 1639): Input focus has changed to null
09-01 14:31:36.069 D/BluetoothUtils( 8588): blockedByLocationOff callingUid=1002
09-01 14:31:36.069 I/BluetoothUtils( 8588): packagename is android.uid.bluetooth:1002 ,and its permission is false
09-01 14:31:36.069 D/BluetoothUtils( 8588): blockedByLocationOff callingUid=1002
09-01 14:31:36.070 I/BluetoothUtils( 8588): packagename is android.uid.bluetooth:1002 ,and its permission is false
09-01 14:31:36.070 D/BluetoothUtils( 8588): blockedByLocationOff callingUid=1002
09-01 14:31:36.070 I/BluetoothUtils( 8588): packagename is android.uid.bluetooth:1002 ,and its permission is false
09-01 14:31:36.070 I/Timeline( 1639): Timeline: App_transition_ready time:211462087
09-01 14:31:36.070 W/ActivityThread( 8957): handleWindowVisibility: no activity for token android.os.BinderProxy@b1d72d0
09-01 14:31:36.073 V/bt_stack( 8588): [VERBOSE1:btm_ble_gap.cc(1923)] btm_ble_process_ext_adv_pkt: bda=3b:30:35:17:9e:fe
09-01 14:31:36.073 V/bt_stack( 8588): [VERBOSE1:btm_ble_gap.cc(1847)] btm_ble_process_adv_addr: bda=3b:30:35:17:9e:fe
09-01 14:31:36.076 D/BluetoothUtils( 8588): blockedByLocationOff callingUid=1002
09-01 14:31:36.076 I/BluetoothUtils( 8588): packagename is android.uid.bluetooth:1002 ,and its permission is false
09-01 14:31:36.076 D/BluetoothUtils( 8588): blockedByLocationOff callingUid=1002
09-01 14:31:36.076 I/BluetoothUtils( 8588): packagename is android.uid.bluetooth:1002 ,and its permission is false
09-01 14:31:36.076 D/BluetoothUtils( 8588): blockedByLocationOff callingUid=1002
09-01 14:31:36.077 I/BluetoothUtils( 8588): packagename is android.uid.bluetooth:1002 ,and its permission is false
09-01 14:31:36.079 D/ViewContentFactory( 8957): initViewContentFetcherClass
09-01 14:31:36.079 I/ContentCatcher( 8957): ViewContentFetcher : ViewContentFetcher
09-01 14:31:36.079 D/ViewContentFactory( 8957): createInterceptor took 0ms
09-01 14:31:36.083 V/bt_stack( 8588): [VERBOSE1:btm_ble_gap.cc(1923)] btm_ble_process_ext_adv_pkt: bda=06:fa:50:9b:39:c0
09-01 14:31:36.083 V/bt_stack( 8588): [VERBOSE1:btm_ble_gap.cc(1847)] btm_ble_process_adv_addr: bda=06:fa:50:9b:39:c0
09-01 14:31:36.084 D/BluetoothUtils( 8588): blockedByLocationOff callingUid=1002
09-01 14:31:36.084 I/BluetoothUtils( 8588): packagename is android.uid.bluetooth:1002 ,and its permission is false
09-01 14:31:36.084 I/appium  ( 8902): channel read invoked!
09-01 14:31:36.084 D/BluetoothUtils( 8588): blockedByLocationOff callingUid=1002
09-01 14:31:36.084 I/appium  ( 8902): channel read: POST /wd/hub/session/ad6d0c78-5f6e-4b34-a966-5b7ce44708b4/element
09-01 14:31:36.085 I/BluetoothUtils( 8588): packagename is android.uid.bluetooth:1002 ,and its permission is false
09-01 14:31:36.085 D/BluetoothUtils( 8588): blockedByLocationOff callingUid=1002
09-01 14:31:36.085 I/BluetoothUtils( 8588): packagename is android.uid.bluetooth:1002 ,and its permission is false
09-01 14:31:36.085 I/appium  ( 8902): Find element command using 'id' with selector 'common_title_center_top_text'.
09-01 14:31:36.085 I/appium  ( 8902): Waiting up to 10000ms for device to be idle
09-01 14:31:36.089 V/bt_stack( 8588): [VERBOSE1:btm_ble_gap.cc(1923)] btm_ble_process_ext_adv_pkt: bda=5a:fd:6c:e2:fe:ca
09-01 14:31:36.089 V/bt_stack( 8588): [VERBOSE1:btm_ble_gap.cc(1847)] btm_ble_process_adv_addr: bda=5a:fd:6c:e2:fe:ca
09-01 14:31:36.089 V/bt_stack( 8588): [VERBOSE1:btm_ble_gap.cc(2052)]  Waiting for scan response 5a:fd:6c:e2:fe:ca
09-01 14:31:36.089 V/bt_stack( 8588): [VERBOSE1:btm_ble_gap.cc(1923)] btm_ble_process_ext_adv_pkt: bda=17:7e:29:ab:4e:d0
09-01 14:31:36.089 V/bt_stack( 8588): [VERBOSE1:btm_ble_gap.cc(1847)] btm_ble_process_adv_addr: bda=17:7e:29:ab:4e:d0
09-01 14:31:36.090 D/BluetoothUtils( 8588): blockedByLocationOff callingUid=1002
09-01 14:31:36.091 I/BluetoothUtils( 8588): packagename is android.uid.bluetooth:1002 ,and its permission is false
09-01 14:31:36.091 D/BluetoothUtils( 8588): blockedByLocationOff callingUid=1002
09-01 14:31:36.091 I/BluetoothUtils( 8588): packagename is android.uid.bluetooth:1002 ,and its permission is false
09-01 14:31:36.091 D/BluetoothUtils( 8588): blockedByLocationOff callingUid=1002
09-01 14:31:36.091 I/BluetoothUtils( 8588): packagename is android.uid.bluetooth:1002 ,and its permission is false
09-01 14:31:36.095 D/BaseTitleActivity( 8957): setStyle BACK_AND_TITLE_COMMIT title  darkMode true color -1118224
09-01 14:31:36.098 V/bt_stack( 8588): [VERBOSE1:btm_ble_gap.cc(1923)] btm_ble_process_ext_adv_pkt: bda=07:e4:7f:b4:5f:d9
09-01 14:31:36.098 V/bt_stack( 8588): [VERBOSE1:btm_ble_gap.cc(1847)] btm_ble_process_adv_addr: bda=07:e4:7f:b4:5f:d9
09-01 14:31:36.099 D/BluetoothUtils( 8588): blockedByLocationOff callingUid=1002
09-01 14:31:36.099 I/BluetoothUtils( 8588): packagename is android.uid.bluetooth:1002 ,and its permission is false
09-01 14:31:36.100 D/BluetoothUtils( 8588): blockedByLocationOff callingUid=1002
09-01 14:31:36.100 I/BluetoothUtils( 8588): packagename is android.uid.bluetooth:1002 ,and its permission is false
09-01 14:31:36.100 D/BluetoothUtils( 8588): blockedByLocationOff callingUid=1002
09-01 14:31:36.100 I/BluetoothUtils( 8588): packagename is android.uid.bluetooth:1002 ,and its permission is false
09-01 14:31:36.102 V/bt_stack( 8588): [VERBOSE1:btm_ble_gap.cc(1923)] btm_ble_process_ext_adv_pkt: bda=45:55:7e:66:6f:d0
09-01 14:31:36.103 V/bt_stack( 8588): [VERBOSE1:btm_ble_gap.cc(1847)] btm_ble_process_adv_addr: bda=45:55:7e:66:6f:d0
09-01 14:31:36.103 V/bt_stack( 8588): [VERBOSE1:btm_ble_gap.cc(2052)]  Waiting for scan response 45:55:7e:66:6f:d0
09-01 14:31:36.103 V/bt_stack( 8588): [VERBOSE1:btm_ble_gap.cc(1923)] btm_ble_process_ext_adv_pkt: bda=45:55:7e:66:6f:d0
09-01 14:31:36.103 V/bt_stack( 8588): [VERBOSE1:btm_ble_gap.cc(1847)] btm_ble_process_adv_addr: bda=45:55:7e:66:6f:d0
09-01 14:31:36.104 D/BluetoothUtils( 8588): blockedByLocationOff callingUid=1002
09-01 14:31:36.104 I/BluetoothUtils( 8588): packagename is android.uid.bluetooth:1002 ,and its permission is false
09-01 14:31:36.104 D/BluetoothUtils( 8588): blockedByLocationOff callingUid=1002
09-01 14:31:36.104 I/BluetoothUtils( 8588): packagename is android.uid.bluetooth:1002 ,and its permission is false
09-01 14:31:36.105 D/BluetoothUtils( 8588): blockedByLocationOff callingUid=1002
09-01 14:31:36.105 I/BluetoothUtils( 8588): packagename is android.uid.bluetooth:1002 ,and its permission is false
09-01 14:31:36.110 W/AsyncHttpResponse( 8957): Current thread has not called Looper.prepare().Forcing synchronous mode
09-01 14:31:36.116 D/RecentsImpl( 7676): mActivityStateObserver com.xiaomi.hm.health.lab.activity.BehaviorsActivity
09-01 14:31:36.121 V/bt_stack( 8588): [VERBOSE1:btm_ble_gap.cc(1923)] btm_ble_process_ext_adv_pkt: bda=63:e7:6b:57:ac:90
09-01 14:31:36.121 V/bt_stack( 8588): [VERBOSE1:btm_ble_gap.cc(1847)] btm_ble_process_adv_addr: bda=63:e7:6b:57:ac:90
09-01 14:31:36.121 V/bt_stack( 8588): [VERBOSE1:btm_ble_gap.cc(2052)]  Waiting for scan response 63:e7:6b:57:ac:90
09-01 14:31:36.121 V/bt_stack( 8588): [VERBOSE1:btm_ble_gap.cc(1923)] btm_ble_process_ext_adv_pkt: bda=63:e7:6b:57:ac:90
09-01 14:31:36.121 V/bt_stack( 8588): [VERBOSE1:btm_ble_gap.cc(1847)] btm_ble_process_adv_addr: bda=63:e7:6b:57:ac:90
09-01 14:31:36.121 V/bt_stack( 8588): [VERBOSE1:btm_ble_gap.cc(1923)] btm_ble_process_ext_adv_pkt: bda=36:c9:49:a0:b6:9d
09-01 14:31:36.121 V/bt_stack( 8588): [VERBOSE1:btm_ble_gap.cc(1847)] btm_ble_process_adv_addr: bda=36:c9:49:a0:b6:9d
09-01 14:31:36.121 D/BluetoothUtils( 8588): blockedByLocationOff callingUid=1002
09-01 14:31:36.122 I/BluetoothUtils( 8588): packagename is android.uid.bluetooth:1002 ,and its permission is false
09-01 14:31:36.122 D/BluetoothUtils( 8588): blockedByLocationOff callingUid=1002
09-01 14:31:36.122 I/BluetoothUtils( 8588): packagename is android.uid.bluetooth:1002 ,and its permission is false
09-01 14:31:36.122 D/BluetoothUtils( 8588): blockedByLocationOff callingUid=1002
09-01 14:31:36.123 I/BluetoothUtils( 8588): packagename is android.uid.bluetooth:1002 ,and its permission is false
09-01 14:31:36.123 D/BluetoothUtils( 8588): blockedByLocationOff callingUid=1002
09-01 14:31:36.123 I/Timeline( 1639): Timeline: App_transition_ready time:211462140
09-01 14:31:36.124 I/BluetoothUtils( 8588): packagename is android.uid.bluetooth:1002 ,and its permission is false
09-01 14:31:36.124 D/BluetoothUtils( 8588): blockedByLocationOff callingUid=1002
09-01 14:31:36.124 I/BluetoothUtils( 8588): packagename is android.uid.bluetooth:1002 ,and its permission is false
09-01 14:31:36.124 D/BluetoothUtils( 8588): blockedByLocationOff callingUid=1002
09-01 14:31:36.124 I/BluetoothUtils( 8588): packagename is android.uid.bluetooth:1002 ,and its permission is false
09-01 14:31:36.124 I/Timeline( 1639): Timeline: App_transition_ready time:211462141
09-01 14:31:36.125 D/WindowManager( 1639): Input focus has changed to Window{34f187a u0 com.xiaomi.hm.health/com.xiaomi.hm.health.lab.activity.BehaviorsActivity}
09-01 14:31:36.126 E/RecyclerView( 8957): No adapter attached; skipping layout
09-01 14:31:36.157 I/Timeline( 1639): Timeline: App_transition_ready time:211462174
09-01 14:31:36.160 I/vendor.qti.bluetooth@1.0-ibs_handler(19843): ProcessIbsCmd: Received IBS_SLEEP_IND: 0xFE
09-01 14:31:36.160 D/vendor.qti.bluetooth@1.0-ibs_handler(19843): SerialClockVote: vote for UART CLK OFF
09-01 14:31:36.161 W/ByMatcher( 8902): Node returned null child: android.view.accessibility.AccessibilityNodeInfo@3cdd2; boundsInParent: Rect(0, 0 - 1080, 2060); boundsInScreen: Rect(0, 0 - 1080, 2060); packageName: com.xiaomi.hm.health; className: android.view.ViewGroup; text: null; error: null; maxTextLength: -1; contentDescription: null; tooltipText: null; viewIdResName: null; checkable: false; checked: false; focusable: false; focused: false; selected: false; clickable: false; longClickable: false; contextClickable: false; enabled: true; password: false; scrollable: false; importantForAccessibility: false; visible: true; actions: [AccessibilityAction: ACTION_SELECT - null, AccessibilityAction: ACTION_CLEAR_SELECTION - null, AccessibilityAction: ACTION_ACCESSIBILITY_FOCUS - null, AccessibilityAction: ACTION_SHOW_ON_SCREEN - null]
09-01 14:31:36.161 W/ByMatcher( 8902): Skipping null child (0 of 4)
09-01 14:31:36.162 W/ByMatcher( 8902): Skipping null child (1 of 4)
09-01 14:31:36.163 V/AsyncHttpResponse( 8957): Progress 2 from 2 (100%)
09-01 14:31:36.163 W/ByMatcher( 8902): Skipping null child (2 of 4)
09-01 14:31:36.165 W/ByMatcher( 8902): Skipping null child (3 of 4)
09-01 14:31:36.167 W/ByMatcher( 8902): Node returned null child: android.view.accessibility.AccessibilityNodeInfo@1265d; boundsInParent: Rect(0, 0 - 1080, 150); boundsInScreen: Rect(0, 2060 - 1080, 2210); packageName: com.xiaomi.hm.health; className: android.widget.LinearLayout; text: null; error: null; maxTextLength: -1; contentDescription: null; tooltipText: null; viewIdResName: com.xiaomi.hm.health:id/indicator; checkable: false; checked: false; focusable: false; focused: false; selected: false; clickable: false; longClickable: false; contextClickable: false; enabled: true; password: false; scrollable: false; importantForAccessibility: false; visible: true; actions: [AccessibilityAction: ACTION_SELECT - null, AccessibilityAction: ACTION_CLEAR_SELECTION - null, AccessibilityAction: ACTION_ACCESSIBILITY_FOCUS - null, AccessibilityAction: ACTION_SHOW_ON_SCREEN - null]
09-01 14:31:36.167 W/ByMatcher( 8902): Skipping null child (0 of 1)
09-01 14:31:36.167 I/ActivityTaskManager( 1639): Displayed com.xiaomi.hm.health/.lab.activity.BehaviorsActivity: +101ms
09-01 14:31:36.170 W/ByMatcher( 8902): Node returned null child: android.view.accessibility.AccessibilityNodeInfo@3cdd2; boundsInParent: Rect(0, 0 - 1080, 2060); boundsInScreen: Rect(0, 0 - 1080, 2060); packageName: com.xiaomi.hm.health; className: android.view.ViewGroup; text: null; error: null; maxTextLength: -1; contentDescription: null; tooltipText: null; viewIdResName: null; checkable: false; checked: false; focusable: false; focused: false; selected: false; clickable: false; longClickable: false; contextClickable: false; enabled: true; password: false; scrollable: false; importantForAccessibility: false; visible: true; actions: [AccessibilityAction: ACTION_SELECT - null, AccessibilityAction: ACTION_CLEAR_SELECTION - null, AccessibilityAction: ACTION_ACCESSIBILITY_FOCUS - null, AccessibilityAction: ACTION_SHOW_ON_SCREEN - null]
09-01 14:31:36.170 W/ByMatcher( 8902): Skipping null child (0 of 4)
09-01 14:31:36.171 W/ByMatcher( 8902): Skipping null child (1 of 4)
09-01 14:31:36.171 W/ByMatcher( 8902): Skipping null child (2 of 4)
09-01 14:31:36.172 W/ByMatcher( 8902): Skipping null child (3 of 4)
09-01 14:31:36.172 W/ByMatcher( 8902): Node returned null child: android.view.accessibility.AccessibilityNodeInfo@1265d; boundsInParent: Rect(0, 0 - 1080, 150); boundsInScreen: Rect(0, 2060 - 1080, 2210); packageName: com.xiaomi.hm.health; className: android.widget.LinearLayout; text: null; error: null; maxTextLength: -1; contentDescription: null; tooltipText: null; viewIdResName: com.xiaomi.hm.health:id/indicator; checkable: false; checked: false; focusable: false; focused: false; selected: false; clickable: false; longClickable: false; contextClickable: false; enabled: true; password: false; scrollable: false; importantForAccessibility: false; visible: true; actions: [AccessibilityAction: ACTION_SELECT - null, AccessibilityAction: ACTION_CLEAR_SELECTION - null, AccessibilityAction: ACTION_ACCESSIBILITY_FOCUS - null, AccessibilityAction: ACTION_SHOW_ON_SCREEN - null]
09-01 14:31:36.172 W/ByMatcher( 8902): Skipping null child (0 of 1)
09-01 14:31:36.173 I/appium  ( 8902): AppiumResponse: {"sessionId":"ad6d0c78-5f6e-4b34-a966-5b7ce44708b4","value":{"error":"no such element","message":"An element could not be located on the page using the given search parameters","stacktrace":"io.appium.uiautomator2.common.exceptions.ElementNotFoundException: An element could not be located on the ...
09-01 14:31:36.175 W/RecentsModel( 7676): onTaskStackChangedBackground: start loading
09-01 14:31:36.175 W/RecentsModel( 7676): getTaskInfoIgnoreHomeAndSplit   taskInfo=ComponentInfo{com.xiaomi.hm.health/com.xiaomi.hm.health.activity.MainTabActivity}
09-01 14:31:36.176 W/RecentsModel( 7676): getTaskInfoIgnoreHomeAndFreeform   taskInfo=ComponentInfo{com.xiaomi.hm.health/com.xiaomi.hm.health.activity.MainTabActivity}
09-01 14:31:36.176 W/RecentsModel( 7676): getTaskInfoIgnoreFreeform   taskInfo=ComponentInfo{com.xiaomi.hm.health/com.xiaomi.hm.health.activity.MainTabActivity}
09-01 14:31:36.176 W/RecentsModel( 7676): onTaskStackChangedBackground: finishLoading loading
09-01 14:31:36.190 I/vendor.qti.bluetooth@1.0-ibs_handler(19843): ProcessIbsCmd: Received IBS_WAKE_IND: 0xFD
09-01 14:31:36.190 D/vendor.qti.bluetooth@1.0-ibs_handler(19843): SerialClockVote: vote for UART CLK ON
09-01 14:31:36.190 I/vendor.qti.bluetooth@1.0-ibs_handler(19843): ProcessIbsCmd: Writing IBS_WAKE_ACK
09-01 14:31:36.191 V/bt_stack( 8588): [VERBOSE1:btm_ble_gap.cc(1923)] btm_ble_process_ext_adv_pkt: bda=48:14:81:f8:b8:84
09-01 14:31:36.191 V/bt_stack( 8588): [VERBOSE1:btm_ble_gap.cc(1847)] btm_ble_process_adv_addr: bda=48:14:81:f8:b8:84
09-01 14:31:36.191 V/bt_stack( 8588): [VERBOSE1:btm_ble_gap.cc(2052)]  Waiting for scan response 48:14:81:f8:b8:84
09-01 14:31:36.191 V/bt_stack( 8588): [VERBOSE1:btm_ble_gap.cc(1923)] btm_ble_process_ext_adv_pkt: bda=48:14:81:f8:b8:84
09-01 14:31:36.191 V/bt_stack( 8588): [VERBOSE1:btm_ble_gap.cc(1847)] btm_ble_process_adv_addr: bda=48:14:81:f8:b8:84
09-01 14:31:36.192 D/BluetoothUtils( 8588): blockedByLocationOff callingUid=1002
09-01 14:31:36.192 I/BluetoothUtils( 8588): packagename is android.uid.bluetooth:1002 ,and its permission is false
09-01 14:31:36.192 D/BluetoothUtils( 8588): blockedByLocationOff callingUid=1002
09-01 14:31:36.192 I/BluetoothUtils( 8588): packagename is android.uid.bluetooth:1002 ,and its permission is false
09-01 14:31:36.193 D/BluetoothUtils( 8588): blockedByLocationOff callingUid=1002
09-01 14:31:36.193 I/BluetoothUtils( 8588): packagename is android.uid.bluetooth:1002 ,and its permission is false
09-01 14:31:36.222 V/bt_stack( 8588): [VERBOSE1:btm_ble_gap.cc(1923)] btm_ble_process_ext_adv_pkt: bda=55:a7:aa:ab:14:9f
09-01 14:31:36.222 V/bt_stack( 8588): [VERBOSE1:btm_ble_gap.cc(1847)] btm_ble_process_adv_addr: bda=55:a7:aa:ab:14:9f
09-01 14:31:36.222 V/bt_stack( 8588): [VERBOSE1:btm_ble_gap.cc(2052)]  Waiting for scan response 55:a7:aa:ab:14:9f
09-01 14:31:36.225 V/bt_stack( 8588): [VERBOSE1:btm_ble_gap.cc(1923)] btm_ble_process_ext_adv_pkt: bda=5d:4a:e1:72:21:47
09-01 14:31:36.225 V/bt_stack( 8588): [VERBOSE1:btm_ble_gap.cc(1847)] btm_ble_process_adv_addr: bda=5d:4a:e1:72:21:47
09-01 14:31:36.225 V/bt_stack( 8588): [VERBOSE1:btm_ble_gap.cc(2052)]  Waiting for scan response 5d:4a:e1:72:21:47
09-01 14:31:36.225 V/bt_stack( 8588): [VERBOSE1:btm_ble_gap.cc(1923)] btm_ble_process_ext_adv_pkt: bda=53:f2:a2:69:23:e6
09-01 14:31:36.225 V/bt_stack( 8588): [VERBOSE1:btm_ble_gap.cc(1847)] btm_ble_process_adv_addr: bda=53:f2:a2:69:23:e6
09-01 14:31:36.226 D/BluetoothUtils( 8588): blockedByLocationOff callingUid=1002
09-01 14:31:36.226 I/BluetoothUtils( 8588): packagename is android.uid.bluetooth:1002 ,and its permission is false
09-01 14:31:36.226 D/BluetoothUtils( 8588): blockedByLocationOff callingUid=1002
09-01 14:31:36.227 I/BluetoothUtils( 8588): packagename is android.uid.bluetooth:1002 ,and its permission is false
09-01 14:31:36.227 D/BluetoothUtils( 8588): blockedByLocationOff callingUid=1002
09-01 14:31:36.228 I/SplashScreenServiceDelegate( 1639): None for com.xiaomi.hm.health
09-01 14:31:36.228 I/BluetoothUtils( 8588): packagename is android.uid.bluetooth:1002 ,and its permission is false
09-01 14:31:36.234 V/bt_stack( 8588): [VERBOSE1:btm_ble_gap.cc(1923)] btm_ble_process_ext_adv_pkt: bda=56:e4:da:79:d5:88
09-01 14:31:36.234 V/bt_stack( 8588): [VERBOSE1:btm_ble_gap.cc(1847)] btm_ble_process_adv_addr: bda=56:e4:da:79:d5:88
09-01 14:31:36.234 V/bt_stack( 8588): [VERBOSE1:btm_ble_gap.cc(2052)]  Waiting for scan response 56:e4:da:79:d5:88
09-01 14:31:36.234 V/bt_stack( 8588): [VERBOSE1:btm_ble_gap.cc(1923)] btm_ble_process_ext_adv_pkt: bda=56:e4:da:79:d5:88
09-01 14:31:36.234 V/bt_stack( 8588): [VERBOSE1:btm_ble_gap.cc(1847)] btm_ble_process_adv_addr: bda=56:e4:da:79:d5:88
09-01 14:31:36.234 D/BluetoothUtils( 8588): blockedByLocationOff callingUid=1002
09-01 14:31:36.235 I/BluetoothUtils( 8588): packagename is android.uid.bluetooth:1002 ,and its permission is false
09-01 14:31:36.235 D/BluetoothUtils( 8588): blockedByLocationOff callingUid=1002
09-01 14:31:36.235 I/BluetoothUtils( 8588): packagename is android.uid.bluetooth:1002 ,and its permission is false
09-01 14:31:36.235 D/BluetoothUtils( 8588): blockedByLocationOff callingUid=1002
09-01 14:31:36.235 I/BluetoothUtils( 8588): packagename is android.uid.bluetooth:1002 ,and its permission is false
09-01 14:31:36.240 V/bt_stack( 8588): [VERBOSE1:btm_ble_gap.cc(1923)] btm_ble_process_ext_adv_pkt: bda=38:f9:d3:45:87:1e
09-01 14:31:36.240 V/bt_stack( 8588): [VERBOSE1:btm_ble_gap.cc(1847)] btm_ble_process_adv_addr: bda=38:f9:d3:45:87:1e
09-01 14:31:36.240 V/bt_stack( 8588): [VERBOSE1:btm_ble_gap.cc(2052)]  Waiting for scan response 38:f9:d3:45:87:1e
09-01 14:31:36.240 V/bt_stack( 8588): [VERBOSE1:btm_ble_gap.cc(1923)] btm_ble_process_ext_adv_pkt: bda=38:f9:d3:45:87:1e
09-01 14:31:36.240 V/bt_stack( 8588): [VERBOSE1:btm_ble_gap.cc(1847)] btm_ble_process_adv_addr: bda=38:f9:d3:45:87:1e
09-01 14:31:36.240 D/BluetoothUtils( 8588): blockedByLocationOff callingUid=1002
09-01 14:31:36.241 I/BluetoothUtils( 8588): packagename is android.uid.bluetooth:1002 ,and its permission is false
09-01 14:31:36.241 D/BluetoothUtils( 8588): blockedByLocationOff callingUid=1002
09-01 14:31:36.241 I/BluetoothUtils( 8588): packagename is android.uid.bluetooth:1002 ,and its permission is false
09-01 14:31:36.241 D/BluetoothUtils( 8588): blockedByLocationOff callingUid=1002
09-01 14:31:36.241 I/BluetoothUtils( 8588): packagename is android.uid.bluetooth:1002 ,and its permission is false
09-01 14:31:36.247 V/bt_stack( 8588): [VERBOSE1:btm_ble_gap.cc(1923)] btm_ble_process_ext_adv_pkt: bda=0b:95:8c:38:8d:43
09-01 14:31:36.247 V/bt_stack( 8588): [VERBOSE1:btm_ble_gap.cc(1847)] btm_ble_process_adv_addr: bda=0b:95:8c:38:8d:43
09-01 14:31:36.247 D/BluetoothUtils( 8588): blockedByLocationOff callingUid=1002
09-01 14:31:36.248 I/BluetoothUtils( 8588): packagename is android.uid.bluetooth:1002 ,and its permission is false
09-01 14:31:36.248 D/BluetoothUtils( 8588): blockedByLocationOff callingUid=1002
09-01 14:31:36.248 I/BluetoothUtils( 8588): packagename is android.uid.bluetooth:1002 ,and its permission is false
09-01 14:31:36.248 D/BluetoothUtils( 8588): blockedByLocationOff callingUid=1002
09-01 14:31:36.248 I/BluetoothUtils( 8588): packagename is android.uid.bluetooth:1002 ,and its permission is false
09-01 14:31:36.249 V/bt_stack( 8588): [VERBOSE1:btm_ble_gap.cc(1923)] btm_ble_process_ext_adv_pkt: bda=ac:29:3a:9a:aa:42
09-01 14:31:36.249 V/bt_stack( 8588): [VERBOSE1:btm_ble_gap.cc(1847)] btm_ble_process_adv_addr: bda=ac:29:3a:9a:aa:42
09-01 14:31:36.249 V/bt_stack( 8588): [VERBOSE1:btm_ble_gap.cc(2052)]  Waiting for scan response ac:29:3a:9a:aa:42
09-01 14:31:36.249 V/bt_stack( 8588): [VERBOSE1:btm_ble_gap.cc(1923)] btm_ble_process_ext_adv_pkt: bda=ac:29:3a:9a:aa:42
09-01 14:31:36.249 V/bt_stack( 8588): [VERBOSE1:btm_ble_gap.cc(1847)] btm_ble_process_adv_addr: bda=ac:29:3a:9a:aa:42
09-01 14:31:36.250 D/BluetoothUtils( 8588): blockedByLocationOff callingUid=1002
09-01 14:31:36.250 I/BluetoothUtils( 8588): packagename is android.uid.bluetooth:1002 ,and its permission is false
09-01 14:31:36.250 D/BluetoothUtils( 8588): blockedByLocationOff callingUid=1002
09-01 14:31:36.250 I/BluetoothUtils( 8588): packagename is android.uid.bluetooth:1002 ,and its permission is false
09-01 14:31:36.250 D/BluetoothUtils( 8588): blockedByLocationOff callingUid=1002
09-01 14:31:36.251 I/BluetoothUtils( 8588): packagename is android.uid.bluetooth:1002 ,and its permission is false
09-01 14:31:36.267 V/bt_stack( 8588): [VERBOSE1:btm_ble_gap.cc(1923)] btm_ble_process_ext_adv_pkt: bda=17:be:83:99:5a:17
09-01 14:31:36.267 V/bt_stack( 8588): [VERBOSE1:btm_ble_gap.cc(1847)] btm_ble_process_adv_addr: bda=17:be:83:99:5a:17
09-01 14:31:36.267 D/BluetoothUtils( 8588): blockedByLocationOff callingUid=1002
09-01 14:31:36.268 I/BluetoothUtils( 8588): packagename is android.uid.bluetooth:1002 ,and its permission is false
09-01 14:31:36.268 D/BluetoothUtils( 8588): blockedByLocationOff callingUid=1002
09-01 14:31:36.268 I/BluetoothUtils( 8588): packagename is android.uid.bluetooth:1002 ,and its permission is false
09-01 14:31:36.268 D/BluetoothUtils( 8588): blockedByLocationOff callingUid=1002
09-01 14:31:36.268 I/BluetoothUtils( 8588): packagename is android.uid.bluetooth:1002 ,and its permission is false
09-01 14:31:36.272 V/bt_stack( 8588): [VERBOSE1:btm_ble_gap.cc(1923)] btm_ble_process_ext_adv_pkt: bda=12:f7:c7:df:cb:b1
09-01 14:31:36.272 V/bt_stack( 8588): [VERBOSE1:btm_ble_gap.cc(1847)] btm_ble_process_adv_addr: bda=12:f7:c7:df:cb:b1
09-01 14:31:36.273 D/BluetoothUtils( 8588): blockedByLocationOff callingUid=1002
09-01 14:31:36.274 I/BluetoothUtils( 8588): packagename is android.uid.bluetooth:1002 ,and its permission is false
09-01 14:31:36.274 D/BluetoothUtils( 8588): blockedByLocationOff callingUid=1002
09-01 14:31:36.274 I/BluetoothUtils( 8588): packagename is android.uid.bluetooth:1002 ,and its permission is false
09-01 14:31:36.274 D/BluetoothUtils( 8588): blockedByLocationOff callingUid=1002
09-01 14:31:36.274 I/BluetoothUtils( 8588): packagename is android.uid.bluetooth:1002 ,and its permission is false
09-01 14:31:36.276 V/bt_stack( 8588): [VERBOSE1:btm_ble_gap.cc(1923)] btm_ble_process_ext_adv_pkt: bda=6a:1a:31:28:a4:f8
09-01 14:31:36.276 V/bt_stack( 8588): [VERBOSE1:btm_ble_gap.cc(1847)] btm_ble_process_adv_addr: bda=6a:1a:31:28:a4:f8
09-01 14:31:36.277 D/BluetoothUtils( 8588): blockedByLocationOff callingUid=1002
09-01 14:31:36.277 I/BluetoothUtils( 8588): packagename is android.uid.bluetooth:1002 ,and its permission is false
09-01 14:31:36.277 D/BluetoothUtils( 8588): blockedByLocationOff callingUid=1002
09-01 14:31:36.278 I/BluetoothUtils( 8588): packagename is android.uid.bluetooth:1002 ,and its permission is false
09-01 14:31:36.278 D/BluetoothUtils( 8588): blockedByLocationOff callingUid=1002
09-01 14:31:36.278 I/BluetoothUtils( 8588): packagename is android.uid.bluetooth:1002 ,and its permission is false
09-01 14:31:36.281 V/bt_stack( 8588): [VERBOSE1:btm_ble_gap.cc(1923)] btm_ble_process_ext_adv_pkt: bda=2a:1b:52:ac:62:5d
09-01 14:31:36.281 V/bt_stack( 8588): [VERBOSE1:btm_ble_gap.cc(1847)] btm_ble_process_adv_addr: bda=2a:1b:52:ac:62:5d
09-01 14:31:36.282 D/BluetoothUtils( 8588): blockedByLocationOff callingUid=1002
09-01 14:31:36.282 I/BluetoothUtils( 8588): packagename is android.uid.bluetooth:1002 ,and its permission is false
09-01 14:31:36.282 D/BluetoothUtils( 8588): blockedByLocationOff callingUid=1002
09-01 14:31:36.283 I/BluetoothUtils( 8588): packagename is android.uid.bluetooth:1002 ,and its permission is false
09-01 14:31:36.283 D/BluetoothUtils( 8588): blockedByLocationOff callingUid=1002
