09-01 14:30:24.713 D/BluetoothUtils( 8588): blockedByLocationOff callingUid=1002
09-01 14:30:24.714 I/BluetoothUtils( 8588): packagename is android.uid.bluetooth:1002 ,and its permission is false
09-01 14:30:24.714 D/BluetoothUtils( 8588): blockedByLocationOff callingUid=1002
09-01 14:30:24.714 I/BluetoothUtils( 8588): packagename is android.uid.bluetooth:1002 ,and its permission is false
09-01 14:30:24.728 V/bt_stack( 8588): [VERBOSE1:btm_ble_gap.cc(1923)] btm_ble_process_ext_adv_pkt: bda=7c:7c:58:d5:aa:e1
09-01 14:30:24.728 V/bt_stack( 8588): [VERBOSE1:btm_ble_gap.cc(1847)] btm_ble_process_adv_addr: bda=7c:7c:58:d5:aa:e1
09-01 14:30:24.728 V/bt_stack( 8588): [VERBOSE1:btm_ble_gap.cc(2052)]  Waiting for scan response 7c:7c:58:d5:aa:e1
09-01 14:30:24.728 V/bt_stack( 8588): [VERBOSE1:btm_ble_gap.cc(1923)] btm_ble_process_ext_adv_pkt: bda=7c:7c:58:d5:aa:e1
09-01 14:30:24.728 V/bt_stack( 8588): [VERBOSE1:btm_ble_gap.cc(1847)] btm_ble_process_adv_addr: bda=7c:7c:58:d5:aa:e1
09-01 14:30:24.728 V/bt_stack( 8588): [VERBOSE1:btm_ble_gap.cc(1923)] btm_ble_process_ext_adv_pkt: bda=0c:1a:06:0e:96:57
09-01 14:30:24.728 V/bt_stack( 8588): [VERBOSE1:btm_ble_gap.cc(1847)] btm_ble_process_adv_addr: bda=0c:1a:06:0e:96:57
09-01 14:30:24.729 V/bt_stack( 8588): [VERBOSE1:btm_ble_gap.cc(1923)] btm_ble_process_ext_adv_pkt: bda=3a:23:cb:4a:85:2d
09-01 14:30:24.729 V/bt_stack( 8588): [VERBOSE1:btm_ble_gap.cc(1847)] btm_ble_process_adv_addr: bda=3a:23:cb:4a:85:2d
09-01 14:30:24.730 D/BluetoothUtils( 8588): blockedByLocationOff callingUid=1002
09-01 14:30:24.730 I/BluetoothUtils( 8588): packagename is android.uid.bluetooth:1002 ,and its permission is false
09-01 14:30:24.730 D/BluetoothUtils( 8588): blockedByLocationOff callingUid=1002
09-01 14:30:24.731 I/BluetoothUtils( 8588): packagename is android.uid.bluetooth:1002 ,and its permission is false
09-01 14:30:24.731 D/BluetoothUtils( 8588): blockedByLocationOff callingUid=1002
09-01 14:30:24.731 I/BluetoothUtils( 8588): packagename is android.uid.bluetooth:1002 ,and its permission is false
09-01 14:30:24.732 D/BluetoothUtils( 8588): blockedByLocationOff callingUid=1002
09-01 14:30:24.732 I/BluetoothUtils( 8588): packagename is android.uid.bluetooth:1002 ,and its permission is false
09-01 14:30:24.732 D/BluetoothUtils( 8588): blockedByLocationOff callingUid=1002
09-01 14:30:24.733 I/BluetoothUtils( 8588): packagename is android.uid.bluetooth:1002 ,and its permission is false
09-01 14:30:24.733 D/BluetoothUtils( 8588): blockedByLocationOff callingUid=1002
09-01 14:30:24.733 I/BluetoothUtils( 8588): packagename is android.uid.bluetooth:1002 ,and its permission is false
09-01 14:30:24.734 D/BluetoothUtils( 8588): blockedByLocationOff callingUid=1002
09-01 14:30:24.735 I/BluetoothUtils( 8588): packagename is android.uid.bluetooth:1002 ,and its permission is false
09-01 14:30:24.735 D/BluetoothUtils( 8588): blockedByLocationOff callingUid=1002
09-01 14:30:24.735 I/BluetoothUtils( 8588): packagename is android.uid.bluetooth:1002 ,and its permission is false
09-01 14:30:24.735 D/BluetoothUtils( 8588): blockedByLocationOff callingUid=1002
09-01 14:30:24.736 I/BluetoothUtils( 8588): packagename is android.uid.bluetooth:1002 ,and its permission is false
09-01 14:30:24.749 V/bt_stack( 8588): [VERBOSE1:btm_ble_gap.cc(1923)] btm_ble_process_ext_adv_pkt: bda=56:23:e7:94:9e:a9
09-01 14:30:24.749 V/bt_stack( 8588): [VERBOSE1:btm_ble_gap.cc(1847)] btm_ble_process_adv_addr: bda=56:23:e7:94:9e:a9
09-01 14:30:24.749 V/bt_stack( 8588): [VERBOSE1:btm_ble_gap.cc(2052)]  Waiting for scan response 56:23:e7:94:9e:a9
09-01 14:30:24.749 V/bt_stack( 8588): [VERBOSE1:btm_ble_gap.cc(1923)] btm_ble_process_ext_adv_pkt: bda=07:e4:7f:b4:5f:d9
09-01 14:30:24.750 V/bt_stack( 8588): [VERBOSE1:btm_ble_gap.cc(1847)] btm_ble_process_adv_addr: bda=07:e4:7f:b4:5f:d9
09-01 14:30:24.751 D/BluetoothUtils( 8588): blockedByLocationOff callingUid=1002
09-01 14:30:24.752 I/BluetoothUtils( 8588): packagename is android.uid.bluetooth:1002 ,and its permission is false
09-01 14:30:24.752 D/BluetoothUtils( 8588): blockedByLocationOff callingUid=1002
09-01 14:30:24.753 I/BluetoothUtils( 8588): packagename is android.uid.bluetooth:1002 ,and its permission is false
09-01 14:30:24.753 V/bt_stack( 8588): [VERBOSE1:btm_ble_gap.cc(1923)] btm_ble_process_ext_adv_pkt: bda=7c:7c:58:d5:aa:e1
09-01 14:30:24.753 V/bt_stack( 8588): [VERBOSE1:btm_ble_gap.cc(1847)] btm_ble_process_adv_addr: bda=7c:7c:58:d5:aa:e1
09-01 14:30:24.753 V/bt_stack( 8588): [VERBOSE1:btm_ble_gap.cc(2052)]  Waiting for scan response 7c:7c:58:d5:aa:e1
09-01 14:30:24.753 D/BluetoothUtils( 8588): blockedByLocationOff callingUid=1002
09-01 14:30:24.753 V/bt_stack( 8588): [VERBOSE1:btm_ble_gap.cc(1923)] btm_ble_process_ext_adv_pkt: bda=7c:7c:58:d5:aa:e1
09-01 14:30:24.753 V/bt_stack( 8588): [VERBOSE1:btm_ble_gap.cc(1847)] btm_ble_process_adv_addr: bda=7c:7c:58:d5:aa:e1
09-01 14:30:24.753 I/BluetoothUtils( 8588): packagename is android.uid.bluetooth:1002 ,and its permission is false
09-01 14:30:24.754 I/appium  ( 8119): AppiumResponse: {"sessionId":"6bc493e8-63d1-4d52-9347-11257968596d","value":{"ELEMENT":"4ff568c3-d419-404d-8794-7d59131fcdbe","element-6066-11e4-a52e-4f735466cecf":"4ff568c3-d419-404d-8794-7d59131fcdbe"}}
09-01 14:30:24.754 D/BluetoothUtils( 8588): blockedByLocationOff callingUid=1002
09-01 14:30:24.754 I/BluetoothUtils( 8588): packagename is android.uid.bluetooth:1002 ,and its permission is false
09-01 14:30:24.755 D/BluetoothUtils( 8588): blockedByLocationOff callingUid=1002
09-01 14:30:24.755 I/BluetoothUtils( 8588): packagename is android.uid.bluetooth:1002 ,and its permission is false
09-01 14:30:24.755 D/BluetoothUtils( 8588): blockedByLocationOff callingUid=1002
09-01 14:30:24.755 I/BluetoothUtils( 8588): packagename is android.uid.bluetooth:1002 ,and its permission is false
09-01 14:30:24.759 V/bt_stack( 8588): [VERBOSE1:btm_ble_gap.cc(1923)] btm_ble_process_ext_adv_pkt: bda=ac:29:3a:9a:aa:42
09-01 14:30:24.760 V/bt_stack( 8588): [VERBOSE1:btm_ble_gap.cc(1847)] btm_ble_process_adv_addr: bda=ac:29:3a:9a:aa:42
09-01 14:30:24.760 V/bt_stack( 8588): [VERBOSE1:btm_ble_gap.cc(2052)]  Waiting for scan response ac:29:3a:9a:aa:42
09-01 14:30:24.760 V/bt_stack( 8588): [VERBOSE1:btm_ble_gap.cc(1923)] btm_ble_process_ext_adv_pkt: bda=2e:17:70:f9:0b:48
09-01 14:30:24.760 V/bt_stack( 8588): [VERBOSE1:btm_ble_gap.cc(1847)] btm_ble_process_adv_addr: bda=2e:17:70:f9:0b:48
09-01 14:30:24.762 D/BluetoothUtils( 8588): blockedByLocationOff callingUid=1002
09-01 14:30:24.762 I/BluetoothUtils( 8588): packagename is android.uid.bluetooth:1002 ,and its permission is false
09-01 14:30:24.762 D/BluetoothUtils( 8588): blockedByLocationOff callingUid=1002
09-01 14:30:24.762 I/BluetoothUtils( 8588): packagename is android.uid.bluetooth:1002 ,and its permission is false
09-01 14:30:24.763 D/BluetoothUtils( 8588): blockedByLocationOff callingUid=1002
09-01 14:30:24.763 V/bt_stack( 8588): [VERBOSE1:btm_ble_gap.cc(1923)] btm_ble_process_ext_adv_pkt: bda=18:81:0e:e0:a8:6d
09-01 14:30:24.763 V/bt_stack( 8588): [VERBOSE1:btm_ble_gap.cc(1847)] btm_ble_process_adv_addr: bda=18:81:0e:e0:a8:6d
09-01 14:30:24.763 V/bt_stack( 8588): [VERBOSE1:btm_ble_gap.cc(2052)]  Waiting for scan response 18:81:0e:e0:a8:6d
09-01 14:30:24.763 I/BluetoothUtils( 8588): packagename is android.uid.bluetooth:1002 ,and its permission is false
09-01 14:30:24.767 V/bt_stack( 8588): [VERBOSE1:btm_ble_gap.cc(1923)] btm_ble_process_ext_adv_pkt: bda=c7:9e:cc:49:b0:5d
09-01 14:30:24.767 V/bt_stack( 8588): [VERBOSE1:btm_ble_gap.cc(1847)] btm_ble_process_adv_addr: bda=c7:9e:cc:49:b0:5d
09-01 14:30:24.767 V/bt_stack( 8588): [VERBOSE1:btm_ble_gap.cc(2052)]  Waiting for scan response c7:9e:cc:49:b0:5d
09-01 14:30:24.770 V/bt_stack( 8588): [VERBOSE1:btm_ble_gap.cc(1923)] btm_ble_process_ext_adv_pkt: bda=56:23:e7:94:9e:a9
09-01 14:30:24.770 V/bt_stack( 8588): [VERBOSE1:btm_ble_gap.cc(1847)] btm_ble_process_adv_addr: bda=56:23:e7:94:9e:a9
09-01 14:30:24.770 V/bt_stack( 8588): [VERBOSE1:btm_ble_gap.cc(2052)]  Waiting for scan response 56:23:e7:94:9e:a9
09-01 14:30:24.773 V/bt_stack( 8588): [VERBOSE1:btm_ble_gap.cc(1923)] btm_ble_process_ext_adv_pkt: bda=fe:e1:62:0f:0c:8e
09-01 14:30:24.773 V/bt_stack( 8588): [VERBOSE1:btm_ble_gap.cc(1847)] btm_ble_process_adv_addr: bda=fe:e1:62:0f:0c:8e
09-01 14:30:24.773 V/bt_stack( 8588): [VERBOSE1:btm_ble_gap.cc(2052)]  Waiting for scan response fe:e1:62:0f:0c:8e
09-01 14:30:24.773 V/bt_stack( 8588): [VERBOSE1:btm_ble_gap.cc(1923)] btm_ble_process_ext_adv_pkt: bda=11:82:f5:89:45:91
09-01 14:30:24.773 V/bt_stack( 8588): [VERBOSE1:btm_ble_gap.cc(1847)] btm_ble_process_adv_addr: bda=11:82:f5:89:45:91
09-01 14:30:24.775 D/BluetoothUtils( 8588): blockedByLocationOff callingUid=1002
09-01 14:30:24.776 I/BluetoothUtils( 8588): packagename is android.uid.bluetooth:1002 ,and its permission is false
09-01 14:30:24.776 D/BluetoothUtils( 8588): blockedByLocationOff callingUid=1002
09-01 14:30:24.776 I/BluetoothUtils( 8588): packagename is android.uid.bluetooth:1002 ,and its permission is false
09-01 14:30:24.776 D/BluetoothUtils( 8588): blockedByLocationOff callingUid=1002
09-01 14:30:24.776 I/BluetoothUtils( 8588): packagename is android.uid.bluetooth:1002 ,and its permission is false
09-01 14:30:24.781 V/bt_stack( 8588): [VERBOSE1:btm_ble_gap.cc(1923)] btm_ble_process_ext_adv_pkt: bda=75:55:30:69:5d:bf
09-01 14:30:24.781 V/bt_stack( 8588): [VERBOSE1:btm_ble_gap.cc(1847)] btm_ble_process_adv_addr: bda=75:55:30:69:5d:bf
09-01 14:30:24.781 V/bt_stack( 8588): [VERBOSE1:btm_ble_gap.cc(2052)]  Waiting for scan response 75:55:30:69:5d:bf
09-01 14:30:24.781 V/bt_stack( 8588): [VERBOSE1:btm_ble_gap.cc(1923)] btm_ble_process_ext_adv_pkt: bda=0a:29:89:b7:c8:4a
09-01 14:30:24.781 V/bt_stack( 8588): [VERBOSE1:btm_ble_gap.cc(1847)] btm_ble_process_adv_addr: bda=0a:29:89:b7:c8:4a
09-01 14:30:24.783 D/BluetoothUtils( 8588): blockedByLocationOff callingUid=1002
09-01 14:30:24.784 I/BluetoothUtils( 8588): packagename is android.uid.bluetooth:1002 ,and its permission is false
09-01 14:30:24.784 D/BluetoothUtils( 8588): blockedByLocationOff callingUid=1002
09-01 14:30:24.784 I/BluetoothUtils( 8588): packagename is android.uid.bluetooth:1002 ,and its permission is false
09-01 14:30:24.784 D/BluetoothUtils( 8588): blockedByLocationOff callingUid=1002
09-01 14:30:24.785 I/BluetoothUtils( 8588): packagename is android.uid.bluetooth:1002 ,and its permission is false
09-01 14:30:24.787 V/bt_stack( 8588): [VERBOSE1:btm_ble_gap.cc(1923)] btm_ble_process_ext_adv_pkt: bda=44:ca:73:cc:df:42
09-01 14:30:24.787 V/bt_stack( 8588): [VERBOSE1:btm_ble_gap.cc(1847)] btm_ble_process_adv_addr: bda=44:ca:73:cc:df:42
09-01 14:30:24.787 V/bt_stack( 8588): [VERBOSE1:btm_ble_gap.cc(2052)]  Waiting for scan response 44:ca:73:cc:df:42
09-01 14:30:24.787 V/bt_stack( 8588): [VERBOSE1:btm_ble_gap.cc(1923)] btm_ble_process_ext_adv_pkt: bda=44:ca:73:cc:df:42
09-01 14:30:24.787 V/bt_stack( 8588): [VERBOSE1:btm_ble_gap.cc(1847)] btm_ble_process_adv_addr: bda=44:ca:73:cc:df:42
09-01 14:30:24.788 I/appium  ( 8119): channel read invoked!
09-01 14:30:24.788 I/appium  ( 8119): channel read: POST /wd/hub/session/6bc493e8-63d1-4d52-9347-11257968596d/element/4ff568c3-d419-404d-8794-7d59131fcdbe/click
09-01 14:30:24.789 D/BluetoothUtils( 8588): blockedByLocationOff callingUid=1002
09-01 14:30:24.789 I/BluetoothUtils( 8588): packagename is android.uid.bluetooth:1002 ,and its permission is false
09-01 14:30:24.789 D/BluetoothUtils( 8588): blockedByLocationOff callingUid=1002
09-01 14:30:24.790 V/bt_stack( 8588): [VERBOSE1:btm_ble_gap.cc(1923)] btm_ble_process_ext_adv_pkt: bda=66:db:a5:b4:54:91
09-01 14:30:24.790 V/bt_stack( 8588): [VERBOSE1:btm_ble_gap.cc(1847)] btm_ble_process_adv_addr: bda=66:db:a5:b4:54:91
09-01 14:30:24.790 V/bt_stack( 8588): [VERBOSE1:btm_ble_gap.cc(2052)]  Waiting for scan response 66:db:a5:b4:54:91
09-01 14:30:24.790 V/bt_stack( 8588): [VERBOSE1:btm_ble_gap.cc(1923)] btm_ble_process_ext_adv_pkt: bda=66:db:a5:b4:54:91
09-01 14:30:24.790 V/bt_stack( 8588): [VERBOSE1:btm_ble_gap.cc(1847)] btm_ble_process_adv_addr: bda=66:db:a5:b4:54:91
09-01 14:30:24.790 I/BluetoothUtils( 8588): packagename is android.uid.bluetooth:1002 ,and its permission is false
09-01 14:30:24.790 I/appium  ( 8119): Click element command
09-01 14:30:24.790 D/BluetoothUtils( 8588): blockedByLocationOff callingUid=1002
09-01 14:30:24.790 I/BluetoothUtils( 8588): packagename is android.uid.bluetooth:1002 ,and its permission is false
09-01 14:30:24.791 D/BluetoothUtils( 8588): blockedByLocationOff callingUid=1002
09-01 14:30:24.791 V/bt_stack( 8588): [VERBOSE1:btm_ble_gap.cc(1923)] btm_ble_process_ext_adv_pkt: bda=18:81:0e:e0:a8:6d
09-01 14:30:24.791 V/bt_stack( 8588): [VERBOSE1:btm_ble_gap.cc(1847)] btm_ble_process_adv_addr: bda=18:81:0e:e0:a8:6d
09-01 14:30:24.791 V/bt_stack( 8588): [VERBOSE1:btm_ble_gap.cc(2052)]  Waiting for scan response 18:81:0e:e0:a8:6d
09-01 14:30:24.791 V/bt_stack( 8588): [VERBOSE1:btm_ble_gap.cc(1923)] btm_ble_process_ext_adv_pkt: bda=18:81:0e:e0:a8:6d
09-01 14:30:24.791 V/bt_stack( 8588): [VERBOSE1:btm_ble_gap.cc(1847)] btm_ble_process_adv_addr: bda=18:81:0e:e0:a8:6d
09-01 14:30:24.791 I/BluetoothUtils( 8588): packagename is android.uid.bluetooth:1002 ,and its permission is false
09-01 14:30:24.792 D/BluetoothUtils( 8588): blockedByLocationOff callingUid=1002
09-01 14:30:24.792 I/BluetoothUtils( 8588): packagename is android.uid.bluetooth:1002 ,and its permission is false
09-01 14:30:24.792 D/BluetoothUtils( 8588): blockedByLocationOff callingUid=1002
09-01 14:30:24.792 I/BluetoothUtils( 8588): packagename is android.uid.bluetooth:1002 ,and its permission is false
09-01 14:30:24.793 D/BluetoothUtils( 8588): blockedByLocationOff callingUid=1002
09-01 14:30:24.793 I/BluetoothUtils( 8588): packagename is android.uid.bluetooth:1002 ,and its permission is false
09-01 14:30:24.793 D/BluetoothUtils( 8588): blockedByLocationOff callingUid=1002
09-01 14:30:24.794 I/BluetoothUtils( 8588): packagename is android.uid.bluetooth:1002 ,and its permission is false
09-01 14:30:24.794 D/BluetoothUtils( 8588): blockedByLocationOff callingUid=1002
09-01 14:30:24.794 I/BluetoothUtils( 8588): packagename is android.uid.bluetooth:1002 ,and its permission is false
09-01 14:30:24.798 V/bt_stack( 8588): [VERBOSE1:btm_ble_gap.cc(1923)] btm_ble_process_ext_adv_pkt: bda=2a:1b:52:ac:62:5d
09-01 14:30:24.798 V/bt_stack( 8588): [VERBOSE1:btm_ble_gap.cc(1847)] btm_ble_process_adv_addr: bda=2a:1b:52:ac:62:5d
09-01 14:30:24.799 D/BluetoothUtils( 8588): blockedByLocationOff callingUid=1002
09-01 14:30:24.800 I/BluetoothUtils( 8588): packagename is android.uid.bluetooth:1002 ,and its permission is false
09-01 14:30:24.800 D/BluetoothUtils( 8588): blockedByLocationOff callingUid=1002
09-01 14:30:24.800 I/BluetoothUtils( 8588): packagename is android.uid.bluetooth:1002 ,and its permission is false
09-01 14:30:24.800 D/BluetoothUtils( 8588): blockedByLocationOff callingUid=1002
09-01 14:30:24.801 I/BluetoothUtils( 8588): packagename is android.uid.bluetooth:1002 ,and its permission is false
09-01 14:30:24.801 V/bt_stack( 8588): [VERBOSE1:btm_ble_gap.cc(1923)] btm_ble_process_ext_adv_pkt: bda=6c:37:b5:6b:a1:b8
09-01 14:30:24.801 V/bt_stack( 8588): [VERBOSE1:btm_ble_gap.cc(1847)] btm_ble_process_adv_addr: bda=6c:37:b5:6b:a1:b8
09-01 14:30:24.801 V/bt_stack( 8588): [VERBOSE1:btm_ble_gap.cc(2052)]  Waiting for scan response 6c:37:b5:6b:a1:b8
09-01 14:30:24.803 V/bt_stack( 8588): [VERBOSE1:btm_ble_gap.cc(1923)] btm_ble_process_ext_adv_pkt: bda=56:23:e7:94:9e:a9
09-01 14:30:24.803 V/bt_stack( 8588): [VERBOSE1:btm_ble_gap.cc(1847)] btm_ble_process_adv_addr: bda=56:23:e7:94:9e:a9
09-01 14:30:24.803 V/bt_stack( 8588): [VERBOSE1:btm_ble_gap.cc(2052)]  Waiting for scan response 56:23:e7:94:9e:a9
09-01 14:30:24.804 V/bt_stack( 8588): [VERBOSE1:btm_ble_gap.cc(1923)] btm_ble_process_ext_adv_pkt: bda=5c:29:57:19:d9:ea
09-01 14:30:24.805 V/bt_stack( 8588): [VERBOSE1:btm_ble_gap.cc(1847)] btm_ble_process_adv_addr: bda=5c:29:57:19:d9:ea
09-01 14:30:24.805 D/BluetoothUtils( 8588): blockedByLocationOff callingUid=1002
09-01 14:30:24.806 I/BluetoothUtils( 8588): packagename is android.uid.bluetooth:1002 ,and its permission is false
09-01 14:30:24.806 D/BluetoothUtils( 8588): blockedByLocationOff callingUid=1002
09-01 14:30:24.806 I/BluetoothUtils( 8588): packagename is android.uid.bluetooth:1002 ,and its permission is false
09-01 14:30:24.806 D/BluetoothUtils( 8588): blockedByLocationOff callingUid=1002
09-01 14:30:24.807 I/BluetoothUtils( 8588): packagename is android.uid.bluetooth:1002 ,and its permission is false
09-01 14:30:24.813 V/bt_stack( 8588): [VERBOSE1:btm_ble_gap.cc(1923)] btm_ble_process_ext_adv_pkt: bda=19:30:6d:c4:b5:5b
09-01 14:30:24.813 V/bt_stack( 8588): [VERBOSE1:btm_ble_gap.cc(1847)] btm_ble_process_adv_addr: bda=19:30:6d:c4:b5:5b
09-01 14:30:24.814 D/BluetoothUtils( 8588): blockedByLocationOff callingUid=1002
09-01 14:30:24.815 I/BluetoothUtils( 8588): packagename is android.uid.bluetooth:1002 ,and its permission is false
09-01 14:30:24.817 D/BluetoothUtils( 8588): blockedByLocationOff callingUid=1002
09-01 14:30:24.817 I/BluetoothUtils( 8588): packagename is android.uid.bluetooth:1002 ,and its permission is false
09-01 14:30:24.817 D/BluetoothUtils( 8588): blockedByLocationOff callingUid=1002
09-01 14:30:24.818 I/BluetoothUtils( 8588): packagename is android.uid.bluetooth:1002 ,and its permission is false
09-01 14:30:24.820 D/[Koin]  ( 8179): +- get 'com.huami.fittime.ui.base.O00000o0.O000000o'
09-01 14:30:24.820 D/[Koin]  ( 8179): | create instance for [type:Factory,primary_type:'com.huami.fittime.ui.base.O00000o0.O000000o']
09-01 14:30:24.820 D/[Koin]  ( 8179): +- get 'com.huami.training.O0000O0o.O000000o.O00000o0'
09-01 14:30:24.820 D/[Koin]  ( 8179): | create instance for [type:Factory,primary_type:'com.huami.training.O0000O0o.O000000o.O00000o0']
09-01 14:30:24.820 D/[Koin]  ( 8179): +- get 'com.huami.training.O0000o0.O000OO0o'
09-01 14:30:24.820 D/[Koin]  ( 8179): | create instance for [type:Factory,primary_type:'com.huami.training.O0000o0.O000OO0o']
09-01 14:30:24.820 D/[Koin]  ( 8179): +- get 'com.huami.training.O0000Oo.O000000o'
09-01 14:30:24.820 D/[Koin]  ( 8179): +- got 'com.huami.training.O0000Oo.O000000o' in 0.020938 ms
09-01 14:30:24.820 D/[Koin]  ( 8179): +- get 'com.huami.training.O0000OOo.O000OO0o'
09-01 14:30:24.820 D/[Koin]  ( 8179): +- got 'com.huami.training.O0000OOo.O000OO0o' in 0.008385 ms
09-01 14:30:24.820 D/[Koin]  ( 8179): +- get 'com.huami.training.db.TrainingDb'
09-01 14:30:24.820 D/[Koin]  ( 8179): +- got 'com.huami.training.db.TrainingDb' in 0.006458 ms
09-01 14:30:24.820 D/[Koin]  ( 8179): +- get 'com.huami.training.O000000o.O000OO0o'
09-01 14:30:24.820 D/[Koin]  ( 8179): +- got 'com.huami.training.O000000o.O000OO0o' in 0.0075 ms
09-01 14:30:24.820 D/[Koin]  ( 8179): +- got 'com.huami.training.O0000o0.O000OO0o' in 0.257865 ms
09-01 14:30:24.820 V/bt_stack( 8588): [VERBOSE1:btm_ble_gap.cc(1923)] btm_ble_process_ext_adv_pkt: bda=24:65:c8:81:ba:6f
09-01 14:30:24.820 D/[Koin]  ( 8179): +- got 'com.huami.training.O0000O0o.O000000o.O00000o0' in 0.35 ms
09-01 14:30:24.820 D/[Koin]  ( 8179): +- got 'com.huami.fittime.ui.base.O00000o0.O000000o' in 0.458907 ms
09-01 14:30:24.820 V/bt_stack( 8588): [VERBOSE1:btm_ble_gap.cc(1847)] btm_ble_process_adv_addr: bda=24:65:c8:81:ba:6f
09-01 14:30:24.821 I/Timeline( 8179): Timeline: Activity_launch_request time:211390838
09-01 14:30:24.821 I/SplashScreenServiceDelegate( 1639): None for com.xiaomi.hm.health
09-01 14:30:24.822 D/BluetoothUtils( 8588): blockedByLocationOff callingUid=1002
09-01 14:30:24.822 I/ActivityTaskManager( 1639): START u0 {cmp=com.xiaomi.hm.health/.activity.PersonInfoActivity} from uid 10241
09-01 14:30:24.822 I/BluetoothUtils( 8588): packagename is android.uid.bluetooth:1002 ,and its permission is false
09-01 14:30:24.822 D/BluetoothUtils( 8588): blockedByLocationOff callingUid=1002
09-01 14:30:24.822 I/BluetoothUtils( 8588): packagename is android.uid.bluetooth:1002 ,and its permission is false
09-01 14:30:24.823 D/BluetoothUtils( 8588): blockedByLocationOff callingUid=1002
09-01 14:30:24.823 I/BluetoothUtils( 8588): packagename is android.uid.bluetooth:1002 ,and its permission is false
09-01 14:30:24.825 D/CompatibilityInfo( 1639): mCompatibilityFlags - 0
09-01 14:30:24.825 D/CompatibilityInfo( 1639): applicationDensity - 440
09-01 14:30:24.825 D/CompatibilityInfo( 1639): applicationScale - 1.0
09-01 14:30:24.826 D/ActivityTrigger( 1639): ActivityTrigger activityPauseTrigger 
09-01 14:30:24.830 V/bt_stack( 8588): [VERBOSE1:btm_ble_gap.cc(1923)] btm_ble_process_ext_adv_pkt: bda=0c:1a:06:0e:96:57
09-01 14:30:24.830 V/bt_stack( 8588): [VERBOSE1:btm_ble_gap.cc(1847)] btm_ble_process_adv_addr: bda=0c:1a:06:0e:96:57
09-01 14:30:24.831 D/BluetoothUtils( 8588): blockedByLocationOff callingUid=1002
09-01 14:30:24.831 I/BluetoothUtils( 8588): packagename is android.uid.bluetooth:1002 ,and its permission is false
09-01 14:30:24.831 D/BluetoothUtils( 8588): blockedByLocationOff callingUid=1002
09-01 14:30:24.832 I/BluetoothUtils( 8588): packagename is android.uid.bluetooth:1002 ,and its permission is false
09-01 14:30:24.832 D/BluetoothUtils( 8588): blockedByLocationOff callingUid=1002
09-01 14:30:24.832 I/BluetoothUtils( 8588): packagename is android.uid.bluetooth:1002 ,and its permission is false
09-01 14:30:24.833 I/appium  ( 8119): Waiting up to 10000ms for device to be idle
09-01 14:30:24.834 I/appium  ( 8119): AppiumResponse: {"sessionId":"6bc493e8-63d1-4d52-9347-11257968596d","value":null}
09-01 14:30:24.836 I/ActivityTaskManager( 1639): The Process com.xiaomi.hm.health Already Exists in BG. So sending its PID: 8179
09-01 14:30:24.837 D/CompatibilityInfo( 1639): mCompatibilityFlags - 0
09-01 14:30:24.837 D/CompatibilityInfo( 1639): applicationDensity - 440
09-01 14:30:24.837 D/CompatibilityInfo( 1639): applicationScale - 1.0
09-01 14:30:24.838 D/WindowManager( 1639): Input focus has changed to null
09-01 14:30:24.839 I/Timeline( 1639): Timeline: App_transition_ready time:211390856
09-01 14:30:24.839 W/ActivityThread( 8179): handleWindowVisibility: no activity for token android.os.BinderProxy@7f31a7c
09-01 14:30:24.842 V/bt_stack( 8588): [VERBOSE1:btm_ble_gap.cc(1923)] btm_ble_process_ext_adv_pkt: bda=f1:9e:f6:a2:64:49
09-01 14:30:24.843 V/bt_stack( 8588): [VERBOSE1:btm_ble_gap.cc(1847)] btm_ble_process_adv_addr: bda=f1:9e:f6:a2:64:49
09-01 14:30:24.843 V/bt_stack( 8588): [VERBOSE1:btm_ble_gap.cc(2052)]  Waiting for scan response f1:9e:f6:a2:64:49
09-01 14:30:24.848 D/ViewContentFactory( 8179): initViewContentFetcherClass
09-01 14:30:24.848 I/ContentCatcher( 8179): ViewContentFetcher : ViewContentFetcher
09-01 14:30:24.848 D/ViewContentFactory( 8179): createInterceptor took 1ms
09-01 14:30:24.848 V/bt_stack( 8588): [VERBOSE1:btm_ble_gap.cc(1923)] btm_ble_process_ext_adv_pkt: bda=56:e4:da:79:d5:88
09-01 14:30:24.848 V/bt_stack( 8588): [VERBOSE1:btm_ble_gap.cc(1847)] btm_ble_process_adv_addr: bda=56:e4:da:79:d5:88
09-01 14:30:24.848 V/bt_stack( 8588): [VERBOSE1:btm_ble_gap.cc(2052)]  Waiting for scan response 56:e4:da:79:d5:88
09-01 14:30:24.848 V/bt_stack( 8588): [VERBOSE1:btm_ble_gap.cc(1923)] btm_ble_process_ext_adv_pkt: bda=07:e4:7f:b4:5f:d9
09-01 14:30:24.849 V/bt_stack( 8588): [VERBOSE1:btm_ble_gap.cc(1847)] btm_ble_process_adv_addr: bda=07:e4:7f:b4:5f:d9
09-01 14:30:24.849 D/BluetoothUtils( 8588): blockedByLocationOff callingUid=1002
09-01 14:30:24.850 I/BluetoothUtils( 8588): packagename is android.uid.bluetooth:1002 ,and its permission is false
09-01 14:30:24.850 D/BluetoothUtils( 8588): blockedByLocationOff callingUid=1002
09-01 14:30:24.850 I/BluetoothUtils( 8588): packagename is android.uid.bluetooth:1002 ,and its permission is false
09-01 14:30:24.851 D/BluetoothUtils( 8588): blockedByLocationOff callingUid=1002
09-01 14:30:24.851 I/BluetoothUtils( 8588): packagename is android.uid.bluetooth:1002 ,and its permission is false
09-01 14:30:24.857 I/appium  ( 8119): channel read invoked!
09-01 14:30:24.857 I/appium  ( 8119): channel read: POST /wd/hub/session/6bc493e8-63d1-4d52-9347-11257968596d/element
09-01 14:30:24.858 D/BaseTitleActivity( 8179): setStyle BACK_AND_TITLE title  darkMode true color -1
09-01 14:30:24.858 I/appium  ( 8119): Find element command using 'id' with selector 'common_title_center_top_text'.
09-01 14:30:24.858 I/appium  ( 8119): Waiting up to 10000ms for device to be idle
09-01 14:30:24.862 V/bt_stack( 8588): [VERBOSE1:btm_ble_gap.cc(1923)] btm_ble_process_ext_adv_pkt: bda=18:81:0e:e0:a8:6d
09-01 14:30:24.862 V/bt_stack( 8588): [VERBOSE1:btm_ble_gap.cc(1847)] btm_ble_process_adv_addr: bda=18:81:0e:e0:a8:6d
09-01 14:30:24.862 V/bt_stack( 8588): [VERBOSE1:btm_ble_gap.cc(2052)]  Waiting for scan response 18:81:0e:e0:a8:6d
09-01 14:30:24.862 V/bt_stack( 8588): [VERBOSE1:btm_ble_gap.cc(1923)] btm_ble_process_ext_adv_pkt: bda=2e:17:70:f9:0b:48
09-01 14:30:24.862 V/bt_stack( 8588): [VERBOSE1:btm_ble_gap.cc(1847)] btm_ble_process_adv_addr: bda=2e:17:70:f9:0b:48
09-01 14:30:24.863 D/BluetoothUtils( 8588): blockedByLocationOff callingUid=1002
09-01 14:30:24.863 W/AsyncHttpResponse( 8179): Current thread has not called Looper.prepare().Forcing synchronous mode
09-01 14:30:24.864 I/BluetoothUtils( 8588): packagename is android.uid.bluetooth:1002 ,and its permission is false
09-01 14:30:24.864 D/BluetoothUtils( 8588): blockedByLocationOff callingUid=1002
09-01 14:30:24.865 I/BluetoothUtils( 8588): packagename is android.uid.bluetooth:1002 ,and its permission is false
09-01 14:30:24.865 D/BluetoothUtils( 8588): blockedByLocationOff callingUid=1002
09-01 14:30:24.865 I/BluetoothUtils( 8588): packagename is android.uid.bluetooth:1002 ,and its permission is false
09-01 14:30:24.870 V/bt_stack( 8588): [VERBOSE1:btm_ble_gap.cc(1923)] btm_ble_process_ext_adv_pkt: bda=56:23:e7:94:9e:a9
09-01 14:30:24.870 V/bt_stack( 8588): [VERBOSE1:btm_ble_gap.cc(1847)] btm_ble_process_adv_addr: bda=56:23:e7:94:9e:a9
09-01 14:30:24.870 V/bt_stack( 8588): [VERBOSE1:btm_ble_gap.cc(2052)]  Waiting for scan response 56:23:e7:94:9e:a9
09-01 14:30:24.871 V/bt_stack( 8588): [VERBOSE1:btm_ble_gap.cc(1923)] btm_ble_process_ext_adv_pkt: bda=38:f9:d3:45:87:1e
09-01 14:30:24.871 D/RecentsImpl( 7676): mActivityStateObserver com.xiaomi.hm.health.activity.PersonInfoActivity
09-01 14:30:24.871 V/bt_stack( 8588): [VERBOSE1:btm_ble_gap.cc(1847)] btm_ble_process_adv_addr: bda=38:f9:d3:45:87:1e
09-01 14:30:24.871 V/bt_stack( 8588): [VERBOSE1:btm_ble_gap.cc(2052)]  Waiting for scan response 38:f9:d3:45:87:1e
09-01 14:30:24.872 V/bt_stack( 8588): [VERBOSE1:btm_ble_gap.cc(1923)] btm_ble_process_ext_adv_pkt: bda=38:f9:d3:45:87:1e
09-01 14:30:24.872 V/bt_stack( 8588): [VERBOSE1:btm_ble_gap.cc(1847)] btm_ble_process_adv_addr: bda=38:f9:d3:45:87:1e
09-01 14:30:24.872 V/bt_stack( 8588): [VERBOSE1:btm_ble_gap.cc(1923)] btm_ble_process_ext_adv_pkt: bda=36:c9:49:a0:b6:9d
09-01 14:30:24.872 V/bt_stack( 8588): [VERBOSE1:btm_ble_gap.cc(1847)] btm_ble_process_adv_addr: bda=36:c9:49:a0:b6:9d
09-01 14:30:24.873 D/BluetoothUtils( 8588): blockedByLocationOff callingUid=1002
09-01 14:30:24.873 I/BluetoothUtils( 8588): packagename is android.uid.bluetooth:1002 ,and its permission is false
09-01 14:30:24.873 D/BluetoothUtils( 8588): blockedByLocationOff callingUid=1002
09-01 14:30:24.874 I/BluetoothUtils( 8588): packagename is android.uid.bluetooth:1002 ,and its permission is false
09-01 14:30:24.874 D/BluetoothUtils( 8588): blockedByLocationOff callingUid=1002
09-01 14:30:24.874 I/BluetoothUtils( 8588): packagename is android.uid.bluetooth:1002 ,and its permission is false
09-01 14:30:24.874 D/BluetoothUtils( 8588): blockedByLocationOff callingUid=1002
09-01 14:30:24.875 I/BluetoothUtils( 8588): packagename is android.uid.bluetooth:1002 ,and its permission is false
09-01 14:30:24.875 D/BluetoothUtils( 8588): blockedByLocationOff callingUid=1002
09-01 14:30:24.875 I/BluetoothUtils( 8588): packagename is android.uid.bluetooth:1002 ,and its permission is false
09-01 14:30:24.875 D/BluetoothUtils( 8588): blockedByLocationOff callingUid=1002
09-01 14:30:24.875 I/BluetoothUtils( 8588): packagename is android.uid.bluetooth:1002 ,and its permission is false
09-01 14:30:24.879 V/bt_stack( 8588): [VERBOSE1:btm_ble_gap.cc(1923)] btm_ble_process_ext_adv_pkt: bda=11:82:f5:89:45:91
09-01 14:30:24.879 V/bt_stack( 8588): [VERBOSE1:btm_ble_gap.cc(1847)] btm_ble_process_adv_addr: bda=11:82:f5:89:45:91
09-01 14:30:24.880 D/BluetoothUtils( 8588): blockedByLocationOff callingUid=1002
09-01 14:30:24.880 I/BluetoothUtils( 8588): packagename is android.uid.bluetooth:1002 ,and its permission is false
09-01 14:30:24.880 D/BluetoothUtils( 8588): blockedByLocationOff callingUid=1002
09-01 14:30:24.880 I/BluetoothUtils( 8588): packagename is android.uid.bluetooth:1002 ,and its permission is false
09-01 14:30:24.880 D/BluetoothUtils( 8588): blockedByLocationOff callingUid=1002
09-01 14:30:24.881 I/BluetoothUtils( 8588): packagename is android.uid.bluetooth:1002 ,and its permission is false
09-01 14:30:24.885 V/bt_stack( 8588): [VERBOSE1:btm_ble_gap.cc(1923)] btm_ble_process_ext_adv_pkt: bda=0a:29:89:b7:c8:4a
09-01 14:30:24.885 V/bt_stack( 8588): [VERBOSE1:btm_ble_gap.cc(1847)] btm_ble_process_adv_addr: bda=0a:29:89:b7:c8:4a
09-01 14:30:24.886 D/BluetoothUtils( 8588): blockedByLocationOff callingUid=1002
09-01 14:30:24.886 I/BluetoothUtils( 8588): packagename is android.uid.bluetooth:1002 ,and its permission is false
09-01 14:30:24.886 D/BluetoothUtils( 8588): blockedByLocationOff callingUid=1002
09-01 14:30:24.886 I/BluetoothUtils( 8588): packagename is android.uid.bluetooth:1002 ,and its permission is false
09-01 14:30:24.887 D/BluetoothUtils( 8588): blockedByLocationOff callingUid=1002
09-01 14:30:24.887 I/BluetoothUtils( 8588): packagename is android.uid.bluetooth:1002 ,and its permission is false
09-01 14:30:24.897 V/bt_stack( 8588): [VERBOSE1:btm_ble_gap.cc(1923)] btm_ble_process_ext_adv_pkt: bda=56:23:e7:94:9e:a9
09-01 14:30:24.897 V/bt_stack( 8588): [VERBOSE1:btm_ble_gap.cc(1847)] btm_ble_process_adv_addr: bda=56:23:e7:94:9e:a9
09-01 14:30:24.897 V/bt_stack( 8588): [VERBOSE1:btm_ble_gap.cc(2052)]  Waiting for scan response 56:23:e7:94:9e:a9
09-01 14:30:24.897 V/bt_stack( 8588): [VERBOSE1:btm_ble_gap.cc(1923)] btm_ble_process_ext_adv_pkt: bda=56:23:e7:94:9e:a9
09-01 14:30:24.897 V/bt_stack( 8588): [VERBOSE1:btm_ble_gap.cc(1847)] btm_ble_process_adv_addr: bda=56:23:e7:94:9e:a9
09-01 14:30:24.898 D/BluetoothUtils( 8588): blockedByLocationOff callingUid=1002
09-01 14:30:24.898 I/BluetoothUtils( 8588): packagename is android.uid.bluetooth:1002 ,and its permission is false
09-01 14:30:24.898 D/BluetoothUtils( 8588): blockedByLocationOff callingUid=1002
09-01 14:30:24.898 I/BluetoothUtils( 8588): packagename is android.uid.bluetooth:1002 ,and its permission is false
09-01 14:30:24.899 D/BluetoothUtils( 8588): blockedByLocationOff callingUid=1002
09-01 14:30:24.899 I/BluetoothUtils( 8588): packagename is android.uid.bluetooth:1002 ,and its permission is false
09-01 14:30:24.900 V/bt_stack( 8588): [VERBOSE1:btm_ble_gap.cc(1923)] btm_ble_process_ext_adv_pkt: bda=63:e7:6b:57:ac:90
09-01 14:30:24.900 V/bt_stack( 8588): [VERBOSE1:btm_ble_gap.cc(1847)] btm_ble_process_adv_addr: bda=63:e7:6b:57:ac:90
09-01 14:30:24.900 V/bt_stack( 8588): [VERBOSE1:btm_ble_gap.cc(2052)]  Waiting for scan response 63:e7:6b:57:ac:90
09-01 14:30:24.900 V/bt_stack( 8588): [VERBOSE1:btm_ble_gap.cc(1923)] btm_ble_process_ext_adv_pkt: bda=63:e7:6b:57:ac:90
09-01 14:30:24.900 V/bt_stack( 8588): [VERBOSE1:btm_ble_gap.cc(1847)] btm_ble_process_adv_addr: bda=63:e7:6b:57:ac:90
09-01 14:30:24.901 V/bt_stack( 8588): [VERBOSE1:btm_ble_gap.cc(1923)] btm_ble_process_ext_adv_pkt: bda=2a:1b:52:ac:62:5d
09-01 14:30:24.901 V/bt_stack( 8588): [VERBOSE1:btm_ble_gap.cc(1847)] btm_ble_process_adv_addr: bda=2a:1b:52:ac:62:5d
09-01 14:30:24.901 D/BluetoothUtils( 8588): blockedByLocationOff callingUid=1002
09-01 14:30:24.901 I/BluetoothUtils( 8588): packagename is android.uid.bluetooth:1002 ,and its permission is false
09-01 14:30:24.901 D/BluetoothUtils( 8588): blockedByLocationOff callingUid=1002
09-01 14:30:24.902 I/BluetoothUtils( 8588): packagename is android.uid.bluetooth:1002 ,and its permission is false
09-01 14:30:24.902 D/BluetoothUtils( 8588): blockedByLocationOff callingUid=1002
09-01 14:30:24.902 I/BluetoothUtils( 8588): packagename is android.uid.bluetooth:1002 ,and its permission is false
09-01 14:30:24.903 D/BluetoothUtils( 8588): blockedByLocationOff callingUid=1002
09-01 14:30:24.903 I/BluetoothUtils( 8588): packagename is android.uid.bluetooth:1002 ,and its permission is false
09-01 14:30:24.903 D/BluetoothUtils( 8588): blockedByLocationOff callingUid=1002
09-01 14:30:24.904 I/BluetoothUtils( 8588): packagename is android.uid.bluetooth:1002 ,and its permission is false
09-01 14:30:24.904 D/BluetoothUtils( 8588): blockedByLocationOff callingUid=1002
09-01 14:30:24.904 I/BluetoothUtils( 8588): packagename is android.uid.bluetooth:1002 ,and its permission is false
09-01 14:30:24.908 V/bt_stack( 8588): [VERBOSE1:btm_ble_gap.cc(1923)] btm_ble_process_ext_adv_pkt: bda=17:be:83:99:5a:17
09-01 14:30:24.908 V/bt_stack( 8588): [VERBOSE1:btm_ble_gap.cc(1847)] btm_ble_process_adv_addr: bda=17:be:83:99:5a:17
09-01 14:30:24.909 D/BluetoothUtils( 8588): blockedByLocationOff callingUid=1002
09-01 14:30:24.910 I/BluetoothUtils( 8588): packagename is android.uid.bluetooth:1002 ,and its permission is false
09-01 14:30:24.910 D/BluetoothUtils( 8588): blockedByLocationOff callingUid=1002
09-01 14:30:24.910 I/BluetoothUtils( 8588): packagename is android.uid.bluetooth:1002 ,and its permission is false
09-01 14:30:24.910 D/BluetoothUtils( 8588): blockedByLocationOff callingUid=1002
09-01 14:30:24.910 I/BluetoothUtils( 8588): packagename is android.uid.bluetooth:1002 ,and its permission is false
09-01 14:30:24.911 I/Timeline( 1639): Timeline: App_transition_ready time:211390928
09-01 14:30:24.912 I/Timeline( 1639): Timeline: App_transition_ready time:211390929
09-01 14:30:24.912 D/WindowManager( 1639): Input focus has changed to Window{69474e2 u0 com.xiaomi.hm.health/com.xiaomi.hm.health.activity.PersonInfoActivity}
09-01 14:30:24.913 V/bt_stack( 8588): [VERBOSE1:btm_ble_gap.cc(1923)] btm_ble_process_ext_adv_pkt: bda=5c:29:57:19:d9:ea
09-01 14:30:24.913 V/bt_stack( 8588): [VERBOSE1:btm_ble_gap.cc(1847)] btm_ble_process_adv_addr: bda=5c:29:57:19:d9:ea
09-01 14:30:24.914 D/BluetoothUtils( 8588): blockedByLocationOff callingUid=1002
09-01 14:30:24.914 I/BluetoothUtils( 8588): packagename is android.uid.bluetooth:1002 ,and its permission is false
09-01 14:30:24.914 D/BluetoothUtils( 8588): blockedByLocationOff callingUid=1002
09-01 14:30:24.914 I/BluetoothUtils( 8588): packagename is android.uid.bluetooth:1002 ,and its permission is false
09-01 14:30:24.915 D/BluetoothUtils( 8588): blockedByLocationOff callingUid=1002
09-01 14:30:24.915 I/BluetoothUtils( 8588): packagename is android.uid.bluetooth:1002 ,and its permission is false
09-01 14:30:24.916 V/AsyncHttpResponse( 8179): Progress 462 from 462 (100%)
09-01 14:30:24.916 V/bt_stack( 8588): [VERBOSE1:btm_ble_gap.cc(1923)] btm_ble_process_ext_adv_pkt: bda=19:30:6d:c4:b5:5b
09-01 14:30:24.917 V/bt_stack( 8588): [VERBOSE1:btm_ble_gap.cc(1847)] btm_ble_process_adv_addr: bda=19:30:6d:c4:b5:5b
09-01 14:30:24.917 D/BluetoothUtils( 8588): blockedByLocationOff callingUid=1002
09-01 14:30:24.918 I/BluetoothUtils( 8588): packagename is android.uid.bluetooth:1002 ,and its permission is false
09-01 14:30:24.918 D/BluetoothUtils( 8588): blockedByLocationOff callingUid=1002
09-01 14:30:24.918 I/BluetoothUtils( 8588): packagename is android.uid.bluetooth:1002 ,and its permission is false
09-01 14:30:24.918 D/BluetoothUtils( 8588): blockedByLocationOff callingUid=1002
09-01 14:30:24.918 I/BluetoothUtils( 8588): packagename is android.uid.bluetooth:1002 ,and its permission is false
09-01 14:30:24.922 V/bt_stack( 8588): [VERBOSE1:btm_ble_gap.cc(1923)] btm_ble_process_ext_adv_pkt: bda=18:81:0e:e0:a8:6d
09-01 14:30:24.922 V/bt_stack( 8588): [VERBOSE1:btm_ble_gap.cc(1847)] btm_ble_process_adv_addr: bda=18:81:0e:e0:a8:6d
09-01 14:30:24.922 V/bt_stack( 8588): [VERBOSE1:btm_ble_gap.cc(2052)]  Waiting for scan response 18:81:0e:e0:a8:6d
09-01 14:30:24.922 V/bt_stack( 8588): [VERBOSE1:btm_ble_gap.cc(1923)] btm_ble_process_ext_adv_pkt: bda=06:fa:50:9b:39:c0
09-01 14:30:24.922 V/bt_stack( 8588): [VERBOSE1:btm_ble_gap.cc(1847)] btm_ble_process_adv_addr: bda=06:fa:50:9b:39:c0
09-01 14:30:24.923 D/BluetoothUtils( 8588): blockedByLocationOff callingUid=1002
09-01 14:30:24.924 I/BluetoothUtils( 8588): packagename is android.uid.bluetooth:1002 ,and its permission is false
09-01 14:30:24.924 D/BluetoothUtils( 8588): blockedByLocationOff callingUid=1002
09-01 14:30:24.924 V/bt_stack( 8588): [VERBOSE1:btm_ble_gap.cc(1923)] btm_ble_process_ext_adv_pkt: bda=48:14:81:f8:b8:84
09-01 14:30:24.924 V/bt_stack( 8588): [VERBOSE1:btm_ble_gap.cc(1847)] btm_ble_process_adv_addr: bda=48:14:81:f8:b8:84
09-01 14:30:24.924 V/bt_stack( 8588): [VERBOSE1:btm_ble_gap.cc(2052)]  Waiting for scan response 48:14:81:f8:b8:84
09-01 14:30:24.924 I/BluetoothUtils( 8588): packagename is android.uid.bluetooth:1002 ,and its permission is false
09-01 14:30:24.924 V/bt_stack( 8588): [VERBOSE1:btm_ble_gap.cc(1923)] btm_ble_process_ext_adv_pkt: bda=48:14:81:f8:b8:84
09-01 14:30:24.924 V/bt_stack( 8588): [VERBOSE1:btm_ble_gap.cc(1847)] btm_ble_process_adv_addr: bda=48:14:81:f8:b8:84
09-01 14:30:24.924 D/BluetoothUtils( 8588): blockedByLocationOff callingUid=1002
09-01 14:30:24.924 I/BluetoothUtils( 8588): packagename is android.uid.bluetooth:1002 ,and its permission is false
09-01 14:30:24.925 D/BluetoothUtils( 8588): blockedByLocationOff callingUid=1002
09-01 14:30:24.925 I/BluetoothUtils( 8588): packagename is android.uid.bluetooth:1002 ,and its permission is false
09-01 14:30:24.925 D/BluetoothUtils( 8588): blockedByLocationOff callingUid=1002
09-01 14:30:24.926 I/BluetoothUtils( 8588): packagename is android.uid.bluetooth:1002 ,and its permission is false
09-01 14:30:24.926 D/BluetoothUtils( 8588): blockedByLocationOff callingUid=1002
09-01 14:30:24.926 I/BluetoothUtils( 8588): packagename is android.uid.bluetooth:1002 ,and its permission is false
09-01 14:30:24.936 V/bt_stack( 8588): [VERBOSE1:btm_ble_gap.cc(1923)] btm_ble_process_ext_adv_pkt: bda=56:23:e7:94:9e:a9
09-01 14:30:24.937 V/bt_stack( 8588): [VERBOSE1:btm_ble_gap.cc(1847)] btm_ble_process_adv_addr: bda=56:23:e7:94:9e:a9
09-01 14:30:24.937 V/bt_stack( 8588): [VERBOSE1:btm_ble_gap.cc(2052)]  Waiting for scan response 56:23:e7:94:9e:a9
09-01 14:30:24.937 V/bt_stack( 8588): [VERBOSE1:btm_ble_gap.cc(1923)] btm_ble_process_ext_adv_pkt: bda=0c:1a:06:0e:96:57
09-01 14:30:24.937 V/bt_stack( 8588): [VERBOSE1:btm_ble_gap.cc(1847)] btm_ble_process_adv_addr: bda=0c:1a:06:0e:96:57
09-01 14:30:24.937 D/BluetoothUtils( 8588): blockedByLocationOff callingUid=1002
09-01 14:30:24.938 I/BluetoothUtils( 8588): packagename is android.uid.bluetooth:1002 ,and its permission is false
09-01 14:30:24.938 D/BluetoothUtils( 8588): blockedByLocationOff callingUid=1002
09-01 14:30:24.938 I/BluetoothUtils( 8588): packagename is android.uid.bluetooth:1002 ,and its permission is false
09-01 14:30:24.938 D/BluetoothUtils( 8588): blockedByLocationOff callingUid=1002
09-01 14:30:24.938 I/BluetoothUtils( 8588): packagename is android.uid.bluetooth:1002 ,and its permission is false
09-01 14:30:24.941 V/bt_stack( 8588): [VERBOSE1:btm_ble_gap.cc(1923)] btm_ble_process_ext_adv_pkt: bda=3a:23:cb:4a:85:2d
09-01 14:30:24.941 V/bt_stack( 8588): [VERBOSE1:btm_ble_gap.cc(1847)] btm_ble_process_adv_addr: bda=3a:23:cb:4a:85:2d
09-01 14:30:24.942 D/BluetoothUtils( 8588): blockedByLocationOff callingUid=1002
09-01 14:30:24.942 I/BluetoothUtils( 8588): packagename is android.uid.bluetooth:1002 ,and its permission is false
09-01 14:30:24.942 D/BluetoothUtils( 8588): blockedByLocationOff callingUid=1002
09-01 14:30:24.942 I/BluetoothUtils( 8588): packagename is android.uid.bluetooth:1002 ,and its permission is false
09-01 14:30:24.942 D/BluetoothUtils( 8588): blockedByLocationOff callingUid=1002
09-01 14:30:24.943 I/BluetoothUtils( 8588): packagename is android.uid.bluetooth:1002 ,and its permission is false
09-01 14:30:24.948 W/RecentsModel( 7676): onTaskStackChangedBackground: start loading
09-01 14:30:24.949 W/RecentsModel( 7676): getTaskInfoIgnoreHomeAndSplit   taskInfo=ComponentInfo{com.xiaomi.hm.health/com.xiaomi.hm.health.activity.MainTabActivity}
09-01 14:30:24.950 W/RecentsModel( 7676): getTaskInfoIgnoreHomeAndFreeform   taskInfo=ComponentInfo{com.xiaomi.hm.health/com.xiaomi.hm.health.activity.MainTabActivity}
09-01 14:30:24.953 V/bt_stack( 8588): [VERBOSE1:btm_ble_gap.cc(1923)] btm_ble_process_ext_adv_pkt: bda=18:81:0e:e0:a8:6d
09-01 14:30:24.953 W/RecentsModel( 7676): getTaskInfoIgnoreFreeform   taskInfo=ComponentInfo{com.xiaomi.hm.health/com.xiaomi.hm.health.activity.MainTabActivity}
09-01 14:30:24.953 W/RecentsModel( 7676): onTaskStackChangedBackground: finishLoading loading
09-01 14:30:24.953 V/bt_stack( 8588): [VERBOSE1:btm_ble_gap.cc(1847)] btm_ble_process_adv_addr: bda=18:81:0e:e0:a8:6d
09-01 14:30:24.953 V/bt_stack( 8588): [VERBOSE1:btm_ble_gap.cc(2052)]  Waiting for scan response 18:81:0e:e0:a8:6d
09-01 14:30:24.953 V/bt_stack( 8588): [VERBOSE1:btm_ble_gap.cc(1923)] btm_ble_process_ext_adv_pkt: bda=07:e4:7f:b4:5f:d9
09-01 14:30:24.953 V/bt_stack( 8588): [VERBOSE1:btm_ble_gap.cc(1847)] btm_ble_process_adv_addr: bda=07:e4:7f:b4:5f:d9
09-01 14:30:24.954 D/BluetoothUtils( 8588): blockedByLocationOff callingUid=1002
09-01 14:30:24.954 I/BluetoothUtils( 8588): packagename is android.uid.bluetooth:1002 ,and its permission is false
09-01 14:30:24.954 D/BluetoothUtils( 8588): blockedByLocationOff callingUid=1002
09-01 14:30:24.955 I/BluetoothUtils( 8588): packagename is android.uid.bluetooth:1002 ,and its permission is false
09-01 14:30:24.955 D/BluetoothUtils( 8588): blockedByLocationOff callingUid=1002
09-01 14:30:24.955 I/BluetoothUtils( 8588): packagename is android.uid.bluetooth:1002 ,and its permission is false
09-01 14:30:24.963 W/Glide   ( 8179): Load failed for  with size [-2147483648x-2147483648]
09-01 14:30:24.963 W/Glide   ( 8179): class com.O00000o0.O000000o.O00000o.O00000Oo.O000O0o: Failed to load resource
09-01 14:30:24.965 I/Timeline( 1639): Timeline: App_transition_ready time:211390982
09-01 14:30:24.964 I/chatty  ( 8179): uid=10241(com.xiaomi.hm.health) identical 3 lines
09-01 14:30:24.965 W/Glide   ( 8179): Load failed for  with size [-2147483648x-2147483648]
09-01 14:30:24.965 W/Glide   ( 8179): class com.O00000o0.O000000o.O00000o.O00000Oo.O000O0o: Failed to load resource
09-01 14:30:24.969 V/bt_stack( 8588): [VERBOSE1:btm_ble_gap.cc(1923)] btm_ble_process_ext_adv_pkt: bda=2e:17:70:f9:0b:48
09-01 14:30:24.969 V/bt_stack( 8588): [VERBOSE1:btm_ble_gap.cc(1847)] btm_ble_process_adv_addr: bda=2e:17:70:f9:0b:48
09-01 14:30:24.970 D/BluetoothUtils( 8588): blockedByLocationOff callingUid=1002
09-01 14:30:24.970 I/BluetoothUtils( 8588): packagename is android.uid.bluetooth:1002 ,and its permission is false
09-01 14:30:24.970 D/BluetoothUtils( 8588): blockedByLocationOff callingUid=1002
09-01 14:30:24.970 I/BluetoothUtils( 8588): packagename is android.uid.bluetooth:1002 ,and its permission is false
09-01 14:30:24.970 V/bt_stack( 8588): [VERBOSE1:btm_ble_gap.cc(1923)] btm_ble_process_ext_adv_pkt: bda=66:3e:07:e0:2b:d4
09-01 14:30:24.970 V/bt_stack( 8588): [VERBOSE1:btm_ble_gap.cc(1847)] btm_ble_process_adv_addr: bda=66:3e:07:e0:2b:d4
09-01 14:30:24.970 D/BluetoothUtils( 8588): blockedByLocationOff callingUid=1002
09-01 14:30:24.970 V/bt_stack( 8588): [VERBOSE1:btm_ble_gap.cc(2052)]  Waiting for scan response 66:3e:07:e0:2b:d4
09-01 14:30:24.970 V/bt_stack( 8588): [VERBOSE1:btm_ble_gap.cc(1923)] btm_ble_process_ext_adv_pkt: bda=66:3e:07:e0:2b:d4
09-01 14:30:24.970 V/bt_stack( 8588): [VERBOSE1:btm_ble_gap.cc(1847)] btm_ble_process_adv_addr: bda=66:3e:07:e0:2b:d4
09-01 14:30:24.970 I/BluetoothUtils( 8588): packagename is android.uid.bluetooth:1002 ,and its permission is false
09-01 14:30:24.971 D/BluetoothUtils( 8588): blockedByLocationOff callingUid=1002
09-01 14:30:24.971 I/BluetoothUtils( 8588): packagename is android.uid.bluetooth:1002 ,and its permission is false
09-01 14:30:24.971 D/BluetoothUtils( 8588): blockedByLocationOff callingUid=1002
09-01 14:30:24.971 I/BluetoothUtils( 8588): packagename is android.uid.bluetooth:1002 ,and its permission is false
09-01 14:30:24.971 D/BluetoothUtils( 8588): blockedByLocationOff callingUid=1002
09-01 14:30:24.971 I/BluetoothUtils( 8588): packagename is android.uid.bluetooth:1002 ,and its permission is false
09-01 14:30:24.972 I/ActivityTaskManager( 1639): Displayed com.xiaomi.hm.health/.activity.PersonInfoActivity: +143ms
09-01 14:30:24.974 W/Glide   ( 8179): Load failed for  with size [-2147483648x-2147483648]
09-01 14:30:24.974 W/Glide   ( 8179): class com.O00000o0.O000000o.O00000o.O00000Oo.O000O0o: Failed to load resource
09-01 14:30:24.974 V/bt_stack( 8588): [VERBOSE1:btm_ble_gap.cc(1923)] btm_ble_process_ext_adv_pkt: bda=66:db:a5:b4:54:91
09-01 14:30:24.974 V/bt_stack( 8588): [VERBOSE1:btm_ble_gap.cc(1847)] btm_ble_process_adv_addr: bda=66:db:a5:b4:54:91
09-01 14:30:24.974 V/bt_stack( 8588): [VERBOSE1:btm_ble_gap.cc(2052)]  Waiting for scan response 66:db:a5:b4:54:91
09-01 14:30:24.974 V/bt_stack( 8588): [VERBOSE1:btm_ble_gap.cc(1923)] btm_ble_process_ext_adv_pkt: bda=66:db:a5:b4:54:91
09-01 14:30:24.974 V/bt_stack( 8588): [VERBOSE1:btm_ble_gap.cc(1847)] btm_ble_process_adv_addr: bda=66:db:a5:b4:54:91
09-01 14:30:24.975 W/Glide   ( 8179): Load failed for  with size [-2147483648x-2147483648]
09-01 14:30:24.975 W/Glide   ( 8179): class com.O00000o0.O000000o.O00000o.O00000Oo.O000O0o: Failed to load resource
09-01 14:30:24.975 W/ByMatcher( 8119): Node returned null child: android.view.accessibility.AccessibilityNodeInfo@150893; boundsInParent: Rect(0, 0 - 1080, 1839); boundsInScreen: Rect(0, 1008 - 1080, 2210); packageName: com.xiaomi.hm.health; className: androidx.viewpager.widget.ViewPager; text: null; error: null; maxTextLength: -1; contentDescription: null; tooltipText: null; viewIdResName: com.xiaomi.hm.health:id/view_pager; checkable: false; checked: false; focusable: true; focused: false; selected: false; clickable: false; longClickable: false; contextClickable: false; enabled: true; password: false; scrollable: true; importantForAccessibility: true; visible: true; actions: [AccessibilityAction: ACTION_FOCUS - null, AccessibilityAction: ACTION_SELECT - null, AccessibilityAction: ACTION_CLEAR_SELECTION - null, AccessibilityAction: ACTION_ACCESSIBILITY_FOCUS - null, AccessibilityAction: ACTION_SCROLL_FORWARD - null, AccessibilityAction: ACTION_SHOW_ON_SCREEN - null]
09-01 14:30:24.975 D/BluetoothUtils( 8588): blockedByLocationOff callingUid=1002
09-01 14:30:24.975 W/ByMatcher( 8119): Skipping null child (0 of 2)
09-01 14:30:24.975 I/BluetoothUtils( 8588): packagename is android.uid.bluetooth:1002 ,and its permission is false
09-01 14:30:24.975 W/Glide   ( 8179): Load failed for  with size [-2147483648x-2147483648]
09-01 14:30:24.975 W/Glide   ( 8179): class com.O00000o0.O000000o.O00000o.O00000Oo.O000O0o: Failed to load resource
09-01 14:30:24.976 D/BluetoothUtils( 8588): blockedByLocationOff callingUid=1002
09-01 14:30:24.976 I/BluetoothUtils( 8588): packagename is android.uid.bluetooth:1002 ,and its permission is false
09-01 14:30:24.976 W/Glide   ( 8179): Load failed for  with size [-2147483648x-2147483648]
09-01 14:30:24.976 W/Glide   ( 8179): class com.O00000o0.O000000o.O00000o.O00000Oo.O000O0o: Failed to load resource
09-01 14:30:24.976 D/BluetoothUtils( 8588): blockedByLocationOff callingUid=1002
09-01 14:30:24.976 I/BluetoothUtils( 8588): packagename is android.uid.bluetooth:1002 ,and its permission is false
09-01 14:30:24.976 W/Glide   ( 8179): Load failed for  with size [-2147483648x-2147483648]
09-01 14:30:24.976 W/Glide   ( 8179): class com.O00000o0.O000000o.O00000o.O00000Oo.O000O0o: Failed to load resource
09-01 14:30:24.976 W/ByMatcher( 8119): Skipping null child (1 of 2)
09-01 14:30:24.981 V/bt_stack( 8588): [VERBOSE1:btm_ble_gap.cc(1923)] btm_ble_process_ext_adv_pkt: bda=11:82:f5:89:45:91
09-01 14:30:24.981 V/bt_stack( 8588): [VERBOSE1:btm_ble_gap.cc(1847)] btm_ble_process_adv_addr: bda=11:82:f5:89:45:91
09-01 14:30:24.981 D/BluetoothUtils( 8588): blockedByLocationOff callingUid=1002
09-01 14:30:24.982 I/BluetoothUtils( 8588): packagename is android.uid.bluetooth:1002 ,and its permission is false
09-01 14:30:24.982 V/bt_stack( 8588): [VERBOSE1:btm_ble_gap.cc(1923)] btm_ble_process_ext_adv_pkt: bda=19:ad:01:0d:ee:7c
09-01 14:30:24.982 D/BluetoothUtils( 8588): blockedByLocationOff callingUid=1002
09-01 14:30:24.982 V/bt_stack( 8588): [VERBOSE1:btm_ble_gap.cc(1847)] btm_ble_process_adv_addr: bda=19:ad:01:0d:ee:7c
09-01 14:30:24.982 I/BluetoothUtils( 8588): packagename is android.uid.bluetooth:1002 ,and its permission is false
09-01 14:30:24.982 D/BluetoothUtils( 8588): blockedByLocationOff callingUid=1002
09-01 14:30:24.983 I/BluetoothUtils( 8588): packagename is android.uid.bluetooth:1002 ,and its permission is false
09-01 14:30:24.983 D/BluetoothUtils( 8588): blockedByLocationOff callingUid=1002
09-01 14:30:24.984 I/BluetoothUtils( 8588): packagename is android.uid.bluetooth:1002 ,and its permission is false
09-01 14:30:24.984 D/BluetoothUtils( 8588): blockedByLocationOff callingUid=1002
09-01 14:30:24.984 I/BluetoothUtils( 8588): packagename is android.uid.bluetooth:1002 ,and its permission is false
09-01 14:30:24.985 D/BluetoothUtils( 8588): blockedByLocationOff callingUid=1002
09-01 14:30:24.985 I/BluetoothUtils( 8588): packagename is android.uid.bluetooth:1002 ,and its permission is false
