09-01 14:30:26.443 I/BluetoothUtils( 8588): packagename is android.uid.bluetooth:1002 ,and its permission is false
09-01 14:30:26.444 D/BluetoothUtils( 8588): blockedByLocationOff callingUid=1002
09-01 14:30:26.444 I/BluetoothUtils( 8588): packagename is android.uid.bluetooth:1002 ,and its permission is false
09-01 14:30:26.444 D/BluetoothUtils( 8588): blockedByLocationOff callingUid=1002
09-01 14:30:26.445 I/BluetoothUtils( 8588): packagename is android.uid.bluetooth:1002 ,and its permission is false
09-01 14:30:26.445 D/BluetoothUtils( 8588): blockedByLocationOff callingUid=1002
09-01 14:30:26.445 I/BluetoothUtils( 8588): packagename is android.uid.bluetooth:1002 ,and its permission is false
09-01 14:30:26.452 V/bt_stack( 8588): [VERBOSE1:btm_ble_gap.cc(1923)] btm_ble_process_ext_adv_pkt: bda=44:ca:73:cc:df:42
09-01 14:30:26.452 V/bt_stack( 8588): [VERBOSE1:btm_ble_gap.cc(1847)] btm_ble_process_adv_addr: bda=44:ca:73:cc:df:42
09-01 14:30:26.452 V/bt_stack( 8588): [VERBOSE1:btm_ble_gap.cc(2052)]  Waiting for scan response 44:ca:73:cc:df:42
09-01 14:30:26.452 V/bt_stack( 8588): [VERBOSE1:btm_ble_gap.cc(1923)] btm_ble_process_ext_adv_pkt: bda=25:94:ee:ea:4a:44
09-01 14:30:26.452 V/bt_stack( 8588): [VERBOSE1:btm_ble_gap.cc(1847)] btm_ble_process_adv_addr: bda=25:94:ee:ea:4a:44
09-01 14:30:26.453 D/BluetoothUtils( 8588): blockedByLocationOff callingUid=1002
09-01 14:30:26.453 V/bt_stack( 8588): [VERBOSE1:btm_ble_gap.cc(1923)] btm_ble_process_ext_adv_pkt: bda=6a:1a:31:28:a4:f8
09-01 14:30:26.453 V/bt_stack( 8588): [VERBOSE1:btm_ble_gap.cc(1847)] btm_ble_process_adv_addr: bda=6a:1a:31:28:a4:f8
09-01 14:30:26.453 I/BluetoothUtils( 8588): packagename is android.uid.bluetooth:1002 ,and its permission is false
09-01 14:30:26.453 D/BluetoothUtils( 8588): blockedByLocationOff callingUid=1002
09-01 14:30:26.454 I/BluetoothUtils( 8588): packagename is android.uid.bluetooth:1002 ,and its permission is false
09-01 14:30:26.454 D/BluetoothUtils( 8588): blockedByLocationOff callingUid=1002
09-01 14:30:26.454 I/BluetoothUtils( 8588): packagename is android.uid.bluetooth:1002 ,and its permission is false
09-01 14:30:26.454 D/BluetoothUtils( 8588): blockedByLocationOff callingUid=1002
09-01 14:30:26.455 I/BluetoothUtils( 8588): packagename is android.uid.bluetooth:1002 ,and its permission is false
09-01 14:30:26.455 D/BluetoothUtils( 8588): blockedByLocationOff callingUid=1002
09-01 14:30:26.455 I/BluetoothUtils( 8588): packagename is android.uid.bluetooth:1002 ,and its permission is false
09-01 14:30:26.455 D/BluetoothUtils( 8588): blockedByLocationOff callingUid=1002
09-01 14:30:26.455 I/BluetoothUtils( 8588): packagename is android.uid.bluetooth:1002 ,and its permission is false
09-01 14:30:26.467 V/bt_stack( 8588): [VERBOSE1:btm_ble_gap.cc(1923)] btm_ble_process_ext_adv_pkt: bda=2d:8f:df:c2:a9:d4
09-01 14:30:26.467 V/bt_stack( 8588): [VERBOSE1:btm_ble_gap.cc(1847)] btm_ble_process_adv_addr: bda=2d:8f:df:c2:a9:d4
09-01 14:30:26.468 D/BluetoothUtils( 8588): blockedByLocationOff callingUid=1002
09-01 14:30:26.468 I/BluetoothUtils( 8588): packagename is android.uid.bluetooth:1002 ,and its permission is false
09-01 14:30:26.468 D/BluetoothUtils( 8588): blockedByLocationOff callingUid=1002
09-01 14:30:26.469 I/BluetoothUtils( 8588): packagename is android.uid.bluetooth:1002 ,and its permission is false
09-01 14:30:26.469 D/BluetoothUtils( 8588): blockedByLocationOff callingUid=1002
09-01 14:30:26.469 I/BluetoothUtils( 8588): packagename is android.uid.bluetooth:1002 ,and its permission is false
09-01 14:30:26.480 V/bt_stack( 8588): [VERBOSE1:btm_ble_gap.cc(1923)] btm_ble_process_ext_adv_pkt: bda=65:4b:eb:fb:21:09
09-01 14:30:26.481 V/bt_stack( 8588): [VERBOSE1:btm_ble_gap.cc(1847)] btm_ble_process_adv_addr: bda=65:4b:eb:fb:21:09
09-01 14:30:26.481 D/BluetoothUtils( 8588): blockedByLocationOff callingUid=1002
09-01 14:30:26.481 I/BluetoothUtils( 8588): packagename is android.uid.bluetooth:1002 ,and its permission is false
09-01 14:30:26.482 D/BluetoothUtils( 8588): blockedByLocationOff callingUid=1002
09-01 14:30:26.482 I/BluetoothUtils( 8588): packagename is android.uid.bluetooth:1002 ,and its permission is false
09-01 14:30:26.482 D/BluetoothUtils( 8588): blockedByLocationOff callingUid=1002
09-01 14:30:26.482 I/BluetoothUtils( 8588): packagename is android.uid.bluetooth:1002 ,and its permission is false
09-01 14:30:26.486 V/bt_stack( 8588): [VERBOSE1:btm_ble_gap.cc(1923)] btm_ble_process_ext_adv_pkt: bda=5c:29:57:19:d9:ea
09-01 14:30:26.486 V/bt_stack( 8588): [VERBOSE1:btm_ble_gap.cc(1847)] btm_ble_process_adv_addr: bda=5c:29:57:19:d9:ea
09-01 14:30:26.487 D/BluetoothUtils( 8588): blockedByLocationOff callingUid=1002
09-01 14:30:26.487 I/BluetoothUtils( 8588): packagename is android.uid.bluetooth:1002 ,and its permission is false
09-01 14:30:26.487 D/BluetoothUtils( 8588): blockedByLocationOff callingUid=1002
09-01 14:30:26.488 I/BluetoothUtils( 8588): packagename is android.uid.bluetooth:1002 ,and its permission is false
09-01 14:30:26.488 D/BluetoothUtils( 8588): blockedByLocationOff callingUid=1002
09-01 14:30:26.488 I/BluetoothUtils( 8588): packagename is android.uid.bluetooth:1002 ,and its permission is false
09-01 14:30:26.489 V/bt_stack( 8588): [VERBOSE1:btm_ble_gap.cc(1923)] btm_ble_process_ext_adv_pkt: bda=2a:99:8c:12:d1:b1
09-01 14:30:26.489 V/bt_stack( 8588): [VERBOSE1:btm_ble_gap.cc(1847)] btm_ble_process_adv_addr: bda=2a:99:8c:12:d1:b1
09-01 14:30:26.490 D/BluetoothUtils( 8588): blockedByLocationOff callingUid=1002
09-01 14:30:26.490 I/BluetoothUtils( 8588): packagename is android.uid.bluetooth:1002 ,and its permission is false
09-01 14:30:26.490 D/BluetoothUtils( 8588): blockedByLocationOff callingUid=1002
09-01 14:30:26.491 I/BluetoothUtils( 8588): packagename is android.uid.bluetooth:1002 ,and its permission is false
09-01 14:30:26.491 D/BluetoothUtils( 8588): blockedByLocationOff callingUid=1002
09-01 14:30:26.491 I/BluetoothUtils( 8588): packagename is android.uid.bluetooth:1002 ,and its permission is false
09-01 14:30:26.499 V/bt_stack( 8588): [VERBOSE1:btm_ble_gap.cc(1923)] btm_ble_process_ext_adv_pkt: bda=19:30:6d:c4:b5:5b
09-01 14:30:26.499 V/bt_stack( 8588): [VERBOSE1:btm_ble_gap.cc(1847)] btm_ble_process_adv_addr: bda=19:30:6d:c4:b5:5b
09-01 14:30:26.500 D/BluetoothUtils( 8588): blockedByLocationOff callingUid=1002
09-01 14:30:26.500 I/BluetoothUtils( 8588): packagename is android.uid.bluetooth:1002 ,and its permission is false
09-01 14:30:26.500 D/BluetoothUtils( 8588): blockedByLocationOff callingUid=1002
09-01 14:30:26.501 I/BluetoothUtils( 8588): packagename is android.uid.bluetooth:1002 ,and its permission is false
09-01 14:30:26.501 D/BluetoothUtils( 8588): blockedByLocationOff callingUid=1002
09-01 14:30:26.501 I/BluetoothUtils( 8588): packagename is android.uid.bluetooth:1002 ,and its permission is false
09-01 14:30:26.502 V/bt_stack( 8588): [VERBOSE1:btm_ble_gap.cc(1923)] btm_ble_process_ext_adv_pkt: bda=5b:ac:e3:62:1e:4e
09-01 14:30:26.502 V/bt_stack( 8588): [VERBOSE1:btm_ble_gap.cc(1847)] btm_ble_process_adv_addr: bda=5b:ac:e3:62:1e:4e
09-01 14:30:26.503 D/BluetoothUtils( 8588): blockedByLocationOff callingUid=1002
09-01 14:30:26.503 I/BluetoothUtils( 8588): packagename is android.uid.bluetooth:1002 ,and its permission is false
09-01 14:30:26.503 D/BluetoothUtils( 8588): blockedByLocationOff callingUid=1002
09-01 14:30:26.503 I/BluetoothUtils( 8588): packagename is android.uid.bluetooth:1002 ,and its permission is false
09-01 14:30:26.503 D/BluetoothUtils( 8588): blockedByLocationOff callingUid=1002
09-01 14:30:26.503 I/BluetoothUtils( 8588): packagename is android.uid.bluetooth:1002 ,and its permission is false
09-01 14:30:26.504 V/bt_stack( 8588): [VERBOSE1:btm_ble_gap.cc(1923)] btm_ble_process_ext_adv_pkt: bda=24:65:c8:81:ba:6f
09-01 14:30:26.504 V/bt_stack( 8588): [VERBOSE1:btm_ble_gap.cc(1847)] btm_ble_process_adv_addr: bda=24:65:c8:81:ba:6f
09-01 14:30:26.505 D/BluetoothUtils( 8588): blockedByLocationOff callingUid=1002
09-01 14:30:26.505 I/BluetoothUtils( 8588): packagename is android.uid.bluetooth:1002 ,and its permission is false
09-01 14:30:26.505 D/BluetoothUtils( 8588): blockedByLocationOff callingUid=1002
09-01 14:30:26.506 I/BluetoothUtils( 8588): packagename is android.uid.bluetooth:1002 ,and its permission is false
09-01 14:30:26.506 D/BluetoothUtils( 8588): blockedByLocationOff callingUid=1002
09-01 14:30:26.506 I/BluetoothUtils( 8588): packagename is android.uid.bluetooth:1002 ,and its permission is false
09-01 14:30:26.510 V/bt_stack( 8588): [VERBOSE1:btm_ble_gap.cc(1923)] btm_ble_process_ext_adv_pkt: bda=0c:1a:06:0e:96:57
09-01 14:30:26.511 V/bt_stack( 8588): [VERBOSE1:btm_ble_gap.cc(1847)] btm_ble_process_adv_addr: bda=0c:1a:06:0e:96:57
09-01 14:30:26.511 D/BluetoothUtils( 8588): blockedByLocationOff callingUid=1002
09-01 14:30:26.512 I/BluetoothUtils( 8588): packagename is android.uid.bluetooth:1002 ,and its permission is false
09-01 14:30:26.512 D/BluetoothUtils( 8588): blockedByLocationOff callingUid=1002
09-01 14:30:26.512 I/BluetoothUtils( 8588): packagename is android.uid.bluetooth:1002 ,and its permission is false
09-01 14:30:26.512 D/BluetoothUtils( 8588): blockedByLocationOff callingUid=1002
09-01 14:30:26.512 I/BluetoothUtils( 8588): packagename is android.uid.bluetooth:1002 ,and its permission is false
09-01 14:30:26.513 V/bt_stack( 8588): [VERBOSE1:btm_ble_gap.cc(1923)] btm_ble_process_ext_adv_pkt: bda=3a:23:cb:4a:85:2d
09-01 14:30:26.513 V/bt_stack( 8588): [VERBOSE1:btm_ble_gap.cc(1847)] btm_ble_process_adv_addr: bda=3a:23:cb:4a:85:2d
09-01 14:30:26.514 D/BluetoothUtils( 8588): blockedByLocationOff callingUid=1002
09-01 14:30:26.514 I/BluetoothUtils( 8588): packagename is android.uid.bluetooth:1002 ,and its permission is false
09-01 14:30:26.514 D/BluetoothUtils( 8588): blockedByLocationOff callingUid=1002
09-01 14:30:26.514 I/BluetoothUtils( 8588): packagename is android.uid.bluetooth:1002 ,and its permission is false
09-01 14:30:26.514 D/BluetoothUtils( 8588): blockedByLocationOff callingUid=1002
09-01 14:30:26.515 I/BluetoothUtils( 8588): packagename is android.uid.bluetooth:1002 ,and its permission is false
09-01 14:30:26.529 V/bt_stack( 8588): [VERBOSE1:btm_ble_gap.cc(1923)] btm_ble_process_ext_adv_pkt: bda=45:82:b1:70:34:77
09-01 14:30:26.529 V/bt_stack( 8588): [VERBOSE1:btm_ble_gap.cc(1847)] btm_ble_process_adv_addr: bda=45:82:b1:70:34:77
09-01 14:30:26.529 V/bt_stack( 8588): [VERBOSE1:btm_ble_gap.cc(2052)]  Waiting for scan response 45:82:b1:70:34:77
09-01 14:30:26.532 V/bt_stack( 8588): [VERBOSE1:btm_ble_gap.cc(1923)] btm_ble_process_ext_adv_pkt: bda=7c:ed:2d:b6:cf:30
09-01 14:30:26.532 V/bt_stack( 8588): [VERBOSE1:btm_ble_gap.cc(1847)] btm_ble_process_adv_addr: bda=7c:ed:2d:b6:cf:30
09-01 14:30:26.532 V/bt_stack( 8588): [VERBOSE1:btm_ble_gap.cc(2052)]  Waiting for scan response 7c:ed:2d:b6:cf:30
09-01 14:30:26.533 V/bt_stack( 8588): [VERBOSE1:btm_ble_gap.cc(1923)] btm_ble_process_ext_adv_pkt: bda=63:e7:6b:57:ac:90
09-01 14:30:26.533 V/bt_stack( 8588): [VERBOSE1:btm_ble_gap.cc(1847)] btm_ble_process_adv_addr: bda=63:e7:6b:57:ac:90
09-01 14:30:26.533 V/bt_stack( 8588): [VERBOSE1:btm_ble_gap.cc(2052)]  Waiting for scan response 63:e7:6b:57:ac:90
09-01 14:30:26.533 V/bt_stack( 8588): [VERBOSE1:btm_ble_gap.cc(1923)] btm_ble_process_ext_adv_pkt: bda=63:e7:6b:57:ac:90
09-01 14:30:26.533 V/bt_stack( 8588): [VERBOSE1:btm_ble_gap.cc(1847)] btm_ble_process_adv_addr: bda=63:e7:6b:57:ac:90
09-01 14:30:26.534 D/BluetoothUtils( 8588): blockedByLocationOff callingUid=1002
09-01 14:30:26.534 I/BluetoothUtils( 8588): packagename is android.uid.bluetooth:1002 ,and its permission is false
09-01 14:30:26.534 D/BluetoothUtils( 8588): blockedByLocationOff callingUid=1002
09-01 14:30:26.535 I/BluetoothUtils( 8588): packagename is android.uid.bluetooth:1002 ,and its permission is false
09-01 14:30:26.535 D/BluetoothUtils( 8588): blockedByLocationOff callingUid=1002
09-01 14:30:26.535 I/BluetoothUtils( 8588): packagename is android.uid.bluetooth:1002 ,and its permission is false
09-01 14:30:26.548 V/bt_stack( 8588): [VERBOSE1:btm_ble_gap.cc(1923)] btm_ble_process_ext_adv_pkt: bda=17:7e:29:ab:4e:d0
09-01 14:30:26.548 V/bt_stack( 8588): [VERBOSE1:btm_ble_gap.cc(1847)] btm_ble_process_adv_addr: bda=17:7e:29:ab:4e:d0
09-01 14:30:26.549 D/BluetoothUtils( 8588): blockedByLocationOff callingUid=1002
09-01 14:30:26.549 I/BluetoothUtils( 8588): packagename is android.uid.bluetooth:1002 ,and its permission is false
09-01 14:30:26.549 D/BluetoothUtils( 8588): blockedByLocationOff callingUid=1002
09-01 14:30:26.549 I/BluetoothUtils( 8588): packagename is android.uid.bluetooth:1002 ,and its permission is false
09-01 14:30:26.549 D/BluetoothUtils( 8588): blockedByLocationOff callingUid=1002
09-01 14:30:26.550 I/BluetoothUtils( 8588): packagename is android.uid.bluetooth:1002 ,and its permission is false
09-01 14:30:26.551 V/bt_stack( 8588): [VERBOSE1:btm_ble_gap.cc(1923)] btm_ble_process_ext_adv_pkt: bda=48:14:81:f8:b8:84
09-01 14:30:26.551 V/bt_stack( 8588): [VERBOSE1:btm_ble_gap.cc(1847)] btm_ble_process_adv_addr: bda=48:14:81:f8:b8:84
09-01 14:30:26.551 V/bt_stack( 8588): [VERBOSE1:btm_ble_gap.cc(2052)]  Waiting for scan response 48:14:81:f8:b8:84
09-01 14:30:26.551 V/bt_stack( 8588): [VERBOSE1:btm_ble_gap.cc(1923)] btm_ble_process_ext_adv_pkt: bda=48:14:81:f8:b8:84
09-01 14:30:26.551 V/bt_stack( 8588): [VERBOSE1:btm_ble_gap.cc(1847)] btm_ble_process_adv_addr: bda=48:14:81:f8:b8:84
09-01 14:30:26.552 D/BluetoothUtils( 8588): blockedByLocationOff callingUid=1002
09-01 14:30:26.552 I/BluetoothUtils( 8588): packagename is android.uid.bluetooth:1002 ,and its permission is false
09-01 14:30:26.552 D/BluetoothUtils( 8588): blockedByLocationOff callingUid=1002
09-01 14:30:26.552 I/BluetoothUtils( 8588): packagename is android.uid.bluetooth:1002 ,and its permission is false
09-01 14:30:26.552 D/BluetoothUtils( 8588): blockedByLocationOff callingUid=1002
09-01 14:30:26.553 I/BluetoothUtils( 8588): packagename is android.uid.bluetooth:1002 ,and its permission is false
09-01 14:30:26.558 V/bt_stack( 8588): [VERBOSE1:btm_ble_gap.cc(1923)] btm_ble_process_ext_adv_pkt: bda=6a:1a:31:28:a4:f8
09-01 14:30:26.558 V/bt_stack( 8588): [VERBOSE1:btm_ble_gap.cc(1847)] btm_ble_process_adv_addr: bda=6a:1a:31:28:a4:f8
09-01 14:30:26.559 D/BluetoothUtils( 8588): blockedByLocationOff callingUid=1002
09-01 14:30:26.559 I/BluetoothUtils( 8588): packagename is android.uid.bluetooth:1002 ,and its permission is false
09-01 14:30:26.559 D/BluetoothUtils( 8588): blockedByLocationOff callingUid=1002
09-01 14:30:26.560 I/BluetoothUtils( 8588): packagename is android.uid.bluetooth:1002 ,and its permission is false
09-01 14:30:26.560 D/BluetoothUtils( 8588): blockedByLocationOff callingUid=1002
09-01 14:30:26.560 I/BluetoothUtils( 8588): packagename is android.uid.bluetooth:1002 ,and its permission is false
09-01 14:30:26.570 V/bt_stack( 8588): [VERBOSE1:btm_ble_gap.cc(1923)] btm_ble_process_ext_adv_pkt: bda=2a:1b:52:ac:62:5d
09-01 14:30:26.570 V/bt_stack( 8588): [VERBOSE1:btm_ble_gap.cc(1847)] btm_ble_process_adv_addr: bda=2a:1b:52:ac:62:5d
09-01 14:30:26.571 D/BluetoothUtils( 8588): blockedByLocationOff callingUid=1002
09-01 14:30:26.571 I/BluetoothUtils( 8588): packagename is android.uid.bluetooth:1002 ,and its permission is false
09-01 14:30:26.571 D/BluetoothUtils( 8588): blockedByLocationOff callingUid=1002
09-01 14:30:26.572 I/BluetoothUtils( 8588): packagename is android.uid.bluetooth:1002 ,and its permission is false
09-01 14:30:26.572 D/BluetoothUtils( 8588): blockedByLocationOff callingUid=1002
09-01 14:30:26.572 I/BluetoothUtils( 8588): packagename is android.uid.bluetooth:1002 ,and its permission is false
09-01 14:30:26.572 V/bt_stack( 8588): [VERBOSE1:btm_ble_gap.cc(1923)] btm_ble_process_ext_adv_pkt: bda=0a:29:89:b7:c8:4a
09-01 14:30:26.572 V/bt_stack( 8588): [VERBOSE1:btm_ble_gap.cc(1847)] btm_ble_process_adv_addr: bda=0a:29:89:b7:c8:4a
09-01 14:30:26.573 D/BluetoothUtils( 8588): blockedByLocationOff callingUid=1002
09-01 14:30:26.573 I/BluetoothUtils( 8588): packagename is android.uid.bluetooth:1002 ,and its permission is false
09-01 14:30:26.573 D/BluetoothUtils( 8588): blockedByLocationOff callingUid=1002
09-01 14:30:26.573 I/BluetoothUtils( 8588): packagename is android.uid.bluetooth:1002 ,and its permission is false
09-01 14:30:26.573 D/BluetoothUtils( 8588): blockedByLocationOff callingUid=1002
09-01 14:30:26.574 I/BluetoothUtils( 8588): packagename is android.uid.bluetooth:1002 ,and its permission is false
09-01 14:30:26.574 V/bt_stack( 8588): [VERBOSE1:btm_ble_gap.cc(1923)] btm_ble_process_ext_adv_pkt: bda=6e:3b:40:73:ff:b3
09-01 14:30:26.574 V/bt_stack( 8588): [VERBOSE1:btm_ble_gap.cc(1847)] btm_ble_process_adv_addr: bda=6e:3b:40:73:ff:b3
09-01 14:30:26.574 V/bt_stack( 8588): [VERBOSE1:btm_ble_gap.cc(2052)]  Waiting for scan response 6e:3b:40:73:ff:b3
09-01 14:30:26.574 V/bt_stack( 8588): [VERBOSE1:btm_ble_gap.cc(1923)] btm_ble_process_ext_adv_pkt: bda=6e:3b:40:73:ff:b3
09-01 14:30:26.574 V/bt_stack( 8588): [VERBOSE1:btm_ble_gap.cc(1847)] btm_ble_process_adv_addr: bda=6e:3b:40:73:ff:b3
09-01 14:30:26.575 D/BluetoothUtils( 8588): blockedByLocationOff callingUid=1002
09-01 14:30:26.575 I/BluetoothUtils( 8588): packagename is android.uid.bluetooth:1002 ,and its permission is false
09-01 14:30:26.576 D/BluetoothUtils( 8588): blockedByLocationOff callingUid=1002
09-01 14:30:26.576 I/BluetoothUtils( 8588): packagename is android.uid.bluetooth:1002 ,and its permission is false
09-01 14:30:26.576 D/BluetoothUtils( 8588): blockedByLocationOff callingUid=1002
09-01 14:30:26.576 I/BluetoothUtils( 8588): packagename is android.uid.bluetooth:1002 ,and its permission is false
09-01 14:30:26.579 V/bt_stack( 8588): [VERBOSE1:btm_ble_gap.cc(1923)] btm_ble_process_ext_adv_pkt: bda=5d:4a:e1:72:21:47
09-01 14:30:26.579 V/bt_stack( 8588): [VERBOSE1:btm_ble_gap.cc(1847)] btm_ble_process_adv_addr: bda=5d:4a:e1:72:21:47
09-01 14:30:26.579 V/bt_stack( 8588): [VERBOSE1:btm_ble_gap.cc(2052)]  Waiting for scan response 5d:4a:e1:72:21:47
09-01 14:30:26.579 V/bt_stack( 8588): [VERBOSE1:btm_ble_gap.cc(1923)] btm_ble_process_ext_adv_pkt: bda=5d:4a:e1:72:21:47
09-01 14:30:26.579 V/bt_stack( 8588): [VERBOSE1:btm_ble_gap.cc(1847)] btm_ble_process_adv_addr: bda=5d:4a:e1:72:21:47
09-01 14:30:26.580 D/BluetoothUtils( 8588): blockedByLocationOff callingUid=1002
09-01 14:30:26.580 I/BluetoothUtils( 8588): packagename is android.uid.bluetooth:1002 ,and its permission is false
09-01 14:30:26.581 D/BluetoothUtils( 8588): blockedByLocationOff callingUid=1002
09-01 14:30:26.581 I/BluetoothUtils( 8588): packagename is android.uid.bluetooth:1002 ,and its permission is false
09-01 14:30:26.581 D/BluetoothUtils( 8588): blockedByLocationOff callingUid=1002
09-01 14:30:26.581 I/BluetoothUtils( 8588): packagename is android.uid.bluetooth:1002 ,and its permission is false
09-01 14:30:26.582 V/bt_stack( 8588): [VERBOSE1:btm_ble_gap.cc(1923)] btm_ble_process_ext_adv_pkt: bda=17:be:83:99:5a:17
09-01 14:30:26.582 V/bt_stack( 8588): [VERBOSE1:btm_ble_gap.cc(1847)] btm_ble_process_adv_addr: bda=17:be:83:99:5a:17
09-01 14:30:26.582 D/BluetoothUtils( 8588): blockedByLocationOff callingUid=1002
09-01 14:30:26.583 I/BluetoothUtils( 8588): packagename is android.uid.bluetooth:1002 ,and its permission is false
09-01 14:30:26.583 D/BluetoothUtils( 8588): blockedByLocationOff callingUid=1002
09-01 14:30:26.583 I/BluetoothUtils( 8588): packagename is android.uid.bluetooth:1002 ,and its permission is false
09-01 14:30:26.583 D/BluetoothUtils( 8588): blockedByLocationOff callingUid=1002
09-01 14:30:26.583 I/BluetoothUtils( 8588): packagename is android.uid.bluetooth:1002 ,and its permission is false
09-01 14:30:26.587 V/bt_stack( 8588): [VERBOSE1:btm_ble_gap.cc(1923)] btm_ble_process_ext_adv_pkt: bda=65:4b:eb:fb:21:09
09-01 14:30:26.588 V/bt_stack( 8588): [VERBOSE1:btm_ble_gap.cc(1847)] btm_ble_process_adv_addr: bda=65:4b:eb:fb:21:09
09-01 14:30:26.588 D/BluetoothUtils( 8588): blockedByLocationOff callingUid=1002
09-01 14:30:26.589 I/BluetoothUtils( 8588): packagename is android.uid.bluetooth:1002 ,and its permission is false
09-01 14:30:26.589 D/BluetoothUtils( 8588): blockedByLocationOff callingUid=1002
09-01 14:30:26.589 I/BluetoothUtils( 8588): packagename is android.uid.bluetooth:1002 ,and its permission is false
09-01 14:30:26.589 D/BluetoothUtils( 8588): blockedByLocationOff callingUid=1002
09-01 14:30:26.589 I/BluetoothUtils( 8588): packagename is android.uid.bluetooth:1002 ,and its permission is false
09-01 14:30:26.596 V/bt_stack( 8588): [VERBOSE1:btm_ble_gap.cc(1923)] btm_ble_process_ext_adv_pkt: bda=19:30:6d:c4:b5:5b
09-01 14:30:26.596 V/bt_stack( 8588): [VERBOSE1:btm_ble_gap.cc(1847)] btm_ble_process_adv_addr: bda=19:30:6d:c4:b5:5b
09-01 14:30:26.596 D/BluetoothUtils( 8588): blockedByLocationOff callingUid=1002
09-01 14:30:26.597 I/BluetoothUtils( 8588): packagename is android.uid.bluetooth:1002 ,and its permission is false
09-01 14:30:26.597 D/BluetoothUtils( 8588): blockedByLocationOff callingUid=1002
09-01 14:30:26.597 I/BluetoothUtils( 8588): packagename is android.uid.bluetooth:1002 ,and its permission is false
09-01 14:30:26.597 D/BluetoothUtils( 8588): blockedByLocationOff callingUid=1002
09-01 14:30:26.597 I/BluetoothUtils( 8588): packagename is android.uid.bluetooth:1002 ,and its permission is false
09-01 14:30:26.605 V/bt_stack( 8588): [VERBOSE1:btm_ble_gap.cc(1923)] btm_ble_process_ext_adv_pkt: bda=e3:b2:3e:c1:93:59
09-01 14:30:26.605 V/bt_stack( 8588): [VERBOSE1:btm_ble_gap.cc(1847)] btm_ble_process_adv_addr: bda=e3:b2:3e:c1:93:59
09-01 14:30:26.606 V/bt_stack( 8588): [VERBOSE1:btm_ble_gap.cc(2052)]  Waiting for scan response e3:b2:3e:c1:93:59
09-01 14:30:26.609 V/bt_stack( 8588): [VERBOSE1:btm_ble_gap.cc(1923)] btm_ble_process_ext_adv_pkt: bda=76:43:75:32:34:8f
09-01 14:30:26.609 V/bt_stack( 8588): [VERBOSE1:btm_ble_gap.cc(1847)] btm_ble_process_adv_addr: bda=76:43:75:32:34:8f
09-01 14:30:26.609 V/bt_stack( 8588): [VERBOSE1:btm_ble_gap.cc(2052)]  Waiting for scan response 76:43:75:32:34:8f
09-01 14:30:26.609 V/bt_stack( 8588): [VERBOSE1:btm_ble_gap.cc(1923)] btm_ble_process_ext_adv_pkt: bda=24:65:c8:81:ba:6f
09-01 14:30:26.610 V/bt_stack( 8588): [VERBOSE1:btm_ble_gap.cc(1847)] btm_ble_process_adv_addr: bda=24:65:c8:81:ba:6f
09-01 14:30:26.610 D/BluetoothUtils( 8588): blockedByLocationOff callingUid=1002
09-01 14:30:26.611 I/BluetoothUtils( 8588): packagename is android.uid.bluetooth:1002 ,and its permission is false
09-01 14:30:26.611 D/BluetoothUtils( 8588): blockedByLocationOff callingUid=1002
09-01 14:30:26.611 I/BluetoothUtils( 8588): packagename is android.uid.bluetooth:1002 ,and its permission is false
09-01 14:30:26.611 D/BluetoothUtils( 8588): blockedByLocationOff callingUid=1002
09-01 14:30:26.611 I/BluetoothUtils( 8588): packagename is android.uid.bluetooth:1002 ,and its permission is false
09-01 14:30:26.619 V/bt_stack( 8588): [VERBOSE1:btm_ble_gap.cc(1923)] btm_ble_process_ext_adv_pkt: bda=3a:23:cb:4a:85:2d
09-01 14:30:26.619 V/bt_stack( 8588): [VERBOSE1:btm_ble_gap.cc(1847)] btm_ble_process_adv_addr: bda=3a:23:cb:4a:85:2d
09-01 14:30:26.620 D/BluetoothUtils( 8588): blockedByLocationOff callingUid=1002
09-01 14:30:26.620 I/BluetoothUtils( 8588): packagename is android.uid.bluetooth:1002 ,and its permission is false
09-01 14:30:26.620 D/BluetoothUtils( 8588): blockedByLocationOff callingUid=1002
09-01 14:30:26.620 I/BluetoothUtils( 8588): packagename is android.uid.bluetooth:1002 ,and its permission is false
09-01 14:30:26.620 D/BluetoothUtils( 8588): blockedByLocationOff callingUid=1002
09-01 14:30:26.621 I/BluetoothUtils( 8588): packagename is android.uid.bluetooth:1002 ,and its permission is false
09-01 14:30:26.624 V/bt_stack( 8588): [VERBOSE1:btm_ble_gap.cc(1923)] btm_ble_process_ext_adv_pkt: bda=07:e4:7f:b4:5f:d9
09-01 14:30:26.624 V/bt_stack( 8588): [VERBOSE1:btm_ble_gap.cc(1847)] btm_ble_process_adv_addr: bda=07:e4:7f:b4:5f:d9
09-01 14:30:26.625 V/bt_stack( 8588): [VERBOSE1:btm_ble_gap.cc(1923)] btm_ble_process_ext_adv_pkt: bda=2e:17:70:f9:0b:48
09-01 14:30:26.625 V/bt_stack( 8588): [VERBOSE1:btm_ble_gap.cc(1847)] btm_ble_process_adv_addr: bda=2e:17:70:f9:0b:48
09-01 14:30:26.625 D/BluetoothUtils( 8588): blockedByLocationOff callingUid=1002
09-01 14:30:26.625 I/BluetoothUtils( 8588): packagename is android.uid.bluetooth:1002 ,and its permission is false
09-01 14:30:26.626 D/BluetoothUtils( 8588): blockedByLocationOff callingUid=1002
09-01 14:30:26.626 I/BluetoothUtils( 8588): packagename is android.uid.bluetooth:1002 ,and its permission is false
09-01 14:30:26.626 D/BluetoothUtils( 8588): blockedByLocationOff callingUid=1002
09-01 14:30:26.626 I/BluetoothUtils( 8588): packagename is android.uid.bluetooth:1002 ,and its permission is false
09-01 14:30:26.627 D/BluetoothUtils( 8588): blockedByLocationOff callingUid=1002
09-01 14:30:26.627 I/BluetoothUtils( 8588): packagename is android.uid.bluetooth:1002 ,and its permission is false
09-01 14:30:26.627 D/BluetoothUtils( 8588): blockedByLocationOff callingUid=1002
09-01 14:30:26.627 I/BluetoothUtils( 8588): packagename is android.uid.bluetooth:1002 ,and its permission is false
09-01 14:30:26.627 D/BluetoothUtils( 8588): blockedByLocationOff callingUid=1002
09-01 14:30:26.627 I/BluetoothUtils( 8588): packagename is android.uid.bluetooth:1002 ,and its permission is false
09-01 14:30:26.633 V/bt_stack( 8588): [VERBOSE1:btm_ble_gap.cc(1923)] btm_ble_process_ext_adv_pkt: bda=72:1f:5b:cb:e4:06
09-01 14:30:26.633 V/bt_stack( 8588): [VERBOSE1:btm_ble_gap.cc(1847)] btm_ble_process_adv_addr: bda=72:1f:5b:cb:e4:06
09-01 14:30:26.633 V/bt_stack( 8588): [VERBOSE1:btm_ble_gap.cc(2052)]  Waiting for scan response 72:1f:5b:cb:e4:06
09-01 14:30:26.634 V/bt_stack( 8588): [VERBOSE1:btm_ble_gap.cc(1923)] btm_ble_process_ext_adv_pkt: bda=72:1f:5b:cb:e4:06
09-01 14:30:26.634 V/bt_stack( 8588): [VERBOSE1:btm_ble_gap.cc(1847)] btm_ble_process_adv_addr: bda=72:1f:5b:cb:e4:06
09-01 14:30:26.634 D/BluetoothUtils( 8588): blockedByLocationOff callingUid=1002
09-01 14:30:26.635 I/BluetoothUtils( 8588): packagename is android.uid.bluetooth:1002 ,and its permission is false
09-01 14:30:26.635 D/BluetoothUtils( 8588): blockedByLocationOff callingUid=1002
09-01 14:30:26.635 I/BluetoothUtils( 8588): packagename is android.uid.bluetooth:1002 ,and its permission is false
09-01 14:30:26.635 D/BluetoothUtils( 8588): blockedByLocationOff callingUid=1002
09-01 14:30:26.635 I/BluetoothUtils( 8588): packagename is android.uid.bluetooth:1002 ,and its permission is false
09-01 14:30:26.642 V/bt_stack( 8588): [VERBOSE1:btm_ble_gap.cc(1923)] btm_ble_process_ext_adv_pkt: bda=4b:2f:6d:75:86:77
09-01 14:30:26.642 V/bt_stack( 8588): [VERBOSE1:btm_ble_gap.cc(1847)] btm_ble_process_adv_addr: bda=4b:2f:6d:75:86:77
09-01 14:30:26.642 V/bt_stack( 8588): [VERBOSE1:btm_ble_gap.cc(2052)]  Waiting for scan response 4b:2f:6d:75:86:77
09-01 14:30:26.642 V/bt_stack( 8588): [VERBOSE1:btm_ble_gap.cc(1923)] btm_ble_process_ext_adv_pkt: bda=4b:2f:6d:75:86:77
09-01 14:30:26.642 V/bt_stack( 8588): [VERBOSE1:btm_ble_gap.cc(1847)] btm_ble_process_adv_addr: bda=4b:2f:6d:75:86:77
09-01 14:30:26.643 D/BluetoothUtils( 8588): blockedByLocationOff callingUid=1002
09-01 14:30:26.643 I/BluetoothUtils( 8588): packagename is android.uid.bluetooth:1002 ,and its permission is false
09-01 14:30:26.643 D/BluetoothUtils( 8588): blockedByLocationOff callingUid=1002
09-01 14:30:26.644 I/BluetoothUtils( 8588): packagename is android.uid.bluetooth:1002 ,and its permission is false
09-01 14:30:26.644 D/BluetoothUtils( 8588): blockedByLocationOff callingUid=1002
09-01 14:30:26.644 I/BluetoothUtils( 8588): packagename is android.uid.bluetooth:1002 ,and its permission is false
09-01 14:30:26.647 V/bt_stack( 8588): [VERBOSE1:btm_ble_gap.cc(1923)] btm_ble_process_ext_adv_pkt: bda=36:c9:49:a0:b6:9d
09-01 14:30:26.647 V/bt_stack( 8588): [VERBOSE1:btm_ble_gap.cc(1847)] btm_ble_process_adv_addr: bda=36:c9:49:a0:b6:9d
09-01 14:30:26.648 D/BluetoothUtils( 8588): blockedByLocationOff callingUid=1002
09-01 14:30:26.648 I/BluetoothUtils( 8588): packagename is android.uid.bluetooth:1002 ,and its permission is false
09-01 14:30:26.648 D/BluetoothUtils( 8588): blockedByLocationOff callingUid=1002
09-01 14:30:26.649 I/BluetoothUtils( 8588): packagename is android.uid.bluetooth:1002 ,and its permission is false
09-01 14:30:26.649 D/BluetoothUtils( 8588): blockedByLocationOff callingUid=1002
09-01 14:30:26.649 I/BluetoothUtils( 8588): packagename is android.uid.bluetooth:1002 ,and its permission is false
09-01 14:30:26.670 V/bt_stack( 8588): [VERBOSE1:btm_ble_gap.cc(1923)] btm_ble_process_ext_adv_pkt: bda=c2:b5:5e:9d:d6:9e
09-01 14:30:26.671 V/bt_stack( 8588): [VERBOSE1:btm_ble_gap.cc(1847)] btm_ble_process_adv_addr: bda=c2:b5:5e:9d:d6:9e
09-01 14:30:26.671 V/bt_stack( 8588): [VERBOSE1:btm_ble_gap.cc(2052)]  Waiting for scan response c2:b5:5e:9d:d6:9e
09-01 14:30:26.672 I/MiuiNetworkPolicy( 1639): bandwidth: 1 KB/s, Max bandwidth: 3727 KB/s
09-01 14:30:26.674 V/bt_stack( 8588): [VERBOSE1:btm_ble_gap.cc(1923)] btm_ble_process_ext_adv_pkt: bda=75:55:30:69:5d:bf
09-01 14:30:26.674 V/bt_stack( 8588): [VERBOSE1:btm_ble_gap.cc(1847)] btm_ble_process_adv_addr: bda=75:55:30:69:5d:bf
09-01 14:30:26.674 V/bt_stack( 8588): [VERBOSE1:btm_ble_gap.cc(2052)]  Waiting for scan response 75:55:30:69:5d:bf
09-01 14:30:26.674 V/bt_stack( 8588): [VERBOSE1:btm_ble_gap.cc(1923)] btm_ble_process_ext_adv_pkt: bda=2a:1b:52:ac:62:5d
09-01 14:30:26.674 V/bt_stack( 8588): [VERBOSE1:btm_ble_gap.cc(1847)] btm_ble_process_adv_addr: bda=2a:1b:52:ac:62:5d
09-01 14:30:26.676 V/bt_stack( 8588): [VERBOSE1:btm_ble_gap.cc(1923)] btm_ble_process_ext_adv_pkt: bda=0a:29:89:b7:c8:4a
09-01 14:30:26.676 V/bt_stack( 8588): [VERBOSE1:btm_ble_gap.cc(1847)] btm_ble_process_adv_addr: bda=0a:29:89:b7:c8:4a
09-01 14:30:26.676 D/BluetoothUtils( 8588): blockedByLocationOff callingUid=1002
09-01 14:30:26.677 I/BluetoothUtils( 8588): packagename is android.uid.bluetooth:1002 ,and its permission is false
09-01 14:30:26.677 D/BluetoothUtils( 8588): blockedByLocationOff callingUid=1002
09-01 14:30:26.677 I/BluetoothUtils( 8588): packagename is android.uid.bluetooth:1002 ,and its permission is false
09-01 14:30:26.677 D/BluetoothUtils( 8588): blockedByLocationOff callingUid=1002
09-01 14:30:26.677 I/BluetoothUtils( 8588): packagename is android.uid.bluetooth:1002 ,and its permission is false
09-01 14:30:26.678 D/BluetoothUtils( 8588): blockedByLocationOff callingUid=1002
09-01 14:30:26.679 I/BluetoothUtils( 8588): packagename is android.uid.bluetooth:1002 ,and its permission is false
09-01 14:30:26.679 D/BluetoothUtils( 8588): blockedByLocationOff callingUid=1002
09-01 14:30:26.679 I/BluetoothUtils( 8588): packagename is android.uid.bluetooth:1002 ,and its permission is false
09-01 14:30:26.679 D/BluetoothUtils( 8588): blockedByLocationOff callingUid=1002
09-01 14:30:26.680 I/BluetoothUtils( 8588): packagename is android.uid.bluetooth:1002 ,and its permission is false
09-01 14:30:26.682 V/bt_stack( 8588): [VERBOSE1:btm_ble_gap.cc(1923)] btm_ble_process_ext_adv_pkt: bda=17:be:83:99:5a:17
09-01 14:30:26.682 V/bt_stack( 8588): [VERBOSE1:btm_ble_gap.cc(1847)] btm_ble_process_adv_addr: bda=17:be:83:99:5a:17
09-01 14:30:26.683 D/BluetoothUtils( 8588): blockedByLocationOff callingUid=1002
09-01 14:30:26.683 I/BluetoothUtils( 8588): packagename is android.uid.bluetooth:1002 ,and its permission is false
09-01 14:30:26.683 D/BluetoothUtils( 8588): blockedByLocationOff callingUid=1002
09-01 14:30:26.684 I/BluetoothUtils( 8588): packagename is android.uid.bluetooth:1002 ,and its permission is false
09-01 14:30:26.684 D/BluetoothUtils( 8588): blockedByLocationOff callingUid=1002
09-01 14:30:26.684 I/BluetoothUtils( 8588): packagename is android.uid.bluetooth:1002 ,and its permission is false
09-01 14:30:26.693 V/bt_stack( 8588): [VERBOSE1:btm_ble_gap.cc(1923)] btm_ble_process_ext_adv_pkt: bda=2a:99:8c:12:d1:b1
09-01 14:30:26.693 V/bt_stack( 8588): [VERBOSE1:btm_ble_gap.cc(1847)] btm_ble_process_adv_addr: bda=2a:99:8c:12:d1:b1
09-01 14:30:26.694 D/BluetoothUtils( 8588): blockedByLocationOff callingUid=1002
09-01 14:30:26.694 V/bt_stack( 8588): [VERBOSE1:btm_ble_gap.cc(1923)] btm_ble_process_ext_adv_pkt: bda=65:4b:eb:fb:21:09
09-01 14:30:26.694 I/BluetoothUtils( 8588): packagename is android.uid.bluetooth:1002 ,and its permission is false
09-01 14:30:26.694 V/bt_stack( 8588): [VERBOSE1:btm_ble_gap.cc(1847)] btm_ble_process_adv_addr: bda=65:4b:eb:fb:21:09
09-01 14:30:26.694 D/BluetoothUtils( 8588): blockedByLocationOff callingUid=1002
09-01 14:30:26.695 I/BluetoothUtils( 8588): packagename is android.uid.bluetooth:1002 ,and its permission is false
09-01 14:30:26.695 D/BluetoothUtils( 8588): blockedByLocationOff callingUid=1002
09-01 14:30:26.695 I/BluetoothUtils( 8588): packagename is android.uid.bluetooth:1002 ,and its permission is false
09-01 14:30:26.696 D/BluetoothUtils( 8588): blockedByLocationOff callingUid=1002
09-01 14:30:26.696 I/BluetoothUtils( 8588): packagename is android.uid.bluetooth:1002 ,and its permission is false
09-01 14:30:26.696 D/BluetoothUtils( 8588): blockedByLocationOff callingUid=1002
09-01 14:30:26.696 I/BluetoothUtils( 8588): packagename is android.uid.bluetooth:1002 ,and its permission is false
09-01 14:30:26.697 D/BluetoothUtils( 8588): blockedByLocationOff callingUid=1002
09-01 14:30:26.697 I/BluetoothUtils( 8588): packagename is android.uid.bluetooth:1002 ,and its permission is false
09-01 14:30:26.699 V/bt_stack( 8588): [VERBOSE1:btm_ble_gap.cc(1923)] btm_ble_process_ext_adv_pkt: bda=12:72:eb:81:32:03
09-01 14:30:26.699 V/bt_stack( 8588): [VERBOSE1:btm_ble_gap.cc(1847)] btm_ble_process_adv_addr: bda=12:72:eb:81:32:03
09-01 14:30:26.700 D/BluetoothUtils( 8588): blockedByLocationOff callingUid=1002
09-01 14:30:26.700 I/BluetoothUtils( 8588): packagename is android.uid.bluetooth:1002 ,and its permission is false
09-01 14:30:26.701 V/bt_stack( 8588): [VERBOSE1:btm_ble_gap.cc(1923)] btm_ble_process_ext_adv_pkt: bda=06:fa:50:9b:39:c0
09-01 14:30:26.701 D/BluetoothUtils( 8588): blockedByLocationOff callingUid=1002
09-01 14:30:26.701 V/bt_stack( 8588): [VERBOSE1:btm_ble_gap.cc(1847)] btm_ble_process_adv_addr: bda=06:fa:50:9b:39:c0
09-01 14:30:26.701 I/BluetoothUtils( 8588): packagename is android.uid.bluetooth:1002 ,and its permission is false
09-01 14:30:26.701 D/BluetoothUtils( 8588): blockedByLocationOff callingUid=1002
09-01 14:30:26.701 I/BluetoothUtils( 8588): packagename is android.uid.bluetooth:1002 ,and its permission is false
09-01 14:30:26.702 V/bt_stack( 8588): [VERBOSE1:btm_ble_gap.cc(1923)] btm_ble_process_ext_adv_pkt: bda=19:30:6d:c4:b5:5b
09-01 14:30:26.702 V/bt_stack( 8588): [VERBOSE1:btm_ble_gap.cc(1847)] btm_ble_process_adv_addr: bda=19:30:6d:c4:b5:5b
09-01 14:30:26.702 D/BluetoothUtils( 8588): blockedByLocationOff callingUid=1002
09-01 14:30:26.702 I/BluetoothUtils( 8588): packagename is android.uid.bluetooth:1002 ,and its permission is false
09-01 14:30:26.702 D/BluetoothUtils( 8588): blockedByLocationOff callingUid=1002
09-01 14:30:26.703 I/BluetoothUtils( 8588): packagename is android.uid.bluetooth:1002 ,and its permission is false
09-01 14:30:26.704 D/BluetoothUtils( 8588): blockedByLocationOff callingUid=1002
09-01 14:30:26.704 I/BluetoothUtils( 8588): packagename is android.uid.bluetooth:1002 ,and its permission is false
09-01 14:30:26.705 D/BluetoothUtils( 8588): blockedByLocationOff callingUid=1002
09-01 14:30:26.705 I/BluetoothUtils( 8588): packagename is android.uid.bluetooth:1002 ,and its permission is false
09-01 14:30:26.705 D/BluetoothUtils( 8588): blockedByLocationOff callingUid=1002
09-01 14:30:26.705 I/BluetoothUtils( 8588): packagename is android.uid.bluetooth:1002 ,and its permission is false
09-01 14:30:26.705 D/BluetoothUtils( 8588): blockedByLocationOff callingUid=1002
09-01 14:30:26.706 I/BluetoothUtils( 8588): packagename is android.uid.bluetooth:1002 ,and its permission is false
09-01 14:30:26.713 V/bt_stack( 8588): [VERBOSE1:btm_ble_gap.cc(1923)] btm_ble_process_ext_adv_pkt: bda=67:ec:83:7e:42:50
09-01 14:30:26.713 V/bt_stack( 8588): [VERBOSE1:btm_ble_gap.cc(1847)] btm_ble_process_adv_addr: bda=67:ec:83:7e:42:50
09-01 14:30:26.713 V/bt_stack( 8588): [VERBOSE1:btm_ble_gap.cc(2052)]  Waiting for scan response 67:ec:83:7e:42:50
09-01 14:30:26.713 V/bt_stack( 8588): [VERBOSE1:btm_ble_gap.cc(1923)] btm_ble_process_ext_adv_pkt: bda=67:ec:83:7e:42:50
09-01 14:30:26.713 V/bt_stack( 8588): [VERBOSE1:btm_ble_gap.cc(1847)] btm_ble_process_adv_addr: bda=67:ec:83:7e:42:50
09-01 14:30:26.714 D/BluetoothUtils( 8588): blockedByLocationOff callingUid=1002
09-01 14:30:26.715 I/BluetoothUtils( 8588): packagename is android.uid.bluetooth:1002 ,and its permission is false
09-01 14:30:26.715 D/BluetoothUtils( 8588): blockedByLocationOff callingUid=1002
09-01 14:30:26.715 I/BluetoothUtils( 8588): packagename is android.uid.bluetooth:1002 ,and its permission is false
09-01 14:30:26.715 D/BluetoothUtils( 8588): blockedByLocationOff callingUid=1002
09-01 14:30:26.716 I/BluetoothUtils( 8588): packagename is android.uid.bluetooth:1002 ,and its permission is false
09-01 14:30:26.722 V/bt_stack( 8588): [VERBOSE1:btm_ble_gap.cc(1923)] btm_ble_process_ext_adv_pkt: bda=24:65:c8:81:ba:6f
09-01 14:30:26.723 V/bt_stack( 8588): [VERBOSE1:btm_ble_gap.cc(1847)] btm_ble_process_adv_addr: bda=24:65:c8:81:ba:6f
09-01 14:30:26.724 V/bt_stack( 8588): [VERBOSE1:btm_ble_gap.cc(1923)] btm_ble_process_ext_adv_pkt: bda=56:e4:da:79:d5:88
09-01 14:30:26.724 D/BluetoothUtils( 8588): blockedByLocationOff callingUid=1002
09-01 14:30:26.724 V/bt_stack( 8588): [VERBOSE1:btm_ble_gap.cc(1847)] btm_ble_process_adv_addr: bda=56:e4:da:79:d5:88
09-01 14:30:26.724 V/bt_stack( 8588): [VERBOSE1:btm_ble_gap.cc(2052)]  Waiting for scan response 56:e4:da:79:d5:88
09-01 14:30:26.724 V/bt_stack( 8588): [VERBOSE1:btm_ble_gap.cc(1923)] btm_ble_process_ext_adv_pkt: bda=56:e4:da:79:d5:88
09-01 14:30:26.724 V/bt_stack( 8588): [VERBOSE1:btm_ble_gap.cc(1847)] btm_ble_process_adv_addr: bda=56:e4:da:79:d5:88
09-01 14:30:26.724 I/BluetoothUtils( 8588): packagename is android.uid.bluetooth:1002 ,and its permission is false
09-01 14:30:26.724 D/BluetoothUtils( 8588): blockedByLocationOff callingUid=1002
09-01 14:30:26.725 I/BluetoothUtils( 8588): packagename is android.uid.bluetooth:1002 ,and its permission is false
09-01 14:30:26.725 D/BluetoothUtils( 8588): blockedByLocationOff callingUid=1002
09-01 14:30:26.725 I/BluetoothUtils( 8588): packagename is android.uid.bluetooth:1002 ,and its permission is false
09-01 14:30:26.726 D/BluetoothUtils( 8588): blockedByLocationOff callingUid=1002
09-01 14:30:26.726 I/BluetoothUtils( 8588): packagename is android.uid.bluetooth:1002 ,and its permission is false
09-01 14:30:26.726 D/BluetoothUtils( 8588): blockedByLocationOff callingUid=1002
09-01 14:30:26.726 I/BluetoothUtils( 8588): packagename is android.uid.bluetooth:1002 ,and its permission is false
09-01 14:30:26.726 D/BluetoothUtils( 8588): blockedByLocationOff callingUid=1002
09-01 14:30:26.727 I/BluetoothUtils( 8588): packagename is android.uid.bluetooth:1002 ,and its permission is false
09-01 14:30:26.732 V/bt_stack( 8588): [VERBOSE1:btm_ble_gap.cc(1923)] btm_ble_process_ext_adv_pkt: bda=07:e4:7f:b4:5f:d9
09-01 14:30:26.732 V/bt_stack( 8588): [VERBOSE1:btm_ble_gap.cc(1847)] btm_ble_process_adv_addr: bda=07:e4:7f:b4:5f:d9
09-01 14:30:26.734 D/BluetoothUtils( 8588): blockedByLocationOff callingUid=1002
09-01 14:30:26.735 I/BluetoothUtils( 8588): packagename is android.uid.bluetooth:1002 ,and its permission is false
09-01 14:30:26.735 D/BluetoothUtils( 8588): blockedByLocationOff callingUid=1002
09-01 14:30:26.735 I/BluetoothUtils( 8588): packagename is android.uid.bluetooth:1002 ,and its permission is false
09-01 14:30:26.735 D/BluetoothUtils( 8588): blockedByLocationOff callingUid=1002
09-01 14:30:26.736 I/BluetoothUtils( 8588): packagename is android.uid.bluetooth:1002 ,and its permission is false
09-01 14:30:26.740 V/bt_stack( 8588): [VERBOSE1:btm_ble_gap.cc(1923)] btm_ble_process_ext_adv_pkt: bda=70:33:97:a2:2a:78
09-01 14:30:26.740 V/bt_stack( 8588): [VERBOSE1:btm_ble_gap.cc(1847)] btm_ble_process_adv_addr: bda=70:33:97:a2:2a:78
09-01 14:30:26.741 V/bt_stack( 8588): [VERBOSE1:btm_ble_gap.cc(2052)]  Waiting for scan response 70:33:97:a2:2a:78
09-01 14:30:26.741 V/bt_stack( 8588): [VERBOSE1:btm_ble_gap.cc(1923)] btm_ble_process_ext_adv_pkt: bda=70:33:97:a2:2a:78
09-01 14:30:26.741 V/bt_stack( 8588): [VERBOSE1:btm_ble_gap.cc(1847)] btm_ble_process_adv_addr: bda=70:33:97:a2:2a:78
09-01 14:30:26.741 D/BluetoothUtils( 8588): blockedByLocationOff callingUid=1002
09-01 14:30:26.742 I/BluetoothUtils( 8588): packagename is android.uid.bluetooth:1002 ,and its permission is false
09-01 14:30:26.742 D/BluetoothUtils( 8588): blockedByLocationOff callingUid=1002
09-01 14:30:26.742 I/BluetoothUtils( 8588): packagename is android.uid.bluetooth:1002 ,and its permission is false
09-01 14:30:26.742 D/BluetoothUtils( 8588): blockedByLocationOff callingUid=1002
09-01 14:30:26.743 I/BluetoothUtils( 8588): packagename is android.uid.bluetooth:1002 ,and its permission is false
09-01 14:30:26.748 V/bt_stack( 8588): [VERBOSE1:btm_ble_gap.cc(1923)] btm_ble_process_ext_adv_pkt: bda=36:c9:49:a0:b6:9d
09-01 14:30:26.748 V/bt_stack( 8588): [VERBOSE1:btm_ble_gap.cc(1847)] btm_ble_process_adv_addr: bda=36:c9:49:a0:b6:9d
09-01 14:30:26.749 D/BluetoothUtils( 8588): blockedByLocationOff callingUid=1002
09-01 14:30:26.749 I/BluetoothUtils( 8588): packagename is android.uid.bluetooth:1002 ,and its permission is false
09-01 14:30:26.749 D/BluetoothUtils( 8588): blockedByLocationOff callingUid=1002
09-01 14:30:26.750 I/BluetoothUtils( 8588): packagename is android.uid.bluetooth:1002 ,and its permission is false
09-01 14:30:26.750 D/BluetoothUtils( 8588): blockedByLocationOff callingUid=1002
09-01 14:30:26.750 I/BluetoothUtils( 8588): packagename is android.uid.bluetooth:1002 ,and its permission is false
09-01 14:30:26.758 V/bt_stack( 8588): [VERBOSE1:btm_ble_gap.cc(1923)] btm_ble_process_ext_adv_pkt: bda=17:7e:29:ab:4e:d0
09-01 14:30:26.758 V/bt_stack( 8588): [VERBOSE1:btm_ble_gap.cc(1847)] btm_ble_process_adv_addr: bda=17:7e:29:ab:4e:d0
09-01 14:30:26.759 D/BluetoothUtils( 8588): blockedByLocationOff callingUid=1002
09-01 14:30:26.760 I/BluetoothUtils( 8588): packagename is android.uid.bluetooth:1002 ,and its permission is false
09-01 14:30:26.760 D/BluetoothUtils( 8588): blockedByLocationOff callingUid=1002
09-01 14:30:26.760 I/BluetoothUtils( 8588): packagename is android.uid.bluetooth:1002 ,and its permission is false
09-01 14:30:26.761 D/BluetoothUtils( 8588): blockedByLocationOff callingUid=1002
09-01 14:30:26.761 I/BluetoothUtils( 8588): packagename is android.uid.bluetooth:1002 ,and its permission is false
09-01 14:30:26.772 V/bt_stack( 8588): [VERBOSE1:btm_ble_gap.cc(1923)] btm_ble_process_ext_adv_pkt: bda=6a:1a:31:28:a4:f8
09-01 14:30:26.772 V/bt_stack( 8588): [VERBOSE1:btm_ble_gap.cc(1847)] btm_ble_process_adv_addr: bda=6a:1a:31:28:a4:f8
09-01 14:30:26.774 V/bt_stack( 8588): [VERBOSE1:btm_ble_gap.cc(1923)] btm_ble_process_ext_adv_pkt: bda=2a:1b:52:ac:62:5d
09-01 14:30:26.774 V/bt_stack( 8588): [VERBOSE1:btm_ble_gap.cc(1847)] btm_ble_process_adv_addr: bda=2a:1b:52:ac:62:5d
09-01 14:30:26.774 D/BluetoothUtils( 8588): blockedByLocationOff callingUid=1002
09-01 14:30:26.775 I/BluetoothUtils( 8588): packagename is android.uid.bluetooth:1002 ,and its permission is false
09-01 14:30:26.775 V/bt_stack( 8588): [VERBOSE1:btm_ble_gap.cc(1923)] btm_ble_process_ext_adv_pkt: bda=0a:29:89:b7:c8:4a
09-01 14:30:26.775 V/bt_stack( 8588): [VERBOSE1:btm_ble_gap.cc(1847)] btm_ble_process_adv_addr: bda=0a:29:89:b7:c8:4a
09-01 14:30:26.775 D/BluetoothUtils( 8588): blockedByLocationOff callingUid=1002
09-01 14:30:26.776 I/BluetoothUtils( 8588): packagename is android.uid.bluetooth:1002 ,and its permission is false
09-01 14:30:26.776 D/BluetoothUtils( 8588): blockedByLocationOff callingUid=1002
09-01 14:30:26.776 I/BluetoothUtils( 8588): packagename is android.uid.bluetooth:1002 ,and its permission is false
09-01 14:30:26.777 D/BluetoothUtils( 8588): blockedByLocationOff callingUid=1002
09-01 14:30:26.777 I/BluetoothUtils( 8588): packagename is android.uid.bluetooth:1002 ,and its permission is false
09-01 14:30:26.778 D/BluetoothUtils( 8588): blockedByLocationOff callingUid=1002
09-01 14:30:26.778 I/BluetoothUtils( 8588): packagename is android.uid.bluetooth:1002 ,and its permission is false
09-01 14:30:26.778 D/BluetoothUtils( 8588): blockedByLocationOff callingUid=1002
09-01 14:30:26.779 I/BluetoothUtils( 8588): packagename is android.uid.bluetooth:1002 ,and its permission is false
09-01 14:30:26.780 D/BluetoothUtils( 8588): blockedByLocationOff callingUid=1002
09-01 14:30:26.780 I/BluetoothUtils( 8588): packagename is android.uid.bluetooth:1002 ,and its permission is false
09-01 14:30:26.780 D/BluetoothUtils( 8588): blockedByLocationOff callingUid=1002
09-01 14:30:26.781 I/BluetoothUtils( 8588): packagename is android.uid.bluetooth:1002 ,and its permission is false
09-01 14:30:26.781 D/BluetoothUtils( 8588): blockedByLocationOff callingUid=1002
09-01 14:30:26.781 I/BluetoothUtils( 8588): packagename is android.uid.bluetooth:1002 ,and its permission is false
09-01 14:30:26.784 V/bt_stack( 8588): [VERBOSE1:btm_ble_gap.cc(1923)] btm_ble_process_ext_adv_pkt: bda=12:f7:c7:df:cb:b1
09-01 14:30:26.784 V/bt_stack( 8588): [VERBOSE1:btm_ble_gap.cc(1847)] btm_ble_process_adv_addr: bda=12:f7:c7:df:cb:b1
09-01 14:30:26.785 D/BluetoothUtils( 8588): blockedByLocationOff callingUid=1002
09-01 14:30:26.785 I/BluetoothUtils( 8588): packagename is android.uid.bluetooth:1002 ,and its permission is false
09-01 14:30:26.786 D/BluetoothUtils( 8588): blockedByLocationOff callingUid=1002
09-01 14:30:26.786 I/BluetoothUtils( 8588): packagename is android.uid.bluetooth:1002 ,and its permission is false
09-01 14:30:26.786 D/BluetoothUtils( 8588): blockedByLocationOff callingUid=1002
09-01 14:30:26.786 I/BluetoothUtils( 8588): packagename is android.uid.bluetooth:1002 ,and its permission is false
09-01 14:30:26.787 V/bt_stack( 8588): [VERBOSE1:btm_ble_gap.cc(1923)] btm_ble_process_ext_adv_pkt: bda=2d:8f:df:c2:a9:d4
09-01 14:30:26.787 V/bt_stack( 8588): [VERBOSE1:btm_ble_gap.cc(1847)] btm_ble_process_adv_addr: bda=2d:8f:df:c2:a9:d4
09-01 14:30:26.787 D/BluetoothUtils( 8588): blockedByLocationOff callingUid=1002
09-01 14:30:26.788 I/BluetoothUtils( 8588): packagename is android.uid.bluetooth:1002 ,and its permission is false
09-01 14:30:26.788 D/BluetoothUtils( 8588): blockedByLocationOff callingUid=1002
09-01 14:30:26.788 I/BluetoothUtils( 8588): packagename is android.uid.bluetooth:1002 ,and its permission is false
09-01 14:30:26.788 D/BluetoothUtils( 8588): blockedByLocationOff callingUid=1002
09-01 14:30:26.789 I/BluetoothUtils( 8588): packagename is android.uid.bluetooth:1002 ,and its permission is false
09-01 14:30:26.789 I/Timeline( 1639): Timeline: Activity_windows_visible id: ActivityRecord{1deb657 u0 com.xiaomi.hm.health/com.huami.fittime.ui.profile.ProfileActivity t483} time:211392806
09-01 14:30:26.790 V/bt_stack( 8588): [VERBOSE1:btm_ble_gap.cc(1923)] btm_ble_process_ext_adv_pkt: bda=17:be:83:99:5a:17
09-01 14:30:26.790 V/bt_stack( 8588): [VERBOSE1:btm_ble_gap.cc(1847)] btm_ble_process_adv_addr: bda=17:be:83:99:5a:17
09-01 14:30:26.790 D/EventBus(29730): [29730, u0] send(AppTransitionFinishedEvent)
09-01 14:30:26.790 D/EventBus(29730): [29730, u0]  -> ForcedResizableInfoActivityController [0xc4c1163, P1] onBusEvent(AppTransitionFinishedEvent)
09-01 14:30:26.790 D/EventBus(29730): [29730, u0] onBusEvent(AppTransitionFinishedEvent) duration: 14 microseconds, avg: 35
09-01 14:30:26.791 I/Timeline( 1639): Timeline: App_transition_stopped time:211392807
09-01 14:30:26.791 D/BluetoothUtils( 8588): blockedByLocationOff callingUid=1002
09-01 14:30:26.791 I/BluetoothUtils( 8588): packagename is android.uid.bluetooth:1002 ,and its permission is false
09-01 14:30:26.792 D/EventBus(29730): [29730, u0] send(AppTransitionFinishedEvent)
09-01 14:30:26.792 D/EventBus(29730): [29730, u0]  -> ForcedResizableInfoActivityController [0xc4c1163, P1] onBusEvent(AppTransitionFinishedEvent)
09-01 14:30:26.792 D/BluetoothUtils( 8588): blockedByLocationOff callingUid=1002
09-01 14:30:26.792 D/EventBus(29730): [29730, u0] onBusEvent(AppTransitionFinishedEvent) duration: 25 microseconds, avg: 35
09-01 14:30:26.792 I/BluetoothUtils( 8588): packagename is android.uid.bluetooth:1002 ,and its permission is false
09-01 14:30:26.792 D/BluetoothUtils( 8588): blockedByLocationOff callingUid=1002
09-01 14:30:26.792 I/BluetoothUtils( 8588): packagename is android.uid.bluetooth:1002 ,and its permission is false
09-01 14:30:26.792 V/bt_stack( 8588): [VERBOSE1:btm_ble_gap.cc(1923)] btm_ble_process_ext_adv_pkt: bda=66:3e:07:e0:2b:d4
09-01 14:30:26.792 V/bt_stack( 8588): [VERBOSE1:btm_ble_gap.cc(1847)] btm_ble_process_adv_addr: bda=66:3e:07:e0:2b:d4
09-01 14:30:26.792 V/bt_stack( 8588): [VERBOSE1:btm_ble_gap.cc(2052)]  Waiting for scan response 66:3e:07:e0:2b:d4
09-01 14:30:26.792 V/bt_stack( 8588): [VERBOSE1:btm_ble_gap.cc(1923)] btm_ble_process_ext_adv_pkt: bda=66:3e:07:e0:2b:d4
09-01 14:30:26.792 V/bt_stack( 8588): [VERBOSE1:btm_ble_gap.cc(1847)] btm_ble_process_adv_addr: bda=66:3e:07:e0:2b:d4
09-01 14:30:26.793 D/BluetoothUtils( 8588): blockedByLocationOff callingUid=1002
09-01 14:30:26.793 I/BluetoothUtils( 8588): packagename is android.uid.bluetooth:1002 ,and its permission is false
09-01 14:30:26.793 I/SplashScreenServiceDelegate( 1639): None for com.xiaomi.hm.health
09-01 14:30:26.794 D/BluetoothUtils( 8588): blockedByLocationOff callingUid=1002
09-01 14:30:26.794 I/BluetoothUtils( 8588): packagename is android.uid.bluetooth:1002 ,and its permission is false
09-01 14:30:26.794 D/BluetoothUtils( 8588): blockedByLocationOff callingUid=1002
