09-01 14:32:36.174 D/NetworkController.MobileSignalController(1)(29730): getDataNetTypeFromServiceState slotId=1  isUsingCarrierAggregation=false
09-01 14:32:36.175 D/NetworkTypeUtils(29730): getDataNetTypeFromServiceState:srcDataNetType = 13, destDataNetType 13
09-01 14:32:36.175 I/BluetoothUtils( 8588): packagename is android.uid.bluetooth:1002 ,and its permission is false
09-01 14:32:36.175 D/BluetoothUtils( 8588): blockedByLocationOff callingUid=1002
09-01 14:32:36.175 D/MobileSignalController(29730): updateDataType mSelectedDataTypeIcon[1]=2131233281, mSelectedDataActivityIndex=6
09-01 14:32:36.175 D/TelephonyIcons(29730): getSignalStrengthIcon: slot=1, inetCondition=1, level=5, roaming=false, signalstrength=SignalStrength:{mCdma=CellSignalStrengthCdma: cdmaDbm=2147483647 cdmaEcio=2147483647 evdoDbm=2147483647 evdoEcio=2147483647 evdoSnr=2147483647 miuiLevel=0 level=0,mGsm=CellSignalStrengthGsm: rssi=2147483647 ber=2147483647 mTa=2147483647 miuiLevel=0 mLevel=0,mWcdma=CellSignalStrengthWcdma: ss=2147483647 ber=2147483647 rscp=2147483647 ecno=2147483647 miuiLevel=0 level=0,mTdscdma=CellSignalStrengthTdscdma: rssi=2147483647 ber=2147483647 rscp=2147483647 miuiLevel=0 level=0,mLte=CellSignalStrengthLte: rssi=-55 rsrp=-77 rsrq=-6 rssnr=244 cqi=2147483647 ta=2147483647 miuiLevel=5 level=4,mNr=CellSignalStrengthNr:{ csiRsrp = 2147483647 csiRsrq = 2147483647 csiSinr = 2147483647 ssRsrp = 2147483647 ssRsrq = 2147483647 ssSinr = 2147483647 miuiLevel = 0 level = 0 },primary=CellSignalStrengthLte}
09-01 14:32:36.175 I/BluetoothUtils( 8588): packagename is android.uid.bluetooth:1002 ,and its permission is false
09-01 14:32:36.175 D/TelephonyIcons(29730): null signal icon name: drawable/stat_sys_signal_null
09-01 14:32:36.176 D/TelephonyIcons(29730): getDataTypeIcon sub=1
09-01 14:32:36.179 V/bt_stack( 8588): [VERBOSE1:btm_ble_gap.cc(1923)] btm_ble_process_ext_adv_pkt: bda=0a:29:89:b7:c8:4a
09-01 14:32:36.179 V/bt_stack( 8588): [VERBOSE1:btm_ble_gap.cc(1847)] btm_ble_process_adv_addr: bda=0a:29:89:b7:c8:4a
09-01 14:32:36.180 D/BluetoothUtils( 8588): blockedByLocationOff callingUid=1002
09-01 14:32:36.180 I/BluetoothUtils( 8588): packagename is android.uid.bluetooth:1002 ,and its permission is false
09-01 14:32:36.181 D/BluetoothUtils( 8588): blockedByLocationOff callingUid=1002
09-01 14:32:36.181 I/BluetoothUtils( 8588): packagename is android.uid.bluetooth:1002 ,and its permission is false
09-01 14:32:36.181 D/BluetoothUtils( 8588): blockedByLocationOff callingUid=1002
09-01 14:32:36.181 I/BluetoothUtils( 8588): packagename is android.uid.bluetooth:1002 ,and its permission is false
09-01 14:32:36.184 D/NetworkController.MobileSignalController(1)(29730): getDataNetTypeFromServiceState slotId=1  isUsingCarrierAggregation=false
09-01 14:32:36.184 D/NetworkTypeUtils(29730): getDataNetTypeFromServiceState:srcDataNetType = 13, destDataNetType 13
09-01 14:32:36.185 D/MobileSignalController(29730): updateDataType mSelectedDataTypeIcon[1]=2131233281, mSelectedDataActivityIndex=6
09-01 14:32:36.185 D/TelephonyIcons(29730): getSignalStrengthIcon: slot=1, inetCondition=1, level=5, roaming=false, signalstrength=SignalStrength:{mCdma=CellSignalStrengthCdma: cdmaDbm=2147483647 cdmaEcio=2147483647 evdoDbm=2147483647 evdoEcio=2147483647 evdoSnr=2147483647 miuiLevel=0 level=0,mGsm=CellSignalStrengthGsm: rssi=2147483647 ber=2147483647 mTa=2147483647 miuiLevel=0 mLevel=0,mWcdma=CellSignalStrengthWcdma: ss=2147483647 ber=2147483647 rscp=2147483647 ecno=2147483647 miuiLevel=0 level=0,mTdscdma=CellSignalStrengthTdscdma: rssi=2147483647 ber=2147483647 rscp=2147483647 miuiLevel=0 level=0,mLte=CellSignalStrengthLte: rssi=-55 rsrp=-77 rsrq=-6 rssnr=244 cqi=2147483647 ta=2147483647 miuiLevel=5 level=4,mNr=CellSignalStrengthNr:{ csiRsrp = 2147483647 csiRsrq = 2147483647 csiSinr = 2147483647 ssRsrp = 2147483647 ssRsrq = 2147483647 ssSinr = 2147483647 miuiLevel = 0 level = 0 },primary=CellSignalStrengthLte}
09-01 14:32:36.185 D/TelephonyIcons(29730): null signal icon name: drawable/stat_sys_signal_null
09-01 14:32:36.185 D/TelephonyIcons(29730): getDataTypeIcon sub=1
09-01 14:32:36.186 V/bt_stack( 8588): [VERBOSE1:btm_ble_gap.cc(1923)] btm_ble_process_ext_adv_pkt: bda=55:5a:ee:6f:40:db
09-01 14:32:36.186 V/bt_stack( 8588): [VERBOSE1:btm_ble_gap.cc(1847)] btm_ble_process_adv_addr: bda=55:5a:ee:6f:40:db
09-01 14:32:36.186 V/bt_stack( 8588): [VERBOSE1:btm_ble_gap.cc(2052)]  Waiting for scan response 55:5a:ee:6f:40:db
09-01 14:32:36.187 V/bt_stack( 8588): [VERBOSE1:btm_ble_gap.cc(1923)] btm_ble_process_ext_adv_pkt: bda=38:f9:d3:45:87:1e
09-01 14:32:36.187 V/bt_stack( 8588): [VERBOSE1:btm_ble_gap.cc(1847)] btm_ble_process_adv_addr: bda=38:f9:d3:45:87:1e
09-01 14:32:36.187 V/bt_stack( 8588): [VERBOSE1:btm_ble_gap.cc(2052)]  Waiting for scan response 38:f9:d3:45:87:1e
09-01 14:32:36.187 V/bt_stack( 8588): [VERBOSE1:btm_ble_gap.cc(1923)] btm_ble_process_ext_adv_pkt: bda=38:f9:d3:45:87:1e
09-01 14:32:36.187 V/bt_stack( 8588): [VERBOSE1:btm_ble_gap.cc(1847)] btm_ble_process_adv_addr: bda=38:f9:d3:45:87:1e
09-01 14:32:36.188 D/BluetoothUtils( 8588): blockedByLocationOff callingUid=1002
09-01 14:32:36.188 I/BluetoothUtils( 8588): packagename is android.uid.bluetooth:1002 ,and its permission is false
09-01 14:32:36.188 D/BluetoothUtils( 8588): blockedByLocationOff callingUid=1002
09-01 14:32:36.188 I/BluetoothUtils( 8588): packagename is android.uid.bluetooth:1002 ,and its permission is false
09-01 14:32:36.188 D/BluetoothUtils( 8588): blockedByLocationOff callingUid=1002
09-01 14:32:36.189 I/BluetoothUtils( 8588): packagename is android.uid.bluetooth:1002 ,and its permission is false
09-01 14:32:36.195 V/bt_stack( 8588): [VERBOSE1:btm_ble_gap.cc(1923)] btm_ble_process_ext_adv_pkt: bda=24:65:c8:81:ba:6f
09-01 14:32:36.195 V/bt_stack( 8588): [VERBOSE1:btm_ble_gap.cc(1847)] btm_ble_process_adv_addr: bda=24:65:c8:81:ba:6f
09-01 14:32:36.196 D/BluetoothUtils( 8588): blockedByLocationOff callingUid=1002
09-01 14:32:36.197 I/BluetoothUtils( 8588): packagename is android.uid.bluetooth:1002 ,and its permission is false
09-01 14:32:36.197 D/BluetoothUtils( 8588): blockedByLocationOff callingUid=1002
09-01 14:32:36.197 I/BluetoothUtils( 8588): packagename is android.uid.bluetooth:1002 ,and its permission is false
09-01 14:32:36.197 D/BluetoothUtils( 8588): blockedByLocationOff callingUid=1002
09-01 14:32:36.197 I/BluetoothUtils( 8588): packagename is android.uid.bluetooth:1002 ,and its permission is false
09-01 14:32:36.206 D/NetworkController.MobileSignalController(1)(29730): getDataNetTypeFromServiceState slotId=1  isUsingCarrierAggregation=false
09-01 14:32:36.206 D/NetworkTypeUtils(29730): getDataNetTypeFromServiceState:srcDataNetType = 13, destDataNetType 13
09-01 14:32:36.207 D/MobileSignalController(29730): updateDataType mSelectedDataTypeIcon[1]=2131233281, mSelectedDataActivityIndex=6
09-01 14:32:36.207 D/TelephonyIcons(29730): getSignalStrengthIcon: slot=1, inetCondition=1, level=5, roaming=false, signalstrength=SignalStrength:{mCdma=CellSignalStrengthCdma: cdmaDbm=2147483647 cdmaEcio=2147483647 evdoDbm=2147483647 evdoEcio=2147483647 evdoSnr=2147483647 miuiLevel=0 level=0,mGsm=CellSignalStrengthGsm: rssi=2147483647 ber=2147483647 mTa=2147483647 miuiLevel=0 mLevel=0,mWcdma=CellSignalStrengthWcdma: ss=2147483647 ber=2147483647 rscp=2147483647 ecno=2147483647 miuiLevel=0 level=0,mTdscdma=CellSignalStrengthTdscdma: rssi=2147483647 ber=2147483647 rscp=2147483647 miuiLevel=0 level=0,mLte=CellSignalStrengthLte: rssi=-55 rsrp=-77 rsrq=-6 rssnr=244 cqi=2147483647 ta=2147483647 miuiLevel=5 level=4,mNr=CellSignalStrengthNr:{ csiRsrp = 2147483647 csiRsrq = 2147483647 csiSinr = 2147483647 ssRsrp = 2147483647 ssRsrq = 2147483647 ssSinr = 2147483647 miuiLevel = 0 level = 0 },primary=CellSignalStrengthLte}
09-01 14:32:36.207 D/TelephonyIcons(29730): null signal icon name: drawable/stat_sys_signal_null
09-01 14:32:36.208 D/TelephonyIcons(29730): getDataTypeIcon sub=1
09-01 14:32:36.220 V/bt_stack( 8588): [VERBOSE1:btm_ble_gap.cc(1923)] btm_ble_process_ext_adv_pkt: bda=6e:84:42:34:50:51
09-01 14:32:36.220 V/bt_stack( 8588): [VERBOSE1:btm_ble_gap.cc(1847)] btm_ble_process_adv_addr: bda=6e:84:42:34:50:51
09-01 14:32:36.220 V/bt_stack( 8588): [VERBOSE1:btm_ble_gap.cc(2052)]  Waiting for scan response 6e:84:42:34:50:51
09-01 14:32:36.221 V/bt_stack( 8588): [VERBOSE1:btm_ble_gap.cc(1923)] btm_ble_process_ext_adv_pkt: bda=38:f9:d3:45:87:1e
09-01 14:32:36.221 V/bt_stack( 8588): [VERBOSE1:btm_ble_gap.cc(1847)] btm_ble_process_adv_addr: bda=38:f9:d3:45:87:1e
09-01 14:32:36.221 V/bt_stack( 8588): [VERBOSE1:btm_ble_gap.cc(2052)]  Waiting for scan response 38:f9:d3:45:87:1e
09-01 14:32:36.221 V/bt_stack( 8588): [VERBOSE1:btm_ble_gap.cc(1923)] btm_ble_process_ext_adv_pkt: bda=38:f9:d3:45:87:1e
09-01 14:32:36.221 V/bt_stack( 8588): [VERBOSE1:btm_ble_gap.cc(1847)] btm_ble_process_adv_addr: bda=38:f9:d3:45:87:1e
09-01 14:32:36.222 D/BluetoothUtils( 8588): blockedByLocationOff callingUid=1002
09-01 14:32:36.223 I/BluetoothUtils( 8588): packagename is android.uid.bluetooth:1002 ,and its permission is false
09-01 14:32:36.223 D/BluetoothUtils( 8588): blockedByLocationOff callingUid=1002
09-01 14:32:36.223 I/BluetoothUtils( 8588): packagename is android.uid.bluetooth:1002 ,and its permission is false
09-01 14:32:36.223 D/BluetoothUtils( 8588): blockedByLocationOff callingUid=1002
09-01 14:32:36.224 I/BluetoothUtils( 8588): packagename is android.uid.bluetooth:1002 ,and its permission is false
09-01 14:32:36.224 V/bt_stack( 8588): [VERBOSE1:btm_ble_gap.cc(1923)] btm_ble_process_ext_adv_pkt: bda=56:e4:da:79:d5:88
09-01 14:32:36.225 V/bt_stack( 8588): [VERBOSE1:btm_ble_gap.cc(1847)] btm_ble_process_adv_addr: bda=56:e4:da:79:d5:88
09-01 14:32:36.225 V/bt_stack( 8588): [VERBOSE1:btm_ble_gap.cc(2052)]  Waiting for scan response 56:e4:da:79:d5:88
09-01 14:32:36.225 V/bt_stack( 8588): [VERBOSE1:btm_ble_gap.cc(1923)] btm_ble_process_ext_adv_pkt: bda=56:e4:da:79:d5:88
09-01 14:32:36.225 V/bt_stack( 8588): [VERBOSE1:btm_ble_gap.cc(1847)] btm_ble_process_adv_addr: bda=56:e4:da:79:d5:88
09-01 14:32:36.226 D/BluetoothUtils( 8588): blockedByLocationOff callingUid=1002
09-01 14:32:36.226 I/BluetoothUtils( 8588): packagename is android.uid.bluetooth:1002 ,and its permission is false
09-01 14:32:36.226 D/BluetoothUtils( 8588): blockedByLocationOff callingUid=1002
09-01 14:32:36.226 I/BluetoothUtils( 8588): packagename is android.uid.bluetooth:1002 ,and its permission is false
09-01 14:32:36.226 D/BluetoothUtils( 8588): blockedByLocationOff callingUid=1002
09-01 14:32:36.227 I/BluetoothUtils( 8588): packagename is android.uid.bluetooth:1002 ,and its permission is false
09-01 14:32:36.233 V/bt_stack( 8588): [VERBOSE1:btm_ble_gap.cc(1923)] btm_ble_process_ext_adv_pkt: bda=17:7e:29:ab:4e:d0
09-01 14:32:36.233 V/bt_stack( 8588): [VERBOSE1:btm_ble_gap.cc(1847)] btm_ble_process_adv_addr: bda=17:7e:29:ab:4e:d0
09-01 14:32:36.234 D/BluetoothUtils( 8588): blockedByLocationOff callingUid=1002
09-01 14:32:36.234 I/BluetoothUtils( 8588): packagename is android.uid.bluetooth:1002 ,and its permission is false
09-01 14:32:36.234 D/BluetoothUtils( 8588): blockedByLocationOff callingUid=1002
09-01 14:32:36.234 I/BluetoothUtils( 8588): packagename is android.uid.bluetooth:1002 ,and its permission is false
09-01 14:32:36.234 D/BluetoothUtils( 8588): blockedByLocationOff callingUid=1002
09-01 14:32:36.235 I/BluetoothUtils( 8588): packagename is android.uid.bluetooth:1002 ,and its permission is false
09-01 14:32:36.242 V/bt_stack( 8588): [VERBOSE1:btm_ble_gap.cc(1923)] btm_ble_process_ext_adv_pkt: bda=19:30:6d:c4:b5:5b
09-01 14:32:36.242 V/bt_stack( 8588): [VERBOSE1:btm_ble_gap.cc(1847)] btm_ble_process_adv_addr: bda=19:30:6d:c4:b5:5b
09-01 14:32:36.243 D/BluetoothUtils( 8588): blockedByLocationOff callingUid=1002
09-01 14:32:36.244 I/BluetoothUtils( 8588): packagename is android.uid.bluetooth:1002 ,and its permission is false
09-01 14:32:36.244 D/BluetoothUtils( 8588): blockedByLocationOff callingUid=1002
09-01 14:32:36.245 I/BluetoothUtils( 8588): packagename is android.uid.bluetooth:1002 ,and its permission is false
09-01 14:32:36.245 D/BluetoothUtils( 8588): blockedByLocationOff callingUid=1002
09-01 14:32:36.245 V/bt_stack( 8588): [VERBOSE1:btm_ble_gap.cc(1923)] btm_ble_process_ext_adv_pkt: bda=0c:1a:06:0e:96:57
09-01 14:32:36.245 V/bt_stack( 8588): [VERBOSE1:btm_ble_gap.cc(1847)] btm_ble_process_adv_addr: bda=0c:1a:06:0e:96:57
09-01 14:32:36.245 I/BluetoothUtils( 8588): packagename is android.uid.bluetooth:1002 ,and its permission is false
09-01 14:32:36.246 D/BluetoothUtils( 8588): blockedByLocationOff callingUid=1002
09-01 14:32:36.246 I/BluetoothUtils( 8588): packagename is android.uid.bluetooth:1002 ,and its permission is false
09-01 14:32:36.246 D/BluetoothUtils( 8588): blockedByLocationOff callingUid=1002
09-01 14:32:36.247 I/BluetoothUtils( 8588): packagename is android.uid.bluetooth:1002 ,and its permission is false
09-01 14:32:36.247 D/BluetoothUtils( 8588): blockedByLocationOff callingUid=1002
09-01 14:32:36.247 I/BluetoothUtils( 8588): packagename is android.uid.bluetooth:1002 ,and its permission is false
09-01 14:32:36.260 V/bt_stack( 8588): [VERBOSE1:btm_ble_gap.cc(1923)] btm_ble_process_ext_adv_pkt: bda=46:55:84:18:f2:47
09-01 14:32:36.260 V/bt_stack( 8588): [VERBOSE1:btm_ble_gap.cc(1847)] btm_ble_process_adv_addr: bda=46:55:84:18:f2:47
09-01 14:32:36.260 V/bt_stack( 8588): [VERBOSE1:btm_ble_gap.cc(2052)]  Waiting for scan response 46:55:84:18:f2:47
09-01 14:32:36.275 V/bt_stack( 8588): [VERBOSE1:btm_ble_gap.cc(1923)] btm_ble_process_ext_adv_pkt: bda=53:20:ff:cd:6c:a4
09-01 14:32:36.275 V/bt_stack( 8588): [VERBOSE1:btm_ble_gap.cc(1847)] btm_ble_process_adv_addr: bda=53:20:ff:cd:6c:a4
09-01 14:32:36.275 V/bt_stack( 8588): [VERBOSE1:btm_ble_gap.cc(2052)]  Waiting for scan response 53:20:ff:cd:6c:a4
09-01 14:32:36.275 V/bt_stack( 8588): [VERBOSE1:btm_ble_gap.cc(1923)] btm_ble_process_ext_adv_pkt: bda=66:3e:07:e0:2b:d4
09-01 14:32:36.275 V/bt_stack( 8588): [VERBOSE1:btm_ble_gap.cc(1847)] btm_ble_process_adv_addr: bda=66:3e:07:e0:2b:d4
09-01 14:32:36.275 V/bt_stack( 8588): [VERBOSE1:btm_ble_gap.cc(2052)]  Waiting for scan response 66:3e:07:e0:2b:d4
09-01 14:32:36.276 V/bt_stack( 8588): [VERBOSE1:btm_ble_gap.cc(1923)] btm_ble_process_ext_adv_pkt: bda=66:3e:07:e0:2b:d4
09-01 14:32:36.276 V/bt_stack( 8588): [VERBOSE1:btm_ble_gap.cc(1847)] btm_ble_process_adv_addr: bda=66:3e:07:e0:2b:d4
09-01 14:32:36.276 D/BluetoothUtils( 8588): blockedByLocationOff callingUid=1002
09-01 14:32:36.276 I/BluetoothUtils( 8588): packagename is android.uid.bluetooth:1002 ,and its permission is false
09-01 14:32:36.276 D/BluetoothUtils( 8588): blockedByLocationOff callingUid=1002
09-01 14:32:36.277 I/BluetoothUtils( 8588): packagename is android.uid.bluetooth:1002 ,and its permission is false
09-01 14:32:36.277 D/BluetoothUtils( 8588): blockedByLocationOff callingUid=1002
09-01 14:32:36.277 I/BluetoothUtils( 8588): packagename is android.uid.bluetooth:1002 ,and its permission is false
09-01 14:32:36.286 V/bt_stack( 8588): [VERBOSE1:btm_ble_gap.cc(1923)] btm_ble_process_ext_adv_pkt: bda=58:ba:bd:0e:4c:7e
09-01 14:32:36.286 V/bt_stack( 8588): [VERBOSE1:btm_ble_gap.cc(1847)] btm_ble_process_adv_addr: bda=58:ba:bd:0e:4c:7e
09-01 14:32:36.286 V/bt_stack( 8588): [VERBOSE1:btm_ble_gap.cc(2052)]  Waiting for scan response 58:ba:bd:0e:4c:7e
09-01 14:32:36.286 V/bt_stack( 8588): [VERBOSE1:btm_ble_gap.cc(1923)] btm_ble_process_ext_adv_pkt: bda=0a:29:89:b7:c8:4a
09-01 14:32:36.287 V/bt_stack( 8588): [VERBOSE1:btm_ble_gap.cc(1847)] btm_ble_process_adv_addr: bda=0a:29:89:b7:c8:4a
09-01 14:32:36.288 D/BluetoothUtils( 8588): blockedByLocationOff callingUid=1002
09-01 14:32:36.288 I/BluetoothUtils( 8588): packagename is android.uid.bluetooth:1002 ,and its permission is false
09-01 14:32:36.288 D/BluetoothUtils( 8588): blockedByLocationOff callingUid=1002
09-01 14:32:36.288 I/BluetoothUtils( 8588): packagename is android.uid.bluetooth:1002 ,and its permission is false
09-01 14:32:36.288 D/BluetoothUtils( 8588): blockedByLocationOff callingUid=1002
09-01 14:32:36.289 I/BluetoothUtils( 8588): packagename is android.uid.bluetooth:1002 ,and its permission is false
09-01 14:32:36.294 V/bt_stack( 8588): [VERBOSE1:btm_ble_gap.cc(1923)] btm_ble_process_ext_adv_pkt: bda=38:f9:d3:45:87:1e
09-01 14:32:36.294 V/bt_stack( 8588): [VERBOSE1:btm_ble_gap.cc(1847)] btm_ble_process_adv_addr: bda=38:f9:d3:45:87:1e
09-01 14:32:36.294 V/bt_stack( 8588): [VERBOSE1:btm_ble_gap.cc(2052)]  Waiting for scan response 38:f9:d3:45:87:1e
09-01 14:32:36.294 V/bt_stack( 8588): [VERBOSE1:btm_ble_gap.cc(1923)] btm_ble_process_ext_adv_pkt: bda=38:f9:d3:45:87:1e
09-01 14:32:36.294 V/bt_stack( 8588): [VERBOSE1:btm_ble_gap.cc(1847)] btm_ble_process_adv_addr: bda=38:f9:d3:45:87:1e
09-01 14:32:36.295 D/BluetoothUtils( 8588): blockedByLocationOff callingUid=1002
09-01 14:32:36.295 I/BluetoothUtils( 8588): packagename is android.uid.bluetooth:1002 ,and its permission is false
09-01 14:32:36.295 D/BluetoothUtils( 8588): blockedByLocationOff callingUid=1002
09-01 14:32:36.295 I/BluetoothUtils( 8588): packagename is android.uid.bluetooth:1002 ,and its permission is false
09-01 14:32:36.295 D/BluetoothUtils( 8588): blockedByLocationOff callingUid=1002
09-01 14:32:36.296 I/BluetoothUtils( 8588): packagename is android.uid.bluetooth:1002 ,and its permission is false
09-01 14:32:36.333 I/vendor.qti.bluetooth@1.0-ibs_handler(19843): ProcessIbsCmd: Received IBS_SLEEP_IND: 0xFE
09-01 14:32:36.333 D/vendor.qti.bluetooth@1.0-ibs_handler(19843): SerialClockVote: vote for UART CLK OFF
09-01 14:32:36.349 I/vendor.qti.bluetooth@1.0-ibs_handler(19843): ProcessIbsCmd: Received IBS_WAKE_IND: 0xFD
09-01 14:32:36.349 D/vendor.qti.bluetooth@1.0-ibs_handler(19843): SerialClockVote: vote for UART CLK ON
09-01 14:32:36.349 I/vendor.qti.bluetooth@1.0-ibs_handler(19843): ProcessIbsCmd: Writing IBS_WAKE_ACK
09-01 14:32:36.350 V/bt_stack( 8588): [VERBOSE1:btm_ble_gap.cc(1923)] btm_ble_process_ext_adv_pkt: bda=0c:1a:06:0e:96:57
09-01 14:32:36.350 V/bt_stack( 8588): [VERBOSE1:btm_ble_gap.cc(1847)] btm_ble_process_adv_addr: bda=0c:1a:06:0e:96:57
09-01 14:32:36.351 D/BluetoothUtils( 8588): blockedByLocationOff callingUid=1002
09-01 14:32:36.352 V/bt_stack( 8588): [VERBOSE1:btm_ble_gap.cc(1923)] btm_ble_process_ext_adv_pkt: bda=19:30:6d:c4:b5:5b
09-01 14:32:36.352 I/BluetoothUtils( 8588): packagename is android.uid.bluetooth:1002 ,and its permission is false
09-01 14:32:36.352 V/bt_stack( 8588): [VERBOSE1:btm_ble_gap.cc(1847)] btm_ble_process_adv_addr: bda=19:30:6d:c4:b5:5b
09-01 14:32:36.352 D/BluetoothUtils( 8588): blockedByLocationOff callingUid=1002
09-01 14:32:36.352 I/BluetoothUtils( 8588): packagename is android.uid.bluetooth:1002 ,and its permission is false
09-01 14:32:36.352 D/BluetoothUtils( 8588): blockedByLocationOff callingUid=1002
09-01 14:32:36.352 I/BluetoothUtils( 8588): packagename is android.uid.bluetooth:1002 ,and its permission is false
09-01 14:32:36.353 D/BluetoothUtils( 8588): blockedByLocationOff callingUid=1002
09-01 14:32:36.354 I/BluetoothUtils( 8588): packagename is android.uid.bluetooth:1002 ,and its permission is false
09-01 14:32:36.354 D/BluetoothUtils( 8588): blockedByLocationOff callingUid=1002
09-01 14:32:36.354 I/BluetoothUtils( 8588): packagename is android.uid.bluetooth:1002 ,and its permission is false
09-01 14:32:36.354 D/BluetoothUtils( 8588): blockedByLocationOff callingUid=1002
09-01 14:32:36.354 I/BluetoothUtils( 8588): packagename is android.uid.bluetooth:1002 ,and its permission is false
09-01 14:32:36.355 V/bt_stack( 8588): [VERBOSE1:btm_ble_gap.cc(1923)] btm_ble_process_ext_adv_pkt: bda=6a:1a:31:28:a4:f8
09-01 14:32:36.355 V/bt_stack( 8588): [VERBOSE1:btm_ble_gap.cc(1847)] btm_ble_process_adv_addr: bda=6a:1a:31:28:a4:f8
09-01 14:32:36.357 D/BluetoothUtils( 8588): blockedByLocationOff callingUid=1002
09-01 14:32:36.357 I/BluetoothUtils( 8588): packagename is android.uid.bluetooth:1002 ,and its permission is false
09-01 14:32:36.357 D/BluetoothUtils( 8588): blockedByLocationOff callingUid=1002
09-01 14:32:36.357 I/BluetoothUtils( 8588): packagename is android.uid.bluetooth:1002 ,and its permission is false
09-01 14:32:36.357 D/BluetoothUtils( 8588): blockedByLocationOff callingUid=1002
09-01 14:32:36.358 I/BluetoothUtils( 8588): packagename is android.uid.bluetooth:1002 ,and its permission is false
09-01 14:32:36.369 V/bt_stack( 8588): [VERBOSE1:btm_ble_gap.cc(1923)] btm_ble_process_ext_adv_pkt: bda=44:73:b6:51:63:17
09-01 14:32:36.369 V/bt_stack( 8588): [VERBOSE1:btm_ble_gap.cc(1847)] btm_ble_process_adv_addr: bda=44:73:b6:51:63:17
09-01 14:32:36.369 V/bt_stack( 8588): [VERBOSE1:btm_ble_gap.cc(2052)]  Waiting for scan response 44:73:b6:51:63:17
09-01 14:32:36.369 V/bt_stack( 8588): [VERBOSE1:btm_ble_gap.cc(1923)] btm_ble_process_ext_adv_pkt: bda=2a:1b:52:ac:62:5d
09-01 14:32:36.369 V/bt_stack( 8588): [VERBOSE1:btm_ble_gap.cc(1847)] btm_ble_process_adv_addr: bda=2a:1b:52:ac:62:5d
09-01 14:32:36.371 D/BluetoothUtils( 8588): blockedByLocationOff callingUid=1002
09-01 14:32:36.371 I/BluetoothUtils( 8588): packagename is android.uid.bluetooth:1002 ,and its permission is false
09-01 14:32:36.371 D/BluetoothUtils( 8588): blockedByLocationOff callingUid=1002
09-01 14:32:36.371 I/BluetoothUtils( 8588): packagename is android.uid.bluetooth:1002 ,and its permission is false
09-01 14:32:36.372 D/BluetoothUtils( 8588): blockedByLocationOff callingUid=1002
09-01 14:32:36.372 I/BluetoothUtils( 8588): packagename is android.uid.bluetooth:1002 ,and its permission is false
09-01 14:32:36.382 V/bt_stack( 8588): [VERBOSE1:btm_ble_gap.cc(1923)] btm_ble_process_ext_adv_pkt: bda=a4:83:e7:b7:8d:a9
09-01 14:32:36.382 V/bt_stack( 8588): [VERBOSE1:btm_ble_gap.cc(1847)] btm_ble_process_adv_addr: bda=a4:83:e7:b7:8d:a9
09-01 14:32:36.382 V/bt_stack( 8588): [VERBOSE1:btm_ble_gap.cc(2052)]  Waiting for scan response a4:83:e7:b7:8d:a9
09-01 14:32:36.382 V/bt_stack( 8588): [VERBOSE1:btm_ble_gap.cc(1923)] btm_ble_process_ext_adv_pkt: bda=1b:39:55:3e:e3:6c
09-01 14:32:36.382 V/bt_stack( 8588): [VERBOSE1:btm_ble_gap.cc(1847)] btm_ble_process_adv_addr: bda=1b:39:55:3e:e3:6c
09-01 14:32:36.384 D/BluetoothUtils( 8588): blockedByLocationOff callingUid=1002
09-01 14:32:36.384 I/BluetoothUtils( 8588): packagename is android.uid.bluetooth:1002 ,and its permission is false
09-01 14:32:36.384 D/BluetoothUtils( 8588): blockedByLocationOff callingUid=1002
09-01 14:32:36.385 I/BluetoothUtils( 8588): packagename is android.uid.bluetooth:1002 ,and its permission is false
09-01 14:32:36.385 D/BluetoothUtils( 8588): blockedByLocationOff callingUid=1002
09-01 14:32:36.385 I/BluetoothUtils( 8588): packagename is android.uid.bluetooth:1002 ,and its permission is false
09-01 14:32:36.393 V/bt_stack( 8588): [VERBOSE1:btm_ble_gap.cc(1923)] btm_ble_process_ext_adv_pkt: bda=0a:29:89:b7:c8:4a
09-01 14:32:36.393 V/bt_stack( 8588): [VERBOSE1:btm_ble_gap.cc(1847)] btm_ble_process_adv_addr: bda=0a:29:89:b7:c8:4a
09-01 14:32:36.394 D/BluetoothUtils( 8588): blockedByLocationOff callingUid=1002
09-01 14:32:36.395 I/BluetoothUtils( 8588): packagename is android.uid.bluetooth:1002 ,and its permission is false
09-01 14:32:36.395 D/BluetoothUtils( 8588): blockedByLocationOff callingUid=1002
09-01 14:32:36.395 I/BluetoothUtils( 8588): packagename is android.uid.bluetooth:1002 ,and its permission is false
09-01 14:32:36.395 D/BluetoothUtils( 8588): blockedByLocationOff callingUid=1002
09-01 14:32:36.395 I/BluetoothUtils( 8588): packagename is android.uid.bluetooth:1002 ,and its permission is false
09-01 14:32:36.399 V/bt_stack( 8588): [VERBOSE1:btm_ble_gap.cc(1923)] btm_ble_process_ext_adv_pkt: bda=38:f9:d3:45:87:1e
09-01 14:32:36.400 V/bt_stack( 8588): [VERBOSE1:btm_ble_gap.cc(1847)] btm_ble_process_adv_addr: bda=38:f9:d3:45:87:1e
09-01 14:32:36.400 V/bt_stack( 8588): [VERBOSE1:btm_ble_gap.cc(2052)]  Waiting for scan response 38:f9:d3:45:87:1e
09-01 14:32:36.400 V/bt_stack( 8588): [VERBOSE1:btm_ble_gap.cc(1923)] btm_ble_process_ext_adv_pkt: bda=38:f9:d3:45:87:1e
09-01 14:32:36.400 V/bt_stack( 8588): [VERBOSE1:btm_ble_gap.cc(1847)] btm_ble_process_adv_addr: bda=38:f9:d3:45:87:1e
09-01 14:32:36.400 D/BluetoothUtils( 8588): blockedByLocationOff callingUid=1002
09-01 14:32:36.401 I/BluetoothUtils( 8588): packagename is android.uid.bluetooth:1002 ,and its permission is false
09-01 14:32:36.401 D/BluetoothUtils( 8588): blockedByLocationOff callingUid=1002
09-01 14:32:36.401 I/BluetoothUtils( 8588): packagename is android.uid.bluetooth:1002 ,and its permission is false
09-01 14:32:36.401 D/BluetoothUtils( 8588): blockedByLocationOff callingUid=1002
09-01 14:32:36.401 I/BluetoothUtils( 8588): packagename is android.uid.bluetooth:1002 ,and its permission is false
09-01 14:32:36.413 V/bt_stack( 8588): [VERBOSE1:btm_ble_gap.cc(1923)] btm_ble_process_ext_adv_pkt: bda=56:e4:da:79:d5:88
09-01 14:32:36.414 V/bt_stack( 8588): [VERBOSE1:btm_ble_gap.cc(1847)] btm_ble_process_adv_addr: bda=56:e4:da:79:d5:88
09-01 14:32:36.414 V/bt_stack( 8588): [VERBOSE1:btm_ble_gap.cc(2052)]  Waiting for scan response 56:e4:da:79:d5:88
09-01 14:32:36.414 V/bt_stack( 8588): [VERBOSE1:btm_ble_gap.cc(1923)] btm_ble_process_ext_adv_pkt: bda=56:e4:da:79:d5:88
09-01 14:32:36.414 V/bt_stack( 8588): [VERBOSE1:btm_ble_gap.cc(1847)] btm_ble_process_adv_addr: bda=56:e4:da:79:d5:88
09-01 14:32:36.415 D/BluetoothUtils( 8588): blockedByLocationOff callingUid=1002
09-01 14:32:36.416 I/BluetoothUtils( 8588): packagename is android.uid.bluetooth:1002 ,and its permission is false
09-01 14:32:36.416 D/BluetoothUtils( 8588): blockedByLocationOff callingUid=1002
09-01 14:32:36.416 I/BluetoothUtils( 8588): packagename is android.uid.bluetooth:1002 ,and its permission is false
09-01 14:32:36.416 D/BluetoothUtils( 8588): blockedByLocationOff callingUid=1002
09-01 14:32:36.416 I/BluetoothUtils( 8588): packagename is android.uid.bluetooth:1002 ,and its permission is false
09-01 14:32:36.440 V/bt_stack( 8588): [VERBOSE1:btm_ble_gap.cc(1923)] btm_ble_process_ext_adv_pkt: bda=45:55:7e:66:6f:d0
09-01 14:32:36.440 V/bt_stack( 8588): [VERBOSE1:btm_ble_gap.cc(1847)] btm_ble_process_adv_addr: bda=45:55:7e:66:6f:d0
09-01 14:32:36.440 V/bt_stack( 8588): [VERBOSE1:btm_ble_gap.cc(2052)]  Waiting for scan response 45:55:7e:66:6f:d0
09-01 14:32:36.440 V/bt_stack( 8588): [VERBOSE1:btm_ble_gap.cc(1923)] btm_ble_process_ext_adv_pkt: bda=63:e7:6b:57:ac:90
09-01 14:32:36.440 V/bt_stack( 8588): [VERBOSE1:btm_ble_gap.cc(1847)] btm_ble_process_adv_addr: bda=63:e7:6b:57:ac:90
09-01 14:32:36.440 V/bt_stack( 8588): [VERBOSE1:btm_ble_gap.cc(2052)]  Waiting for scan response 63:e7:6b:57:ac:90
09-01 14:32:36.440 V/bt_stack( 8588): [VERBOSE1:btm_ble_gap.cc(1923)] btm_ble_process_ext_adv_pkt: bda=63:e7:6b:57:ac:90
09-01 14:32:36.441 V/bt_stack( 8588): [VERBOSE1:btm_ble_gap.cc(1847)] btm_ble_process_adv_addr: bda=63:e7:6b:57:ac:90
09-01 14:32:36.442 D/BluetoothUtils( 8588): blockedByLocationOff callingUid=1002
09-01 14:32:36.442 I/BluetoothUtils( 8588): packagename is android.uid.bluetooth:1002 ,and its permission is false
09-01 14:32:36.442 D/BluetoothUtils( 8588): blockedByLocationOff callingUid=1002
09-01 14:32:36.443 I/BluetoothUtils( 8588): packagename is android.uid.bluetooth:1002 ,and its permission is false
09-01 14:32:36.443 D/BluetoothUtils( 8588): blockedByLocationOff callingUid=1002
09-01 14:32:36.443 I/BluetoothUtils( 8588): packagename is android.uid.bluetooth:1002 ,and its permission is false
09-01 14:32:36.446 V/bt_stack( 8588): [VERBOSE1:btm_ble_gap.cc(1923)] btm_ble_process_ext_adv_pkt: bda=17:7e:29:ab:4e:d0
09-01 14:32:36.446 V/bt_stack( 8588): [VERBOSE1:btm_ble_gap.cc(1847)] btm_ble_process_adv_addr: bda=17:7e:29:ab:4e:d0
09-01 14:32:36.447 D/BluetoothUtils( 8588): blockedByLocationOff callingUid=1002
09-01 14:32:36.448 I/BluetoothUtils( 8588): packagename is android.uid.bluetooth:1002 ,and its permission is false
09-01 14:32:36.448 D/BluetoothUtils( 8588): blockedByLocationOff callingUid=1002
09-01 14:32:36.448 I/BluetoothUtils( 8588): packagename is android.uid.bluetooth:1002 ,and its permission is false
09-01 14:32:36.448 D/BluetoothUtils( 8588): blockedByLocationOff callingUid=1002
09-01 14:32:36.449 V/bt_stack( 8588): [VERBOSE1:btm_ble_gap.cc(1923)] btm_ble_process_ext_adv_pkt: bda=25:4e:aa:3f:5d:41
09-01 14:32:36.449 I/BluetoothUtils( 8588): packagename is android.uid.bluetooth:1002 ,and its permission is false
09-01 14:32:36.449 V/bt_stack( 8588): [VERBOSE1:btm_ble_gap.cc(1847)] btm_ble_process_adv_addr: bda=25:4e:aa:3f:5d:41
09-01 14:32:36.450 D/BluetoothUtils( 8588): blockedByLocationOff callingUid=1002
09-01 14:32:36.451 I/BluetoothUtils( 8588): packagename is android.uid.bluetooth:1002 ,and its permission is false
09-01 14:32:36.451 D/BluetoothUtils( 8588): blockedByLocationOff callingUid=1002
09-01 14:32:36.451 V/bt_stack( 8588): [VERBOSE1:btm_ble_gap.cc(1923)] btm_ble_process_ext_adv_pkt: bda=56:e4:da:79:d5:88
09-01 14:32:36.451 I/BluetoothUtils( 8588): packagename is android.uid.bluetooth:1002 ,and its permission is false
09-01 14:32:36.451 V/bt_stack( 8588): [VERBOSE1:btm_ble_gap.cc(1847)] btm_ble_process_adv_addr: bda=56:e4:da:79:d5:88
09-01 14:32:36.451 D/BluetoothUtils( 8588): blockedByLocationOff callingUid=1002
09-01 14:32:36.451 V/bt_stack( 8588): [VERBOSE1:btm_ble_gap.cc(2052)]  Waiting for scan response 56:e4:da:79:d5:88
09-01 14:32:36.451 V/bt_stack( 8588): [VERBOSE1:btm_ble_gap.cc(1923)] btm_ble_process_ext_adv_pkt: bda=56:e4:da:79:d5:88
09-01 14:32:36.451 V/bt_stack( 8588): [VERBOSE1:btm_ble_gap.cc(1847)] btm_ble_process_adv_addr: bda=56:e4:da:79:d5:88
09-01 14:32:36.451 I/BluetoothUtils( 8588): packagename is android.uid.bluetooth:1002 ,and its permission is false
09-01 14:32:36.452 D/BluetoothUtils( 8588): blockedByLocationOff callingUid=1002
09-01 14:32:36.453 I/BluetoothUtils( 8588): packagename is android.uid.bluetooth:1002 ,and its permission is false
09-01 14:32:36.453 D/BluetoothUtils( 8588): blockedByLocationOff callingUid=1002
09-01 14:32:36.453 I/BluetoothUtils( 8588): packagename is android.uid.bluetooth:1002 ,and its permission is false
09-01 14:32:36.453 D/BluetoothUtils( 8588): blockedByLocationOff callingUid=1002
09-01 14:32:36.453 I/BluetoothUtils( 8588): packagename is android.uid.bluetooth:1002 ,and its permission is false
09-01 14:32:36.456 V/bt_stack( 8588): [VERBOSE1:btm_ble_gap.cc(1923)] btm_ble_process_ext_adv_pkt: bda=19:30:6d:c4:b5:5b
09-01 14:32:36.456 V/bt_stack( 8588): [VERBOSE1:btm_ble_gap.cc(1847)] btm_ble_process_adv_addr: bda=19:30:6d:c4:b5:5b
09-01 14:32:36.457 D/BluetoothUtils( 8588): blockedByLocationOff callingUid=1002
09-01 14:32:36.457 I/BluetoothUtils( 8588): packagename is android.uid.bluetooth:1002 ,and its permission is false
09-01 14:32:36.457 D/BluetoothUtils( 8588): blockedByLocationOff callingUid=1002
09-01 14:32:36.458 I/BluetoothUtils( 8588): packagename is android.uid.bluetooth:1002 ,and its permission is false
09-01 14:32:36.458 D/BluetoothUtils( 8588): blockedByLocationOff callingUid=1002
09-01 14:32:36.458 I/BluetoothUtils( 8588): packagename is android.uid.bluetooth:1002 ,and its permission is false
09-01 14:32:36.460 V/bt_stack( 8588): [VERBOSE1:btm_ble_gap.cc(1923)] btm_ble_process_ext_adv_pkt: bda=66:3e:07:e0:2b:d4
09-01 14:32:36.460 V/bt_stack( 8588): [VERBOSE1:btm_ble_gap.cc(1847)] btm_ble_process_adv_addr: bda=66:3e:07:e0:2b:d4
09-01 14:32:36.460 V/bt_stack( 8588): [VERBOSE1:btm_ble_gap.cc(2052)]  Waiting for scan response 66:3e:07:e0:2b:d4
09-01 14:32:36.460 V/bt_stack( 8588): [VERBOSE1:btm_ble_gap.cc(1923)] btm_ble_process_ext_adv_pkt: bda=66:3e:07:e0:2b:d4
09-01 14:32:36.460 V/bt_stack( 8588): [VERBOSE1:btm_ble_gap.cc(1847)] btm_ble_process_adv_addr: bda=66:3e:07:e0:2b:d4
09-01 14:32:36.460 D/BluetoothUtils( 8588): blockedByLocationOff callingUid=1002
09-01 14:32:36.461 I/BluetoothUtils( 8588): packagename is android.uid.bluetooth:1002 ,and its permission is false
09-01 14:32:36.461 D/BluetoothUtils( 8588): blockedByLocationOff callingUid=1002
09-01 14:32:36.461 I/BluetoothUtils( 8588): packagename is android.uid.bluetooth:1002 ,and its permission is false
09-01 14:32:36.461 D/BluetoothUtils( 8588): blockedByLocationOff callingUid=1002
09-01 14:32:36.461 I/BluetoothUtils( 8588): packagename is android.uid.bluetooth:1002 ,and its permission is false
09-01 14:32:36.463 V/bt_stack( 8588): [VERBOSE1:btm_ble_gap.cc(1923)] btm_ble_process_ext_adv_pkt: bda=6a:1a:31:28:a4:f8
09-01 14:32:36.463 V/bt_stack( 8588): [VERBOSE1:btm_ble_gap.cc(1847)] btm_ble_process_adv_addr: bda=6a:1a:31:28:a4:f8
09-01 14:32:36.464 D/BluetoothUtils( 8588): blockedByLocationOff callingUid=1002
09-01 14:32:36.464 I/BluetoothUtils( 8588): packagename is android.uid.bluetooth:1002 ,and its permission is false
09-01 14:32:36.465 D/BluetoothUtils( 8588): blockedByLocationOff callingUid=1002
09-01 14:32:36.465 I/BluetoothUtils( 8588): packagename is android.uid.bluetooth:1002 ,and its permission is false
09-01 14:32:36.465 D/BluetoothUtils( 8588): blockedByLocationOff callingUid=1002
09-01 14:32:36.465 I/BluetoothUtils( 8588): packagename is android.uid.bluetooth:1002 ,and its permission is false
09-01 14:32:36.471 V/bt_stack( 8588): [VERBOSE1:btm_ble_gap.cc(1923)] btm_ble_process_ext_adv_pkt: bda=38:f9:d3:45:87:1e
09-01 14:32:36.471 V/bt_stack( 8588): [VERBOSE1:btm_ble_gap.cc(1847)] btm_ble_process_adv_addr: bda=38:f9:d3:45:87:1e
09-01 14:32:36.471 V/bt_stack( 8588): [VERBOSE1:btm_ble_gap.cc(2052)]  Waiting for scan response 38:f9:d3:45:87:1e
09-01 14:32:36.471 V/bt_stack( 8588): [VERBOSE1:btm_ble_gap.cc(1923)] btm_ble_process_ext_adv_pkt: bda=38:f9:d3:45:87:1e
09-01 14:32:36.471 V/bt_stack( 8588): [VERBOSE1:btm_ble_gap.cc(1847)] btm_ble_process_adv_addr: bda=38:f9:d3:45:87:1e
09-01 14:32:36.472 D/BluetoothUtils( 8588): blockedByLocationOff callingUid=1002
09-01 14:32:36.473 I/BluetoothUtils( 8588): packagename is android.uid.bluetooth:1002 ,and its permission is false
09-01 14:32:36.473 D/BluetoothUtils( 8588): blockedByLocationOff callingUid=1002
09-01 14:32:36.473 I/BluetoothUtils( 8588): packagename is android.uid.bluetooth:1002 ,and its permission is false
09-01 14:32:36.473 D/BluetoothUtils( 8588): blockedByLocationOff callingUid=1002
09-01 14:32:36.474 I/BluetoothUtils( 8588): packagename is android.uid.bluetooth:1002 ,and its permission is false
09-01 14:32:36.474 V/bt_stack( 8588): [VERBOSE1:btm_ble_gap.cc(1923)] btm_ble_process_ext_adv_pkt: bda=2a:1b:52:ac:62:5d
09-01 14:32:36.475 V/bt_stack( 8588): [VERBOSE1:btm_ble_gap.cc(1847)] btm_ble_process_adv_addr: bda=2a:1b:52:ac:62:5d
09-01 14:32:36.475 D/BluetoothUtils( 8588): blockedByLocationOff callingUid=1002
09-01 14:32:36.476 I/BluetoothUtils( 8588): packagename is android.uid.bluetooth:1002 ,and its permission is false
09-01 14:32:36.476 D/BluetoothUtils( 8588): blockedByLocationOff callingUid=1002
09-01 14:32:36.477 I/BluetoothUtils( 8588): packagename is android.uid.bluetooth:1002 ,and its permission is false
09-01 14:32:36.477 D/BluetoothUtils( 8588): blockedByLocationOff callingUid=1002
09-01 14:32:36.477 I/BluetoothUtils( 8588): packagename is android.uid.bluetooth:1002 ,and its permission is false
09-01 14:32:36.496 V/bt_stack( 8588): [VERBOSE1:btm_ble_gap.cc(1923)] btm_ble_process_ext_adv_pkt: bda=58:d0:f0:96:be:49
09-01 14:32:36.497 V/bt_stack( 8588): [VERBOSE1:btm_ble_gap.cc(1847)] btm_ble_process_adv_addr: bda=58:d0:f0:96:be:49
09-01 14:32:36.497 V/bt_stack( 8588): [VERBOSE1:btm_ble_gap.cc(2052)]  Waiting for scan response 58:d0:f0:96:be:49
09-01 14:32:36.500 V/bt_stack( 8588): [VERBOSE1:btm_ble_gap.cc(1923)] btm_ble_process_ext_adv_pkt: bda=45:82:b1:70:34:77
09-01 14:32:36.500 V/bt_stack( 8588): [VERBOSE1:btm_ble_gap.cc(1847)] btm_ble_process_adv_addr: bda=45:82:b1:70:34:77
09-01 14:32:36.500 V/bt_stack( 8588): [VERBOSE1:btm_ble_gap.cc(2052)]  Waiting for scan response 45:82:b1:70:34:77
09-01 14:32:36.500 V/bt_stack( 8588): [VERBOSE1:btm_ble_gap.cc(1923)] btm_ble_process_ext_adv_pkt: bda=0a:29:89:b7:c8:4a
09-01 14:32:36.500 V/bt_stack( 8588): [VERBOSE1:btm_ble_gap.cc(1847)] btm_ble_process_adv_addr: bda=0a:29:89:b7:c8:4a
09-01 14:32:36.502 D/BluetoothUtils( 8588): blockedByLocationOff callingUid=1002
09-01 14:32:36.503 I/BluetoothUtils( 8588): packagename is android.uid.bluetooth:1002 ,and its permission is false
09-01 14:32:36.503 D/BluetoothUtils( 8588): blockedByLocationOff callingUid=1002
09-01 14:32:36.503 I/BluetoothUtils( 8588): packagename is android.uid.bluetooth:1002 ,and its permission is false
09-01 14:32:36.503 D/BluetoothUtils( 8588): blockedByLocationOff callingUid=1002
09-01 14:32:36.504 I/BluetoothUtils( 8588): packagename is android.uid.bluetooth:1002 ,and its permission is false
09-01 14:32:36.509 V/bt_stack( 8588): [VERBOSE1:btm_ble_gap.cc(1923)] btm_ble_process_ext_adv_pkt: bda=38:f9:d3:45:87:1e
09-01 14:32:36.510 V/bt_stack( 8588): [VERBOSE1:btm_ble_gap.cc(1847)] btm_ble_process_adv_addr: bda=38:f9:d3:45:87:1e
09-01 14:32:36.510 V/bt_stack( 8588): [VERBOSE1:btm_ble_gap.cc(2052)]  Waiting for scan response 38:f9:d3:45:87:1e
09-01 14:32:36.510 V/bt_stack( 8588): [VERBOSE1:btm_ble_gap.cc(1923)] btm_ble_process_ext_adv_pkt: bda=38:f9:d3:45:87:1e
09-01 14:32:36.510 V/bt_stack( 8588): [VERBOSE1:btm_ble_gap.cc(1847)] btm_ble_process_adv_addr: bda=38:f9:d3:45:87:1e
09-01 14:32:36.511 D/BluetoothUtils( 8588): blockedByLocationOff callingUid=1002
09-01 14:32:36.512 I/BluetoothUtils( 8588): packagename is android.uid.bluetooth:1002 ,and its permission is false
09-01 14:32:36.512 D/BluetoothUtils( 8588): blockedByLocationOff callingUid=1002
09-01 14:32:36.512 I/BluetoothUtils( 8588): packagename is android.uid.bluetooth:1002 ,and its permission is false
09-01 14:32:36.512 D/BluetoothUtils( 8588): blockedByLocationOff callingUid=1002
09-01 14:32:36.512 I/BluetoothUtils( 8588): packagename is android.uid.bluetooth:1002 ,and its permission is false
09-01 14:32:36.517 V/bt_stack( 8588): [VERBOSE1:btm_ble_gap.cc(1923)] btm_ble_process_ext_adv_pkt: bda=56:e4:da:79:d5:88
09-01 14:32:36.517 V/bt_stack( 8588): [VERBOSE1:btm_ble_gap.cc(1847)] btm_ble_process_adv_addr: bda=56:e4:da:79:d5:88
09-01 14:32:36.517 V/bt_stack( 8588): [VERBOSE1:btm_ble_gap.cc(2052)]  Waiting for scan response 56:e4:da:79:d5:88
09-01 14:32:36.517 V/bt_stack( 8588): [VERBOSE1:btm_ble_gap.cc(1923)] btm_ble_process_ext_adv_pkt: bda=56:e4:da:79:d5:88
09-01 14:32:36.517 V/bt_stack( 8588): [VERBOSE1:btm_ble_gap.cc(1847)] btm_ble_process_adv_addr: bda=56:e4:da:79:d5:88
09-01 14:32:36.519 D/BluetoothUtils( 8588): blockedByLocationOff callingUid=1002
09-01 14:32:36.519 I/BluetoothUtils( 8588): packagename is android.uid.bluetooth:1002 ,and its permission is false
09-01 14:32:36.519 D/BluetoothUtils( 8588): blockedByLocationOff callingUid=1002
09-01 14:32:36.520 I/BluetoothUtils( 8588): packagename is android.uid.bluetooth:1002 ,and its permission is false
09-01 14:32:36.520 D/BluetoothUtils( 8588): blockedByLocationOff callingUid=1002
09-01 14:32:36.520 I/BluetoothUtils( 8588): packagename is android.uid.bluetooth:1002 ,and its permission is false
09-01 14:32:36.533 V/bt_stack( 8588): [VERBOSE1:btm_ble_gap.cc(1923)] btm_ble_process_ext_adv_pkt: bda=53:20:ff:cd:6c:a4
09-01 14:32:36.533 V/bt_stack( 8588): [VERBOSE1:btm_ble_gap.cc(1847)] btm_ble_process_adv_addr: bda=53:20:ff:cd:6c:a4
09-01 14:32:36.533 V/bt_stack( 8588): [VERBOSE1:btm_ble_gap.cc(2052)]  Waiting for scan response 53:20:ff:cd:6c:a4
09-01 14:32:36.533 V/bt_stack( 8588): [VERBOSE1:btm_ble_gap.cc(1923)] btm_ble_process_ext_adv_pkt: bda=53:20:ff:cd:6c:a4
09-01 14:32:36.534 V/bt_stack( 8588): [VERBOSE1:btm_ble_gap.cc(1847)] btm_ble_process_adv_addr: bda=53:20:ff:cd:6c:a4
09-01 14:32:36.535 D/BluetoothUtils( 8588): blockedByLocationOff callingUid=1002
09-01 14:32:36.536 I/BluetoothUtils( 8588): packagename is android.uid.bluetooth:1002 ,and its permission is false
09-01 14:32:36.536 D/BluetoothUtils( 8588): blockedByLocationOff callingUid=1002
09-01 14:32:36.536 I/BluetoothUtils( 8588): packagename is android.uid.bluetooth:1002 ,and its permission is false
09-01 14:32:36.536 D/BluetoothUtils( 8588): blockedByLocationOff callingUid=1002
09-01 14:32:36.536 I/BluetoothUtils( 8588): packagename is android.uid.bluetooth:1002 ,and its permission is false
09-01 14:32:36.545 D/NetworkController.MobileSignalController(1)(29730): getDataNetTypeFromServiceState slotId=1  isUsingCarrierAggregation=false
09-01 14:32:36.545 D/NetworkTypeUtils(29730): getDataNetTypeFromServiceState:srcDataNetType = 13, destDataNetType 13
09-01 14:32:36.546 D/MobileSignalController(29730): updateDataType mSelectedDataTypeIcon[1]=2131233281, mSelectedDataActivityIndex=6
09-01 14:32:36.546 D/TelephonyIcons(29730): getSignalStrengthIcon: slot=1, inetCondition=1, level=5, roaming=false, signalstrength=SignalStrength:{mCdma=CellSignalStrengthCdma: cdmaDbm=2147483647 cdmaEcio=2147483647 evdoDbm=2147483647 evdoEcio=2147483647 evdoSnr=2147483647 miuiLevel=0 level=0,mGsm=CellSignalStrengthGsm: rssi=2147483647 ber=2147483647 mTa=2147483647 miuiLevel=0 mLevel=0,mWcdma=CellSignalStrengthWcdma: ss=2147483647 ber=2147483647 rscp=2147483647 ecno=2147483647 miuiLevel=0 level=0,mTdscdma=CellSignalStrengthTdscdma: rssi=2147483647 ber=2147483647 rscp=2147483647 miuiLevel=0 level=0,mLte=CellSignalStrengthLte: rssi=-55 rsrp=-77 rsrq=-6 rssnr=244 cqi=2147483647 ta=2147483647 miuiLevel=5 level=4,mNr=CellSignalStrengthNr:{ csiRsrp = 2147483647 csiRsrq = 2147483647 csiSinr = 2147483647 ssRsrp = 2147483647 ssRsrq = 2147483647 ssSinr = 2147483647 miuiLevel = 0 level = 0 },primary=CellSignalStrengthLte}
09-01 14:32:36.546 D/TelephonyIcons(29730): null signal icon name: drawable/stat_sys_signal_null
09-01 14:32:36.546 D/TelephonyIcons(29730): getDataTypeIcon sub=1
09-01 14:32:36.548 V/bt_stack( 8588): [VERBOSE1:btm_ble_gap.cc(1923)] btm_ble_process_ext_adv_pkt: bda=56:e4:da:79:d5:88
09-01 14:32:36.548 V/bt_stack( 8588): [VERBOSE1:btm_ble_gap.cc(1847)] btm_ble_process_adv_addr: bda=56:e4:da:79:d5:88
09-01 14:32:36.548 V/bt_stack( 8588): [VERBOSE1:btm_ble_gap.cc(2052)]  Waiting for scan response 56:e4:da:79:d5:88
09-01 14:32:36.549 V/bt_stack( 8588): [VERBOSE1:btm_ble_gap.cc(1923)] btm_ble_process_ext_adv_pkt: bda=56:e4:da:79:d5:88
09-01 14:32:36.549 V/bt_stack( 8588): [VERBOSE1:btm_ble_gap.cc(1847)] btm_ble_process_adv_addr: bda=56:e4:da:79:d5:88
09-01 14:32:36.550 D/BluetoothUtils( 8588): blockedByLocationOff callingUid=1002
09-01 14:32:36.550 I/BluetoothUtils( 8588): packagename is android.uid.bluetooth:1002 ,and its permission is false
09-01 14:32:36.550 D/BluetoothUtils( 8588): blockedByLocationOff callingUid=1002
09-01 14:32:36.550 I/BluetoothUtils( 8588): packagename is android.uid.bluetooth:1002 ,and its permission is false
09-01 14:32:36.550 D/BluetoothUtils( 8588): blockedByLocationOff callingUid=1002
09-01 14:32:36.551 I/BluetoothUtils( 8588): packagename is android.uid.bluetooth:1002 ,and its permission is false
09-01 14:32:36.551 V/bt_stack( 8588): [VERBOSE1:btm_ble_gap.cc(1923)] btm_ble_process_ext_adv_pkt: bda=38:f9:d3:45:87:1e
09-01 14:32:36.551 V/bt_stack( 8588): [VERBOSE1:btm_ble_gap.cc(1847)] btm_ble_process_adv_addr: bda=38:f9:d3:45:87:1e
09-01 14:32:36.551 V/bt_stack( 8588): [VERBOSE1:btm_ble_gap.cc(2052)]  Waiting for scan response 38:f9:d3:45:87:1e
09-01 14:32:36.551 V/bt_stack( 8588): [VERBOSE1:btm_ble_gap.cc(1923)] btm_ble_process_ext_adv_pkt: bda=38:f9:d3:45:87:1e
09-01 14:32:36.551 V/bt_stack( 8588): [VERBOSE1:btm_ble_gap.cc(1847)] btm_ble_process_adv_addr: bda=38:f9:d3:45:87:1e
09-01 14:32:36.553 D/BluetoothUtils( 8588): blockedByLocationOff callingUid=1002
09-01 14:32:36.553 I/BluetoothUtils( 8588): packagename is android.uid.bluetooth:1002 ,and its permission is false
09-01 14:32:36.553 D/BluetoothUtils( 8588): blockedByLocationOff callingUid=1002
09-01 14:32:36.554 I/BluetoothUtils( 8588): packagename is android.uid.bluetooth:1002 ,and its permission is false
09-01 14:32:36.554 D/BluetoothUtils( 8588): blockedByLocationOff callingUid=1002
09-01 14:32:36.554 V/bt_stack( 8588): [VERBOSE1:btm_ble_gap.cc(1923)] btm_ble_process_ext_adv_pkt: bda=17:7e:29:ab:4e:d0
09-01 14:32:36.554 V/bt_stack( 8588): [VERBOSE1:btm_ble_gap.cc(1847)] btm_ble_process_adv_addr: bda=17:7e:29:ab:4e:d0
09-01 14:32:36.554 I/BluetoothUtils( 8588): packagename is android.uid.bluetooth:1002 ,and its permission is false
09-01 14:32:36.555 D/BluetoothUtils( 8588): blockedByLocationOff callingUid=1002
09-01 14:32:36.555 I/BluetoothUtils( 8588): packagename is android.uid.bluetooth:1002 ,and its permission is false
09-01 14:32:36.555 D/BluetoothUtils( 8588): blockedByLocationOff callingUid=1002
09-01 14:32:36.556 I/BluetoothUtils( 8588): packagename is android.uid.bluetooth:1002 ,and its permission is false
09-01 14:32:36.556 D/BluetoothUtils( 8588): blockedByLocationOff callingUid=1002
09-01 14:32:36.556 I/BluetoothUtils( 8588): packagename is android.uid.bluetooth:1002 ,and its permission is false
09-01 14:32:36.557 V/bt_stack( 8588): [VERBOSE1:btm_ble_gap.cc(1923)] btm_ble_process_ext_adv_pkt: bda=0c:1a:06:0e:96:57
09-01 14:32:36.557 V/bt_stack( 8588): [VERBOSE1:btm_ble_gap.cc(1847)] btm_ble_process_adv_addr: bda=0c:1a:06:0e:96:57
09-01 14:32:36.559 D/BluetoothUtils( 8588): blockedByLocationOff callingUid=1002
09-01 14:32:36.560 I/BluetoothUtils( 8588): packagename is android.uid.bluetooth:1002 ,and its permission is false
09-01 14:32:36.560 D/BluetoothUtils( 8588): blockedByLocationOff callingUid=1002
09-01 14:32:36.560 I/BluetoothUtils( 8588): packagename is android.uid.bluetooth:1002 ,and its permission is false
09-01 14:32:36.560 D/BluetoothUtils( 8588): blockedByLocationOff callingUid=1002
09-01 14:32:36.560 I/BluetoothUtils( 8588): packagename is android.uid.bluetooth:1002 ,and its permission is false
09-01 14:32:36.565 V/bt_stack( 8588): [VERBOSE1:btm_ble_gap.cc(1923)] btm_ble_process_ext_adv_pkt: bda=19:30:6d:c4:b5:5b
09-01 14:32:36.565 V/bt_stack( 8588): [VERBOSE1:btm_ble_gap.cc(1847)] btm_ble_process_adv_addr: bda=19:30:6d:c4:b5:5b
09-01 14:32:36.567 D/BluetoothUtils( 8588): blockedByLocationOff callingUid=1002
09-01 14:32:36.567 I/BluetoothUtils( 8588): packagename is android.uid.bluetooth:1002 ,and its permission is false
09-01 14:32:36.567 D/BluetoothUtils( 8588): blockedByLocationOff callingUid=1002
09-01 14:32:36.568 I/BluetoothUtils( 8588): packagename is android.uid.bluetooth:1002 ,and its permission is false
09-01 14:32:36.568 D/BluetoothUtils( 8588): blockedByLocationOff callingUid=1002
09-01 14:32:36.568 I/BluetoothUtils( 8588): packagename is android.uid.bluetooth:1002 ,and its permission is false
09-01 14:32:36.570 V/bt_stack( 8588): [VERBOSE1:btm_ble_gap.cc(1923)] btm_ble_process_ext_adv_pkt: bda=6a:1a:31:28:a4:f8
09-01 14:32:36.571 V/bt_stack( 8588): [VERBOSE1:btm_ble_gap.cc(1847)] btm_ble_process_adv_addr: bda=6a:1a:31:28:a4:f8
09-01 14:32:36.571 D/BluetoothUtils( 8588): blockedByLocationOff callingUid=1002
09-01 14:32:36.571 I/BluetoothUtils( 8588): packagename is android.uid.bluetooth:1002 ,and its permission is false
09-01 14:32:36.572 D/BluetoothUtils( 8588): blockedByLocationOff callingUid=1002
09-01 14:32:36.572 I/BluetoothUtils( 8588): packagename is android.uid.bluetooth:1002 ,and its permission is false
09-01 14:32:36.573 D/BluetoothUtils( 8588): blockedByLocationOff callingUid=1002
09-01 14:32:36.573 I/BluetoothUtils( 8588): packagename is android.uid.bluetooth:1002 ,and its permission is false
09-01 14:32:36.576 V/bt_stack( 8588): [VERBOSE1:btm_ble_gap.cc(1923)] btm_ble_process_ext_adv_pkt: bda=2d:8f:df:c2:a9:d4
09-01 14:32:36.576 V/bt_stack( 8588): [VERBOSE1:btm_ble_gap.cc(1847)] btm_ble_process_adv_addr: bda=2d:8f:df:c2:a9:d4
09-01 14:32:36.578 D/BluetoothUtils( 8588): blockedByLocationOff callingUid=1002
09-01 14:32:36.578 I/BluetoothUtils( 8588): packagename is android.uid.bluetooth:1002 ,and its permission is false
09-01 14:32:36.578 D/BluetoothUtils( 8588): blockedByLocationOff callingUid=1002
09-01 14:32:36.578 I/BluetoothUtils( 8588): packagename is android.uid.bluetooth:1002 ,and its permission is false
09-01 14:32:36.578 D/BluetoothUtils( 8588): blockedByLocationOff callingUid=1002
09-01 14:32:36.579 I/BluetoothUtils( 8588): packagename is android.uid.bluetooth:1002 ,and its permission is false
09-01 14:32:36.579 V/bt_stack( 8588): [VERBOSE1:btm_ble_gap.cc(1923)] btm_ble_process_ext_adv_pkt: bda=38:f9:d3:45:87:1e
09-01 14:32:36.579 V/bt_stack( 8588): [VERBOSE1:btm_ble_gap.cc(1847)] btm_ble_process_adv_addr: bda=38:f9:d3:45:87:1e
09-01 14:32:36.579 V/bt_stack( 8588): [VERBOSE1:btm_ble_gap.cc(2052)]  Waiting for scan response 38:f9:d3:45:87:1e
09-01 14:32:36.580 V/bt_stack( 8588): [VERBOSE1:btm_ble_gap.cc(1923)] btm_ble_process_ext_adv_pkt: bda=38:f9:d3:45:87:1e
09-01 14:32:36.580 V/bt_stack( 8588): [VERBOSE1:btm_ble_gap.cc(1847)] btm_ble_process_adv_addr: bda=38:f9:d3:45:87:1e
09-01 14:32:36.580 D/BluetoothUtils( 8588): blockedByLocationOff callingUid=1002
09-01 14:32:36.580 I/BluetoothUtils( 8588): packagename is android.uid.bluetooth:1002 ,and its permission is false
09-01 14:32:36.581 D/BluetoothUtils( 8588): blockedByLocationOff callingUid=1002
09-01 14:32:36.581 I/BluetoothUtils( 8588): packagename is android.uid.bluetooth:1002 ,and its permission is false
09-01 14:32:36.581 D/BluetoothUtils( 8588): blockedByLocationOff callingUid=1002
09-01 14:32:36.581 I/BluetoothUtils( 8588): packagename is android.uid.bluetooth:1002 ,and its permission is false
09-01 14:32:36.609 V/bt_stack( 8588): [VERBOSE1:btm_ble_gap.cc(1923)] btm_ble_process_ext_adv_pkt: bda=77:60:99:3a:74:d9
09-01 14:32:36.609 V/bt_stack( 8588): [VERBOSE1:btm_ble_gap.cc(1847)] btm_ble_process_adv_addr: bda=77:60:99:3a:74:d9
09-01 14:32:36.609 V/bt_stack( 8588): [VERBOSE1:btm_ble_gap.cc(2052)]  Waiting for scan response 77:60:99:3a:74:d9
09-01 14:32:36.609 V/bt_stack( 8588): [VERBOSE1:btm_ble_gap.cc(1923)] btm_ble_process_ext_adv_pkt: bda=0a:29:89:b7:c8:4a
