09-01 14:42:54.356 D/BluetoothUtils( 8588): blockedByLocationOff callingUid=1002
09-01 14:42:54.357 I/BluetoothUtils( 8588): packagename is android.uid.bluetooth:1002 ,and its permission is false
09-01 14:42:54.357 D/BluetoothUtils( 8588): blockedByLocationOff callingUid=1002
09-01 14:42:54.357 I/BluetoothUtils( 8588): packagename is android.uid.bluetooth:1002 ,and its permission is false
09-01 14:42:54.358 D/BluetoothUtils( 8588): blockedByLocationOff callingUid=1002
09-01 14:42:54.358 I/BluetoothUtils( 8588): packagename is android.uid.bluetooth:1002 ,and its permission is false
09-01 14:42:54.359 V/bt_stack( 8588): [VERBOSE1:btm_ble_gap.cc(1923)] btm_ble_process_ext_adv_pkt: bda=33:91:15:08:2a:2b
09-01 14:42:54.359 V/bt_stack( 8588): [VERBOSE1:btm_ble_gap.cc(1847)] btm_ble_process_adv_addr: bda=33:91:15:08:2a:2b
09-01 14:42:54.360 D/BluetoothUtils( 8588): blockedByLocationOff callingUid=1002
09-01 14:42:54.360 V/bt_stack( 8588): [VERBOSE1:btm_ble_gap.cc(1923)] btm_ble_process_ext_adv_pkt: bda=30:31:51:23:9b:e3
09-01 14:42:54.361 V/bt_stack( 8588): [VERBOSE1:btm_ble_gap.cc(1847)] btm_ble_process_adv_addr: bda=30:31:51:23:9b:e3
09-01 14:42:54.361 I/BluetoothUtils( 8588): packagename is android.uid.bluetooth:1002 ,and its permission is false
09-01 14:42:54.361 D/BluetoothUtils( 8588): blockedByLocationOff callingUid=1002
09-01 14:42:54.361 I/BluetoothUtils( 8588): packagename is android.uid.bluetooth:1002 ,and its permission is false
09-01 14:42:54.361 D/BluetoothUtils( 8588): blockedByLocationOff callingUid=1002
09-01 14:42:54.362 I/BluetoothUtils( 8588): packagename is android.uid.bluetooth:1002 ,and its permission is false
09-01 14:42:54.363 D/BluetoothUtils( 8588): blockedByLocationOff callingUid=1002
09-01 14:42:54.363 I/BluetoothUtils( 8588): packagename is android.uid.bluetooth:1002 ,and its permission is false
09-01 14:42:54.363 D/BluetoothUtils( 8588): blockedByLocationOff callingUid=1002
09-01 14:42:54.364 I/BluetoothUtils( 8588): packagename is android.uid.bluetooth:1002 ,and its permission is false
09-01 14:42:54.364 D/BluetoothUtils( 8588): blockedByLocationOff callingUid=1002
09-01 14:42:54.364 I/BluetoothUtils( 8588): packagename is android.uid.bluetooth:1002 ,and its permission is false
09-01 14:42:54.365 V/bt_stack( 8588): [VERBOSE1:btm_ble_gap.cc(1923)] btm_ble_process_ext_adv_pkt: bda=14:07:16:05:50:1e
09-01 14:42:54.365 V/bt_stack( 8588): [VERBOSE1:btm_ble_gap.cc(1847)] btm_ble_process_adv_addr: bda=14:07:16:05:50:1e
09-01 14:42:54.365 V/bt_stack( 8588): [VERBOSE1:btm_ble_gap.cc(2052)]  Waiting for scan response 14:07:16:05:50:1e
09-01 14:42:54.365 V/bt_stack( 8588): [VERBOSE1:btm_ble_gap.cc(1923)] btm_ble_process_ext_adv_pkt: bda=14:07:16:05:50:1e
09-01 14:42:54.365 V/bt_stack( 8588): [VERBOSE1:btm_ble_gap.cc(1847)] btm_ble_process_adv_addr: bda=14:07:16:05:50:1e
09-01 14:42:54.366 D/BluetoothUtils( 8588): blockedByLocationOff callingUid=1002
09-01 14:42:54.366 I/BluetoothUtils( 8588): packagename is android.uid.bluetooth:1002 ,and its permission is false
09-01 14:42:54.366 D/BluetoothUtils( 8588): blockedByLocationOff callingUid=1002
09-01 14:42:54.367 I/BluetoothUtils( 8588): packagename is android.uid.bluetooth:1002 ,and its permission is false
09-01 14:42:54.367 V/bt_stack( 8588): [VERBOSE1:btm_ble_gap.cc(1923)] btm_ble_process_ext_adv_pkt: bda=38:f9:d3:45:87:1e
09-01 14:42:54.367 D/BluetoothUtils( 8588): blockedByLocationOff callingUid=1002
09-01 14:42:54.367 V/bt_stack( 8588): [VERBOSE1:btm_ble_gap.cc(1847)] btm_ble_process_adv_addr: bda=38:f9:d3:45:87:1e
09-01 14:42:54.367 V/bt_stack( 8588): [VERBOSE1:btm_ble_gap.cc(2052)]  Waiting for scan response 38:f9:d3:45:87:1e
09-01 14:42:54.367 V/bt_stack( 8588): [VERBOSE1:btm_ble_gap.cc(1923)] btm_ble_process_ext_adv_pkt: bda=38:f9:d3:45:87:1e
09-01 14:42:54.367 I/BluetoothUtils( 8588): packagename is android.uid.bluetooth:1002 ,and its permission is false
09-01 14:42:54.367 V/bt_stack( 8588): [VERBOSE1:btm_ble_gap.cc(1847)] btm_ble_process_adv_addr: bda=38:f9:d3:45:87:1e
09-01 14:42:54.368 D/BluetoothUtils( 8588): blockedByLocationOff callingUid=1002
09-01 14:42:54.368 I/BluetoothUtils( 8588): packagename is android.uid.bluetooth:1002 ,and its permission is false
09-01 14:42:54.368 D/BluetoothUtils( 8588): blockedByLocationOff callingUid=1002
09-01 14:42:54.368 I/BluetoothUtils( 8588): packagename is android.uid.bluetooth:1002 ,and its permission is false
09-01 14:42:54.368 D/BluetoothUtils( 8588): blockedByLocationOff callingUid=1002
09-01 14:42:54.369 I/BluetoothUtils( 8588): packagename is android.uid.bluetooth:1002 ,and its permission is false
09-01 14:42:54.370 V/bt_stack( 8588): [VERBOSE1:btm_ble_gap.cc(1923)] btm_ble_process_ext_adv_pkt: bda=59:ea:73:03:7b:dc
09-01 14:42:54.370 V/bt_stack( 8588): [VERBOSE1:btm_ble_gap.cc(1847)] btm_ble_process_adv_addr: bda=59:ea:73:03:7b:dc
09-01 14:42:54.371 D/BluetoothUtils( 8588): blockedByLocationOff callingUid=1002
09-01 14:42:54.371 I/BluetoothUtils( 8588): packagename is android.uid.bluetooth:1002 ,and its permission is false
09-01 14:42:54.371 D/BluetoothUtils( 8588): blockedByLocationOff callingUid=1002
09-01 14:42:54.372 I/BluetoothUtils( 8588): packagename is android.uid.bluetooth:1002 ,and its permission is false
09-01 14:42:54.372 D/BluetoothUtils( 8588): blockedByLocationOff callingUid=1002
09-01 14:42:54.372 I/BluetoothUtils( 8588): packagename is android.uid.bluetooth:1002 ,and its permission is false
09-01 14:42:54.382 V/bt_stack( 8588): [VERBOSE1:btm_ble_gap.cc(1923)] btm_ble_process_ext_adv_pkt: bda=01:f5:30:c0:9b:7a
09-01 14:42:54.382 V/bt_stack( 8588): [VERBOSE1:btm_ble_gap.cc(1847)] btm_ble_process_adv_addr: bda=01:f5:30:c0:9b:7a
09-01 14:42:54.384 D/BluetoothUtils( 8588): blockedByLocationOff callingUid=1002
09-01 14:42:54.384 I/BluetoothUtils( 8588): packagename is android.uid.bluetooth:1002 ,and its permission is false
09-01 14:42:54.385 D/BluetoothUtils( 8588): blockedByLocationOff callingUid=1002
09-01 14:42:54.385 I/BluetoothUtils( 8588): packagename is android.uid.bluetooth:1002 ,and its permission is false
09-01 14:42:54.385 D/BluetoothUtils( 8588): blockedByLocationOff callingUid=1002
09-01 14:42:54.386 I/BluetoothUtils( 8588): packagename is android.uid.bluetooth:1002 ,and its permission is false
09-01 14:42:54.387 V/bt_stack( 8588): [VERBOSE1:btm_ble_gap.cc(1923)] btm_ble_process_ext_adv_pkt: bda=05:18:f1:4b:2c:d4
09-01 14:42:54.387 V/bt_stack( 8588): [VERBOSE1:btm_ble_gap.cc(1847)] btm_ble_process_adv_addr: bda=05:18:f1:4b:2c:d4
09-01 14:42:54.388 V/bt_stack( 8588): [VERBOSE1:btm_ble_gap.cc(1923)] btm_ble_process_ext_adv_pkt: bda=0e:10:bb:c2:00:89
09-01 14:42:54.388 V/bt_stack( 8588): [VERBOSE1:btm_ble_gap.cc(1847)] btm_ble_process_adv_addr: bda=0e:10:bb:c2:00:89
09-01 14:42:54.389 D/BluetoothUtils( 8588): blockedByLocationOff callingUid=1002
09-01 14:42:54.390 I/BluetoothUtils( 8588): packagename is android.uid.bluetooth:1002 ,and its permission is false
09-01 14:42:54.390 D/BluetoothUtils( 8588): blockedByLocationOff callingUid=1002
09-01 14:42:54.390 I/BluetoothUtils( 8588): packagename is android.uid.bluetooth:1002 ,and its permission is false
09-01 14:42:54.390 D/BluetoothUtils( 8588): blockedByLocationOff callingUid=1002
09-01 14:42:54.391 I/BluetoothUtils( 8588): packagename is android.uid.bluetooth:1002 ,and its permission is false
09-01 14:42:54.392 D/BluetoothUtils( 8588): blockedByLocationOff callingUid=1002
09-01 14:42:54.393 I/BluetoothUtils( 8588): packagename is android.uid.bluetooth:1002 ,and its permission is false
09-01 14:42:54.393 D/BluetoothUtils( 8588): blockedByLocationOff callingUid=1002
09-01 14:42:54.394 I/BluetoothUtils( 8588): packagename is android.uid.bluetooth:1002 ,and its permission is false
09-01 14:42:54.394 D/BluetoothUtils( 8588): blockedByLocationOff callingUid=1002
09-01 14:42:54.394 I/BluetoothUtils( 8588): packagename is android.uid.bluetooth:1002 ,and its permission is false
09-01 14:42:54.418 V/bt_stack( 8588): [VERBOSE1:btm_ble_gap.cc(1923)] btm_ble_process_ext_adv_pkt: bda=63:4f:86:72:1e:da
09-01 14:42:54.418 V/bt_stack( 8588): [VERBOSE1:btm_ble_gap.cc(1847)] btm_ble_process_adv_addr: bda=63:4f:86:72:1e:da
09-01 14:42:54.418 V/bt_stack( 8588): [VERBOSE1:btm_ble_gap.cc(2052)]  Waiting for scan response 63:4f:86:72:1e:da
09-01 14:42:54.418 V/bt_stack( 8588): [VERBOSE1:btm_ble_gap.cc(1923)] btm_ble_process_ext_adv_pkt: bda=2c:09:3e:94:80:f3
09-01 14:42:54.418 V/bt_stack( 8588): [VERBOSE1:btm_ble_gap.cc(1847)] btm_ble_process_adv_addr: bda=2c:09:3e:94:80:f3
09-01 14:42:54.419 V/bt_stack( 8588): [VERBOSE1:btm_ble_gap.cc(1923)] btm_ble_process_ext_adv_pkt: bda=35:38:49:78:be:f0
09-01 14:42:54.419 V/bt_stack( 8588): [VERBOSE1:btm_ble_gap.cc(1847)] btm_ble_process_adv_addr: bda=35:38:49:78:be:f0
09-01 14:42:54.420 D/BluetoothUtils( 8588): blockedByLocationOff callingUid=1002
09-01 14:42:54.420 I/BluetoothUtils( 8588): packagename is android.uid.bluetooth:1002 ,and its permission is false
09-01 14:42:54.420 D/BluetoothUtils( 8588): blockedByLocationOff callingUid=1002
09-01 14:42:54.420 I/BluetoothUtils( 8588): packagename is android.uid.bluetooth:1002 ,and its permission is false
09-01 14:42:54.420 D/BluetoothUtils( 8588): blockedByLocationOff callingUid=1002
09-01 14:42:54.421 I/BluetoothUtils( 8588): packagename is android.uid.bluetooth:1002 ,and its permission is false
09-01 14:42:54.421 D/BluetoothUtils( 8588): blockedByLocationOff callingUid=1002
09-01 14:42:54.422 I/BluetoothUtils( 8588): packagename is android.uid.bluetooth:1002 ,and its permission is false
09-01 14:42:54.422 D/BluetoothUtils( 8588): blockedByLocationOff callingUid=1002
09-01 14:42:54.422 I/BluetoothUtils( 8588): packagename is android.uid.bluetooth:1002 ,and its permission is false
09-01 14:42:54.422 D/BluetoothUtils( 8588): blockedByLocationOff callingUid=1002
09-01 14:42:54.422 I/BluetoothUtils( 8588): packagename is android.uid.bluetooth:1002 ,and its permission is false
09-01 14:42:54.425 V/bt_stack( 8588): [VERBOSE1:btm_ble_gap.cc(1923)] btm_ble_process_ext_adv_pkt: bda=66:3e:07:e0:2b:d4
09-01 14:42:54.426 V/bt_stack( 8588): [VERBOSE1:btm_ble_gap.cc(1847)] btm_ble_process_adv_addr: bda=66:3e:07:e0:2b:d4
09-01 14:42:54.426 V/bt_stack( 8588): [VERBOSE1:btm_ble_gap.cc(2052)]  Waiting for scan response 66:3e:07:e0:2b:d4
09-01 14:42:54.426 V/bt_stack( 8588): [VERBOSE1:btm_ble_gap.cc(1923)] btm_ble_process_ext_adv_pkt: bda=66:3e:07:e0:2b:d4
09-01 14:42:54.426 V/bt_stack( 8588): [VERBOSE1:btm_ble_gap.cc(1847)] btm_ble_process_adv_addr: bda=66:3e:07:e0:2b:d4
09-01 14:42:54.426 D/BluetoothUtils( 8588): blockedByLocationOff callingUid=1002
09-01 14:42:54.427 I/BluetoothUtils( 8588): packagename is android.uid.bluetooth:1002 ,and its permission is false
09-01 14:42:54.427 D/BluetoothUtils( 8588): blockedByLocationOff callingUid=1002
09-01 14:42:54.427 I/BluetoothUtils( 8588): packagename is android.uid.bluetooth:1002 ,and its permission is false
09-01 14:42:54.427 D/BluetoothUtils( 8588): blockedByLocationOff callingUid=1002
09-01 14:42:54.427 I/BluetoothUtils( 8588): packagename is android.uid.bluetooth:1002 ,and its permission is false
09-01 14:42:54.428 V/bt_stack( 8588): [VERBOSE1:btm_ble_gap.cc(1923)] btm_ble_process_ext_adv_pkt: bda=00:35:64:83:a4:98
09-01 14:42:54.428 V/bt_stack( 8588): [VERBOSE1:btm_ble_gap.cc(1847)] btm_ble_process_adv_addr: bda=00:35:64:83:a4:98
09-01 14:42:54.429 D/BluetoothUtils( 8588): blockedByLocationOff callingUid=1002
09-01 14:42:54.429 I/BluetoothUtils( 8588): packagename is android.uid.bluetooth:1002 ,and its permission is false
09-01 14:42:54.429 D/BluetoothUtils( 8588): blockedByLocationOff callingUid=1002
09-01 14:42:54.430 I/BluetoothUtils( 8588): packagename is android.uid.bluetooth:1002 ,and its permission is false
09-01 14:42:54.430 D/BluetoothUtils( 8588): blockedByLocationOff callingUid=1002
09-01 14:42:54.430 I/BluetoothUtils( 8588): packagename is android.uid.bluetooth:1002 ,and its permission is false
09-01 14:42:54.432 V/bt_stack( 8588): [VERBOSE1:btm_ble_gap.cc(1923)] btm_ble_process_ext_adv_pkt: bda=35:45:bf:2c:e1:03
09-01 14:42:54.432 V/bt_stack( 8588): [VERBOSE1:btm_ble_gap.cc(1847)] btm_ble_process_adv_addr: bda=35:45:bf:2c:e1:03
09-01 14:42:54.433 D/BluetoothUtils( 8588): blockedByLocationOff callingUid=1002
09-01 14:42:54.434 I/BluetoothUtils( 8588): packagename is android.uid.bluetooth:1002 ,and its permission is false
09-01 14:42:54.434 D/BluetoothUtils( 8588): blockedByLocationOff callingUid=1002
09-01 14:42:54.434 V/bt_stack( 8588): [VERBOSE1:btm_ble_gap.cc(1923)] btm_ble_process_ext_adv_pkt: bda=15:60:5f:ab:4f:6e
09-01 14:42:54.434 V/bt_stack( 8588): [VERBOSE1:btm_ble_gap.cc(1847)] btm_ble_process_adv_addr: bda=15:60:5f:ab:4f:6e
09-01 14:42:54.434 I/BluetoothUtils( 8588): packagename is android.uid.bluetooth:1002 ,and its permission is false
09-01 14:42:54.434 D/BluetoothUtils( 8588): blockedByLocationOff callingUid=1002
09-01 14:42:54.435 I/BluetoothUtils( 8588): packagename is android.uid.bluetooth:1002 ,and its permission is false
09-01 14:42:54.435 D/BluetoothUtils( 8588): blockedByLocationOff callingUid=1002
09-01 14:42:54.436 I/BluetoothUtils( 8588): packagename is android.uid.bluetooth:1002 ,and its permission is false
09-01 14:42:54.436 D/BluetoothUtils( 8588): blockedByLocationOff callingUid=1002
09-01 14:42:54.436 I/BluetoothUtils( 8588): packagename is android.uid.bluetooth:1002 ,and its permission is false
09-01 14:42:54.436 D/BluetoothUtils( 8588): blockedByLocationOff callingUid=1002
09-01 14:42:54.436 I/BluetoothUtils( 8588): packagename is android.uid.bluetooth:1002 ,and its permission is false
09-01 14:42:54.438 V/bt_stack( 8588): [VERBOSE1:btm_ble_gap.cc(1923)] btm_ble_process_ext_adv_pkt: bda=06:fa:50:9b:39:c0
09-01 14:42:54.438 V/bt_stack( 8588): [VERBOSE1:btm_ble_gap.cc(1847)] btm_ble_process_adv_addr: bda=06:fa:50:9b:39:c0
09-01 14:42:54.440 D/BluetoothUtils( 8588): blockedByLocationOff callingUid=1002
09-01 14:42:54.440 I/BluetoothUtils( 8588): packagename is android.uid.bluetooth:1002 ,and its permission is false
09-01 14:42:54.440 D/BluetoothUtils( 8588): blockedByLocationOff callingUid=1002
09-01 14:42:54.441 I/BluetoothUtils( 8588): packagename is android.uid.bluetooth:1002 ,and its permission is false
09-01 14:42:54.441 D/BluetoothUtils( 8588): blockedByLocationOff callingUid=1002
09-01 14:42:54.441 I/BluetoothUtils( 8588): packagename is android.uid.bluetooth:1002 ,and its permission is false
09-01 14:42:54.442 V/bt_stack( 8588): [VERBOSE1:btm_ble_gap.cc(1923)] btm_ble_process_ext_adv_pkt: bda=14:07:18:00:04:52
09-01 14:42:54.442 V/bt_stack( 8588): [VERBOSE1:btm_ble_gap.cc(1847)] btm_ble_process_adv_addr: bda=14:07:18:00:04:52
09-01 14:42:54.442 V/bt_stack( 8588): [VERBOSE1:btm_ble_gap.cc(2052)]  Waiting for scan response 14:07:18:00:04:52
09-01 14:42:54.442 V/bt_stack( 8588): [VERBOSE1:btm_ble_gap.cc(1923)] btm_ble_process_ext_adv_pkt: bda=14:07:18:00:04:52
09-01 14:42:54.442 V/bt_stack( 8588): [VERBOSE1:btm_ble_gap.cc(1847)] btm_ble_process_adv_addr: bda=14:07:18:00:04:52
09-01 14:42:54.443 D/BluetoothUtils( 8588): blockedByLocationOff callingUid=1002
09-01 14:42:54.443 I/BluetoothUtils( 8588): packagename is android.uid.bluetooth:1002 ,and its permission is false
09-01 14:42:54.443 D/BluetoothUtils( 8588): blockedByLocationOff callingUid=1002
09-01 14:42:54.443 I/BluetoothUtils( 8588): packagename is android.uid.bluetooth:1002 ,and its permission is false
09-01 14:42:54.444 D/BluetoothUtils( 8588): blockedByLocationOff callingUid=1002
09-01 14:42:54.444 I/BluetoothUtils( 8588): packagename is android.uid.bluetooth:1002 ,and its permission is false
09-01 14:42:54.444 V/bt_stack( 8588): [VERBOSE1:btm_ble_gap.cc(1923)] btm_ble_process_ext_adv_pkt: bda=1c:91:72:ba:f7:2e
09-01 14:42:54.444 V/bt_stack( 8588): [VERBOSE1:btm_ble_gap.cc(1847)] btm_ble_process_adv_addr: bda=1c:91:72:ba:f7:2e
09-01 14:42:54.445 V/bt_stack( 8588): [VERBOSE1:btm_ble_gap.cc(1923)] btm_ble_process_ext_adv_pkt: bda=24:36:26:fc:bf:e5
09-01 14:42:54.445 V/bt_stack( 8588): [VERBOSE1:btm_ble_gap.cc(1847)] btm_ble_process_adv_addr: bda=24:36:26:fc:bf:e5
09-01 14:42:54.446 D/BluetoothUtils( 8588): blockedByLocationOff callingUid=1002
09-01 14:42:54.447 I/BluetoothUtils( 8588): packagename is android.uid.bluetooth:1002 ,and its permission is false
09-01 14:42:54.447 D/BluetoothUtils( 8588): blockedByLocationOff callingUid=1002
09-01 14:42:54.447 I/BluetoothUtils( 8588): packagename is android.uid.bluetooth:1002 ,and its permission is false
09-01 14:42:54.448 D/BluetoothUtils( 8588): blockedByLocationOff callingUid=1002
09-01 14:42:54.448 I/BluetoothUtils( 8588): packagename is android.uid.bluetooth:1002 ,and its permission is false
09-01 14:42:54.449 D/BluetoothUtils( 8588): blockedByLocationOff callingUid=1002
09-01 14:42:54.449 I/BluetoothUtils( 8588): packagename is android.uid.bluetooth:1002 ,and its permission is false
09-01 14:42:54.449 D/BluetoothUtils( 8588): blockedByLocationOff callingUid=1002
09-01 14:42:54.449 I/BluetoothUtils( 8588): packagename is android.uid.bluetooth:1002 ,and its permission is false
09-01 14:42:54.449 D/BluetoothUtils( 8588): blockedByLocationOff callingUid=1002
09-01 14:42:54.450 I/BluetoothUtils( 8588): packagename is android.uid.bluetooth:1002 ,and its permission is false
09-01 14:42:54.463 V/bt_stack( 8588): [VERBOSE1:btm_ble_gap.cc(1923)] btm_ble_process_ext_adv_pkt: bda=33:91:15:08:2a:2b
09-01 14:42:54.463 V/bt_stack( 8588): [VERBOSE1:btm_ble_gap.cc(1847)] btm_ble_process_adv_addr: bda=33:91:15:08:2a:2b
09-01 14:42:54.464 I/MiuiNetworkPolicy( 1639): bandwidth: 0 KB/s, Max bandwidth: 3727 KB/s
09-01 14:42:54.465 D/BluetoothUtils( 8588): blockedByLocationOff callingUid=1002
09-01 14:42:54.466 I/BluetoothUtils( 8588): packagename is android.uid.bluetooth:1002 ,and its permission is false
09-01 14:42:54.466 D/BluetoothUtils( 8588): blockedByLocationOff callingUid=1002
09-01 14:42:54.466 I/appium  (13898): channel read invoked!
09-01 14:42:54.466 I/BluetoothUtils( 8588): packagename is android.uid.bluetooth:1002 ,and its permission is false
09-01 14:42:54.466 I/appium  (13898): channel read: POST /wd/hub/session/94b2dfbc-5a87-4ff5-8430-a6752ec32c55/element
09-01 14:42:54.467 D/BluetoothUtils( 8588): blockedByLocationOff callingUid=1002
09-01 14:42:54.467 I/BluetoothUtils( 8588): packagename is android.uid.bluetooth:1002 ,and its permission is false
09-01 14:42:54.467 V/bt_stack( 8588): [VERBOSE1:btm_ble_gap.cc(1923)] btm_ble_process_ext_adv_pkt: bda=30:31:51:23:9b:e3
09-01 14:42:54.467 V/bt_stack( 8588): [VERBOSE1:btm_ble_gap.cc(1847)] btm_ble_process_adv_addr: bda=30:31:51:23:9b:e3
09-01 14:42:54.468 D/BluetoothUtils( 8588): blockedByLocationOff callingUid=1002
09-01 14:42:54.468 I/appium  (13898): Find element command using 'id' with selector 'title_bar_back'.
09-01 14:42:54.469 I/appium  (13898): Waiting up to 10000ms for device to be idle
09-01 14:42:54.469 I/BluetoothUtils( 8588): packagename is android.uid.bluetooth:1002 ,and its permission is false
09-01 14:42:54.469 D/BluetoothUtils( 8588): blockedByLocationOff callingUid=1002
09-01 14:42:54.469 I/BluetoothUtils( 8588): packagename is android.uid.bluetooth:1002 ,and its permission is false
09-01 14:42:54.470 D/BluetoothUtils( 8588): blockedByLocationOff callingUid=1002
09-01 14:42:54.470 I/BluetoothUtils( 8588): packagename is android.uid.bluetooth:1002 ,and its permission is false
09-01 14:42:54.472 V/bt_stack( 8588): [VERBOSE1:btm_ble_gap.cc(1923)] btm_ble_process_ext_adv_pkt: bda=59:ea:73:03:7b:dc
09-01 14:42:54.472 V/bt_stack( 8588): [VERBOSE1:btm_ble_gap.cc(1847)] btm_ble_process_adv_addr: bda=59:ea:73:03:7b:dc
09-01 14:42:54.473 D/BluetoothUtils( 8588): blockedByLocationOff callingUid=1002
09-01 14:42:54.474 I/BluetoothUtils( 8588): packagename is android.uid.bluetooth:1002 ,and its permission is false
09-01 14:42:54.474 D/BluetoothUtils( 8588): blockedByLocationOff callingUid=1002
09-01 14:42:54.474 I/BluetoothUtils( 8588): packagename is android.uid.bluetooth:1002 ,and its permission is false
09-01 14:42:54.474 D/BluetoothUtils( 8588): blockedByLocationOff callingUid=1002
09-01 14:42:54.475 I/BluetoothUtils( 8588): packagename is android.uid.bluetooth:1002 ,and its permission is false
09-01 14:42:54.484 V/bt_stack( 8588): [VERBOSE1:btm_ble_gap.cc(1923)] btm_ble_process_ext_adv_pkt: bda=38:a9:e2:54:94:54
09-01 14:42:54.484 V/bt_stack( 8588): [VERBOSE1:btm_ble_gap.cc(1847)] btm_ble_process_adv_addr: bda=38:a9:e2:54:94:54
09-01 14:42:54.485 I/appium  (13898): AppiumResponse: {"sessionId":"94b2dfbc-5a87-4ff5-8430-a6752ec32c55","value":{"ELEMENT":"1c4f619a-d856-4411-823c-c65f8d4e69f5","element-6066-11e4-a52e-4f735466cecf":"1c4f619a-d856-4411-823c-c65f8d4e69f5"}}
09-01 14:42:54.486 D/BluetoothUtils( 8588): blockedByLocationOff callingUid=1002
09-01 14:42:54.486 I/BluetoothUtils( 8588): packagename is android.uid.bluetooth:1002 ,and its permission is false
09-01 14:42:54.486 D/BluetoothUtils( 8588): blockedByLocationOff callingUid=1002
09-01 14:42:54.487 I/BluetoothUtils( 8588): packagename is android.uid.bluetooth:1002 ,and its permission is false
09-01 14:42:54.487 D/BluetoothUtils( 8588): blockedByLocationOff callingUid=1002
09-01 14:42:54.487 I/BluetoothUtils( 8588): packagename is android.uid.bluetooth:1002 ,and its permission is false
09-01 14:42:54.489 V/bt_stack( 8588): [VERBOSE1:btm_ble_gap.cc(1923)] btm_ble_process_ext_adv_pkt: bda=66:db:a5:b4:54:91
09-01 14:42:54.489 V/bt_stack( 8588): [VERBOSE1:btm_ble_gap.cc(1847)] btm_ble_process_adv_addr: bda=66:db:a5:b4:54:91
09-01 14:42:54.489 V/bt_stack( 8588): [VERBOSE1:btm_ble_gap.cc(2052)]  Waiting for scan response 66:db:a5:b4:54:91
09-01 14:42:54.489 V/bt_stack( 8588): [VERBOSE1:btm_ble_gap.cc(1923)] btm_ble_process_ext_adv_pkt: bda=01:f5:30:c0:9b:7a
09-01 14:42:54.489 V/bt_stack( 8588): [VERBOSE1:btm_ble_gap.cc(1847)] btm_ble_process_adv_addr: bda=01:f5:30:c0:9b:7a
09-01 14:42:54.490 D/BluetoothUtils( 8588): blockedByLocationOff callingUid=1002
09-01 14:42:54.491 I/BluetoothUtils( 8588): packagename is android.uid.bluetooth:1002 ,and its permission is false
09-01 14:42:54.491 D/BluetoothUtils( 8588): blockedByLocationOff callingUid=1002
09-01 14:42:54.491 I/BluetoothUtils( 8588): packagename is android.uid.bluetooth:1002 ,and its permission is false
09-01 14:42:54.491 D/BluetoothUtils( 8588): blockedByLocationOff callingUid=1002
09-01 14:42:54.492 I/BluetoothUtils( 8588): packagename is android.uid.bluetooth:1002 ,and its permission is false
09-01 14:42:54.495 V/bt_stack( 8588): [VERBOSE1:btm_ble_gap.cc(1923)] btm_ble_process_ext_adv_pkt: bda=05:18:f1:4b:2c:d4
09-01 14:42:54.495 V/bt_stack( 8588): [VERBOSE1:btm_ble_gap.cc(1847)] btm_ble_process_adv_addr: bda=05:18:f1:4b:2c:d4
09-01 14:42:54.497 D/BluetoothUtils( 8588): blockedByLocationOff callingUid=1002
09-01 14:42:54.498 I/BluetoothUtils( 8588): packagename is android.uid.bluetooth:1002 ,and its permission is false
09-01 14:42:54.498 D/BluetoothUtils( 8588): blockedByLocationOff callingUid=1002
09-01 14:42:54.498 I/BluetoothUtils( 8588): packagename is android.uid.bluetooth:1002 ,and its permission is false
09-01 14:42:54.498 D/BluetoothUtils( 8588): blockedByLocationOff callingUid=1002
09-01 14:42:54.498 I/BluetoothUtils( 8588): packagename is android.uid.bluetooth:1002 ,and its permission is false
09-01 14:42:54.508 I/appium  (13898): channel read invoked!
09-01 14:42:54.508 I/appium  (13898): channel read: POST /wd/hub/session/94b2dfbc-5a87-4ff5-8430-a6752ec32c55/element/1c4f619a-d856-4411-823c-c65f8d4e69f5/click
09-01 14:42:54.508 V/bt_stack( 8588): [VERBOSE1:btm_ble_gap.cc(1923)] btm_ble_process_ext_adv_pkt: bda=77:60:99:3a:74:d9
09-01 14:42:54.509 V/bt_stack( 8588): [VERBOSE1:btm_ble_gap.cc(1847)] btm_ble_process_adv_addr: bda=77:60:99:3a:74:d9
09-01 14:42:54.509 V/bt_stack( 8588): [VERBOSE1:btm_ble_gap.cc(2052)]  Waiting for scan response 77:60:99:3a:74:d9
09-01 14:42:54.509 V/bt_stack( 8588): [VERBOSE1:btm_ble_gap.cc(1923)] btm_ble_process_ext_adv_pkt: bda=77:60:99:3a:74:d9
09-01 14:42:54.509 V/bt_stack( 8588): [VERBOSE1:btm_ble_gap.cc(1847)] btm_ble_process_adv_addr: bda=77:60:99:3a:74:d9
09-01 14:42:54.510 I/appium  (13898): Click element command
09-01 14:42:54.510 D/BluetoothUtils( 8588): blockedByLocationOff callingUid=1002
09-01 14:42:54.511 I/BluetoothUtils( 8588): packagename is android.uid.bluetooth:1002 ,and its permission is false
09-01 14:42:54.511 D/BluetoothUtils( 8588): blockedByLocationOff callingUid=1002
09-01 14:42:54.512 I/BluetoothUtils( 8588): packagename is android.uid.bluetooth:1002 ,and its permission is false
09-01 14:42:54.512 D/BluetoothUtils( 8588): blockedByLocationOff callingUid=1002
09-01 14:42:54.513 I/BluetoothUtils( 8588): packagename is android.uid.bluetooth:1002 ,and its permission is false
09-01 14:42:54.519 V/bt_stack( 8588): [VERBOSE1:btm_ble_gap.cc(1923)] btm_ble_process_ext_adv_pkt: bda=2c:09:3e:94:80:f3
09-01 14:42:54.519 V/bt_stack( 8588): [VERBOSE1:btm_ble_gap.cc(1847)] btm_ble_process_adv_addr: bda=2c:09:3e:94:80:f3
09-01 14:42:54.521 D/BluetoothUtils( 8588): blockedByLocationOff callingUid=1002
09-01 14:42:54.521 I/BluetoothUtils( 8588): packagename is android.uid.bluetooth:1002 ,and its permission is false
09-01 14:42:54.521 D/BluetoothUtils( 8588): blockedByLocationOff callingUid=1002
09-01 14:42:54.522 I/BluetoothUtils( 8588): packagename is android.uid.bluetooth:1002 ,and its permission is false
09-01 14:42:54.522 D/BluetoothUtils( 8588): blockedByLocationOff callingUid=1002
09-01 14:42:54.522 I/BluetoothUtils( 8588): packagename is android.uid.bluetooth:1002 ,and its permission is false
09-01 14:42:54.528 V/bt_stack( 8588): [VERBOSE1:btm_ble_gap.cc(1923)] btm_ble_process_ext_adv_pkt: bda=00:35:64:83:a4:98
09-01 14:42:54.528 V/bt_stack( 8588): [VERBOSE1:btm_ble_gap.cc(1847)] btm_ble_process_adv_addr: bda=00:35:64:83:a4:98
09-01 14:42:54.529 D/BluetoothUtils( 8588): blockedByLocationOff callingUid=1002
09-01 14:42:54.529 I/BluetoothUtils( 8588): packagename is android.uid.bluetooth:1002 ,and its permission is false
09-01 14:42:54.530 D/BluetoothUtils( 8588): blockedByLocationOff callingUid=1002
09-01 14:42:54.530 I/BluetoothUtils( 8588): packagename is android.uid.bluetooth:1002 ,and its permission is false
09-01 14:42:54.530 D/BluetoothUtils( 8588): blockedByLocationOff callingUid=1002
09-01 14:42:54.530 I/BluetoothUtils( 8588): packagename is android.uid.bluetooth:1002 ,and its permission is false
09-01 14:42:54.535 V/bt_stack( 8588): [VERBOSE1:btm_ble_gap.cc(1923)] btm_ble_process_ext_adv_pkt: bda=35:45:bf:2c:e1:03
09-01 14:42:54.535 V/bt_stack( 8588): [VERBOSE1:btm_ble_gap.cc(1847)] btm_ble_process_adv_addr: bda=35:45:bf:2c:e1:03
09-01 14:42:54.535 D/ActivityTrigger( 1639): ActivityTrigger activityPauseTrigger 
09-01 14:42:54.536 D/BluetoothUtils( 8588): blockedByLocationOff callingUid=1002
09-01 14:42:54.536 I/BluetoothUtils( 8588): packagename is android.uid.bluetooth:1002 ,and its permission is false
09-01 14:42:54.536 D/BluetoothUtils( 8588): blockedByLocationOff callingUid=1002
09-01 14:42:54.537 I/BluetoothUtils( 8588): packagename is android.uid.bluetooth:1002 ,and its permission is false
09-01 14:42:54.537 D/BluetoothUtils( 8588): blockedByLocationOff callingUid=1002
09-01 14:42:54.537 V/bt_stack( 8588): [VERBOSE1:btm_ble_gap.cc(1923)] btm_ble_process_ext_adv_pkt: bda=78:e7:79:bd:c0:21
09-01 14:42:54.537 I/BluetoothUtils( 8588): packagename is android.uid.bluetooth:1002 ,and its permission is false
09-01 14:42:54.537 V/bt_stack( 8588): [VERBOSE1:btm_ble_gap.cc(1847)] btm_ble_process_adv_addr: bda=78:e7:79:bd:c0:21
09-01 14:42:54.537 V/bt_stack( 8588): [VERBOSE1:btm_ble_gap.cc(2052)]  Waiting for scan response 78:e7:79:bd:c0:21
09-01 14:42:54.537 V/bt_stack( 8588): [VERBOSE1:btm_ble_gap.cc(1923)] btm_ble_process_ext_adv_pkt: bda=78:e7:79:bd:c0:21
09-01 14:42:54.537 V/bt_stack( 8588): [VERBOSE1:btm_ble_gap.cc(1847)] btm_ble_process_adv_addr: bda=78:e7:79:bd:c0:21
09-01 14:42:54.539 D/BluetoothUtils( 8588): blockedByLocationOff callingUid=1002
09-01 14:42:54.540 I/BluetoothUtils( 8588): packagename is android.uid.bluetooth:1002 ,and its permission is false
09-01 14:42:54.540 D/BluetoothUtils( 8588): blockedByLocationOff callingUid=1002
09-01 14:42:54.540 I/BluetoothUtils( 8588): packagename is android.uid.bluetooth:1002 ,and its permission is false
09-01 14:42:54.540 D/BluetoothUtils( 8588): blockedByLocationOff callingUid=1002
09-01 14:42:54.541 I/BluetoothUtils( 8588): packagename is android.uid.bluetooth:1002 ,and its permission is false
--------- beginning of system
09-01 14:42:54.545 D/WindowManager( 1639): Input focus has changed to null
09-01 14:42:54.549 I/Timeline( 1639): Timeline: App_transition_ready time:212140566
09-01 14:42:54.554 I/MiuiNetworkPolicy( 1639): updateUidState uid = 10062, uidState = 20
09-01 14:42:54.554 I/MiuiNetworkPolicy( 1639): updateMLUid uid:10062,old:16,new:20
09-01 14:42:54.554 I/MiuiNetworkPolicy( 1639): isMLEnabled state:16,uid:10062,connect:DISCONNECTED
09-01 14:42:54.554 I/MiuiNetworkPolicy( 1639): isMLEnabled state:20,uid:10062,connect:DISCONNECTED
09-01 14:42:54.559 D/RecentsImpl( 7676): mActivityStateObserver com.xiaomi.hm.health.ui.information.DetailInfoActivity
09-01 14:42:54.561 I/Timeline( 1639): Timeline: App_transition_ready time:212140578
09-01 14:42:54.561 D/WindowManager( 1639): Input focus has changed to Window{ccc139f u0 com.xiaomi.hm.health/com.xiaomi.hm.health.ui.information.DetailInfoActivity}
09-01 14:42:54.573 I/Timeline( 1639): Timeline: App_transition_ready time:212140590
09-01 14:42:54.576 I/SplashScreenServiceDelegate( 1639): None for com.xiaomi.hm.health
09-01 14:42:54.577 I/vendor.qti.bluetooth@1.0-ibs_handler(19843): ProcessIbsCmd: Received IBS_SLEEP_IND: 0xFE
09-01 14:42:54.577 D/vendor.qti.bluetooth@1.0-ibs_handler(19843): SerialClockVote: vote for UART CLK OFF
09-01 14:42:54.590 I/vendor.qti.bluetooth@1.0-ibs_handler(19843): ProcessIbsCmd: Received IBS_WAKE_IND: 0xFD
09-01 14:42:54.590 D/vendor.qti.bluetooth@1.0-ibs_handler(19843): SerialClockVote: vote for UART CLK ON
09-01 14:42:54.590 I/vendor.qti.bluetooth@1.0-ibs_handler(19843): ProcessIbsCmd: Writing IBS_WAKE_ACK
09-01 14:42:54.592 V/bt_stack( 8588): [VERBOSE1:btm_ble_gap.cc(1923)] btm_ble_process_ext_adv_pkt: bda=0e:10:bb:c2:00:89
09-01 14:42:54.592 V/bt_stack( 8588): [VERBOSE1:btm_ble_gap.cc(1847)] btm_ble_process_adv_addr: bda=0e:10:bb:c2:00:89
09-01 14:42:54.593 D/BluetoothUtils( 8588): blockedByLocationOff callingUid=1002
09-01 14:42:54.594 I/BluetoothUtils( 8588): packagename is android.uid.bluetooth:1002 ,and its permission is false
09-01 14:42:54.594 D/BluetoothUtils( 8588): blockedByLocationOff callingUid=1002
09-01 14:42:54.594 I/BluetoothUtils( 8588): packagename is android.uid.bluetooth:1002 ,and its permission is false
09-01 14:42:54.594 V/bt_stack( 8588): [VERBOSE1:btm_ble_gap.cc(1923)] btm_ble_process_ext_adv_pkt: bda=05:18:f1:4b:2c:d4
09-01 14:42:54.594 V/bt_stack( 8588): [VERBOSE1:btm_ble_gap.cc(1847)] btm_ble_process_adv_addr: bda=05:18:f1:4b:2c:d4
09-01 14:42:54.594 D/BluetoothUtils( 8588): blockedByLocationOff callingUid=1002
09-01 14:42:54.594 I/BluetoothUtils( 8588): packagename is android.uid.bluetooth:1002 ,and its permission is false
09-01 14:42:54.595 D/BluetoothUtils( 8588): blockedByLocationOff callingUid=1002
09-01 14:42:54.595 I/BluetoothUtils( 8588): packagename is android.uid.bluetooth:1002 ,and its permission is false
09-01 14:42:54.595 D/BluetoothUtils( 8588): blockedByLocationOff callingUid=1002
09-01 14:42:54.595 I/BluetoothUtils( 8588): packagename is android.uid.bluetooth:1002 ,and its permission is false
09-01 14:42:54.596 D/BluetoothUtils( 8588): blockedByLocationOff callingUid=1002
09-01 14:42:54.596 I/BluetoothUtils( 8588): packagename is android.uid.bluetooth:1002 ,and its permission is false
09-01 14:42:54.596 V/bt_stack( 8588): [VERBOSE1:btm_ble_gap.cc(1923)] btm_ble_process_ext_adv_pkt: bda=01:f5:30:c0:9b:7a
09-01 14:42:54.596 V/bt_stack( 8588): [VERBOSE1:btm_ble_gap.cc(1847)] btm_ble_process_adv_addr: bda=01:f5:30:c0:9b:7a
09-01 14:42:54.596 D/BluetoothUtils( 8588): blockedByLocationOff callingUid=1002
09-01 14:42:54.597 I/BluetoothUtils( 8588): packagename is android.uid.bluetooth:1002 ,and its permission is false
09-01 14:42:54.597 D/BluetoothUtils( 8588): blockedByLocationOff callingUid=1002
09-01 14:42:54.597 I/BluetoothUtils( 8588): packagename is android.uid.bluetooth:1002 ,and its permission is false
09-01 14:42:54.597 D/BluetoothUtils( 8588): blockedByLocationOff callingUid=1002
09-01 14:42:54.597 I/BluetoothUtils( 8588): packagename is android.uid.bluetooth:1002 ,and its permission is false
09-01 14:42:54.610 V/bt_stack( 8588): [VERBOSE1:btm_ble_gap.cc(1923)] btm_ble_process_ext_adv_pkt: bda=66:3e:07:e0:2b:d4
09-01 14:42:54.610 V/bt_stack( 8588): [VERBOSE1:btm_ble_gap.cc(1847)] btm_ble_process_adv_addr: bda=66:3e:07:e0:2b:d4
09-01 14:42:54.610 V/bt_stack( 8588): [VERBOSE1:btm_ble_gap.cc(2052)]  Waiting for scan response 66:3e:07:e0:2b:d4
09-01 14:42:54.610 V/bt_stack( 8588): [VERBOSE1:btm_ble_gap.cc(1923)] btm_ble_process_ext_adv_pkt: bda=66:3e:07:e0:2b:d4
09-01 14:42:54.610 V/bt_stack( 8588): [VERBOSE1:btm_ble_gap.cc(1847)] btm_ble_process_adv_addr: bda=66:3e:07:e0:2b:d4
09-01 14:42:54.611 D/BluetoothUtils( 8588): blockedByLocationOff callingUid=1002
09-01 14:42:54.611 I/BluetoothUtils( 8588): packagename is android.uid.bluetooth:1002 ,and its permission is false
09-01 14:42:54.611 D/BluetoothUtils( 8588): blockedByLocationOff callingUid=1002
09-01 14:42:54.611 I/BluetoothUtils( 8588): packagename is android.uid.bluetooth:1002 ,and its permission is false
09-01 14:42:54.612 D/BluetoothUtils( 8588): blockedByLocationOff callingUid=1002
09-01 14:42:54.612 I/BluetoothUtils( 8588): packagename is android.uid.bluetooth:1002 ,and its permission is false
09-01 14:42:54.626 V/bt_stack( 8588): [VERBOSE1:btm_ble_gap.cc(1923)] btm_ble_process_ext_adv_pkt: bda=35:38:49:78:be:f0
09-01 14:42:54.626 V/bt_stack( 8588): [VERBOSE1:btm_ble_gap.cc(1847)] btm_ble_process_adv_addr: bda=35:38:49:78:be:f0
09-01 14:42:54.626 D/BluetoothUtils( 8588): blockedByLocationOff callingUid=1002
09-01 14:42:54.627 I/BluetoothUtils( 8588): packagename is android.uid.bluetooth:1002 ,and its permission is false
09-01 14:42:54.627 D/BluetoothUtils( 8588): blockedByLocationOff callingUid=1002
09-01 14:42:54.627 I/BluetoothUtils( 8588): packagename is android.uid.bluetooth:1002 ,and its permission is false
09-01 14:42:54.627 D/BluetoothUtils( 8588): blockedByLocationOff callingUid=1002
09-01 14:42:54.627 I/BluetoothUtils( 8588): packagename is android.uid.bluetooth:1002 ,and its permission is false
09-01 14:42:54.635 V/bt_stack( 8588): [VERBOSE1:btm_ble_gap.cc(1923)] btm_ble_process_ext_adv_pkt: bda=35:45:bf:2c:e1:03
09-01 14:42:54.635 V/bt_stack( 8588): [VERBOSE1:btm_ble_gap.cc(1847)] btm_ble_process_adv_addr: bda=35:45:bf:2c:e1:03
09-01 14:42:54.636 D/BluetoothUtils( 8588): blockedByLocationOff callingUid=1002
09-01 14:42:54.636 I/BluetoothUtils( 8588): packagename is android.uid.bluetooth:1002 ,and its permission is false
09-01 14:42:54.636 D/BluetoothUtils( 8588): blockedByLocationOff callingUid=1002
09-01 14:42:54.637 I/BluetoothUtils( 8588): packagename is android.uid.bluetooth:1002 ,and its permission is false
09-01 14:42:54.637 D/BluetoothUtils( 8588): blockedByLocationOff callingUid=1002
09-01 14:42:54.637 I/BluetoothUtils( 8588): packagename is android.uid.bluetooth:1002 ,and its permission is false
09-01 14:42:54.645 V/bt_stack( 8588): [VERBOSE1:btm_ble_gap.cc(1923)] btm_ble_process_ext_adv_pkt: bda=06:fa:50:9b:39:c0
09-01 14:42:54.646 V/bt_stack( 8588): [VERBOSE1:btm_ble_gap.cc(1847)] btm_ble_process_adv_addr: bda=06:fa:50:9b:39:c0
09-01 14:42:54.646 D/BluetoothUtils( 8588): blockedByLocationOff callingUid=1002
09-01 14:42:54.647 I/BluetoothUtils( 8588): packagename is android.uid.bluetooth:1002 ,and its permission is false
09-01 14:42:54.647 D/BluetoothUtils( 8588): blockedByLocationOff callingUid=1002
09-01 14:42:54.647 I/BluetoothUtils( 8588): packagename is android.uid.bluetooth:1002 ,and its permission is false
09-01 14:42:54.647 D/BluetoothUtils( 8588): blockedByLocationOff callingUid=1002
09-01 14:42:54.647 I/BluetoothUtils( 8588): packagename is android.uid.bluetooth:1002 ,and its permission is false
09-01 14:42:54.654 W/RecentsModel( 7676): onTaskStackChangedBackground: start loading
09-01 14:42:54.655 W/RecentsModel( 7676): getTaskInfoIgnoreHomeAndSplit   taskInfo=ComponentInfo{com.xiaomi.hm.health/com.xiaomi.hm.health.activity.MainTabActivity}
09-01 14:42:54.655 W/RecentsModel( 7676): getTaskInfoIgnoreHomeAndFreeform   taskInfo=ComponentInfo{com.xiaomi.hm.health/com.xiaomi.hm.health.activity.MainTabActivity}
09-01 14:42:54.656 W/RecentsModel( 7676): getTaskInfoIgnoreFreeform   taskInfo=ComponentInfo{com.xiaomi.hm.health/com.xiaomi.hm.health.activity.MainTabActivity}
09-01 14:42:54.656 W/RecentsModel( 7676): onTaskStackChangedBackground: finishLoading loading
09-01 14:42:54.658 V/bt_stack( 8588): [VERBOSE1:btm_ble_gap.cc(1923)] btm_ble_process_ext_adv_pkt: bda=1c:91:72:ba:f7:2e
09-01 14:42:54.658 V/bt_stack( 8588): [VERBOSE1:btm_ble_gap.cc(1847)] btm_ble_process_adv_addr: bda=1c:91:72:ba:f7:2e
09-01 14:42:54.659 D/BluetoothUtils( 8588): blockedByLocationOff callingUid=1002
09-01 14:42:54.659 I/BluetoothUtils( 8588): packagename is android.uid.bluetooth:1002 ,and its permission is false
09-01 14:42:54.659 D/BluetoothUtils( 8588): blockedByLocationOff callingUid=1002
09-01 14:42:54.659 V/bt_stack( 8588): [VERBOSE1:btm_ble_gap.cc(1923)] btm_ble_process_ext_adv_pkt: bda=59:f7:61:0b:a3:40
09-01 14:42:54.659 V/bt_stack( 8588): [VERBOSE1:btm_ble_gap.cc(1847)] btm_ble_process_adv_addr: bda=59:f7:61:0b:a3:40
09-01 14:42:54.659 I/BluetoothUtils( 8588): packagename is android.uid.bluetooth:1002 ,and its permission is false
09-01 14:42:54.659 D/BluetoothUtils( 8588): blockedByLocationOff callingUid=1002
09-01 14:42:54.659 I/BluetoothUtils( 8588): packagename is android.uid.bluetooth:1002 ,and its permission is false
09-01 14:42:54.660 D/BluetoothUtils( 8588): blockedByLocationOff callingUid=1002
09-01 14:42:54.660 I/BluetoothUtils( 8588): packagename is android.uid.bluetooth:1002 ,and its permission is false
09-01 14:42:54.660 D/BluetoothUtils( 8588): blockedByLocationOff callingUid=1002
09-01 14:42:54.661 I/BluetoothUtils( 8588): packagename is android.uid.bluetooth:1002 ,and its permission is false
09-01 14:42:54.661 D/BluetoothUtils( 8588): blockedByLocationOff callingUid=1002
09-01 14:42:54.661 I/BluetoothUtils( 8588): packagename is android.uid.bluetooth:1002 ,and its permission is false
09-01 14:42:54.667 V/bt_stack( 8588): [VERBOSE1:btm_ble_gap.cc(1923)] btm_ble_process_ext_adv_pkt: bda=44:ca:73:cc:df:42
09-01 14:42:54.667 V/bt_stack( 8588): [VERBOSE1:btm_ble_gap.cc(1847)] btm_ble_process_adv_addr: bda=44:ca:73:cc:df:42
09-01 14:42:54.668 V/bt_stack( 8588): [VERBOSE1:btm_ble_gap.cc(2052)]  Waiting for scan response 44:ca:73:cc:df:42
09-01 14:42:54.668 V/bt_stack( 8588): [VERBOSE1:btm_ble_gap.cc(1923)] btm_ble_process_ext_adv_pkt: bda=30:31:51:23:9b:e3
09-01 14:42:54.668 V/bt_stack( 8588): [VERBOSE1:btm_ble_gap.cc(1847)] btm_ble_process_adv_addr: bda=30:31:51:23:9b:e3
09-01 14:42:54.668 D/BluetoothUtils( 8588): blockedByLocationOff callingUid=1002
09-01 14:42:54.669 I/BluetoothUtils( 8588): packagename is android.uid.bluetooth:1002 ,and its permission is false
09-01 14:42:54.669 D/BluetoothUtils( 8588): blockedByLocationOff callingUid=1002
09-01 14:42:54.669 I/BluetoothUtils( 8588): packagename is android.uid.bluetooth:1002 ,and its permission is false
09-01 14:42:54.669 D/BluetoothUtils( 8588): blockedByLocationOff callingUid=1002
09-01 14:42:54.669 I/BluetoothUtils( 8588): packagename is android.uid.bluetooth:1002 ,and its permission is false
09-01 14:42:54.683 V/bt_stack( 8588): [VERBOSE1:btm_ble_gap.cc(1923)] btm_ble_process_ext_adv_pkt: bda=59:ea:73:03:7b:dc
09-01 14:42:54.684 V/bt_stack( 8588): [VERBOSE1:btm_ble_gap.cc(1847)] btm_ble_process_adv_addr: bda=59:ea:73:03:7b:dc
09-01 14:42:54.684 D/BluetoothUtils( 8588): blockedByLocationOff callingUid=1002
09-01 14:42:54.685 I/BluetoothUtils( 8588): packagename is android.uid.bluetooth:1002 ,and its permission is false
09-01 14:42:54.685 D/BluetoothUtils( 8588): blockedByLocationOff callingUid=1002
09-01 14:42:54.685 I/BluetoothUtils( 8588): packagename is android.uid.bluetooth:1002 ,and its permission is false
09-01 14:42:54.685 D/BluetoothUtils( 8588): blockedByLocationOff callingUid=1002
09-01 14:42:54.685 I/BluetoothUtils( 8588): packagename is android.uid.bluetooth:1002 ,and its permission is false
09-01 14:42:54.712 V/bt_stack( 8588): [VERBOSE1:btm_ble_gap.cc(1923)] btm_ble_process_ext_adv_pkt: bda=fb:6c:b6:2d:47:ad
09-01 14:42:54.712 V/bt_stack( 8588): [VERBOSE1:btm_ble_gap.cc(1847)] btm_ble_process_adv_addr: bda=fb:6c:b6:2d:47:ad
09-01 14:42:54.712 V/bt_stack( 8588): [VERBOSE1:btm_ble_gap.cc(2052)]  Waiting for scan response fb:6c:b6:2d:47:ad
09-01 14:42:54.713 V/bt_stack( 8588): [VERBOSE1:btm_ble_gap.cc(1923)] btm_ble_process_ext_adv_pkt: bda=75:55:30:69:5d:bf
09-01 14:42:54.713 V/bt_stack( 8588): [VERBOSE1:btm_ble_gap.cc(1847)] btm_ble_process_adv_addr: bda=75:55:30:69:5d:bf
09-01 14:42:54.713 V/bt_stack( 8588): [VERBOSE1:btm_ble_gap.cc(2052)]  Waiting for scan response 75:55:30:69:5d:bf
09-01 14:42:54.713 V/bt_stack( 8588): [VERBOSE1:btm_ble_gap.cc(1923)] btm_ble_process_ext_adv_pkt: bda=75:55:30:69:5d:bf
09-01 14:42:54.713 V/bt_stack( 8588): [VERBOSE1:btm_ble_gap.cc(1847)] btm_ble_process_adv_addr: bda=75:55:30:69:5d:bf
09-01 14:42:54.714 D/BluetoothUtils( 8588): blockedByLocationOff callingUid=1002
09-01 14:42:54.714 I/BluetoothUtils( 8588): packagename is android.uid.bluetooth:1002 ,and its permission is false
09-01 14:42:54.714 D/BluetoothUtils( 8588): blockedByLocationOff callingUid=1002
09-01 14:42:54.714 I/BluetoothUtils( 8588): packagename is android.uid.bluetooth:1002 ,and its permission is false
09-01 14:42:54.714 D/BluetoothUtils( 8588): blockedByLocationOff callingUid=1002
09-01 14:42:54.715 I/BluetoothUtils( 8588): packagename is android.uid.bluetooth:1002 ,and its permission is false
09-01 14:42:54.731 V/bt_stack( 8588): [VERBOSE1:btm_ble_gap.cc(1923)] btm_ble_process_ext_adv_pkt: bda=35:38:49:78:be:f0
09-01 14:42:54.731 V/bt_stack( 8588): [VERBOSE1:btm_ble_gap.cc(1847)] btm_ble_process_adv_addr: bda=35:38:49:78:be:f0
09-01 14:42:54.732 D/BluetoothUtils( 8588): blockedByLocationOff callingUid=1002
09-01 14:42:54.732 I/BluetoothUtils( 8588): packagename is android.uid.bluetooth:1002 ,and its permission is false
09-01 14:42:54.732 D/BluetoothUtils( 8588): blockedByLocationOff callingUid=1002
09-01 14:42:54.733 I/BluetoothUtils( 8588): packagename is android.uid.bluetooth:1002 ,and its permission is false
09-01 14:42:54.733 D/BluetoothUtils( 8588): blockedByLocationOff callingUid=1002
09-01 14:42:54.733 I/BluetoothUtils( 8588): packagename is android.uid.bluetooth:1002 ,and its permission is false
09-01 14:42:54.733 V/bt_stack( 8588): [VERBOSE1:btm_ble_gap.cc(1923)] btm_ble_process_ext_adv_pkt: bda=0c:39:e9:d5:de:20
09-01 14:42:54.734 V/bt_stack( 8588): [VERBOSE1:btm_ble_gap.cc(1847)] btm_ble_process_adv_addr: bda=0c:39:e9:d5:de:20
09-01 14:42:54.734 D/BluetoothUtils( 8588): blockedByLocationOff callingUid=1002
09-01 14:42:54.734 I/BluetoothUtils( 8588): packagename is android.uid.bluetooth:1002 ,and its permission is false
09-01 14:42:54.734 D/BluetoothUtils( 8588): blockedByLocationOff callingUid=1002
09-01 14:42:54.735 I/BluetoothUtils( 8588): packagename is android.uid.bluetooth:1002 ,and its permission is false
09-01 14:42:54.735 D/BluetoothUtils( 8588): blockedByLocationOff callingUid=1002
09-01 14:42:54.735 I/BluetoothUtils( 8588): packagename is android.uid.bluetooth:1002 ,and its permission is false
09-01 14:42:54.735 V/bt_stack( 8588): [VERBOSE1:btm_ble_gap.cc(1923)] btm_ble_process_ext_adv_pkt: bda=00:35:64:83:a4:98
09-01 14:42:54.735 V/bt_stack( 8588): [VERBOSE1:btm_ble_gap.cc(1847)] btm_ble_process_adv_addr: bda=00:35:64:83:a4:98
09-01 14:42:54.736 D/BluetoothUtils( 8588): blockedByLocationOff callingUid=1002
09-01 14:42:54.736 I/BluetoothUtils( 8588): packagename is android.uid.bluetooth:1002 ,and its permission is false
09-01 14:42:54.736 D/BluetoothUtils( 8588): blockedByLocationOff callingUid=1002
09-01 14:42:54.736 I/BluetoothUtils( 8588): packagename is android.uid.bluetooth:1002 ,and its permission is false
09-01 14:42:54.736 D/BluetoothUtils( 8588): blockedByLocationOff callingUid=1002
09-01 14:42:54.737 I/BluetoothUtils( 8588): packagename is android.uid.bluetooth:1002 ,and its permission is false
09-01 14:42:54.741 V/bt_stack( 8588): [VERBOSE1:btm_ble_gap.cc(1923)] btm_ble_process_ext_adv_pkt: bda=58:d0:f0:96:be:49
09-01 14:42:54.741 V/bt_stack( 8588): [VERBOSE1:btm_ble_gap.cc(1847)] btm_ble_process_adv_addr: bda=58:d0:f0:96:be:49
09-01 14:42:54.741 V/bt_stack( 8588): [VERBOSE1:btm_ble_gap.cc(2052)]  Waiting for scan response 58:d0:f0:96:be:49
09-01 14:42:54.741 V/bt_stack( 8588): [VERBOSE1:btm_ble_gap.cc(1923)] btm_ble_process_ext_adv_pkt: bda=58:d0:f0:96:be:49
09-01 14:42:54.741 V/bt_stack( 8588): [VERBOSE1:btm_ble_gap.cc(1847)] btm_ble_process_adv_addr: bda=58:d0:f0:96:be:49
09-01 14:42:54.742 D/BluetoothUtils( 8588): blockedByLocationOff callingUid=1002
09-01 14:42:54.742 I/BluetoothUtils( 8588): packagename is android.uid.bluetooth:1002 ,and its permission is false
09-01 14:42:54.742 D/BluetoothUtils( 8588): blockedByLocationOff callingUid=1002
09-01 14:42:54.742 I/BluetoothUtils( 8588): packagename is android.uid.bluetooth:1002 ,and its permission is false
09-01 14:42:54.743 D/BluetoothUtils( 8588): blockedByLocationOff callingUid=1002
09-01 14:42:54.743 I/BluetoothUtils( 8588): packagename is android.uid.bluetooth:1002 ,and its permission is false
09-01 14:42:54.744 V/bt_stack( 8588): [VERBOSE1:btm_ble_gap.cc(1923)] btm_ble_process_ext_adv_pkt: bda=3e:4e:78:8c:48:a5
09-01 14:42:54.744 V/bt_stack( 8588): [VERBOSE1:btm_ble_gap.cc(1847)] btm_ble_process_adv_addr: bda=3e:4e:78:8c:48:a5
09-01 14:42:54.745 D/BluetoothUtils( 8588): blockedByLocationOff callingUid=1002
09-01 14:42:54.745 I/BluetoothUtils( 8588): packagename is android.uid.bluetooth:1002 ,and its permission is false
09-01 14:42:54.745 D/BluetoothUtils( 8588): blockedByLocationOff callingUid=1002
09-01 14:42:54.745 I/BluetoothUtils( 8588): packagename is android.uid.bluetooth:1002 ,and its permission is false
09-01 14:42:54.745 D/BluetoothUtils( 8588): blockedByLocationOff callingUid=1002
09-01 14:42:54.745 I/BluetoothUtils( 8588): packagename is android.uid.bluetooth:1002 ,and its permission is false
09-01 14:42:54.749 V/bt_stack( 8588): [VERBOSE1:btm_ble_gap.cc(1923)] btm_ble_process_ext_adv_pkt: bda=38:f9:d3:45:87:1e
09-01 14:42:54.749 V/bt_stack( 8588): [VERBOSE1:btm_ble_gap.cc(1847)] btm_ble_process_adv_addr: bda=38:f9:d3:45:87:1e
09-01 14:42:54.749 V/bt_stack( 8588): [VERBOSE1:btm_ble_gap.cc(2052)]  Waiting for scan response 38:f9:d3:45:87:1e
09-01 14:42:54.749 V/bt_stack( 8588): [VERBOSE1:btm_ble_gap.cc(1923)] btm_ble_process_ext_adv_pkt: bda=38:f9:d3:45:87:1e
09-01 14:42:54.749 V/bt_stack( 8588): [VERBOSE1:btm_ble_gap.cc(1847)] btm_ble_process_adv_addr: bda=38:f9:d3:45:87:1e
09-01 14:42:54.750 D/BluetoothUtils( 8588): blockedByLocationOff callingUid=1002
09-01 14:42:54.750 I/BluetoothUtils( 8588): packagename is android.uid.bluetooth:1002 ,and its permission is false
09-01 14:42:54.750 D/BluetoothUtils( 8588): blockedByLocationOff callingUid=1002
09-01 14:42:54.750 I/BluetoothUtils( 8588): packagename is android.uid.bluetooth:1002 ,and its permission is false
09-01 14:42:54.750 D/BluetoothUtils( 8588): blockedByLocationOff callingUid=1002
09-01 14:42:54.750 I/BluetoothUtils( 8588): packagename is android.uid.bluetooth:1002 ,and its permission is false
09-01 14:42:54.762 V/bt_stack( 8588): [VERBOSE1:btm_ble_gap.cc(1923)] btm_ble_process_ext_adv_pkt: bda=66:db:a5:b4:54:91
09-01 14:42:54.762 V/bt_stack( 8588): [VERBOSE1:btm_ble_gap.cc(1847)] btm_ble_process_adv_addr: bda=66:db:a5:b4:54:91
09-01 14:42:54.762 V/bt_stack( 8588): [VERBOSE1:btm_ble_gap.cc(2052)]  Waiting for scan response 66:db:a5:b4:54:91
09-01 14:42:54.762 V/bt_stack( 8588): [VERBOSE1:btm_ble_gap.cc(1923)] btm_ble_process_ext_adv_pkt: bda=24:36:26:fc:bf:e5
09-01 14:42:54.762 V/bt_stack( 8588): [VERBOSE1:btm_ble_gap.cc(1847)] btm_ble_process_adv_addr: bda=24:36:26:fc:bf:e5
09-01 14:42:54.763 D/BluetoothUtils( 8588): blockedByLocationOff callingUid=1002
09-01 14:42:54.763 V/bt_stack( 8588): [VERBOSE1:btm_ble_gap.cc(1923)] btm_ble_process_ext_adv_pkt: bda=1c:91:72:ba:f7:2e
09-01 14:42:54.763 V/bt_stack( 8588): [VERBOSE1:btm_ble_gap.cc(1847)] btm_ble_process_adv_addr: bda=1c:91:72:ba:f7:2e
09-01 14:42:54.763 I/BluetoothUtils( 8588): packagename is android.uid.bluetooth:1002 ,and its permission is false
09-01 14:42:54.763 D/BluetoothUtils( 8588): blockedByLocationOff callingUid=1002
09-01 14:42:54.763 I/BluetoothUtils( 8588): packagename is android.uid.bluetooth:1002 ,and its permission is false
09-01 14:42:54.763 D/BluetoothUtils( 8588): blockedByLocationOff callingUid=1002
09-01 14:42:54.764 I/BluetoothUtils( 8588): packagename is android.uid.bluetooth:1002 ,and its permission is false
09-01 14:42:54.764 D/BluetoothUtils( 8588): blockedByLocationOff callingUid=1002
09-01 14:42:54.765 I/BluetoothUtils( 8588): packagename is android.uid.bluetooth:1002 ,and its permission is false
09-01 14:42:54.765 D/BluetoothUtils( 8588): blockedByLocationOff callingUid=1002
09-01 14:42:54.765 I/BluetoothUtils( 8588): packagename is android.uid.bluetooth:1002 ,and its permission is false
09-01 14:42:54.765 D/BluetoothUtils( 8588): blockedByLocationOff callingUid=1002
09-01 14:42:54.765 I/BluetoothUtils( 8588): packagename is android.uid.bluetooth:1002 ,and its permission is false
09-01 14:42:54.771 V/bt_stack( 8588): [VERBOSE1:btm_ble_gap.cc(1923)] btm_ble_process_ext_adv_pkt: bda=c7:c8:7a:ef:62:16
