09-01 14:42:55.446 V/bt_stack( 8588): [VERBOSE1:btm_ble_gap.cc(2052)]  Waiting for scan response 56:e4:da:79:d5:88
09-01 14:42:55.446 V/bt_stack( 8588): [VERBOSE1:btm_ble_gap.cc(1923)] btm_ble_process_ext_adv_pkt: bda=56:e4:da:79:d5:88
09-01 14:42:55.446 V/bt_stack( 8588): [VERBOSE1:btm_ble_gap.cc(1847)] btm_ble_process_adv_addr: bda=56:e4:da:79:d5:88
09-01 14:42:55.447 D/BluetoothUtils( 8588): blockedByLocationOff callingUid=1002
09-01 14:42:55.447 I/BluetoothUtils( 8588): packagename is android.uid.bluetooth:1002 ,and its permission is false
09-01 14:42:55.447 D/BluetoothUtils( 8588): blockedByLocationOff callingUid=1002
09-01 14:42:55.447 I/BluetoothUtils( 8588): packagename is android.uid.bluetooth:1002 ,and its permission is false
09-01 14:42:55.448 D/BluetoothUtils( 8588): blockedByLocationOff callingUid=1002
09-01 14:42:55.448 I/BluetoothUtils( 8588): packagename is android.uid.bluetooth:1002 ,and its permission is false
09-01 14:42:55.455 V/bt_stack( 8588): [VERBOSE1:btm_ble_gap.cc(1923)] btm_ble_process_ext_adv_pkt: bda=35:38:49:78:be:f0
09-01 14:42:55.455 V/bt_stack( 8588): [VERBOSE1:btm_ble_gap.cc(1847)] btm_ble_process_adv_addr: bda=35:38:49:78:be:f0
09-01 14:42:55.456 D/BluetoothUtils( 8588): blockedByLocationOff callingUid=1002
09-01 14:42:55.457 I/BluetoothUtils( 8588): packagename is android.uid.bluetooth:1002 ,and its permission is false
09-01 14:42:55.457 D/BluetoothUtils( 8588): blockedByLocationOff callingUid=1002
09-01 14:42:55.457 I/BluetoothUtils( 8588): packagename is android.uid.bluetooth:1002 ,and its permission is false
09-01 14:42:55.457 D/BluetoothUtils( 8588): blockedByLocationOff callingUid=1002
09-01 14:42:55.458 I/BluetoothUtils( 8588): packagename is android.uid.bluetooth:1002 ,and its permission is false
09-01 14:42:55.462 V/bt_stack( 8588): [VERBOSE1:btm_ble_gap.cc(1923)] btm_ble_process_ext_adv_pkt: bda=63:53:07:fa:3c:f1
09-01 14:42:55.462 V/bt_stack( 8588): [VERBOSE1:btm_ble_gap.cc(1847)] btm_ble_process_adv_addr: bda=63:53:07:fa:3c:f1
09-01 14:42:55.464 D/BluetoothUtils( 8588): blockedByLocationOff callingUid=1002
09-01 14:42:55.464 I/BluetoothUtils( 8588): packagename is android.uid.bluetooth:1002 ,and its permission is false
09-01 14:42:55.464 D/BluetoothUtils( 8588): blockedByLocationOff callingUid=1002
09-01 14:42:55.464 I/BluetoothUtils( 8588): packagename is android.uid.bluetooth:1002 ,and its permission is false
09-01 14:42:55.465 D/BluetoothUtils( 8588): blockedByLocationOff callingUid=1002
09-01 14:42:55.465 I/BluetoothUtils( 8588): packagename is android.uid.bluetooth:1002 ,and its permission is false
09-01 14:42:55.467 V/bt_stack( 8588): [VERBOSE1:btm_ble_gap.cc(1923)] btm_ble_process_ext_adv_pkt: bda=2c:09:3e:94:80:f3
09-01 14:42:55.467 V/bt_stack( 8588): [VERBOSE1:btm_ble_gap.cc(1847)] btm_ble_process_adv_addr: bda=2c:09:3e:94:80:f3
09-01 14:42:55.467 V/bt_stack( 8588): [VERBOSE1:btm_ble_gap.cc(1923)] btm_ble_process_ext_adv_pkt: bda=3e:4e:78:8c:48:a5
09-01 14:42:55.468 V/bt_stack( 8588): [VERBOSE1:btm_ble_gap.cc(1847)] btm_ble_process_adv_addr: bda=3e:4e:78:8c:48:a5
09-01 14:42:55.468 D/BluetoothUtils( 8588): blockedByLocationOff callingUid=1002
09-01 14:42:55.469 I/BluetoothUtils( 8588): packagename is android.uid.bluetooth:1002 ,and its permission is false
09-01 14:42:55.469 D/BluetoothUtils( 8588): blockedByLocationOff callingUid=1002
09-01 14:42:55.469 I/BluetoothUtils( 8588): packagename is android.uid.bluetooth:1002 ,and its permission is false
09-01 14:42:55.469 D/BluetoothUtils( 8588): blockedByLocationOff callingUid=1002
09-01 14:42:55.469 I/BluetoothUtils( 8588): packagename is android.uid.bluetooth:1002 ,and its permission is false
09-01 14:42:55.470 D/BluetoothUtils( 8588): blockedByLocationOff callingUid=1002
09-01 14:42:55.471 I/BluetoothUtils( 8588): packagename is android.uid.bluetooth:1002 ,and its permission is false
09-01 14:42:55.471 D/BluetoothUtils( 8588): blockedByLocationOff callingUid=1002
09-01 14:42:55.471 I/BluetoothUtils( 8588): packagename is android.uid.bluetooth:1002 ,and its permission is false
09-01 14:42:55.471 D/BluetoothUtils( 8588): blockedByLocationOff callingUid=1002
09-01 14:42:55.471 I/BluetoothUtils( 8588): packagename is android.uid.bluetooth:1002 ,and its permission is false
09-01 14:42:55.482 V/bt_stack( 8588): [VERBOSE1:btm_ble_gap.cc(1923)] btm_ble_process_ext_adv_pkt: bda=35:45:bf:2c:e1:03
09-01 14:42:55.482 V/bt_stack( 8588): [VERBOSE1:btm_ble_gap.cc(1847)] btm_ble_process_adv_addr: bda=35:45:bf:2c:e1:03
09-01 14:42:55.484 V/bt_stack( 8588): [VERBOSE1:btm_ble_gap.cc(1923)] btm_ble_process_ext_adv_pkt: bda=41:d6:cb:db:d1:76
09-01 14:42:55.484 V/bt_stack( 8588): [VERBOSE1:btm_ble_gap.cc(1847)] btm_ble_process_adv_addr: bda=41:d6:cb:db:d1:76
09-01 14:42:55.484 V/bt_stack( 8588): [VERBOSE1:btm_ble_gap.cc(2052)]  Waiting for scan response 41:d6:cb:db:d1:76
09-01 14:42:55.484 V/bt_stack( 8588): [VERBOSE1:btm_ble_gap.cc(1923)] btm_ble_process_ext_adv_pkt: bda=41:d6:cb:db:d1:76
09-01 14:42:55.484 V/bt_stack( 8588): [VERBOSE1:btm_ble_gap.cc(1847)] btm_ble_process_adv_addr: bda=41:d6:cb:db:d1:76
09-01 14:42:55.484 D/BluetoothUtils( 8588): blockedByLocationOff callingUid=1002
09-01 14:42:55.485 I/BluetoothUtils( 8588): packagename is android.uid.bluetooth:1002 ,and its permission is false
09-01 14:42:55.485 D/BluetoothUtils( 8588): blockedByLocationOff callingUid=1002
09-01 14:42:55.485 I/BluetoothUtils( 8588): packagename is android.uid.bluetooth:1002 ,and its permission is false
09-01 14:42:55.485 D/BluetoothUtils( 8588): blockedByLocationOff callingUid=1002
09-01 14:42:55.486 I/BluetoothUtils( 8588): packagename is android.uid.bluetooth:1002 ,and its permission is false
09-01 14:42:55.487 D/BluetoothUtils( 8588): blockedByLocationOff callingUid=1002
09-01 14:42:55.488 I/BluetoothUtils( 8588): packagename is android.uid.bluetooth:1002 ,and its permission is false
09-01 14:42:55.488 D/BluetoothUtils( 8588): blockedByLocationOff callingUid=1002
09-01 14:42:55.489 I/BluetoothUtils( 8588): packagename is android.uid.bluetooth:1002 ,and its permission is false
09-01 14:42:55.489 D/BluetoothUtils( 8588): blockedByLocationOff callingUid=1002
09-01 14:42:55.489 I/BluetoothUtils( 8588): packagename is android.uid.bluetooth:1002 ,and its permission is false
09-01 14:42:55.489 V/bt_stack( 8588): [VERBOSE1:btm_ble_gap.cc(1923)] btm_ble_process_ext_adv_pkt: bda=44:ca:73:cc:df:42
09-01 14:42:55.489 V/bt_stack( 8588): [VERBOSE1:btm_ble_gap.cc(1847)] btm_ble_process_adv_addr: bda=44:ca:73:cc:df:42
09-01 14:42:55.489 V/bt_stack( 8588): [VERBOSE1:btm_ble_gap.cc(2052)]  Waiting for scan response 44:ca:73:cc:df:42
09-01 14:42:55.490 V/bt_stack( 8588): [VERBOSE1:btm_ble_gap.cc(1923)] btm_ble_process_ext_adv_pkt: bda=44:ca:73:cc:df:42
09-01 14:42:55.490 V/bt_stack( 8588): [VERBOSE1:btm_ble_gap.cc(1847)] btm_ble_process_adv_addr: bda=44:ca:73:cc:df:42
09-01 14:42:55.491 D/BluetoothUtils( 8588): blockedByLocationOff callingUid=1002
09-01 14:42:55.492 I/BluetoothUtils( 8588): packagename is android.uid.bluetooth:1002 ,and its permission is false
09-01 14:42:55.492 D/BluetoothUtils( 8588): blockedByLocationOff callingUid=1002
09-01 14:42:55.492 I/BluetoothUtils( 8588): packagename is android.uid.bluetooth:1002 ,and its permission is false
09-01 14:42:55.493 D/BluetoothUtils( 8588): blockedByLocationOff callingUid=1002
09-01 14:42:55.493 I/BluetoothUtils( 8588): packagename is android.uid.bluetooth:1002 ,and its permission is false
09-01 14:42:55.493 V/bt_stack( 8588): [VERBOSE1:btm_ble_gap.cc(1923)] btm_ble_process_ext_adv_pkt: bda=1c:91:72:ba:f7:2e
09-01 14:42:55.493 V/bt_stack( 8588): [VERBOSE1:btm_ble_gap.cc(1847)] btm_ble_process_adv_addr: bda=1c:91:72:ba:f7:2e
09-01 14:42:55.494 D/BluetoothUtils( 8588): blockedByLocationOff callingUid=1002
09-01 14:42:55.495 I/BluetoothUtils( 8588): packagename is android.uid.bluetooth:1002 ,and its permission is false
09-01 14:42:55.495 D/BluetoothUtils( 8588): blockedByLocationOff callingUid=1002
09-01 14:42:55.495 I/BluetoothUtils( 8588): packagename is android.uid.bluetooth:1002 ,and its permission is false
09-01 14:42:55.495 D/BluetoothUtils( 8588): blockedByLocationOff callingUid=1002
09-01 14:42:55.495 V/bt_stack( 8588): [VERBOSE1:btm_ble_gap.cc(1923)] btm_ble_process_ext_adv_pkt: bda=38:f9:d3:45:87:1e
09-01 14:42:55.496 I/BluetoothUtils( 8588): packagename is android.uid.bluetooth:1002 ,and its permission is false
09-01 14:42:55.496 V/bt_stack( 8588): [VERBOSE1:btm_ble_gap.cc(1847)] btm_ble_process_adv_addr: bda=38:f9:d3:45:87:1e
09-01 14:42:55.496 V/bt_stack( 8588): [VERBOSE1:btm_ble_gap.cc(2052)]  Waiting for scan response 38:f9:d3:45:87:1e
09-01 14:42:55.496 V/bt_stack( 8588): [VERBOSE1:btm_ble_gap.cc(1923)] btm_ble_process_ext_adv_pkt: bda=38:f9:d3:45:87:1e
09-01 14:42:55.496 V/bt_stack( 8588): [VERBOSE1:btm_ble_gap.cc(1847)] btm_ble_process_adv_addr: bda=38:f9:d3:45:87:1e
09-01 14:42:55.496 D/BluetoothUtils( 8588): blockedByLocationOff callingUid=1002
09-01 14:42:55.497 I/BluetoothUtils( 8588): packagename is android.uid.bluetooth:1002 ,and its permission is false
09-01 14:42:55.497 D/BluetoothUtils( 8588): blockedByLocationOff callingUid=1002
09-01 14:42:55.497 I/BluetoothUtils( 8588): packagename is android.uid.bluetooth:1002 ,and its permission is false
09-01 14:42:55.497 D/BluetoothUtils( 8588): blockedByLocationOff callingUid=1002
09-01 14:42:55.498 I/BluetoothUtils( 8588): packagename is android.uid.bluetooth:1002 ,and its permission is false
09-01 14:42:55.498 V/bt_stack( 8588): [VERBOSE1:btm_ble_gap.cc(1923)] btm_ble_process_ext_adv_pkt: bda=24:36:26:fc:bf:e5
09-01 14:42:55.498 V/bt_stack( 8588): [VERBOSE1:btm_ble_gap.cc(1847)] btm_ble_process_adv_addr: bda=24:36:26:fc:bf:e5
09-01 14:42:55.500 D/BluetoothUtils( 8588): blockedByLocationOff callingUid=1002
09-01 14:42:55.500 I/BluetoothUtils( 8588): packagename is android.uid.bluetooth:1002 ,and its permission is false
09-01 14:42:55.500 D/BluetoothUtils( 8588): blockedByLocationOff callingUid=1002
09-01 14:42:55.500 I/BluetoothUtils( 8588): packagename is android.uid.bluetooth:1002 ,and its permission is false
09-01 14:42:55.501 D/BluetoothUtils( 8588): blockedByLocationOff callingUid=1002
09-01 14:42:55.501 I/BluetoothUtils( 8588): packagename is android.uid.bluetooth:1002 ,and its permission is false
09-01 14:42:55.502 V/bt_stack( 8588): [VERBOSE1:btm_ble_gap.cc(1923)] btm_ble_process_ext_adv_pkt: bda=33:91:15:08:2a:2b
09-01 14:42:55.502 V/bt_stack( 8588): [VERBOSE1:btm_ble_gap.cc(1847)] btm_ble_process_adv_addr: bda=33:91:15:08:2a:2b
09-01 14:42:55.503 D/BluetoothUtils( 8588): blockedByLocationOff callingUid=1002
09-01 14:42:55.503 I/BluetoothUtils( 8588): packagename is android.uid.bluetooth:1002 ,and its permission is false
09-01 14:42:55.504 D/BluetoothUtils( 8588): blockedByLocationOff callingUid=1002
09-01 14:42:55.504 I/BluetoothUtils( 8588): packagename is android.uid.bluetooth:1002 ,and its permission is false
09-01 14:42:55.504 D/BluetoothUtils( 8588): blockedByLocationOff callingUid=1002
09-01 14:42:55.504 I/BluetoothUtils( 8588): packagename is android.uid.bluetooth:1002 ,and its permission is false
09-01 14:42:55.510 V/bt_stack( 8588): [VERBOSE1:btm_ble_gap.cc(1923)] btm_ble_process_ext_adv_pkt: bda=30:31:51:23:9b:e3
09-01 14:42:55.510 V/bt_stack( 8588): [VERBOSE1:btm_ble_gap.cc(1847)] btm_ble_process_adv_addr: bda=30:31:51:23:9b:e3
09-01 14:42:55.511 D/BluetoothUtils( 8588): blockedByLocationOff callingUid=1002
09-01 14:42:55.512 I/BluetoothUtils( 8588): packagename is android.uid.bluetooth:1002 ,and its permission is false
09-01 14:42:55.512 D/BluetoothUtils( 8588): blockedByLocationOff callingUid=1002
09-01 14:42:55.512 I/BluetoothUtils( 8588): packagename is android.uid.bluetooth:1002 ,and its permission is false
09-01 14:42:55.512 D/BluetoothUtils( 8588): blockedByLocationOff callingUid=1002
09-01 14:42:55.513 I/BluetoothUtils( 8588): packagename is android.uid.bluetooth:1002 ,and its permission is false
09-01 14:42:55.515 V/bt_stack( 8588): [VERBOSE1:btm_ble_gap.cc(1923)] btm_ble_process_ext_adv_pkt: bda=59:ea:73:03:7b:dc
09-01 14:42:55.515 V/bt_stack( 8588): [VERBOSE1:btm_ble_gap.cc(1847)] btm_ble_process_adv_addr: bda=59:ea:73:03:7b:dc
09-01 14:42:55.516 D/BluetoothUtils( 8588): blockedByLocationOff callingUid=1002
09-01 14:42:55.517 I/BluetoothUtils( 8588): packagename is android.uid.bluetooth:1002 ,and its permission is false
09-01 14:42:55.517 D/BluetoothUtils( 8588): blockedByLocationOff callingUid=1002
09-01 14:42:55.517 I/BluetoothUtils( 8588): packagename is android.uid.bluetooth:1002 ,and its permission is false
09-01 14:42:55.518 D/BluetoothUtils( 8588): blockedByLocationOff callingUid=1002
09-01 14:42:55.518 I/BluetoothUtils( 8588): packagename is android.uid.bluetooth:1002 ,and its permission is false
09-01 14:42:55.519 V/bt_stack( 8588): [VERBOSE1:btm_ble_gap.cc(1923)] btm_ble_process_ext_adv_pkt: bda=05:18:f1:4b:2c:d4
09-01 14:42:55.519 V/bt_stack( 8588): [VERBOSE1:btm_ble_gap.cc(1847)] btm_ble_process_adv_addr: bda=05:18:f1:4b:2c:d4
09-01 14:42:55.520 D/BluetoothUtils( 8588): blockedByLocationOff callingUid=1002
09-01 14:42:55.520 I/BluetoothUtils( 8588): packagename is android.uid.bluetooth:1002 ,and its permission is false
09-01 14:42:55.520 D/BluetoothUtils( 8588): blockedByLocationOff callingUid=1002
09-01 14:42:55.520 V/bt_stack( 8588): [VERBOSE1:btm_ble_gap.cc(1923)] btm_ble_process_ext_adv_pkt: bda=66:3e:07:e0:2b:d4
09-01 14:42:55.520 V/bt_stack( 8588): [VERBOSE1:btm_ble_gap.cc(1847)] btm_ble_process_adv_addr: bda=66:3e:07:e0:2b:d4
09-01 14:42:55.521 V/bt_stack( 8588): [VERBOSE1:btm_ble_gap.cc(2052)]  Waiting for scan response 66:3e:07:e0:2b:d4
09-01 14:42:55.521 V/bt_stack( 8588): [VERBOSE1:btm_ble_gap.cc(1923)] btm_ble_process_ext_adv_pkt: bda=66:3e:07:e0:2b:d4
09-01 14:42:55.521 V/bt_stack( 8588): [VERBOSE1:btm_ble_gap.cc(1847)] btm_ble_process_adv_addr: bda=66:3e:07:e0:2b:d4
09-01 14:42:55.521 I/BluetoothUtils( 8588): packagename is android.uid.bluetooth:1002 ,and its permission is false
09-01 14:42:55.521 D/BluetoothUtils( 8588): blockedByLocationOff callingUid=1002
09-01 14:42:55.521 I/BluetoothUtils( 8588): packagename is android.uid.bluetooth:1002 ,and its permission is false
09-01 14:42:55.522 D/BluetoothUtils( 8588): blockedByLocationOff callingUid=1002
09-01 14:42:55.523 I/BluetoothUtils( 8588): packagename is android.uid.bluetooth:1002 ,and its permission is false
09-01 14:42:55.523 D/BluetoothUtils( 8588): blockedByLocationOff callingUid=1002
09-01 14:42:55.525 I/BluetoothUtils( 8588): packagename is android.uid.bluetooth:1002 ,and its permission is false
09-01 14:42:55.525 D/BluetoothUtils( 8588): blockedByLocationOff callingUid=1002
09-01 14:42:55.525 I/BluetoothUtils( 8588): packagename is android.uid.bluetooth:1002 ,and its permission is false
09-01 14:42:55.526 V/bt_stack( 8588): [VERBOSE1:btm_ble_gap.cc(1923)] btm_ble_process_ext_adv_pkt: bda=38:a9:e2:54:94:54
09-01 14:42:55.526 V/bt_stack( 8588): [VERBOSE1:btm_ble_gap.cc(1847)] btm_ble_process_adv_addr: bda=38:a9:e2:54:94:54
09-01 14:42:55.527 D/BluetoothUtils( 8588): blockedByLocationOff callingUid=1002
09-01 14:42:55.527 I/BluetoothUtils( 8588): packagename is android.uid.bluetooth:1002 ,and its permission is false
09-01 14:42:55.527 D/BluetoothUtils( 8588): blockedByLocationOff callingUid=1002
09-01 14:42:55.527 I/BluetoothUtils( 8588): packagename is android.uid.bluetooth:1002 ,and its permission is false
09-01 14:42:55.528 D/BluetoothUtils( 8588): blockedByLocationOff callingUid=1002
09-01 14:42:55.528 I/BluetoothUtils( 8588): packagename is android.uid.bluetooth:1002 ,and its permission is false
09-01 14:42:55.533 V/bt_stack( 8588): [VERBOSE1:btm_ble_gap.cc(1923)] btm_ble_process_ext_adv_pkt: bda=01:f5:30:c0:9b:7a
09-01 14:42:55.533 V/bt_stack( 8588): [VERBOSE1:btm_ble_gap.cc(1847)] btm_ble_process_adv_addr: bda=01:f5:30:c0:9b:7a
09-01 14:42:55.535 D/BluetoothUtils( 8588): blockedByLocationOff callingUid=1002
09-01 14:42:55.536 I/BluetoothUtils( 8588): packagename is android.uid.bluetooth:1002 ,and its permission is false
09-01 14:42:55.536 D/BluetoothUtils( 8588): blockedByLocationOff callingUid=1002
09-01 14:42:55.536 I/BluetoothUtils( 8588): packagename is android.uid.bluetooth:1002 ,and its permission is false
09-01 14:42:55.536 D/BluetoothUtils( 8588): blockedByLocationOff callingUid=1002
09-01 14:42:55.537 I/BluetoothUtils( 8588): packagename is android.uid.bluetooth:1002 ,and its permission is false
09-01 14:42:55.562 V/bt_stack( 8588): [VERBOSE1:btm_ble_gap.cc(1923)] btm_ble_process_ext_adv_pkt: bda=00:35:64:83:a4:98
09-01 14:42:55.563 V/bt_stack( 8588): [VERBOSE1:btm_ble_gap.cc(1847)] btm_ble_process_adv_addr: bda=00:35:64:83:a4:98
09-01 14:42:55.563 V/bt_stack( 8588): [VERBOSE1:btm_ble_gap.cc(1923)] btm_ble_process_ext_adv_pkt: bda=35:38:49:78:be:f0
09-01 14:42:55.563 V/bt_stack( 8588): [VERBOSE1:btm_ble_gap.cc(1847)] btm_ble_process_adv_addr: bda=35:38:49:78:be:f0
09-01 14:42:55.565 D/BluetoothUtils( 8588): blockedByLocationOff callingUid=1002
09-01 14:42:55.565 I/BluetoothUtils( 8588): packagename is android.uid.bluetooth:1002 ,and its permission is false
09-01 14:42:55.565 D/BluetoothUtils( 8588): blockedByLocationOff callingUid=1002
09-01 14:42:55.566 I/BluetoothUtils( 8588): packagename is android.uid.bluetooth:1002 ,and its permission is false
09-01 14:42:55.566 D/BluetoothUtils( 8588): blockedByLocationOff callingUid=1002
09-01 14:42:55.566 I/BluetoothUtils( 8588): packagename is android.uid.bluetooth:1002 ,and its permission is false
09-01 14:42:55.567 D/BluetoothUtils( 8588): blockedByLocationOff callingUid=1002
09-01 14:42:55.567 I/BluetoothUtils( 8588): packagename is android.uid.bluetooth:1002 ,and its permission is false
09-01 14:42:55.568 D/BluetoothUtils( 8588): blockedByLocationOff callingUid=1002
09-01 14:42:55.568 I/BluetoothUtils( 8588): packagename is android.uid.bluetooth:1002 ,and its permission is false
09-01 14:42:55.568 D/BluetoothUtils( 8588): blockedByLocationOff callingUid=1002
09-01 14:42:55.569 I/BluetoothUtils( 8588): packagename is android.uid.bluetooth:1002 ,and its permission is false
09-01 14:42:55.571 V/bt_stack( 8588): [VERBOSE1:btm_ble_gap.cc(1923)] btm_ble_process_ext_adv_pkt: bda=63:53:07:fa:3c:f1
09-01 14:42:55.571 V/bt_stack( 8588): [VERBOSE1:btm_ble_gap.cc(1847)] btm_ble_process_adv_addr: bda=63:53:07:fa:3c:f1
09-01 14:42:55.572 D/BluetoothUtils( 8588): blockedByLocationOff callingUid=1002
09-01 14:42:55.573 I/BluetoothUtils( 8588): packagename is android.uid.bluetooth:1002 ,and its permission is false
09-01 14:42:55.573 D/BluetoothUtils( 8588): blockedByLocationOff callingUid=1002
09-01 14:42:55.573 I/BluetoothUtils( 8588): packagename is android.uid.bluetooth:1002 ,and its permission is false
09-01 14:42:55.574 D/BluetoothUtils( 8588): blockedByLocationOff callingUid=1002
09-01 14:42:55.574 I/BluetoothUtils( 8588): packagename is android.uid.bluetooth:1002 ,and its permission is false
09-01 14:42:55.575 V/bt_stack( 8588): [VERBOSE1:btm_ble_gap.cc(1923)] btm_ble_process_ext_adv_pkt: bda=59:5f:ac:32:e1:b7
09-01 14:42:55.575 V/bt_stack( 8588): [VERBOSE1:btm_ble_gap.cc(1847)] btm_ble_process_adv_addr: bda=59:5f:ac:32:e1:b7
09-01 14:42:55.575 V/bt_stack( 8588): [VERBOSE1:btm_ble_gap.cc(2052)]  Waiting for scan response 59:5f:ac:32:e1:b7
09-01 14:42:55.575 V/bt_stack( 8588): [VERBOSE1:btm_ble_gap.cc(1923)] btm_ble_process_ext_adv_pkt: bda=66:db:a5:b4:54:91
09-01 14:42:55.575 V/bt_stack( 8588): [VERBOSE1:btm_ble_gap.cc(1847)] btm_ble_process_adv_addr: bda=66:db:a5:b4:54:91
09-01 14:42:55.575 V/bt_stack( 8588): [VERBOSE1:btm_ble_gap.cc(2052)]  Waiting for scan response 66:db:a5:b4:54:91
09-01 14:42:55.575 V/bt_stack( 8588): [VERBOSE1:btm_ble_gap.cc(1923)] btm_ble_process_ext_adv_pkt: bda=66:db:a5:b4:54:91
09-01 14:42:55.575 V/bt_stack( 8588): [VERBOSE1:btm_ble_gap.cc(1847)] btm_ble_process_adv_addr: bda=66:db:a5:b4:54:91
09-01 14:42:55.576 D/BluetoothUtils( 8588): blockedByLocationOff callingUid=1002
09-01 14:42:55.577 I/BluetoothUtils( 8588): packagename is android.uid.bluetooth:1002 ,and its permission is false
09-01 14:42:55.577 D/BluetoothUtils( 8588): blockedByLocationOff callingUid=1002
09-01 14:42:55.577 I/BluetoothUtils( 8588): packagename is android.uid.bluetooth:1002 ,and its permission is false
09-01 14:42:55.577 D/BluetoothUtils( 8588): blockedByLocationOff callingUid=1002
09-01 14:42:55.577 I/BluetoothUtils( 8588): packagename is android.uid.bluetooth:1002 ,and its permission is false
09-01 14:42:55.601 V/bt_stack( 8588): [VERBOSE1:btm_ble_gap.cc(1923)] btm_ble_process_ext_adv_pkt: bda=77:60:99:3a:74:d9
09-01 14:42:55.601 V/bt_stack( 8588): [VERBOSE1:btm_ble_gap.cc(1847)] btm_ble_process_adv_addr: bda=77:60:99:3a:74:d9
09-01 14:42:55.601 V/bt_stack( 8588): [VERBOSE1:btm_ble_gap.cc(2052)]  Waiting for scan response 77:60:99:3a:74:d9
09-01 14:42:55.601 V/bt_stack( 8588): [VERBOSE1:btm_ble_gap.cc(1923)] btm_ble_process_ext_adv_pkt: bda=24:36:26:fc:bf:e5
09-01 14:42:55.601 V/bt_stack( 8588): [VERBOSE1:btm_ble_gap.cc(1847)] btm_ble_process_adv_addr: bda=24:36:26:fc:bf:e5
09-01 14:42:55.604 V/bt_stack( 8588): [VERBOSE1:btm_ble_gap.cc(1923)] btm_ble_process_ext_adv_pkt: bda=33:91:15:08:2a:2b
09-01 14:42:55.604 V/bt_stack( 8588): [VERBOSE1:btm_ble_gap.cc(1847)] btm_ble_process_adv_addr: bda=33:91:15:08:2a:2b
09-01 14:42:55.604 D/BluetoothUtils( 8588): blockedByLocationOff callingUid=1002
09-01 14:42:55.605 I/BluetoothUtils( 8588): packagename is android.uid.bluetooth:1002 ,and its permission is false
09-01 14:42:55.605 D/BluetoothUtils( 8588): blockedByLocationOff callingUid=1002
09-01 14:42:55.605 I/BluetoothUtils( 8588): packagename is android.uid.bluetooth:1002 ,and its permission is false
09-01 14:42:55.605 D/BluetoothUtils( 8588): blockedByLocationOff callingUid=1002
09-01 14:42:55.606 I/BluetoothUtils( 8588): packagename is android.uid.bluetooth:1002 ,and its permission is false
09-01 14:42:55.607 D/BluetoothUtils( 8588): blockedByLocationOff callingUid=1002
09-01 14:42:55.607 I/BluetoothUtils( 8588): packagename is android.uid.bluetooth:1002 ,and its permission is false
09-01 14:42:55.607 D/BluetoothUtils( 8588): blockedByLocationOff callingUid=1002
09-01 14:42:55.608 I/BluetoothUtils( 8588): packagename is android.uid.bluetooth:1002 ,and its permission is false
09-01 14:42:55.608 D/BluetoothUtils( 8588): blockedByLocationOff callingUid=1002
09-01 14:42:55.608 I/BluetoothUtils( 8588): packagename is android.uid.bluetooth:1002 ,and its permission is false
09-01 14:42:55.612 V/bt_stack( 8588): [VERBOSE1:btm_ble_gap.cc(1923)] btm_ble_process_ext_adv_pkt: bda=30:31:51:23:9b:e3
09-01 14:42:55.612 V/bt_stack( 8588): [VERBOSE1:btm_ble_gap.cc(1847)] btm_ble_process_adv_addr: bda=30:31:51:23:9b:e3
09-01 14:42:55.613 V/bt_stack( 8588): [VERBOSE1:btm_ble_gap.cc(1923)] btm_ble_process_ext_adv_pkt: bda=2a:7b:59:84:d7:1e
09-01 14:42:55.613 V/bt_stack( 8588): [VERBOSE1:btm_ble_gap.cc(1847)] btm_ble_process_adv_addr: bda=2a:7b:59:84:d7:1e
09-01 14:42:55.614 D/BluetoothUtils( 8588): blockedByLocationOff callingUid=1002
09-01 14:42:55.614 I/BluetoothUtils( 8588): packagename is android.uid.bluetooth:1002 ,and its permission is false
09-01 14:42:55.614 D/BluetoothUtils( 8588): blockedByLocationOff callingUid=1002
09-01 14:42:55.615 I/BluetoothUtils( 8588): packagename is android.uid.bluetooth:1002 ,and its permission is false
09-01 14:42:55.615 D/BluetoothUtils( 8588): blockedByLocationOff callingUid=1002
09-01 14:42:55.615 I/BluetoothUtils( 8588): packagename is android.uid.bluetooth:1002 ,and its permission is false
09-01 14:42:55.616 D/BluetoothUtils( 8588): blockedByLocationOff callingUid=1002
09-01 14:42:55.616 I/BluetoothUtils( 8588): packagename is android.uid.bluetooth:1002 ,and its permission is false
09-01 14:42:55.616 D/BluetoothUtils( 8588): blockedByLocationOff callingUid=1002
09-01 14:42:55.617 I/BluetoothUtils( 8588): packagename is android.uid.bluetooth:1002 ,and its permission is false
09-01 14:42:55.617 D/BluetoothUtils( 8588): blockedByLocationOff callingUid=1002
09-01 14:42:55.617 I/BluetoothUtils( 8588): packagename is android.uid.bluetooth:1002 ,and its permission is false
09-01 14:42:55.619 V/bt_stack( 8588): [VERBOSE1:btm_ble_gap.cc(1923)] btm_ble_process_ext_adv_pkt: bda=ef:78:8a:8d:25:f2
09-01 14:42:55.619 V/bt_stack( 8588): [VERBOSE1:btm_ble_gap.cc(1847)] btm_ble_process_adv_addr: bda=ef:78:8a:8d:25:f2
09-01 14:42:55.619 V/bt_stack( 8588): [VERBOSE1:btm_ble_gap.cc(2052)]  Waiting for scan response ef:78:8a:8d:25:f2
09-01 14:42:55.619 V/bt_stack( 8588): [VERBOSE1:btm_ble_gap.cc(1923)] btm_ble_process_ext_adv_pkt: bda=ef:78:8a:8d:25:f2
09-01 14:42:55.619 V/bt_stack( 8588): [VERBOSE1:btm_ble_gap.cc(1847)] btm_ble_process_adv_addr: bda=ef:78:8a:8d:25:f2
09-01 14:42:55.620 D/BluetoothUtils( 8588): blockedByLocationOff callingUid=1002
09-01 14:42:55.620 D/OemNetd (  679): setLimit: enable, rate=3227614
09-01 14:42:55.620 I/BluetoothUtils( 8588): packagename is android.uid.bluetooth:1002 ,and its permission is false
09-01 14:42:55.620 D/BluetoothUtils( 8588): blockedByLocationOff callingUid=1002
09-01 14:42:55.621 I/BluetoothUtils( 8588): packagename is android.uid.bluetooth:1002 ,and its permission is false
09-01 14:42:55.621 D/BluetoothUtils( 8588): blockedByLocationOff callingUid=1002
09-01 14:42:55.621 I/BluetoothUtils( 8588): packagename is android.uid.bluetooth:1002 ,and its permission is false
09-01 14:42:55.624 V/bt_stack( 8588): [VERBOSE1:btm_ble_gap.cc(1923)] btm_ble_process_ext_adv_pkt: bda=28:bc:17:6a:f4:4d
09-01 14:42:55.624 V/bt_stack( 8588): [VERBOSE1:btm_ble_gap.cc(1847)] btm_ble_process_adv_addr: bda=28:bc:17:6a:f4:4d
09-01 14:42:55.625 D/BluetoothUtils( 8588): blockedByLocationOff callingUid=1002
09-01 14:42:55.625 I/BluetoothUtils( 8588): packagename is android.uid.bluetooth:1002 ,and its permission is false
09-01 14:42:55.626 D/BluetoothUtils( 8588): blockedByLocationOff callingUid=1002
09-01 14:42:55.626 I/BluetoothUtils( 8588): packagename is android.uid.bluetooth:1002 ,and its permission is false
09-01 14:42:55.626 D/BluetoothUtils( 8588): blockedByLocationOff callingUid=1002
09-01 14:42:55.626 I/BluetoothUtils( 8588): packagename is android.uid.bluetooth:1002 ,and its permission is false
09-01 14:42:55.627 V/bt_stack( 8588): [VERBOSE1:btm_ble_gap.cc(1923)] btm_ble_process_ext_adv_pkt: bda=56:e4:da:79:d5:88
09-01 14:42:55.627 V/bt_stack( 8588): [VERBOSE1:btm_ble_gap.cc(1847)] btm_ble_process_adv_addr: bda=56:e4:da:79:d5:88
09-01 14:42:55.627 V/bt_stack( 8588): [VERBOSE1:btm_ble_gap.cc(2052)]  Waiting for scan response 56:e4:da:79:d5:88
09-01 14:42:55.627 V/bt_stack( 8588): [VERBOSE1:btm_ble_gap.cc(1923)] btm_ble_process_ext_adv_pkt: bda=56:e4:da:79:d5:88
09-01 14:42:55.627 V/bt_stack( 8588): [VERBOSE1:btm_ble_gap.cc(1847)] btm_ble_process_adv_addr: bda=56:e4:da:79:d5:88
09-01 14:42:55.628 D/BluetoothUtils( 8588): blockedByLocationOff callingUid=1002
09-01 14:42:55.628 I/BluetoothUtils( 8588): packagename is android.uid.bluetooth:1002 ,and its permission is false
09-01 14:42:55.629 D/BluetoothUtils( 8588): blockedByLocationOff callingUid=1002
09-01 14:42:55.629 I/BluetoothUtils( 8588): packagename is android.uid.bluetooth:1002 ,and its permission is false
09-01 14:42:55.629 D/BluetoothUtils( 8588): blockedByLocationOff callingUid=1002
09-01 14:42:55.629 I/BluetoothUtils( 8588): packagename is android.uid.bluetooth:1002 ,and its permission is false
09-01 14:42:55.631 V/bt_stack( 8588): [VERBOSE1:btm_ble_gap.cc(1923)] btm_ble_process_ext_adv_pkt: bda=fd:32:0c:ad:56:d5
09-01 14:42:55.631 V/bt_stack( 8588): [VERBOSE1:btm_ble_gap.cc(1847)] btm_ble_process_adv_addr: bda=fd:32:0c:ad:56:d5
09-01 14:42:55.631 V/bt_stack( 8588): [VERBOSE1:btm_ble_gap.cc(2052)]  Waiting for scan response fd:32:0c:ad:56:d5
09-01 14:42:55.631 V/bt_stack( 8588): [VERBOSE1:btm_ble_gap.cc(1923)] btm_ble_process_ext_adv_pkt: bda=fd:32:0c:ad:56:d5
09-01 14:42:55.631 V/bt_stack( 8588): [VERBOSE1:btm_ble_gap.cc(1847)] btm_ble_process_adv_addr: bda=fd:32:0c:ad:56:d5
09-01 14:42:55.632 D/BluetoothUtils( 8588): blockedByLocationOff callingUid=1002
09-01 14:42:55.632 I/BluetoothUtils( 8588): packagename is android.uid.bluetooth:1002 ,and its permission is false
09-01 14:42:55.632 D/BluetoothUtils( 8588): blockedByLocationOff callingUid=1002
09-01 14:42:55.633 I/BluetoothUtils( 8588): packagename is android.uid.bluetooth:1002 ,and its permission is false
09-01 14:42:55.633 D/BluetoothUtils( 8588): blockedByLocationOff callingUid=1002
09-01 14:42:55.633 I/BluetoothUtils( 8588): packagename is android.uid.bluetooth:1002 ,and its permission is false
09-01 14:42:55.634 V/bt_stack( 8588): [VERBOSE1:btm_ble_gap.cc(1923)] btm_ble_process_ext_adv_pkt: bda=01:f5:30:c0:9b:7a
09-01 14:42:55.634 V/bt_stack( 8588): [VERBOSE1:btm_ble_gap.cc(1847)] btm_ble_process_adv_addr: bda=01:f5:30:c0:9b:7a
09-01 14:42:55.635 D/BluetoothUtils( 8588): blockedByLocationOff callingUid=1002
09-01 14:42:55.636 I/BluetoothUtils( 8588): packagename is android.uid.bluetooth:1002 ,and its permission is false
09-01 14:42:55.636 D/BluetoothUtils( 8588): blockedByLocationOff callingUid=1002
09-01 14:42:55.636 I/BluetoothUtils( 8588): packagename is android.uid.bluetooth:1002 ,and its permission is false
09-01 14:42:55.636 D/BluetoothUtils( 8588): blockedByLocationOff callingUid=1002
09-01 14:42:55.637 I/BluetoothUtils( 8588): packagename is android.uid.bluetooth:1002 ,and its permission is false
09-01 14:42:55.650 V/bt_stack( 8588): [VERBOSE1:btm_ble_gap.cc(1923)] btm_ble_process_ext_adv_pkt: bda=05:d9:72:f7:0f:69
09-01 14:42:55.650 V/bt_stack( 8588): [VERBOSE1:btm_ble_gap.cc(1847)] btm_ble_process_adv_addr: bda=05:d9:72:f7:0f:69
09-01 14:42:55.652 D/BluetoothUtils( 8588): blockedByLocationOff callingUid=1002
09-01 14:42:55.652 I/BluetoothUtils( 8588): packagename is android.uid.bluetooth:1002 ,and its permission is false
09-01 14:42:55.653 D/BluetoothUtils( 8588): blockedByLocationOff callingUid=1002
09-01 14:42:55.653 I/BluetoothUtils( 8588): packagename is android.uid.bluetooth:1002 ,and its permission is false
09-01 14:42:55.653 D/BluetoothUtils( 8588): blockedByLocationOff callingUid=1002
09-01 14:42:55.653 I/BluetoothUtils( 8588): packagename is android.uid.bluetooth:1002 ,and its permission is false
09-01 14:42:55.660 V/bt_stack( 8588): [VERBOSE1:btm_ble_gap.cc(1923)] btm_ble_process_ext_adv_pkt: bda=45:55:7e:66:6f:d0
09-01 14:42:55.660 V/bt_stack( 8588): [VERBOSE1:btm_ble_gap.cc(1847)] btm_ble_process_adv_addr: bda=45:55:7e:66:6f:d0
09-01 14:42:55.660 V/bt_stack( 8588): [VERBOSE1:btm_ble_gap.cc(2052)]  Waiting for scan response 45:55:7e:66:6f:d0
09-01 14:42:55.662 V/bt_stack( 8588): [VERBOSE1:btm_ble_gap.cc(1923)] btm_ble_process_ext_adv_pkt: bda=58:d0:f0:96:be:49
09-01 14:42:55.663 V/bt_stack( 8588): [VERBOSE1:btm_ble_gap.cc(1847)] btm_ble_process_adv_addr: bda=58:d0:f0:96:be:49
09-01 14:42:55.663 V/bt_stack( 8588): [VERBOSE1:btm_ble_gap.cc(2052)]  Waiting for scan response 58:d0:f0:96:be:49
09-01 14:42:55.664 V/bt_stack( 8588): [VERBOSE1:btm_ble_gap.cc(1923)] btm_ble_process_ext_adv_pkt: bda=68:61:6b:f6:07:2e
09-01 14:42:55.664 V/bt_stack( 8588): [VERBOSE1:btm_ble_gap.cc(1847)] btm_ble_process_adv_addr: bda=68:61:6b:f6:07:2e
09-01 14:42:55.664 V/bt_stack( 8588): [VERBOSE1:btm_ble_gap.cc(2052)]  Waiting for scan response 68:61:6b:f6:07:2e
09-01 14:42:55.664 V/bt_stack( 8588): [VERBOSE1:btm_ble_gap.cc(1923)] btm_ble_process_ext_adv_pkt: bda=68:61:6b:f6:07:2e
09-01 14:42:55.664 V/bt_stack( 8588): [VERBOSE1:btm_ble_gap.cc(1847)] btm_ble_process_adv_addr: bda=68:61:6b:f6:07:2e
09-01 14:42:55.666 D/BluetoothUtils( 8588): blockedByLocationOff callingUid=1002
09-01 14:42:55.666 I/BluetoothUtils( 8588): packagename is android.uid.bluetooth:1002 ,and its permission is false
09-01 14:42:55.667 D/BluetoothUtils( 8588): blockedByLocationOff callingUid=1002
09-01 14:42:55.667 I/BluetoothUtils( 8588): packagename is android.uid.bluetooth:1002 ,and its permission is false
09-01 14:42:55.667 V/bt_stack( 8588): [VERBOSE1:btm_ble_gap.cc(1923)] btm_ble_process_ext_adv_pkt: bda=00:35:64:83:a4:98
09-01 14:42:55.667 D/BluetoothUtils( 8588): blockedByLocationOff callingUid=1002
09-01 14:42:55.667 V/bt_stack( 8588): [VERBOSE1:btm_ble_gap.cc(1847)] btm_ble_process_adv_addr: bda=00:35:64:83:a4:98
09-01 14:42:55.667 I/BluetoothUtils( 8588): packagename is android.uid.bluetooth:1002 ,and its permission is false
09-01 14:42:55.668 D/BluetoothUtils( 8588): blockedByLocationOff callingUid=1002
09-01 14:42:55.669 I/BluetoothUtils( 8588): packagename is android.uid.bluetooth:1002 ,and its permission is false
09-01 14:42:55.669 D/BluetoothUtils( 8588): blockedByLocationOff callingUid=1002
09-01 14:42:55.669 I/BluetoothUtils( 8588): packagename is android.uid.bluetooth:1002 ,and its permission is false
09-01 14:42:55.669 D/BluetoothUtils( 8588): blockedByLocationOff callingUid=1002
09-01 14:42:55.670 I/BluetoothUtils( 8588): packagename is android.uid.bluetooth:1002 ,and its permission is false
09-01 14:42:55.672 V/bt_stack( 8588): [VERBOSE1:btm_ble_gap.cc(1923)] btm_ble_process_ext_adv_pkt: bda=63:4f:86:72:1e:da
09-01 14:42:55.672 V/bt_stack( 8588): [VERBOSE1:btm_ble_gap.cc(1847)] btm_ble_process_adv_addr: bda=63:4f:86:72:1e:da
09-01 14:42:55.672 V/bt_stack( 8588): [VERBOSE1:btm_ble_gap.cc(2052)]  Waiting for scan response 63:4f:86:72:1e:da
09-01 14:42:55.673 V/bt_stack( 8588): [VERBOSE1:btm_ble_gap.cc(1923)] btm_ble_process_ext_adv_pkt: bda=7a:11:28:6c:23:6e
09-01 14:42:55.673 V/bt_stack( 8588): [VERBOSE1:btm_ble_gap.cc(1847)] btm_ble_process_adv_addr: bda=7a:11:28:6c:23:6e
09-01 14:42:55.673 V/bt_stack( 8588): [VERBOSE1:btm_ble_gap.cc(2052)]  Waiting for scan response 7a:11:28:6c:23:6e
09-01 14:42:55.673 V/bt_stack( 8588): [VERBOSE1:btm_ble_gap.cc(1923)] btm_ble_process_ext_adv_pkt: bda=7a:11:28:6c:23:6e
09-01 14:42:55.673 V/bt_stack( 8588): [VERBOSE1:btm_ble_gap.cc(1847)] btm_ble_process_adv_addr: bda=7a:11:28:6c:23:6e
09-01 14:42:55.674 D/BluetoothUtils( 8588): blockedByLocationOff callingUid=1002
09-01 14:42:55.674 I/BluetoothUtils( 8588): packagename is android.uid.bluetooth:1002 ,and its permission is false
09-01 14:42:55.675 D/BluetoothUtils( 8588): blockedByLocationOff callingUid=1002
09-01 14:42:55.675 I/BluetoothUtils( 8588): packagename is android.uid.bluetooth:1002 ,and its permission is false
09-01 14:42:55.675 D/BluetoothUtils( 8588): blockedByLocationOff callingUid=1002
09-01 14:42:55.675 I/BluetoothUtils( 8588): packagename is android.uid.bluetooth:1002 ,and its permission is false
09-01 14:42:55.676 V/bt_stack( 8588): [VERBOSE1:btm_ble_gap.cc(1923)] btm_ble_process_ext_adv_pkt: bda=2c:09:3e:94:80:f3
09-01 14:42:55.676 V/bt_stack( 8588): [VERBOSE1:btm_ble_gap.cc(1847)] btm_ble_process_adv_addr: bda=2c:09:3e:94:80:f3
09-01 14:42:55.678 V/bt_stack( 8588): [VERBOSE1:btm_ble_gap.cc(1923)] btm_ble_process_ext_adv_pkt: bda=38:f9:d3:45:87:1e
09-01 14:42:55.678 V/bt_stack( 8588): [VERBOSE1:btm_ble_gap.cc(1847)] btm_ble_process_adv_addr: bda=38:f9:d3:45:87:1e
09-01 14:42:55.678 D/BluetoothUtils( 8588): blockedByLocationOff callingUid=1002
09-01 14:42:55.678 V/bt_stack( 8588): [VERBOSE1:btm_ble_gap.cc(2052)]  Waiting for scan response 38:f9:d3:45:87:1e
09-01 14:42:55.678 V/bt_stack( 8588): [VERBOSE1:btm_ble_gap.cc(1923)] btm_ble_process_ext_adv_pkt: bda=38:f9:d3:45:87:1e
09-01 14:42:55.678 V/bt_stack( 8588): [VERBOSE1:btm_ble_gap.cc(1847)] btm_ble_process_adv_addr: bda=38:f9:d3:45:87:1e
09-01 14:42:55.679 I/BluetoothUtils( 8588): packagename is android.uid.bluetooth:1002 ,and its permission is false
09-01 14:42:55.679 D/BluetoothUtils( 8588): blockedByLocationOff callingUid=1002
09-01 14:42:55.679 I/BluetoothUtils( 8588): packagename is android.uid.bluetooth:1002 ,and its permission is false
09-01 14:42:55.679 D/BluetoothUtils( 8588): blockedByLocationOff callingUid=1002
09-01 14:42:55.680 I/BluetoothUtils( 8588): packagename is android.uid.bluetooth:1002 ,and its permission is false
09-01 14:42:55.680 D/BluetoothUtils( 8588): blockedByLocationOff callingUid=1002
09-01 14:42:55.680 I/BluetoothUtils( 8588): packagename is android.uid.bluetooth:1002 ,and its permission is false
09-01 14:42:55.680 D/BluetoothUtils( 8588): blockedByLocationOff callingUid=1002
09-01 14:42:55.681 I/BluetoothUtils( 8588): packagename is android.uid.bluetooth:1002 ,and its permission is false
09-01 14:42:55.681 D/BluetoothUtils( 8588): blockedByLocationOff callingUid=1002
09-01 14:42:55.681 I/BluetoothUtils( 8588): packagename is android.uid.bluetooth:1002 ,and its permission is false
09-01 14:42:55.694 V/bt_stack( 8588): [VERBOSE1:btm_ble_gap.cc(1923)] btm_ble_process_ext_adv_pkt: bda=03:d8:93:20:a7:46
09-01 14:42:55.694 V/bt_stack( 8588): [VERBOSE1:btm_ble_gap.cc(1847)] btm_ble_process_adv_addr: bda=03:d8:93:20:a7:46
09-01 14:42:55.695 D/BluetoothUtils( 8588): blockedByLocationOff callingUid=1002
09-01 14:42:55.696 I/BluetoothUtils( 8588): packagename is android.uid.bluetooth:1002 ,and its permission is false
09-01 14:42:55.696 D/BluetoothUtils( 8588): blockedByLocationOff callingUid=1002
09-01 14:42:55.696 I/BluetoothUtils( 8588): packagename is android.uid.bluetooth:1002 ,and its permission is false
09-01 14:42:55.697 D/BluetoothUtils( 8588): blockedByLocationOff callingUid=1002
09-01 14:42:55.697 I/BluetoothUtils( 8588): packagename is android.uid.bluetooth:1002 ,and its permission is false
09-01 14:42:55.710 V/bt_stack( 8588): [VERBOSE1:btm_ble_gap.cc(1923)] btm_ble_process_ext_adv_pkt: bda=5a:e4:79:a8:a5:a9
09-01 14:42:55.710 V/bt_stack( 8588): [VERBOSE1:btm_ble_gap.cc(1847)] btm_ble_process_adv_addr: bda=5a:e4:79:a8:a5:a9
09-01 14:42:55.710 V/bt_stack( 8588): [VERBOSE1:btm_ble_gap.cc(2052)]  Waiting for scan response 5a:e4:79:a8:a5:a9
09-01 14:42:55.710 V/bt_stack( 8588): [VERBOSE1:btm_ble_gap.cc(1923)] btm_ble_process_ext_adv_pkt: bda=7a:88:e9:36:07:cb
09-01 14:42:55.710 V/bt_stack( 8588): [VERBOSE1:btm_ble_gap.cc(1847)] btm_ble_process_adv_addr: bda=7a:88:e9:36:07:cb
09-01 14:42:55.712 D/BluetoothUtils( 8588): blockedByLocationOff callingUid=1002
09-01 14:42:55.713 I/BluetoothUtils( 8588): packagename is android.uid.bluetooth:1002 ,and its permission is false
09-01 14:42:55.713 D/BluetoothUtils( 8588): blockedByLocationOff callingUid=1002
09-01 14:42:55.713 I/BluetoothUtils( 8588): packagename is android.uid.bluetooth:1002 ,and its permission is false
09-01 14:42:55.713 D/BluetoothUtils( 8588): blockedByLocationOff callingUid=1002
09-01 14:42:55.714 I/BluetoothUtils( 8588): packagename is android.uid.bluetooth:1002 ,and its permission is false
09-01 14:42:55.716 V/bt_stack( 8588): [VERBOSE1:btm_ble_gap.cc(1923)] btm_ble_process_ext_adv_pkt: bda=59:ea:73:03:7b:dc
09-01 14:42:55.716 V/bt_stack( 8588): [VERBOSE1:btm_ble_gap.cc(1847)] btm_ble_process_adv_addr: bda=59:ea:73:03:7b:dc
09-01 14:42:55.717 D/BluetoothUtils( 8588): blockedByLocationOff callingUid=1002
09-01 14:42:55.717 I/BluetoothUtils( 8588): packagename is android.uid.bluetooth:1002 ,and its permission is false
09-01 14:42:55.718 D/BluetoothUtils( 8588): blockedByLocationOff callingUid=1002
09-01 14:42:55.718 V/bt_stack( 8588): [VERBOSE1:btm_ble_gap.cc(1923)] btm_ble_process_ext_adv_pkt: bda=30:31:51:23:9b:e3
09-01 14:42:55.718 I/BluetoothUtils( 8588): packagename is android.uid.bluetooth:1002 ,and its permission is false
09-01 14:42:55.718 V/bt_stack( 8588): [VERBOSE1:btm_ble_gap.cc(1847)] btm_ble_process_adv_addr: bda=30:31:51:23:9b:e3
09-01 14:42:55.718 D/BluetoothUtils( 8588): blockedByLocationOff callingUid=1002
09-01 14:42:55.718 I/BluetoothUtils( 8588): packagename is android.uid.bluetooth:1002 ,and its permission is false
09-01 14:42:55.719 D/BluetoothUtils( 8588): blockedByLocationOff callingUid=1002
09-01 14:42:55.720 I/BluetoothUtils( 8588): packagename is android.uid.bluetooth:1002 ,and its permission is false
09-01 14:42:55.720 D/BluetoothUtils( 8588): blockedByLocationOff callingUid=1002
09-01 14:42:55.720 I/BluetoothUtils( 8588): packagename is android.uid.bluetooth:1002 ,and its permission is false
09-01 14:42:55.720 D/BluetoothUtils( 8588): blockedByLocationOff callingUid=1002
09-01 14:42:55.721 I/BluetoothUtils( 8588): packagename is android.uid.bluetooth:1002 ,and its permission is false
09-01 14:42:55.723 V/bt_stack( 8588): [VERBOSE1:btm_ble_gap.cc(1923)] btm_ble_process_ext_adv_pkt: bda=05:18:f1:4b:2c:d4
09-01 14:42:55.723 V/bt_stack( 8588): [VERBOSE1:btm_ble_gap.cc(1847)] btm_ble_process_adv_addr: bda=05:18:f1:4b:2c:d4
09-01 14:42:55.724 D/BluetoothUtils( 8588): blockedByLocationOff callingUid=1002
09-01 14:42:55.725 I/BluetoothUtils( 8588): packagename is android.uid.bluetooth:1002 ,and its permission is false
09-01 14:42:55.725 D/BluetoothUtils( 8588): blockedByLocationOff callingUid=1002
09-01 14:42:55.725 I/BluetoothUtils( 8588): packagename is android.uid.bluetooth:1002 ,and its permission is false
09-01 14:42:55.725 D/BluetoothUtils( 8588): blockedByLocationOff callingUid=1002
09-01 14:42:55.726 I/BluetoothUtils( 8588): packagename is android.uid.bluetooth:1002 ,and its permission is false
09-01 14:42:55.730 V/bt_stack( 8588): [VERBOSE1:btm_ble_gap.cc(1923)] btm_ble_process_ext_adv_pkt: bda=0e:10:bb:c2:00:89
09-01 14:42:55.730 V/bt_stack( 8588): [VERBOSE1:btm_ble_gap.cc(1847)] btm_ble_process_adv_addr: bda=0e:10:bb:c2:00:89
09-01 14:42:55.731 D/BluetoothUtils( 8588): blockedByLocationOff callingUid=1002
09-01 14:42:55.732 I/BluetoothUtils( 8588): packagename is android.uid.bluetooth:1002 ,and its permission is false
09-01 14:42:55.732 D/BluetoothUtils( 8588): blockedByLocationOff callingUid=1002
09-01 14:42:55.732 I/BluetoothUtils( 8588): packagename is android.uid.bluetooth:1002 ,and its permission is false
09-01 14:42:55.732 D/BluetoothUtils( 8588): blockedByLocationOff callingUid=1002
09-01 14:42:55.732 I/BluetoothUtils( 8588): packagename is android.uid.bluetooth:1002 ,and its permission is false
09-01 14:42:55.738 V/bt_stack( 8588): [VERBOSE1:btm_ble_gap.cc(1923)] btm_ble_process_ext_adv_pkt: bda=01:f5:30:c0:9b:7a
09-01 14:42:55.738 V/bt_stack( 8588): [VERBOSE1:btm_ble_gap.cc(1847)] btm_ble_process_adv_addr: bda=01:f5:30:c0:9b:7a
09-01 14:42:55.739 D/BluetoothUtils( 8588): blockedByLocationOff callingUid=1002
09-01 14:42:55.739 I/BluetoothUtils( 8588): packagename is android.uid.bluetooth:1002 ,and its permission is false
09-01 14:42:55.739 D/BluetoothUtils( 8588): blockedByLocationOff callingUid=1002
09-01 14:42:55.739 I/BluetoothUtils( 8588): packagename is android.uid.bluetooth:1002 ,and its permission is false
09-01 14:42:55.740 D/BluetoothUtils( 8588): blockedByLocationOff callingUid=1002
09-01 14:42:55.740 I/BluetoothUtils( 8588): packagename is android.uid.bluetooth:1002 ,and its permission is false
09-01 14:42:55.744 V/bt_stack( 8588): [VERBOSE1:btm_ble_gap.cc(1923)] btm_ble_process_ext_adv_pkt: bda=38:a9:e2:54:94:54
09-01 14:42:55.744 V/bt_stack( 8588): [VERBOSE1:btm_ble_gap.cc(1847)] btm_ble_process_adv_addr: bda=38:a9:e2:54:94:54
09-01 14:42:55.746 D/BluetoothUtils( 8588): blockedByLocationOff callingUid=1002
09-01 14:42:55.746 I/BluetoothUtils( 8588): packagename is android.uid.bluetooth:1002 ,and its permission is false
09-01 14:42:55.747 D/BluetoothUtils( 8588): blockedByLocationOff callingUid=1002
09-01 14:42:55.747 I/BluetoothUtils( 8588): packagename is android.uid.bluetooth:1002 ,and its permission is false
09-01 14:42:55.747 D/BluetoothUtils( 8588): blockedByLocationOff callingUid=1002
09-01 14:42:55.747 I/BluetoothUtils( 8588): packagename is android.uid.bluetooth:1002 ,and its permission is false
09-01 14:42:55.749 I/appium  (13898): AppiumResponse: {"sessionId":"94b2dfbc-5a87-4ff5-8430-a6752ec32c55","value":{"ELEMENT":"d035929e-7715-42de-b469-3364fe55ee9f","element-6066-11e4-a52e-4f735466cecf":"d035929e-7715-42de-b469-3364fe55ee9f"}}
09-01 14:42:55.754 V/bt_stack( 8588): [VERBOSE1:btm_ble_gap.cc(1923)] btm_ble_process_ext_adv_pkt: bda=05:d9:72:f7:0f:69
09-01 14:42:55.754 V/bt_stack( 8588): [VERBOSE1:btm_ble_gap.cc(1847)] btm_ble_process_adv_addr: bda=05:d9:72:f7:0f:69
09-01 14:42:55.756 D/BluetoothUtils( 8588): blockedByLocationOff callingUid=1002
09-01 14:42:55.757 I/BluetoothUtils( 8588): packagename is android.uid.bluetooth:1002 ,and its permission is false
09-01 14:42:55.757 D/BluetoothUtils( 8588): blockedByLocationOff callingUid=1002
09-01 14:42:55.757 I/BluetoothUtils( 8588): packagename is android.uid.bluetooth:1002 ,and its permission is false
09-01 14:42:55.757 D/BluetoothUtils( 8588): blockedByLocationOff callingUid=1002
09-01 14:42:55.757 I/BluetoothUtils( 8588): packagename is android.uid.bluetooth:1002 ,and its permission is false
09-01 14:42:55.764 D/BluetoothGatt(13945): setCharacteristicNotification() - uuid: 00000003-0000-3512-2118-0009af100700 enable: false
09-01 14:42:55.764 D/BtGatt.GattService( 8588): registerForNotification() - address=C3:D4:F4:E3:11:EC enable: false
09-01 14:42:55.765 I/appium  (13898): channel read invoked!
09-01 14:42:55.765 V/bt_stack( 8588): [VERBOSE1:bta_gattc_api.cc(715)] BTA_GATTC_DeregisterForNotifications deregistered bd_addr=c3:d4:f4:e3:11:ec
09-01 14:42:55.765 D/BtGatt.GattService( 8588): onRegisterForNotifications() - address=null, status=0, registered=0, handle=56
09-01 14:42:55.765 I/appium  (13898): channel read: POST /wd/hub/session/94b2dfbc-5a87-4ff5-8430-a6752ec32c55/element/d035929e-7715-42de-b469-3364fe55ee9f/click
09-01 14:42:55.766 V/bt_stack( 8588): [VERBOSE1:bta_gattc_main.cc(361)] bta_gattc_hdl_event: Event:BTA_GATTC_API_WRITE_EVT
09-01 14:42:55.766 V/bt_stack( 8588): [VERBOSE1:bta_gattc_main.cc(305)] bta_gattc_sm_execute: State 0x02 [GATTC_CONN_ST], Event 0x1f05[BTA_GATTC_API_WRITE_EVT]
09-01 14:42:55.766 V/bt_stack( 8588): [VERBOSE1:bta_gattc_main.cc(341)] bta_gattc_sm_execute: GATTC State Change: 0x02 -> 0x02 after Event 0x1f05
09-01 14:42:55.766 I/vendor.qti.bluetooth@1.0-ibs_handler(19843): DeviceWakeUp: Writing IBS_WAKE_IND
09-01 14:42:55.766 I/appium  (13898): Click element command
09-01 14:42:55.767 I/vendor.qti.bluetooth@1.0-ibs_handler(19843): ProcessIbsCmd: Received IBS_WAKE_ACK: 0xFC
09-01 14:42:55.767 V/bt_stack( 8588): [VERBOSE1:btm_ble_gap.cc(1923)] btm_ble_process_ext_adv_pkt: bda=44:ca:73:cc:df:42
09-01 14:42:55.767 V/bt_stack( 8588): [VERBOSE1:btm_ble_gap.cc(1847)] btm_ble_process_adv_addr: bda=44:ca:73:cc:df:42
09-01 14:42:55.767 V/bt_stack( 8588): [VERBOSE1:btm_ble_gap.cc(2052)]  Waiting for scan response 44:ca:73:cc:df:42
09-01 14:42:55.767 V/bt_stack( 8588): [VERBOSE1:btm_ble_gap.cc(1923)] btm_ble_process_ext_adv_pkt: bda=44:ca:73:cc:df:42
09-01 14:42:55.767 V/bt_stack( 8588): [VERBOSE1:btm_ble_gap.cc(1847)] btm_ble_process_adv_addr: bda=44:ca:73:cc:df:42
09-01 14:42:55.768 D/BluetoothUtils( 8588): blockedByLocationOff callingUid=1002
09-01 14:42:55.769 I/BluetoothUtils( 8588): packagename is android.uid.bluetooth:1002 ,and its permission is false
09-01 14:42:55.769 D/BluetoothUtils( 8588): blockedByLocationOff callingUid=1002
09-01 14:42:55.769 I/BluetoothUtils( 8588): packagename is android.uid.bluetooth:1002 ,and its permission is false
09-01 14:42:55.769 D/BluetoothUtils( 8588): blockedByLocationOff callingUid=1002
09-01 14:42:55.770 I/BluetoothUtils( 8588): packagename is android.uid.bluetooth:1002 ,and its permission is false
09-01 14:42:55.770 V/bt_stack( 8588): [VERBOSE1:btm_ble_gap.cc(1923)] btm_ble_process_ext_adv_pkt: bda=00:35:64:83:a4:98
09-01 14:42:55.770 V/bt_stack( 8588): [VERBOSE1:btm_ble_gap.cc(1847)] btm_ble_process_adv_addr: bda=00:35:64:83:a4:98
09-01 14:42:55.772 D/BluetoothUtils( 8588): blockedByLocationOff callingUid=1002
09-01 14:42:55.772 I/BluetoothUtils( 8588): packagename is android.uid.bluetooth:1002 ,and its permission is false
09-01 14:42:55.772 D/BluetoothUtils( 8588): blockedByLocationOff callingUid=1002
09-01 14:42:55.773 I/BluetoothUtils( 8588): packagename is android.uid.bluetooth:1002 ,and its permission is false
09-01 14:42:55.773 D/BluetoothUtils( 8588): blockedByLocationOff callingUid=1002
09-01 14:42:55.773 I/BluetoothUtils( 8588): packagename is android.uid.bluetooth:1002 ,and its permission is false
09-01 14:42:55.786 V/bt_stack( 8588): [VERBOSE1:btm_ble_gap.cc(1923)] btm_ble_process_ext_adv_pkt: bda=d3:ce:19:45:b1:77
09-01 14:42:55.786 V/bt_stack( 8588): [VERBOSE1:btm_ble_gap.cc(1847)] btm_ble_process_adv_addr: bda=d3:ce:19:45:b1:77
09-01 14:42:55.786 V/bt_stack( 8588): [VERBOSE1:btm_ble_gap.cc(2052)]  Waiting for scan response d3:ce:19:45:b1:77
09-01 14:42:55.788 V/bt_stack( 8588): [VERBOSE1:btm_ble_gap.cc(1923)] btm_ble_process_ext_adv_pkt: bda=63:53:07:fa:3c:f1
09-01 14:42:55.788 V/bt_stack( 8588): [VERBOSE1:btm_ble_gap.cc(1847)] btm_ble_process_adv_addr: bda=63:53:07:fa:3c:f1
09-01 14:42:55.789 D/BluetoothUtils( 8588): blockedByLocationOff callingUid=1002
09-01 14:42:55.790 I/BluetoothUtils( 8588): packagename is android.uid.bluetooth:1002 ,and its permission is false
09-01 14:42:55.790 D/BluetoothUtils( 8588): blockedByLocationOff callingUid=1002
09-01 14:42:55.791 I/BluetoothUtils( 8588): packagename is android.uid.bluetooth:1002 ,and its permission is false
09-01 14:42:55.791 D/BluetoothUtils( 8588): blockedByLocationOff callingUid=1002
09-01 14:42:55.792 I/BluetoothUtils( 8588): packagename is android.uid.bluetooth:1002 ,and its permission is false
09-01 14:42:55.794 V/bt_stack( 8588): [VERBOSE1:btm_ble_gap.cc(1923)] btm_ble_process_ext_adv_pkt: bda=03:d8:93:20:a7:46
09-01 14:42:55.794 V/bt_stack( 8588): [VERBOSE1:btm_ble_gap.cc(1847)] btm_ble_process_adv_addr: bda=03:d8:93:20:a7:46
09-01 14:42:55.796 D/BluetoothUtils( 8588): blockedByLocationOff callingUid=1002
09-01 14:42:55.796 I/Timeline(13945): Timeline: Activity_launch_request time:212141813
09-01 14:42:55.796 I/BluetoothUtils( 8588): packagename is android.uid.bluetooth:1002 ,and its permission is false
09-01 14:42:55.796 D/BluetoothUtils( 8588): blockedByLocationOff callingUid=1002
09-01 14:42:55.796 I/SplashScreenServiceDelegate( 1639): None for com.xiaomi.hm.health
09-01 14:42:55.797 I/ActivityTaskManager( 1639): START u0 {cmp=com.xiaomi.hm.health/.ui.information.StatisticsActivity (has extras)} from uid 10241
