09-01 14:25:18.977 V/bt_stack( 8588): [VERBOSE1:btm_ble_gap.cc(2052)]  Waiting for scan response 53:56:a8:ef:e5:80
09-01 14:25:18.977 I/BluetoothUtils( 8588): packagename is android.uid.bluetooth:1002 ,and its permission is false
09-01 14:25:18.977 D/BluetoothUtils( 8588): blockedByLocationOff callingUid=1002
09-01 14:25:18.978 V/bt_stack( 8588): [VERBOSE1:btm_ble_gap.cc(1923)] btm_ble_process_ext_adv_pkt: bda=53:56:a8:ef:e5:80
09-01 14:25:18.978 V/bt_stack( 8588): [VERBOSE1:btm_ble_gap.cc(1847)] btm_ble_process_adv_addr: bda=53:56:a8:ef:e5:80
09-01 14:25:18.978 I/BluetoothUtils( 8588): packagename is android.uid.bluetooth:1002 ,and its permission is false
09-01 14:25:18.978 D/BluetoothUtils( 8588): blockedByLocationOff callingUid=1002
09-01 14:25:18.978 I/BluetoothUtils( 8588): packagename is android.uid.bluetooth:1002 ,and its permission is false
09-01 14:25:18.979 D/BluetoothUtils( 8588): blockedByLocationOff callingUid=1002
09-01 14:25:18.979 I/BluetoothUtils( 8588): packagename is android.uid.bluetooth:1002 ,and its permission is false
09-01 14:25:18.979 D/BluetoothUtils( 8588): blockedByLocationOff callingUid=1002
09-01 14:25:18.980 I/BluetoothUtils( 8588): packagename is android.uid.bluetooth:1002 ,and its permission is false
09-01 14:25:18.980 D/BluetoothUtils( 8588): blockedByLocationOff callingUid=1002
09-01 14:25:18.980 I/BluetoothUtils( 8588): packagename is android.uid.bluetooth:1002 ,and its permission is false
09-01 14:25:18.981 V/bt_stack( 8588): [VERBOSE1:btm_ble_gap.cc(1923)] btm_ble_process_ext_adv_pkt: bda=14:07:18:00:04:52
09-01 14:25:18.981 V/bt_stack( 8588): [VERBOSE1:btm_ble_gap.cc(1847)] btm_ble_process_adv_addr: bda=14:07:18:00:04:52
09-01 14:25:18.981 V/bt_stack( 8588): [VERBOSE1:btm_ble_gap.cc(2052)]  Waiting for scan response 14:07:18:00:04:52
09-01 14:25:18.981 V/bt_stack( 8588): [VERBOSE1:btm_ble_gap.cc(1923)] btm_ble_process_ext_adv_pkt: bda=14:07:18:00:04:52
09-01 14:25:18.982 V/bt_stack( 8588): [VERBOSE1:btm_ble_gap.cc(1847)] btm_ble_process_adv_addr: bda=14:07:18:00:04:52
09-01 14:25:18.983 D/BluetoothUtils( 8588): blockedByLocationOff callingUid=1002
09-01 14:25:18.983 I/BluetoothUtils( 8588): packagename is android.uid.bluetooth:1002 ,and its permission is false
09-01 14:25:18.983 D/BluetoothUtils( 8588): blockedByLocationOff callingUid=1002
09-01 14:25:18.984 I/BluetoothUtils( 8588): packagename is android.uid.bluetooth:1002 ,and its permission is false
09-01 14:25:18.984 D/BluetoothUtils( 8588): blockedByLocationOff callingUid=1002
09-01 14:25:18.984 I/BluetoothUtils( 8588): packagename is android.uid.bluetooth:1002 ,and its permission is false
09-01 14:25:19.006 V/bt_stack( 8588): [VERBOSE1:btm_ble_gap.cc(1923)] btm_ble_process_ext_adv_pkt: bda=6c:37:b5:6b:a1:b8
09-01 14:25:19.007 V/bt_stack( 8588): [VERBOSE1:btm_ble_gap.cc(1847)] btm_ble_process_adv_addr: bda=6c:37:b5:6b:a1:b8
09-01 14:25:19.007 V/bt_stack( 8588): [VERBOSE1:btm_ble_gap.cc(2052)]  Waiting for scan response 6c:37:b5:6b:a1:b8
09-01 14:25:19.008 V/bt_stack( 8588): [VERBOSE1:btm_ble_gap.cc(1923)] btm_ble_process_ext_adv_pkt: bda=70:33:97:a2:2a:78
09-01 14:25:19.008 V/bt_stack( 8588): [VERBOSE1:btm_ble_gap.cc(1847)] btm_ble_process_adv_addr: bda=70:33:97:a2:2a:78
09-01 14:25:19.008 V/bt_stack( 8588): [VERBOSE1:btm_ble_gap.cc(2052)]  Waiting for scan response 70:33:97:a2:2a:78
09-01 14:25:19.008 V/bt_stack( 8588): [VERBOSE1:btm_ble_gap.cc(1923)] btm_ble_process_ext_adv_pkt: bda=36:c9:49:a0:b6:9d
09-01 14:25:19.008 V/bt_stack( 8588): [VERBOSE1:btm_ble_gap.cc(1847)] btm_ble_process_adv_addr: bda=36:c9:49:a0:b6:9d
09-01 14:25:19.010 D/BluetoothUtils( 8588): blockedByLocationOff callingUid=1002
09-01 14:25:19.011 I/BluetoothUtils( 8588): packagename is android.uid.bluetooth:1002 ,and its permission is false
09-01 14:25:19.011 D/BluetoothUtils( 8588): blockedByLocationOff callingUid=1002
09-01 14:25:19.012 I/BluetoothUtils( 8588): packagename is android.uid.bluetooth:1002 ,and its permission is false
09-01 14:25:19.012 D/BluetoothUtils( 8588): blockedByLocationOff callingUid=1002
09-01 14:25:19.012 I/BluetoothUtils( 8588): packagename is android.uid.bluetooth:1002 ,and its permission is false
09-01 14:25:19.014 V/bt_stack( 8588): [VERBOSE1:btm_ble_gap.cc(1923)] btm_ble_process_ext_adv_pkt: bda=25:5e:6a:5a:81:28
09-01 14:25:19.014 V/bt_stack( 8588): [VERBOSE1:btm_ble_gap.cc(1847)] btm_ble_process_adv_addr: bda=25:5e:6a:5a:81:28
09-01 14:25:19.015 D/BluetoothUtils( 8588): blockedByLocationOff callingUid=1002
09-01 14:25:19.016 I/BluetoothUtils( 8588): packagename is android.uid.bluetooth:1002 ,and its permission is false
09-01 14:25:19.016 D/BluetoothUtils( 8588): blockedByLocationOff callingUid=1002
09-01 14:25:19.016 I/BluetoothUtils( 8588): packagename is android.uid.bluetooth:1002 ,and its permission is false
09-01 14:25:19.016 D/BluetoothUtils( 8588): blockedByLocationOff callingUid=1002
09-01 14:25:19.016 I/BluetoothUtils( 8588): packagename is android.uid.bluetooth:1002 ,and its permission is false
09-01 14:25:19.021 V/bt_stack( 8588): [VERBOSE1:btm_ble_gap.cc(1923)] btm_ble_process_ext_adv_pkt: bda=77:70:e9:20:dc:cd
09-01 14:25:19.021 V/bt_stack( 8588): [VERBOSE1:btm_ble_gap.cc(1847)] btm_ble_process_adv_addr: bda=77:70:e9:20:dc:cd
09-01 14:25:19.022 V/bt_stack( 8588): [VERBOSE1:btm_ble_gap.cc(1923)] btm_ble_process_ext_adv_pkt: bda=07:5a:b0:04:f2:ba
09-01 14:25:19.022 V/bt_stack( 8588): [VERBOSE1:btm_ble_gap.cc(1847)] btm_ble_process_adv_addr: bda=07:5a:b0:04:f2:ba
09-01 14:25:19.023 D/BluetoothUtils( 8588): blockedByLocationOff callingUid=1002
09-01 14:25:19.023 I/BluetoothUtils( 8588): packagename is android.uid.bluetooth:1002 ,and its permission is false
09-01 14:25:19.024 D/BluetoothUtils( 8588): blockedByLocationOff callingUid=1002
09-01 14:25:19.024 I/BluetoothUtils( 8588): packagename is android.uid.bluetooth:1002 ,and its permission is false
09-01 14:25:19.024 D/BluetoothUtils( 8588): blockedByLocationOff callingUid=1002
09-01 14:25:19.024 I/BluetoothUtils( 8588): packagename is android.uid.bluetooth:1002 ,and its permission is false
09-01 14:25:19.025 D/BluetoothUtils( 8588): blockedByLocationOff callingUid=1002
09-01 14:25:19.026 I/BluetoothUtils( 8588): packagename is android.uid.bluetooth:1002 ,and its permission is false
09-01 14:25:19.026 D/BluetoothUtils( 8588): blockedByLocationOff callingUid=1002
09-01 14:25:19.026 I/BluetoothUtils( 8588): packagename is android.uid.bluetooth:1002 ,and its permission is false
09-01 14:25:19.026 D/BluetoothUtils( 8588): blockedByLocationOff callingUid=1002
09-01 14:25:19.026 I/BluetoothUtils( 8588): packagename is android.uid.bluetooth:1002 ,and its permission is false
09-01 14:25:19.029 V/bt_stack( 8588): [VERBOSE1:btm_ble_gap.cc(1923)] btm_ble_process_ext_adv_pkt: bda=3f:04:6b:ca:a9:3e
09-01 14:25:19.029 V/bt_stack( 8588): [VERBOSE1:btm_ble_gap.cc(1847)] btm_ble_process_adv_addr: bda=3f:04:6b:ca:a9:3e
09-01 14:25:19.030 D/BluetoothUtils( 8588): blockedByLocationOff callingUid=1002
09-01 14:25:19.030 V/bt_stack( 8588): [VERBOSE1:btm_ble_gap.cc(1923)] btm_ble_process_ext_adv_pkt: bda=33:55:74:83:d5:3a
09-01 14:25:19.030 V/bt_stack( 8588): [VERBOSE1:btm_ble_gap.cc(1847)] btm_ble_process_adv_addr: bda=33:55:74:83:d5:3a
09-01 14:25:19.030 I/BluetoothUtils( 8588): packagename is android.uid.bluetooth:1002 ,and its permission is false
09-01 14:25:19.030 D/BluetoothUtils( 8588): blockedByLocationOff callingUid=1002
09-01 14:25:19.031 I/BluetoothUtils( 8588): packagename is android.uid.bluetooth:1002 ,and its permission is false
09-01 14:25:19.031 D/BluetoothUtils( 8588): blockedByLocationOff callingUid=1002
09-01 14:25:19.031 I/BluetoothUtils( 8588): packagename is android.uid.bluetooth:1002 ,and its permission is false
09-01 14:25:19.032 D/BluetoothUtils( 8588): blockedByLocationOff callingUid=1002
09-01 14:25:19.032 I/BluetoothUtils( 8588): packagename is android.uid.bluetooth:1002 ,and its permission is false
09-01 14:25:19.032 D/BluetoothUtils( 8588): blockedByLocationOff callingUid=1002
09-01 14:25:19.033 I/BluetoothUtils( 8588): packagename is android.uid.bluetooth:1002 ,and its permission is false
09-01 14:25:19.033 D/BluetoothUtils( 8588): blockedByLocationOff callingUid=1002
09-01 14:25:19.033 I/BluetoothUtils( 8588): packagename is android.uid.bluetooth:1002 ,and its permission is false
09-01 14:25:19.036 V/bt_stack( 8588): [VERBOSE1:btm_ble_gap.cc(1923)] btm_ble_process_ext_adv_pkt: bda=3c:22:fb:3d:0a:8f
09-01 14:25:19.036 V/bt_stack( 8588): [VERBOSE1:btm_ble_gap.cc(1847)] btm_ble_process_adv_addr: bda=3c:22:fb:3d:0a:8f
09-01 14:25:19.036 V/bt_stack( 8588): [VERBOSE1:btm_ble_gap.cc(2052)]  Waiting for scan response 3c:22:fb:3d:0a:8f
09-01 14:25:19.041 V/bt_stack( 8588): [VERBOSE1:btm_ble_gap.cc(1923)] btm_ble_process_ext_adv_pkt: bda=6c:37:b5:6b:a1:b8
09-01 14:25:19.041 V/bt_stack( 8588): [VERBOSE1:btm_ble_gap.cc(1847)] btm_ble_process_adv_addr: bda=6c:37:b5:6b:a1:b8
09-01 14:25:19.041 V/bt_stack( 8588): [VERBOSE1:btm_ble_gap.cc(2052)]  Waiting for scan response 6c:37:b5:6b:a1:b8
09-01 14:25:19.041 V/bt_stack( 8588): [VERBOSE1:btm_ble_gap.cc(1923)] btm_ble_process_ext_adv_pkt: bda=11:82:f5:89:45:91
09-01 14:25:19.041 V/bt_stack( 8588): [VERBOSE1:btm_ble_gap.cc(1847)] btm_ble_process_adv_addr: bda=11:82:f5:89:45:91
09-01 14:25:19.043 D/BluetoothUtils( 8588): blockedByLocationOff callingUid=1002
09-01 14:25:19.043 I/BluetoothUtils( 8588): packagename is android.uid.bluetooth:1002 ,and its permission is false
09-01 14:25:19.043 D/BluetoothUtils( 8588): blockedByLocationOff callingUid=1002
09-01 14:25:19.044 I/BluetoothUtils( 8588): packagename is android.uid.bluetooth:1002 ,and its permission is false
09-01 14:25:19.044 D/BluetoothUtils( 8588): blockedByLocationOff callingUid=1002
09-01 14:25:19.044 I/BluetoothUtils( 8588): packagename is android.uid.bluetooth:1002 ,and its permission is false
09-01 14:25:19.047 V/bt_stack( 8588): [VERBOSE1:btm_ble_gap.cc(1923)] btm_ble_process_ext_adv_pkt: bda=10:42:5e:92:d4:eb
09-01 14:25:19.047 V/bt_stack( 8588): [VERBOSE1:btm_ble_gap.cc(1847)] btm_ble_process_adv_addr: bda=10:42:5e:92:d4:eb
09-01 14:25:19.049 D/BluetoothUtils( 8588): blockedByLocationOff callingUid=1002
09-01 14:25:19.049 I/BluetoothUtils( 8588): packagename is android.uid.bluetooth:1002 ,and its permission is false
09-01 14:25:19.049 D/BluetoothUtils( 8588): blockedByLocationOff callingUid=1002
09-01 14:25:19.050 I/BluetoothUtils( 8588): packagename is android.uid.bluetooth:1002 ,and its permission is false
09-01 14:25:19.050 D/BluetoothUtils( 8588): blockedByLocationOff callingUid=1002
09-01 14:25:19.050 I/BluetoothUtils( 8588): packagename is android.uid.bluetooth:1002 ,and its permission is false
09-01 14:25:19.064 V/bt_stack( 8588): [VERBOSE1:btm_ble_gap.cc(1923)] btm_ble_process_ext_adv_pkt: bda=55:f3:e0:9e:46:e1
09-01 14:25:19.064 V/bt_stack( 8588): [VERBOSE1:btm_ble_gap.cc(1847)] btm_ble_process_adv_addr: bda=55:f3:e0:9e:46:e1
09-01 14:25:19.064 V/bt_stack( 8588): [VERBOSE1:btm_ble_gap.cc(2052)]  Waiting for scan response 55:f3:e0:9e:46:e1
09-01 14:25:19.064 V/bt_stack( 8588): [VERBOSE1:btm_ble_gap.cc(1923)] btm_ble_process_ext_adv_pkt: bda=24:49:6a:9c:39:02
09-01 14:25:19.064 V/bt_stack( 8588): [VERBOSE1:btm_ble_gap.cc(1847)] btm_ble_process_adv_addr: bda=24:49:6a:9c:39:02
09-01 14:25:19.065 D/BluetoothUtils( 8588): blockedByLocationOff callingUid=1002
09-01 14:25:19.066 I/BluetoothUtils( 8588): packagename is android.uid.bluetooth:1002 ,and its permission is false
09-01 14:25:19.066 D/BluetoothUtils( 8588): blockedByLocationOff callingUid=1002
09-01 14:25:19.066 I/BluetoothUtils( 8588): packagename is android.uid.bluetooth:1002 ,and its permission is false
09-01 14:25:19.066 D/BluetoothUtils( 8588): blockedByLocationOff callingUid=1002
09-01 14:25:19.066 I/BluetoothUtils( 8588): packagename is android.uid.bluetooth:1002 ,and its permission is false
09-01 14:25:19.074 V/bt_stack( 8588): [VERBOSE1:btm_ble_gap.cc(1923)] btm_ble_process_ext_adv_pkt: bda=3c:22:fb:3d:0a:8f
09-01 14:25:19.074 V/bt_stack( 8588): [VERBOSE1:btm_ble_gap.cc(1847)] btm_ble_process_adv_addr: bda=3c:22:fb:3d:0a:8f
09-01 14:25:19.074 V/bt_stack( 8588): [VERBOSE1:btm_ble_gap.cc(2052)]  Waiting for scan response 3c:22:fb:3d:0a:8f
09-01 14:25:19.075 V/bt_stack( 8588): [VERBOSE1:btm_ble_gap.cc(1923)] btm_ble_process_ext_adv_pkt: bda=3c:22:fb:3d:0a:8f
09-01 14:25:19.075 V/bt_stack( 8588): [VERBOSE1:btm_ble_gap.cc(1847)] btm_ble_process_adv_addr: bda=3c:22:fb:3d:0a:8f
09-01 14:25:19.075 V/bt_stack( 8588): [VERBOSE1:btm_ble_gap.cc(1923)] btm_ble_process_ext_adv_pkt: bda=0a:29:89:b7:c8:4a
09-01 14:25:19.075 V/bt_stack( 8588): [VERBOSE1:btm_ble_gap.cc(1847)] btm_ble_process_adv_addr: bda=0a:29:89:b7:c8:4a
09-01 14:25:19.075 D/BluetoothUtils( 8588): blockedByLocationOff callingUid=1002
09-01 14:25:19.076 I/BluetoothUtils( 8588): packagename is android.uid.bluetooth:1002 ,and its permission is false
09-01 14:25:19.076 D/BluetoothUtils( 8588): blockedByLocationOff callingUid=1002
09-01 14:25:19.076 I/BluetoothUtils( 8588): packagename is android.uid.bluetooth:1002 ,and its permission is false
09-01 14:25:19.076 D/BluetoothUtils( 8588): blockedByLocationOff callingUid=1002
09-01 14:25:19.076 I/BluetoothUtils( 8588): packagename is android.uid.bluetooth:1002 ,and its permission is false
09-01 14:25:19.077 D/BluetoothUtils( 8588): blockedByLocationOff callingUid=1002
09-01 14:25:19.077 I/BluetoothUtils( 8588): packagename is android.uid.bluetooth:1002 ,and its permission is false
09-01 14:25:19.077 D/BluetoothUtils( 8588): blockedByLocationOff callingUid=1002
09-01 14:25:19.078 I/BluetoothUtils( 8588): packagename is android.uid.bluetooth:1002 ,and its permission is false
09-01 14:25:19.078 D/BluetoothUtils( 8588): blockedByLocationOff callingUid=1002
09-01 14:25:19.078 I/BluetoothUtils( 8588): packagename is android.uid.bluetooth:1002 ,and its permission is false
09-01 14:25:19.081 V/bt_stack( 8588): [VERBOSE1:btm_ble_gap.cc(1923)] btm_ble_process_ext_adv_pkt: bda=59:bb:67:f0:94:3c
09-01 14:25:19.081 V/bt_stack( 8588): [VERBOSE1:btm_ble_gap.cc(1847)] btm_ble_process_adv_addr: bda=59:bb:67:f0:94:3c
09-01 14:25:19.082 D/BluetoothUtils( 8588): blockedByLocationOff callingUid=1002
09-01 14:25:19.082 I/BluetoothUtils( 8588): packagename is android.uid.bluetooth:1002 ,and its permission is false
09-01 14:25:19.082 D/BluetoothUtils( 8588): blockedByLocationOff callingUid=1002
09-01 14:25:19.083 I/BluetoothUtils( 8588): packagename is android.uid.bluetooth:1002 ,and its permission is false
09-01 14:25:19.083 D/BluetoothUtils( 8588): blockedByLocationOff callingUid=1002
09-01 14:25:19.083 I/BluetoothUtils( 8588): packagename is android.uid.bluetooth:1002 ,and its permission is false
09-01 14:25:19.070 W/memtrack@1.0-se(  787): type=1400 audit(0.0:63570): avc: denied { search } for name="kgsl" dev="sysfs" ino=55624 scontext=u:r:hal_memtrack_default:s0 tcontext=u:object_r:sysfs_kgsl:s0 tclass=dir permissive=0
09-01 14:25:19.070 W/memtrack@1.0-se(  787): type=1400 audit(0.0:63571): avc: denied { search } for name="kgsl" dev="sysfs" ino=55624 scontext=u:r:hal_memtrack_default:s0 tcontext=u:object_r:sysfs_kgsl:s0 tclass=dir permissive=0
09-01 14:25:19.092 V/bt_stack( 8588): [VERBOSE1:btm_ble_gap.cc(1923)] btm_ble_process_ext_adv_pkt: bda=46:60:09:cb:cf:ec
09-01 14:25:19.092 V/bt_stack( 8588): [VERBOSE1:btm_ble_gap.cc(1847)] btm_ble_process_adv_addr: bda=46:60:09:cb:cf:ec
09-01 14:25:19.092 V/bt_stack( 8588): [VERBOSE1:btm_ble_gap.cc(2052)]  Waiting for scan response 46:60:09:cb:cf:ec
09-01 14:25:19.093 V/bt_stack( 8588): [VERBOSE1:btm_ble_gap.cc(1923)] btm_ble_process_ext_adv_pkt: bda=59:b2:14:05:95:91
09-01 14:25:19.093 V/bt_stack( 8588): [VERBOSE1:btm_ble_gap.cc(1847)] btm_ble_process_adv_addr: bda=59:b2:14:05:95:91
09-01 14:25:19.093 V/bt_stack( 8588): [VERBOSE1:btm_ble_gap.cc(2052)]  Waiting for scan response 59:b2:14:05:95:91
09-01 14:25:19.095 V/bt_stack( 8588): [VERBOSE1:btm_ble_gap.cc(1923)] btm_ble_process_ext_adv_pkt: bda=fd:32:0c:ad:56:d5
09-01 14:25:19.095 V/bt_stack( 8588): [VERBOSE1:btm_ble_gap.cc(1847)] btm_ble_process_adv_addr: bda=fd:32:0c:ad:56:d5
09-01 14:25:19.095 V/bt_stack( 8588): [VERBOSE1:btm_ble_gap.cc(2052)]  Waiting for scan response fd:32:0c:ad:56:d5
09-01 14:25:19.095 V/bt_stack( 8588): [VERBOSE1:btm_ble_gap.cc(1923)] btm_ble_process_ext_adv_pkt: bda=fd:32:0c:ad:56:d5
09-01 14:25:19.095 V/bt_stack( 8588): [VERBOSE1:btm_ble_gap.cc(1847)] btm_ble_process_adv_addr: bda=fd:32:0c:ad:56:d5
09-01 14:25:19.097 V/bt_stack( 8588): [VERBOSE1:btm_ble_gap.cc(1923)] btm_ble_process_ext_adv_pkt: bda=00:b8:42:bc:b8:71
09-01 14:25:19.097 V/bt_stack( 8588): [VERBOSE1:btm_ble_gap.cc(1847)] btm_ble_process_adv_addr: bda=00:b8:42:bc:b8:71
09-01 14:25:19.097 D/BluetoothUtils( 8588): blockedByLocationOff callingUid=1002
09-01 14:25:19.098 I/BluetoothUtils( 8588): packagename is android.uid.bluetooth:1002 ,and its permission is false
09-01 14:25:19.098 D/BluetoothUtils( 8588): blockedByLocationOff callingUid=1002
09-01 14:25:19.098 I/BluetoothUtils( 8588): packagename is android.uid.bluetooth:1002 ,and its permission is false
09-01 14:25:19.098 D/BluetoothUtils( 8588): blockedByLocationOff callingUid=1002
09-01 14:25:19.099 I/BluetoothUtils( 8588): packagename is android.uid.bluetooth:1002 ,and its permission is false
09-01 14:25:19.099 D/BluetoothUtils( 8588): blockedByLocationOff callingUid=1002
09-01 14:25:19.100 I/BluetoothUtils( 8588): packagename is android.uid.bluetooth:1002 ,and its permission is false
09-01 14:25:19.100 D/BluetoothUtils( 8588): blockedByLocationOff callingUid=1002
09-01 14:25:19.100 I/BluetoothUtils( 8588): packagename is android.uid.bluetooth:1002 ,and its permission is false
09-01 14:25:19.100 D/BluetoothUtils( 8588): blockedByLocationOff callingUid=1002
09-01 14:25:19.100 I/BluetoothUtils( 8588): packagename is android.uid.bluetooth:1002 ,and its permission is false
09-01 14:25:19.108 V/bt_stack( 8588): [VERBOSE1:btm_ble_gap.cc(1923)] btm_ble_process_ext_adv_pkt: bda=36:c9:49:a0:b6:9d
09-01 14:25:19.108 V/bt_stack( 8588): [VERBOSE1:btm_ble_gap.cc(1847)] btm_ble_process_adv_addr: bda=36:c9:49:a0:b6:9d
09-01 14:25:19.110 D/BluetoothUtils( 8588): blockedByLocationOff callingUid=1002
09-01 14:25:19.110 I/BluetoothUtils( 8588): packagename is android.uid.bluetooth:1002 ,and its permission is false
09-01 14:25:19.110 D/BluetoothUtils( 8588): blockedByLocationOff callingUid=1002
09-01 14:25:19.110 I/BluetoothUtils( 8588): packagename is android.uid.bluetooth:1002 ,and its permission is false
09-01 14:25:19.110 D/BluetoothUtils( 8588): blockedByLocationOff callingUid=1002
09-01 14:25:19.111 I/BluetoothUtils( 8588): packagename is android.uid.bluetooth:1002 ,and its permission is false
09-01 14:25:19.112 V/bt_stack( 8588): [VERBOSE1:btm_ble_gap.cc(1923)] btm_ble_process_ext_adv_pkt: bda=6c:37:b5:6b:a1:b8
09-01 14:25:19.112 V/bt_stack( 8588): [VERBOSE1:btm_ble_gap.cc(1847)] btm_ble_process_adv_addr: bda=6c:37:b5:6b:a1:b8
09-01 14:25:19.112 V/bt_stack( 8588): [VERBOSE1:btm_ble_gap.cc(2052)]  Waiting for scan response 6c:37:b5:6b:a1:b8
09-01 14:25:19.112 V/bt_stack( 8588): [VERBOSE1:btm_ble_gap.cc(1923)] btm_ble_process_ext_adv_pkt: bda=35:08:67:20:13:25
09-01 14:25:19.112 V/bt_stack( 8588): [VERBOSE1:btm_ble_gap.cc(1847)] btm_ble_process_adv_addr: bda=35:08:67:20:13:25
09-01 14:25:19.114 D/BluetoothUtils( 8588): blockedByLocationOff callingUid=1002
09-01 14:25:19.115 I/BluetoothUtils( 8588): packagename is android.uid.bluetooth:1002 ,and its permission is false
09-01 14:25:19.115 D/BluetoothUtils( 8588): blockedByLocationOff callingUid=1002
09-01 14:25:19.115 I/BluetoothUtils( 8588): packagename is android.uid.bluetooth:1002 ,and its permission is false
09-01 14:25:19.115 D/BluetoothUtils( 8588): blockedByLocationOff callingUid=1002
09-01 14:25:19.115 I/BluetoothUtils( 8588): packagename is android.uid.bluetooth:1002 ,and its permission is false
09-01 14:25:19.117 V/bt_stack( 8588): [VERBOSE1:btm_ble_gap.cc(1923)] btm_ble_process_ext_adv_pkt: bda=25:5e:6a:5a:81:28
09-01 14:25:19.117 V/bt_stack( 8588): [VERBOSE1:btm_ble_gap.cc(1847)] btm_ble_process_adv_addr: bda=25:5e:6a:5a:81:28
09-01 14:25:19.118 I/appium  ( 4037): channel read invoked!
09-01 14:25:19.118 I/appium  ( 4037): channel read: POST /wd/hub/session/f0ce778c-9a08-42fe-b827-2bc440618298/element
09-01 14:25:19.118 D/BluetoothUtils( 8588): blockedByLocationOff callingUid=1002
09-01 14:25:19.119 I/BluetoothUtils( 8588): packagename is android.uid.bluetooth:1002 ,and its permission is false
09-01 14:25:19.119 D/BluetoothUtils( 8588): blockedByLocationOff callingUid=1002
09-01 14:25:19.119 I/BluetoothUtils( 8588): packagename is android.uid.bluetooth:1002 ,and its permission is false
09-01 14:25:19.119 D/BluetoothUtils( 8588): blockedByLocationOff callingUid=1002
09-01 14:25:19.119 I/BluetoothUtils( 8588): packagename is android.uid.bluetooth:1002 ,and its permission is false
09-01 14:25:19.119 V/bt_stack( 8588): [VERBOSE1:btm_ble_gap.cc(1923)] btm_ble_process_ext_adv_pkt: bda=6c:37:b5:6b:a1:b8
09-01 14:25:19.119 V/bt_stack( 8588): [VERBOSE1:btm_ble_gap.cc(1847)] btm_ble_process_adv_addr: bda=6c:37:b5:6b:a1:b8
09-01 14:25:19.119 V/bt_stack( 8588): [VERBOSE1:btm_ble_gap.cc(2052)]  Waiting for scan response 6c:37:b5:6b:a1:b8
09-01 14:25:19.119 V/bt_stack( 8588): [VERBOSE1:btm_ble_gap.cc(1923)] btm_ble_process_ext_adv_pkt: bda=6c:37:b5:6b:a1:b8
09-01 14:25:19.120 V/bt_stack( 8588): [VERBOSE1:btm_ble_gap.cc(1847)] btm_ble_process_adv_addr: bda=6c:37:b5:6b:a1:b8
09-01 14:25:19.120 I/appium  ( 4037): Find element command using 'id' with selector 'common_title_right_text'.
09-01 14:25:19.120 D/BluetoothUtils( 8588): blockedByLocationOff callingUid=1002
09-01 14:25:19.120 I/appium  ( 4037): Waiting up to 10000ms for device to be idle
09-01 14:25:19.121 I/BluetoothUtils( 8588): packagename is android.uid.bluetooth:1002 ,and its permission is false
09-01 14:25:19.121 D/BluetoothUtils( 8588): blockedByLocationOff callingUid=1002
09-01 14:25:19.121 I/BluetoothUtils( 8588): packagename is android.uid.bluetooth:1002 ,and its permission is false
09-01 14:25:19.122 D/BluetoothUtils( 8588): blockedByLocationOff callingUid=1002
09-01 14:25:19.122 I/BluetoothUtils( 8588): packagename is android.uid.bluetooth:1002 ,and its permission is false
09-01 14:25:19.124 V/bt_stack( 8588): [VERBOSE1:btm_ble_gap.cc(1923)] btm_ble_process_ext_adv_pkt: bda=77:70:e9:20:dc:cd
09-01 14:25:19.124 V/bt_stack( 8588): [VERBOSE1:btm_ble_gap.cc(1847)] btm_ble_process_adv_addr: bda=77:70:e9:20:dc:cd
09-01 14:25:19.125 D/BluetoothUtils( 8588): blockedByLocationOff callingUid=1002
09-01 14:25:19.125 V/bt_stack( 8588): [VERBOSE1:btm_ble_gap.cc(1923)] btm_ble_process_ext_adv_pkt: bda=07:88:7e:66:14:b3
09-01 14:25:19.125 V/bt_stack( 8588): [VERBOSE1:btm_ble_gap.cc(1847)] btm_ble_process_adv_addr: bda=07:88:7e:66:14:b3
09-01 14:25:19.126 I/BluetoothUtils( 8588): packagename is android.uid.bluetooth:1002 ,and its permission is false
09-01 14:25:19.126 D/BluetoothUtils( 8588): blockedByLocationOff callingUid=1002
09-01 14:25:19.126 I/BluetoothUtils( 8588): packagename is android.uid.bluetooth:1002 ,and its permission is false
09-01 14:25:19.126 D/BluetoothUtils( 8588): blockedByLocationOff callingUid=1002
09-01 14:25:19.126 I/BluetoothUtils( 8588): packagename is android.uid.bluetooth:1002 ,and its permission is false
09-01 14:25:19.127 D/BluetoothUtils( 8588): blockedByLocationOff callingUid=1002
09-01 14:25:19.127 I/BluetoothUtils( 8588): packagename is android.uid.bluetooth:1002 ,and its permission is false
09-01 14:25:19.127 D/BluetoothUtils( 8588): blockedByLocationOff callingUid=1002
09-01 14:25:19.127 I/BluetoothUtils( 8588): packagename is android.uid.bluetooth:1002 ,and its permission is false
09-01 14:25:19.127 D/BluetoothUtils( 8588): blockedByLocationOff callingUid=1002
09-01 14:25:19.128 I/BluetoothUtils( 8588): packagename is android.uid.bluetooth:1002 ,and its permission is false
09-01 14:25:19.130 I/appium  ( 4037): AppiumResponse: {"sessionId":"f0ce778c-9a08-42fe-b827-2bc440618298","value":{"ELEMENT":"d9f140f5-477e-47f6-a0eb-8f800e52c302","element-6066-11e4-a52e-4f735466cecf":"d9f140f5-477e-47f6-a0eb-8f800e52c302"}}
09-01 14:25:19.134 V/bt_stack( 8588): [VERBOSE1:btm_ble_gap.cc(1923)] btm_ble_process_ext_adv_pkt: bda=0c:1a:06:0e:96:57
09-01 14:25:19.134 V/bt_stack( 8588): [VERBOSE1:btm_ble_gap.cc(1847)] btm_ble_process_adv_addr: bda=0c:1a:06:0e:96:57
09-01 14:25:19.135 D/BluetoothUtils( 8588): blockedByLocationOff callingUid=1002
09-01 14:25:19.135 I/BluetoothUtils( 8588): packagename is android.uid.bluetooth:1002 ,and its permission is false
09-01 14:25:19.135 V/bt_stack( 8588): [VERBOSE1:btm_ble_gap.cc(1923)] btm_ble_process_ext_adv_pkt: bda=c3:b2:c9:2f:be:ec
09-01 14:25:19.135 V/bt_stack( 8588): [VERBOSE1:btm_ble_gap.cc(1847)] btm_ble_process_adv_addr: bda=c3:b2:c9:2f:be:ec
09-01 14:25:19.135 V/bt_stack( 8588): [VERBOSE1:btm_ble_gap.cc(2052)]  Waiting for scan response c3:b2:c9:2f:be:ec
09-01 14:25:19.135 D/BluetoothUtils( 8588): blockedByLocationOff callingUid=1002
09-01 14:25:19.135 V/bt_stack( 8588): [VERBOSE1:btm_ble_gap.cc(1923)] btm_ble_process_ext_adv_pkt: bda=33:55:74:83:d5:3a
09-01 14:25:19.136 V/bt_stack( 8588): [VERBOSE1:btm_ble_gap.cc(1847)] btm_ble_process_adv_addr: bda=33:55:74:83:d5:3a
09-01 14:25:19.136 I/BluetoothUtils( 8588): packagename is android.uid.bluetooth:1002 ,and its permission is false
09-01 14:25:19.136 D/BluetoothUtils( 8588): blockedByLocationOff callingUid=1002
09-01 14:25:19.136 I/BluetoothUtils( 8588): packagename is android.uid.bluetooth:1002 ,and its permission is false
09-01 14:25:19.137 D/BluetoothUtils( 8588): blockedByLocationOff callingUid=1002
09-01 14:25:19.137 I/BluetoothUtils( 8588): packagename is android.uid.bluetooth:1002 ,and its permission is false
09-01 14:25:19.137 D/BluetoothUtils( 8588): blockedByLocationOff callingUid=1002
09-01 14:25:19.137 I/BluetoothUtils( 8588): packagename is android.uid.bluetooth:1002 ,and its permission is false
09-01 14:25:19.137 D/BluetoothUtils( 8588): blockedByLocationOff callingUid=1002
09-01 14:25:19.138 I/BluetoothUtils( 8588): packagename is android.uid.bluetooth:1002 ,and its permission is false
09-01 14:25:19.147 I/appium  ( 4037): channel read invoked!
09-01 14:25:19.140 W/memtrack@1.0-se(  787): type=1400 audit(0.0:63572): avc: denied { search } for name="kgsl" dev="sysfs" ino=55624 scontext=u:r:hal_memtrack_default:s0 tcontext=u:object_r:sysfs_kgsl:s0 tclass=dir permissive=0
09-01 14:25:19.147 I/appium  ( 4037): channel read: POST /wd/hub/session/f0ce778c-9a08-42fe-b827-2bc440618298/element/d9f140f5-477e-47f6-a0eb-8f800e52c302/click
09-01 14:25:19.140 W/memtrack@1.0-se(  787): type=1400 audit(0.0:63573): avc: denied { search } for name="kgsl" dev="sysfs" ino=55624 scontext=u:r:hal_memtrack_default:s0 tcontext=u:object_r:sysfs_kgsl:s0 tclass=dir permissive=0
09-01 14:25:19.148 I/appium  ( 4037): Click element command
09-01 14:25:19.150 V/bt_stack( 8588): [VERBOSE1:btm_ble_gap.cc(1923)] btm_ble_process_ext_adv_pkt: bda=d0:24:10:d7:5b:bc
09-01 14:25:19.150 V/bt_stack( 8588): [VERBOSE1:btm_ble_gap.cc(1847)] btm_ble_process_adv_addr: bda=d0:24:10:d7:5b:bc
09-01 14:25:19.150 V/bt_stack( 8588): [VERBOSE1:btm_ble_gap.cc(2052)]  Waiting for scan response d0:24:10:d7:5b:bc
09-01 14:25:19.151 V/bt_stack( 8588): [VERBOSE1:btm_ble_gap.cc(1923)] btm_ble_process_ext_adv_pkt: bda=71:d8:ac:89:39:0d
09-01 14:25:19.151 V/bt_stack( 8588): [VERBOSE1:btm_ble_gap.cc(1847)] btm_ble_process_adv_addr: bda=71:d8:ac:89:39:0d
09-01 14:25:19.151 V/bt_stack( 8588): [VERBOSE1:btm_ble_gap.cc(2052)]  Waiting for scan response 71:d8:ac:89:39:0d
09-01 14:25:19.151 V/bt_stack( 8588): [VERBOSE1:btm_ble_gap.cc(1923)] btm_ble_process_ext_adv_pkt: bda=71:d8:ac:89:39:0d
09-01 14:25:19.151 V/bt_stack( 8588): [VERBOSE1:btm_ble_gap.cc(1847)] btm_ble_process_adv_addr: bda=71:d8:ac:89:39:0d
09-01 14:25:19.152 D/BluetoothUtils( 8588): blockedByLocationOff callingUid=1002
09-01 14:25:19.152 I/BluetoothUtils( 8588): packagename is android.uid.bluetooth:1002 ,and its permission is false
09-01 14:25:19.152 D/BluetoothUtils( 8588): blockedByLocationOff callingUid=1002
09-01 14:25:19.153 I/BluetoothUtils( 8588): packagename is android.uid.bluetooth:1002 ,and its permission is false
09-01 14:25:19.153 D/BluetoothUtils( 8588): blockedByLocationOff callingUid=1002
09-01 14:25:19.153 I/BluetoothUtils( 8588): packagename is android.uid.bluetooth:1002 ,and its permission is false
09-01 14:25:19.153 V/bt_stack( 8588): [VERBOSE1:btm_ble_gap.cc(1923)] btm_ble_process_ext_adv_pkt: bda=10:42:5e:92:d4:eb
09-01 14:25:19.153 V/bt_stack( 8588): [VERBOSE1:btm_ble_gap.cc(1847)] btm_ble_process_adv_addr: bda=10:42:5e:92:d4:eb
09-01 14:25:19.154 D/BluetoothUtils( 8588): blockedByLocationOff callingUid=1002
09-01 14:25:19.154 I/BluetoothUtils( 8588): packagename is android.uid.bluetooth:1002 ,and its permission is false
09-01 14:25:19.154 D/BluetoothUtils( 8588): blockedByLocationOff callingUid=1002
09-01 14:25:19.155 I/BluetoothUtils( 8588): packagename is android.uid.bluetooth:1002 ,and its permission is false
09-01 14:25:19.155 D/BluetoothUtils( 8588): blockedByLocationOff callingUid=1002
09-01 14:25:19.155 I/BluetoothUtils( 8588): packagename is android.uid.bluetooth:1002 ,and its permission is false
09-01 14:25:19.166 V/bt_stack( 8588): [VERBOSE1:btm_ble_gap.cc(1923)] btm_ble_process_ext_adv_pkt: bda=4d:fc:af:c2:b2:22
09-01 14:25:19.166 V/bt_stack( 8588): [VERBOSE1:btm_ble_gap.cc(1847)] btm_ble_process_adv_addr: bda=4d:fc:af:c2:b2:22
09-01 14:25:19.166 V/bt_stack( 8588): [VERBOSE1:btm_ble_gap.cc(2052)]  Waiting for scan response 4d:fc:af:c2:b2:22
09-01 14:25:19.166 V/bt_stack( 8588): [VERBOSE1:btm_ble_gap.cc(1923)] btm_ble_process_ext_adv_pkt: bda=53:56:a8:ef:e5:80
09-01 14:25:19.166 V/bt_stack( 8588): [VERBOSE1:btm_ble_gap.cc(1847)] btm_ble_process_adv_addr: bda=53:56:a8:ef:e5:80
09-01 14:25:19.166 V/bt_stack( 8588): [VERBOSE1:btm_ble_gap.cc(2052)]  Waiting for scan response 53:56:a8:ef:e5:80
09-01 14:25:19.166 V/bt_stack( 8588): [VERBOSE1:btm_ble_gap.cc(1923)] btm_ble_process_ext_adv_pkt: bda=53:56:a8:ef:e5:80
09-01 14:25:19.166 V/bt_stack( 8588): [VERBOSE1:btm_ble_gap.cc(1847)] btm_ble_process_adv_addr: bda=53:56:a8:ef:e5:80
09-01 14:25:19.168 D/BluetoothUtils( 8588): blockedByLocationOff callingUid=1002
09-01 14:25:19.169 I/BluetoothUtils( 8588): packagename is android.uid.bluetooth:1002 ,and its permission is false
09-01 14:25:19.169 D/BluetoothUtils( 8588): blockedByLocationOff callingUid=1002
09-01 14:25:19.169 I/BluetoothUtils( 8588): packagename is android.uid.bluetooth:1002 ,and its permission is false
09-01 14:25:19.169 D/BluetoothUtils( 8588): blockedByLocationOff callingUid=1002
09-01 14:25:19.170 I/BluetoothUtils( 8588): packagename is android.uid.bluetooth:1002 ,and its permission is false
09-01 14:25:19.174 I/Timeline( 4088): Timeline: Activity_launch_request time:211085191
09-01 14:25:19.175 I/SplashScreenServiceDelegate( 1639): None for com.xiaomi.hm.health
09-01 14:25:19.175 I/ActivityTaskManager( 1639): START u0 {cmp=com.xiaomi.hm.health/com.huami.training.ui.course.TrainingFilterListActivity (has extras)} from uid 10241
09-01 14:25:19.178 D/CompatibilityInfo( 1639): mCompatibilityFlags - 0
09-01 14:25:19.178 D/CompatibilityInfo( 1639): applicationDensity - 440
09-01 14:25:19.178 D/CompatibilityInfo( 1639): applicationScale - 1.0
09-01 14:25:19.179 D/ActivityTrigger( 1639): ActivityTrigger activityPauseTrigger 
09-01 14:25:19.183 V/bt_stack( 8588): [VERBOSE1:btm_ble_gap.cc(1923)] btm_ble_process_ext_adv_pkt: bda=59:bb:67:f0:94:3c
09-01 14:25:19.183 V/bt_stack( 8588): [VERBOSE1:btm_ble_gap.cc(1847)] btm_ble_process_adv_addr: bda=59:bb:67:f0:94:3c
09-01 14:25:19.184 I/appium  ( 4037): Waiting up to 10000ms for device to be idle
09-01 14:25:19.184 V/bt_stack( 8588): [VERBOSE1:btm_ble_gap.cc(1923)] btm_ble_process_ext_adv_pkt: bda=0a:29:89:b7:c8:4a
09-01 14:25:19.184 V/bt_stack( 8588): [VERBOSE1:btm_ble_gap.cc(1847)] btm_ble_process_adv_addr: bda=0a:29:89:b7:c8:4a
09-01 14:25:19.184 D/BluetoothUtils( 8588): blockedByLocationOff callingUid=1002
09-01 14:25:19.185 I/appium  ( 4037): AppiumResponse: {"sessionId":"f0ce778c-9a08-42fe-b827-2bc440618298","value":null}
09-01 14:25:19.186 I/BluetoothUtils( 8588): packagename is android.uid.bluetooth:1002 ,and its permission is false
09-01 14:25:19.186 D/BluetoothUtils( 8588): blockedByLocationOff callingUid=1002
09-01 14:25:19.186 I/BluetoothUtils( 8588): packagename is android.uid.bluetooth:1002 ,and its permission is false
09-01 14:25:19.186 D/BluetoothUtils( 8588): blockedByLocationOff callingUid=1002
09-01 14:25:19.187 I/BluetoothUtils( 8588): packagename is android.uid.bluetooth:1002 ,and its permission is false
09-01 14:25:19.188 D/BluetoothUtils( 8588): blockedByLocationOff callingUid=1002
09-01 14:25:19.188 I/ActivityTaskManager( 1639): The Process com.xiaomi.hm.health Already Exists in BG. So sending its PID: 4088
09-01 14:25:19.188 I/BluetoothUtils( 8588): packagename is android.uid.bluetooth:1002 ,and its permission is false
09-01 14:25:19.189 D/BluetoothUtils( 8588): blockedByLocationOff callingUid=1002
09-01 14:25:19.189 I/BluetoothUtils( 8588): packagename is android.uid.bluetooth:1002 ,and its permission is false
09-01 14:25:19.189 D/BluetoothUtils( 8588): blockedByLocationOff callingUid=1002
09-01 14:25:19.189 I/BluetoothUtils( 8588): packagename is android.uid.bluetooth:1002 ,and its permission is false
09-01 14:25:19.189 D/CompatibilityInfo( 1639): mCompatibilityFlags - 0
09-01 14:25:19.189 D/CompatibilityInfo( 1639): applicationDensity - 440
09-01 14:25:19.189 D/CompatibilityInfo( 1639): applicationScale - 1.0
09-01 14:25:19.190 D/WindowManager( 1639): Input focus has changed to null
09-01 14:25:19.191 I/Timeline( 1639): Timeline: App_transition_ready time:211085208
09-01 14:25:19.191 W/ActivityThread( 4088): handleWindowVisibility: no activity for token android.os.BinderProxy@c9859d
09-01 14:25:19.200 D/ViewContentFactory( 4088): initViewContentFetcherClass
09-01 14:25:19.200 I/ContentCatcher( 4088): ViewContentFetcher : ViewContentFetcher
09-01 14:25:19.200 D/ViewContentFactory( 4088): createInterceptor took 0ms
09-01 14:25:19.212 I/appium  ( 4037): channel read invoked!
09-01 14:25:19.212 I/appium  ( 4037): channel read: POST /wd/hub/session/f0ce778c-9a08-42fe-b827-2bc440618298/element
09-01 14:25:19.213 I/appium  ( 4037): Find element command using 'xpath' with selector '/hierarchy/android.widget.FrameLayout/android.widget.LinearLayout/android.widget.FrameLayout/android.widget.LinearLayout/android.widget.FrameLayout/android.widget.FrameLayout/android.widget.RelativeLayout/android.view.ViewGroup/android.widget.FrameLayout/android.widget.FrameLayout/android.widget.FrameLayout/android.widget.LinearLayout[2]/android.widget.TextView[1]'.
09-01 14:25:19.214 I/appium  ( 4037): Waiting up to 10000ms for device to be idle
09-01 14:25:19.217 V/bt_stack( 8588): [VERBOSE1:btm_ble_gap.cc(1923)] btm_ble_process_ext_adv_pkt: bda=36:c9:49:a0:b6:9d
09-01 14:25:19.217 V/bt_stack( 8588): [VERBOSE1:btm_ble_gap.cc(1847)] btm_ble_process_adv_addr: bda=36:c9:49:a0:b6:9d
09-01 14:25:19.218 D/[Koin]  ( 4088): +- get 'com.huami.training.ui.course.O0000O0o'
09-01 14:25:19.218 D/[Koin]  ( 4088): | create instance for [type:Factory,primary_type:'com.huami.training.ui.course.O0000O0o']
09-01 14:25:19.218 D/[Koin]  ( 4088): +- got 'com.huami.training.ui.course.O0000O0o' in 0.041823 ms
09-01 14:25:19.218 D/BluetoothUtils( 8588): blockedByLocationOff callingUid=1002
09-01 14:25:19.218 I/BluetoothUtils( 8588): packagename is android.uid.bluetooth:1002 ,and its permission is false
09-01 14:25:19.219 D/BluetoothUtils( 8588): blockedByLocationOff callingUid=1002
09-01 14:25:19.219 I/BluetoothUtils( 8588): packagename is android.uid.bluetooth:1002 ,and its permission is false
09-01 14:25:19.219 D/BluetoothUtils( 8588): blockedByLocationOff callingUid=1002
09-01 14:25:19.219 I/BluetoothUtils( 8588): packagename is android.uid.bluetooth:1002 ,and its permission is false
09-01 14:25:19.220 D/[Koin]  ( 4088): !- ViewModelProvider getting instance
09-01 14:25:19.220 D/[Koin]  ( 4088): +- get 'com.huami.training.ui.course.O0000o0'
09-01 14:25:19.220 D/[Koin]  ( 4088): | create instance for [type:Factory,primary_type:'com.huami.training.ui.course.O0000o0']
09-01 14:25:19.220 D/[Koin]  ( 4088): +- get 'com.huami.training.O0000o0.O000o000'
09-01 14:25:19.220 D/[Koin]  ( 4088): | create instance for [type:Factory,primary_type:'com.huami.training.O0000o0.O000o000']
09-01 14:25:19.220 D/[Koin]  ( 4088): +- get 'com.huami.training.O0000Oo.O000000o'
09-01 14:25:19.220 D/[Koin]  ( 4088): +- got 'com.huami.training.O0000Oo.O000000o' in 0.003907 ms
09-01 14:25:19.220 D/[Koin]  ( 4088): +- get 'com.huami.training.db.TrainingDb'
09-01 14:25:19.220 D/[Koin]  ( 4088): +- got 'com.huami.training.db.TrainingDb' in 0.001354 ms
09-01 14:25:19.220 D/[Koin]  ( 4088): +- get 'com.huami.training.O000000o.O000OO0o'
09-01 14:25:19.220 D/[Koin]  ( 4088): +- got 'com.huami.training.O000000o.O000OO0o' in 0.002552 ms
09-01 14:25:19.220 D/[Koin]  ( 4088): +- get 'com.huami.training.O0000OOo.O000OO0o'
09-01 14:25:19.220 D/[Koin]  ( 4088): +- got 'com.huami.training.O0000OOo.O000OO0o' in 0.001979 ms
09-01 14:25:19.220 D/[Koin]  ( 4088): +- get 'com.huami.training.O0000o00.O00000o0'
09-01 14:25:19.220 D/[Koin]  ( 4088): +- got 'com.huami.training.O0000o00.O00000o0' in 0.001927 ms
09-01 14:25:19.220 D/[Koin]  ( 4088): +- got 'com.huami.training.O0000o0.O000o000' in 0.226042 ms
09-01 14:25:19.220 D/[Koin]  ( 4088): +- get 'com.huami.training.O0000o0.O000000o'
09-01 14:25:19.220 D/[Koin]  ( 4088): | create instance for [type:Factory,primary_type:'com.huami.training.O0000o0.O000000o']
09-01 14:25:19.220 D/[Koin]  ( 4088): +- get 'com.huami.training.O0000OOo.O000000o'
09-01 14:25:19.220 D/[Koin]  ( 4088): +- got 'com.huami.training.O0000OOo.O000000o' in 0.00224 ms
09-01 14:25:19.220 D/[Koin]  ( 4088): +- get 'com.huami.training.O0000Oo.O000000o'
09-01 14:25:19.220 D/[Koin]  ( 4088): +- got 'com.huami.training.O0000Oo.O000000o' in 0.001094 ms
09-01 14:25:19.220 D/[Koin]  ( 4088): +- get 'com.huami.training.db.TrainingDb'
09-01 14:25:19.220 D/[Koin]  ( 4088): +- got 'com.huami.training.db.TrainingDb' in 0.001093 ms
09-01 14:25:19.220 D/[Koin]  ( 4088): +- get 'com.huami.training.O000000o.O000OO0o'
09-01 14:25:19.220 D/[Koin]  ( 4088): +- got 'com.huami.training.O000000o.O000OO0o' in 0.00151 ms
09-01 14:25:19.220 D/[Koin]  ( 4088): +- get 'com.huami.training.O0000o0O.O00000Oo'
09-01 14:25:19.220 D/[Koin]  ( 4088): +- got 'com.huami.training.O0000o0O.O00000Oo' in 0.001354 ms
09-01 14:25:19.220 D/[Koin]  ( 4088): +- got 'com.huami.training.O0000o0.O000000o' in 0.18125 ms
09-01 14:25:19.220 D/[Koin]  ( 4088): +- got 'com.huami.training.ui.course.O0000o0' in 0.706927 ms
09-01 14:25:19.220 D/[Koin]  ( 4088): !- ViewModelProvider got instance in 0.778177
09-01 14:25:19.221 D/BaseTitleActivity( 4088): setStyle BACK_AND_TITLE title 全部课程 darkMode true color -1
09-01 14:25:19.223 D/[Koin]  ( 4088): +- get 'com.huami.training.ui.course.O0000o0'
09-01 14:25:19.223 D/[Koin]  ( 4088): | create instance for [type:Factory,primary_type:'com.huami.training.ui.course.O0000o0']
09-01 14:25:19.223 D/[Koin]  ( 4088): +- get 'com.huami.training.O0000o0.O000o000'
09-01 14:25:19.223 D/[Koin]  ( 4088): | create instance for [type:Factory,primary_type:'com.huami.training.O0000o0.O000o000']
09-01 14:25:19.224 D/[Koin]  ( 4088): +- get 'com.huami.training.O0000Oo.O000000o'
09-01 14:25:19.224 D/[Koin]  ( 4088): +- got 'com.huami.training.O0000Oo.O000000o' in 0.004011 ms
09-01 14:25:19.224 D/[Koin]  ( 4088): +- get 'com.huami.training.db.TrainingDb'
09-01 14:25:19.224 D/[Koin]  ( 4088): +- got 'com.huami.training.db.TrainingDb' in 0.001406 ms
09-01 14:25:19.224 D/[Koin]  ( 4088): +- get 'com.huami.training.O000000o.O000OO0o'
09-01 14:25:19.224 D/[Koin]  ( 4088): +- got 'com.huami.training.O000000o.O000OO0o' in 0.002343 ms
09-01 14:25:19.224 D/[Koin]  ( 4088): +- get 'com.huami.training.O0000OOo.O000OO0o'
09-01 14:25:19.224 D/[Koin]  ( 4088): +- got 'com.huami.training.O0000OOo.O000OO0o' in 0.001354 ms
09-01 14:25:19.224 D/[Koin]  ( 4088): +- get 'com.huami.training.O0000o00.O00000o0'
09-01 14:25:19.224 D/[Koin]  ( 4088): +- got 'com.huami.training.O0000o00.O00000o0' in 0.002032 ms
09-01 14:25:19.224 D/[Koin]  ( 4088): +- got 'com.huami.training.O0000o0.O000o000' in 0.212135 ms
09-01 14:25:19.224 D/[Koin]  ( 4088): +- get 'com.huami.training.O0000o0.O000000o'
09-01 14:25:19.224 D/[Koin]  ( 4088): | create instance for [type:Factory,primary_type:'com.huami.training.O0000o0.O000000o']
09-01 14:25:19.224 D/[Koin]  ( 4088): +- get 'com.huami.training.O0000OOo.O000000o'
09-01 14:25:19.224 D/[Koin]  ( 4088): +- got 'com.huami.training.O0000OOo.O000000o' in 0.002344 ms
09-01 14:25:19.224 D/[Koin]  ( 4088): +- get 'com.huami.training.O0000Oo.O000000o'
09-01 14:25:19.224 D/[Koin]  ( 4088): +- got 'com.huami.training.O0000Oo.O000000o' in 0.001146 ms
09-01 14:25:19.224 D/[Koin]  ( 4088): +- get 'com.huami.training.db.TrainingDb'
09-01 14:25:19.224 D/[Koin]  ( 4088): +- got 'com.huami.training.db.TrainingDb' in 0.001354 ms
09-01 14:25:19.224 D/[Koin]  ( 4088): +- get 'com.huami.training.O000000o.O000OO0o'
09-01 14:25:19.224 D/[Koin]  ( 4088): +- got 'com.huami.training.O000000o.O000OO0o' in 0.001354 ms
09-01 14:25:19.224 D/[Koin]  ( 4088): +- get 'com.huami.training.O0000o0O.O00000Oo'
09-01 14:25:19.224 D/[Koin]  ( 4088): +- got 'com.huami.training.O0000o0O.O00000Oo' in 0.001823 ms
09-01 14:25:19.224 D/[Koin]  ( 4088): +- got 'com.huami.training.O0000o0.O000000o' in 0.219948 ms
09-01 14:25:19.224 D/[Koin]  ( 4088): +- got 'com.huami.training.ui.course.O0000o0' in 0.669166 ms
09-01 14:25:19.229 V/bt_stack( 8588): [VERBOSE1:btm_ble_gap.cc(1923)] btm_ble_process_ext_adv_pkt: bda=3c:22:fb:6a:ee:2c
09-01 14:25:19.229 V/bt_stack( 8588): [VERBOSE1:btm_ble_gap.cc(1847)] btm_ble_process_adv_addr: bda=3c:22:fb:6a:ee:2c
09-01 14:25:19.229 V/bt_stack( 8588): [VERBOSE1:btm_ble_gap.cc(2052)]  Waiting for scan response 3c:22:fb:6a:ee:2c
09-01 14:25:19.229 V/bt_stack( 8588): [VERBOSE1:btm_ble_gap.cc(1923)] btm_ble_process_ext_adv_pkt: bda=3c:22:fb:6a:ee:2c
09-01 14:25:19.229 V/bt_stack( 8588): [VERBOSE1:btm_ble_gap.cc(1847)] btm_ble_process_adv_addr: bda=3c:22:fb:6a:ee:2c
09-01 14:25:19.230 D/BluetoothUtils( 8588): blockedByLocationOff callingUid=1002
09-01 14:25:19.230 D/RecentsImpl( 7676): mActivityStateObserver com.huami.training.ui.course.TrainingFilterListActivity
09-01 14:25:19.230 I/BluetoothUtils( 8588): packagename is android.uid.bluetooth:1002 ,and its permission is false
09-01 14:25:19.230 D/BluetoothUtils( 8588): blockedByLocationOff callingUid=1002
09-01 14:25:19.230 I/BluetoothUtils( 8588): packagename is android.uid.bluetooth:1002 ,and its permission is false
09-01 14:25:19.231 D/BluetoothUtils( 8588): blockedByLocationOff callingUid=1002
09-01 14:25:19.231 I/BluetoothUtils( 8588): packagename is android.uid.bluetooth:1002 ,and its permission is false
09-01 14:25:19.235 D/[Koin]  ( 4088): +- get 'com.huami.training.ui.course.O0000o0'
09-01 14:25:19.235 D/[Koin]  ( 4088): | create instance for [type:Factory,primary_type:'com.huami.training.ui.course.O0000o0']
09-01 14:25:19.235 D/[Koin]  ( 4088): +- get 'com.huami.training.O0000o0.O000o000'
09-01 14:25:19.235 D/[Koin]  ( 4088): | create instance for [type:Factory,primary_type:'com.huami.training.O0000o0.O000o000']
09-01 14:25:19.235 D/[Koin]  ( 4088): +- get 'com.huami.training.O0000Oo.O000000o'
09-01 14:25:19.235 D/[Koin]  ( 4088): +- got 'com.huami.training.O0000Oo.O000000o' in 0.003281 ms
09-01 14:25:19.235 D/[Koin]  ( 4088): +- get 'com.huami.training.db.TrainingDb'
09-01 14:25:19.235 D/[Koin]  ( 4088): +- got 'com.huami.training.db.TrainingDb' in 0.001823 ms
09-01 14:25:19.235 D/[Koin]  ( 4088): +- get 'com.huami.training.O000000o.O000OO0o'
09-01 14:25:19.235 D/[Koin]  ( 4088): +- got 'com.huami.training.O000000o.O000OO0o' in 0.002552 ms
09-01 14:25:19.235 D/[Koin]  ( 4088): +- get 'com.huami.training.O0000OOo.O000OO0o'
09-01 14:25:19.235 D/[Koin]  ( 4088): +- got 'com.huami.training.O0000OOo.O000OO0o' in 0.001927 ms
09-01 14:25:19.235 D/[Koin]  ( 4088): +- get 'com.huami.training.O0000o00.O00000o0'
09-01 14:25:19.235 D/[Koin]  ( 4088): +- got 'com.huami.training.O0000o00.O00000o0' in 0.002136 ms
09-01 14:25:19.236 D/[Koin]  ( 4088): +- got 'com.huami.training.O0000o0.O000o000' in 0.193594 ms
09-01 14:25:19.236 D/[Koin]  ( 4088): +- get 'com.huami.training.O0000o0.O000000o'
09-01 14:25:19.236 D/[Koin]  ( 4088): | create instance for [type:Factory,primary_type:'com.huami.training.O0000o0.O000000o']
09-01 14:25:19.236 D/[Koin]  ( 4088): +- get 'com.huami.training.O0000OOo.O000000o'
09-01 14:25:19.236 D/[Koin]  ( 4088): +- got 'com.huami.training.O0000OOo.O000000o' in 0.002292 ms
09-01 14:25:19.236 D/[Koin]  ( 4088): +- get 'com.huami.training.O0000Oo.O000000o'
09-01 14:25:19.236 D/[Koin]  ( 4088): +- got 'com.huami.training.O0000Oo.O000000o' in 0.001354 ms
09-01 14:25:19.236 D/[Koin]  ( 4088): +- get 'com.huami.training.db.TrainingDb'
09-01 14:25:19.236 D/[Koin]  ( 4088): +- got 'com.huami.training.db.TrainingDb' in 0.001302 ms
09-01 14:25:19.236 D/[Koin]  ( 4088): +- get 'com.huami.training.O000000o.O000OO0o'
09-01 14:25:19.236 D/[Koin]  ( 4088): +- got 'com.huami.training.O000000o.O000OO0o' in 0.00125 ms
09-01 14:25:19.236 D/[Koin]  ( 4088): +- get 'com.huami.training.O0000o0O.O00000Oo'
09-01 14:25:19.236 D/[Koin]  ( 4088): +- got 'com.huami.training.O0000o0O.O00000Oo' in 9.9E-4 ms
09-01 14:25:19.236 D/[Koin]  ( 4088): +- got 'com.huami.training.O0000o0.O000000o' in 0.185833 ms
09-01 14:25:19.236 V/bt_stack( 8588): [VERBOSE1:btm_ble_gap.cc(1923)] btm_ble_process_ext_adv_pkt: bda=66:3e:07:e0:2b:d4
09-01 14:25:19.236 V/bt_stack( 8588): [VERBOSE1:btm_ble_gap.cc(1847)] btm_ble_process_adv_addr: bda=66:3e:07:e0:2b:d4
09-01 14:25:19.236 V/bt_stack( 8588): [VERBOSE1:btm_ble_gap.cc(2052)]  Waiting for scan response 66:3e:07:e0:2b:d4
09-01 14:25:19.236 D/[Koin]  ( 4088): +- got 'com.huami.training.ui.course.O0000o0' in 0.590521 ms
09-01 14:25:19.236 V/bt_stack( 8588): [VERBOSE1:btm_ble_gap.cc(1923)] btm_ble_process_ext_adv_pkt: bda=66:3e:07:e0:2b:d4
09-01 14:25:19.236 V/bt_stack( 8588): [VERBOSE1:btm_ble_gap.cc(1847)] btm_ble_process_adv_addr: bda=66:3e:07:e0:2b:d4
09-01 14:25:19.236 D/[Koin]  ( 4088): +- get 'com.huami.training.ui.course.O0000o0'
09-01 14:25:19.236 D/[Koin]  ( 4088): | create instance for [type:Factory,primary_type:'com.huami.training.ui.course.O0000o0']
09-01 14:25:19.236 D/[Koin]  ( 4088): +- get 'com.huami.training.O0000o0.O000o000'
09-01 14:25:19.236 D/[Koin]  ( 4088): | create instance for [type:Factory,primary_type:'com.huami.training.O0000o0.O000o000']
09-01 14:25:19.236 D/[Koin]  ( 4088): +- get 'com.huami.training.O0000Oo.O000000o'
09-01 14:25:19.236 D/[Koin]  ( 4088): +- got 'com.huami.training.O0000Oo.O000000o' in 0.001563 ms
09-01 14:25:19.236 D/[Koin]  ( 4088): +- get 'com.huami.training.db.TrainingDb'
09-01 14:25:19.236 D/[Koin]  ( 4088): +- got 'com.huami.training.db.TrainingDb' in 0.001094 ms
09-01 14:25:19.236 D/[Koin]  ( 4088): +- get 'com.huami.training.O000000o.O000OO0o'
09-01 14:25:19.236 D/[Koin]  ( 4088): +- got 'com.huami.training.O000000o.O000OO0o' in 0.001406 ms
09-01 14:25:19.236 D/[Koin]  ( 4088): +- get 'com.huami.training.O0000OOo.O000OO0o'
09-01 14:25:19.236 D/[Koin]  ( 4088): +- got 'com.huami.training.O0000OOo.O000OO0o' in 0.001198 ms
09-01 14:25:19.236 D/[Koin]  ( 4088): +- get 'com.huami.training.O0000o00.O00000o0'
09-01 14:25:19.236 D/[Koin]  ( 4088): +- got 'com.huami.training.O0000o00.O00000o0' in 0.001354 ms
09-01 14:25:19.236 D/[Koin]  ( 4088): +- got 'com.huami.training.O0000o0.O000o000' in 0.173073 ms
09-01 14:25:19.236 D/[Koin]  ( 4088): +- get 'com.huami.training.O0000o0.O000000o'
09-01 14:25:19.236 D/[Koin]  ( 4088): | create instance for [type:Factory,primary_type:'com.huami.training.O0000o0.O000000o']
09-01 14:25:19.236 D/BluetoothUtils( 8588): blockedByLocationOff callingUid=1002
09-01 14:25:19.236 D/[Koin]  ( 4088): +- get 'com.huami.training.O0000OOo.O000000o'
09-01 14:25:19.236 D/[Koin]  ( 4088): +- got 'com.huami.training.O0000OOo.O000000o' in 0.00177 ms
09-01 14:25:19.236 D/[Koin]  ( 4088): +- get 'com.huami.training.O0000Oo.O000000o'
09-01 14:25:19.236 D/[Koin]  ( 4088): +- got 'com.huami.training.O0000Oo.O000000o' in 0.001355 ms
09-01 14:25:19.236 D/[Koin]  ( 4088): +- get 'com.huami.training.db.TrainingDb'
09-01 14:25:19.236 D/[Koin]  ( 4088): +- got 'com.huami.training.db.TrainingDb' in 0.001041 ms
09-01 14:25:19.236 D/[Koin]  ( 4088): +- get 'com.huami.training.O000000o.O000OO0o'
09-01 14:25:19.236 D/[Koin]  ( 4088): +- got 'com.huami.training.O000000o.O000OO0o' in 0.00125 ms
09-01 14:25:19.236 D/[Koin]  ( 4088): +- get 'com.huami.training.O0000o0O.O00000Oo'
09-01 14:25:19.236 D/[Koin]  ( 4088): +- got 'com.huami.training.O0000o0O.O00000Oo' in 0.001407 ms
09-01 14:25:19.236 D/[Koin]  ( 4088): +- got 'com.huami.training.O0000o0.O000000o' in 0.170468 ms
09-01 14:25:19.236 D/[Koin]  ( 4088): +- got 'com.huami.training.ui.course.O0000o0' in 0.502031 ms
09-01 14:25:19.237 I/BluetoothUtils( 8588): packagename is android.uid.bluetooth:1002 ,and its permission is false
09-01 14:25:19.237 D/BluetoothUtils( 8588): blockedByLocationOff callingUid=1002
09-01 14:25:19.237 D/[Koin]  ( 4088): +- get 'com.huami.training.ui.course.O0000o0'
09-01 14:25:19.237 D/[Koin]  ( 4088): | create instance for [type:Factory,primary_type:'com.huami.training.ui.course.O0000o0']
09-01 14:25:19.237 D/[Koin]  ( 4088): +- get 'com.huami.training.O0000o0.O000o000'
09-01 14:25:19.237 D/[Koin]  ( 4088): | create instance for [type:Factory,primary_type:'com.huami.training.O0000o0.O000o000']
09-01 14:25:19.237 D/[Koin]  ( 4088): +- get 'com.huami.training.O0000Oo.O000000o'
09-01 14:25:19.237 D/[Koin]  ( 4088): +- got 'com.huami.training.O0000Oo.O000000o' in 0.001719 ms
