--------- beginning of main
09-01 14:25:12.481 I/vendor.qti.bluetooth@1.0-ibs_handler(19843): DeviceSleep: TX Awake, Sending SLEEP_IND
09-01 14:25:12.481 D/vendor.qti.bluetooth@1.0-ibs_handler(19843): SerialClockVote: vote for UART CLK OFF
09-01 14:25:12.642 D/vendor.qti.bluetooth@1.0-wake_lock(19843): Release wakelock is released 
09-01 14:25:12.650 D/[Koin]  ( 4088): +- get 'com.huami.training.O0000OOo.O000OO0o'
09-01 14:25:12.651 D/[Koin]  ( 4088): +- got 'com.huami.training.O0000OOo.O000OO0o' in 0.02349 ms
09-01 14:25:12.651 I/appium  ( 4037): Waiting up to 10000ms for device to be idle
09-01 14:25:12.652 I/appium  ( 4037): AppiumResponse: {"sessionId":"f0ce778c-9a08-42fe-b827-2bc440618298","value":null}
09-01 14:25:12.675 I/appium  ( 4037): channel read invoked!
09-01 14:25:12.675 I/appium  ( 4037): channel read: POST /wd/hub/session/f0ce778c-9a08-42fe-b827-2bc440618298/element
09-01 14:25:12.677 I/appium  ( 4037): Find element command using 'id' with selector 'item_exit'.
09-01 14:25:12.677 I/appium  ( 4037): Waiting up to 10000ms for device to be idle
--------- beginning of system
09-01 14:25:12.680 D/WindowManager( 1639): Input focus has changed to Window{b4dc6fb u0 com.xiaomi.hm.health/com.huami.training.ui.detail.FeaturedCourseDetailActivity}
09-01 14:25:12.715 I/appium  ( 4037): AppiumResponse: {"sessionId":"f0ce778c-9a08-42fe-b827-2bc440618298","value":{"ELEMENT":"21944302-dfe3-4820-af0e-bf9268344bb0","element-6066-11e4-a52e-4f735466cecf":"21944302-dfe3-4820-af0e-bf9268344bb0"}}
09-01 14:25:12.723 D/StatusBar(29730): disable<e i a s b h r c s > disable2<q i n g r >
09-01 14:25:12.726 D/PhoneStatusBar/NavigationBarView(29730): setDisabledFlags back:false home:false recent:false
09-01 14:25:12.726 D/StatusBarClock(29730):  isNormalMode= true clock visible=true
09-01 14:25:12.739 I/appium  ( 4037): channel read invoked!
09-01 14:25:12.739 I/appium  ( 4037): channel read: POST /wd/hub/session/f0ce778c-9a08-42fe-b827-2bc440618298/element/21944302-dfe3-4820-af0e-bf9268344bb0/click
09-01 14:25:12.740 I/appium  ( 4037): Click element command
09-01 14:25:12.741 D/PhoneStatusBar/NavigationBarView(29730): onDraw
09-01 14:25:12.742 D/PerfShielderService( 1639): com.android.systemui|StatusBar|237|211074907311407|138|0|3
09-01 14:25:12.743 W/MiuiPerfServiceClient( 4664): interceptAndQueuing:29730|com.android.systemui|237|138|unknown|null|StatusBar|211074907311407|Slow main thread|3
09-01 14:25:13.359 D/WindowManager( 1639): Input focus has changed to Window{bf1eb65 u0 com.xiaomi.hm.health/com.huami.training.ui.detail.FeaturedCourseDetailActivity}
09-01 14:25:13.360 W/AsyncHttpResponse( 4088): Current thread has not called Looper.prepare().Forcing synchronous mode
09-01 14:25:13.366 I/appium  ( 4037): Waiting up to 10000ms for device to be idle
09-01 14:25:13.385 D/StatusBar(29730): disable<e i a s b h r c s > disable2<q i n g r >
09-01 14:25:13.386 D/PhoneStatusBar/NavigationBarView(29730): setDisabledFlags back:false home:false recent:false
09-01 14:25:13.386 D/StatusBarClock(29730):  isNormalMode= true clock visible=true
09-01 14:25:13.395 D/PhoneStatusBar/NavigationBarView(29730): onDraw
09-01 14:25:13.399 D/PerfShielderService( 1639): com.android.systemui|NavigationBar|218|211074888488178|123|3|2
09-01 14:25:13.400 W/MiuiPerfServiceClient( 4664): interceptAndQueuing:29730|com.android.systemui|218|123|unknown|null|NavigationBar|211074888488178|Slow handle traversal|2
09-01 14:25:13.432 V/AsyncHttpResponse( 4088): Progress 2 from 2 (100%)
09-01 14:25:13.438 D/WindowManager( 1639): Input focus has changed to Window{1d0e070 u0 com.xiaomi.hm.health/com.huami.training.ui.detail.FeaturedCourseDetailActivity}
09-01 14:25:13.446 E/InputDispatcher( 1639): Window handle Window{bf1eb65 u0 com.xiaomi.hm.health/com.huami.training.ui.detail.FeaturedCourseDetailActivity} has no registered input channel
09-01 14:25:13.454 W/AsyncHttpResponse( 4088): Current thread has not called Looper.prepare().Forcing synchronous mode
09-01 14:25:13.457 D/EgretLoader( 4088): EgretLoader(Context context)
09-01 14:25:13.458 D/EgretLoader( 4088): The context is not activity
09-01 14:25:13.498 V/AsyncHttpResponse( 4088): Progress 12 from 12 (100%)
09-01 14:25:13.503 D/[Koin]  ( 4088): +- get 'com.huami.training.ui.O00000oO.O000O0OO'
09-01 14:25:13.503 D/[Koin]  ( 4088): | create instance for [type:Factory,primary_type:'com.huami.training.ui.O00000oO.O000O0OO']
09-01 14:25:13.503 D/[Koin]  ( 4088): +- get 'com.huami.training.O0000o0.O000OOo0'
09-01 14:25:13.503 D/[Koin]  ( 4088): | create instance for [type:Factory,primary_type:'com.huami.training.O0000o0.O000OOo0']
09-01 14:25:13.503 D/[Koin]  ( 4088): +- get 'com.huami.training.db.TrainingDb'
09-01 14:25:13.503 D/[Koin]  ( 4088): +- got 'com.huami.training.db.TrainingDb' in 0.006771 ms
09-01 14:25:13.503 D/[Koin]  ( 4088): +- get 'com.huami.training.O0000OOo.O000OO0o'
09-01 14:25:13.503 D/[Koin]  ( 4088): +- got 'com.huami.training.O0000OOo.O000OO0o' in 0.006302 ms
09-01 14:25:13.503 D/[Koin]  ( 4088): +- got 'com.huami.training.O0000o0.O000OOo0' in 0.197032 ms
09-01 14:25:13.503 D/[Koin]  ( 4088): +- got 'com.huami.training.ui.O00000oO.O000O0OO' in 0.36849 ms
09-01 14:25:13.508 D/[Koin]  ( 4088): +- get 'com.huami.training.ui.O00000oO.O000O00o'
09-01 14:25:13.508 D/[Koin]  ( 4088): | create instance for [type:Factory,primary_type:'com.huami.training.ui.O00000oO.O000O00o']
09-01 14:25:13.508 D/[Koin]  ( 4088): +- got 'com.huami.training.ui.O00000oO.O000O00o' in 0.047865 ms
09-01 14:25:13.509 D/[Koin]  ( 4088): +- get 'com.huami.training.O0000Oo.O000000o'
09-01 14:25:13.509 D/[Koin]  ( 4088): +- got 'com.huami.training.O0000Oo.O000000o' in 0.005782 ms
09-01 14:25:14.050 I/appium  ( 4037): AppiumResponse: {"sessionId":"f0ce778c-9a08-42fe-b827-2bc440618298","value":null}
09-01 14:25:14.076 I/appium  ( 4037): channel read invoked!
09-01 14:25:14.077 I/appium  ( 4037): channel read: POST /wd/hub/session/f0ce778c-9a08-42fe-b827-2bc440618298/element
09-01 14:25:14.079 I/appium  ( 4037): Find element command using 'id' with selector 'bottom_layout'.
09-01 14:25:14.080 I/appium  ( 4037): Waiting up to 10000ms for device to be idle
09-01 14:25:14.118 I/appium  ( 4037): AppiumResponse: {"sessionId":"f0ce778c-9a08-42fe-b827-2bc440618298","value":{"ELEMENT":"9540959e-bf38-46f5-91d2-ccc644c7aef6","element-6066-11e4-a52e-4f735466cecf":"9540959e-bf38-46f5-91d2-ccc644c7aef6"}}
09-01 14:25:14.145 I/appium  ( 4037): channel read invoked!
09-01 14:25:14.145 I/appium  ( 4037): channel read: GET /wd/hub/session/f0ce778c-9a08-42fe-b827-2bc440618298/element/9540959e-bf38-46f5-91d2-ccc644c7aef6/attribute/text
09-01 14:25:14.146 I/appium  ( 4037): get attribute of element command
09-01 14:25:14.382 I/MiuiNetworkPolicy( 1639): bandwidth: 4 KB/s, Max bandwidth: 3727 KB/s
09-01 14:25:14.606 I/appium  ( 4037): AppiumResponse: {"sessionId":"f0ce778c-9a08-42fe-b827-2bc440618298","value":"学习课程"}
09-01 14:25:14.626 I/appium  ( 4037): channel read invoked!
09-01 14:25:14.626 I/appium  ( 4037): channel read: GET /wd/hub/session/f0ce778c-9a08-42fe-b827-2bc440618298/screenshot
09-01 14:25:14.627 I/appium  ( 4037): Capture screenshot command
09-01 14:25:14.782 I/hwservicemanager(  573): getTransport: Cannot find entry android.hardware.graphics.mapper@3.0::IMapper/default in either framework or device manifest.
09-01 14:25:14.783 W/Gralloc3( 4789): mapper 3.x is not supported
09-01 14:25:14.790 W/screencap( 4789): type=1400 audit(0.0:63569): avc: denied { search } for name="kgsl" dev="sysfs" ino=55624 scontext=u:r:shell:s0 tcontext=u:object_r:sysfs_kgsl:s0 tclass=dir permissive=0
09-01 14:25:14.795 W/AdrenoUtils( 4789): <ReadGpuID_from_sysfs:194>: Failed to open /sys/class/kgsl/kgsl-3d0/gpu_model
09-01 14:25:14.795 W/AdrenoUtils( 4789): <ReadGpuID:218>: Failed to read chip ID from gpu_model. Fallback to use the GSL path
09-01 14:25:15.260 I/appium  ( 4037): AppiumResponse: {"sessionId":"f0ce778c-9a08-42fe-b827-2bc440618298","value":"iVBORw0KGgoAAAANSUhEUgAABDgAAAkkCAYAAAD508+vAAAAAXNSR0IArs4c6QAAAARzQklUCAgI\nCHwIZIgAACAASURBVHic7L1nsCXHdSb4ncy6977XvtFw9AYEQBKGICl6gUYEjSRShuQQpKSRVuKu\nNJJWGu2uZhQbCmlipIjd0Gh3FTsxEjXSkDLLEb13AkUjEiRBAqCDFwGQ8KYBtO9+997KzLM\/0lRm\nV...
09-01 14:25:15.430 I/appium  ( 4037): channel read invoked!
09-01 14:25:15.430 I/appium  ( 4037): channel read: POST /wd/hub/session/f0ce778c-9a08-42fe-b827-2bc440618298/element
09-01 14:25:15.431 I/appium  ( 4037): Find element command using 'id' with selector 'com.xiaomi.hm.health:id/back'.
09-01 14:25:15.431 I/appium  ( 4037): Waiting up to 10000ms for device to be idle
09-01 14:25:15.478 I/appium  ( 4037): AppiumResponse: {"sessionId":"f0ce778c-9a08-42fe-b827-2bc440618298","value":{"ELEMENT":"f05a492a-7c40-4855-8743-616ec277116b","element-6066-11e4-a52e-4f735466cecf":"f05a492a-7c40-4855-8743-616ec277116b"}}
09-01 14:25:15.493 I/appium  ( 4037): channel read invoked!
09-01 14:25:15.494 I/appium  ( 4037): channel read: POST /wd/hub/session/f0ce778c-9a08-42fe-b827-2bc440618298/element/f05a492a-7c40-4855-8743-616ec277116b/click
09-01 14:25:15.495 I/appium  ( 4037): Click element command
09-01 14:25:15.528 D/ActivityTrigger( 1639): ActivityTrigger activityPauseTrigger 
09-01 14:25:15.539 D/WindowManager( 1639): Input focus has changed to null
09-01 14:25:15.539 I/appium  ( 4037): Waiting up to 10000ms for device to be idle
09-01 14:25:15.540 I/appium  ( 4037): AppiumResponse: {"sessionId":"f0ce778c-9a08-42fe-b827-2bc440618298","value":null}
09-01 14:25:15.544 I/Timeline( 1639): Timeline: App_transition_ready time:211081561
09-01 14:25:15.550 D/RecentsImpl( 7676): mActivityStateObserver com.huami.training.ui.joined.JoinedCourseListActivity
09-01 14:25:15.553 W/AsyncHttpResponse( 4088): Current thread has not called Looper.prepare().Forcing synchronous mode
09-01 14:25:15.554 I/Timeline( 1639): Timeline: App_transition_ready time:211081571
09-01 14:25:15.554 D/WindowManager( 1639): Input focus has changed to Window{2994863 u0 com.xiaomi.hm.health/com.huami.training.ui.joined.JoinedCourseListActivity}
09-01 14:25:15.563 I/Timeline( 1639): Timeline: App_transition_ready time:211081580
09-01 14:25:15.565 I/SplashScreenServiceDelegate( 1639): None for com.xiaomi.hm.health
09-01 14:25:15.575 I/appium  ( 4037): channel read invoked!
09-01 14:25:15.575 I/appium  ( 4037): channel read: POST /wd/hub/session/f0ce778c-9a08-42fe-b827-2bc440618298/element
09-01 14:25:15.576 I/appium  ( 4037): Find element command using 'id' with selector 'common_title_right_text'.
09-01 14:25:15.576 I/appium  ( 4037): Waiting up to 10000ms for device to be idle
09-01 14:25:15.593 V/AsyncHttpResponse( 4088): Progress 12 from 12 (100%)
09-01 14:25:15.703 W/RecentsModel( 7676): onTaskStackChangedBackground: start loading
09-01 14:25:15.703 W/RecentsModel( 7676): getTaskInfoIgnoreHomeAndSplit   taskInfo=ComponentInfo{com.xiaomi.hm.health/com.xiaomi.hm.health.activity.MainTabActivity}
09-01 14:25:15.704 W/RecentsModel( 7676): getTaskInfoIgnoreHomeAndFreeform   taskInfo=ComponentInfo{com.xiaomi.hm.health/com.xiaomi.hm.health.activity.MainTabActivity}
09-01 14:25:15.704 W/RecentsModel( 7676): getTaskInfoIgnoreFreeform   taskInfo=ComponentInfo{com.xiaomi.hm.health/com.xiaomi.hm.health.activity.MainTabActivity}
09-01 14:25:15.704 W/RecentsModel( 7676): onTaskStackChangedBackground: finishLoading loading
09-01 14:25:16.066 I/Timeline( 1639): Timeline: Activity_windows_visible id: ActivityRecord{7330006 u0 com.xiaomi.hm.health/com.huami.training.ui.joined.JoinedCourseListActivity t477} time:211082083
09-01 14:25:16.068 D/EventBus(29730): [29730, u0] send(AppTransitionFinishedEvent)
09-01 14:25:16.068 D/EventBus(29730): [29730, u0]  -> ForcedResizableInfoActivityController [0xc4c1163, P1] onBusEvent(AppTransitionFinishedEvent)
09-01 14:25:16.068 D/EventBus(29730): [29730, u0] onBusEvent(AppTransitionFinishedEvent) duration: 29 microseconds, avg: 39
09-01 14:25:16.068 D/EventBus(29730): [29730, u0] send(AppTransitionFinishedEvent)
09-01 14:25:16.068 D/EventBus(29730): [29730, u0]  -> ForcedResizableInfoActivityController [0xc4c1163, P1] onBusEvent(AppTransitionFinishedEvent)
09-01 14:25:16.068 D/EventBus(29730): [29730, u0] onBusEvent(AppTransitionFinishedEvent) duration: 17 microseconds, avg: 39
09-01 14:25:16.069 I/appium  ( 4037): AppiumResponse: {"sessionId":"f0ce778c-9a08-42fe-b827-2bc440618298","value":{"ELEMENT":"c564c880-c4f4-41d3-93c5-f8eb556b3961","element-6066-11e4-a52e-4f735466cecf":"c564c880-c4f4-41d3-93c5-f8eb556b3961"}}
09-01 14:25:16.070 I/Timeline( 1639): Timeline: App_transition_stopped time:211082087
09-01 14:25:16.074 I/SplashScreenServiceDelegate( 1639): None for com.xiaomi.hm.health
09-01 14:25:16.112 D/EventBus(29730): [29730, u0] send(AppTransitionFinishedEvent)
09-01 14:25:16.113 D/EventBus(29730): [29730, u0]  -> ForcedResizableInfoActivityController [0xc4c1163, P1] onBusEvent(AppTransitionFinishedEvent)
09-01 14:25:16.113 D/EventBus(29730): [29730, u0] onBusEvent(AppTransitionFinishedEvent) duration: 218 microseconds, avg: 39
09-01 14:25:16.113 D/ConnectivityService( 1639): releasing NetworkRequest [ TRACK_DEFAULT id=215, [ Capabilities: INTERNET&NOT_RESTRICTED&TRUSTED Uid: 10241] ] (release request)
09-01 14:25:16.115 E/chromium( 4088): [ERROR:aw_browser_terminator.cc(125)] Renderer process (4729) crash detected (code -1).
09-01 14:25:16.116 I/hwservicemanager(  573): getTransport: Cannot find entry vendor.qti.hardware.servicetracker@1.0::IServicetracker/default in either framework or device manifest.
09-01 14:25:16.119 I/set_top_app( 1639): success /proc/4729/top_app:0
09-01 14:25:16.122 I/MiuiNetworkPolicy( 1639): updateUidState uid = 99014, uidState = 18
09-01 14:25:16.122 I/MiuiNetworkPolicy( 1639): updateMLUid uid:99014,old:4,new:18
09-01 14:25:16.123 I/hwservicemanager(  573): getTransport: Cannot find entry vendor.qti.hardware.servicetracker@1.0::IServicetracker/default in either framework or device manifest.
09-01 14:25:16.129 I/ActivityManager( 1639): Killing 4729:com.google.android.webview:sandboxed_process0:org.chromium.content.app.SandboxedProcessService0:3/u0a241i14 (adj 0): isolated not needed
09-01 14:25:16.126 I/hwservicemanager(  573): getTransport: Cannot find entry vendor.qti.hardware.servicetracker@1.0::IServicetracker/default in either framework or device manifest.
09-01 14:25:16.130 W/libprocessgroup( 1639): Failed to open process cgroup uid 99014 pid 4729: Permission denied
09-01 14:25:16.130 E/libprocessgroup( 1639): Error encountered killing process cgroup uid 99014 pid 4729: Permission denied
09-01 14:25:16.132 I/MiuiNetworkPolicy( 1639): updateUidState uid = 99014, uidState = 20
09-01 14:25:16.132 I/MiuiNetworkPolicy( 1639): updateMLUid uid:99014,old:18,new:20
09-01 14:25:16.157 I/Zygote  ( 2583): Process 4729 exited cleanly (0)
09-01 14:25:16.159 I/hwservicemanager(  573): getTransport: Cannot find entry vendor.qti.hardware.servicetracker@1.0::IServicetracker/default in either framework or device manifest.
09-01 14:25:16.161 V/UidProcStateHelper( 1639): process died:[4729,10241]
09-01 14:25:16.164 D/AppActiveChecker( 6417): onProcessDiedListener ignore for other process alive uid=10241
09-01 14:25:16.164 I/MiuiNetworkPolicy( 1639): removeUidState uid = 99014
09-01 14:25:16.227 I//system/vendor/bin/mi_thermald( 1070): thermal_cpu_set_level: set cpu freq of cpu7 to 2419200
09-01 14:25:17.187 D/OemNetd (  679): setLimit: enable, rate=3227614
09-01 14:25:17.383 I/MiuiNetworkPolicy( 1639): bandwidth: 0 KB/s, Max bandwidth: 3727 KB/s
09-01 14:25:17.386 D/BluetoothAdapter( 4088): stopLeScan()
09-01 14:25:17.388 D/BluetoothAdapter( 4088): isLeEnabled(): ON
09-01 14:25:17.389 D/BluetoothLeScanner( 4088): could not find callback wrapper
09-01 14:25:17.390 D/BluetoothAdapter( 4088): startLeScan(): null
09-01 14:25:17.392 D/BluetoothAdapter( 4088): isLeEnabled(): ON
09-01 14:25:17.394 D/BtGatt.GattService( 8588): registerScanner() - UUID=8821c3b1-b735-4ba7-96f2-d3344f0da1ce
09-01 14:25:17.395 V/bt_stack( 8588): [VERBOSE1:bta_gattc_act.cc(175)] bta_gattc_register: state:2
09-01 14:25:17.395 I/bt_stack( 8588): [INFO:gatt_api.cc(957)] GATT_Register c131d821-714c-c8de-dcb2-549e6bc5ff11
09-01 14:25:17.395 I/bt_stack( 8588): [INFO:gatt_api.cc(977)] allocated gatt_if=11
09-01 14:25:17.395 V/bt_stack( 8588): [VERBOSE1:gatt_api.cc(1087)] GATT_StartIf gatt_if=11
09-01 14:25:17.395 V/bt_stack( 8588): [VERBOSE1:gatt_utils.cc(254)] gatt_find_the_connected_bda start_idx=0
09-01 14:25:17.395 V/bt_stack( 8588): [VERBOSE1:gatt_utils.cc(262)]  bda :c3:d4:f4:e3:11:ec
09-01 14:25:17.395 V/bt_stack( 8588): [VERBOSE1:gatt_utils.cc(266)]  found=1 found_idx=0
09-01 14:25:17.395 D/BtGatt.GattService( 8588): onScannerRegistered() - UUID=8821c3b1-b735-4ba7-96f2-d3344f0da1ce, scannerId=11, status=0
09-01 14:25:17.395 V/bt_stack( 8588): [VERBOSE1:gatt_utils.cc(254)] gatt_find_the_connected_bda start_idx=1
09-01 14:25:17.396 V/bt_stack( 8588): [VERBOSE1:gatt_utils.cc(266)]  found=0 found_idx=10
09-01 14:25:17.396 V/bt_stack( 8588): [VERBOSE1:bta_gattc_main.cc(361)] bta_gattc_hdl_event: Event:BTA_GATTC_INT_CONN_EVT
09-01 14:25:17.396 V/bt_stack( 8588): [VERBOSE1:bta_gattc_main.cc(385)] Ignore unknown conn ID: 11
09-01 14:25:17.396 D/BluetoothLeScanner( 4088): onScannerRegistered() - status=0 scannerId=11 mScannerId=0
09-01 14:25:17.397 D/PowerKeeperPolicy( 1639): isLeScanAllowed: uid = 10241, allow = true
09-01 14:25:17.397 D/BtGatt.GattService( 8588): start scan with filters. callingPackage: com.xiaomi.hm.health
09-01 14:25:17.399 D/BluetoothUtils( 8588): blockedByLocationOff callingUid=10241
09-01 14:25:17.399 I/BluetoothUtils( 8588): packagename is com.xiaomi.hm.health ,and its permission is false
09-01 14:25:17.402 I/BtGatt.ScanManager( 8588): msg.what = 0
09-01 14:25:17.403 D/BtGatt.ScanManager( 8588): handling starting scan
09-01 14:25:17.404 D/PowerKeeperPolicy( 1639): startLeScan: BleScanWrapper[mClientIf = 11 mPendingIntent=null] uid=10241
09-01 14:25:17.404 D/BtGatt.ScanManager( 8588): isAptXLowLatencyModeEnabled: false
09-01 14:25:17.404 D/PowerKeeperPolicy( 1639): uid = 10241 setAllowed, allowed = true
09-01 14:25:17.404 D/PowerKeeperPolicy( 1639): uid = 10241 setScanning, scanning = true
09-01 14:25:17.404 D/PowerKeeperPolicy( 1639): startLeScan, uid = 10241 is scanning
09-01 14:25:17.407 D/vendor.qti.bluetooth@1.0-ibs_handler(19843): SerialClockVote: vote for UART CLK ON
09-01 14:25:17.407 D/vendor.qti.bluetooth@1.0-wake_lock(19843): Acquire wakelock is acquired 
09-01 14:25:17.407 I/vendor.qti.bluetooth@1.0-ibs_handler(19843): DeviceWakeUp: Writing IBS_WAKE_IND
09-01 14:25:17.411 I/vendor.qti.bluetooth@1.0-ibs_handler(19843): ProcessIbsCmd: Received IBS_WAKE_ACK: 0xFC
09-01 14:25:17.411 I/vendor.qti.bluetooth@1.0-ibs_handler(19843): ProcessIbsCmd: Received IBS_WAKE_IND: 0xFD
09-01 14:25:17.411 I/vendor.qti.bluetooth@1.0-ibs_handler(19843): ProcessIbsCmd: Writing IBS_WAKE_ACK
09-01 14:25:17.414 D/BtGatt.GattService( 8588): onScanFilterEnableDisabled() - clientIf=11, status=0, action=1
09-01 14:25:17.414 D/BtGatt.ScanManager( 8588): callback done for scannerId - 11 status - 0
09-01 14:25:17.414 D/BtGatt.ScanManager( 8588): configureFilterParamter 500 10000 1 0, deliveryMode=0
09-01 14:25:17.416 D/BtGatt.GattService( 8588): onScanFilterParamsConfigured() - clientIf=11, status=0, action=0, availableSpace=10
09-01 14:25:17.416 D/BtGatt.ScanManager( 8588): callback done for scannerId - 11 status - 0
09-01 14:25:17.417 D/BtGatt.ScanManager( 8588): configureRegularScanParams() - queue=3
09-01 14:25:17.417 D/BtGatt.ScanManager( 8588): configureRegularScanParams() - ScanSetting LE 1M Scan mode=2ScanSetting LE Coded Scan mode=2 mLastConfiguredScanSettingLE1M=0 mLastConfiguredScanSettingLECoded=0scanPhy=255
09-01 14:25:17.417 D/BtGatt.ScanManager( 8588): configureRegularScanParams - scanInterval LE 1M = 4096configureRegularScanParams - scanWindow LE 1M= 4096configureRegularScanParams - scanInterval LE Coded= 4096configureRegularScanParams - scanWindow LE Coded= 4096
09-01 14:25:17.417 D/BtGatt.GattService( 8588): onScanParamSetupCompleted : 0
09-01 14:25:17.437 V/bt_stack( 8588): [VERBOSE1:btm_ble_gap.cc(1923)] btm_ble_process_ext_adv_pkt: bda=d0:24:10:d7:5b:bc
09-01 14:25:17.438 V/bt_stack( 8588): [VERBOSE1:btm_ble_gap.cc(1847)] btm_ble_process_adv_addr: bda=d0:24:10:d7:5b:bc
09-01 14:25:17.438 V/bt_stack( 8588): [VERBOSE1:btm_ble_gap.cc(2052)]  Waiting for scan response d0:24:10:d7:5b:bc
09-01 14:25:17.438 V/bt_stack( 8588): [VERBOSE1:btm_ble_gap.cc(1923)] btm_ble_process_ext_adv_pkt: bda=36:c9:49:a0:b6:9d
09-01 14:25:17.438 V/bt_stack( 8588): [VERBOSE1:btm_ble_gap.cc(1847)] btm_ble_process_adv_addr: bda=36:c9:49:a0:b6:9d
09-01 14:25:17.441 D/BluetoothUtils( 8588): blockedByLocationOff callingUid=1002
09-01 14:25:17.441 I/BluetoothUtils( 8588): packagename is android.uid.bluetooth:1002 ,and its permission is false
09-01 14:25:17.442 D/BluetoothUtils( 8588): blockedByLocationOff callingUid=1002
09-01 14:25:17.442 I/BluetoothUtils( 8588): packagename is android.uid.bluetooth:1002 ,and its permission is false
09-01 14:25:17.442 D/BluetoothUtils( 8588): blockedByLocationOff callingUid=1002
09-01 14:25:17.443 I/BluetoothUtils( 8588): packagename is android.uid.bluetooth:1002 ,and its permission is false
09-01 14:25:17.443 V/bt_stack( 8588): [VERBOSE1:btm_ble_gap.cc(1923)] btm_ble_process_ext_adv_pkt: bda=0c:1a:06:0e:96:57
09-01 14:25:17.443 V/bt_stack( 8588): [VERBOSE1:btm_ble_gap.cc(1847)] btm_ble_process_adv_addr: bda=0c:1a:06:0e:96:57
09-01 14:25:17.445 D/BluetoothUtils( 8588): blockedByLocationOff callingUid=1002
09-01 14:25:17.446 I/BluetoothUtils( 8588): packagename is android.uid.bluetooth:1002 ,and its permission is false
09-01 14:25:17.446 D/BluetoothUtils( 8588): blockedByLocationOff callingUid=1002
09-01 14:25:17.446 I/BluetoothUtils( 8588): packagename is android.uid.bluetooth:1002 ,and its permission is false
09-01 14:25:17.446 D/BluetoothUtils( 8588): blockedByLocationOff callingUid=1002
09-01 14:25:17.447 I/BluetoothUtils( 8588): packagename is android.uid.bluetooth:1002 ,and its permission is false
09-01 14:25:17.459 V/bt_stack( 8588): [VERBOSE1:btm_ble_gap.cc(1923)] btm_ble_process_ext_adv_pkt: bda=59:b2:14:05:95:91
09-01 14:25:17.459 V/bt_stack( 8588): [VERBOSE1:btm_ble_gap.cc(1847)] btm_ble_process_adv_addr: bda=59:b2:14:05:95:91
09-01 14:25:17.459 V/bt_stack( 8588): [VERBOSE1:btm_ble_gap.cc(2052)]  Waiting for scan response 59:b2:14:05:95:91
09-01 14:25:17.459 V/bt_stack( 8588): [VERBOSE1:btm_ble_gap.cc(1923)] btm_ble_process_ext_adv_pkt: bda=07:5a:b0:04:f2:ba
09-01 14:25:17.459 V/bt_stack( 8588): [VERBOSE1:btm_ble_gap.cc(1847)] btm_ble_process_adv_addr: bda=07:5a:b0:04:f2:ba
09-01 14:25:17.460 V/bt_stack( 8588): [VERBOSE1:btm_ble_gap.cc(1923)] btm_ble_process_ext_adv_pkt: bda=33:55:74:83:d5:3a
09-01 14:25:17.460 V/bt_stack( 8588): [VERBOSE1:btm_ble_gap.cc(1847)] btm_ble_process_adv_addr: bda=33:55:74:83:d5:3a
09-01 14:25:17.461 D/BluetoothUtils( 8588): blockedByLocationOff callingUid=1002
09-01 14:25:17.462 I/BluetoothUtils( 8588): packagename is android.uid.bluetooth:1002 ,and its permission is false
09-01 14:25:17.462 D/BluetoothUtils( 8588): blockedByLocationOff callingUid=1002
09-01 14:25:17.462 I/BluetoothUtils( 8588): packagename is android.uid.bluetooth:1002 ,and its permission is false
09-01 14:25:17.462 D/BluetoothUtils( 8588): blockedByLocationOff callingUid=1002
09-01 14:25:17.462 I/BluetoothUtils( 8588): packagename is android.uid.bluetooth:1002 ,and its permission is false
09-01 14:25:17.464 D/BluetoothUtils( 8588): blockedByLocationOff callingUid=1002
09-01 14:25:17.464 I/BluetoothUtils( 8588): packagename is android.uid.bluetooth:1002 ,and its permission is false
09-01 14:25:17.464 D/BluetoothUtils( 8588): blockedByLocationOff callingUid=1002
09-01 14:25:17.464 I/BluetoothUtils( 8588): packagename is android.uid.bluetooth:1002 ,and its permission is false
09-01 14:25:17.464 D/BluetoothUtils( 8588): blockedByLocationOff callingUid=1002
09-01 14:25:17.465 I/BluetoothUtils( 8588): packagename is android.uid.bluetooth:1002 ,and its permission is false
09-01 14:25:17.466 V/bt_stack( 8588): [VERBOSE1:btm_ble_gap.cc(1923)] btm_ble_process_ext_adv_pkt: bda=10:42:5e:92:d4:eb
09-01 14:25:17.466 V/bt_stack( 8588): [VERBOSE1:btm_ble_gap.cc(1847)] btm_ble_process_adv_addr: bda=10:42:5e:92:d4:eb
09-01 14:25:17.467 D/BluetoothUtils( 8588): blockedByLocationOff callingUid=1002
09-01 14:25:17.467 I/BluetoothUtils( 8588): packagename is android.uid.bluetooth:1002 ,and its permission is false
09-01 14:25:17.467 D/BluetoothUtils( 8588): blockedByLocationOff callingUid=1002
09-01 14:25:17.468 I/BluetoothUtils( 8588): packagename is android.uid.bluetooth:1002 ,and its permission is false
09-01 14:25:17.468 D/BluetoothUtils( 8588): blockedByLocationOff callingUid=1002
09-01 14:25:17.468 I/BluetoothUtils( 8588): packagename is android.uid.bluetooth:1002 ,and its permission is false
09-01 14:25:17.469 V/bt_stack( 8588): [VERBOSE1:btm_ble_gap.cc(1923)] btm_ble_process_ext_adv_pkt: bda=63:e7:6b:57:ac:90
09-01 14:25:17.469 V/bt_stack( 8588): [VERBOSE1:btm_ble_gap.cc(1847)] btm_ble_process_adv_addr: bda=63:e7:6b:57:ac:90
09-01 14:25:17.469 V/bt_stack( 8588): [VERBOSE1:btm_ble_gap.cc(2052)]  Waiting for scan response 63:e7:6b:57:ac:90
09-01 14:25:17.470 V/bt_stack( 8588): [VERBOSE1:btm_ble_gap.cc(1923)] btm_ble_process_ext_adv_pkt: bda=63:e7:6b:57:ac:90
09-01 14:25:17.470 V/bt_stack( 8588): [VERBOSE1:btm_ble_gap.cc(1847)] btm_ble_process_adv_addr: bda=63:e7:6b:57:ac:90
09-01 14:25:17.471 D/BluetoothUtils( 8588): blockedByLocationOff callingUid=1002
09-01 14:25:17.471 I/BluetoothUtils( 8588): packagename is android.uid.bluetooth:1002 ,and its permission is false
09-01 14:25:17.471 D/BluetoothUtils( 8588): blockedByLocationOff callingUid=1002
09-01 14:25:17.471 I/BluetoothUtils( 8588): packagename is android.uid.bluetooth:1002 ,and its permission is false
09-01 14:25:17.472 D/BluetoothUtils( 8588): blockedByLocationOff callingUid=1002
09-01 14:25:17.472 I/BluetoothUtils( 8588): packagename is android.uid.bluetooth:1002 ,and its permission is false
09-01 14:25:17.504 V/bt_stack( 8588): [VERBOSE1:btm_ble_gap.cc(1923)] btm_ble_process_ext_adv_pkt: bda=5d:4a:e1:72:21:47
09-01 14:25:17.505 V/bt_stack( 8588): [VERBOSE1:btm_ble_gap.cc(1847)] btm_ble_process_adv_addr: bda=5d:4a:e1:72:21:47
09-01 14:25:17.505 V/bt_stack( 8588): [VERBOSE1:btm_ble_gap.cc(2052)]  Waiting for scan response 5d:4a:e1:72:21:47
09-01 14:25:17.505 V/bt_stack( 8588): [VERBOSE1:btm_ble_gap.cc(1923)] btm_ble_process_ext_adv_pkt: bda=5d:4a:e1:72:21:47
09-01 14:25:17.505 V/bt_stack( 8588): [VERBOSE1:btm_ble_gap.cc(1847)] btm_ble_process_adv_addr: bda=5d:4a:e1:72:21:47
09-01 14:25:17.507 D/BluetoothUtils( 8588): blockedByLocationOff callingUid=1002
09-01 14:25:17.508 I/BluetoothUtils( 8588): packagename is android.uid.bluetooth:1002 ,and its permission is false
09-01 14:25:17.508 D/BluetoothUtils( 8588): blockedByLocationOff callingUid=1002
09-01 14:25:17.508 I/BluetoothUtils( 8588): packagename is android.uid.bluetooth:1002 ,and its permission is false
09-01 14:25:17.508 D/BluetoothUtils( 8588): blockedByLocationOff callingUid=1002
09-01 14:25:17.509 I/BluetoothUtils( 8588): packagename is android.uid.bluetooth:1002 ,and its permission is false
09-01 14:25:17.511 V/bt_stack( 8588): [VERBOSE1:btm_ble_gap.cc(1923)] btm_ble_process_ext_adv_pkt: bda=71:d8:ac:89:39:0d
09-01 14:25:17.511 V/bt_stack( 8588): [VERBOSE1:btm_ble_gap.cc(1847)] btm_ble_process_adv_addr: bda=71:d8:ac:89:39:0d
09-01 14:25:17.511 V/bt_stack( 8588): [VERBOSE1:btm_ble_gap.cc(2052)]  Waiting for scan response 71:d8:ac:89:39:0d
09-01 14:25:17.517 V/bt_stack( 8588): [VERBOSE1:btm_ble_gap.cc(1923)] btm_ble_process_ext_adv_pkt: bda=67:ec:83:7e:42:50
09-01 14:25:17.517 V/bt_stack( 8588): [VERBOSE1:btm_ble_gap.cc(1847)] btm_ble_process_adv_addr: bda=67:ec:83:7e:42:50
09-01 14:25:17.517 V/bt_stack( 8588): [VERBOSE1:btm_ble_gap.cc(2052)]  Waiting for scan response 67:ec:83:7e:42:50
09-01 14:25:17.532 V/bt_stack( 8588): [VERBOSE1:btm_ble_gap.cc(1923)] btm_ble_process_ext_adv_pkt: bda=45:55:7e:66:6f:d0
09-01 14:25:17.533 V/bt_stack( 8588): [VERBOSE1:btm_ble_gap.cc(1847)] btm_ble_process_adv_addr: bda=45:55:7e:66:6f:d0
09-01 14:25:17.533 V/bt_stack( 8588): [VERBOSE1:btm_ble_gap.cc(2052)]  Waiting for scan response 45:55:7e:66:6f:d0
09-01 14:25:17.536 V/bt_stack( 8588): [VERBOSE1:btm_ble_gap.cc(1923)] btm_ble_process_ext_adv_pkt: bda=6c:37:b5:6b:a1:b8
09-01 14:25:17.537 V/bt_stack( 8588): [VERBOSE1:btm_ble_gap.cc(1847)] btm_ble_process_adv_addr: bda=6c:37:b5:6b:a1:b8
09-01 14:25:17.537 V/bt_stack( 8588): [VERBOSE1:btm_ble_gap.cc(2052)]  Waiting for scan response 6c:37:b5:6b:a1:b8
09-01 14:25:17.537 V/bt_stack( 8588): [VERBOSE1:btm_ble_gap.cc(1923)] btm_ble_process_ext_adv_pkt: bda=2e:17:70:f9:0b:48
09-01 14:25:17.537 V/bt_stack( 8588): [VERBOSE1:btm_ble_gap.cc(1847)] btm_ble_process_adv_addr: bda=2e:17:70:f9:0b:48
09-01 14:25:17.539 D/BluetoothUtils( 8588): blockedByLocationOff callingUid=1002
09-01 14:25:17.540 I/BluetoothUtils( 8588): packagename is android.uid.bluetooth:1002 ,and its permission is false
09-01 14:25:17.540 D/BluetoothUtils( 8588): blockedByLocationOff callingUid=1002
09-01 14:25:17.540 I/BluetoothUtils( 8588): packagename is android.uid.bluetooth:1002 ,and its permission is false
09-01 14:25:17.540 V/bt_stack( 8588): [VERBOSE1:btm_ble_gap.cc(1923)] btm_ble_process_ext_adv_pkt: bda=3a:23:cb:4a:85:2d
09-01 14:25:17.541 V/bt_stack( 8588): [VERBOSE1:btm_ble_gap.cc(1847)] btm_ble_process_adv_addr: bda=3a:23:cb:4a:85:2d
09-01 14:25:17.541 D/BluetoothUtils( 8588): blockedByLocationOff callingUid=1002
09-01 14:25:17.541 I/BluetoothUtils( 8588): packagename is android.uid.bluetooth:1002 ,and its permission is false
09-01 14:25:17.543 D/BluetoothUtils( 8588): blockedByLocationOff callingUid=1002
09-01 14:25:17.543 V/bt_stack( 8588): [VERBOSE1:btm_ble_gap.cc(1923)] btm_ble_process_ext_adv_pkt: bda=36:c9:49:a0:b6:9d
09-01 14:25:17.543 V/bt_stack( 8588): [VERBOSE1:btm_ble_gap.cc(1847)] btm_ble_process_adv_addr: bda=36:c9:49:a0:b6:9d
09-01 14:25:17.543 I/BluetoothUtils( 8588): packagename is android.uid.bluetooth:1002 ,and its permission is false
09-01 14:25:17.543 D/BluetoothUtils( 8588): blockedByLocationOff callingUid=1002
09-01 14:25:17.544 I/BluetoothUtils( 8588): packagename is android.uid.bluetooth:1002 ,and its permission is false
09-01 14:25:17.544 D/BluetoothUtils( 8588): blockedByLocationOff callingUid=1002
09-01 14:25:17.544 I/BluetoothUtils( 8588): packagename is android.uid.bluetooth:1002 ,and its permission is false
09-01 14:25:17.545 D/BluetoothUtils( 8588): blockedByLocationOff callingUid=1002
09-01 14:25:17.545 I/BluetoothUtils( 8588): packagename is android.uid.bluetooth:1002 ,and its permission is false
09-01 14:25:17.545 D/BluetoothUtils( 8588): blockedByLocationOff callingUid=1002
09-01 14:25:17.546 I/BluetoothUtils( 8588): packagename is android.uid.bluetooth:1002 ,and its permission is false
09-01 14:25:17.546 D/BluetoothUtils( 8588): blockedByLocationOff callingUid=1002
09-01 14:25:17.546 I/BluetoothUtils( 8588): packagename is android.uid.bluetooth:1002 ,and its permission is false
09-01 14:25:17.548 V/bt_stack( 8588): [VERBOSE1:btm_ble_gap.cc(1923)] btm_ble_process_ext_adv_pkt: bda=35:08:67:20:13:25
09-01 14:25:17.548 V/bt_stack( 8588): [VERBOSE1:btm_ble_gap.cc(1847)] btm_ble_process_adv_addr: bda=35:08:67:20:13:25
09-01 14:25:17.549 D/BluetoothUtils( 8588): blockedByLocationOff callingUid=1002
09-01 14:25:17.550 I/BluetoothUtils( 8588): packagename is android.uid.bluetooth:1002 ,and its permission is false
09-01 14:25:17.550 D/BluetoothUtils( 8588): blockedByLocationOff callingUid=1002
09-01 14:25:17.550 I/BluetoothUtils( 8588): packagename is android.uid.bluetooth:1002 ,and its permission is false
09-01 14:25:17.550 V/bt_stack( 8588): [VERBOSE1:btm_ble_gap.cc(1923)] btm_ble_process_ext_adv_pkt: bda=07:88:7e:66:14:b3
09-01 14:25:17.550 V/bt_stack( 8588): [VERBOSE1:btm_ble_gap.cc(1847)] btm_ble_process_adv_addr: bda=07:88:7e:66:14:b3
09-01 14:25:17.550 D/BluetoothUtils( 8588): blockedByLocationOff callingUid=1002
09-01 14:25:17.551 I/BluetoothUtils( 8588): packagename is android.uid.bluetooth:1002 ,and its permission is false
09-01 14:25:17.551 D/BluetoothUtils( 8588): blockedByLocationOff callingUid=1002
09-01 14:25:17.552 I/BluetoothUtils( 8588): packagename is android.uid.bluetooth:1002 ,and its permission is false
09-01 14:25:17.552 D/BluetoothUtils( 8588): blockedByLocationOff callingUid=1002
09-01 14:25:17.552 V/bt_stack( 8588): [VERBOSE1:btm_ble_gap.cc(1923)] btm_ble_process_ext_adv_pkt: bda=0c:1a:06:0e:96:57
09-01 14:25:17.552 V/bt_stack( 8588): [VERBOSE1:btm_ble_gap.cc(1847)] btm_ble_process_adv_addr: bda=0c:1a:06:0e:96:57
09-01 14:25:17.552 I/BluetoothUtils( 8588): packagename is android.uid.bluetooth:1002 ,and its permission is false
09-01 14:25:17.552 D/BluetoothUtils( 8588): blockedByLocationOff callingUid=1002
09-01 14:25:17.552 I/BluetoothUtils( 8588): packagename is android.uid.bluetooth:1002 ,and its permission is false
09-01 14:25:17.553 D/BluetoothUtils( 8588): blockedByLocationOff callingUid=1002
09-01 14:25:17.554 I/BluetoothUtils( 8588): packagename is android.uid.bluetooth:1002 ,and its permission is false
09-01 14:25:17.554 D/BluetoothUtils( 8588): blockedByLocationOff callingUid=1002
09-01 14:25:17.554 I/BluetoothUtils( 8588): packagename is android.uid.bluetooth:1002 ,and its permission is false
09-01 14:25:17.554 D/BluetoothUtils( 8588): blockedByLocationOff callingUid=1002
09-01 14:25:17.554 I/BluetoothUtils( 8588): packagename is android.uid.bluetooth:1002 ,and its permission is false
09-01 14:25:17.559 V/bt_stack( 8588): [VERBOSE1:btm_ble_gap.cc(1923)] btm_ble_process_ext_adv_pkt: bda=11:82:f5:89:45:91
09-01 14:25:17.559 V/bt_stack( 8588): [VERBOSE1:btm_ble_gap.cc(1847)] btm_ble_process_adv_addr: bda=11:82:f5:89:45:91
09-01 14:25:17.560 D/BluetoothUtils( 8588): blockedByLocationOff callingUid=1002
09-01 14:25:17.561 I/BluetoothUtils( 8588): packagename is android.uid.bluetooth:1002 ,and its permission is false
09-01 14:25:17.561 D/BluetoothUtils( 8588): blockedByLocationOff callingUid=1002
09-01 14:25:17.561 I/BluetoothUtils( 8588): packagename is android.uid.bluetooth:1002 ,and its permission is false
09-01 14:25:17.561 D/BluetoothUtils( 8588): blockedByLocationOff callingUid=1002
09-01 14:25:17.561 I/BluetoothUtils( 8588): packagename is android.uid.bluetooth:1002 ,and its permission is false
09-01 14:25:17.567 V/bt_stack( 8588): [VERBOSE1:btm_ble_gap.cc(1923)] btm_ble_process_ext_adv_pkt: bda=07:5a:b0:04:f2:ba
09-01 14:25:17.567 V/bt_stack( 8588): [VERBOSE1:btm_ble_gap.cc(1847)] btm_ble_process_adv_addr: bda=07:5a:b0:04:f2:ba
09-01 14:25:17.567 V/bt_stack( 8588): [VERBOSE1:btm_ble_gap.cc(1923)] btm_ble_process_ext_adv_pkt: bda=33:55:74:83:d5:3a
09-01 14:25:17.567 V/bt_stack( 8588): [VERBOSE1:btm_ble_gap.cc(1847)] btm_ble_process_adv_addr: bda=33:55:74:83:d5:3a
09-01 14:25:17.569 D/BluetoothUtils( 8588): blockedByLocationOff callingUid=1002
09-01 14:25:17.569 I/BluetoothUtils( 8588): packagename is android.uid.bluetooth:1002 ,and its permission is false
09-01 14:25:17.569 D/BluetoothUtils( 8588): blockedByLocationOff callingUid=1002
09-01 14:25:17.570 I/BluetoothUtils( 8588): packagename is android.uid.bluetooth:1002 ,and its permission is false
09-01 14:25:17.570 D/BluetoothUtils( 8588): blockedByLocationOff callingUid=1002
09-01 14:25:17.570 I/BluetoothUtils( 8588): packagename is android.uid.bluetooth:1002 ,and its permission is false
09-01 14:25:17.570 V/bt_stack( 8588): [VERBOSE1:btm_ble_gap.cc(1923)] btm_ble_process_ext_adv_pkt: bda=70:f7:bb:11:90:a8
09-01 14:25:17.570 V/bt_stack( 8588): [VERBOSE1:btm_ble_gap.cc(1847)] btm_ble_process_adv_addr: bda=70:f7:bb:11:90:a8
09-01 14:25:17.571 D/BluetoothUtils( 8588): blockedByLocationOff callingUid=1002
09-01 14:25:17.571 I/BluetoothUtils( 8588): packagename is android.uid.bluetooth:1002 ,and its permission is false
09-01 14:25:17.571 D/BluetoothUtils( 8588): blockedByLocationOff callingUid=1002
09-01 14:25:17.572 I/BluetoothUtils( 8588): packagename is android.uid.bluetooth:1002 ,and its permission is false
09-01 14:25:17.572 D/BluetoothUtils( 8588): blockedByLocationOff callingUid=1002
09-01 14:25:17.572 I/BluetoothUtils( 8588): packagename is android.uid.bluetooth:1002 ,and its permission is false
09-01 14:25:17.573 D/BluetoothUtils( 8588): blockedByLocationOff callingUid=1002
09-01 14:25:17.574 I/BluetoothUtils( 8588): packagename is android.uid.bluetooth:1002 ,and its permission is false
09-01 14:25:17.574 D/BluetoothUtils( 8588): blockedByLocationOff callingUid=1002
09-01 14:25:17.574 I/BluetoothUtils( 8588): packagename is android.uid.bluetooth:1002 ,and its permission is false
09-01 14:25:17.574 D/BluetoothUtils( 8588): blockedByLocationOff callingUid=1002
09-01 14:25:17.574 I/BluetoothUtils( 8588): packagename is android.uid.bluetooth:1002 ,and its permission is false
09-01 14:25:17.580 V/bt_stack( 8588): [VERBOSE1:btm_ble_gap.cc(1923)] btm_ble_process_ext_adv_pkt: bda=3c:22:fb:3d:0a:8f
09-01 14:25:17.580 V/bt_stack( 8588): [VERBOSE1:btm_ble_gap.cc(1847)] btm_ble_process_adv_addr: bda=3c:22:fb:3d:0a:8f
09-01 14:25:17.581 V/bt_stack( 8588): [VERBOSE1:btm_ble_gap.cc(2052)]  Waiting for scan response 3c:22:fb:3d:0a:8f
09-01 14:25:17.581 V/bt_stack( 8588): [VERBOSE1:btm_ble_gap.cc(1923)] btm_ble_process_ext_adv_pkt: bda=1e:a8:1e:1b:55:36
09-01 14:25:17.581 V/bt_stack( 8588): [VERBOSE1:btm_ble_gap.cc(1847)] btm_ble_process_adv_addr: bda=1e:a8:1e:1b:55:36
09-01 14:25:17.582 D/BluetoothUtils( 8588): blockedByLocationOff callingUid=1002
09-01 14:25:17.583 I/BluetoothUtils( 8588): packagename is android.uid.bluetooth:1002 ,and its permission is false
09-01 14:25:17.583 D/BluetoothUtils( 8588): blockedByLocationOff callingUid=1002
09-01 14:25:17.583 I/BluetoothUtils( 8588): packagename is android.uid.bluetooth:1002 ,and its permission is false
09-01 14:25:17.583 D/BluetoothUtils( 8588): blockedByLocationOff callingUid=1002
09-01 14:25:17.584 I/BluetoothUtils( 8588): packagename is android.uid.bluetooth:1002 ,and its permission is false
09-01 14:25:17.594 V/bt_stack( 8588): [VERBOSE1:btm_ble_gap.cc(1923)] btm_ble_process_ext_adv_pkt: bda=66:3e:07:e0:2b:d4
09-01 14:25:17.594 V/bt_stack( 8588): [VERBOSE1:btm_ble_gap.cc(1847)] btm_ble_process_adv_addr: bda=66:3e:07:e0:2b:d4
09-01 14:25:17.594 V/bt_stack( 8588): [VERBOSE1:btm_ble_gap.cc(2052)]  Waiting for scan response 66:3e:07:e0:2b:d4
09-01 14:25:17.601 V/bt_stack( 8588): [VERBOSE1:btm_ble_gap.cc(1923)] btm_ble_process_ext_adv_pkt: bda=6c:37:b5:6b:a1:b8
09-01 14:25:17.601 V/bt_stack( 8588): [VERBOSE1:btm_ble_gap.cc(1847)] btm_ble_process_adv_addr: bda=6c:37:b5:6b:a1:b8
09-01 14:25:17.601 V/bt_stack( 8588): [VERBOSE1:btm_ble_gap.cc(2052)]  Waiting for scan response 6c:37:b5:6b:a1:b8
09-01 14:25:17.601 V/bt_stack( 8588): [VERBOSE1:btm_ble_gap.cc(1923)] btm_ble_process_ext_adv_pkt: bda=2a:99:8c:12:d1:b1
09-01 14:25:17.601 V/bt_stack( 8588): [VERBOSE1:btm_ble_gap.cc(1847)] btm_ble_process_adv_addr: bda=2a:99:8c:12:d1:b1
09-01 14:25:17.604 D/BluetoothUtils( 8588): blockedByLocationOff callingUid=1002
09-01 14:25:17.604 V/bt_stack( 8588): [VERBOSE1:btm_ble_gap.cc(1923)] btm_ble_process_ext_adv_pkt: bda=c1:e5:1e:69:fb:26
09-01 14:25:17.604 V/bt_stack( 8588): [VERBOSE1:btm_ble_gap.cc(1847)] btm_ble_process_adv_addr: bda=c1:e5:1e:69:fb:26
09-01 14:25:17.604 V/bt_stack( 8588): [VERBOSE1:btm_ble_gap.cc(2052)]  Waiting for scan response c1:e5:1e:69:fb:26
09-01 14:25:17.604 I/BluetoothUtils( 8588): packagename is android.uid.bluetooth:1002 ,and its permission is false
09-01 14:25:17.604 D/BluetoothUtils( 8588): blockedByLocationOff callingUid=1002
09-01 14:25:17.605 I/BluetoothUtils( 8588): packagename is android.uid.bluetooth:1002 ,and its permission is false
09-01 14:25:17.605 D/BluetoothUtils( 8588): blockedByLocationOff callingUid=1002
09-01 14:25:17.605 I/BluetoothUtils( 8588): packagename is android.uid.bluetooth:1002 ,and its permission is false
09-01 14:25:17.609 V/bt_stack( 8588): [VERBOSE1:btm_ble_gap.cc(1923)] btm_ble_process_ext_adv_pkt: bda=75:55:30:69:5d:bf
09-01 14:25:17.609 V/bt_stack( 8588): [VERBOSE1:btm_ble_gap.cc(1847)] btm_ble_process_adv_addr: bda=75:55:30:69:5d:bf
09-01 14:25:17.609 V/bt_stack( 8588): [VERBOSE1:btm_ble_gap.cc(2052)]  Waiting for scan response 75:55:30:69:5d:bf
09-01 14:25:17.609 V/bt_stack( 8588): [VERBOSE1:btm_ble_gap.cc(1923)] btm_ble_process_ext_adv_pkt: bda=59:bb:67:f0:94:3c
09-01 14:25:17.609 V/bt_stack( 8588): [VERBOSE1:btm_ble_gap.cc(1847)] btm_ble_process_adv_addr: bda=59:bb:67:f0:94:3c
09-01 14:25:17.611 V/bt_stack( 8588): [VERBOSE1:btm_ble_gap.cc(1923)] btm_ble_process_ext_adv_pkt: bda=0a:29:89:b7:c8:4a
09-01 14:25:17.611 V/bt_stack( 8588): [VERBOSE1:btm_ble_gap.cc(1847)] btm_ble_process_adv_addr: bda=0a:29:89:b7:c8:4a
09-01 14:25:17.611 D/BluetoothUtils( 8588): blockedByLocationOff callingUid=1002
09-01 14:25:17.612 I/BluetoothUtils( 8588): packagename is android.uid.bluetooth:1002 ,and its permission is false
09-01 14:25:17.612 D/BluetoothUtils( 8588): blockedByLocationOff callingUid=1002
09-01 14:25:17.612 I/BluetoothUtils( 8588): packagename is android.uid.bluetooth:1002 ,and its permission is false
09-01 14:25:17.612 D/BluetoothUtils( 8588): blockedByLocationOff callingUid=1002
09-01 14:25:17.612 I/BluetoothUtils( 8588): packagename is android.uid.bluetooth:1002 ,and its permission is false
09-01 14:25:17.613 D/BluetoothUtils( 8588): blockedByLocationOff callingUid=1002
09-01 14:25:17.614 I/BluetoothUtils( 8588): packagename is android.uid.bluetooth:1002 ,and its permission is false
09-01 14:25:17.614 D/BluetoothUtils( 8588): blockedByLocationOff callingUid=1002
09-01 14:25:17.614 I/BluetoothUtils( 8588): packagename is android.uid.bluetooth:1002 ,and its permission is false
09-01 14:25:17.614 D/BluetoothUtils( 8588): blockedByLocationOff callingUid=1002
09-01 14:25:17.615 I/BluetoothUtils( 8588): packagename is android.uid.bluetooth:1002 ,and its permission is false
09-01 14:25:17.615 V/bt_stack( 8588): [VERBOSE1:btm_ble_gap.cc(1923)] btm_ble_process_ext_adv_pkt: bda=3c:22:fb:3d:0a:8f
09-01 14:25:17.615 V/bt_stack( 8588): [VERBOSE1:btm_ble_gap.cc(1847)] btm_ble_process_adv_addr: bda=3c:22:fb:3d:0a:8f
09-01 14:25:17.616 V/bt_stack( 8588): [VERBOSE1:btm_ble_gap.cc(2052)]  Waiting for scan response 3c:22:fb:3d:0a:8f
09-01 14:25:17.616 V/bt_stack( 8588): [VERBOSE1:btm_ble_gap.cc(1923)] btm_ble_process_ext_adv_pkt: bda=12:1c:38:cd:04:e8
09-01 14:25:17.616 V/bt_stack( 8588): [VERBOSE1:btm_ble_gap.cc(1847)] btm_ble_process_adv_addr: bda=12:1c:38:cd:04:e8
09-01 14:25:17.617 D/BluetoothUtils( 8588): blockedByLocationOff callingUid=1002
09-01 14:25:17.617 I/BluetoothUtils( 8588): packagename is android.uid.bluetooth:1002 ,and its permission is false
09-01 14:25:17.618 D/BluetoothUtils( 8588): blockedByLocationOff callingUid=1002
09-01 14:25:17.618 I/BluetoothUtils( 8588): packagename is android.uid.bluetooth:1002 ,and its permission is false
09-01 14:25:17.618 D/BluetoothUtils( 8588): blockedByLocationOff callingUid=1002
09-01 14:25:17.618 I/BluetoothUtils( 8588): packagename is android.uid.bluetooth:1002 ,and its permission is false
09-01 14:25:17.623 V/bt_stack( 8588): [VERBOSE1:btm_ble_gap.cc(1923)] btm_ble_process_ext_adv_pkt: bda=26:c8:00:52:93:8d
09-01 14:25:17.623 V/bt_stack( 8588): [VERBOSE1:btm_ble_gap.cc(1847)] btm_ble_process_adv_addr: bda=26:c8:00:52:93:8d
09-01 14:25:17.625 D/BluetoothUtils( 8588): blockedByLocationOff callingUid=1002
09-01 14:25:17.626 I/BluetoothUtils( 8588): packagename is android.uid.bluetooth:1002 ,and its permission is false
09-01 14:25:17.626 D/BluetoothUtils( 8588): blockedByLocationOff callingUid=1002
09-01 14:25:17.626 I/BluetoothUtils( 8588): packagename is android.uid.bluetooth:1002 ,and its permission is false
09-01 14:25:17.626 D/BluetoothUtils( 8588): blockedByLocationOff callingUid=1002
09-01 14:25:17.626 I/BluetoothUtils( 8588): packagename is android.uid.bluetooth:1002 ,and its permission is false
09-01 14:25:17.641 V/bt_stack( 8588): [VERBOSE1:btm_ble_gap.cc(1923)] btm_ble_process_ext_adv_pkt: bda=48:14:81:f8:b8:84
09-01 14:25:17.641 V/bt_stack( 8588): [VERBOSE1:btm_ble_gap.cc(1847)] btm_ble_process_adv_addr: bda=48:14:81:f8:b8:84
09-01 14:25:17.642 V/bt_stack( 8588): [VERBOSE1:btm_ble_gap.cc(2052)]  Waiting for scan response 48:14:81:f8:b8:84
09-01 14:25:17.645 V/bt_stack( 8588): [VERBOSE1:btm_ble_gap.cc(1923)] btm_ble_process_ext_adv_pkt: bda=6e:3b:40:73:ff:b3
09-01 14:25:17.645 V/bt_stack( 8588): [VERBOSE1:btm_ble_gap.cc(1847)] btm_ble_process_adv_addr: bda=6e:3b:40:73:ff:b3
09-01 14:25:17.645 V/bt_stack( 8588): [VERBOSE1:btm_ble_gap.cc(2052)]  Waiting for scan response 6e:3b:40:73:ff:b3
09-01 14:25:17.645 V/bt_stack( 8588): [VERBOSE1:btm_ble_gap.cc(1923)] btm_ble_process_ext_adv_pkt: bda=25:5e:6a:5a:81:28
09-01 14:25:17.645 V/bt_stack( 8588): [VERBOSE1:btm_ble_gap.cc(1847)] btm_ble_process_adv_addr: bda=25:5e:6a:5a:81:28
09-01 14:25:17.648 D/BluetoothUtils( 8588): blockedByLocationOff callingUid=1002
09-01 14:25:17.648 I/BluetoothUtils( 8588): packagename is android.uid.bluetooth:1002 ,and its permission is false
09-01 14:25:17.649 D/BluetoothUtils( 8588): blockedByLocationOff callingUid=1002
09-01 14:25:17.649 V/bt_stack( 8588): [VERBOSE1:btm_ble_gap.cc(1923)] btm_ble_process_ext_adv_pkt: bda=35:08:67:20:13:25
09-01 14:25:17.649 V/bt_stack( 8588): [VERBOSE1:btm_ble_gap.cc(1847)] btm_ble_process_adv_addr: bda=35:08:67:20:13:25
09-01 14:25:17.649 I/BluetoothUtils( 8588): packagename is android.uid.bluetooth:1002 ,and its permission is false
09-01 14:25:17.649 D/BluetoothUtils( 8588): blockedByLocationOff callingUid=1002
09-01 14:25:17.650 I/BluetoothUtils( 8588): packagename is android.uid.bluetooth:1002 ,and its permission is false
09-01 14:25:17.651 D/BluetoothUtils( 8588): blockedByLocationOff callingUid=1002
09-01 14:25:17.651 I/BluetoothUtils( 8588): packagename is android.uid.bluetooth:1002 ,and its permission is false
09-01 14:25:17.652 D/BluetoothUtils( 8588): blockedByLocationOff callingUid=1002
09-01 14:25:17.652 I/BluetoothUtils( 8588): packagename is android.uid.bluetooth:1002 ,and its permission is false
09-01 14:25:17.652 D/BluetoothUtils( 8588): blockedByLocationOff callingUid=1002
09-01 14:25:17.653 I/BluetoothUtils( 8588): packagename is android.uid.bluetooth:1002 ,and its permission is false
09-01 14:25:17.657 V/bt_stack( 8588): [VERBOSE1:btm_ble_gap.cc(1923)] btm_ble_process_ext_adv_pkt: bda=3c:22:fb:3d:0a:8f
09-01 14:25:17.657 V/bt_stack( 8588): [VERBOSE1:btm_ble_gap.cc(1847)] btm_ble_process_adv_addr: bda=3c:22:fb:3d:0a:8f
09-01 14:25:17.657 V/bt_stack( 8588): [VERBOSE1:btm_ble_gap.cc(2052)]  Waiting for scan response 3c:22:fb:3d:0a:8f
09-01 14:25:17.657 V/bt_stack( 8588): [VERBOSE1:btm_ble_gap.cc(1923)] btm_ble_process_ext_adv_pkt: bda=0c:1a:06:0e:96:57
09-01 14:25:17.657 V/bt_stack( 8588): [VERBOSE1:btm_ble_gap.cc(1847)] btm_ble_process_adv_addr: bda=0c:1a:06:0e:96:57
09-01 14:25:17.659 D/BluetoothUtils( 8588): blockedByLocationOff callingUid=1002
09-01 14:25:17.659 I/BluetoothUtils( 8588): packagename is android.uid.bluetooth:1002 ,and its permission is false
09-01 14:25:17.659 D/BluetoothUtils( 8588): blockedByLocationOff callingUid=1002
09-01 14:25:17.660 I/BluetoothUtils( 8588): packagename is android.uid.bluetooth:1002 ,and its permission is false
09-01 14:25:17.660 D/BluetoothUtils( 8588): blockedByLocationOff callingUid=1002
09-01 14:25:17.660 I/BluetoothUtils( 8588): packagename is android.uid.bluetooth:1002 ,and its permission is false
09-01 14:25:17.664 V/bt_stack( 8588): [VERBOSE1:btm_ble_gap.cc(1923)] btm_ble_process_ext_adv_pkt: bda=11:82:f5:89:45:91
09-01 14:25:17.665 V/bt_stack( 8588): [VERBOSE1:btm_ble_gap.cc(1847)] btm_ble_process_adv_addr: bda=11:82:f5:89:45:91
09-01 14:25:17.666 D/BluetoothUtils( 8588): blockedByLocationOff callingUid=1002
09-01 14:25:17.667 I/BluetoothUtils( 8588): packagename is android.uid.bluetooth:1002 ,and its permission is false
09-01 14:25:17.667 D/BluetoothUtils( 8588): blockedByLocationOff callingUid=1002
09-01 14:25:17.667 I/BluetoothUtils( 8588): packagename is android.uid.bluetooth:1002 ,and its permission is false
09-01 14:25:17.667 D/BluetoothUtils( 8588): blockedByLocationOff callingUid=1002
09-01 14:25:17.668 I/BluetoothUtils( 8588): packagename is android.uid.bluetooth:1002 ,and its permission is false
09-01 14:25:17.672 V/bt_stack( 8588): [VERBOSE1:btm_ble_gap.cc(1923)] btm_ble_process_ext_adv_pkt: bda=6c:37:b5:6b:a1:b8
09-01 14:25:17.672 V/bt_stack( 8588): [VERBOSE1:btm_ble_gap.cc(1847)] btm_ble_process_adv_addr: bda=6c:37:b5:6b:a1:b8
09-01 14:25:17.672 V/bt_stack( 8588): [VERBOSE1:btm_ble_gap.cc(2052)]  Waiting for scan response 6c:37:b5:6b:a1:b8
09-01 14:25:17.672 V/bt_stack( 8588): [VERBOSE1:btm_ble_gap.cc(1923)] btm_ble_process_ext_adv_pkt: bda=07:5a:b0:04:f2:ba
09-01 14:25:17.672 V/bt_stack( 8588): [VERBOSE1:btm_ble_gap.cc(1847)] btm_ble_process_adv_addr: bda=07:5a:b0:04:f2:ba
09-01 14:25:17.674 D/BluetoothUtils( 8588): blockedByLocationOff callingUid=1002
09-01 14:25:17.675 I/BluetoothUtils( 8588): packagename is android.uid.bluetooth:1002 ,and its permission is false
09-01 14:25:17.675 D/BluetoothUtils( 8588): blockedByLocationOff callingUid=1002
09-01 14:25:17.675 I/BluetoothUtils( 8588): packagename is android.uid.bluetooth:1002 ,and its permission is false
09-01 14:25:17.675 D/BluetoothUtils( 8588): blockedByLocationOff callingUid=1002
09-01 14:25:17.676 I/BluetoothUtils( 8588): packagename is android.uid.bluetooth:1002 ,and its permission is false
09-01 14:25:17.678 V/bt_stack( 8588): [VERBOSE1:btm_ble_gap.cc(1923)] btm_ble_process_ext_adv_pkt: bda=77:70:e9:20:dc:cd
09-01 14:25:17.678 V/bt_stack( 8588): [VERBOSE1:btm_ble_gap.cc(1847)] btm_ble_process_adv_addr: bda=77:70:e9:20:dc:cd
09-01 14:25:17.679 V/bt_stack( 8588): [VERBOSE1:btm_ble_gap.cc(1923)] btm_ble_process_ext_adv_pkt: bda=24:49:6a:9c:39:02
