09-01 14:25:19.237 D/[Koin]  ( 4088): +- get 'com.huami.training.db.TrainingDb'
09-01 14:25:19.237 D/[Koin]  ( 4088): +- got 'com.huami.training.db.TrainingDb' in 0.001354 ms
09-01 14:25:19.237 D/[Koin]  ( 4088): +- get 'com.huami.training.O000000o.O000OO0o'
09-01 14:25:19.237 D/[Koin]  ( 4088): +- got 'com.huami.training.O000000o.O000OO0o' in 0.001355 ms
09-01 14:25:19.237 I/BluetoothUtils( 8588): packagename is android.uid.bluetooth:1002 ,and its permission is false
09-01 14:25:19.237 D/[Koin]  ( 4088): +- get 'com.huami.training.O0000OOo.O000OO0o'
09-01 14:25:19.237 D/[Koin]  ( 4088): +- got 'com.huami.training.O0000OOo.O000OO0o' in 0.001354 ms
09-01 14:25:19.237 D/[Koin]  ( 4088): +- get 'com.huami.training.O0000o00.O00000o0'
09-01 14:25:19.237 D/BluetoothUtils( 8588): blockedByLocationOff callingUid=1002
09-01 14:25:19.237 D/[Koin]  ( 4088): +- got 'com.huami.training.O0000o00.O00000o0' in 0.001407 ms
09-01 14:25:19.237 D/[Koin]  ( 4088): +- got 'com.huami.training.O0000o0.O000o000' in 0.178072 ms
09-01 14:25:19.237 D/[Koin]  ( 4088): +- get 'com.huami.training.O0000o0.O000000o'
09-01 14:25:19.237 D/[Koin]  ( 4088): | create instance for [type:Factory,primary_type:'com.huami.training.O0000o0.O000000o']
09-01 14:25:19.237 D/[Koin]  ( 4088): +- get 'com.huami.training.O0000OOo.O000000o'
09-01 14:25:19.237 D/[Koin]  ( 4088): +- got 'com.huami.training.O0000OOo.O000000o' in 0.001927 ms
09-01 14:25:19.237 D/[Koin]  ( 4088): +- get 'com.huami.training.O0000Oo.O000000o'
09-01 14:25:19.237 D/[Koin]  ( 4088): +- got 'com.huami.training.O0000Oo.O000000o' in 0.00125 ms
09-01 14:25:19.237 D/[Koin]  ( 4088): +- get 'com.huami.training.db.TrainingDb'
09-01 14:25:19.237 D/[Koin]  ( 4088): +- got 'com.huami.training.db.TrainingDb' in 0.00151 ms
09-01 14:25:19.237 D/[Koin]  ( 4088): +- get 'com.huami.training.O000000o.O000OO0o'
09-01 14:25:19.237 D/[Koin]  ( 4088): +- got 'com.huami.training.O000000o.O000OO0o' in 0.00125 ms
09-01 14:25:19.237 I/BluetoothUtils( 8588): packagename is android.uid.bluetooth:1002 ,and its permission is false
09-01 14:25:19.237 D/[Koin]  ( 4088): +- get 'com.huami.training.O0000o0O.O00000Oo'
09-01 14:25:19.237 D/[Koin]  ( 4088): +- got 'com.huami.training.O0000o0O.O00000Oo' in 0.001145 ms
09-01 14:25:19.237 D/[Koin]  ( 4088): +- got 'com.huami.training.O0000o0.O000000o' in 0.20177 ms
09-01 14:25:19.237 D/[Koin]  ( 4088): +- got 'com.huami.training.ui.course.O0000o0' in 0.54974 ms
09-01 14:25:19.237 D/[Koin]  ( 4088): +- get 'com.huami.training.ui.course.O0000o0'
09-01 14:25:19.237 D/[Koin]  ( 4088): | create instance for [type:Factory,primary_type:'com.huami.training.ui.course.O0000o0']
09-01 14:25:19.237 V/bt_stack( 8588): [VERBOSE1:btm_ble_gap.cc(1923)] btm_ble_process_ext_adv_pkt: bda=0c:1a:06:0e:96:57
09-01 14:25:19.237 D/[Koin]  ( 4088): +- get 'com.huami.training.O0000o0.O000o000'
09-01 14:25:19.237 D/[Koin]  ( 4088): | create instance for [type:Factory,primary_type:'com.huami.training.O0000o0.O000o000']
09-01 14:25:19.237 D/[Koin]  ( 4088): +- get 'com.huami.training.O0000Oo.O000000o'
09-01 14:25:19.237 V/bt_stack( 8588): [VERBOSE1:btm_ble_gap.cc(1847)] btm_ble_process_adv_addr: bda=0c:1a:06:0e:96:57
09-01 14:25:19.237 D/[Koin]  ( 4088): +- got 'com.huami.training.O0000Oo.O000000o' in 0.001354 ms
09-01 14:25:19.237 D/[Koin]  ( 4088): +- get 'com.huami.training.db.TrainingDb'
09-01 14:25:19.237 D/[Koin]  ( 4088): +- got 'com.huami.training.db.TrainingDb' in 0.001302 ms
09-01 14:25:19.237 D/[Koin]  ( 4088): +- get 'com.huami.training.O000000o.O000OO0o'
09-01 14:25:19.237 D/[Koin]  ( 4088): +- got 'com.huami.training.O000000o.O000OO0o' in 0.00125 ms
09-01 14:25:19.238 D/[Koin]  ( 4088): +- get 'com.huami.training.O0000OOo.O000OO0o'
09-01 14:25:19.238 D/[Koin]  ( 4088): +- got 'com.huami.training.O0000OOo.O000OO0o' in 0.00125 ms
09-01 14:25:19.238 D/[Koin]  ( 4088): +- get 'com.huami.training.O0000o00.O00000o0'
09-01 14:25:19.238 D/[Koin]  ( 4088): +- got 'com.huami.training.O0000o00.O00000o0' in 0.004218 ms
09-01 14:25:19.238 D/[Koin]  ( 4088): +- got 'com.huami.training.O0000o0.O000o000' in 0.168959 ms
09-01 14:25:19.238 D/[Koin]  ( 4088): +- get 'com.huami.training.O0000o0.O000000o'
09-01 14:25:19.238 D/[Koin]  ( 4088): | create instance for [type:Factory,primary_type:'com.huami.training.O0000o0.O000000o']
09-01 14:25:19.238 D/[Koin]  ( 4088): +- get 'com.huami.training.O0000OOo.O000000o'
09-01 14:25:19.238 D/[Koin]  ( 4088): +- got 'com.huami.training.O0000OOo.O000000o' in 0.001875 ms
09-01 14:25:19.238 D/[Koin]  ( 4088): +- get 'com.huami.training.O0000Oo.O000000o'
09-01 14:25:19.238 D/[Koin]  ( 4088): +- got 'com.huami.training.O0000Oo.O000000o' in 0.001198 ms
09-01 14:25:19.238 D/[Koin]  ( 4088): +- get 'com.huami.training.db.TrainingDb'
09-01 14:25:19.238 D/[Koin]  ( 4088): +- got 'com.huami.training.db.TrainingDb' in 0.00125 ms
09-01 14:25:19.238 D/[Koin]  ( 4088): +- get 'com.huami.training.O000000o.O000OO0o'
09-01 14:25:19.238 D/[Koin]  ( 4088): +- got 'com.huami.training.O000000o.O000OO0o' in 0.001146 ms
09-01 14:25:19.238 D/[Koin]  ( 4088): +- get 'com.huami.training.O0000o0O.O00000Oo'
09-01 14:25:19.238 D/[Koin]  ( 4088): +- got 'com.huami.training.O0000o0O.O00000Oo' in 0.00125 ms
09-01 14:25:19.238 D/[Koin]  ( 4088): +- got 'com.huami.training.O0000o0.O000000o' in 0.166041 ms
09-01 14:25:19.238 D/[Koin]  ( 4088): +- got 'com.huami.training.ui.course.O0000o0' in 0.479635 ms
09-01 14:25:19.238 D/BluetoothUtils( 8588): blockedByLocationOff callingUid=1002
09-01 14:25:19.238 I/BluetoothUtils( 8588): packagename is android.uid.bluetooth:1002 ,and its permission is false
09-01 14:25:19.238 D/BluetoothUtils( 8588): blockedByLocationOff callingUid=1002
09-01 14:25:19.239 I/BluetoothUtils( 8588): packagename is android.uid.bluetooth:1002 ,and its permission is false
09-01 14:25:19.239 D/BluetoothUtils( 8588): blockedByLocationOff callingUid=1002
09-01 14:25:19.239 I/BluetoothUtils( 8588): packagename is android.uid.bluetooth:1002 ,and its permission is false
09-01 14:25:19.244 D/[Koin]  ( 4088): +- get 'com.huami.training.ui.course.O0000O0o'
09-01 14:25:19.244 D/[Koin]  ( 4088): | create instance for [type:Factory,primary_type:'com.huami.training.ui.course.O0000O0o']
09-01 14:25:19.244 D/[Koin]  ( 4088): +- got 'com.huami.training.ui.course.O0000O0o' in 0.034532 ms
09-01 14:25:19.252 D/[Koin]  ( 4088): +- get 'com.huami.training.ui.course.O0000O0o'
09-01 14:25:19.252 D/[Koin]  ( 4088): | create instance for [type:Factory,primary_type:'com.huami.training.ui.course.O0000O0o']
09-01 14:25:19.252 D/[Koin]  ( 4088): +- got 'com.huami.training.ui.course.O0000O0o' in 0.047395 ms
09-01 14:25:19.254 V/bt_stack( 8588): [VERBOSE1:btm_ble_gap.cc(1923)] btm_ble_process_ext_adv_pkt: bda=75:55:30:69:5d:bf
09-01 14:25:19.254 V/bt_stack( 8588): [VERBOSE1:btm_ble_gap.cc(1847)] btm_ble_process_adv_addr: bda=75:55:30:69:5d:bf
09-01 14:25:19.254 V/bt_stack( 8588): [VERBOSE1:btm_ble_gap.cc(2052)]  Waiting for scan response 75:55:30:69:5d:bf
09-01 14:25:19.255 V/bt_stack( 8588): [VERBOSE1:btm_ble_gap.cc(1923)] btm_ble_process_ext_adv_pkt: bda=10:42:5e:92:d4:eb
09-01 14:25:19.255 V/bt_stack( 8588): [VERBOSE1:btm_ble_gap.cc(1847)] btm_ble_process_adv_addr: bda=10:42:5e:92:d4:eb
09-01 14:25:19.255 D/BluetoothUtils( 8588): blockedByLocationOff callingUid=1002
09-01 14:25:19.256 I/BluetoothUtils( 8588): packagename is android.uid.bluetooth:1002 ,and its permission is false
09-01 14:25:19.256 D/BluetoothUtils( 8588): blockedByLocationOff callingUid=1002
09-01 14:25:19.256 I/BluetoothUtils( 8588): packagename is android.uid.bluetooth:1002 ,and its permission is false
09-01 14:25:19.256 D/BluetoothUtils( 8588): blockedByLocationOff callingUid=1002
09-01 14:25:19.256 I/BluetoothUtils( 8588): packagename is android.uid.bluetooth:1002 ,and its permission is false
09-01 14:25:19.257 V/bt_stack( 8588): [VERBOSE1:btm_ble_gap.cc(1923)] btm_ble_process_ext_adv_pkt: bda=11:82:f5:89:45:91
09-01 14:25:19.257 V/bt_stack( 8588): [VERBOSE1:btm_ble_gap.cc(1847)] btm_ble_process_adv_addr: bda=11:82:f5:89:45:91
09-01 14:25:19.257 D/[Koin]  ( 4088): +- get 'com.huami.training.ui.course.O0000O0o'
09-01 14:25:19.258 D/[Koin]  ( 4088): | create instance for [type:Factory,primary_type:'com.huami.training.ui.course.O0000O0o']
09-01 14:25:19.258 D/[Koin]  ( 4088): +- got 'com.huami.training.ui.course.O0000O0o' in 0.047448 ms
09-01 14:25:19.258 D/BluetoothUtils( 8588): blockedByLocationOff callingUid=1002
09-01 14:25:19.258 I/BluetoothUtils( 8588): packagename is android.uid.bluetooth:1002 ,and its permission is false
09-01 14:25:19.258 D/BluetoothUtils( 8588): blockedByLocationOff callingUid=1002
09-01 14:25:19.259 I/BluetoothUtils( 8588): packagename is android.uid.bluetooth:1002 ,and its permission is false
09-01 14:25:19.259 D/BluetoothUtils( 8588): blockedByLocationOff callingUid=1002
09-01 14:25:19.259 I/BluetoothUtils( 8588): packagename is android.uid.bluetooth:1002 ,and its permission is false
09-01 14:25:19.263 V/bt_stack( 8588): [VERBOSE1:btm_ble_gap.cc(1923)] btm_ble_process_ext_adv_pkt: bda=2a:99:8c:12:d1:b1
09-01 14:25:19.263 V/bt_stack( 8588): [VERBOSE1:btm_ble_gap.cc(1847)] btm_ble_process_adv_addr: bda=2a:99:8c:12:d1:b1
09-01 14:25:19.263 D/[Koin]  ( 4088): +- get 'com.huami.training.ui.course.O0000O0o'
09-01 14:25:19.263 D/[Koin]  ( 4088): | create instance for [type:Factory,primary_type:'com.huami.training.ui.course.O0000O0o']
09-01 14:25:19.263 D/[Koin]  ( 4088): +- got 'com.huami.training.ui.course.O0000O0o' in 0.043594 ms
09-01 14:25:19.264 D/BluetoothUtils( 8588): blockedByLocationOff callingUid=1002
09-01 14:25:19.264 I/BluetoothUtils( 8588): packagename is android.uid.bluetooth:1002 ,and its permission is false
09-01 14:25:19.264 D/BluetoothUtils( 8588): blockedByLocationOff callingUid=1002
09-01 14:25:19.265 I/BluetoothUtils( 8588): packagename is android.uid.bluetooth:1002 ,and its permission is false
09-01 14:25:19.265 D/BluetoothUtils( 8588): blockedByLocationOff callingUid=1002
09-01 14:25:19.265 I/BluetoothUtils( 8588): packagename is android.uid.bluetooth:1002 ,and its permission is false
09-01 14:25:19.269 D/[Koin]  ( 4088): +- get 'com.huami.training.ui.course.O0000O0o'
09-01 14:25:19.269 D/[Koin]  ( 4088): | create instance for [type:Factory,primary_type:'com.huami.training.ui.course.O0000O0o']
09-01 14:25:19.270 D/[Koin]  ( 4088): +- got 'com.huami.training.ui.course.O0000O0o' in 0.038646 ms
09-01 14:25:19.274 V/bt_stack( 8588): [VERBOSE1:btm_ble_gap.cc(1923)] btm_ble_process_ext_adv_pkt: bda=d3:ce:19:45:b1:77
09-01 14:25:19.275 V/bt_stack( 8588): [VERBOSE1:btm_ble_gap.cc(1847)] btm_ble_process_adv_addr: bda=d3:ce:19:45:b1:77
09-01 14:25:19.275 V/bt_stack( 8588): [VERBOSE1:btm_ble_gap.cc(2052)]  Waiting for scan response d3:ce:19:45:b1:77
09-01 14:25:19.282 I/Timeline( 1639): Timeline: App_transition_ready time:211085299
09-01 14:25:19.283 V/bt_stack( 8588): [VERBOSE1:btm_ble_gap.cc(1923)] btm_ble_process_ext_adv_pkt: bda=6e:3b:40:73:ff:b3
09-01 14:25:19.283 V/bt_stack( 8588): [VERBOSE1:btm_ble_gap.cc(1847)] btm_ble_process_adv_addr: bda=6e:3b:40:73:ff:b3
09-01 14:25:19.283 V/bt_stack( 8588): [VERBOSE1:btm_ble_gap.cc(2052)]  Waiting for scan response 6e:3b:40:73:ff:b3
09-01 14:25:19.283 V/bt_stack( 8588): [VERBOSE1:btm_ble_gap.cc(1923)] btm_ble_process_ext_adv_pkt: bda=12:1c:38:cd:04:e8
09-01 14:25:19.283 V/bt_stack( 8588): [VERBOSE1:btm_ble_gap.cc(1847)] btm_ble_process_adv_addr: bda=12:1c:38:cd:04:e8
09-01 14:25:19.283 I/Timeline( 1639): Timeline: App_transition_ready time:211085300
09-01 14:25:19.283 D/WindowManager( 1639): Input focus has changed to Window{340956d u0 com.xiaomi.hm.health/com.huami.training.ui.course.TrainingFilterListActivity}
09-01 14:25:19.284 D/BluetoothUtils( 8588): blockedByLocationOff callingUid=1002
09-01 14:25:19.284 I/BluetoothUtils( 8588): packagename is android.uid.bluetooth:1002 ,and its permission is false
09-01 14:25:19.284 D/BluetoothUtils( 8588): blockedByLocationOff callingUid=1002
09-01 14:25:19.284 I/BluetoothUtils( 8588): packagename is android.uid.bluetooth:1002 ,and its permission is false
09-01 14:25:19.285 D/BluetoothUtils( 8588): blockedByLocationOff callingUid=1002
09-01 14:25:19.285 I/BluetoothUtils( 8588): packagename is android.uid.bluetooth:1002 ,and its permission is false
09-01 14:25:19.296 V/bt_stack( 8588): [VERBOSE1:btm_ble_gap.cc(1923)] btm_ble_process_ext_adv_pkt: bda=0a:29:89:b7:c8:4a
09-01 14:25:19.296 V/bt_stack( 8588): [VERBOSE1:btm_ble_gap.cc(1847)] btm_ble_process_adv_addr: bda=0a:29:89:b7:c8:4a
09-01 14:25:19.296 V/bt_stack( 8588): [VERBOSE1:btm_ble_gap.cc(1923)] btm_ble_process_ext_adv_pkt: bda=59:bb:67:f0:94:3c
09-01 14:25:19.296 V/bt_stack( 8588): [VERBOSE1:btm_ble_gap.cc(1847)] btm_ble_process_adv_addr: bda=59:bb:67:f0:94:3c
09-01 14:25:19.296 V/bt_stack( 8588): [VERBOSE1:btm_ble_gap.cc(1923)] btm_ble_process_ext_adv_pkt: bda=70:33:97:a2:2a:78
09-01 14:25:19.296 V/bt_stack( 8588): [VERBOSE1:btm_ble_gap.cc(1847)] btm_ble_process_adv_addr: bda=70:33:97:a2:2a:78
09-01 14:25:19.296 V/bt_stack( 8588): [VERBOSE1:btm_ble_gap.cc(2052)]  Waiting for scan response 70:33:97:a2:2a:78
09-01 14:25:19.296 V/bt_stack( 8588): [VERBOSE1:btm_ble_gap.cc(1923)] btm_ble_process_ext_adv_pkt: bda=70:33:97:a2:2a:78
09-01 14:25:19.296 V/bt_stack( 8588): [VERBOSE1:btm_ble_gap.cc(1847)] btm_ble_process_adv_addr: bda=70:33:97:a2:2a:78
09-01 14:25:19.296 D/BluetoothUtils( 8588): blockedByLocationOff callingUid=1002
09-01 14:25:19.297 I/BluetoothUtils( 8588): packagename is android.uid.bluetooth:1002 ,and its permission is false
09-01 14:25:19.297 D/BluetoothUtils( 8588): blockedByLocationOff callingUid=1002
09-01 14:25:19.297 I/BluetoothUtils( 8588): packagename is android.uid.bluetooth:1002 ,and its permission is false
09-01 14:25:19.297 D/BluetoothUtils( 8588): blockedByLocationOff callingUid=1002
09-01 14:25:19.297 I/BluetoothUtils( 8588): packagename is android.uid.bluetooth:1002 ,and its permission is false
09-01 14:25:19.298 D/BluetoothUtils( 8588): blockedByLocationOff callingUid=1002
09-01 14:25:19.298 I/BluetoothUtils( 8588): packagename is android.uid.bluetooth:1002 ,and its permission is false
09-01 14:25:19.298 D/BluetoothUtils( 8588): blockedByLocationOff callingUid=1002
09-01 14:25:19.299 I/BluetoothUtils( 8588): packagename is android.uid.bluetooth:1002 ,and its permission is false
09-01 14:25:19.299 D/BluetoothUtils( 8588): blockedByLocationOff callingUid=1002
09-01 14:25:19.299 I/BluetoothUtils( 8588): packagename is android.uid.bluetooth:1002 ,and its permission is false
09-01 14:25:19.299 D/BluetoothUtils( 8588): blockedByLocationOff callingUid=1002
09-01 14:25:19.300 I/BluetoothUtils( 8588): packagename is android.uid.bluetooth:1002 ,and its permission is false
09-01 14:25:19.300 D/BluetoothUtils( 8588): blockedByLocationOff callingUid=1002
09-01 14:25:19.300 I/BluetoothUtils( 8588): packagename is android.uid.bluetooth:1002 ,and its permission is false
09-01 14:25:19.300 D/BluetoothUtils( 8588): blockedByLocationOff callingUid=1002
09-01 14:25:19.300 I/BluetoothUtils( 8588): packagename is android.uid.bluetooth:1002 ,and its permission is false
09-01 14:25:19.301 V/bt_stack( 8588): [VERBOSE1:btm_ble_gap.cc(1923)] btm_ble_process_ext_adv_pkt: bda=30:b8:83:fe:c9:1f
09-01 14:25:19.301 V/bt_stack( 8588): [VERBOSE1:btm_ble_gap.cc(1847)] btm_ble_process_adv_addr: bda=30:b8:83:fe:c9:1f
09-01 14:25:19.301 V/bt_stack( 8588): [VERBOSE1:btm_ble_gap.cc(1923)] btm_ble_process_ext_adv_pkt: bda=2f:3a:5d:02:04:9c
09-01 14:25:19.301 V/bt_stack( 8588): [VERBOSE1:btm_ble_gap.cc(1847)] btm_ble_process_adv_addr: bda=2f:3a:5d:02:04:9c
09-01 14:25:19.302 D/BluetoothUtils( 8588): blockedByLocationOff callingUid=1002
09-01 14:25:19.302 I/BluetoothUtils( 8588): packagename is android.uid.bluetooth:1002 ,and its permission is false
09-01 14:25:19.302 D/BluetoothUtils( 8588): blockedByLocationOff callingUid=1002
09-01 14:25:19.302 I/BluetoothUtils( 8588): packagename is android.uid.bluetooth:1002 ,and its permission is false
09-01 14:25:19.302 D/BluetoothUtils( 8588): blockedByLocationOff callingUid=1002
09-01 14:25:19.302 I/BluetoothUtils( 8588): packagename is android.uid.bluetooth:1002 ,and its permission is false
09-01 14:25:19.303 D/BluetoothUtils( 8588): blockedByLocationOff callingUid=1002
09-01 14:25:19.303 I/BluetoothUtils( 8588): packagename is android.uid.bluetooth:1002 ,and its permission is false
09-01 14:25:19.303 D/BluetoothUtils( 8588): blockedByLocationOff callingUid=1002
09-01 14:25:19.304 I/BluetoothUtils( 8588): packagename is android.uid.bluetooth:1002 ,and its permission is false
09-01 14:25:19.304 D/BluetoothUtils( 8588): blockedByLocationOff callingUid=1002
09-01 14:25:19.304 I/BluetoothUtils( 8588): packagename is android.uid.bluetooth:1002 ,and its permission is false
09-01 14:25:19.307 I/Timeline( 1639): Timeline: App_transition_ready time:211085324
09-01 14:25:19.313 I/ActivityTaskManager( 1639): Displayed com.xiaomi.hm.health/com.huami.training.ui.course.TrainingFilterListActivity: +133ms
09-01 14:25:19.318 V/bt_stack( 8588): [VERBOSE1:btm_ble_gap.cc(1923)] btm_ble_process_ext_adv_pkt: bda=35:08:67:20:13:25
09-01 14:25:19.318 V/bt_stack( 8588): [VERBOSE1:btm_ble_gap.cc(1847)] btm_ble_process_adv_addr: bda=35:08:67:20:13:25
09-01 14:25:19.319 D/BluetoothUtils( 8588): blockedByLocationOff callingUid=1002
09-01 14:25:19.319 I/BluetoothUtils( 8588): packagename is android.uid.bluetooth:1002 ,and its permission is false
09-01 14:25:19.319 D/BluetoothUtils( 8588): blockedByLocationOff callingUid=1002
09-01 14:25:19.319 I/BluetoothUtils( 8588): packagename is android.uid.bluetooth:1002 ,and its permission is false
09-01 14:25:19.319 D/BluetoothUtils( 8588): blockedByLocationOff callingUid=1002
09-01 14:25:19.319 I/BluetoothUtils( 8588): packagename is android.uid.bluetooth:1002 ,and its permission is false
09-01 14:25:19.326 V/bt_stack( 8588): [VERBOSE1:btm_ble_gap.cc(1923)] btm_ble_process_ext_adv_pkt: bda=55:f3:e0:9e:46:e1
09-01 14:25:19.326 V/bt_stack( 8588): [VERBOSE1:btm_ble_gap.cc(1847)] btm_ble_process_adv_addr: bda=55:f3:e0:9e:46:e1
09-01 14:25:19.326 V/bt_stack( 8588): [VERBOSE1:btm_ble_gap.cc(2052)]  Waiting for scan response 55:f3:e0:9e:46:e1
09-01 14:25:19.326 V/bt_stack( 8588): [VERBOSE1:btm_ble_gap.cc(1923)] btm_ble_process_ext_adv_pkt: bda=2e:17:70:f9:0b:48
09-01 14:25:19.326 V/bt_stack( 8588): [VERBOSE1:btm_ble_gap.cc(1847)] btm_ble_process_adv_addr: bda=2e:17:70:f9:0b:48
09-01 14:25:19.327 D/BluetoothUtils( 8588): blockedByLocationOff callingUid=1002
09-01 14:25:19.327 I/BluetoothUtils( 8588): packagename is android.uid.bluetooth:1002 ,and its permission is false
09-01 14:25:19.327 D/BluetoothUtils( 8588): blockedByLocationOff callingUid=1002
09-01 14:25:19.327 I/BluetoothUtils( 8588): packagename is android.uid.bluetooth:1002 ,and its permission is false
09-01 14:25:19.327 D/BluetoothUtils( 8588): blockedByLocationOff callingUid=1002
09-01 14:25:19.327 I/BluetoothUtils( 8588): packagename is android.uid.bluetooth:1002 ,and its permission is false
09-01 14:25:19.334 V/bt_stack( 8588): [VERBOSE1:btm_ble_gap.cc(1923)] btm_ble_process_ext_adv_pkt: bda=d5:fe:ca:e3:d1:ce
09-01 14:25:19.334 V/bt_stack( 8588): [VERBOSE1:btm_ble_gap.cc(1847)] btm_ble_process_adv_addr: bda=d5:fe:ca:e3:d1:ce
09-01 14:25:19.334 V/bt_stack( 8588): [VERBOSE1:btm_ble_gap.cc(2052)]  Waiting for scan response d5:fe:ca:e3:d1:ce
09-01 14:25:19.335 V/bt_stack( 8588): [VERBOSE1:btm_ble_gap.cc(1923)] btm_ble_process_ext_adv_pkt: bda=71:d8:ac:89:39:0d
09-01 14:25:19.335 V/bt_stack( 8588): [VERBOSE1:btm_ble_gap.cc(1847)] btm_ble_process_adv_addr: bda=71:d8:ac:89:39:0d
09-01 14:25:19.335 V/bt_stack( 8588): [VERBOSE1:btm_ble_gap.cc(2052)]  Waiting for scan response 71:d8:ac:89:39:0d
09-01 14:25:19.335 V/bt_stack( 8588): [VERBOSE1:btm_ble_gap.cc(1923)] btm_ble_process_ext_adv_pkt: bda=71:d8:ac:89:39:0d
09-01 14:25:19.335 V/bt_stack( 8588): [VERBOSE1:btm_ble_gap.cc(1847)] btm_ble_process_adv_addr: bda=71:d8:ac:89:39:0d
09-01 14:25:19.336 D/BluetoothUtils( 8588): blockedByLocationOff callingUid=1002
09-01 14:25:19.336 I/BluetoothUtils( 8588): packagename is android.uid.bluetooth:1002 ,and its permission is false
09-01 14:25:19.336 D/BluetoothUtils( 8588): blockedByLocationOff callingUid=1002
09-01 14:25:19.336 I/BluetoothUtils( 8588): packagename is android.uid.bluetooth:1002 ,and its permission is false
09-01 14:25:19.336 D/BluetoothUtils( 8588): blockedByLocationOff callingUid=1002
09-01 14:25:19.337 I/BluetoothUtils( 8588): packagename is android.uid.bluetooth:1002 ,and its permission is false
09-01 14:25:19.342 V/bt_stack( 8588): [VERBOSE1:btm_ble_gap.cc(1923)] btm_ble_process_ext_adv_pkt: bda=4d:fc:af:c2:b2:22
09-01 14:25:19.342 V/bt_stack( 8588): [VERBOSE1:btm_ble_gap.cc(1847)] btm_ble_process_adv_addr: bda=4d:fc:af:c2:b2:22
09-01 14:25:19.342 V/bt_stack( 8588): [VERBOSE1:btm_ble_gap.cc(2052)]  Waiting for scan response 4d:fc:af:c2:b2:22
09-01 14:25:19.342 V/bt_stack( 8588): [VERBOSE1:btm_ble_gap.cc(1923)] btm_ble_process_ext_adv_pkt: bda=4d:fc:af:c2:b2:22
09-01 14:25:19.342 V/bt_stack( 8588): [VERBOSE1:btm_ble_gap.cc(1847)] btm_ble_process_adv_addr: bda=4d:fc:af:c2:b2:22
09-01 14:25:19.343 D/BluetoothUtils( 8588): blockedByLocationOff callingUid=1002
09-01 14:25:19.343 I/BluetoothUtils( 8588): packagename is android.uid.bluetooth:1002 ,and its permission is false
09-01 14:25:19.343 D/BluetoothUtils( 8588): blockedByLocationOff callingUid=1002
09-01 14:25:19.344 I/BluetoothUtils( 8588): packagename is android.uid.bluetooth:1002 ,and its permission is false
09-01 14:25:19.344 D/BluetoothUtils( 8588): blockedByLocationOff callingUid=1002
09-01 14:25:19.344 I/BluetoothUtils( 8588): packagename is android.uid.bluetooth:1002 ,and its permission is false
09-01 14:25:19.345 V/bt_stack( 8588): [VERBOSE1:btm_ble_gap.cc(1923)] btm_ble_process_ext_adv_pkt: bda=0c:1a:06:0e:96:57
09-01 14:25:19.345 W/RecentsModel( 7676): onTaskStackChangedBackground: start loading
09-01 14:25:19.345 V/bt_stack( 8588): [VERBOSE1:btm_ble_gap.cc(1847)] btm_ble_process_adv_addr: bda=0c:1a:06:0e:96:57
09-01 14:25:19.345 W/RecentsModel( 7676): getTaskInfoIgnoreHomeAndSplit   taskInfo=ComponentInfo{com.xiaomi.hm.health/com.xiaomi.hm.health.activity.MainTabActivity}
09-01 14:25:19.346 W/RecentsModel( 7676): getTaskInfoIgnoreHomeAndFreeform   taskInfo=ComponentInfo{com.xiaomi.hm.health/com.xiaomi.hm.health.activity.MainTabActivity}
09-01 14:25:19.346 D/BluetoothUtils( 8588): blockedByLocationOff callingUid=1002
09-01 14:25:19.346 W/RecentsModel( 7676): getTaskInfoIgnoreFreeform   taskInfo=ComponentInfo{com.xiaomi.hm.health/com.xiaomi.hm.health.activity.MainTabActivity}
09-01 14:25:19.346 W/RecentsModel( 7676): onTaskStackChangedBackground: finishLoading loading
09-01 14:25:19.347 I/BluetoothUtils( 8588): packagename is android.uid.bluetooth:1002 ,and its permission is false
09-01 14:25:19.347 D/BluetoothUtils( 8588): blockedByLocationOff callingUid=1002
09-01 14:25:19.347 I/BluetoothUtils( 8588): packagename is android.uid.bluetooth:1002 ,and its permission is false
09-01 14:25:19.347 D/BluetoothUtils( 8588): blockedByLocationOff callingUid=1002
09-01 14:25:19.347 I/BluetoothUtils( 8588): packagename is android.uid.bluetooth:1002 ,and its permission is false
09-01 14:25:19.362 I/SplashScreenServiceDelegate( 1639): None for com.xiaomi.hm.health
09-01 14:25:19.371 V/bt_stack( 8588): [VERBOSE1:btm_ble_gap.cc(1923)] btm_ble_process_ext_adv_pkt: bda=46:60:09:cb:cf:ec
09-01 14:25:19.371 V/bt_stack( 8588): [VERBOSE1:btm_ble_gap.cc(1847)] btm_ble_process_adv_addr: bda=46:60:09:cb:cf:ec
09-01 14:25:19.371 V/bt_stack( 8588): [VERBOSE1:btm_ble_gap.cc(2052)]  Waiting for scan response 46:60:09:cb:cf:ec
09-01 14:25:19.372 V/bt_stack( 8588): [VERBOSE1:btm_ble_gap.cc(1923)] btm_ble_process_ext_adv_pkt: bda=59:b2:14:05:95:91
09-01 14:25:19.372 V/bt_stack( 8588): [VERBOSE1:btm_ble_gap.cc(1847)] btm_ble_process_adv_addr: bda=59:b2:14:05:95:91
09-01 14:25:19.372 V/bt_stack( 8588): [VERBOSE1:btm_ble_gap.cc(2052)]  Waiting for scan response 59:b2:14:05:95:91
09-01 14:25:19.372 V/bt_stack( 8588): [VERBOSE1:btm_ble_gap.cc(1923)] btm_ble_process_ext_adv_pkt: bda=59:b2:14:05:95:91
09-01 14:25:19.372 V/bt_stack( 8588): [VERBOSE1:btm_ble_gap.cc(1847)] btm_ble_process_adv_addr: bda=59:b2:14:05:95:91
09-01 14:25:19.373 D/BluetoothUtils( 8588): blockedByLocationOff callingUid=1002
09-01 14:25:19.373 I/BluetoothUtils( 8588): packagename is android.uid.bluetooth:1002 ,and its permission is false
09-01 14:25:19.373 D/BluetoothUtils( 8588): blockedByLocationOff callingUid=1002
09-01 14:25:19.373 I/BluetoothUtils( 8588): packagename is android.uid.bluetooth:1002 ,and its permission is false
09-01 14:25:19.373 D/BluetoothUtils( 8588): blockedByLocationOff callingUid=1002
09-01 14:25:19.374 I/BluetoothUtils( 8588): packagename is android.uid.bluetooth:1002 ,and its permission is false
09-01 14:25:19.390 V/bt_stack( 8588): [VERBOSE1:btm_ble_gap.cc(1923)] btm_ble_process_ext_adv_pkt: bda=0a:29:89:b7:c8:4a
09-01 14:25:19.390 V/bt_stack( 8588): [VERBOSE1:btm_ble_gap.cc(1847)] btm_ble_process_adv_addr: bda=0a:29:89:b7:c8:4a
09-01 14:25:19.391 D/BluetoothUtils( 8588): blockedByLocationOff callingUid=1002
09-01 14:25:19.391 I/BluetoothUtils( 8588): packagename is android.uid.bluetooth:1002 ,and its permission is false
09-01 14:25:19.391 D/BluetoothUtils( 8588): blockedByLocationOff callingUid=1002
09-01 14:25:19.392 I/BluetoothUtils( 8588): packagename is android.uid.bluetooth:1002 ,and its permission is false
09-01 14:25:19.392 D/BluetoothUtils( 8588): blockedByLocationOff callingUid=1002
09-01 14:25:19.392 I/BluetoothUtils( 8588): packagename is android.uid.bluetooth:1002 ,and its permission is false
09-01 14:25:19.392 V/bt_stack( 8588): [VERBOSE1:btm_ble_gap.cc(1923)] btm_ble_process_ext_adv_pkt: bda=30:b8:83:fe:c9:1f
09-01 14:25:19.392 V/bt_stack( 8588): [VERBOSE1:btm_ble_gap.cc(1847)] btm_ble_process_adv_addr: bda=30:b8:83:fe:c9:1f
09-01 14:25:19.393 D/BluetoothUtils( 8588): blockedByLocationOff callingUid=1002
09-01 14:25:19.393 I/BluetoothUtils( 8588): packagename is android.uid.bluetooth:1002 ,and its permission is false
09-01 14:25:19.394 D/BluetoothUtils( 8588): blockedByLocationOff callingUid=1002
09-01 14:25:19.394 I/BluetoothUtils( 8588): packagename is android.uid.bluetooth:1002 ,and its permission is false
09-01 14:25:19.394 D/BluetoothUtils( 8588): blockedByLocationOff callingUid=1002
09-01 14:25:19.394 I/BluetoothUtils( 8588): packagename is android.uid.bluetooth:1002 ,and its permission is false
09-01 14:25:19.407 V/bt_stack( 8588): [VERBOSE1:btm_ble_gap.cc(1923)] btm_ble_process_ext_adv_pkt: bda=5d:4a:e1:72:21:47
09-01 14:25:19.407 V/bt_stack( 8588): [VERBOSE1:btm_ble_gap.cc(1847)] btm_ble_process_adv_addr: bda=5d:4a:e1:72:21:47
09-01 14:25:19.407 V/bt_stack( 8588): [VERBOSE1:btm_ble_gap.cc(2052)]  Waiting for scan response 5d:4a:e1:72:21:47
09-01 14:25:19.407 V/bt_stack( 8588): [VERBOSE1:btm_ble_gap.cc(1923)] btm_ble_process_ext_adv_pkt: bda=2f:3a:5d:02:04:9c
09-01 14:25:19.407 V/bt_stack( 8588): [VERBOSE1:btm_ble_gap.cc(1847)] btm_ble_process_adv_addr: bda=2f:3a:5d:02:04:9c
09-01 14:25:19.408 D/BluetoothUtils( 8588): blockedByLocationOff callingUid=1002
09-01 14:25:19.408 I/BluetoothUtils( 8588): packagename is android.uid.bluetooth:1002 ,and its permission is false
09-01 14:25:19.408 D/BluetoothUtils( 8588): blockedByLocationOff callingUid=1002
09-01 14:25:19.408 V/bt_stack( 8588): [VERBOSE1:btm_ble_gap.cc(1923)] btm_ble_process_ext_adv_pkt: bda=00:b8:42:bc:b8:71
09-01 14:25:19.408 I/BluetoothUtils( 8588): packagename is android.uid.bluetooth:1002 ,and its permission is false
09-01 14:25:19.408 V/bt_stack( 8588): [VERBOSE1:btm_ble_gap.cc(1847)] btm_ble_process_adv_addr: bda=00:b8:42:bc:b8:71
09-01 14:25:19.408 D/BluetoothUtils( 8588): blockedByLocationOff callingUid=1002
09-01 14:25:19.409 I/BluetoothUtils( 8588): packagename is android.uid.bluetooth:1002 ,and its permission is false
09-01 14:25:19.409 D/BluetoothUtils( 8588): blockedByLocationOff callingUid=1002
09-01 14:25:19.409 I/BluetoothUtils( 8588): packagename is android.uid.bluetooth:1002 ,and its permission is false
09-01 14:25:19.409 D/BluetoothUtils( 8588): blockedByLocationOff callingUid=1002
09-01 14:25:19.410 I/BluetoothUtils( 8588): packagename is android.uid.bluetooth:1002 ,and its permission is false
09-01 14:25:19.410 D/BluetoothUtils( 8588): blockedByLocationOff callingUid=1002
09-01 14:25:19.410 I/BluetoothUtils( 8588): packagename is android.uid.bluetooth:1002 ,and its permission is false
09-01 14:25:19.412 V/bt_stack( 8588): [VERBOSE1:btm_ble_gap.cc(1923)] btm_ble_process_ext_adv_pkt: bda=67:ec:83:7e:42:50
09-01 14:25:19.412 V/bt_stack( 8588): [VERBOSE1:btm_ble_gap.cc(1847)] btm_ble_process_adv_addr: bda=67:ec:83:7e:42:50
09-01 14:25:19.412 V/bt_stack( 8588): [VERBOSE1:btm_ble_gap.cc(2052)]  Waiting for scan response 67:ec:83:7e:42:50
09-01 14:25:19.412 V/bt_stack( 8588): [VERBOSE1:btm_ble_gap.cc(1923)] btm_ble_process_ext_adv_pkt: bda=67:ec:83:7e:42:50
09-01 14:25:19.412 V/bt_stack( 8588): [VERBOSE1:btm_ble_gap.cc(1847)] btm_ble_process_adv_addr: bda=67:ec:83:7e:42:50
09-01 14:25:19.413 D/BluetoothUtils( 8588): blockedByLocationOff callingUid=1002
09-01 14:25:19.413 I/BluetoothUtils( 8588): packagename is android.uid.bluetooth:1002 ,and its permission is false
09-01 14:25:19.413 D/BluetoothUtils( 8588): blockedByLocationOff callingUid=1002
09-01 14:25:19.414 I/BluetoothUtils( 8588): packagename is android.uid.bluetooth:1002 ,and its permission is false
09-01 14:25:19.414 D/BluetoothUtils( 8588): blockedByLocationOff callingUid=1002
09-01 14:25:19.414 I/BluetoothUtils( 8588): packagename is android.uid.bluetooth:1002 ,and its permission is false
09-01 14:25:19.417 V/bt_stack( 8588): [VERBOSE1:btm_ble_gap.cc(1923)] btm_ble_process_ext_adv_pkt: bda=45:55:7e:66:6f:d0
09-01 14:25:19.417 V/bt_stack( 8588): [VERBOSE1:btm_ble_gap.cc(1847)] btm_ble_process_adv_addr: bda=45:55:7e:66:6f:d0
09-01 14:25:19.418 V/bt_stack( 8588): [VERBOSE1:btm_ble_gap.cc(2052)]  Waiting for scan response 45:55:7e:66:6f:d0
09-01 14:25:19.418 V/bt_stack( 8588): [VERBOSE1:btm_ble_gap.cc(1923)] btm_ble_process_ext_adv_pkt: bda=45:55:7e:66:6f:d0
09-01 14:25:19.418 V/bt_stack( 8588): [VERBOSE1:btm_ble_gap.cc(1847)] btm_ble_process_adv_addr: bda=45:55:7e:66:6f:d0
09-01 14:25:19.418 D/BluetoothUtils( 8588): blockedByLocationOff callingUid=1002
09-01 14:25:19.419 I/BluetoothUtils( 8588): packagename is android.uid.bluetooth:1002 ,and its permission is false
09-01 14:25:19.419 D/BluetoothUtils( 8588): blockedByLocationOff callingUid=1002
09-01 14:25:19.419 V/bt_stack( 8588): [VERBOSE1:btm_ble_gap.cc(1923)] btm_ble_process_ext_adv_pkt: bda=35:08:67:20:13:25
09-01 14:25:19.419 V/bt_stack( 8588): [VERBOSE1:btm_ble_gap.cc(1847)] btm_ble_process_adv_addr: bda=35:08:67:20:13:25
09-01 14:25:19.419 I/BluetoothUtils( 8588): packagename is android.uid.bluetooth:1002 ,and its permission is false
09-01 14:25:19.419 D/BluetoothUtils( 8588): blockedByLocationOff callingUid=1002
09-01 14:25:19.419 I/BluetoothUtils( 8588): packagename is android.uid.bluetooth:1002 ,and its permission is false
09-01 14:25:19.420 D/BluetoothUtils( 8588): blockedByLocationOff callingUid=1002
09-01 14:25:19.420 I/BluetoothUtils( 8588): packagename is android.uid.bluetooth:1002 ,and its permission is false
09-01 14:25:19.420 D/BluetoothUtils( 8588): blockedByLocationOff callingUid=1002
09-01 14:25:19.420 I/BluetoothUtils( 8588): packagename is android.uid.bluetooth:1002 ,and its permission is false
09-01 14:25:19.420 D/BluetoothUtils( 8588): blockedByLocationOff callingUid=1002
09-01 14:25:19.421 I/BluetoothUtils( 8588): packagename is android.uid.bluetooth:1002 ,and its permission is false
09-01 14:25:19.424 V/bt_stack( 8588): [VERBOSE1:btm_ble_gap.cc(1923)] btm_ble_process_ext_adv_pkt: bda=4a:e5:35:f9:94:df
09-01 14:25:19.424 V/bt_stack( 8588): [VERBOSE1:btm_ble_gap.cc(1847)] btm_ble_process_adv_addr: bda=4a:e5:35:f9:94:df
09-01 14:25:19.424 V/bt_stack( 8588): [VERBOSE1:btm_ble_gap.cc(2052)]  Waiting for scan response 4a:e5:35:f9:94:df
09-01 14:25:19.424 V/bt_stack( 8588): [VERBOSE1:btm_ble_gap.cc(1923)] btm_ble_process_ext_adv_pkt: bda=36:c9:49:a0:b6:9d
09-01 14:25:19.424 V/bt_stack( 8588): [VERBOSE1:btm_ble_gap.cc(1847)] btm_ble_process_adv_addr: bda=36:c9:49:a0:b6:9d
09-01 14:25:19.425 D/BluetoothUtils( 8588): blockedByLocationOff callingUid=1002
09-01 14:25:19.425 I/BluetoothUtils( 8588): packagename is android.uid.bluetooth:1002 ,and its permission is false
09-01 14:25:19.425 D/BluetoothUtils( 8588): blockedByLocationOff callingUid=1002
09-01 14:25:19.426 I/BluetoothUtils( 8588): packagename is android.uid.bluetooth:1002 ,and its permission is false
09-01 14:25:19.426 D/BluetoothUtils( 8588): blockedByLocationOff callingUid=1002
09-01 14:25:19.426 I/BluetoothUtils( 8588): packagename is android.uid.bluetooth:1002 ,and its permission is false
09-01 14:25:19.427 V/bt_stack( 8588): [VERBOSE1:btm_ble_gap.cc(1923)] btm_ble_process_ext_adv_pkt: bda=79:e0:45:bf:09:c7
09-01 14:25:19.427 V/bt_stack( 8588): [VERBOSE1:btm_ble_gap.cc(1847)] btm_ble_process_adv_addr: bda=79:e0:45:bf:09:c7
09-01 14:25:19.428 D/BluetoothUtils( 8588): blockedByLocationOff callingUid=1002
09-01 14:25:19.428 I/BluetoothUtils( 8588): packagename is android.uid.bluetooth:1002 ,and its permission is false
09-01 14:25:19.428 D/BluetoothUtils( 8588): blockedByLocationOff callingUid=1002
09-01 14:25:19.429 W/System  ( 7676): A resource failed to call close. 
09-01 14:25:19.429 I/BluetoothUtils( 8588): packagename is android.uid.bluetooth:1002 ,and its permission is false
09-01 14:25:19.429 W/System  ( 7676): A resource failed to call close. 
09-01 14:25:19.429 D/BluetoothUtils( 8588): blockedByLocationOff callingUid=1002
09-01 14:25:19.429 W/System  ( 7676): A resource failed to call close. 
09-01 14:25:19.429 W/System  ( 7676): A resource failed to call close. 
09-01 14:25:19.429 I/BluetoothUtils( 8588): packagename is android.uid.bluetooth:1002 ,and its permission is false
09-01 14:25:19.429 W/System  ( 7676): A resource failed to call close. 
09-01 14:25:19.429 I/chatty  ( 7676): uid=10090(com.miui.home) FinalizerDaemon identical 1 line
09-01 14:25:19.429 W/System  ( 7676): A resource failed to call close. 
09-01 14:25:19.436 V/bt_stack( 8588): [VERBOSE1:btm_ble_gap.cc(1923)] btm_ble_process_ext_adv_pkt: bda=07:88:7e:66:14:b3
09-01 14:25:19.436 V/bt_stack( 8588): [VERBOSE1:btm_ble_gap.cc(1847)] btm_ble_process_adv_addr: bda=07:88:7e:66:14:b3
09-01 14:25:19.436 V/bt_stack( 8588): [VERBOSE1:btm_ble_gap.cc(1923)] btm_ble_process_ext_adv_pkt: bda=77:70:e9:20:dc:cd
09-01 14:25:19.436 D/BluetoothUtils( 8588): blockedByLocationOff callingUid=1002
09-01 14:25:19.436 V/bt_stack( 8588): [VERBOSE1:btm_ble_gap.cc(1847)] btm_ble_process_adv_addr: bda=77:70:e9:20:dc:cd
09-01 14:25:19.437 I/BluetoothUtils( 8588): packagename is android.uid.bluetooth:1002 ,and its permission is false
09-01 14:25:19.437 D/BluetoothUtils( 8588): blockedByLocationOff callingUid=1002
09-01 14:25:19.437 I/BluetoothUtils( 8588): packagename is android.uid.bluetooth:1002 ,and its permission is false
09-01 14:25:19.437 D/BluetoothUtils( 8588): blockedByLocationOff callingUid=1002
09-01 14:25:19.437 I/BluetoothUtils( 8588): packagename is android.uid.bluetooth:1002 ,and its permission is false
09-01 14:25:19.438 D/BluetoothUtils( 8588): blockedByLocationOff callingUid=1002
09-01 14:25:19.438 I/BluetoothUtils( 8588): packagename is android.uid.bluetooth:1002 ,and its permission is false
09-01 14:25:19.438 D/BluetoothUtils( 8588): blockedByLocationOff callingUid=1002
09-01 14:25:19.438 I/BluetoothUtils( 8588): packagename is android.uid.bluetooth:1002 ,and its permission is false
09-01 14:25:19.438 D/BluetoothUtils( 8588): blockedByLocationOff callingUid=1002
09-01 14:25:19.438 I/BluetoothUtils( 8588): packagename is android.uid.bluetooth:1002 ,and its permission is false
09-01 14:25:19.451 V/bt_stack( 8588): [VERBOSE1:btm_ble_gap.cc(1923)] btm_ble_process_ext_adv_pkt: bda=0c:1a:06:0e:96:57
09-01 14:25:19.451 V/bt_stack( 8588): [VERBOSE1:btm_ble_gap.cc(1847)] btm_ble_process_adv_addr: bda=0c:1a:06:0e:96:57
09-01 14:25:19.452 D/BluetoothUtils( 8588): blockedByLocationOff callingUid=1002
09-01 14:25:19.452 I/BluetoothUtils( 8588): packagename is android.uid.bluetooth:1002 ,and its permission is false
09-01 14:25:19.452 D/BluetoothUtils( 8588): blockedByLocationOff callingUid=1002
09-01 14:25:19.453 I/BluetoothUtils( 8588): packagename is android.uid.bluetooth:1002 ,and its permission is false
09-01 14:25:19.453 D/BluetoothUtils( 8588): blockedByLocationOff callingUid=1002
09-01 14:25:19.453 I/BluetoothUtils( 8588): packagename is android.uid.bluetooth:1002 ,and its permission is false
09-01 14:25:19.464 V/bt_stack( 8588): [VERBOSE1:btm_ble_gap.cc(1923)] btm_ble_process_ext_adv_pkt: bda=d0:07:00:36:00:1a
09-01 14:25:19.464 V/bt_stack( 8588): [VERBOSE1:btm_ble_gap.cc(1847)] btm_ble_process_adv_addr: bda=d0:07:00:36:00:1a
09-01 14:25:19.464 V/bt_stack( 8588): [VERBOSE1:btm_ble_gap.cc(2052)]  Waiting for scan response d0:07:00:36:00:1a
09-01 14:25:19.464 V/bt_stack( 8588): [VERBOSE1:btm_ble_gap.cc(1923)] btm_ble_process_ext_adv_pkt: bda=11:82:f5:89:45:91
09-01 14:25:19.464 V/bt_stack( 8588): [VERBOSE1:btm_ble_gap.cc(1847)] btm_ble_process_adv_addr: bda=11:82:f5:89:45:91
09-01 14:25:19.464 D/BluetoothUtils( 8588): blockedByLocationOff callingUid=1002
09-01 14:25:19.465 I/BluetoothUtils( 8588): packagename is android.uid.bluetooth:1002 ,and its permission is false
09-01 14:25:19.465 D/BluetoothUtils( 8588): blockedByLocationOff callingUid=1002
09-01 14:25:19.465 I/BluetoothUtils( 8588): packagename is android.uid.bluetooth:1002 ,and its permission is false
09-01 14:25:19.465 D/BluetoothUtils( 8588): blockedByLocationOff callingUid=1002
09-01 14:25:19.465 I/BluetoothUtils( 8588): packagename is android.uid.bluetooth:1002 ,and its permission is false
09-01 14:25:19.468 V/bt_stack( 8588): [VERBOSE1:btm_ble_gap.cc(1923)] btm_ble_process_ext_adv_pkt: bda=c3:d4:f4:e3:11:ec
09-01 14:25:19.468 V/bt_stack( 8588): [VERBOSE1:btm_ble_gap.cc(1847)] btm_ble_process_adv_addr: bda=c3:d4:f4:e3:11:ec
09-01 14:25:19.469 V/bt_stack( 8588): [VERBOSE1:btm_ble_gap.cc(2052)]  Waiting for scan response c3:d4:f4:e3:11:ec
09-01 14:25:19.469 V/bt_stack( 8588): [VERBOSE1:btm_ble_gap.cc(1923)] btm_ble_process_ext_adv_pkt: bda=c3:d4:f4:e3:11:ec
09-01 14:25:19.469 V/bt_stack( 8588): [VERBOSE1:btm_ble_gap.cc(1847)] btm_ble_process_adv_addr: bda=c3:d4:f4:e3:11:ec
09-01 14:25:19.469 D/BluetoothUtils( 8588): blockedByLocationOff callingUid=1002
09-01 14:25:19.470 I/BluetoothUtils( 8588): packagename is android.uid.bluetooth:1002 ,and its permission is false
09-01 14:25:19.470 D/BluetoothUtils( 8588): blockedByLocationOff callingUid=1002
09-01 14:25:19.470 V/bt_stack( 8588): [VERBOSE1:btm_ble_gap.cc(1923)] btm_ble_process_ext_adv_pkt: bda=1e:a8:1e:1b:55:36
09-01 14:25:19.470 V/bt_stack( 8588): [VERBOSE1:btm_ble_gap.cc(1847)] btm_ble_process_adv_addr: bda=1e:a8:1e:1b:55:36
09-01 14:25:19.470 I/BluetoothUtils( 8588): packagename is android.uid.bluetooth:1002 ,and its permission is false
09-01 14:25:19.470 D/BluetoothUtils( 8588): blockedByLocationOff callingUid=1002
09-01 14:25:19.470 I/BluetoothUtils( 8588): packagename is android.uid.bluetooth:1002 ,and its permission is false
09-01 14:25:19.471 D/BluetoothUtils( 8588): blockedByLocationOff callingUid=1002
09-01 14:25:19.471 I/BluetoothUtils( 8588): packagename is android.uid.bluetooth:1002 ,and its permission is false
09-01 14:25:19.471 D/BluetoothUtils( 8588): blockedByLocationOff callingUid=1002
09-01 14:25:19.471 I/BluetoothUtils( 8588): packagename is android.uid.bluetooth:1002 ,and its permission is false
09-01 14:25:19.471 D/BluetoothUtils( 8588): blockedByLocationOff callingUid=1002
09-01 14:25:19.471 I/BluetoothUtils( 8588): packagename is android.uid.bluetooth:1002 ,and its permission is false
09-01 14:25:19.490 V/bt_stack( 8588): [VERBOSE1:btm_ble_gap.cc(1923)] btm_ble_process_ext_adv_pkt: bda=4b:2f:6d:75:86:77
09-01 14:25:19.490 V/bt_stack( 8588): [VERBOSE1:btm_ble_gap.cc(1847)] btm_ble_process_adv_addr: bda=4b:2f:6d:75:86:77
09-01 14:25:19.490 V/bt_stack( 8588): [VERBOSE1:btm_ble_gap.cc(2052)]  Waiting for scan response 4b:2f:6d:75:86:77
09-01 14:25:19.490 V/bt_stack( 8588): [VERBOSE1:btm_ble_gap.cc(1923)] btm_ble_process_ext_adv_pkt: bda=12:1c:38:cd:04:e8
09-01 14:25:19.490 V/bt_stack( 8588): [VERBOSE1:btm_ble_gap.cc(1847)] btm_ble_process_adv_addr: bda=12:1c:38:cd:04:e8
09-01 14:25:19.491 D/BluetoothUtils( 8588): blockedByLocationOff callingUid=1002
09-01 14:25:19.491 I/BluetoothUtils( 8588): packagename is android.uid.bluetooth:1002 ,and its permission is false
09-01 14:25:19.491 D/BluetoothUtils( 8588): blockedByLocationOff callingUid=1002
09-01 14:25:19.491 I/BluetoothUtils( 8588): packagename is android.uid.bluetooth:1002 ,and its permission is false
09-01 14:25:19.491 D/BluetoothUtils( 8588): blockedByLocationOff callingUid=1002
09-01 14:25:19.492 I/BluetoothUtils( 8588): packagename is android.uid.bluetooth:1002 ,and its permission is false
09-01 14:25:19.492 V/bt_stack( 8588): [VERBOSE1:btm_ble_gap.cc(1923)] btm_ble_process_ext_adv_pkt: bda=24:49:6a:9c:39:02
09-01 14:25:19.493 V/bt_stack( 8588): [VERBOSE1:btm_ble_gap.cc(1847)] btm_ble_process_adv_addr: bda=24:49:6a:9c:39:02
09-01 14:25:19.493 D/BluetoothUtils( 8588): blockedByLocationOff callingUid=1002
09-01 14:25:19.493 I/BluetoothUtils( 8588): packagename is android.uid.bluetooth:1002 ,and its permission is false
09-01 14:25:19.493 D/BluetoothUtils( 8588): blockedByLocationOff callingUid=1002
09-01 14:25:19.494 I/BluetoothUtils( 8588): packagename is android.uid.bluetooth:1002 ,and its permission is false
09-01 14:25:19.494 D/BluetoothUtils( 8588): blockedByLocationOff callingUid=1002
09-01 14:25:19.494 I/BluetoothUtils( 8588): packagename is android.uid.bluetooth:1002 ,and its permission is false
09-01 14:25:19.495 V/bt_stack( 8588): [VERBOSE1:btm_ble_gap.cc(1923)] btm_ble_process_ext_adv_pkt: bda=7a:57:24:41:08:b2
09-01 14:25:19.496 V/bt_stack( 8588): [VERBOSE1:btm_ble_gap.cc(1847)] btm_ble_process_adv_addr: bda=7a:57:24:41:08:b2
09-01 14:25:19.496 V/bt_stack( 8588): [VERBOSE1:btm_ble_gap.cc(2052)]  Waiting for scan response 7a:57:24:41:08:b2
09-01 14:25:19.498 V/bt_stack( 8588): [VERBOSE1:btm_ble_gap.cc(1923)] btm_ble_process_ext_adv_pkt: bda=db:10:f5:c4:2c:b0
09-01 14:25:19.498 V/bt_stack( 8588): [VERBOSE1:btm_ble_gap.cc(1847)] btm_ble_process_adv_addr: bda=db:10:f5:c4:2c:b0
09-01 14:25:19.498 V/bt_stack( 8588): [VERBOSE1:btm_ble_gap.cc(2052)]  Waiting for scan response db:10:f5:c4:2c:b0
09-01 14:25:19.498 V/bt_stack( 8588): [VERBOSE1:btm_ble_gap.cc(1923)] btm_ble_process_ext_adv_pkt: bda=db:10:f5:c4:2c:b0
09-01 14:25:19.498 V/bt_stack( 8588): [VERBOSE1:btm_ble_gap.cc(1847)] btm_ble_process_adv_addr: bda=db:10:f5:c4:2c:b0
09-01 14:25:19.499 D/BluetoothUtils( 8588): blockedByLocationOff callingUid=1002
09-01 14:25:19.499 I/BluetoothUtils( 8588): packagename is android.uid.bluetooth:1002 ,and its permission is false
09-01 14:25:19.499 D/BluetoothUtils( 8588): blockedByLocationOff callingUid=1002
09-01 14:25:19.500 I/BluetoothUtils( 8588): packagename is android.uid.bluetooth:1002 ,and its permission is false
09-01 14:25:19.500 D/BluetoothUtils( 8588): blockedByLocationOff callingUid=1002
09-01 14:25:19.500 I/BluetoothUtils( 8588): packagename is android.uid.bluetooth:1002 ,and its permission is false
09-01 14:25:19.524 V/bt_stack( 8588): [VERBOSE1:btm_ble_gap.cc(1923)] btm_ble_process_ext_adv_pkt: bda=75:55:30:69:5d:bf
09-01 14:25:19.524 V/bt_stack( 8588): [VERBOSE1:btm_ble_gap.cc(1847)] btm_ble_process_adv_addr: bda=75:55:30:69:5d:bf
09-01 14:25:19.524 V/bt_stack( 8588): [VERBOSE1:btm_ble_gap.cc(2052)]  Waiting for scan response 75:55:30:69:5d:bf
09-01 14:25:19.525 V/bt_stack( 8588): [VERBOSE1:btm_ble_gap.cc(1923)] btm_ble_process_ext_adv_pkt: bda=48:14:81:f8:b8:84
09-01 14:25:19.525 V/bt_stack( 8588): [VERBOSE1:btm_ble_gap.cc(1847)] btm_ble_process_adv_addr: bda=48:14:81:f8:b8:84
09-01 14:25:19.525 V/bt_stack( 8588): [VERBOSE1:btm_ble_gap.cc(2052)]  Waiting for scan response 48:14:81:f8:b8:84
09-01 14:25:19.525 V/bt_stack( 8588): [VERBOSE1:btm_ble_gap.cc(1923)] btm_ble_process_ext_adv_pkt: bda=48:14:81:f8:b8:84
09-01 14:25:19.525 V/bt_stack( 8588): [VERBOSE1:btm_ble_gap.cc(1847)] btm_ble_process_adv_addr: bda=48:14:81:f8:b8:84
09-01 14:25:19.526 D/BluetoothUtils( 8588): blockedByLocationOff callingUid=1002
09-01 14:25:19.526 I/BluetoothUtils( 8588): packagename is android.uid.bluetooth:1002 ,and its permission is false
09-01 14:25:19.526 D/BluetoothUtils( 8588): blockedByLocationOff callingUid=1002
09-01 14:25:19.526 I/BluetoothUtils( 8588): packagename is android.uid.bluetooth:1002 ,and its permission is false
09-01 14:25:19.527 D/BluetoothUtils( 8588): blockedByLocationOff callingUid=1002
09-01 14:25:19.527 I/BluetoothUtils( 8588): packagename is android.uid.bluetooth:1002 ,and its permission is false
09-01 14:25:19.528 V/bt_stack( 8588): [VERBOSE1:btm_ble_gap.cc(1923)] btm_ble_process_ext_adv_pkt: bda=36:c9:49:a0:b6:9d
09-01 14:25:19.528 V/bt_stack( 8588): [VERBOSE1:btm_ble_gap.cc(1847)] btm_ble_process_adv_addr: bda=36:c9:49:a0:b6:9d
09-01 14:25:19.528 D/BluetoothUtils( 8588): blockedByLocationOff callingUid=1002
09-01 14:25:19.528 I/BluetoothUtils( 8588): packagename is android.uid.bluetooth:1002 ,and its permission is false
09-01 14:25:19.529 D/BluetoothUtils( 8588): blockedByLocationOff callingUid=1002
09-01 14:25:19.529 I/BluetoothUtils( 8588): packagename is android.uid.bluetooth:1002 ,and its permission is false
09-01 14:25:19.529 D/BluetoothUtils( 8588): blockedByLocationOff callingUid=1002
09-01 14:25:19.529 I/BluetoothUtils( 8588): packagename is android.uid.bluetooth:1002 ,and its permission is false
09-01 14:25:19.537 V/bt_stack( 8588): [VERBOSE1:btm_ble_gap.cc(1923)] btm_ble_process_ext_adv_pkt: bda=07:5a:b0:04:f2:ba
09-01 14:25:19.537 V/bt_stack( 8588): [VERBOSE1:btm_ble_gap.cc(1847)] btm_ble_process_adv_addr: bda=07:5a:b0:04:f2:ba
09-01 14:25:19.538 D/BluetoothUtils( 8588): blockedByLocationOff callingUid=1002
09-01 14:25:19.538 I/BluetoothUtils( 8588): packagename is android.uid.bluetooth:1002 ,and its permission is false
09-01 14:25:19.538 D/BluetoothUtils( 8588): blockedByLocationOff callingUid=1002
09-01 14:25:19.538 I/BluetoothUtils( 8588): packagename is android.uid.bluetooth:1002 ,and its permission is false
09-01 14:25:19.538 D/BluetoothUtils( 8588): blockedByLocationOff callingUid=1002
09-01 14:25:19.539 I/BluetoothUtils( 8588): packagename is android.uid.bluetooth:1002 ,and its permission is false
09-01 14:25:19.539 V/bt_stack( 8588): [VERBOSE1:btm_ble_gap.cc(1923)] btm_ble_process_ext_adv_pkt: bda=77:70:e9:20:dc:cd
09-01 14:25:19.539 V/bt_stack( 8588): [VERBOSE1:btm_ble_gap.cc(1847)] btm_ble_process_adv_addr: bda=77:70:e9:20:dc:cd
09-01 14:25:19.540 D/BluetoothUtils( 8588): blockedByLocationOff callingUid=1002
09-01 14:25:19.540 I/BluetoothUtils( 8588): packagename is android.uid.bluetooth:1002 ,and its permission is false
09-01 14:25:19.540 D/BluetoothUtils( 8588): blockedByLocationOff callingUid=1002
09-01 14:25:19.540 I/BluetoothUtils( 8588): packagename is android.uid.bluetooth:1002 ,and its permission is false
09-01 14:25:19.540 D/BluetoothUtils( 8588): blockedByLocationOff callingUid=1002
09-01 14:25:19.541 I/BluetoothUtils( 8588): packagename is android.uid.bluetooth:1002 ,and its permission is false
09-01 14:25:19.541 V/bt_stack( 8588): [VERBOSE1:btm_ble_gap.cc(1923)] btm_ble_process_ext_adv_pkt: bda=07:88:7e:66:14:b3
09-01 14:25:19.541 V/bt_stack( 8588): [VERBOSE1:btm_ble_gap.cc(1847)] btm_ble_process_adv_addr: bda=07:88:7e:66:14:b3
09-01 14:25:19.542 D/BluetoothUtils( 8588): blockedByLocationOff callingUid=1002
09-01 14:25:19.542 I/BluetoothUtils( 8588): packagename is android.uid.bluetooth:1002 ,and its permission is false
09-01 14:25:19.542 D/BluetoothUtils( 8588): blockedByLocationOff callingUid=1002
09-01 14:25:19.542 I/BluetoothUtils( 8588): packagename is android.uid.bluetooth:1002 ,and its permission is false
09-01 14:25:19.542 D/BluetoothUtils( 8588): blockedByLocationOff callingUid=1002
09-01 14:25:19.542 I/BluetoothUtils( 8588): packagename is android.uid.bluetooth:1002 ,and its permission is false
09-01 14:25:19.552 V/bt_stack( 8588): [VERBOSE1:btm_ble_gap.cc(1923)] btm_ble_process_ext_adv_pkt: bda=33:55:74:83:d5:3a
09-01 14:25:19.552 V/bt_stack( 8588): [VERBOSE1:btm_ble_gap.cc(1847)] btm_ble_process_adv_addr: bda=33:55:74:83:d5:3a
09-01 14:25:19.552 D/BluetoothUtils( 8588): blockedByLocationOff callingUid=1002
09-01 14:25:19.553 I/BluetoothUtils( 8588): packagename is android.uid.bluetooth:1002 ,and its permission is false
09-01 14:25:19.553 D/BluetoothUtils( 8588): blockedByLocationOff callingUid=1002
09-01 14:25:19.553 I/BluetoothUtils( 8588): packagename is android.uid.bluetooth:1002 ,and its permission is false
09-01 14:25:19.553 D/BluetoothUtils( 8588): blockedByLocationOff callingUid=1002
09-01 14:25:19.553 I/BluetoothUtils( 8588): packagename is android.uid.bluetooth:1002 ,and its permission is false
09-01 14:25:19.556 V/bt_stack( 8588): [VERBOSE1:btm_ble_gap.cc(1923)] btm_ble_process_ext_adv_pkt: bda=0c:1a:06:0e:96:57
09-01 14:25:19.556 V/bt_stack( 8588): [VERBOSE1:btm_ble_gap.cc(1847)] btm_ble_process_adv_addr: bda=0c:1a:06:0e:96:57
09-01 14:25:19.557 D/BluetoothUtils( 8588): blockedByLocationOff callingUid=1002
09-01 14:25:19.557 I/BluetoothUtils( 8588): packagename is android.uid.bluetooth:1002 ,and its permission is false
09-01 14:25:19.557 D/BluetoothUtils( 8588): blockedByLocationOff callingUid=1002
09-01 14:25:19.557 I/BluetoothUtils( 8588): packagename is android.uid.bluetooth:1002 ,and its permission is false
09-01 14:25:19.557 D/BluetoothUtils( 8588): blockedByLocationOff callingUid=1002
09-01 14:25:19.558 I/BluetoothUtils( 8588): packagename is android.uid.bluetooth:1002 ,and its permission is false
